2025-08-24T20:58:13.8777712Z Current runner version: '2.328.0'
2025-08-24T20:58:13.8801625Z ##[group]Runner Image Provisioner
2025-08-24T20:58:13.8802935Z Hosted Compute Agent
2025-08-24T20:58:13.8803729Z Version: 20250821.380
2025-08-24T20:58:13.8804360Z Commit: 438d12cb4fe092871db9867344e3bc0bc5319035
2025-08-24T20:58:13.8805427Z Build Date: 2025-08-21T20:49:43Z
2025-08-24T20:58:13.8805988Z ##[endgroup]
2025-08-24T20:58:13.8806491Z ##[group]Operating System
2025-08-24T20:58:13.8807111Z Ubuntu
2025-08-24T20:58:13.8807588Z 24.04.2
2025-08-24T20:58:13.8808015Z LTS
2025-08-24T20:58:13.8808620Z ##[endgroup]
2025-08-24T20:58:13.8809104Z ##[group]Runner Image
2025-08-24T20:58:13.8809606Z Image: ubuntu-24.04
2025-08-24T20:58:13.8810146Z Version: 20250818.1.0
2025-08-24T20:58:13.8811095Z Included Software: https://github.com/actions/runner-images/blob/ubuntu24/20250818.1/images/ubuntu/Ubuntu2404-Readme.md
2025-08-24T20:58:13.8812668Z Image Release: https://github.com/actions/runner-images/releases/tag/ubuntu24%2F20250818.1
2025-08-24T20:58:13.8813610Z ##[endgroup]
2025-08-24T20:58:13.8816435Z ##[group]GITHUB_TOKEN Permissions
2025-08-24T20:58:13.8818809Z Actions: write
2025-08-24T20:58:13.8819337Z Attestations: write
2025-08-24T20:58:13.8819871Z Checks: write
2025-08-24T20:58:13.8820363Z Contents: write
2025-08-24T20:58:13.8820816Z Deployments: write
2025-08-24T20:58:13.8821362Z Discussions: write
2025-08-24T20:58:13.8821857Z Issues: write
2025-08-24T20:58:13.8822326Z Metadata: read
2025-08-24T20:58:13.8822751Z Models: read
2025-08-24T20:58:13.8823289Z Packages: write
2025-08-24T20:58:13.8823750Z Pages: write
2025-08-24T20:58:13.8824224Z PullRequests: write
2025-08-24T20:58:13.8824997Z RepositoryProjects: write
2025-08-24T20:58:13.8825515Z SecurityEvents: write
2025-08-24T20:58:13.8826092Z Statuses: write
2025-08-24T20:58:13.8826614Z ##[endgroup]
2025-08-24T20:58:13.8828623Z Secret source: Actions
2025-08-24T20:58:13.8829635Z Prepare workflow directory
2025-08-24T20:58:13.9259105Z Prepare all required actions
2025-08-24T20:58:13.9296745Z Getting action download info
2025-08-24T20:58:14.2456741Z Download action repository 'actions/checkout@v5' (SHA:08c6903cd8c0fde910a37f88322edcfb5dd907a8)
2025-08-24T20:58:14.3169608Z Download action repository 'actions/setup-python@v5' (SHA:a26af69be951a213d495a4c3e4e4022e16d87065)
2025-08-24T20:58:14.4022727Z Download action repository 'actions/cache@v4' (SHA:0400d5f644dc74513175e3cd8d07132dd4860809)
2025-08-24T20:58:14.4982005Z Download action repository 'actions/setup-node@v4' (SHA:49933ea5288caeca8642d1e84afbd3f7d6820020)
2025-08-24T20:58:14.5853569Z Download action repository 'codecov/codecov-action@v5' (SHA:fdcc8476540edceab3de004e990f80d881c6cc00)
2025-08-24T20:58:14.8756204Z Getting action download info
2025-08-24T20:58:14.9705807Z Download action repository 'actions/github-script@60a0d83039c74a4aee543508d2ffcb1c3799cdea' (SHA:60a0d83039c74a4aee543508d2ffcb1c3799cdea)
2025-08-24T20:58:15.2360009Z Complete job name: test
2025-08-24T20:58:15.2926472Z ##[group]Checking docker version
2025-08-24T20:58:15.2939160Z ##[command]/usr/bin/docker version --format '{{.Server.APIVersion}}'
2025-08-24T20:58:15.3340595Z '1.48'
2025-08-24T20:58:15.3352308Z Docker daemon API version: '1.48'
2025-08-24T20:58:15.3352895Z ##[command]/usr/bin/docker version --format '{{.Client.APIVersion}}'
2025-08-24T20:58:15.3505984Z '1.48'
2025-08-24T20:58:15.3519002Z Docker client API version: '1.48'
2025-08-24T20:58:15.3524473Z ##[endgroup]
2025-08-24T20:58:15.3527641Z ##[group]Clean up resources from previous jobs
2025-08-24T20:58:15.3532846Z ##[command]/usr/bin/docker ps --all --quiet --no-trunc --filter "label=1b7c4d"
2025-08-24T20:58:15.3665751Z ##[command]/usr/bin/docker network prune --force --filter "label=1b7c4d"
2025-08-24T20:58:15.3788101Z ##[endgroup]
2025-08-24T20:58:15.3788494Z ##[group]Create local container network
2025-08-24T20:58:15.3798294Z ##[command]/usr/bin/docker network create --label 1b7c4d github_network_d71ab6bd3f0e4e49a4d2f81ec29e976b
2025-08-24T20:58:15.4283941Z e909ee8fbabc84d1830fe612b0f18fbd5402d31a699a1af540a7639421176b23
2025-08-24T20:58:15.4302338Z ##[endgroup]
2025-08-24T20:58:15.4326056Z ##[group]Starting postgres service container
2025-08-24T20:58:15.4344000Z ##[command]/usr/bin/docker pull postgres:15
2025-08-24T20:58:15.7009273Z 15: Pulling from library/postgres
2025-08-24T20:58:15.7625106Z 396b1da7636e: Pulling fs layer
2025-08-24T20:58:15.7626097Z fca2566eba32: Pulling fs layer
2025-08-24T20:58:15.7626933Z 631fe8c6d606: Pulling fs layer
2025-08-24T20:58:15.7627513Z 77c7671c4414: Pulling fs layer
2025-08-24T20:58:15.7628237Z 2d9e29180a27: Pulling fs layer
2025-08-24T20:58:15.7628956Z c6bcc2c9a041: Pulling fs layer
2025-08-24T20:58:15.7629675Z ac4b721eb66f: Pulling fs layer
2025-08-24T20:58:15.7630480Z 606bd164980e: Pulling fs layer
2025-08-24T20:58:15.7630975Z f5dfd246bc6e: Pulling fs layer
2025-08-24T20:58:15.7631454Z ba7036bb0a60: Pulling fs layer
2025-08-24T20:58:15.7631921Z 799f859abbbd: Pulling fs layer
2025-08-24T20:58:15.7632421Z d903e777080c: Pulling fs layer
2025-08-24T20:58:15.7632947Z 04adcb462801: Pulling fs layer
2025-08-24T20:58:15.7633432Z 5c10925b29ff: Pulling fs layer
2025-08-24T20:58:15.7633904Z f5dfd246bc6e: Waiting
2025-08-24T20:58:15.7634314Z 77c7671c4414: Waiting
2025-08-24T20:58:15.7634895Z 2d9e29180a27: Waiting
2025-08-24T20:58:15.7635205Z ba7036bb0a60: Waiting
2025-08-24T20:58:15.7635506Z c6bcc2c9a041: Waiting
2025-08-24T20:58:15.7635807Z 799f859abbbd: Waiting
2025-08-24T20:58:15.7636099Z 04adcb462801: Waiting
2025-08-24T20:58:15.7636389Z ac4b721eb66f: Waiting
2025-08-24T20:58:15.7636671Z 5c10925b29ff: Waiting
2025-08-24T20:58:15.7636958Z 606bd164980e: Waiting
2025-08-24T20:58:15.7637239Z d903e777080c: Waiting
2025-08-24T20:58:15.8631457Z fca2566eba32: Verifying Checksum
2025-08-24T20:58:15.8632091Z fca2566eba32: Download complete
2025-08-24T20:58:15.9797720Z 77c7671c4414: Verifying Checksum
2025-08-24T20:58:15.9798501Z 77c7671c4414: Download complete
2025-08-24T20:58:15.9881821Z 631fe8c6d606: Verifying Checksum
2025-08-24T20:58:15.9882320Z 631fe8c6d606: Download complete
2025-08-24T20:58:16.1059035Z c6bcc2c9a041: Verifying Checksum
2025-08-24T20:58:16.1059940Z c6bcc2c9a041: Download complete
2025-08-24T20:58:16.1551648Z 2d9e29180a27: Verifying Checksum
2025-08-24T20:58:16.1552526Z 2d9e29180a27: Download complete
2025-08-24T20:58:16.1899371Z ac4b721eb66f: Verifying Checksum
2025-08-24T20:58:16.2354411Z ac4b721eb66f: Download complete
2025-08-24T20:58:16.2357804Z 606bd164980e: Download complete
2025-08-24T20:58:16.2948727Z 396b1da7636e: Verifying Checksum
2025-08-24T20:58:16.2949648Z 396b1da7636e: Download complete
2025-08-24T20:58:16.3195950Z ba7036bb0a60: Verifying Checksum
2025-08-24T20:58:16.3198650Z ba7036bb0a60: Download complete
2025-08-24T20:58:16.3829369Z 799f859abbbd: Download complete
2025-08-24T20:58:16.4212195Z d903e777080c: Verifying Checksum
2025-08-24T20:58:16.4214694Z d903e777080c: Download complete
2025-08-24T20:58:16.4683840Z 04adcb462801: Verifying Checksum
2025-08-24T20:58:16.4685032Z 04adcb462801: Download complete
2025-08-24T20:58:16.5039251Z 5c10925b29ff: Verifying Checksum
2025-08-24T20:58:16.5040881Z 5c10925b29ff: Download complete
2025-08-24T20:58:17.3453517Z 396b1da7636e: Pull complete
2025-08-24T20:58:17.5872063Z fca2566eba32: Pull complete
2025-08-24T20:58:17.7452236Z f5dfd246bc6e: Verifying Checksum
2025-08-24T20:58:17.7452789Z f5dfd246bc6e: Download complete
2025-08-24T20:58:17.7880429Z 631fe8c6d606: Pull complete
2025-08-24T20:58:17.8322625Z 77c7671c4414: Pull complete
2025-08-24T20:58:18.1266739Z 2d9e29180a27: Pull complete
2025-08-24T20:58:18.2148143Z c6bcc2c9a041: Pull complete
2025-08-24T20:58:18.2231133Z ac4b721eb66f: Pull complete
2025-08-24T20:58:18.2330270Z 606bd164980e: Pull complete
2025-08-24T20:58:21.1543395Z f5dfd246bc6e: Pull complete
2025-08-24T20:58:21.1689098Z ba7036bb0a60: Pull complete
2025-08-24T20:58:21.1803406Z 799f859abbbd: Pull complete
2025-08-24T20:58:21.1907535Z d903e777080c: Pull complete
2025-08-24T20:58:21.2043920Z 04adcb462801: Pull complete
2025-08-24T20:58:21.2155528Z 5c10925b29ff: Pull complete
2025-08-24T20:58:21.2195551Z Digest: sha256:bc51cf4f1fe02cce7ed2370b20128a9b00b4eb804573a77d2a0d877aaa9c82b1
2025-08-24T20:58:21.2209418Z Status: Downloaded newer image for postgres:15
2025-08-24T20:58:21.2218999Z docker.io/library/postgres:15
2025-08-24T20:58:21.2280040Z ##[command]/usr/bin/docker create --name caf562ba737a420c9b7cd790bcb9f320_postgres15_84e2ed --label 1b7c4d --network github_network_d71ab6bd3f0e4e49a4d2f81ec29e976b --network-alias postgres -p 5432:5432 --health-cmd="pg_isready -U postgres -d awa" --health-interval=5s --health-timeout=5s --health-retries=10 -e "POSTGRES_USER=postgres" -e "POSTGRES_PASSWORD=pass" -e "POSTGRES_DB=awa" -e GITHUB_ACTIONS=true -e CI=true postgres:15
2025-08-24T20:58:21.2528283Z 6bab904ffa31f4a7f08187d124064a91d6a7617c7eb2db562d19adb4d8d539ba
2025-08-24T20:58:21.2549872Z ##[command]/usr/bin/docker start 6bab904ffa31f4a7f08187d124064a91d6a7617c7eb2db562d19adb4d8d539ba
2025-08-24T20:58:21.5495785Z 6bab904ffa31f4a7f08187d124064a91d6a7617c7eb2db562d19adb4d8d539ba
2025-08-24T20:58:21.5518561Z ##[command]/usr/bin/docker ps --all --filter id=6bab904ffa31f4a7f08187d124064a91d6a7617c7eb2db562d19adb4d8d539ba --filter status=running --no-trunc --format "{{.ID}} {{.Status}}"
2025-08-24T20:58:21.5641317Z 6bab904ffa31f4a7f08187d124064a91d6a7617c7eb2db562d19adb4d8d539ba Up Less than a second (health: starting)
2025-08-24T20:58:21.5668005Z ##[command]/usr/bin/docker port 6bab904ffa31f4a7f08187d124064a91d6a7617c7eb2db562d19adb4d8d539ba
2025-08-24T20:58:21.5793494Z 5432/tcp -> 0.0.0.0:5432
2025-08-24T20:58:21.5810027Z 5432/tcp -> [::]:5432
2025-08-24T20:58:21.5846521Z ##[endgroup]
2025-08-24T20:58:21.5847910Z ##[group]Starting redis service container
2025-08-24T20:58:21.5849563Z ##[command]/usr/bin/docker pull redis:7-alpine
2025-08-24T20:58:21.7992931Z 7-alpine: Pulling from library/redis
2025-08-24T20:58:21.9049039Z 0368fd46e3c6: Pulling fs layer
2025-08-24T20:58:21.9057397Z 4c55286bbede: Pulling fs layer
2025-08-24T20:58:21.9057863Z 5e28347af205: Pulling fs layer
2025-08-24T20:58:21.9058253Z 311eca34042e: Pulling fs layer
2025-08-24T20:58:21.9060210Z e6fe6f07e192: Pulling fs layer
2025-08-24T20:58:21.9060898Z a2cadbfeca72: Pulling fs layer
2025-08-24T20:58:21.9061278Z 4f4fb700ef54: Pulling fs layer
2025-08-24T20:58:21.9061637Z a976ed7e7808: Pulling fs layer
2025-08-24T20:58:21.9061995Z e6fe6f07e192: Waiting
2025-08-24T20:58:21.9062325Z a2cadbfeca72: Waiting
2025-08-24T20:58:21.9062641Z 4f4fb700ef54: Waiting
2025-08-24T20:58:21.9062927Z a976ed7e7808: Waiting
2025-08-24T20:58:21.9063233Z 311eca34042e: Waiting
2025-08-24T20:58:22.0034123Z 4c55286bbede: Verifying Checksum
2025-08-24T20:58:22.0036876Z 4c55286bbede: Download complete
2025-08-24T20:58:22.0113205Z 5e28347af205: Verifying Checksum
2025-08-24T20:58:22.0114050Z 5e28347af205: Download complete
2025-08-24T20:58:22.0405560Z 0368fd46e3c6: Verifying Checksum
2025-08-24T20:58:22.0407475Z 0368fd46e3c6: Download complete
2025-08-24T20:58:22.1258008Z a2cadbfeca72: Verifying Checksum
2025-08-24T20:58:22.1259049Z a2cadbfeca72: Download complete
2025-08-24T20:58:22.1383427Z 311eca34042e: Verifying Checksum
2025-08-24T20:58:22.1385192Z 311eca34042e: Download complete
2025-08-24T20:58:22.1841544Z 0368fd46e3c6: Pull complete
2025-08-24T20:58:22.2161194Z 4f4fb700ef54: Verifying Checksum
2025-08-24T20:58:22.2161828Z 4f4fb700ef54: Download complete
2025-08-24T20:58:22.2198164Z 4c55286bbede: Pull complete
2025-08-24T20:58:22.2204812Z a976ed7e7808: Verifying Checksum
2025-08-24T20:58:22.2205569Z a976ed7e7808: Download complete
2025-08-24T20:58:22.3279161Z e6fe6f07e192: Verifying Checksum
2025-08-24T20:58:22.3279612Z e6fe6f07e192: Download complete
2025-08-24T20:58:22.3667499Z 5e28347af205: Pull complete
2025-08-24T20:58:22.3961922Z 311eca34042e: Pull complete
2025-08-24T20:58:22.5930205Z e6fe6f07e192: Pull complete
2025-08-24T20:58:22.6049115Z a2cadbfeca72: Pull complete
2025-08-24T20:58:22.6147213Z 4f4fb700ef54: Pull complete
2025-08-24T20:58:22.6284397Z a976ed7e7808: Pull complete
2025-08-24T20:58:22.6319501Z Digest: sha256:bb186d083732f669da90be8b0f975a37812b15e913465bb14d845db72a4e3e08
2025-08-24T20:58:22.6333160Z Status: Downloaded newer image for redis:7-alpine
2025-08-24T20:58:22.6339881Z docker.io/library/redis:7-alpine
2025-08-24T20:58:22.6360402Z ##[command]/usr/bin/docker create --name f513f0a5365c412e8c14794b565e2519_redis7alpine_eccc48 --label 1b7c4d --network github_network_d71ab6bd3f0e4e49a4d2f81ec29e976b --network-alias redis -p 6379:6379  -e GITHUB_ACTIONS=true -e CI=true redis:7-alpine
2025-08-24T20:58:22.6606703Z 4cceef7e1b5a2ed3e1601147753df9f4ce491a5b06fc196d1ca9f11db6cb623b
2025-08-24T20:58:22.6619774Z ##[command]/usr/bin/docker start 4cceef7e1b5a2ed3e1601147753df9f4ce491a5b06fc196d1ca9f11db6cb623b
2025-08-24T20:58:22.7914203Z 4cceef7e1b5a2ed3e1601147753df9f4ce491a5b06fc196d1ca9f11db6cb623b
2025-08-24T20:58:22.7932525Z ##[command]/usr/bin/docker ps --all --filter id=4cceef7e1b5a2ed3e1601147753df9f4ce491a5b06fc196d1ca9f11db6cb623b --filter status=running --no-trunc --format "{{.ID}} {{.Status}}"
2025-08-24T20:58:22.8050710Z 4cceef7e1b5a2ed3e1601147753df9f4ce491a5b06fc196d1ca9f11db6cb623b Up Less than a second
2025-08-24T20:58:22.8064155Z ##[command]/usr/bin/docker port 4cceef7e1b5a2ed3e1601147753df9f4ce491a5b06fc196d1ca9f11db6cb623b
2025-08-24T20:58:22.8172771Z 6379/tcp -> 0.0.0.0:6379
2025-08-24T20:58:22.8173417Z 6379/tcp -> [::]:6379
2025-08-24T20:58:22.8187028Z ##[endgroup]
2025-08-24T20:58:22.8197376Z ##[group]Waiting for all services to be ready
2025-08-24T20:58:22.8210611Z ##[command]/usr/bin/docker inspect --format="{{if .Config.Healthcheck}}{{print .State.Health.Status}}{{end}}" 6bab904ffa31f4a7f08187d124064a91d6a7617c7eb2db562d19adb4d8d539ba
2025-08-24T20:58:22.8319860Z starting
2025-08-24T20:58:22.8339735Z postgres service is starting, waiting 2 seconds before checking again.
2025-08-24T20:58:24.8338737Z ##[command]/usr/bin/docker inspect --format="{{if .Config.Healthcheck}}{{print .State.Health.Status}}{{end}}" 6bab904ffa31f4a7f08187d124064a91d6a7617c7eb2db562d19adb4d8d539ba
2025-08-24T20:58:24.8454527Z starting
2025-08-24T20:58:24.8468439Z postgres service is starting, waiting 3 seconds before checking again.
2025-08-24T20:58:28.6035422Z ##[command]/usr/bin/docker inspect --format="{{if .Config.Healthcheck}}{{print .State.Health.Status}}{{end}}" 6bab904ffa31f4a7f08187d124064a91d6a7617c7eb2db562d19adb4d8d539ba
2025-08-24T20:58:28.6154017Z healthy
2025-08-24T20:58:28.6169888Z postgres service is healthy.
2025-08-24T20:58:28.6170652Z ##[command]/usr/bin/docker inspect --format="{{if .Config.Healthcheck}}{{print .State.Health.Status}}{{end}}" 4cceef7e1b5a2ed3e1601147753df9f4ce491a5b06fc196d1ca9f11db6cb623b
2025-08-24T20:58:28.6291377Z redis service is healthy.
2025-08-24T20:58:28.6292034Z ##[endgroup]
2025-08-24T20:58:28.6543434Z ##[group]Run actions/checkout@v5
2025-08-24T20:58:28.6543942Z with:
2025-08-24T20:58:28.6544118Z   fetch-depth: 0
2025-08-24T20:58:28.6544325Z   repository: AlexBomber12/AWA-App
2025-08-24T20:58:28.6544854Z   token: ***
2025-08-24T20:58:28.6545036Z   ssh-strict: true
2025-08-24T20:58:28.6545217Z   ssh-user: git
2025-08-24T20:58:28.6545400Z   persist-credentials: true
2025-08-24T20:58:28.6545632Z   clean: true
2025-08-24T20:58:28.6545817Z   sparse-checkout-cone-mode: true
2025-08-24T20:58:28.6546037Z   fetch-tags: false
2025-08-24T20:58:28.6546221Z   show-progress: true
2025-08-24T20:58:28.6546398Z   lfs: false
2025-08-24T20:58:28.6546561Z   submodules: false
2025-08-24T20:58:28.6546737Z   set-safe-directory: true
2025-08-24T20:58:28.6547145Z env:
2025-08-24T20:58:28.6547347Z   REDIS_URL: redis://localhost:6379/0
2025-08-24T20:58:28.6547645Z   RATE_LIMIT_DEFAULT: 100/minute
2025-08-24T20:58:28.6547854Z   TRUST_X_FORWARDED: 1
2025-08-24T20:58:28.6548038Z ##[endgroup]
2025-08-24T20:58:28.7474217Z Syncing repository: AlexBomber12/AWA-App
2025-08-24T20:58:28.7475896Z ##[group]Getting Git version info
2025-08-24T20:58:28.7476269Z Working directory is '/home/runner/work/AWA-App/AWA-App'
2025-08-24T20:58:28.7477056Z [command]/usr/bin/git version
2025-08-24T20:58:28.7494055Z git version 2.51.0
2025-08-24T20:58:28.7514431Z ##[endgroup]
2025-08-24T20:58:28.7527686Z Temporarily overriding HOME='/home/runner/work/_temp/0f8e1bb6-1e23-4ab4-815a-980b39f9847e' before making global git config changes
2025-08-24T20:58:28.7529192Z Adding repository directory to the temporary git global config as a safe directory
2025-08-24T20:58:28.7532651Z [command]/usr/bin/git config --global --add safe.directory /home/runner/work/AWA-App/AWA-App
2025-08-24T20:58:28.7567374Z Deleting the contents of '/home/runner/work/AWA-App/AWA-App'
2025-08-24T20:58:28.7570809Z ##[group]Initializing the repository
2025-08-24T20:58:28.7575106Z [command]/usr/bin/git init /home/runner/work/AWA-App/AWA-App
2025-08-24T20:58:28.7634019Z hint: Using 'master' as the name for the initial branch. This default branch name
2025-08-24T20:58:28.7635007Z hint: is subject to change. To configure the initial branch name to use in all
2025-08-24T20:58:28.7635766Z hint: of your new repositories, which will suppress this warning, call:
2025-08-24T20:58:28.7636309Z hint:
2025-08-24T20:58:28.7636702Z hint: 	git config --global init.defaultBranch <name>
2025-08-24T20:58:28.7637198Z hint:
2025-08-24T20:58:28.7637677Z hint: Names commonly chosen instead of 'master' are 'main', 'trunk' and
2025-08-24T20:58:28.7638495Z hint: 'development'. The just-created branch can be renamed via this command:
2025-08-24T20:58:28.7639088Z hint:
2025-08-24T20:58:28.7639411Z hint: 	git branch -m <name>
2025-08-24T20:58:28.7639759Z hint:
2025-08-24T20:58:28.7640264Z hint: Disable this message with "git config set advice.defaultBranchName false"
2025-08-24T20:58:28.7641144Z Initialized empty Git repository in /home/runner/work/AWA-App/AWA-App/.git/
2025-08-24T20:58:28.7650915Z [command]/usr/bin/git remote add origin https://github.com/AlexBomber12/AWA-App
2025-08-24T20:58:28.7683287Z ##[endgroup]
2025-08-24T20:58:28.7683750Z ##[group]Disabling automatic garbage collection
2025-08-24T20:58:28.7687541Z [command]/usr/bin/git config --local gc.auto 0
2025-08-24T20:58:28.7715242Z ##[endgroup]
2025-08-24T20:58:28.7715716Z ##[group]Setting up auth
2025-08-24T20:58:28.7721722Z [command]/usr/bin/git config --local --name-only --get-regexp core\.sshCommand
2025-08-24T20:58:28.7751994Z [command]/usr/bin/git submodule foreach --recursive sh -c "git config --local --name-only --get-regexp 'core\.sshCommand' && git config --local --unset-all 'core.sshCommand' || :"
2025-08-24T20:58:28.8013238Z [command]/usr/bin/git config --local --name-only --get-regexp http\.https\:\/\/github\.com\/\.extraheader
2025-08-24T20:58:28.8042811Z [command]/usr/bin/git submodule foreach --recursive sh -c "git config --local --name-only --get-regexp 'http\.https\:\/\/github\.com\/\.extraheader' && git config --local --unset-all 'http.https://github.com/.extraheader' || :"
2025-08-24T20:58:28.8260095Z [command]/usr/bin/git config --local http.https://github.com/.extraheader AUTHORIZATION: basic ***
2025-08-24T20:58:28.8294332Z ##[endgroup]
2025-08-24T20:58:28.8295193Z ##[group]Fetching the repository
2025-08-24T20:58:28.8305020Z [command]/usr/bin/git -c protocol.version=2 fetch --prune --no-recurse-submodules origin +refs/heads/*:refs/remotes/origin/* +refs/tags/*:refs/tags/* +cbfb386883e01bd5b44abf753640d44cf43eadd6:refs/remotes/pull/360/merge
2025-08-24T20:58:32.0497103Z From https://github.com/AlexBomber12/AWA-App
2025-08-24T20:58:32.0499154Z  * [new branch]        codex/analyze-ci-logs-and-fix-failures   -> origin/codex/analyze-ci-logs-and-fix-failures
2025-08-24T20:58:32.0500431Z  * [new branch]        codex/fix-ci-workflows-to-pass-all-tests -> origin/codex/fix-ci-workflows-to-pass-all-tests
2025-08-24T20:58:32.0501381Z  * [new branch]        codex/fix-ci-workflows-to-pass-tests     -> origin/codex/fix-ci-workflows-to-pass-tests
2025-08-24T20:58:32.0502277Z  * [new branch]        codex/fix-ci-workflows-until-green       -> origin/codex/fix-ci-workflows-until-green
2025-08-24T20:58:32.0503221Z  * [new branch]        codex/harden-docker-compose-health-checks -> origin/codex/harden-docker-compose-health-checks
2025-08-24T20:58:32.0504307Z  * [new branch]        codex/harden-microservice-startup-and-fix-health-checks -> origin/codex/harden-microservice-startup-and-fix-health-checks
2025-08-24T20:58:32.0506115Z  * [new branch]        codex/implement-targeted-ci-fixes        -> origin/codex/implement-targeted-ci-fixes
2025-08-24T20:58:32.0506978Z  * [new branch]        codex/implement-targeted-ci-fixes-for-success -> origin/codex/implement-targeted-ci-fixes-for-success
2025-08-24T20:58:32.0507810Z  * [new branch]        codex/improve-service-reliability-in-gh-actions -> origin/codex/improve-service-reliability-in-gh-actions
2025-08-24T20:58:32.0508707Z  * [new branch]        codex/improve-service-reliability-in-gh-actions-jeu4m3 -> origin/codex/improve-service-reliability-in-gh-actions-jeu4m3
2025-08-24T20:58:32.0509359Z  * [new branch]        main                                     -> origin/main
2025-08-24T20:58:32.0509727Z  * [new tag]           0.3.0                                    -> 0.3.0
2025-08-24T20:58:32.0510153Z  * [new ref]           cbfb386883e01bd5b44abf753640d44cf43eadd6 -> pull/360/merge
2025-08-24T20:58:32.0549950Z ##[endgroup]
2025-08-24T20:58:32.0550346Z ##[group]Determining the checkout info
2025-08-24T20:58:32.0551323Z ##[endgroup]
2025-08-24T20:58:32.0556863Z [command]/usr/bin/git sparse-checkout disable
2025-08-24T20:58:32.0597019Z [command]/usr/bin/git config --local --unset-all extensions.worktreeConfig
2025-08-24T20:58:32.0623187Z ##[group]Checking out the ref
2025-08-24T20:58:32.0627768Z [command]/usr/bin/git checkout --progress --force refs/remotes/pull/360/merge
2025-08-24T20:58:32.1058427Z Note: switching to 'refs/remotes/pull/360/merge'.
2025-08-24T20:58:32.1058895Z 
2025-08-24T20:58:32.1059274Z You are in 'detached HEAD' state. You can look around, make experimental
2025-08-24T20:58:32.1060072Z changes and commit them, and you can discard any commits you make in this
2025-08-24T20:58:32.1060867Z state without impacting any branches by switching back to a branch.
2025-08-24T20:58:32.1061330Z 
2025-08-24T20:58:32.1061641Z If you want to create a new branch to retain commits you create, you may
2025-08-24T20:58:32.1062367Z do so (now or later) by using -c with the switch command. Example:
2025-08-24T20:58:32.1062823Z 
2025-08-24T20:58:32.1063014Z   git switch -c <new-branch-name>
2025-08-24T20:58:32.1063311Z 
2025-08-24T20:58:32.1063471Z Or undo this operation with:
2025-08-24T20:58:32.1063826Z 
2025-08-24T20:58:32.1063972Z   git switch -
2025-08-24T20:58:32.1064174Z 
2025-08-24T20:58:32.1064528Z Turn off this advice by setting config variable advice.detachedHead to false
2025-08-24T20:58:32.1065281Z 
2025-08-24T20:58:32.1066205Z HEAD is now at cbfb3868 Merge 39c3aefaf37e651c217ce40ad018948ed7a68e82 into 77aa2df808aa5c8db48c1c63a655e2821f33179b
2025-08-24T20:58:32.1071027Z ##[endgroup]
2025-08-24T20:58:32.1111525Z [command]/usr/bin/git log -1 --format=%H
2025-08-24T20:58:32.1134818Z cbfb386883e01bd5b44abf753640d44cf43eadd6
2025-08-24T20:58:32.1338389Z ##[group]Run cat .env.ci >> "$GITHUB_ENV"
2025-08-24T20:58:32.1338729Z [36;1mcat .env.ci >> "$GITHUB_ENV"[0m
2025-08-24T20:58:32.1339401Z [36;1mecho "DATABASE_URL=***localhost:5432/awa" >> "$GITHUB_ENV"[0m
2025-08-24T20:58:32.1339759Z [36;1mecho "PG_HOST=localhost" >> "$GITHUB_ENV"[0m
2025-08-24T20:58:32.1340075Z [36;1mecho "PG_PORT=5432" >> "$GITHUB_ENV"[0m
2025-08-24T20:58:32.1340471Z [36;1mecho "PG_USER=postgres" >> "$GITHUB_ENV"[0m
2025-08-24T20:58:32.1340751Z [36;1mecho "PG_PASSWORD=pass" >> "$GITHUB_ENV"[0m
2025-08-24T20:58:32.1341017Z [36;1mecho "PG_DATABASE=awa" >> "$GITHUB_ENV"[0m
2025-08-24T20:58:32.1341280Z [36;1mecho "TESTING=1" >> "$GITHUB_ENV"[0m
2025-08-24T20:58:32.1385269Z shell: /usr/bin/bash -e {0}
2025-08-24T20:58:32.1385498Z env:
2025-08-24T20:58:32.1385696Z   REDIS_URL: redis://localhost:6379/0
2025-08-24T20:58:32.1385955Z   RATE_LIMIT_DEFAULT: 100/minute
2025-08-24T20:58:32.1386273Z   TRUST_X_FORWARDED: 1
2025-08-24T20:58:32.1386530Z ##[endgroup]
2025-08-24T20:58:32.1549486Z ##[group]Run actions/setup-python@v5
2025-08-24T20:58:32.1549767Z with:
2025-08-24T20:58:32.1549944Z   python-version: 3.12
2025-08-24T20:58:32.1550460Z   cache: pip
2025-08-24T20:58:32.1551249Z   cache-dependency-path: requirements-dev.txt
services/etl/requirements.txt
services/api/requirements.txt
services/repricer/requirements.txt
services/fees_h10/requirements.txt
services/alert_bot/requirements.txt

2025-08-24T20:58:32.1552080Z   check-latest: false
2025-08-24T20:58:32.1552392Z   token: ***
2025-08-24T20:58:32.1552581Z   update-environment: true
2025-08-24T20:58:32.1552792Z   allow-prereleases: false
2025-08-24T20:58:32.1552995Z   freethreaded: false
2025-08-24T20:58:32.1553169Z env:
2025-08-24T20:58:32.1553355Z   REDIS_URL: redis://localhost:6379/0
2025-08-24T20:58:32.1553766Z   RATE_LIMIT_DEFAULT: 100/minute
2025-08-24T20:58:32.1553988Z   TRUST_X_FORWARDED: 1
2025-08-24T20:58:32.1554175Z   PG_USER: postgres
2025-08-24T20:58:32.1554353Z   PG_PASSWORD: pass
2025-08-24T20:58:32.1554728Z   PG_DATABASE: awa
2025-08-24T20:58:32.1554955Z   PG_HOST: localhost
2025-08-24T20:58:32.1555139Z   PG_PORT: 5432
2025-08-24T20:58:32.1555538Z   PG_SYNC_DSN: ***localhost:5432/awa
2025-08-24T20:58:32.1555939Z   PG_ASYNC_DSN: ***localhost:5432/awa
2025-08-24T20:58:32.1556316Z   DATABASE_URL: ***localhost:5432/awa
2025-08-24T20:58:32.1556549Z   DATA_DIR: /tmp/awa-data
2025-08-24T20:58:32.1556739Z   ENABLE_LIVE: 0
2025-08-24T20:58:32.1557021Z   TESTING: 1
2025-08-24T20:58:32.1557183Z ##[endgroup]
2025-08-24T20:58:32.3207992Z ##[group]Installed versions
2025-08-24T20:58:32.3306051Z Successfully set up CPython (3.12.11)
2025-08-24T20:58:32.3306844Z ##[endgroup]
2025-08-24T20:58:32.3719884Z [command]/opt/hostedtoolcache/Python/3.12.11/x64/bin/pip cache dir
2025-08-24T20:58:34.2645504Z /home/runner/.cache/pip
2025-08-24T20:58:34.3798776Z Cache hit for: setup-python-Linux-x64-24.04-Ubuntu-python-3.12.11-pip-b5b6d1c49e5c2b3f48d0c0d757e5ca86260a9628cadb47cfb996cbe1a8fdf115
2025-08-24T20:58:35.4415372Z Received 218103808 of 389895199 (55.9%), 207.8 MBs/sec
2025-08-24T20:58:36.1437045Z Received 389895199 of 389895199 (100.0%), 218.3 MBs/sec
2025-08-24T20:58:36.1439277Z Cache Size: ~372 MB (389895199 B)
2025-08-24T20:58:36.1560532Z [command]/usr/bin/tar -xf /home/runner/work/_temp/91edbfc4-973d-4c38-85f8-c14c6858b047/cache.tzst -P -C /home/runner/work/AWA-App/AWA-App --use-compress-program unzstd
2025-08-24T20:58:36.7402295Z Cache restored successfully
2025-08-24T20:58:36.8210969Z Cache restored from key: setup-python-Linux-x64-24.04-Ubuntu-python-3.12.11-pip-b5b6d1c49e5c2b3f48d0c0d757e5ca86260a9628cadb47cfb996cbe1a8fdf115
2025-08-24T20:58:36.8901321Z ##[group]Run actions/cache@v4
2025-08-24T20:58:36.8901818Z with:
2025-08-24T20:58:36.8902188Z   path: ~/.cache/pip
.pytest_cache
~/.ruff_cache

2025-08-24T20:58:36.8902921Z   key: Linux-test-cc13ccef493b9f3a93ad5651164d9fb09282c1111f6f72ce20e0657de16de6b4
2025-08-24T20:58:36.8903399Z   restore-keys: Linux-test-
2025-08-24T20:58:36.8903669Z   enableCrossOsArchive: false
2025-08-24T20:58:36.8903927Z   fail-on-cache-miss: false
2025-08-24T20:58:36.8904174Z   lookup-only: false
2025-08-24T20:58:36.8904399Z   save-always: false
2025-08-24T20:58:36.8904863Z env:
2025-08-24T20:58:36.8905083Z   REDIS_URL: redis://localhost:6379/0
2025-08-24T20:58:36.8905373Z   RATE_LIMIT_DEFAULT: 100/minute
2025-08-24T20:58:36.8905627Z   TRUST_X_FORWARDED: 1
2025-08-24T20:58:36.8905841Z   PG_USER: postgres
2025-08-24T20:58:36.8906050Z   PG_PASSWORD: pass
2025-08-24T20:58:36.8906251Z   PG_DATABASE: awa
2025-08-24T20:58:36.8906430Z   PG_HOST: localhost
2025-08-24T20:58:36.8906615Z   PG_PORT: 5432
2025-08-24T20:58:36.8907097Z   PG_SYNC_DSN: ***localhost:5432/awa
2025-08-24T20:58:36.8907543Z   PG_ASYNC_DSN: ***localhost:5432/awa
2025-08-24T20:58:36.8907924Z   DATABASE_URL: ***localhost:5432/awa
2025-08-24T20:58:36.8908158Z   DATA_DIR: /tmp/awa-data
2025-08-24T20:58:36.8908363Z   ENABLE_LIVE: 0
2025-08-24T20:58:36.8908540Z   TESTING: 1
2025-08-24T20:58:36.8908775Z   pythonLocation: /opt/hostedtoolcache/Python/3.12.11/x64
2025-08-24T20:58:36.8909182Z   PKG_CONFIG_PATH: /opt/hostedtoolcache/Python/3.12.11/x64/lib/pkgconfig
2025-08-24T20:58:36.8909571Z   Python_ROOT_DIR: /opt/hostedtoolcache/Python/3.12.11/x64
2025-08-24T20:58:36.8910130Z   Python2_ROOT_DIR: /opt/hostedtoolcache/Python/3.12.11/x64
2025-08-24T20:58:36.8910493Z   Python3_ROOT_DIR: /opt/hostedtoolcache/Python/3.12.11/x64
2025-08-24T20:58:36.8910844Z   LD_LIBRARY_PATH: /opt/hostedtoolcache/Python/3.12.11/x64/lib
2025-08-24T20:58:36.8911135Z ##[endgroup]
2025-08-24T20:58:37.0947494Z Cache hit for: Linux-test-cc13ccef493b9f3a93ad5651164d9fb09282c1111f6f72ce20e0657de16de6b4
2025-08-24T20:58:38.1292111Z Received 243269632 of 376058925 (64.7%), 231.5 MBs/sec
2025-08-24T20:58:38.6101527Z Received 376058925 of 376058925 (100.0%), 241.8 MBs/sec
2025-08-24T20:58:38.6104117Z Cache Size: ~359 MB (376058925 B)
2025-08-24T20:58:38.6147899Z [command]/usr/bin/tar -xf /home/runner/work/_temp/0e455e58-bf4b-4cdc-8783-69f2cf3c53d9/cache.tzst -P -C /home/runner/work/AWA-App/AWA-App --use-compress-program unzstd
2025-08-24T20:58:39.2727347Z Cache restored successfully
2025-08-24T20:58:39.3523838Z Cache restored from key: Linux-test-cc13ccef493b9f3a93ad5651164d9fb09282c1111f6f72ce20e0657de16de6b4
2025-08-24T20:58:39.3644851Z ##[group]Run pip install --break-system-packages -r services/etl/requirements.txt
2025-08-24T20:58:39.3645449Z [36;1mpip install --break-system-packages -r services/etl/requirements.txt[0m
2025-08-24T20:58:39.3645947Z [36;1mpip install --break-system-packages -r services/api/requirements.txt[0m
2025-08-24T20:58:39.3646437Z [36;1mpip install --break-system-packages -r services/repricer/requirements.txt[0m
2025-08-24T20:58:39.3646936Z [36;1mpip install --break-system-packages -r services/fees_h10/requirements.txt[0m
2025-08-24T20:58:39.3647441Z [36;1mpip install --break-system-packages -r services/alert_bot/requirements.txt[0m
2025-08-24T20:58:39.3647909Z [36;1mpip install --break-system-packages -r requirements-dev.txt[0m
2025-08-24T20:58:39.3648287Z [36;1mpip install --break-system-packages asyncpg[0m
2025-08-24T20:58:39.3648616Z [36;1mpip install --break-system-packages pytest[0m
2025-08-24T20:58:39.3649028Z [36;1mpip install --break-system-packages keepa==1.3.15 minio==7.1.15[0m
2025-08-24T20:58:39.3690919Z shell: /usr/bin/bash -e {0}
2025-08-24T20:58:39.3691156Z env:
2025-08-24T20:58:39.3691369Z   REDIS_URL: redis://localhost:6379/0
2025-08-24T20:58:39.3691652Z   RATE_LIMIT_DEFAULT: 100/minute
2025-08-24T20:58:39.3691883Z   TRUST_X_FORWARDED: 1
2025-08-24T20:58:39.3692083Z   PG_USER: postgres
2025-08-24T20:58:39.3692281Z   PG_PASSWORD: pass
2025-08-24T20:58:39.3692465Z   PG_DATABASE: awa
2025-08-24T20:58:39.3692657Z   PG_HOST: localhost
2025-08-24T20:58:39.3692857Z   PG_PORT: 5432
2025-08-24T20:58:39.3693451Z   PG_SYNC_DSN: ***localhost:5432/awa
2025-08-24T20:58:39.3693865Z   PG_ASYNC_DSN: ***localhost:5432/awa
2025-08-24T20:58:39.3694287Z   DATABASE_URL: ***localhost:5432/awa
2025-08-24T20:58:39.3694531Z   DATA_DIR: /tmp/awa-data
2025-08-24T20:58:39.3694970Z   ENABLE_LIVE: 0
2025-08-24T20:58:39.3695146Z   TESTING: 1
2025-08-24T20:58:39.3695389Z   pythonLocation: /opt/hostedtoolcache/Python/3.12.11/x64
2025-08-24T20:58:39.3695809Z   PKG_CONFIG_PATH: /opt/hostedtoolcache/Python/3.12.11/x64/lib/pkgconfig
2025-08-24T20:58:39.3696196Z   Python_ROOT_DIR: /opt/hostedtoolcache/Python/3.12.11/x64
2025-08-24T20:58:39.3696547Z   Python2_ROOT_DIR: /opt/hostedtoolcache/Python/3.12.11/x64
2025-08-24T20:58:39.3696900Z   Python3_ROOT_DIR: /opt/hostedtoolcache/Python/3.12.11/x64
2025-08-24T20:58:39.3697256Z   LD_LIBRARY_PATH: /opt/hostedtoolcache/Python/3.12.11/x64/lib
2025-08-24T20:58:39.3697546Z ##[endgroup]
2025-08-24T20:58:40.4802058Z Collecting keepa==1.3.14 (from -r services/etl/requirements.txt (line 1))
2025-08-24T20:58:40.4814451Z   Using cached keepa-1.3.14-py3-none-any.whl.metadata (10 kB)
2025-08-24T20:58:40.5133218Z Collecting minio==7.1.15 (from -r services/etl/requirements.txt (line 2))
2025-08-24T20:58:40.5144715Z   Using cached minio-7.1.15-py3-none-any.whl.metadata (4.2 kB)
2025-08-24T20:58:40.5509325Z Collecting celery==5.3.* (from -r services/etl/requirements.txt (line 3))
2025-08-24T20:58:40.5520039Z   Using cached celery-5.3.6-py3-none-any.whl.metadata (21 kB)
2025-08-24T20:58:40.6011843Z Collecting redis==5.* (from -r services/etl/requirements.txt (line 4))
2025-08-24T20:58:40.6022740Z   Using cached redis-5.3.1-py3-none-any.whl.metadata (9.2 kB)
2025-08-24T20:58:40.6569246Z Collecting python-amazon-sp-api==0.8.0 (from -r services/etl/requirements.txt (line 5))
2025-08-24T20:58:40.6580632Z   Using cached python_amazon_sp_api-0.8.0-py3-none-any.whl.metadata (3.2 kB)
2025-08-24T20:58:40.6835740Z Collecting pydantic-settings==2.2.1 (from -r services/etl/requirements.txt (line 6))
2025-08-24T20:58:40.6847165Z   Using cached pydantic_settings-2.2.1-py3-none-any.whl.metadata (3.1 kB)
2025-08-24T20:58:40.8496593Z Collecting numpy<2 (from -r services/etl/requirements.txt (line 7))
2025-08-24T20:58:40.8509490Z   Using cached numpy-1.26.4-cp312-cp312-manylinux_2_17_x86_64.manylinux2014_x86_64.whl.metadata (61 kB)
2025-08-24T20:58:40.9945431Z Collecting pandas==2.2.* (from -r services/etl/requirements.txt (line 8))
2025-08-24T20:58:40.9958913Z   Using cached pandas-2.2.3-cp312-cp312-manylinux_2_17_x86_64.manylinux2014_x86_64.whl.metadata (89 kB)
2025-08-24T20:58:41.0583356Z Collecting pandera==0.19.* (from -r services/etl/requirements.txt (line 9))
2025-08-24T20:58:41.0594501Z   Using cached pandera-0.19.3-py3-none-any.whl.metadata (15 kB)
2025-08-24T20:58:41.0852981Z Collecting openpyxl==3.1.* (from -r services/etl/requirements.txt (line 10))
2025-08-24T20:58:41.0864059Z   Using cached openpyxl-3.1.5-py2.py3-none-any.whl.metadata (2.5 kB)
2025-08-24T20:58:41.1039576Z Collecting psycopg==3.2.9 (from psycopg[binary]==3.2.9->-r services/etl/requirements.txt (line 11))
2025-08-24T20:58:41.1050315Z   Using cached psycopg-3.2.9-py3-none-any.whl.metadata (4.5 kB)
2025-08-24T20:58:41.1738733Z Collecting psycopg2-binary==2.9.* (from -r services/etl/requirements.txt (line 12))
2025-08-24T20:58:41.1755045Z   Using cached psycopg2_binary-2.9.10-cp312-cp312-manylinux_2_17_x86_64.manylinux2014_x86_64.whl.metadata (4.9 kB)
2025-08-24T20:58:41.2266411Z Collecting sentry-sdk==2.9.0 (from -r services/etl/requirements.txt (line 13))
2025-08-24T20:58:41.2277731Z   Using cached sentry_sdk-2.9.0-py2.py3-none-any.whl.metadata (14 kB)
2025-08-24T20:58:41.2911120Z Collecting requests>=2.2 (from keepa==1.3.14->-r services/etl/requirements.txt (line 1))
2025-08-24T20:58:41.2924069Z   Using cached requests-2.32.5-py3-none-any.whl.metadata (4.9 kB)
2025-08-24T20:58:41.3298128Z Collecting tqdm (from keepa==1.3.14->-r services/etl/requirements.txt (line 1))
2025-08-24T20:58:41.3309394Z   Using cached tqdm-4.67.1-py3-none-any.whl.metadata (57 kB)
2025-08-24T20:58:41.8249395Z Collecting aiohttp (from keepa==1.3.14->-r services/etl/requirements.txt (line 1))
2025-08-24T20:58:41.8262750Z   Using cached aiohttp-3.12.15-cp312-cp312-manylinux_2_17_x86_64.manylinux2014_x86_64.whl.metadata (7.7 kB)
2025-08-24T20:58:41.9422282Z Collecting pydantic (from keepa==1.3.14->-r services/etl/requirements.txt (line 1))
2025-08-24T20:58:41.9434195Z   Using cached pydantic-2.11.7-py3-none-any.whl.metadata (67 kB)
2025-08-24T20:58:41.9673639Z Collecting certifi (from minio==7.1.15->-r services/etl/requirements.txt (line 2))
2025-08-24T20:58:41.9685328Z   Using cached certifi-2025.8.3-py3-none-any.whl.metadata (2.4 kB)
2025-08-24T20:58:41.9946777Z Collecting urllib3 (from minio==7.1.15->-r services/etl/requirements.txt (line 2))
2025-08-24T20:58:41.9957709Z   Using cached urllib3-2.5.0-py3-none-any.whl.metadata (6.5 kB)
2025-08-24T20:58:42.0117434Z Collecting six<2,>=1.15 (from python-amazon-sp-api==0.8.0->-r services/etl/requirements.txt (line 5))
2025-08-24T20:58:42.0128074Z   Using cached six-1.17.0-py2.py3-none-any.whl.metadata (1.7 kB)
2025-08-24T20:58:42.4257632Z Collecting boto3<2,>=1.16.39 (from python-amazon-sp-api==0.8.0->-r services/etl/requirements.txt (line 5))
2025-08-24T20:58:42.4270146Z   Using cached boto3-1.40.16-py3-none-any.whl.metadata (6.7 kB)
2025-08-24T20:58:42.4475843Z Collecting cachetools~=4.2.0 (from python-amazon-sp-api==0.8.0->-r services/etl/requirements.txt (line 5))
2025-08-24T20:58:42.4486664Z   Using cached cachetools-4.2.4-py3-none-any.whl.metadata (4.8 kB)
2025-08-24T20:58:42.5299287Z Collecting pycryptodome (from python-amazon-sp-api==0.8.0->-r services/etl/requirements.txt (line 5))
2025-08-24T20:58:42.5311368Z   Using cached pycryptodome-3.23.0-cp37-abi3-manylinux_2_17_x86_64.manylinux2014_x86_64.whl.metadata (3.4 kB)
2025-08-24T20:58:42.5682753Z Collecting pytz (from python-amazon-sp-api==0.8.0->-r services/etl/requirements.txt (line 5))
2025-08-24T20:58:42.5694069Z   Using cached pytz-2025.2-py2.py3-none-any.whl.metadata (22 kB)
2025-08-24T20:58:42.5834938Z Collecting confuse~=1.4.0 (from python-amazon-sp-api==0.8.0->-r services/etl/requirements.txt (line 5))
2025-08-24T20:58:42.5845747Z   Using cached confuse-1.4.0-py2.py3-none-any.whl.metadata (3.8 kB)
2025-08-24T20:58:42.6129209Z Collecting python-dotenv>=0.21.0 (from pydantic-settings==2.2.1->-r services/etl/requirements.txt (line 6))
2025-08-24T20:58:42.6140104Z   Using cached python_dotenv-1.1.1-py3-none-any.whl.metadata (24 kB)
2025-08-24T20:58:42.6353286Z Collecting typing-extensions>=4.6 (from psycopg==3.2.9->psycopg[binary]==3.2.9->-r services/etl/requirements.txt (line 11))
2025-08-24T20:58:42.6364083Z   Using cached typing_extensions-4.14.1-py3-none-any.whl.metadata (3.0 kB)
2025-08-24T20:58:42.7838590Z Collecting psycopg-binary==3.2.9 (from psycopg[binary]==3.2.9->-r services/etl/requirements.txt (line 11))
2025-08-24T20:58:42.7851239Z   Using cached psycopg_binary-3.2.9-cp312-cp312-manylinux_2_17_x86_64.manylinux2014_x86_64.whl.metadata (2.9 kB)
2025-08-24T20:58:42.8062051Z Collecting billiard<5.0,>=4.2.0 (from celery==5.3.*->-r services/etl/requirements.txt (line 3))
2025-08-24T20:58:42.8073355Z   Using cached billiard-4.2.1-py3-none-any.whl.metadata (4.4 kB)
2025-08-24T20:58:42.8191960Z Collecting click-didyoumean>=0.3.0 (from celery==5.3.*->-r services/etl/requirements.txt (line 3))
2025-08-24T20:58:42.8202851Z   Using cached click_didyoumean-0.3.1-py3-none-any.whl.metadata (3.9 kB)
2025-08-24T20:58:42.8323641Z Collecting click-plugins>=1.1.1 (from celery==5.3.*->-r services/etl/requirements.txt (line 3))
2025-08-24T20:58:42.8335392Z   Using cached click_plugins-1.1.1.2-py2.py3-none-any.whl.metadata (6.5 kB)
2025-08-24T20:58:42.8459691Z Collecting click-repl>=0.2.0 (from celery==5.3.*->-r services/etl/requirements.txt (line 3))
2025-08-24T20:58:42.8470296Z   Using cached click_repl-0.3.0-py3-none-any.whl.metadata (3.6 kB)
2025-08-24T20:58:42.8690098Z Collecting click<9.0,>=8.1.2 (from celery==5.3.*->-r services/etl/requirements.txt (line 3))
2025-08-24T20:58:42.8700896Z   Using cached click-8.2.1-py3-none-any.whl.metadata (2.5 kB)
2025-08-24T20:58:42.9000756Z Collecting kombu<6.0,>=5.3.4 (from celery==5.3.*->-r services/etl/requirements.txt (line 3))
2025-08-24T20:58:42.9011587Z   Using cached kombu-5.5.4-py3-none-any.whl.metadata (3.5 kB)
2025-08-24T20:58:42.9216574Z Collecting python-dateutil>=2.8.2 (from celery==5.3.*->-r services/etl/requirements.txt (line 3))
2025-08-24T20:58:42.9227478Z   Using cached python_dateutil-2.9.0.post0-py2.py3-none-any.whl.metadata (8.4 kB)
2025-08-24T20:58:42.9384759Z Collecting tzdata>=2022.7 (from celery==5.3.*->-r services/etl/requirements.txt (line 3))
2025-08-24T20:58:42.9395769Z   Using cached tzdata-2025.2-py2.py3-none-any.whl.metadata (1.4 kB)
2025-08-24T20:58:42.9523785Z Collecting vine<6.0,>=5.1.0 (from celery==5.3.*->-r services/etl/requirements.txt (line 3))
2025-08-24T20:58:42.9534488Z   Using cached vine-5.1.0-py3-none-any.whl.metadata (2.7 kB)
2025-08-24T20:58:42.9730701Z Collecting PyJWT>=2.9.0 (from redis==5.*->-r services/etl/requirements.txt (line 4))
2025-08-24T20:58:42.9741774Z   Using cached PyJWT-2.10.1-py3-none-any.whl.metadata (4.0 kB)
2025-08-24T20:58:43.0091225Z Collecting multimethod<=1.10.0 (from pandera==0.19.*->-r services/etl/requirements.txt (line 9))
2025-08-24T20:58:43.0102171Z   Using cached multimethod-1.10-py3-none-any.whl.metadata (8.2 kB)
2025-08-24T20:58:43.0389881Z Collecting packaging>=20.0 (from pandera==0.19.*->-r services/etl/requirements.txt (line 9))
2025-08-24T20:58:43.0401562Z   Using cached packaging-25.0-py3-none-any.whl.metadata (3.3 kB)
2025-08-24T20:58:43.0700058Z Collecting typeguard (from pandera==0.19.*->-r services/etl/requirements.txt (line 9))
2025-08-24T20:58:43.0710944Z   Using cached typeguard-4.4.4-py3-none-any.whl.metadata (3.3 kB)
2025-08-24T20:58:43.0854844Z Collecting typing-inspect>=0.6.0 (from pandera==0.19.*->-r services/etl/requirements.txt (line 9))
2025-08-24T20:58:43.0865832Z   Using cached typing_inspect-0.9.0-py3-none-any.whl.metadata (1.5 kB)
2025-08-24T20:58:43.1836530Z Collecting wrapt (from pandera==0.19.*->-r services/etl/requirements.txt (line 9))
2025-08-24T20:58:43.1848842Z   Using cached wrapt-1.17.3-cp312-cp312-manylinux1_x86_64.manylinux_2_28_x86_64.manylinux_2_5_x86_64.whl.metadata (6.4 kB)
2025-08-24T20:58:43.1975338Z Collecting et-xmlfile (from openpyxl==3.1.*->-r services/etl/requirements.txt (line 10))
2025-08-24T20:58:43.1992000Z   Using cached et_xmlfile-2.0.0-py3-none-any.whl.metadata (2.7 kB)
2025-08-24T20:58:43.5865832Z Collecting botocore<1.41.0,>=1.40.16 (from boto3<2,>=1.16.39->python-amazon-sp-api==0.8.0->-r services/etl/requirements.txt (line 5))
2025-08-24T20:58:43.5877805Z   Using cached botocore-1.40.16-py3-none-any.whl.metadata (5.7 kB)
2025-08-24T20:58:43.6040446Z Collecting jmespath<2.0.0,>=0.7.1 (from boto3<2,>=1.16.39->python-amazon-sp-api==0.8.0->-r services/etl/requirements.txt (line 5))
2025-08-24T20:58:43.6051239Z   Using cached jmespath-1.0.1-py3-none-any.whl.metadata (7.6 kB)
2025-08-24T20:58:43.6251854Z Collecting s3transfer<0.14.0,>=0.13.0 (from boto3<2,>=1.16.39->python-amazon-sp-api==0.8.0->-r services/etl/requirements.txt (line 5))
2025-08-24T20:58:43.6262828Z   Using cached s3transfer-0.13.1-py3-none-any.whl.metadata (1.7 kB)
2025-08-24T20:58:43.6779652Z Collecting pyyaml (from confuse~=1.4.0->python-amazon-sp-api==0.8.0->-r services/etl/requirements.txt (line 5))
2025-08-24T20:58:43.6791432Z   Using cached PyYAML-6.0.2-cp312-cp312-manylinux_2_17_x86_64.manylinux2014_x86_64.whl.metadata (2.1 kB)
2025-08-24T20:58:43.7005677Z Collecting amqp<6.0.0,>=5.1.1 (from kombu<6.0,>=5.3.4->celery==5.3.*->-r services/etl/requirements.txt (line 3))
2025-08-24T20:58:43.7016613Z   Using cached amqp-5.3.1-py3-none-any.whl.metadata (8.9 kB)
2025-08-24T20:58:43.8651286Z Collecting prompt-toolkit>=3.0.36 (from click-repl>=0.2.0->celery==5.3.*->-r services/etl/requirements.txt (line 3))
2025-08-24T20:58:43.8662742Z   Using cached prompt_toolkit-3.0.51-py3-none-any.whl.metadata (6.4 kB)
2025-08-24T20:58:43.8842347Z Collecting wcwidth (from prompt-toolkit>=3.0.36->click-repl>=0.2.0->celery==5.3.*->-r services/etl/requirements.txt (line 3))
2025-08-24T20:58:43.8853463Z   Using cached wcwidth-0.2.13-py2.py3-none-any.whl.metadata (14 kB)
2025-08-24T20:58:43.8992975Z Collecting annotated-types>=0.6.0 (from pydantic->keepa==1.3.14->-r services/etl/requirements.txt (line 1))
2025-08-24T20:58:43.9004417Z   Using cached annotated_types-0.7.0-py3-none-any.whl.metadata (15 kB)
2025-08-24T20:58:44.5580861Z Collecting pydantic-core==2.33.2 (from pydantic->keepa==1.3.14->-r services/etl/requirements.txt (line 1))
2025-08-24T20:58:44.5594054Z   Using cached pydantic_core-2.33.2-cp312-cp312-manylinux_2_17_x86_64.manylinux2014_x86_64.whl.metadata (6.8 kB)
2025-08-24T20:58:44.5759885Z Collecting typing-inspection>=0.4.0 (from pydantic->keepa==1.3.14->-r services/etl/requirements.txt (line 1))
2025-08-24T20:58:44.5771526Z   Using cached typing_inspection-0.4.1-py3-none-any.whl.metadata (2.6 kB)
2025-08-24T20:58:44.6711219Z Collecting charset_normalizer<4,>=2 (from requests>=2.2->keepa==1.3.14->-r services/etl/requirements.txt (line 1))
2025-08-24T20:58:44.6723398Z   Using cached charset_normalizer-3.4.3-cp312-cp312-manylinux2014_x86_64.manylinux_2_17_x86_64.manylinux_2_28_x86_64.whl.metadata (36 kB)
2025-08-24T20:58:44.6941725Z Collecting idna<4,>=2.5 (from requests>=2.2->keepa==1.3.14->-r services/etl/requirements.txt (line 1))
2025-08-24T20:58:44.6952889Z   Using cached idna-3.10-py3-none-any.whl.metadata (10 kB)
2025-08-24T20:58:44.7344167Z Collecting mypy-extensions>=0.3.0 (from typing-inspect>=0.6.0->pandera==0.19.*->-r services/etl/requirements.txt (line 9))
2025-08-24T20:58:44.7355023Z   Using cached mypy_extensions-1.1.0-py3-none-any.whl.metadata (1.1 kB)
2025-08-24T20:58:44.7675290Z Collecting aiohappyeyeballs>=2.5.0 (from aiohttp->keepa==1.3.14->-r services/etl/requirements.txt (line 1))
2025-08-24T20:58:44.7686344Z   Using cached aiohappyeyeballs-2.6.1-py3-none-any.whl.metadata (5.9 kB)
2025-08-24T20:58:44.7808484Z Collecting aiosignal>=1.4.0 (from aiohttp->keepa==1.3.14->-r services/etl/requirements.txt (line 1))
2025-08-24T20:58:44.7819554Z   Using cached aiosignal-1.4.0-py3-none-any.whl.metadata (3.7 kB)
2025-08-24T20:58:44.7989976Z Collecting attrs>=17.3.0 (from aiohttp->keepa==1.3.14->-r services/etl/requirements.txt (line 1))
2025-08-24T20:58:44.8001847Z   Using cached attrs-25.3.0-py3-none-any.whl.metadata (10 kB)
2025-08-24T20:58:44.8979841Z Collecting frozenlist>=1.1.1 (from aiohttp->keepa==1.3.14->-r services/etl/requirements.txt (line 1))
2025-08-24T20:58:44.8992150Z   Using cached frozenlist-1.7.0-cp312-cp312-manylinux_2_5_x86_64.manylinux1_x86_64.manylinux_2_17_x86_64.manylinux2014_x86_64.whl.metadata (18 kB)
2025-08-24T20:58:45.1948590Z Collecting multidict<7.0,>=4.5 (from aiohttp->keepa==1.3.14->-r services/etl/requirements.txt (line 1))
2025-08-24T20:58:45.1962370Z   Using cached multidict-6.6.4-cp312-cp312-manylinux2014_x86_64.manylinux_2_17_x86_64.manylinux_2_28_x86_64.whl.metadata (5.3 kB)
2025-08-24T20:58:45.2407403Z Collecting propcache>=0.2.0 (from aiohttp->keepa==1.3.14->-r services/etl/requirements.txt (line 1))
2025-08-24T20:58:45.2420331Z   Using cached propcache-0.3.2-cp312-cp312-manylinux_2_17_x86_64.manylinux2014_x86_64.whl.metadata (12 kB)
2025-08-24T20:58:45.4771318Z Collecting yarl<2.0,>=1.17.0 (from aiohttp->keepa==1.3.14->-r services/etl/requirements.txt (line 1))
2025-08-24T20:58:45.4784103Z   Using cached yarl-1.20.1-cp312-cp312-manylinux_2_17_x86_64.manylinux2014_x86_64.whl.metadata (73 kB)
2025-08-24T20:58:45.5383156Z Using cached keepa-1.3.14-py3-none-any.whl (33 kB)
2025-08-24T20:58:45.5394187Z Using cached minio-7.1.15-py3-none-any.whl (77 kB)
2025-08-24T20:58:45.5405692Z Using cached python_amazon_sp_api-0.8.0-py3-none-any.whl (93 kB)
2025-08-24T20:58:45.5417298Z Using cached pydantic_settings-2.2.1-py3-none-any.whl (13 kB)
2025-08-24T20:58:45.5427799Z Using cached psycopg-3.2.9-py3-none-any.whl (202 kB)
2025-08-24T20:58:45.5439761Z Using cached sentry_sdk-2.9.0-py2.py3-none-any.whl (301 kB)
2025-08-24T20:58:45.5452849Z Using cached psycopg_binary-3.2.9-cp312-cp312-manylinux_2_17_x86_64.manylinux2014_x86_64.whl (4.4 MB)
2025-08-24T20:58:45.5496122Z Using cached celery-5.3.6-py3-none-any.whl (422 kB)
2025-08-24T20:58:45.5509865Z Using cached redis-5.3.1-py3-none-any.whl (272 kB)
2025-08-24T20:58:45.5522808Z Using cached numpy-1.26.4-cp312-cp312-manylinux_2_17_x86_64.manylinux2014_x86_64.whl (18.0 MB)
2025-08-24T20:58:45.5664913Z Using cached pandas-2.2.3-cp312-cp312-manylinux_2_17_x86_64.manylinux2014_x86_64.whl (12.7 MB)
2025-08-24T20:58:45.5766849Z Using cached pandera-0.19.3-py3-none-any.whl (251 kB)
2025-08-24T20:58:45.5779340Z Using cached openpyxl-3.1.5-py2.py3-none-any.whl (250 kB)
2025-08-24T20:58:45.5792045Z Using cached psycopg2_binary-2.9.10-cp312-cp312-manylinux_2_17_x86_64.manylinux2014_x86_64.whl (3.0 MB)
2025-08-24T20:58:45.5825180Z Using cached billiard-4.2.1-py3-none-any.whl (86 kB)
2025-08-24T20:58:45.5836435Z Using cached boto3-1.40.16-py3-none-any.whl (140 kB)
2025-08-24T20:58:45.5848162Z Using cached botocore-1.40.16-py3-none-any.whl (14.0 MB)
2025-08-24T20:58:45.5956757Z Using cached cachetools-4.2.4-py3-none-any.whl (10 kB)
2025-08-24T20:58:45.5967672Z Using cached click-8.2.1-py3-none-any.whl (102 kB)
2025-08-24T20:58:45.5979435Z Using cached confuse-1.4.0-py2.py3-none-any.whl (21 kB)
2025-08-24T20:58:45.5990600Z Using cached jmespath-1.0.1-py3-none-any.whl (20 kB)
2025-08-24T20:58:45.6001253Z Using cached kombu-5.5.4-py3-none-any.whl (210 kB)
2025-08-24T20:58:45.6013266Z Using cached vine-5.1.0-py3-none-any.whl (9.6 kB)
2025-08-24T20:58:45.6023917Z Using cached amqp-5.3.1-py3-none-any.whl (50 kB)
2025-08-24T20:58:45.6034950Z Using cached multimethod-1.10-py3-none-any.whl (9.9 kB)
2025-08-24T20:58:45.6045885Z Using cached python_dateutil-2.9.0.post0-py2.py3-none-any.whl (229 kB)
2025-08-24T20:58:45.6058036Z Using cached s3transfer-0.13.1-py3-none-any.whl (85 kB)
2025-08-24T20:58:45.6069455Z Using cached six-1.17.0-py2.py3-none-any.whl (11 kB)
2025-08-24T20:58:45.6080122Z Using cached urllib3-2.5.0-py3-none-any.whl (129 kB)
2025-08-24T20:58:45.6091692Z Using cached click_didyoumean-0.3.1-py3-none-any.whl (3.6 kB)
2025-08-24T20:58:45.6102265Z Using cached click_plugins-1.1.1.2-py2.py3-none-any.whl (11 kB)
2025-08-24T20:58:45.6112751Z Using cached click_repl-0.3.0-py3-none-any.whl (10 kB)
2025-08-24T20:58:45.6123508Z Using cached packaging-25.0-py3-none-any.whl (66 kB)
2025-08-24T20:58:45.6135178Z Using cached prompt_toolkit-3.0.51-py3-none-any.whl (387 kB)
2025-08-24T20:58:45.6149317Z Using cached pydantic-2.11.7-py3-none-any.whl (444 kB)
2025-08-24T20:58:45.6163364Z Using cached pydantic_core-2.33.2-cp312-cp312-manylinux_2_17_x86_64.manylinux2014_x86_64.whl (2.0 MB)
2025-08-24T20:58:45.6188408Z Using cached annotated_types-0.7.0-py3-none-any.whl (13 kB)
2025-08-24T20:58:45.6199296Z Using cached PyJWT-2.10.1-py3-none-any.whl (22 kB)
2025-08-24T20:58:45.6210318Z Using cached python_dotenv-1.1.1-py3-none-any.whl (20 kB)
2025-08-24T20:58:45.6221186Z Using cached pytz-2025.2-py2.py3-none-any.whl (509 kB)
2025-08-24T20:58:45.6235373Z Using cached requests-2.32.5-py3-none-any.whl (64 kB)
2025-08-24T20:58:45.6247088Z Using cached charset_normalizer-3.4.3-cp312-cp312-manylinux2014_x86_64.manylinux_2_17_x86_64.manylinux_2_28_x86_64.whl (151 kB)
2025-08-24T20:58:45.6258534Z Using cached idna-3.10-py3-none-any.whl (70 kB)
2025-08-24T20:58:45.6270111Z Using cached certifi-2025.8.3-py3-none-any.whl (161 kB)
2025-08-24T20:58:45.6282132Z Using cached typing_extensions-4.14.1-py3-none-any.whl (43 kB)
2025-08-24T20:58:45.6293326Z Using cached typing_inspect-0.9.0-py3-none-any.whl (8.8 kB)
2025-08-24T20:58:45.6304184Z Using cached mypy_extensions-1.1.0-py3-none-any.whl (5.0 kB)
2025-08-24T20:58:45.6315015Z Using cached typing_inspection-0.4.1-py3-none-any.whl (14 kB)
2025-08-24T20:58:45.6325744Z Using cached tzdata-2025.2-py2.py3-none-any.whl (347 kB)
2025-08-24T20:58:45.6339393Z Using cached aiohttp-3.12.15-cp312-cp312-manylinux_2_17_x86_64.manylinux2014_x86_64.whl (1.7 MB)
2025-08-24T20:58:45.6362808Z Using cached multidict-6.6.4-cp312-cp312-manylinux2014_x86_64.manylinux_2_17_x86_64.manylinux_2_28_x86_64.whl (256 kB)
2025-08-24T20:58:45.6375066Z Using cached yarl-1.20.1-cp312-cp312-manylinux_2_17_x86_64.manylinux2014_x86_64.whl (355 kB)
2025-08-24T20:58:45.6388485Z Using cached aiohappyeyeballs-2.6.1-py3-none-any.whl (15 kB)
2025-08-24T20:58:45.6414817Z Using cached aiosignal-1.4.0-py3-none-any.whl (7.5 kB)
2025-08-24T20:58:45.6416148Z Using cached attrs-25.3.0-py3-none-any.whl (63 kB)
2025-08-24T20:58:45.6422781Z Using cached frozenlist-1.7.0-cp312-cp312-manylinux_2_5_x86_64.manylinux1_x86_64.manylinux_2_17_x86_64.manylinux2014_x86_64.whl (241 kB)
2025-08-24T20:58:45.6435282Z Using cached propcache-0.3.2-cp312-cp312-manylinux_2_17_x86_64.manylinux2014_x86_64.whl (224 kB)
2025-08-24T20:58:45.6447534Z Using cached et_xmlfile-2.0.0-py3-none-any.whl (18 kB)
2025-08-24T20:58:45.6458791Z Using cached pycryptodome-3.23.0-cp37-abi3-manylinux_2_17_x86_64.manylinux2014_x86_64.whl (2.3 MB)
2025-08-24T20:58:45.6486307Z Using cached PyYAML-6.0.2-cp312-cp312-manylinux_2_17_x86_64.manylinux2014_x86_64.whl (767 kB)
2025-08-24T20:58:45.6502532Z Using cached tqdm-4.67.1-py3-none-any.whl (78 kB)
2025-08-24T20:58:45.6513470Z Using cached typeguard-4.4.4-py3-none-any.whl (34 kB)
2025-08-24T20:58:45.6524241Z Using cached wcwidth-0.2.13-py2.py3-none-any.whl (34 kB)
2025-08-24T20:58:45.6535451Z Using cached wrapt-1.17.3-cp312-cp312-manylinux1_x86_64.manylinux_2_28_x86_64.manylinux_2_5_x86_64.whl (88 kB)
2025-08-24T20:58:45.9185647Z Installing collected packages: wcwidth, pytz, wrapt, vine, urllib3, tzdata, typing-extensions, tqdm, six, pyyaml, python-dotenv, PyJWT, pycryptodome, psycopg2-binary, psycopg-binary, propcache, prompt-toolkit, packaging, numpy, mypy-extensions, multimethod, multidict, jmespath, idna, frozenlist, et-xmlfile, click, charset_normalizer, certifi, cachetools, billiard, attrs, annotated-types, aiohappyeyeballs, yarl, typing-inspection, typing-inspect, typeguard, sentry-sdk, requests, redis, python-dateutil, pydantic-core, psycopg, openpyxl, minio, confuse, click-repl, click-plugins, click-didyoumean, amqp, aiosignal, pydantic, pandas, kombu, botocore, aiohttp, s3transfer, pydantic-settings, pandera, keepa, celery, boto3, python-amazon-sp-api
2025-08-24T20:58:57.1952055Z 
2025-08-24T20:58:57.2014210Z Successfully installed PyJWT-2.10.1 aiohappyeyeballs-2.6.1 aiohttp-3.12.15 aiosignal-1.4.0 amqp-5.3.1 annotated-types-0.7.0 attrs-25.3.0 billiard-4.2.1 boto3-1.40.16 botocore-1.40.16 cachetools-4.2.4 celery-5.3.6 certifi-2025.8.3 charset_normalizer-3.4.3 click-8.2.1 click-didyoumean-0.3.1 click-plugins-1.1.1.2 click-repl-0.3.0 confuse-1.4.0 et-xmlfile-2.0.0 frozenlist-1.7.0 idna-3.10 jmespath-1.0.1 keepa-1.3.14 kombu-5.5.4 minio-7.1.15 multidict-6.6.4 multimethod-1.10 mypy-extensions-1.1.0 numpy-1.26.4 openpyxl-3.1.5 packaging-25.0 pandas-2.2.3 pandera-0.19.3 prompt-toolkit-3.0.51 propcache-0.3.2 psycopg-3.2.9 psycopg-binary-3.2.9 psycopg2-binary-2.9.10 pycryptodome-3.23.0 pydantic-2.11.7 pydantic-core-2.33.2 pydantic-settings-2.2.1 python-amazon-sp-api-0.8.0 python-dateutil-2.9.0.post0 python-dotenv-1.1.1 pytz-2025.2 pyyaml-6.0.2 redis-5.3.1 requests-2.32.5 s3transfer-0.13.1 sentry-sdk-2.9.0 six-1.17.0 tqdm-4.67.1 typeguard-4.4.4 typing-extensions-4.14.1 typing-inspect-0.9.0 typing-inspection-0.4.1 tzdata-2025.2 urllib3-2.5.0 vine-5.1.0 wcwidth-0.2.13 wrapt-1.17.3 yarl-1.20.1
2025-08-24T20:58:58.1573816Z Collecting uvicorn==0.29.0 (from -r services/api/requirements.txt (line 1))
2025-08-24T20:58:58.1587151Z   Using cached uvicorn-0.29.0-py3-none-any.whl.metadata (6.3 kB)
2025-08-24T20:58:58.1623710Z Requirement already satisfied: pydantic-settings==2.2.1 in /opt/hostedtoolcache/Python/3.12.11/x64/lib/python3.12/site-packages (from -r services/api/requirements.txt (line 2)) (2.2.1)
2025-08-24T20:58:58.2045744Z Collecting fastapi==0.111.0 (from -r services/api/requirements.txt (line 3))
2025-08-24T20:58:58.2057435Z   Using cached fastapi-0.111.0-py3-none-any.whl.metadata (25 kB)
2025-08-24T20:58:58.4861871Z Collecting sqlalchemy==2.0.29 (from -r services/api/requirements.txt (line 4))
2025-08-24T20:58:58.4874337Z   Using cached SQLAlchemy-2.0.29-cp312-cp312-manylinux_2_17_x86_64.manylinux2014_x86_64.whl.metadata (9.6 kB)
2025-08-24T20:58:58.5488597Z Collecting alembic==1.13.1 (from -r services/api/requirements.txt (line 5))
2025-08-24T20:58:58.5499690Z   Using cached alembic-1.13.1-py3-none-any.whl.metadata (7.4 kB)
2025-08-24T20:58:58.5524874Z Requirement already satisfied: psycopg==3.2.9 in /opt/hostedtoolcache/Python/3.12.11/x64/lib/python3.12/site-packages (from psycopg[binary]==3.2.9->-r services/api/requirements.txt (line 6)) (3.2.9)
2025-08-24T20:58:58.6621152Z Collecting httpx==0.27.2 (from -r services/api/requirements.txt (line 7))
2025-08-24T20:58:58.6638585Z   Using cached httpx-0.27.2-py3-none-any.whl.metadata (7.1 kB)
2025-08-24T20:58:58.7068653Z Collecting asyncpg==0.29.0 (from -r services/api/requirements.txt (line 8))
2025-08-24T20:58:58.7079769Z   Using cached asyncpg-0.29.0-cp312-cp312-manylinux_2_17_x86_64.manylinux2014_x86_64.whl.metadata (4.4 kB)
2025-08-24T20:58:58.9708916Z Collecting boto3==1.34.162 (from -r services/api/requirements.txt (line 9))
2025-08-24T20:58:58.9722992Z   Using cached boto3-1.34.162-py3-none-any.whl.metadata (6.6 kB)
2025-08-24T20:58:58.9902349Z Collecting Jinja2==3.1.5 (from -r services/api/requirements.txt (line 10))
2025-08-24T20:58:58.9913799Z   Using cached jinja2-3.1.5-py3-none-any.whl.metadata (2.6 kB)
2025-08-24T20:58:58.9931854Z Requirement already satisfied: celery==5.3.* in /opt/hostedtoolcache/Python/3.12.11/x64/lib/python3.12/site-packages (from -r services/api/requirements.txt (line 11)) (5.3.6)
2025-08-24T20:58:59.0081153Z Collecting structlog==24.1.0 (from -r services/api/requirements.txt (line 12))
2025-08-24T20:58:59.0091749Z   Using cached structlog-24.1.0-py3-none-any.whl.metadata (6.9 kB)
2025-08-24T20:58:59.0276584Z Collecting asgi-correlation-id==4.3.1 (from -r services/api/requirements.txt (line 13))
2025-08-24T20:58:59.0287395Z   Using cached asgi_correlation_id-4.3.1-py3-none-any.whl.metadata (28 kB)
2025-08-24T20:58:59.0452571Z Collecting fastapi-limiter==0.1.6 (from -r services/api/requirements.txt (line 14))
2025-08-24T20:58:59.0463524Z   Using cached fastapi_limiter-0.1.6-py3-none-any.whl.metadata (5.3 kB)
2025-08-24T20:58:59.0742181Z Collecting redis==5.0.8 (from -r services/api/requirements.txt (line 15))
2025-08-24T20:58:59.0755049Z   Using cached redis-5.0.8-py3-none-any.whl.metadata (9.2 kB)
2025-08-24T20:58:59.0786408Z Requirement already satisfied: sentry-sdk==2.9.0 in /opt/hostedtoolcache/Python/3.12.11/x64/lib/python3.12/site-packages (from sentry-sdk[celery,fastapi,sqlalchemy]==2.9.0->-r services/api/requirements.txt (line 16)) (2.9.0)
2025-08-24T20:58:59.0981937Z Collecting imapclient==3.0.1 (from -r services/api/requirements.txt (line 17))
2025-08-24T20:58:59.1162074Z   Using cached IMAPClient-3.0.1-py2.py3-none-any.whl.metadata (1.7 kB)
2025-08-24T20:58:59.1188510Z Requirement already satisfied: click>=7.0 in /opt/hostedtoolcache/Python/3.12.11/x64/lib/python3.12/site-packages (from uvicorn==0.29.0->-r services/api/requirements.txt (line 1)) (8.2.1)
2025-08-24T20:58:59.1310184Z Collecting h11>=0.8 (from uvicorn==0.29.0->-r services/api/requirements.txt (line 1))
2025-08-24T20:58:59.1321062Z   Using cached h11-0.16.0-py3-none-any.whl.metadata (8.3 kB)
2025-08-24T20:58:59.1348988Z Requirement already satisfied: pydantic>=2.3.0 in /opt/hostedtoolcache/Python/3.12.11/x64/lib/python3.12/site-packages (from pydantic-settings==2.2.1->-r services/api/requirements.txt (line 2)) (2.11.7)
2025-08-24T20:58:59.1353940Z Requirement already satisfied: python-dotenv>=0.21.0 in /opt/hostedtoolcache/Python/3.12.11/x64/lib/python3.12/site-packages (from pydantic-settings==2.2.1->-r services/api/requirements.txt (line 2)) (1.1.1)
2025-08-24T20:58:59.1718571Z Collecting starlette<0.38.0,>=0.37.2 (from fastapi==0.111.0->-r services/api/requirements.txt (line 3))
2025-08-24T20:58:59.1729344Z   Using cached starlette-0.37.2-py3-none-any.whl.metadata (5.9 kB)
2025-08-24T20:58:59.1758370Z Requirement already satisfied: typing-extensions>=4.8.0 in /opt/hostedtoolcache/Python/3.12.11/x64/lib/python3.12/site-packages (from fastapi==0.111.0->-r services/api/requirements.txt (line 3)) (4.14.1)
2025-08-24T20:58:59.1992730Z Collecting fastapi-cli>=0.0.2 (from fastapi==0.111.0->-r services/api/requirements.txt (line 3))
2025-08-24T20:58:59.2003399Z   Using cached fastapi_cli-0.0.8-py3-none-any.whl.metadata (6.3 kB)
2025-08-24T20:58:59.2666125Z Collecting python-multipart>=0.0.7 (from fastapi==0.111.0->-r services/api/requirements.txt (line 3))
2025-08-24T20:58:59.2677736Z   Using cached python_multipart-0.0.20-py3-none-any.whl.metadata (1.8 kB)
2025-08-24T20:58:59.3322816Z Collecting ujson!=4.0.2,!=4.1.0,!=4.2.0,!=4.3.0,!=5.0.0,!=5.1.0,>=4.0.1 (from fastapi==0.111.0->-r services/api/requirements.txt (line 3))
2025-08-24T20:58:59.3334087Z   Using cached ujson-5.11.0-cp312-cp312-manylinux_2_24_x86_64.manylinux_2_28_x86_64.whl.metadata (9.4 kB)
2025-08-24T20:58:59.5623374Z Collecting orjson>=3.2.1 (from fastapi==0.111.0->-r services/api/requirements.txt (line 3))
2025-08-24T20:58:59.5636244Z   Using cached orjson-3.11.2-cp312-cp312-manylinux_2_17_x86_64.manylinux2014_x86_64.whl.metadata (1.2 kB)
2025-08-24T20:58:59.5788032Z Collecting email_validator>=2.0.0 (from fastapi==0.111.0->-r services/api/requirements.txt (line 3))
2025-08-24T20:58:59.5798798Z   Using cached email_validator-2.2.0-py3-none-any.whl.metadata (25 kB)
2025-08-24T20:58:59.7091280Z Collecting greenlet!=0.4.17 (from sqlalchemy==2.0.29->-r services/api/requirements.txt (line 4))
2025-08-24T20:58:59.7103778Z   Using cached greenlet-3.2.4-cp312-cp312-manylinux_2_24_x86_64.manylinux_2_28_x86_64.whl.metadata (4.1 kB)
2025-08-24T20:58:59.7433488Z Collecting Mako (from alembic==1.13.1->-r services/api/requirements.txt (line 5))
2025-08-24T20:58:59.7444100Z   Using cached mako-1.3.10-py3-none-any.whl.metadata (2.9 kB)
2025-08-24T20:58:59.7701072Z Collecting anyio (from httpx==0.27.2->-r services/api/requirements.txt (line 7))
2025-08-24T20:58:59.7711849Z   Using cached anyio-4.10.0-py3-none-any.whl.metadata (4.0 kB)
2025-08-24T20:58:59.7733865Z Requirement already satisfied: certifi in /opt/hostedtoolcache/Python/3.12.11/x64/lib/python3.12/site-packages (from httpx==0.27.2->-r services/api/requirements.txt (line 7)) (2025.8.3)
2025-08-24T20:58:59.7926930Z Collecting httpcore==1.* (from httpx==0.27.2->-r services/api/requirements.txt (line 7))
2025-08-24T20:58:59.7937745Z   Using cached httpcore-1.0.9-py3-none-any.whl.metadata (21 kB)
2025-08-24T20:58:59.7971001Z Requirement already satisfied: idna in /opt/hostedtoolcache/Python/3.12.11/x64/lib/python3.12/site-packages (from httpx==0.27.2->-r services/api/requirements.txt (line 7)) (3.10)
2025-08-24T20:58:59.8072911Z Collecting sniffio (from httpx==0.27.2->-r services/api/requirements.txt (line 7))
2025-08-24T20:58:59.8084340Z   Using cached sniffio-1.3.1-py3-none-any.whl.metadata (3.9 kB)
2025-08-24T20:59:00.1939670Z Collecting botocore<1.35.0,>=1.34.162 (from boto3==1.34.162->-r services/api/requirements.txt (line 9))
2025-08-24T20:59:00.1952507Z   Using cached botocore-1.34.162-py3-none-any.whl.metadata (5.7 kB)
2025-08-24T20:59:00.1979578Z Requirement already satisfied: jmespath<2.0.0,>=0.7.1 in /opt/hostedtoolcache/Python/3.12.11/x64/lib/python3.12/site-packages (from boto3==1.34.162->-r services/api/requirements.txt (line 9)) (1.0.1)
2025-08-24T20:59:00.2402129Z Collecting s3transfer<0.11.0,>=0.10.0 (from boto3==1.34.162->-r services/api/requirements.txt (line 9))
2025-08-24T20:59:00.2413288Z   Using cached s3transfer-0.10.4-py3-none-any.whl.metadata (1.7 kB)
2025-08-24T20:59:00.2903913Z Collecting MarkupSafe>=2.0 (from Jinja2==3.1.5->-r services/api/requirements.txt (line 10))
2025-08-24T20:59:00.2915579Z   Using cached MarkupSafe-3.0.2-cp312-cp312-manylinux_2_17_x86_64.manylinux2014_x86_64.whl.metadata (4.0 kB)
2025-08-24T20:59:00.3167685Z Requirement already satisfied: urllib3>=1.26.11 in /opt/hostedtoolcache/Python/3.12.11/x64/lib/python3.12/site-packages (from sentry-sdk==2.9.0->sentry-sdk[celery,fastapi,sqlalchemy]==2.9.0->-r services/api/requirements.txt (line 16)) (2.5.0)
2025-08-24T20:59:00.3291312Z Requirement already satisfied: psycopg-binary==3.2.9 in /opt/hostedtoolcache/Python/3.12.11/x64/lib/python3.12/site-packages (from psycopg[binary]==3.2.9->-r services/api/requirements.txt (line 6)) (3.2.9)
2025-08-24T20:59:00.3636633Z Requirement already satisfied: billiard<5.0,>=4.2.0 in /opt/hostedtoolcache/Python/3.12.11/x64/lib/python3.12/site-packages (from celery==5.3.*->-r services/api/requirements.txt (line 11)) (4.2.1)
2025-08-24T20:59:00.3642092Z Requirement already satisfied: click-didyoumean>=0.3.0 in /opt/hostedtoolcache/Python/3.12.11/x64/lib/python3.12/site-packages (from celery==5.3.*->-r services/api/requirements.txt (line 11)) (0.3.1)
2025-08-24T20:59:00.3648725Z Requirement already satisfied: click-plugins>=1.1.1 in /opt/hostedtoolcache/Python/3.12.11/x64/lib/python3.12/site-packages (from celery==5.3.*->-r services/api/requirements.txt (line 11)) (1.1.1.2)
2025-08-24T20:59:00.3654397Z Requirement already satisfied: click-repl>=0.2.0 in /opt/hostedtoolcache/Python/3.12.11/x64/lib/python3.12/site-packages (from celery==5.3.*->-r services/api/requirements.txt (line 11)) (0.3.0)
2025-08-24T20:59:00.3663566Z Requirement already satisfied: kombu<6.0,>=5.3.4 in /opt/hostedtoolcache/Python/3.12.11/x64/lib/python3.12/site-packages (from celery==5.3.*->-r services/api/requirements.txt (line 11)) (5.5.4)
2025-08-24T20:59:00.3669467Z Requirement already satisfied: python-dateutil>=2.8.2 in /opt/hostedtoolcache/Python/3.12.11/x64/lib/python3.12/site-packages (from celery==5.3.*->-r services/api/requirements.txt (line 11)) (2.9.0.post0)
2025-08-24T20:59:00.3675053Z Requirement already satisfied: tzdata>=2022.7 in /opt/hostedtoolcache/Python/3.12.11/x64/lib/python3.12/site-packages (from celery==5.3.*->-r services/api/requirements.txt (line 11)) (2025.2)
2025-08-24T20:59:00.3681206Z Requirement already satisfied: vine<6.0,>=5.1.0 in /opt/hostedtoolcache/Python/3.12.11/x64/lib/python3.12/site-packages (from celery==5.3.*->-r services/api/requirements.txt (line 11)) (5.1.0)
2025-08-24T20:59:00.3812993Z Requirement already satisfied: amqp<6.0.0,>=5.1.1 in /opt/hostedtoolcache/Python/3.12.11/x64/lib/python3.12/site-packages (from kombu<6.0,>=5.3.4->celery==5.3.*->-r services/api/requirements.txt (line 11)) (5.3.1)
2025-08-24T20:59:00.3823284Z Requirement already satisfied: packaging in /opt/hostedtoolcache/Python/3.12.11/x64/lib/python3.12/site-packages (from kombu<6.0,>=5.3.4->celery==5.3.*->-r services/api/requirements.txt (line 11)) (25.0)
2025-08-24T20:59:00.3888957Z Requirement already satisfied: annotated-types>=0.6.0 in /opt/hostedtoolcache/Python/3.12.11/x64/lib/python3.12/site-packages (from pydantic>=2.3.0->pydantic-settings==2.2.1->-r services/api/requirements.txt (line 2)) (0.7.0)
2025-08-24T20:59:00.3894128Z Requirement already satisfied: pydantic-core==2.33.2 in /opt/hostedtoolcache/Python/3.12.11/x64/lib/python3.12/site-packages (from pydantic>=2.3.0->pydantic-settings==2.2.1->-r services/api/requirements.txt (line 2)) (2.33.2)
2025-08-24T20:59:00.3902970Z Requirement already satisfied: typing-inspection>=0.4.0 in /opt/hostedtoolcache/Python/3.12.11/x64/lib/python3.12/site-packages (from pydantic>=2.3.0->pydantic-settings==2.2.1->-r services/api/requirements.txt (line 2)) (0.4.1)
2025-08-24T20:59:00.3937789Z Requirement already satisfied: six>=1.5 in /opt/hostedtoolcache/Python/3.12.11/x64/lib/python3.12/site-packages (from python-dateutil>=2.8.2->celery==5.3.*->-r services/api/requirements.txt (line 11)) (1.17.0)
2025-08-24T20:59:00.5417409Z Requirement already satisfied: prompt-toolkit>=3.0.36 in /opt/hostedtoolcache/Python/3.12.11/x64/lib/python3.12/site-packages (from click-repl>=0.2.0->celery==5.3.*->-r services/api/requirements.txt (line 11)) (3.0.51)
2025-08-24T20:59:00.5572855Z Collecting dnspython>=2.0.0 (from email_validator>=2.0.0->fastapi==0.111.0->-r services/api/requirements.txt (line 3))
2025-08-24T20:59:00.5584119Z   Using cached dnspython-2.7.0-py3-none-any.whl.metadata (5.8 kB)
2025-08-24T20:59:00.5824230Z Collecting typer>=0.15.1 (from fastapi-cli>=0.0.2->fastapi==0.111.0->-r services/api/requirements.txt (line 3))
2025-08-24T20:59:00.5836825Z   Using cached typer-0.16.1-py3-none-any.whl.metadata (15 kB)
2025-08-24T20:59:00.6102986Z Collecting rich-toolkit>=0.14.8 (from fastapi-cli>=0.0.2->fastapi==0.111.0->-r services/api/requirements.txt (line 3))
2025-08-24T20:59:00.6114242Z   Using cached rich_toolkit-0.15.0-py3-none-any.whl.metadata (1.0 kB)
2025-08-24T20:59:00.6208133Z Requirement already satisfied: wcwidth in /opt/hostedtoolcache/Python/3.12.11/x64/lib/python3.12/site-packages (from prompt-toolkit>=3.0.36->click-repl>=0.2.0->celery==5.3.*->-r services/api/requirements.txt (line 11)) (0.2.13)
2025-08-24T20:59:00.6636538Z Collecting rich>=13.7.1 (from rich-toolkit>=0.14.8->fastapi-cli>=0.0.2->fastapi==0.111.0->-r services/api/requirements.txt (line 3))
2025-08-24T20:59:00.6647605Z   Using cached rich-14.1.0-py3-none-any.whl.metadata (18 kB)
2025-08-24T20:59:00.6844375Z Collecting markdown-it-py>=2.2.0 (from rich>=13.7.1->rich-toolkit>=0.14.8->fastapi-cli>=0.0.2->fastapi==0.111.0->-r services/api/requirements.txt (line 3))
2025-08-24T20:59:00.6855862Z   Using cached markdown_it_py-4.0.0-py3-none-any.whl.metadata (7.3 kB)
2025-08-24T20:59:00.7115169Z Collecting pygments<3.0.0,>=2.13.0 (from rich>=13.7.1->rich-toolkit>=0.14.8->fastapi-cli>=0.0.2->fastapi==0.111.0->-r services/api/requirements.txt (line 3))
2025-08-24T20:59:00.7126620Z   Using cached pygments-2.19.2-py3-none-any.whl.metadata (2.5 kB)
2025-08-24T20:59:00.7271347Z Collecting mdurl~=0.1 (from markdown-it-py>=2.2.0->rich>=13.7.1->rich-toolkit>=0.14.8->fastapi-cli>=0.0.2->fastapi==0.111.0->-r services/api/requirements.txt (line 3))
2025-08-24T20:59:00.7282417Z   Using cached mdurl-0.1.2-py3-none-any.whl.metadata (1.6 kB)
2025-08-24T20:59:00.7494992Z Collecting shellingham>=1.3.0 (from typer>=0.15.1->fastapi-cli>=0.0.2->fastapi==0.111.0->-r services/api/requirements.txt (line 3))
2025-08-24T20:59:00.7506378Z   Using cached shellingham-1.5.4-py2.py3-none-any.whl.metadata (3.5 kB)
2025-08-24T20:59:00.7999970Z Collecting httptools>=0.5.0 (from uvicorn[standard]>=0.12.0->fastapi==0.111.0->-r services/api/requirements.txt (line 3))
2025-08-24T20:59:00.8012089Z   Using cached httptools-0.6.4-cp312-cp312-manylinux_2_5_x86_64.manylinux1_x86_64.manylinux_2_17_x86_64.manylinux2014_x86_64.whl.metadata (3.6 kB)
2025-08-24T20:59:00.8037357Z Requirement already satisfied: pyyaml>=5.1 in /opt/hostedtoolcache/Python/3.12.11/x64/lib/python3.12/site-packages (from uvicorn[standard]>=0.12.0->fastapi==0.111.0->-r services/api/requirements.txt (line 3)) (6.0.2)
2025-08-24T20:59:00.8417954Z Collecting uvloop!=0.15.0,!=0.15.1,>=0.14.0 (from uvicorn[standard]>=0.12.0->fastapi==0.111.0->-r services/api/requirements.txt (line 3))
2025-08-24T20:59:00.8429846Z   Using cached uvloop-0.21.0-cp312-cp312-manylinux_2_17_x86_64.manylinux2014_x86_64.whl.metadata (4.9 kB)
2025-08-24T20:59:00.9253092Z Collecting watchfiles>=0.13 (from uvicorn[standard]>=0.12.0->fastapi==0.111.0->-r services/api/requirements.txt (line 3))
2025-08-24T20:59:00.9265051Z   Using cached watchfiles-1.1.0-cp312-cp312-manylinux_2_17_x86_64.manylinux2014_x86_64.whl.metadata (4.9 kB)
2025-08-24T20:59:01.0132815Z Collecting websockets>=10.4 (from uvicorn[standard]>=0.12.0->fastapi==0.111.0->-r services/api/requirements.txt (line 3))
2025-08-24T20:59:01.0145777Z   Using cached websockets-15.0.1-cp312-cp312-manylinux_2_5_x86_64.manylinux1_x86_64.manylinux_2_17_x86_64.manylinux2014_x86_64.whl.metadata (6.8 kB)
2025-08-24T20:59:01.0849298Z Using cached uvicorn-0.29.0-py3-none-any.whl (60 kB)
2025-08-24T20:59:01.0860640Z Using cached fastapi-0.111.0-py3-none-any.whl (91 kB)
2025-08-24T20:59:01.0872714Z Using cached SQLAlchemy-2.0.29-cp312-cp312-manylinux_2_17_x86_64.manylinux2014_x86_64.whl (3.2 MB)
2025-08-24T20:59:01.0907813Z Using cached alembic-1.13.1-py3-none-any.whl (233 kB)
2025-08-24T20:59:01.0920248Z Using cached httpx-0.27.2-py3-none-any.whl (76 kB)
2025-08-24T20:59:01.0932003Z Using cached asyncpg-0.29.0-cp312-cp312-manylinux_2_17_x86_64.manylinux2014_x86_64.whl (3.3 MB)
2025-08-24T20:59:01.0966811Z Using cached boto3-1.34.162-py3-none-any.whl (139 kB)
2025-08-24T20:59:01.0978610Z Using cached jinja2-3.1.5-py3-none-any.whl (134 kB)
2025-08-24T20:59:01.0990260Z Using cached structlog-24.1.0-py3-none-any.whl (65 kB)
2025-08-24T20:59:01.1001567Z Using cached asgi_correlation_id-4.3.1-py3-none-any.whl (15 kB)
2025-08-24T20:59:01.1012509Z Using cached fastapi_limiter-0.1.6-py3-none-any.whl (15 kB)
2025-08-24T20:59:01.1023325Z Using cached redis-5.0.8-py3-none-any.whl (255 kB)
2025-08-24T20:59:01.1036179Z Using cached IMAPClient-3.0.1-py2.py3-none-any.whl (182 kB)
2025-08-24T20:59:01.1048267Z Using cached botocore-1.34.162-py3-none-any.whl (12.5 MB)
2025-08-24T20:59:01.1151866Z Using cached httpcore-1.0.9-py3-none-any.whl (78 kB)
2025-08-24T20:59:01.1163157Z Using cached s3transfer-0.10.4-py3-none-any.whl (83 kB)
2025-08-24T20:59:01.1174806Z Using cached starlette-0.37.2-py3-none-any.whl (71 kB)
2025-08-24T20:59:01.1186307Z Using cached anyio-4.10.0-py3-none-any.whl (107 kB)
2025-08-24T20:59:01.1197974Z Using cached email_validator-2.2.0-py3-none-any.whl (33 kB)
2025-08-24T20:59:01.1209175Z Using cached dnspython-2.7.0-py3-none-any.whl (313 kB)
2025-08-24T20:59:01.1222185Z Using cached fastapi_cli-0.0.8-py3-none-any.whl (10 kB)
2025-08-24T20:59:01.1233861Z Using cached greenlet-3.2.4-cp312-cp312-manylinux_2_24_x86_64.manylinux_2_28_x86_64.whl (607 kB)
2025-08-24T20:59:01.1250180Z Using cached h11-0.16.0-py3-none-any.whl (37 kB)
2025-08-24T20:59:01.1261964Z Using cached MarkupSafe-3.0.2-cp312-cp312-manylinux_2_17_x86_64.manylinux2014_x86_64.whl (23 kB)
2025-08-24T20:59:01.1273341Z Using cached orjson-3.11.2-cp312-cp312-manylinux_2_17_x86_64.manylinux2014_x86_64.whl (121 kB)
2025-08-24T20:59:01.1285231Z Using cached python_multipart-0.0.20-py3-none-any.whl (24 kB)
2025-08-24T20:59:01.1296404Z Using cached rich_toolkit-0.15.0-py3-none-any.whl (29 kB)
2025-08-24T20:59:01.1307448Z Using cached rich-14.1.0-py3-none-any.whl (243 kB)
2025-08-24T20:59:01.1320251Z Using cached pygments-2.19.2-py3-none-any.whl (1.2 MB)
2025-08-24T20:59:01.1339942Z Using cached markdown_it_py-4.0.0-py3-none-any.whl (87 kB)
2025-08-24T20:59:01.1351466Z Using cached mdurl-0.1.2-py3-none-any.whl (10.0 kB)
2025-08-24T20:59:01.1362437Z Using cached sniffio-1.3.1-py3-none-any.whl (10 kB)
2025-08-24T20:59:01.1373293Z Using cached typer-0.16.1-py3-none-any.whl (46 kB)
2025-08-24T20:59:01.1385125Z Using cached shellingham-1.5.4-py2.py3-none-any.whl (9.8 kB)
2025-08-24T20:59:01.1396350Z Using cached ujson-5.11.0-cp312-cp312-manylinux_2_24_x86_64.manylinux_2_28_x86_64.whl (57 kB)
2025-08-24T20:59:01.1408275Z Using cached httptools-0.6.4-cp312-cp312-manylinux_2_5_x86_64.manylinux1_x86_64.manylinux_2_17_x86_64.manylinux2014_x86_64.whl (510 kB)
2025-08-24T20:59:01.1422854Z Using cached uvloop-0.21.0-cp312-cp312-manylinux_2_17_x86_64.manylinux2014_x86_64.whl (4.7 MB)
2025-08-24T20:59:01.1466753Z Using cached watchfiles-1.1.0-cp312-cp312-manylinux_2_17_x86_64.manylinux2014_x86_64.whl (452 kB)
2025-08-24T20:59:01.1481237Z Using cached websockets-15.0.1-cp312-cp312-manylinux_2_5_x86_64.manylinux1_x86_64.manylinux_2_17_x86_64.manylinux2014_x86_64.whl (182 kB)
2025-08-24T20:59:01.1493111Z Using cached mako-1.3.10-py3-none-any.whl (78 kB)
2025-08-24T20:59:01.3426278Z Installing collected packages: websockets, uvloop, ujson, structlog, sniffio, shellingham, redis, python-multipart, pygments, orjson, mdurl, MarkupSafe, imapclient, httptools, h11, greenlet, dnspython, asyncpg, uvicorn, sqlalchemy, markdown-it-py, Mako, Jinja2, httpcore, email_validator, botocore, anyio, watchfiles, starlette, s3transfer, rich, httpx, alembic, typer, rich-toolkit, boto3, asgi-correlation-id, fastapi-cli, fastapi, fastapi-limiter
2025-08-24T20:59:01.5772572Z   Attempting uninstall: redis
2025-08-24T20:59:01.5803666Z     Found existing installation: redis 5.3.1
2025-08-24T20:59:01.5881835Z     Uninstalling redis-5.3.1:
2025-08-24T20:59:01.5898762Z       Successfully uninstalled redis-5.3.1
2025-08-24T20:59:04.9747351Z   Attempting uninstall: botocore
2025-08-24T20:59:04.9779496Z     Found existing installation: botocore 1.40.16
2025-08-24T20:59:05.0405354Z     Uninstalling botocore-1.40.16:
2025-08-24T20:59:05.0647463Z       Successfully uninstalled botocore-1.40.16
2025-08-24T20:59:05.8360581Z   Attempting uninstall: s3transfer
2025-08-24T20:59:05.8405584Z     Found existing installation: s3transfer 0.13.1
2025-08-24T20:59:05.8431443Z     Uninstalling s3transfer-0.13.1:
2025-08-24T20:59:05.8439740Z       Successfully uninstalled s3transfer-0.13.1
2025-08-24T20:59:06.3607192Z   Attempting uninstall: boto3
2025-08-24T20:59:06.3638233Z     Found existing installation: boto3 1.40.16
2025-08-24T20:59:06.3699024Z     Uninstalling boto3-1.40.16:
2025-08-24T20:59:06.3717482Z       Successfully uninstalled boto3-1.40.16
2025-08-24T20:59:06.5286630Z 
2025-08-24T20:59:06.5373166Z Successfully installed Jinja2-3.1.5 Mako-1.3.10 MarkupSafe-3.0.2 alembic-1.13.1 anyio-4.10.0 asgi-correlation-id-4.3.1 asyncpg-0.29.0 boto3-1.34.162 botocore-1.34.162 dnspython-2.7.0 email_validator-2.2.0 fastapi-0.111.0 fastapi-cli-0.0.8 fastapi-limiter-0.1.6 greenlet-3.2.4 h11-0.16.0 httpcore-1.0.9 httptools-0.6.4 httpx-0.27.2 imapclient-3.0.1 markdown-it-py-4.0.0 mdurl-0.1.2 orjson-3.11.2 pygments-2.19.2 python-multipart-0.0.20 redis-5.0.8 rich-14.1.0 rich-toolkit-0.15.0 s3transfer-0.10.4 shellingham-1.5.4 sniffio-1.3.1 sqlalchemy-2.0.29 starlette-0.37.2 structlog-24.1.0 typer-0.16.1 ujson-5.11.0 uvicorn-0.29.0 uvloop-0.21.0 watchfiles-1.1.0 websockets-15.0.1
2025-08-24T20:59:07.1376843Z Requirement already satisfied: uvicorn==0.29.0 in /opt/hostedtoolcache/Python/3.12.11/x64/lib/python3.12/site-packages (from -r services/repricer/requirements.txt (line 1)) (0.29.0)
2025-08-24T20:59:07.1381601Z Requirement already satisfied: pydantic-settings==2.2.1 in /opt/hostedtoolcache/Python/3.12.11/x64/lib/python3.12/site-packages (from -r services/repricer/requirements.txt (line 2)) (2.2.1)
2025-08-24T20:59:07.1386990Z Requirement already satisfied: python-amazon-sp-api==0.8.0 in /opt/hostedtoolcache/Python/3.12.11/x64/lib/python3.12/site-packages (from -r services/repricer/requirements.txt (line 3)) (0.8.0)
2025-08-24T20:59:07.1392140Z Requirement already satisfied: fastapi==0.111.0 in /opt/hostedtoolcache/Python/3.12.11/x64/lib/python3.12/site-packages (from -r services/repricer/requirements.txt (line 4)) (0.111.0)
2025-08-24T20:59:07.1397591Z Requirement already satisfied: sqlalchemy==2.0.29 in /opt/hostedtoolcache/Python/3.12.11/x64/lib/python3.12/site-packages (from -r services/repricer/requirements.txt (line 5)) (2.0.29)
2025-08-24T20:59:07.1408928Z Requirement already satisfied: click>=7.0 in /opt/hostedtoolcache/Python/3.12.11/x64/lib/python3.12/site-packages (from uvicorn==0.29.0->-r services/repricer/requirements.txt (line 1)) (8.2.1)
2025-08-24T20:59:07.1414994Z Requirement already satisfied: h11>=0.8 in /opt/hostedtoolcache/Python/3.12.11/x64/lib/python3.12/site-packages (from uvicorn==0.29.0->-r services/repricer/requirements.txt (line 1)) (0.16.0)
2025-08-24T20:59:07.1437763Z Requirement already satisfied: pydantic>=2.3.0 in /opt/hostedtoolcache/Python/3.12.11/x64/lib/python3.12/site-packages (from pydantic-settings==2.2.1->-r services/repricer/requirements.txt (line 2)) (2.11.7)
2025-08-24T20:59:07.1443088Z Requirement already satisfied: python-dotenv>=0.21.0 in /opt/hostedtoolcache/Python/3.12.11/x64/lib/python3.12/site-packages (from pydantic-settings==2.2.1->-r services/repricer/requirements.txt (line 2)) (1.1.1)
2025-08-24T20:59:07.1454901Z Requirement already satisfied: requests in /opt/hostedtoolcache/Python/3.12.11/x64/lib/python3.12/site-packages (from python-amazon-sp-api==0.8.0->-r services/repricer/requirements.txt (line 3)) (2.32.5)
2025-08-24T20:59:07.1461679Z Requirement already satisfied: six<2,>=1.15 in /opt/hostedtoolcache/Python/3.12.11/x64/lib/python3.12/site-packages (from python-amazon-sp-api==0.8.0->-r services/repricer/requirements.txt (line 3)) (1.17.0)
2025-08-24T20:59:07.1469407Z Requirement already satisfied: boto3<2,>=1.16.39 in /opt/hostedtoolcache/Python/3.12.11/x64/lib/python3.12/site-packages (from python-amazon-sp-api==0.8.0->-r services/repricer/requirements.txt (line 3)) (1.34.162)
2025-08-24T20:59:07.1475740Z Requirement already satisfied: cachetools~=4.2.0 in /opt/hostedtoolcache/Python/3.12.11/x64/lib/python3.12/site-packages (from python-amazon-sp-api==0.8.0->-r services/repricer/requirements.txt (line 3)) (4.2.4)
2025-08-24T20:59:07.1479835Z Requirement already satisfied: pycryptodome in /opt/hostedtoolcache/Python/3.12.11/x64/lib/python3.12/site-packages (from python-amazon-sp-api==0.8.0->-r services/repricer/requirements.txt (line 3)) (3.23.0)
2025-08-24T20:59:07.1483659Z Requirement already satisfied: pytz in /opt/hostedtoolcache/Python/3.12.11/x64/lib/python3.12/site-packages (from python-amazon-sp-api==0.8.0->-r services/repricer/requirements.txt (line 3)) (2025.2)
2025-08-24T20:59:07.1490004Z Requirement already satisfied: confuse~=1.4.0 in /opt/hostedtoolcache/Python/3.12.11/x64/lib/python3.12/site-packages (from python-amazon-sp-api==0.8.0->-r services/repricer/requirements.txt (line 3)) (1.4.0)
2025-08-24T20:59:07.1505880Z Requirement already satisfied: starlette<0.38.0,>=0.37.2 in /opt/hostedtoolcache/Python/3.12.11/x64/lib/python3.12/site-packages (from fastapi==0.111.0->-r services/repricer/requirements.txt (line 4)) (0.37.2)
2025-08-24T20:59:07.1516639Z Requirement already satisfied: typing-extensions>=4.8.0 in /opt/hostedtoolcache/Python/3.12.11/x64/lib/python3.12/site-packages (from fastapi==0.111.0->-r services/repricer/requirements.txt (line 4)) (4.14.1)
2025-08-24T20:59:07.1522509Z Requirement already satisfied: fastapi-cli>=0.0.2 in /opt/hostedtoolcache/Python/3.12.11/x64/lib/python3.12/site-packages (from fastapi==0.111.0->-r services/repricer/requirements.txt (line 4)) (0.0.8)
2025-08-24T20:59:07.1528911Z Requirement already satisfied: httpx>=0.23.0 in /opt/hostedtoolcache/Python/3.12.11/x64/lib/python3.12/site-packages (from fastapi==0.111.0->-r services/repricer/requirements.txt (line 4)) (0.27.2)
2025-08-24T20:59:07.1536191Z Requirement already satisfied: jinja2>=2.11.2 in /opt/hostedtoolcache/Python/3.12.11/x64/lib/python3.12/site-packages (from fastapi==0.111.0->-r services/repricer/requirements.txt (line 4)) (3.1.5)
2025-08-24T20:59:07.1544154Z Requirement already satisfied: python-multipart>=0.0.7 in /opt/hostedtoolcache/Python/3.12.11/x64/lib/python3.12/site-packages (from fastapi==0.111.0->-r services/repricer/requirements.txt (line 4)) (0.0.20)
2025-08-24T20:59:07.1559052Z Requirement already satisfied: ujson!=4.0.2,!=4.1.0,!=4.2.0,!=4.3.0,!=5.0.0,!=5.1.0,>=4.0.1 in /opt/hostedtoolcache/Python/3.12.11/x64/lib/python3.12/site-packages (from fastapi==0.111.0->-r services/repricer/requirements.txt (line 4)) (5.11.0)
2025-08-24T20:59:07.1565463Z Requirement already satisfied: orjson>=3.2.1 in /opt/hostedtoolcache/Python/3.12.11/x64/lib/python3.12/site-packages (from fastapi==0.111.0->-r services/repricer/requirements.txt (line 4)) (3.11.2)
2025-08-24T20:59:07.1570824Z Requirement already satisfied: email_validator>=2.0.0 in /opt/hostedtoolcache/Python/3.12.11/x64/lib/python3.12/site-packages (from fastapi==0.111.0->-r services/repricer/requirements.txt (line 4)) (2.2.0)
2025-08-24T20:59:07.1620264Z Requirement already satisfied: greenlet!=0.4.17 in /opt/hostedtoolcache/Python/3.12.11/x64/lib/python3.12/site-packages (from sqlalchemy==2.0.29->-r services/repricer/requirements.txt (line 5)) (3.2.4)
2025-08-24T20:59:07.1667192Z Requirement already satisfied: botocore<1.35.0,>=1.34.162 in /opt/hostedtoolcache/Python/3.12.11/x64/lib/python3.12/site-packages (from boto3<2,>=1.16.39->python-amazon-sp-api==0.8.0->-r services/repricer/requirements.txt (line 3)) (1.34.162)
2025-08-24T20:59:07.1674930Z Requirement already satisfied: jmespath<2.0.0,>=0.7.1 in /opt/hostedtoolcache/Python/3.12.11/x64/lib/python3.12/site-packages (from boto3<2,>=1.16.39->python-amazon-sp-api==0.8.0->-r services/repricer/requirements.txt (line 3)) (1.0.1)
2025-08-24T20:59:07.1682577Z Requirement already satisfied: s3transfer<0.11.0,>=0.10.0 in /opt/hostedtoolcache/Python/3.12.11/x64/lib/python3.12/site-packages (from boto3<2,>=1.16.39->python-amazon-sp-api==0.8.0->-r services/repricer/requirements.txt (line 3)) (0.10.4)
2025-08-24T20:59:07.1701618Z Requirement already satisfied: python-dateutil<3.0.0,>=2.1 in /opt/hostedtoolcache/Python/3.12.11/x64/lib/python3.12/site-packages (from botocore<1.35.0,>=1.34.162->boto3<2,>=1.16.39->python-amazon-sp-api==0.8.0->-r services/repricer/requirements.txt (line 3)) (2.9.0.post0)
2025-08-24T20:59:07.1715841Z Requirement already satisfied: urllib3!=2.2.0,<3,>=1.25.4 in /opt/hostedtoolcache/Python/3.12.11/x64/lib/python3.12/site-packages (from botocore<1.35.0,>=1.34.162->boto3<2,>=1.16.39->python-amazon-sp-api==0.8.0->-r services/repricer/requirements.txt (line 3)) (2.5.0)
2025-08-24T20:59:07.1735846Z Requirement already satisfied: pyyaml in /opt/hostedtoolcache/Python/3.12.11/x64/lib/python3.12/site-packages (from confuse~=1.4.0->python-amazon-sp-api==0.8.0->-r services/repricer/requirements.txt (line 3)) (6.0.2)
2025-08-24T20:59:07.1770431Z Requirement already satisfied: annotated-types>=0.6.0 in /opt/hostedtoolcache/Python/3.12.11/x64/lib/python3.12/site-packages (from pydantic>=2.3.0->pydantic-settings==2.2.1->-r services/repricer/requirements.txt (line 2)) (0.7.0)
2025-08-24T20:59:07.1776567Z Requirement already satisfied: pydantic-core==2.33.2 in /opt/hostedtoolcache/Python/3.12.11/x64/lib/python3.12/site-packages (from pydantic>=2.3.0->pydantic-settings==2.2.1->-r services/repricer/requirements.txt (line 2)) (2.33.2)
2025-08-24T20:59:07.1784926Z Requirement already satisfied: typing-inspection>=0.4.0 in /opt/hostedtoolcache/Python/3.12.11/x64/lib/python3.12/site-packages (from pydantic>=2.3.0->pydantic-settings==2.2.1->-r services/repricer/requirements.txt (line 2)) (0.4.1)
2025-08-24T20:59:07.1857307Z Requirement already satisfied: anyio<5,>=3.4.0 in /opt/hostedtoolcache/Python/3.12.11/x64/lib/python3.12/site-packages (from starlette<0.38.0,>=0.37.2->fastapi==0.111.0->-r services/repricer/requirements.txt (line 4)) (4.10.0)
2025-08-24T20:59:07.1878485Z Requirement already satisfied: idna>=2.8 in /opt/hostedtoolcache/Python/3.12.11/x64/lib/python3.12/site-packages (from anyio<5,>=3.4.0->starlette<0.38.0,>=0.37.2->fastapi==0.111.0->-r services/repricer/requirements.txt (line 4)) (3.10)
2025-08-24T20:59:07.1883627Z Requirement already satisfied: sniffio>=1.1 in /opt/hostedtoolcache/Python/3.12.11/x64/lib/python3.12/site-packages (from anyio<5,>=3.4.0->starlette<0.38.0,>=0.37.2->fastapi==0.111.0->-r services/repricer/requirements.txt (line 4)) (1.3.1)
2025-08-24T20:59:07.1940554Z Requirement already satisfied: dnspython>=2.0.0 in /opt/hostedtoolcache/Python/3.12.11/x64/lib/python3.12/site-packages (from email_validator>=2.0.0->fastapi==0.111.0->-r services/repricer/requirements.txt (line 4)) (2.7.0)
2025-08-24T20:59:07.1989102Z Requirement already satisfied: typer>=0.15.1 in /opt/hostedtoolcache/Python/3.12.11/x64/lib/python3.12/site-packages (from fastapi-cli>=0.0.2->fastapi==0.111.0->-r services/repricer/requirements.txt (line 4)) (0.16.1)
2025-08-24T20:59:07.1999659Z Requirement already satisfied: rich-toolkit>=0.14.8 in /opt/hostedtoolcache/Python/3.12.11/x64/lib/python3.12/site-packages (from fastapi-cli>=0.0.2->fastapi==0.111.0->-r services/repricer/requirements.txt (line 4)) (0.15.0)
2025-08-24T20:59:07.2040655Z Requirement already satisfied: certifi in /opt/hostedtoolcache/Python/3.12.11/x64/lib/python3.12/site-packages (from httpx>=0.23.0->fastapi==0.111.0->-r services/repricer/requirements.txt (line 4)) (2025.8.3)
2025-08-24T20:59:07.2045684Z Requirement already satisfied: httpcore==1.* in /opt/hostedtoolcache/Python/3.12.11/x64/lib/python3.12/site-packages (from httpx>=0.23.0->fastapi==0.111.0->-r services/repricer/requirements.txt (line 4)) (1.0.9)
2025-08-24T20:59:07.2103053Z Requirement already satisfied: MarkupSafe>=2.0 in /opt/hostedtoolcache/Python/3.12.11/x64/lib/python3.12/site-packages (from jinja2>=2.11.2->fastapi==0.111.0->-r services/repricer/requirements.txt (line 4)) (3.0.2)
2025-08-24T20:59:07.2160091Z Requirement already satisfied: rich>=13.7.1 in /opt/hostedtoolcache/Python/3.12.11/x64/lib/python3.12/site-packages (from rich-toolkit>=0.14.8->fastapi-cli>=0.0.2->fastapi==0.111.0->-r services/repricer/requirements.txt (line 4)) (14.1.0)
2025-08-24T20:59:07.2182509Z Requirement already satisfied: markdown-it-py>=2.2.0 in /opt/hostedtoolcache/Python/3.12.11/x64/lib/python3.12/site-packages (from rich>=13.7.1->rich-toolkit>=0.14.8->fastapi-cli>=0.0.2->fastapi==0.111.0->-r services/repricer/requirements.txt (line 4)) (4.0.0)
2025-08-24T20:59:07.2189956Z Requirement already satisfied: pygments<3.0.0,>=2.13.0 in /opt/hostedtoolcache/Python/3.12.11/x64/lib/python3.12/site-packages (from rich>=13.7.1->rich-toolkit>=0.14.8->fastapi-cli>=0.0.2->fastapi==0.111.0->-r services/repricer/requirements.txt (line 4)) (2.19.2)
2025-08-24T20:59:07.2216581Z Requirement already satisfied: mdurl~=0.1 in /opt/hostedtoolcache/Python/3.12.11/x64/lib/python3.12/site-packages (from markdown-it-py>=2.2.0->rich>=13.7.1->rich-toolkit>=0.14.8->fastapi-cli>=0.0.2->fastapi==0.111.0->-r services/repricer/requirements.txt (line 4)) (0.1.2)
2025-08-24T20:59:07.2283642Z Requirement already satisfied: shellingham>=1.3.0 in /opt/hostedtoolcache/Python/3.12.11/x64/lib/python3.12/site-packages (from typer>=0.15.1->fastapi-cli>=0.0.2->fastapi==0.111.0->-r services/repricer/requirements.txt (line 4)) (1.5.4)
2025-08-24T20:59:07.2355455Z Requirement already satisfied: httptools>=0.5.0 in /opt/hostedtoolcache/Python/3.12.11/x64/lib/python3.12/site-packages (from uvicorn[standard]>=0.12.0->fastapi==0.111.0->-r services/repricer/requirements.txt (line 4)) (0.6.4)
2025-08-24T20:59:07.2371558Z Requirement already satisfied: uvloop!=0.15.0,!=0.15.1,>=0.14.0 in /opt/hostedtoolcache/Python/3.12.11/x64/lib/python3.12/site-packages (from uvicorn[standard]>=0.12.0->fastapi==0.111.0->-r services/repricer/requirements.txt (line 4)) (0.21.0)
2025-08-24T20:59:07.2379398Z Requirement already satisfied: watchfiles>=0.13 in /opt/hostedtoolcache/Python/3.12.11/x64/lib/python3.12/site-packages (from uvicorn[standard]>=0.12.0->fastapi==0.111.0->-r services/repricer/requirements.txt (line 4)) (1.1.0)
2025-08-24T20:59:07.2386206Z Requirement already satisfied: websockets>=10.4 in /opt/hostedtoolcache/Python/3.12.11/x64/lib/python3.12/site-packages (from uvicorn[standard]>=0.12.0->fastapi==0.111.0->-r services/repricer/requirements.txt (line 4)) (15.0.1)
2025-08-24T20:59:07.2515276Z Requirement already satisfied: charset_normalizer<4,>=2 in /opt/hostedtoolcache/Python/3.12.11/x64/lib/python3.12/site-packages (from requests->python-amazon-sp-api==0.8.0->-r services/repricer/requirements.txt (line 3)) (3.4.3)
2025-08-24T20:59:07.8670281Z Collecting celery==5.4.* (from celery[redis]==5.4.*->-r services/fees_h10/requirements.txt (line 1))
2025-08-24T20:59:07.8682395Z   Using cached celery-5.4.0-py3-none-any.whl.metadata (21 kB)
2025-08-24T20:59:07.8890323Z Requirement already satisfied: asyncpg in /opt/hostedtoolcache/Python/3.12.11/x64/lib/python3.12/site-packages (from -r services/fees_h10/requirements.txt (line 2)) (0.29.0)
2025-08-24T20:59:07.8893636Z Requirement already satisfied: httpx in /opt/hostedtoolcache/Python/3.12.11/x64/lib/python3.12/site-packages (from -r services/fees_h10/requirements.txt (line 3)) (0.27.2)
2025-08-24T20:59:07.8897174Z Requirement already satisfied: sqlalchemy in /opt/hostedtoolcache/Python/3.12.11/x64/lib/python3.12/site-packages (from -r services/fees_h10/requirements.txt (line 4)) (2.0.29)
2025-08-24T20:59:07.8909333Z Requirement already satisfied: billiard<5.0,>=4.2.0 in /opt/hostedtoolcache/Python/3.12.11/x64/lib/python3.12/site-packages (from celery==5.4.*->celery[redis]==5.4.*->-r services/fees_h10/requirements.txt (line 1)) (4.2.1)
2025-08-24T20:59:07.8914788Z Requirement already satisfied: kombu<6.0,>=5.3.4 in /opt/hostedtoolcache/Python/3.12.11/x64/lib/python3.12/site-packages (from celery==5.4.*->celery[redis]==5.4.*->-r services/fees_h10/requirements.txt (line 1)) (5.5.4)
2025-08-24T20:59:07.8920210Z Requirement already satisfied: vine<6.0,>=5.1.0 in /opt/hostedtoolcache/Python/3.12.11/x64/lib/python3.12/site-packages (from celery==5.4.*->celery[redis]==5.4.*->-r services/fees_h10/requirements.txt (line 1)) (5.1.0)
2025-08-24T20:59:07.8925563Z Requirement already satisfied: click<9.0,>=8.1.2 in /opt/hostedtoolcache/Python/3.12.11/x64/lib/python3.12/site-packages (from celery==5.4.*->celery[redis]==5.4.*->-r services/fees_h10/requirements.txt (line 1)) (8.2.1)
2025-08-24T20:59:07.8930482Z Requirement already satisfied: click-didyoumean>=0.3.0 in /opt/hostedtoolcache/Python/3.12.11/x64/lib/python3.12/site-packages (from celery==5.4.*->celery[redis]==5.4.*->-r services/fees_h10/requirements.txt (line 1)) (0.3.1)
2025-08-24T20:59:07.8935330Z Requirement already satisfied: click-repl>=0.2.0 in /opt/hostedtoolcache/Python/3.12.11/x64/lib/python3.12/site-packages (from celery==5.4.*->celery[redis]==5.4.*->-r services/fees_h10/requirements.txt (line 1)) (0.3.0)
2025-08-24T20:59:07.8940182Z Requirement already satisfied: click-plugins>=1.1.1 in /opt/hostedtoolcache/Python/3.12.11/x64/lib/python3.12/site-packages (from celery==5.4.*->celery[redis]==5.4.*->-r services/fees_h10/requirements.txt (line 1)) (1.1.1.2)
2025-08-24T20:59:07.8945041Z Requirement already satisfied: tzdata>=2022.7 in /opt/hostedtoolcache/Python/3.12.11/x64/lib/python3.12/site-packages (from celery==5.4.*->celery[redis]==5.4.*->-r services/fees_h10/requirements.txt (line 1)) (2025.2)
2025-08-24T20:59:07.8950317Z Requirement already satisfied: python-dateutil>=2.8.2 in /opt/hostedtoolcache/Python/3.12.11/x64/lib/python3.12/site-packages (from celery==5.4.*->celery[redis]==5.4.*->-r services/fees_h10/requirements.txt (line 1)) (2.9.0.post0)
2025-08-24T20:59:07.8989018Z Requirement already satisfied: redis!=4.5.5,<6.0.0,>=4.5.2 in /opt/hostedtoolcache/Python/3.12.11/x64/lib/python3.12/site-packages (from celery[redis]==5.4.*->-r services/fees_h10/requirements.txt (line 1)) (5.0.8)
2025-08-24T20:59:07.9010049Z Requirement already satisfied: amqp<6.0.0,>=5.1.1 in /opt/hostedtoolcache/Python/3.12.11/x64/lib/python3.12/site-packages (from kombu<6.0,>=5.3.4->celery==5.4.*->celery[redis]==5.4.*->-r services/fees_h10/requirements.txt (line 1)) (5.3.1)
2025-08-24T20:59:07.9020602Z Requirement already satisfied: packaging in /opt/hostedtoolcache/Python/3.12.11/x64/lib/python3.12/site-packages (from kombu<6.0,>=5.3.4->celery==5.4.*->celery[redis]==5.4.*->-r services/fees_h10/requirements.txt (line 1)) (25.0)
2025-08-24T20:59:07.9103989Z Requirement already satisfied: anyio in /opt/hostedtoolcache/Python/3.12.11/x64/lib/python3.12/site-packages (from httpx->-r services/fees_h10/requirements.txt (line 3)) (4.10.0)
2025-08-24T20:59:07.9107828Z Requirement already satisfied: certifi in /opt/hostedtoolcache/Python/3.12.11/x64/lib/python3.12/site-packages (from httpx->-r services/fees_h10/requirements.txt (line 3)) (2025.8.3)
2025-08-24T20:59:07.9112653Z Requirement already satisfied: httpcore==1.* in /opt/hostedtoolcache/Python/3.12.11/x64/lib/python3.12/site-packages (from httpx->-r services/fees_h10/requirements.txt (line 3)) (1.0.9)
2025-08-24T20:59:07.9115931Z Requirement already satisfied: idna in /opt/hostedtoolcache/Python/3.12.11/x64/lib/python3.12/site-packages (from httpx->-r services/fees_h10/requirements.txt (line 3)) (3.10)
2025-08-24T20:59:07.9119682Z Requirement already satisfied: sniffio in /opt/hostedtoolcache/Python/3.12.11/x64/lib/python3.12/site-packages (from httpx->-r services/fees_h10/requirements.txt (line 3)) (1.3.1)
2025-08-24T20:59:07.9143726Z Requirement already satisfied: h11>=0.16 in /opt/hostedtoolcache/Python/3.12.11/x64/lib/python3.12/site-packages (from httpcore==1.*->httpx->-r services/fees_h10/requirements.txt (line 3)) (0.16.0)
2025-08-24T20:59:07.9162469Z Requirement already satisfied: typing-extensions>=4.6.0 in /opt/hostedtoolcache/Python/3.12.11/x64/lib/python3.12/site-packages (from sqlalchemy->-r services/fees_h10/requirements.txt (line 4)) (4.14.1)
2025-08-24T20:59:07.9175711Z Requirement already satisfied: greenlet!=0.4.17 in /opt/hostedtoolcache/Python/3.12.11/x64/lib/python3.12/site-packages (from sqlalchemy->-r services/fees_h10/requirements.txt (line 4)) (3.2.4)
2025-08-24T20:59:07.9246190Z Requirement already satisfied: prompt-toolkit>=3.0.36 in /opt/hostedtoolcache/Python/3.12.11/x64/lib/python3.12/site-packages (from click-repl>=0.2.0->celery==5.4.*->celery[redis]==5.4.*->-r services/fees_h10/requirements.txt (line 1)) (3.0.51)
2025-08-24T20:59:07.9282663Z Requirement already satisfied: wcwidth in /opt/hostedtoolcache/Python/3.12.11/x64/lib/python3.12/site-packages (from prompt-toolkit>=3.0.36->click-repl>=0.2.0->celery==5.4.*->celery[redis]==5.4.*->-r services/fees_h10/requirements.txt (line 1)) (0.2.13)
2025-08-24T20:59:07.9296725Z Requirement already satisfied: six>=1.5 in /opt/hostedtoolcache/Python/3.12.11/x64/lib/python3.12/site-packages (from python-dateutil>=2.8.2->celery==5.4.*->celery[redis]==5.4.*->-r services/fees_h10/requirements.txt (line 1)) (1.17.0)
2025-08-24T20:59:07.9410163Z Using cached celery-5.4.0-py3-none-any.whl (425 kB)
2025-08-24T20:59:08.0704793Z Installing collected packages: celery
2025-08-24T20:59:08.0707039Z   Attempting uninstall: celery
2025-08-24T20:59:08.0752614Z     Found existing installation: celery 5.3.6
2025-08-24T20:59:08.0900103Z     Uninstalling celery-5.3.6:
2025-08-24T20:59:08.0927980Z       Successfully uninstalled celery-5.3.6
2025-08-24T20:59:08.4151126Z Successfully installed celery-5.4.0
2025-08-24T20:59:08.9164159Z Collecting python-telegram-bot==20.8 (from -r services/alert_bot/requirements.txt (line 1))
2025-08-24T20:59:08.9177256Z   Using cached python_telegram_bot-20.8-py3-none-any.whl.metadata (15 kB)
2025-08-24T20:59:08.9402875Z Collecting APScheduler==3.10.4 (from -r services/alert_bot/requirements.txt (line 2))
2025-08-24T20:59:08.9414404Z   Using cached APScheduler-3.10.4-py3-none-any.whl.metadata (5.7 kB)
2025-08-24T20:59:08.9457949Z Requirement already satisfied: asyncpg in /opt/hostedtoolcache/Python/3.12.11/x64/lib/python3.12/site-packages (from -r services/alert_bot/requirements.txt (line 3)) (0.29.0)
2025-08-24T20:59:08.9667598Z Collecting httpx~=0.26.0 (from python-telegram-bot==20.8->-r services/alert_bot/requirements.txt (line 1))
2025-08-24T20:59:08.9679089Z   Using cached httpx-0.26.0-py3-none-any.whl.metadata (7.6 kB)
2025-08-24T20:59:08.9718298Z Requirement already satisfied: six>=1.4.0 in /opt/hostedtoolcache/Python/3.12.11/x64/lib/python3.12/site-packages (from APScheduler==3.10.4->-r services/alert_bot/requirements.txt (line 2)) (1.17.0)
2025-08-24T20:59:08.9723004Z Requirement already satisfied: pytz in /opt/hostedtoolcache/Python/3.12.11/x64/lib/python3.12/site-packages (from APScheduler==3.10.4->-r services/alert_bot/requirements.txt (line 2)) (2025.2)
2025-08-24T20:59:08.9889812Z Collecting tzlocal!=3.*,>=2.0 (from APScheduler==3.10.4->-r services/alert_bot/requirements.txt (line 2))
2025-08-24T20:59:08.9901362Z   Using cached tzlocal-5.3.1-py3-none-any.whl.metadata (7.6 kB)
2025-08-24T20:59:08.9932346Z Requirement already satisfied: anyio in /opt/hostedtoolcache/Python/3.12.11/x64/lib/python3.12/site-packages (from httpx~=0.26.0->python-telegram-bot==20.8->-r services/alert_bot/requirements.txt (line 1)) (4.10.0)
2025-08-24T20:59:08.9936934Z Requirement already satisfied: certifi in /opt/hostedtoolcache/Python/3.12.11/x64/lib/python3.12/site-packages (from httpx~=0.26.0->python-telegram-bot==20.8->-r services/alert_bot/requirements.txt (line 1)) (2025.8.3)
2025-08-24T20:59:08.9942379Z Requirement already satisfied: httpcore==1.* in /opt/hostedtoolcache/Python/3.12.11/x64/lib/python3.12/site-packages (from httpx~=0.26.0->python-telegram-bot==20.8->-r services/alert_bot/requirements.txt (line 1)) (1.0.9)
2025-08-24T20:59:08.9946789Z Requirement already satisfied: idna in /opt/hostedtoolcache/Python/3.12.11/x64/lib/python3.12/site-packages (from httpx~=0.26.0->python-telegram-bot==20.8->-r services/alert_bot/requirements.txt (line 1)) (3.10)
2025-08-24T20:59:08.9951206Z Requirement already satisfied: sniffio in /opt/hostedtoolcache/Python/3.12.11/x64/lib/python3.12/site-packages (from httpx~=0.26.0->python-telegram-bot==20.8->-r services/alert_bot/requirements.txt (line 1)) (1.3.1)
2025-08-24T20:59:08.9967000Z Requirement already satisfied: h11>=0.16 in /opt/hostedtoolcache/Python/3.12.11/x64/lib/python3.12/site-packages (from httpcore==1.*->httpx~=0.26.0->python-telegram-bot==20.8->-r services/alert_bot/requirements.txt (line 1)) (0.16.0)
2025-08-24T20:59:09.0017632Z Requirement already satisfied: typing_extensions>=4.5 in /opt/hostedtoolcache/Python/3.12.11/x64/lib/python3.12/site-packages (from anyio->httpx~=0.26.0->python-telegram-bot==20.8->-r services/alert_bot/requirements.txt (line 1)) (4.14.1)
2025-08-24T20:59:09.0068474Z Using cached python_telegram_bot-20.8-py3-none-any.whl (604 kB)
2025-08-24T20:59:09.0085152Z Using cached APScheduler-3.10.4-py3-none-any.whl (59 kB)
2025-08-24T20:59:09.0096493Z Using cached httpx-0.26.0-py3-none-any.whl (75 kB)
2025-08-24T20:59:09.0107735Z Using cached tzlocal-5.3.1-py3-none-any.whl (18 kB)
2025-08-24T20:59:09.1589318Z Installing collected packages: tzlocal, httpx, APScheduler, python-telegram-bot
2025-08-24T20:59:09.1713758Z   Attempting uninstall: httpx
2025-08-24T20:59:09.1745454Z     Found existing installation: httpx 0.27.2
2025-08-24T20:59:09.1784354Z     Uninstalling httpx-0.27.2:
2025-08-24T20:59:09.1797784Z       Successfully uninstalled httpx-0.27.2
2025-08-24T20:59:09.5950380Z 
2025-08-24T20:59:09.6033432Z Successfully installed APScheduler-3.10.4 httpx-0.26.0 python-telegram-bot-20.8 tzlocal-5.3.1
2025-08-24T20:59:10.1020968Z Collecting Jinja2==3.1.6 (from -r requirements-dev.txt (line 2))
2025-08-24T20:59:10.1034907Z   Using cached jinja2-3.1.6-py3-none-any.whl.metadata (2.9 kB)
2025-08-24T20:59:10.1276773Z Collecting alembic==1.16.4 (from -r requirements-dev.txt (line 3))
2025-08-24T20:59:10.1288717Z   Using cached alembic-1.16.4-py3-none-any.whl.metadata (7.3 kB)
2025-08-24T20:59:10.1311726Z Requirement already satisfied: apscheduler==3.10.4 in /opt/hostedtoolcache/Python/3.12.11/x64/lib/python3.12/site-packages (from -r requirements-dev.txt (line 4)) (3.10.4)
2025-08-24T20:59:10.1317055Z Requirement already satisfied: asgi-correlation-id==4.3.1 in /opt/hostedtoolcache/Python/3.12.11/x64/lib/python3.12/site-packages (from -r requirements-dev.txt (line 5)) (4.3.1)
2025-08-24T20:59:10.1725135Z Collecting asyncpg==0.30.0 (from -r requirements-dev.txt (line 6))
2025-08-24T20:59:10.1737428Z   Using cached asyncpg-0.30.0-cp312-cp312-manylinux_2_17_x86_64.manylinux2014_x86_64.whl.metadata (5.0 kB)
2025-08-24T20:59:10.2191506Z Collecting black==25.1.0 (from -r requirements-dev.txt (line 7))
2025-08-24T20:59:10.2203369Z   Using cached black-25.1.0-cp312-cp312-manylinux_2_17_x86_64.manylinux2014_x86_64.manylinux_2_28_x86_64.whl.metadata (81 kB)
2025-08-24T20:59:10.2286456Z Requirement already satisfied: boto3 in /opt/hostedtoolcache/Python/3.12.11/x64/lib/python3.12/site-packages (from -r requirements-dev.txt (line 8)) (1.34.162)
2025-08-24T20:59:10.2671347Z Collecting redis==6.* (from -r requirements-dev.txt (line 9))
2025-08-24T20:59:10.2683529Z   Using cached redis-6.4.0-py3-none-any.whl.metadata (10 kB)
2025-08-24T20:59:10.2715731Z Requirement already satisfied: minio==7.* in /opt/hostedtoolcache/Python/3.12.11/x64/lib/python3.12/site-packages (from -r requirements-dev.txt (line 10)) (7.1.15)
2025-08-24T20:59:10.2872260Z Collecting vulture==2.10 (from -r requirements-dev.txt (line 11))
2025-08-24T20:59:10.2884031Z   Using cached vulture-2.10-py2.py3-none-any.whl.metadata (23 kB)
2025-08-24T20:59:10.3225244Z Collecting celery==5.5.3 (from -r requirements-dev.txt (line 12))
2025-08-24T20:59:10.3236729Z   Using cached celery-5.5.3-py3-none-any.whl.metadata (22 kB)
2025-08-24T20:59:10.3851820Z Collecting fastapi==0.116.1 (from -r requirements-dev.txt (line 13))
2025-08-24T20:59:10.3863733Z   Using cached fastapi-0.116.1-py3-none-any.whl.metadata (28 kB)
2025-08-24T20:59:10.3933690Z Requirement already satisfied: fastapi-limiter==0.1.6 in /opt/hostedtoolcache/Python/3.12.11/x64/lib/python3.12/site-packages (from -r requirements-dev.txt (line 15)) (0.1.6)
2025-08-24T20:59:10.4130840Z Collecting httpx<0.29,>=0.27 (from -r requirements-dev.txt (line 16))
2025-08-24T20:59:10.4142665Z   Using cached httpx-0.28.1-py3-none-any.whl.metadata (7.1 kB)
2025-08-24T20:59:10.4177450Z Requirement already satisfied: imapclient==3.0.1 in /opt/hostedtoolcache/Python/3.12.11/x64/lib/python3.12/site-packages (from -r requirements-dev.txt (line 17)) (3.0.1)
2025-08-24T20:59:10.4295213Z Collecting itsdangerous (from -r requirements-dev.txt (line 18))
2025-08-24T20:59:10.4306928Z   Using cached itsdangerous-2.2.0-py3-none-any.whl.metadata (1.9 kB)
2025-08-24T20:59:10.5302696Z Collecting mypy==1.* (from -r requirements-dev.txt (line 19))
2025-08-24T20:59:10.5315323Z   Using cached mypy-1.17.1-cp312-cp312-manylinux2014_x86_64.manylinux_2_17_x86_64.manylinux_2_28_x86_64.whl.metadata (2.2 kB)
2025-08-24T20:59:10.5343279Z Requirement already satisfied: mypy-extensions==1.1.0 in /opt/hostedtoolcache/Python/3.12.11/x64/lib/python3.12/site-packages (from -r requirements-dev.txt (line 20)) (1.1.0)
2025-08-24T20:59:10.5348270Z Requirement already satisfied: numpy<2 in /opt/hostedtoolcache/Python/3.12.11/x64/lib/python3.12/site-packages (from -r requirements-dev.txt (line 21)) (1.26.4)
2025-08-24T20:59:10.5352769Z Requirement already satisfied: openpyxl==3.1.5 in /opt/hostedtoolcache/Python/3.12.11/x64/lib/python3.12/site-packages (from -r requirements-dev.txt (line 22)) (3.1.5)
2025-08-24T20:59:10.5358074Z Requirement already satisfied: pandas==2.2.* in /opt/hostedtoolcache/Python/3.12.11/x64/lib/python3.12/site-packages (from -r requirements-dev.txt (line 23)) (2.2.3)
2025-08-24T20:59:10.5362812Z Requirement already satisfied: psycopg2-binary==2.9.10 in /opt/hostedtoolcache/Python/3.12.11/x64/lib/python3.12/site-packages (from -r requirements-dev.txt (line 24)) (2.9.10)
2025-08-24T20:59:10.5369033Z Requirement already satisfied: psycopg==3.2.9 in /opt/hostedtoolcache/Python/3.12.11/x64/lib/python3.12/site-packages (from psycopg[binary]==3.2.9->-r requirements-dev.txt (line 25)) (3.2.9)
2025-08-24T20:59:10.5373655Z Requirement already satisfied: pydantic==2.11.7 in /opt/hostedtoolcache/Python/3.12.11/x64/lib/python3.12/site-packages (from -r requirements-dev.txt (line 26)) (2.11.7)
2025-08-24T20:59:10.6590462Z Collecting setuptools (from -r requirements-dev.txt (line 27))
2025-08-24T20:59:10.6602347Z   Using cached setuptools-80.9.0-py3-none-any.whl.metadata (6.6 kB)
2025-08-24T20:59:10.6881785Z Collecting pytest-asyncio==1.1.0 (from -r requirements-dev.txt (line 28))
2025-08-24T20:59:10.6894477Z   Using cached pytest_asyncio-1.1.0-py3-none-any.whl.metadata (4.1 kB)
2025-08-24T20:59:10.7065392Z Collecting pytest-cov==6.2.1 (from -r requirements-dev.txt (line 29))
2025-08-24T20:59:10.7077065Z   Using cached pytest_cov-6.2.1-py3-none-any.whl.metadata (30 kB)
2025-08-24T20:59:10.7258033Z Collecting pytest-postgresql==7.0.2 (from -r requirements-dev.txt (line 30))
2025-08-24T20:59:10.7269219Z   Using cached pytest_postgresql-7.0.2-py3-none-any.whl.metadata (18 kB)
2025-08-24T20:59:10.7299014Z Requirement already satisfied: python-dotenv in /opt/hostedtoolcache/Python/3.12.11/x64/lib/python3.12/site-packages (from -r requirements-dev.txt (line 31)) (1.1.1)
2025-08-24T20:59:10.7303103Z Requirement already satisfied: python-multipart in /opt/hostedtoolcache/Python/3.12.11/x64/lib/python3.12/site-packages (from -r requirements-dev.txt (line 32)) (0.0.20)
2025-08-24T20:59:10.7602088Z Collecting python-telegram-bot==22.3 (from -r requirements-dev.txt (line 33))
2025-08-24T20:59:10.7613733Z   Using cached python_telegram_bot-22.3-py3-none-any.whl.metadata (17 kB)
2025-08-24T20:59:10.7921401Z Collecting requests==2.32.4 (from -r requirements-dev.txt (line 34))
2025-08-24T20:59:10.7932778Z   Using cached requests-2.32.4-py3-none-any.whl.metadata (4.9 kB)
2025-08-24T20:59:10.8113614Z Collecting respx==0.22.0 (from -r requirements-dev.txt (line 35))
2025-08-24T20:59:10.8125224Z   Using cached respx-0.22.0-py2.py3-none-any.whl.metadata (4.1 kB)
2025-08-24T20:59:11.1876769Z Collecting ruff==0.9.9 (from -r requirements-dev.txt (line 36))
2025-08-24T20:59:11.1890420Z   Using cached ruff-0.9.9-py3-none-manylinux_2_17_x86_64.manylinux2014_x86_64.whl.metadata (25 kB)
2025-08-24T20:59:11.4398313Z Collecting sqlalchemy==2.0.43 (from -r requirements-dev.txt (line 37))
2025-08-24T20:59:11.4412194Z   Using cached sqlalchemy-2.0.43-cp312-cp312-manylinux_2_17_x86_64.manylinux2014_x86_64.whl.metadata (9.6 kB)
2025-08-24T20:59:11.4509089Z Requirement already satisfied: structlog==24.1.0 in /opt/hostedtoolcache/Python/3.12.11/x64/lib/python3.12/site-packages (from -r requirements-dev.txt (line 38)) (24.1.0)
2025-08-24T20:59:11.4692247Z Collecting testcontainers==4.12.0 (from testcontainers[postgres]==4.12.0->-r requirements-dev.txt (line 39))
2025-08-24T20:59:11.4703587Z   Using cached testcontainers-4.12.0-py3-none-any.whl.metadata (8.3 kB)
2025-08-24T20:59:11.5105551Z Collecting types-requests==2.32.4.20250809 (from -r requirements-dev.txt (line 40))
2025-08-24T20:59:11.5116854Z   Using cached types_requests-2.32.4.20250809-py3-none-any.whl.metadata (2.0 kB)
2025-08-24T20:59:11.5269179Z Collecting docspec-python==2.2.2 (from -r requirements-dev.txt (line 41))
2025-08-24T20:59:11.5280072Z   Using cached docspec_python-2.2.2-py3-none-any.whl.metadata (1.0 kB)
2025-08-24T20:59:11.5466811Z Collecting pydoc-markdown==4.8.2 (from -r requirements-dev.txt (line 42))
2025-08-24T20:59:11.5477426Z   Using cached pydoc_markdown-4.8.2-py3-none-any.whl.metadata (5.9 kB)
2025-08-24T20:59:11.5508784Z Requirement already satisfied: pandera==0.19.* in /opt/hostedtoolcache/Python/3.12.11/x64/lib/python3.12/site-packages (from -r requirements-dev.txt (line 43)) (0.19.3)
2025-08-24T20:59:11.5527008Z Requirement already satisfied: MarkupSafe>=2.0 in /opt/hostedtoolcache/Python/3.12.11/x64/lib/python3.12/site-packages (from Jinja2==3.1.6->-r requirements-dev.txt (line 2)) (3.0.2)
2025-08-24T20:59:11.5629296Z Requirement already satisfied: Mako in /opt/hostedtoolcache/Python/3.12.11/x64/lib/python3.12/site-packages (from alembic==1.16.4->-r requirements-dev.txt (line 3)) (1.3.10)
2025-08-24T20:59:11.5633041Z Requirement already satisfied: typing-extensions>=4.12 in /opt/hostedtoolcache/Python/3.12.11/x64/lib/python3.12/site-packages (from alembic==1.16.4->-r requirements-dev.txt (line 3)) (4.14.1)
2025-08-24T20:59:11.5647162Z Requirement already satisfied: six>=1.4.0 in /opt/hostedtoolcache/Python/3.12.11/x64/lib/python3.12/site-packages (from apscheduler==3.10.4->-r requirements-dev.txt (line 4)) (1.17.0)
2025-08-24T20:59:11.5651266Z Requirement already satisfied: pytz in /opt/hostedtoolcache/Python/3.12.11/x64/lib/python3.12/site-packages (from apscheduler==3.10.4->-r requirements-dev.txt (line 4)) (2025.2)
2025-08-24T20:59:11.5657647Z Requirement already satisfied: tzlocal!=3.*,>=2.0 in /opt/hostedtoolcache/Python/3.12.11/x64/lib/python3.12/site-packages (from apscheduler==3.10.4->-r requirements-dev.txt (line 4)) (5.3.1)
2025-08-24T20:59:11.5689639Z Requirement already satisfied: starlette>=0.18 in /opt/hostedtoolcache/Python/3.12.11/x64/lib/python3.12/site-packages (from asgi-correlation-id==4.3.1->-r requirements-dev.txt (line 5)) (0.37.2)
2025-08-24T20:59:11.5709549Z Requirement already satisfied: click>=8.0.0 in /opt/hostedtoolcache/Python/3.12.11/x64/lib/python3.12/site-packages (from black==25.1.0->-r requirements-dev.txt (line 7)) (8.2.1)
2025-08-24T20:59:11.5714415Z Requirement already satisfied: packaging>=22.0 in /opt/hostedtoolcache/Python/3.12.11/x64/lib/python3.12/site-packages (from black==25.1.0->-r requirements-dev.txt (line 7)) (25.0)
2025-08-24T20:59:11.5853139Z Collecting pathspec>=0.9.0 (from black==25.1.0->-r requirements-dev.txt (line 7))
2025-08-24T20:59:11.5864075Z   Using cached pathspec-0.12.1-py3-none-any.whl.metadata (21 kB)
2025-08-24T20:59:11.6075152Z Collecting platformdirs>=2 (from black==25.1.0->-r requirements-dev.txt (line 7))
2025-08-24T20:59:11.6086506Z   Using cached platformdirs-4.3.8-py3-none-any.whl.metadata (12 kB)
2025-08-24T20:59:11.6233968Z Collecting toml (from vulture==2.10->-r requirements-dev.txt (line 11))
2025-08-24T20:59:11.6244976Z   Using cached toml-0.10.2-py2.py3-none-any.whl.metadata (7.1 kB)
2025-08-24T20:59:11.6273236Z Requirement already satisfied: billiard<5.0,>=4.2.1 in /opt/hostedtoolcache/Python/3.12.11/x64/lib/python3.12/site-packages (from celery==5.5.3->-r requirements-dev.txt (line 12)) (4.2.1)
2025-08-24T20:59:11.6277931Z Requirement already satisfied: kombu<5.6,>=5.5.2 in /opt/hostedtoolcache/Python/3.12.11/x64/lib/python3.12/site-packages (from celery==5.5.3->-r requirements-dev.txt (line 12)) (5.5.4)
2025-08-24T20:59:11.6282160Z Requirement already satisfied: vine<6.0,>=5.1.0 in /opt/hostedtoolcache/Python/3.12.11/x64/lib/python3.12/site-packages (from celery==5.5.3->-r requirements-dev.txt (line 12)) (5.1.0)
2025-08-24T20:59:11.6287596Z Requirement already satisfied: click-didyoumean>=0.3.0 in /opt/hostedtoolcache/Python/3.12.11/x64/lib/python3.12/site-packages (from celery==5.5.3->-r requirements-dev.txt (line 12)) (0.3.1)
2025-08-24T20:59:11.6291611Z Requirement already satisfied: click-repl>=0.2.0 in /opt/hostedtoolcache/Python/3.12.11/x64/lib/python3.12/site-packages (from celery==5.5.3->-r requirements-dev.txt (line 12)) (0.3.0)
2025-08-24T20:59:11.6295834Z Requirement already satisfied: click-plugins>=1.1.1 in /opt/hostedtoolcache/Python/3.12.11/x64/lib/python3.12/site-packages (from celery==5.5.3->-r requirements-dev.txt (line 12)) (1.1.1.2)
2025-08-24T20:59:11.6300920Z Requirement already satisfied: python-dateutil>=2.8.2 in /opt/hostedtoolcache/Python/3.12.11/x64/lib/python3.12/site-packages (from celery==5.5.3->-r requirements-dev.txt (line 12)) (2.9.0.post0)
2025-08-24T20:59:11.6631756Z Collecting starlette>=0.18 (from asgi-correlation-id==4.3.1->-r requirements-dev.txt (line 5))
2025-08-24T20:59:11.7145252Z   Downloading starlette-0.47.3-py3-none-any.whl.metadata (6.2 kB)
2025-08-24T20:59:11.7211109Z Requirement already satisfied: annotated-types>=0.6.0 in /opt/hostedtoolcache/Python/3.12.11/x64/lib/python3.12/site-packages (from pydantic==2.11.7->-r requirements-dev.txt (line 26)) (0.7.0)
2025-08-24T20:59:11.7216316Z Requirement already satisfied: pydantic-core==2.33.2 in /opt/hostedtoolcache/Python/3.12.11/x64/lib/python3.12/site-packages (from pydantic==2.11.7->-r requirements-dev.txt (line 26)) (2.33.2)
2025-08-24T20:59:11.7223243Z Requirement already satisfied: typing-inspection>=0.4.0 in /opt/hostedtoolcache/Python/3.12.11/x64/lib/python3.12/site-packages (from pydantic==2.11.7->-r requirements-dev.txt (line 26)) (0.4.1)
2025-08-24T20:59:11.7395890Z Requirement already satisfied: et-xmlfile in /opt/hostedtoolcache/Python/3.12.11/x64/lib/python3.12/site-packages (from openpyxl==3.1.5->-r requirements-dev.txt (line 22)) (2.0.0)
2025-08-24T20:59:11.7803129Z Collecting pytest<9,>=8.2 (from pytest-asyncio==1.1.0->-r requirements-dev.txt (line 28))
2025-08-24T20:59:11.7815069Z   Using cached pytest-8.4.1-py3-none-any.whl.metadata (7.7 kB)
2025-08-24T20:59:12.1489345Z Collecting coverage>=7.5 (from coverage[toml]>=7.5->pytest-cov==6.2.1->-r requirements-dev.txt (line 29))
2025-08-24T20:59:12.1502900Z   Using cached coverage-7.10.5-cp312-cp312-manylinux1_x86_64.manylinux_2_28_x86_64.manylinux_2_5_x86_64.whl.metadata (8.9 kB)
2025-08-24T20:59:12.1720750Z Collecting pluggy>=1.2 (from pytest-cov==6.2.1->-r requirements-dev.txt (line 29))
2025-08-24T20:59:12.1731749Z   Using cached pluggy-1.6.0-py3-none-any.whl.metadata (4.8 kB)
2025-08-24T20:59:12.2024147Z Collecting port-for>=0.7.3 (from pytest-postgresql==7.0.2->-r requirements-dev.txt (line 30))
2025-08-24T20:59:12.2036282Z   Using cached port_for-0.7.4-py3-none-any.whl.metadata (7.1 kB)
2025-08-24T20:59:12.2264015Z Collecting mirakuru>=2.6.0 (from pytest-postgresql==7.0.2->-r requirements-dev.txt (line 30))
2025-08-24T20:59:12.2275860Z   Using cached mirakuru-2.6.1-py3-none-any.whl.metadata (10 kB)
2025-08-24T20:59:12.2330012Z Requirement already satisfied: charset_normalizer<4,>=2 in /opt/hostedtoolcache/Python/3.12.11/x64/lib/python3.12/site-packages (from requests==2.32.4->-r requirements-dev.txt (line 34)) (3.4.3)
2025-08-24T20:59:12.2333897Z Requirement already satisfied: idna<4,>=2.5 in /opt/hostedtoolcache/Python/3.12.11/x64/lib/python3.12/site-packages (from requests==2.32.4->-r requirements-dev.txt (line 34)) (3.10)
2025-08-24T20:59:12.2338253Z Requirement already satisfied: urllib3<3,>=1.21.1 in /opt/hostedtoolcache/Python/3.12.11/x64/lib/python3.12/site-packages (from requests==2.32.4->-r requirements-dev.txt (line 34)) (2.5.0)
2025-08-24T20:59:12.2342127Z Requirement already satisfied: certifi>=2017.4.17 in /opt/hostedtoolcache/Python/3.12.11/x64/lib/python3.12/site-packages (from requests==2.32.4->-r requirements-dev.txt (line 34)) (2025.8.3)
2025-08-24T20:59:12.2425725Z Requirement already satisfied: greenlet>=1 in /opt/hostedtoolcache/Python/3.12.11/x64/lib/python3.12/site-packages (from sqlalchemy==2.0.43->-r requirements-dev.txt (line 37)) (3.2.4)
2025-08-24T20:59:12.2680988Z Collecting docker (from testcontainers==4.12.0->testcontainers[postgres]==4.12.0->-r requirements-dev.txt (line 39))
2025-08-24T20:59:12.2692779Z   Using cached docker-7.1.0-py3-none-any.whl.metadata (3.8 kB)
2025-08-24T20:59:12.2734115Z Requirement already satisfied: wrapt in /opt/hostedtoolcache/Python/3.12.11/x64/lib/python3.12/site-packages (from testcontainers==4.12.0->testcontainers[postgres]==4.12.0->-r requirements-dev.txt (line 39)) (1.17.3)
2025-08-24T20:59:12.2928923Z Collecting docspec==2.2.1 (from docspec-python==2.2.2->-r requirements-dev.txt (line 41))
2025-08-24T20:59:12.2940404Z   Using cached docspec-2.2.1-py3-none-any.whl.metadata (1.5 kB)
2025-08-24T20:59:12.3182086Z Collecting nr-util>=0.8.12 (from docspec-python==2.2.2->-r requirements-dev.txt (line 41))
2025-08-24T20:59:12.3193332Z   Using cached nr.util-0.8.12-py3-none-any.whl.metadata (813 bytes)
2025-08-24T20:59:12.3229173Z Requirement already satisfied: PyYAML<7.0,>=5.0 in /opt/hostedtoolcache/Python/3.12.11/x64/lib/python3.12/site-packages (from pydoc-markdown==4.8.2->-r requirements-dev.txt (line 42)) (6.0.2)
2025-08-24T20:59:12.3473789Z Collecting databind.core<5.0.0,>=4.4.0 (from pydoc-markdown==4.8.2->-r requirements-dev.txt (line 42))
2025-08-24T20:59:12.3485268Z   Using cached databind.core-4.5.2-py3-none-any.whl.metadata (1.1 kB)
2025-08-24T20:59:12.3777386Z Collecting databind.json<5.0.0,>=4.4.0 (from pydoc-markdown==4.8.2->-r requirements-dev.txt (line 42))
2025-08-24T20:59:12.3788777Z   Using cached databind.json-4.5.2-py3-none-any.whl.metadata (1.1 kB)
2025-08-24T20:59:12.3977467Z Collecting docstring-parser<0.12,>=0.11 (from pydoc-markdown==4.8.2->-r requirements-dev.txt (line 42))
2025-08-24T20:59:12.3978742Z   Using cached docstring_parser-0.11-py3-none-any.whl
2025-08-24T20:59:12.4298530Z Collecting tomli<3.0.0,>=2.0.0 (from pydoc-markdown==4.8.2->-r requirements-dev.txt (line 42))
2025-08-24T20:59:12.4310346Z   Using cached tomli-2.2.1-cp312-cp312-manylinux_2_17_x86_64.manylinux2014_x86_64.whl.metadata (11 kB)
2025-08-24T20:59:12.4440364Z Collecting tomli_w<2.0.0,>=1.0.0 (from pydoc-markdown==4.8.2->-r requirements-dev.txt (line 42))
2025-08-24T20:59:12.4451589Z   Using cached tomli_w-1.2.0-py3-none-any.whl.metadata (5.7 kB)
2025-08-24T20:59:12.4916571Z Collecting watchdog (from pydoc-markdown==4.8.2->-r requirements-dev.txt (line 42))
2025-08-24T20:59:12.4927785Z   Using cached watchdog-6.0.0-py3-none-manylinux2014_x86_64.whl.metadata (44 kB)
2025-08-24T20:59:12.5162693Z Collecting yapf>=0.30.0 (from pydoc-markdown==4.8.2->-r requirements-dev.txt (line 42))
2025-08-24T20:59:12.5173808Z   Using cached yapf-0.43.0-py3-none-any.whl.metadata (46 kB)
2025-08-24T20:59:12.5384960Z Collecting Deprecated<2.0.0,>=1.2.12 (from docspec==2.2.1->docspec-python==2.2.2->-r requirements-dev.txt (line 41))
2025-08-24T20:59:12.5396070Z   Using cached Deprecated-1.2.18-py2.py3-none-any.whl.metadata (5.7 kB)
2025-08-24T20:59:12.5566554Z Requirement already satisfied: psycopg-binary==3.2.9 in /opt/hostedtoolcache/Python/3.12.11/x64/lib/python3.12/site-packages (from psycopg[binary]==3.2.9->-r requirements-dev.txt (line 25)) (3.2.9)
2025-08-24T20:59:12.5664512Z Requirement already satisfied: anyio in /opt/hostedtoolcache/Python/3.12.11/x64/lib/python3.12/site-packages (from httpx<0.29,>=0.27->-r requirements-dev.txt (line 16)) (4.10.0)
2025-08-24T20:59:12.5670237Z Requirement already satisfied: httpcore==1.* in /opt/hostedtoolcache/Python/3.12.11/x64/lib/python3.12/site-packages (from httpx<0.29,>=0.27->-r requirements-dev.txt (line 16)) (1.0.9)
2025-08-24T20:59:12.5786610Z Requirement already satisfied: tzdata>=2022.7 in /opt/hostedtoolcache/Python/3.12.11/x64/lib/python3.12/site-packages (from pandas==2.2.*->-r requirements-dev.txt (line 23)) (2025.2)
2025-08-24T20:59:12.5896091Z Requirement already satisfied: multimethod<=1.10.0 in /opt/hostedtoolcache/Python/3.12.11/x64/lib/python3.12/site-packages (from pandera==0.19.*->-r requirements-dev.txt (line 43)) (1.10)
2025-08-24T20:59:12.5910636Z Requirement already satisfied: typeguard in /opt/hostedtoolcache/Python/3.12.11/x64/lib/python3.12/site-packages (from pandera==0.19.*->-r requirements-dev.txt (line 43)) (4.4.4)
2025-08-24T20:59:12.5918072Z Requirement already satisfied: typing-inspect>=0.6.0 in /opt/hostedtoolcache/Python/3.12.11/x64/lib/python3.12/site-packages (from pandera==0.19.*->-r requirements-dev.txt (line 43)) (0.9.0)
2025-08-24T20:59:12.6212091Z Collecting databind<5.0.0,>=4.5.2 (from databind.core<5.0.0,>=4.4.0->pydoc-markdown==4.8.2->-r requirements-dev.txt (line 42))
2025-08-24T20:59:12.6223452Z   Using cached databind-4.5.2-py3-none-any.whl.metadata (4.3 kB)
2025-08-24T20:59:12.6376582Z Collecting nr-date<3.0.0,>=2.0.0 (from databind<5.0.0,>=4.5.2->databind.core<5.0.0,>=4.4.0->pydoc-markdown==4.8.2->-r requirements-dev.txt (line 42))
2025-08-24T20:59:12.6387927Z   Using cached nr_date-2.1.0-py3-none-any.whl.metadata (746 bytes)
2025-08-24T20:59:12.6539578Z Collecting nr-stream<2.0.0,>=1.0.0 (from databind<5.0.0,>=4.5.2->databind.core<5.0.0,>=4.4.0->pydoc-markdown==4.8.2->-r requirements-dev.txt (line 42))
2025-08-24T20:59:12.6551030Z   Using cached nr_stream-1.1.5-py3-none-any.whl.metadata (3.6 kB)
2025-08-24T20:59:12.6735910Z Collecting typeapi<3,>=2.0.1 (from databind<5.0.0,>=4.5.2->databind.core<5.0.0,>=4.4.0->pydoc-markdown==4.8.2->-r requirements-dev.txt (line 42))
2025-08-24T20:59:12.6748765Z   Using cached typeapi-2.2.4-py3-none-any.whl.metadata (1.5 kB)
2025-08-24T20:59:12.6847417Z Requirement already satisfied: h11>=0.16 in /opt/hostedtoolcache/Python/3.12.11/x64/lib/python3.12/site-packages (from httpcore==1.*->httpx<0.29,>=0.27->-r requirements-dev.txt (line 16)) (0.16.0)
2025-08-24T20:59:12.6889891Z Requirement already satisfied: amqp<6.0.0,>=5.1.1 in /opt/hostedtoolcache/Python/3.12.11/x64/lib/python3.12/site-packages (from kombu<5.6,>=5.5.2->celery==5.5.3->-r requirements-dev.txt (line 12)) (5.3.1)
2025-08-24T20:59:12.7189390Z Collecting iniconfig>=1 (from pytest<9,>=8.2->pytest-asyncio==1.1.0->-r requirements-dev.txt (line 28))
2025-08-24T20:59:12.7201014Z   Using cached iniconfig-2.1.0-py3-none-any.whl.metadata (2.7 kB)
2025-08-24T20:59:12.7237488Z Requirement already satisfied: pygments>=2.7.2 in /opt/hostedtoolcache/Python/3.12.11/x64/lib/python3.12/site-packages (from pytest<9,>=8.2->pytest-asyncio==1.1.0->-r requirements-dev.txt (line 28)) (2.19.2)
2025-08-24T20:59:12.7322154Z Requirement already satisfied: sniffio>=1.1 in /opt/hostedtoolcache/Python/3.12.11/x64/lib/python3.12/site-packages (from anyio->httpx<0.29,>=0.27->-r requirements-dev.txt (line 16)) (1.3.1)
2025-08-24T20:59:12.7476560Z Requirement already satisfied: botocore<1.35.0,>=1.34.162 in /opt/hostedtoolcache/Python/3.12.11/x64/lib/python3.12/site-packages (from boto3->-r requirements-dev.txt (line 8)) (1.34.162)
2025-08-24T20:59:12.7484057Z Requirement already satisfied: jmespath<2.0.0,>=0.7.1 in /opt/hostedtoolcache/Python/3.12.11/x64/lib/python3.12/site-packages (from boto3->-r requirements-dev.txt (line 8)) (1.0.1)
2025-08-24T20:59:12.7491624Z Requirement already satisfied: s3transfer<0.11.0,>=0.10.0 in /opt/hostedtoolcache/Python/3.12.11/x64/lib/python3.12/site-packages (from boto3->-r requirements-dev.txt (line 8)) (0.10.4)
2025-08-24T20:59:12.7610456Z Requirement already satisfied: fastapi-cli>=0.0.8 in /opt/hostedtoolcache/Python/3.12.11/x64/lib/python3.12/site-packages (from fastapi-cli[standard]>=0.0.8; extra == "all"->fastapi[all]->-r requirements-dev.txt (line 14)) (0.0.8)
2025-08-24T20:59:12.7717039Z Requirement already satisfied: ujson!=4.0.2,!=4.1.0,!=4.2.0,!=4.3.0,!=5.0.0,!=5.1.0,>=4.0.1 in /opt/hostedtoolcache/Python/3.12.11/x64/lib/python3.12/site-packages (from fastapi[all]->-r requirements-dev.txt (line 14)) (5.11.0)
2025-08-24T20:59:12.7723794Z Requirement already satisfied: orjson>=3.2.1 in /opt/hostedtoolcache/Python/3.12.11/x64/lib/python3.12/site-packages (from fastapi[all]->-r requirements-dev.txt (line 14)) (3.11.2)
2025-08-24T20:59:12.7730848Z Requirement already satisfied: email-validator>=2.0.0 in /opt/hostedtoolcache/Python/3.12.11/x64/lib/python3.12/site-packages (from fastapi[all]->-r requirements-dev.txt (line 14)) (2.2.0)
2025-08-24T20:59:12.7739391Z Requirement already satisfied: uvicorn>=0.12.0 in /opt/hostedtoolcache/Python/3.12.11/x64/lib/python3.12/site-packages (from uvicorn[standard]>=0.12.0; extra == "all"->fastapi[all]->-r requirements-dev.txt (line 14)) (0.29.0)
2025-08-24T20:59:12.7748155Z Requirement already satisfied: pydantic-settings>=2.0.0 in /opt/hostedtoolcache/Python/3.12.11/x64/lib/python3.12/site-packages (from fastapi[all]->-r requirements-dev.txt (line 14)) (2.2.1)
2025-08-24T20:59:12.7885380Z Collecting pydantic-extra-types>=2.0.0 (from fastapi[all]->-r requirements-dev.txt (line 14))
2025-08-24T20:59:12.7897043Z   Using cached pydantic_extra_types-2.10.5-py3-none-any.whl.metadata (3.9 kB)
2025-08-24T20:59:12.8142457Z Requirement already satisfied: prompt-toolkit>=3.0.36 in /opt/hostedtoolcache/Python/3.12.11/x64/lib/python3.12/site-packages (from click-repl>=0.2.0->celery==5.5.3->-r requirements-dev.txt (line 12)) (3.0.51)
2025-08-24T20:59:12.8214806Z Requirement already satisfied: dnspython>=2.0.0 in /opt/hostedtoolcache/Python/3.12.11/x64/lib/python3.12/site-packages (from email-validator>=2.0.0->fastapi[all]->-r requirements-dev.txt (line 14)) (2.7.0)
2025-08-24T20:59:12.8284843Z Requirement already satisfied: typer>=0.15.1 in /opt/hostedtoolcache/Python/3.12.11/x64/lib/python3.12/site-packages (from fastapi-cli>=0.0.8->fastapi-cli[standard]>=0.0.8; extra == "all"->fastapi[all]->-r requirements-dev.txt (line 14)) (0.16.1)
2025-08-24T20:59:12.8296741Z Requirement already satisfied: rich-toolkit>=0.14.8 in /opt/hostedtoolcache/Python/3.12.11/x64/lib/python3.12/site-packages (from fastapi-cli>=0.0.8->fastapi-cli[standard]>=0.0.8; extra == "all"->fastapi[all]->-r requirements-dev.txt (line 14)) (0.15.0)
2025-08-24T20:59:12.8451097Z Collecting fastapi-cloud-cli>=0.1.1 (from fastapi-cli[standard]>=0.0.8; extra == "all"->fastapi[all]->-r requirements-dev.txt (line 14))
2025-08-24T20:59:12.8462812Z   Using cached fastapi_cloud_cli-0.1.5-py3-none-any.whl.metadata (3.2 kB)
2025-08-24T20:59:12.9183017Z Collecting rignore>=0.5.1 (from fastapi-cloud-cli>=0.1.1->fastapi-cli[standard]>=0.0.8; extra == "all"->fastapi[all]->-r requirements-dev.txt (line 14))
2025-08-24T20:59:12.9197295Z   Using cached rignore-0.6.4-cp312-cp312-manylinux_2_17_x86_64.manylinux2014_x86_64.whl.metadata (3.8 kB)
2025-08-24T20:59:12.9717172Z Collecting sentry-sdk>=2.20.0 (from fastapi-cloud-cli>=0.1.1->fastapi-cli[standard]>=0.0.8; extra == "all"->fastapi[all]->-r requirements-dev.txt (line 14))
2025-08-24T20:59:12.9728958Z   Using cached sentry_sdk-2.35.0-py2.py3-none-any.whl.metadata (10 kB)
2025-08-24T20:59:13.1132703Z Collecting psutil>=4.0.0 (from mirakuru>=2.6.0->pytest-postgresql==7.0.2->-r requirements-dev.txt (line 30))
2025-08-24T20:59:13.1145681Z   Using cached psutil-7.0.0-cp36-abi3-manylinux_2_12_x86_64.manylinux2010_x86_64.manylinux_2_17_x86_64.manylinux2014_x86_64.whl.metadata (22 kB)
2025-08-24T20:59:13.1334989Z Requirement already satisfied: wcwidth in /opt/hostedtoolcache/Python/3.12.11/x64/lib/python3.12/site-packages (from prompt-toolkit>=3.0.36->click-repl>=0.2.0->celery==5.5.3->-r requirements-dev.txt (line 12)) (0.2.13)
2025-08-24T20:59:13.1531678Z Requirement already satisfied: rich>=13.7.1 in /opt/hostedtoolcache/Python/3.12.11/x64/lib/python3.12/site-packages (from rich-toolkit>=0.14.8->fastapi-cli>=0.0.8->fastapi-cli[standard]>=0.0.8; extra == "all"->fastapi[all]->-r requirements-dev.txt (line 14)) (14.1.0)
2025-08-24T20:59:13.1567384Z Requirement already satisfied: markdown-it-py>=2.2.0 in /opt/hostedtoolcache/Python/3.12.11/x64/lib/python3.12/site-packages (from rich>=13.7.1->rich-toolkit>=0.14.8->fastapi-cli>=0.0.8->fastapi-cli[standard]>=0.0.8; extra == "all"->fastapi[all]->-r requirements-dev.txt (line 14)) (4.0.0)
2025-08-24T20:59:13.1599565Z Requirement already satisfied: mdurl~=0.1 in /opt/hostedtoolcache/Python/3.12.11/x64/lib/python3.12/site-packages (from markdown-it-py>=2.2.0->rich>=13.7.1->rich-toolkit>=0.14.8->fastapi-cli>=0.0.8->fastapi-cli[standard]>=0.0.8; extra == "all"->fastapi[all]->-r requirements-dev.txt (line 14)) (0.1.2)
2025-08-24T20:59:13.1789873Z Requirement already satisfied: shellingham>=1.3.0 in /opt/hostedtoolcache/Python/3.12.11/x64/lib/python3.12/site-packages (from typer>=0.15.1->fastapi-cli>=0.0.8->fastapi-cli[standard]>=0.0.8; extra == "all"->fastapi[all]->-r requirements-dev.txt (line 14)) (1.5.4)
2025-08-24T20:59:13.2021956Z Requirement already satisfied: httptools>=0.5.0 in /opt/hostedtoolcache/Python/3.12.11/x64/lib/python3.12/site-packages (from uvicorn[standard]>=0.12.0; extra == "all"->fastapi[all]->-r requirements-dev.txt (line 14)) (0.6.4)
2025-08-24T20:59:13.2039278Z Requirement already satisfied: uvloop!=0.15.0,!=0.15.1,>=0.14.0 in /opt/hostedtoolcache/Python/3.12.11/x64/lib/python3.12/site-packages (from uvicorn[standard]>=0.12.0; extra == "all"->fastapi[all]->-r requirements-dev.txt (line 14)) (0.21.0)
2025-08-24T20:59:13.2046424Z Requirement already satisfied: watchfiles>=0.13 in /opt/hostedtoolcache/Python/3.12.11/x64/lib/python3.12/site-packages (from uvicorn[standard]>=0.12.0; extra == "all"->fastapi[all]->-r requirements-dev.txt (line 14)) (1.1.0)
2025-08-24T20:59:13.2053485Z Requirement already satisfied: websockets>=10.4 in /opt/hostedtoolcache/Python/3.12.11/x64/lib/python3.12/site-packages (from uvicorn[standard]>=0.12.0; extra == "all"->fastapi[all]->-r requirements-dev.txt (line 14)) (15.0.1)
2025-08-24T20:59:13.2581715Z Using cached jinja2-3.1.6-py3-none-any.whl (134 kB)
2025-08-24T20:59:13.2593218Z Using cached alembic-1.16.4-py3-none-any.whl (247 kB)
2025-08-24T20:59:13.2606789Z Using cached asyncpg-0.30.0-cp312-cp312-manylinux_2_17_x86_64.manylinux2014_x86_64.whl (3.6 MB)
2025-08-24T20:59:13.2643987Z Using cached black-25.1.0-cp312-cp312-manylinux_2_17_x86_64.manylinux2014_x86_64.manylinux_2_28_x86_64.whl (1.8 MB)
2025-08-24T20:59:13.2668275Z Using cached vulture-2.10-py2.py3-none-any.whl (27 kB)
2025-08-24T20:59:13.2679324Z Using cached celery-5.5.3-py3-none-any.whl (438 kB)
2025-08-24T20:59:13.2693273Z Using cached fastapi-0.116.1-py3-none-any.whl (95 kB)
2025-08-24T20:59:13.2704911Z Using cached pytest_asyncio-1.1.0-py3-none-any.whl (15 kB)
2025-08-24T20:59:13.2715714Z Using cached pytest_cov-6.2.1-py3-none-any.whl (24 kB)
2025-08-24T20:59:13.2726688Z Using cached pytest_postgresql-7.0.2-py3-none-any.whl (41 kB)
2025-08-24T20:59:13.2737799Z Using cached python_telegram_bot-22.3-py3-none-any.whl (717 kB)
2025-08-24T20:59:13.2753711Z Using cached requests-2.32.4-py3-none-any.whl (64 kB)
2025-08-24T20:59:13.2765104Z Using cached respx-0.22.0-py2.py3-none-any.whl (25 kB)
2025-08-24T20:59:13.2776460Z Using cached ruff-0.9.9-py3-none-manylinux_2_17_x86_64.manylinux2014_x86_64.whl (11.2 MB)
2025-08-24T20:59:13.2868000Z Using cached sqlalchemy-2.0.43-cp312-cp312-manylinux_2_17_x86_64.manylinux2014_x86_64.whl (3.3 MB)
2025-08-24T20:59:13.2904181Z Using cached testcontainers-4.12.0-py3-none-any.whl (111 kB)
2025-08-24T20:59:13.2916225Z Using cached types_requests-2.32.4.20250809-py3-none-any.whl (20 kB)
2025-08-24T20:59:13.2927318Z Using cached docspec_python-2.2.2-py3-none-any.whl (15 kB)
2025-08-24T20:59:13.2938265Z Using cached pydoc_markdown-4.8.2-py3-none-any.whl (67 kB)
2025-08-24T20:59:13.2949466Z Using cached docspec-2.2.1-py3-none-any.whl (9.8 kB)
2025-08-24T20:59:13.2960369Z Using cached redis-6.4.0-py3-none-any.whl (279 kB)
2025-08-24T20:59:13.2973284Z Using cached httpx-0.28.1-py3-none-any.whl (73 kB)
2025-08-24T20:59:13.2985299Z Using cached mypy-1.17.1-cp312-cp312-manylinux2014_x86_64.manylinux_2_17_x86_64.manylinux_2_28_x86_64.whl (12.7 MB)
2025-08-24T20:59:13.3087647Z Using cached databind.core-4.5.2-py3-none-any.whl (1.5 kB)
2025-08-24T20:59:13.3098589Z Using cached databind-4.5.2-py3-none-any.whl (49 kB)
2025-08-24T20:59:13.3109755Z Using cached databind.json-4.5.2-py3-none-any.whl (1.5 kB)
2025-08-24T20:59:13.3120957Z Using cached Deprecated-1.2.18-py2.py3-none-any.whl (10.0 kB)
2025-08-24T20:59:13.3131772Z Using cached nr_date-2.1.0-py3-none-any.whl (10 kB)
2025-08-24T20:59:13.3142788Z Using cached nr_stream-1.1.5-py3-none-any.whl (10 kB)
2025-08-24T20:59:13.3153684Z Using cached nr.util-0.8.12-py3-none-any.whl (90 kB)
2025-08-24T20:59:13.3165419Z Using cached pytest-8.4.1-py3-none-any.whl (365 kB)
2025-08-24T20:59:13.3179005Z Using cached pluggy-1.6.0-py3-none-any.whl (20 kB)
2025-08-24T20:59:13.3253878Z Downloading starlette-0.47.3-py3-none-any.whl (72 kB)
2025-08-24T20:59:13.3388909Z Using cached tomli-2.2.1-cp312-cp312-manylinux_2_17_x86_64.manylinux2014_x86_64.whl (242 kB)
2025-08-24T20:59:13.3401080Z Using cached tomli_w-1.2.0-py3-none-any.whl (6.7 kB)
2025-08-24T20:59:13.3411578Z Using cached typeapi-2.2.4-py3-none-any.whl (26 kB)
2025-08-24T20:59:13.3423091Z Using cached itsdangerous-2.2.0-py3-none-any.whl (16 kB)
2025-08-24T20:59:13.3433729Z Using cached setuptools-80.9.0-py3-none-any.whl (1.2 MB)
2025-08-24T20:59:13.3453892Z Using cached coverage-7.10.5-cp312-cp312-manylinux1_x86_64.manylinux_2_28_x86_64.manylinux_2_5_x86_64.whl (251 kB)
2025-08-24T20:59:13.3465868Z Using cached fastapi_cloud_cli-0.1.5-py3-none-any.whl (18 kB)
2025-08-24T20:59:13.3476425Z Using cached iniconfig-2.1.0-py3-none-any.whl (6.0 kB)
2025-08-24T20:59:13.3486965Z Using cached mirakuru-2.6.1-py3-none-any.whl (26 kB)
2025-08-24T20:59:13.3497688Z Using cached pathspec-0.12.1-py3-none-any.whl (31 kB)
2025-08-24T20:59:13.3508618Z Using cached platformdirs-4.3.8-py3-none-any.whl (18 kB)
2025-08-24T20:59:13.3519175Z Using cached port_for-0.7.4-py3-none-any.whl (21 kB)
2025-08-24T20:59:13.3530429Z Using cached psutil-7.0.0-cp36-abi3-manylinux_2_12_x86_64.manylinux2010_x86_64.manylinux_2_17_x86_64.manylinux2014_x86_64.whl (277 kB)
2025-08-24T20:59:13.3542816Z Using cached pydantic_extra_types-2.10.5-py3-none-any.whl (38 kB)
2025-08-24T20:59:13.3553540Z Using cached rignore-0.6.4-cp312-cp312-manylinux_2_17_x86_64.manylinux2014_x86_64.whl (949 kB)
2025-08-24T20:59:13.3571159Z Using cached sentry_sdk-2.35.0-py2.py3-none-any.whl (363 kB)
2025-08-24T20:59:13.3584110Z Using cached yapf-0.43.0-py3-none-any.whl (256 kB)
2025-08-24T20:59:13.3596757Z Using cached docker-7.1.0-py3-none-any.whl (147 kB)
2025-08-24T20:59:13.3608163Z Using cached toml-0.10.2-py2.py3-none-any.whl (16 kB)
2025-08-24T20:59:13.3620512Z Using cached watchdog-6.0.0-py3-none-manylinux2014_x86_64.whl (79 kB)
2025-08-24T20:59:13.6307265Z Installing collected packages: watchdog, types-requests, typeapi, tomli_w, tomli, toml, sqlalchemy, setuptools, sentry-sdk, ruff, rignore, requests, redis, psutil, port-for, pluggy, platformdirs, pathspec, nr-stream, nr-date, Jinja2, itsdangerous, iniconfig, docstring-parser, Deprecated, coverage, asyncpg, yapf, vulture, starlette, pytest, nr-util, mypy, mirakuru, httpx, docker, databind, black, alembic, testcontainers, respx, python-telegram-bot, pytest-postgresql, pytest-cov, pytest-asyncio, pydantic-extra-types, fastapi, databind.json, databind.core, celery, fastapi-cloud-cli, docspec, docspec-python, pydoc-markdown
2025-08-24T20:59:13.7458999Z   Attempting uninstall: sqlalchemy
2025-08-24T20:59:13.7490792Z     Found existing installation: SQLAlchemy 2.0.29
2025-08-24T20:59:13.7705863Z     Uninstalling SQLAlchemy-2.0.29:
2025-08-24T20:59:13.7738500Z       Successfully uninstalled SQLAlchemy-2.0.29
2025-08-24T20:59:15.6463492Z   Attempting uninstall: sentry-sdk
2025-08-24T20:59:15.6495463Z     Found existing installation: sentry-sdk 2.9.0
2025-08-24T20:59:15.6619945Z     Uninstalling sentry-sdk-2.9.0:
2025-08-24T20:59:15.6641220Z       Successfully uninstalled sentry-sdk-2.9.0
2025-08-24T20:59:16.0705135Z   Attempting uninstall: requests
2025-08-24T20:59:16.0749262Z     Found existing installation: requests 2.32.5
2025-08-24T20:59:16.0778390Z     Uninstalling requests-2.32.5:
2025-08-24T20:59:16.0787088Z       Successfully uninstalled requests-2.32.5
2025-08-24T20:59:16.1167369Z   Attempting uninstall: redis
2025-08-24T20:59:16.1198170Z     Found existing installation: redis 5.0.8
2025-08-24T20:59:16.1269823Z     Uninstalling redis-5.0.8:
2025-08-24T20:59:16.1284531Z       Successfully uninstalled redis-5.0.8
2025-08-24T20:59:16.5799371Z   Attempting uninstall: Jinja2
2025-08-24T20:59:16.5848769Z     Found existing installation: Jinja2 3.1.5
2025-08-24T20:59:16.5881714Z     Uninstalling Jinja2-3.1.5:
2025-08-24T20:59:16.5890438Z       Successfully uninstalled Jinja2-3.1.5
2025-08-24T20:59:16.8509107Z   Attempting uninstall: asyncpg
2025-08-24T20:59:16.8563922Z     Found existing installation: asyncpg 0.29.0
2025-08-24T20:59:16.8611071Z     Uninstalling asyncpg-0.29.0:
2025-08-24T20:59:16.8623935Z       Successfully uninstalled asyncpg-0.29.0
2025-08-24T20:59:17.1529568Z   Attempting uninstall: starlette
2025-08-24T20:59:17.1580623Z     Found existing installation: starlette 0.37.2
2025-08-24T20:59:17.1621654Z     Uninstalling starlette-0.37.2:
2025-08-24T20:59:17.1631830Z       Successfully uninstalled starlette-0.37.2
2025-08-24T20:59:18.9369593Z   Attempting uninstall: httpx
2025-08-24T20:59:18.9420566Z     Found existing installation: httpx 0.26.0
2025-08-24T20:59:18.9455999Z     Uninstalling httpx-0.26.0:
2025-08-24T20:59:18.9468723Z       Successfully uninstalled httpx-0.26.0
2025-08-24T20:59:19.2799522Z   Attempting uninstall: alembic
2025-08-24T20:59:19.2833862Z     Found existing installation: alembic 1.13.1
2025-08-24T20:59:19.2911035Z     Uninstalling alembic-1.13.1:
2025-08-24T20:59:19.2931036Z       Successfully uninstalled alembic-1.13.1
2025-08-24T20:59:19.5636979Z   Attempting uninstall: python-telegram-bot
2025-08-24T20:59:19.5684892Z     Found existing installation: python-telegram-bot 20.8
2025-08-24T20:59:19.5844161Z     Uninstalling python-telegram-bot-20.8:
2025-08-24T20:59:19.5867627Z       Successfully uninstalled python-telegram-bot-20.8
2025-08-24T20:59:20.0277566Z   Attempting uninstall: fastapi
2025-08-24T20:59:20.0321978Z     Found existing installation: fastapi 0.111.0
2025-08-24T20:59:20.0373896Z     Uninstalling fastapi-0.111.0:
2025-08-24T20:59:20.0386130Z       Successfully uninstalled fastapi-0.111.0
2025-08-24T20:59:20.1249558Z   Attempting uninstall: celery
2025-08-24T20:59:20.1292359Z     Found existing installation: celery 5.4.0
2025-08-24T20:59:20.1437817Z     Uninstalling celery-5.4.0:
2025-08-24T20:59:20.1464901Z       Successfully uninstalled celery-5.4.0
2025-08-24T20:59:20.5495827Z 
2025-08-24T20:59:20.5616692Z Successfully installed Deprecated-1.2.18 Jinja2-3.1.6 alembic-1.16.4 asyncpg-0.30.0 black-25.1.0 celery-5.5.3 coverage-7.10.5 databind-4.5.2 databind.core-4.5.2 databind.json-4.5.2 docker-7.1.0 docspec-2.2.1 docspec-python-2.2.2 docstring-parser-0.11 fastapi-0.116.1 fastapi-cloud-cli-0.1.5 httpx-0.28.1 iniconfig-2.1.0 itsdangerous-2.2.0 mirakuru-2.6.1 mypy-1.17.1 nr-date-2.1.0 nr-stream-1.1.5 nr-util-0.8.12 pathspec-0.12.1 platformdirs-4.3.8 pluggy-1.6.0 port-for-0.7.4 psutil-7.0.0 pydantic-extra-types-2.10.5 pydoc-markdown-4.8.2 pytest-8.4.1 pytest-asyncio-1.1.0 pytest-cov-6.2.1 pytest-postgresql-7.0.2 python-telegram-bot-22.3 redis-6.4.0 requests-2.32.4 respx-0.22.0 rignore-0.6.4 ruff-0.9.9 sentry-sdk-2.35.0 setuptools-80.9.0 sqlalchemy-2.0.43 starlette-0.47.3 testcontainers-4.12.0 toml-0.10.2 tomli-2.2.1 tomli_w-1.2.0 typeapi-2.2.4 types-requests-2.32.4.20250809 vulture-2.10 watchdog-6.0.0 yapf-0.43.0
2025-08-24T20:59:21.2197793Z Requirement already satisfied: asyncpg in /opt/hostedtoolcache/Python/3.12.11/x64/lib/python3.12/site-packages (0.30.0)
2025-08-24T20:59:21.8317745Z Requirement already satisfied: pytest in /opt/hostedtoolcache/Python/3.12.11/x64/lib/python3.12/site-packages (8.4.1)
2025-08-24T20:59:21.8331714Z Requirement already satisfied: iniconfig>=1 in /opt/hostedtoolcache/Python/3.12.11/x64/lib/python3.12/site-packages (from pytest) (2.1.0)
2025-08-24T20:59:21.8337497Z Requirement already satisfied: packaging>=20 in /opt/hostedtoolcache/Python/3.12.11/x64/lib/python3.12/site-packages (from pytest) (25.0)
2025-08-24T20:59:21.8342877Z Requirement already satisfied: pluggy<2,>=1.5 in /opt/hostedtoolcache/Python/3.12.11/x64/lib/python3.12/site-packages (from pytest) (1.6.0)
2025-08-24T20:59:21.8348054Z Requirement already satisfied: pygments>=2.7.2 in /opt/hostedtoolcache/Python/3.12.11/x64/lib/python3.12/site-packages (from pytest) (2.19.2)
2025-08-24T20:59:22.5177044Z Collecting keepa==1.3.15
2025-08-24T20:59:22.5189602Z   Using cached keepa-1.3.15-py3-none-any.whl.metadata (11 kB)
2025-08-24T20:59:22.5227340Z Requirement already satisfied: minio==7.1.15 in /opt/hostedtoolcache/Python/3.12.11/x64/lib/python3.12/site-packages (7.1.15)
2025-08-24T20:59:22.5236280Z Requirement already satisfied: numpy>=1.9.3 in /opt/hostedtoolcache/Python/3.12.11/x64/lib/python3.12/site-packages (from keepa==1.3.15) (1.26.4)
2025-08-24T20:59:22.5241377Z Requirement already satisfied: requests>=2.2 in /opt/hostedtoolcache/Python/3.12.11/x64/lib/python3.12/site-packages (from keepa==1.3.15) (2.32.4)
2025-08-24T20:59:22.5245116Z Requirement already satisfied: tqdm in /opt/hostedtoolcache/Python/3.12.11/x64/lib/python3.12/site-packages (from keepa==1.3.15) (4.67.1)
2025-08-24T20:59:22.5248498Z Requirement already satisfied: aiohttp in /opt/hostedtoolcache/Python/3.12.11/x64/lib/python3.12/site-packages (from keepa==1.3.15) (3.12.15)
2025-08-24T20:59:22.5253513Z Requirement already satisfied: pandas<=3.0 in /opt/hostedtoolcache/Python/3.12.11/x64/lib/python3.12/site-packages (from keepa==1.3.15) (2.2.3)
2025-08-24T20:59:22.5257327Z Requirement already satisfied: pydantic in /opt/hostedtoolcache/Python/3.12.11/x64/lib/python3.12/site-packages (from keepa==1.3.15) (2.11.7)
2025-08-24T20:59:22.5267522Z Requirement already satisfied: certifi in /opt/hostedtoolcache/Python/3.12.11/x64/lib/python3.12/site-packages (from minio==7.1.15) (2025.8.3)
2025-08-24T20:59:22.5271659Z Requirement already satisfied: urllib3 in /opt/hostedtoolcache/Python/3.12.11/x64/lib/python3.12/site-packages (from minio==7.1.15) (2.5.0)
2025-08-24T20:59:22.5325849Z Requirement already satisfied: python-dateutil>=2.8.2 in /opt/hostedtoolcache/Python/3.12.11/x64/lib/python3.12/site-packages (from pandas<=3.0->keepa==1.3.15) (2.9.0.post0)
2025-08-24T20:59:22.5330933Z Requirement already satisfied: pytz>=2020.1 in /opt/hostedtoolcache/Python/3.12.11/x64/lib/python3.12/site-packages (from pandas<=3.0->keepa==1.3.15) (2025.2)
2025-08-24T20:59:22.5336116Z Requirement already satisfied: tzdata>=2022.7 in /opt/hostedtoolcache/Python/3.12.11/x64/lib/python3.12/site-packages (from pandas<=3.0->keepa==1.3.15) (2025.2)
2025-08-24T20:59:22.5469241Z Requirement already satisfied: six>=1.5 in /opt/hostedtoolcache/Python/3.12.11/x64/lib/python3.12/site-packages (from python-dateutil>=2.8.2->pandas<=3.0->keepa==1.3.15) (1.17.0)
2025-08-24T20:59:22.5489363Z Requirement already satisfied: charset_normalizer<4,>=2 in /opt/hostedtoolcache/Python/3.12.11/x64/lib/python3.12/site-packages (from requests>=2.2->keepa==1.3.15) (3.4.3)
2025-08-24T20:59:22.5495799Z Requirement already satisfied: idna<4,>=2.5 in /opt/hostedtoolcache/Python/3.12.11/x64/lib/python3.12/site-packages (from requests>=2.2->keepa==1.3.15) (3.10)
2025-08-24T20:59:22.5565934Z Requirement already satisfied: aiohappyeyeballs>=2.5.0 in /opt/hostedtoolcache/Python/3.12.11/x64/lib/python3.12/site-packages (from aiohttp->keepa==1.3.15) (2.6.1)
2025-08-24T20:59:22.5571596Z Requirement already satisfied: aiosignal>=1.4.0 in /opt/hostedtoolcache/Python/3.12.11/x64/lib/python3.12/site-packages (from aiohttp->keepa==1.3.15) (1.4.0)
2025-08-24T20:59:22.5579289Z Requirement already satisfied: attrs>=17.3.0 in /opt/hostedtoolcache/Python/3.12.11/x64/lib/python3.12/site-packages (from aiohttp->keepa==1.3.15) (25.3.0)
2025-08-24T20:59:22.5585199Z Requirement already satisfied: frozenlist>=1.1.1 in /opt/hostedtoolcache/Python/3.12.11/x64/lib/python3.12/site-packages (from aiohttp->keepa==1.3.15) (1.7.0)
2025-08-24T20:59:22.5591445Z Requirement already satisfied: multidict<7.0,>=4.5 in /opt/hostedtoolcache/Python/3.12.11/x64/lib/python3.12/site-packages (from aiohttp->keepa==1.3.15) (6.6.4)
2025-08-24T20:59:22.5597956Z Requirement already satisfied: propcache>=0.2.0 in /opt/hostedtoolcache/Python/3.12.11/x64/lib/python3.12/site-packages (from aiohttp->keepa==1.3.15) (0.3.2)
2025-08-24T20:59:22.5604109Z Requirement already satisfied: yarl<2.0,>=1.17.0 in /opt/hostedtoolcache/Python/3.12.11/x64/lib/python3.12/site-packages (from aiohttp->keepa==1.3.15) (1.20.1)
2025-08-24T20:59:22.5683711Z Requirement already satisfied: typing-extensions>=4.2 in /opt/hostedtoolcache/Python/3.12.11/x64/lib/python3.12/site-packages (from aiosignal>=1.4.0->aiohttp->keepa==1.3.15) (4.14.1)
2025-08-24T20:59:22.5766965Z Requirement already satisfied: annotated-types>=0.6.0 in /opt/hostedtoolcache/Python/3.12.11/x64/lib/python3.12/site-packages (from pydantic->keepa==1.3.15) (0.7.0)
2025-08-24T20:59:22.5772778Z Requirement already satisfied: pydantic-core==2.33.2 in /opt/hostedtoolcache/Python/3.12.11/x64/lib/python3.12/site-packages (from pydantic->keepa==1.3.15) (2.33.2)
2025-08-24T20:59:22.5781551Z Requirement already satisfied: typing-inspection>=0.4.0 in /opt/hostedtoolcache/Python/3.12.11/x64/lib/python3.12/site-packages (from pydantic->keepa==1.3.15) (0.4.1)
2025-08-24T20:59:22.5860652Z Using cached keepa-1.3.15-py3-none-any.whl (38 kB)
2025-08-24T20:59:22.7535150Z Installing collected packages: keepa
2025-08-24T20:59:22.7535920Z   Attempting uninstall: keepa
2025-08-24T20:59:22.7568521Z     Found existing installation: keepa 1.3.14
2025-08-24T20:59:22.7590778Z     Uninstalling keepa-1.3.14:
2025-08-24T20:59:22.7599108Z       Successfully uninstalled keepa-1.3.14
2025-08-24T20:59:22.8021241Z Successfully installed keepa-1.3.15
2025-08-24T20:59:22.8562466Z ##[group]Run actions/setup-node@v4
2025-08-24T20:59:22.8562747Z with:
2025-08-24T20:59:22.8562936Z   node-version: 20.19.0
2025-08-24T20:59:22.8563154Z   always-auth: false
2025-08-24T20:59:22.8563377Z   check-latest: false
2025-08-24T20:59:22.8563679Z   token: ***
2025-08-24T20:59:22.8563858Z env:
2025-08-24T20:59:22.8564061Z   REDIS_URL: redis://localhost:6379/0
2025-08-24T20:59:22.8564341Z   RATE_LIMIT_DEFAULT: 100/minute
2025-08-24T20:59:22.8564806Z   TRUST_X_FORWARDED: 1
2025-08-24T20:59:22.8565164Z   PG_USER: postgres
2025-08-24T20:59:22.8565370Z   PG_PASSWORD: pass
2025-08-24T20:59:22.8565564Z   PG_DATABASE: awa
2025-08-24T20:59:22.8565758Z   PG_HOST: localhost
2025-08-24T20:59:22.8565951Z   PG_PORT: 5432
2025-08-24T20:59:22.8566333Z   PG_SYNC_DSN: ***localhost:5432/awa
2025-08-24T20:59:22.8566757Z   PG_ASYNC_DSN: ***localhost:5432/awa
2025-08-24T20:59:22.8567160Z   DATABASE_URL: ***localhost:5432/awa
2025-08-24T20:59:22.8567404Z   DATA_DIR: /tmp/awa-data
2025-08-24T20:59:22.8567648Z   ENABLE_LIVE: 0
2025-08-24T20:59:22.8567841Z   TESTING: 1
2025-08-24T20:59:22.8568082Z   pythonLocation: /opt/hostedtoolcache/Python/3.12.11/x64
2025-08-24T20:59:22.8568499Z   PKG_CONFIG_PATH: /opt/hostedtoolcache/Python/3.12.11/x64/lib/pkgconfig
2025-08-24T20:59:22.8568918Z   Python_ROOT_DIR: /opt/hostedtoolcache/Python/3.12.11/x64
2025-08-24T20:59:22.8569276Z   Python2_ROOT_DIR: /opt/hostedtoolcache/Python/3.12.11/x64
2025-08-24T20:59:22.8569627Z   Python3_ROOT_DIR: /opt/hostedtoolcache/Python/3.12.11/x64
2025-08-24T20:59:22.8569990Z   LD_LIBRARY_PATH: /opt/hostedtoolcache/Python/3.12.11/x64/lib
2025-08-24T20:59:22.8570293Z ##[endgroup]
2025-08-24T20:59:23.0298107Z Attempting to download 20.19.0...
2025-08-24T20:59:23.3556241Z Acquiring 20.19.0 - x64 from https://github.com/actions/node-versions/releases/download/20.19.0-13838090974/node-20.19.0-linux-x64.tar.gz
2025-08-24T20:59:23.7591489Z Extracting ...
2025-08-24T20:59:23.7696569Z [command]/usr/bin/tar xz --strip 1 --warning=no-unknown-keyword --overwrite -C /home/runner/work/_temp/9ba947f1-5b4f-4a92-91b9-6714028e7a0f -f /home/runner/work/_temp/07f38524-72f3-4ef7-9d7b-7030c6348e65
2025-08-24T20:59:24.7564241Z Adding to the cache ...
2025-08-24T20:59:26.3735859Z ##[group]Environment details
2025-08-24T20:59:26.5895677Z node: v20.19.0
2025-08-24T20:59:26.5896098Z npm: 10.8.2
2025-08-24T20:59:26.5896405Z yarn: 1.22.22
2025-08-24T20:59:26.5897138Z ##[endgroup]
2025-08-24T20:59:26.6040147Z ##[group]Run npm ci
2025-08-24T20:59:26.6040378Z [36;1mnpm ci[0m
2025-08-24T20:59:26.6081159Z shell: /usr/bin/bash -e {0}
2025-08-24T20:59:26.6081395Z env:
2025-08-24T20:59:26.6081605Z   REDIS_URL: redis://localhost:6379/0
2025-08-24T20:59:26.6081883Z   RATE_LIMIT_DEFAULT: 100/minute
2025-08-24T20:59:26.6082113Z   TRUST_X_FORWARDED: 1
2025-08-24T20:59:26.6082309Z   PG_USER: postgres
2025-08-24T20:59:26.6082502Z   PG_PASSWORD: pass
2025-08-24T20:59:26.6082680Z   PG_DATABASE: awa
2025-08-24T20:59:26.6082864Z   PG_HOST: localhost
2025-08-24T20:59:26.6083054Z   PG_PORT: 5432
2025-08-24T20:59:26.6083475Z   PG_SYNC_DSN: ***localhost:5432/awa
2025-08-24T20:59:26.6083880Z   PG_ASYNC_DSN: ***localhost:5432/awa
2025-08-24T20:59:26.6084270Z   DATABASE_URL: ***localhost:5432/awa
2025-08-24T20:59:26.6084936Z   DATA_DIR: /tmp/awa-data
2025-08-24T20:59:26.6085147Z   ENABLE_LIVE: 0
2025-08-24T20:59:26.6085318Z   TESTING: 1
2025-08-24T20:59:26.6085594Z   pythonLocation: /opt/hostedtoolcache/Python/3.12.11/x64
2025-08-24T20:59:26.6086004Z   PKG_CONFIG_PATH: /opt/hostedtoolcache/Python/3.12.11/x64/lib/pkgconfig
2025-08-24T20:59:26.6086392Z   Python_ROOT_DIR: /opt/hostedtoolcache/Python/3.12.11/x64
2025-08-24T20:59:26.6086743Z   Python2_ROOT_DIR: /opt/hostedtoolcache/Python/3.12.11/x64
2025-08-24T20:59:26.6087092Z   Python3_ROOT_DIR: /opt/hostedtoolcache/Python/3.12.11/x64
2025-08-24T20:59:26.6087467Z   LD_LIBRARY_PATH: /opt/hostedtoolcache/Python/3.12.11/x64/lib
2025-08-24T20:59:26.6087766Z ##[endgroup]
2025-08-24T20:59:29.2933471Z npm warn deprecated node-domexception@1.0.0: Use your platform's native DOMException instead
2025-08-24T20:59:32.5485723Z 
2025-08-24T20:59:32.5486669Z added 432 packages, and audited 433 packages in 6s
2025-08-24T20:59:32.5487278Z 
2025-08-24T20:59:32.5488015Z 112 packages are looking for funding
2025-08-24T20:59:32.5489790Z   run `npm fund` for details
2025-08-24T20:59:32.5495333Z 
2025-08-24T20:59:32.5495858Z 2 vulnerabilities (1 low, 1 critical)
2025-08-24T20:59:32.5496446Z 
2025-08-24T20:59:32.5497004Z To address all issues, run:
2025-08-24T20:59:32.5509943Z   npm audit fix
2025-08-24T20:59:32.5511736Z 
2025-08-24T20:59:32.5512167Z Run `npm audit` for details.
2025-08-24T20:59:32.5860005Z ##[group]Run npm run build --if-present
2025-08-24T20:59:32.5860346Z [36;1mnpm run build --if-present[0m
2025-08-24T20:59:32.5906682Z shell: /usr/bin/bash -e {0}
2025-08-24T20:59:32.5906923Z env:
2025-08-24T20:59:32.5907135Z   REDIS_URL: redis://localhost:6379/0
2025-08-24T20:59:32.5907406Z   RATE_LIMIT_DEFAULT: 100/minute
2025-08-24T20:59:32.5907643Z   TRUST_X_FORWARDED: 1
2025-08-24T20:59:32.5907841Z   PG_USER: postgres
2025-08-24T20:59:32.5908107Z   PG_PASSWORD: pass
2025-08-24T20:59:32.5908290Z   PG_DATABASE: awa
2025-08-24T20:59:32.5908473Z   PG_HOST: localhost
2025-08-24T20:59:32.5908673Z   PG_PORT: 5432
2025-08-24T20:59:32.5909089Z   PG_SYNC_DSN: ***localhost:5432/awa
2025-08-24T20:59:32.5909506Z   PG_ASYNC_DSN: ***localhost:5432/awa
2025-08-24T20:59:32.5909887Z   DATABASE_URL: ***localhost:5432/awa
2025-08-24T20:59:32.5910130Z   DATA_DIR: /tmp/awa-data
2025-08-24T20:59:32.5910337Z   ENABLE_LIVE: 0
2025-08-24T20:59:32.5910518Z   TESTING: 1
2025-08-24T20:59:32.5910892Z   pythonLocation: /opt/hostedtoolcache/Python/3.12.11/x64
2025-08-24T20:59:32.5911329Z   PKG_CONFIG_PATH: /opt/hostedtoolcache/Python/3.12.11/x64/lib/pkgconfig
2025-08-24T20:59:32.5911729Z   Python_ROOT_DIR: /opt/hostedtoolcache/Python/3.12.11/x64
2025-08-24T20:59:32.5912096Z   Python2_ROOT_DIR: /opt/hostedtoolcache/Python/3.12.11/x64
2025-08-24T20:59:32.5912455Z   Python3_ROOT_DIR: /opt/hostedtoolcache/Python/3.12.11/x64
2025-08-24T20:59:32.5912806Z   LD_LIBRARY_PATH: /opt/hostedtoolcache/Python/3.12.11/x64/lib
2025-08-24T20:59:32.5913106Z ##[endgroup]
2025-08-24T20:59:32.7023256Z 
2025-08-24T20:59:32.7023732Z > web@0.0.0 build
2025-08-24T20:59:32.7024219Z > tsc -b && vite build
2025-08-24T20:59:32.7024489Z 
2025-08-24T20:59:35.4857795Z [36mvite v7.0.4 [32mbuilding for production...[36m[39m
2025-08-24T20:59:35.9648961Z transforming...
2025-08-24T20:59:38.7384083Z [32m✓[39m 687 modules transformed.
2025-08-24T20:59:39.0955187Z rendering chunks...
2025-08-24T20:59:39.1039428Z computing gzip size...
2025-08-24T20:59:39.1221021Z [2mdist/[22m[32mindex.html                 [39m[1m[2m  0.46 kB[22m[1m[22m[2m │ gzip:   0.30 kB[22m
2025-08-24T20:59:39.1221926Z [2mdist/[22m[2massets/[22m[35mindex-5IA1gRGW.css  [39m[1m[2m  0.84 kB[22m[1m[22m[2m │ gzip:   0.45 kB[22m
2025-08-24T20:59:39.1223020Z [2mdist/[22m[2massets/[22m[36mindex-CIqpArhq.js   [39m[1m[33m613.66 kB[39m[22m[2m │ gzip: 193.69 kB[22m
2025-08-24T20:59:39.1223543Z [33m
2025-08-24T20:59:39.1223936Z (!) Some chunks are larger than 500 kB after minification. Consider:
2025-08-24T20:59:39.1224405Z - Using dynamic import() to code-split the application
2025-08-24T20:59:39.1225897Z - Use build.rollupOptions.output.manualChunks to improve chunking: https://rollupjs.org/configuration-options/#output-manualchunks
2025-08-24T20:59:39.1226792Z - Adjust chunk size limit for this warning via build.chunkSizeWarningLimit.[39m
2025-08-24T20:59:39.1227423Z [32m✓ built in 3.61s[39m
2025-08-24T20:59:39.1686439Z ##[group]Run sudo apt-get update
2025-08-24T20:59:39.1686780Z [36;1msudo apt-get update[0m
2025-08-24T20:59:39.1687067Z [36;1msudo apt-get install -y postgresql[0m
2025-08-24T20:59:39.1687561Z [36;1mecho "/usr/lib/postgresql/$(pg_config --version | cut -d' ' -f2 | cut -d'.' -f1,2)/bin" >> $GITHUB_PATH[0m
2025-08-24T20:59:39.1728622Z shell: /usr/bin/bash -e {0}
2025-08-24T20:59:39.1728854Z env:
2025-08-24T20:59:39.1729059Z   REDIS_URL: redis://localhost:6379/0
2025-08-24T20:59:39.1729324Z   RATE_LIMIT_DEFAULT: 100/minute
2025-08-24T20:59:39.1729550Z   TRUST_X_FORWARDED: 1
2025-08-24T20:59:39.1729747Z   PG_USER: postgres
2025-08-24T20:59:39.1729960Z   PG_PASSWORD: pass
2025-08-24T20:59:39.1730144Z   PG_DATABASE: awa
2025-08-24T20:59:39.1730321Z   PG_HOST: localhost
2025-08-24T20:59:39.1730508Z   PG_PORT: 5432
2025-08-24T20:59:39.1730927Z   PG_SYNC_DSN: ***localhost:5432/awa
2025-08-24T20:59:39.1731426Z   PG_ASYNC_DSN: ***localhost:5432/awa
2025-08-24T20:59:39.1731848Z   DATABASE_URL: ***localhost:5432/awa
2025-08-24T20:59:39.1732088Z   DATA_DIR: /tmp/awa-data
2025-08-24T20:59:39.1732287Z   ENABLE_LIVE: 0
2025-08-24T20:59:39.1732468Z   TESTING: 1
2025-08-24T20:59:39.1732707Z   pythonLocation: /opt/hostedtoolcache/Python/3.12.11/x64
2025-08-24T20:59:39.1733108Z   PKG_CONFIG_PATH: /opt/hostedtoolcache/Python/3.12.11/x64/lib/pkgconfig
2025-08-24T20:59:39.1733521Z   Python_ROOT_DIR: /opt/hostedtoolcache/Python/3.12.11/x64
2025-08-24T20:59:39.1733878Z   Python2_ROOT_DIR: /opt/hostedtoolcache/Python/3.12.11/x64
2025-08-24T20:59:39.1734230Z   Python3_ROOT_DIR: /opt/hostedtoolcache/Python/3.12.11/x64
2025-08-24T20:59:39.1734772Z   LD_LIBRARY_PATH: /opt/hostedtoolcache/Python/3.12.11/x64/lib
2025-08-24T20:59:39.1735095Z ##[endgroup]
2025-08-24T20:59:39.2446278Z Get:1 file:/etc/apt/apt-mirrors.txt Mirrorlist [144 B]
2025-08-24T20:59:39.2742292Z Hit:2 http://azure.archive.ubuntu.com/ubuntu noble InRelease
2025-08-24T20:59:39.2764935Z Hit:6 https://packages.microsoft.com/repos/azure-cli noble InRelease
2025-08-24T20:59:39.2774419Z Get:3 http://azure.archive.ubuntu.com/ubuntu noble-updates InRelease [126 kB]
2025-08-24T20:59:39.2817913Z Get:4 http://azure.archive.ubuntu.com/ubuntu noble-backports InRelease [126 kB]
2025-08-24T20:59:39.2837466Z Get:5 http://azure.archive.ubuntu.com/ubuntu noble-security InRelease [126 kB]
2025-08-24T20:59:39.2913880Z Get:7 https://packages.microsoft.com/ubuntu/24.04/prod noble InRelease [3600 B]
2025-08-24T20:59:39.4446969Z Get:8 http://azure.archive.ubuntu.com/ubuntu noble-updates/main amd64 Packages [1352 kB]
2025-08-24T20:59:39.4647276Z Get:9 http://azure.archive.ubuntu.com/ubuntu noble-updates/main Translation-en [269 kB]
2025-08-24T20:59:39.4669794Z Get:10 http://azure.archive.ubuntu.com/ubuntu noble-updates/main amd64 Components [175 kB]
2025-08-24T20:59:39.4698541Z Get:11 http://azure.archive.ubuntu.com/ubuntu noble-updates/universe amd64 Packages [1123 kB]
2025-08-24T20:59:39.4773260Z Get:12 http://azure.archive.ubuntu.com/ubuntu noble-updates/universe Translation-en [288 kB]
2025-08-24T20:59:39.4837092Z Get:13 http://azure.archive.ubuntu.com/ubuntu noble-updates/universe amd64 Components [377 kB]
2025-08-24T20:59:39.4874824Z Get:14 http://azure.archive.ubuntu.com/ubuntu noble-updates/restricted amd64 Packages [1731 kB]
2025-08-24T20:59:39.5018092Z Get:15 http://azure.archive.ubuntu.com/ubuntu noble-updates/restricted Translation-en [384 kB]
2025-08-24T20:59:39.5021359Z Get:16 http://azure.archive.ubuntu.com/ubuntu noble-updates/restricted amd64 Components [212 B]
2025-08-24T20:59:39.5025457Z Get:17 http://azure.archive.ubuntu.com/ubuntu noble-updates/multiverse amd64 Components [940 B]
2025-08-24T20:59:39.5517512Z Get:18 http://azure.archive.ubuntu.com/ubuntu noble-backports/main amd64 Components [7088 B]
2025-08-24T20:59:39.5521139Z Get:19 http://azure.archive.ubuntu.com/ubuntu noble-backports/universe amd64 Components [19.2 kB]
2025-08-24T20:59:39.5522453Z Get:20 http://azure.archive.ubuntu.com/ubuntu noble-backports/restricted amd64 Components [216 B]
2025-08-24T20:59:39.5523963Z Get:21 http://azure.archive.ubuntu.com/ubuntu noble-backports/multiverse amd64 Components [212 B]
2025-08-24T20:59:39.5535453Z Get:22 http://azure.archive.ubuntu.com/ubuntu noble-security/main amd64 Packages [1083 kB]
2025-08-24T20:59:39.5616433Z Get:23 http://azure.archive.ubuntu.com/ubuntu noble-security/main Translation-en [187 kB]
2025-08-24T20:59:39.5642495Z Get:24 http://azure.archive.ubuntu.com/ubuntu noble-security/main amd64 Components [21.5 kB]
2025-08-24T20:59:39.5657602Z Get:25 http://azure.archive.ubuntu.com/ubuntu noble-security/universe amd64 Packages [881 kB]
2025-08-24T20:59:39.5718142Z Get:26 http://azure.archive.ubuntu.com/ubuntu noble-security/universe Translation-en [195 kB]
2025-08-24T20:59:39.5742001Z Get:27 http://azure.archive.ubuntu.com/ubuntu noble-security/universe amd64 Components [52.2 kB]
2025-08-24T20:59:39.5753298Z Get:28 http://azure.archive.ubuntu.com/ubuntu noble-security/restricted amd64 Packages [1631 kB]
2025-08-24T20:59:39.5837406Z Get:29 http://azure.archive.ubuntu.com/ubuntu noble-security/restricted Translation-en [361 kB]
2025-08-24T20:59:39.5871289Z Get:30 http://azure.archive.ubuntu.com/ubuntu noble-security/restricted amd64 Components [212 B]
2025-08-24T20:59:39.5882040Z Get:31 http://azure.archive.ubuntu.com/ubuntu noble-security/multiverse amd64 Components [208 B]
2025-08-24T20:59:39.6089132Z Get:32 https://packages.microsoft.com/ubuntu/24.04/prod noble/main arm64 Packages [33.3 kB]
2025-08-24T20:59:39.6125738Z Get:33 https://packages.microsoft.com/ubuntu/24.04/prod noble/main armhf Packages [9870 B]
2025-08-24T20:59:39.6164513Z Get:34 https://packages.microsoft.com/ubuntu/24.04/prod noble/main amd64 Packages [49.2 kB]
2025-08-24T20:59:43.4340309Z Fetched 10.6 MB in 1s (8268 kB/s)
2025-08-24T20:59:44.1074038Z Reading package lists...
2025-08-24T20:59:44.1396928Z Reading package lists...
2025-08-24T20:59:44.3148413Z Building dependency tree...
2025-08-24T20:59:44.3155606Z Reading state information...
2025-08-24T20:59:44.4778244Z Suggested packages:
2025-08-24T20:59:44.4778758Z   postgresql-doc
2025-08-24T20:59:44.4920112Z The following NEW packages will be installed:
2025-08-24T20:59:44.4920562Z   postgresql
2025-08-24T20:59:44.5092920Z 0 upgraded, 1 newly installed, 0 to remove and 25 not upgraded.
2025-08-24T20:59:44.5093350Z Need to get 11.6 kB of archives.
2025-08-24T20:59:44.5093765Z After this operation, 17.4 kB of additional disk space will be used.
2025-08-24T20:59:44.5094224Z Get:1 file:/etc/apt/apt-mirrors.txt Mirrorlist [144 B]
2025-08-24T20:59:44.5440612Z Get:2 http://azure.archive.ubuntu.com/ubuntu noble-updates/main amd64 postgresql all 16+257build1.1 [11.6 kB]
2025-08-24T20:59:44.8119077Z Fetched 11.6 kB in 0s (256 kB/s)
2025-08-24T20:59:44.8318911Z Selecting previously unselected package postgresql.
2025-08-24T20:59:44.8517229Z (Reading database ... 
2025-08-24T20:59:44.8517626Z (Reading database ... 5%
2025-08-24T20:59:44.8517981Z (Reading database ... 10%
2025-08-24T20:59:44.8518326Z (Reading database ... 15%
2025-08-24T20:59:44.8518676Z (Reading database ... 20%
2025-08-24T20:59:44.8519140Z (Reading database ... 25%
2025-08-24T20:59:44.8519455Z (Reading database ... 30%
2025-08-24T20:59:44.8519767Z (Reading database ... 35%
2025-08-24T20:59:44.8520086Z (Reading database ... 40%
2025-08-24T20:59:44.8520398Z (Reading database ... 45%
2025-08-24T20:59:44.8520709Z (Reading database ... 50%
2025-08-24T20:59:44.8620146Z (Reading database ... 55%
2025-08-24T20:59:44.8897402Z (Reading database ... 60%
2025-08-24T20:59:44.9080314Z (Reading database ... 65%
2025-08-24T20:59:44.9277967Z (Reading database ... 70%
2025-08-24T20:59:44.9449643Z (Reading database ... 75%
2025-08-24T20:59:44.9683922Z (Reading database ... 80%
2025-08-24T20:59:45.0141604Z (Reading database ... 85%
2025-08-24T20:59:45.0530538Z (Reading database ... 90%
2025-08-24T20:59:45.1081280Z (Reading database ... 95%
2025-08-24T20:59:45.1081654Z (Reading database ... 100%
2025-08-24T20:59:45.1082205Z (Reading database ... 219830 files and directories currently installed.)
2025-08-24T20:59:45.1128418Z Preparing to unpack .../postgresql_16+257build1.1_all.deb ...
2025-08-24T20:59:45.1149759Z Unpacking postgresql (16+257build1.1) ...
2025-08-24T20:59:45.1510415Z Setting up postgresql (16+257build1.1) ...
2025-08-24T20:59:45.8436170Z 
2025-08-24T20:59:45.8436772Z Running kernel seems to be up-to-date.
2025-08-24T20:59:45.8437173Z 
2025-08-24T20:59:45.8437306Z Restarting services...
2025-08-24T20:59:45.8504139Z 
2025-08-24T20:59:45.8505398Z Service restarts being deferred:
2025-08-24T20:59:45.8506294Z  systemctl restart hosted-compute-agent.service
2025-08-24T20:59:45.8506684Z 
2025-08-24T20:59:45.8507055Z No containers need to be restarted.
2025-08-24T20:59:45.8507393Z 
2025-08-24T20:59:45.8507687Z No user sessions are running outdated binaries.
2025-08-24T20:59:45.8508030Z 
2025-08-24T20:59:45.8508494Z No VM guests are running outdated hypervisor (qemu) binaries on this host.
2025-08-24T20:59:46.6786197Z ##[group]Run for i in {1..30}; do pg_isready -h localhost -p 5432 -U postgres -d awa && break; sleep 1; done
2025-08-24T20:59:46.6786908Z [36;1mfor i in {1..30}; do pg_isready -h localhost -p 5432 -U postgres -d awa && break; sleep 1; done[0m
2025-08-24T20:59:46.6827894Z shell: /usr/bin/bash -e {0}
2025-08-24T20:59:46.6828126Z env:
2025-08-24T20:59:46.6828329Z   REDIS_URL: redis://localhost:6379/0
2025-08-24T20:59:46.6828601Z   RATE_LIMIT_DEFAULT: 100/minute
2025-08-24T20:59:46.6828829Z   TRUST_X_FORWARDED: 1
2025-08-24T20:59:46.6829033Z   PG_USER: postgres
2025-08-24T20:59:46.6829225Z   PG_PASSWORD: pass
2025-08-24T20:59:46.6829407Z   PG_DATABASE: awa
2025-08-24T20:59:46.6829584Z   PG_HOST: localhost
2025-08-24T20:59:46.6829772Z   PG_PORT: 5432
2025-08-24T20:59:46.6830201Z   PG_SYNC_DSN: ***localhost:5432/awa
2025-08-24T20:59:46.6830604Z   PG_ASYNC_DSN: ***localhost:5432/awa
2025-08-24T20:59:46.6830986Z   DATABASE_URL: ***localhost:5432/awa
2025-08-24T20:59:46.6831254Z   DATA_DIR: /tmp/awa-data
2025-08-24T20:59:46.6831464Z   ENABLE_LIVE: 0
2025-08-24T20:59:46.6831636Z   TESTING: 1
2025-08-24T20:59:46.6831876Z   pythonLocation: /opt/hostedtoolcache/Python/3.12.11/x64
2025-08-24T20:59:46.6832274Z   PKG_CONFIG_PATH: /opt/hostedtoolcache/Python/3.12.11/x64/lib/pkgconfig
2025-08-24T20:59:46.6832670Z   Python_ROOT_DIR: /opt/hostedtoolcache/Python/3.12.11/x64
2025-08-24T20:59:46.6833026Z   Python2_ROOT_DIR: /opt/hostedtoolcache/Python/3.12.11/x64
2025-08-24T20:59:46.6833386Z   Python3_ROOT_DIR: /opt/hostedtoolcache/Python/3.12.11/x64
2025-08-24T20:59:46.6833742Z   LD_LIBRARY_PATH: /opt/hostedtoolcache/Python/3.12.11/x64/lib
2025-08-24T20:59:46.6834036Z ##[endgroup]
2025-08-24T20:59:46.7422225Z localhost:5432 - accepting connections
2025-08-24T20:59:46.7458168Z ##[group]Run alembic -c services/api/alembic.ini upgrade head
2025-08-24T20:59:46.7458630Z [36;1malembic -c services/api/alembic.ini upgrade head[0m
2025-08-24T20:59:46.7500542Z shell: /usr/bin/bash -e {0}
2025-08-24T20:59:46.7500787Z env:
2025-08-24T20:59:46.7500999Z   REDIS_URL: redis://localhost:6379/0
2025-08-24T20:59:46.7501282Z   RATE_LIMIT_DEFAULT: 100/minute
2025-08-24T20:59:46.7501515Z   TRUST_X_FORWARDED: 1
2025-08-24T20:59:46.7501714Z   PG_USER: postgres
2025-08-24T20:59:46.7501909Z   PG_PASSWORD: pass
2025-08-24T20:59:46.7502093Z   PG_DATABASE: awa
2025-08-24T20:59:46.7502273Z   PG_HOST: localhost
2025-08-24T20:59:46.7502461Z   PG_PORT: 5432
2025-08-24T20:59:46.7502865Z   PG_SYNC_DSN: ***localhost:5432/awa
2025-08-24T20:59:46.7503293Z   PG_ASYNC_DSN: ***localhost:5432/awa
2025-08-24T20:59:46.7503700Z   DATABASE_URL: ***localhost:5432/awa
2025-08-24T20:59:46.7503942Z   DATA_DIR: /tmp/awa-data
2025-08-24T20:59:46.7504154Z   ENABLE_LIVE: 0
2025-08-24T20:59:46.7504360Z   TESTING: 1
2025-08-24T20:59:46.7504962Z   pythonLocation: /opt/hostedtoolcache/Python/3.12.11/x64
2025-08-24T20:59:46.7505378Z   PKG_CONFIG_PATH: /opt/hostedtoolcache/Python/3.12.11/x64/lib/pkgconfig
2025-08-24T20:59:46.7505782Z   Python_ROOT_DIR: /opt/hostedtoolcache/Python/3.12.11/x64
2025-08-24T20:59:46.7506140Z   Python2_ROOT_DIR: /opt/hostedtoolcache/Python/3.12.11/x64
2025-08-24T20:59:46.7506527Z   Python3_ROOT_DIR: /opt/hostedtoolcache/Python/3.12.11/x64
2025-08-24T20:59:46.7506890Z   LD_LIBRARY_PATH: /opt/hostedtoolcache/Python/3.12.11/x64/lib
2025-08-24T20:59:46.7507199Z   POSTGRES_USER: postgres
2025-08-24T20:59:46.7507422Z   POSTGRES_PASSWORD: pass
2025-08-24T20:59:46.7507630Z   POSTGRES_DB: awa
2025-08-24T20:59:46.7507817Z ##[endgroup]
2025-08-24T20:59:47.6128447Z INFO  [alembic.runtime.migration] Context impl PostgresqlImpl.
2025-08-24T20:59:47.6129432Z INFO  [alembic.runtime.migration] Will assume transactional DDL.
2025-08-24T20:59:47.6339053Z INFO  [alembic.runtime.migration] Running upgrade  -> 0001_baseline
2025-08-24T20:59:47.6478224Z INFO  [alembic.runtime.migration] Running upgrade 0001_baseline -> 0002_create_roi_view
2025-08-24T20:59:47.6504448Z INFO  [alembic.runtime.migration] Running upgrade 0002_create_roi_view -> 3e9d5c5aff2c
2025-08-24T20:59:47.6667253Z INFO  [alembic.runtime.migration] Running upgrade 3e9d5c5aff2c -> 0003_vendor_prices
2025-08-24T20:59:47.6811519Z INFO  [alembic.runtime.migration] Running upgrade 0003_vendor_prices -> 0004_fee_cron
2025-08-24T20:59:47.6881183Z INFO  [alembic.runtime.migration] Running upgrade 0004_fee_cron -> 0006_fix_roi_views
2025-08-24T20:59:47.6912397Z INFO  [alembic.runtime.migration] Running upgrade 0006_fix_roi_views -> 0020_unified_schema
2025-08-24T20:59:47.7019031Z INFO  [alembic.runtime.migration] Running upgrade 0020_unified_schema -> 0022_fix_roi_view
2025-08-24T20:59:47.7082427Z INFO  [alembic.runtime.migration] Running upgrade 0022_fix_roi_view -> 0023_add_storage_fee
2025-08-24T20:59:47.7118109Z INFO  [alembic.runtime.migration] Running upgrade 0023_add_storage_fee -> 0024_create_buybox
2025-08-24T20:59:47.7143666Z INFO  [alembic.runtime.migration] Running upgrade 0024_create_buybox -> 0025_pr4_indexes_loadlog
2025-08-24T20:59:47.7361045Z INFO  [alembic.runtime.migration] Running upgrade 0025_pr4_indexes_loadlog -> 0026_fix_refund_views
2025-08-24T20:59:47.7429174Z INFO  [alembic.runtime.migration] Running upgrade 0025_pr4_indexes_loadlog -> 0026_amazon_new_reports
2025-08-24T20:59:47.7658563Z INFO  [alembic.runtime.migration] Running upgrade 0026_amazon_new_reports, 0026_fix_refund_views -> 0027_merge_reports_refund_heads
2025-08-24T20:59:47.8436354Z ##[group]Run pytest -q --cov=services --cov-report=xml
2025-08-24T20:59:47.8436779Z [36;1mpytest -q --cov=services --cov-report=xml[0m
2025-08-24T20:59:47.8476999Z shell: /usr/bin/bash -e {0}
2025-08-24T20:59:47.8477231Z env:
2025-08-24T20:59:47.8477437Z   REDIS_URL: redis://localhost:6379/0
2025-08-24T20:59:47.8477706Z   RATE_LIMIT_DEFAULT: 100/minute
2025-08-24T20:59:47.8477934Z   TRUST_X_FORWARDED: 1
2025-08-24T20:59:47.8478155Z   PG_USER: postgres
2025-08-24T20:59:47.8478350Z   PG_PASSWORD: pass
2025-08-24T20:59:47.8478531Z   PG_DATABASE: awa
2025-08-24T20:59:47.8478713Z   PG_HOST: localhost
2025-08-24T20:59:47.8478905Z   PG_PORT: 5432
2025-08-24T20:59:47.8479308Z   PG_SYNC_DSN: ***localhost:5432/awa
2025-08-24T20:59:47.8479710Z   PG_ASYNC_DSN: ***localhost:5432/awa
2025-08-24T20:59:47.8480094Z   DATABASE_URL: ***localhost:5432/awa
2025-08-24T20:59:47.8480351Z   DATA_DIR: /home/runner/work/_temp/awa-data
2025-08-24T20:59:47.8480597Z   ENABLE_LIVE: 0
2025-08-24T20:59:47.8480798Z   TESTING: 1
2025-08-24T20:59:47.8481035Z   pythonLocation: /opt/hostedtoolcache/Python/3.12.11/x64
2025-08-24T20:59:47.8481444Z   PKG_CONFIG_PATH: /opt/hostedtoolcache/Python/3.12.11/x64/lib/pkgconfig
2025-08-24T20:59:47.8481861Z   Python_ROOT_DIR: /opt/hostedtoolcache/Python/3.12.11/x64
2025-08-24T20:59:47.8482211Z   Python2_ROOT_DIR: /opt/hostedtoolcache/Python/3.12.11/x64
2025-08-24T20:59:47.8482562Z   Python3_ROOT_DIR: /opt/hostedtoolcache/Python/3.12.11/x64
2025-08-24T20:59:47.8483086Z   LD_LIBRARY_PATH: /opt/hostedtoolcache/Python/3.12.11/x64/lib
2025-08-24T20:59:47.8483389Z   POSTGRES_USER: postgres
2025-08-24T20:59:47.8483604Z   POSTGRES_PASSWORD: pass
2025-08-24T20:59:47.8483798Z   POSTGRES_DB: awa
2025-08-24T20:59:47.8483982Z   LLM_PROVIDER: lan
2025-08-24T20:59:47.8484194Z   LLM_BASE_URL: http://localhost:8000
2025-08-24T20:59:47.8484435Z ##[endgroup]
2025-08-24T21:00:20.2117434Z ........s.............................sssssss........................... [ 41%]
2025-08-24T21:00:52.1375914Z ........................................................................ [ 83%]
2025-08-24T21:00:53.3517275Z .............................                                            [100%]
2025-08-24T21:00:53.3518298Z =============================== warnings summary ===============================
2025-08-24T21:00:53.3519709Z ../../../../../opt/hostedtoolcache/Python/3.12.11/x64/lib/python3.12/site-packages/pydantic/fields.py:1093
2025-08-24T21:00:53.3521149Z Sentry is attempting to send 0 pending events
2025-08-24T21:00:53.3521862Z Waiting up to True seconds
2025-08-24T21:00:53.3522401Z Press Ctrl-C to quit
2025-08-24T21:00:53.3525713Z   /opt/hostedtoolcache/Python/3.12.11/x64/lib/python3.12/site-packages/pydantic/fields.py:1093: PydanticDeprecatedSince20: Using extra keyword arguments on `Field` is deprecated and will be removed. Use `json_schema_extra` instead. (Extra keys: 'strip_whitespace'). Deprecated in Pydantic V2.0 to be removed in V3.0. See Pydantic V2 Migration Guide at https://errors.pydantic.dev/2.11/migration/
2025-08-24T21:00:53.3527809Z     warn(
2025-08-24T21:00:53.3527958Z 
2025-08-24T21:00:53.3528200Z services/alert_bot/tests/test_smoke.py:5
2025-08-24T21:00:53.3529697Z   /home/runner/work/AWA-App/AWA-App/services/alert_bot/tests/test_smoke.py:5: UserWarning: pkg_resources is deprecated as an API. See https://setuptools.pypa.io/en/latest/pkg_resources.html. The pkg_resources package is slated for removal as early as 2025-11-30. Refrain from using this package or pin to Setuptools<81.
2025-08-24T21:00:53.3530914Z     import pkg_resources  # noqa: F401
2025-08-24T21:00:53.3531099Z 
2025-08-24T21:00:53.3531292Z tests/api/test_ingest_endpoints.py: 12 warnings
2025-08-24T21:00:53.3531674Z tests/ingest/test_tasks_eager.py: 3 warnings
2025-08-24T21:00:53.3532014Z tests/test_api_fast.py: 1 warning
2025-08-24T21:00:53.3532310Z tests/test_health.py: 5 warnings
2025-08-24T21:00:53.3532591Z tests/test_smoke.py: 5 warnings
2025-08-24T21:00:53.3532896Z services/api/tests/test_cors.py: 1 warning
2025-08-24T21:00:53.3533612Z services/api/tests/test_errors_json.py: 2 warnings
2025-08-24T21:00:53.3534007Z services/api/tests/test_health.py: 1 warning
2025-08-24T21:00:53.3534382Z services/api/tests/test_rate_limit.py: 122 warnings
2025-08-24T21:00:53.3535060Z services/api/tests/test_roi_basic_auth.py: 4 warnings
2025-08-24T21:00:53.3535466Z services/api/tests/test_sentry_event.py: 1 warning
2025-08-24T21:00:53.3535871Z services/api/tests/test_stats_contracts.py: 3 warnings
2025-08-24T21:00:53.3536337Z services/api/tests/test_stats_future_contracts.py: 3 warnings
2025-08-24T21:00:53.3538043Z   /opt/hostedtoolcache/Python/3.12.11/x64/lib/python3.12/site-packages/asgi_correlation_id/extensions/sentry.py:27: DeprecationWarning: sentry_sdk.configure_scope is deprecated and will be removed in the next major version. Please consult our migration guide to learn how to migrate to the new API: https://docs.sentry.io/platforms/python/migration/1.x-to-2.x#scope-configuring
2025-08-24T21:00:53.3539417Z     with configure_scope() as scope:
2025-08-24T21:00:53.3539588Z 
2025-08-24T21:00:53.3539754Z tests/api/test_ingest_endpoints.py: 3 warnings
2025-08-24T21:00:53.3540071Z tests/test_api_fast.py: 1 warning
2025-08-24T21:00:53.3540349Z tests/test_health.py: 5 warnings
2025-08-24T21:00:53.3540624Z tests/test_smoke.py: 5 warnings
2025-08-24T21:00:53.3540910Z services/api/tests/test_cors.py: 3 warnings
2025-08-24T21:00:53.3541255Z services/api/tests/test_errors_json.py: 2 warnings
2025-08-24T21:00:53.3541811Z services/api/tests/test_health.py: 1 warning
2025-08-24T21:00:53.3542168Z services/api/tests/test_rate_limit.py: 2 warnings
2025-08-24T21:00:53.3542528Z services/api/tests/test_sentry_event.py: 1 warning
2025-08-24T21:00:53.3542908Z services/api/tests/test_stats_contracts.py: 3 warnings
2025-08-24T21:00:53.3543334Z services/api/tests/test_stats_future_contracts.py: 1 warning
2025-08-24T21:00:53.3544287Z   /opt/hostedtoolcache/Python/3.12.11/x64/lib/python3.12/site-packages/fastapi_limiter/__init__.py:89: DeprecationWarning: Call to deprecated close. (Use aclose() instead) -- Deprecated since version 5.0.1.
2025-08-24T21:00:53.3545255Z     await cls.redis.close()
2025-08-24T21:00:53.3545401Z 
2025-08-24T21:00:53.3545606Z tests/test_api_fast.py::test_health_endpoint
2025-08-24T21:00:53.3546720Z   /home/runner/work/AWA-App/AWA-App/tests/test_api_fast.py:13: DeprecationWarning: datetime.datetime.utcnow() is deprecated and scheduled for removal in a future version. Use timezone-aware objects to represent datetimes in UTC: datetime.datetime.now(datetime.UTC).
2025-08-24T21:00:53.3547725Z     return datetime.datetime.utcnow()
2025-08-24T21:00:53.3547914Z 
2025-08-24T21:00:53.3548049Z tests/test_api_fast.py: 1 warning
2025-08-24T21:00:53.3548330Z tests/test_health.py: 5 warnings
2025-08-24T21:00:53.3548603Z tests/test_smoke.py: 5 warnings
2025-08-24T21:00:53.3548892Z services/api/tests/test_cors.py: 1 warning
2025-08-24T21:00:53.3549223Z services/api/tests/test_health.py: 1 warning
2025-08-24T21:00:53.3549575Z services/api/tests/test_rate_limit.py: 102 warnings
2025-08-24T21:00:53.3550734Z   /home/runner/work/AWA-App/AWA-App/services/api/routes/health.py:24: DeprecationWarning: datetime.datetime.utcnow() is deprecated and scheduled for removal in a future version. Use timezone-aware objects to represent datetimes in UTC: datetime.datetime.now(datetime.UTC).
2025-08-24T21:00:53.3551813Z     app_now = datetime.utcnow().replace(tzinfo=timezone.utc)
2025-08-24T21:00:53.3552041Z 
2025-08-24T21:00:53.3552180Z tests/test_health.py::test_health[0]
2025-08-24T21:00:53.3552477Z tests/test_health.py::test_health[1]
2025-08-24T21:00:53.3552763Z tests/test_health.py::test_health[2]
2025-08-24T21:00:53.3553040Z tests/test_health.py::test_health[3]
2025-08-24T21:00:53.3553317Z tests/test_health.py::test_health[4]
2025-08-24T21:00:53.3554519Z   /home/runner/work/AWA-App/AWA-App/tests/test_health.py:22: DeprecationWarning: datetime.datetime.utcnow() is deprecated and scheduled for removal in a future version. Use timezone-aware objects to represent datetimes in UTC: datetime.datetime.now(datetime.UTC).
2025-08-24T21:00:53.3555692Z     return datetime.datetime.utcnow()
2025-08-24T21:00:53.3555870Z 
2025-08-24T21:00:53.3556002Z tests/test_smoke.py::test_health[0]
2025-08-24T21:00:53.3556293Z tests/test_smoke.py::test_health[1]
2025-08-24T21:00:53.3556569Z tests/test_smoke.py::test_health[2]
2025-08-24T21:00:53.3556846Z tests/test_smoke.py::test_health[3]
2025-08-24T21:00:53.3557120Z tests/test_smoke.py::test_health[4]
2025-08-24T21:00:53.3558189Z   /home/runner/work/AWA-App/AWA-App/tests/test_smoke.py:32: DeprecationWarning: datetime.datetime.utcnow() is deprecated and scheduled for removal in a future version. Use timezone-aware objects to represent datetimes in UTC: datetime.datetime.now(datetime.UTC).
2025-08-24T21:00:53.3559161Z     return datetime.datetime.utcnow()
2025-08-24T21:00:53.3559330Z 
2025-08-24T21:00:53.3559559Z services/api/tests/test_cors.py::test_cors_simple_get_allowed
2025-08-24T21:00:53.3560810Z   /home/runner/work/AWA-App/AWA-App/services/api/tests/test_cors.py:27: DeprecationWarning: datetime.datetime.utcnow() is deprecated and scheduled for removal in a future version. Use timezone-aware objects to represent datetimes in UTC: datetime.datetime.now(datetime.UTC).
2025-08-24T21:00:53.3561852Z     return datetime.datetime.utcnow()
2025-08-24T21:00:53.3562025Z 
2025-08-24T21:00:53.3562210Z services/api/tests/test_health.py::test_health_route
2025-08-24T21:00:53.3563376Z   /home/runner/work/AWA-App/AWA-App/services/api/tests/test_health.py:14: DeprecationWarning: datetime.datetime.utcnow() is deprecated and scheduled for removal in a future version. Use timezone-aware objects to represent datetimes in UTC: datetime.datetime.now(datetime.UTC).
2025-08-24T21:00:53.3564532Z     return datetime.datetime.utcnow()
2025-08-24T21:00:53.3564989Z 
2025-08-24T21:00:53.3565173Z services/api/tests/test_rate_limit.py: 102 warnings
2025-08-24T21:00:53.3566361Z   /home/runner/work/AWA-App/AWA-App/services/api/tests/test_rate_limit.py:33: DeprecationWarning: datetime.datetime.utcnow() is deprecated and scheduled for removal in a future version. Use timezone-aware objects to represent datetimes in UTC: datetime.datetime.now(datetime.UTC).
2025-08-24T21:00:53.3567397Z     return datetime.datetime.utcnow()
2025-08-24T21:00:53.3567570Z 
2025-08-24T21:00:53.3567899Z services/api/tests/test_sentry_event.py::test_unhandled_exception_is_captured_and_tagged
2025-08-24T21:00:53.3569420Z   /home/runner/work/AWA-App/AWA-App/services/api/tests/test_sentry_event.py:47: SentryHubDeprecationWarning: `sentry_sdk.Hub` is deprecated and will be removed in a future major release. Please consult our 1.x to 2.x migration guide for details on how to migrate `Hub` usage to the new API: https://docs.sentry.io/platforms/python/migration/1.x-to-2.x
2025-08-24T21:00:53.3570646Z     hub = sentry_sdk.Hub.current
2025-08-24T21:00:53.3570811Z 
2025-08-24T21:00:53.3571083Z -- Docs: https://docs.pytest.org/en/stable/how-to/capture-warnings.html
2025-08-24T21:00:53.3571570Z ================================ tests coverage ================================
2025-08-24T21:00:53.3572048Z _______________ coverage: platform linux, python 3.12.11-final-0 _______________
2025-08-24T21:00:53.3572316Z 
2025-08-24T21:00:53.3572466Z Coverage XML written to file coverage.xml
2025-08-24T21:00:53.8043420Z ##[group]Run echo "::group::postgres container logs"
2025-08-24T21:00:53.8043821Z [36;1mecho "::group::postgres container logs"[0m
2025-08-24T21:00:53.8044297Z [36;1mdocker logs 6bab904ffa31f4a7f08187d124064a91d6a7617c7eb2db562d19adb4d8d539ba --tail 200[0m
2025-08-24T21:00:53.8045023Z [36;1mecho "::endgroup::"[0m
2025-08-24T21:00:53.8085669Z shell: /usr/bin/bash -e {0}
2025-08-24T21:00:53.8085899Z env:
2025-08-24T21:00:53.8086105Z   REDIS_URL: redis://localhost:6379/0
2025-08-24T21:00:53.8086380Z   RATE_LIMIT_DEFAULT: 100/minute
2025-08-24T21:00:53.8086616Z   TRUST_X_FORWARDED: 1
2025-08-24T21:00:53.8086824Z   PG_USER: postgres
2025-08-24T21:00:53.8087027Z   PG_PASSWORD: pass
2025-08-24T21:00:53.8087212Z   PG_DATABASE: awa
2025-08-24T21:00:53.8087391Z   PG_HOST: localhost
2025-08-24T21:00:53.8087576Z   PG_PORT: 5432
2025-08-24T21:00:53.8087985Z   PG_SYNC_DSN: ***localhost:5432/awa
2025-08-24T21:00:53.8088384Z   PG_ASYNC_DSN: ***localhost:5432/awa
2025-08-24T21:00:53.8088797Z   DATABASE_URL: ***localhost:5432/awa
2025-08-24T21:00:53.8089037Z   DATA_DIR: /tmp/awa-data
2025-08-24T21:00:53.8089236Z   ENABLE_LIVE: 0
2025-08-24T21:00:53.8089413Z   TESTING: 1
2025-08-24T21:00:53.8089656Z   pythonLocation: /opt/hostedtoolcache/Python/3.12.11/x64
2025-08-24T21:00:53.8090053Z   PKG_CONFIG_PATH: /opt/hostedtoolcache/Python/3.12.11/x64/lib/pkgconfig
2025-08-24T21:00:53.8090496Z   Python_ROOT_DIR: /opt/hostedtoolcache/Python/3.12.11/x64
2025-08-24T21:00:53.8090844Z   Python2_ROOT_DIR: /opt/hostedtoolcache/Python/3.12.11/x64
2025-08-24T21:00:53.8091195Z   Python3_ROOT_DIR: /opt/hostedtoolcache/Python/3.12.11/x64
2025-08-24T21:00:53.8091545Z   LD_LIBRARY_PATH: /opt/hostedtoolcache/Python/3.12.11/x64/lib
2025-08-24T21:00:53.8091840Z ##[endgroup]
2025-08-24T21:00:53.8149715Z ##[group]postgres container logs
2025-08-24T21:00:53.8271824Z The files belonging to this database system will be owned by user "postgres".
2025-08-24T21:00:53.8272646Z This user must also own the server process.
2025-08-24T21:00:53.8273001Z 
2025-08-24T21:00:53.8273454Z The database cluster will be initialized with locale "en_US.utf8".
2025-08-24T21:00:53.8274325Z The default database encoding has accordingly been set to "UTF8".
2025-08-24T21:00:53.8275703Z The default text search configuration will be set to "english".
2025-08-24T21:00:53.8276176Z 
2025-08-24T21:00:53.8276445Z Data page checksums are disabled.
2025-08-24T21:00:53.8276764Z 
2025-08-24T21:00:53.8277275Z fixing permissions on existing directory /var/lib/postgresql/data ... ok
2025-08-24T21:00:53.8277904Z creating subdirectories ... ok
2025-08-24T21:00:53.8278289Z selecting dynamic shared memory implementation ... posix
2025-08-24T21:00:53.8278662Z selecting default max_connections ... 100
2025-08-24T21:00:53.8278990Z selecting default shared_buffers ... 128MB
2025-08-24T21:00:53.8279300Z selecting default time zone ... Etc/UTC
2025-08-24T21:00:53.8279604Z creating configuration files ... ok
2025-08-24T21:00:53.8280113Z initdb: warning: enabling "trust" authentication for local connections
2025-08-24T21:00:53.8280915Z initdb: hint: You can change this by editing pg_hba.conf or using the option -A, or --auth-local and --auth-host, the next time you run initdb.
2025-08-24T21:00:53.8281947Z 2025-08-24 20:58:22.613 UTC [1] LOG:  starting PostgreSQL 15.14 (Debian 15.14-1.pgdg13+1) on x86_64-pc-linux-gnu, compiled by gcc (Debian 14.2.0-19) 14.2.0, 64-bit
2025-08-24T21:00:53.8282705Z 2025-08-24 20:58:22.614 UTC [1] LOG:  listening on IPv4 address "0.0.0.0", port 5432
2025-08-24T21:00:53.8283254Z 2025-08-24 20:58:22.614 UTC [1] LOG:  listening on IPv6 address "::", port 5432
2025-08-24T21:00:53.8283821Z 2025-08-24 20:58:22.615 UTC [1] LOG:  listening on Unix socket "/var/run/postgresql/.s.PGSQL.5432"
2025-08-24T21:00:53.8284427Z 2025-08-24 20:58:22.618 UTC [63] LOG:  database system was shut down at 2025-08-24 20:58:22 UTC
2025-08-24T21:00:53.8285217Z 2025-08-24 20:58:22.625 UTC [1] LOG:  database system is ready to accept connections
2025-08-24T21:00:53.8285820Z running bootstrap script ... ok
2025-08-24T21:00:53.8286175Z performing post-bootstrap initialization ... ok
2025-08-24T21:00:53.8286479Z syncing data to disk ... ok
2025-08-24T21:00:53.8286624Z 
2025-08-24T21:00:53.8286638Z 
2025-08-24T21:00:53.8286833Z Success. You can now start the database server using:
2025-08-24T21:00:53.8287052Z 
2025-08-24T21:00:53.8287219Z     pg_ctl -D /var/lib/postgresql/data -l logfile start
2025-08-24T21:00:53.8287424Z 
2025-08-24T21:00:53.8288108Z waiting for server to start....2025-08-24 20:58:22.275 UTC [47] LOG:  starting PostgreSQL 15.14 (Debian 15.14-1.pgdg13+1) on x86_64-pc-linux-gnu, compiled by gcc (Debian 14.2.0-19) 14.2.0, 64-bit
2025-08-24T21:00:53.8288972Z 2025-08-24 20:58:22.276 UTC [47] LOG:  listening on Unix socket "/var/run/postgresql/.s.PGSQL.5432"
2025-08-24T21:00:53.8289580Z 2025-08-24 20:58:22.279 UTC [50] LOG:  database system was shut down at 2025-08-24 20:58:22 UTC
2025-08-24T21:00:53.8290125Z 2025-08-24 20:58:22.283 UTC [47] LOG:  database system is ready to accept connections
2025-08-24T21:00:53.8290457Z  done
2025-08-24T21:00:53.8290624Z server started
2025-08-24T21:00:53.8290807Z CREATE DATABASE
2025-08-24T21:00:53.8290925Z 
2025-08-24T21:00:53.8290931Z 
2025-08-24T21:00:53.8291236Z /usr/local/bin/docker-entrypoint.sh: ignoring /docker-entrypoint-initdb.d/*
2025-08-24T21:00:53.8291544Z 
2025-08-24T21:00:53.8291886Z waiting for server to shut down...2025-08-24 20:58:22.490 UTC [47] LOG:  received fast shutdown request
2025-08-24T21:00:53.8292436Z .2025-08-24 20:58:22.490 UTC [47] LOG:  aborting any active transactions
2025-08-24T21:00:53.8293076Z 2025-08-24 20:58:22.493 UTC [47] LOG:  background worker "logical replication launcher" (PID 53) exited with exit code 1
2025-08-24T21:00:53.8293607Z 2025-08-24 20:58:22.494 UTC [48] LOG:  shutting down
2025-08-24T21:00:53.8294042Z 2025-08-24 20:58:22.494 UTC [48] LOG:  checkpoint starting: shutdown immediate
2025-08-24T21:00:53.8295919Z 2025-08-24 20:58:22.517 UTC [48] LOG:  checkpoint complete: wrote 922 buffers (5.6%); 0 WAL file(s) added, 0 removed, 0 recycled; write=0.018 s, sync=0.003 s, total=0.023 s; sync files=301, longest=0.002 s, average=0.001 s; distance=4239 kB, estimate=4239 kB
2025-08-24T21:00:53.8297636Z 2025-08-24 20:58:22.524 UTC [47] LOG:  database system is shut down
2025-08-24T21:00:53.8298395Z  done
2025-08-24T21:00:53.8298866Z server stopped
2025-08-24T21:00:53.8299058Z 
2025-08-24T21:00:53.8299416Z PostgreSQL init process complete; ready for start up.
2025-08-24T21:00:53.8299804Z 
2025-08-24T21:00:53.8300144Z ##[endgroup]
2025-08-24T21:00:53.8353438Z Post job cleanup.
2025-08-24T21:00:54.0665627Z Post job cleanup.
2025-08-24T21:00:54.1989004Z Cache hit occurred on the primary key Linux-test-cc13ccef493b9f3a93ad5651164d9fb09282c1111f6f72ce20e0657de16de6b4, not saving cache.
2025-08-24T21:00:54.2072894Z Post job cleanup.
2025-08-24T21:00:54.3615478Z Cache hit occurred on the primary key setup-python-Linux-x64-24.04-Ubuntu-python-3.12.11-pip-b5b6d1c49e5c2b3f48d0c0d757e5ca86260a9628cadb47cfb996cbe1a8fdf115, not saving cache.
2025-08-24T21:00:54.3755209Z Post job cleanup.
2025-08-24T21:00:54.4541838Z [command]/usr/bin/git version
2025-08-24T21:00:54.4577482Z git version 2.51.0
2025-08-24T21:00:54.4615093Z Temporarily overriding HOME='/home/runner/work/_temp/6e470a3a-5226-4887-b3b8-792eb1a442d4' before making global git config changes
2025-08-24T21:00:54.4616612Z Adding repository directory to the temporary git global config as a safe directory
2025-08-24T21:00:54.4620969Z [command]/usr/bin/git config --global --add safe.directory /home/runner/work/AWA-App/AWA-App
2025-08-24T21:00:54.4656687Z [command]/usr/bin/git config --local --name-only --get-regexp core\.sshCommand
2025-08-24T21:00:54.4712725Z [command]/usr/bin/git submodule foreach --recursive sh -c "git config --local --name-only --get-regexp 'core\.sshCommand' && git config --local --unset-all 'core.sshCommand' || :"
2025-08-24T21:00:54.4938840Z [command]/usr/bin/git config --local --name-only --get-regexp http\.https\:\/\/github\.com\/\.extraheader
2025-08-24T21:00:54.4961603Z http.https://github.com/.extraheader
2025-08-24T21:00:54.4972171Z [command]/usr/bin/git config --local --unset-all http.https://github.com/.extraheader
2025-08-24T21:00:54.5003086Z [command]/usr/bin/git submodule foreach --recursive sh -c "git config --local --name-only --get-regexp 'http\.https\:\/\/github\.com\/\.extraheader' && git config --local --unset-all 'http.https://github.com/.extraheader' || :"
2025-08-24T21:00:54.5331277Z Print service container logs: caf562ba737a420c9b7cd790bcb9f320_postgres15_84e2ed
2025-08-24T21:00:54.5335778Z ##[command]/usr/bin/docker logs --details 6bab904ffa31f4a7f08187d124064a91d6a7617c7eb2db562d19adb4d8d539ba
2025-08-24T21:00:54.5450500Z  The files belonging to this database system will be owned by user "postgres".
2025-08-24T21:00:54.5452612Z  initdb: warning: enabling "trust" authentication for local connections
2025-08-24T21:00:54.5453775Z  initdb: hint: You can change this by editing pg_hba.conf or using the option -A, or --auth-local and --auth-host, the next time you run initdb.
2025-08-24T21:00:54.5454921Z  This user must also own the server process.
2025-08-24T21:00:54.5455690Z  2025-08-24 20:58:22.613 UTC [1] LOG:  starting PostgreSQL 15.14 (Debian 15.14-1.pgdg13+1) on x86_64-pc-linux-gnu, compiled by gcc (Debian 14.2.0-19) 14.2.0, 64-bit
2025-08-24T21:00:54.5456816Z  2025-08-24 20:58:22.614 UTC [1] LOG:  listening on IPv4 address "0.0.0.0", port 5432
2025-08-24T21:00:54.5457580Z  2025-08-24 20:58:22.614 UTC [1] LOG:  listening on IPv6 address "::", port 5432
2025-08-24T21:00:54.5458384Z  2025-08-24 20:58:22.615 UTC [1] LOG:  listening on Unix socket "/var/run/postgresql/.s.PGSQL.5432"
2025-08-24T21:00:54.5459284Z  2025-08-24 20:58:22.618 UTC [63] LOG:  database system was shut down at 2025-08-24 20:58:22 UTC
2025-08-24T21:00:54.5460128Z  2025-08-24 20:58:22.625 UTC [1] LOG:  database system is ready to accept connections
2025-08-24T21:00:54.5460714Z  
2025-08-24T21:00:54.5461168Z  The database cluster will be initialized with locale "en_US.utf8".
2025-08-24T21:00:54.5461885Z  The default database encoding has accordingly been set to "UTF8".
2025-08-24T21:00:54.5462582Z  The default text search configuration will be set to "english".
2025-08-24T21:00:54.5463325Z  
2025-08-24T21:00:54.5463501Z  Data page checksums are disabled.
2025-08-24T21:00:54.5463726Z  
2025-08-24T21:00:54.5463996Z  fixing permissions on existing directory /var/lib/postgresql/data ... ok
2025-08-24T21:00:54.5464362Z  creating subdirectories ... ok
2025-08-24T21:00:54.5464896Z  selecting dynamic shared memory implementation ... posix
2025-08-24T21:00:54.5465220Z  selecting default max_connections ... 100
2025-08-24T21:00:54.5465488Z  selecting default shared_buffers ... 128MB
2025-08-24T21:00:54.5465752Z  selecting default time zone ... Etc/UTC
2025-08-24T21:00:54.5466009Z  creating configuration files ... ok
2025-08-24T21:00:54.5466260Z  running bootstrap script ... ok
2025-08-24T21:00:54.5466533Z  performing post-bootstrap initialization ... ok
2025-08-24T21:00:54.5466811Z  syncing data to disk ... ok
2025-08-24T21:00:54.5467017Z  
2025-08-24T21:00:54.5467163Z  
2025-08-24T21:00:54.5467361Z  Success. You can now start the database server using:
2025-08-24T21:00:54.5467628Z  
2025-08-24T21:00:54.5467844Z      pg_ctl -D /var/lib/postgresql/data -l logfile start
2025-08-24T21:00:54.5468109Z  
2025-08-24T21:00:54.5469053Z  waiting for server to start....2025-08-24 20:58:22.275 UTC [47] LOG:  starting PostgreSQL 15.14 (Debian 15.14-1.pgdg13+1) on x86_64-pc-linux-gnu, compiled by gcc (Debian 14.2.0-19) 14.2.0, 64-bit
2025-08-24T21:00:54.5469838Z  2025-08-24 20:58:22.276 UTC [47] LOG:  listening on Unix socket "/var/run/postgresql/.s.PGSQL.5432"
2025-08-24T21:00:54.5470327Z  2025-08-24 20:58:22.279 UTC [50] LOG:  database system was shut down at 2025-08-24 20:58:22 UTC
2025-08-24T21:00:54.5470767Z  2025-08-24 20:58:22.283 UTC [47] LOG:  database system is ready to accept connections
2025-08-24T21:00:54.5471089Z   done
2025-08-24T21:00:54.5471247Z  server started
2025-08-24T21:00:54.5471423Z  CREATE DATABASE
2025-08-24T21:00:54.5471588Z  
2025-08-24T21:00:54.5471739Z  
2025-08-24T21:00:54.5472035Z  /usr/local/bin/docker-entrypoint.sh: ignoring /docker-entrypoint-initdb.d/*
2025-08-24T21:00:54.5472401Z  
2025-08-24T21:00:54.5472713Z  waiting for server to shut down...2025-08-24 20:58:22.490 UTC [47] LOG:  received fast shutdown request
2025-08-24T21:00:54.5473384Z  .2025-08-24 20:58:22.490 UTC [47] LOG:  aborting any active transactions
2025-08-24T21:00:54.5473903Z  2025-08-24 20:58:22.493 UTC [47] LOG:  background worker "logical replication launcher" (PID 53) exited with exit code 1
2025-08-24T21:00:54.5474380Z  2025-08-24 20:58:22.494 UTC [48] LOG:  shutting down
2025-08-24T21:00:54.5474911Z  2025-08-24 20:58:22.494 UTC [48] LOG:  checkpoint starting: shutdown immediate
2025-08-24T21:00:54.5475733Z  2025-08-24 20:58:22.517 UTC [48] LOG:  checkpoint complete: wrote 922 buffers (5.6%); 0 WAL file(s) added, 0 removed, 0 recycled; write=0.018 s, sync=0.003 s, total=0.023 s; sync files=301, longest=0.002 s, average=0.001 s; distance=4239 kB, estimate=4239 kB
2025-08-24T21:00:54.5476527Z  2025-08-24 20:58:22.524 UTC [47] LOG:  database system is shut down
2025-08-24T21:00:54.5476811Z   done
2025-08-24T21:00:54.5476978Z  server stopped
2025-08-24T21:00:54.5477162Z  
2025-08-24T21:00:54.5477383Z  PostgreSQL init process complete; ready for start up.
2025-08-24T21:00:54.5477655Z  
2025-08-24T21:00:54.5482765Z Stop and remove container: caf562ba737a420c9b7cd790bcb9f320_postgres15_84e2ed
2025-08-24T21:00:54.5487714Z ##[command]/usr/bin/docker rm --force 6bab904ffa31f4a7f08187d124064a91d6a7617c7eb2db562d19adb4d8d539ba
2025-08-24T21:00:54.6836043Z 6bab904ffa31f4a7f08187d124064a91d6a7617c7eb2db562d19adb4d8d539ba
2025-08-24T21:00:54.6858678Z Print service container logs: f513f0a5365c412e8c14794b565e2519_redis7alpine_eccc48
2025-08-24T21:00:54.6859773Z ##[command]/usr/bin/docker logs --details 4cceef7e1b5a2ed3e1601147753df9f4ce491a5b06fc196d1ca9f11db6cb623b
2025-08-24T21:00:54.6977350Z  1:C 24 Aug 2025 20:58:22.797 # WARNING Memory overcommit must be enabled! Without it, a background save or replication may fail under low memory condition. Being disabled, it can also cause failures without low memory condition, see https://github.com/jemalloc/jemalloc/issues/1328. To fix this issue add 'vm.overcommit_memory = 1' to /etc/sysctl.conf and then reboot or run the command 'sysctl vm.overcommit_memory=1' for this to take effect.
2025-08-24T21:00:54.6980333Z  1:C 24 Aug 2025 20:58:22.797 * oO0OoO0OoO0Oo Redis is starting oO0OoO0OoO0Oo
2025-08-24T21:00:54.6981151Z  1:C 24 Aug 2025 20:58:22.797 * Redis version=7.4.5, bits=64, commit=00000000, modified=0, pid=1, just started
2025-08-24T21:00:54.6982367Z  1:C 24 Aug 2025 20:58:22.797 # Warning: no config file specified, using the default config. In order to specify a config file use redis-server /path/to/redis.conf
2025-08-24T21:00:54.6983425Z  1:M 24 Aug 2025 20:58:22.798 * monotonic clock: POSIX clock_gettime
2025-08-24T21:00:54.6984031Z  1:M 24 Aug 2025 20:58:22.798 * Running mode=standalone, port=6379.
2025-08-24T21:00:54.6984729Z  1:M 24 Aug 2025 20:58:22.799 * Server initialized
2025-08-24T21:00:54.6985256Z  1:M 24 Aug 2025 20:58:22.799 * Ready to accept connections tcp
2025-08-24T21:00:54.6991158Z Stop and remove container: f513f0a5365c412e8c14794b565e2519_redis7alpine_eccc48
2025-08-24T21:00:54.6991953Z ##[command]/usr/bin/docker rm --force 4cceef7e1b5a2ed3e1601147753df9f4ce491a5b06fc196d1ca9f11db6cb623b
2025-08-24T21:00:54.8103098Z 4cceef7e1b5a2ed3e1601147753df9f4ce491a5b06fc196d1ca9f11db6cb623b
2025-08-24T21:00:54.8126639Z Remove container network: github_network_d71ab6bd3f0e4e49a4d2f81ec29e976b
2025-08-24T21:00:54.8130985Z ##[command]/usr/bin/docker network rm github_network_d71ab6bd3f0e4e49a4d2f81ec29e976b
2025-08-24T21:00:54.9278400Z github_network_d71ab6bd3f0e4e49a4d2f81ec29e976b
2025-08-24T21:00:54.9345654Z Cleaning up orphan processes
