2025-08-19T08:19:45.2595571Z Current runner version: '2.327.1'
2025-08-19T08:19:45.2619784Z ##[group]Runner Image Provisioner
2025-08-19T08:19:45.2620723Z Hosted Compute Agent
2025-08-19T08:19:45.2621284Z Version: 20250818.377
2025-08-19T08:19:45.2621876Z Commit: 3c593e9f75fe0b87e893bca80d6e12ba089c61fc
2025-08-19T08:19:45.2622652Z Build Date: 2025-08-18T14:52:18Z
2025-08-19T08:19:45.2623211Z ##[endgroup]
2025-08-19T08:19:45.2623721Z ##[group]Operating System
2025-08-19T08:19:45.2624353Z Ubuntu
2025-08-19T08:19:45.2624804Z 24.04.2
2025-08-19T08:19:45.2625289Z LTS
2025-08-19T08:19:45.2625786Z ##[endgroup]
2025-08-19T08:19:45.2626291Z ##[group]Runner Image
2025-08-19T08:19:45.2626812Z Image: ubuntu-24.04
2025-08-19T08:19:45.2627368Z Version: 20250810.1.0
2025-08-19T08:19:45.2628377Z Included Software: https://github.com/actions/runner-images/blob/ubuntu24/20250810.1/images/ubuntu/Ubuntu2404-Readme.md
2025-08-19T08:19:45.2630026Z Image Release: https://github.com/actions/runner-images/releases/tag/ubuntu24%2F20250810.1
2025-08-19T08:19:45.2631144Z ##[endgroup]
2025-08-19T08:19:45.2633596Z ##[group]GITHUB_TOKEN Permissions
2025-08-19T08:19:45.2635517Z Actions: write
2025-08-19T08:19:45.2636093Z Attestations: write
2025-08-19T08:19:45.2636680Z Checks: write
2025-08-19T08:19:45.2637171Z Contents: write
2025-08-19T08:19:45.2637645Z Deployments: write
2025-08-19T08:19:45.2638198Z Discussions: write
2025-08-19T08:19:45.2638667Z Issues: write
2025-08-19T08:19:45.2639181Z Metadata: read
2025-08-19T08:19:45.2639711Z Models: read
2025-08-19T08:19:45.2640172Z Packages: write
2025-08-19T08:19:45.2641013Z Pages: write
2025-08-19T08:19:45.2641571Z PullRequests: write
2025-08-19T08:19:45.2642129Z RepositoryProjects: write
2025-08-19T08:19:45.2642705Z SecurityEvents: write
2025-08-19T08:19:45.2643389Z Statuses: write
2025-08-19T08:19:45.2643898Z ##[endgroup]
2025-08-19T08:19:45.2645870Z Secret source: Actions
2025-08-19T08:19:45.2646639Z Prepare workflow directory
2025-08-19T08:19:45.3064806Z Prepare all required actions
2025-08-19T08:19:45.3102233Z Getting action download info
2025-08-19T08:19:45.6238141Z Download action repository 'actions/checkout@v4' (SHA:08eba0b27e820071cde6df949e0beb9ba4906955)
2025-08-19T08:19:45.8704767Z Download action repository 'actions/setup-python@v5' (SHA:a26af69be951a213d495a4c3e4e4022e16d87065)
2025-08-19T08:19:46.1153606Z Download action repository 'actions/cache@v4' (SHA:0400d5f644dc74513175e3cd8d07132dd4860809)
2025-08-19T08:19:46.3792440Z Download action repository 'actions/setup-node@v4' (SHA:49933ea5288caeca8642d1e84afbd3f7d6820020)
2025-08-19T08:19:46.5250117Z Download action repository 'codecov/codecov-action@v4' (SHA:b9fd7d16f6d7d1b5d2bec1a2887e65ceed900238)
2025-08-19T08:19:46.8894175Z Complete job name: test
2025-08-19T08:19:46.9391683Z ##[group]Checking docker version
2025-08-19T08:19:46.9404290Z ##[command]/usr/bin/docker version --format '{{.Server.APIVersion}}'
2025-08-19T08:19:48.0503124Z '1.48'
2025-08-19T08:19:48.0516279Z Docker daemon API version: '1.48'
2025-08-19T08:19:48.0516743Z ##[command]/usr/bin/docker version --format '{{.Client.APIVersion}}'
2025-08-19T08:19:48.0665712Z '1.48'
2025-08-19T08:19:48.0678310Z Docker client API version: '1.48'
2025-08-19T08:19:48.0683447Z ##[endgroup]
2025-08-19T08:19:48.0686040Z ##[group]Clean up resources from previous jobs
2025-08-19T08:19:48.0691024Z ##[command]/usr/bin/docker ps --all --quiet --no-trunc --filter "label=771096"
2025-08-19T08:19:48.0868833Z ##[command]/usr/bin/docker network prune --force --filter "label=771096"
2025-08-19T08:19:48.0989658Z ##[endgroup]
2025-08-19T08:19:48.0989949Z ##[group]Create local container network
2025-08-19T08:19:48.0999245Z ##[command]/usr/bin/docker network create --label 771096 github_network_a5af643aff2d44ef98c6111699c7a3d1
2025-08-19T08:19:48.1535867Z d16707bb6e3cea14c955fa62df5c651943b26310cbc58a94cbeee81ff73cc9de
2025-08-19T08:19:48.1553615Z ##[endgroup]
2025-08-19T08:19:48.1576465Z ##[group]Starting postgres service container
2025-08-19T08:19:48.1595548Z ##[command]/usr/bin/docker pull postgres:15
2025-08-19T08:19:48.5150136Z 15: Pulling from library/postgres
2025-08-19T08:19:48.5687903Z 396b1da7636e: Pulling fs layer
2025-08-19T08:19:48.5689412Z fca2566eba32: Pulling fs layer
2025-08-19T08:19:48.5690119Z 631fe8c6d606: Pulling fs layer
2025-08-19T08:19:48.5690396Z 77c7671c4414: Pulling fs layer
2025-08-19T08:19:48.5690876Z 2d9e29180a27: Pulling fs layer
2025-08-19T08:19:48.5691151Z c6bcc2c9a041: Pulling fs layer
2025-08-19T08:19:48.5691430Z ac4b721eb66f: Pulling fs layer
2025-08-19T08:19:48.5691758Z 606bd164980e: Pulling fs layer
2025-08-19T08:19:48.5692175Z f5dfd246bc6e: Pulling fs layer
2025-08-19T08:19:48.5692585Z ba7036bb0a60: Pulling fs layer
2025-08-19T08:19:48.5692994Z 799f859abbbd: Pulling fs layer
2025-08-19T08:19:48.5693419Z d903e777080c: Pulling fs layer
2025-08-19T08:19:48.5693877Z 04adcb462801: Pulling fs layer
2025-08-19T08:19:48.5694312Z 5c10925b29ff: Pulling fs layer
2025-08-19T08:19:48.5694716Z f5dfd246bc6e: Waiting
2025-08-19T08:19:48.5695396Z 2d9e29180a27: Waiting
2025-08-19T08:19:48.5695743Z ba7036bb0a60: Waiting
2025-08-19T08:19:48.5696096Z c6bcc2c9a041: Waiting
2025-08-19T08:19:48.5696413Z d903e777080c: Waiting
2025-08-19T08:19:48.5696747Z 5c10925b29ff: Waiting
2025-08-19T08:19:48.5696969Z 04adcb462801: Waiting
2025-08-19T08:19:48.5697161Z ac4b721eb66f: Waiting
2025-08-19T08:19:48.5697402Z 606bd164980e: Waiting
2025-08-19T08:19:48.5697591Z 77c7671c4414: Waiting
2025-08-19T08:19:48.6463512Z fca2566eba32: Verifying Checksum
2025-08-19T08:19:48.6467944Z fca2566eba32: Download complete
2025-08-19T08:19:48.6879148Z 631fe8c6d606: Verifying Checksum
2025-08-19T08:19:48.6880420Z 631fe8c6d606: Download complete
2025-08-19T08:19:48.7096770Z 77c7671c4414: Verifying Checksum
2025-08-19T08:19:48.7097531Z 77c7671c4414: Download complete
2025-08-19T08:19:48.7761701Z c6bcc2c9a041: Download complete
2025-08-19T08:19:48.7998315Z 396b1da7636e: Verifying Checksum
2025-08-19T08:19:48.8001358Z 396b1da7636e: Download complete
2025-08-19T08:19:48.8052880Z 2d9e29180a27: Verifying Checksum
2025-08-19T08:19:48.8054324Z 2d9e29180a27: Download complete
2025-08-19T08:19:48.8337767Z ac4b721eb66f: Verifying Checksum
2025-08-19T08:19:48.8338648Z ac4b721eb66f: Download complete
2025-08-19T08:19:48.8486269Z 606bd164980e: Verifying Checksum
2025-08-19T08:19:48.8488848Z 606bd164980e: Download complete
2025-08-19T08:19:48.8895859Z ba7036bb0a60: Download complete
2025-08-19T08:19:48.9187187Z 799f859abbbd: Download complete
2025-08-19T08:19:48.9402748Z d903e777080c: Verifying Checksum
2025-08-19T08:19:48.9404931Z d903e777080c: Download complete
2025-08-19T08:19:48.9964124Z 04adcb462801: Verifying Checksum
2025-08-19T08:19:48.9964767Z 04adcb462801: Download complete
2025-08-19T08:19:49.0099955Z 5c10925b29ff: Verifying Checksum
2025-08-19T08:19:49.0101088Z 5c10925b29ff: Download complete
2025-08-19T08:19:49.7922204Z 396b1da7636e: Pull complete
2025-08-19T08:19:49.8325760Z f5dfd246bc6e: Verifying Checksum
2025-08-19T08:19:49.8326650Z f5dfd246bc6e: Download complete
2025-08-19T08:19:50.0291004Z fca2566eba32: Pull complete
2025-08-19T08:19:50.2400020Z 631fe8c6d606: Pull complete
2025-08-19T08:19:50.2839799Z 77c7671c4414: Pull complete
2025-08-19T08:19:50.6102538Z 2d9e29180a27: Pull complete
2025-08-19T08:19:50.7105358Z c6bcc2c9a041: Pull complete
2025-08-19T08:19:50.7267318Z ac4b721eb66f: Pull complete
2025-08-19T08:19:50.7393677Z 606bd164980e: Pull complete
2025-08-19T08:19:53.8879727Z f5dfd246bc6e: Pull complete
2025-08-19T08:19:53.9035916Z ba7036bb0a60: Pull complete
2025-08-19T08:19:53.9157191Z 799f859abbbd: Pull complete
2025-08-19T08:19:53.9273601Z d903e777080c: Pull complete
2025-08-19T08:19:53.9386732Z 04adcb462801: Pull complete
2025-08-19T08:19:53.9506321Z 5c10925b29ff: Pull complete
2025-08-19T08:19:53.9564227Z Digest: sha256:bc51cf4f1fe02cce7ed2370b20128a9b00b4eb804573a77d2a0d877aaa9c82b1
2025-08-19T08:19:53.9576532Z Status: Downloaded newer image for postgres:15
2025-08-19T08:19:53.9585853Z docker.io/library/postgres:15
2025-08-19T08:19:53.9645832Z ##[command]/usr/bin/docker create --name f99697f5190041f688754d366c674cd8_postgres15_9ee735 --label 771096 --network github_network_a5af643aff2d44ef98c6111699c7a3d1 --network-alias postgres -p 5432:5432 --health-cmd="pg_isready -U postgres -d awa" --health-interval=5s --health-timeout=5s --health-retries=10 -e "POSTGRES_USER=postgres" -e "POSTGRES_PASSWORD=pass" -e "POSTGRES_DB=awa" -e GITHUB_ACTIONS=true -e CI=true postgres:15
2025-08-19T08:19:53.9944856Z f18bc53163052dd86b1e6c67f0adcb80f38597a8cc56f1331567b3c85c13c0ca
2025-08-19T08:19:53.9966742Z ##[command]/usr/bin/docker start f18bc53163052dd86b1e6c67f0adcb80f38597a8cc56f1331567b3c85c13c0ca
2025-08-19T08:19:54.9670738Z f18bc53163052dd86b1e6c67f0adcb80f38597a8cc56f1331567b3c85c13c0ca
2025-08-19T08:19:54.9697434Z ##[command]/usr/bin/docker ps --all --filter id=f18bc53163052dd86b1e6c67f0adcb80f38597a8cc56f1331567b3c85c13c0ca --filter status=running --no-trunc --format "{{.ID}} {{.Status}}"
2025-08-19T08:19:54.9818721Z f18bc53163052dd86b1e6c67f0adcb80f38597a8cc56f1331567b3c85c13c0ca Up Less than a second (health: starting)
2025-08-19T08:19:54.9844187Z ##[command]/usr/bin/docker port f18bc53163052dd86b1e6c67f0adcb80f38597a8cc56f1331567b3c85c13c0ca
2025-08-19T08:19:55.0010267Z 5432/tcp -> 0.0.0.0:5432
2025-08-19T08:19:55.0010832Z 5432/tcp -> [::]:5432
2025-08-19T08:19:55.0056872Z ##[endgroup]
2025-08-19T08:19:55.0125450Z ##[group]Starting redis service container
2025-08-19T08:19:55.0126520Z ##[command]/usr/bin/docker pull redis:7-alpine
2025-08-19T08:19:55.2007206Z 7-alpine: Pulling from library/redis
2025-08-19T08:19:55.2512877Z 0368fd46e3c6: Pulling fs layer
2025-08-19T08:19:55.2515223Z 4c55286bbede: Pulling fs layer
2025-08-19T08:19:55.2515676Z 5e28347af205: Pulling fs layer
2025-08-19T08:19:55.2516100Z 311eca34042e: Pulling fs layer
2025-08-19T08:19:55.2516548Z e6fe6f07e192: Pulling fs layer
2025-08-19T08:19:55.2516973Z a2cadbfeca72: Pulling fs layer
2025-08-19T08:19:55.2517417Z 4f4fb700ef54: Pulling fs layer
2025-08-19T08:19:55.2517836Z a976ed7e7808: Pulling fs layer
2025-08-19T08:19:55.2518244Z 311eca34042e: Waiting
2025-08-19T08:19:55.2518598Z e6fe6f07e192: Waiting
2025-08-19T08:19:55.2518970Z a976ed7e7808: Waiting
2025-08-19T08:19:55.2519338Z a2cadbfeca72: Waiting
2025-08-19T08:19:55.2519709Z 4f4fb700ef54: Waiting
2025-08-19T08:19:55.3034863Z 5e28347af205: Verifying Checksum
2025-08-19T08:19:55.3035680Z 5e28347af205: Download complete
2025-08-19T08:19:55.3169055Z 4c55286bbede: Verifying Checksum
2025-08-19T08:19:55.3170263Z 4c55286bbede: Download complete
2025-08-19T08:19:55.3362301Z 0368fd46e3c6: Verifying Checksum
2025-08-19T08:19:55.3364949Z 0368fd46e3c6: Download complete
2025-08-19T08:19:55.3676818Z 311eca34042e: Download complete
2025-08-19T08:19:55.3805669Z a2cadbfeca72: Verifying Checksum
2025-08-19T08:19:55.3806479Z a2cadbfeca72: Download complete
2025-08-19T08:19:55.4125378Z 4f4fb700ef54: Verifying Checksum
2025-08-19T08:19:55.4126130Z 4f4fb700ef54: Download complete
2025-08-19T08:19:55.4280175Z e6fe6f07e192: Verifying Checksum
2025-08-19T08:19:55.4281674Z e6fe6f07e192: Download complete
2025-08-19T08:19:55.4353738Z a976ed7e7808: Verifying Checksum
2025-08-19T08:19:55.4354340Z a976ed7e7808: Download complete
2025-08-19T08:19:55.4737283Z 0368fd46e3c6: Pull complete
2025-08-19T08:19:55.5048403Z 4c55286bbede: Pull complete
2025-08-19T08:19:55.6617419Z 5e28347af205: Pull complete
2025-08-19T08:19:55.6931957Z 311eca34042e: Pull complete
2025-08-19T08:19:55.8775260Z e6fe6f07e192: Pull complete
2025-08-19T08:19:55.8931362Z a2cadbfeca72: Pull complete
2025-08-19T08:19:55.9024143Z 4f4fb700ef54: Pull complete
2025-08-19T08:19:55.9143933Z a976ed7e7808: Pull complete
2025-08-19T08:19:55.9181616Z Digest: sha256:bb186d083732f669da90be8b0f975a37812b15e913465bb14d845db72a4e3e08
2025-08-19T08:19:55.9194181Z Status: Downloaded newer image for redis:7-alpine
2025-08-19T08:19:55.9202995Z docker.io/library/redis:7-alpine
2025-08-19T08:19:55.9223847Z ##[command]/usr/bin/docker create --name 93ad9e2898304b33809b28d243d206cb_redis7alpine_bed1b1 --label 771096 --network github_network_a5af643aff2d44ef98c6111699c7a3d1 --network-alias redis -p 6379:6379  -e GITHUB_ACTIONS=true -e CI=true redis:7-alpine
2025-08-19T08:19:55.9536763Z 38efd9bdd2bd24fc384d00a93c25b8ac799c7697584844ab1b5c15c1cd164084
2025-08-19T08:19:55.9551531Z ##[command]/usr/bin/docker start 38efd9bdd2bd24fc384d00a93c25b8ac799c7697584844ab1b5c15c1cd164084
2025-08-19T08:19:56.0990318Z 38efd9bdd2bd24fc384d00a93c25b8ac799c7697584844ab1b5c15c1cd164084
2025-08-19T08:19:56.1006824Z ##[command]/usr/bin/docker ps --all --filter id=38efd9bdd2bd24fc384d00a93c25b8ac799c7697584844ab1b5c15c1cd164084 --filter status=running --no-trunc --format "{{.ID}} {{.Status}}"
2025-08-19T08:19:56.1131366Z 38efd9bdd2bd24fc384d00a93c25b8ac799c7697584844ab1b5c15c1cd164084 Up Less than a second
2025-08-19T08:19:56.1145166Z ##[command]/usr/bin/docker port 38efd9bdd2bd24fc384d00a93c25b8ac799c7697584844ab1b5c15c1cd164084
2025-08-19T08:19:56.1254578Z 6379/tcp -> 0.0.0.0:6379
2025-08-19T08:19:56.1254973Z 6379/tcp -> [::]:6379
2025-08-19T08:19:56.1267421Z ##[endgroup]
2025-08-19T08:19:56.1277997Z ##[group]Waiting for all services to be ready
2025-08-19T08:19:56.1291470Z ##[command]/usr/bin/docker inspect --format="{{if .Config.Healthcheck}}{{print .State.Health.Status}}{{end}}" f18bc53163052dd86b1e6c67f0adcb80f38597a8cc56f1331567b3c85c13c0ca
2025-08-19T08:19:56.1404552Z starting
2025-08-19T08:19:56.1424725Z postgres service is starting, waiting 2 seconds before checking again.
2025-08-19T08:19:58.1427019Z ##[command]/usr/bin/docker inspect --format="{{if .Config.Healthcheck}}{{print .State.Health.Status}}{{end}}" f18bc53163052dd86b1e6c67f0adcb80f38597a8cc56f1331567b3c85c13c0ca
2025-08-19T08:19:58.1544116Z starting
2025-08-19T08:19:58.1557618Z postgres service is starting, waiting 3 seconds before checking again.
2025-08-19T08:20:02.0124970Z ##[command]/usr/bin/docker inspect --format="{{if .Config.Healthcheck}}{{print .State.Health.Status}}{{end}}" f18bc53163052dd86b1e6c67f0adcb80f38597a8cc56f1331567b3c85c13c0ca
2025-08-19T08:20:02.0244435Z healthy
2025-08-19T08:20:02.0261136Z postgres service is healthy.
2025-08-19T08:20:02.0261924Z ##[command]/usr/bin/docker inspect --format="{{if .Config.Healthcheck}}{{print .State.Health.Status}}{{end}}" 38efd9bdd2bd24fc384d00a93c25b8ac799c7697584844ab1b5c15c1cd164084
2025-08-19T08:20:02.0387152Z redis service is healthy.
2025-08-19T08:20:02.0387774Z ##[endgroup]
2025-08-19T08:20:02.0630168Z ##[group]Run actions/checkout@v4
2025-08-19T08:20:02.0630861Z with:
2025-08-19T08:20:02.0631045Z   fetch-depth: 0
2025-08-19T08:20:02.0631256Z   repository: AlexBomber12/AWA-App
2025-08-19T08:20:02.0631605Z   token: ***
2025-08-19T08:20:02.0631793Z   ssh-strict: true
2025-08-19T08:20:02.0631973Z   ssh-user: git
2025-08-19T08:20:02.0632162Z   persist-credentials: true
2025-08-19T08:20:02.0632366Z   clean: true
2025-08-19T08:20:02.0632552Z   sparse-checkout-cone-mode: true
2025-08-19T08:20:02.0632777Z   fetch-tags: false
2025-08-19T08:20:02.0632964Z   show-progress: true
2025-08-19T08:20:02.0633144Z   lfs: false
2025-08-19T08:20:02.0633302Z   submodules: false
2025-08-19T08:20:02.0633487Z   set-safe-directory: true
2025-08-19T08:20:02.0633886Z env:
2025-08-19T08:20:02.0634105Z   REDIS_URL: redis://localhost:6379/0
2025-08-19T08:20:02.0634348Z   RATE_LIMIT_DEFAULT: 100/minute
2025-08-19T08:20:02.0634561Z   TRUST_X_FORWARDED: 1
2025-08-19T08:20:02.0634740Z ##[endgroup]
2025-08-19T08:20:02.1686486Z Syncing repository: AlexBomber12/AWA-App
2025-08-19T08:20:02.1687940Z ##[group]Getting Git version info
2025-08-19T08:20:02.1688365Z Working directory is '/home/runner/work/AWA-App/AWA-App'
2025-08-19T08:20:02.1688898Z [command]/usr/bin/git version
2025-08-19T08:20:02.1756816Z git version 2.50.1
2025-08-19T08:20:02.1782655Z ##[endgroup]
2025-08-19T08:20:02.1796157Z Temporarily overriding HOME='/home/runner/work/_temp/49c00610-22e6-4583-961f-f7d0dab51e26' before making global git config changes
2025-08-19T08:20:02.1797456Z Adding repository directory to the temporary git global config as a safe directory
2025-08-19T08:20:02.1808474Z [command]/usr/bin/git config --global --add safe.directory /home/runner/work/AWA-App/AWA-App
2025-08-19T08:20:02.1841986Z Deleting the contents of '/home/runner/work/AWA-App/AWA-App'
2025-08-19T08:20:02.1845412Z ##[group]Initializing the repository
2025-08-19T08:20:02.1849190Z [command]/usr/bin/git init /home/runner/work/AWA-App/AWA-App
2025-08-19T08:20:02.1916059Z hint: Using 'master' as the name for the initial branch. This default branch name
2025-08-19T08:20:02.1916862Z hint: is subject to change. To configure the initial branch name to use in all
2025-08-19T08:20:02.1917645Z hint: of your new repositories, which will suppress this warning, call:
2025-08-19T08:20:02.1918234Z hint:
2025-08-19T08:20:02.1918640Z hint: 	git config --global init.defaultBranch <name>
2025-08-19T08:20:02.1919146Z hint:
2025-08-19T08:20:02.1919651Z hint: Names commonly chosen instead of 'master' are 'main', 'trunk' and
2025-08-19T08:20:02.1920826Z hint: 'development'. The just-created branch can be renamed via this command:
2025-08-19T08:20:02.1921589Z hint:
2025-08-19T08:20:02.1921948Z hint: 	git branch -m <name>
2025-08-19T08:20:02.1922357Z hint:
2025-08-19T08:20:02.1922923Z hint: Disable this message with "git config set advice.defaultBranchName false"
2025-08-19T08:20:02.1923851Z Initialized empty Git repository in /home/runner/work/AWA-App/AWA-App/.git/
2025-08-19T08:20:02.1932567Z [command]/usr/bin/git remote add origin https://github.com/AlexBomber12/AWA-App
2025-08-19T08:20:02.1964474Z ##[endgroup]
2025-08-19T08:20:02.1965044Z ##[group]Disabling automatic garbage collection
2025-08-19T08:20:02.1969703Z [command]/usr/bin/git config --local gc.auto 0
2025-08-19T08:20:02.1996450Z ##[endgroup]
2025-08-19T08:20:02.1996955Z ##[group]Setting up auth
2025-08-19T08:20:02.2003349Z [command]/usr/bin/git config --local --name-only --get-regexp core\.sshCommand
2025-08-19T08:20:02.2032073Z [command]/usr/bin/git submodule foreach --recursive sh -c "git config --local --name-only --get-regexp 'core\.sshCommand' && git config --local --unset-all 'core.sshCommand' || :"
2025-08-19T08:20:02.2322974Z [command]/usr/bin/git config --local --name-only --get-regexp http\.https\:\/\/github\.com\/\.extraheader
2025-08-19T08:20:02.2351371Z [command]/usr/bin/git submodule foreach --recursive sh -c "git config --local --name-only --get-regexp 'http\.https\:\/\/github\.com\/\.extraheader' && git config --local --unset-all 'http.https://github.com/.extraheader' || :"
2025-08-19T08:20:02.2568295Z [command]/usr/bin/git config --local http.https://github.com/.extraheader AUTHORIZATION: basic ***
2025-08-19T08:20:02.2602403Z ##[endgroup]
2025-08-19T08:20:02.2603093Z ##[group]Fetching the repository
2025-08-19T08:20:02.2619012Z [command]/usr/bin/git -c protocol.version=2 fetch --prune --no-recurse-submodules origin +refs/heads/*:refs/remotes/origin/* +refs/tags/*:refs/tags/*
2025-08-19T08:20:04.0480688Z From https://github.com/AlexBomber12/AWA-App
2025-08-19T08:20:04.0481481Z  * [new branch]        codex/implement-testing-infrastructure-updates -> origin/codex/implement-testing-infrastructure-updates
2025-08-19T08:20:04.0482536Z  * [new branch]        dependabot/pip/minio-7.2.16 -> origin/dependabot/pip/minio-7.2.16
2025-08-19T08:20:04.0484721Z  * [new branch]        gh-pages   -> origin/gh-pages
2025-08-19T08:20:04.0486655Z  * [new branch]        main       -> origin/main
2025-08-19T08:20:04.0488182Z  * [new tag]           0.3.0      -> 0.3.0
2025-08-19T08:20:04.0525897Z [command]/usr/bin/git branch --list --remote origin/main
2025-08-19T08:20:04.0548565Z   origin/main
2025-08-19T08:20:04.0557201Z [command]/usr/bin/git rev-parse refs/remotes/origin/main
2025-08-19T08:20:04.0576629Z 1a52759248ede4433939b8719f7f2860e6c62fe8
2025-08-19T08:20:04.0587955Z [command]/usr/bin/git -c protocol.version=2 fetch --no-tags --prune --no-recurse-submodules origin +0004bfa63b210aa4ef49f2b260dbd8c64d3e9ef5:refs/remotes/origin/main
2025-08-19T08:20:04.0638173Z From https://github.com/AlexBomber12/AWA-App
2025-08-19T08:20:04.0638981Z  + 1a527592...0004bfa6 0004bfa63b210aa4ef49f2b260dbd8c64d3e9ef5 -> origin/main  (forced update)
2025-08-19T08:20:04.0659899Z ##[endgroup]
2025-08-19T08:20:04.0660706Z ##[group]Determining the checkout info
2025-08-19T08:20:04.0661745Z ##[endgroup]
2025-08-19T08:20:04.0666105Z [command]/usr/bin/git sparse-checkout disable
2025-08-19T08:20:04.0703742Z [command]/usr/bin/git config --local --unset-all extensions.worktreeConfig
2025-08-19T08:20:04.0729316Z ##[group]Checking out the ref
2025-08-19T08:20:04.0734450Z [command]/usr/bin/git checkout --progress --force -B main refs/remotes/origin/main
2025-08-19T08:20:04.1146774Z Switched to a new branch 'main'
2025-08-19T08:20:04.1149618Z branch 'main' set up to track 'origin/main'.
2025-08-19T08:20:04.1161619Z ##[endgroup]
2025-08-19T08:20:04.1197441Z [command]/usr/bin/git log -1 --format=%H
2025-08-19T08:20:04.1219352Z 0004bfa63b210aa4ef49f2b260dbd8c64d3e9ef5
2025-08-19T08:20:04.1372677Z ##[group]Run cat .env.ci >> "$GITHUB_ENV"
2025-08-19T08:20:04.1373013Z [36;1mcat .env.ci >> "$GITHUB_ENV"[0m
2025-08-19T08:20:04.1373673Z [36;1mecho "DATABASE_URL=***localhost:5432/awa" >> "$GITHUB_ENV"[0m
2025-08-19T08:20:04.1374032Z [36;1mecho "PG_HOST=localhost" >> "$GITHUB_ENV"[0m
2025-08-19T08:20:04.1374332Z [36;1mecho "PG_PORT=5432" >> "$GITHUB_ENV"[0m
2025-08-19T08:20:04.1374616Z [36;1mecho "PG_USER=postgres" >> "$GITHUB_ENV"[0m
2025-08-19T08:20:04.1374906Z [36;1mecho "PG_PASSWORD=pass" >> "$GITHUB_ENV"[0m
2025-08-19T08:20:04.1375191Z [36;1mecho "PG_DATABASE=awa" >> "$GITHUB_ENV"[0m
2025-08-19T08:20:04.1375460Z [36;1mecho "TESTING=1" >> "$GITHUB_ENV"[0m
2025-08-19T08:20:04.1417179Z shell: /usr/bin/bash -e {0}
2025-08-19T08:20:04.1417415Z env:
2025-08-19T08:20:04.1417619Z   REDIS_URL: redis://localhost:6379/0
2025-08-19T08:20:04.1417890Z   RATE_LIMIT_DEFAULT: 100/minute
2025-08-19T08:20:04.1418112Z   TRUST_X_FORWARDED: 1
2025-08-19T08:20:04.1418342Z ##[endgroup]
2025-08-19T08:20:04.1578310Z ##[group]Run actions/setup-python@v5
2025-08-19T08:20:04.1578572Z with:
2025-08-19T08:20:04.1578743Z   python-version: 3.12
2025-08-19T08:20:04.1578934Z   cache: pip
2025-08-19T08:20:04.1579705Z   cache-dependency-path: requirements-dev.txt
services/etl/requirements.txt
services/api/requirements.txt
services/repricer/requirements.txt
services/fees_h10/requirements.txt
services/alert_bot/requirements.txt

2025-08-19T08:20:04.1580749Z   check-latest: false
2025-08-19T08:20:04.1581072Z   token: ***
2025-08-19T08:20:04.1581251Z   update-environment: true
2025-08-19T08:20:04.1581470Z   allow-prereleases: false
2025-08-19T08:20:04.1581664Z   freethreaded: false
2025-08-19T08:20:04.1581843Z env:
2025-08-19T08:20:04.1582021Z   REDIS_URL: redis://localhost:6379/0
2025-08-19T08:20:04.1582274Z   RATE_LIMIT_DEFAULT: 100/minute
2025-08-19T08:20:04.1582486Z   TRUST_X_FORWARDED: 1
2025-08-19T08:20:04.1582675Z   PG_USER: postgres
2025-08-19T08:20:04.1582850Z   PG_PASSWORD: pass
2025-08-19T08:20:04.1583077Z   PG_DATABASE: awa
2025-08-19T08:20:04.1583251Z   PG_HOST: localhost
2025-08-19T08:20:04.1583433Z   PG_PORT: 5432
2025-08-19T08:20:04.1583801Z   PG_SYNC_DSN: ***localhost:5432/awa
2025-08-19T08:20:04.1584179Z   PG_ASYNC_DSN: ***localhost:5432/awa
2025-08-19T08:20:04.1584553Z   DATABASE_URL: ***localhost:5432/awa
2025-08-19T08:20:04.1584901Z   DATA_DIR: /tmp/awa-data
2025-08-19T08:20:04.1585088Z   ENABLE_LIVE: 0
2025-08-19T08:20:04.1585256Z   TESTING: 1
2025-08-19T08:20:04.1585490Z ##[endgroup]
2025-08-19T08:20:04.3205373Z ##[group]Installed versions
2025-08-19T08:20:04.3829634Z Successfully set up CPython (3.12.11)
2025-08-19T08:20:04.3830997Z ##[endgroup]
2025-08-19T08:20:04.4268804Z [command]/opt/hostedtoolcache/Python/3.12.11/x64/bin/pip cache dir
2025-08-19T08:20:05.9012417Z /home/runner/.cache/pip
2025-08-19T08:20:06.0044409Z Cache hit for: setup-python-Linux-x64-24.04-Ubuntu-python-3.12.11-pip-1e3bc7ba25bac47764d864e42cbf81e77f47563fc643eff52b873091f8e10ecf
2025-08-19T08:20:07.0931028Z Received 171966464 of 332576824 (51.7%), 163.8 MBs/sec
2025-08-19T08:20:07.9659369Z Received 332576824 of 332576824 (100.0%), 169.2 MBs/sec
2025-08-19T08:20:07.9661004Z Cache Size: ~317 MB (332576824 B)
2025-08-19T08:20:07.9779149Z [command]/usr/bin/tar -xf /home/runner/work/_temp/34ee7c43-9e24-4e45-a1ba-56ba4da94fb6/cache.tzst -P -C /home/runner/work/AWA-App/AWA-App --use-compress-program unzstd
2025-08-19T08:20:08.4978381Z Cache restored successfully
2025-08-19T08:20:08.5616087Z Cache restored from key: setup-python-Linux-x64-24.04-Ubuntu-python-3.12.11-pip-c172802cd17d95f4a21a1dfb3b09a2f596596a7a71e9a723868dcbd7ca2b709e
2025-08-19T08:20:08.6329356Z ##[group]Run actions/cache@v4
2025-08-19T08:20:08.6329611Z with:
2025-08-19T08:20:08.6329834Z   path: ~/.cache/pip
.pytest_cache
~/.ruff_cache

2025-08-19T08:20:08.6330269Z   key: Linux-test-5e711acf40f5252f84577ca397f83ab64fb9d7dad68b245c8525eecd4c9b10ee
2025-08-19T08:20:08.6330897Z   restore-keys: Linux-test-
2025-08-19T08:20:08.6331129Z   enableCrossOsArchive: false
2025-08-19T08:20:08.6331357Z   fail-on-cache-miss: false
2025-08-19T08:20:08.6331558Z   lookup-only: false
2025-08-19T08:20:08.6331749Z   save-always: false
2025-08-19T08:20:08.6331927Z env:
2025-08-19T08:20:08.6332118Z   REDIS_URL: redis://localhost:6379/0
2025-08-19T08:20:08.6332390Z   RATE_LIMIT_DEFAULT: 100/minute
2025-08-19T08:20:08.6332613Z   TRUST_X_FORWARDED: 1
2025-08-19T08:20:08.6332803Z   PG_USER: postgres
2025-08-19T08:20:08.6332995Z   PG_PASSWORD: pass
2025-08-19T08:20:08.6333182Z   PG_DATABASE: awa
2025-08-19T08:20:08.6333359Z   PG_HOST: localhost
2025-08-19T08:20:08.6333545Z   PG_PORT: 5432
2025-08-19T08:20:08.6334027Z   PG_SYNC_DSN: ***localhost:5432/awa
2025-08-19T08:20:08.6334466Z   PG_ASYNC_DSN: ***localhost:5432/awa
2025-08-19T08:20:08.6334861Z   DATABASE_URL: ***localhost:5432/awa
2025-08-19T08:20:08.6335094Z   DATA_DIR: /tmp/awa-data
2025-08-19T08:20:08.6335299Z   ENABLE_LIVE: 0
2025-08-19T08:20:08.6335473Z   TESTING: 1
2025-08-19T08:20:08.6335707Z   pythonLocation: /opt/hostedtoolcache/Python/3.12.11/x64
2025-08-19T08:20:08.6336114Z   PKG_CONFIG_PATH: /opt/hostedtoolcache/Python/3.12.11/x64/lib/pkgconfig
2025-08-19T08:20:08.6336514Z   Python_ROOT_DIR: /opt/hostedtoolcache/Python/3.12.11/x64
2025-08-19T08:20:08.6336879Z   Python2_ROOT_DIR: /opt/hostedtoolcache/Python/3.12.11/x64
2025-08-19T08:20:08.6337237Z   Python3_ROOT_DIR: /opt/hostedtoolcache/Python/3.12.11/x64
2025-08-19T08:20:08.6337593Z   LD_LIBRARY_PATH: /opt/hostedtoolcache/Python/3.12.11/x64/lib
2025-08-19T08:20:08.6337886Z ##[endgroup]
2025-08-19T08:20:08.8494807Z Cache hit for restore-key: Linux-test-5e718741e550cec7917fae13efe91a31293d04a98c3c0932315e8f58598cbd2c
2025-08-19T08:20:09.9036149Z Received 251658240 of 318449380 (79.0%), 238.1 MBs/sec
2025-08-19T08:20:10.2899354Z Received 318449380 of 318449380 (100.0%), 217.9 MBs/sec
2025-08-19T08:20:10.2902204Z Cache Size: ~304 MB (318449380 B)
2025-08-19T08:20:10.2961572Z [command]/usr/bin/tar -xf /home/runner/work/_temp/e3c35ac8-4ea8-4520-9a2e-fe00a431b0b4/cache.tzst -P -C /home/runner/work/AWA-App/AWA-App --use-compress-program unzstd
2025-08-19T08:20:10.8665429Z Cache restored successfully
2025-08-19T08:20:10.9350957Z Cache restored from key: Linux-test-5e718741e550cec7917fae13efe91a31293d04a98c3c0932315e8f58598cbd2c
2025-08-19T08:20:10.9475846Z ##[group]Run pip install -r services/etl/requirements.txt
2025-08-19T08:20:10.9476341Z [36;1mpip install -r services/etl/requirements.txt[0m
2025-08-19T08:20:10.9476697Z [36;1mpip install -r services/api/requirements.txt[0m
2025-08-19T08:20:10.9477051Z [36;1mpip install -r services/repricer/requirements.txt[0m
2025-08-19T08:20:10.9477411Z [36;1mpip install -r services/fees_h10/requirements.txt[0m
2025-08-19T08:20:10.9477765Z [36;1mpip install -r services/alert_bot/requirements.txt[0m
2025-08-19T08:20:10.9478093Z [36;1mpip install -r requirements-dev.txt[0m
2025-08-19T08:20:10.9478369Z [36;1mpip install asyncpg[0m
2025-08-19T08:20:10.9478602Z [36;1mpip install pytest[0m
2025-08-19T08:20:10.9478853Z [36;1mpip install keepa==1.3.15 minio==7.1.15[0m
2025-08-19T08:20:10.9519838Z shell: /usr/bin/bash -e {0}
2025-08-19T08:20:10.9520070Z env:
2025-08-19T08:20:10.9520280Z   REDIS_URL: redis://localhost:6379/0
2025-08-19T08:20:10.9520748Z   RATE_LIMIT_DEFAULT: 100/minute
2025-08-19T08:20:10.9521102Z   TRUST_X_FORWARDED: 1
2025-08-19T08:20:10.9521490Z   PG_USER: postgres
2025-08-19T08:20:10.9521690Z   PG_PASSWORD: pass
2025-08-19T08:20:10.9521876Z   PG_DATABASE: awa
2025-08-19T08:20:10.9522074Z   PG_HOST: localhost
2025-08-19T08:20:10.9522283Z   PG_PORT: 5432
2025-08-19T08:20:10.9523042Z   PG_SYNC_DSN: ***localhost:5432/awa
2025-08-19T08:20:10.9523483Z   PG_ASYNC_DSN: ***localhost:5432/awa
2025-08-19T08:20:10.9523935Z   DATABASE_URL: ***localhost:5432/awa
2025-08-19T08:20:10.9524185Z   DATA_DIR: /tmp/awa-data
2025-08-19T08:20:10.9524396Z   ENABLE_LIVE: 0
2025-08-19T08:20:10.9524582Z   TESTING: 1
2025-08-19T08:20:10.9524820Z   pythonLocation: /opt/hostedtoolcache/Python/3.12.11/x64
2025-08-19T08:20:10.9525236Z   PKG_CONFIG_PATH: /opt/hostedtoolcache/Python/3.12.11/x64/lib/pkgconfig
2025-08-19T08:20:10.9525641Z   Python_ROOT_DIR: /opt/hostedtoolcache/Python/3.12.11/x64
2025-08-19T08:20:10.9526001Z   Python2_ROOT_DIR: /opt/hostedtoolcache/Python/3.12.11/x64
2025-08-19T08:20:10.9526369Z   Python3_ROOT_DIR: /opt/hostedtoolcache/Python/3.12.11/x64
2025-08-19T08:20:10.9526730Z   LD_LIBRARY_PATH: /opt/hostedtoolcache/Python/3.12.11/x64/lib
2025-08-19T08:20:10.9527025Z ##[endgroup]
2025-08-19T08:20:12.3260816Z Collecting keepa==1.3.14 (from -r services/etl/requirements.txt (line 1))
2025-08-19T08:20:12.3274505Z   Using cached keepa-1.3.14-py3-none-any.whl.metadata (10 kB)
2025-08-19T08:20:12.3530110Z Collecting minio==7.1.15 (from -r services/etl/requirements.txt (line 2))
2025-08-19T08:20:12.3542225Z   Using cached minio-7.1.15-py3-none-any.whl.metadata (4.2 kB)
2025-08-19T08:20:12.3873541Z Collecting celery==5.3.* (from -r services/etl/requirements.txt (line 3))
2025-08-19T08:20:12.3885005Z   Using cached celery-5.3.6-py3-none-any.whl.metadata (21 kB)
2025-08-19T08:20:12.4344138Z Collecting redis==5.* (from -r services/etl/requirements.txt (line 4))
2025-08-19T08:20:12.4355562Z   Using cached redis-5.3.1-py3-none-any.whl.metadata (9.2 kB)
2025-08-19T08:20:12.4861461Z Collecting python-amazon-sp-api==0.8.0 (from -r services/etl/requirements.txt (line 5))
2025-08-19T08:20:12.4873301Z   Using cached python_amazon_sp_api-0.8.0-py3-none-any.whl.metadata (3.2 kB)
2025-08-19T08:20:12.5087606Z Collecting pydantic-settings==2.2.1 (from -r services/etl/requirements.txt (line 6))
2025-08-19T08:20:12.5099228Z   Using cached pydantic_settings-2.2.1-py3-none-any.whl.metadata (3.1 kB)
2025-08-19T08:20:12.6702327Z Collecting numpy<2 (from -r services/etl/requirements.txt (line 7))
2025-08-19T08:20:12.6716044Z   Using cached numpy-1.26.4-cp312-cp312-manylinux_2_17_x86_64.manylinux2014_x86_64.whl.metadata (61 kB)
2025-08-19T08:20:12.7804669Z Collecting pandas==2.2.* (from -r services/etl/requirements.txt (line 8))
2025-08-19T08:20:12.7816360Z   Using cached pandas-2.2.3-cp312-cp312-manylinux_2_17_x86_64.manylinux2014_x86_64.whl.metadata (89 kB)
2025-08-19T08:20:12.8419448Z Collecting pandera==0.19.* (from -r services/etl/requirements.txt (line 9))
2025-08-19T08:20:12.8430833Z   Using cached pandera-0.19.3-py3-none-any.whl.metadata (15 kB)
2025-08-19T08:20:12.8691220Z Collecting openpyxl==3.1.* (from -r services/etl/requirements.txt (line 10))
2025-08-19T08:20:12.8702278Z   Using cached openpyxl-3.1.5-py2.py3-none-any.whl.metadata (2.5 kB)
2025-08-19T08:20:12.9263020Z Collecting psycopg2-binary==2.9.* (from -r services/etl/requirements.txt (line 11))
2025-08-19T08:20:12.9274211Z   Using cached psycopg2_binary-2.9.10-cp312-cp312-manylinux_2_17_x86_64.manylinux2014_x86_64.whl.metadata (4.9 kB)
2025-08-19T08:20:12.9674862Z Collecting requests>=2.2 (from keepa==1.3.14->-r services/etl/requirements.txt (line 1))
2025-08-19T08:20:12.9685387Z   Using cached requests-2.32.5-py3-none-any.whl.metadata (4.9 kB)
2025-08-19T08:20:13.0008193Z Collecting tqdm (from keepa==1.3.14->-r services/etl/requirements.txt (line 1))
2025-08-19T08:20:13.0019066Z   Using cached tqdm-4.67.1-py3-none-any.whl.metadata (57 kB)
2025-08-19T08:20:13.4892091Z Collecting aiohttp (from keepa==1.3.14->-r services/etl/requirements.txt (line 1))
2025-08-19T08:20:13.4905306Z   Using cached aiohttp-3.12.15-cp312-cp312-manylinux_2_17_x86_64.manylinux2014_x86_64.whl.metadata (7.7 kB)
2025-08-19T08:20:13.6019088Z Collecting pydantic (from keepa==1.3.14->-r services/etl/requirements.txt (line 1))
2025-08-19T08:20:13.6030909Z   Using cached pydantic-2.11.7-py3-none-any.whl.metadata (67 kB)
2025-08-19T08:20:13.6233591Z Collecting certifi (from minio==7.1.15->-r services/etl/requirements.txt (line 2))
2025-08-19T08:20:13.6244526Z   Using cached certifi-2025.8.3-py3-none-any.whl.metadata (2.4 kB)
2025-08-19T08:20:13.6463063Z Collecting urllib3 (from minio==7.1.15->-r services/etl/requirements.txt (line 2))
2025-08-19T08:20:13.6478759Z   Using cached urllib3-2.5.0-py3-none-any.whl.metadata (6.5 kB)
2025-08-19T08:20:13.6630378Z Collecting six<2,>=1.15 (from python-amazon-sp-api==0.8.0->-r services/etl/requirements.txt (line 5))
2025-08-19T08:20:13.6641406Z   Using cached six-1.17.0-py2.py3-none-any.whl.metadata (1.7 kB)
2025-08-19T08:20:14.0462033Z Collecting boto3<2,>=1.16.39 (from python-amazon-sp-api==0.8.0->-r services/etl/requirements.txt (line 5))
2025-08-19T08:20:14.0474692Z   Using cached boto3-1.40.12-py3-none-any.whl.metadata (6.7 kB)
2025-08-19T08:20:14.0646422Z Collecting cachetools~=4.2.0 (from python-amazon-sp-api==0.8.0->-r services/etl/requirements.txt (line 5))
2025-08-19T08:20:14.0657309Z   Using cached cachetools-4.2.4-py3-none-any.whl.metadata (4.8 kB)
2025-08-19T08:20:14.1415880Z Collecting pycryptodome (from python-amazon-sp-api==0.8.0->-r services/etl/requirements.txt (line 5))
2025-08-19T08:20:14.1427803Z   Using cached pycryptodome-3.23.0-cp37-abi3-manylinux_2_17_x86_64.manylinux2014_x86_64.whl.metadata (3.4 kB)
2025-08-19T08:20:14.1751189Z Collecting pytz (from python-amazon-sp-api==0.8.0->-r services/etl/requirements.txt (line 5))
2025-08-19T08:20:14.1762199Z   Using cached pytz-2025.2-py2.py3-none-any.whl.metadata (22 kB)
2025-08-19T08:20:14.1868458Z Collecting confuse~=1.4.0 (from python-amazon-sp-api==0.8.0->-r services/etl/requirements.txt (line 5))
2025-08-19T08:20:14.1879080Z   Using cached confuse-1.4.0-py2.py3-none-any.whl.metadata (3.8 kB)
2025-08-19T08:20:14.2124155Z Collecting python-dotenv>=0.21.0 (from pydantic-settings==2.2.1->-r services/etl/requirements.txt (line 6))
2025-08-19T08:20:14.2135015Z   Using cached python_dotenv-1.1.1-py3-none-any.whl.metadata (24 kB)
2025-08-19T08:20:14.2329807Z Collecting billiard<5.0,>=4.2.0 (from celery==5.3.*->-r services/etl/requirements.txt (line 3))
2025-08-19T08:20:14.2340691Z   Using cached billiard-4.2.1-py3-none-any.whl.metadata (4.4 kB)
2025-08-19T08:20:14.2422569Z Collecting click-didyoumean>=0.3.0 (from celery==5.3.*->-r services/etl/requirements.txt (line 3))
2025-08-19T08:20:14.2433485Z   Using cached click_didyoumean-0.3.1-py3-none-any.whl.metadata (3.9 kB)
2025-08-19T08:20:14.2519918Z Collecting click-plugins>=1.1.1 (from celery==5.3.*->-r services/etl/requirements.txt (line 3))
2025-08-19T08:20:14.2530869Z   Using cached click_plugins-1.1.1.2-py2.py3-none-any.whl.metadata (6.5 kB)
2025-08-19T08:20:14.2621205Z Collecting click-repl>=0.2.0 (from celery==5.3.*->-r services/etl/requirements.txt (line 3))
2025-08-19T08:20:14.2631380Z   Using cached click_repl-0.3.0-py3-none-any.whl.metadata (3.6 kB)
2025-08-19T08:20:14.2808571Z Collecting click<9.0,>=8.1.2 (from celery==5.3.*->-r services/etl/requirements.txt (line 3))
2025-08-19T08:20:14.2819562Z   Using cached click-8.2.1-py3-none-any.whl.metadata (2.5 kB)
2025-08-19T08:20:14.3081814Z Collecting kombu<6.0,>=5.3.4 (from celery==5.3.*->-r services/etl/requirements.txt (line 3))
2025-08-19T08:20:14.3092694Z   Using cached kombu-5.5.4-py3-none-any.whl.metadata (3.5 kB)
2025-08-19T08:20:14.3256897Z Collecting python-dateutil>=2.8.2 (from celery==5.3.*->-r services/etl/requirements.txt (line 3))
2025-08-19T08:20:14.3267732Z   Using cached python_dateutil-2.9.0.post0-py2.py3-none-any.whl.metadata (8.4 kB)
2025-08-19T08:20:14.3386053Z Collecting tzdata>=2022.7 (from celery==5.3.*->-r services/etl/requirements.txt (line 3))
2025-08-19T08:20:14.3397134Z   Using cached tzdata-2025.2-py2.py3-none-any.whl.metadata (1.4 kB)
2025-08-19T08:20:14.3488081Z Collecting vine<6.0,>=5.1.0 (from celery==5.3.*->-r services/etl/requirements.txt (line 3))
2025-08-19T08:20:14.3498622Z   Using cached vine-5.1.0-py3-none-any.whl.metadata (2.7 kB)
2025-08-19T08:20:14.3658456Z Collecting PyJWT>=2.9.0 (from redis==5.*->-r services/etl/requirements.txt (line 4))
2025-08-19T08:20:14.3669411Z   Using cached PyJWT-2.10.1-py3-none-any.whl.metadata (4.0 kB)
2025-08-19T08:20:14.3934735Z Collecting multimethod<=1.10.0 (from pandera==0.19.*->-r services/etl/requirements.txt (line 9))
2025-08-19T08:20:14.3945402Z   Using cached multimethod-1.10-py3-none-any.whl.metadata (8.2 kB)
2025-08-19T08:20:14.4164175Z Collecting packaging>=20.0 (from pandera==0.19.*->-r services/etl/requirements.txt (line 9))
2025-08-19T08:20:14.4175110Z   Using cached packaging-25.0-py3-none-any.whl.metadata (3.3 kB)
2025-08-19T08:20:14.4426523Z Collecting typeguard (from pandera==0.19.*->-r services/etl/requirements.txt (line 9))
2025-08-19T08:20:14.4437452Z   Using cached typeguard-4.4.4-py3-none-any.whl.metadata (3.3 kB)
2025-08-19T08:20:14.4529723Z Collecting typing-inspect>=0.6.0 (from pandera==0.19.*->-r services/etl/requirements.txt (line 9))
2025-08-19T08:20:14.4540290Z   Using cached typing_inspect-0.9.0-py3-none-any.whl.metadata (1.5 kB)
2025-08-19T08:20:14.5596134Z Collecting wrapt (from pandera==0.19.*->-r services/etl/requirements.txt (line 9))
2025-08-19T08:20:14.5608462Z   Using cached wrapt-1.17.3-cp312-cp312-manylinux1_x86_64.manylinux_2_28_x86_64.manylinux_2_5_x86_64.whl.metadata (6.4 kB)
2025-08-19T08:20:14.5695135Z Collecting et-xmlfile (from openpyxl==3.1.*->-r services/etl/requirements.txt (line 10))
2025-08-19T08:20:14.5705923Z   Using cached et_xmlfile-2.0.0-py3-none-any.whl.metadata (2.7 kB)
2025-08-19T08:20:14.9804650Z Collecting botocore<1.41.0,>=1.40.12 (from boto3<2,>=1.16.39->python-amazon-sp-api==0.8.0->-r services/etl/requirements.txt (line 5))
2025-08-19T08:20:14.9817455Z   Using cached botocore-1.40.12-py3-none-any.whl.metadata (5.7 kB)
2025-08-19T08:20:14.9940297Z Collecting jmespath<2.0.0,>=0.7.1 (from boto3<2,>=1.16.39->python-amazon-sp-api==0.8.0->-r services/etl/requirements.txt (line 5))
2025-08-19T08:20:14.9951165Z   Using cached jmespath-1.0.1-py3-none-any.whl.metadata (7.6 kB)
2025-08-19T08:20:15.0113152Z Collecting s3transfer<0.14.0,>=0.13.0 (from boto3<2,>=1.16.39->python-amazon-sp-api==0.8.0->-r services/etl/requirements.txt (line 5))
2025-08-19T08:20:15.0123680Z   Using cached s3transfer-0.13.1-py3-none-any.whl.metadata (1.7 kB)
2025-08-19T08:20:15.0629523Z Collecting pyyaml (from confuse~=1.4.0->python-amazon-sp-api==0.8.0->-r services/etl/requirements.txt (line 5))
2025-08-19T08:20:15.0641939Z   Using cached PyYAML-6.0.2-cp312-cp312-manylinux_2_17_x86_64.manylinux2014_x86_64.whl.metadata (2.1 kB)
2025-08-19T08:20:15.0818600Z Collecting amqp<6.0.0,>=5.1.1 (from kombu<6.0,>=5.3.4->celery==5.3.*->-r services/etl/requirements.txt (line 3))
2025-08-19T08:20:15.0829644Z   Using cached amqp-5.3.1-py3-none-any.whl.metadata (8.9 kB)
2025-08-19T08:20:15.3154285Z Collecting prompt-toolkit>=3.0.36 (from click-repl>=0.2.0->celery==5.3.*->-r services/etl/requirements.txt (line 3))
2025-08-19T08:20:15.3164971Z   Using cached prompt_toolkit-3.0.51-py3-none-any.whl.metadata (6.4 kB)
2025-08-19T08:20:15.3300856Z Collecting wcwidth (from prompt-toolkit>=3.0.36->click-repl>=0.2.0->celery==5.3.*->-r services/etl/requirements.txt (line 3))
2025-08-19T08:20:15.3311297Z   Using cached wcwidth-0.2.13-py2.py3-none-any.whl.metadata (14 kB)
2025-08-19T08:20:15.3419154Z Collecting annotated-types>=0.6.0 (from pydantic->keepa==1.3.14->-r services/etl/requirements.txt (line 1))
2025-08-19T08:20:15.3430986Z   Using cached annotated_types-0.7.0-py3-none-any.whl.metadata (15 kB)
2025-08-19T08:20:15.9943700Z Collecting pydantic-core==2.33.2 (from pydantic->keepa==1.3.14->-r services/etl/requirements.txt (line 1))
2025-08-19T08:20:15.9957111Z   Using cached pydantic_core-2.33.2-cp312-cp312-manylinux_2_17_x86_64.manylinux2014_x86_64.whl.metadata (6.8 kB)
2025-08-19T08:20:16.0124284Z Collecting typing-extensions>=4.12.2 (from pydantic->keepa==1.3.14->-r services/etl/requirements.txt (line 1))
2025-08-19T08:20:16.0135110Z   Using cached typing_extensions-4.14.1-py3-none-any.whl.metadata (3.0 kB)
2025-08-19T08:20:16.0222573Z Collecting typing-inspection>=0.4.0 (from pydantic->keepa==1.3.14->-r services/etl/requirements.txt (line 1))
2025-08-19T08:20:16.0233611Z   Using cached typing_inspection-0.4.1-py3-none-any.whl.metadata (2.6 kB)
2025-08-19T08:20:16.1101200Z Collecting charset_normalizer<4,>=2 (from requests>=2.2->keepa==1.3.14->-r services/etl/requirements.txt (line 1))
2025-08-19T08:20:16.1113092Z   Using cached charset_normalizer-3.4.3-cp312-cp312-manylinux2014_x86_64.manylinux_2_17_x86_64.manylinux_2_28_x86_64.whl.metadata (36 kB)
2025-08-19T08:20:16.1259695Z Collecting idna<4,>=2.5 (from requests>=2.2->keepa==1.3.14->-r services/etl/requirements.txt (line 1))
2025-08-19T08:20:16.1271155Z   Using cached idna-3.10-py3-none-any.whl.metadata (10 kB)
2025-08-19T08:20:16.1629898Z Collecting mypy-extensions>=0.3.0 (from typing-inspect>=0.6.0->pandera==0.19.*->-r services/etl/requirements.txt (line 9))
2025-08-19T08:20:16.1640921Z   Using cached mypy_extensions-1.1.0-py3-none-any.whl.metadata (1.1 kB)
2025-08-19T08:20:16.1927008Z Collecting aiohappyeyeballs>=2.5.0 (from aiohttp->keepa==1.3.14->-r services/etl/requirements.txt (line 1))
2025-08-19T08:20:16.1937846Z   Using cached aiohappyeyeballs-2.6.1-py3-none-any.whl.metadata (5.9 kB)
2025-08-19T08:20:16.2022669Z Collecting aiosignal>=1.4.0 (from aiohttp->keepa==1.3.14->-r services/etl/requirements.txt (line 1))
2025-08-19T08:20:16.2033577Z   Using cached aiosignal-1.4.0-py3-none-any.whl.metadata (3.7 kB)
2025-08-19T08:20:16.2165261Z Collecting attrs>=17.3.0 (from aiohttp->keepa==1.3.14->-r services/etl/requirements.txt (line 1))
2025-08-19T08:20:16.2176401Z   Using cached attrs-25.3.0-py3-none-any.whl.metadata (10 kB)
2025-08-19T08:20:16.2825812Z Collecting frozenlist>=1.1.1 (from aiohttp->keepa==1.3.14->-r services/etl/requirements.txt (line 1))
2025-08-19T08:20:16.2838336Z   Using cached frozenlist-1.7.0-cp312-cp312-manylinux_2_5_x86_64.manylinux1_x86_64.manylinux_2_17_x86_64.manylinux2014_x86_64.whl.metadata (18 kB)
2025-08-19T08:20:16.4966041Z Collecting multidict<7.0,>=4.5 (from aiohttp->keepa==1.3.14->-r services/etl/requirements.txt (line 1))
2025-08-19T08:20:16.4979407Z   Using cached multidict-6.6.4-cp312-cp312-manylinux2014_x86_64.manylinux_2_17_x86_64.manylinux_2_28_x86_64.whl.metadata (5.3 kB)
2025-08-19T08:20:16.5383190Z Collecting propcache>=0.2.0 (from aiohttp->keepa==1.3.14->-r services/etl/requirements.txt (line 1))
2025-08-19T08:20:16.5395294Z   Using cached propcache-0.3.2-cp312-cp312-manylinux_2_17_x86_64.manylinux2014_x86_64.whl.metadata (12 kB)
2025-08-19T08:20:16.8459320Z Collecting yarl<2.0,>=1.17.0 (from aiohttp->keepa==1.3.14->-r services/etl/requirements.txt (line 1))
2025-08-19T08:20:16.8472957Z   Using cached yarl-1.20.1-cp312-cp312-manylinux_2_17_x86_64.manylinux2014_x86_64.whl.metadata (73 kB)
2025-08-19T08:20:16.9055637Z Using cached keepa-1.3.14-py3-none-any.whl (33 kB)
2025-08-19T08:20:16.9066700Z Using cached minio-7.1.15-py3-none-any.whl (77 kB)
2025-08-19T08:20:16.9078098Z Using cached python_amazon_sp_api-0.8.0-py3-none-any.whl (93 kB)
2025-08-19T08:20:16.9089830Z Using cached pydantic_settings-2.2.1-py3-none-any.whl (13 kB)
2025-08-19T08:20:16.9101258Z Using cached celery-5.3.6-py3-none-any.whl (422 kB)
2025-08-19T08:20:16.9115657Z Using cached redis-5.3.1-py3-none-any.whl (272 kB)
2025-08-19T08:20:16.9128667Z Using cached numpy-1.26.4-cp312-cp312-manylinux_2_17_x86_64.manylinux2014_x86_64.whl (18.0 MB)
2025-08-19T08:20:16.9275239Z Using cached pandas-2.2.3-cp312-cp312-manylinux_2_17_x86_64.manylinux2014_x86_64.whl (12.7 MB)
2025-08-19T08:20:16.9378570Z Using cached pandera-0.19.3-py3-none-any.whl (251 kB)
2025-08-19T08:20:16.9390754Z Using cached openpyxl-3.1.5-py2.py3-none-any.whl (250 kB)
2025-08-19T08:20:16.9403606Z Using cached psycopg2_binary-2.9.10-cp312-cp312-manylinux_2_17_x86_64.manylinux2014_x86_64.whl (3.0 MB)
2025-08-19T08:20:16.9437319Z Using cached billiard-4.2.1-py3-none-any.whl (86 kB)
2025-08-19T08:20:16.9448655Z Using cached boto3-1.40.12-py3-none-any.whl (140 kB)
2025-08-19T08:20:16.9460345Z Using cached botocore-1.40.12-py3-none-any.whl (14.0 MB)
2025-08-19T08:20:16.9569968Z Using cached cachetools-4.2.4-py3-none-any.whl (10 kB)
2025-08-19T08:20:16.9581015Z Using cached click-8.2.1-py3-none-any.whl (102 kB)
2025-08-19T08:20:16.9592683Z Using cached confuse-1.4.0-py2.py3-none-any.whl (21 kB)
2025-08-19T08:20:16.9603700Z Using cached jmespath-1.0.1-py3-none-any.whl (20 kB)
2025-08-19T08:20:16.9614435Z Using cached kombu-5.5.4-py3-none-any.whl (210 kB)
2025-08-19T08:20:16.9626449Z Using cached vine-5.1.0-py3-none-any.whl (9.6 kB)
2025-08-19T08:20:16.9637141Z Using cached amqp-5.3.1-py3-none-any.whl (50 kB)
2025-08-19T08:20:16.9648082Z Using cached multimethod-1.10-py3-none-any.whl (9.9 kB)
2025-08-19T08:20:16.9658947Z Using cached python_dateutil-2.9.0.post0-py2.py3-none-any.whl (229 kB)
2025-08-19T08:20:16.9671285Z Using cached s3transfer-0.13.1-py3-none-any.whl (85 kB)
2025-08-19T08:20:16.9682603Z Using cached six-1.17.0-py2.py3-none-any.whl (11 kB)
2025-08-19T08:20:16.9693307Z Using cached urllib3-2.5.0-py3-none-any.whl (129 kB)
2025-08-19T08:20:16.9704777Z Using cached click_didyoumean-0.3.1-py3-none-any.whl (3.6 kB)
2025-08-19T08:20:16.9715410Z Using cached click_plugins-1.1.1.2-py2.py3-none-any.whl (11 kB)
2025-08-19T08:20:16.9725966Z Using cached click_repl-0.3.0-py3-none-any.whl (10 kB)
2025-08-19T08:20:16.9736662Z Using cached packaging-25.0-py3-none-any.whl (66 kB)
2025-08-19T08:20:16.9747912Z Using cached prompt_toolkit-3.0.51-py3-none-any.whl (387 kB)
2025-08-19T08:20:16.9761523Z Using cached pydantic-2.11.7-py3-none-any.whl (444 kB)
2025-08-19T08:20:16.9775681Z Using cached pydantic_core-2.33.2-cp312-cp312-manylinux_2_17_x86_64.manylinux2014_x86_64.whl (2.0 MB)
2025-08-19T08:20:16.9801203Z Using cached annotated_types-0.7.0-py3-none-any.whl (13 kB)
2025-08-19T08:20:16.9812239Z Using cached PyJWT-2.10.1-py3-none-any.whl (22 kB)
2025-08-19T08:20:16.9823298Z Using cached python_dotenv-1.1.1-py3-none-any.whl (20 kB)
2025-08-19T08:20:16.9834303Z Using cached pytz-2025.2-py2.py3-none-any.whl (509 kB)
2025-08-19T08:20:16.9848625Z Using cached requests-2.32.5-py3-none-any.whl (64 kB)
2025-08-19T08:20:16.9860239Z Using cached charset_normalizer-3.4.3-cp312-cp312-manylinux2014_x86_64.manylinux_2_17_x86_64.manylinux_2_28_x86_64.whl (151 kB)
2025-08-19T08:20:16.9872209Z Using cached idna-3.10-py3-none-any.whl (70 kB)
2025-08-19T08:20:16.9883750Z Using cached certifi-2025.8.3-py3-none-any.whl (161 kB)
2025-08-19T08:20:16.9895714Z Using cached typing_extensions-4.14.1-py3-none-any.whl (43 kB)
2025-08-19T08:20:16.9906588Z Using cached typing_inspect-0.9.0-py3-none-any.whl (8.8 kB)
2025-08-19T08:20:16.9917376Z Using cached mypy_extensions-1.1.0-py3-none-any.whl (5.0 kB)
2025-08-19T08:20:16.9928446Z Using cached typing_inspection-0.4.1-py3-none-any.whl (14 kB)
2025-08-19T08:20:16.9939012Z Using cached tzdata-2025.2-py2.py3-none-any.whl (347 kB)
2025-08-19T08:20:16.9952529Z Using cached aiohttp-3.12.15-cp312-cp312-manylinux_2_17_x86_64.manylinux2014_x86_64.whl (1.7 MB)
2025-08-19T08:20:16.9975949Z Using cached multidict-6.6.4-cp312-cp312-manylinux2014_x86_64.manylinux_2_17_x86_64.manylinux_2_28_x86_64.whl (256 kB)
2025-08-19T08:20:16.9988392Z Using cached yarl-1.20.1-cp312-cp312-manylinux_2_17_x86_64.manylinux2014_x86_64.whl (355 kB)
2025-08-19T08:20:17.0001652Z Using cached aiohappyeyeballs-2.6.1-py3-none-any.whl (15 kB)
2025-08-19T08:20:17.0012469Z Using cached aiosignal-1.4.0-py3-none-any.whl (7.5 kB)
2025-08-19T08:20:17.0023302Z Using cached attrs-25.3.0-py3-none-any.whl (63 kB)
2025-08-19T08:20:17.0034965Z Using cached frozenlist-1.7.0-cp312-cp312-manylinux_2_5_x86_64.manylinux1_x86_64.manylinux_2_17_x86_64.manylinux2014_x86_64.whl (241 kB)
2025-08-19T08:20:17.0047299Z Using cached propcache-0.3.2-cp312-cp312-manylinux_2_17_x86_64.manylinux2014_x86_64.whl (224 kB)
2025-08-19T08:20:17.0060129Z Using cached et_xmlfile-2.0.0-py3-none-any.whl (18 kB)
2025-08-19T08:20:17.0071557Z Using cached pycryptodome-3.23.0-cp37-abi3-manylinux_2_17_x86_64.manylinux2014_x86_64.whl (2.3 MB)
2025-08-19T08:20:17.0098760Z Using cached PyYAML-6.0.2-cp312-cp312-manylinux_2_17_x86_64.manylinux2014_x86_64.whl (767 kB)
2025-08-19T08:20:17.0116475Z Using cached tqdm-4.67.1-py3-none-any.whl (78 kB)
2025-08-19T08:20:17.0127845Z Using cached typeguard-4.4.4-py3-none-any.whl (34 kB)
2025-08-19T08:20:17.0139143Z Using cached wcwidth-0.2.13-py2.py3-none-any.whl (34 kB)
2025-08-19T08:20:17.0150344Z Using cached wrapt-1.17.3-cp312-cp312-manylinux1_x86_64.manylinux_2_28_x86_64.manylinux_2_5_x86_64.whl (88 kB)
2025-08-19T08:20:17.2772050Z Installing collected packages: wcwidth, pytz, wrapt, vine, urllib3, tzdata, typing-extensions, tqdm, six, pyyaml, python-dotenv, PyJWT, pycryptodome, psycopg2-binary, propcache, prompt-toolkit, packaging, numpy, mypy-extensions, multimethod, multidict, jmespath, idna, frozenlist, et-xmlfile, click, charset_normalizer, certifi, cachetools, billiard, attrs, annotated-types, aiohappyeyeballs, yarl, typing-inspection, typing-inspect, typeguard, requests, redis, python-dateutil, pydantic-core, openpyxl, minio, confuse, click-repl, click-plugins, click-didyoumean, amqp, aiosignal, pydantic, pandas, kombu, botocore, aiohttp, s3transfer, pydantic-settings, pandera, keepa, celery, boto3, python-amazon-sp-api
2025-08-19T08:20:28.4711049Z 
2025-08-19T08:20:28.4772079Z Successfully installed PyJWT-2.10.1 aiohappyeyeballs-2.6.1 aiohttp-3.12.15 aiosignal-1.4.0 amqp-5.3.1 annotated-types-0.7.0 attrs-25.3.0 billiard-4.2.1 boto3-1.40.12 botocore-1.40.12 cachetools-4.2.4 celery-5.3.6 certifi-2025.8.3 charset_normalizer-3.4.3 click-8.2.1 click-didyoumean-0.3.1 click-plugins-1.1.1.2 click-repl-0.3.0 confuse-1.4.0 et-xmlfile-2.0.0 frozenlist-1.7.0 idna-3.10 jmespath-1.0.1 keepa-1.3.14 kombu-5.5.4 minio-7.1.15 multidict-6.6.4 multimethod-1.10 mypy-extensions-1.1.0 numpy-1.26.4 openpyxl-3.1.5 packaging-25.0 pandas-2.2.3 pandera-0.19.3 prompt-toolkit-3.0.51 propcache-0.3.2 psycopg2-binary-2.9.10 pycryptodome-3.23.0 pydantic-2.11.7 pydantic-core-2.33.2 pydantic-settings-2.2.1 python-amazon-sp-api-0.8.0 python-dateutil-2.9.0.post0 python-dotenv-1.1.1 pytz-2025.2 pyyaml-6.0.2 redis-5.3.1 requests-2.32.5 s3transfer-0.13.1 six-1.17.0 tqdm-4.67.1 typeguard-4.4.4 typing-extensions-4.14.1 typing-inspect-0.9.0 typing-inspection-0.4.1 tzdata-2025.2 urllib3-2.5.0 vine-5.1.0 wcwidth-0.2.13 wrapt-1.17.3 yarl-1.20.1
2025-08-19T08:20:29.8583739Z Collecting uvicorn==0.29.0 (from -r services/api/requirements.txt (line 1))
2025-08-19T08:20:29.8596494Z   Using cached uvicorn-0.29.0-py3-none-any.whl.metadata (6.3 kB)
2025-08-19T08:20:29.8634659Z Requirement already satisfied: pydantic-settings==2.2.1 in /opt/hostedtoolcache/Python/3.12.11/x64/lib/python3.12/site-packages (from -r services/api/requirements.txt (line 2)) (2.2.1)
2025-08-19T08:20:29.9022881Z Collecting fastapi==0.111.0 (from -r services/api/requirements.txt (line 3))
2025-08-19T08:20:29.9033745Z   Using cached fastapi-0.111.0-py3-none-any.whl.metadata (25 kB)
2025-08-19T08:20:30.1699281Z Collecting sqlalchemy==2.0.29 (from -r services/api/requirements.txt (line 4))
2025-08-19T08:20:30.1712736Z   Using cached SQLAlchemy-2.0.29-cp312-cp312-manylinux_2_17_x86_64.manylinux2014_x86_64.whl.metadata (9.6 kB)
2025-08-19T08:20:30.1986729Z Collecting alembic==1.13.1 (from -r services/api/requirements.txt (line 5))
2025-08-19T08:20:30.1998134Z   Using cached alembic-1.13.1-py3-none-any.whl.metadata (7.4 kB)
2025-08-19T08:20:30.2148608Z Collecting psycopg==3.2.9 (from psycopg[binary]==3.2.9->-r services/api/requirements.txt (line 6))
2025-08-19T08:20:30.2159665Z   Using cached psycopg-3.2.9-py3-none-any.whl.metadata (4.5 kB)
2025-08-19T08:20:30.2373784Z Collecting httpx==0.27.2 (from -r services/api/requirements.txt (line 7))
2025-08-19T08:20:30.2385979Z   Using cached httpx-0.27.2-py3-none-any.whl.metadata (7.1 kB)
2025-08-19T08:20:30.2781954Z Collecting asyncpg==0.29.0 (from -r services/api/requirements.txt (line 8))
2025-08-19T08:20:30.2794328Z   Using cached asyncpg-0.29.0-cp312-cp312-manylinux_2_17_x86_64.manylinux2014_x86_64.whl.metadata (4.4 kB)
2025-08-19T08:20:30.5458451Z Collecting boto3==1.34.162 (from -r services/api/requirements.txt (line 9))
2025-08-19T08:20:30.5472077Z   Using cached boto3-1.34.162-py3-none-any.whl.metadata (6.6 kB)
2025-08-19T08:20:30.5617428Z Collecting Jinja2==3.1.5 (from -r services/api/requirements.txt (line 10))
2025-08-19T08:20:30.5629085Z   Using cached jinja2-3.1.5-py3-none-any.whl.metadata (2.6 kB)
2025-08-19T08:20:30.5648099Z Requirement already satisfied: celery==5.3.* in /opt/hostedtoolcache/Python/3.12.11/x64/lib/python3.12/site-packages (from -r services/api/requirements.txt (line 11)) (5.3.6)
2025-08-19T08:20:30.5767195Z Collecting structlog==24.1.0 (from -r services/api/requirements.txt (line 12))
2025-08-19T08:20:30.5778613Z   Using cached structlog-24.1.0-py3-none-any.whl.metadata (6.9 kB)
2025-08-19T08:20:30.5920905Z Collecting asgi-correlation-id==4.3.1 (from -r services/api/requirements.txt (line 13))
2025-08-19T08:20:30.5932478Z   Using cached asgi_correlation_id-4.3.1-py3-none-any.whl.metadata (28 kB)
2025-08-19T08:20:30.6051367Z Collecting fastapi-limiter==0.1.6 (from -r services/api/requirements.txt (line 14))
2025-08-19T08:20:30.6062867Z   Using cached fastapi_limiter-0.1.6-py3-none-any.whl.metadata (5.3 kB)
2025-08-19T08:20:30.6485404Z Collecting redis==5.0.8 (from -r services/api/requirements.txt (line 15))
2025-08-19T08:20:30.6497436Z   Using cached redis-5.0.8-py3-none-any.whl.metadata (9.2 kB)
2025-08-19T08:20:30.6997331Z Collecting sentry-sdk==2.9.0 (from sentry-sdk[celery,fastapi,sqlalchemy]==2.9.0->-r services/api/requirements.txt (line 16))
2025-08-19T08:20:30.7008686Z   Using cached sentry_sdk-2.9.0-py2.py3-none-any.whl.metadata (14 kB)
2025-08-19T08:20:30.7291850Z Requirement already satisfied: click>=7.0 in /opt/hostedtoolcache/Python/3.12.11/x64/lib/python3.12/site-packages (from uvicorn==0.29.0->-r services/api/requirements.txt (line 1)) (8.2.1)
2025-08-19T08:20:30.7383502Z Collecting h11>=0.8 (from uvicorn==0.29.0->-r services/api/requirements.txt (line 1))
2025-08-19T08:20:30.7394910Z   Using cached h11-0.16.0-py3-none-any.whl.metadata (8.3 kB)
2025-08-19T08:20:30.7423401Z Requirement already satisfied: pydantic>=2.3.0 in /opt/hostedtoolcache/Python/3.12.11/x64/lib/python3.12/site-packages (from pydantic-settings==2.2.1->-r services/api/requirements.txt (line 2)) (2.11.7)
2025-08-19T08:20:30.7429364Z Requirement already satisfied: python-dotenv>=0.21.0 in /opt/hostedtoolcache/Python/3.12.11/x64/lib/python3.12/site-packages (from pydantic-settings==2.2.1->-r services/api/requirements.txt (line 2)) (1.1.1)
2025-08-19T08:20:30.7687619Z Collecting starlette<0.38.0,>=0.37.2 (from fastapi==0.111.0->-r services/api/requirements.txt (line 3))
2025-08-19T08:20:30.7699024Z   Using cached starlette-0.37.2-py3-none-any.whl.metadata (5.9 kB)
2025-08-19T08:20:30.7728262Z Requirement already satisfied: typing-extensions>=4.8.0 in /opt/hostedtoolcache/Python/3.12.11/x64/lib/python3.12/site-packages (from fastapi==0.111.0->-r services/api/requirements.txt (line 3)) (4.14.1)
2025-08-19T08:20:30.7812354Z Collecting fastapi-cli>=0.0.2 (from fastapi==0.111.0->-r services/api/requirements.txt (line 3))
2025-08-19T08:20:30.7823810Z   Using cached fastapi_cli-0.0.8-py3-none-any.whl.metadata (6.3 kB)
2025-08-19T08:20:30.8011254Z Collecting python-multipart>=0.0.7 (from fastapi==0.111.0->-r services/api/requirements.txt (line 3))
2025-08-19T08:20:30.8023021Z   Using cached python_multipart-0.0.20-py3-none-any.whl.metadata (1.8 kB)
2025-08-19T08:20:30.8584999Z Collecting ujson!=4.0.2,!=4.1.0,!=4.2.0,!=4.3.0,!=5.0.0,!=5.1.0,>=4.0.1 (from fastapi==0.111.0->-r services/api/requirements.txt (line 3))
2025-08-19T08:20:30.8596746Z   Using cached ujson-5.10.0-cp312-cp312-manylinux_2_17_x86_64.manylinux2014_x86_64.whl.metadata (9.3 kB)
2025-08-19T08:20:31.0862699Z Collecting orjson>=3.2.1 (from fastapi==0.111.0->-r services/api/requirements.txt (line 3))
2025-08-19T08:20:31.0876523Z   Using cached orjson-3.11.2-cp312-cp312-manylinux_2_17_x86_64.manylinux2014_x86_64.whl.metadata (1.2 kB)
2025-08-19T08:20:31.0994545Z Collecting email_validator>=2.0.0 (from fastapi==0.111.0->-r services/api/requirements.txt (line 3))
2025-08-19T08:20:31.1006122Z   Using cached email_validator-2.2.0-py3-none-any.whl.metadata (25 kB)
2025-08-19T08:20:31.2283560Z Collecting greenlet!=0.4.17 (from sqlalchemy==2.0.29->-r services/api/requirements.txt (line 4))
2025-08-19T08:20:31.2296465Z   Using cached greenlet-3.2.4-cp312-cp312-manylinux_2_24_x86_64.manylinux_2_28_x86_64.whl.metadata (4.1 kB)
2025-08-19T08:20:31.2550245Z Collecting Mako (from alembic==1.13.1->-r services/api/requirements.txt (line 5))
2025-08-19T08:20:31.2562304Z   Using cached mako-1.3.10-py3-none-any.whl.metadata (2.9 kB)
2025-08-19T08:20:31.2755714Z Collecting anyio (from httpx==0.27.2->-r services/api/requirements.txt (line 7))
2025-08-19T08:20:31.2767545Z   Using cached anyio-4.10.0-py3-none-any.whl.metadata (4.0 kB)
2025-08-19T08:20:31.2790267Z Requirement already satisfied: certifi in /opt/hostedtoolcache/Python/3.12.11/x64/lib/python3.12/site-packages (from httpx==0.27.2->-r services/api/requirements.txt (line 7)) (2025.8.3)
2025-08-19T08:20:31.2958158Z Collecting httpcore==1.* (from httpx==0.27.2->-r services/api/requirements.txt (line 7))
2025-08-19T08:20:31.2969735Z   Using cached httpcore-1.0.9-py3-none-any.whl.metadata (21 kB)
2025-08-19T08:20:31.3003471Z Requirement already satisfied: idna in /opt/hostedtoolcache/Python/3.12.11/x64/lib/python3.12/site-packages (from httpx==0.27.2->-r services/api/requirements.txt (line 7)) (3.10)
2025-08-19T08:20:31.3076604Z Collecting sniffio (from httpx==0.27.2->-r services/api/requirements.txt (line 7))
2025-08-19T08:20:31.3088072Z   Using cached sniffio-1.3.1-py3-none-any.whl.metadata (3.9 kB)
2025-08-19T08:20:31.6928453Z Collecting botocore<1.35.0,>=1.34.162 (from boto3==1.34.162->-r services/api/requirements.txt (line 9))
2025-08-19T08:20:31.6942705Z   Using cached botocore-1.34.162-py3-none-any.whl.metadata (5.7 kB)
2025-08-19T08:20:31.6971023Z Requirement already satisfied: jmespath<2.0.0,>=0.7.1 in /opt/hostedtoolcache/Python/3.12.11/x64/lib/python3.12/site-packages (from boto3==1.34.162->-r services/api/requirements.txt (line 9)) (1.0.1)
2025-08-19T08:20:31.7117897Z Collecting s3transfer<0.11.0,>=0.10.0 (from boto3==1.34.162->-r services/api/requirements.txt (line 9))
2025-08-19T08:20:31.7129654Z   Using cached s3transfer-0.10.4-py3-none-any.whl.metadata (1.7 kB)
2025-08-19T08:20:31.7596375Z Collecting MarkupSafe>=2.0 (from Jinja2==3.1.5->-r services/api/requirements.txt (line 10))
2025-08-19T08:20:31.7608709Z   Using cached MarkupSafe-3.0.2-cp312-cp312-manylinux_2_17_x86_64.manylinux2014_x86_64.whl.metadata (4.0 kB)
2025-08-19T08:20:31.7847735Z Requirement already satisfied: urllib3>=1.26.11 in /opt/hostedtoolcache/Python/3.12.11/x64/lib/python3.12/site-packages (from sentry-sdk==2.9.0->sentry-sdk[celery,fastapi,sqlalchemy]==2.9.0->-r services/api/requirements.txt (line 16)) (2.5.0)
2025-08-19T08:20:31.9202987Z Collecting psycopg-binary==3.2.9 (from psycopg[binary]==3.2.9->-r services/api/requirements.txt (line 6))
2025-08-19T08:20:31.9216276Z   Using cached psycopg_binary-3.2.9-cp312-cp312-manylinux_2_17_x86_64.manylinux2014_x86_64.whl.metadata (2.9 kB)
2025-08-19T08:20:31.9501844Z Requirement already satisfied: billiard<5.0,>=4.2.0 in /opt/hostedtoolcache/Python/3.12.11/x64/lib/python3.12/site-packages (from celery==5.3.*->-r services/api/requirements.txt (line 11)) (4.2.1)
2025-08-19T08:20:31.9508350Z Requirement already satisfied: click-didyoumean>=0.3.0 in /opt/hostedtoolcache/Python/3.12.11/x64/lib/python3.12/site-packages (from celery==5.3.*->-r services/api/requirements.txt (line 11)) (0.3.1)
2025-08-19T08:20:31.9515228Z Requirement already satisfied: click-plugins>=1.1.1 in /opt/hostedtoolcache/Python/3.12.11/x64/lib/python3.12/site-packages (from celery==5.3.*->-r services/api/requirements.txt (line 11)) (1.1.1.2)
2025-08-19T08:20:31.9521942Z Requirement already satisfied: click-repl>=0.2.0 in /opt/hostedtoolcache/Python/3.12.11/x64/lib/python3.12/site-packages (from celery==5.3.*->-r services/api/requirements.txt (line 11)) (0.3.0)
2025-08-19T08:20:31.9532749Z Requirement already satisfied: kombu<6.0,>=5.3.4 in /opt/hostedtoolcache/Python/3.12.11/x64/lib/python3.12/site-packages (from celery==5.3.*->-r services/api/requirements.txt (line 11)) (5.5.4)
2025-08-19T08:20:31.9539456Z Requirement already satisfied: python-dateutil>=2.8.2 in /opt/hostedtoolcache/Python/3.12.11/x64/lib/python3.12/site-packages (from celery==5.3.*->-r services/api/requirements.txt (line 11)) (2.9.0.post0)
2025-08-19T08:20:31.9546215Z Requirement already satisfied: tzdata>=2022.7 in /opt/hostedtoolcache/Python/3.12.11/x64/lib/python3.12/site-packages (from celery==5.3.*->-r services/api/requirements.txt (line 11)) (2025.2)
2025-08-19T08:20:31.9553686Z Requirement already satisfied: vine<6.0,>=5.1.0 in /opt/hostedtoolcache/Python/3.12.11/x64/lib/python3.12/site-packages (from celery==5.3.*->-r services/api/requirements.txt (line 11)) (5.1.0)
2025-08-19T08:20:31.9688752Z Requirement already satisfied: amqp<6.0.0,>=5.1.1 in /opt/hostedtoolcache/Python/3.12.11/x64/lib/python3.12/site-packages (from kombu<6.0,>=5.3.4->celery==5.3.*->-r services/api/requirements.txt (line 11)) (5.3.1)
2025-08-19T08:20:31.9700089Z Requirement already satisfied: packaging in /opt/hostedtoolcache/Python/3.12.11/x64/lib/python3.12/site-packages (from kombu<6.0,>=5.3.4->celery==5.3.*->-r services/api/requirements.txt (line 11)) (25.0)
2025-08-19T08:20:31.9765862Z Requirement already satisfied: annotated-types>=0.6.0 in /opt/hostedtoolcache/Python/3.12.11/x64/lib/python3.12/site-packages (from pydantic>=2.3.0->pydantic-settings==2.2.1->-r services/api/requirements.txt (line 2)) (0.7.0)
2025-08-19T08:20:31.9771960Z Requirement already satisfied: pydantic-core==2.33.2 in /opt/hostedtoolcache/Python/3.12.11/x64/lib/python3.12/site-packages (from pydantic>=2.3.0->pydantic-settings==2.2.1->-r services/api/requirements.txt (line 2)) (2.33.2)
2025-08-19T08:20:31.9781538Z Requirement already satisfied: typing-inspection>=0.4.0 in /opt/hostedtoolcache/Python/3.12.11/x64/lib/python3.12/site-packages (from pydantic>=2.3.0->pydantic-settings==2.2.1->-r services/api/requirements.txt (line 2)) (0.4.1)
2025-08-19T08:20:31.9816172Z Requirement already satisfied: six>=1.5 in /opt/hostedtoolcache/Python/3.12.11/x64/lib/python3.12/site-packages (from python-dateutil>=2.8.2->celery==5.3.*->-r services/api/requirements.txt (line 11)) (1.17.0)
2025-08-19T08:20:32.1491425Z Requirement already satisfied: prompt-toolkit>=3.0.36 in /opt/hostedtoolcache/Python/3.12.11/x64/lib/python3.12/site-packages (from click-repl>=0.2.0->celery==5.3.*->-r services/api/requirements.txt (line 11)) (3.0.51)
2025-08-19T08:20:32.1614080Z Collecting dnspython>=2.0.0 (from email_validator>=2.0.0->fastapi==0.111.0->-r services/api/requirements.txt (line 3))
2025-08-19T08:20:32.1626337Z   Using cached dnspython-2.7.0-py3-none-any.whl.metadata (5.8 kB)
2025-08-19T08:20:32.1870926Z Collecting typer>=0.15.1 (from fastapi-cli>=0.0.2->fastapi==0.111.0->-r services/api/requirements.txt (line 3))
2025-08-19T08:20:32.1882467Z   Using cached typer-0.16.1-py3-none-any.whl.metadata (15 kB)
2025-08-19T08:20:32.2130785Z Collecting rich-toolkit>=0.14.8 (from fastapi-cli>=0.0.2->fastapi==0.111.0->-r services/api/requirements.txt (line 3))
2025-08-19T08:20:32.2142452Z   Using cached rich_toolkit-0.15.0-py3-none-any.whl.metadata (1.0 kB)
2025-08-19T08:20:32.2234534Z Requirement already satisfied: wcwidth in /opt/hostedtoolcache/Python/3.12.11/x64/lib/python3.12/site-packages (from prompt-toolkit>=3.0.36->click-repl>=0.2.0->celery==5.3.*->-r services/api/requirements.txt (line 11)) (0.2.13)
2025-08-19T08:20:32.2618994Z Collecting rich>=13.7.1 (from rich-toolkit>=0.14.8->fastapi-cli>=0.0.2->fastapi==0.111.0->-r services/api/requirements.txt (line 3))
2025-08-19T08:20:32.2630964Z   Using cached rich-14.1.0-py3-none-any.whl.metadata (18 kB)
2025-08-19T08:20:32.2799360Z Collecting markdown-it-py>=2.2.0 (from rich>=13.7.1->rich-toolkit>=0.14.8->fastapi-cli>=0.0.2->fastapi==0.111.0->-r services/api/requirements.txt (line 3))
2025-08-19T08:20:32.2810794Z   Using cached markdown_it_py-4.0.0-py3-none-any.whl.metadata (7.3 kB)
2025-08-19T08:20:32.3027471Z Collecting pygments<3.0.0,>=2.13.0 (from rich>=13.7.1->rich-toolkit>=0.14.8->fastapi-cli>=0.0.2->fastapi==0.111.0->-r services/api/requirements.txt (line 3))
2025-08-19T08:20:32.3038903Z   Using cached pygments-2.19.2-py3-none-any.whl.metadata (2.5 kB)
2025-08-19T08:20:32.3148904Z Collecting mdurl~=0.1 (from markdown-it-py>=2.2.0->rich>=13.7.1->rich-toolkit>=0.14.8->fastapi-cli>=0.0.2->fastapi==0.111.0->-r services/api/requirements.txt (line 3))
2025-08-19T08:20:32.3160078Z   Using cached mdurl-0.1.2-py3-none-any.whl.metadata (1.6 kB)
2025-08-19T08:20:32.3338256Z Collecting shellingham>=1.3.0 (from typer>=0.15.1->fastapi-cli>=0.0.2->fastapi==0.111.0->-r services/api/requirements.txt (line 3))
2025-08-19T08:20:32.3349778Z   Using cached shellingham-1.5.4-py2.py3-none-any.whl.metadata (3.5 kB)
2025-08-19T08:20:32.3795705Z Collecting httptools>=0.5.0 (from uvicorn[standard]>=0.12.0->fastapi==0.111.0->-r services/api/requirements.txt (line 3))
2025-08-19T08:20:32.3808169Z   Using cached httptools-0.6.4-cp312-cp312-manylinux_2_5_x86_64.manylinux1_x86_64.manylinux_2_17_x86_64.manylinux2014_x86_64.whl.metadata (3.6 kB)
2025-08-19T08:20:32.3833555Z Requirement already satisfied: pyyaml>=5.1 in /opt/hostedtoolcache/Python/3.12.11/x64/lib/python3.12/site-packages (from uvicorn[standard]>=0.12.0->fastapi==0.111.0->-r services/api/requirements.txt (line 3)) (6.0.2)
2025-08-19T08:20:32.4612063Z Collecting uvloop!=0.15.0,!=0.15.1,>=0.14.0 (from uvicorn[standard]>=0.12.0->fastapi==0.111.0->-r services/api/requirements.txt (line 3))
2025-08-19T08:20:32.4625436Z   Using cached uvloop-0.21.0-cp312-cp312-manylinux_2_17_x86_64.manylinux2014_x86_64.whl.metadata (4.9 kB)
2025-08-19T08:20:32.5317915Z Collecting watchfiles>=0.13 (from uvicorn[standard]>=0.12.0->fastapi==0.111.0->-r services/api/requirements.txt (line 3))
2025-08-19T08:20:32.5329842Z   Using cached watchfiles-1.1.0-cp312-cp312-manylinux_2_17_x86_64.manylinux2014_x86_64.whl.metadata (4.9 kB)
2025-08-19T08:20:32.6170021Z Collecting websockets>=10.4 (from uvicorn[standard]>=0.12.0->fastapi==0.111.0->-r services/api/requirements.txt (line 3))
2025-08-19T08:20:32.6183535Z   Using cached websockets-15.0.1-cp312-cp312-manylinux_2_5_x86_64.manylinux1_x86_64.manylinux_2_17_x86_64.manylinux2014_x86_64.whl.metadata (6.8 kB)
2025-08-19T08:20:32.6455378Z Using cached uvicorn-0.29.0-py3-none-any.whl (60 kB)
2025-08-19T08:20:32.6467381Z Using cached fastapi-0.111.0-py3-none-any.whl (91 kB)
2025-08-19T08:20:32.6480147Z Using cached SQLAlchemy-2.0.29-cp312-cp312-manylinux_2_17_x86_64.manylinux2014_x86_64.whl (3.2 MB)
2025-08-19T08:20:32.6516414Z Using cached alembic-1.13.1-py3-none-any.whl (233 kB)
2025-08-19T08:20:32.6529345Z Using cached psycopg-3.2.9-py3-none-any.whl (202 kB)
2025-08-19T08:20:32.6542097Z Using cached httpx-0.27.2-py3-none-any.whl (76 kB)
2025-08-19T08:20:32.6553751Z Using cached asyncpg-0.29.0-cp312-cp312-manylinux_2_17_x86_64.manylinux2014_x86_64.whl (3.3 MB)
2025-08-19T08:20:32.6588984Z Using cached boto3-1.34.162-py3-none-any.whl (139 kB)
2025-08-19T08:20:32.6601187Z Using cached jinja2-3.1.5-py3-none-any.whl (134 kB)
2025-08-19T08:20:32.6613293Z Using cached structlog-24.1.0-py3-none-any.whl (65 kB)
2025-08-19T08:20:32.6624775Z Using cached asgi_correlation_id-4.3.1-py3-none-any.whl (15 kB)
2025-08-19T08:20:32.6635701Z Using cached fastapi_limiter-0.1.6-py3-none-any.whl (15 kB)
2025-08-19T08:20:32.6646618Z Using cached redis-5.0.8-py3-none-any.whl (255 kB)
2025-08-19T08:20:32.6659337Z Using cached sentry_sdk-2.9.0-py2.py3-none-any.whl (301 kB)
2025-08-19T08:20:32.6673156Z Using cached psycopg_binary-3.2.9-cp312-cp312-manylinux_2_17_x86_64.manylinux2014_x86_64.whl (4.4 MB)
2025-08-19T08:20:32.6716870Z Using cached botocore-1.34.162-py3-none-any.whl (12.5 MB)
2025-08-19T08:20:32.6816498Z Using cached httpcore-1.0.9-py3-none-any.whl (78 kB)
2025-08-19T08:20:32.6828525Z Using cached s3transfer-0.10.4-py3-none-any.whl (83 kB)
2025-08-19T08:20:32.6840185Z Using cached starlette-0.37.2-py3-none-any.whl (71 kB)
2025-08-19T08:20:32.6851810Z Using cached anyio-4.10.0-py3-none-any.whl (107 kB)
2025-08-19T08:20:32.6863543Z Using cached email_validator-2.2.0-py3-none-any.whl (33 kB)
2025-08-19T08:20:32.6874877Z Using cached dnspython-2.7.0-py3-none-any.whl (313 kB)
2025-08-19T08:20:32.6888014Z Using cached fastapi_cli-0.0.8-py3-none-any.whl (10 kB)
2025-08-19T08:20:32.6899409Z Using cached greenlet-3.2.4-cp312-cp312-manylinux_2_24_x86_64.manylinux_2_28_x86_64.whl (607 kB)
2025-08-19T08:20:32.6915116Z Using cached h11-0.16.0-py3-none-any.whl (37 kB)
2025-08-19T08:20:32.6927338Z Using cached MarkupSafe-3.0.2-cp312-cp312-manylinux_2_17_x86_64.manylinux2014_x86_64.whl (23 kB)
2025-08-19T08:20:32.6938347Z Using cached orjson-3.11.2-cp312-cp312-manylinux_2_17_x86_64.manylinux2014_x86_64.whl (121 kB)
2025-08-19T08:20:32.6949791Z Using cached python_multipart-0.0.20-py3-none-any.whl (24 kB)
2025-08-19T08:20:32.6960502Z Using cached rich_toolkit-0.15.0-py3-none-any.whl (29 kB)
2025-08-19T08:20:32.6971540Z Using cached rich-14.1.0-py3-none-any.whl (243 kB)
2025-08-19T08:20:32.6984017Z Using cached pygments-2.19.2-py3-none-any.whl (1.2 MB)
2025-08-19T08:20:32.7003624Z Using cached markdown_it_py-4.0.0-py3-none-any.whl (87 kB)
2025-08-19T08:20:32.7014778Z Using cached mdurl-0.1.2-py3-none-any.whl (10.0 kB)
2025-08-19T08:20:32.7025517Z Using cached sniffio-1.3.1-py3-none-any.whl (10 kB)
2025-08-19T08:20:32.7036187Z Using cached typer-0.16.1-py3-none-any.whl (46 kB)
2025-08-19T08:20:32.7047168Z Using cached shellingham-1.5.4-py2.py3-none-any.whl (9.8 kB)
2025-08-19T08:20:32.7058116Z Using cached ujson-5.10.0-cp312-cp312-manylinux_2_17_x86_64.manylinux2014_x86_64.whl (53 kB)
2025-08-19T08:20:32.7069616Z Using cached httptools-0.6.4-cp312-cp312-manylinux_2_5_x86_64.manylinux1_x86_64.manylinux_2_17_x86_64.manylinux2014_x86_64.whl (510 kB)
2025-08-19T08:20:32.7084230Z Using cached uvloop-0.21.0-cp312-cp312-manylinux_2_17_x86_64.manylinux2014_x86_64.whl (4.7 MB)
2025-08-19T08:20:32.7129239Z Using cached watchfiles-1.1.0-cp312-cp312-manylinux_2_17_x86_64.manylinux2014_x86_64.whl (452 kB)
2025-08-19T08:20:32.7143853Z Using cached websockets-15.0.1-cp312-cp312-manylinux_2_5_x86_64.manylinux1_x86_64.manylinux_2_17_x86_64.manylinux2014_x86_64.whl (182 kB)
2025-08-19T08:20:32.7155579Z Using cached mako-1.3.10-py3-none-any.whl (78 kB)
2025-08-19T08:20:32.9178064Z Installing collected packages: websockets, uvloop, ujson, structlog, sniffio, shellingham, sentry-sdk, redis, python-multipart, pygments, psycopg-binary, psycopg, orjson, mdurl, MarkupSafe, httptools, h11, greenlet, dnspython, asyncpg, uvicorn, sqlalchemy, markdown-it-py, Mako, Jinja2, httpcore, email_validator, botocore, anyio, watchfiles, starlette, s3transfer, rich, httpx, alembic, typer, rich-toolkit, boto3, asgi-correlation-id, fastapi-cli, fastapi, fastapi-limiter
2025-08-19T08:20:33.3519021Z   Attempting uninstall: redis
2025-08-19T08:20:33.3549750Z     Found existing installation: redis 5.3.1
2025-08-19T08:20:33.3628434Z     Uninstalling redis-5.3.1:
2025-08-19T08:20:33.3645248Z       Successfully uninstalled redis-5.3.1
2025-08-19T08:20:36.2959198Z   Attempting uninstall: botocore
2025-08-19T08:20:36.3004830Z     Found existing installation: botocore 1.40.12
2025-08-19T08:20:36.3628967Z     Uninstalling botocore-1.40.12:
2025-08-19T08:20:36.3870316Z       Successfully uninstalled botocore-1.40.12
2025-08-19T08:20:37.1452527Z   Attempting uninstall: s3transfer
2025-08-19T08:20:37.1497014Z     Found existing installation: s3transfer 0.13.1
2025-08-19T08:20:37.1522999Z     Uninstalling s3transfer-0.13.1:
2025-08-19T08:20:37.1531354Z       Successfully uninstalled s3transfer-0.13.1
2025-08-19T08:20:37.6483923Z   Attempting uninstall: boto3
2025-08-19T08:20:37.6515750Z     Found existing installation: boto3 1.40.12
2025-08-19T08:20:37.6576527Z     Uninstalling boto3-1.40.12:
2025-08-19T08:20:37.6595645Z       Successfully uninstalled boto3-1.40.12
2025-08-19T08:20:37.8151831Z 
2025-08-19T08:20:37.8239562Z Successfully installed Jinja2-3.1.5 Mako-1.3.10 MarkupSafe-3.0.2 alembic-1.13.1 anyio-4.10.0 asgi-correlation-id-4.3.1 asyncpg-0.29.0 boto3-1.34.162 botocore-1.34.162 dnspython-2.7.0 email_validator-2.2.0 fastapi-0.111.0 fastapi-cli-0.0.8 fastapi-limiter-0.1.6 greenlet-3.2.4 h11-0.16.0 httpcore-1.0.9 httptools-0.6.4 httpx-0.27.2 markdown-it-py-4.0.0 mdurl-0.1.2 orjson-3.11.2 psycopg-3.2.9 psycopg-binary-3.2.9 pygments-2.19.2 python-multipart-0.0.20 redis-5.0.8 rich-14.1.0 rich-toolkit-0.15.0 s3transfer-0.10.4 sentry-sdk-2.9.0 shellingham-1.5.4 sniffio-1.3.1 sqlalchemy-2.0.29 starlette-0.37.2 structlog-24.1.0 typer-0.16.1 ujson-5.10.0 uvicorn-0.29.0 uvloop-0.21.0 watchfiles-1.1.0 websockets-15.0.1
2025-08-19T08:20:38.6525037Z Requirement already satisfied: uvicorn==0.29.0 in /opt/hostedtoolcache/Python/3.12.11/x64/lib/python3.12/site-packages (from -r services/repricer/requirements.txt (line 1)) (0.29.0)
2025-08-19T08:20:38.6529441Z Requirement already satisfied: pydantic-settings==2.2.1 in /opt/hostedtoolcache/Python/3.12.11/x64/lib/python3.12/site-packages (from -r services/repricer/requirements.txt (line 2)) (2.2.1)
2025-08-19T08:20:38.6533908Z Requirement already satisfied: python-amazon-sp-api==0.8.0 in /opt/hostedtoolcache/Python/3.12.11/x64/lib/python3.12/site-packages (from -r services/repricer/requirements.txt (line 3)) (0.8.0)
2025-08-19T08:20:38.6537471Z Requirement already satisfied: fastapi==0.111.0 in /opt/hostedtoolcache/Python/3.12.11/x64/lib/python3.12/site-packages (from -r services/repricer/requirements.txt (line 4)) (0.111.0)
2025-08-19T08:20:38.6541566Z Requirement already satisfied: sqlalchemy==2.0.29 in /opt/hostedtoolcache/Python/3.12.11/x64/lib/python3.12/site-packages (from -r services/repricer/requirements.txt (line 5)) (2.0.29)
2025-08-19T08:20:38.6552395Z Requirement already satisfied: click>=7.0 in /opt/hostedtoolcache/Python/3.12.11/x64/lib/python3.12/site-packages (from uvicorn==0.29.0->-r services/repricer/requirements.txt (line 1)) (8.2.1)
2025-08-19T08:20:38.6557775Z Requirement already satisfied: h11>=0.8 in /opt/hostedtoolcache/Python/3.12.11/x64/lib/python3.12/site-packages (from uvicorn==0.29.0->-r services/repricer/requirements.txt (line 1)) (0.16.0)
2025-08-19T08:20:38.6580331Z Requirement already satisfied: pydantic>=2.3.0 in /opt/hostedtoolcache/Python/3.12.11/x64/lib/python3.12/site-packages (from pydantic-settings==2.2.1->-r services/repricer/requirements.txt (line 2)) (2.11.7)
2025-08-19T08:20:38.6585502Z Requirement already satisfied: python-dotenv>=0.21.0 in /opt/hostedtoolcache/Python/3.12.11/x64/lib/python3.12/site-packages (from pydantic-settings==2.2.1->-r services/repricer/requirements.txt (line 2)) (1.1.1)
2025-08-19T08:20:38.6596365Z Requirement already satisfied: requests in /opt/hostedtoolcache/Python/3.12.11/x64/lib/python3.12/site-packages (from python-amazon-sp-api==0.8.0->-r services/repricer/requirements.txt (line 3)) (2.32.5)
2025-08-19T08:20:38.6603305Z Requirement already satisfied: six<2,>=1.15 in /opt/hostedtoolcache/Python/3.12.11/x64/lib/python3.12/site-packages (from python-amazon-sp-api==0.8.0->-r services/repricer/requirements.txt (line 3)) (1.17.0)
2025-08-19T08:20:38.6610092Z Requirement already satisfied: boto3<2,>=1.16.39 in /opt/hostedtoolcache/Python/3.12.11/x64/lib/python3.12/site-packages (from python-amazon-sp-api==0.8.0->-r services/repricer/requirements.txt (line 3)) (1.34.162)
2025-08-19T08:20:38.6616334Z Requirement already satisfied: cachetools~=4.2.0 in /opt/hostedtoolcache/Python/3.12.11/x64/lib/python3.12/site-packages (from python-amazon-sp-api==0.8.0->-r services/repricer/requirements.txt (line 3)) (4.2.4)
2025-08-19T08:20:38.6620022Z Requirement already satisfied: pycryptodome in /opt/hostedtoolcache/Python/3.12.11/x64/lib/python3.12/site-packages (from python-amazon-sp-api==0.8.0->-r services/repricer/requirements.txt (line 3)) (3.23.0)
2025-08-19T08:20:38.6623872Z Requirement already satisfied: pytz in /opt/hostedtoolcache/Python/3.12.11/x64/lib/python3.12/site-packages (from python-amazon-sp-api==0.8.0->-r services/repricer/requirements.txt (line 3)) (2025.2)
2025-08-19T08:20:38.6629656Z Requirement already satisfied: confuse~=1.4.0 in /opt/hostedtoolcache/Python/3.12.11/x64/lib/python3.12/site-packages (from python-amazon-sp-api==0.8.0->-r services/repricer/requirements.txt (line 3)) (1.4.0)
2025-08-19T08:20:38.6645212Z Requirement already satisfied: starlette<0.38.0,>=0.37.2 in /opt/hostedtoolcache/Python/3.12.11/x64/lib/python3.12/site-packages (from fastapi==0.111.0->-r services/repricer/requirements.txt (line 4)) (0.37.2)
2025-08-19T08:20:38.6654705Z Requirement already satisfied: typing-extensions>=4.8.0 in /opt/hostedtoolcache/Python/3.12.11/x64/lib/python3.12/site-packages (from fastapi==0.111.0->-r services/repricer/requirements.txt (line 4)) (4.14.1)
2025-08-19T08:20:38.6659366Z Requirement already satisfied: fastapi-cli>=0.0.2 in /opt/hostedtoolcache/Python/3.12.11/x64/lib/python3.12/site-packages (from fastapi==0.111.0->-r services/repricer/requirements.txt (line 4)) (0.0.8)
2025-08-19T08:20:38.6664386Z Requirement already satisfied: httpx>=0.23.0 in /opt/hostedtoolcache/Python/3.12.11/x64/lib/python3.12/site-packages (from fastapi==0.111.0->-r services/repricer/requirements.txt (line 4)) (0.27.2)
2025-08-19T08:20:38.6669642Z Requirement already satisfied: jinja2>=2.11.2 in /opt/hostedtoolcache/Python/3.12.11/x64/lib/python3.12/site-packages (from fastapi==0.111.0->-r services/repricer/requirements.txt (line 4)) (3.1.5)
2025-08-19T08:20:38.6674516Z Requirement already satisfied: python-multipart>=0.0.7 in /opt/hostedtoolcache/Python/3.12.11/x64/lib/python3.12/site-packages (from fastapi==0.111.0->-r services/repricer/requirements.txt (line 4)) (0.0.20)
2025-08-19T08:20:38.6682077Z Requirement already satisfied: ujson!=4.0.2,!=4.1.0,!=4.2.0,!=4.3.0,!=5.0.0,!=5.1.0,>=4.0.1 in /opt/hostedtoolcache/Python/3.12.11/x64/lib/python3.12/site-packages (from fastapi==0.111.0->-r services/repricer/requirements.txt (line 4)) (5.10.0)
2025-08-19T08:20:38.6686591Z Requirement already satisfied: orjson>=3.2.1 in /opt/hostedtoolcache/Python/3.12.11/x64/lib/python3.12/site-packages (from fastapi==0.111.0->-r services/repricer/requirements.txt (line 4)) (3.11.2)
2025-08-19T08:20:38.6691227Z Requirement already satisfied: email_validator>=2.0.0 in /opt/hostedtoolcache/Python/3.12.11/x64/lib/python3.12/site-packages (from fastapi==0.111.0->-r services/repricer/requirements.txt (line 4)) (2.2.0)
2025-08-19T08:20:38.6737617Z Requirement already satisfied: greenlet!=0.4.17 in /opt/hostedtoolcache/Python/3.12.11/x64/lib/python3.12/site-packages (from sqlalchemy==2.0.29->-r services/repricer/requirements.txt (line 5)) (3.2.4)
2025-08-19T08:20:38.6782314Z Requirement already satisfied: botocore<1.35.0,>=1.34.162 in /opt/hostedtoolcache/Python/3.12.11/x64/lib/python3.12/site-packages (from boto3<2,>=1.16.39->python-amazon-sp-api==0.8.0->-r services/repricer/requirements.txt (line 3)) (1.34.162)
2025-08-19T08:20:38.6788806Z Requirement already satisfied: jmespath<2.0.0,>=0.7.1 in /opt/hostedtoolcache/Python/3.12.11/x64/lib/python3.12/site-packages (from boto3<2,>=1.16.39->python-amazon-sp-api==0.8.0->-r services/repricer/requirements.txt (line 3)) (1.0.1)
2025-08-19T08:20:38.6795242Z Requirement already satisfied: s3transfer<0.11.0,>=0.10.0 in /opt/hostedtoolcache/Python/3.12.11/x64/lib/python3.12/site-packages (from boto3<2,>=1.16.39->python-amazon-sp-api==0.8.0->-r services/repricer/requirements.txt (line 3)) (0.10.4)
2025-08-19T08:20:38.6811944Z Requirement already satisfied: python-dateutil<3.0.0,>=2.1 in /opt/hostedtoolcache/Python/3.12.11/x64/lib/python3.12/site-packages (from botocore<1.35.0,>=1.34.162->boto3<2,>=1.16.39->python-amazon-sp-api==0.8.0->-r services/repricer/requirements.txt (line 3)) (2.9.0.post0)
2025-08-19T08:20:38.6824355Z Requirement already satisfied: urllib3!=2.2.0,<3,>=1.25.4 in /opt/hostedtoolcache/Python/3.12.11/x64/lib/python3.12/site-packages (from botocore<1.35.0,>=1.34.162->boto3<2,>=1.16.39->python-amazon-sp-api==0.8.0->-r services/repricer/requirements.txt (line 3)) (2.5.0)
2025-08-19T08:20:38.6843261Z Requirement already satisfied: pyyaml in /opt/hostedtoolcache/Python/3.12.11/x64/lib/python3.12/site-packages (from confuse~=1.4.0->python-amazon-sp-api==0.8.0->-r services/repricer/requirements.txt (line 3)) (6.0.2)
2025-08-19T08:20:38.6875296Z Requirement already satisfied: annotated-types>=0.6.0 in /opt/hostedtoolcache/Python/3.12.11/x64/lib/python3.12/site-packages (from pydantic>=2.3.0->pydantic-settings==2.2.1->-r services/repricer/requirements.txt (line 2)) (0.7.0)
2025-08-19T08:20:38.6880247Z Requirement already satisfied: pydantic-core==2.33.2 in /opt/hostedtoolcache/Python/3.12.11/x64/lib/python3.12/site-packages (from pydantic>=2.3.0->pydantic-settings==2.2.1->-r services/repricer/requirements.txt (line 2)) (2.33.2)
2025-08-19T08:20:38.6887165Z Requirement already satisfied: typing-inspection>=0.4.0 in /opt/hostedtoolcache/Python/3.12.11/x64/lib/python3.12/site-packages (from pydantic>=2.3.0->pydantic-settings==2.2.1->-r services/repricer/requirements.txt (line 2)) (0.4.1)
2025-08-19T08:20:38.6947572Z Requirement already satisfied: anyio<5,>=3.4.0 in /opt/hostedtoolcache/Python/3.12.11/x64/lib/python3.12/site-packages (from starlette<0.38.0,>=0.37.2->fastapi==0.111.0->-r services/repricer/requirements.txt (line 4)) (4.10.0)
2025-08-19T08:20:38.6967498Z Requirement already satisfied: idna>=2.8 in /opt/hostedtoolcache/Python/3.12.11/x64/lib/python3.12/site-packages (from anyio<5,>=3.4.0->starlette<0.38.0,>=0.37.2->fastapi==0.111.0->-r services/repricer/requirements.txt (line 4)) (3.10)
2025-08-19T08:20:38.6972367Z Requirement already satisfied: sniffio>=1.1 in /opt/hostedtoolcache/Python/3.12.11/x64/lib/python3.12/site-packages (from anyio<5,>=3.4.0->starlette<0.38.0,>=0.37.2->fastapi==0.111.0->-r services/repricer/requirements.txt (line 4)) (1.3.1)
2025-08-19T08:20:38.7028567Z Requirement already satisfied: dnspython>=2.0.0 in /opt/hostedtoolcache/Python/3.12.11/x64/lib/python3.12/site-packages (from email_validator>=2.0.0->fastapi==0.111.0->-r services/repricer/requirements.txt (line 4)) (2.7.0)
2025-08-19T08:20:38.7076886Z Requirement already satisfied: typer>=0.15.1 in /opt/hostedtoolcache/Python/3.12.11/x64/lib/python3.12/site-packages (from fastapi-cli>=0.0.2->fastapi==0.111.0->-r services/repricer/requirements.txt (line 4)) (0.16.1)
2025-08-19T08:20:38.7087185Z Requirement already satisfied: rich-toolkit>=0.14.8 in /opt/hostedtoolcache/Python/3.12.11/x64/lib/python3.12/site-packages (from fastapi-cli>=0.0.2->fastapi==0.111.0->-r services/repricer/requirements.txt (line 4)) (0.15.0)
2025-08-19T08:20:38.7127889Z Requirement already satisfied: certifi in /opt/hostedtoolcache/Python/3.12.11/x64/lib/python3.12/site-packages (from httpx>=0.23.0->fastapi==0.111.0->-r services/repricer/requirements.txt (line 4)) (2025.8.3)
2025-08-19T08:20:38.7133278Z Requirement already satisfied: httpcore==1.* in /opt/hostedtoolcache/Python/3.12.11/x64/lib/python3.12/site-packages (from httpx>=0.23.0->fastapi==0.111.0->-r services/repricer/requirements.txt (line 4)) (1.0.9)
2025-08-19T08:20:38.7189566Z Requirement already satisfied: MarkupSafe>=2.0 in /opt/hostedtoolcache/Python/3.12.11/x64/lib/python3.12/site-packages (from jinja2>=2.11.2->fastapi==0.111.0->-r services/repricer/requirements.txt (line 4)) (3.0.2)
2025-08-19T08:20:38.7247603Z Requirement already satisfied: rich>=13.7.1 in /opt/hostedtoolcache/Python/3.12.11/x64/lib/python3.12/site-packages (from rich-toolkit>=0.14.8->fastapi-cli>=0.0.2->fastapi==0.111.0->-r services/repricer/requirements.txt (line 4)) (14.1.0)
2025-08-19T08:20:38.7269790Z Requirement already satisfied: markdown-it-py>=2.2.0 in /opt/hostedtoolcache/Python/3.12.11/x64/lib/python3.12/site-packages (from rich>=13.7.1->rich-toolkit>=0.14.8->fastapi-cli>=0.0.2->fastapi==0.111.0->-r services/repricer/requirements.txt (line 4)) (4.0.0)
2025-08-19T08:20:38.7276889Z Requirement already satisfied: pygments<3.0.0,>=2.13.0 in /opt/hostedtoolcache/Python/3.12.11/x64/lib/python3.12/site-packages (from rich>=13.7.1->rich-toolkit>=0.14.8->fastapi-cli>=0.0.2->fastapi==0.111.0->-r services/repricer/requirements.txt (line 4)) (2.19.2)
2025-08-19T08:20:38.7303237Z Requirement already satisfied: mdurl~=0.1 in /opt/hostedtoolcache/Python/3.12.11/x64/lib/python3.12/site-packages (from markdown-it-py>=2.2.0->rich>=13.7.1->rich-toolkit>=0.14.8->fastapi-cli>=0.0.2->fastapi==0.111.0->-r services/repricer/requirements.txt (line 4)) (0.1.2)
2025-08-19T08:20:38.7367599Z Requirement already satisfied: shellingham>=1.3.0 in /opt/hostedtoolcache/Python/3.12.11/x64/lib/python3.12/site-packages (from typer>=0.15.1->fastapi-cli>=0.0.2->fastapi==0.111.0->-r services/repricer/requirements.txt (line 4)) (1.5.4)
2025-08-19T08:20:38.7438504Z Requirement already satisfied: httptools>=0.5.0 in /opt/hostedtoolcache/Python/3.12.11/x64/lib/python3.12/site-packages (from uvicorn[standard]>=0.12.0->fastapi==0.111.0->-r services/repricer/requirements.txt (line 4)) (0.6.4)
2025-08-19T08:20:38.7453933Z Requirement already satisfied: uvloop!=0.15.0,!=0.15.1,>=0.14.0 in /opt/hostedtoolcache/Python/3.12.11/x64/lib/python3.12/site-packages (from uvicorn[standard]>=0.12.0->fastapi==0.111.0->-r services/repricer/requirements.txt (line 4)) (0.21.0)
2025-08-19T08:20:38.7461824Z Requirement already satisfied: watchfiles>=0.13 in /opt/hostedtoolcache/Python/3.12.11/x64/lib/python3.12/site-packages (from uvicorn[standard]>=0.12.0->fastapi==0.111.0->-r services/repricer/requirements.txt (line 4)) (1.1.0)
2025-08-19T08:20:38.7468591Z Requirement already satisfied: websockets>=10.4 in /opt/hostedtoolcache/Python/3.12.11/x64/lib/python3.12/site-packages (from uvicorn[standard]>=0.12.0->fastapi==0.111.0->-r services/repricer/requirements.txt (line 4)) (15.0.1)
2025-08-19T08:20:38.7599173Z Requirement already satisfied: charset_normalizer<4,>=2 in /opt/hostedtoolcache/Python/3.12.11/x64/lib/python3.12/site-packages (from requests->python-amazon-sp-api==0.8.0->-r services/repricer/requirements.txt (line 3)) (3.4.3)
2025-08-19T08:20:39.3635784Z Collecting celery==5.4.* (from celery[redis]==5.4.*->-r services/fees_h10/requirements.txt (line 1))
2025-08-19T08:20:39.3648271Z   Using cached celery-5.4.0-py3-none-any.whl.metadata (21 kB)
2025-08-19T08:20:39.3859888Z Requirement already satisfied: asyncpg in /opt/hostedtoolcache/Python/3.12.11/x64/lib/python3.12/site-packages (from -r services/fees_h10/requirements.txt (line 2)) (0.29.0)
2025-08-19T08:20:39.3863771Z Requirement already satisfied: httpx in /opt/hostedtoolcache/Python/3.12.11/x64/lib/python3.12/site-packages (from -r services/fees_h10/requirements.txt (line 3)) (0.27.2)
2025-08-19T08:20:39.3867340Z Requirement already satisfied: sqlalchemy in /opt/hostedtoolcache/Python/3.12.11/x64/lib/python3.12/site-packages (from -r services/fees_h10/requirements.txt (line 4)) (2.0.29)
2025-08-19T08:20:39.3879704Z Requirement already satisfied: billiard<5.0,>=4.2.0 in /opt/hostedtoolcache/Python/3.12.11/x64/lib/python3.12/site-packages (from celery==5.4.*->celery[redis]==5.4.*->-r services/fees_h10/requirements.txt (line 1)) (4.2.1)
2025-08-19T08:20:39.3885772Z Requirement already satisfied: kombu<6.0,>=5.3.4 in /opt/hostedtoolcache/Python/3.12.11/x64/lib/python3.12/site-packages (from celery==5.4.*->celery[redis]==5.4.*->-r services/fees_h10/requirements.txt (line 1)) (5.5.4)
2025-08-19T08:20:39.3891250Z Requirement already satisfied: vine<6.0,>=5.1.0 in /opt/hostedtoolcache/Python/3.12.11/x64/lib/python3.12/site-packages (from celery==5.4.*->celery[redis]==5.4.*->-r services/fees_h10/requirements.txt (line 1)) (5.1.0)
2025-08-19T08:20:39.3896720Z Requirement already satisfied: click<9.0,>=8.1.2 in /opt/hostedtoolcache/Python/3.12.11/x64/lib/python3.12/site-packages (from celery==5.4.*->celery[redis]==5.4.*->-r services/fees_h10/requirements.txt (line 1)) (8.2.1)
2025-08-19T08:20:39.3901960Z Requirement already satisfied: click-didyoumean>=0.3.0 in /opt/hostedtoolcache/Python/3.12.11/x64/lib/python3.12/site-packages (from celery==5.4.*->celery[redis]==5.4.*->-r services/fees_h10/requirements.txt (line 1)) (0.3.1)
2025-08-19T08:20:39.3907055Z Requirement already satisfied: click-repl>=0.2.0 in /opt/hostedtoolcache/Python/3.12.11/x64/lib/python3.12/site-packages (from celery==5.4.*->celery[redis]==5.4.*->-r services/fees_h10/requirements.txt (line 1)) (0.3.0)
2025-08-19T08:20:39.3912249Z Requirement already satisfied: click-plugins>=1.1.1 in /opt/hostedtoolcache/Python/3.12.11/x64/lib/python3.12/site-packages (from celery==5.4.*->celery[redis]==5.4.*->-r services/fees_h10/requirements.txt (line 1)) (1.1.1.2)
2025-08-19T08:20:39.3926269Z Requirement already satisfied: tzdata>=2022.7 in /opt/hostedtoolcache/Python/3.12.11/x64/lib/python3.12/site-packages (from celery==5.4.*->celery[redis]==5.4.*->-r services/fees_h10/requirements.txt (line 1)) (2025.2)
2025-08-19T08:20:39.3928388Z Requirement already satisfied: python-dateutil>=2.8.2 in /opt/hostedtoolcache/Python/3.12.11/x64/lib/python3.12/site-packages (from celery==5.4.*->celery[redis]==5.4.*->-r services/fees_h10/requirements.txt (line 1)) (2.9.0.post0)
2025-08-19T08:20:39.3961899Z Requirement already satisfied: redis!=4.5.5,<6.0.0,>=4.5.2 in /opt/hostedtoolcache/Python/3.12.11/x64/lib/python3.12/site-packages (from celery[redis]==5.4.*->-r services/fees_h10/requirements.txt (line 1)) (5.0.8)
2025-08-19T08:20:39.3982972Z Requirement already satisfied: amqp<6.0.0,>=5.1.1 in /opt/hostedtoolcache/Python/3.12.11/x64/lib/python3.12/site-packages (from kombu<6.0,>=5.3.4->celery==5.4.*->celery[redis]==5.4.*->-r services/fees_h10/requirements.txt (line 1)) (5.3.1)
2025-08-19T08:20:39.3993863Z Requirement already satisfied: packaging in /opt/hostedtoolcache/Python/3.12.11/x64/lib/python3.12/site-packages (from kombu<6.0,>=5.3.4->celery==5.4.*->celery[redis]==5.4.*->-r services/fees_h10/requirements.txt (line 1)) (25.0)
2025-08-19T08:20:39.4076460Z Requirement already satisfied: anyio in /opt/hostedtoolcache/Python/3.12.11/x64/lib/python3.12/site-packages (from httpx->-r services/fees_h10/requirements.txt (line 3)) (4.10.0)
2025-08-19T08:20:39.4080328Z Requirement already satisfied: certifi in /opt/hostedtoolcache/Python/3.12.11/x64/lib/python3.12/site-packages (from httpx->-r services/fees_h10/requirements.txt (line 3)) (2025.8.3)
2025-08-19T08:20:39.4085587Z Requirement already satisfied: httpcore==1.* in /opt/hostedtoolcache/Python/3.12.11/x64/lib/python3.12/site-packages (from httpx->-r services/fees_h10/requirements.txt (line 3)) (1.0.9)
2025-08-19T08:20:39.4089466Z Requirement already satisfied: idna in /opt/hostedtoolcache/Python/3.12.11/x64/lib/python3.12/site-packages (from httpx->-r services/fees_h10/requirements.txt (line 3)) (3.10)
2025-08-19T08:20:39.4093397Z Requirement already satisfied: sniffio in /opt/hostedtoolcache/Python/3.12.11/x64/lib/python3.12/site-packages (from httpx->-r services/fees_h10/requirements.txt (line 3)) (1.3.1)
2025-08-19T08:20:39.4116795Z Requirement already satisfied: h11>=0.16 in /opt/hostedtoolcache/Python/3.12.11/x64/lib/python3.12/site-packages (from httpcore==1.*->httpx->-r services/fees_h10/requirements.txt (line 3)) (0.16.0)
2025-08-19T08:20:39.4135470Z Requirement already satisfied: typing-extensions>=4.6.0 in /opt/hostedtoolcache/Python/3.12.11/x64/lib/python3.12/site-packages (from sqlalchemy->-r services/fees_h10/requirements.txt (line 4)) (4.14.1)
2025-08-19T08:20:39.4149250Z Requirement already satisfied: greenlet!=0.4.17 in /opt/hostedtoolcache/Python/3.12.11/x64/lib/python3.12/site-packages (from sqlalchemy->-r services/fees_h10/requirements.txt (line 4)) (3.2.4)
2025-08-19T08:20:39.4219017Z Requirement already satisfied: prompt-toolkit>=3.0.36 in /opt/hostedtoolcache/Python/3.12.11/x64/lib/python3.12/site-packages (from click-repl>=0.2.0->celery==5.4.*->celery[redis]==5.4.*->-r services/fees_h10/requirements.txt (line 1)) (3.0.51)
2025-08-19T08:20:39.4254900Z Requirement already satisfied: wcwidth in /opt/hostedtoolcache/Python/3.12.11/x64/lib/python3.12/site-packages (from prompt-toolkit>=3.0.36->click-repl>=0.2.0->celery==5.4.*->celery[redis]==5.4.*->-r services/fees_h10/requirements.txt (line 1)) (0.2.13)
2025-08-19T08:20:39.4268641Z Requirement already satisfied: six>=1.5 in /opt/hostedtoolcache/Python/3.12.11/x64/lib/python3.12/site-packages (from python-dateutil>=2.8.2->celery==5.4.*->celery[redis]==5.4.*->-r services/fees_h10/requirements.txt (line 1)) (1.17.0)
2025-08-19T08:20:39.4378876Z Using cached celery-5.4.0-py3-none-any.whl (425 kB)
2025-08-19T08:20:39.5692642Z Installing collected packages: celery
2025-08-19T08:20:39.5693868Z   Attempting uninstall: celery
2025-08-19T08:20:39.5739013Z     Found existing installation: celery 5.3.6
2025-08-19T08:20:39.5884894Z     Uninstalling celery-5.3.6:
2025-08-19T08:20:39.5912659Z       Successfully uninstalled celery-5.3.6
2025-08-19T08:20:39.9090815Z Successfully installed celery-5.4.0
2025-08-19T08:20:40.4004608Z Collecting python-telegram-bot==20.8 (from -r services/alert_bot/requirements.txt (line 1))
2025-08-19T08:20:40.4017529Z   Using cached python_telegram_bot-20.8-py3-none-any.whl.metadata (15 kB)
2025-08-19T08:20:40.4205565Z Collecting APScheduler==3.10.4 (from -r services/alert_bot/requirements.txt (line 2))
2025-08-19T08:20:40.4217241Z   Using cached APScheduler-3.10.4-py3-none-any.whl.metadata (5.7 kB)
2025-08-19T08:20:40.4260261Z Requirement already satisfied: asyncpg in /opt/hostedtoolcache/Python/3.12.11/x64/lib/python3.12/site-packages (from -r services/alert_bot/requirements.txt (line 3)) (0.29.0)
2025-08-19T08:20:40.4430757Z Collecting httpx~=0.26.0 (from python-telegram-bot==20.8->-r services/alert_bot/requirements.txt (line 1))
2025-08-19T08:20:40.4442456Z   Using cached httpx-0.26.0-py3-none-any.whl.metadata (7.6 kB)
2025-08-19T08:20:40.4481908Z Requirement already satisfied: six>=1.4.0 in /opt/hostedtoolcache/Python/3.12.11/x64/lib/python3.12/site-packages (from APScheduler==3.10.4->-r services/alert_bot/requirements.txt (line 2)) (1.17.0)
2025-08-19T08:20:40.4486187Z Requirement already satisfied: pytz in /opt/hostedtoolcache/Python/3.12.11/x64/lib/python3.12/site-packages (from APScheduler==3.10.4->-r services/alert_bot/requirements.txt (line 2)) (2025.2)
2025-08-19T08:20:40.4624640Z Collecting tzlocal!=3.*,>=2.0 (from APScheduler==3.10.4->-r services/alert_bot/requirements.txt (line 2))
2025-08-19T08:20:40.4636038Z   Using cached tzlocal-5.3.1-py3-none-any.whl.metadata (7.6 kB)
2025-08-19T08:20:40.4667066Z Requirement already satisfied: anyio in /opt/hostedtoolcache/Python/3.12.11/x64/lib/python3.12/site-packages (from httpx~=0.26.0->python-telegram-bot==20.8->-r services/alert_bot/requirements.txt (line 1)) (4.10.0)
2025-08-19T08:20:40.4671670Z Requirement already satisfied: certifi in /opt/hostedtoolcache/Python/3.12.11/x64/lib/python3.12/site-packages (from httpx~=0.26.0->python-telegram-bot==20.8->-r services/alert_bot/requirements.txt (line 1)) (2025.8.3)
2025-08-19T08:20:40.4677136Z Requirement already satisfied: httpcore==1.* in /opt/hostedtoolcache/Python/3.12.11/x64/lib/python3.12/site-packages (from httpx~=0.26.0->python-telegram-bot==20.8->-r services/alert_bot/requirements.txt (line 1)) (1.0.9)
2025-08-19T08:20:40.4681980Z Requirement already satisfied: idna in /opt/hostedtoolcache/Python/3.12.11/x64/lib/python3.12/site-packages (from httpx~=0.26.0->python-telegram-bot==20.8->-r services/alert_bot/requirements.txt (line 1)) (3.10)
2025-08-19T08:20:40.4685741Z Requirement already satisfied: sniffio in /opt/hostedtoolcache/Python/3.12.11/x64/lib/python3.12/site-packages (from httpx~=0.26.0->python-telegram-bot==20.8->-r services/alert_bot/requirements.txt (line 1)) (1.3.1)
2025-08-19T08:20:40.4702175Z Requirement already satisfied: h11>=0.16 in /opt/hostedtoolcache/Python/3.12.11/x64/lib/python3.12/site-packages (from httpcore==1.*->httpx~=0.26.0->python-telegram-bot==20.8->-r services/alert_bot/requirements.txt (line 1)) (0.16.0)
2025-08-19T08:20:40.4751843Z Requirement already satisfied: typing_extensions>=4.5 in /opt/hostedtoolcache/Python/3.12.11/x64/lib/python3.12/site-packages (from anyio->httpx~=0.26.0->python-telegram-bot==20.8->-r services/alert_bot/requirements.txt (line 1)) (4.14.1)
2025-08-19T08:20:40.4802768Z Using cached python_telegram_bot-20.8-py3-none-any.whl (604 kB)
2025-08-19T08:20:40.4819145Z Using cached APScheduler-3.10.4-py3-none-any.whl (59 kB)
2025-08-19T08:20:40.4830385Z Using cached httpx-0.26.0-py3-none-any.whl (75 kB)
2025-08-19T08:20:40.4842143Z Using cached tzlocal-5.3.1-py3-none-any.whl (18 kB)
2025-08-19T08:20:40.6382243Z Installing collected packages: tzlocal, httpx, APScheduler, python-telegram-bot
2025-08-19T08:20:40.6503056Z   Attempting uninstall: httpx
2025-08-19T08:20:40.6534589Z     Found existing installation: httpx 0.27.2
2025-08-19T08:20:40.6572994Z     Uninstalling httpx-0.27.2:
2025-08-19T08:20:40.6586315Z       Successfully uninstalled httpx-0.27.2
2025-08-19T08:20:41.0629281Z 
2025-08-19T08:20:41.0709082Z Successfully installed APScheduler-3.10.4 httpx-0.26.0 python-telegram-bot-20.8 tzlocal-5.3.1
2025-08-19T08:20:41.5652184Z Collecting Jinja2==3.1.6 (from -r requirements-dev.txt (line 2))
2025-08-19T08:20:41.5664876Z   Using cached jinja2-3.1.6-py3-none-any.whl.metadata (2.9 kB)
2025-08-19T08:20:41.5686110Z Requirement already satisfied: alembic==1.13.1 in /opt/hostedtoolcache/Python/3.12.11/x64/lib/python3.12/site-packages (from -r requirements-dev.txt (line 3)) (1.13.1)
2025-08-19T08:20:41.5690346Z Requirement already satisfied: apscheduler==3.10.4 in /opt/hostedtoolcache/Python/3.12.11/x64/lib/python3.12/site-packages (from -r requirements-dev.txt (line 4)) (3.10.4)
2025-08-19T08:20:41.5694713Z Requirement already satisfied: asgi-correlation-id==4.3.1 in /opt/hostedtoolcache/Python/3.12.11/x64/lib/python3.12/site-packages (from -r requirements-dev.txt (line 5)) (4.3.1)
2025-08-19T08:20:41.6057804Z Collecting asyncpg==0.30.0 (from -r requirements-dev.txt (line 6))
2025-08-19T08:20:41.6069704Z   Using cached asyncpg-0.30.0-cp312-cp312-manylinux_2_17_x86_64.manylinux2014_x86_64.whl.metadata (5.0 kB)
2025-08-19T08:20:41.6497411Z Collecting black==25.1.0 (from -r requirements-dev.txt (line 7))
2025-08-19T08:20:41.6508945Z   Using cached black-25.1.0-cp312-cp312-manylinux_2_17_x86_64.manylinux2014_x86_64.manylinux_2_28_x86_64.whl.metadata (81 kB)
2025-08-19T08:20:41.6588149Z Requirement already satisfied: boto3 in /opt/hostedtoolcache/Python/3.12.11/x64/lib/python3.12/site-packages (from -r requirements-dev.txt (line 8)) (1.34.162)
2025-08-19T08:20:41.6592624Z Requirement already satisfied: redis==5.* in /opt/hostedtoolcache/Python/3.12.11/x64/lib/python3.12/site-packages (from -r requirements-dev.txt (line 9)) (5.0.8)
2025-08-19T08:20:41.6596793Z Requirement already satisfied: minio==7.* in /opt/hostedtoolcache/Python/3.12.11/x64/lib/python3.12/site-packages (from -r requirements-dev.txt (line 10)) (7.1.15)
2025-08-19T08:20:41.6966469Z Collecting celery==5.5.3 (from -r requirements-dev.txt (line 11))
2025-08-19T08:20:41.7486524Z   Downloading celery-5.5.3-py3-none-any.whl.metadata (22 kB)
2025-08-19T08:20:41.8135511Z Collecting fastapi==0.116.1 (from -r requirements-dev.txt (line 12))
2025-08-19T08:20:41.8147034Z   Using cached fastapi-0.116.1-py3-none-any.whl.metadata (28 kB)
2025-08-19T08:20:41.8217291Z Requirement already satisfied: fastapi-limiter==0.1.6 in /opt/hostedtoolcache/Python/3.12.11/x64/lib/python3.12/site-packages (from -r requirements-dev.txt (line 14)) (0.1.6)
2025-08-19T08:20:41.8373899Z Collecting httpx<0.29,>=0.27 (from -r requirements-dev.txt (line 15))
2025-08-19T08:20:41.8385297Z   Using cached httpx-0.28.1-py3-none-any.whl.metadata (7.1 kB)
2025-08-19T08:20:41.8494881Z Collecting imapclient==3.0.1 (from -r requirements-dev.txt (line 16))
2025-08-19T08:20:41.8506186Z   Using cached IMAPClient-3.0.1-py2.py3-none-any.whl.metadata (1.7 kB)
2025-08-19T08:20:41.8614302Z Collecting itsdangerous (from -r requirements-dev.txt (line 17))
2025-08-19T08:20:41.8625573Z   Using cached itsdangerous-2.2.0-py3-none-any.whl.metadata (1.9 kB)
2025-08-19T08:20:41.9595702Z Collecting mypy==1.* (from -r requirements-dev.txt (line 18))
2025-08-19T08:20:41.9607999Z   Using cached mypy-1.17.1-cp312-cp312-manylinux2014_x86_64.manylinux_2_17_x86_64.manylinux_2_28_x86_64.whl.metadata (2.2 kB)
2025-08-19T08:20:41.9635330Z Requirement already satisfied: mypy-extensions==1.1.0 in /opt/hostedtoolcache/Python/3.12.11/x64/lib/python3.12/site-packages (from -r requirements-dev.txt (line 19)) (1.1.0)
2025-08-19T08:20:41.9639167Z Requirement already satisfied: numpy<2 in /opt/hostedtoolcache/Python/3.12.11/x64/lib/python3.12/site-packages (from -r requirements-dev.txt (line 20)) (1.26.4)
2025-08-19T08:20:41.9643227Z Requirement already satisfied: openpyxl==3.1.5 in /opt/hostedtoolcache/Python/3.12.11/x64/lib/python3.12/site-packages (from -r requirements-dev.txt (line 21)) (3.1.5)
2025-08-19T08:20:41.9647197Z Requirement already satisfied: pandas==2.2.* in /opt/hostedtoolcache/Python/3.12.11/x64/lib/python3.12/site-packages (from -r requirements-dev.txt (line 22)) (2.2.3)
2025-08-19T08:20:41.9651307Z Requirement already satisfied: psycopg2-binary==2.9.10 in /opt/hostedtoolcache/Python/3.12.11/x64/lib/python3.12/site-packages (from -r requirements-dev.txt (line 23)) (2.9.10)
2025-08-19T08:20:41.9656196Z Requirement already satisfied: psycopg==3.2.9 in /opt/hostedtoolcache/Python/3.12.11/x64/lib/python3.12/site-packages (from psycopg[binary]==3.2.9->-r requirements-dev.txt (line 24)) (3.2.9)
2025-08-19T08:20:41.9659846Z Requirement already satisfied: pydantic==2.11.7 in /opt/hostedtoolcache/Python/3.12.11/x64/lib/python3.12/site-packages (from -r requirements-dev.txt (line 25)) (2.11.7)
2025-08-19T08:20:42.0818569Z Collecting setuptools (from -r requirements-dev.txt (line 26))
2025-08-19T08:20:42.0830118Z   Using cached setuptools-80.9.0-py3-none-any.whl.metadata (6.6 kB)
2025-08-19T08:20:42.1072175Z Collecting pytest-asyncio==0.23.6 (from -r requirements-dev.txt (line 27))
2025-08-19T08:20:42.1083667Z   Using cached pytest_asyncio-0.23.6-py3-none-any.whl.metadata (3.9 kB)
2025-08-19T08:20:42.1221085Z Collecting pytest-cov==6.2.1 (from -r requirements-dev.txt (line 28))
2025-08-19T08:20:42.1231983Z   Using cached pytest_cov-6.2.1-py3-none-any.whl.metadata (30 kB)
2025-08-19T08:20:42.1383943Z Collecting pytest-postgresql==7.0.2 (from -r requirements-dev.txt (line 29))
2025-08-19T08:20:42.1394878Z   Using cached pytest_postgresql-7.0.2-py3-none-any.whl.metadata (18 kB)
2025-08-19T08:20:42.1424662Z Requirement already satisfied: python-dotenv in /opt/hostedtoolcache/Python/3.12.11/x64/lib/python3.12/site-packages (from -r requirements-dev.txt (line 30)) (1.1.1)
2025-08-19T08:20:42.1428441Z Requirement already satisfied: python-multipart in /opt/hostedtoolcache/Python/3.12.11/x64/lib/python3.12/site-packages (from -r requirements-dev.txt (line 31)) (0.0.20)
2025-08-19T08:20:42.1687093Z Collecting python-telegram-bot==22.3 (from -r requirements-dev.txt (line 32))
2025-08-19T08:20:42.1723684Z   Downloading python_telegram_bot-22.3-py3-none-any.whl.metadata (17 kB)
2025-08-19T08:20:42.2035397Z Collecting requests==2.32.4 (from -r requirements-dev.txt (line 33))
2025-08-19T08:20:42.2046777Z   Using cached requests-2.32.4-py3-none-any.whl.metadata (4.9 kB)
2025-08-19T08:20:42.2188181Z Collecting respx==0.22.0 (from -r requirements-dev.txt (line 34))
2025-08-19T08:20:42.2199384Z   Using cached respx-0.22.0-py2.py3-none-any.whl.metadata (4.1 kB)
2025-08-19T08:20:42.5574777Z Collecting ruff==0.4.4 (from -r requirements-dev.txt (line 35))
2025-08-19T08:20:42.5587720Z   Using cached ruff-0.4.4-py3-none-manylinux_2_17_x86_64.manylinux2014_x86_64.whl.metadata (23 kB)
2025-08-19T08:20:42.5619164Z Requirement already satisfied: sqlalchemy==2.0.29 in /opt/hostedtoolcache/Python/3.12.11/x64/lib/python3.12/site-packages (from -r requirements-dev.txt (line 36)) (2.0.29)
2025-08-19T08:20:42.5623964Z Requirement already satisfied: structlog==24.1.0 in /opt/hostedtoolcache/Python/3.12.11/x64/lib/python3.12/site-packages (from -r requirements-dev.txt (line 37)) (24.1.0)
2025-08-19T08:20:42.5758643Z Collecting testcontainers==4.10.0 (from testcontainers[postgres]==4.10.0->-r requirements-dev.txt (line 38))
2025-08-19T08:20:42.5770273Z   Using cached testcontainers-4.10.0-py3-none-any.whl.metadata (7.8 kB)
2025-08-19T08:20:42.6109316Z Collecting types-requests==2.32.0.20240602 (from -r requirements-dev.txt (line 39))
2025-08-19T08:20:42.6120862Z   Using cached types_requests-2.32.0.20240602-py3-none-any.whl.metadata (1.8 kB)
2025-08-19T08:20:42.6227173Z Collecting docspec-python==2.2.2 (from -r requirements-dev.txt (line 40))
2025-08-19T08:20:42.6237738Z   Using cached docspec_python-2.2.2-py3-none-any.whl.metadata (1.0 kB)
2025-08-19T08:20:42.6376214Z Collecting pydoc-markdown==4.8.2 (from -r requirements-dev.txt (line 41))
2025-08-19T08:20:42.6387080Z   Using cached pydoc_markdown-4.8.2-py3-none-any.whl.metadata (5.9 kB)
2025-08-19T08:20:42.6417931Z Requirement already satisfied: pandera==0.19.* in /opt/hostedtoolcache/Python/3.12.11/x64/lib/python3.12/site-packages (from -r requirements-dev.txt (line 42)) (0.19.3)
2025-08-19T08:20:42.6434567Z Requirement already satisfied: MarkupSafe>=2.0 in /opt/hostedtoolcache/Python/3.12.11/x64/lib/python3.12/site-packages (from Jinja2==3.1.6->-r requirements-dev.txt (line 2)) (3.0.2)
2025-08-19T08:20:42.6449925Z Requirement already satisfied: Mako in /opt/hostedtoolcache/Python/3.12.11/x64/lib/python3.12/site-packages (from alembic==1.13.1->-r requirements-dev.txt (line 3)) (1.3.10)
2025-08-19T08:20:42.6455545Z Requirement already satisfied: typing-extensions>=4 in /opt/hostedtoolcache/Python/3.12.11/x64/lib/python3.12/site-packages (from alembic==1.13.1->-r requirements-dev.txt (line 3)) (4.14.1)
2025-08-19T08:20:42.6472248Z Requirement already satisfied: six>=1.4.0 in /opt/hostedtoolcache/Python/3.12.11/x64/lib/python3.12/site-packages (from apscheduler==3.10.4->-r requirements-dev.txt (line 4)) (1.17.0)
2025-08-19T08:20:42.6475955Z Requirement already satisfied: pytz in /opt/hostedtoolcache/Python/3.12.11/x64/lib/python3.12/site-packages (from apscheduler==3.10.4->-r requirements-dev.txt (line 4)) (2025.2)
2025-08-19T08:20:42.6482225Z Requirement already satisfied: tzlocal!=3.*,>=2.0 in /opt/hostedtoolcache/Python/3.12.11/x64/lib/python3.12/site-packages (from apscheduler==3.10.4->-r requirements-dev.txt (line 4)) (5.3.1)
2025-08-19T08:20:42.6513428Z Requirement already satisfied: starlette>=0.18 in /opt/hostedtoolcache/Python/3.12.11/x64/lib/python3.12/site-packages (from asgi-correlation-id==4.3.1->-r requirements-dev.txt (line 5)) (0.37.2)
2025-08-19T08:20:42.6533239Z Requirement already satisfied: click>=8.0.0 in /opt/hostedtoolcache/Python/3.12.11/x64/lib/python3.12/site-packages (from black==25.1.0->-r requirements-dev.txt (line 7)) (8.2.1)
2025-08-19T08:20:42.6537924Z Requirement already satisfied: packaging>=22.0 in /opt/hostedtoolcache/Python/3.12.11/x64/lib/python3.12/site-packages (from black==25.1.0->-r requirements-dev.txt (line 7)) (25.0)
2025-08-19T08:20:42.6626640Z Collecting pathspec>=0.9.0 (from black==25.1.0->-r requirements-dev.txt (line 7))
2025-08-19T08:20:42.6637646Z   Using cached pathspec-0.12.1-py3-none-any.whl.metadata (21 kB)
2025-08-19T08:20:42.6812122Z Collecting platformdirs>=2 (from black==25.1.0->-r requirements-dev.txt (line 7))
2025-08-19T08:20:42.6822716Z   Using cached platformdirs-4.3.8-py3-none-any.whl.metadata (12 kB)
2025-08-19T08:20:42.6866919Z Requirement already satisfied: billiard<5.0,>=4.2.1 in /opt/hostedtoolcache/Python/3.12.11/x64/lib/python3.12/site-packages (from celery==5.5.3->-r requirements-dev.txt (line 11)) (4.2.1)
2025-08-19T08:20:42.6871130Z Requirement already satisfied: kombu<5.6,>=5.5.2 in /opt/hostedtoolcache/Python/3.12.11/x64/lib/python3.12/site-packages (from celery==5.5.3->-r requirements-dev.txt (line 11)) (5.5.4)
2025-08-19T08:20:42.6875143Z Requirement already satisfied: vine<6.0,>=5.1.0 in /opt/hostedtoolcache/Python/3.12.11/x64/lib/python3.12/site-packages (from celery==5.5.3->-r requirements-dev.txt (line 11)) (5.1.0)
2025-08-19T08:20:42.6880266Z Requirement already satisfied: click-didyoumean>=0.3.0 in /opt/hostedtoolcache/Python/3.12.11/x64/lib/python3.12/site-packages (from celery==5.5.3->-r requirements-dev.txt (line 11)) (0.3.1)
2025-08-19T08:20:42.6884219Z Requirement already satisfied: click-repl>=0.2.0 in /opt/hostedtoolcache/Python/3.12.11/x64/lib/python3.12/site-packages (from celery==5.5.3->-r requirements-dev.txt (line 11)) (0.3.0)
2025-08-19T08:20:42.6888151Z Requirement already satisfied: click-plugins>=1.1.1 in /opt/hostedtoolcache/Python/3.12.11/x64/lib/python3.12/site-packages (from celery==5.5.3->-r requirements-dev.txt (line 11)) (1.1.1.2)
2025-08-19T08:20:42.6892921Z Requirement already satisfied: python-dateutil>=2.8.2 in /opt/hostedtoolcache/Python/3.12.11/x64/lib/python3.12/site-packages (from celery==5.5.3->-r requirements-dev.txt (line 11)) (2.9.0.post0)
2025-08-19T08:20:42.7151681Z Collecting starlette>=0.18 (from asgi-correlation-id==4.3.1->-r requirements-dev.txt (line 5))
2025-08-19T08:20:42.7163155Z   Using cached starlette-0.47.2-py3-none-any.whl.metadata (6.2 kB)
2025-08-19T08:20:42.7208931Z Requirement already satisfied: annotated-types>=0.6.0 in /opt/hostedtoolcache/Python/3.12.11/x64/lib/python3.12/site-packages (from pydantic==2.11.7->-r requirements-dev.txt (line 25)) (0.7.0)
2025-08-19T08:20:42.7214017Z Requirement already satisfied: pydantic-core==2.33.2 in /opt/hostedtoolcache/Python/3.12.11/x64/lib/python3.12/site-packages (from pydantic==2.11.7->-r requirements-dev.txt (line 25)) (2.33.2)
2025-08-19T08:20:42.7220892Z Requirement already satisfied: typing-inspection>=0.4.0 in /opt/hostedtoolcache/Python/3.12.11/x64/lib/python3.12/site-packages (from pydantic==2.11.7->-r requirements-dev.txt (line 25)) (0.4.1)
2025-08-19T08:20:42.7267604Z Requirement already satisfied: et-xmlfile in /opt/hostedtoolcache/Python/3.12.11/x64/lib/python3.12/site-packages (from openpyxl==3.1.5->-r requirements-dev.txt (line 21)) (2.0.0)
2025-08-19T08:20:42.7671631Z Collecting pytest<9,>=7.0.0 (from pytest-asyncio==0.23.6->-r requirements-dev.txt (line 27))
2025-08-19T08:20:42.7683010Z   Using cached pytest-8.4.1-py3-none-any.whl.metadata (7.7 kB)
2025-08-19T08:20:43.0755082Z Collecting coverage>=7.5 (from coverage[toml]>=7.5->pytest-cov==6.2.1->-r requirements-dev.txt (line 28))
2025-08-19T08:20:43.0768170Z   Using cached coverage-7.10.4-cp312-cp312-manylinux1_x86_64.manylinux_2_28_x86_64.manylinux_2_5_x86_64.whl.metadata (8.9 kB)
2025-08-19T08:20:43.0890013Z Collecting pluggy>=1.2 (from pytest-cov==6.2.1->-r requirements-dev.txt (line 28))
2025-08-19T08:20:43.0901361Z   Using cached pluggy-1.6.0-py3-none-any.whl.metadata (4.8 kB)
2025-08-19T08:20:43.1173104Z Collecting port-for>=0.7.3 (from pytest-postgresql==7.0.2->-r requirements-dev.txt (line 29))
2025-08-19T08:20:43.1183821Z   Using cached port_for-0.7.4-py3-none-any.whl.metadata (7.1 kB)
2025-08-19T08:20:43.1306753Z Collecting mirakuru>=2.6.0 (from pytest-postgresql==7.0.2->-r requirements-dev.txt (line 29))
2025-08-19T08:20:43.1317591Z   Using cached mirakuru-2.6.1-py3-none-any.whl.metadata (10 kB)
2025-08-19T08:20:43.1368177Z Requirement already satisfied: charset_normalizer<4,>=2 in /opt/hostedtoolcache/Python/3.12.11/x64/lib/python3.12/site-packages (from requests==2.32.4->-r requirements-dev.txt (line 33)) (3.4.3)
2025-08-19T08:20:43.1372660Z Requirement already satisfied: idna<4,>=2.5 in /opt/hostedtoolcache/Python/3.12.11/x64/lib/python3.12/site-packages (from requests==2.32.4->-r requirements-dev.txt (line 33)) (3.10)
2025-08-19T08:20:43.1376403Z Requirement already satisfied: urllib3<3,>=1.21.1 in /opt/hostedtoolcache/Python/3.12.11/x64/lib/python3.12/site-packages (from requests==2.32.4->-r requirements-dev.txt (line 33)) (2.5.0)
2025-08-19T08:20:43.1379991Z Requirement already satisfied: certifi>=2017.4.17 in /opt/hostedtoolcache/Python/3.12.11/x64/lib/python3.12/site-packages (from requests==2.32.4->-r requirements-dev.txt (line 33)) (2025.8.3)
2025-08-19T08:20:43.1472176Z Requirement already satisfied: greenlet!=0.4.17 in /opt/hostedtoolcache/Python/3.12.11/x64/lib/python3.12/site-packages (from sqlalchemy==2.0.29->-r requirements-dev.txt (line 36)) (3.2.4)
2025-08-19T08:20:43.1706265Z Collecting docker (from testcontainers==4.10.0->testcontainers[postgres]==4.10.0->-r requirements-dev.txt (line 38))
2025-08-19T08:20:43.1716895Z   Using cached docker-7.1.0-py3-none-any.whl.metadata (3.8 kB)
2025-08-19T08:20:43.1755096Z Requirement already satisfied: wrapt in /opt/hostedtoolcache/Python/3.12.11/x64/lib/python3.12/site-packages (from testcontainers==4.10.0->testcontainers[postgres]==4.10.0->-r requirements-dev.txt (line 38)) (1.17.3)
2025-08-19T08:20:43.1889471Z Collecting docspec==2.2.1 (from docspec-python==2.2.2->-r requirements-dev.txt (line 40))
2025-08-19T08:20:43.1900289Z   Using cached docspec-2.2.1-py3-none-any.whl.metadata (1.5 kB)
2025-08-19T08:20:43.2034370Z Collecting nr-util>=0.8.12 (from docspec-python==2.2.2->-r requirements-dev.txt (line 40))
2025-08-19T08:20:43.2045129Z   Using cached nr.util-0.8.12-py3-none-any.whl.metadata (813 bytes)
2025-08-19T08:20:43.2075850Z Requirement already satisfied: PyYAML<7.0,>=5.0 in /opt/hostedtoolcache/Python/3.12.11/x64/lib/python3.12/site-packages (from pydoc-markdown==4.8.2->-r requirements-dev.txt (line 41)) (6.0.2)
2025-08-19T08:20:43.2258119Z Collecting databind.core<5.0.0,>=4.4.0 (from pydoc-markdown==4.8.2->-r requirements-dev.txt (line 41))
2025-08-19T08:20:43.2269002Z   Using cached databind.core-4.5.2-py3-none-any.whl.metadata (1.1 kB)
2025-08-19T08:20:43.2446615Z Collecting databind.json<5.0.0,>=4.4.0 (from pydoc-markdown==4.8.2->-r requirements-dev.txt (line 41))
2025-08-19T08:20:43.2457403Z   Using cached databind.json-4.5.2-py3-none-any.whl.metadata (1.1 kB)
2025-08-19T08:20:43.2588192Z Collecting docstring-parser<0.12,>=0.11 (from pydoc-markdown==4.8.2->-r requirements-dev.txt (line 41))
2025-08-19T08:20:43.2589739Z   Using cached docstring_parser-0.11-py3-none-any.whl
2025-08-19T08:20:43.2888502Z Collecting tomli<3.0.0,>=2.0.0 (from pydoc-markdown==4.8.2->-r requirements-dev.txt (line 41))
2025-08-19T08:20:43.2899209Z   Using cached tomli-2.2.1-cp312-cp312-manylinux_2_17_x86_64.manylinux2014_x86_64.whl.metadata (11 kB)
2025-08-19T08:20:43.2989570Z Collecting tomli_w<2.0.0,>=1.0.0 (from pydoc-markdown==4.8.2->-r requirements-dev.txt (line 41))
2025-08-19T08:20:43.3000810Z   Using cached tomli_w-1.2.0-py3-none-any.whl.metadata (5.7 kB)
2025-08-19T08:20:43.3726974Z Collecting watchdog (from pydoc-markdown==4.8.2->-r requirements-dev.txt (line 41))
2025-08-19T08:20:43.3739372Z   Using cached watchdog-6.0.0-py3-none-manylinux2014_x86_64.whl.metadata (44 kB)
2025-08-19T08:20:43.3939558Z Collecting yapf>=0.30.0 (from pydoc-markdown==4.8.2->-r requirements-dev.txt (line 41))
2025-08-19T08:20:43.3950337Z   Using cached yapf-0.43.0-py3-none-any.whl.metadata (46 kB)
2025-08-19T08:20:43.4133794Z Collecting Deprecated<2.0.0,>=1.2.12 (from docspec==2.2.1->docspec-python==2.2.2->-r requirements-dev.txt (line 40))
2025-08-19T08:20:43.4145073Z   Using cached Deprecated-1.2.18-py2.py3-none-any.whl.metadata (5.7 kB)
2025-08-19T08:20:43.4282152Z Requirement already satisfied: psycopg-binary==3.2.9 in /opt/hostedtoolcache/Python/3.12.11/x64/lib/python3.12/site-packages (from psycopg[binary]==3.2.9->-r requirements-dev.txt (line 24)) (3.2.9)
2025-08-19T08:20:43.4386210Z Requirement already satisfied: anyio in /opt/hostedtoolcache/Python/3.12.11/x64/lib/python3.12/site-packages (from httpx<0.29,>=0.27->-r requirements-dev.txt (line 15)) (4.10.0)
2025-08-19T08:20:43.4391741Z Requirement already satisfied: httpcore==1.* in /opt/hostedtoolcache/Python/3.12.11/x64/lib/python3.12/site-packages (from httpx<0.29,>=0.27->-r requirements-dev.txt (line 15)) (1.0.9)
2025-08-19T08:20:43.4507421Z Requirement already satisfied: tzdata>=2022.7 in /opt/hostedtoolcache/Python/3.12.11/x64/lib/python3.12/site-packages (from pandas==2.2.*->-r requirements-dev.txt (line 22)) (2025.2)
2025-08-19T08:20:43.4613729Z Requirement already satisfied: multimethod<=1.10.0 in /opt/hostedtoolcache/Python/3.12.11/x64/lib/python3.12/site-packages (from pandera==0.19.*->-r requirements-dev.txt (line 42)) (1.10)
2025-08-19T08:20:43.4627386Z Requirement already satisfied: typeguard in /opt/hostedtoolcache/Python/3.12.11/x64/lib/python3.12/site-packages (from pandera==0.19.*->-r requirements-dev.txt (line 42)) (4.4.4)
2025-08-19T08:20:43.4633447Z Requirement already satisfied: typing-inspect>=0.6.0 in /opt/hostedtoolcache/Python/3.12.11/x64/lib/python3.12/site-packages (from pandera==0.19.*->-r requirements-dev.txt (line 42)) (0.9.0)
2025-08-19T08:20:43.4867137Z Collecting databind<5.0.0,>=4.5.2 (from databind.core<5.0.0,>=4.4.0->pydoc-markdown==4.8.2->-r requirements-dev.txt (line 41))
2025-08-19T08:20:43.4878306Z   Using cached databind-4.5.2-py3-none-any.whl.metadata (4.3 kB)
2025-08-19T08:20:43.4975611Z Collecting nr-date<3.0.0,>=2.0.0 (from databind<5.0.0,>=4.5.2->databind.core<5.0.0,>=4.4.0->pydoc-markdown==4.8.2->-r requirements-dev.txt (line 41))
2025-08-19T08:20:43.4986272Z   Using cached nr_date-2.1.0-py3-none-any.whl.metadata (746 bytes)
2025-08-19T08:20:43.5088006Z Collecting nr-stream<2.0.0,>=1.0.0 (from databind<5.0.0,>=4.5.2->databind.core<5.0.0,>=4.4.0->pydoc-markdown==4.8.2->-r requirements-dev.txt (line 41))
2025-08-19T08:20:43.5099337Z   Using cached nr_stream-1.1.5-py3-none-any.whl.metadata (3.6 kB)
2025-08-19T08:20:43.5239173Z Collecting typeapi<3,>=2.0.1 (from databind<5.0.0,>=4.5.2->databind.core<5.0.0,>=4.4.0->pydoc-markdown==4.8.2->-r requirements-dev.txt (line 41))
2025-08-19T08:20:43.5250791Z   Using cached typeapi-2.2.4-py3-none-any.whl.metadata (1.5 kB)
2025-08-19T08:20:43.5345542Z Requirement already satisfied: h11>=0.16 in /opt/hostedtoolcache/Python/3.12.11/x64/lib/python3.12/site-packages (from httpcore==1.*->httpx<0.29,>=0.27->-r requirements-dev.txt (line 15)) (0.16.0)
2025-08-19T08:20:43.5386925Z Requirement already satisfied: amqp<6.0.0,>=5.1.1 in /opt/hostedtoolcache/Python/3.12.11/x64/lib/python3.12/site-packages (from kombu<5.6,>=5.5.2->celery==5.5.3->-r requirements-dev.txt (line 11)) (5.3.1)
2025-08-19T08:20:43.5640111Z Collecting iniconfig>=1 (from pytest<9,>=7.0.0->pytest-asyncio==0.23.6->-r requirements-dev.txt (line 27))
2025-08-19T08:20:43.5651223Z   Using cached iniconfig-2.1.0-py3-none-any.whl.metadata (2.7 kB)
2025-08-19T08:20:43.5687236Z Requirement already satisfied: pygments>=2.7.2 in /opt/hostedtoolcache/Python/3.12.11/x64/lib/python3.12/site-packages (from pytest<9,>=7.0.0->pytest-asyncio==0.23.6->-r requirements-dev.txt (line 27)) (2.19.2)
2025-08-19T08:20:43.5769831Z Requirement already satisfied: sniffio>=1.1 in /opt/hostedtoolcache/Python/3.12.11/x64/lib/python3.12/site-packages (from anyio->httpx<0.29,>=0.27->-r requirements-dev.txt (line 15)) (1.3.1)
2025-08-19T08:20:43.5917061Z Requirement already satisfied: botocore<1.35.0,>=1.34.162 in /opt/hostedtoolcache/Python/3.12.11/x64/lib/python3.12/site-packages (from boto3->-r requirements-dev.txt (line 8)) (1.34.162)
2025-08-19T08:20:43.5924003Z Requirement already satisfied: jmespath<2.0.0,>=0.7.1 in /opt/hostedtoolcache/Python/3.12.11/x64/lib/python3.12/site-packages (from boto3->-r requirements-dev.txt (line 8)) (1.0.1)
2025-08-19T08:20:43.5929939Z Requirement already satisfied: s3transfer<0.11.0,>=0.10.0 in /opt/hostedtoolcache/Python/3.12.11/x64/lib/python3.12/site-packages (from boto3->-r requirements-dev.txt (line 8)) (0.10.4)
2025-08-19T08:20:43.6049278Z Requirement already satisfied: fastapi-cli>=0.0.8 in /opt/hostedtoolcache/Python/3.12.11/x64/lib/python3.12/site-packages (from fastapi-cli[standard]>=0.0.8; extra == "all"->fastapi[all]->-r requirements-dev.txt (line 13)) (0.0.8)
2025-08-19T08:20:43.6154304Z Requirement already satisfied: ujson!=4.0.2,!=4.1.0,!=4.2.0,!=4.3.0,!=5.0.0,!=5.1.0,>=4.0.1 in /opt/hostedtoolcache/Python/3.12.11/x64/lib/python3.12/site-packages (from fastapi[all]->-r requirements-dev.txt (line 13)) (5.10.0)
2025-08-19T08:20:43.6160227Z Requirement already satisfied: orjson>=3.2.1 in /opt/hostedtoolcache/Python/3.12.11/x64/lib/python3.12/site-packages (from fastapi[all]->-r requirements-dev.txt (line 13)) (3.11.2)
2025-08-19T08:20:43.6166539Z Requirement already satisfied: email-validator>=2.0.0 in /opt/hostedtoolcache/Python/3.12.11/x64/lib/python3.12/site-packages (from fastapi[all]->-r requirements-dev.txt (line 13)) (2.2.0)
2025-08-19T08:20:43.6174330Z Requirement already satisfied: uvicorn>=0.12.0 in /opt/hostedtoolcache/Python/3.12.11/x64/lib/python3.12/site-packages (from uvicorn[standard]>=0.12.0; extra == "all"->fastapi[all]->-r requirements-dev.txt (line 13)) (0.29.0)
2025-08-19T08:20:43.6182068Z Requirement already satisfied: pydantic-settings>=2.0.0 in /opt/hostedtoolcache/Python/3.12.11/x64/lib/python3.12/site-packages (from fastapi[all]->-r requirements-dev.txt (line 13)) (2.2.1)
2025-08-19T08:20:43.6287282Z Collecting pydantic-extra-types>=2.0.0 (from fastapi[all]->-r requirements-dev.txt (line 13))
2025-08-19T08:20:43.6298203Z   Using cached pydantic_extra_types-2.10.5-py3-none-any.whl.metadata (3.9 kB)
2025-08-19T08:20:43.6543856Z Requirement already satisfied: prompt-toolkit>=3.0.36 in /opt/hostedtoolcache/Python/3.12.11/x64/lib/python3.12/site-packages (from click-repl>=0.2.0->celery==5.5.3->-r requirements-dev.txt (line 11)) (3.0.51)
2025-08-19T08:20:43.6615399Z Requirement already satisfied: dnspython>=2.0.0 in /opt/hostedtoolcache/Python/3.12.11/x64/lib/python3.12/site-packages (from email-validator>=2.0.0->fastapi[all]->-r requirements-dev.txt (line 13)) (2.7.0)
2025-08-19T08:20:43.6683679Z Requirement already satisfied: typer>=0.15.1 in /opt/hostedtoolcache/Python/3.12.11/x64/lib/python3.12/site-packages (from fastapi-cli>=0.0.8->fastapi-cli[standard]>=0.0.8; extra == "all"->fastapi[all]->-r requirements-dev.txt (line 13)) (0.16.1)
2025-08-19T08:20:43.6693439Z Requirement already satisfied: rich-toolkit>=0.14.8 in /opt/hostedtoolcache/Python/3.12.11/x64/lib/python3.12/site-packages (from fastapi-cli>=0.0.8->fastapi-cli[standard]>=0.0.8; extra == "all"->fastapi[all]->-r requirements-dev.txt (line 13)) (0.15.0)
2025-08-19T08:20:43.6797214Z Collecting fastapi-cloud-cli>=0.1.1 (from fastapi-cli[standard]>=0.0.8; extra == "all"->fastapi[all]->-r requirements-dev.txt (line 13))
2025-08-19T08:20:43.6808030Z   Using cached fastapi_cloud_cli-0.1.5-py3-none-any.whl.metadata (3.2 kB)
2025-08-19T08:20:43.7472420Z Collecting rignore>=0.5.1 (from fastapi-cloud-cli>=0.1.1->fastapi-cli[standard]>=0.0.8; extra == "all"->fastapi[all]->-r requirements-dev.txt (line 13))
2025-08-19T08:20:43.7484521Z   Using cached rignore-0.6.4-cp312-cp312-manylinux_2_17_x86_64.manylinux2014_x86_64.whl.metadata (3.8 kB)
2025-08-19T08:20:43.7974853Z Collecting sentry-sdk>=2.20.0 (from fastapi-cloud-cli>=0.1.1->fastapi-cli[standard]>=0.0.8; extra == "all"->fastapi[all]->-r requirements-dev.txt (line 13))
2025-08-19T08:20:43.7986173Z   Using cached sentry_sdk-2.35.0-py2.py3-none-any.whl.metadata (10 kB)
2025-08-19T08:20:43.8887207Z Collecting psutil>=4.0.0 (from mirakuru>=2.6.0->pytest-postgresql==7.0.2->-r requirements-dev.txt (line 29))
2025-08-19T08:20:43.8899483Z   Using cached psutil-7.0.0-cp36-abi3-manylinux_2_12_x86_64.manylinux2010_x86_64.manylinux_2_17_x86_64.manylinux2014_x86_64.whl.metadata (22 kB)
2025-08-19T08:20:43.9087655Z Requirement already satisfied: wcwidth in /opt/hostedtoolcache/Python/3.12.11/x64/lib/python3.12/site-packages (from prompt-toolkit>=3.0.36->click-repl>=0.2.0->celery==5.5.3->-r requirements-dev.txt (line 11)) (0.2.13)
2025-08-19T08:20:43.9286107Z Requirement already satisfied: rich>=13.7.1 in /opt/hostedtoolcache/Python/3.12.11/x64/lib/python3.12/site-packages (from rich-toolkit>=0.14.8->fastapi-cli>=0.0.8->fastapi-cli[standard]>=0.0.8; extra == "all"->fastapi[all]->-r requirements-dev.txt (line 13)) (14.1.0)
2025-08-19T08:20:43.9322609Z Requirement already satisfied: markdown-it-py>=2.2.0 in /opt/hostedtoolcache/Python/3.12.11/x64/lib/python3.12/site-packages (from rich>=13.7.1->rich-toolkit>=0.14.8->fastapi-cli>=0.0.8->fastapi-cli[standard]>=0.0.8; extra == "all"->fastapi[all]->-r requirements-dev.txt (line 13)) (4.0.0)
2025-08-19T08:20:43.9354327Z Requirement already satisfied: mdurl~=0.1 in /opt/hostedtoolcache/Python/3.12.11/x64/lib/python3.12/site-packages (from markdown-it-py>=2.2.0->rich>=13.7.1->rich-toolkit>=0.14.8->fastapi-cli>=0.0.8->fastapi-cli[standard]>=0.0.8; extra == "all"->fastapi[all]->-r requirements-dev.txt (line 13)) (0.1.2)
2025-08-19T08:20:43.9545962Z Requirement already satisfied: shellingham>=1.3.0 in /opt/hostedtoolcache/Python/3.12.11/x64/lib/python3.12/site-packages (from typer>=0.15.1->fastapi-cli>=0.0.8->fastapi-cli[standard]>=0.0.8; extra == "all"->fastapi[all]->-r requirements-dev.txt (line 13)) (1.5.4)
2025-08-19T08:20:43.9787202Z Requirement already satisfied: httptools>=0.5.0 in /opt/hostedtoolcache/Python/3.12.11/x64/lib/python3.12/site-packages (from uvicorn[standard]>=0.12.0; extra == "all"->fastapi[all]->-r requirements-dev.txt (line 13)) (0.6.4)
2025-08-19T08:20:43.9804395Z Requirement already satisfied: uvloop!=0.15.0,!=0.15.1,>=0.14.0 in /opt/hostedtoolcache/Python/3.12.11/x64/lib/python3.12/site-packages (from uvicorn[standard]>=0.12.0; extra == "all"->fastapi[all]->-r requirements-dev.txt (line 13)) (0.21.0)
2025-08-19T08:20:43.9812226Z Requirement already satisfied: watchfiles>=0.13 in /opt/hostedtoolcache/Python/3.12.11/x64/lib/python3.12/site-packages (from uvicorn[standard]>=0.12.0; extra == "all"->fastapi[all]->-r requirements-dev.txt (line 13)) (1.1.0)
2025-08-19T08:20:43.9819586Z Requirement already satisfied: websockets>=10.4 in /opt/hostedtoolcache/Python/3.12.11/x64/lib/python3.12/site-packages (from uvicorn[standard]>=0.12.0; extra == "all"->fastapi[all]->-r requirements-dev.txt (line 13)) (15.0.1)
2025-08-19T08:20:44.0331855Z Using cached jinja2-3.1.6-py3-none-any.whl (134 kB)
2025-08-19T08:20:44.0344225Z Using cached asyncpg-0.30.0-cp312-cp312-manylinux_2_17_x86_64.manylinux2014_x86_64.whl (3.6 MB)
2025-08-19T08:20:44.0381574Z Using cached black-25.1.0-cp312-cp312-manylinux_2_17_x86_64.manylinux2014_x86_64.manylinux_2_28_x86_64.whl (1.8 MB)
2025-08-19T08:20:44.0431871Z Downloading celery-5.5.3-py3-none-any.whl (438 kB)
2025-08-19T08:20:44.0640940Z Using cached fastapi-0.116.1-py3-none-any.whl (95 kB)
2025-08-19T08:20:44.0652758Z Using cached IMAPClient-3.0.1-py2.py3-none-any.whl (182 kB)
2025-08-19T08:20:44.0665227Z Using cached pytest_asyncio-0.23.6-py3-none-any.whl (17 kB)
2025-08-19T08:20:44.0676443Z Using cached pytest_cov-6.2.1-py3-none-any.whl (24 kB)
2025-08-19T08:20:44.0687580Z Using cached pytest_postgresql-7.0.2-py3-none-any.whl (41 kB)
2025-08-19T08:20:44.0737056Z Downloading python_telegram_bot-22.3-py3-none-any.whl (717 kB)
2025-08-19T08:20:44.0886734Z    ━━━━━━━━━━━━━━━━━━━━━━━━━━━━━━━━━━━━━━━━ 717.1/717.1 kB 45.3 MB/s  0:00:00
2025-08-19T08:20:44.0898345Z Using cached requests-2.32.4-py3-none-any.whl (64 kB)
2025-08-19T08:20:44.0909811Z Using cached respx-0.22.0-py2.py3-none-any.whl (25 kB)
2025-08-19T08:20:44.0921437Z Using cached ruff-0.4.4-py3-none-manylinux_2_17_x86_64.manylinux2014_x86_64.whl (8.7 MB)
2025-08-19T08:20:44.0995415Z Using cached testcontainers-4.10.0-py3-none-any.whl (107 kB)
2025-08-19T08:20:44.1007764Z Using cached types_requests-2.32.0.20240602-py3-none-any.whl (15 kB)
2025-08-19T08:20:44.1018845Z Using cached docspec_python-2.2.2-py3-none-any.whl (15 kB)
2025-08-19T08:20:44.1029974Z Using cached pydoc_markdown-4.8.2-py3-none-any.whl (67 kB)
2025-08-19T08:20:44.1041163Z Using cached docspec-2.2.1-py3-none-any.whl (9.8 kB)
2025-08-19T08:20:44.1052472Z Using cached httpx-0.28.1-py3-none-any.whl (73 kB)
2025-08-19T08:20:44.1064662Z Using cached mypy-1.17.1-cp312-cp312-manylinux2014_x86_64.manylinux_2_17_x86_64.manylinux_2_28_x86_64.whl (12.7 MB)
2025-08-19T08:20:44.1168049Z Using cached databind.core-4.5.2-py3-none-any.whl (1.5 kB)
2025-08-19T08:20:44.1178959Z Using cached databind-4.5.2-py3-none-any.whl (49 kB)
2025-08-19T08:20:44.1190291Z Using cached databind.json-4.5.2-py3-none-any.whl (1.5 kB)
2025-08-19T08:20:44.1201425Z Using cached Deprecated-1.2.18-py2.py3-none-any.whl (10.0 kB)
2025-08-19T08:20:44.1212535Z Using cached nr_date-2.1.0-py3-none-any.whl (10 kB)
2025-08-19T08:20:44.1223693Z Using cached nr_stream-1.1.5-py3-none-any.whl (10 kB)
2025-08-19T08:20:44.1235091Z Using cached nr.util-0.8.12-py3-none-any.whl (90 kB)
2025-08-19T08:20:44.1246611Z Using cached pytest-8.4.1-py3-none-any.whl (365 kB)
2025-08-19T08:20:44.1260356Z Using cached pluggy-1.6.0-py3-none-any.whl (20 kB)
2025-08-19T08:20:44.1271634Z Using cached starlette-0.47.2-py3-none-any.whl (72 kB)
2025-08-19T08:20:44.1283436Z Using cached tomli-2.2.1-cp312-cp312-manylinux_2_17_x86_64.manylinux2014_x86_64.whl (242 kB)
2025-08-19T08:20:44.1296019Z Using cached tomli_w-1.2.0-py3-none-any.whl (6.7 kB)
2025-08-19T08:20:44.1306948Z Using cached typeapi-2.2.4-py3-none-any.whl (26 kB)
2025-08-19T08:20:44.1318087Z Using cached itsdangerous-2.2.0-py3-none-any.whl (16 kB)
2025-08-19T08:20:44.1329151Z Using cached setuptools-80.9.0-py3-none-any.whl (1.2 MB)
2025-08-19T08:20:44.1349308Z Using cached coverage-7.10.4-cp312-cp312-manylinux1_x86_64.manylinux_2_28_x86_64.manylinux_2_5_x86_64.whl (251 kB)
2025-08-19T08:20:44.1362064Z Using cached fastapi_cloud_cli-0.1.5-py3-none-any.whl (18 kB)
2025-08-19T08:20:44.1373200Z Using cached iniconfig-2.1.0-py3-none-any.whl (6.0 kB)
2025-08-19T08:20:44.1384209Z Using cached mirakuru-2.6.1-py3-none-any.whl (26 kB)
2025-08-19T08:20:44.1395301Z Using cached pathspec-0.12.1-py3-none-any.whl (31 kB)
2025-08-19T08:20:44.1406572Z Using cached platformdirs-4.3.8-py3-none-any.whl (18 kB)
2025-08-19T08:20:44.1417550Z Using cached port_for-0.7.4-py3-none-any.whl (21 kB)
2025-08-19T08:20:44.1429399Z Using cached psutil-7.0.0-cp36-abi3-manylinux_2_12_x86_64.manylinux2010_x86_64.manylinux_2_17_x86_64.manylinux2014_x86_64.whl (277 kB)
2025-08-19T08:20:44.1442403Z Using cached pydantic_extra_types-2.10.5-py3-none-any.whl (38 kB)
2025-08-19T08:20:44.1453866Z Using cached rignore-0.6.4-cp312-cp312-manylinux_2_17_x86_64.manylinux2014_x86_64.whl (949 kB)
2025-08-19T08:20:44.1471614Z Using cached sentry_sdk-2.35.0-py2.py3-none-any.whl (363 kB)
2025-08-19T08:20:44.1485324Z Using cached yapf-0.43.0-py3-none-any.whl (256 kB)
2025-08-19T08:20:44.1498042Z Using cached docker-7.1.0-py3-none-any.whl (147 kB)
2025-08-19T08:20:44.1510097Z Using cached watchdog-6.0.0-py3-none-manylinux2014_x86_64.whl (79 kB)
2025-08-19T08:20:44.3982847Z Installing collected packages: watchdog, types-requests, typeapi, tomli_w, tomli, setuptools, sentry-sdk, ruff, rignore, requests, psutil, port-for, pluggy, platformdirs, pathspec, nr-stream, nr-date, Jinja2, itsdangerous, iniconfig, imapclient, docstring-parser, Deprecated, coverage, asyncpg, yapf, starlette, pytest, nr-util, mypy, mirakuru, httpx, docker, databind, black, testcontainers, respx, python-telegram-bot, pytest-postgresql, pytest-cov, pytest-asyncio, pydantic-extra-types, fastapi, databind.json, databind.core, celery, fastapi-cloud-cli, docspec, docspec-python, pydoc-markdown
2025-08-19T08:20:45.2189850Z   Attempting uninstall: sentry-sdk
2025-08-19T08:20:45.2223581Z     Found existing installation: sentry-sdk 2.9.0
2025-08-19T08:20:45.2353173Z     Uninstalling sentry-sdk-2.9.0:
2025-08-19T08:20:45.2375360Z       Successfully uninstalled sentry-sdk-2.9.0
2025-08-19T08:20:45.6112287Z   Attempting uninstall: requests
2025-08-19T08:20:45.6153340Z     Found existing installation: requests 2.32.5
2025-08-19T08:20:45.6183205Z     Uninstalling requests-2.32.5:
2025-08-19T08:20:45.6192270Z       Successfully uninstalled requests-2.32.5
2025-08-19T08:20:45.9016129Z   Attempting uninstall: Jinja2
2025-08-19T08:20:45.9066046Z     Found existing installation: Jinja2 3.1.5
2025-08-19T08:20:45.9099555Z     Uninstalling Jinja2-3.1.5:
2025-08-19T08:20:45.9108788Z       Successfully uninstalled Jinja2-3.1.5
2025-08-19T08:20:46.2375813Z   Attempting uninstall: asyncpg
2025-08-19T08:20:46.2429759Z     Found existing installation: asyncpg 0.29.0
2025-08-19T08:20:46.2478135Z     Uninstalling asyncpg-0.29.0:
2025-08-19T08:20:46.2491855Z       Successfully uninstalled asyncpg-0.29.0
2025-08-19T08:20:46.5154501Z   Attempting uninstall: starlette
2025-08-19T08:20:46.5204088Z     Found existing installation: starlette 0.37.2
2025-08-19T08:20:46.5245598Z     Uninstalling starlette-0.37.2:
2025-08-19T08:20:46.5256092Z       Successfully uninstalled starlette-0.37.2
2025-08-19T08:20:48.2903794Z   Attempting uninstall: httpx
2025-08-19T08:20:48.2953864Z     Found existing installation: httpx 0.26.0
2025-08-19T08:20:48.2989569Z     Uninstalling httpx-0.26.0:
2025-08-19T08:20:48.3002627Z       Successfully uninstalled httpx-0.26.0
2025-08-19T08:20:48.7185025Z   Attempting uninstall: python-telegram-bot
2025-08-19T08:20:48.7233295Z     Found existing installation: python-telegram-bot 20.8
2025-08-19T08:20:48.7390488Z     Uninstalling python-telegram-bot-20.8:
2025-08-19T08:20:48.7413510Z       Successfully uninstalled python-telegram-bot-20.8
2025-08-19T08:20:49.1739924Z   Attempting uninstall: fastapi
2025-08-19T08:20:49.1783554Z     Found existing installation: fastapi 0.111.0
2025-08-19T08:20:49.1836659Z     Uninstalling fastapi-0.111.0:
2025-08-19T08:20:49.1848656Z       Successfully uninstalled fastapi-0.111.0
2025-08-19T08:20:49.2685962Z   Attempting uninstall: celery
2025-08-19T08:20:49.2727427Z     Found existing installation: celery 5.4.0
2025-08-19T08:20:49.2874309Z     Uninstalling celery-5.4.0:
2025-08-19T08:20:49.2902020Z       Successfully uninstalled celery-5.4.0
2025-08-19T08:20:49.6868810Z 
2025-08-19T08:20:49.6988327Z Successfully installed Deprecated-1.2.18 Jinja2-3.1.6 asyncpg-0.30.0 black-25.1.0 celery-5.5.3 coverage-7.10.4 databind-4.5.2 databind.core-4.5.2 databind.json-4.5.2 docker-7.1.0 docspec-2.2.1 docspec-python-2.2.2 docstring-parser-0.11 fastapi-0.116.1 fastapi-cloud-cli-0.1.5 httpx-0.28.1 imapclient-3.0.1 iniconfig-2.1.0 itsdangerous-2.2.0 mirakuru-2.6.1 mypy-1.17.1 nr-date-2.1.0 nr-stream-1.1.5 nr-util-0.8.12 pathspec-0.12.1 platformdirs-4.3.8 pluggy-1.6.0 port-for-0.7.4 psutil-7.0.0 pydantic-extra-types-2.10.5 pydoc-markdown-4.8.2 pytest-8.4.1 pytest-asyncio-0.23.6 pytest-cov-6.2.1 pytest-postgresql-7.0.2 python-telegram-bot-22.3 requests-2.32.4 respx-0.22.0 rignore-0.6.4 ruff-0.4.4 sentry-sdk-2.35.0 setuptools-80.9.0 starlette-0.47.2 testcontainers-4.10.0 tomli-2.2.1 tomli_w-1.2.0 typeapi-2.2.4 types-requests-2.32.0.20240602 watchdog-6.0.0 yapf-0.43.0
2025-08-19T08:20:50.2971585Z Requirement already satisfied: asyncpg in /opt/hostedtoolcache/Python/3.12.11/x64/lib/python3.12/site-packages (0.30.0)
2025-08-19T08:20:50.9085066Z Requirement already satisfied: pytest in /opt/hostedtoolcache/Python/3.12.11/x64/lib/python3.12/site-packages (8.4.1)
2025-08-19T08:20:50.9099853Z Requirement already satisfied: iniconfig>=1 in /opt/hostedtoolcache/Python/3.12.11/x64/lib/python3.12/site-packages (from pytest) (2.1.0)
2025-08-19T08:20:50.9106185Z Requirement already satisfied: packaging>=20 in /opt/hostedtoolcache/Python/3.12.11/x64/lib/python3.12/site-packages (from pytest) (25.0)
2025-08-19T08:20:50.9112192Z Requirement already satisfied: pluggy<2,>=1.5 in /opt/hostedtoolcache/Python/3.12.11/x64/lib/python3.12/site-packages (from pytest) (1.6.0)
2025-08-19T08:20:50.9117137Z Requirement already satisfied: pygments>=2.7.2 in /opt/hostedtoolcache/Python/3.12.11/x64/lib/python3.12/site-packages (from pytest) (2.19.2)
2025-08-19T08:20:51.5684819Z Collecting keepa==1.3.15
2025-08-19T08:20:51.5697222Z   Using cached keepa-1.3.15-py3-none-any.whl.metadata (11 kB)
2025-08-19T08:20:51.5734884Z Requirement already satisfied: minio==7.1.15 in /opt/hostedtoolcache/Python/3.12.11/x64/lib/python3.12/site-packages (7.1.15)
2025-08-19T08:20:51.5743541Z Requirement already satisfied: numpy>=1.9.3 in /opt/hostedtoolcache/Python/3.12.11/x64/lib/python3.12/site-packages (from keepa==1.3.15) (1.26.4)
2025-08-19T08:20:51.5748108Z Requirement already satisfied: requests>=2.2 in /opt/hostedtoolcache/Python/3.12.11/x64/lib/python3.12/site-packages (from keepa==1.3.15) (2.32.4)
2025-08-19T08:20:51.5751612Z Requirement already satisfied: tqdm in /opt/hostedtoolcache/Python/3.12.11/x64/lib/python3.12/site-packages (from keepa==1.3.15) (4.67.1)
2025-08-19T08:20:51.5754935Z Requirement already satisfied: aiohttp in /opt/hostedtoolcache/Python/3.12.11/x64/lib/python3.12/site-packages (from keepa==1.3.15) (3.12.15)
2025-08-19T08:20:51.5759754Z Requirement already satisfied: pandas<=3.0 in /opt/hostedtoolcache/Python/3.12.11/x64/lib/python3.12/site-packages (from keepa==1.3.15) (2.2.3)
2025-08-19T08:20:51.5763338Z Requirement already satisfied: pydantic in /opt/hostedtoolcache/Python/3.12.11/x64/lib/python3.12/site-packages (from keepa==1.3.15) (2.11.7)
2025-08-19T08:20:51.5773395Z Requirement already satisfied: certifi in /opt/hostedtoolcache/Python/3.12.11/x64/lib/python3.12/site-packages (from minio==7.1.15) (2025.8.3)
2025-08-19T08:20:51.5777214Z Requirement already satisfied: urllib3 in /opt/hostedtoolcache/Python/3.12.11/x64/lib/python3.12/site-packages (from minio==7.1.15) (2.5.0)
2025-08-19T08:20:51.5832862Z Requirement already satisfied: python-dateutil>=2.8.2 in /opt/hostedtoolcache/Python/3.12.11/x64/lib/python3.12/site-packages (from pandas<=3.0->keepa==1.3.15) (2.9.0.post0)
2025-08-19T08:20:51.5837634Z Requirement already satisfied: pytz>=2020.1 in /opt/hostedtoolcache/Python/3.12.11/x64/lib/python3.12/site-packages (from pandas<=3.0->keepa==1.3.15) (2025.2)
2025-08-19T08:20:51.5842509Z Requirement already satisfied: tzdata>=2022.7 in /opt/hostedtoolcache/Python/3.12.11/x64/lib/python3.12/site-packages (from pandas<=3.0->keepa==1.3.15) (2025.2)
2025-08-19T08:20:51.5975437Z Requirement already satisfied: six>=1.5 in /opt/hostedtoolcache/Python/3.12.11/x64/lib/python3.12/site-packages (from python-dateutil>=2.8.2->pandas<=3.0->keepa==1.3.15) (1.17.0)
2025-08-19T08:20:51.5993954Z Requirement already satisfied: charset_normalizer<4,>=2 in /opt/hostedtoolcache/Python/3.12.11/x64/lib/python3.12/site-packages (from requests>=2.2->keepa==1.3.15) (3.4.3)
2025-08-19T08:20:51.5999213Z Requirement already satisfied: idna<4,>=2.5 in /opt/hostedtoolcache/Python/3.12.11/x64/lib/python3.12/site-packages (from requests>=2.2->keepa==1.3.15) (3.10)
2025-08-19T08:20:51.6067476Z Requirement already satisfied: aiohappyeyeballs>=2.5.0 in /opt/hostedtoolcache/Python/3.12.11/x64/lib/python3.12/site-packages (from aiohttp->keepa==1.3.15) (2.6.1)
2025-08-19T08:20:51.6072412Z Requirement already satisfied: aiosignal>=1.4.0 in /opt/hostedtoolcache/Python/3.12.11/x64/lib/python3.12/site-packages (from aiohttp->keepa==1.3.15) (1.4.0)
2025-08-19T08:20:51.6079000Z Requirement already satisfied: attrs>=17.3.0 in /opt/hostedtoolcache/Python/3.12.11/x64/lib/python3.12/site-packages (from aiohttp->keepa==1.3.15) (25.3.0)
2025-08-19T08:20:51.6083910Z Requirement already satisfied: frozenlist>=1.1.1 in /opt/hostedtoolcache/Python/3.12.11/x64/lib/python3.12/site-packages (from aiohttp->keepa==1.3.15) (1.7.0)
2025-08-19T08:20:51.6089003Z Requirement already satisfied: multidict<7.0,>=4.5 in /opt/hostedtoolcache/Python/3.12.11/x64/lib/python3.12/site-packages (from aiohttp->keepa==1.3.15) (6.6.4)
2025-08-19T08:20:51.6094526Z Requirement already satisfied: propcache>=0.2.0 in /opt/hostedtoolcache/Python/3.12.11/x64/lib/python3.12/site-packages (from aiohttp->keepa==1.3.15) (0.3.2)
2025-08-19T08:20:51.6099699Z Requirement already satisfied: yarl<2.0,>=1.17.0 in /opt/hostedtoolcache/Python/3.12.11/x64/lib/python3.12/site-packages (from aiohttp->keepa==1.3.15) (1.20.1)
2025-08-19T08:20:51.6158689Z Requirement already satisfied: typing-extensions>=4.2 in /opt/hostedtoolcache/Python/3.12.11/x64/lib/python3.12/site-packages (from aiosignal>=1.4.0->aiohttp->keepa==1.3.15) (4.14.1)
2025-08-19T08:20:51.6252059Z Requirement already satisfied: annotated-types>=0.6.0 in /opt/hostedtoolcache/Python/3.12.11/x64/lib/python3.12/site-packages (from pydantic->keepa==1.3.15) (0.7.0)
2025-08-19T08:20:51.6256859Z Requirement already satisfied: pydantic-core==2.33.2 in /opt/hostedtoolcache/Python/3.12.11/x64/lib/python3.12/site-packages (from pydantic->keepa==1.3.15) (2.33.2)
2025-08-19T08:20:51.6264314Z Requirement already satisfied: typing-inspection>=0.4.0 in /opt/hostedtoolcache/Python/3.12.11/x64/lib/python3.12/site-packages (from pydantic->keepa==1.3.15) (0.4.1)
2025-08-19T08:20:51.6342170Z Using cached keepa-1.3.15-py3-none-any.whl (38 kB)
2025-08-19T08:20:51.7985102Z Installing collected packages: keepa
2025-08-19T08:20:51.7986230Z   Attempting uninstall: keepa
2025-08-19T08:20:51.8018002Z     Found existing installation: keepa 1.3.14
2025-08-19T08:20:51.8040140Z     Uninstalling keepa-1.3.14:
2025-08-19T08:20:51.8048655Z       Successfully uninstalled keepa-1.3.14
2025-08-19T08:20:51.8458281Z Successfully installed keepa-1.3.15
2025-08-19T08:20:51.9010934Z ##[group]Run actions/setup-node@v4
2025-08-19T08:20:51.9011386Z with:
2025-08-19T08:20:51.9011569Z   node-version: 20.19.0
2025-08-19T08:20:51.9011776Z   always-auth: false
2025-08-19T08:20:51.9011973Z   check-latest: false
2025-08-19T08:20:51.9012268Z   token: ***
2025-08-19T08:20:51.9012449Z env:
2025-08-19T08:20:51.9012646Z   REDIS_URL: redis://localhost:6379/0
2025-08-19T08:20:51.9012911Z   RATE_LIMIT_DEFAULT: 100/minute
2025-08-19T08:20:51.9013147Z   TRUST_X_FORWARDED: 1
2025-08-19T08:20:51.9013366Z   PG_USER: postgres
2025-08-19T08:20:51.9013560Z   PG_PASSWORD: pass
2025-08-19T08:20:51.9013756Z   PG_DATABASE: awa
2025-08-19T08:20:51.9013941Z   PG_HOST: localhost
2025-08-19T08:20:51.9014132Z   PG_PORT: 5432
2025-08-19T08:20:51.9014496Z   PG_SYNC_DSN: ***localhost:5432/awa
2025-08-19T08:20:51.9014884Z   PG_ASYNC_DSN: ***localhost:5432/awa
2025-08-19T08:20:51.9015306Z   DATABASE_URL: ***localhost:5432/awa
2025-08-19T08:20:51.9015547Z   DATA_DIR: /tmp/awa-data
2025-08-19T08:20:51.9015777Z   ENABLE_LIVE: 0
2025-08-19T08:20:51.9015961Z   TESTING: 1
2025-08-19T08:20:51.9016215Z   pythonLocation: /opt/hostedtoolcache/Python/3.12.11/x64
2025-08-19T08:20:51.9016624Z   PKG_CONFIG_PATH: /opt/hostedtoolcache/Python/3.12.11/x64/lib/pkgconfig
2025-08-19T08:20:51.9017019Z   Python_ROOT_DIR: /opt/hostedtoolcache/Python/3.12.11/x64
2025-08-19T08:20:51.9017368Z   Python2_ROOT_DIR: /opt/hostedtoolcache/Python/3.12.11/x64
2025-08-19T08:20:51.9017721Z   Python3_ROOT_DIR: /opt/hostedtoolcache/Python/3.12.11/x64
2025-08-19T08:20:51.9018069Z   LD_LIBRARY_PATH: /opt/hostedtoolcache/Python/3.12.11/x64/lib
2025-08-19T08:20:51.9018361Z ##[endgroup]
2025-08-19T08:20:52.0916780Z Attempting to download 20.19.0...
2025-08-19T08:20:52.4157993Z Acquiring 20.19.0 - x64 from https://github.com/actions/node-versions/releases/download/20.19.0-13838090974/node-20.19.0-linux-x64.tar.gz
2025-08-19T08:20:52.7566351Z Extracting ...
2025-08-19T08:20:52.7675339Z [command]/usr/bin/tar xz --strip 1 --warning=no-unknown-keyword --overwrite -C /home/runner/work/_temp/de9c2f3e-1217-472b-b531-b0532b37b98f -f /home/runner/work/_temp/89b4d7e5-db75-40cc-8bcf-cf2e9240a7a1
2025-08-19T08:20:53.7654636Z Adding to the cache ...
2025-08-19T08:20:55.3404203Z ##[group]Environment details
2025-08-19T08:20:55.6791390Z node: v20.19.0
2025-08-19T08:20:55.6791803Z npm: 10.8.2
2025-08-19T08:20:55.6792115Z yarn: 1.22.22
2025-08-19T08:20:55.6792759Z ##[endgroup]
2025-08-19T08:20:55.6932356Z ##[group]Run npm ci
2025-08-19T08:20:55.6932602Z [36;1mnpm ci[0m
2025-08-19T08:20:55.6973472Z shell: /usr/bin/bash -e {0}
2025-08-19T08:20:55.6973709Z env:
2025-08-19T08:20:55.6973922Z   REDIS_URL: redis://localhost:6379/0
2025-08-19T08:20:55.6974193Z   RATE_LIMIT_DEFAULT: 100/minute
2025-08-19T08:20:55.6974423Z   TRUST_X_FORWARDED: 1
2025-08-19T08:20:55.6974625Z   PG_USER: postgres
2025-08-19T08:20:55.6974824Z   PG_PASSWORD: pass
2025-08-19T08:20:55.6975008Z   PG_DATABASE: awa
2025-08-19T08:20:55.6975193Z   PG_HOST: localhost
2025-08-19T08:20:55.6975385Z   PG_PORT: 5432
2025-08-19T08:20:55.6975836Z   PG_SYNC_DSN: ***localhost:5432/awa
2025-08-19T08:20:55.6976267Z   PG_ASYNC_DSN: ***localhost:5432/awa
2025-08-19T08:20:55.6976649Z   DATABASE_URL: ***localhost:5432/awa
2025-08-19T08:20:55.6976890Z   DATA_DIR: /tmp/awa-data
2025-08-19T08:20:55.6977099Z   ENABLE_LIVE: 0
2025-08-19T08:20:55.6977284Z   TESTING: 1
2025-08-19T08:20:55.6977572Z   pythonLocation: /opt/hostedtoolcache/Python/3.12.11/x64
2025-08-19T08:20:55.6977979Z   PKG_CONFIG_PATH: /opt/hostedtoolcache/Python/3.12.11/x64/lib/pkgconfig
2025-08-19T08:20:55.6978368Z   Python_ROOT_DIR: /opt/hostedtoolcache/Python/3.12.11/x64
2025-08-19T08:20:55.6978740Z   Python2_ROOT_DIR: /opt/hostedtoolcache/Python/3.12.11/x64
2025-08-19T08:20:55.6979100Z   Python3_ROOT_DIR: /opt/hostedtoolcache/Python/3.12.11/x64
2025-08-19T08:20:55.6979453Z   LD_LIBRARY_PATH: /opt/hostedtoolcache/Python/3.12.11/x64/lib
2025-08-19T08:20:55.6979751Z ##[endgroup]
2025-08-19T08:20:58.5465697Z npm warn deprecated node-domexception@1.0.0: Use your platform's native DOMException instead
2025-08-19T08:21:01.5874663Z 
2025-08-19T08:21:01.5876088Z added 432 packages, and audited 433 packages in 6s
2025-08-19T08:21:01.5886966Z 
2025-08-19T08:21:01.5887544Z 112 packages are looking for funding
2025-08-19T08:21:01.5888184Z   run `npm fund` for details
2025-08-19T08:21:01.5897522Z 
2025-08-19T08:21:01.5898072Z 2 vulnerabilities (1 low, 1 critical)
2025-08-19T08:21:01.5898655Z 
2025-08-19T08:21:01.5899189Z To address all issues, run:
2025-08-19T08:21:01.5964910Z   npm audit fix
2025-08-19T08:21:01.5965119Z 
2025-08-19T08:21:01.5965304Z Run `npm audit` for details.
2025-08-19T08:21:01.6218555Z ##[group]Run npm run build --if-present
2025-08-19T08:21:01.6219072Z [36;1mnpm run build --if-present[0m
2025-08-19T08:21:01.6272123Z shell: /usr/bin/bash -e {0}
2025-08-19T08:21:01.6272489Z env:
2025-08-19T08:21:01.6272811Z   REDIS_URL: redis://localhost:6379/0
2025-08-19T08:21:01.6273250Z   RATE_LIMIT_DEFAULT: 100/minute
2025-08-19T08:21:01.6273638Z   TRUST_X_FORWARDED: 1
2025-08-19T08:21:01.6273966Z   PG_USER: postgres
2025-08-19T08:21:01.6274287Z   PG_PASSWORD: pass
2025-08-19T08:21:01.6274612Z   PG_DATABASE: awa
2025-08-19T08:21:01.6274923Z   PG_HOST: localhost
2025-08-19T08:21:01.6275241Z   PG_PORT: 5432
2025-08-19T08:21:01.6275909Z   PG_SYNC_DSN: ***localhost:5432/awa
2025-08-19T08:21:01.6276604Z   PG_ASYNC_DSN: ***localhost:5432/awa
2025-08-19T08:21:01.6277264Z   DATABASE_URL: ***localhost:5432/awa
2025-08-19T08:21:01.6277672Z   DATA_DIR: /tmp/awa-data
2025-08-19T08:21:01.6278014Z   ENABLE_LIVE: 0
2025-08-19T08:21:01.6278306Z   TESTING: 1
2025-08-19T08:21:01.6278744Z   pythonLocation: /opt/hostedtoolcache/Python/3.12.11/x64
2025-08-19T08:21:01.6279438Z   PKG_CONFIG_PATH: /opt/hostedtoolcache/Python/3.12.11/x64/lib/pkgconfig
2025-08-19T08:21:01.6280116Z   Python_ROOT_DIR: /opt/hostedtoolcache/Python/3.12.11/x64
2025-08-19T08:21:01.6280955Z   Python2_ROOT_DIR: /opt/hostedtoolcache/Python/3.12.11/x64
2025-08-19T08:21:01.6281570Z   Python3_ROOT_DIR: /opt/hostedtoolcache/Python/3.12.11/x64
2025-08-19T08:21:01.6282187Z   LD_LIBRARY_PATH: /opt/hostedtoolcache/Python/3.12.11/x64/lib
2025-08-19T08:21:01.6282702Z ##[endgroup]
2025-08-19T08:21:01.7381280Z 
2025-08-19T08:21:01.7381846Z > web@0.0.0 build
2025-08-19T08:21:01.7384258Z > tsc -b && vite build
2025-08-19T08:21:01.7385014Z 
2025-08-19T08:21:04.4908528Z [36mvite v7.0.4 [32mbuilding for production...[36m[39m
2025-08-19T08:21:04.6905099Z transforming...
2025-08-19T08:21:07.7274194Z [32m✓[39m 687 modules transformed.
2025-08-19T08:21:08.1681122Z rendering chunks...
2025-08-19T08:21:08.1767942Z computing gzip size...
2025-08-19T08:21:08.1950761Z [2mdist/[22m[32mindex.html                 [39m[1m[2m  0.46 kB[22m[1m[22m[2m │ gzip:   0.30 kB[22m
2025-08-19T08:21:08.1952374Z [2mdist/[22m[2massets/[22m[35mindex-5IA1gRGW.css  [39m[1m[2m  0.84 kB[22m[1m[22m[2m │ gzip:   0.45 kB[22m
2025-08-19T08:21:08.1953973Z [2mdist/[22m[2massets/[22m[36mindex-CIqpArhq.js   [39m[1m[33m613.66 kB[39m[22m[2m │ gzip: 193.69 kB[22m
2025-08-19T08:21:08.1954954Z [33m
2025-08-19T08:21:08.1955660Z (!) Some chunks are larger than 500 kB after minification. Consider:
2025-08-19T08:21:08.1956547Z - Using dynamic import() to code-split the application
2025-08-19T08:21:08.1957744Z - Use build.rollupOptions.output.manualChunks to improve chunking: https://rollupjs.org/configuration-options/#output-manualchunks
2025-08-19T08:21:08.1958695Z - Adjust chunk size limit for this warning via build.chunkSizeWarningLimit.[39m
2025-08-19T08:21:08.1959174Z [32m✓ built in 3.68s[39m
2025-08-19T08:21:08.2444065Z ##[group]Run sudo apt-get update
2025-08-19T08:21:08.2444610Z [36;1msudo apt-get update[0m
2025-08-19T08:21:08.2445034Z [36;1msudo apt-get install -y postgresql[0m
2025-08-19T08:21:08.2445880Z [36;1mecho "/usr/lib/postgresql/$(pg_config --version | cut -d' ' -f2 | cut -d'.' -f1,2)/bin" >> $GITHUB_PATH[0m
2025-08-19T08:21:08.2491851Z shell: /usr/bin/bash -e {0}
2025-08-19T08:21:08.2492124Z env:
2025-08-19T08:21:08.2492334Z   REDIS_URL: redis://localhost:6379/0
2025-08-19T08:21:08.2492612Z   RATE_LIMIT_DEFAULT: 100/minute
2025-08-19T08:21:08.2493030Z   TRUST_X_FORWARDED: 1
2025-08-19T08:21:08.2493235Z   PG_USER: postgres
2025-08-19T08:21:08.2493424Z   PG_PASSWORD: pass
2025-08-19T08:21:08.2493613Z   PG_DATABASE: awa
2025-08-19T08:21:08.2493798Z   PG_HOST: localhost
2025-08-19T08:21:08.2493985Z   PG_PORT: 5432
2025-08-19T08:21:08.2494421Z   PG_SYNC_DSN: ***localhost:5432/awa
2025-08-19T08:21:08.2494934Z   PG_ASYNC_DSN: ***localhost:5432/awa
2025-08-19T08:21:08.2495727Z   DATABASE_URL: ***localhost:5432/awa
2025-08-19T08:21:08.2496150Z   DATA_DIR: /tmp/awa-data
2025-08-19T08:21:08.2496366Z   ENABLE_LIVE: 0
2025-08-19T08:21:08.2496561Z   TESTING: 1
2025-08-19T08:21:08.2496817Z   pythonLocation: /opt/hostedtoolcache/Python/3.12.11/x64
2025-08-19T08:21:08.2497231Z   PKG_CONFIG_PATH: /opt/hostedtoolcache/Python/3.12.11/x64/lib/pkgconfig
2025-08-19T08:21:08.2497630Z   Python_ROOT_DIR: /opt/hostedtoolcache/Python/3.12.11/x64
2025-08-19T08:21:08.2497985Z   Python2_ROOT_DIR: /opt/hostedtoolcache/Python/3.12.11/x64
2025-08-19T08:21:08.2498348Z   Python3_ROOT_DIR: /opt/hostedtoolcache/Python/3.12.11/x64
2025-08-19T08:21:08.2498701Z   LD_LIBRARY_PATH: /opt/hostedtoolcache/Python/3.12.11/x64/lib
2025-08-19T08:21:08.2498997Z ##[endgroup]
2025-08-19T08:21:08.3219665Z Get:1 file:/etc/apt/apt-mirrors.txt Mirrorlist [144 B]
2025-08-19T08:21:08.3530098Z Hit:2 http://azure.archive.ubuntu.com/ubuntu noble InRelease
2025-08-19T08:21:08.3541931Z Get:3 http://azure.archive.ubuntu.com/ubuntu noble-updates InRelease [126 kB]
2025-08-19T08:21:08.3543165Z Hit:6 https://packages.microsoft.com/repos/azure-cli noble InRelease
2025-08-19T08:21:08.3580772Z Get:4 http://azure.archive.ubuntu.com/ubuntu noble-backports InRelease [126 kB]
2025-08-19T08:21:08.3595100Z Get:5 http://azure.archive.ubuntu.com/ubuntu noble-security InRelease [126 kB]
2025-08-19T08:21:08.3601331Z Get:7 https://packages.microsoft.com/ubuntu/24.04/prod noble InRelease [3600 B]
2025-08-19T08:21:08.5252249Z Get:8 http://azure.archive.ubuntu.com/ubuntu noble-updates/main amd64 Packages [1337 kB]
2025-08-19T08:21:08.5396267Z Get:9 http://azure.archive.ubuntu.com/ubuntu noble-updates/main Translation-en [267 kB]
2025-08-19T08:21:08.5417959Z Get:10 http://azure.archive.ubuntu.com/ubuntu noble-updates/main amd64 Components [175 kB]
2025-08-19T08:21:08.5436295Z Get:11 http://azure.archive.ubuntu.com/ubuntu noble-updates/universe amd64 Packages [1121 kB]
2025-08-19T08:21:08.5494657Z Get:12 http://azure.archive.ubuntu.com/ubuntu noble-updates/universe Translation-en [288 kB]
2025-08-19T08:21:08.5516755Z Get:13 http://azure.archive.ubuntu.com/ubuntu noble-updates/universe amd64 Components [377 kB]
2025-08-19T08:21:08.5545000Z Get:14 http://azure.archive.ubuntu.com/ubuntu noble-updates/restricted amd64 Packages [1700 kB]
2025-08-19T08:21:08.5647164Z Get:15 http://azure.archive.ubuntu.com/ubuntu noble-updates/restricted Translation-en [375 kB]
2025-08-19T08:21:08.5664393Z Get:16 http://azure.archive.ubuntu.com/ubuntu noble-updates/restricted amd64 Components [212 B]
2025-08-19T08:21:08.5687781Z Get:17 http://azure.archive.ubuntu.com/ubuntu noble-updates/multiverse amd64 Components [940 B]
2025-08-19T08:21:08.6299515Z Get:24 https://packages.microsoft.com/ubuntu/24.04/prod noble/main arm64 Packages [33.1 kB]
2025-08-19T08:21:08.6337392Z Get:18 http://azure.archive.ubuntu.com/ubuntu noble-backports/main amd64 Components [7072 B]
2025-08-19T08:21:08.6344562Z Get:25 https://packages.microsoft.com/ubuntu/24.04/prod noble/main amd64 Packages [47.9 kB]
2025-08-19T08:21:08.6353829Z Get:19 http://azure.archive.ubuntu.com/ubuntu noble-backports/universe amd64 Packages [30.2 kB]
2025-08-19T08:21:08.6358413Z Get:20 http://azure.archive.ubuntu.com/ubuntu noble-backports/universe Translation-en [17.4 kB]
2025-08-19T08:21:08.6365755Z Get:21 http://azure.archive.ubuntu.com/ubuntu noble-backports/universe amd64 Components [19.2 kB]
2025-08-19T08:21:08.6374350Z Get:22 http://azure.archive.ubuntu.com/ubuntu noble-backports/restricted amd64 Components [216 B]
2025-08-19T08:21:08.6380132Z Get:23 http://azure.archive.ubuntu.com/ubuntu noble-backports/multiverse amd64 Components [212 B]
2025-08-19T08:21:08.6795799Z Get:26 http://azure.archive.ubuntu.com/ubuntu noble-security/main amd64 Packages [1075 kB]
2025-08-19T08:21:08.6851501Z Get:27 http://azure.archive.ubuntu.com/ubuntu noble-security/main Translation-en [186 kB]
2025-08-19T08:21:08.6870187Z Get:28 http://azure.archive.ubuntu.com/ubuntu noble-security/main amd64 Components [21.6 kB]
2025-08-19T08:21:08.6878309Z Get:29 http://azure.archive.ubuntu.com/ubuntu noble-security/universe amd64 Packages [879 kB]
2025-08-19T08:21:08.6924414Z Get:30 http://azure.archive.ubuntu.com/ubuntu noble-security/universe Translation-en [195 kB]
2025-08-19T08:21:08.6942851Z Get:31 http://azure.archive.ubuntu.com/ubuntu noble-security/universe amd64 Components [52.2 kB]
2025-08-19T08:21:08.6952094Z Get:32 http://azure.archive.ubuntu.com/ubuntu noble-security/restricted amd64 Packages [1610 kB]
2025-08-19T08:21:08.7049165Z Get:33 http://azure.archive.ubuntu.com/ubuntu noble-security/restricted Translation-en [357 kB]
2025-08-19T08:21:08.7531368Z Get:34 http://azure.archive.ubuntu.com/ubuntu noble-security/restricted amd64 Components [212 B]
2025-08-19T08:21:08.7538653Z Get:35 http://azure.archive.ubuntu.com/ubuntu noble-security/multiverse amd64 Components [212 B]
2025-08-19T08:21:15.3468727Z Fetched 10.6 MB in 1s (8161 kB/s)
2025-08-19T08:21:16.0174705Z Reading package lists...
2025-08-19T08:21:16.0519730Z Reading package lists...
2025-08-19T08:21:16.2253858Z Building dependency tree...
2025-08-19T08:21:16.2260901Z Reading state information...
2025-08-19T08:21:16.3685639Z Suggested packages:
2025-08-19T08:21:16.3686012Z   postgresql-doc
2025-08-19T08:21:16.3894047Z The following NEW packages will be installed:
2025-08-19T08:21:16.3894427Z   postgresql
2025-08-19T08:21:16.4056075Z 0 upgraded, 1 newly installed, 0 to remove and 39 not upgraded.
2025-08-19T08:21:16.4056795Z Need to get 11.6 kB of archives.
2025-08-19T08:21:16.4057540Z After this operation, 17.4 kB of additional disk space will be used.
2025-08-19T08:21:16.4058057Z Get:1 file:/etc/apt/apt-mirrors.txt Mirrorlist [144 B]
2025-08-19T08:21:16.4403529Z Get:2 http://azure.archive.ubuntu.com/ubuntu noble-updates/main amd64 postgresql all 16+257build1.1 [11.6 kB]
2025-08-19T08:21:16.7043145Z Fetched 11.6 kB in 0s (259 kB/s)
2025-08-19T08:21:16.7353262Z Selecting previously unselected package postgresql.
2025-08-19T08:21:16.7993172Z (Reading database ... 
2025-08-19T08:21:16.7993640Z (Reading database ... 5%
2025-08-19T08:21:16.7994114Z (Reading database ... 10%
2025-08-19T08:21:16.7994382Z (Reading database ... 15%
2025-08-19T08:21:16.7994653Z (Reading database ... 20%
2025-08-19T08:21:16.7994890Z (Reading database ... 25%
2025-08-19T08:21:16.7995114Z (Reading database ... 30%
2025-08-19T08:21:16.7995336Z (Reading database ... 35%
2025-08-19T08:21:16.7995559Z (Reading database ... 40%
2025-08-19T08:21:16.7995787Z (Reading database ... 45%
2025-08-19T08:21:16.7996010Z (Reading database ... 50%
2025-08-19T08:21:16.9073819Z (Reading database ... 55%
2025-08-19T08:21:17.0639209Z (Reading database ... 60%
2025-08-19T08:21:17.3406560Z (Reading database ... 65%
2025-08-19T08:21:17.4751409Z (Reading database ... 70%
2025-08-19T08:21:17.5608074Z (Reading database ... 75%
2025-08-19T08:21:18.0072234Z (Reading database ... 80%
2025-08-19T08:21:18.6384571Z (Reading database ... 85%
2025-08-19T08:21:19.2480130Z (Reading database ... 90%
2025-08-19T08:21:19.8441278Z (Reading database ... 95%
2025-08-19T08:21:19.8442017Z (Reading database ... 100%
2025-08-19T08:21:19.8442611Z (Reading database ... 219881 files and directories currently installed.)
2025-08-19T08:21:19.8488286Z Preparing to unpack .../postgresql_16+257build1.1_all.deb ...
2025-08-19T08:21:19.8520216Z Unpacking postgresql (16+257build1.1) ...
2025-08-19T08:21:19.8892092Z Setting up postgresql (16+257build1.1) ...
2025-08-19T08:21:20.8663085Z 
2025-08-19T08:21:20.8663641Z Running kernel seems to be up-to-date.
2025-08-19T08:21:20.8663917Z 
2025-08-19T08:21:20.8664051Z Restarting services...
2025-08-19T08:21:20.8732158Z 
2025-08-19T08:21:20.8732669Z Service restarts being deferred:
2025-08-19T08:21:20.8734107Z  systemctl restart hosted-compute-agent.service
2025-08-19T08:21:20.8734502Z 
2025-08-19T08:21:20.8734780Z No containers need to be restarted.
2025-08-19T08:21:20.8735076Z 
2025-08-19T08:21:20.8735373Z No user sessions are running outdated binaries.
2025-08-19T08:21:20.8735700Z 
2025-08-19T08:21:20.8736194Z No VM guests are running outdated hypervisor (qemu) binaries on this host.
2025-08-19T08:21:21.6622492Z ##[group]Run for i in {1..30}; do pg_isready -h localhost -p 5432 -U postgres -d awa && break; sleep 1; done
2025-08-19T08:21:21.6623111Z [36;1mfor i in {1..30}; do pg_isready -h localhost -p 5432 -U postgres -d awa && break; sleep 1; done[0m
2025-08-19T08:21:21.6663910Z shell: /usr/bin/bash -e {0}
2025-08-19T08:21:21.6664148Z env:
2025-08-19T08:21:21.6664352Z   REDIS_URL: redis://localhost:6379/0
2025-08-19T08:21:21.6664631Z   RATE_LIMIT_DEFAULT: 100/minute
2025-08-19T08:21:21.6664870Z   TRUST_X_FORWARDED: 1
2025-08-19T08:21:21.6665085Z   PG_USER: postgres
2025-08-19T08:21:21.6665274Z   PG_PASSWORD: pass
2025-08-19T08:21:21.6665455Z   PG_DATABASE: awa
2025-08-19T08:21:21.6665634Z   PG_HOST: localhost
2025-08-19T08:21:21.6665820Z   PG_PORT: 5432
2025-08-19T08:21:21.6666242Z   PG_SYNC_DSN: ***localhost:5432/awa
2025-08-19T08:21:21.6666651Z   PG_ASYNC_DSN: ***localhost:5432/awa
2025-08-19T08:21:21.6667031Z   DATABASE_URL: ***localhost:5432/awa
2025-08-19T08:21:21.6667299Z   DATA_DIR: /tmp/awa-data
2025-08-19T08:21:21.6667510Z   ENABLE_LIVE: 0
2025-08-19T08:21:21.6667683Z   TESTING: 1
2025-08-19T08:21:21.6667922Z   pythonLocation: /opt/hostedtoolcache/Python/3.12.11/x64
2025-08-19T08:21:21.6668323Z   PKG_CONFIG_PATH: /opt/hostedtoolcache/Python/3.12.11/x64/lib/pkgconfig
2025-08-19T08:21:21.6668714Z   Python_ROOT_DIR: /opt/hostedtoolcache/Python/3.12.11/x64
2025-08-19T08:21:21.6669067Z   Python2_ROOT_DIR: /opt/hostedtoolcache/Python/3.12.11/x64
2025-08-19T08:21:21.6669420Z   Python3_ROOT_DIR: /opt/hostedtoolcache/Python/3.12.11/x64
2025-08-19T08:21:21.6669776Z   LD_LIBRARY_PATH: /opt/hostedtoolcache/Python/3.12.11/x64/lib
2025-08-19T08:21:21.6670063Z ##[endgroup]
2025-08-19T08:21:21.7464989Z localhost:5432 - accepting connections
2025-08-19T08:21:21.7497618Z ##[group]Run alembic -c services/api/alembic.ini upgrade head
2025-08-19T08:21:21.7498064Z [36;1malembic -c services/api/alembic.ini upgrade head[0m
2025-08-19T08:21:21.7537923Z shell: /usr/bin/bash -e {0}
2025-08-19T08:21:21.7538156Z env:
2025-08-19T08:21:21.7538367Z   REDIS_URL: redis://localhost:6379/0
2025-08-19T08:21:21.7538641Z   RATE_LIMIT_DEFAULT: 100/minute
2025-08-19T08:21:21.7538877Z   TRUST_X_FORWARDED: 1
2025-08-19T08:21:21.7539074Z   PG_USER: postgres
2025-08-19T08:21:21.7539266Z   PG_PASSWORD: pass
2025-08-19T08:21:21.7539455Z   PG_DATABASE: awa
2025-08-19T08:21:21.7539644Z   PG_HOST: localhost
2025-08-19T08:21:21.7539833Z   PG_PORT: 5432
2025-08-19T08:21:21.7540247Z   PG_SYNC_DSN: ***localhost:5432/awa
2025-08-19T08:21:21.7540900Z   PG_ASYNC_DSN: ***localhost:5432/awa
2025-08-19T08:21:21.7541319Z   DATABASE_URL: ***localhost:5432/awa
2025-08-19T08:21:21.7541558Z   DATA_DIR: /tmp/awa-data
2025-08-19T08:21:21.7541765Z   ENABLE_LIVE: 0
2025-08-19T08:21:21.7541973Z   TESTING: 1
2025-08-19T08:21:21.7542212Z   pythonLocation: /opt/hostedtoolcache/Python/3.12.11/x64
2025-08-19T08:21:21.7542611Z   PKG_CONFIG_PATH: /opt/hostedtoolcache/Python/3.12.11/x64/lib/pkgconfig
2025-08-19T08:21:21.7543000Z   Python_ROOT_DIR: /opt/hostedtoolcache/Python/3.12.11/x64
2025-08-19T08:21:21.7543357Z   Python2_ROOT_DIR: /opt/hostedtoolcache/Python/3.12.11/x64
2025-08-19T08:21:21.7543706Z   Python3_ROOT_DIR: /opt/hostedtoolcache/Python/3.12.11/x64
2025-08-19T08:21:21.7544065Z   LD_LIBRARY_PATH: /opt/hostedtoolcache/Python/3.12.11/x64/lib
2025-08-19T08:21:21.7544372Z   POSTGRES_USER: postgres
2025-08-19T08:21:21.7544586Z   POSTGRES_PASSWORD: pass
2025-08-19T08:21:21.7544785Z   POSTGRES_DB: awa
2025-08-19T08:21:21.7544974Z ##[endgroup]
2025-08-19T08:21:22.6470370Z INFO  [alembic.runtime.migration] Context impl PostgresqlImpl.
2025-08-19T08:21:22.6471605Z INFO  [alembic.runtime.migration] Will assume transactional DDL.
2025-08-19T08:21:22.6642517Z INFO  [alembic.runtime.migration] Running upgrade  -> 0001_baseline
2025-08-19T08:21:22.6785433Z INFO  [alembic.runtime.migration] Running upgrade 0001_baseline -> 0002_create_roi_view
2025-08-19T08:21:22.6811345Z INFO  [alembic.runtime.migration] Running upgrade 0002_create_roi_view -> 3e9d5c5aff2c
2025-08-19T08:21:22.6974067Z INFO  [alembic.runtime.migration] Running upgrade 3e9d5c5aff2c -> 0003_vendor_prices
2025-08-19T08:21:22.7114572Z INFO  [alembic.runtime.migration] Running upgrade 0003_vendor_prices -> 0004_fee_cron
2025-08-19T08:21:22.7185218Z INFO  [alembic.runtime.migration] Running upgrade 0004_fee_cron -> 0006_fix_roi_views
2025-08-19T08:21:22.7215480Z INFO  [alembic.runtime.migration] Running upgrade 0006_fix_roi_views -> 0020_unified_schema
2025-08-19T08:21:22.7322886Z INFO  [alembic.runtime.migration] Running upgrade 0020_unified_schema -> 0022_fix_roi_view
2025-08-19T08:21:22.7386647Z INFO  [alembic.runtime.migration] Running upgrade 0022_fix_roi_view -> 0023_add_storage_fee
2025-08-19T08:21:22.7422492Z INFO  [alembic.runtime.migration] Running upgrade 0023_add_storage_fee -> 0024_create_buybox
2025-08-19T08:21:22.7446920Z INFO  [alembic.runtime.migration] Running upgrade 0024_create_buybox -> 0025_pr4_indexes_loadlog
2025-08-19T08:21:22.7643221Z INFO  [alembic.runtime.migration] Running upgrade 0025_pr4_indexes_loadlog -> 0026_amazon_new_reports
2025-08-19T08:21:22.8565492Z ##[group]Run pytest -q --cov=services
2025-08-19T08:21:22.8566039Z [36;1mpytest -q --cov=services[0m
2025-08-19T08:21:22.8613832Z shell: /usr/bin/bash -e {0}
2025-08-19T08:21:22.8614069Z env:
2025-08-19T08:21:22.8614284Z   REDIS_URL: redis://localhost:6379/0
2025-08-19T08:21:22.8614559Z   RATE_LIMIT_DEFAULT: 100/minute
2025-08-19T08:21:22.8614789Z   TRUST_X_FORWARDED: 1
2025-08-19T08:21:22.8614986Z   PG_USER: postgres
2025-08-19T08:21:22.8615192Z   PG_PASSWORD: pass
2025-08-19T08:21:22.8615383Z   PG_DATABASE: awa
2025-08-19T08:21:22.8615571Z   PG_HOST: localhost
2025-08-19T08:21:22.8615759Z   PG_PORT: 5432
2025-08-19T08:21:22.8616177Z   PG_SYNC_DSN: ***localhost:5432/awa
2025-08-19T08:21:22.8616587Z   PG_ASYNC_DSN: ***localhost:5432/awa
2025-08-19T08:21:22.8616971Z   DATABASE_URL: ***localhost:5432/awa
2025-08-19T08:21:22.8617238Z   DATA_DIR: /home/runner/work/_temp/awa-data
2025-08-19T08:21:22.8617489Z   ENABLE_LIVE: 0
2025-08-19T08:21:22.8617665Z   TESTING: 1
2025-08-19T08:21:22.8617946Z   pythonLocation: /opt/hostedtoolcache/Python/3.12.11/x64
2025-08-19T08:21:22.8618345Z   PKG_CONFIG_PATH: /opt/hostedtoolcache/Python/3.12.11/x64/lib/pkgconfig
2025-08-19T08:21:22.8618730Z   Python_ROOT_DIR: /opt/hostedtoolcache/Python/3.12.11/x64
2025-08-19T08:21:22.8619081Z   Python2_ROOT_DIR: /opt/hostedtoolcache/Python/3.12.11/x64
2025-08-19T08:21:22.8619435Z   Python3_ROOT_DIR: /opt/hostedtoolcache/Python/3.12.11/x64
2025-08-19T08:21:22.8619790Z   LD_LIBRARY_PATH: /opt/hostedtoolcache/Python/3.12.11/x64/lib
2025-08-19T08:21:22.8620101Z   POSTGRES_USER: postgres
2025-08-19T08:21:22.8620315Z   POSTGRES_PASSWORD: pass
2025-08-19T08:21:22.8620676Z   POSTGRES_DB: awa
2025-08-19T08:21:22.8620890Z   LLM_PROVIDER: lan
2025-08-19T08:21:22.8621108Z   LLM_BASE_URL: http://localhost:8000
2025-08-19T08:21:22.8621365Z ##[endgroup]
2025-08-19T08:21:53.2986475Z ........s.............................sssssss........................... [ 46%]
2025-08-19T08:22:25.2671432Z ........................................................................ [ 92%]
2025-08-19T08:22:25.9051547Z ...........
2025-08-19T08:22:25.9052296Z ERROR: Coverage failure: total of 64 is less than fail-under=65
2025-08-19T08:22:26.3469095Z                                                                          [100%]
2025-08-19T08:22:26.3470194Z =============================== warnings summary ===============================
2025-08-19T08:22:26.3471486Z services/alert_bot/tests/test_smoke.py:5
2025-08-19T08:22:26.3475764Z   /home/runner/work/AWA-App/AWA-App/services/alert_bot/tests/test_smoke.py:5: UserWarning: pkg_resources is deprecated as an API. See https://setuptools.pypa.io/en/latest/pkg_resources.html. The pkg_resources package is slated for removal as early as 2025-11-30. Refrain from using this package or pin to Setuptools<81.
2025-08-19T08:22:26.3477990Z     import pkg_resources  # noqa: F401
2025-08-19T08:22:26.3478246Z 
2025-08-19T08:22:26.3478483Z tests/api/test_ingest_endpoints.py: 12 warnings
2025-08-19T08:22:26.3478977Z tests/ingest/test_tasks_eager.py: 3 warnings
2025-08-19T08:22:26.3479397Z tests/test_api_fast.py: 1 warning
2025-08-19T08:22:26.3479770Z tests/test_health.py: 5 warnings
2025-08-19T08:22:26.3480130Z tests/test_smoke.py: 5 warnings
2025-08-19T08:22:26.3480685Z services/api/tests/test_cors.py: 1 warning
2025-08-19T08:22:26.3481187Z services/api/tests/test_errors_json.py: 2 warnings
2025-08-19T08:22:26.3481666Z services/api/tests/test_health.py: 1 warning
2025-08-19T08:22:26.3482144Z services/api/tests/test_rate_limit.py: 122 warnings
2025-08-19T08:22:26.3482649Z services/api/tests/test_sentry_event.py: 1 warning
2025-08-19T08:22:26.3484787Z   /opt/hostedtoolcache/Python/3.12.11/x64/lib/python3.12/site-packages/asgi_correlation_id/extensions/sentry.py:27: DeprecationWarning: sentry_sdk.configure_scope is deprecated and will be removed in the next major version. Please consult our migration guide to learn how to migrate to the new API: https://docs.sentry.io/platforms/python/migration/1.x-to-2.x#scope-configuring
2025-08-19T08:22:26.3486875Z     with configure_scope() as scope:
2025-08-19T08:22:26.3487108Z 
2025-08-19T08:22:26.3487315Z tests/api/test_ingest_endpoints.py: 3 warnings
2025-08-19T08:22:26.3487657Z tests/test_api_fast.py: 1 warning
2025-08-19T08:22:26.3487958Z tests/test_health.py: 5 warnings
2025-08-19T08:22:26.3488229Z tests/test_smoke.py: 5 warnings
2025-08-19T08:22:26.3488522Z services/api/tests/test_cors.py: 3 warnings
2025-08-19T08:22:26.3488880Z services/api/tests/test_errors_json.py: 2 warnings
2025-08-19T08:22:26.3489236Z services/api/tests/test_health.py: 1 warning
2025-08-19T08:22:26.3489581Z services/api/tests/test_rate_limit.py: 2 warnings
2025-08-19T08:22:26.3489945Z services/api/tests/test_sentry_event.py: 1 warning
2025-08-19T08:22:26.3491061Z   /opt/hostedtoolcache/Python/3.12.11/x64/lib/python3.12/site-packages/fastapi_limiter/__init__.py:89: DeprecationWarning: Call to deprecated close. (Use aclose() instead) -- Deprecated since version 5.0.1.
2025-08-19T08:22:26.3491866Z     await cls.redis.close()
2025-08-19T08:22:26.3492014Z 
2025-08-19T08:22:26.3492222Z tests/test_api_fast.py::test_health_endpoint
2025-08-19T08:22:26.3493349Z   /home/runner/work/AWA-App/AWA-App/tests/test_api_fast.py:13: DeprecationWarning: datetime.datetime.utcnow() is deprecated and scheduled for removal in a future version. Use timezone-aware objects to represent datetimes in UTC: datetime.datetime.now(datetime.UTC).
2025-08-19T08:22:26.3494342Z     return datetime.datetime.utcnow()
2025-08-19T08:22:26.3494524Z 
2025-08-19T08:22:26.3494658Z tests/test_api_fast.py: 1 warning
2025-08-19T08:22:26.3494941Z tests/test_health.py: 5 warnings
2025-08-19T08:22:26.3495211Z tests/test_smoke.py: 5 warnings
2025-08-19T08:22:26.3495505Z services/api/tests/test_cors.py: 1 warning
2025-08-19T08:22:26.3495831Z services/api/tests/test_health.py: 1 warning
2025-08-19T08:22:26.3496180Z services/api/tests/test_rate_limit.py: 102 warnings
2025-08-19T08:22:26.3497346Z   /home/runner/work/AWA-App/AWA-App/services/api/routes/health.py:24: DeprecationWarning: datetime.datetime.utcnow() is deprecated and scheduled for removal in a future version. Use timezone-aware objects to represent datetimes in UTC: datetime.datetime.now(datetime.UTC).
2025-08-19T08:22:26.3498435Z     app_now = datetime.utcnow().replace(tzinfo=timezone.utc)
2025-08-19T08:22:26.3498662Z 
2025-08-19T08:22:26.3498800Z tests/test_health.py::test_health[0]
2025-08-19T08:22:26.3499097Z tests/test_health.py::test_health[1]
2025-08-19T08:22:26.3499385Z tests/test_health.py::test_health[2]
2025-08-19T08:22:26.3499803Z tests/test_health.py::test_health[3]
2025-08-19T08:22:26.3500083Z tests/test_health.py::test_health[4]
2025-08-19T08:22:26.3501329Z   /home/runner/work/AWA-App/AWA-App/tests/test_health.py:22: DeprecationWarning: datetime.datetime.utcnow() is deprecated and scheduled for removal in a future version. Use timezone-aware objects to represent datetimes in UTC: datetime.datetime.now(datetime.UTC).
2025-08-19T08:22:26.3502315Z     return datetime.datetime.utcnow()
2025-08-19T08:22:26.3502494Z 
2025-08-19T08:22:26.3502628Z tests/test_smoke.py::test_health[0]
2025-08-19T08:22:26.3502914Z tests/test_smoke.py::test_health[1]
2025-08-19T08:22:26.3503195Z tests/test_smoke.py::test_health[2]
2025-08-19T08:22:26.3503476Z tests/test_smoke.py::test_health[3]
2025-08-19T08:22:26.3503770Z tests/test_smoke.py::test_health[4]
2025-08-19T08:22:26.3516170Z   /home/runner/work/AWA-App/AWA-App/tests/test_smoke.py:32: DeprecationWarning: datetime.datetime.utcnow() is deprecated and scheduled for removal in a future version. Use timezone-aware objects to represent datetimes in UTC: datetime.datetime.now(datetime.UTC).
2025-08-19T08:22:26.3517202Z     return datetime.datetime.utcnow()
2025-08-19T08:22:26.3517392Z 
2025-08-19T08:22:26.3517649Z services/api/tests/test_cors.py::test_cors_simple_get_allowed
2025-08-19T08:22:26.3519069Z   /home/runner/work/AWA-App/AWA-App/services/api/tests/test_cors.py:27: DeprecationWarning: datetime.datetime.utcnow() is deprecated and scheduled for removal in a future version. Use timezone-aware objects to represent datetimes in UTC: datetime.datetime.now(datetime.UTC).
2025-08-19T08:22:26.3520147Z     return datetime.datetime.utcnow()
2025-08-19T08:22:26.3520321Z 
2025-08-19T08:22:26.3520693Z services/api/tests/test_health.py::test_health_route
2025-08-19T08:22:26.3521953Z   /home/runner/work/AWA-App/AWA-App/services/api/tests/test_health.py:14: DeprecationWarning: datetime.datetime.utcnow() is deprecated and scheduled for removal in a future version. Use timezone-aware objects to represent datetimes in UTC: datetime.datetime.now(datetime.UTC).
2025-08-19T08:22:26.3523011Z     return datetime.datetime.utcnow()
2025-08-19T08:22:26.3523186Z 
2025-08-19T08:22:26.3523377Z services/api/tests/test_rate_limit.py: 102 warnings
2025-08-19T08:22:26.3524574Z   /home/runner/work/AWA-App/AWA-App/services/api/tests/test_rate_limit.py:33: DeprecationWarning: datetime.datetime.utcnow() is deprecated and scheduled for removal in a future version. Use timezone-aware objects to represent datetimes in UTC: datetime.datetime.now(datetime.UTC).
2025-08-19T08:22:26.3525615Z     return datetime.datetime.utcnow()
2025-08-19T08:22:26.3525789Z 
2025-08-19T08:22:26.3526132Z services/api/tests/test_sentry_event.py::test_unhandled_exception_is_captured_and_tagged
2025-08-19T08:22:26.3527650Z   /home/runner/work/AWA-App/AWA-App/services/api/tests/test_sentry_event.py:47: SentryHubDeprecationWarning: `sentry_sdk.Hub` is deprecated and will be removed in a future major release. Please consult our 1.x to 2.x migration guide for details on how to migrate `Hub` usage to the new API: https://docs.sentry.io/platforms/python/migration/1.x-to-2.x
2025-08-19T08:22:26.3528839Z     hub = sentry_sdk.Hub.current
2025-08-19T08:22:26.3529008Z 
2025-08-19T08:22:26.3529282Z -- Docs: https://docs.pytest.org/en/stable/how-to/capture-warnings.html
2025-08-19T08:22:26.3529765Z ================================ tests coverage ================================
2025-08-19T08:22:26.3530237Z _______________ coverage: platform linux, python 3.12.11-final-0 _______________
2025-08-19T08:22:26.3530497Z 
2025-08-19T08:22:26.3530896Z Coverage XML written to file coverage.xml
2025-08-19T08:22:26.3531339Z FAIL Required test coverage of 65% not reached. Total coverage: 64.12%
2025-08-19T08:22:26.3531793Z Sentry is attempting to send 0 pending events
2025-08-19T08:22:26.3532100Z Waiting up to True seconds
2025-08-19T08:22:26.3532333Z Press Ctrl-C to quit
2025-08-19T08:22:26.7404100Z ##[error]Process completed with exit code 1.
2025-08-19T08:22:26.7455633Z ##[group]Run echo "::group::postgres container logs"
2025-08-19T08:22:26.7456025Z [36;1mecho "::group::postgres container logs"[0m
2025-08-19T08:22:26.7456498Z [36;1mdocker logs f18bc53163052dd86b1e6c67f0adcb80f38597a8cc56f1331567b3c85c13c0ca --tail 200[0m
2025-08-19T08:22:26.7456939Z [36;1mecho "::endgroup::"[0m
2025-08-19T08:22:26.7497321Z shell: /usr/bin/bash -e {0}
2025-08-19T08:22:26.7497554Z env:
2025-08-19T08:22:26.7497753Z   REDIS_URL: redis://localhost:6379/0
2025-08-19T08:22:26.7498021Z   RATE_LIMIT_DEFAULT: 100/minute
2025-08-19T08:22:26.7498255Z   TRUST_X_FORWARDED: 1
2025-08-19T08:22:26.7498464Z   PG_USER: postgres
2025-08-19T08:22:26.7498658Z   PG_PASSWORD: pass
2025-08-19T08:22:26.7498842Z   PG_DATABASE: awa
2025-08-19T08:22:26.7499036Z   PG_HOST: localhost
2025-08-19T08:22:26.7499221Z   PG_PORT: 5432
2025-08-19T08:22:26.7499648Z   PG_SYNC_DSN: ***localhost:5432/awa
2025-08-19T08:22:26.7500061Z   PG_ASYNC_DSN: ***localhost:5432/awa
2025-08-19T08:22:26.7500497Z   DATABASE_URL: ***localhost:5432/awa
2025-08-19T08:22:26.7500881Z   DATA_DIR: /tmp/awa-data
2025-08-19T08:22:26.7501093Z   ENABLE_LIVE: 0
2025-08-19T08:22:26.7501271Z   TESTING: 1
2025-08-19T08:22:26.7501518Z   pythonLocation: /opt/hostedtoolcache/Python/3.12.11/x64
2025-08-19T08:22:26.7501918Z   PKG_CONFIG_PATH: /opt/hostedtoolcache/Python/3.12.11/x64/lib/pkgconfig
2025-08-19T08:22:26.7502302Z   Python_ROOT_DIR: /opt/hostedtoolcache/Python/3.12.11/x64
2025-08-19T08:22:26.7502653Z   Python2_ROOT_DIR: /opt/hostedtoolcache/Python/3.12.11/x64
2025-08-19T08:22:26.7503008Z   Python3_ROOT_DIR: /opt/hostedtoolcache/Python/3.12.11/x64
2025-08-19T08:22:26.7503365Z   LD_LIBRARY_PATH: /opt/hostedtoolcache/Python/3.12.11/x64/lib
2025-08-19T08:22:26.7503666Z ##[endgroup]
2025-08-19T08:22:26.7561542Z ##[group]postgres container logs
2025-08-19T08:22:26.7677177Z The files belonging to this database system will be owned by user "postgres".
2025-08-19T08:22:26.7678476Z This user must also own the server process.
2025-08-19T08:22:26.7678861Z 
2025-08-19T08:22:26.7679324Z The database cluster will be initialized with locale "en_US.utf8".
2025-08-19T08:22:26.7680191Z The default database encoding has accordingly been set to "UTF8".
2025-08-19T08:22:26.7681149Z The default text search configuration will be set to "english".
2025-08-19T08:22:26.7681571Z 
2025-08-19T08:22:26.7681804Z Data page checksums are disabled.
2025-08-19T08:22:26.7682087Z 
2025-08-19T08:22:26.7682561Z fixing permissions on existing directory /var/lib/postgresql/data ... ok
2025-08-19T08:22:26.7683417Z initdb: warning: enabling "trust" authentication for local connections
2025-08-19T08:22:26.7684233Z initdb: hint: You can change this by editing pg_hba.conf or using the option -A, or --auth-local and --auth-host, the next time you run initdb.
2025-08-19T08:22:26.7685253Z 2025-08-19 08:19:56.063 UTC [1] LOG:  starting PostgreSQL 15.14 (Debian 15.14-1.pgdg13+1) on x86_64-pc-linux-gnu, compiled by gcc (Debian 14.2.0-19) 14.2.0, 64-bit
2025-08-19T08:22:26.7685995Z 2025-08-19 08:19:56.063 UTC [1] LOG:  listening on IPv4 address "0.0.0.0", port 5432
2025-08-19T08:22:26.7686552Z 2025-08-19 08:19:56.063 UTC [1] LOG:  listening on IPv6 address "::", port 5432
2025-08-19T08:22:26.7687130Z 2025-08-19 08:19:56.064 UTC [1] LOG:  listening on Unix socket "/var/run/postgresql/.s.PGSQL.5432"
2025-08-19T08:22:26.7687747Z 2025-08-19 08:19:56.067 UTC [64] LOG:  database system was shut down at 2025-08-19 08:19:55 UTC
2025-08-19T08:22:26.7688283Z 2025-08-19 08:19:56.071 UTC [1] LOG:  database system is ready to accept connections
2025-08-19T08:22:26.7688672Z creating subdirectories ... ok
2025-08-19T08:22:26.7689033Z selecting dynamic shared memory implementation ... posix
2025-08-19T08:22:26.7689398Z selecting default max_connections ... 100
2025-08-19T08:22:26.7689723Z selecting default shared_buffers ... 128MB
2025-08-19T08:22:26.7690030Z selecting default time zone ... Etc/UTC
2025-08-19T08:22:26.7690332Z creating configuration files ... ok
2025-08-19T08:22:26.7691107Z running bootstrap script ... ok
2025-08-19T08:22:26.7691698Z performing post-bootstrap initialization ... ok
2025-08-19T08:22:26.7692086Z syncing data to disk ... ok
2025-08-19T08:22:26.7692238Z 
2025-08-19T08:22:26.7692245Z 
2025-08-19T08:22:26.7692489Z Success. You can now start the database server using:
2025-08-19T08:22:26.7692891Z 
2025-08-19T08:22:26.7693175Z     pg_ctl -D /var/lib/postgresql/data -l logfile start
2025-08-19T08:22:26.7693546Z 
2025-08-19T08:22:26.7694910Z waiting for server to start....2025-08-19 08:19:55.699 UTC [48] LOG:  starting PostgreSQL 15.14 (Debian 15.14-1.pgdg13+1) on x86_64-pc-linux-gnu, compiled by gcc (Debian 14.2.0-19) 14.2.0, 64-bit
2025-08-19T08:22:26.7696408Z 2025-08-19 08:19:55.700 UTC [48] LOG:  listening on Unix socket "/var/run/postgresql/.s.PGSQL.5432"
2025-08-19T08:22:26.7697352Z 2025-08-19 08:19:55.703 UTC [51] LOG:  database system was shut down at 2025-08-19 08:19:55 UTC
2025-08-19T08:22:26.7697918Z 2025-08-19 08:19:55.707 UTC [48] LOG:  database system is ready to accept connections
2025-08-19T08:22:26.7698259Z  done
2025-08-19T08:22:26.7698428Z server started
2025-08-19T08:22:26.7698617Z CREATE DATABASE
2025-08-19T08:22:26.7698734Z 
2025-08-19T08:22:26.7698739Z 
2025-08-19T08:22:26.7699043Z /usr/local/bin/docker-entrypoint.sh: ignoring /docker-entrypoint-initdb.d/*
2025-08-19T08:22:26.7699355Z 
2025-08-19T08:22:26.7699701Z waiting for server to shut down...2025-08-19 08:19:55.931 UTC [48] LOG:  received fast shutdown request
2025-08-19T08:22:26.7700251Z .2025-08-19 08:19:55.932 UTC [48] LOG:  aborting any active transactions
2025-08-19T08:22:26.7701027Z 2025-08-19 08:19:55.934 UTC [48] LOG:  background worker "logical replication launcher" (PID 54) exited with exit code 1
2025-08-19T08:22:26.7701565Z 2025-08-19 08:19:55.935 UTC [49] LOG:  shutting down
2025-08-19T08:22:26.7702006Z 2025-08-19 08:19:55.935 UTC [49] LOG:  checkpoint starting: shutdown immediate
2025-08-19T08:22:26.7703109Z 2025-08-19 08:19:55.958 UTC [49] LOG:  checkpoint complete: wrote 922 buffers (5.6%); 0 WAL file(s) added, 0 removed, 0 recycled; write=0.018 s, sync=0.002 s, total=0.023 s; sync files=301, longest=0.001 s, average=0.001 s; distance=4239 kB, estimate=4239 kB
2025-08-19T08:22:26.7704002Z 2025-08-19 08:19:55.965 UTC [48] LOG:  database system is shut down
2025-08-19T08:22:26.7704308Z  done
2025-08-19T08:22:26.7704475Z server stopped
2025-08-19T08:22:26.7704586Z 
2025-08-19T08:22:26.7704782Z PostgreSQL init process complete; ready for start up.
2025-08-19T08:22:26.7704993Z 
2025-08-19T08:22:26.7705243Z ##[endgroup]
2025-08-19T08:22:26.7756015Z Post job cleanup.
2025-08-19T08:22:26.8684940Z [command]/usr/bin/git version
2025-08-19T08:22:26.8721724Z git version 2.50.1
2025-08-19T08:22:26.8765965Z Temporarily overriding HOME='/home/runner/work/_temp/d9f2ebbf-d212-4d1d-84e4-ea394c45b6d0' before making global git config changes
2025-08-19T08:22:26.8767507Z Adding repository directory to the temporary git global config as a safe directory
2025-08-19T08:22:26.8779289Z [command]/usr/bin/git config --global --add safe.directory /home/runner/work/AWA-App/AWA-App
2025-08-19T08:22:26.8815567Z [command]/usr/bin/git config --local --name-only --get-regexp core\.sshCommand
2025-08-19T08:22:26.8847695Z [command]/usr/bin/git submodule foreach --recursive sh -c "git config --local --name-only --get-regexp 'core\.sshCommand' && git config --local --unset-all 'core.sshCommand' || :"
2025-08-19T08:22:26.9072476Z [command]/usr/bin/git config --local --name-only --get-regexp http\.https\:\/\/github\.com\/\.extraheader
2025-08-19T08:22:26.9093047Z http.https://github.com/.extraheader
2025-08-19T08:22:26.9105256Z [command]/usr/bin/git config --local --unset-all http.https://github.com/.extraheader
2025-08-19T08:22:26.9135174Z [command]/usr/bin/git submodule foreach --recursive sh -c "git config --local --name-only --get-regexp 'http\.https\:\/\/github\.com\/\.extraheader' && git config --local --unset-all 'http.https://github.com/.extraheader' || :"
2025-08-19T08:22:26.9442143Z Print service container logs: f99697f5190041f688754d366c674cd8_postgres15_9ee735
2025-08-19T08:22:26.9446870Z ##[command]/usr/bin/docker logs --details f18bc53163052dd86b1e6c67f0adcb80f38597a8cc56f1331567b3c85c13c0ca
2025-08-19T08:22:26.9561905Z  The files belonging to this database system will be owned by user "postgres".
2025-08-19T08:22:26.9562630Z  This user must also own the server process.
2025-08-19T08:22:26.9563082Z  
2025-08-19T08:22:26.9563495Z  The database cluster will be initialized with locale "en_US.utf8".
2025-08-19T08:22:26.9564272Z  The default database encoding has accordingly been set to "UTF8".
2025-08-19T08:22:26.9564902Z  The default text search configuration will be set to "english".
2025-08-19T08:22:26.9565224Z  
2025-08-19T08:22:26.9565409Z  Data page checksums are disabled.
2025-08-19T08:22:26.9565641Z  
2025-08-19T08:22:26.9565921Z  fixing permissions on existing directory /var/lib/postgresql/data ... ok
2025-08-19T08:22:26.9566324Z  creating subdirectories ... ok
2025-08-19T08:22:26.9566618Z  selecting dynamic shared memory implementation ... posix
2025-08-19T08:22:26.9566949Z  selecting default max_connections ... 100
2025-08-19T08:22:26.9567217Z  selecting default shared_buffers ... 128MB
2025-08-19T08:22:26.9567479Z  selecting default time zone ... Etc/UTC
2025-08-19T08:22:26.9567736Z  creating configuration files ... ok
2025-08-19T08:22:26.9567987Z  running bootstrap script ... ok
2025-08-19T08:22:26.9568270Z  performing post-bootstrap initialization ... ok
2025-08-19T08:22:26.9568552Z  syncing data to disk ... ok
2025-08-19T08:22:26.9568759Z  
2025-08-19T08:22:26.9569638Z  initdb: warning: enabling "trust" authentication for local connections
2025-08-19T08:22:26.9570278Z  initdb: hint: You can change this by editing pg_hba.conf or using the option -A, or --auth-local and --auth-host, the next time you run initdb.
2025-08-19T08:22:26.9571332Z  2025-08-19 08:19:56.063 UTC [1] LOG:  starting PostgreSQL 15.14 (Debian 15.14-1.pgdg13+1) on x86_64-pc-linux-gnu, compiled by gcc (Debian 14.2.0-19) 14.2.0, 64-bit
2025-08-19T08:22:26.9571958Z  2025-08-19 08:19:56.063 UTC [1] LOG:  listening on IPv4 address "0.0.0.0", port 5432
2025-08-19T08:22:26.9572370Z  2025-08-19 08:19:56.063 UTC [1] LOG:  listening on IPv6 address "::", port 5432
2025-08-19T08:22:26.9572834Z  2025-08-19 08:19:56.064 UTC [1] LOG:  listening on Unix socket "/var/run/postgresql/.s.PGSQL.5432"
2025-08-19T08:22:26.9573341Z  2025-08-19 08:19:56.067 UTC [64] LOG:  database system was shut down at 2025-08-19 08:19:55 UTC
2025-08-19T08:22:26.9573786Z  2025-08-19 08:19:56.071 UTC [1] LOG:  database system is ready to accept connections
2025-08-19T08:22:26.9574104Z  
2025-08-19T08:22:26.9574317Z  Success. You can now start the database server using:
2025-08-19T08:22:26.9574583Z  
2025-08-19T08:22:26.9574829Z      pg_ctl -D /var/lib/postgresql/data -l logfile start
2025-08-19T08:22:26.9575461Z  
2025-08-19T08:22:26.9576385Z  waiting for server to start....2025-08-19 08:19:55.699 UTC [48] LOG:  starting PostgreSQL 15.14 (Debian 15.14-1.pgdg13+1) on x86_64-pc-linux-gnu, compiled by gcc (Debian 14.2.0-19) 14.2.0, 64-bit
2025-08-19T08:22:26.9577281Z  2025-08-19 08:19:55.700 UTC [48] LOG:  listening on Unix socket "/var/run/postgresql/.s.PGSQL.5432"
2025-08-19T08:22:26.9577776Z  2025-08-19 08:19:55.703 UTC [51] LOG:  database system was shut down at 2025-08-19 08:19:55 UTC
2025-08-19T08:22:26.9578221Z  2025-08-19 08:19:55.707 UTC [48] LOG:  database system is ready to accept connections
2025-08-19T08:22:26.9578546Z   done
2025-08-19T08:22:26.9578707Z  server started
2025-08-19T08:22:26.9578887Z  CREATE DATABASE
2025-08-19T08:22:26.9579059Z  
2025-08-19T08:22:26.9579208Z  
2025-08-19T08:22:26.9579507Z  /usr/local/bin/docker-entrypoint.sh: ignoring /docker-entrypoint-initdb.d/*
2025-08-19T08:22:26.9579870Z  
2025-08-19T08:22:26.9580190Z  waiting for server to shut down...2025-08-19 08:19:55.931 UTC [48] LOG:  received fast shutdown request
2025-08-19T08:22:26.9581036Z  .2025-08-19 08:19:55.932 UTC [48] LOG:  aborting any active transactions
2025-08-19T08:22:26.9581572Z  2025-08-19 08:19:55.934 UTC [48] LOG:  background worker "logical replication launcher" (PID 54) exited with exit code 1
2025-08-19T08:22:26.9582174Z  2025-08-19 08:19:55.935 UTC [49] LOG:  shutting down
2025-08-19T08:22:26.9582517Z  2025-08-19 08:19:55.935 UTC [49] LOG:  checkpoint starting: shutdown immediate
2025-08-19T08:22:26.9583341Z  2025-08-19 08:19:55.958 UTC [49] LOG:  checkpoint complete: wrote 922 buffers (5.6%); 0 WAL file(s) added, 0 removed, 0 recycled; write=0.018 s, sync=0.002 s, total=0.023 s; sync files=301, longest=0.001 s, average=0.001 s; distance=4239 kB, estimate=4239 kB
2025-08-19T08:22:26.9584135Z  2025-08-19 08:19:55.965 UTC [48] LOG:  database system is shut down
2025-08-19T08:22:26.9584422Z   done
2025-08-19T08:22:26.9584585Z  server stopped
2025-08-19T08:22:26.9584758Z  
2025-08-19T08:22:26.9584977Z  PostgreSQL init process complete; ready for start up.
2025-08-19T08:22:26.9585251Z  
2025-08-19T08:22:26.9590058Z Stop and remove container: f99697f5190041f688754d366c674cd8_postgres15_9ee735
2025-08-19T08:22:26.9594853Z ##[command]/usr/bin/docker rm --force f18bc53163052dd86b1e6c67f0adcb80f38597a8cc56f1331567b3c85c13c0ca
2025-08-19T08:22:27.0906872Z f18bc53163052dd86b1e6c67f0adcb80f38597a8cc56f1331567b3c85c13c0ca
2025-08-19T08:22:27.0928152Z Print service container logs: 93ad9e2898304b33809b28d243d206cb_redis7alpine_bed1b1
2025-08-19T08:22:27.0929173Z ##[command]/usr/bin/docker logs --details 38efd9bdd2bd24fc384d00a93c25b8ac799c7697584844ab1b5c15c1cd164084
2025-08-19T08:22:27.1067863Z  1:C 19 Aug 2025 08:19:56.106 # WARNING Memory overcommit must be enabled! Without it, a background save or replication may fail under low memory condition. Being disabled, it can also cause failures without low memory condition, see https://github.com/jemalloc/jemalloc/issues/1328. To fix this issue add 'vm.overcommit_memory = 1' to /etc/sysctl.conf and then reboot or run the command 'sysctl vm.overcommit_memory=1' for this to take effect.
2025-08-19T08:22:27.1069725Z  1:C 19 Aug 2025 08:19:56.106 * oO0OoO0OoO0Oo Redis is starting oO0OoO0OoO0Oo
2025-08-19T08:22:27.1070250Z  1:C 19 Aug 2025 08:19:56.106 * Redis version=7.4.5, bits=64, commit=00000000, modified=0, pid=1, just started
2025-08-19T08:22:27.1071259Z  1:C 19 Aug 2025 08:19:56.106 # Warning: no config file specified, using the default config. In order to specify a config file use redis-server /path/to/redis.conf
2025-08-19T08:22:27.1071961Z  1:M 19 Aug 2025 08:19:56.106 * monotonic clock: POSIX clock_gettime
2025-08-19T08:22:27.1072436Z  1:M 19 Aug 2025 08:19:56.106 * Running mode=standalone, port=6379.
2025-08-19T08:22:27.1072761Z  1:M 19 Aug 2025 08:19:56.107 * Server initialized
2025-08-19T08:22:27.1073175Z  1:M 19 Aug 2025 08:19:56.107 * Ready to accept connections tcp
2025-08-19T08:22:27.1083303Z Stop and remove container: 93ad9e2898304b33809b28d243d206cb_redis7alpine_bed1b1
2025-08-19T08:22:27.1084432Z ##[command]/usr/bin/docker rm --force 38efd9bdd2bd24fc384d00a93c25b8ac799c7697584844ab1b5c15c1cd164084
2025-08-19T08:22:27.2149616Z 38efd9bdd2bd24fc384d00a93c25b8ac799c7697584844ab1b5c15c1cd164084
2025-08-19T08:22:27.2175257Z Remove container network: github_network_a5af643aff2d44ef98c6111699c7a3d1
2025-08-19T08:22:27.2179676Z ##[command]/usr/bin/docker network rm github_network_a5af643aff2d44ef98c6111699c7a3d1
2025-08-19T08:22:27.3307380Z github_network_a5af643aff2d44ef98c6111699c7a3d1
2025-08-19T08:22:27.3372007Z Cleaning up orphan processes
