2025-08-19T10:58:20.4776638Z Current runner version: '2.327.1'
2025-08-19T10:58:20.4799826Z ##[group]Runner Image Provisioner
2025-08-19T10:58:20.4800699Z Hosted Compute Agent
2025-08-19T10:58:20.4801280Z Version: 20250818.377
2025-08-19T10:58:20.4801842Z Commit: 3c593e9f75fe0b87e893bca80d6e12ba089c61fc
2025-08-19T10:58:20.4802748Z Build Date: 2025-08-18T14:52:18Z
2025-08-19T10:58:20.4803368Z ##[endgroup]
2025-08-19T10:58:20.4803958Z ##[group]Operating System
2025-08-19T10:58:20.4804567Z Ubuntu
2025-08-19T10:58:20.4805032Z 24.04.2
2025-08-19T10:58:20.4805495Z LTS
2025-08-19T10:58:20.4805890Z ##[endgroup]
2025-08-19T10:58:20.4806454Z ##[group]Runner Image
2025-08-19T10:58:20.4806985Z Image: ubuntu-24.04
2025-08-19T10:58:20.4807462Z Version: 20250810.1.0
2025-08-19T10:58:20.4808477Z Included Software: https://github.com/actions/runner-images/blob/ubuntu24/20250810.1/images/ubuntu/Ubuntu2404-Readme.md
2025-08-19T10:58:20.4809963Z Image Release: https://github.com/actions/runner-images/releases/tag/ubuntu24%2F20250810.1
2025-08-19T10:58:20.4810961Z ##[endgroup]
2025-08-19T10:58:20.4813656Z ##[group]GITHUB_TOKEN Permissions
2025-08-19T10:58:20.4815911Z Actions: write
2025-08-19T10:58:20.4816475Z Attestations: write
2025-08-19T10:58:20.4816947Z Checks: write
2025-08-19T10:58:20.4817542Z Contents: write
2025-08-19T10:58:20.4818006Z Deployments: write
2025-08-19T10:58:20.4818515Z Discussions: write
2025-08-19T10:58:20.4819053Z Issues: write
2025-08-19T10:58:20.4819681Z Metadata: read
2025-08-19T10:58:20.4820152Z Models: read
2025-08-19T10:58:20.4820642Z Packages: write
2025-08-19T10:58:20.4821156Z Pages: write
2025-08-19T10:58:20.4821612Z PullRequests: write
2025-08-19T10:58:20.4822209Z RepositoryProjects: write
2025-08-19T10:58:20.4822920Z SecurityEvents: write
2025-08-19T10:58:20.4823534Z Statuses: write
2025-08-19T10:58:20.4824097Z ##[endgroup]
2025-08-19T10:58:20.4826343Z Secret source: Actions
2025-08-19T10:58:20.4827320Z Prepare workflow directory
2025-08-19T10:58:20.5309142Z Prepare all required actions
2025-08-19T10:58:20.5357226Z Getting action download info
2025-08-19T10:58:21.0320230Z Download action repository 'actions/checkout@v4' (SHA:08eba0b27e820071cde6df949e0beb9ba4906955)
2025-08-19T10:58:21.6870901Z Download action repository 'actions/setup-python@v5' (SHA:a26af69be951a213d495a4c3e4e4022e16d87065)
2025-08-19T10:58:22.3306006Z Download action repository 'actions/cache@v4' (SHA:0400d5f644dc74513175e3cd8d07132dd4860809)
2025-08-19T10:58:22.9869220Z Download action repository 'actions/setup-node@v4' (SHA:49933ea5288caeca8642d1e84afbd3f7d6820020)
2025-08-19T10:58:23.0758400Z Download action repository 'codecov/codecov-action@v4' (SHA:b9fd7d16f6d7d1b5d2bec1a2887e65ceed900238)
2025-08-19T10:58:23.7242198Z Complete job name: test
2025-08-19T10:58:23.7698526Z ##[group]Checking docker version
2025-08-19T10:58:23.7711028Z ##[command]/usr/bin/docker version --format '{{.Server.APIVersion}}'
2025-08-19T10:58:23.8470255Z '1.48'
2025-08-19T10:58:23.8481724Z Docker daemon API version: '1.48'
2025-08-19T10:58:23.8482144Z ##[command]/usr/bin/docker version --format '{{.Client.APIVersion}}'
2025-08-19T10:58:23.8625664Z '1.48'
2025-08-19T10:58:23.8638718Z Docker client API version: '1.48'
2025-08-19T10:58:23.8643812Z ##[endgroup]
2025-08-19T10:58:23.8646360Z ##[group]Clean up resources from previous jobs
2025-08-19T10:58:23.8651507Z ##[command]/usr/bin/docker ps --all --quiet --no-trunc --filter "label=1d22a8"
2025-08-19T10:58:23.8781029Z ##[command]/usr/bin/docker network prune --force --filter "label=1d22a8"
2025-08-19T10:58:23.8898461Z ##[endgroup]
2025-08-19T10:58:23.8898711Z ##[group]Create local container network
2025-08-19T10:58:23.8908141Z ##[command]/usr/bin/docker network create --label 1d22a8 github_network_8aac617483d44941bebb9768cbebe520
2025-08-19T10:58:23.9392782Z cddc390ddffac46e0b48925569bf2d497880829032c3067c0fdfc8922033d6e1
2025-08-19T10:58:23.9411418Z ##[endgroup]
2025-08-19T10:58:23.9435364Z ##[group]Starting postgres service container
2025-08-19T10:58:23.9454435Z ##[command]/usr/bin/docker pull postgres:15
2025-08-19T10:58:24.9686698Z 15: Pulling from library/postgres
2025-08-19T10:58:25.2270966Z 396b1da7636e: Pulling fs layer
2025-08-19T10:58:25.2271518Z fca2566eba32: Pulling fs layer
2025-08-19T10:58:25.2271966Z 631fe8c6d606: Pulling fs layer
2025-08-19T10:58:25.2272398Z 77c7671c4414: Pulling fs layer
2025-08-19T10:58:25.2273020Z 2d9e29180a27: Pulling fs layer
2025-08-19T10:58:25.2273458Z c6bcc2c9a041: Pulling fs layer
2025-08-19T10:58:25.2273906Z ac4b721eb66f: Pulling fs layer
2025-08-19T10:58:25.2274373Z 606bd164980e: Pulling fs layer
2025-08-19T10:58:25.2274807Z f5dfd246bc6e: Pulling fs layer
2025-08-19T10:58:25.2275236Z ba7036bb0a60: Pulling fs layer
2025-08-19T10:58:25.2275680Z 799f859abbbd: Pulling fs layer
2025-08-19T10:58:25.2276135Z d903e777080c: Pulling fs layer
2025-08-19T10:58:25.2276582Z 04adcb462801: Pulling fs layer
2025-08-19T10:58:25.2276914Z 5c10925b29ff: Pulling fs layer
2025-08-19T10:58:25.2277235Z 606bd164980e: Waiting
2025-08-19T10:58:25.2277469Z d903e777080c: Waiting
2025-08-19T10:58:25.2277761Z f5dfd246bc6e: Waiting
2025-08-19T10:58:25.2278069Z 04adcb462801: Waiting
2025-08-19T10:58:25.2278295Z ba7036bb0a60: Waiting
2025-08-19T10:58:25.2278569Z 5c10925b29ff: Waiting
2025-08-19T10:58:25.2278910Z 799f859abbbd: Waiting
2025-08-19T10:58:25.2279134Z 77c7671c4414: Waiting
2025-08-19T10:58:25.2279402Z c6bcc2c9a041: Waiting
2025-08-19T10:58:25.2279676Z ac4b721eb66f: Waiting
2025-08-19T10:58:25.4786073Z fca2566eba32: Verifying Checksum
2025-08-19T10:58:25.4788601Z fca2566eba32: Download complete
2025-08-19T10:58:25.5103750Z 631fe8c6d606: Verifying Checksum
2025-08-19T10:58:25.5104208Z 631fe8c6d606: Download complete
2025-08-19T10:58:25.6654863Z 396b1da7636e: Verifying Checksum
2025-08-19T10:58:25.6657939Z 396b1da7636e: Download complete
2025-08-19T10:58:25.7324173Z 77c7671c4414: Verifying Checksum
2025-08-19T10:58:25.7324724Z 77c7671c4414: Download complete
2025-08-19T10:58:25.7924964Z 2d9e29180a27: Verifying Checksum
2025-08-19T10:58:25.7925828Z 2d9e29180a27: Download complete
2025-08-19T10:58:25.9310508Z c6bcc2c9a041: Verifying Checksum
2025-08-19T10:58:25.9313292Z c6bcc2c9a041: Download complete
2025-08-19T10:58:26.0317502Z ac4b721eb66f: Verifying Checksum
2025-08-19T10:58:26.0319946Z ac4b721eb66f: Download complete
2025-08-19T10:58:26.0780893Z 606bd164980e: Verifying Checksum
2025-08-19T10:58:26.0781654Z 606bd164980e: Download complete
2025-08-19T10:58:26.2925833Z ba7036bb0a60: Download complete
2025-08-19T10:58:26.3282160Z 799f859abbbd: Verifying Checksum
2025-08-19T10:58:26.3282963Z 799f859abbbd: Download complete
2025-08-19T10:58:26.5660707Z d903e777080c: Verifying Checksum
2025-08-19T10:58:26.5661207Z d903e777080c: Download complete
2025-08-19T10:58:26.6057220Z 04adcb462801: Verifying Checksum
2025-08-19T10:58:26.6058031Z 04adcb462801: Download complete
2025-08-19T10:58:26.6257070Z 396b1da7636e: Pull complete
2025-08-19T10:58:26.8014148Z fca2566eba32: Pull complete
2025-08-19T10:58:26.8232850Z 5c10925b29ff: Download complete
2025-08-19T10:58:27.0028856Z 631fe8c6d606: Pull complete
2025-08-19T10:58:27.0529275Z 77c7671c4414: Pull complete
2025-08-19T10:58:27.2046505Z f5dfd246bc6e: Verifying Checksum
2025-08-19T10:58:27.3756749Z f5dfd246bc6e: Download complete
2025-08-19T10:58:27.3757420Z 2d9e29180a27: Pull complete
2025-08-19T10:58:27.4650223Z c6bcc2c9a041: Pull complete
2025-08-19T10:58:27.4748915Z ac4b721eb66f: Pull complete
2025-08-19T10:58:27.4874697Z 606bd164980e: Pull complete
2025-08-19T10:58:30.3982858Z f5dfd246bc6e: Pull complete
2025-08-19T10:58:30.4168815Z ba7036bb0a60: Pull complete
2025-08-19T10:58:30.4345291Z 799f859abbbd: Pull complete
2025-08-19T10:58:30.4468962Z d903e777080c: Pull complete
2025-08-19T10:58:30.4602691Z 04adcb462801: Pull complete
2025-08-19T10:58:30.4731541Z 5c10925b29ff: Pull complete
2025-08-19T10:58:30.4777585Z Digest: sha256:bc51cf4f1fe02cce7ed2370b20128a9b00b4eb804573a77d2a0d877aaa9c82b1
2025-08-19T10:58:30.4792437Z Status: Downloaded newer image for postgres:15
2025-08-19T10:58:30.4805732Z docker.io/library/postgres:15
2025-08-19T10:58:30.4872112Z ##[command]/usr/bin/docker create --name 1db1de22fa364b1abc561d2a2461cba4_postgres15_ad225b --label 1d22a8 --network github_network_8aac617483d44941bebb9768cbebe520 --network-alias postgres -p 5432:5432 --health-cmd="pg_isready -U postgres -d awa" --health-interval=5s --health-timeout=5s --health-retries=10 -e "POSTGRES_USER=postgres" -e "POSTGRES_PASSWORD=pass" -e "POSTGRES_DB=awa" -e GITHUB_ACTIONS=true -e CI=true postgres:15
2025-08-19T10:58:30.5164547Z a50fa7429b7cbd6f33ef5d99c2654c707378f692bfc82e4ddb8446f69e4fc241
2025-08-19T10:58:30.5185824Z ##[command]/usr/bin/docker start a50fa7429b7cbd6f33ef5d99c2654c707378f692bfc82e4ddb8446f69e4fc241
2025-08-19T10:58:30.7677343Z a50fa7429b7cbd6f33ef5d99c2654c707378f692bfc82e4ddb8446f69e4fc241
2025-08-19T10:58:30.7699828Z ##[command]/usr/bin/docker ps --all --filter id=a50fa7429b7cbd6f33ef5d99c2654c707378f692bfc82e4ddb8446f69e4fc241 --filter status=running --no-trunc --format "{{.ID}} {{.Status}}"
2025-08-19T10:58:30.7823127Z a50fa7429b7cbd6f33ef5d99c2654c707378f692bfc82e4ddb8446f69e4fc241 Up Less than a second (health: starting)
2025-08-19T10:58:30.7846949Z ##[command]/usr/bin/docker port a50fa7429b7cbd6f33ef5d99c2654c707378f692bfc82e4ddb8446f69e4fc241
2025-08-19T10:58:30.7975218Z 5432/tcp -> 0.0.0.0:5432
2025-08-19T10:58:30.8040350Z 5432/tcp -> [::]:5432
2025-08-19T10:58:30.8085622Z ##[endgroup]
2025-08-19T10:58:30.8086502Z ##[group]Starting redis service container
2025-08-19T10:58:30.8087674Z ##[command]/usr/bin/docker pull redis:7-alpine
2025-08-19T10:58:31.7958569Z 7-alpine: Pulling from library/redis
2025-08-19T10:58:32.0449413Z 0368fd46e3c6: Pulling fs layer
2025-08-19T10:58:32.0449917Z 4c55286bbede: Pulling fs layer
2025-08-19T10:58:32.0450332Z 5e28347af205: Pulling fs layer
2025-08-19T10:58:32.0450767Z 311eca34042e: Pulling fs layer
2025-08-19T10:58:32.0451206Z e6fe6f07e192: Pulling fs layer
2025-08-19T10:58:32.0451665Z a2cadbfeca72: Pulling fs layer
2025-08-19T10:58:32.0452047Z 4f4fb700ef54: Pulling fs layer
2025-08-19T10:58:32.0452432Z a976ed7e7808: Pulling fs layer
2025-08-19T10:58:32.0452981Z e6fe6f07e192: Waiting
2025-08-19T10:58:32.0453341Z a2cadbfeca72: Waiting
2025-08-19T10:58:32.0453664Z 4f4fb700ef54: Waiting
2025-08-19T10:58:32.0453991Z a976ed7e7808: Waiting
2025-08-19T10:58:32.0454301Z 311eca34042e: Waiting
2025-08-19T10:58:32.2851449Z 5e28347af205: Verifying Checksum
2025-08-19T10:58:32.2851858Z 5e28347af205: Download complete
2025-08-19T10:58:32.3040621Z 4c55286bbede: Verifying Checksum
2025-08-19T10:58:32.3211251Z 0368fd46e3c6: Verifying Checksum
2025-08-19T10:58:32.3211785Z 0368fd46e3c6: Download complete
2025-08-19T10:58:32.4225568Z 0368fd46e3c6: Pull complete
2025-08-19T10:58:32.4450996Z 4c55286bbede: Pull complete
2025-08-19T10:58:32.5677804Z a2cadbfeca72: Verifying Checksum
2025-08-19T10:58:32.5678984Z a2cadbfeca72: Download complete
2025-08-19T10:58:32.5737836Z 311eca34042e: Verifying Checksum
2025-08-19T10:58:32.5738248Z 311eca34042e: Download complete
2025-08-19T10:58:32.5764989Z 5e28347af205: Pull complete
2025-08-19T10:58:32.6113008Z 311eca34042e: Pull complete
2025-08-19T10:58:32.6304621Z e6fe6f07e192: Download complete
2025-08-19T10:58:32.8074628Z e6fe6f07e192: Pull complete
2025-08-19T10:58:32.8154950Z 4f4fb700ef54: Verifying Checksum
2025-08-19T10:58:32.8155352Z 4f4fb700ef54: Download complete
2025-08-19T10:58:32.8203961Z a2cadbfeca72: Pull complete
2025-08-19T10:58:32.8307046Z 4f4fb700ef54: Pull complete
2025-08-19T10:58:32.8552771Z a976ed7e7808: Download complete
2025-08-19T10:58:32.8702190Z a976ed7e7808: Pull complete
2025-08-19T10:58:32.8746365Z Digest: sha256:bb186d083732f669da90be8b0f975a37812b15e913465bb14d845db72a4e3e08
2025-08-19T10:58:32.8761348Z Status: Downloaded newer image for redis:7-alpine
2025-08-19T10:58:32.8769905Z docker.io/library/redis:7-alpine
2025-08-19T10:58:32.8786470Z ##[command]/usr/bin/docker create --name dd83c8e32c5d4480b7c957675d062531_redis7alpine_566d83 --label 1d22a8 --network github_network_8aac617483d44941bebb9768cbebe520 --network-alias redis -p 6379:6379  -e GITHUB_ACTIONS=true -e CI=true redis:7-alpine
2025-08-19T10:58:32.9029494Z 84e612222d1009ca296acc5f58f32bc6b1267404cf26212695a4c3038b77590d
2025-08-19T10:58:32.9043017Z ##[command]/usr/bin/docker start 84e612222d1009ca296acc5f58f32bc6b1267404cf26212695a4c3038b77590d
2025-08-19T10:58:33.0450909Z 84e612222d1009ca296acc5f58f32bc6b1267404cf26212695a4c3038b77590d
2025-08-19T10:58:33.0468149Z ##[command]/usr/bin/docker ps --all --filter id=84e612222d1009ca296acc5f58f32bc6b1267404cf26212695a4c3038b77590d --filter status=running --no-trunc --format "{{.ID}} {{.Status}}"
2025-08-19T10:58:33.0588884Z 84e612222d1009ca296acc5f58f32bc6b1267404cf26212695a4c3038b77590d Up Less than a second
2025-08-19T10:58:33.0605151Z ##[command]/usr/bin/docker port 84e612222d1009ca296acc5f58f32bc6b1267404cf26212695a4c3038b77590d
2025-08-19T10:58:33.0715381Z 6379/tcp -> 0.0.0.0:6379
2025-08-19T10:58:33.0715892Z 6379/tcp -> [::]:6379
2025-08-19T10:58:33.0728300Z ##[endgroup]
2025-08-19T10:58:33.0738390Z ##[group]Waiting for all services to be ready
2025-08-19T10:58:33.0751714Z ##[command]/usr/bin/docker inspect --format="{{if .Config.Healthcheck}}{{print .State.Health.Status}}{{end}}" a50fa7429b7cbd6f33ef5d99c2654c707378f692bfc82e4ddb8446f69e4fc241
2025-08-19T10:58:33.0864791Z starting
2025-08-19T10:58:33.0883911Z postgres service is starting, waiting 2 seconds before checking again.
2025-08-19T10:58:35.0880684Z ##[command]/usr/bin/docker inspect --format="{{if .Config.Healthcheck}}{{print .State.Health.Status}}{{end}}" a50fa7429b7cbd6f33ef5d99c2654c707378f692bfc82e4ddb8446f69e4fc241
2025-08-19T10:58:35.1003570Z starting
2025-08-19T10:58:35.1019672Z postgres service is starting, waiting 4 seconds before checking again.
2025-08-19T10:58:39.3562864Z ##[command]/usr/bin/docker inspect --format="{{if .Config.Healthcheck}}{{print .State.Health.Status}}{{end}}" a50fa7429b7cbd6f33ef5d99c2654c707378f692bfc82e4ddb8446f69e4fc241
2025-08-19T10:58:39.3682080Z healthy
2025-08-19T10:58:39.3697598Z postgres service is healthy.
2025-08-19T10:58:39.3698350Z ##[command]/usr/bin/docker inspect --format="{{if .Config.Healthcheck}}{{print .State.Health.Status}}{{end}}" 84e612222d1009ca296acc5f58f32bc6b1267404cf26212695a4c3038b77590d
2025-08-19T10:58:39.3818618Z redis service is healthy.
2025-08-19T10:58:39.3819193Z ##[endgroup]
2025-08-19T10:58:39.4057599Z ##[group]Run actions/checkout@v4
2025-08-19T10:58:39.4058116Z with:
2025-08-19T10:58:39.4058293Z   fetch-depth: 0
2025-08-19T10:58:39.4058506Z   repository: AlexBomber12/AWA-App
2025-08-19T10:58:39.4058865Z   token: ***
2025-08-19T10:58:39.4059045Z   ssh-strict: true
2025-08-19T10:58:39.4059217Z   ssh-user: git
2025-08-19T10:58:39.4059401Z   persist-credentials: true
2025-08-19T10:58:39.4059605Z   clean: true
2025-08-19T10:58:39.4059793Z   sparse-checkout-cone-mode: true
2025-08-19T10:58:39.4060013Z   fetch-tags: false
2025-08-19T10:58:39.4060197Z   show-progress: true
2025-08-19T10:58:39.4060381Z   lfs: false
2025-08-19T10:58:39.4060538Z   submodules: false
2025-08-19T10:58:39.4060722Z   set-safe-directory: true
2025-08-19T10:58:39.4061095Z env:
2025-08-19T10:58:39.4061292Z   REDIS_URL: redis://localhost:6379/0
2025-08-19T10:58:39.4061547Z   RATE_LIMIT_DEFAULT: 100/minute
2025-08-19T10:58:39.4061757Z   TRUST_X_FORWARDED: 1
2025-08-19T10:58:39.4061932Z ##[endgroup]
2025-08-19T10:58:39.5098993Z Syncing repository: AlexBomber12/AWA-App
2025-08-19T10:58:39.5100175Z ##[group]Getting Git version info
2025-08-19T10:58:39.5100527Z Working directory is '/home/runner/work/AWA-App/AWA-App'
2025-08-19T10:58:39.5101021Z [command]/usr/bin/git version
2025-08-19T10:58:39.5189974Z git version 2.50.1
2025-08-19T10:58:39.5216007Z ##[endgroup]
2025-08-19T10:58:39.5229326Z Temporarily overriding HOME='/home/runner/work/_temp/df7b8671-cd07-44e4-b92f-d149fc7129f2' before making global git config changes
2025-08-19T10:58:39.5230370Z Adding repository directory to the temporary git global config as a safe directory
2025-08-19T10:58:39.5241731Z [command]/usr/bin/git config --global --add safe.directory /home/runner/work/AWA-App/AWA-App
2025-08-19T10:58:39.5278200Z Deleting the contents of '/home/runner/work/AWA-App/AWA-App'
2025-08-19T10:58:39.5281600Z ##[group]Initializing the repository
2025-08-19T10:58:39.5285668Z [command]/usr/bin/git init /home/runner/work/AWA-App/AWA-App
2025-08-19T10:58:39.5369050Z hint: Using 'master' as the name for the initial branch. This default branch name
2025-08-19T10:58:39.5369845Z hint: is subject to change. To configure the initial branch name to use in all
2025-08-19T10:58:39.5370395Z hint: of your new repositories, which will suppress this warning, call:
2025-08-19T10:58:39.5370789Z hint:
2025-08-19T10:58:39.5371089Z hint: 	git config --global init.defaultBranch <name>
2025-08-19T10:58:39.5371422Z hint:
2025-08-19T10:58:39.5371735Z hint: Names commonly chosen instead of 'master' are 'main', 'trunk' and
2025-08-19T10:58:39.5372277Z hint: 'development'. The just-created branch can be renamed via this command:
2025-08-19T10:58:39.5372902Z hint:
2025-08-19T10:58:39.5373123Z hint: 	git branch -m <name>
2025-08-19T10:58:39.5373390Z hint:
2025-08-19T10:58:39.5373733Z hint: Disable this message with "git config set advice.defaultBranchName false"
2025-08-19T10:58:39.5374819Z Initialized empty Git repository in /home/runner/work/AWA-App/AWA-App/.git/
2025-08-19T10:58:39.5385710Z [command]/usr/bin/git remote add origin https://github.com/AlexBomber12/AWA-App
2025-08-19T10:58:39.5419951Z ##[endgroup]
2025-08-19T10:58:39.5420319Z ##[group]Disabling automatic garbage collection
2025-08-19T10:58:39.5424554Z [command]/usr/bin/git config --local gc.auto 0
2025-08-19T10:58:39.5452842Z ##[endgroup]
2025-08-19T10:58:39.5453462Z ##[group]Setting up auth
2025-08-19T10:58:39.5460454Z [command]/usr/bin/git config --local --name-only --get-regexp core\.sshCommand
2025-08-19T10:58:39.5490139Z [command]/usr/bin/git submodule foreach --recursive sh -c "git config --local --name-only --get-regexp 'core\.sshCommand' && git config --local --unset-all 'core.sshCommand' || :"
2025-08-19T10:58:39.5794968Z [command]/usr/bin/git config --local --name-only --get-regexp http\.https\:\/\/github\.com\/\.extraheader
2025-08-19T10:58:39.5824349Z [command]/usr/bin/git submodule foreach --recursive sh -c "git config --local --name-only --get-regexp 'http\.https\:\/\/github\.com\/\.extraheader' && git config --local --unset-all 'http.https://github.com/.extraheader' || :"
2025-08-19T10:58:39.6044500Z [command]/usr/bin/git config --local http.https://github.com/.extraheader AUTHORIZATION: basic ***
2025-08-19T10:58:39.6077138Z ##[endgroup]
2025-08-19T10:58:39.6077799Z ##[group]Fetching the repository
2025-08-19T10:58:39.6094163Z [command]/usr/bin/git -c protocol.version=2 fetch --prune --no-recurse-submodules origin +refs/heads/*:refs/remotes/origin/* +refs/tags/*:refs/tags/*
2025-08-19T10:58:41.8012102Z From https://github.com/AlexBomber12/AWA-App
2025-08-19T10:58:41.8013206Z  * [new branch]        codex/analyze-ci-logs-and-implement-fixes -> origin/codex/analyze-ci-logs-and-implement-fixes
2025-08-19T10:58:41.8014532Z  * [new branch]        codex/fix-ci-workflows-based-on-logs-analysis -> origin/codex/fix-ci-workflows-based-on-logs-analysis
2025-08-19T10:58:41.8016015Z  * [new branch]        codex/fix-ci-workflows-based-on-logs-analysis-mu9c9o -> origin/codex/fix-ci-workflows-based-on-logs-analysis-mu9c9o
2025-08-19T10:58:41.8018123Z  * [new branch]        codex/implement-ingest/etl-tests-pr#2 -> origin/codex/implement-ingest/etl-tests-pr#2
2025-08-19T10:58:41.8020283Z  * [new branch]        codex/implement-testing-infrastructure-updates -> origin/codex/implement-testing-infrastructure-updates
2025-08-19T10:58:41.8022043Z  * [new branch]        gh-pages   -> origin/gh-pages
2025-08-19T10:58:41.8024140Z  * [new branch]        main       -> origin/main
2025-08-19T10:58:41.8025710Z  * [new tag]           0.3.0      -> 0.3.0
2025-08-19T10:58:41.8063345Z [command]/usr/bin/git branch --list --remote origin/main
2025-08-19T10:58:41.8086364Z   origin/main
2025-08-19T10:58:41.8095744Z [command]/usr/bin/git rev-parse refs/remotes/origin/main
2025-08-19T10:58:41.8116056Z 1110f20ce548190e8117e6fa1a56f9ce6a55f49b
2025-08-19T10:58:41.8120917Z ##[endgroup]
2025-08-19T10:58:41.8121867Z ##[group]Determining the checkout info
2025-08-19T10:58:41.8122801Z ##[endgroup]
2025-08-19T10:58:41.8127606Z [command]/usr/bin/git sparse-checkout disable
2025-08-19T10:58:41.8166308Z [command]/usr/bin/git config --local --unset-all extensions.worktreeConfig
2025-08-19T10:58:41.8190702Z ##[group]Checking out the ref
2025-08-19T10:58:41.8195389Z [command]/usr/bin/git checkout --progress --force -B main refs/remotes/origin/main
2025-08-19T10:58:41.8616411Z Switched to a new branch 'main'
2025-08-19T10:58:41.8619303Z branch 'main' set up to track 'origin/main'.
2025-08-19T10:58:41.8629681Z ##[endgroup]
2025-08-19T10:58:41.8666776Z [command]/usr/bin/git log -1 --format=%H
2025-08-19T10:58:41.8688461Z 1110f20ce548190e8117e6fa1a56f9ce6a55f49b
2025-08-19T10:58:41.8844061Z ##[group]Run cat .env.ci >> "$GITHUB_ENV"
2025-08-19T10:58:41.8844390Z [36;1mcat .env.ci >> "$GITHUB_ENV"[0m
2025-08-19T10:58:41.8845048Z [36;1mecho "DATABASE_URL=***localhost:5432/awa" >> "$GITHUB_ENV"[0m
2025-08-19T10:58:41.8845416Z [36;1mecho "PG_HOST=localhost" >> "$GITHUB_ENV"[0m
2025-08-19T10:58:41.8845696Z [36;1mecho "PG_PORT=5432" >> "$GITHUB_ENV"[0m
2025-08-19T10:58:41.8845969Z [36;1mecho "PG_USER=postgres" >> "$GITHUB_ENV"[0m
2025-08-19T10:58:41.8846242Z [36;1mecho "PG_PASSWORD=pass" >> "$GITHUB_ENV"[0m
2025-08-19T10:58:41.8846512Z [36;1mecho "PG_DATABASE=awa" >> "$GITHUB_ENV"[0m
2025-08-19T10:58:41.8846794Z [36;1mecho "TESTING=1" >> "$GITHUB_ENV"[0m
2025-08-19T10:58:41.8888400Z shell: /usr/bin/bash -e {0}
2025-08-19T10:58:41.8888633Z env:
2025-08-19T10:58:41.8888830Z   REDIS_URL: redis://localhost:6379/0
2025-08-19T10:58:41.8889090Z   RATE_LIMIT_DEFAULT: 100/minute
2025-08-19T10:58:41.8889307Z   TRUST_X_FORWARDED: 1
2025-08-19T10:58:41.8889524Z ##[endgroup]
2025-08-19T10:58:41.9050134Z ##[group]Run actions/setup-python@v5
2025-08-19T10:58:41.9050379Z with:
2025-08-19T10:58:41.9050554Z   python-version: 3.12
2025-08-19T10:58:41.9050744Z   cache: pip
2025-08-19T10:58:41.9051520Z   cache-dependency-path: requirements-dev.txt
services/etl/requirements.txt
services/api/requirements.txt
services/repricer/requirements.txt
services/fees_h10/requirements.txt
services/alert_bot/requirements.txt

2025-08-19T10:58:41.9052777Z   check-latest: false
2025-08-19T10:58:41.9053078Z   token: ***
2025-08-19T10:58:41.9053254Z   update-environment: true
2025-08-19T10:58:41.9053471Z   allow-prereleases: false
2025-08-19T10:58:41.9053670Z   freethreaded: false
2025-08-19T10:58:41.9053848Z env:
2025-08-19T10:58:41.9054027Z   REDIS_URL: redis://localhost:6379/0
2025-08-19T10:58:41.9054274Z   RATE_LIMIT_DEFAULT: 100/minute
2025-08-19T10:58:41.9054486Z   TRUST_X_FORWARDED: 1
2025-08-19T10:58:41.9054692Z   PG_USER: postgres
2025-08-19T10:58:41.9054871Z   PG_PASSWORD: pass
2025-08-19T10:58:41.9055102Z   PG_DATABASE: awa
2025-08-19T10:58:41.9055275Z   PG_HOST: localhost
2025-08-19T10:58:41.9055461Z   PG_PORT: 5432
2025-08-19T10:58:41.9055827Z   PG_SYNC_DSN: ***localhost:5432/awa
2025-08-19T10:58:41.9056210Z   PG_ASYNC_DSN: ***localhost:5432/awa
2025-08-19T10:58:41.9056592Z   DATABASE_URL: ***localhost:5432/awa
2025-08-19T10:58:41.9056821Z   DATA_DIR: /tmp/awa-data
2025-08-19T10:58:41.9057009Z   ENABLE_LIVE: 0
2025-08-19T10:58:41.9057180Z   TESTING: 1
2025-08-19T10:58:41.9057335Z ##[endgroup]
2025-08-19T10:58:42.0680936Z ##[group]Installed versions
2025-08-19T10:58:42.0804726Z Successfully set up CPython (3.12.11)
2025-08-19T10:58:42.0805524Z ##[endgroup]
2025-08-19T10:58:42.1231823Z [command]/opt/hostedtoolcache/Python/3.12.11/x64/bin/pip cache dir
2025-08-19T10:58:43.2531824Z /home/runner/.cache/pip
2025-08-19T10:58:43.5495099Z Cache hit for: setup-python-Linux-x64-24.04-Ubuntu-python-3.12.11-pip-1e3bc7ba25bac47764d864e42cbf81e77f47563fc643eff52b873091f8e10ecf
2025-08-19T10:58:44.9196272Z Received 0 of 333749936 (0.0%), 0.0 MBs/sec
2025-08-19T10:58:45.9206104Z Received 92274688 of 333749936 (27.6%), 44.0 MBs/sec
2025-08-19T10:58:46.9217789Z Received 188743680 of 333749936 (56.6%), 59.9 MBs/sec
2025-08-19T10:58:47.9221051Z Received 268435456 of 333749936 (80.4%), 64.0 MBs/sec
2025-08-19T10:58:48.4309656Z Received 333749936 of 333749936 (100.0%), 70.5 MBs/sec
2025-08-19T10:58:48.4311578Z Cache Size: ~318 MB (333749936 B)
2025-08-19T10:58:48.4350816Z [command]/usr/bin/tar -xf /home/runner/work/_temp/80b323fe-287e-4f51-9dcb-c76fdbc7488e/cache.tzst -P -C /home/runner/work/AWA-App/AWA-App --use-compress-program unzstd
2025-08-19T10:58:48.9443775Z Cache restored successfully
2025-08-19T10:58:49.0074882Z Cache restored from key: setup-python-Linux-x64-24.04-Ubuntu-python-3.12.11-pip-1e3bc7ba25bac47764d864e42cbf81e77f47563fc643eff52b873091f8e10ecf
2025-08-19T10:58:49.0810224Z ##[group]Run actions/cache@v4
2025-08-19T10:58:49.0810483Z with:
2025-08-19T10:58:49.0810703Z   path: ~/.cache/pip
.pytest_cache
~/.ruff_cache

2025-08-19T10:58:49.0811138Z   key: Linux-test-5e711acf40f5252f84577ca397f83ab64fb9d7dad68b245c8525eecd4c9b10ee
2025-08-19T10:58:49.0811538Z   restore-keys: Linux-test-
2025-08-19T10:58:49.0811767Z   enableCrossOsArchive: false
2025-08-19T10:58:49.0812007Z   fail-on-cache-miss: false
2025-08-19T10:58:49.0812210Z   lookup-only: false
2025-08-19T10:58:49.0812404Z   save-always: false
2025-08-19T10:58:49.0812831Z env:
2025-08-19T10:58:49.0813125Z   REDIS_URL: redis://localhost:6379/0
2025-08-19T10:58:49.0813398Z   RATE_LIMIT_DEFAULT: 100/minute
2025-08-19T10:58:49.0813622Z   TRUST_X_FORWARDED: 1
2025-08-19T10:58:49.0813811Z   PG_USER: postgres
2025-08-19T10:58:49.0813998Z   PG_PASSWORD: pass
2025-08-19T10:58:49.0814180Z   PG_DATABASE: awa
2025-08-19T10:58:49.0814357Z   PG_HOST: localhost
2025-08-19T10:58:49.0814538Z   PG_PORT: 5432
2025-08-19T10:58:49.0815032Z   PG_SYNC_DSN: ***localhost:5432/awa
2025-08-19T10:58:49.0815475Z   PG_ASYNC_DSN: ***localhost:5432/awa
2025-08-19T10:58:49.0815853Z   DATABASE_URL: ***localhost:5432/awa
2025-08-19T10:58:49.0816084Z   DATA_DIR: /tmp/awa-data
2025-08-19T10:58:49.0816282Z   ENABLE_LIVE: 0
2025-08-19T10:58:49.0816456Z   TESTING: 1
2025-08-19T10:58:49.0816688Z   pythonLocation: /opt/hostedtoolcache/Python/3.12.11/x64
2025-08-19T10:58:49.0817096Z   PKG_CONFIG_PATH: /opt/hostedtoolcache/Python/3.12.11/x64/lib/pkgconfig
2025-08-19T10:58:49.0817478Z   Python_ROOT_DIR: /opt/hostedtoolcache/Python/3.12.11/x64
2025-08-19T10:58:49.0817825Z   Python2_ROOT_DIR: /opt/hostedtoolcache/Python/3.12.11/x64
2025-08-19T10:58:49.0818165Z   Python3_ROOT_DIR: /opt/hostedtoolcache/Python/3.12.11/x64
2025-08-19T10:58:49.0818513Z   LD_LIBRARY_PATH: /opt/hostedtoolcache/Python/3.12.11/x64/lib
2025-08-19T10:58:49.0818797Z ##[endgroup]
2025-08-19T10:58:49.4846249Z Cache hit for: Linux-test-5e711acf40f5252f84577ca397f83ab64fb9d7dad68b245c8525eecd4c9b10ee
2025-08-19T10:58:50.8086954Z Received 0 of 333755103 (0.0%), 0.0 MBs/sec
2025-08-19T10:58:51.8088893Z Received 96468992 of 333755103 (28.9%), 46.0 MBs/sec
2025-08-19T10:58:52.8099354Z Received 209715200 of 333755103 (62.8%), 66.6 MBs/sec
2025-08-19T10:58:53.8470001Z Received 268435456 of 333755103 (80.4%), 63.4 MBs/sec
2025-08-19T10:58:54.8470386Z Received 329560799 of 333755103 (98.7%), 62.4 MBs/sec
2025-08-19T10:58:54.9195323Z Received 333755103 of 333755103 (100.0%), 62.3 MBs/sec
2025-08-19T10:58:54.9198377Z Cache Size: ~318 MB (333755103 B)
2025-08-19T10:58:54.9238810Z [command]/usr/bin/tar -xf /home/runner/work/_temp/9f00f889-74c1-46c8-9424-460b86c146ed/cache.tzst -P -C /home/runner/work/AWA-App/AWA-App --use-compress-program unzstd
2025-08-19T10:58:55.5007864Z Cache restored successfully
2025-08-19T10:58:55.5711349Z Cache restored from key: Linux-test-5e711acf40f5252f84577ca397f83ab64fb9d7dad68b245c8525eecd4c9b10ee
2025-08-19T10:58:55.5831119Z ##[group]Run pip install -r services/etl/requirements.txt
2025-08-19T10:58:55.5831547Z [36;1mpip install -r services/etl/requirements.txt[0m
2025-08-19T10:58:55.5831881Z [36;1mpip install -r services/api/requirements.txt[0m
2025-08-19T10:58:55.5832223Z [36;1mpip install -r services/repricer/requirements.txt[0m
2025-08-19T10:58:55.5832829Z [36;1mpip install -r services/fees_h10/requirements.txt[0m
2025-08-19T10:58:55.5833182Z [36;1mpip install -r services/alert_bot/requirements.txt[0m
2025-08-19T10:58:55.5833696Z [36;1mpip install -r requirements-dev.txt[0m
2025-08-19T10:58:55.5833965Z [36;1mpip install asyncpg[0m
2025-08-19T10:58:55.5834185Z [36;1mpip install pytest[0m
2025-08-19T10:58:55.5834431Z [36;1mpip install keepa==1.3.15 minio==7.1.15[0m
2025-08-19T10:58:55.5875309Z shell: /usr/bin/bash -e {0}
2025-08-19T10:58:55.5875532Z env:
2025-08-19T10:58:55.5875746Z   REDIS_URL: redis://localhost:6379/0
2025-08-19T10:58:55.5876012Z   RATE_LIMIT_DEFAULT: 100/minute
2025-08-19T10:58:55.5876276Z   TRUST_X_FORWARDED: 1
2025-08-19T10:58:55.5876481Z   PG_USER: postgres
2025-08-19T10:58:55.5876665Z   PG_PASSWORD: pass
2025-08-19T10:58:55.5876848Z   PG_DATABASE: awa
2025-08-19T10:58:55.5877032Z   PG_HOST: localhost
2025-08-19T10:58:55.5877219Z   PG_PORT: 5432
2025-08-19T10:58:55.5877929Z   PG_SYNC_DSN: ***localhost:5432/awa
2025-08-19T10:58:55.5878345Z   PG_ASYNC_DSN: ***localhost:5432/awa
2025-08-19T10:58:55.5878771Z   DATABASE_URL: ***localhost:5432/awa
2025-08-19T10:58:55.5879020Z   DATA_DIR: /tmp/awa-data
2025-08-19T10:58:55.5879229Z   ENABLE_LIVE: 0
2025-08-19T10:58:55.5879410Z   TESTING: 1
2025-08-19T10:58:55.5879645Z   pythonLocation: /opt/hostedtoolcache/Python/3.12.11/x64
2025-08-19T10:58:55.5880044Z   PKG_CONFIG_PATH: /opt/hostedtoolcache/Python/3.12.11/x64/lib/pkgconfig
2025-08-19T10:58:55.5880442Z   Python_ROOT_DIR: /opt/hostedtoolcache/Python/3.12.11/x64
2025-08-19T10:58:55.5880791Z   Python2_ROOT_DIR: /opt/hostedtoolcache/Python/3.12.11/x64
2025-08-19T10:58:55.5881143Z   Python3_ROOT_DIR: /opt/hostedtoolcache/Python/3.12.11/x64
2025-08-19T10:58:55.5881530Z   LD_LIBRARY_PATH: /opt/hostedtoolcache/Python/3.12.11/x64/lib
2025-08-19T10:58:55.5881824Z ##[endgroup]
2025-08-19T10:58:56.4954911Z Collecting keepa==1.3.14 (from -r services/etl/requirements.txt (line 1))
2025-08-19T10:58:56.4968644Z   Using cached keepa-1.3.14-py3-none-any.whl.metadata (10 kB)
2025-08-19T10:58:56.5233024Z Collecting minio==7.1.15 (from -r services/etl/requirements.txt (line 2))
2025-08-19T10:58:56.5245032Z   Using cached minio-7.1.15-py3-none-any.whl.metadata (4.2 kB)
2025-08-19T10:58:56.5562858Z Collecting celery==5.3.* (from -r services/etl/requirements.txt (line 3))
2025-08-19T10:58:56.5574431Z   Using cached celery-5.3.6-py3-none-any.whl.metadata (21 kB)
2025-08-19T10:58:56.6019155Z Collecting redis==5.* (from -r services/etl/requirements.txt (line 4))
2025-08-19T10:58:56.6030868Z   Using cached redis-5.3.1-py3-none-any.whl.metadata (9.2 kB)
2025-08-19T10:58:56.6569559Z Collecting python-amazon-sp-api==0.8.0 (from -r services/etl/requirements.txt (line 5))
2025-08-19T10:58:56.6581456Z   Using cached python_amazon_sp_api-0.8.0-py3-none-any.whl.metadata (3.2 kB)
2025-08-19T10:58:56.6791587Z Collecting pydantic-settings==2.2.1 (from -r services/etl/requirements.txt (line 6))
2025-08-19T10:58:56.6803367Z   Using cached pydantic_settings-2.2.1-py3-none-any.whl.metadata (3.1 kB)
2025-08-19T10:58:56.8402354Z Collecting numpy<2 (from -r services/etl/requirements.txt (line 7))
2025-08-19T10:58:56.8415816Z   Using cached numpy-1.26.4-cp312-cp312-manylinux_2_17_x86_64.manylinux2014_x86_64.whl.metadata (61 kB)
2025-08-19T10:58:56.9514306Z Collecting pandas==2.2.* (from -r services/etl/requirements.txt (line 8))
2025-08-19T10:58:56.9527340Z   Using cached pandas-2.2.3-cp312-cp312-manylinux_2_17_x86_64.manylinux2014_x86_64.whl.metadata (89 kB)
2025-08-19T10:58:57.0111681Z Collecting pandera==0.19.* (from -r services/etl/requirements.txt (line 9))
2025-08-19T10:58:57.0123863Z   Using cached pandera-0.19.3-py3-none-any.whl.metadata (15 kB)
2025-08-19T10:58:57.0328445Z Collecting openpyxl==3.1.* (from -r services/etl/requirements.txt (line 10))
2025-08-19T10:58:57.0340132Z   Using cached openpyxl-3.1.5-py2.py3-none-any.whl.metadata (2.5 kB)
2025-08-19T10:58:57.0888149Z Collecting psycopg2-binary==2.9.* (from -r services/etl/requirements.txt (line 11))
2025-08-19T10:58:57.0900926Z   Using cached psycopg2_binary-2.9.10-cp312-cp312-manylinux_2_17_x86_64.manylinux2014_x86_64.whl.metadata (4.9 kB)
2025-08-19T10:58:57.1231624Z Collecting requests>=2.2 (from keepa==1.3.14->-r services/etl/requirements.txt (line 1))
2025-08-19T10:58:57.1243159Z   Using cached requests-2.32.5-py3-none-any.whl.metadata (4.9 kB)
2025-08-19T10:58:57.1567512Z Collecting tqdm (from keepa==1.3.14->-r services/etl/requirements.txt (line 1))
2025-08-19T10:58:57.1578626Z   Using cached tqdm-4.67.1-py3-none-any.whl.metadata (57 kB)
2025-08-19T10:58:57.6374508Z Collecting aiohttp (from keepa==1.3.14->-r services/etl/requirements.txt (line 1))
2025-08-19T10:58:57.6388008Z   Using cached aiohttp-3.12.15-cp312-cp312-manylinux_2_17_x86_64.manylinux2014_x86_64.whl.metadata (7.7 kB)
2025-08-19T10:58:57.7499755Z Collecting pydantic (from keepa==1.3.14->-r services/etl/requirements.txt (line 1))
2025-08-19T10:58:57.7516518Z   Using cached pydantic-2.11.7-py3-none-any.whl.metadata (67 kB)
2025-08-19T10:58:57.7717767Z Collecting certifi (from minio==7.1.15->-r services/etl/requirements.txt (line 2))
2025-08-19T10:58:57.7729161Z   Using cached certifi-2025.8.3-py3-none-any.whl.metadata (2.4 kB)
2025-08-19T10:58:57.7940082Z Collecting urllib3 (from minio==7.1.15->-r services/etl/requirements.txt (line 2))
2025-08-19T10:58:57.7951157Z   Using cached urllib3-2.5.0-py3-none-any.whl.metadata (6.5 kB)
2025-08-19T10:58:57.8077631Z Collecting six<2,>=1.15 (from python-amazon-sp-api==0.8.0->-r services/etl/requirements.txt (line 5))
2025-08-19T10:58:57.8088169Z   Using cached six-1.17.0-py2.py3-none-any.whl.metadata (1.7 kB)
2025-08-19T10:58:58.1803089Z Collecting boto3<2,>=1.16.39 (from python-amazon-sp-api==0.8.0->-r services/etl/requirements.txt (line 5))
2025-08-19T10:58:58.1815618Z   Using cached boto3-1.40.12-py3-none-any.whl.metadata (6.7 kB)
2025-08-19T10:58:58.1978830Z Collecting cachetools~=4.2.0 (from python-amazon-sp-api==0.8.0->-r services/etl/requirements.txt (line 5))
2025-08-19T10:58:58.1989575Z   Using cached cachetools-4.2.4-py3-none-any.whl.metadata (4.8 kB)
2025-08-19T10:58:58.2759010Z Collecting pycryptodome (from python-amazon-sp-api==0.8.0->-r services/etl/requirements.txt (line 5))
2025-08-19T10:58:58.2770724Z   Using cached pycryptodome-3.23.0-cp37-abi3-manylinux_2_17_x86_64.manylinux2014_x86_64.whl.metadata (3.4 kB)
2025-08-19T10:58:58.3089598Z Collecting pytz (from python-amazon-sp-api==0.8.0->-r services/etl/requirements.txt (line 5))
2025-08-19T10:58:58.3100533Z   Using cached pytz-2025.2-py2.py3-none-any.whl.metadata (22 kB)
2025-08-19T10:58:58.3201748Z Collecting confuse~=1.4.0 (from python-amazon-sp-api==0.8.0->-r services/etl/requirements.txt (line 5))
2025-08-19T10:58:58.3212993Z   Using cached confuse-1.4.0-py2.py3-none-any.whl.metadata (3.8 kB)
2025-08-19T10:58:58.3482182Z Collecting python-dotenv>=0.21.0 (from pydantic-settings==2.2.1->-r services/etl/requirements.txt (line 6))
2025-08-19T10:58:58.3493189Z   Using cached python_dotenv-1.1.1-py3-none-any.whl.metadata (24 kB)
2025-08-19T10:58:58.3660978Z Collecting billiard<5.0,>=4.2.0 (from celery==5.3.*->-r services/etl/requirements.txt (line 3))
2025-08-19T10:58:58.3671651Z   Using cached billiard-4.2.1-py3-none-any.whl.metadata (4.4 kB)
2025-08-19T10:58:58.3743876Z Collecting click-didyoumean>=0.3.0 (from celery==5.3.*->-r services/etl/requirements.txt (line 3))
2025-08-19T10:58:58.3754567Z   Using cached click_didyoumean-0.3.1-py3-none-any.whl.metadata (3.9 kB)
2025-08-19T10:58:58.3827153Z Collecting click-plugins>=1.1.1 (from celery==5.3.*->-r services/etl/requirements.txt (line 3))
2025-08-19T10:58:58.3838270Z   Using cached click_plugins-1.1.1.2-py2.py3-none-any.whl.metadata (6.5 kB)
2025-08-19T10:58:58.3918522Z Collecting click-repl>=0.2.0 (from celery==5.3.*->-r services/etl/requirements.txt (line 3))
2025-08-19T10:58:58.3928917Z   Using cached click_repl-0.3.0-py3-none-any.whl.metadata (3.6 kB)
2025-08-19T10:58:58.4080572Z Collecting click<9.0,>=8.1.2 (from celery==5.3.*->-r services/etl/requirements.txt (line 3))
2025-08-19T10:58:58.4091877Z   Using cached click-8.2.1-py3-none-any.whl.metadata (2.5 kB)
2025-08-19T10:58:58.4344643Z Collecting kombu<6.0,>=5.3.4 (from celery==5.3.*->-r services/etl/requirements.txt (line 3))
2025-08-19T10:58:58.4355685Z   Using cached kombu-5.5.4-py3-none-any.whl.metadata (3.5 kB)
2025-08-19T10:58:58.4510743Z Collecting python-dateutil>=2.8.2 (from celery==5.3.*->-r services/etl/requirements.txt (line 3))
2025-08-19T10:58:58.4521632Z   Using cached python_dateutil-2.9.0.post0-py2.py3-none-any.whl.metadata (8.4 kB)
2025-08-19T10:58:58.4631191Z Collecting tzdata>=2022.7 (from celery==5.3.*->-r services/etl/requirements.txt (line 3))
2025-08-19T10:58:58.4642355Z   Using cached tzdata-2025.2-py2.py3-none-any.whl.metadata (1.4 kB)
2025-08-19T10:58:58.4721878Z Collecting vine<6.0,>=5.1.0 (from celery==5.3.*->-r services/etl/requirements.txt (line 3))
2025-08-19T10:58:58.4732700Z   Using cached vine-5.1.0-py3-none-any.whl.metadata (2.7 kB)
2025-08-19T10:58:58.4880514Z Collecting PyJWT>=2.9.0 (from redis==5.*->-r services/etl/requirements.txt (line 4))
2025-08-19T10:58:58.4891713Z   Using cached PyJWT-2.10.1-py3-none-any.whl.metadata (4.0 kB)
2025-08-19T10:58:58.5158480Z Collecting multimethod<=1.10.0 (from pandera==0.19.*->-r services/etl/requirements.txt (line 9))
2025-08-19T10:58:58.5169233Z   Using cached multimethod-1.10-py3-none-any.whl.metadata (8.2 kB)
2025-08-19T10:58:58.5377834Z Collecting packaging>=20.0 (from pandera==0.19.*->-r services/etl/requirements.txt (line 9))
2025-08-19T10:58:58.5388935Z   Using cached packaging-25.0-py3-none-any.whl.metadata (3.3 kB)
2025-08-19T10:58:58.5631554Z Collecting typeguard (from pandera==0.19.*->-r services/etl/requirements.txt (line 9))
2025-08-19T10:58:58.5642479Z   Using cached typeguard-4.4.4-py3-none-any.whl.metadata (3.3 kB)
2025-08-19T10:58:58.5729583Z Collecting typing-inspect>=0.6.0 (from pandera==0.19.*->-r services/etl/requirements.txt (line 9))
2025-08-19T10:58:58.5740279Z   Using cached typing_inspect-0.9.0-py3-none-any.whl.metadata (1.5 kB)
2025-08-19T10:58:58.6686798Z Collecting wrapt (from pandera==0.19.*->-r services/etl/requirements.txt (line 9))
2025-08-19T10:58:58.6699578Z   Using cached wrapt-1.17.3-cp312-cp312-manylinux1_x86_64.manylinux_2_28_x86_64.manylinux_2_5_x86_64.whl.metadata (6.4 kB)
2025-08-19T10:58:58.6788676Z Collecting et-xmlfile (from openpyxl==3.1.*->-r services/etl/requirements.txt (line 10))
2025-08-19T10:58:58.6801583Z   Using cached et_xmlfile-2.0.0-py3-none-any.whl.metadata (2.7 kB)
2025-08-19T10:58:59.0882014Z Collecting botocore<1.41.0,>=1.40.12 (from boto3<2,>=1.16.39->python-amazon-sp-api==0.8.0->-r services/etl/requirements.txt (line 5))
2025-08-19T10:58:59.0895473Z   Using cached botocore-1.40.12-py3-none-any.whl.metadata (5.7 kB)
2025-08-19T10:58:59.1007098Z Collecting jmespath<2.0.0,>=0.7.1 (from boto3<2,>=1.16.39->python-amazon-sp-api==0.8.0->-r services/etl/requirements.txt (line 5))
2025-08-19T10:58:59.1018316Z   Using cached jmespath-1.0.1-py3-none-any.whl.metadata (7.6 kB)
2025-08-19T10:58:59.1159630Z Collecting s3transfer<0.14.0,>=0.13.0 (from boto3<2,>=1.16.39->python-amazon-sp-api==0.8.0->-r services/etl/requirements.txt (line 5))
2025-08-19T10:58:59.1170439Z   Using cached s3transfer-0.13.1-py3-none-any.whl.metadata (1.7 kB)
2025-08-19T10:58:59.1642212Z Collecting pyyaml (from confuse~=1.4.0->python-amazon-sp-api==0.8.0->-r services/etl/requirements.txt (line 5))
2025-08-19T10:58:59.1654513Z   Using cached PyYAML-6.0.2-cp312-cp312-manylinux_2_17_x86_64.manylinux2014_x86_64.whl.metadata (2.1 kB)
2025-08-19T10:58:59.1817753Z Collecting amqp<6.0.0,>=5.1.1 (from kombu<6.0,>=5.3.4->celery==5.3.*->-r services/etl/requirements.txt (line 3))
2025-08-19T10:58:59.1829081Z   Using cached amqp-5.3.1-py3-none-any.whl.metadata (8.9 kB)
2025-08-19T10:58:59.4616891Z Collecting prompt-toolkit>=3.0.36 (from click-repl>=0.2.0->celery==5.3.*->-r services/etl/requirements.txt (line 3))
2025-08-19T10:58:59.4628448Z   Using cached prompt_toolkit-3.0.51-py3-none-any.whl.metadata (6.4 kB)
2025-08-19T10:58:59.4761713Z Collecting wcwidth (from prompt-toolkit>=3.0.36->click-repl>=0.2.0->celery==5.3.*->-r services/etl/requirements.txt (line 3))
2025-08-19T10:58:59.4773122Z   Using cached wcwidth-0.2.13-py2.py3-none-any.whl.metadata (14 kB)
2025-08-19T10:58:59.4870310Z Collecting annotated-types>=0.6.0 (from pydantic->keepa==1.3.14->-r services/etl/requirements.txt (line 1))
2025-08-19T10:58:59.4881313Z   Using cached annotated_types-0.7.0-py3-none-any.whl.metadata (15 kB)
2025-08-19T10:59:00.1488922Z Collecting pydantic-core==2.33.2 (from pydantic->keepa==1.3.14->-r services/etl/requirements.txt (line 1))
2025-08-19T10:59:00.1502482Z   Using cached pydantic_core-2.33.2-cp312-cp312-manylinux_2_17_x86_64.manylinux2014_x86_64.whl.metadata (6.8 kB)
2025-08-19T10:59:00.1660032Z Collecting typing-extensions>=4.12.2 (from pydantic->keepa==1.3.14->-r services/etl/requirements.txt (line 1))
2025-08-19T10:59:00.1671244Z   Using cached typing_extensions-4.14.1-py3-none-any.whl.metadata (3.0 kB)
2025-08-19T10:59:00.1747450Z Collecting typing-inspection>=0.4.0 (from pydantic->keepa==1.3.14->-r services/etl/requirements.txt (line 1))
2025-08-19T10:59:00.1758535Z   Using cached typing_inspection-0.4.1-py3-none-any.whl.metadata (2.6 kB)
2025-08-19T10:59:00.2598839Z Collecting charset_normalizer<4,>=2 (from requests>=2.2->keepa==1.3.14->-r services/etl/requirements.txt (line 1))
2025-08-19T10:59:00.2611121Z   Using cached charset_normalizer-3.4.3-cp312-cp312-manylinux2014_x86_64.manylinux_2_17_x86_64.manylinux_2_28_x86_64.whl.metadata (36 kB)
2025-08-19T10:59:00.2744607Z Collecting idna<4,>=2.5 (from requests>=2.2->keepa==1.3.14->-r services/etl/requirements.txt (line 1))
2025-08-19T10:59:00.2755629Z   Using cached idna-3.10-py3-none-any.whl.metadata (10 kB)
2025-08-19T10:59:00.3080785Z Collecting mypy-extensions>=0.3.0 (from typing-inspect>=0.6.0->pandera==0.19.*->-r services/etl/requirements.txt (line 9))
2025-08-19T10:59:00.3091958Z   Using cached mypy_extensions-1.1.0-py3-none-any.whl.metadata (1.1 kB)
2025-08-19T10:59:00.3363576Z Collecting aiohappyeyeballs>=2.5.0 (from aiohttp->keepa==1.3.14->-r services/etl/requirements.txt (line 1))
2025-08-19T10:59:00.3374774Z   Using cached aiohappyeyeballs-2.6.1-py3-none-any.whl.metadata (5.9 kB)
2025-08-19T10:59:00.3447093Z Collecting aiosignal>=1.4.0 (from aiohttp->keepa==1.3.14->-r services/etl/requirements.txt (line 1))
2025-08-19T10:59:00.3457829Z   Using cached aiosignal-1.4.0-py3-none-any.whl.metadata (3.7 kB)
2025-08-19T10:59:00.3577906Z Collecting attrs>=17.3.0 (from aiohttp->keepa==1.3.14->-r services/etl/requirements.txt (line 1))
2025-08-19T10:59:00.3588696Z   Using cached attrs-25.3.0-py3-none-any.whl.metadata (10 kB)
2025-08-19T10:59:00.4225846Z Collecting frozenlist>=1.1.1 (from aiohttp->keepa==1.3.14->-r services/etl/requirements.txt (line 1))
2025-08-19T10:59:00.4237917Z   Using cached frozenlist-1.7.0-cp312-cp312-manylinux_2_5_x86_64.manylinux1_x86_64.manylinux_2_17_x86_64.manylinux2014_x86_64.whl.metadata (18 kB)
2025-08-19T10:59:00.6378002Z Collecting multidict<7.0,>=4.5 (from aiohttp->keepa==1.3.14->-r services/etl/requirements.txt (line 1))
2025-08-19T10:59:00.6391619Z   Using cached multidict-6.6.4-cp312-cp312-manylinux2014_x86_64.manylinux_2_17_x86_64.manylinux_2_28_x86_64.whl.metadata (5.3 kB)
2025-08-19T10:59:00.6788000Z Collecting propcache>=0.2.0 (from aiohttp->keepa==1.3.14->-r services/etl/requirements.txt (line 1))
2025-08-19T10:59:00.6799554Z   Using cached propcache-0.3.2-cp312-cp312-manylinux_2_17_x86_64.manylinux2014_x86_64.whl.metadata (12 kB)
2025-08-19T10:59:00.9853959Z Collecting yarl<2.0,>=1.17.0 (from aiohttp->keepa==1.3.14->-r services/etl/requirements.txt (line 1))
2025-08-19T10:59:00.9867523Z   Using cached yarl-1.20.1-cp312-cp312-manylinux_2_17_x86_64.manylinux2014_x86_64.whl.metadata (73 kB)
2025-08-19T10:59:01.0444297Z Using cached keepa-1.3.14-py3-none-any.whl (33 kB)
2025-08-19T10:59:01.0455868Z Using cached minio-7.1.15-py3-none-any.whl (77 kB)
2025-08-19T10:59:01.0467813Z Using cached python_amazon_sp_api-0.8.0-py3-none-any.whl (93 kB)
2025-08-19T10:59:01.0479494Z Using cached pydantic_settings-2.2.1-py3-none-any.whl (13 kB)
2025-08-19T10:59:01.0490481Z Using cached celery-5.3.6-py3-none-any.whl (422 kB)
2025-08-19T10:59:01.0504460Z Using cached redis-5.3.1-py3-none-any.whl (272 kB)
2025-08-19T10:59:01.0517262Z Using cached numpy-1.26.4-cp312-cp312-manylinux_2_17_x86_64.manylinux2014_x86_64.whl (18.0 MB)
2025-08-19T10:59:01.0659429Z Using cached pandas-2.2.3-cp312-cp312-manylinux_2_17_x86_64.manylinux2014_x86_64.whl (12.7 MB)
2025-08-19T10:59:01.0760463Z Using cached pandera-0.19.3-py3-none-any.whl (251 kB)
2025-08-19T10:59:01.0773258Z Using cached openpyxl-3.1.5-py2.py3-none-any.whl (250 kB)
2025-08-19T10:59:01.0786928Z Using cached psycopg2_binary-2.9.10-cp312-cp312-manylinux_2_17_x86_64.manylinux2014_x86_64.whl (3.0 MB)
2025-08-19T10:59:01.0819122Z Using cached billiard-4.2.1-py3-none-any.whl (86 kB)
2025-08-19T10:59:01.0830629Z Using cached boto3-1.40.12-py3-none-any.whl (140 kB)
2025-08-19T10:59:01.0842723Z Using cached botocore-1.40.12-py3-none-any.whl (14.0 MB)
2025-08-19T10:59:01.0953696Z Using cached cachetools-4.2.4-py3-none-any.whl (10 kB)
2025-08-19T10:59:01.0964390Z Using cached click-8.2.1-py3-none-any.whl (102 kB)
2025-08-19T10:59:01.0975752Z Using cached confuse-1.4.0-py2.py3-none-any.whl (21 kB)
2025-08-19T10:59:01.0986538Z Using cached jmespath-1.0.1-py3-none-any.whl (20 kB)
2025-08-19T10:59:01.0997142Z Using cached kombu-5.5.4-py3-none-any.whl (210 kB)
2025-08-19T10:59:01.1008981Z Using cached vine-5.1.0-py3-none-any.whl (9.6 kB)
2025-08-19T10:59:01.1019564Z Using cached amqp-5.3.1-py3-none-any.whl (50 kB)
2025-08-19T10:59:01.1030318Z Using cached multimethod-1.10-py3-none-any.whl (9.9 kB)
2025-08-19T10:59:01.1041178Z Using cached python_dateutil-2.9.0.post0-py2.py3-none-any.whl (229 kB)
2025-08-19T10:59:01.1053149Z Using cached s3transfer-0.13.1-py3-none-any.whl (85 kB)
2025-08-19T10:59:01.1064351Z Using cached six-1.17.0-py2.py3-none-any.whl (11 kB)
2025-08-19T10:59:01.1075006Z Using cached urllib3-2.5.0-py3-none-any.whl (129 kB)
2025-08-19T10:59:01.1086671Z Using cached click_didyoumean-0.3.1-py3-none-any.whl (3.6 kB)
2025-08-19T10:59:01.1097163Z Using cached click_plugins-1.1.1.2-py2.py3-none-any.whl (11 kB)
2025-08-19T10:59:01.1108341Z Using cached click_repl-0.3.0-py3-none-any.whl (10 kB)
2025-08-19T10:59:01.1119021Z Using cached packaging-25.0-py3-none-any.whl (66 kB)
2025-08-19T10:59:01.1130201Z Using cached prompt_toolkit-3.0.51-py3-none-any.whl (387 kB)
2025-08-19T10:59:01.1143730Z Using cached pydantic-2.11.7-py3-none-any.whl (444 kB)
2025-08-19T10:59:01.1157970Z Using cached pydantic_core-2.33.2-cp312-cp312-manylinux_2_17_x86_64.manylinux2014_x86_64.whl (2.0 MB)
2025-08-19T10:59:01.1184234Z Using cached annotated_types-0.7.0-py3-none-any.whl (13 kB)
2025-08-19T10:59:01.1193892Z Using cached PyJWT-2.10.1-py3-none-any.whl (22 kB)
2025-08-19T10:59:01.1204730Z Using cached python_dotenv-1.1.1-py3-none-any.whl (20 kB)
2025-08-19T10:59:01.1215691Z Using cached pytz-2025.2-py2.py3-none-any.whl (509 kB)
2025-08-19T10:59:01.1229846Z Using cached requests-2.32.5-py3-none-any.whl (64 kB)
2025-08-19T10:59:01.1242194Z Using cached charset_normalizer-3.4.3-cp312-cp312-manylinux2014_x86_64.manylinux_2_17_x86_64.manylinux_2_28_x86_64.whl (151 kB)
2025-08-19T10:59:01.1257571Z Using cached idna-3.10-py3-none-any.whl (70 kB)
2025-08-19T10:59:01.1275030Z Using cached certifi-2025.8.3-py3-none-any.whl (161 kB)
2025-08-19T10:59:01.1292341Z Using cached typing_extensions-4.14.1-py3-none-any.whl (43 kB)
2025-08-19T10:59:01.1308711Z Using cached typing_inspect-0.9.0-py3-none-any.whl (8.8 kB)
2025-08-19T10:59:01.1324399Z Using cached mypy_extensions-1.1.0-py3-none-any.whl (5.0 kB)
2025-08-19T10:59:01.1341014Z Using cached typing_inspection-0.4.1-py3-none-any.whl (14 kB)
2025-08-19T10:59:01.1355934Z Using cached tzdata-2025.2-py2.py3-none-any.whl (347 kB)
2025-08-19T10:59:01.1386766Z Using cached aiohttp-3.12.15-cp312-cp312-manylinux_2_17_x86_64.manylinux2014_x86_64.whl (1.7 MB)
2025-08-19T10:59:01.1406111Z Using cached multidict-6.6.4-cp312-cp312-manylinux2014_x86_64.manylinux_2_17_x86_64.manylinux_2_28_x86_64.whl (256 kB)
2025-08-19T10:59:01.1420748Z Using cached yarl-1.20.1-cp312-cp312-manylinux_2_17_x86_64.manylinux2014_x86_64.whl (355 kB)
2025-08-19T10:59:01.1434041Z Using cached aiohappyeyeballs-2.6.1-py3-none-any.whl (15 kB)
2025-08-19T10:59:01.1444726Z Using cached aiosignal-1.4.0-py3-none-any.whl (7.5 kB)
2025-08-19T10:59:01.1455996Z Using cached attrs-25.3.0-py3-none-any.whl (63 kB)
2025-08-19T10:59:01.1472020Z Using cached frozenlist-1.7.0-cp312-cp312-manylinux_2_5_x86_64.manylinux1_x86_64.manylinux_2_17_x86_64.manylinux2014_x86_64.whl (241 kB)
2025-08-19T10:59:01.1490733Z Using cached propcache-0.3.2-cp312-cp312-manylinux_2_17_x86_64.manylinux2014_x86_64.whl (224 kB)
2025-08-19T10:59:01.1508000Z Using cached et_xmlfile-2.0.0-py3-none-any.whl (18 kB)
2025-08-19T10:59:01.1523963Z Using cached pycryptodome-3.23.0-cp37-abi3-manylinux_2_17_x86_64.manylinux2014_x86_64.whl (2.3 MB)
2025-08-19T10:59:01.1559947Z Using cached PyYAML-6.0.2-cp312-cp312-manylinux_2_17_x86_64.manylinux2014_x86_64.whl (767 kB)
2025-08-19T10:59:01.1581216Z Using cached tqdm-4.67.1-py3-none-any.whl (78 kB)
2025-08-19T10:59:01.1595636Z Using cached typeguard-4.4.4-py3-none-any.whl (34 kB)
2025-08-19T10:59:01.1609911Z Using cached wcwidth-0.2.13-py2.py3-none-any.whl (34 kB)
2025-08-19T10:59:01.1625412Z Using cached wrapt-1.17.3-cp312-cp312-manylinux1_x86_64.manylinux_2_28_x86_64.manylinux_2_5_x86_64.whl (88 kB)
2025-08-19T10:59:01.4187782Z Installing collected packages: wcwidth, pytz, wrapt, vine, urllib3, tzdata, typing-extensions, tqdm, six, pyyaml, python-dotenv, PyJWT, pycryptodome, psycopg2-binary, propcache, prompt-toolkit, packaging, numpy, mypy-extensions, multimethod, multidict, jmespath, idna, frozenlist, et-xmlfile, click, charset_normalizer, certifi, cachetools, billiard, attrs, annotated-types, aiohappyeyeballs, yarl, typing-inspection, typing-inspect, typeguard, requests, redis, python-dateutil, pydantic-core, openpyxl, minio, confuse, click-repl, click-plugins, click-didyoumean, amqp, aiosignal, pydantic, pandas, kombu, botocore, aiohttp, s3transfer, pydantic-settings, pandera, keepa, celery, boto3, python-amazon-sp-api
2025-08-19T10:59:12.2291691Z 
2025-08-19T10:59:12.2352423Z Successfully installed PyJWT-2.10.1 aiohappyeyeballs-2.6.1 aiohttp-3.12.15 aiosignal-1.4.0 amqp-5.3.1 annotated-types-0.7.0 attrs-25.3.0 billiard-4.2.1 boto3-1.40.12 botocore-1.40.12 cachetools-4.2.4 celery-5.3.6 certifi-2025.8.3 charset_normalizer-3.4.3 click-8.2.1 click-didyoumean-0.3.1 click-plugins-1.1.1.2 click-repl-0.3.0 confuse-1.4.0 et-xmlfile-2.0.0 frozenlist-1.7.0 idna-3.10 jmespath-1.0.1 keepa-1.3.14 kombu-5.5.4 minio-7.1.15 multidict-6.6.4 multimethod-1.10 mypy-extensions-1.1.0 numpy-1.26.4 openpyxl-3.1.5 packaging-25.0 pandas-2.2.3 pandera-0.19.3 prompt-toolkit-3.0.51 propcache-0.3.2 psycopg2-binary-2.9.10 pycryptodome-3.23.0 pydantic-2.11.7 pydantic-core-2.33.2 pydantic-settings-2.2.1 python-amazon-sp-api-0.8.0 python-dateutil-2.9.0.post0 python-dotenv-1.1.1 pytz-2025.2 pyyaml-6.0.2 redis-5.3.1 requests-2.32.5 s3transfer-0.13.1 six-1.17.0 tqdm-4.67.1 typeguard-4.4.4 typing-extensions-4.14.1 typing-inspect-0.9.0 typing-inspection-0.4.1 tzdata-2025.2 urllib3-2.5.0 vine-5.1.0 wcwidth-0.2.13 wrapt-1.17.3 yarl-1.20.1
2025-08-19T10:59:13.1489709Z Collecting uvicorn==0.29.0 (from -r services/api/requirements.txt (line 1))
2025-08-19T10:59:13.1502472Z   Using cached uvicorn-0.29.0-py3-none-any.whl.metadata (6.3 kB)
2025-08-19T10:59:13.1545227Z Requirement already satisfied: pydantic-settings==2.2.1 in /opt/hostedtoolcache/Python/3.12.11/x64/lib/python3.12/site-packages (from -r services/api/requirements.txt (line 2)) (2.2.1)
2025-08-19T10:59:13.1910401Z Collecting fastapi==0.111.0 (from -r services/api/requirements.txt (line 3))
2025-08-19T10:59:13.1921251Z   Using cached fastapi-0.111.0-py3-none-any.whl.metadata (25 kB)
2025-08-19T10:59:13.4566828Z Collecting sqlalchemy==2.0.29 (from -r services/api/requirements.txt (line 4))
2025-08-19T10:59:13.4580345Z   Using cached SQLAlchemy-2.0.29-cp312-cp312-manylinux_2_17_x86_64.manylinux2014_x86_64.whl.metadata (9.6 kB)
2025-08-19T10:59:13.4843030Z Collecting alembic==1.13.1 (from -r services/api/requirements.txt (line 5))
2025-08-19T10:59:13.4853849Z   Using cached alembic-1.13.1-py3-none-any.whl.metadata (7.4 kB)
2025-08-19T10:59:13.4998907Z Collecting psycopg==3.2.9 (from psycopg[binary]==3.2.9->-r services/api/requirements.txt (line 6))
2025-08-19T10:59:13.5009653Z   Using cached psycopg-3.2.9-py3-none-any.whl.metadata (4.5 kB)
2025-08-19T10:59:13.5206295Z Collecting httpx==0.27.2 (from -r services/api/requirements.txt (line 7))
2025-08-19T10:59:13.5217631Z   Using cached httpx-0.27.2-py3-none-any.whl.metadata (7.1 kB)
2025-08-19T10:59:13.5645337Z Collecting asyncpg==0.29.0 (from -r services/api/requirements.txt (line 8))
2025-08-19T10:59:13.5656847Z   Using cached asyncpg-0.29.0-cp312-cp312-manylinux_2_17_x86_64.manylinux2014_x86_64.whl.metadata (4.4 kB)
2025-08-19T10:59:13.8266047Z Collecting boto3==1.34.162 (from -r services/api/requirements.txt (line 9))
2025-08-19T10:59:13.8278425Z   Using cached boto3-1.34.162-py3-none-any.whl.metadata (6.6 kB)
2025-08-19T10:59:13.8410937Z Collecting Jinja2==3.1.5 (from -r services/api/requirements.txt (line 10))
2025-08-19T10:59:13.8422020Z   Using cached jinja2-3.1.5-py3-none-any.whl.metadata (2.6 kB)
2025-08-19T10:59:13.8439662Z Requirement already satisfied: celery==5.3.* in /opt/hostedtoolcache/Python/3.12.11/x64/lib/python3.12/site-packages (from -r services/api/requirements.txt (line 11)) (5.3.6)
2025-08-19T10:59:13.8546520Z Collecting structlog==24.1.0 (from -r services/api/requirements.txt (line 12))
2025-08-19T10:59:13.8557404Z   Using cached structlog-24.1.0-py3-none-any.whl.metadata (6.9 kB)
2025-08-19T10:59:13.8735306Z Collecting asgi-correlation-id==4.3.1 (from -r services/api/requirements.txt (line 13))
2025-08-19T10:59:13.8746432Z   Using cached asgi_correlation_id-4.3.1-py3-none-any.whl.metadata (28 kB)
2025-08-19T10:59:13.8840852Z Collecting fastapi-limiter==0.1.6 (from -r services/api/requirements.txt (line 14))
2025-08-19T10:59:13.8851756Z   Using cached fastapi_limiter-0.1.6-py3-none-any.whl.metadata (5.3 kB)
2025-08-19T10:59:13.9250947Z Collecting redis==5.0.8 (from -r services/api/requirements.txt (line 15))
2025-08-19T10:59:13.9262401Z   Using cached redis-5.0.8-py3-none-any.whl.metadata (9.2 kB)
2025-08-19T10:59:13.9739883Z Collecting sentry-sdk==2.9.0 (from sentry-sdk[celery,fastapi,sqlalchemy]==2.9.0->-r services/api/requirements.txt (line 16))
2025-08-19T10:59:13.9750891Z   Using cached sentry_sdk-2.9.0-py2.py3-none-any.whl.metadata (14 kB)
2025-08-19T10:59:14.0030447Z Requirement already satisfied: click>=7.0 in /opt/hostedtoolcache/Python/3.12.11/x64/lib/python3.12/site-packages (from uvicorn==0.29.0->-r services/api/requirements.txt (line 1)) (8.2.1)
2025-08-19T10:59:14.0109585Z Collecting h11>=0.8 (from uvicorn==0.29.0->-r services/api/requirements.txt (line 1))
2025-08-19T10:59:14.0120201Z   Using cached h11-0.16.0-py3-none-any.whl.metadata (8.3 kB)
2025-08-19T10:59:14.0148524Z Requirement already satisfied: pydantic>=2.3.0 in /opt/hostedtoolcache/Python/3.12.11/x64/lib/python3.12/site-packages (from pydantic-settings==2.2.1->-r services/api/requirements.txt (line 2)) (2.11.7)
2025-08-19T10:59:14.0153887Z Requirement already satisfied: python-dotenv>=0.21.0 in /opt/hostedtoolcache/Python/3.12.11/x64/lib/python3.12/site-packages (from pydantic-settings==2.2.1->-r services/api/requirements.txt (line 2)) (1.1.1)
2025-08-19T10:59:14.0381094Z Collecting starlette<0.38.0,>=0.37.2 (from fastapi==0.111.0->-r services/api/requirements.txt (line 3))
2025-08-19T10:59:14.0391849Z   Using cached starlette-0.37.2-py3-none-any.whl.metadata (5.9 kB)
2025-08-19T10:59:14.0420578Z Requirement already satisfied: typing-extensions>=4.8.0 in /opt/hostedtoolcache/Python/3.12.11/x64/lib/python3.12/site-packages (from fastapi==0.111.0->-r services/api/requirements.txt (line 3)) (4.14.1)
2025-08-19T10:59:14.0494503Z Collecting fastapi-cli>=0.0.2 (from fastapi==0.111.0->-r services/api/requirements.txt (line 3))
2025-08-19T10:59:14.0505666Z   Using cached fastapi_cli-0.0.8-py3-none-any.whl.metadata (6.3 kB)
2025-08-19T10:59:14.0681337Z Collecting python-multipart>=0.0.7 (from fastapi==0.111.0->-r services/api/requirements.txt (line 3))
2025-08-19T10:59:14.0692437Z   Using cached python_multipart-0.0.20-py3-none-any.whl.metadata (1.8 kB)
2025-08-19T10:59:14.1243247Z Collecting ujson!=4.0.2,!=4.1.0,!=4.2.0,!=4.3.0,!=5.0.0,!=5.1.0,>=4.0.1 (from fastapi==0.111.0->-r services/api/requirements.txt (line 3))
2025-08-19T10:59:14.1254081Z   Using cached ujson-5.10.0-cp312-cp312-manylinux_2_17_x86_64.manylinux2014_x86_64.whl.metadata (9.3 kB)
2025-08-19T10:59:14.3716863Z Collecting orjson>=3.2.1 (from fastapi==0.111.0->-r services/api/requirements.txt (line 3))
2025-08-19T10:59:14.3733696Z   Using cached orjson-3.11.2-cp312-cp312-manylinux_2_17_x86_64.manylinux2014_x86_64.whl.metadata (1.2 kB)
2025-08-19T10:59:14.3904056Z Collecting email_validator>=2.0.0 (from fastapi==0.111.0->-r services/api/requirements.txt (line 3))
2025-08-19T10:59:14.3915191Z   Using cached email_validator-2.2.0-py3-none-any.whl.metadata (25 kB)
2025-08-19T10:59:14.5569678Z Collecting greenlet!=0.4.17 (from sqlalchemy==2.0.29->-r services/api/requirements.txt (line 4))
2025-08-19T10:59:14.5582930Z   Using cached greenlet-3.2.4-cp312-cp312-manylinux_2_24_x86_64.manylinux_2_28_x86_64.whl.metadata (4.1 kB)
2025-08-19T10:59:14.6468719Z Collecting Mako (from alembic==1.13.1->-r services/api/requirements.txt (line 5))
2025-08-19T10:59:14.6480389Z   Using cached mako-1.3.10-py3-none-any.whl.metadata (2.9 kB)
2025-08-19T10:59:14.6663133Z Collecting anyio (from httpx==0.27.2->-r services/api/requirements.txt (line 7))
2025-08-19T10:59:14.6674648Z   Using cached anyio-4.10.0-py3-none-any.whl.metadata (4.0 kB)
2025-08-19T10:59:14.6696934Z Requirement already satisfied: certifi in /opt/hostedtoolcache/Python/3.12.11/x64/lib/python3.12/site-packages (from httpx==0.27.2->-r services/api/requirements.txt (line 7)) (2025.8.3)
2025-08-19T10:59:14.6843674Z Collecting httpcore==1.* (from httpx==0.27.2->-r services/api/requirements.txt (line 7))
2025-08-19T10:59:14.6855222Z   Using cached httpcore-1.0.9-py3-none-any.whl.metadata (21 kB)
2025-08-19T10:59:14.6888142Z Requirement already satisfied: idna in /opt/hostedtoolcache/Python/3.12.11/x64/lib/python3.12/site-packages (from httpx==0.27.2->-r services/api/requirements.txt (line 7)) (3.10)
2025-08-19T10:59:14.6943601Z Collecting sniffio (from httpx==0.27.2->-r services/api/requirements.txt (line 7))
2025-08-19T10:59:14.6955470Z   Using cached sniffio-1.3.1-py3-none-any.whl.metadata (3.9 kB)
2025-08-19T10:59:15.0369320Z Collecting botocore<1.35.0,>=1.34.162 (from boto3==1.34.162->-r services/api/requirements.txt (line 9))
2025-08-19T10:59:15.0382772Z   Using cached botocore-1.34.162-py3-none-any.whl.metadata (5.7 kB)
2025-08-19T10:59:15.0410130Z Requirement already satisfied: jmespath<2.0.0,>=0.7.1 in /opt/hostedtoolcache/Python/3.12.11/x64/lib/python3.12/site-packages (from boto3==1.34.162->-r services/api/requirements.txt (line 9)) (1.0.1)
2025-08-19T10:59:15.0546723Z Collecting s3transfer<0.11.0,>=0.10.0 (from boto3==1.34.162->-r services/api/requirements.txt (line 9))
2025-08-19T10:59:15.0558395Z   Using cached s3transfer-0.10.4-py3-none-any.whl.metadata (1.7 kB)
2025-08-19T10:59:15.1006006Z Collecting MarkupSafe>=2.0 (from Jinja2==3.1.5->-r services/api/requirements.txt (line 10))
2025-08-19T10:59:15.1018109Z   Using cached MarkupSafe-3.0.2-cp312-cp312-manylinux_2_17_x86_64.manylinux2014_x86_64.whl.metadata (4.0 kB)
2025-08-19T10:59:15.1284656Z Requirement already satisfied: urllib3>=1.26.11 in /opt/hostedtoolcache/Python/3.12.11/x64/lib/python3.12/site-packages (from sentry-sdk==2.9.0->sentry-sdk[celery,fastapi,sqlalchemy]==2.9.0->-r services/api/requirements.txt (line 16)) (2.5.0)
2025-08-19T10:59:15.2652419Z Collecting psycopg-binary==3.2.9 (from psycopg[binary]==3.2.9->-r services/api/requirements.txt (line 6))
2025-08-19T10:59:15.2665932Z   Using cached psycopg_binary-3.2.9-cp312-cp312-manylinux_2_17_x86_64.manylinux2014_x86_64.whl.metadata (2.9 kB)
2025-08-19T10:59:15.2946726Z Requirement already satisfied: billiard<5.0,>=4.2.0 in /opt/hostedtoolcache/Python/3.12.11/x64/lib/python3.12/site-packages (from celery==5.3.*->-r services/api/requirements.txt (line 11)) (4.2.1)
2025-08-19T10:59:15.2953765Z Requirement already satisfied: click-didyoumean>=0.3.0 in /opt/hostedtoolcache/Python/3.12.11/x64/lib/python3.12/site-packages (from celery==5.3.*->-r services/api/requirements.txt (line 11)) (0.3.1)
2025-08-19T10:59:15.2960390Z Requirement already satisfied: click-plugins>=1.1.1 in /opt/hostedtoolcache/Python/3.12.11/x64/lib/python3.12/site-packages (from celery==5.3.*->-r services/api/requirements.txt (line 11)) (1.1.1.2)
2025-08-19T10:59:15.2967241Z Requirement already satisfied: click-repl>=0.2.0 in /opt/hostedtoolcache/Python/3.12.11/x64/lib/python3.12/site-packages (from celery==5.3.*->-r services/api/requirements.txt (line 11)) (0.3.0)
2025-08-19T10:59:15.2977869Z Requirement already satisfied: kombu<6.0,>=5.3.4 in /opt/hostedtoolcache/Python/3.12.11/x64/lib/python3.12/site-packages (from celery==5.3.*->-r services/api/requirements.txt (line 11)) (5.5.4)
2025-08-19T10:59:15.2984222Z Requirement already satisfied: python-dateutil>=2.8.2 in /opt/hostedtoolcache/Python/3.12.11/x64/lib/python3.12/site-packages (from celery==5.3.*->-r services/api/requirements.txt (line 11)) (2.9.0.post0)
2025-08-19T10:59:15.2990693Z Requirement already satisfied: tzdata>=2022.7 in /opt/hostedtoolcache/Python/3.12.11/x64/lib/python3.12/site-packages (from celery==5.3.*->-r services/api/requirements.txt (line 11)) (2025.2)
2025-08-19T10:59:15.2998079Z Requirement already satisfied: vine<6.0,>=5.1.0 in /opt/hostedtoolcache/Python/3.12.11/x64/lib/python3.12/site-packages (from celery==5.3.*->-r services/api/requirements.txt (line 11)) (5.1.0)
2025-08-19T10:59:15.3129031Z Requirement already satisfied: amqp<6.0.0,>=5.1.1 in /opt/hostedtoolcache/Python/3.12.11/x64/lib/python3.12/site-packages (from kombu<6.0,>=5.3.4->celery==5.3.*->-r services/api/requirements.txt (line 11)) (5.3.1)
2025-08-19T10:59:15.3140459Z Requirement already satisfied: packaging in /opt/hostedtoolcache/Python/3.12.11/x64/lib/python3.12/site-packages (from kombu<6.0,>=5.3.4->celery==5.3.*->-r services/api/requirements.txt (line 11)) (25.0)
2025-08-19T10:59:15.3206930Z Requirement already satisfied: annotated-types>=0.6.0 in /opt/hostedtoolcache/Python/3.12.11/x64/lib/python3.12/site-packages (from pydantic>=2.3.0->pydantic-settings==2.2.1->-r services/api/requirements.txt (line 2)) (0.7.0)
2025-08-19T10:59:15.3213033Z Requirement already satisfied: pydantic-core==2.33.2 in /opt/hostedtoolcache/Python/3.12.11/x64/lib/python3.12/site-packages (from pydantic>=2.3.0->pydantic-settings==2.2.1->-r services/api/requirements.txt (line 2)) (2.33.2)
2025-08-19T10:59:15.3222340Z Requirement already satisfied: typing-inspection>=0.4.0 in /opt/hostedtoolcache/Python/3.12.11/x64/lib/python3.12/site-packages (from pydantic>=2.3.0->pydantic-settings==2.2.1->-r services/api/requirements.txt (line 2)) (0.4.1)
2025-08-19T10:59:15.3257072Z Requirement already satisfied: six>=1.5 in /opt/hostedtoolcache/Python/3.12.11/x64/lib/python3.12/site-packages (from python-dateutil>=2.8.2->celery==5.3.*->-r services/api/requirements.txt (line 11)) (1.17.0)
2025-08-19T10:59:15.4503738Z Requirement already satisfied: prompt-toolkit>=3.0.36 in /opt/hostedtoolcache/Python/3.12.11/x64/lib/python3.12/site-packages (from click-repl>=0.2.0->celery==5.3.*->-r services/api/requirements.txt (line 11)) (3.0.51)
2025-08-19T10:59:15.4619117Z Collecting dnspython>=2.0.0 (from email_validator>=2.0.0->fastapi==0.111.0->-r services/api/requirements.txt (line 3))
2025-08-19T10:59:15.4631466Z   Using cached dnspython-2.7.0-py3-none-any.whl.metadata (5.8 kB)
2025-08-19T10:59:15.4820834Z Collecting typer>=0.15.1 (from fastapi-cli>=0.0.2->fastapi==0.111.0->-r services/api/requirements.txt (line 3))
2025-08-19T10:59:15.4832143Z   Using cached typer-0.16.1-py3-none-any.whl.metadata (15 kB)
2025-08-19T10:59:15.5086496Z Collecting rich-toolkit>=0.14.8 (from fastapi-cli>=0.0.2->fastapi==0.111.0->-r services/api/requirements.txt (line 3))
2025-08-19T10:59:15.5097806Z   Using cached rich_toolkit-0.15.0-py3-none-any.whl.metadata (1.0 kB)
2025-08-19T10:59:15.5189589Z Requirement already satisfied: wcwidth in /opt/hostedtoolcache/Python/3.12.11/x64/lib/python3.12/site-packages (from prompt-toolkit>=3.0.36->click-repl>=0.2.0->celery==5.3.*->-r services/api/requirements.txt (line 11)) (0.2.13)
2025-08-19T10:59:15.5553444Z Collecting rich>=13.7.1 (from rich-toolkit>=0.14.8->fastapi-cli>=0.0.2->fastapi==0.111.0->-r services/api/requirements.txt (line 3))
2025-08-19T10:59:15.5564847Z   Using cached rich-14.1.0-py3-none-any.whl.metadata (18 kB)
2025-08-19T10:59:15.5713176Z Collecting markdown-it-py>=2.2.0 (from rich>=13.7.1->rich-toolkit>=0.14.8->fastapi-cli>=0.0.2->fastapi==0.111.0->-r services/api/requirements.txt (line 3))
2025-08-19T10:59:15.5724567Z   Using cached markdown_it_py-4.0.0-py3-none-any.whl.metadata (7.3 kB)
2025-08-19T10:59:15.5934338Z Collecting pygments<3.0.0,>=2.13.0 (from rich>=13.7.1->rich-toolkit>=0.14.8->fastapi-cli>=0.0.2->fastapi==0.111.0->-r services/api/requirements.txt (line 3))
2025-08-19T10:59:15.5945611Z   Using cached pygments-2.19.2-py3-none-any.whl.metadata (2.5 kB)
2025-08-19T10:59:15.6041417Z Collecting mdurl~=0.1 (from markdown-it-py>=2.2.0->rich>=13.7.1->rich-toolkit>=0.14.8->fastapi-cli>=0.0.2->fastapi==0.111.0->-r services/api/requirements.txt (line 3))
2025-08-19T10:59:15.6052928Z   Using cached mdurl-0.1.2-py3-none-any.whl.metadata (1.6 kB)
2025-08-19T10:59:15.6213183Z Collecting shellingham>=1.3.0 (from typer>=0.15.1->fastapi-cli>=0.0.2->fastapi==0.111.0->-r services/api/requirements.txt (line 3))
2025-08-19T10:59:15.6224711Z   Using cached shellingham-1.5.4-py2.py3-none-any.whl.metadata (3.5 kB)
2025-08-19T10:59:15.6683261Z Collecting httptools>=0.5.0 (from uvicorn[standard]>=0.12.0->fastapi==0.111.0->-r services/api/requirements.txt (line 3))
2025-08-19T10:59:15.6695569Z   Using cached httptools-0.6.4-cp312-cp312-manylinux_2_5_x86_64.manylinux1_x86_64.manylinux_2_17_x86_64.manylinux2014_x86_64.whl.metadata (3.6 kB)
2025-08-19T10:59:15.6720544Z Requirement already satisfied: pyyaml>=5.1 in /opt/hostedtoolcache/Python/3.12.11/x64/lib/python3.12/site-packages (from uvicorn[standard]>=0.12.0->fastapi==0.111.0->-r services/api/requirements.txt (line 3)) (6.0.2)
2025-08-19T10:59:15.7467897Z Collecting uvloop!=0.15.0,!=0.15.1,>=0.14.0 (from uvicorn[standard]>=0.12.0->fastapi==0.111.0->-r services/api/requirements.txt (line 3))
2025-08-19T10:59:15.7481690Z   Using cached uvloop-0.21.0-cp312-cp312-manylinux_2_17_x86_64.manylinux2014_x86_64.whl.metadata (4.9 kB)
2025-08-19T10:59:15.8159654Z Collecting watchfiles>=0.13 (from uvicorn[standard]>=0.12.0->fastapi==0.111.0->-r services/api/requirements.txt (line 3))
2025-08-19T10:59:15.8171730Z   Using cached watchfiles-1.1.0-cp312-cp312-manylinux_2_17_x86_64.manylinux2014_x86_64.whl.metadata (4.9 kB)
2025-08-19T10:59:15.8994518Z Collecting websockets>=10.4 (from uvicorn[standard]>=0.12.0->fastapi==0.111.0->-r services/api/requirements.txt (line 3))
2025-08-19T10:59:15.9007474Z   Using cached websockets-15.0.1-cp312-cp312-manylinux_2_5_x86_64.manylinux1_x86_64.manylinux_2_17_x86_64.manylinux2014_x86_64.whl.metadata (6.8 kB)
2025-08-19T10:59:15.9283668Z Using cached uvicorn-0.29.0-py3-none-any.whl (60 kB)
2025-08-19T10:59:15.9295415Z Using cached fastapi-0.111.0-py3-none-any.whl (91 kB)
2025-08-19T10:59:15.9307632Z Using cached SQLAlchemy-2.0.29-cp312-cp312-manylinux_2_17_x86_64.manylinux2014_x86_64.whl (3.2 MB)
2025-08-19T10:59:15.9342449Z Using cached alembic-1.13.1-py3-none-any.whl (233 kB)
2025-08-19T10:59:15.9354984Z Using cached psycopg-3.2.9-py3-none-any.whl (202 kB)
2025-08-19T10:59:15.9367502Z Using cached httpx-0.27.2-py3-none-any.whl (76 kB)
2025-08-19T10:59:15.9379136Z Using cached asyncpg-0.29.0-cp312-cp312-manylinux_2_17_x86_64.manylinux2014_x86_64.whl (3.3 MB)
2025-08-19T10:59:15.9413982Z Using cached boto3-1.34.162-py3-none-any.whl (139 kB)
2025-08-19T10:59:15.9425849Z Using cached jinja2-3.1.5-py3-none-any.whl (134 kB)
2025-08-19T10:59:15.9437637Z Using cached structlog-24.1.0-py3-none-any.whl (65 kB)
2025-08-19T10:59:15.9449023Z Using cached asgi_correlation_id-4.3.1-py3-none-any.whl (15 kB)
2025-08-19T10:59:15.9460398Z Using cached fastapi_limiter-0.1.6-py3-none-any.whl (15 kB)
2025-08-19T10:59:15.9471947Z Using cached redis-5.0.8-py3-none-any.whl (255 kB)
2025-08-19T10:59:15.9484694Z Using cached sentry_sdk-2.9.0-py2.py3-none-any.whl (301 kB)
2025-08-19T10:59:15.9498209Z Using cached psycopg_binary-3.2.9-cp312-cp312-manylinux_2_17_x86_64.manylinux2014_x86_64.whl (4.4 MB)
2025-08-19T10:59:15.9541314Z Using cached botocore-1.34.162-py3-none-any.whl (12.5 MB)
2025-08-19T10:59:15.9641822Z Using cached httpcore-1.0.9-py3-none-any.whl (78 kB)
2025-08-19T10:59:15.9653442Z Using cached s3transfer-0.10.4-py3-none-any.whl (83 kB)
2025-08-19T10:59:15.9665029Z Using cached starlette-0.37.2-py3-none-any.whl (71 kB)
2025-08-19T10:59:15.9676563Z Using cached anyio-4.10.0-py3-none-any.whl (107 kB)
2025-08-19T10:59:15.9688395Z Using cached email_validator-2.2.0-py3-none-any.whl (33 kB)
2025-08-19T10:59:15.9699648Z Using cached dnspython-2.7.0-py3-none-any.whl (313 kB)
2025-08-19T10:59:15.9712930Z Using cached fastapi_cli-0.0.8-py3-none-any.whl (10 kB)
2025-08-19T10:59:15.9724670Z Using cached greenlet-3.2.4-cp312-cp312-manylinux_2_24_x86_64.manylinux_2_28_x86_64.whl (607 kB)
2025-08-19T10:59:15.9739792Z Using cached h11-0.16.0-py3-none-any.whl (37 kB)
2025-08-19T10:59:15.9751475Z Using cached MarkupSafe-3.0.2-cp312-cp312-manylinux_2_17_x86_64.manylinux2014_x86_64.whl (23 kB)
2025-08-19T10:59:15.9763056Z Using cached orjson-3.11.2-cp312-cp312-manylinux_2_17_x86_64.manylinux2014_x86_64.whl (121 kB)
2025-08-19T10:59:15.9774827Z Using cached python_multipart-0.0.20-py3-none-any.whl (24 kB)
2025-08-19T10:59:15.9785862Z Using cached rich_toolkit-0.15.0-py3-none-any.whl (29 kB)
2025-08-19T10:59:15.9797207Z Using cached rich-14.1.0-py3-none-any.whl (243 kB)
2025-08-19T10:59:15.9809994Z Using cached pygments-2.19.2-py3-none-any.whl (1.2 MB)
2025-08-19T10:59:15.9829684Z Using cached markdown_it_py-4.0.0-py3-none-any.whl (87 kB)
2025-08-19T10:59:15.9841248Z Using cached mdurl-0.1.2-py3-none-any.whl (10.0 kB)
2025-08-19T10:59:15.9852361Z Using cached sniffio-1.3.1-py3-none-any.whl (10 kB)
2025-08-19T10:59:15.9863339Z Using cached typer-0.16.1-py3-none-any.whl (46 kB)
2025-08-19T10:59:15.9874873Z Using cached shellingham-1.5.4-py2.py3-none-any.whl (9.8 kB)
2025-08-19T10:59:15.9886294Z Using cached ujson-5.10.0-cp312-cp312-manylinux_2_17_x86_64.manylinux2014_x86_64.whl (53 kB)
2025-08-19T10:59:15.9898302Z Using cached httptools-0.6.4-cp312-cp312-manylinux_2_5_x86_64.manylinux1_x86_64.manylinux_2_17_x86_64.manylinux2014_x86_64.whl (510 kB)
2025-08-19T10:59:15.9912993Z Using cached uvloop-0.21.0-cp312-cp312-manylinux_2_17_x86_64.manylinux2014_x86_64.whl (4.7 MB)
2025-08-19T10:59:15.9957804Z Using cached watchfiles-1.1.0-cp312-cp312-manylinux_2_17_x86_64.manylinux2014_x86_64.whl (452 kB)
2025-08-19T10:59:15.9972419Z Using cached websockets-15.0.1-cp312-cp312-manylinux_2_5_x86_64.manylinux1_x86_64.manylinux_2_17_x86_64.manylinux2014_x86_64.whl (182 kB)
2025-08-19T10:59:15.9984041Z Using cached mako-1.3.10-py3-none-any.whl (78 kB)
2025-08-19T10:59:16.1992400Z Installing collected packages: websockets, uvloop, ujson, structlog, sniffio, shellingham, sentry-sdk, redis, python-multipart, pygments, psycopg-binary, psycopg, orjson, mdurl, MarkupSafe, httptools, h11, greenlet, dnspython, asyncpg, uvicorn, sqlalchemy, markdown-it-py, Mako, Jinja2, httpcore, email_validator, botocore, anyio, watchfiles, starlette, s3transfer, rich, httpx, alembic, typer, rich-toolkit, boto3, asgi-correlation-id, fastapi-cli, fastapi, fastapi-limiter
2025-08-19T10:59:16.6496066Z   Attempting uninstall: redis
2025-08-19T10:59:16.6527047Z     Found existing installation: redis 5.3.1
2025-08-19T10:59:16.6605994Z     Uninstalling redis-5.3.1:
2025-08-19T10:59:16.6622109Z       Successfully uninstalled redis-5.3.1
2025-08-19T10:59:19.6394577Z   Attempting uninstall: botocore
2025-08-19T10:59:19.6439241Z     Found existing installation: botocore 1.40.12
2025-08-19T10:59:19.7059564Z     Uninstalling botocore-1.40.12:
2025-08-19T10:59:19.7301527Z       Successfully uninstalled botocore-1.40.12
2025-08-19T10:59:20.4967665Z   Attempting uninstall: s3transfer
2025-08-19T10:59:20.5013740Z     Found existing installation: s3transfer 0.13.1
2025-08-19T10:59:20.5040054Z     Uninstalling s3transfer-0.13.1:
2025-08-19T10:59:20.5048338Z       Successfully uninstalled s3transfer-0.13.1
2025-08-19T10:59:21.0068871Z   Attempting uninstall: boto3
2025-08-19T10:59:21.0098817Z     Found existing installation: boto3 1.40.12
2025-08-19T10:59:21.0159820Z     Uninstalling boto3-1.40.12:
2025-08-19T10:59:21.0178074Z       Successfully uninstalled boto3-1.40.12
2025-08-19T10:59:21.1749356Z 
2025-08-19T10:59:21.1834485Z Successfully installed Jinja2-3.1.5 Mako-1.3.10 MarkupSafe-3.0.2 alembic-1.13.1 anyio-4.10.0 asgi-correlation-id-4.3.1 asyncpg-0.29.0 boto3-1.34.162 botocore-1.34.162 dnspython-2.7.0 email_validator-2.2.0 fastapi-0.111.0 fastapi-cli-0.0.8 fastapi-limiter-0.1.6 greenlet-3.2.4 h11-0.16.0 httpcore-1.0.9 httptools-0.6.4 httpx-0.27.2 markdown-it-py-4.0.0 mdurl-0.1.2 orjson-3.11.2 psycopg-3.2.9 psycopg-binary-3.2.9 pygments-2.19.2 python-multipart-0.0.20 redis-5.0.8 rich-14.1.0 rich-toolkit-0.15.0 s3transfer-0.10.4 sentry-sdk-2.9.0 shellingham-1.5.4 sniffio-1.3.1 sqlalchemy-2.0.29 starlette-0.37.2 structlog-24.1.0 typer-0.16.1 ujson-5.10.0 uvicorn-0.29.0 uvloop-0.21.0 watchfiles-1.1.0 websockets-15.0.1
2025-08-19T10:59:21.8468858Z Requirement already satisfied: uvicorn==0.29.0 in /opt/hostedtoolcache/Python/3.12.11/x64/lib/python3.12/site-packages (from -r services/repricer/requirements.txt (line 1)) (0.29.0)
2025-08-19T10:59:21.8473925Z Requirement already satisfied: pydantic-settings==2.2.1 in /opt/hostedtoolcache/Python/3.12.11/x64/lib/python3.12/site-packages (from -r services/repricer/requirements.txt (line 2)) (2.2.1)
2025-08-19T10:59:21.8479102Z Requirement already satisfied: python-amazon-sp-api==0.8.0 in /opt/hostedtoolcache/Python/3.12.11/x64/lib/python3.12/site-packages (from -r services/repricer/requirements.txt (line 3)) (0.8.0)
2025-08-19T10:59:21.8483958Z Requirement already satisfied: fastapi==0.111.0 in /opt/hostedtoolcache/Python/3.12.11/x64/lib/python3.12/site-packages (from -r services/repricer/requirements.txt (line 4)) (0.111.0)
2025-08-19T10:59:21.8488780Z Requirement already satisfied: sqlalchemy==2.0.29 in /opt/hostedtoolcache/Python/3.12.11/x64/lib/python3.12/site-packages (from -r services/repricer/requirements.txt (line 5)) (2.0.29)
2025-08-19T10:59:21.8500454Z Requirement already satisfied: click>=7.0 in /opt/hostedtoolcache/Python/3.12.11/x64/lib/python3.12/site-packages (from uvicorn==0.29.0->-r services/repricer/requirements.txt (line 1)) (8.2.1)
2025-08-19T10:59:21.8507126Z Requirement already satisfied: h11>=0.8 in /opt/hostedtoolcache/Python/3.12.11/x64/lib/python3.12/site-packages (from uvicorn==0.29.0->-r services/repricer/requirements.txt (line 1)) (0.16.0)
2025-08-19T10:59:21.8530932Z Requirement already satisfied: pydantic>=2.3.0 in /opt/hostedtoolcache/Python/3.12.11/x64/lib/python3.12/site-packages (from pydantic-settings==2.2.1->-r services/repricer/requirements.txt (line 2)) (2.11.7)
2025-08-19T10:59:21.8537046Z Requirement already satisfied: python-dotenv>=0.21.0 in /opt/hostedtoolcache/Python/3.12.11/x64/lib/python3.12/site-packages (from pydantic-settings==2.2.1->-r services/repricer/requirements.txt (line 2)) (1.1.1)
2025-08-19T10:59:21.8549269Z Requirement already satisfied: requests in /opt/hostedtoolcache/Python/3.12.11/x64/lib/python3.12/site-packages (from python-amazon-sp-api==0.8.0->-r services/repricer/requirements.txt (line 3)) (2.32.5)
2025-08-19T10:59:21.8557409Z Requirement already satisfied: six<2,>=1.15 in /opt/hostedtoolcache/Python/3.12.11/x64/lib/python3.12/site-packages (from python-amazon-sp-api==0.8.0->-r services/repricer/requirements.txt (line 3)) (1.17.0)
2025-08-19T10:59:21.8565567Z Requirement already satisfied: boto3<2,>=1.16.39 in /opt/hostedtoolcache/Python/3.12.11/x64/lib/python3.12/site-packages (from python-amazon-sp-api==0.8.0->-r services/repricer/requirements.txt (line 3)) (1.34.162)
2025-08-19T10:59:21.8573012Z Requirement already satisfied: cachetools~=4.2.0 in /opt/hostedtoolcache/Python/3.12.11/x64/lib/python3.12/site-packages (from python-amazon-sp-api==0.8.0->-r services/repricer/requirements.txt (line 3)) (4.2.4)
2025-08-19T10:59:21.8577649Z Requirement already satisfied: pycryptodome in /opt/hostedtoolcache/Python/3.12.11/x64/lib/python3.12/site-packages (from python-amazon-sp-api==0.8.0->-r services/repricer/requirements.txt (line 3)) (3.23.0)
2025-08-19T10:59:21.8582252Z Requirement already satisfied: pytz in /opt/hostedtoolcache/Python/3.12.11/x64/lib/python3.12/site-packages (from python-amazon-sp-api==0.8.0->-r services/repricer/requirements.txt (line 3)) (2025.2)
2025-08-19T10:59:21.8589453Z Requirement already satisfied: confuse~=1.4.0 in /opt/hostedtoolcache/Python/3.12.11/x64/lib/python3.12/site-packages (from python-amazon-sp-api==0.8.0->-r services/repricer/requirements.txt (line 3)) (1.4.0)
2025-08-19T10:59:21.8606027Z Requirement already satisfied: starlette<0.38.0,>=0.37.2 in /opt/hostedtoolcache/Python/3.12.11/x64/lib/python3.12/site-packages (from fastapi==0.111.0->-r services/repricer/requirements.txt (line 4)) (0.37.2)
2025-08-19T10:59:21.8616936Z Requirement already satisfied: typing-extensions>=4.8.0 in /opt/hostedtoolcache/Python/3.12.11/x64/lib/python3.12/site-packages (from fastapi==0.111.0->-r services/repricer/requirements.txt (line 4)) (4.14.1)
2025-08-19T10:59:21.8622884Z Requirement already satisfied: fastapi-cli>=0.0.2 in /opt/hostedtoolcache/Python/3.12.11/x64/lib/python3.12/site-packages (from fastapi==0.111.0->-r services/repricer/requirements.txt (line 4)) (0.0.8)
2025-08-19T10:59:21.8628733Z Requirement already satisfied: httpx>=0.23.0 in /opt/hostedtoolcache/Python/3.12.11/x64/lib/python3.12/site-packages (from fastapi==0.111.0->-r services/repricer/requirements.txt (line 4)) (0.27.2)
2025-08-19T10:59:21.8635234Z Requirement already satisfied: jinja2>=2.11.2 in /opt/hostedtoolcache/Python/3.12.11/x64/lib/python3.12/site-packages (from fastapi==0.111.0->-r services/repricer/requirements.txt (line 4)) (3.1.5)
2025-08-19T10:59:21.8641067Z Requirement already satisfied: python-multipart>=0.0.7 in /opt/hostedtoolcache/Python/3.12.11/x64/lib/python3.12/site-packages (from fastapi==0.111.0->-r services/repricer/requirements.txt (line 4)) (0.0.20)
2025-08-19T10:59:21.8650207Z Requirement already satisfied: ujson!=4.0.2,!=4.1.0,!=4.2.0,!=4.3.0,!=5.0.0,!=5.1.0,>=4.0.1 in /opt/hostedtoolcache/Python/3.12.11/x64/lib/python3.12/site-packages (from fastapi==0.111.0->-r services/repricer/requirements.txt (line 4)) (5.10.0)
2025-08-19T10:59:21.8656099Z Requirement already satisfied: orjson>=3.2.1 in /opt/hostedtoolcache/Python/3.12.11/x64/lib/python3.12/site-packages (from fastapi==0.111.0->-r services/repricer/requirements.txt (line 4)) (3.11.2)
2025-08-19T10:59:21.8661833Z Requirement already satisfied: email_validator>=2.0.0 in /opt/hostedtoolcache/Python/3.12.11/x64/lib/python3.12/site-packages (from fastapi==0.111.0->-r services/repricer/requirements.txt (line 4)) (2.2.0)
2025-08-19T10:59:21.8709723Z Requirement already satisfied: greenlet!=0.4.17 in /opt/hostedtoolcache/Python/3.12.11/x64/lib/python3.12/site-packages (from sqlalchemy==2.0.29->-r services/repricer/requirements.txt (line 5)) (3.2.4)
2025-08-19T10:59:21.8755789Z Requirement already satisfied: botocore<1.35.0,>=1.34.162 in /opt/hostedtoolcache/Python/3.12.11/x64/lib/python3.12/site-packages (from boto3<2,>=1.16.39->python-amazon-sp-api==0.8.0->-r services/repricer/requirements.txt (line 3)) (1.34.162)
2025-08-19T10:59:21.8763859Z Requirement already satisfied: jmespath<2.0.0,>=0.7.1 in /opt/hostedtoolcache/Python/3.12.11/x64/lib/python3.12/site-packages (from boto3<2,>=1.16.39->python-amazon-sp-api==0.8.0->-r services/repricer/requirements.txt (line 3)) (1.0.1)
2025-08-19T10:59:21.8771569Z Requirement already satisfied: s3transfer<0.11.0,>=0.10.0 in /opt/hostedtoolcache/Python/3.12.11/x64/lib/python3.12/site-packages (from boto3<2,>=1.16.39->python-amazon-sp-api==0.8.0->-r services/repricer/requirements.txt (line 3)) (0.10.4)
2025-08-19T10:59:21.8790193Z Requirement already satisfied: python-dateutil<3.0.0,>=2.1 in /opt/hostedtoolcache/Python/3.12.11/x64/lib/python3.12/site-packages (from botocore<1.35.0,>=1.34.162->boto3<2,>=1.16.39->python-amazon-sp-api==0.8.0->-r services/repricer/requirements.txt (line 3)) (2.9.0.post0)
2025-08-19T10:59:21.8804211Z Requirement already satisfied: urllib3!=2.2.0,<3,>=1.25.4 in /opt/hostedtoolcache/Python/3.12.11/x64/lib/python3.12/site-packages (from botocore<1.35.0,>=1.34.162->boto3<2,>=1.16.39->python-amazon-sp-api==0.8.0->-r services/repricer/requirements.txt (line 3)) (2.5.0)
2025-08-19T10:59:21.8824128Z Requirement already satisfied: pyyaml in /opt/hostedtoolcache/Python/3.12.11/x64/lib/python3.12/site-packages (from confuse~=1.4.0->python-amazon-sp-api==0.8.0->-r services/repricer/requirements.txt (line 3)) (6.0.2)
2025-08-19T10:59:21.8858239Z Requirement already satisfied: annotated-types>=0.6.0 in /opt/hostedtoolcache/Python/3.12.11/x64/lib/python3.12/site-packages (from pydantic>=2.3.0->pydantic-settings==2.2.1->-r services/repricer/requirements.txt (line 2)) (0.7.0)
2025-08-19T10:59:21.8864349Z Requirement already satisfied: pydantic-core==2.33.2 in /opt/hostedtoolcache/Python/3.12.11/x64/lib/python3.12/site-packages (from pydantic>=2.3.0->pydantic-settings==2.2.1->-r services/repricer/requirements.txt (line 2)) (2.33.2)
2025-08-19T10:59:21.8872726Z Requirement already satisfied: typing-inspection>=0.4.0 in /opt/hostedtoolcache/Python/3.12.11/x64/lib/python3.12/site-packages (from pydantic>=2.3.0->pydantic-settings==2.2.1->-r services/repricer/requirements.txt (line 2)) (0.4.1)
2025-08-19T10:59:21.8934338Z Requirement already satisfied: anyio<5,>=3.4.0 in /opt/hostedtoolcache/Python/3.12.11/x64/lib/python3.12/site-packages (from starlette<0.38.0,>=0.37.2->fastapi==0.111.0->-r services/repricer/requirements.txt (line 4)) (4.10.0)
2025-08-19T10:59:21.8955773Z Requirement already satisfied: idna>=2.8 in /opt/hostedtoolcache/Python/3.12.11/x64/lib/python3.12/site-packages (from anyio<5,>=3.4.0->starlette<0.38.0,>=0.37.2->fastapi==0.111.0->-r services/repricer/requirements.txt (line 4)) (3.10)
2025-08-19T10:59:21.8961691Z Requirement already satisfied: sniffio>=1.1 in /opt/hostedtoolcache/Python/3.12.11/x64/lib/python3.12/site-packages (from anyio<5,>=3.4.0->starlette<0.38.0,>=0.37.2->fastapi==0.111.0->-r services/repricer/requirements.txt (line 4)) (1.3.1)
2025-08-19T10:59:21.9019553Z Requirement already satisfied: dnspython>=2.0.0 in /opt/hostedtoolcache/Python/3.12.11/x64/lib/python3.12/site-packages (from email_validator>=2.0.0->fastapi==0.111.0->-r services/repricer/requirements.txt (line 4)) (2.7.0)
2025-08-19T10:59:21.9069656Z Requirement already satisfied: typer>=0.15.1 in /opt/hostedtoolcache/Python/3.12.11/x64/lib/python3.12/site-packages (from fastapi-cli>=0.0.2->fastapi==0.111.0->-r services/repricer/requirements.txt (line 4)) (0.16.1)
2025-08-19T10:59:21.9081372Z Requirement already satisfied: rich-toolkit>=0.14.8 in /opt/hostedtoolcache/Python/3.12.11/x64/lib/python3.12/site-packages (from fastapi-cli>=0.0.2->fastapi==0.111.0->-r services/repricer/requirements.txt (line 4)) (0.15.0)
2025-08-19T10:59:21.9123822Z Requirement already satisfied: certifi in /opt/hostedtoolcache/Python/3.12.11/x64/lib/python3.12/site-packages (from httpx>=0.23.0->fastapi==0.111.0->-r services/repricer/requirements.txt (line 4)) (2025.8.3)
2025-08-19T10:59:21.9130019Z Requirement already satisfied: httpcore==1.* in /opt/hostedtoolcache/Python/3.12.11/x64/lib/python3.12/site-packages (from httpx>=0.23.0->fastapi==0.111.0->-r services/repricer/requirements.txt (line 4)) (1.0.9)
2025-08-19T10:59:21.9188401Z Requirement already satisfied: MarkupSafe>=2.0 in /opt/hostedtoolcache/Python/3.12.11/x64/lib/python3.12/site-packages (from jinja2>=2.11.2->fastapi==0.111.0->-r services/repricer/requirements.txt (line 4)) (3.0.2)
2025-08-19T10:59:21.9246985Z Requirement already satisfied: rich>=13.7.1 in /opt/hostedtoolcache/Python/3.12.11/x64/lib/python3.12/site-packages (from rich-toolkit>=0.14.8->fastapi-cli>=0.0.2->fastapi==0.111.0->-r services/repricer/requirements.txt (line 4)) (14.1.0)
2025-08-19T10:59:21.9270734Z Requirement already satisfied: markdown-it-py>=2.2.0 in /opt/hostedtoolcache/Python/3.12.11/x64/lib/python3.12/site-packages (from rich>=13.7.1->rich-toolkit>=0.14.8->fastapi-cli>=0.0.2->fastapi==0.111.0->-r services/repricer/requirements.txt (line 4)) (4.0.0)
2025-08-19T10:59:21.9278808Z Requirement already satisfied: pygments<3.0.0,>=2.13.0 in /opt/hostedtoolcache/Python/3.12.11/x64/lib/python3.12/site-packages (from rich>=13.7.1->rich-toolkit>=0.14.8->fastapi-cli>=0.0.2->fastapi==0.111.0->-r services/repricer/requirements.txt (line 4)) (2.19.2)
2025-08-19T10:59:21.9307324Z Requirement already satisfied: mdurl~=0.1 in /opt/hostedtoolcache/Python/3.12.11/x64/lib/python3.12/site-packages (from markdown-it-py>=2.2.0->rich>=13.7.1->rich-toolkit>=0.14.8->fastapi-cli>=0.0.2->fastapi==0.111.0->-r services/repricer/requirements.txt (line 4)) (0.1.2)
2025-08-19T10:59:21.9373952Z Requirement already satisfied: shellingham>=1.3.0 in /opt/hostedtoolcache/Python/3.12.11/x64/lib/python3.12/site-packages (from typer>=0.15.1->fastapi-cli>=0.0.2->fastapi==0.111.0->-r services/repricer/requirements.txt (line 4)) (1.5.4)
2025-08-19T10:59:21.9446485Z Requirement already satisfied: httptools>=0.5.0 in /opt/hostedtoolcache/Python/3.12.11/x64/lib/python3.12/site-packages (from uvicorn[standard]>=0.12.0->fastapi==0.111.0->-r services/repricer/requirements.txt (line 4)) (0.6.4)
2025-08-19T10:59:21.9463802Z Requirement already satisfied: uvloop!=0.15.0,!=0.15.1,>=0.14.0 in /opt/hostedtoolcache/Python/3.12.11/x64/lib/python3.12/site-packages (from uvicorn[standard]>=0.12.0->fastapi==0.111.0->-r services/repricer/requirements.txt (line 4)) (0.21.0)
2025-08-19T10:59:21.9479296Z Requirement already satisfied: watchfiles>=0.13 in /opt/hostedtoolcache/Python/3.12.11/x64/lib/python3.12/site-packages (from uvicorn[standard]>=0.12.0->fastapi==0.111.0->-r services/repricer/requirements.txt (line 4)) (1.1.0)
2025-08-19T10:59:21.9484619Z Requirement already satisfied: websockets>=10.4 in /opt/hostedtoolcache/Python/3.12.11/x64/lib/python3.12/site-packages (from uvicorn[standard]>=0.12.0->fastapi==0.111.0->-r services/repricer/requirements.txt (line 4)) (15.0.1)
2025-08-19T10:59:21.9616262Z Requirement already satisfied: charset_normalizer<4,>=2 in /opt/hostedtoolcache/Python/3.12.11/x64/lib/python3.12/site-packages (from requests->python-amazon-sp-api==0.8.0->-r services/repricer/requirements.txt (line 3)) (3.4.3)
2025-08-19T10:59:22.5684555Z Collecting celery==5.4.* (from celery[redis]==5.4.*->-r services/fees_h10/requirements.txt (line 1))
2025-08-19T10:59:22.5697340Z   Using cached celery-5.4.0-py3-none-any.whl.metadata (21 kB)
2025-08-19T10:59:22.5904561Z Requirement already satisfied: asyncpg in /opt/hostedtoolcache/Python/3.12.11/x64/lib/python3.12/site-packages (from -r services/fees_h10/requirements.txt (line 2)) (0.29.0)
2025-08-19T10:59:22.5908780Z Requirement already satisfied: httpx in /opt/hostedtoolcache/Python/3.12.11/x64/lib/python3.12/site-packages (from -r services/fees_h10/requirements.txt (line 3)) (0.27.2)
2025-08-19T10:59:22.5913178Z Requirement already satisfied: sqlalchemy in /opt/hostedtoolcache/Python/3.12.11/x64/lib/python3.12/site-packages (from -r services/fees_h10/requirements.txt (line 4)) (2.0.29)
2025-08-19T10:59:22.5926423Z Requirement already satisfied: billiard<5.0,>=4.2.0 in /opt/hostedtoolcache/Python/3.12.11/x64/lib/python3.12/site-packages (from celery==5.4.*->celery[redis]==5.4.*->-r services/fees_h10/requirements.txt (line 1)) (4.2.1)
2025-08-19T10:59:22.5933315Z Requirement already satisfied: kombu<6.0,>=5.3.4 in /opt/hostedtoolcache/Python/3.12.11/x64/lib/python3.12/site-packages (from celery==5.4.*->celery[redis]==5.4.*->-r services/fees_h10/requirements.txt (line 1)) (5.5.4)
2025-08-19T10:59:22.5939537Z Requirement already satisfied: vine<6.0,>=5.1.0 in /opt/hostedtoolcache/Python/3.12.11/x64/lib/python3.12/site-packages (from celery==5.4.*->celery[redis]==5.4.*->-r services/fees_h10/requirements.txt (line 1)) (5.1.0)
2025-08-19T10:59:22.5946271Z Requirement already satisfied: click<9.0,>=8.1.2 in /opt/hostedtoolcache/Python/3.12.11/x64/lib/python3.12/site-packages (from celery==5.4.*->celery[redis]==5.4.*->-r services/fees_h10/requirements.txt (line 1)) (8.2.1)
2025-08-19T10:59:22.5952226Z Requirement already satisfied: click-didyoumean>=0.3.0 in /opt/hostedtoolcache/Python/3.12.11/x64/lib/python3.12/site-packages (from celery==5.4.*->celery[redis]==5.4.*->-r services/fees_h10/requirements.txt (line 1)) (0.3.1)
2025-08-19T10:59:22.5958379Z Requirement already satisfied: click-repl>=0.2.0 in /opt/hostedtoolcache/Python/3.12.11/x64/lib/python3.12/site-packages (from celery==5.4.*->celery[redis]==5.4.*->-r services/fees_h10/requirements.txt (line 1)) (0.3.0)
2025-08-19T10:59:22.5964228Z Requirement already satisfied: click-plugins>=1.1.1 in /opt/hostedtoolcache/Python/3.12.11/x64/lib/python3.12/site-packages (from celery==5.4.*->celery[redis]==5.4.*->-r services/fees_h10/requirements.txt (line 1)) (1.1.1.2)
2025-08-19T10:59:22.5970147Z Requirement already satisfied: tzdata>=2022.7 in /opt/hostedtoolcache/Python/3.12.11/x64/lib/python3.12/site-packages (from celery==5.4.*->celery[redis]==5.4.*->-r services/fees_h10/requirements.txt (line 1)) (2025.2)
2025-08-19T10:59:22.5976467Z Requirement already satisfied: python-dateutil>=2.8.2 in /opt/hostedtoolcache/Python/3.12.11/x64/lib/python3.12/site-packages (from celery==5.4.*->celery[redis]==5.4.*->-r services/fees_h10/requirements.txt (line 1)) (2.9.0.post0)
2025-08-19T10:59:22.6015948Z Requirement already satisfied: redis!=4.5.5,<6.0.0,>=4.5.2 in /opt/hostedtoolcache/Python/3.12.11/x64/lib/python3.12/site-packages (from celery[redis]==5.4.*->-r services/fees_h10/requirements.txt (line 1)) (5.0.8)
2025-08-19T10:59:22.6038046Z Requirement already satisfied: amqp<6.0.0,>=5.1.1 in /opt/hostedtoolcache/Python/3.12.11/x64/lib/python3.12/site-packages (from kombu<6.0,>=5.3.4->celery==5.4.*->celery[redis]==5.4.*->-r services/fees_h10/requirements.txt (line 1)) (5.3.1)
2025-08-19T10:59:22.6049917Z Requirement already satisfied: packaging in /opt/hostedtoolcache/Python/3.12.11/x64/lib/python3.12/site-packages (from kombu<6.0,>=5.3.4->celery==5.4.*->celery[redis]==5.4.*->-r services/fees_h10/requirements.txt (line 1)) (25.0)
2025-08-19T10:59:22.6133395Z Requirement already satisfied: anyio in /opt/hostedtoolcache/Python/3.12.11/x64/lib/python3.12/site-packages (from httpx->-r services/fees_h10/requirements.txt (line 3)) (4.10.0)
2025-08-19T10:59:22.6138032Z Requirement already satisfied: certifi in /opt/hostedtoolcache/Python/3.12.11/x64/lib/python3.12/site-packages (from httpx->-r services/fees_h10/requirements.txt (line 3)) (2025.8.3)
2025-08-19T10:59:22.6143951Z Requirement already satisfied: httpcore==1.* in /opt/hostedtoolcache/Python/3.12.11/x64/lib/python3.12/site-packages (from httpx->-r services/fees_h10/requirements.txt (line 3)) (1.0.9)
2025-08-19T10:59:22.6148427Z Requirement already satisfied: idna in /opt/hostedtoolcache/Python/3.12.11/x64/lib/python3.12/site-packages (from httpx->-r services/fees_h10/requirements.txt (line 3)) (3.10)
2025-08-19T10:59:22.6153133Z Requirement already satisfied: sniffio in /opt/hostedtoolcache/Python/3.12.11/x64/lib/python3.12/site-packages (from httpx->-r services/fees_h10/requirements.txt (line 3)) (1.3.1)
2025-08-19T10:59:22.6177748Z Requirement already satisfied: h11>=0.16 in /opt/hostedtoolcache/Python/3.12.11/x64/lib/python3.12/site-packages (from httpcore==1.*->httpx->-r services/fees_h10/requirements.txt (line 3)) (0.16.0)
2025-08-19T10:59:22.6197206Z Requirement already satisfied: typing-extensions>=4.6.0 in /opt/hostedtoolcache/Python/3.12.11/x64/lib/python3.12/site-packages (from sqlalchemy->-r services/fees_h10/requirements.txt (line 4)) (4.14.1)
2025-08-19T10:59:22.6211587Z Requirement already satisfied: greenlet!=0.4.17 in /opt/hostedtoolcache/Python/3.12.11/x64/lib/python3.12/site-packages (from sqlalchemy->-r services/fees_h10/requirements.txt (line 4)) (3.2.4)
2025-08-19T10:59:22.6282427Z Requirement already satisfied: prompt-toolkit>=3.0.36 in /opt/hostedtoolcache/Python/3.12.11/x64/lib/python3.12/site-packages (from click-repl>=0.2.0->celery==5.4.*->celery[redis]==5.4.*->-r services/fees_h10/requirements.txt (line 1)) (3.0.51)
2025-08-19T10:59:22.6319846Z Requirement already satisfied: wcwidth in /opt/hostedtoolcache/Python/3.12.11/x64/lib/python3.12/site-packages (from prompt-toolkit>=3.0.36->click-repl>=0.2.0->celery==5.4.*->celery[redis]==5.4.*->-r services/fees_h10/requirements.txt (line 1)) (0.2.13)
2025-08-19T10:59:22.6335186Z Requirement already satisfied: six>=1.5 in /opt/hostedtoolcache/Python/3.12.11/x64/lib/python3.12/site-packages (from python-dateutil>=2.8.2->celery==5.4.*->celery[redis]==5.4.*->-r services/fees_h10/requirements.txt (line 1)) (1.17.0)
2025-08-19T10:59:22.6445977Z Using cached celery-5.4.0-py3-none-any.whl (425 kB)
2025-08-19T10:59:22.7756896Z Installing collected packages: celery
2025-08-19T10:59:22.7757900Z   Attempting uninstall: celery
2025-08-19T10:59:22.7803400Z     Found existing installation: celery 5.3.6
2025-08-19T10:59:22.7948054Z     Uninstalling celery-5.3.6:
2025-08-19T10:59:22.7976397Z       Successfully uninstalled celery-5.3.6
2025-08-19T10:59:23.1189654Z Successfully installed celery-5.4.0
2025-08-19T10:59:23.6101394Z Collecting python-telegram-bot==20.8 (from -r services/alert_bot/requirements.txt (line 1))
2025-08-19T10:59:23.6113768Z   Using cached python_telegram_bot-20.8-py3-none-any.whl.metadata (15 kB)
2025-08-19T10:59:23.6300404Z Collecting APScheduler==3.10.4 (from -r services/alert_bot/requirements.txt (line 2))
2025-08-19T10:59:23.6311549Z   Using cached APScheduler-3.10.4-py3-none-any.whl.metadata (5.7 kB)
2025-08-19T10:59:23.6354598Z Requirement already satisfied: asyncpg in /opt/hostedtoolcache/Python/3.12.11/x64/lib/python3.12/site-packages (from -r services/alert_bot/requirements.txt (line 3)) (0.29.0)
2025-08-19T10:59:23.6536787Z Collecting httpx~=0.26.0 (from python-telegram-bot==20.8->-r services/alert_bot/requirements.txt (line 1))
2025-08-19T10:59:23.6548282Z   Using cached httpx-0.26.0-py3-none-any.whl.metadata (7.6 kB)
2025-08-19T10:59:23.6586960Z Requirement already satisfied: six>=1.4.0 in /opt/hostedtoolcache/Python/3.12.11/x64/lib/python3.12/site-packages (from APScheduler==3.10.4->-r services/alert_bot/requirements.txt (line 2)) (1.17.0)
2025-08-19T10:59:23.6590418Z Requirement already satisfied: pytz in /opt/hostedtoolcache/Python/3.12.11/x64/lib/python3.12/site-packages (from APScheduler==3.10.4->-r services/alert_bot/requirements.txt (line 2)) (2025.2)
2025-08-19T10:59:23.6722002Z Collecting tzlocal!=3.*,>=2.0 (from APScheduler==3.10.4->-r services/alert_bot/requirements.txt (line 2))
2025-08-19T10:59:23.6732801Z   Using cached tzlocal-5.3.1-py3-none-any.whl.metadata (7.6 kB)
2025-08-19T10:59:23.6763499Z Requirement already satisfied: anyio in /opt/hostedtoolcache/Python/3.12.11/x64/lib/python3.12/site-packages (from httpx~=0.26.0->python-telegram-bot==20.8->-r services/alert_bot/requirements.txt (line 1)) (4.10.0)
2025-08-19T10:59:23.6767094Z Requirement already satisfied: certifi in /opt/hostedtoolcache/Python/3.12.11/x64/lib/python3.12/site-packages (from httpx~=0.26.0->python-telegram-bot==20.8->-r services/alert_bot/requirements.txt (line 1)) (2025.8.3)
2025-08-19T10:59:23.6771231Z Requirement already satisfied: httpcore==1.* in /opt/hostedtoolcache/Python/3.12.11/x64/lib/python3.12/site-packages (from httpx~=0.26.0->python-telegram-bot==20.8->-r services/alert_bot/requirements.txt (line 1)) (1.0.9)
2025-08-19T10:59:23.6775096Z Requirement already satisfied: idna in /opt/hostedtoolcache/Python/3.12.11/x64/lib/python3.12/site-packages (from httpx~=0.26.0->python-telegram-bot==20.8->-r services/alert_bot/requirements.txt (line 1)) (3.10)
2025-08-19T10:59:23.6778174Z Requirement already satisfied: sniffio in /opt/hostedtoolcache/Python/3.12.11/x64/lib/python3.12/site-packages (from httpx~=0.26.0->python-telegram-bot==20.8->-r services/alert_bot/requirements.txt (line 1)) (1.3.1)
2025-08-19T10:59:23.6792426Z Requirement already satisfied: h11>=0.16 in /opt/hostedtoolcache/Python/3.12.11/x64/lib/python3.12/site-packages (from httpcore==1.*->httpx~=0.26.0->python-telegram-bot==20.8->-r services/alert_bot/requirements.txt (line 1)) (0.16.0)
2025-08-19T10:59:23.6841219Z Requirement already satisfied: typing_extensions>=4.5 in /opt/hostedtoolcache/Python/3.12.11/x64/lib/python3.12/site-packages (from anyio->httpx~=0.26.0->python-telegram-bot==20.8->-r services/alert_bot/requirements.txt (line 1)) (4.14.1)
2025-08-19T10:59:23.6890522Z Using cached python_telegram_bot-20.8-py3-none-any.whl (604 kB)
2025-08-19T10:59:23.6906520Z Using cached APScheduler-3.10.4-py3-none-any.whl (59 kB)
2025-08-19T10:59:23.6917108Z Using cached httpx-0.26.0-py3-none-any.whl (75 kB)
2025-08-19T10:59:23.6927776Z Using cached tzlocal-5.3.1-py3-none-any.whl (18 kB)
2025-08-19T10:59:23.8383773Z Installing collected packages: tzlocal, httpx, APScheduler, python-telegram-bot
2025-08-19T10:59:23.8507987Z   Attempting uninstall: httpx
2025-08-19T10:59:23.8538332Z     Found existing installation: httpx 0.27.2
2025-08-19T10:59:23.8575646Z     Uninstalling httpx-0.27.2:
2025-08-19T10:59:23.8588461Z       Successfully uninstalled httpx-0.27.2
2025-08-19T10:59:24.2732480Z 
2025-08-19T10:59:24.2815241Z Successfully installed APScheduler-3.10.4 httpx-0.26.0 python-telegram-bot-20.8 tzlocal-5.3.1
2025-08-19T10:59:24.7665765Z Collecting Jinja2==3.1.6 (from -r requirements-dev.txt (line 2))
2025-08-19T10:59:24.7678301Z   Using cached jinja2-3.1.6-py3-none-any.whl.metadata (2.9 kB)
2025-08-19T10:59:24.7699097Z Requirement already satisfied: alembic==1.13.1 in /opt/hostedtoolcache/Python/3.12.11/x64/lib/python3.12/site-packages (from -r requirements-dev.txt (line 3)) (1.13.1)
2025-08-19T10:59:24.7703861Z Requirement already satisfied: apscheduler==3.10.4 in /opt/hostedtoolcache/Python/3.12.11/x64/lib/python3.12/site-packages (from -r requirements-dev.txt (line 4)) (3.10.4)
2025-08-19T10:59:24.7708100Z Requirement already satisfied: asgi-correlation-id==4.3.1 in /opt/hostedtoolcache/Python/3.12.11/x64/lib/python3.12/site-packages (from -r requirements-dev.txt (line 5)) (4.3.1)
2025-08-19T10:59:24.8055969Z Collecting asyncpg==0.30.0 (from -r requirements-dev.txt (line 6))
2025-08-19T10:59:24.8067513Z   Using cached asyncpg-0.30.0-cp312-cp312-manylinux_2_17_x86_64.manylinux2014_x86_64.whl.metadata (5.0 kB)
2025-08-19T10:59:24.8479881Z Collecting black==25.1.0 (from -r requirements-dev.txt (line 7))
2025-08-19T10:59:24.8491449Z   Using cached black-25.1.0-cp312-cp312-manylinux_2_17_x86_64.manylinux2014_x86_64.manylinux_2_28_x86_64.whl.metadata (81 kB)
2025-08-19T10:59:24.8571365Z Requirement already satisfied: boto3 in /opt/hostedtoolcache/Python/3.12.11/x64/lib/python3.12/site-packages (from -r requirements-dev.txt (line 8)) (1.34.162)
2025-08-19T10:59:24.8576123Z Requirement already satisfied: redis==5.* in /opt/hostedtoolcache/Python/3.12.11/x64/lib/python3.12/site-packages (from -r requirements-dev.txt (line 9)) (5.0.8)
2025-08-19T10:59:24.8580466Z Requirement already satisfied: minio==7.* in /opt/hostedtoolcache/Python/3.12.11/x64/lib/python3.12/site-packages (from -r requirements-dev.txt (line 10)) (7.1.15)
2025-08-19T10:59:24.8944630Z Collecting celery==5.5.3 (from -r requirements-dev.txt (line 11))
2025-08-19T10:59:24.8955905Z   Using cached celery-5.5.3-py3-none-any.whl.metadata (22 kB)
2025-08-19T10:59:24.9508735Z Collecting fastapi==0.116.1 (from -r requirements-dev.txt (line 12))
2025-08-19T10:59:24.9520030Z   Using cached fastapi-0.116.1-py3-none-any.whl.metadata (28 kB)
2025-08-19T10:59:24.9589049Z Requirement already satisfied: fastapi-limiter==0.1.6 in /opt/hostedtoolcache/Python/3.12.11/x64/lib/python3.12/site-packages (from -r requirements-dev.txt (line 14)) (0.1.6)
2025-08-19T10:59:24.9730602Z Collecting httpx<0.29,>=0.27 (from -r requirements-dev.txt (line 15))
2025-08-19T10:59:24.9741733Z   Using cached httpx-0.28.1-py3-none-any.whl.metadata (7.1 kB)
2025-08-19T10:59:24.9845100Z Collecting imapclient==3.0.1 (from -r requirements-dev.txt (line 16))
2025-08-19T10:59:24.9856184Z   Using cached IMAPClient-3.0.1-py2.py3-none-any.whl.metadata (1.7 kB)
2025-08-19T10:59:24.9939794Z Collecting itsdangerous (from -r requirements-dev.txt (line 17))
2025-08-19T10:59:24.9950624Z   Using cached itsdangerous-2.2.0-py3-none-any.whl.metadata (1.9 kB)
2025-08-19T10:59:25.0990644Z Collecting mypy==1.* (from -r requirements-dev.txt (line 18))
2025-08-19T10:59:25.1003533Z   Using cached mypy-1.17.1-cp312-cp312-manylinux2014_x86_64.manylinux_2_17_x86_64.manylinux_2_28_x86_64.whl.metadata (2.2 kB)
2025-08-19T10:59:25.1031644Z Requirement already satisfied: mypy-extensions==1.1.0 in /opt/hostedtoolcache/Python/3.12.11/x64/lib/python3.12/site-packages (from -r requirements-dev.txt (line 19)) (1.1.0)
2025-08-19T10:59:25.1035867Z Requirement already satisfied: numpy<2 in /opt/hostedtoolcache/Python/3.12.11/x64/lib/python3.12/site-packages (from -r requirements-dev.txt (line 20)) (1.26.4)
2025-08-19T10:59:25.1039580Z Requirement already satisfied: openpyxl==3.1.5 in /opt/hostedtoolcache/Python/3.12.11/x64/lib/python3.12/site-packages (from -r requirements-dev.txt (line 21)) (3.1.5)
2025-08-19T10:59:25.1043731Z Requirement already satisfied: pandas==2.2.* in /opt/hostedtoolcache/Python/3.12.11/x64/lib/python3.12/site-packages (from -r requirements-dev.txt (line 22)) (2.2.3)
2025-08-19T10:59:25.1047699Z Requirement already satisfied: psycopg2-binary==2.9.10 in /opt/hostedtoolcache/Python/3.12.11/x64/lib/python3.12/site-packages (from -r requirements-dev.txt (line 23)) (2.9.10)
2025-08-19T10:59:25.1052631Z Requirement already satisfied: psycopg==3.2.9 in /opt/hostedtoolcache/Python/3.12.11/x64/lib/python3.12/site-packages (from psycopg[binary]==3.2.9->-r requirements-dev.txt (line 24)) (3.2.9)
2025-08-19T10:59:25.1056509Z Requirement already satisfied: pydantic==2.11.7 in /opt/hostedtoolcache/Python/3.12.11/x64/lib/python3.12/site-packages (from -r requirements-dev.txt (line 25)) (2.11.7)
2025-08-19T10:59:25.2228617Z Collecting setuptools (from -r requirements-dev.txt (line 26))
2025-08-19T10:59:25.2240267Z   Using cached setuptools-80.9.0-py3-none-any.whl.metadata (6.6 kB)
2025-08-19T10:59:25.2475772Z Collecting pytest-asyncio==0.23.6 (from -r requirements-dev.txt (line 27))
2025-08-19T10:59:25.2487482Z   Using cached pytest_asyncio-0.23.6-py3-none-any.whl.metadata (3.9 kB)
2025-08-19T10:59:25.2609555Z Collecting pytest-cov==6.2.1 (from -r requirements-dev.txt (line 28))
2025-08-19T10:59:25.2620735Z   Using cached pytest_cov-6.2.1-py3-none-any.whl.metadata (30 kB)
2025-08-19T10:59:25.2751914Z Collecting pytest-postgresql==7.0.2 (from -r requirements-dev.txt (line 29))
2025-08-19T10:59:25.2763030Z   Using cached pytest_postgresql-7.0.2-py3-none-any.whl.metadata (18 kB)
2025-08-19T10:59:25.2792849Z Requirement already satisfied: python-dotenv in /opt/hostedtoolcache/Python/3.12.11/x64/lib/python3.12/site-packages (from -r requirements-dev.txt (line 30)) (1.1.1)
2025-08-19T10:59:25.2796281Z Requirement already satisfied: python-multipart in /opt/hostedtoolcache/Python/3.12.11/x64/lib/python3.12/site-packages (from -r requirements-dev.txt (line 31)) (0.0.20)
2025-08-19T10:59:25.3061140Z Collecting python-telegram-bot==22.3 (from -r requirements-dev.txt (line 32))
2025-08-19T10:59:25.3073290Z   Using cached python_telegram_bot-22.3-py3-none-any.whl.metadata (17 kB)
2025-08-19T10:59:25.3330228Z Collecting requests==2.32.4 (from -r requirements-dev.txt (line 33))
2025-08-19T10:59:25.3341543Z   Using cached requests-2.32.4-py3-none-any.whl.metadata (4.9 kB)
2025-08-19T10:59:25.3661476Z Collecting respx==0.22.0 (from -r requirements-dev.txt (line 34))
2025-08-19T10:59:25.3673197Z   Using cached respx-0.22.0-py2.py3-none-any.whl.metadata (4.1 kB)
2025-08-19T10:59:25.7021217Z Collecting ruff==0.4.4 (from -r requirements-dev.txt (line 35))
2025-08-19T10:59:25.7035248Z   Using cached ruff-0.4.4-py3-none-manylinux_2_17_x86_64.manylinux2014_x86_64.whl.metadata (23 kB)
2025-08-19T10:59:25.7070807Z Requirement already satisfied: sqlalchemy==2.0.29 in /opt/hostedtoolcache/Python/3.12.11/x64/lib/python3.12/site-packages (from -r requirements-dev.txt (line 36)) (2.0.29)
2025-08-19T10:59:25.7075996Z Requirement already satisfied: structlog==24.1.0 in /opt/hostedtoolcache/Python/3.12.11/x64/lib/python3.12/site-packages (from -r requirements-dev.txt (line 37)) (24.1.0)
2025-08-19T10:59:25.7196029Z Collecting testcontainers==4.10.0 (from testcontainers[postgres]==4.10.0->-r requirements-dev.txt (line 38))
2025-08-19T10:59:25.7208728Z   Using cached testcontainers-4.10.0-py3-none-any.whl.metadata (7.8 kB)
2025-08-19T10:59:25.7535351Z Collecting types-requests==2.32.0.20240602 (from -r requirements-dev.txt (line 39))
2025-08-19T10:59:25.7546915Z   Using cached types_requests-2.32.0.20240602-py3-none-any.whl.metadata (1.8 kB)
2025-08-19T10:59:25.8391948Z Collecting docspec-python==2.2.2 (from -r requirements-dev.txt (line 40))
2025-08-19T10:59:25.8403550Z   Using cached docspec_python-2.2.2-py3-none-any.whl.metadata (1.0 kB)
2025-08-19T10:59:25.9226897Z Collecting pydoc-markdown==4.8.2 (from -r requirements-dev.txt (line 41))
2025-08-19T10:59:25.9238427Z   Using cached pydoc_markdown-4.8.2-py3-none-any.whl.metadata (5.9 kB)
2025-08-19T10:59:25.9270568Z Requirement already satisfied: pandera==0.19.* in /opt/hostedtoolcache/Python/3.12.11/x64/lib/python3.12/site-packages (from -r requirements-dev.txt (line 42)) (0.19.3)
2025-08-19T10:59:25.9288768Z Requirement already satisfied: MarkupSafe>=2.0 in /opt/hostedtoolcache/Python/3.12.11/x64/lib/python3.12/site-packages (from Jinja2==3.1.6->-r requirements-dev.txt (line 2)) (3.0.2)
2025-08-19T10:59:25.9305431Z Requirement already satisfied: Mako in /opt/hostedtoolcache/Python/3.12.11/x64/lib/python3.12/site-packages (from alembic==1.13.1->-r requirements-dev.txt (line 3)) (1.3.10)
2025-08-19T10:59:25.9311616Z Requirement already satisfied: typing-extensions>=4 in /opt/hostedtoolcache/Python/3.12.11/x64/lib/python3.12/site-packages (from alembic==1.13.1->-r requirements-dev.txt (line 3)) (4.14.1)
2025-08-19T10:59:25.9329922Z Requirement already satisfied: six>=1.4.0 in /opt/hostedtoolcache/Python/3.12.11/x64/lib/python3.12/site-packages (from apscheduler==3.10.4->-r requirements-dev.txt (line 4)) (1.17.0)
2025-08-19T10:59:25.9334741Z Requirement already satisfied: pytz in /opt/hostedtoolcache/Python/3.12.11/x64/lib/python3.12/site-packages (from apscheduler==3.10.4->-r requirements-dev.txt (line 4)) (2025.2)
2025-08-19T10:59:25.9342096Z Requirement already satisfied: tzlocal!=3.*,>=2.0 in /opt/hostedtoolcache/Python/3.12.11/x64/lib/python3.12/site-packages (from apscheduler==3.10.4->-r requirements-dev.txt (line 4)) (5.3.1)
2025-08-19T10:59:25.9374954Z Requirement already satisfied: starlette>=0.18 in /opt/hostedtoolcache/Python/3.12.11/x64/lib/python3.12/site-packages (from asgi-correlation-id==4.3.1->-r requirements-dev.txt (line 5)) (0.37.2)
2025-08-19T10:59:25.9396290Z Requirement already satisfied: click>=8.0.0 in /opt/hostedtoolcache/Python/3.12.11/x64/lib/python3.12/site-packages (from black==25.1.0->-r requirements-dev.txt (line 7)) (8.2.1)
2025-08-19T10:59:25.9401828Z Requirement already satisfied: packaging>=22.0 in /opt/hostedtoolcache/Python/3.12.11/x64/lib/python3.12/site-packages (from black==25.1.0->-r requirements-dev.txt (line 7)) (25.0)
2025-08-19T10:59:25.9484820Z Collecting pathspec>=0.9.0 (from black==25.1.0->-r requirements-dev.txt (line 7))
2025-08-19T10:59:25.9495622Z   Using cached pathspec-0.12.1-py3-none-any.whl.metadata (21 kB)
2025-08-19T10:59:25.9656310Z Collecting platformdirs>=2 (from black==25.1.0->-r requirements-dev.txt (line 7))
2025-08-19T10:59:25.9667042Z   Using cached platformdirs-4.3.8-py3-none-any.whl.metadata (12 kB)
2025-08-19T10:59:25.9711907Z Requirement already satisfied: billiard<5.0,>=4.2.1 in /opt/hostedtoolcache/Python/3.12.11/x64/lib/python3.12/site-packages (from celery==5.5.3->-r requirements-dev.txt (line 11)) (4.2.1)
2025-08-19T10:59:25.9716134Z Requirement already satisfied: kombu<5.6,>=5.5.2 in /opt/hostedtoolcache/Python/3.12.11/x64/lib/python3.12/site-packages (from celery==5.5.3->-r requirements-dev.txt (line 11)) (5.5.4)
2025-08-19T10:59:25.9720295Z Requirement already satisfied: vine<6.0,>=5.1.0 in /opt/hostedtoolcache/Python/3.12.11/x64/lib/python3.12/site-packages (from celery==5.5.3->-r requirements-dev.txt (line 11)) (5.1.0)
2025-08-19T10:59:25.9725471Z Requirement already satisfied: click-didyoumean>=0.3.0 in /opt/hostedtoolcache/Python/3.12.11/x64/lib/python3.12/site-packages (from celery==5.5.3->-r requirements-dev.txt (line 11)) (0.3.1)
2025-08-19T10:59:25.9729341Z Requirement already satisfied: click-repl>=0.2.0 in /opt/hostedtoolcache/Python/3.12.11/x64/lib/python3.12/site-packages (from celery==5.5.3->-r requirements-dev.txt (line 11)) (0.3.0)
2025-08-19T10:59:25.9733452Z Requirement already satisfied: click-plugins>=1.1.1 in /opt/hostedtoolcache/Python/3.12.11/x64/lib/python3.12/site-packages (from celery==5.5.3->-r requirements-dev.txt (line 11)) (1.1.1.2)
2025-08-19T10:59:25.9738010Z Requirement already satisfied: python-dateutil>=2.8.2 in /opt/hostedtoolcache/Python/3.12.11/x64/lib/python3.12/site-packages (from celery==5.5.3->-r requirements-dev.txt (line 11)) (2.9.0.post0)
2025-08-19T10:59:26.0017877Z Collecting starlette>=0.18 (from asgi-correlation-id==4.3.1->-r requirements-dev.txt (line 5))
2025-08-19T10:59:26.0028651Z   Using cached starlette-0.47.2-py3-none-any.whl.metadata (6.2 kB)
2025-08-19T10:59:26.0074074Z Requirement already satisfied: annotated-types>=0.6.0 in /opt/hostedtoolcache/Python/3.12.11/x64/lib/python3.12/site-packages (from pydantic==2.11.7->-r requirements-dev.txt (line 25)) (0.7.0)
2025-08-19T10:59:26.0078896Z Requirement already satisfied: pydantic-core==2.33.2 in /opt/hostedtoolcache/Python/3.12.11/x64/lib/python3.12/site-packages (from pydantic==2.11.7->-r requirements-dev.txt (line 25)) (2.33.2)
2025-08-19T10:59:26.0085878Z Requirement already satisfied: typing-inspection>=0.4.0 in /opt/hostedtoolcache/Python/3.12.11/x64/lib/python3.12/site-packages (from pydantic==2.11.7->-r requirements-dev.txt (line 25)) (0.4.1)
2025-08-19T10:59:26.0133565Z Requirement already satisfied: et-xmlfile in /opt/hostedtoolcache/Python/3.12.11/x64/lib/python3.12/site-packages (from openpyxl==3.1.5->-r requirements-dev.txt (line 21)) (2.0.0)
2025-08-19T10:59:26.0529385Z Collecting pytest<9,>=7.0.0 (from pytest-asyncio==0.23.6->-r requirements-dev.txt (line 27))
2025-08-19T10:59:26.0540964Z   Using cached pytest-8.4.1-py3-none-any.whl.metadata (7.7 kB)
2025-08-19T10:59:26.3594859Z Collecting coverage>=7.5 (from coverage[toml]>=7.5->pytest-cov==6.2.1->-r requirements-dev.txt (line 28))
2025-08-19T10:59:26.3608032Z   Using cached coverage-7.10.4-cp312-cp312-manylinux1_x86_64.manylinux_2_28_x86_64.manylinux_2_5_x86_64.whl.metadata (8.9 kB)
2025-08-19T10:59:26.3712072Z Collecting pluggy>=1.2 (from pytest-cov==6.2.1->-r requirements-dev.txt (line 28))
2025-08-19T10:59:26.3722806Z   Using cached pluggy-1.6.0-py3-none-any.whl.metadata (4.8 kB)
2025-08-19T10:59:26.3952451Z Collecting port-for>=0.7.3 (from pytest-postgresql==7.0.2->-r requirements-dev.txt (line 29))
2025-08-19T10:59:26.3963689Z   Using cached port_for-0.7.4-py3-none-any.whl.metadata (7.1 kB)
2025-08-19T10:59:26.4078027Z Collecting mirakuru>=2.6.0 (from pytest-postgresql==7.0.2->-r requirements-dev.txt (line 29))
2025-08-19T10:59:26.4089073Z   Using cached mirakuru-2.6.1-py3-none-any.whl.metadata (10 kB)
2025-08-19T10:59:26.4139508Z Requirement already satisfied: charset_normalizer<4,>=2 in /opt/hostedtoolcache/Python/3.12.11/x64/lib/python3.12/site-packages (from requests==2.32.4->-r requirements-dev.txt (line 33)) (3.4.3)
2025-08-19T10:59:26.4143632Z Requirement already satisfied: idna<4,>=2.5 in /opt/hostedtoolcache/Python/3.12.11/x64/lib/python3.12/site-packages (from requests==2.32.4->-r requirements-dev.txt (line 33)) (3.10)
2025-08-19T10:59:26.4147384Z Requirement already satisfied: urllib3<3,>=1.21.1 in /opt/hostedtoolcache/Python/3.12.11/x64/lib/python3.12/site-packages (from requests==2.32.4->-r requirements-dev.txt (line 33)) (2.5.0)
2025-08-19T10:59:26.4151154Z Requirement already satisfied: certifi>=2017.4.17 in /opt/hostedtoolcache/Python/3.12.11/x64/lib/python3.12/site-packages (from requests==2.32.4->-r requirements-dev.txt (line 33)) (2025.8.3)
2025-08-19T10:59:26.4243010Z Requirement already satisfied: greenlet!=0.4.17 in /opt/hostedtoolcache/Python/3.12.11/x64/lib/python3.12/site-packages (from sqlalchemy==2.0.29->-r requirements-dev.txt (line 36)) (3.2.4)
2025-08-19T10:59:26.4465002Z Collecting docker (from testcontainers==4.10.0->testcontainers[postgres]==4.10.0->-r requirements-dev.txt (line 38))
2025-08-19T10:59:26.4475736Z   Using cached docker-7.1.0-py3-none-any.whl.metadata (3.8 kB)
2025-08-19T10:59:26.4514325Z Requirement already satisfied: wrapt in /opt/hostedtoolcache/Python/3.12.11/x64/lib/python3.12/site-packages (from testcontainers==4.10.0->testcontainers[postgres]==4.10.0->-r requirements-dev.txt (line 38)) (1.17.3)
2025-08-19T10:59:26.5378881Z Collecting docspec==2.2.1 (from docspec-python==2.2.2->-r requirements-dev.txt (line 40))
2025-08-19T10:59:26.5398317Z   Using cached docspec-2.2.1-py3-none-any.whl.metadata (1.5 kB)
2025-08-19T10:59:26.6166804Z Collecting nr-util>=0.8.12 (from docspec-python==2.2.2->-r requirements-dev.txt (line 40))
2025-08-19T10:59:26.6177832Z   Using cached nr.util-0.8.12-py3-none-any.whl.metadata (813 bytes)
2025-08-19T10:59:26.6210263Z Requirement already satisfied: PyYAML<7.0,>=5.0 in /opt/hostedtoolcache/Python/3.12.11/x64/lib/python3.12/site-packages (from pydoc-markdown==4.8.2->-r requirements-dev.txt (line 41)) (6.0.2)
2025-08-19T10:59:26.7101879Z Collecting databind.core<5.0.0,>=4.4.0 (from pydoc-markdown==4.8.2->-r requirements-dev.txt (line 41))
2025-08-19T10:59:26.7113479Z   Using cached databind.core-4.5.2-py3-none-any.whl.metadata (1.1 kB)
2025-08-19T10:59:26.7914314Z Collecting databind.json<5.0.0,>=4.4.0 (from pydoc-markdown==4.8.2->-r requirements-dev.txt (line 41))
2025-08-19T10:59:26.7925151Z   Using cached databind.json-4.5.2-py3-none-any.whl.metadata (1.1 kB)
2025-08-19T10:59:26.8037066Z Collecting docstring-parser<0.12,>=0.11 (from pydoc-markdown==4.8.2->-r requirements-dev.txt (line 41))
2025-08-19T10:59:26.8038199Z   Using cached docstring_parser-0.11-py3-none-any.whl
2025-08-19T10:59:26.8327677Z Collecting tomli<3.0.0,>=2.0.0 (from pydoc-markdown==4.8.2->-r requirements-dev.txt (line 41))
2025-08-19T10:59:26.8338965Z   Using cached tomli-2.2.1-cp312-cp312-manylinux_2_17_x86_64.manylinux2014_x86_64.whl.metadata (11 kB)
2025-08-19T10:59:26.8417150Z Collecting tomli_w<2.0.0,>=1.0.0 (from pydoc-markdown==4.8.2->-r requirements-dev.txt (line 41))
2025-08-19T10:59:26.8428003Z   Using cached tomli_w-1.2.0-py3-none-any.whl.metadata (5.7 kB)
2025-08-19T10:59:26.9148886Z Collecting watchdog (from pydoc-markdown==4.8.2->-r requirements-dev.txt (line 41))
2025-08-19T10:59:26.9161612Z   Using cached watchdog-6.0.0-py3-none-manylinux2014_x86_64.whl.metadata (44 kB)
2025-08-19T10:59:26.9345406Z Collecting yapf>=0.30.0 (from pydoc-markdown==4.8.2->-r requirements-dev.txt (line 41))
2025-08-19T10:59:26.9356910Z   Using cached yapf-0.43.0-py3-none-any.whl.metadata (46 kB)
2025-08-19T10:59:26.9517204Z Collecting Deprecated<2.0.0,>=1.2.12 (from docspec==2.2.1->docspec-python==2.2.2->-r requirements-dev.txt (line 40))
2025-08-19T10:59:26.9528437Z   Using cached Deprecated-1.2.18-py2.py3-none-any.whl.metadata (5.7 kB)
2025-08-19T10:59:26.9705976Z Requirement already satisfied: psycopg-binary==3.2.9 in /opt/hostedtoolcache/Python/3.12.11/x64/lib/python3.12/site-packages (from psycopg[binary]==3.2.9->-r requirements-dev.txt (line 24)) (3.2.9)
2025-08-19T10:59:26.9810519Z Requirement already satisfied: anyio in /opt/hostedtoolcache/Python/3.12.11/x64/lib/python3.12/site-packages (from httpx<0.29,>=0.27->-r requirements-dev.txt (line 15)) (4.10.0)
2025-08-19T10:59:26.9815303Z Requirement already satisfied: httpcore==1.* in /opt/hostedtoolcache/Python/3.12.11/x64/lib/python3.12/site-packages (from httpx<0.29,>=0.27->-r requirements-dev.txt (line 15)) (1.0.9)
2025-08-19T10:59:26.9933971Z Requirement already satisfied: tzdata>=2022.7 in /opt/hostedtoolcache/Python/3.12.11/x64/lib/python3.12/site-packages (from pandas==2.2.*->-r requirements-dev.txt (line 22)) (2025.2)
2025-08-19T10:59:27.0040888Z Requirement already satisfied: multimethod<=1.10.0 in /opt/hostedtoolcache/Python/3.12.11/x64/lib/python3.12/site-packages (from pandera==0.19.*->-r requirements-dev.txt (line 42)) (1.10)
2025-08-19T10:59:27.0055844Z Requirement already satisfied: typeguard in /opt/hostedtoolcache/Python/3.12.11/x64/lib/python3.12/site-packages (from pandera==0.19.*->-r requirements-dev.txt (line 42)) (4.4.4)
2025-08-19T10:59:27.0062488Z Requirement already satisfied: typing-inspect>=0.6.0 in /opt/hostedtoolcache/Python/3.12.11/x64/lib/python3.12/site-packages (from pandera==0.19.*->-r requirements-dev.txt (line 42)) (0.9.0)
2025-08-19T10:59:27.0923908Z Collecting databind<5.0.0,>=4.5.2 (from databind.core<5.0.0,>=4.4.0->pydoc-markdown==4.8.2->-r requirements-dev.txt (line 41))
2025-08-19T10:59:27.0935652Z   Using cached databind-4.5.2-py3-none-any.whl.metadata (4.3 kB)
2025-08-19T10:59:27.1706376Z Collecting nr-date<3.0.0,>=2.0.0 (from databind<5.0.0,>=4.5.2->databind.core<5.0.0,>=4.4.0->pydoc-markdown==4.8.2->-r requirements-dev.txt (line 41))
2025-08-19T10:59:27.1717107Z   Using cached nr_date-2.1.0-py3-none-any.whl.metadata (746 bytes)
2025-08-19T10:59:27.2434168Z Collecting nr-stream<2.0.0,>=1.0.0 (from databind<5.0.0,>=4.5.2->databind.core<5.0.0,>=4.4.0->pydoc-markdown==4.8.2->-r requirements-dev.txt (line 41))
2025-08-19T10:59:27.2450880Z   Using cached nr_stream-1.1.5-py3-none-any.whl.metadata (3.6 kB)
2025-08-19T10:59:27.3314393Z Collecting typeapi<3,>=2.0.1 (from databind<5.0.0,>=4.5.2->databind.core<5.0.0,>=4.4.0->pydoc-markdown==4.8.2->-r requirements-dev.txt (line 41))
2025-08-19T10:59:27.3326485Z   Using cached typeapi-2.2.4-py3-none-any.whl.metadata (1.5 kB)
2025-08-19T10:59:27.3423356Z Requirement already satisfied: h11>=0.16 in /opt/hostedtoolcache/Python/3.12.11/x64/lib/python3.12/site-packages (from httpcore==1.*->httpx<0.29,>=0.27->-r requirements-dev.txt (line 15)) (0.16.0)
2025-08-19T10:59:27.3466267Z Requirement already satisfied: amqp<6.0.0,>=5.1.1 in /opt/hostedtoolcache/Python/3.12.11/x64/lib/python3.12/site-packages (from kombu<5.6,>=5.5.2->celery==5.5.3->-r requirements-dev.txt (line 11)) (5.3.1)
2025-08-19T10:59:27.3709280Z Collecting iniconfig>=1 (from pytest<9,>=7.0.0->pytest-asyncio==0.23.6->-r requirements-dev.txt (line 27))
2025-08-19T10:59:27.3720823Z   Using cached iniconfig-2.1.0-py3-none-any.whl.metadata (2.7 kB)
2025-08-19T10:59:27.3758333Z Requirement already satisfied: pygments>=2.7.2 in /opt/hostedtoolcache/Python/3.12.11/x64/lib/python3.12/site-packages (from pytest<9,>=7.0.0->pytest-asyncio==0.23.6->-r requirements-dev.txt (line 27)) (2.19.2)
2025-08-19T10:59:27.3843178Z Requirement already satisfied: sniffio>=1.1 in /opt/hostedtoolcache/Python/3.12.11/x64/lib/python3.12/site-packages (from anyio->httpx<0.29,>=0.27->-r requirements-dev.txt (line 15)) (1.3.1)
2025-08-19T10:59:27.3991924Z Requirement already satisfied: botocore<1.35.0,>=1.34.162 in /opt/hostedtoolcache/Python/3.12.11/x64/lib/python3.12/site-packages (from boto3->-r requirements-dev.txt (line 8)) (1.34.162)
2025-08-19T10:59:27.3999442Z Requirement already satisfied: jmespath<2.0.0,>=0.7.1 in /opt/hostedtoolcache/Python/3.12.11/x64/lib/python3.12/site-packages (from boto3->-r requirements-dev.txt (line 8)) (1.0.1)
2025-08-19T10:59:27.4007186Z Requirement already satisfied: s3transfer<0.11.0,>=0.10.0 in /opt/hostedtoolcache/Python/3.12.11/x64/lib/python3.12/site-packages (from boto3->-r requirements-dev.txt (line 8)) (0.10.4)
2025-08-19T10:59:27.4128522Z Requirement already satisfied: fastapi-cli>=0.0.8 in /opt/hostedtoolcache/Python/3.12.11/x64/lib/python3.12/site-packages (from fastapi-cli[standard]>=0.0.8; extra == "all"->fastapi[all]->-r requirements-dev.txt (line 13)) (0.0.8)
2025-08-19T10:59:27.4234587Z Requirement already satisfied: ujson!=4.0.2,!=4.1.0,!=4.2.0,!=4.3.0,!=5.0.0,!=5.1.0,>=4.0.1 in /opt/hostedtoolcache/Python/3.12.11/x64/lib/python3.12/site-packages (from fastapi[all]->-r requirements-dev.txt (line 13)) (5.10.0)
2025-08-19T10:59:27.4241188Z Requirement already satisfied: orjson>=3.2.1 in /opt/hostedtoolcache/Python/3.12.11/x64/lib/python3.12/site-packages (from fastapi[all]->-r requirements-dev.txt (line 13)) (3.11.2)
2025-08-19T10:59:27.4248452Z Requirement already satisfied: email-validator>=2.0.0 in /opt/hostedtoolcache/Python/3.12.11/x64/lib/python3.12/site-packages (from fastapi[all]->-r requirements-dev.txt (line 13)) (2.2.0)
2025-08-19T10:59:27.4257184Z Requirement already satisfied: uvicorn>=0.12.0 in /opt/hostedtoolcache/Python/3.12.11/x64/lib/python3.12/site-packages (from uvicorn[standard]>=0.12.0; extra == "all"->fastapi[all]->-r requirements-dev.txt (line 13)) (0.29.0)
2025-08-19T10:59:27.4265997Z Requirement already satisfied: pydantic-settings>=2.0.0 in /opt/hostedtoolcache/Python/3.12.11/x64/lib/python3.12/site-packages (from fastapi[all]->-r requirements-dev.txt (line 13)) (2.2.1)
2025-08-19T10:59:27.4355330Z Collecting pydantic-extra-types>=2.0.0 (from fastapi[all]->-r requirements-dev.txt (line 13))
2025-08-19T10:59:27.4366939Z   Using cached pydantic_extra_types-2.10.5-py3-none-any.whl.metadata (3.9 kB)
2025-08-19T10:59:27.4618882Z Requirement already satisfied: prompt-toolkit>=3.0.36 in /opt/hostedtoolcache/Python/3.12.11/x64/lib/python3.12/site-packages (from click-repl>=0.2.0->celery==5.5.3->-r requirements-dev.txt (line 11)) (3.0.51)
2025-08-19T10:59:27.4691597Z Requirement already satisfied: dnspython>=2.0.0 in /opt/hostedtoolcache/Python/3.12.11/x64/lib/python3.12/site-packages (from email-validator>=2.0.0->fastapi[all]->-r requirements-dev.txt (line 13)) (2.7.0)
2025-08-19T10:59:27.4761731Z Requirement already satisfied: typer>=0.15.1 in /opt/hostedtoolcache/Python/3.12.11/x64/lib/python3.12/site-packages (from fastapi-cli>=0.0.8->fastapi-cli[standard]>=0.0.8; extra == "all"->fastapi[all]->-r requirements-dev.txt (line 13)) (0.16.1)
2025-08-19T10:59:27.4773359Z Requirement already satisfied: rich-toolkit>=0.14.8 in /opt/hostedtoolcache/Python/3.12.11/x64/lib/python3.12/site-packages (from fastapi-cli>=0.0.8->fastapi-cli[standard]>=0.0.8; extra == "all"->fastapi[all]->-r requirements-dev.txt (line 13)) (0.15.0)
2025-08-19T10:59:27.4871901Z Collecting fastapi-cloud-cli>=0.1.1 (from fastapi-cli[standard]>=0.0.8; extra == "all"->fastapi[all]->-r requirements-dev.txt (line 13))
2025-08-19T10:59:27.4883000Z   Using cached fastapi_cloud_cli-0.1.5-py3-none-any.whl.metadata (3.2 kB)
2025-08-19T10:59:27.5539205Z Collecting rignore>=0.5.1 (from fastapi-cloud-cli>=0.1.1->fastapi-cli[standard]>=0.0.8; extra == "all"->fastapi[all]->-r requirements-dev.txt (line 13))
2025-08-19T10:59:27.5550833Z   Using cached rignore-0.6.4-cp312-cp312-manylinux_2_17_x86_64.manylinux2014_x86_64.whl.metadata (3.8 kB)
2025-08-19T10:59:27.6026915Z Collecting sentry-sdk>=2.20.0 (from fastapi-cloud-cli>=0.1.1->fastapi-cli[standard]>=0.0.8; extra == "all"->fastapi[all]->-r requirements-dev.txt (line 13))
2025-08-19T10:59:27.6037959Z   Using cached sentry_sdk-2.35.0-py2.py3-none-any.whl.metadata (10 kB)
2025-08-19T10:59:27.6896343Z Collecting psutil>=4.0.0 (from mirakuru>=2.6.0->pytest-postgresql==7.0.2->-r requirements-dev.txt (line 29))
2025-08-19T10:59:27.6907995Z   Using cached psutil-7.0.0-cp36-abi3-manylinux_2_12_x86_64.manylinux2010_x86_64.manylinux_2_17_x86_64.manylinux2014_x86_64.whl.metadata (22 kB)
2025-08-19T10:59:27.7095319Z Requirement already satisfied: wcwidth in /opt/hostedtoolcache/Python/3.12.11/x64/lib/python3.12/site-packages (from prompt-toolkit>=3.0.36->click-repl>=0.2.0->celery==5.5.3->-r requirements-dev.txt (line 11)) (0.2.13)
2025-08-19T10:59:27.7293624Z Requirement already satisfied: rich>=13.7.1 in /opt/hostedtoolcache/Python/3.12.11/x64/lib/python3.12/site-packages (from rich-toolkit>=0.14.8->fastapi-cli>=0.0.8->fastapi-cli[standard]>=0.0.8; extra == "all"->fastapi[all]->-r requirements-dev.txt (line 13)) (14.1.0)
2025-08-19T10:59:27.7330272Z Requirement already satisfied: markdown-it-py>=2.2.0 in /opt/hostedtoolcache/Python/3.12.11/x64/lib/python3.12/site-packages (from rich>=13.7.1->rich-toolkit>=0.14.8->fastapi-cli>=0.0.8->fastapi-cli[standard]>=0.0.8; extra == "all"->fastapi[all]->-r requirements-dev.txt (line 13)) (4.0.0)
2025-08-19T10:59:27.7361956Z Requirement already satisfied: mdurl~=0.1 in /opt/hostedtoolcache/Python/3.12.11/x64/lib/python3.12/site-packages (from markdown-it-py>=2.2.0->rich>=13.7.1->rich-toolkit>=0.14.8->fastapi-cli>=0.0.8->fastapi-cli[standard]>=0.0.8; extra == "all"->fastapi[all]->-r requirements-dev.txt (line 13)) (0.1.2)
2025-08-19T10:59:27.7550467Z Requirement already satisfied: shellingham>=1.3.0 in /opt/hostedtoolcache/Python/3.12.11/x64/lib/python3.12/site-packages (from typer>=0.15.1->fastapi-cli>=0.0.8->fastapi-cli[standard]>=0.0.8; extra == "all"->fastapi[all]->-r requirements-dev.txt (line 13)) (1.5.4)
2025-08-19T10:59:27.7788083Z Requirement already satisfied: httptools>=0.5.0 in /opt/hostedtoolcache/Python/3.12.11/x64/lib/python3.12/site-packages (from uvicorn[standard]>=0.12.0; extra == "all"->fastapi[all]->-r requirements-dev.txt (line 13)) (0.6.4)
2025-08-19T10:59:27.7804824Z Requirement already satisfied: uvloop!=0.15.0,!=0.15.1,>=0.14.0 in /opt/hostedtoolcache/Python/3.12.11/x64/lib/python3.12/site-packages (from uvicorn[standard]>=0.12.0; extra == "all"->fastapi[all]->-r requirements-dev.txt (line 13)) (0.21.0)
2025-08-19T10:59:27.7812354Z Requirement already satisfied: watchfiles>=0.13 in /opt/hostedtoolcache/Python/3.12.11/x64/lib/python3.12/site-packages (from uvicorn[standard]>=0.12.0; extra == "all"->fastapi[all]->-r requirements-dev.txt (line 13)) (1.1.0)
2025-08-19T10:59:27.7819845Z Requirement already satisfied: websockets>=10.4 in /opt/hostedtoolcache/Python/3.12.11/x64/lib/python3.12/site-packages (from uvicorn[standard]>=0.12.0; extra == "all"->fastapi[all]->-r requirements-dev.txt (line 13)) (15.0.1)
2025-08-19T10:59:27.8321408Z Using cached jinja2-3.1.6-py3-none-any.whl (134 kB)
2025-08-19T10:59:27.8333707Z Using cached asyncpg-0.30.0-cp312-cp312-manylinux_2_17_x86_64.manylinux2014_x86_64.whl (3.6 MB)
2025-08-19T10:59:27.8371695Z Using cached black-25.1.0-cp312-cp312-manylinux_2_17_x86_64.manylinux2014_x86_64.manylinux_2_28_x86_64.whl (1.8 MB)
2025-08-19T10:59:27.8395468Z Using cached celery-5.5.3-py3-none-any.whl (438 kB)
2025-08-19T10:59:27.8409345Z Using cached fastapi-0.116.1-py3-none-any.whl (95 kB)
2025-08-19T10:59:27.8420716Z Using cached IMAPClient-3.0.1-py2.py3-none-any.whl (182 kB)
2025-08-19T10:59:27.8432174Z Using cached pytest_asyncio-0.23.6-py3-none-any.whl (17 kB)
2025-08-19T10:59:27.8442890Z Using cached pytest_cov-6.2.1-py3-none-any.whl (24 kB)
2025-08-19T10:59:27.8453843Z Using cached pytest_postgresql-7.0.2-py3-none-any.whl (41 kB)
2025-08-19T10:59:27.8464677Z Using cached python_telegram_bot-22.3-py3-none-any.whl (717 kB)
2025-08-19T10:59:27.8480525Z Using cached requests-2.32.4-py3-none-any.whl (64 kB)
2025-08-19T10:59:27.8491414Z Using cached respx-0.22.0-py2.py3-none-any.whl (25 kB)
2025-08-19T10:59:27.8502311Z Using cached ruff-0.4.4-py3-none-manylinux_2_17_x86_64.manylinux2014_x86_64.whl (8.7 MB)
2025-08-19T10:59:27.8576596Z Using cached testcontainers-4.10.0-py3-none-any.whl (107 kB)
2025-08-19T10:59:27.8588115Z Using cached types_requests-2.32.0.20240602-py3-none-any.whl (15 kB)
2025-08-19T10:59:27.8598787Z Using cached docspec_python-2.2.2-py3-none-any.whl (15 kB)
2025-08-19T10:59:27.8609359Z Using cached pydoc_markdown-4.8.2-py3-none-any.whl (67 kB)
2025-08-19T10:59:27.8620965Z Using cached docspec-2.2.1-py3-none-any.whl (9.8 kB)
2025-08-19T10:59:27.8631893Z Using cached httpx-0.28.1-py3-none-any.whl (73 kB)
2025-08-19T10:59:27.8643696Z Using cached mypy-1.17.1-cp312-cp312-manylinux2014_x86_64.manylinux_2_17_x86_64.manylinux_2_28_x86_64.whl (12.7 MB)
2025-08-19T10:59:27.8747395Z Using cached databind.core-4.5.2-py3-none-any.whl (1.5 kB)
2025-08-19T10:59:27.8757829Z Using cached databind-4.5.2-py3-none-any.whl (49 kB)
2025-08-19T10:59:27.8768708Z Using cached databind.json-4.5.2-py3-none-any.whl (1.5 kB)
2025-08-19T10:59:27.8779395Z Using cached Deprecated-1.2.18-py2.py3-none-any.whl (10.0 kB)
2025-08-19T10:59:27.8790082Z Using cached nr_date-2.1.0-py3-none-any.whl (10 kB)
2025-08-19T10:59:27.8800756Z Using cached nr_stream-1.1.5-py3-none-any.whl (10 kB)
2025-08-19T10:59:27.8811489Z Using cached nr.util-0.8.12-py3-none-any.whl (90 kB)
2025-08-19T10:59:27.8822868Z Using cached pytest-8.4.1-py3-none-any.whl (365 kB)
2025-08-19T10:59:27.8836299Z Using cached pluggy-1.6.0-py3-none-any.whl (20 kB)
2025-08-19T10:59:27.8847232Z Using cached starlette-0.47.2-py3-none-any.whl (72 kB)
2025-08-19T10:59:27.8858445Z Using cached tomli-2.2.1-cp312-cp312-manylinux_2_17_x86_64.manylinux2014_x86_64.whl (242 kB)
2025-08-19T10:59:27.8870600Z Using cached tomli_w-1.2.0-py3-none-any.whl (6.7 kB)
2025-08-19T10:59:27.8881265Z Using cached typeapi-2.2.4-py3-none-any.whl (26 kB)
2025-08-19T10:59:27.8892364Z Using cached itsdangerous-2.2.0-py3-none-any.whl (16 kB)
2025-08-19T10:59:27.8903681Z Using cached setuptools-80.9.0-py3-none-any.whl (1.2 MB)
2025-08-19T10:59:27.8923120Z Using cached coverage-7.10.4-cp312-cp312-manylinux1_x86_64.manylinux_2_28_x86_64.manylinux_2_5_x86_64.whl (251 kB)
2025-08-19T10:59:27.8935494Z Using cached fastapi_cloud_cli-0.1.5-py3-none-any.whl (18 kB)
2025-08-19T10:59:27.8946758Z Using cached iniconfig-2.1.0-py3-none-any.whl (6.0 kB)
2025-08-19T10:59:27.8957419Z Using cached mirakuru-2.6.1-py3-none-any.whl (26 kB)
2025-08-19T10:59:27.8968234Z Using cached pathspec-0.12.1-py3-none-any.whl (31 kB)
2025-08-19T10:59:27.8979204Z Using cached platformdirs-4.3.8-py3-none-any.whl (18 kB)
2025-08-19T10:59:27.8989847Z Using cached port_for-0.7.4-py3-none-any.whl (21 kB)
2025-08-19T10:59:27.9001256Z Using cached psutil-7.0.0-cp36-abi3-manylinux_2_12_x86_64.manylinux2010_x86_64.manylinux_2_17_x86_64.manylinux2014_x86_64.whl (277 kB)
2025-08-19T10:59:27.9013960Z Using cached pydantic_extra_types-2.10.5-py3-none-any.whl (38 kB)
2025-08-19T10:59:27.9025108Z Using cached rignore-0.6.4-cp312-cp312-manylinux_2_17_x86_64.manylinux2014_x86_64.whl (949 kB)
2025-08-19T10:59:27.9043501Z Using cached sentry_sdk-2.35.0-py2.py3-none-any.whl (363 kB)
2025-08-19T10:59:27.9056652Z Using cached yapf-0.43.0-py3-none-any.whl (256 kB)
2025-08-19T10:59:27.9069088Z Using cached docker-7.1.0-py3-none-any.whl (147 kB)
2025-08-19T10:59:27.9080921Z Using cached watchdog-6.0.0-py3-none-manylinux2014_x86_64.whl (79 kB)
2025-08-19T10:59:28.1557790Z Installing collected packages: watchdog, types-requests, typeapi, tomli_w, tomli, setuptools, sentry-sdk, ruff, rignore, requests, psutil, port-for, pluggy, platformdirs, pathspec, nr-stream, nr-date, Jinja2, itsdangerous, iniconfig, imapclient, docstring-parser, Deprecated, coverage, asyncpg, yapf, starlette, pytest, nr-util, mypy, mirakuru, httpx, docker, databind, black, testcontainers, respx, python-telegram-bot, pytest-postgresql, pytest-cov, pytest-asyncio, pydantic-extra-types, fastapi, databind.json, databind.core, celery, fastapi-cloud-cli, docspec, docspec-python, pydoc-markdown
2025-08-19T10:59:28.9879655Z   Attempting uninstall: sentry-sdk
2025-08-19T10:59:28.9913102Z     Found existing installation: sentry-sdk 2.9.0
2025-08-19T10:59:29.0040624Z     Uninstalling sentry-sdk-2.9.0:
2025-08-19T10:59:29.0062982Z       Successfully uninstalled sentry-sdk-2.9.0
2025-08-19T10:59:29.3807928Z   Attempting uninstall: requests
2025-08-19T10:59:29.3851703Z     Found existing installation: requests 2.32.5
2025-08-19T10:59:29.3881125Z     Uninstalling requests-2.32.5:
2025-08-19T10:59:29.3889954Z       Successfully uninstalled requests-2.32.5
2025-08-19T10:59:29.6710495Z   Attempting uninstall: Jinja2
2025-08-19T10:59:29.6759851Z     Found existing installation: Jinja2 3.1.5
2025-08-19T10:59:29.6792110Z     Uninstalling Jinja2-3.1.5:
2025-08-19T10:59:29.6801242Z       Successfully uninstalled Jinja2-3.1.5
2025-08-19T10:59:30.0122996Z   Attempting uninstall: asyncpg
2025-08-19T10:59:30.0175791Z     Found existing installation: asyncpg 0.29.0
2025-08-19T10:59:30.0223003Z     Uninstalling asyncpg-0.29.0:
2025-08-19T10:59:30.0236396Z       Successfully uninstalled asyncpg-0.29.0
2025-08-19T10:59:30.2924623Z   Attempting uninstall: starlette
2025-08-19T10:59:30.2974954Z     Found existing installation: starlette 0.37.2
2025-08-19T10:59:30.3015554Z     Uninstalling starlette-0.37.2:
2025-08-19T10:59:30.3025566Z       Successfully uninstalled starlette-0.37.2
2025-08-19T10:59:32.1149441Z   Attempting uninstall: httpx
2025-08-19T10:59:32.1198462Z     Found existing installation: httpx 0.26.0
2025-08-19T10:59:32.1233818Z     Uninstalling httpx-0.26.0:
2025-08-19T10:59:32.1246527Z       Successfully uninstalled httpx-0.26.0
2025-08-19T10:59:32.5497096Z   Attempting uninstall: python-telegram-bot
2025-08-19T10:59:32.5545466Z     Found existing installation: python-telegram-bot 20.8
2025-08-19T10:59:32.5701080Z     Uninstalling python-telegram-bot-20.8:
2025-08-19T10:59:32.5724002Z       Successfully uninstalled python-telegram-bot-20.8
2025-08-19T10:59:33.0121179Z   Attempting uninstall: fastapi
2025-08-19T10:59:33.0166412Z     Found existing installation: fastapi 0.111.0
2025-08-19T10:59:33.0218793Z     Uninstalling fastapi-0.111.0:
2025-08-19T10:59:33.0231335Z       Successfully uninstalled fastapi-0.111.0
2025-08-19T10:59:33.1099936Z   Attempting uninstall: celery
2025-08-19T10:59:33.1141822Z     Found existing installation: celery 5.4.0
2025-08-19T10:59:33.1287299Z     Uninstalling celery-5.4.0:
2025-08-19T10:59:33.1315110Z       Successfully uninstalled celery-5.4.0
2025-08-19T10:59:33.5323803Z 
2025-08-19T10:59:33.5439552Z Successfully installed Deprecated-1.2.18 Jinja2-3.1.6 asyncpg-0.30.0 black-25.1.0 celery-5.5.3 coverage-7.10.4 databind-4.5.2 databind.core-4.5.2 databind.json-4.5.2 docker-7.1.0 docspec-2.2.1 docspec-python-2.2.2 docstring-parser-0.11 fastapi-0.116.1 fastapi-cloud-cli-0.1.5 httpx-0.28.1 imapclient-3.0.1 iniconfig-2.1.0 itsdangerous-2.2.0 mirakuru-2.6.1 mypy-1.17.1 nr-date-2.1.0 nr-stream-1.1.5 nr-util-0.8.12 pathspec-0.12.1 platformdirs-4.3.8 pluggy-1.6.0 port-for-0.7.4 psutil-7.0.0 pydantic-extra-types-2.10.5 pydoc-markdown-4.8.2 pytest-8.4.1 pytest-asyncio-0.23.6 pytest-cov-6.2.1 pytest-postgresql-7.0.2 python-telegram-bot-22.3 requests-2.32.4 respx-0.22.0 rignore-0.6.4 ruff-0.4.4 sentry-sdk-2.35.0 setuptools-80.9.0 starlette-0.47.2 testcontainers-4.10.0 tomli-2.2.1 tomli_w-1.2.0 typeapi-2.2.4 types-requests-2.32.0.20240602 watchdog-6.0.0 yapf-0.43.0
2025-08-19T10:59:34.1493318Z Requirement already satisfied: asyncpg in /opt/hostedtoolcache/Python/3.12.11/x64/lib/python3.12/site-packages (0.30.0)
2025-08-19T10:59:34.7580857Z Requirement already satisfied: pytest in /opt/hostedtoolcache/Python/3.12.11/x64/lib/python3.12/site-packages (8.4.1)
2025-08-19T10:59:34.7595537Z Requirement already satisfied: iniconfig>=1 in /opt/hostedtoolcache/Python/3.12.11/x64/lib/python3.12/site-packages (from pytest) (2.1.0)
2025-08-19T10:59:34.7601031Z Requirement already satisfied: packaging>=20 in /opt/hostedtoolcache/Python/3.12.11/x64/lib/python3.12/site-packages (from pytest) (25.0)
2025-08-19T10:59:34.7606672Z Requirement already satisfied: pluggy<2,>=1.5 in /opt/hostedtoolcache/Python/3.12.11/x64/lib/python3.12/site-packages (from pytest) (1.6.0)
2025-08-19T10:59:34.7611511Z Requirement already satisfied: pygments>=2.7.2 in /opt/hostedtoolcache/Python/3.12.11/x64/lib/python3.12/site-packages (from pytest) (2.19.2)
2025-08-19T10:59:35.4157598Z Collecting keepa==1.3.15
2025-08-19T10:59:35.4170441Z   Using cached keepa-1.3.15-py3-none-any.whl.metadata (11 kB)
2025-08-19T10:59:35.4208250Z Requirement already satisfied: minio==7.1.15 in /opt/hostedtoolcache/Python/3.12.11/x64/lib/python3.12/site-packages (7.1.15)
2025-08-19T10:59:35.4217065Z Requirement already satisfied: numpy>=1.9.3 in /opt/hostedtoolcache/Python/3.12.11/x64/lib/python3.12/site-packages (from keepa==1.3.15) (1.26.4)
2025-08-19T10:59:35.4222425Z Requirement already satisfied: requests>=2.2 in /opt/hostedtoolcache/Python/3.12.11/x64/lib/python3.12/site-packages (from keepa==1.3.15) (2.32.4)
2025-08-19T10:59:35.4226046Z Requirement already satisfied: tqdm in /opt/hostedtoolcache/Python/3.12.11/x64/lib/python3.12/site-packages (from keepa==1.3.15) (4.67.1)
2025-08-19T10:59:35.4229495Z Requirement already satisfied: aiohttp in /opt/hostedtoolcache/Python/3.12.11/x64/lib/python3.12/site-packages (from keepa==1.3.15) (3.12.15)
2025-08-19T10:59:35.4234959Z Requirement already satisfied: pandas<=3.0 in /opt/hostedtoolcache/Python/3.12.11/x64/lib/python3.12/site-packages (from keepa==1.3.15) (2.2.3)
2025-08-19T10:59:35.4238373Z Requirement already satisfied: pydantic in /opt/hostedtoolcache/Python/3.12.11/x64/lib/python3.12/site-packages (from keepa==1.3.15) (2.11.7)
2025-08-19T10:59:35.4248836Z Requirement already satisfied: certifi in /opt/hostedtoolcache/Python/3.12.11/x64/lib/python3.12/site-packages (from minio==7.1.15) (2025.8.3)
2025-08-19T10:59:35.4252983Z Requirement already satisfied: urllib3 in /opt/hostedtoolcache/Python/3.12.11/x64/lib/python3.12/site-packages (from minio==7.1.15) (2.5.0)
2025-08-19T10:59:35.4308222Z Requirement already satisfied: python-dateutil>=2.8.2 in /opt/hostedtoolcache/Python/3.12.11/x64/lib/python3.12/site-packages (from pandas<=3.0->keepa==1.3.15) (2.9.0.post0)
2025-08-19T10:59:35.4313507Z Requirement already satisfied: pytz>=2020.1 in /opt/hostedtoolcache/Python/3.12.11/x64/lib/python3.12/site-packages (from pandas<=3.0->keepa==1.3.15) (2025.2)
2025-08-19T10:59:35.4318730Z Requirement already satisfied: tzdata>=2022.7 in /opt/hostedtoolcache/Python/3.12.11/x64/lib/python3.12/site-packages (from pandas<=3.0->keepa==1.3.15) (2025.2)
2025-08-19T10:59:35.4451786Z Requirement already satisfied: six>=1.5 in /opt/hostedtoolcache/Python/3.12.11/x64/lib/python3.12/site-packages (from python-dateutil>=2.8.2->pandas<=3.0->keepa==1.3.15) (1.17.0)
2025-08-19T10:59:35.4471096Z Requirement already satisfied: charset_normalizer<4,>=2 in /opt/hostedtoolcache/Python/3.12.11/x64/lib/python3.12/site-packages (from requests>=2.2->keepa==1.3.15) (3.4.3)
2025-08-19T10:59:35.4476890Z Requirement already satisfied: idna<4,>=2.5 in /opt/hostedtoolcache/Python/3.12.11/x64/lib/python3.12/site-packages (from requests>=2.2->keepa==1.3.15) (3.10)
2025-08-19T10:59:35.4546815Z Requirement already satisfied: aiohappyeyeballs>=2.5.0 in /opt/hostedtoolcache/Python/3.12.11/x64/lib/python3.12/site-packages (from aiohttp->keepa==1.3.15) (2.6.1)
2025-08-19T10:59:35.4551805Z Requirement already satisfied: aiosignal>=1.4.0 in /opt/hostedtoolcache/Python/3.12.11/x64/lib/python3.12/site-packages (from aiohttp->keepa==1.3.15) (1.4.0)
2025-08-19T10:59:35.4558868Z Requirement already satisfied: attrs>=17.3.0 in /opt/hostedtoolcache/Python/3.12.11/x64/lib/python3.12/site-packages (from aiohttp->keepa==1.3.15) (25.3.0)
2025-08-19T10:59:35.4565809Z Requirement already satisfied: frozenlist>=1.1.1 in /opt/hostedtoolcache/Python/3.12.11/x64/lib/python3.12/site-packages (from aiohttp->keepa==1.3.15) (1.7.0)
2025-08-19T10:59:35.4570815Z Requirement already satisfied: multidict<7.0,>=4.5 in /opt/hostedtoolcache/Python/3.12.11/x64/lib/python3.12/site-packages (from aiohttp->keepa==1.3.15) (6.6.4)
2025-08-19T10:59:35.4576943Z Requirement already satisfied: propcache>=0.2.0 in /opt/hostedtoolcache/Python/3.12.11/x64/lib/python3.12/site-packages (from aiohttp->keepa==1.3.15) (0.3.2)
2025-08-19T10:59:35.4582402Z Requirement already satisfied: yarl<2.0,>=1.17.0 in /opt/hostedtoolcache/Python/3.12.11/x64/lib/python3.12/site-packages (from aiohttp->keepa==1.3.15) (1.20.1)
2025-08-19T10:59:35.4642694Z Requirement already satisfied: typing-extensions>=4.2 in /opt/hostedtoolcache/Python/3.12.11/x64/lib/python3.12/site-packages (from aiosignal>=1.4.0->aiohttp->keepa==1.3.15) (4.14.1)
2025-08-19T10:59:35.4736518Z Requirement already satisfied: annotated-types>=0.6.0 in /opt/hostedtoolcache/Python/3.12.11/x64/lib/python3.12/site-packages (from pydantic->keepa==1.3.15) (0.7.0)
2025-08-19T10:59:35.4741613Z Requirement already satisfied: pydantic-core==2.33.2 in /opt/hostedtoolcache/Python/3.12.11/x64/lib/python3.12/site-packages (from pydantic->keepa==1.3.15) (2.33.2)
2025-08-19T10:59:35.4749357Z Requirement already satisfied: typing-inspection>=0.4.0 in /opt/hostedtoolcache/Python/3.12.11/x64/lib/python3.12/site-packages (from pydantic->keepa==1.3.15) (0.4.1)
2025-08-19T10:59:35.4828412Z Using cached keepa-1.3.15-py3-none-any.whl (38 kB)
2025-08-19T10:59:35.6518186Z Installing collected packages: keepa
2025-08-19T10:59:35.6518776Z   Attempting uninstall: keepa
2025-08-19T10:59:35.6551483Z     Found existing installation: keepa 1.3.14
2025-08-19T10:59:35.6574599Z     Uninstalling keepa-1.3.14:
2025-08-19T10:59:35.6582942Z       Successfully uninstalled keepa-1.3.14
2025-08-19T10:59:35.7006651Z Successfully installed keepa-1.3.15
2025-08-19T10:59:35.7550583Z ##[group]Run actions/setup-node@v4
2025-08-19T10:59:35.7550926Z with:
2025-08-19T10:59:35.7551109Z   node-version: 20.19.0
2025-08-19T10:59:35.7551315Z   always-auth: false
2025-08-19T10:59:35.7551511Z   check-latest: false
2025-08-19T10:59:35.7551801Z   token: ***
2025-08-19T10:59:35.7551975Z env:
2025-08-19T10:59:35.7552170Z   REDIS_URL: redis://localhost:6379/0
2025-08-19T10:59:35.7552437Z   RATE_LIMIT_DEFAULT: 100/minute
2025-08-19T10:59:35.7552938Z   TRUST_X_FORWARDED: 1
2025-08-19T10:59:35.7553150Z   PG_USER: postgres
2025-08-19T10:59:35.7553340Z   PG_PASSWORD: pass
2025-08-19T10:59:35.7553528Z   PG_DATABASE: awa
2025-08-19T10:59:35.7553732Z   PG_HOST: localhost
2025-08-19T10:59:35.7553927Z   PG_PORT: 5432
2025-08-19T10:59:35.7554290Z   PG_SYNC_DSN: ***localhost:5432/awa
2025-08-19T10:59:35.7554687Z   PG_ASYNC_DSN: ***localhost:5432/awa
2025-08-19T10:59:35.7555071Z   DATABASE_URL: ***localhost:5432/awa
2025-08-19T10:59:35.7555312Z   DATA_DIR: /tmp/awa-data
2025-08-19T10:59:35.7555542Z   ENABLE_LIVE: 0
2025-08-19T10:59:35.7555724Z   TESTING: 1
2025-08-19T10:59:35.7555973Z   pythonLocation: /opt/hostedtoolcache/Python/3.12.11/x64
2025-08-19T10:59:35.7556374Z   PKG_CONFIG_PATH: /opt/hostedtoolcache/Python/3.12.11/x64/lib/pkgconfig
2025-08-19T10:59:35.7556776Z   Python_ROOT_DIR: /opt/hostedtoolcache/Python/3.12.11/x64
2025-08-19T10:59:35.7557133Z   Python2_ROOT_DIR: /opt/hostedtoolcache/Python/3.12.11/x64
2025-08-19T10:59:35.7557488Z   Python3_ROOT_DIR: /opt/hostedtoolcache/Python/3.12.11/x64
2025-08-19T10:59:35.7557844Z   LD_LIBRARY_PATH: /opt/hostedtoolcache/Python/3.12.11/x64/lib
2025-08-19T10:59:35.7558159Z ##[endgroup]
2025-08-19T10:59:35.9307698Z Attempting to download 20.19.0...
2025-08-19T10:59:36.6972897Z Acquiring 20.19.0 - x64 from https://github.com/actions/node-versions/releases/download/20.19.0-13838090974/node-20.19.0-linux-x64.tar.gz
2025-08-19T10:59:37.1678972Z Extracting ...
2025-08-19T10:59:37.1785941Z [command]/usr/bin/tar xz --strip 1 --warning=no-unknown-keyword --overwrite -C /home/runner/work/_temp/5ef7df4b-c429-44f0-b7e0-ced2716b4766 -f /home/runner/work/_temp/2e09f9e2-bdd5-4400-bf6e-2f8c2c2b6784
2025-08-19T10:59:38.1803717Z Adding to the cache ...
2025-08-19T10:59:39.8233127Z ##[group]Environment details
2025-08-19T10:59:40.0414884Z node: v20.19.0
2025-08-19T10:59:40.0415277Z npm: 10.8.2
2025-08-19T10:59:40.0415773Z yarn: 1.22.22
2025-08-19T10:59:40.0416922Z ##[endgroup]
2025-08-19T10:59:40.0552498Z ##[group]Run npm ci
2025-08-19T10:59:40.0552948Z [36;1mnpm ci[0m
2025-08-19T10:59:40.0595737Z shell: /usr/bin/bash -e {0}
2025-08-19T10:59:40.0595969Z env:
2025-08-19T10:59:40.0596188Z   REDIS_URL: redis://localhost:6379/0
2025-08-19T10:59:40.0596454Z   RATE_LIMIT_DEFAULT: 100/minute
2025-08-19T10:59:40.0596689Z   TRUST_X_FORWARDED: 1
2025-08-19T10:59:40.0596897Z   PG_USER: postgres
2025-08-19T10:59:40.0597089Z   PG_PASSWORD: pass
2025-08-19T10:59:40.0597276Z   PG_DATABASE: awa
2025-08-19T10:59:40.0597457Z   PG_HOST: localhost
2025-08-19T10:59:40.0597648Z   PG_PORT: 5432
2025-08-19T10:59:40.0598068Z   PG_SYNC_DSN: ***localhost:5432/awa
2025-08-19T10:59:40.0598474Z   PG_ASYNC_DSN: ***localhost:5432/awa
2025-08-19T10:59:40.0598867Z   DATABASE_URL: ***localhost:5432/awa
2025-08-19T10:59:40.0599107Z   DATA_DIR: /tmp/awa-data
2025-08-19T10:59:40.0599314Z   ENABLE_LIVE: 0
2025-08-19T10:59:40.0599494Z   TESTING: 1
2025-08-19T10:59:40.0599768Z   pythonLocation: /opt/hostedtoolcache/Python/3.12.11/x64
2025-08-19T10:59:40.0600177Z   PKG_CONFIG_PATH: /opt/hostedtoolcache/Python/3.12.11/x64/lib/pkgconfig
2025-08-19T10:59:40.0600588Z   Python_ROOT_DIR: /opt/hostedtoolcache/Python/3.12.11/x64
2025-08-19T10:59:40.0601114Z   Python2_ROOT_DIR: /opt/hostedtoolcache/Python/3.12.11/x64
2025-08-19T10:59:40.0601471Z   Python3_ROOT_DIR: /opt/hostedtoolcache/Python/3.12.11/x64
2025-08-19T10:59:40.0601843Z   LD_LIBRARY_PATH: /opt/hostedtoolcache/Python/3.12.11/x64/lib
2025-08-19T10:59:40.0602143Z ##[endgroup]
2025-08-19T10:59:42.8615674Z npm warn deprecated node-domexception@1.0.0: Use your platform's native DOMException instead
2025-08-19T10:59:46.0314858Z 
2025-08-19T10:59:46.0315678Z added 432 packages, and audited 433 packages in 6s
2025-08-19T10:59:46.0316119Z 
2025-08-19T10:59:46.0316394Z 112 packages are looking for funding
2025-08-19T10:59:46.0316899Z   run `npm fund` for details
2025-08-19T10:59:46.0325606Z 
2025-08-19T10:59:46.0327186Z 2 vulnerabilities (1 low, 1 critical)
2025-08-19T10:59:46.0327584Z 
2025-08-19T10:59:46.0327940Z To address all issues, run:
2025-08-19T10:59:46.0328425Z   npm audit fix
2025-08-19T10:59:46.0328618Z 
2025-08-19T10:59:46.0334059Z Run `npm audit` for details.
2025-08-19T10:59:46.0602002Z ##[group]Run npm run build --if-present
2025-08-19T10:59:46.0602339Z [36;1mnpm run build --if-present[0m
2025-08-19T10:59:46.0645779Z shell: /usr/bin/bash -e {0}
2025-08-19T10:59:46.0646012Z env:
2025-08-19T10:59:46.0646223Z   REDIS_URL: redis://localhost:6379/0
2025-08-19T10:59:46.0646489Z   RATE_LIMIT_DEFAULT: 100/minute
2025-08-19T10:59:46.0646719Z   TRUST_X_FORWARDED: 1
2025-08-19T10:59:46.0646923Z   PG_USER: postgres
2025-08-19T10:59:46.0647120Z   PG_PASSWORD: pass
2025-08-19T10:59:46.0647304Z   PG_DATABASE: awa
2025-08-19T10:59:46.0647489Z   PG_HOST: localhost
2025-08-19T10:59:46.0647675Z   PG_PORT: 5432
2025-08-19T10:59:46.0648102Z   PG_SYNC_DSN: ***localhost:5432/awa
2025-08-19T10:59:46.0648517Z   PG_ASYNC_DSN: ***localhost:5432/awa
2025-08-19T10:59:46.0648911Z   DATABASE_URL: ***localhost:5432/awa
2025-08-19T10:59:46.0649150Z   DATA_DIR: /tmp/awa-data
2025-08-19T10:59:46.0649356Z   ENABLE_LIVE: 0
2025-08-19T10:59:46.0649534Z   TESTING: 1
2025-08-19T10:59:46.0649804Z   pythonLocation: /opt/hostedtoolcache/Python/3.12.11/x64
2025-08-19T10:59:46.0650221Z   PKG_CONFIG_PATH: /opt/hostedtoolcache/Python/3.12.11/x64/lib/pkgconfig
2025-08-19T10:59:46.0650610Z   Python_ROOT_DIR: /opt/hostedtoolcache/Python/3.12.11/x64
2025-08-19T10:59:46.0650962Z   Python2_ROOT_DIR: /opt/hostedtoolcache/Python/3.12.11/x64
2025-08-19T10:59:46.0651320Z   Python3_ROOT_DIR: /opt/hostedtoolcache/Python/3.12.11/x64
2025-08-19T10:59:46.0651681Z   LD_LIBRARY_PATH: /opt/hostedtoolcache/Python/3.12.11/x64/lib
2025-08-19T10:59:46.0651983Z ##[endgroup]
2025-08-19T10:59:46.1829016Z 
2025-08-19T10:59:46.1829317Z > web@0.0.0 build
2025-08-19T10:59:46.1829730Z > tsc -b && vite build
2025-08-19T10:59:46.1829963Z 
2025-08-19T10:59:48.9874264Z [36mvite v7.0.4 [32mbuilding for production...[36m[39m
2025-08-19T10:59:49.1609025Z transforming...
2025-08-19T10:59:52.2161229Z [32m✓[39m 687 modules transformed.
2025-08-19T10:59:52.5678907Z rendering chunks...
2025-08-19T10:59:52.5767570Z computing gzip size...
2025-08-19T10:59:52.5948955Z [2mdist/[22m[32mindex.html                 [39m[1m[2m  0.46 kB[22m[1m[22m[2m │ gzip:   0.30 kB[22m
2025-08-19T10:59:52.5950527Z [2mdist/[22m[2massets/[22m[35mindex-5IA1gRGW.css  [39m[1m[2m  0.84 kB[22m[1m[22m[2m │ gzip:   0.45 kB[22m
2025-08-19T10:59:52.5952134Z [2mdist/[22m[2massets/[22m[36mindex-CIqpArhq.js   [39m[1m[33m613.66 kB[39m[22m[2m │ gzip: 193.69 kB[22m
2025-08-19T10:59:52.5953329Z [33m
2025-08-19T10:59:52.5954008Z (!) Some chunks are larger than 500 kB after minification. Consider:
2025-08-19T10:59:52.5954864Z - Using dynamic import() to code-split the application
2025-08-19T10:59:52.5956193Z - Use build.rollupOptions.output.manualChunks to improve chunking: https://rollupjs.org/configuration-options/#output-manualchunks
2025-08-19T10:59:52.5957123Z - Adjust chunk size limit for this warning via build.chunkSizeWarningLimit.[39m
2025-08-19T10:59:52.5957598Z [32m✓ built in 3.59s[39m
2025-08-19T10:59:52.6411838Z ##[group]Run sudo apt-get update
2025-08-19T10:59:52.6412340Z [36;1msudo apt-get update[0m
2025-08-19T10:59:52.6412825Z [36;1msudo apt-get install -y postgresql[0m
2025-08-19T10:59:52.6413316Z [36;1mecho "/usr/lib/postgresql/$(pg_config --version | cut -d' ' -f2 | cut -d'.' -f1,2)/bin" >> $GITHUB_PATH[0m
2025-08-19T10:59:52.6454719Z shell: /usr/bin/bash -e {0}
2025-08-19T10:59:52.6454950Z env:
2025-08-19T10:59:52.6455162Z   REDIS_URL: redis://localhost:6379/0
2025-08-19T10:59:52.6455439Z   RATE_LIMIT_DEFAULT: 100/minute
2025-08-19T10:59:52.6455672Z   TRUST_X_FORWARDED: 1
2025-08-19T10:59:52.6455877Z   PG_USER: postgres
2025-08-19T10:59:52.6456069Z   PG_PASSWORD: pass
2025-08-19T10:59:52.6456259Z   PG_DATABASE: awa
2025-08-19T10:59:52.6456449Z   PG_HOST: localhost
2025-08-19T10:59:52.6456643Z   PG_PORT: 5432
2025-08-19T10:59:52.6457055Z   PG_SYNC_DSN: ***localhost:5432/awa
2025-08-19T10:59:52.6457540Z   PG_ASYNC_DSN: ***localhost:5432/awa
2025-08-19T10:59:52.6457970Z   DATABASE_URL: ***localhost:5432/awa
2025-08-19T10:59:52.6458218Z   DATA_DIR: /tmp/awa-data
2025-08-19T10:59:52.6458424Z   ENABLE_LIVE: 0
2025-08-19T10:59:52.6458602Z   TESTING: 1
2025-08-19T10:59:52.6458844Z   pythonLocation: /opt/hostedtoolcache/Python/3.12.11/x64
2025-08-19T10:59:52.6459247Z   PKG_CONFIG_PATH: /opt/hostedtoolcache/Python/3.12.11/x64/lib/pkgconfig
2025-08-19T10:59:52.6459644Z   Python_ROOT_DIR: /opt/hostedtoolcache/Python/3.12.11/x64
2025-08-19T10:59:52.6459999Z   Python2_ROOT_DIR: /opt/hostedtoolcache/Python/3.12.11/x64
2025-08-19T10:59:52.6460353Z   Python3_ROOT_DIR: /opt/hostedtoolcache/Python/3.12.11/x64
2025-08-19T10:59:52.6460704Z   LD_LIBRARY_PATH: /opt/hostedtoolcache/Python/3.12.11/x64/lib
2025-08-19T10:59:52.6461001Z ##[endgroup]
2025-08-19T10:59:52.7222856Z Get:1 file:/etc/apt/apt-mirrors.txt Mirrorlist [144 B]
2025-08-19T10:59:52.7587208Z Hit:6 https://packages.microsoft.com/repos/azure-cli noble InRelease
2025-08-19T10:59:52.7589421Z Get:7 https://packages.microsoft.com/ubuntu/24.04/prod noble InRelease [3600 B]
2025-08-19T10:59:52.8860374Z Get:8 https://packages.microsoft.com/ubuntu/24.04/prod noble/main arm64 Packages [33.1 kB]
2025-08-19T10:59:52.8923819Z Hit:2 http://azure.archive.ubuntu.com/ubuntu noble InRelease
2025-08-19T10:59:52.8937696Z Get:3 http://azure.archive.ubuntu.com/ubuntu noble-updates InRelease [126 kB]
2025-08-19T10:59:52.8968393Z Get:4 http://azure.archive.ubuntu.com/ubuntu noble-backports InRelease [126 kB]
2025-08-19T10:59:52.8969620Z Get:9 https://packages.microsoft.com/ubuntu/24.04/prod noble/main amd64 Packages [47.9 kB]
2025-08-19T10:59:52.8992972Z Get:5 http://azure.archive.ubuntu.com/ubuntu noble-security InRelease [126 kB]
2025-08-19T10:59:52.9939134Z Get:10 http://azure.archive.ubuntu.com/ubuntu noble-updates/main amd64 Packages [1337 kB]
2025-08-19T10:59:53.0054812Z Get:11 http://azure.archive.ubuntu.com/ubuntu noble-updates/main Translation-en [267 kB]
2025-08-19T10:59:53.0066491Z Get:12 http://azure.archive.ubuntu.com/ubuntu noble-updates/main amd64 Components [175 kB]
2025-08-19T10:59:53.0088057Z Get:13 http://azure.archive.ubuntu.com/ubuntu noble-updates/universe amd64 Packages [1121 kB]
2025-08-19T10:59:53.0179403Z Get:14 http://azure.archive.ubuntu.com/ubuntu noble-updates/universe Translation-en [288 kB]
2025-08-19T10:59:53.0206594Z Get:15 http://azure.archive.ubuntu.com/ubuntu noble-updates/universe amd64 Components [377 kB]
2025-08-19T10:59:53.0245143Z Get:16 http://azure.archive.ubuntu.com/ubuntu noble-updates/restricted amd64 Packages [1700 kB]
2025-08-19T10:59:53.0348687Z Get:17 http://azure.archive.ubuntu.com/ubuntu noble-updates/restricted Translation-en [375 kB]
2025-08-19T10:59:53.0404618Z Get:18 http://azure.archive.ubuntu.com/ubuntu noble-updates/restricted amd64 Components [212 B]
2025-08-19T10:59:53.0417906Z Get:19 http://azure.archive.ubuntu.com/ubuntu noble-updates/multiverse amd64 Components [940 B]
2025-08-19T10:59:53.0918966Z Get:20 http://azure.archive.ubuntu.com/ubuntu noble-backports/main amd64 Components [7072 B]
2025-08-19T10:59:53.0936751Z Get:21 http://azure.archive.ubuntu.com/ubuntu noble-backports/universe amd64 Packages [30.2 kB]
2025-08-19T10:59:53.0983345Z Get:22 http://azure.archive.ubuntu.com/ubuntu noble-backports/universe Translation-en [17.4 kB]
2025-08-19T10:59:53.0984846Z Get:23 http://azure.archive.ubuntu.com/ubuntu noble-backports/universe amd64 Components [19.2 kB]
2025-08-19T10:59:53.0986382Z Get:24 http://azure.archive.ubuntu.com/ubuntu noble-backports/restricted amd64 Components [216 B]
2025-08-19T10:59:53.0987683Z Get:25 http://azure.archive.ubuntu.com/ubuntu noble-backports/multiverse amd64 Components [212 B]
2025-08-19T10:59:53.1007296Z Get:26 http://azure.archive.ubuntu.com/ubuntu noble-security/main amd64 Packages [1075 kB]
2025-08-19T10:59:53.1070976Z Get:27 http://azure.archive.ubuntu.com/ubuntu noble-security/main Translation-en [186 kB]
2025-08-19T10:59:53.1089283Z Get:28 http://azure.archive.ubuntu.com/ubuntu noble-security/main amd64 Components [21.6 kB]
2025-08-19T10:59:53.1099671Z Get:29 http://azure.archive.ubuntu.com/ubuntu noble-security/universe amd64 Packages [879 kB]
2025-08-19T10:59:53.1148650Z Get:30 http://azure.archive.ubuntu.com/ubuntu noble-security/universe Translation-en [195 kB]
2025-08-19T10:59:53.1172312Z Get:31 http://azure.archive.ubuntu.com/ubuntu noble-security/universe amd64 Components [52.2 kB]
2025-08-19T10:59:53.1187869Z Get:32 http://azure.archive.ubuntu.com/ubuntu noble-security/restricted amd64 Packages [1610 kB]
2025-08-19T10:59:53.1268886Z Get:33 http://azure.archive.ubuntu.com/ubuntu noble-security/restricted Translation-en [357 kB]
2025-08-19T10:59:53.1716601Z Get:34 http://azure.archive.ubuntu.com/ubuntu noble-security/restricted amd64 Components [212 B]
2025-08-19T10:59:53.1725720Z Get:35 http://azure.archive.ubuntu.com/ubuntu noble-security/multiverse amd64 Components [212 B]
2025-08-19T10:59:59.8708654Z Fetched 10.6 MB in 1s (8018 kB/s)
2025-08-19T11:00:00.5595100Z Reading package lists...
2025-08-19T11:00:00.5918471Z Reading package lists...
2025-08-19T11:00:00.7548746Z Building dependency tree...
2025-08-19T11:00:00.7556164Z Reading state information...
2025-08-19T11:00:00.9091135Z Suggested packages:
2025-08-19T11:00:00.9091556Z   postgresql-doc
2025-08-19T11:00:00.9248419Z The following NEW packages will be installed:
2025-08-19T11:00:00.9249000Z   postgresql
2025-08-19T11:00:00.9431436Z 0 upgraded, 1 newly installed, 0 to remove and 39 not upgraded.
2025-08-19T11:00:00.9432164Z Need to get 11.6 kB of archives.
2025-08-19T11:00:00.9432965Z After this operation, 17.4 kB of additional disk space will be used.
2025-08-19T11:00:00.9433450Z Get:1 file:/etc/apt/apt-mirrors.txt Mirrorlist [144 B]
2025-08-19T11:00:01.1310374Z Get:2 http://azure.archive.ubuntu.com/ubuntu noble-updates/main amd64 postgresql all 16+257build1.1 [11.6 kB]
2025-08-19T11:00:01.3991359Z Fetched 11.6 kB in 0s (58.2 kB/s)
2025-08-19T11:00:01.4225841Z Selecting previously unselected package postgresql.
2025-08-19T11:00:01.4435110Z (Reading database ... 
2025-08-19T11:00:01.4435765Z (Reading database ... 5%
2025-08-19T11:00:01.4436112Z (Reading database ... 10%
2025-08-19T11:00:01.4436396Z (Reading database ... 15%
2025-08-19T11:00:01.4436996Z (Reading database ... 20%
2025-08-19T11:00:01.4437452Z (Reading database ... 25%
2025-08-19T11:00:01.4437850Z (Reading database ... 30%
2025-08-19T11:00:01.4438108Z (Reading database ... 35%
2025-08-19T11:00:01.4438360Z (Reading database ... 40%
2025-08-19T11:00:01.4438623Z (Reading database ... 45%
2025-08-19T11:00:01.4438878Z (Reading database ... 50%
2025-08-19T11:00:01.4637367Z (Reading database ... 55%
2025-08-19T11:00:01.4887430Z (Reading database ... 60%
2025-08-19T11:00:01.5075362Z (Reading database ... 65%
2025-08-19T11:00:01.5273866Z (Reading database ... 70%
2025-08-19T11:00:01.5495288Z (Reading database ... 75%
2025-08-19T11:00:01.5760110Z (Reading database ... 80%
2025-08-19T11:00:01.6256812Z (Reading database ... 85%
2025-08-19T11:00:01.6966936Z (Reading database ... 90%
2025-08-19T11:00:01.7325855Z (Reading database ... 95%
2025-08-19T11:00:01.7326627Z (Reading database ... 100%
2025-08-19T11:00:01.7327237Z (Reading database ... 219881 files and directories currently installed.)
2025-08-19T11:00:01.7373710Z Preparing to unpack .../postgresql_16+257build1.1_all.deb ...
2025-08-19T11:00:01.7397905Z Unpacking postgresql (16+257build1.1) ...
2025-08-19T11:00:01.7791026Z Setting up postgresql (16+257build1.1) ...
2025-08-19T11:00:02.5028971Z 
2025-08-19T11:00:02.5029565Z Running kernel seems to be up-to-date.
2025-08-19T11:00:02.5029975Z 
2025-08-19T11:00:02.5030180Z Restarting services...
2025-08-19T11:00:02.5105070Z 
2025-08-19T11:00:02.5105617Z Service restarts being deferred:
2025-08-19T11:00:02.5106745Z  systemctl restart hosted-compute-agent.service
2025-08-19T11:00:02.5106998Z 
2025-08-19T11:00:02.5107564Z No containers need to be restarted.
2025-08-19T11:00:02.5107924Z 
2025-08-19T11:00:02.5108258Z No user sessions are running outdated binaries.
2025-08-19T11:00:02.5108631Z 
2025-08-19T11:00:02.5109172Z No VM guests are running outdated hypervisor (qemu) binaries on this host.
2025-08-19T11:00:03.3898060Z ##[group]Run for i in {1..30}; do pg_isready -h localhost -p 5432 -U postgres -d awa && break; sleep 1; done
2025-08-19T11:00:03.3898804Z [36;1mfor i in {1..30}; do pg_isready -h localhost -p 5432 -U postgres -d awa && break; sleep 1; done[0m
2025-08-19T11:00:03.3939817Z shell: /usr/bin/bash -e {0}
2025-08-19T11:00:03.3940114Z env:
2025-08-19T11:00:03.3940513Z   REDIS_URL: redis://localhost:6379/0
2025-08-19T11:00:03.3940891Z   RATE_LIMIT_DEFAULT: 100/minute
2025-08-19T11:00:03.3941210Z   TRUST_X_FORWARDED: 1
2025-08-19T11:00:03.3941554Z   PG_USER: postgres
2025-08-19T11:00:03.3941850Z   PG_PASSWORD: pass
2025-08-19T11:00:03.3942097Z   PG_DATABASE: awa
2025-08-19T11:00:03.3942456Z   PG_HOST: localhost
2025-08-19T11:00:03.3942960Z   PG_PORT: 5432
2025-08-19T11:00:03.3943543Z   PG_SYNC_DSN: ***localhost:5432/awa
2025-08-19T11:00:03.3944108Z   PG_ASYNC_DSN: ***localhost:5432/awa
2025-08-19T11:00:03.3944611Z   DATABASE_URL: ***localhost:5432/awa
2025-08-19T11:00:03.3945103Z   DATA_DIR: /tmp/awa-data
2025-08-19T11:00:03.3945398Z   ENABLE_LIVE: 0
2025-08-19T11:00:03.3945739Z   TESTING: 1
2025-08-19T11:00:03.3946040Z   pythonLocation: /opt/hostedtoolcache/Python/3.12.11/x64
2025-08-19T11:00:03.3946565Z   PKG_CONFIG_PATH: /opt/hostedtoolcache/Python/3.12.11/x64/lib/pkgconfig
2025-08-19T11:00:03.3947109Z   Python_ROOT_DIR: /opt/hostedtoolcache/Python/3.12.11/x64
2025-08-19T11:00:03.3947555Z   Python2_ROOT_DIR: /opt/hostedtoolcache/Python/3.12.11/x64
2025-08-19T11:00:03.3948037Z   Python3_ROOT_DIR: /opt/hostedtoolcache/Python/3.12.11/x64
2025-08-19T11:00:03.3948508Z   LD_LIBRARY_PATH: /opt/hostedtoolcache/Python/3.12.11/x64/lib
2025-08-19T11:00:03.3948927Z ##[endgroup]
2025-08-19T11:00:03.4687907Z localhost:5432 - accepting connections
2025-08-19T11:00:03.4733234Z ##[group]Run alembic -c services/api/alembic.ini upgrade head
2025-08-19T11:00:03.4733800Z [36;1malembic -c services/api/alembic.ini upgrade head[0m
2025-08-19T11:00:03.4773727Z shell: /usr/bin/bash -e {0}
2025-08-19T11:00:03.4774050Z env:
2025-08-19T11:00:03.4774429Z   REDIS_URL: redis://localhost:6379/0
2025-08-19T11:00:03.4774832Z   RATE_LIMIT_DEFAULT: 100/minute
2025-08-19T11:00:03.4775162Z   TRUST_X_FORWARDED: 1
2025-08-19T11:00:03.4775505Z   PG_USER: postgres
2025-08-19T11:00:03.4775753Z   PG_PASSWORD: pass
2025-08-19T11:00:03.4776036Z   PG_DATABASE: awa
2025-08-19T11:00:03.4776397Z   PG_HOST: localhost
2025-08-19T11:00:03.4776682Z   PG_PORT: 5432
2025-08-19T11:00:03.4777256Z   PG_SYNC_DSN: ***localhost:5432/awa
2025-08-19T11:00:03.4777785Z   PG_ASYNC_DSN: ***localhost:5432/awa
2025-08-19T11:00:03.4778371Z   DATABASE_URL: ***localhost:5432/awa
2025-08-19T11:00:03.4778783Z   DATA_DIR: /tmp/awa-data
2025-08-19T11:00:03.4779080Z   ENABLE_LIVE: 0
2025-08-19T11:00:03.4779454Z   TESTING: 1
2025-08-19T11:00:03.4779789Z   pythonLocation: /opt/hostedtoolcache/Python/3.12.11/x64
2025-08-19T11:00:03.4780298Z   PKG_CONFIG_PATH: /opt/hostedtoolcache/Python/3.12.11/x64/lib/pkgconfig
2025-08-19T11:00:03.4780835Z   Python_ROOT_DIR: /opt/hostedtoolcache/Python/3.12.11/x64
2025-08-19T11:00:03.4781445Z   Python2_ROOT_DIR: /opt/hostedtoolcache/Python/3.12.11/x64
2025-08-19T11:00:03.4781925Z   Python3_ROOT_DIR: /opt/hostedtoolcache/Python/3.12.11/x64
2025-08-19T11:00:03.4782395Z   LD_LIBRARY_PATH: /opt/hostedtoolcache/Python/3.12.11/x64/lib
2025-08-19T11:00:03.4783060Z   POSTGRES_USER: postgres
2025-08-19T11:00:03.4783393Z   POSTGRES_PASSWORD: pass
2025-08-19T11:00:03.4783714Z   POSTGRES_DB: awa
2025-08-19T11:00:03.4783999Z ##[endgroup]
2025-08-19T11:00:04.2377164Z INFO  [alembic.runtime.migration] Context impl PostgresqlImpl.
2025-08-19T11:00:04.2377863Z INFO  [alembic.runtime.migration] Will assume transactional DDL.
2025-08-19T11:00:04.2559237Z INFO  [alembic.runtime.migration] Running upgrade  -> 0001_baseline
2025-08-19T11:00:04.2701363Z INFO  [alembic.runtime.migration] Running upgrade 0001_baseline -> 0002_create_roi_view
2025-08-19T11:00:04.2727421Z INFO  [alembic.runtime.migration] Running upgrade 0002_create_roi_view -> 3e9d5c5aff2c
2025-08-19T11:00:04.2896438Z INFO  [alembic.runtime.migration] Running upgrade 3e9d5c5aff2c -> 0003_vendor_prices
2025-08-19T11:00:04.3044052Z INFO  [alembic.runtime.migration] Running upgrade 0003_vendor_prices -> 0004_fee_cron
2025-08-19T11:00:04.3114573Z INFO  [alembic.runtime.migration] Running upgrade 0004_fee_cron -> 0006_fix_roi_views
2025-08-19T11:00:04.3146023Z INFO  [alembic.runtime.migration] Running upgrade 0006_fix_roi_views -> 0020_unified_schema
2025-08-19T11:00:04.3255080Z INFO  [alembic.runtime.migration] Running upgrade 0020_unified_schema -> 0022_fix_roi_view
2025-08-19T11:00:04.3320891Z INFO  [alembic.runtime.migration] Running upgrade 0022_fix_roi_view -> 0023_add_storage_fee
2025-08-19T11:00:04.3356276Z INFO  [alembic.runtime.migration] Running upgrade 0023_add_storage_fee -> 0024_create_buybox
2025-08-19T11:00:04.3379459Z INFO  [alembic.runtime.migration] Running upgrade 0024_create_buybox -> 0025_pr4_indexes_loadlog
2025-08-19T11:00:04.3580385Z INFO  [alembic.runtime.migration] Running upgrade 0025_pr4_indexes_loadlog -> 0026_amazon_new_reports
2025-08-19T11:00:04.4520779Z ##[group]Run pytest -q --cov=services
2025-08-19T11:00:04.4521103Z [36;1mpytest -q --cov=services[0m
2025-08-19T11:00:04.4562254Z shell: /usr/bin/bash -e {0}
2025-08-19T11:00:04.4562482Z env:
2025-08-19T11:00:04.4562948Z   REDIS_URL: redis://localhost:6379/0
2025-08-19T11:00:04.4563223Z   RATE_LIMIT_DEFAULT: 100/minute
2025-08-19T11:00:04.4563449Z   TRUST_X_FORWARDED: 1
2025-08-19T11:00:04.4563640Z   PG_USER: postgres
2025-08-19T11:00:04.4563836Z   PG_PASSWORD: pass
2025-08-19T11:00:04.4564024Z   PG_DATABASE: awa
2025-08-19T11:00:04.4564208Z   PG_HOST: localhost
2025-08-19T11:00:04.4564396Z   PG_PORT: 5432
2025-08-19T11:00:04.4564817Z   PG_SYNC_DSN: ***localhost:5432/awa
2025-08-19T11:00:04.4565227Z   PG_ASYNC_DSN: ***localhost:5432/awa
2025-08-19T11:00:04.4565617Z   DATABASE_URL: ***localhost:5432/awa
2025-08-19T11:00:04.4565875Z   DATA_DIR: /home/runner/work/_temp/awa-data
2025-08-19T11:00:04.4566122Z   ENABLE_LIVE: 0
2025-08-19T11:00:04.4566299Z   TESTING: 1
2025-08-19T11:00:04.4566587Z   pythonLocation: /opt/hostedtoolcache/Python/3.12.11/x64
2025-08-19T11:00:04.4566984Z   PKG_CONFIG_PATH: /opt/hostedtoolcache/Python/3.12.11/x64/lib/pkgconfig
2025-08-19T11:00:04.4567375Z   Python_ROOT_DIR: /opt/hostedtoolcache/Python/3.12.11/x64
2025-08-19T11:00:04.4567728Z   Python2_ROOT_DIR: /opt/hostedtoolcache/Python/3.12.11/x64
2025-08-19T11:00:04.4568078Z   Python3_ROOT_DIR: /opt/hostedtoolcache/Python/3.12.11/x64
2025-08-19T11:00:04.4568428Z   LD_LIBRARY_PATH: /opt/hostedtoolcache/Python/3.12.11/x64/lib
2025-08-19T11:00:04.4568732Z   POSTGRES_USER: postgres
2025-08-19T11:00:04.4568948Z   POSTGRES_PASSWORD: pass
2025-08-19T11:00:04.4569146Z   POSTGRES_DB: awa
2025-08-19T11:00:04.4569329Z   LLM_PROVIDER: lan
2025-08-19T11:00:04.4569538Z   LLM_BASE_URL: http://localhost:8000
2025-08-19T11:00:04.4569784Z ##[endgroup]
2025-08-19T11:00:35.7340419Z ........s.............................sssssss........................... [ 45%]
2025-08-19T11:01:07.7401946Z ........................................................................ [ 91%]
2025-08-19T11:01:08.8577505Z ..............                                                           [100%]
2025-08-19T11:01:08.8578519Z =============================== warnings summary ===============================
2025-08-19T11:01:08.8579191Z services/alert_bot/tests/test_smoke.py:5
2025-08-19T11:01:08.8582912Z   /home/runner/work/AWA-App/AWA-App/services/alert_bot/tests/test_smoke.py:5: UserWarning: pkg_resources is deprecated as an API. See https://setuptools.pypa.io/en/latest/pkg_resources.html. The pkg_resources package is slated for removal as early as 2025-11-30. Refrain from using this package or pin to Setuptools<81.
2025-08-19T11:01:08.8585920Z     import pkg_resources  # noqa: F401
2025-08-19T11:01:08.8586282Z 
2025-08-19T11:01:08.8586646Z tests/api/test_ingest_endpoints.py: 12 warnings
2025-08-19T11:01:08.8587366Z tests/ingest/test_tasks_eager.py: 3 warnings
2025-08-19T11:01:08.8587853Z tests/test_api_fast.py: 1 warning
2025-08-19T11:01:08.8588264Z tests/test_health.py: 5 warnings
2025-08-19T11:01:08.8588636Z tests/test_smoke.py: 5 warnings
2025-08-19T11:01:08.8589029Z services/api/tests/test_cors.py: 1 warning
2025-08-19T11:01:08.8589508Z services/api/tests/test_errors_json.py: 2 warnings
2025-08-19T11:01:08.8589980Z services/api/tests/test_health.py: 1 warning
2025-08-19T11:01:08.8590451Z services/api/tests/test_rate_limit.py: 122 warnings
2025-08-19T11:01:08.8590944Z services/api/tests/test_sentry_event.py: 1 warning
2025-08-19T11:01:08.8593734Z   /opt/hostedtoolcache/Python/3.12.11/x64/lib/python3.12/site-packages/asgi_correlation_id/extensions/sentry.py:27: DeprecationWarning: sentry_sdk.configure_scope is deprecated and will be removed in the next major version. Please consult our migration guide to learn how to migrate to the new API: https://docs.sentry.io/platforms/python/migration/1.x-to-2.x#scope-configuring
2025-08-19T11:01:08.8595593Z     with configure_scope() as scope:
2025-08-19T11:01:08.8595776Z 
2025-08-19T11:01:08.8596260Z tests/api/test_ingest_endpoints.py: 3 warnings
2025-08-19T11:01:08.8596622Z tests/test_api_fast.py: 1 warning
2025-08-19T11:01:08.8596919Z tests/test_health.py: 5 warnings
2025-08-19T11:01:08.8597201Z tests/test_smoke.py: 5 warnings
2025-08-19T11:01:08.8597500Z services/api/tests/test_cors.py: 3 warnings
2025-08-19T11:01:08.8597858Z services/api/tests/test_errors_json.py: 2 warnings
2025-08-19T11:01:08.8598215Z services/api/tests/test_health.py: 1 warning
2025-08-19T11:01:08.8598562Z services/api/tests/test_rate_limit.py: 2 warnings
2025-08-19T11:01:08.8598926Z services/api/tests/test_sentry_event.py: 1 warning
2025-08-19T11:01:08.8599842Z   /opt/hostedtoolcache/Python/3.12.11/x64/lib/python3.12/site-packages/fastapi_limiter/__init__.py:89: DeprecationWarning: Call to deprecated close. (Use aclose() instead) -- Deprecated since version 5.0.1.
2025-08-19T11:01:08.8600622Z     await cls.redis.close()
2025-08-19T11:01:08.8600775Z 
2025-08-19T11:01:08.8600968Z tests/test_api_fast.py::test_health_endpoint
2025-08-19T11:01:08.8602094Z   /home/runner/work/AWA-App/AWA-App/tests/test_api_fast.py:13: DeprecationWarning: datetime.datetime.utcnow() is deprecated and scheduled for removal in a future version. Use timezone-aware objects to represent datetimes in UTC: datetime.datetime.now(datetime.UTC).
2025-08-19T11:01:08.8603297Z     return datetime.datetime.utcnow()
2025-08-19T11:01:08.8603480Z 
2025-08-19T11:01:08.8603611Z tests/test_api_fast.py: 1 warning
2025-08-19T11:01:08.8603897Z tests/test_health.py: 5 warnings
2025-08-19T11:01:08.8604185Z tests/test_smoke.py: 5 warnings
2025-08-19T11:01:08.8604493Z services/api/tests/test_cors.py: 1 warning
2025-08-19T11:01:08.8604827Z services/api/tests/test_health.py: 1 warning
2025-08-19T11:01:08.8605185Z services/api/tests/test_rate_limit.py: 102 warnings
2025-08-19T11:01:08.8618316Z   /home/runner/work/AWA-App/AWA-App/services/api/routes/health.py:24: DeprecationWarning: datetime.datetime.utcnow() is deprecated and scheduled for removal in a future version. Use timezone-aware objects to represent datetimes in UTC: datetime.datetime.now(datetime.UTC).
2025-08-19T11:01:08.8619737Z     app_now = datetime.utcnow().replace(tzinfo=timezone.utc)
2025-08-19T11:01:08.8619979Z 
2025-08-19T11:01:08.8620148Z tests/test_health.py::test_health[0]
2025-08-19T11:01:08.8620465Z tests/test_health.py::test_health[1]
2025-08-19T11:01:08.8620773Z tests/test_health.py::test_health[2]
2025-08-19T11:01:08.8621079Z tests/test_health.py::test_health[3]
2025-08-19T11:01:08.8621383Z tests/test_health.py::test_health[4]
2025-08-19T11:01:08.8622483Z   /home/runner/work/AWA-App/AWA-App/tests/test_health.py:22: DeprecationWarning: datetime.datetime.utcnow() is deprecated and scheduled for removal in a future version. Use timezone-aware objects to represent datetimes in UTC: datetime.datetime.now(datetime.UTC).
2025-08-19T11:01:08.8623708Z     return datetime.datetime.utcnow()
2025-08-19T11:01:08.8623887Z 
2025-08-19T11:01:08.8624035Z tests/test_smoke.py::test_health[0]
2025-08-19T11:01:08.8624341Z tests/test_smoke.py::test_health[1]
2025-08-19T11:01:08.8624626Z tests/test_smoke.py::test_health[2]
2025-08-19T11:01:08.8624949Z tests/test_smoke.py::test_health[3]
2025-08-19T11:01:08.8625230Z tests/test_smoke.py::test_health[4]
2025-08-19T11:01:08.8626291Z   /home/runner/work/AWA-App/AWA-App/tests/test_smoke.py:32: DeprecationWarning: datetime.datetime.utcnow() is deprecated and scheduled for removal in a future version. Use timezone-aware objects to represent datetimes in UTC: datetime.datetime.now(datetime.UTC).
2025-08-19T11:01:08.8627264Z     return datetime.datetime.utcnow()
2025-08-19T11:01:08.8627443Z 
2025-08-19T11:01:08.8627674Z services/api/tests/test_cors.py::test_cors_simple_get_allowed
2025-08-19T11:01:08.8628862Z   /home/runner/work/AWA-App/AWA-App/services/api/tests/test_cors.py:27: DeprecationWarning: datetime.datetime.utcnow() is deprecated and scheduled for removal in a future version. Use timezone-aware objects to represent datetimes in UTC: datetime.datetime.now(datetime.UTC).
2025-08-19T11:01:08.8630037Z     return datetime.datetime.utcnow()
2025-08-19T11:01:08.8630223Z 
2025-08-19T11:01:08.8630417Z services/api/tests/test_health.py::test_health_route
2025-08-19T11:01:08.8631582Z   /home/runner/work/AWA-App/AWA-App/services/api/tests/test_health.py:14: DeprecationWarning: datetime.datetime.utcnow() is deprecated and scheduled for removal in a future version. Use timezone-aware objects to represent datetimes in UTC: datetime.datetime.now(datetime.UTC).
2025-08-19T11:01:08.8632838Z     return datetime.datetime.utcnow()
2025-08-19T11:01:08.8633025Z 
2025-08-19T11:01:08.8633210Z services/api/tests/test_rate_limit.py: 102 warnings
2025-08-19T11:01:08.8634408Z   /home/runner/work/AWA-App/AWA-App/services/api/tests/test_rate_limit.py:33: DeprecationWarning: datetime.datetime.utcnow() is deprecated and scheduled for removal in a future version. Use timezone-aware objects to represent datetimes in UTC: datetime.datetime.now(datetime.UTC).
2025-08-19T11:01:08.8635461Z     return datetime.datetime.utcnow()
2025-08-19T11:01:08.8635648Z 
2025-08-19T11:01:08.8635994Z services/api/tests/test_sentry_event.py::test_unhandled_exception_is_captured_and_tagged
2025-08-19T11:01:08.8637499Z   /home/runner/work/AWA-App/AWA-App/services/api/tests/test_sentry_event.py:47: SentryHubDeprecationWarning: `sentry_sdk.Hub` is deprecated and will be removed in a future major release. Please consult our 1.x to 2.x migration guide for details on how to migrate `Hub` usage to the new API: https://docs.sentry.io/platforms/python/migration/1.x-to-2.x
2025-08-19T11:01:08.8638688Z     hub = sentry_sdk.Hub.current
2025-08-19T11:01:08.8638962Z 
2025-08-19T11:01:08.8639246Z -- Docs: https://docs.pytest.org/en/stable/how-to/capture-warnings.html
2025-08-19T11:01:08.8639756Z ================================ tests coverage ================================
2025-08-19T11:01:08.8640221Z _______________ coverage: platform linux, python 3.12.11-final-0 _______________
2025-08-19T11:01:08.8640477Z 
2025-08-19T11:01:08.8640635Z Coverage XML written to file coverage.xml
2025-08-19T11:01:08.8641280Z FAIL Required test coverage of 65% not reached. Total coverage: 64.98%
2025-08-19T11:01:08.8641740Z Sentry is attempting to send 0 pending events
2025-08-19T11:01:08.8642043Z Waiting up to True seconds
2025-08-19T11:01:08.8642287Z Press Ctrl-C to quit
2025-08-19T11:01:09.2847376Z ##[group]Run echo "::group::postgres container logs"
2025-08-19T11:01:09.2847769Z [36;1mecho "::group::postgres container logs"[0m
2025-08-19T11:01:09.2848244Z [36;1mdocker logs a50fa7429b7cbd6f33ef5d99c2654c707378f692bfc82e4ddb8446f69e4fc241 --tail 200[0m
2025-08-19T11:01:09.2848692Z [36;1mecho "::endgroup::"[0m
2025-08-19T11:01:09.2889620Z shell: /usr/bin/bash -e {0}
2025-08-19T11:01:09.2889852Z env:
2025-08-19T11:01:09.2890064Z   REDIS_URL: redis://localhost:6379/0
2025-08-19T11:01:09.2890335Z   RATE_LIMIT_DEFAULT: 100/minute
2025-08-19T11:01:09.2890576Z   TRUST_X_FORWARDED: 1
2025-08-19T11:01:09.2890779Z   PG_USER: postgres
2025-08-19T11:01:09.2890971Z   PG_PASSWORD: pass
2025-08-19T11:01:09.2891153Z   PG_DATABASE: awa
2025-08-19T11:01:09.2891351Z   PG_HOST: localhost
2025-08-19T11:01:09.2891541Z   PG_PORT: 5432
2025-08-19T11:01:09.2891961Z   PG_SYNC_DSN: ***localhost:5432/awa
2025-08-19T11:01:09.2892365Z   PG_ASYNC_DSN: ***localhost:5432/awa
2025-08-19T11:01:09.2893011Z   DATABASE_URL: ***localhost:5432/awa
2025-08-19T11:01:09.2893261Z   DATA_DIR: /tmp/awa-data
2025-08-19T11:01:09.2893463Z   ENABLE_LIVE: 0
2025-08-19T11:01:09.2893641Z   TESTING: 1
2025-08-19T11:01:09.2893880Z   pythonLocation: /opt/hostedtoolcache/Python/3.12.11/x64
2025-08-19T11:01:09.2894280Z   PKG_CONFIG_PATH: /opt/hostedtoolcache/Python/3.12.11/x64/lib/pkgconfig
2025-08-19T11:01:09.2894669Z   Python_ROOT_DIR: /opt/hostedtoolcache/Python/3.12.11/x64
2025-08-19T11:01:09.2895021Z   Python2_ROOT_DIR: /opt/hostedtoolcache/Python/3.12.11/x64
2025-08-19T11:01:09.2895380Z   Python3_ROOT_DIR: /opt/hostedtoolcache/Python/3.12.11/x64
2025-08-19T11:01:09.2895726Z   LD_LIBRARY_PATH: /opt/hostedtoolcache/Python/3.12.11/x64/lib
2025-08-19T11:01:09.2896027Z ##[endgroup]
2025-08-19T11:01:09.2954370Z ##[group]postgres container logs
2025-08-19T11:01:09.3115969Z The files belonging to this database system will be owned by user "postgres".
2025-08-19T11:01:09.3116790Z This user must also own the server process.
2025-08-19T11:01:09.3117131Z 
2025-08-19T11:01:09.3117576Z The database cluster will be initialized with locale "en_US.utf8".
2025-08-19T11:01:09.3118586Z initdb: warning: enabling "trust" authentication for local connections
2025-08-19T11:01:09.3120026Z initdb: hint: You can change this by editing pg_hba.conf or using the option -A, or --auth-local and --auth-host, the next time you run initdb.
2025-08-19T11:01:09.3121833Z 2025-08-19 10:58:31.688 UTC [1] LOG:  starting PostgreSQL 15.14 (Debian 15.14-1.pgdg13+1) on x86_64-pc-linux-gnu, compiled by gcc (Debian 14.2.0-19) 14.2.0, 64-bit
2025-08-19T11:01:09.3123396Z 2025-08-19 10:58:31.688 UTC [1] LOG:  listening on IPv4 address "0.0.0.0", port 5432
2025-08-19T11:01:09.3124325Z 2025-08-19 10:58:31.688 UTC [1] LOG:  listening on IPv6 address "::", port 5432
2025-08-19T11:01:09.3125350Z 2025-08-19 10:58:31.689 UTC [1] LOG:  listening on Unix socket "/var/run/postgresql/.s.PGSQL.5432"
2025-08-19T11:01:09.3126425Z 2025-08-19 10:58:31.692 UTC [64] LOG:  database system was shut down at 2025-08-19 10:58:31 UTC
2025-08-19T11:01:09.3127017Z 2025-08-19 10:58:31.696 UTC [1] LOG:  database system is ready to accept connections
2025-08-19T11:01:09.3127531Z The default database encoding has accordingly been set to "UTF8".
2025-08-19T11:01:09.3128003Z The default text search configuration will be set to "english".
2025-08-19T11:01:09.3128244Z 
2025-08-19T11:01:09.3128387Z Data page checksums are disabled.
2025-08-19T11:01:09.3128548Z 
2025-08-19T11:01:09.3128818Z fixing permissions on existing directory /var/lib/postgresql/data ... ok
2025-08-19T11:01:09.3129212Z creating subdirectories ... ok
2025-08-19T11:01:09.3129575Z selecting dynamic shared memory implementation ... posix
2025-08-19T11:01:09.3129941Z selecting default max_connections ... 100
2025-08-19T11:01:09.3130500Z selecting default shared_buffers ... 128MB
2025-08-19T11:01:09.3130814Z selecting default time zone ... Etc/UTC
2025-08-19T11:01:09.3131117Z creating configuration files ... ok
2025-08-19T11:01:09.3131596Z running bootstrap script ... ok
2025-08-19T11:01:09.3131938Z performing post-bootstrap initialization ... ok
2025-08-19T11:01:09.3132246Z syncing data to disk ... ok
2025-08-19T11:01:09.3132386Z 
2025-08-19T11:01:09.3132393Z 
2025-08-19T11:01:09.3132805Z Success. You can now start the database server using:
2025-08-19T11:01:09.3133024Z 
2025-08-19T11:01:09.3133198Z     pg_ctl -D /var/lib/postgresql/data -l logfile start
2025-08-19T11:01:09.3133403Z 
2025-08-19T11:01:09.3134111Z waiting for server to start....2025-08-19 10:58:31.382 UTC [48] LOG:  starting PostgreSQL 15.14 (Debian 15.14-1.pgdg13+1) on x86_64-pc-linux-gnu, compiled by gcc (Debian 14.2.0-19) 14.2.0, 64-bit
2025-08-19T11:01:09.3134983Z 2025-08-19 10:58:31.383 UTC [48] LOG:  listening on Unix socket "/var/run/postgresql/.s.PGSQL.5432"
2025-08-19T11:01:09.3135599Z 2025-08-19 10:58:31.386 UTC [51] LOG:  database system was shut down at 2025-08-19 10:58:31 UTC
2025-08-19T11:01:09.3136154Z 2025-08-19 10:58:31.392 UTC [48] LOG:  database system is ready to accept connections
2025-08-19T11:01:09.3136624Z  done
2025-08-19T11:01:09.3136913Z server started
2025-08-19T11:01:09.3137246Z CREATE DATABASE
2025-08-19T11:01:09.3137452Z 
2025-08-19T11:01:09.3137461Z 
2025-08-19T11:01:09.3138004Z /usr/local/bin/docker-entrypoint.sh: ignoring /docker-entrypoint-initdb.d/*
2025-08-19T11:01:09.3138555Z 
2025-08-19T11:01:09.3138951Z 2025-08-19 10:58:31.568 UTC [48] LOG:  received fast shutdown request
2025-08-19T11:01:09.3140185Z waiting for server to shut down....2025-08-19 10:58:31.569 UTC [48] LOG:  aborting any active transactions
2025-08-19T11:01:09.3141204Z 2025-08-19 10:58:31.571 UTC [48] LOG:  background worker "logical replication launcher" (PID 54) exited with exit code 1
2025-08-19T11:01:09.3141752Z 2025-08-19 10:58:31.571 UTC [49] LOG:  shutting down
2025-08-19T11:01:09.3142211Z 2025-08-19 10:58:31.571 UTC [49] LOG:  checkpoint starting: shutdown immediate
2025-08-19T11:01:09.3143514Z 2025-08-19 10:58:31.589 UTC [49] LOG:  checkpoint complete: wrote 922 buffers (5.6%); 0 WAL file(s) added, 0 removed, 0 recycled; write=0.013 s, sync=0.004 s, total=0.019 s; sync files=301, longest=0.002 s, average=0.001 s; distance=4239 kB, estimate=4239 kB
2025-08-19T11:01:09.3144412Z 2025-08-19 10:58:31.595 UTC [48] LOG:  database system is shut down
2025-08-19T11:01:09.3144709Z  done
2025-08-19T11:01:09.3144879Z server stopped
2025-08-19T11:01:09.3144991Z 
2025-08-19T11:01:09.3145195Z PostgreSQL init process complete; ready for start up.
2025-08-19T11:01:09.3145408Z 
2025-08-19T11:01:09.3145676Z ##[endgroup]
2025-08-19T11:01:09.3182033Z Post job cleanup.
2025-08-19T11:01:09.5289530Z Post job cleanup.
2025-08-19T11:01:09.6634318Z Cache hit occurred on the primary key Linux-test-5e711acf40f5252f84577ca397f83ab64fb9d7dad68b245c8525eecd4c9b10ee, not saving cache.
2025-08-19T11:01:09.6715686Z Post job cleanup.
2025-08-19T11:01:09.8209156Z Cache hit occurred on the primary key setup-python-Linux-x64-24.04-Ubuntu-python-3.12.11-pip-1e3bc7ba25bac47764d864e42cbf81e77f47563fc643eff52b873091f8e10ecf, not saving cache.
2025-08-19T11:01:09.8298932Z Post job cleanup.
2025-08-19T11:01:09.9215961Z [command]/usr/bin/git version
2025-08-19T11:01:09.9251122Z git version 2.50.1
2025-08-19T11:01:09.9293834Z Temporarily overriding HOME='/home/runner/work/_temp/aedf273a-a414-474e-a9ac-602c67a04ae4' before making global git config changes
2025-08-19T11:01:09.9295266Z Adding repository directory to the temporary git global config as a safe directory
2025-08-19T11:01:09.9306279Z [command]/usr/bin/git config --global --add safe.directory /home/runner/work/AWA-App/AWA-App
2025-08-19T11:01:09.9339381Z [command]/usr/bin/git config --local --name-only --get-regexp core\.sshCommand
2025-08-19T11:01:09.9371042Z [command]/usr/bin/git submodule foreach --recursive sh -c "git config --local --name-only --get-regexp 'core\.sshCommand' && git config --local --unset-all 'core.sshCommand' || :"
2025-08-19T11:01:09.9698256Z [command]/usr/bin/git config --local --name-only --get-regexp http\.https\:\/\/github\.com\/\.extraheader
2025-08-19T11:01:09.9721085Z http.https://github.com/.extraheader
2025-08-19T11:01:09.9738761Z [command]/usr/bin/git config --local --unset-all http.https://github.com/.extraheader
2025-08-19T11:01:09.9774069Z [command]/usr/bin/git submodule foreach --recursive sh -c "git config --local --name-only --get-regexp 'http\.https\:\/\/github\.com\/\.extraheader' && git config --local --unset-all 'http.https://github.com/.extraheader' || :"
2025-08-19T11:01:10.0083560Z Print service container logs: 1db1de22fa364b1abc561d2a2461cba4_postgres15_ad225b
2025-08-19T11:01:10.0087854Z ##[command]/usr/bin/docker logs --details a50fa7429b7cbd6f33ef5d99c2654c707378f692bfc82e4ddb8446f69e4fc241
2025-08-19T11:01:10.0210970Z  The files belonging to this database system will be owned by user "postgres".
2025-08-19T11:01:10.0212891Z  initdb: warning: enabling "trust" authentication for local connections
2025-08-19T11:01:10.0213996Z  initdb: hint: You can change this by editing pg_hba.conf or using the option -A, or --auth-local and --auth-host, the next time you run initdb.
2025-08-19T11:01:10.0215395Z  2025-08-19 10:58:31.688 UTC [1] LOG:  starting PostgreSQL 15.14 (Debian 15.14-1.pgdg13+1) on x86_64-pc-linux-gnu, compiled by gcc (Debian 14.2.0-19) 14.2.0, 64-bit
2025-08-19T11:01:10.0216409Z  2025-08-19 10:58:31.688 UTC [1] LOG:  listening on IPv4 address "0.0.0.0", port 5432
2025-08-19T11:01:10.0216897Z  2025-08-19 10:58:31.688 UTC [1] LOG:  listening on IPv6 address "::", port 5432
2025-08-19T11:01:10.0217370Z  2025-08-19 10:58:31.689 UTC [1] LOG:  listening on Unix socket "/var/run/postgresql/.s.PGSQL.5432"
2025-08-19T11:01:10.0217874Z  2025-08-19 10:58:31.692 UTC [64] LOG:  database system was shut down at 2025-08-19 10:58:31 UTC
2025-08-19T11:01:10.0218329Z  2025-08-19 10:58:31.696 UTC [1] LOG:  database system is ready to accept connections
2025-08-19T11:01:10.0218701Z  This user must also own the server process.
2025-08-19T11:01:10.0218958Z  
2025-08-19T11:01:10.0219230Z  The database cluster will be initialized with locale "en_US.utf8".
2025-08-19T11:01:10.0219685Z  The default database encoding has accordingly been set to "UTF8".
2025-08-19T11:01:10.0220077Z  The default text search configuration will be set to "english".
2025-08-19T11:01:10.0220378Z  
2025-08-19T11:01:10.0220556Z  Data page checksums are disabled.
2025-08-19T11:01:10.0220783Z  
2025-08-19T11:01:10.0221052Z  fixing permissions on existing directory /var/lib/postgresql/data ... ok
2025-08-19T11:01:10.0221422Z  creating subdirectories ... ok
2025-08-19T11:01:10.0221722Z  selecting dynamic shared memory implementation ... posix
2025-08-19T11:01:10.0222046Z  selecting default max_connections ... 100
2025-08-19T11:01:10.0222322Z  selecting default shared_buffers ... 128MB
2025-08-19T11:01:10.0223382Z  selecting default time zone ... Etc/UTC
2025-08-19T11:01:10.0223878Z  creating configuration files ... ok
2025-08-19T11:01:10.0224316Z  running bootstrap script ... ok
2025-08-19T11:01:10.0224798Z  performing post-bootstrap initialization ... ok
2025-08-19T11:01:10.0225112Z  syncing data to disk ... ok
2025-08-19T11:01:10.0225327Z  
2025-08-19T11:01:10.0225480Z  
2025-08-19T11:01:10.0225698Z  Success. You can now start the database server using:
2025-08-19T11:01:10.0225976Z  
2025-08-19T11:01:10.0226189Z      pg_ctl -D /var/lib/postgresql/data -l logfile start
2025-08-19T11:01:10.0226464Z  
2025-08-19T11:01:10.0227023Z  waiting for server to start....2025-08-19 10:58:31.382 UTC [48] LOG:  starting PostgreSQL 15.14 (Debian 15.14-1.pgdg13+1) on x86_64-pc-linux-gnu, compiled by gcc (Debian 14.2.0-19) 14.2.0, 64-bit
2025-08-19T11:01:10.0227780Z  2025-08-19 10:58:31.383 UTC [48] LOG:  listening on Unix socket "/var/run/postgresql/.s.PGSQL.5432"
2025-08-19T11:01:10.0228280Z  2025-08-19 10:58:31.386 UTC [51] LOG:  database system was shut down at 2025-08-19 10:58:31 UTC
2025-08-19T11:01:10.0228931Z  2025-08-19 10:58:31.392 UTC [48] LOG:  database system is ready to accept connections
2025-08-19T11:01:10.0229251Z   done
2025-08-19T11:01:10.0229413Z  server started
2025-08-19T11:01:10.0229597Z  CREATE DATABASE
2025-08-19T11:01:10.0229768Z  
2025-08-19T11:01:10.0229913Z  
2025-08-19T11:01:10.0230212Z  /usr/local/bin/docker-entrypoint.sh: ignoring /docker-entrypoint-initdb.d/*
2025-08-19T11:01:10.0230572Z  
2025-08-19T11:01:10.0230796Z  2025-08-19 10:58:31.568 UTC [48] LOG:  received fast shutdown request
2025-08-19T11:01:10.0231422Z  waiting for server to shut down....2025-08-19 10:58:31.569 UTC [48] LOG:  aborting any active transactions
2025-08-19T11:01:10.0232022Z  2025-08-19 10:58:31.571 UTC [48] LOG:  background worker "logical replication launcher" (PID 54) exited with exit code 1
2025-08-19T11:01:10.0232479Z  2025-08-19 10:58:31.571 UTC [49] LOG:  shutting down
2025-08-19T11:01:10.0233071Z  2025-08-19 10:58:31.571 UTC [49] LOG:  checkpoint starting: shutdown immediate
2025-08-19T11:01:10.0233889Z  2025-08-19 10:58:31.589 UTC [49] LOG:  checkpoint complete: wrote 922 buffers (5.6%); 0 WAL file(s) added, 0 removed, 0 recycled; write=0.013 s, sync=0.004 s, total=0.019 s; sync files=301, longest=0.002 s, average=0.001 s; distance=4239 kB, estimate=4239 kB
2025-08-19T11:01:10.0234674Z  2025-08-19 10:58:31.595 UTC [48] LOG:  database system is shut down
2025-08-19T11:01:10.0234957Z   done
2025-08-19T11:01:10.0235124Z  server stopped
2025-08-19T11:01:10.0235305Z  
2025-08-19T11:01:10.0235525Z  PostgreSQL init process complete; ready for start up.
2025-08-19T11:01:10.0235805Z  
2025-08-19T11:01:10.0241465Z Stop and remove container: 1db1de22fa364b1abc561d2a2461cba4_postgres15_ad225b
2025-08-19T11:01:10.0246178Z ##[command]/usr/bin/docker rm --force a50fa7429b7cbd6f33ef5d99c2654c707378f692bfc82e4ddb8446f69e4fc241
2025-08-19T11:01:10.1575122Z a50fa7429b7cbd6f33ef5d99c2654c707378f692bfc82e4ddb8446f69e4fc241
2025-08-19T11:01:10.1597053Z Print service container logs: dd83c8e32c5d4480b7c957675d062531_redis7alpine_566d83
2025-08-19T11:01:10.1598320Z ##[command]/usr/bin/docker logs --details 84e612222d1009ca296acc5f58f32bc6b1267404cf26212695a4c3038b77590d
2025-08-19T11:01:10.1717151Z  1:C 19 Aug 2025 10:58:33.051 # WARNING Memory overcommit must be enabled! Without it, a background save or replication may fail under low memory condition. Being disabled, it can also cause failures without low memory condition, see https://github.com/jemalloc/jemalloc/issues/1328. To fix this issue add 'vm.overcommit_memory = 1' to /etc/sysctl.conf and then reboot or run the command 'sysctl vm.overcommit_memory=1' for this to take effect.
2025-08-19T11:01:10.1718754Z  1:C 19 Aug 2025 10:58:33.051 * oO0OoO0OoO0Oo Redis is starting oO0OoO0OoO0Oo
2025-08-19T11:01:10.1719231Z  1:C 19 Aug 2025 10:58:33.051 * Redis version=7.4.5, bits=64, commit=00000000, modified=0, pid=1, just started
2025-08-19T11:01:10.1719954Z  1:C 19 Aug 2025 10:58:33.051 # Warning: no config file specified, using the default config. In order to specify a config file use redis-server /path/to/redis.conf
2025-08-19T11:01:10.1720575Z  1:M 19 Aug 2025 10:58:33.052 * monotonic clock: POSIX clock_gettime
2025-08-19T11:01:10.1720929Z  1:M 19 Aug 2025 10:58:33.052 * Running mode=standalone, port=6379.
2025-08-19T11:01:10.1721242Z  1:M 19 Aug 2025 10:58:33.052 * Server initialized
2025-08-19T11:01:10.1721549Z  1:M 19 Aug 2025 10:58:33.052 * Ready to accept connections tcp
2025-08-19T11:01:10.1728011Z Stop and remove container: dd83c8e32c5d4480b7c957675d062531_redis7alpine_566d83
2025-08-19T11:01:10.1728724Z ##[command]/usr/bin/docker rm --force 84e612222d1009ca296acc5f58f32bc6b1267404cf26212695a4c3038b77590d
2025-08-19T11:01:10.3010499Z 84e612222d1009ca296acc5f58f32bc6b1267404cf26212695a4c3038b77590d
2025-08-19T11:01:10.3033739Z Remove container network: github_network_8aac617483d44941bebb9768cbebe520
2025-08-19T11:01:10.3038071Z ##[command]/usr/bin/docker network rm github_network_8aac617483d44941bebb9768cbebe520
2025-08-19T11:01:10.4382302Z github_network_8aac617483d44941bebb9768cbebe520
2025-08-19T11:01:10.4437151Z Cleaning up orphan processes
