2025-08-20T21:19:54.7804979Z Current runner version: '2.328.0'
2025-08-20T21:19:54.7838210Z ##[group]Runner Image Provisioner
2025-08-20T21:19:54.7839504Z Hosted Compute Agent
2025-08-20T21:19:54.7840509Z Version: 20250818.377
2025-08-20T21:19:54.7841506Z Commit: 3c593e9f75fe0b87e893bca80d6e12ba089c61fc
2025-08-20T21:19:54.7842713Z Build Date: 2025-08-18T14:52:18Z
2025-08-20T21:19:54.7843759Z ##[endgroup]
2025-08-20T21:19:54.7844662Z ##[group]Operating System
2025-08-20T21:19:54.7845962Z Ubuntu
2025-08-20T21:19:54.7846737Z 24.04.2
2025-08-20T21:19:54.7847515Z LTS
2025-08-20T21:19:54.7848401Z ##[endgroup]
2025-08-20T21:19:54.7849352Z ##[group]Runner Image
2025-08-20T21:19:54.7850266Z Image: ubuntu-24.04
2025-08-20T21:19:54.7851346Z Version: 20250810.1.0
2025-08-20T21:19:54.7853046Z Included Software: https://github.com/actions/runner-images/blob/ubuntu24/20250810.1/images/ubuntu/Ubuntu2404-Readme.md
2025-08-20T21:19:54.7855928Z Image Release: https://github.com/actions/runner-images/releases/tag/ubuntu24%2F20250810.1
2025-08-20T21:19:54.7857564Z ##[endgroup]
2025-08-20T21:19:54.7861718Z ##[group]GITHUB_TOKEN Permissions
2025-08-20T21:19:54.7864506Z Actions: write
2025-08-20T21:19:54.7865814Z Attestations: write
2025-08-20T21:19:54.7866695Z Checks: write
2025-08-20T21:19:54.7867486Z Contents: write
2025-08-20T21:19:54.7868469Z Deployments: write
2025-08-20T21:19:54.7869395Z Discussions: write
2025-08-20T21:19:54.7870256Z Issues: write
2025-08-20T21:19:54.7871181Z Metadata: read
2025-08-20T21:19:54.7872057Z Models: read
2025-08-20T21:19:54.7872877Z Packages: write
2025-08-20T21:19:54.7873927Z Pages: write
2025-08-20T21:19:54.7874837Z PullRequests: write
2025-08-20T21:19:54.7876012Z RepositoryProjects: write
2025-08-20T21:19:54.7877185Z SecurityEvents: write
2025-08-20T21:19:54.7878236Z Statuses: write
2025-08-20T21:19:54.7879183Z ##[endgroup]
2025-08-20T21:19:54.7882194Z Secret source: Actions
2025-08-20T21:19:54.7883429Z Prepare workflow directory
2025-08-20T21:19:54.8514186Z Prepare all required actions
2025-08-20T21:19:54.8570825Z Getting action download info
2025-08-20T21:19:55.1236529Z Download action repository 'actions/checkout@v5' (SHA:08c6903cd8c0fde910a37f88322edcfb5dd907a8)
2025-08-20T21:19:55.3766115Z Download action repository 'actions/setup-python@v5' (SHA:a26af69be951a213d495a4c3e4e4022e16d87065)
2025-08-20T21:19:55.6614468Z Download action repository 'actions/cache@v4' (SHA:0400d5f644dc74513175e3cd8d07132dd4860809)
2025-08-20T21:19:55.8851587Z Download action repository 'actions/setup-node@v4' (SHA:49933ea5288caeca8642d1e84afbd3f7d6820020)
2025-08-20T21:19:55.9733683Z Download action repository 'codecov/codecov-action@v5' (SHA:fdcc8476540edceab3de004e990f80d881c6cc00)
2025-08-20T21:19:56.2239208Z Getting action download info
2025-08-20T21:19:56.3275614Z Download action repository 'actions/github-script@60a0d83039c74a4aee543508d2ffcb1c3799cdea' (SHA:60a0d83039c74a4aee543508d2ffcb1c3799cdea)
2025-08-20T21:19:56.6498014Z Complete job name: test
2025-08-20T21:19:56.7044275Z ##[group]Checking docker version
2025-08-20T21:19:56.7057666Z ##[command]/usr/bin/docker version --format '{{.Server.APIVersion}}'
2025-08-20T21:19:56.7766803Z '1.48'
2025-08-20T21:19:56.7783207Z Docker daemon API version: '1.48'
2025-08-20T21:19:56.7785374Z ##[command]/usr/bin/docker version --format '{{.Client.APIVersion}}'
2025-08-20T21:19:56.7965610Z '1.48'
2025-08-20T21:19:56.7980080Z Docker client API version: '1.48'
2025-08-20T21:19:56.7987499Z ##[endgroup]
2025-08-20T21:19:56.7993017Z ##[group]Clean up resources from previous jobs
2025-08-20T21:19:56.7998845Z ##[command]/usr/bin/docker ps --all --quiet --no-trunc --filter "label=b2b1c4"
2025-08-20T21:19:56.8151290Z ##[command]/usr/bin/docker network prune --force --filter "label=b2b1c4"
2025-08-20T21:19:56.8293489Z ##[endgroup]
2025-08-20T21:19:56.8294337Z ##[group]Create local container network
2025-08-20T21:19:56.8305399Z ##[command]/usr/bin/docker network create --label b2b1c4 github_network_3ec39c136f6d40f0bd3e55c0eaf880a5
2025-08-20T21:19:56.8811965Z 69f6d3e8a59bc5c54e81c3d4a8ae2fce8ef73bd77c507919e7bd783465ba355b
2025-08-20T21:19:56.8830227Z ##[endgroup]
2025-08-20T21:19:56.8855352Z ##[group]Starting postgres service container
2025-08-20T21:19:56.8874620Z ##[command]/usr/bin/docker pull postgres:15
2025-08-20T21:19:57.1462354Z 15: Pulling from library/postgres
2025-08-20T21:19:57.1944161Z 396b1da7636e: Pulling fs layer
2025-08-20T21:19:57.1946756Z fca2566eba32: Pulling fs layer
2025-08-20T21:19:57.1948222Z 631fe8c6d606: Pulling fs layer
2025-08-20T21:19:57.1949319Z 77c7671c4414: Pulling fs layer
2025-08-20T21:19:57.1950378Z 2d9e29180a27: Pulling fs layer
2025-08-20T21:19:57.1951445Z c6bcc2c9a041: Pulling fs layer
2025-08-20T21:19:57.1952485Z ac4b721eb66f: Pulling fs layer
2025-08-20T21:19:57.1953531Z 606bd164980e: Pulling fs layer
2025-08-20T21:19:57.1954555Z f5dfd246bc6e: Pulling fs layer
2025-08-20T21:19:57.1955828Z ba7036bb0a60: Pulling fs layer
2025-08-20T21:19:57.1956862Z 799f859abbbd: Pulling fs layer
2025-08-20T21:19:57.1957929Z d903e777080c: Pulling fs layer
2025-08-20T21:19:57.1958973Z 04adcb462801: Pulling fs layer
2025-08-20T21:19:57.1960048Z 5c10925b29ff: Pulling fs layer
2025-08-20T21:19:57.1961032Z 77c7671c4414: Waiting
2025-08-20T21:19:57.1961966Z c6bcc2c9a041: Waiting
2025-08-20T21:19:57.1962911Z 2d9e29180a27: Waiting
2025-08-20T21:19:57.1963866Z f5dfd246bc6e: Waiting
2025-08-20T21:19:57.1965313Z 04adcb462801: Waiting
2025-08-20T21:19:57.1966558Z ba7036bb0a60: Waiting
2025-08-20T21:19:57.1967644Z 799f859abbbd: Waiting
2025-08-20T21:19:57.1968601Z d903e777080c: Waiting
2025-08-20T21:19:57.1969761Z ac4b721eb66f: Waiting
2025-08-20T21:19:57.1971046Z 606bd164980e: Waiting
2025-08-20T21:19:57.3188200Z fca2566eba32: Verifying Checksum
2025-08-20T21:19:57.3189771Z fca2566eba32: Download complete
2025-08-20T21:19:57.3735970Z 631fe8c6d606: Verifying Checksum
2025-08-20T21:19:57.3737556Z 631fe8c6d606: Download complete
2025-08-20T21:19:57.3965488Z 77c7671c4414: Verifying Checksum
2025-08-20T21:19:57.3971480Z 77c7671c4414: Download complete
2025-08-20T21:19:57.4765986Z 396b1da7636e: Verifying Checksum
2025-08-20T21:19:57.4771196Z 396b1da7636e: Download complete
2025-08-20T21:19:57.5426555Z ac4b721eb66f: Verifying Checksum
2025-08-20T21:19:57.5428450Z ac4b721eb66f: Download complete
2025-08-20T21:19:57.5463140Z 2d9e29180a27: Verifying Checksum
2025-08-20T21:19:57.5465968Z 2d9e29180a27: Download complete
2025-08-20T21:19:57.6027928Z 606bd164980e: Verifying Checksum
2025-08-20T21:19:57.6029504Z 606bd164980e: Download complete
2025-08-20T21:19:57.6502859Z c6bcc2c9a041: Verifying Checksum
2025-08-20T21:19:57.6505678Z c6bcc2c9a041: Download complete
2025-08-20T21:19:57.6791135Z ba7036bb0a60: Download complete
2025-08-20T21:19:57.7084340Z 799f859abbbd: Verifying Checksum
2025-08-20T21:19:57.7085593Z 799f859abbbd: Download complete
2025-08-20T21:19:57.7476848Z d903e777080c: Download complete
2025-08-20T21:19:57.7689190Z 04adcb462801: Verifying Checksum
2025-08-20T21:19:57.7690246Z 04adcb462801: Download complete
2025-08-20T21:19:57.8671297Z 5c10925b29ff: Verifying Checksum
2025-08-20T21:19:57.8672218Z 5c10925b29ff: Download complete
2025-08-20T21:19:58.5246198Z 396b1da7636e: Pull complete
2025-08-20T21:19:59.8905660Z fca2566eba32: Pull complete
2025-08-20T21:19:59.9746650Z f5dfd246bc6e: Verifying Checksum
2025-08-20T21:19:59.9747273Z f5dfd246bc6e: Download complete
2025-08-20T21:20:00.0842607Z 631fe8c6d606: Pull complete
2025-08-20T21:20:00.1317692Z 77c7671c4414: Pull complete
2025-08-20T21:20:00.4273713Z 2d9e29180a27: Pull complete
2025-08-20T21:20:00.5123875Z c6bcc2c9a041: Pull complete
2025-08-20T21:20:00.5215932Z ac4b721eb66f: Pull complete
2025-08-20T21:20:00.5323099Z 606bd164980e: Pull complete
2025-08-20T21:20:03.4579859Z f5dfd246bc6e: Pull complete
2025-08-20T21:20:03.4728519Z ba7036bb0a60: Pull complete
2025-08-20T21:20:03.4816253Z 799f859abbbd: Pull complete
2025-08-20T21:20:03.4923311Z d903e777080c: Pull complete
2025-08-20T21:20:03.5019913Z 04adcb462801: Pull complete
2025-08-20T21:20:03.5117804Z 5c10925b29ff: Pull complete
2025-08-20T21:20:03.5165702Z Digest: sha256:bc51cf4f1fe02cce7ed2370b20128a9b00b4eb804573a77d2a0d877aaa9c82b1
2025-08-20T21:20:03.5178479Z Status: Downloaded newer image for postgres:15
2025-08-20T21:20:03.5191190Z docker.io/library/postgres:15
2025-08-20T21:20:03.5251705Z ##[command]/usr/bin/docker create --name 426261c516cf4ce1bad26527c9ce316a_postgres15_824126 --label b2b1c4 --network github_network_3ec39c136f6d40f0bd3e55c0eaf880a5 --network-alias postgres -p 5432:5432 --health-cmd="pg_isready -U postgres -d awa" --health-interval=5s --health-timeout=5s --health-retries=10 -e "POSTGRES_USER=postgres" -e "POSTGRES_PASSWORD=pass" -e "POSTGRES_DB=awa" -e GITHUB_ACTIONS=true -e CI=true postgres:15
2025-08-20T21:20:03.5513999Z a450be3c2a9fd2df96c07b56fc8fdd625bcf9affc749092fc7132e3995dd9464
2025-08-20T21:20:03.5538399Z ##[command]/usr/bin/docker start a450be3c2a9fd2df96c07b56fc8fdd625bcf9affc749092fc7132e3995dd9464
2025-08-20T21:20:03.7467509Z a450be3c2a9fd2df96c07b56fc8fdd625bcf9affc749092fc7132e3995dd9464
2025-08-20T21:20:03.7490230Z ##[command]/usr/bin/docker ps --all --filter id=a450be3c2a9fd2df96c07b56fc8fdd625bcf9affc749092fc7132e3995dd9464 --filter status=running --no-trunc --format "{{.ID}} {{.Status}}"
2025-08-20T21:20:03.7619951Z a450be3c2a9fd2df96c07b56fc8fdd625bcf9affc749092fc7132e3995dd9464 Up Less than a second (health: starting)
2025-08-20T21:20:03.7641634Z ##[command]/usr/bin/docker port a450be3c2a9fd2df96c07b56fc8fdd625bcf9affc749092fc7132e3995dd9464
2025-08-20T21:20:03.7771766Z 5432/tcp -> 0.0.0.0:5432
2025-08-20T21:20:03.7773231Z 5432/tcp -> [::]:5432
2025-08-20T21:20:03.7818113Z ##[endgroup]
2025-08-20T21:20:03.7819101Z ##[group]Starting redis service container
2025-08-20T21:20:03.7820547Z ##[command]/usr/bin/docker pull redis:7-alpine
2025-08-20T21:20:03.9747272Z 7-alpine: Pulling from library/redis
2025-08-20T21:20:04.0314390Z 0368fd46e3c6: Pulling fs layer
2025-08-20T21:20:04.0326824Z 4c55286bbede: Pulling fs layer
2025-08-20T21:20:04.0327216Z 5e28347af205: Pulling fs layer
2025-08-20T21:20:04.0327612Z 311eca34042e: Pulling fs layer
2025-08-20T21:20:04.0327968Z e6fe6f07e192: Pulling fs layer
2025-08-20T21:20:04.0328340Z a2cadbfeca72: Pulling fs layer
2025-08-20T21:20:04.0328685Z 4f4fb700ef54: Pulling fs layer
2025-08-20T21:20:04.0329028Z a976ed7e7808: Pulling fs layer
2025-08-20T21:20:04.0329359Z a2cadbfeca72: Waiting
2025-08-20T21:20:04.0329667Z 311eca34042e: Waiting
2025-08-20T21:20:04.0329949Z 4f4fb700ef54: Waiting
2025-08-20T21:20:04.0330234Z e6fe6f07e192: Waiting
2025-08-20T21:20:04.0330514Z a976ed7e7808: Waiting
2025-08-20T21:20:04.0798800Z 4c55286bbede: Verifying Checksum
2025-08-20T21:20:04.0799278Z 4c55286bbede: Download complete
2025-08-20T21:20:04.0864456Z 5e28347af205: Verifying Checksum
2025-08-20T21:20:04.0865366Z 5e28347af205: Download complete
2025-08-20T21:20:04.1410667Z 311eca34042e: Verifying Checksum
2025-08-20T21:20:04.1412863Z 311eca34042e: Download complete
2025-08-20T21:20:04.1896111Z 0368fd46e3c6: Verifying Checksum
2025-08-20T21:20:04.1897073Z 0368fd46e3c6: Download complete
2025-08-20T21:20:04.2024571Z a2cadbfeca72: Download complete
2025-08-20T21:20:04.2462727Z 4f4fb700ef54: Verifying Checksum
2025-08-20T21:20:04.2463275Z 4f4fb700ef54: Download complete
2025-08-20T21:20:04.2512163Z a976ed7e7808: Verifying Checksum
2025-08-20T21:20:04.2512609Z a976ed7e7808: Download complete
2025-08-20T21:20:04.3127742Z 0368fd46e3c6: Pull complete
2025-08-20T21:20:04.3510874Z 4c55286bbede: Pull complete
2025-08-20T21:20:04.3602765Z e6fe6f07e192: Verifying Checksum
2025-08-20T21:20:04.3603193Z e6fe6f07e192: Download complete
2025-08-20T21:20:04.4989598Z 5e28347af205: Pull complete
2025-08-20T21:20:04.5268175Z 311eca34042e: Pull complete
2025-08-20T21:20:04.7181197Z e6fe6f07e192: Pull complete
2025-08-20T21:20:04.7265444Z a2cadbfeca72: Pull complete
2025-08-20T21:20:04.7357012Z 4f4fb700ef54: Pull complete
2025-08-20T21:20:04.7452239Z a976ed7e7808: Pull complete
2025-08-20T21:20:04.7504642Z Digest: sha256:bb186d083732f669da90be8b0f975a37812b15e913465bb14d845db72a4e3e08
2025-08-20T21:20:04.7517568Z Status: Downloaded newer image for redis:7-alpine
2025-08-20T21:20:04.7524804Z docker.io/library/redis:7-alpine
2025-08-20T21:20:04.7541524Z ##[command]/usr/bin/docker create --name 710681f07e48409980c89f2d3786c3b9_redis7alpine_afed34 --label b2b1c4 --network github_network_3ec39c136f6d40f0bd3e55c0eaf880a5 --network-alias redis -p 6379:6379  -e GITHUB_ACTIONS=true -e CI=true redis:7-alpine
2025-08-20T21:20:04.7785013Z 54921c6b593f568b272d8c8a1ecda7f3af630f3e4c9f4bde9e0255b65c9171ca
2025-08-20T21:20:04.7799142Z ##[command]/usr/bin/docker start 54921c6b593f568b272d8c8a1ecda7f3af630f3e4c9f4bde9e0255b65c9171ca
2025-08-20T21:20:04.9190683Z 54921c6b593f568b272d8c8a1ecda7f3af630f3e4c9f4bde9e0255b65c9171ca
2025-08-20T21:20:04.9207979Z ##[command]/usr/bin/docker ps --all --filter id=54921c6b593f568b272d8c8a1ecda7f3af630f3e4c9f4bde9e0255b65c9171ca --filter status=running --no-trunc --format "{{.ID}} {{.Status}}"
2025-08-20T21:20:04.9324924Z 54921c6b593f568b272d8c8a1ecda7f3af630f3e4c9f4bde9e0255b65c9171ca Up Less than a second
2025-08-20T21:20:04.9339550Z ##[command]/usr/bin/docker port 54921c6b593f568b272d8c8a1ecda7f3af630f3e4c9f4bde9e0255b65c9171ca
2025-08-20T21:20:04.9455584Z 6379/tcp -> 0.0.0.0:6379
2025-08-20T21:20:04.9455988Z 6379/tcp -> [::]:6379
2025-08-20T21:20:04.9470777Z ##[endgroup]
2025-08-20T21:20:04.9481563Z ##[group]Waiting for all services to be ready
2025-08-20T21:20:04.9494626Z ##[command]/usr/bin/docker inspect --format="{{if .Config.Healthcheck}}{{print .State.Health.Status}}{{end}}" a450be3c2a9fd2df96c07b56fc8fdd625bcf9affc749092fc7132e3995dd9464
2025-08-20T21:20:04.9643932Z starting
2025-08-20T21:20:04.9664427Z postgres service is starting, waiting 2 seconds before checking again.
2025-08-20T21:20:06.9666951Z ##[command]/usr/bin/docker inspect --format="{{if .Config.Healthcheck}}{{print .State.Health.Status}}{{end}}" a450be3c2a9fd2df96c07b56fc8fdd625bcf9affc749092fc7132e3995dd9464
2025-08-20T21:20:06.9787614Z starting
2025-08-20T21:20:06.9800381Z postgres service is starting, waiting 4 seconds before checking again.
2025-08-20T21:20:11.3739596Z ##[command]/usr/bin/docker inspect --format="{{if .Config.Healthcheck}}{{print .State.Health.Status}}{{end}}" a450be3c2a9fd2df96c07b56fc8fdd625bcf9affc749092fc7132e3995dd9464
2025-08-20T21:20:11.3855915Z healthy
2025-08-20T21:20:11.3871526Z postgres service is healthy.
2025-08-20T21:20:11.3872266Z ##[command]/usr/bin/docker inspect --format="{{if .Config.Healthcheck}}{{print .State.Health.Status}}{{end}}" 54921c6b593f568b272d8c8a1ecda7f3af630f3e4c9f4bde9e0255b65c9171ca
2025-08-20T21:20:11.3996206Z redis service is healthy.
2025-08-20T21:20:11.3996831Z ##[endgroup]
2025-08-20T21:20:11.4245709Z ##[group]Run actions/checkout@v5
2025-08-20T21:20:11.4246261Z with:
2025-08-20T21:20:11.4246436Z   fetch-depth: 0
2025-08-20T21:20:11.4246642Z   repository: AlexBomber12/AWA-App
2025-08-20T21:20:11.4247001Z   token: ***
2025-08-20T21:20:11.4247179Z   ssh-strict: true
2025-08-20T21:20:11.4247357Z   ssh-user: git
2025-08-20T21:20:11.4247539Z   persist-credentials: true
2025-08-20T21:20:11.4247746Z   clean: true
2025-08-20T21:20:11.4247927Z   sparse-checkout-cone-mode: true
2025-08-20T21:20:11.4248173Z   fetch-tags: false
2025-08-20T21:20:11.4248347Z   show-progress: true
2025-08-20T21:20:11.4248533Z   lfs: false
2025-08-20T21:20:11.4248691Z   submodules: false
2025-08-20T21:20:11.4248873Z   set-safe-directory: true
2025-08-20T21:20:11.4249243Z env:
2025-08-20T21:20:11.4249462Z   REDIS_URL: redis://localhost:6379/0
2025-08-20T21:20:11.4249723Z   RATE_LIMIT_DEFAULT: 100/minute
2025-08-20T21:20:11.4249933Z   TRUST_X_FORWARDED: 1
2025-08-20T21:20:11.4250115Z ##[endgroup]
2025-08-20T21:20:11.5153961Z Syncing repository: AlexBomber12/AWA-App
2025-08-20T21:20:11.5155515Z ##[group]Getting Git version info
2025-08-20T21:20:11.5155878Z Working directory is '/home/runner/work/AWA-App/AWA-App'
2025-08-20T21:20:11.5156396Z [command]/usr/bin/git version
2025-08-20T21:20:11.5194066Z git version 2.50.1
2025-08-20T21:20:11.5214339Z ##[endgroup]
2025-08-20T21:20:11.5229780Z Temporarily overriding HOME='/home/runner/work/_temp/cc927f8b-7006-4cce-8d5e-bea5a43e2b48' before making global git config changes
2025-08-20T21:20:11.5231353Z Adding repository directory to the temporary git global config as a safe directory
2025-08-20T21:20:11.5235592Z [command]/usr/bin/git config --global --add safe.directory /home/runner/work/AWA-App/AWA-App
2025-08-20T21:20:11.5272926Z Deleting the contents of '/home/runner/work/AWA-App/AWA-App'
2025-08-20T21:20:11.5276685Z ##[group]Initializing the repository
2025-08-20T21:20:11.5280819Z [command]/usr/bin/git init /home/runner/work/AWA-App/AWA-App
2025-08-20T21:20:11.5357718Z hint: Using 'master' as the name for the initial branch. This default branch name
2025-08-20T21:20:11.5358463Z hint: is subject to change. To configure the initial branch name to use in all
2025-08-20T21:20:11.5358921Z hint: of your new repositories, which will suppress this warning, call:
2025-08-20T21:20:11.5359243Z hint:
2025-08-20T21:20:11.5359498Z hint: 	git config --global init.defaultBranch <name>
2025-08-20T21:20:11.5359762Z hint:
2025-08-20T21:20:11.5360038Z hint: Names commonly chosen instead of 'master' are 'main', 'trunk' and
2025-08-20T21:20:11.5360603Z hint: 'development'. The just-created branch can be renamed via this command:
2025-08-20T21:20:11.5360937Z hint:
2025-08-20T21:20:11.5361109Z hint: 	git branch -m <name>
2025-08-20T21:20:11.5361312Z hint:
2025-08-20T21:20:11.5361589Z hint: Disable this message with "git config set advice.defaultBranchName false"
2025-08-20T21:20:11.5363575Z Initialized empty Git repository in /home/runner/work/AWA-App/AWA-App/.git/
2025-08-20T21:20:11.5374163Z [command]/usr/bin/git remote add origin https://github.com/AlexBomber12/AWA-App
2025-08-20T21:20:11.5440611Z ##[endgroup]
2025-08-20T21:20:11.5441205Z ##[group]Disabling automatic garbage collection
2025-08-20T21:20:11.5445217Z [command]/usr/bin/git config --local gc.auto 0
2025-08-20T21:20:11.5471581Z ##[endgroup]
2025-08-20T21:20:11.5472172Z ##[group]Setting up auth
2025-08-20T21:20:11.5478642Z [command]/usr/bin/git config --local --name-only --get-regexp core\.sshCommand
2025-08-20T21:20:11.5507685Z [command]/usr/bin/git submodule foreach --recursive sh -c "git config --local --name-only --get-regexp 'core\.sshCommand' && git config --local --unset-all 'core.sshCommand' || :"
2025-08-20T21:20:11.5835319Z [command]/usr/bin/git config --local --name-only --get-regexp http\.https\:\/\/github\.com\/\.extraheader
2025-08-20T21:20:11.5864852Z [command]/usr/bin/git submodule foreach --recursive sh -c "git config --local --name-only --get-regexp 'http\.https\:\/\/github\.com\/\.extraheader' && git config --local --unset-all 'http.https://github.com/.extraheader' || :"
2025-08-20T21:20:11.6080955Z [command]/usr/bin/git config --local http.https://github.com/.extraheader AUTHORIZATION: basic ***
2025-08-20T21:20:11.6114280Z ##[endgroup]
2025-08-20T21:20:11.6114906Z ##[group]Fetching the repository
2025-08-20T21:20:11.6123880Z [command]/usr/bin/git -c protocol.version=2 fetch --prune --no-recurse-submodules origin +refs/heads/*:refs/remotes/origin/* +refs/tags/*:refs/tags/*
2025-08-20T21:20:14.2393568Z From https://github.com/AlexBomber12/AWA-App
2025-08-20T21:20:14.2394763Z  * [new branch]        codex/analyze-ci-logs-and-fix-failures -> origin/codex/analyze-ci-logs-and-fix-failures
2025-08-20T21:20:14.2396446Z  * [new branch]        codex/analyze-ci-logs-and-implement-fixes -> origin/codex/analyze-ci-logs-and-implement-fixes
2025-08-20T21:20:14.2398119Z  * [new branch]        codex/analyze-ci-logs-and-implement-fixes-sq2vte -> origin/codex/analyze-ci-logs-and-implement-fixes-sq2vte
2025-08-20T21:20:14.2399767Z  * [new branch]        codex/analyze-ci-logs-and-implement-fixes-uwhjgc -> origin/codex/analyze-ci-logs-and-implement-fixes-uwhjgc
2025-08-20T21:20:14.2401313Z  * [new branch]        codex/create-branch-and-enforce-coverage-requirements -> origin/codex/create-branch-and-enforce-coverage-requirements
2025-08-20T21:20:14.2402739Z  * [new branch]        codex/fix-ci-workflows-to-pass-all-tests -> origin/codex/fix-ci-workflows-to-pass-all-tests
2025-08-20T21:20:14.2404734Z  * [new branch]        codex/fix-mypy-errors-and-unify-dsn-variables -> origin/codex/fix-mypy-errors-and-unify-dsn-variables
2025-08-20T21:20:14.2406681Z  * [new branch]        codex/implement-targeted-fixes-for-ci-workflows -> origin/codex/implement-targeted-fixes-for-ci-workflows
2025-08-20T21:20:14.2410219Z  * [new branch]        codex/improve-ci/cd-pipeline-and-testing -> origin/codex/improve-ci/cd-pipeline-and-testing
2025-08-20T21:20:14.2411995Z  * [new branch]        codex/improve-docker-and-compose-setup -> origin/codex/improve-docker-and-compose-setup
2025-08-20T21:20:14.2414564Z  * [new branch]        codex/update-documentation-and-dependency-management -> origin/codex/update-documentation-and-dependency-management
2025-08-20T21:20:14.2418668Z  * [new branch]        codex/update-documentation-and-dependency-management-nz2amg -> origin/codex/update-documentation-and-dependency-management-nz2amg
2025-08-20T21:20:14.2421859Z  * [new branch]        dependabot/docker/docker/main/python-3.13-slim -> origin/dependabot/docker/docker/main/python-3.13-slim
2025-08-20T21:20:14.2424686Z  * [new branch]        dependabot/docker/main/python-3.13-slim -> origin/dependabot/docker/main/python-3.13-slim
2025-08-20T21:20:14.2429505Z  * [new branch]        dependabot/github_actions/main/actions/download-artifact-5 -> origin/dependabot/github_actions/main/actions/download-artifact-5
2025-08-20T21:20:14.2433492Z  * [new branch]        dependabot/pip/main/numpy-2.0.2 -> origin/dependabot/pip/main/numpy-2.0.2
2025-08-20T21:20:14.2434901Z  * [new branch]        dependabot/pip/main/pytest-asyncio-1.1.0 -> origin/dependabot/pip/main/pytest-asyncio-1.1.0
2025-08-20T21:20:14.2438328Z  * [new branch]        dependabot/pip/main/testcontainers-postgres--4.12.0 -> origin/dependabot/pip/main/testcontainers-postgres--4.12.0
2025-08-20T21:20:14.2439406Z  * [new branch]        gh-pages   -> origin/gh-pages
2025-08-20T21:20:14.2442422Z  * [new branch]        main       -> origin/main
2025-08-20T21:20:14.2443346Z  * [new tag]           0.3.0      -> 0.3.0
2025-08-20T21:20:14.2482950Z [command]/usr/bin/git branch --list --remote origin/main
2025-08-20T21:20:14.2509224Z   origin/main
2025-08-20T21:20:14.2518234Z [command]/usr/bin/git rev-parse refs/remotes/origin/main
2025-08-20T21:20:14.2538545Z 2fbd6a769990d73c5809568dbdcf4f5aa0519c52
2025-08-20T21:20:14.2549859Z [command]/usr/bin/git -c protocol.version=2 fetch --no-tags --prune --no-recurse-submodules origin +82185f98386731ccb956f943010f4238b8b3ce0e:refs/remotes/origin/main
2025-08-20T21:20:14.2603917Z From https://github.com/AlexBomber12/AWA-App
2025-08-20T21:20:14.2604708Z  + 2fbd6a76...82185f98 82185f98386731ccb956f943010f4238b8b3ce0e -> origin/main  (forced update)
2025-08-20T21:20:14.2624699Z ##[endgroup]
2025-08-20T21:20:14.2625292Z ##[group]Determining the checkout info
2025-08-20T21:20:14.2625935Z ##[endgroup]
2025-08-20T21:20:14.2630135Z [command]/usr/bin/git sparse-checkout disable
2025-08-20T21:20:14.2672753Z [command]/usr/bin/git config --local --unset-all extensions.worktreeConfig
2025-08-20T21:20:14.2698790Z ##[group]Checking out the ref
2025-08-20T21:20:14.2703203Z [command]/usr/bin/git checkout --progress --force -B main refs/remotes/origin/main
2025-08-20T21:20:14.3061945Z Switched to a new branch 'main'
2025-08-20T21:20:14.3064578Z branch 'main' set up to track 'origin/main'.
2025-08-20T21:20:14.3080771Z ##[endgroup]
2025-08-20T21:20:14.3117993Z [command]/usr/bin/git log -1 --format=%H
2025-08-20T21:20:14.3140662Z 82185f98386731ccb956f943010f4238b8b3ce0e
2025-08-20T21:20:14.3303932Z ##[group]Run cat .env.ci >> "$GITHUB_ENV"
2025-08-20T21:20:14.3304265Z [36;1mcat .env.ci >> "$GITHUB_ENV"[0m
2025-08-20T21:20:14.3305421Z [36;1mecho "DATABASE_URL=***localhost:5432/awa" >> "$GITHUB_ENV"[0m
2025-08-20T21:20:14.3305788Z [36;1mecho "PG_HOST=localhost" >> "$GITHUB_ENV"[0m
2025-08-20T21:20:14.3306073Z [36;1mecho "PG_PORT=5432" >> "$GITHUB_ENV"[0m
2025-08-20T21:20:14.3306604Z [36;1mecho "PG_USER=postgres" >> "$GITHUB_ENV"[0m
2025-08-20T21:20:14.3306897Z [36;1mecho "PG_PASSWORD=pass" >> "$GITHUB_ENV"[0m
2025-08-20T21:20:14.3307380Z [36;1mecho "PG_DATABASE=awa" >> "$GITHUB_ENV"[0m
2025-08-20T21:20:14.3307655Z [36;1mecho "TESTING=1" >> "$GITHUB_ENV"[0m
2025-08-20T21:20:14.3351342Z shell: /usr/bin/bash -e {0}
2025-08-20T21:20:14.3351578Z env:
2025-08-20T21:20:14.3351783Z   REDIS_URL: redis://localhost:6379/0
2025-08-20T21:20:14.3352041Z   RATE_LIMIT_DEFAULT: 100/minute
2025-08-20T21:20:14.3352264Z   TRUST_X_FORWARDED: 1
2025-08-20T21:20:14.3352483Z ##[endgroup]
2025-08-20T21:20:14.3540380Z ##[group]Run actions/setup-python@v5
2025-08-20T21:20:14.3540661Z with:
2025-08-20T21:20:14.3540843Z   python-version: 3.12
2025-08-20T21:20:14.3541041Z   cache: pip
2025-08-20T21:20:14.3541855Z   cache-dependency-path: requirements-dev.txt
services/etl/requirements.txt
services/api/requirements.txt
services/repricer/requirements.txt
services/fees_h10/requirements.txt
services/alert_bot/requirements.txt

2025-08-20T21:20:14.3542669Z   check-latest: false
2025-08-20T21:20:14.3542980Z   token: ***
2025-08-20T21:20:14.3543161Z   update-environment: true
2025-08-20T21:20:14.3543392Z   allow-prereleases: false
2025-08-20T21:20:14.3543590Z   freethreaded: false
2025-08-20T21:20:14.3543761Z env:
2025-08-20T21:20:14.3543947Z   REDIS_URL: redis://localhost:6379/0
2025-08-20T21:20:14.3544192Z   RATE_LIMIT_DEFAULT: 100/minute
2025-08-20T21:20:14.3544409Z   TRUST_X_FORWARDED: 1
2025-08-20T21:20:14.3544589Z   PG_USER: postgres
2025-08-20T21:20:14.3544771Z   PG_PASSWORD: pass
2025-08-20T21:20:14.3544973Z   PG_DATABASE: awa
2025-08-20T21:20:14.3545383Z   PG_HOST: localhost
2025-08-20T21:20:14.3545572Z   PG_PORT: 5432
2025-08-20T21:20:14.3545957Z   PG_SYNC_DSN: ***localhost:5432/awa
2025-08-20T21:20:14.3546354Z   PG_ASYNC_DSN: ***localhost:5432/awa
2025-08-20T21:20:14.3546717Z   DATABASE_URL: ***localhost:5432/awa
2025-08-20T21:20:14.3546946Z   DATA_DIR: /tmp/awa-data
2025-08-20T21:20:14.3547130Z   ENABLE_LIVE: 0
2025-08-20T21:20:14.3547297Z   TESTING: 1
2025-08-20T21:20:14.3547456Z ##[endgroup]
2025-08-20T21:20:14.5203412Z ##[group]Installed versions
2025-08-20T21:20:14.5302405Z Successfully set up CPython (3.12.11)
2025-08-20T21:20:14.5303156Z ##[endgroup]
2025-08-20T21:20:14.5726668Z [command]/opt/hostedtoolcache/Python/3.12.11/x64/bin/pip cache dir
2025-08-20T21:20:16.2034089Z /home/runner/.cache/pip
2025-08-20T21:20:16.3012542Z Cache hit for: setup-python-Linux-x64-24.04-Ubuntu-python-3.12.11-pip-c1482b34cefb1d5627945f9a0dd249aa846f19d51444dfcb41e18d369341003d
2025-08-20T21:20:17.3321436Z Received 255852544 of 362325517 (70.6%), 243.8 MBs/sec
2025-08-20T21:20:17.8099367Z Received 362325517 of 362325517 (100.0%), 233.6 MBs/sec
2025-08-20T21:20:17.8100816Z Cache Size: ~346 MB (362325517 B)
2025-08-20T21:20:17.8217264Z [command]/usr/bin/tar -xf /home/runner/work/_temp/592fc6f3-e395-4b4d-b423-3bb38aa81787/cache.tzst -P -C /home/runner/work/AWA-App/AWA-App --use-compress-program unzstd
2025-08-20T21:20:18.3900977Z Cache restored successfully
2025-08-20T21:20:18.4588477Z Cache restored from key: setup-python-Linux-x64-24.04-Ubuntu-python-3.12.11-pip-c1482b34cefb1d5627945f9a0dd249aa846f19d51444dfcb41e18d369341003d
2025-08-20T21:20:18.5273291Z ##[group]Run actions/cache@v4
2025-08-20T21:20:18.5273539Z with:
2025-08-20T21:20:18.5273762Z   path: ~/.cache/pip
.pytest_cache
~/.ruff_cache

2025-08-20T21:20:18.5274190Z   key: Linux-test-cad4f3141a3acebc51100003b786cdd8b1469fbd1e92da4bdcf4b225e9f8de52
2025-08-20T21:20:18.5274589Z   restore-keys: Linux-test-
2025-08-20T21:20:18.5274811Z   enableCrossOsArchive: false
2025-08-20T21:20:18.5275230Z   fail-on-cache-miss: false
2025-08-20T21:20:18.5275471Z   lookup-only: false
2025-08-20T21:20:18.5275654Z   save-always: false
2025-08-20T21:20:18.5275831Z env:
2025-08-20T21:20:18.5276034Z   REDIS_URL: redis://localhost:6379/0
2025-08-20T21:20:18.5276285Z   RATE_LIMIT_DEFAULT: 100/minute
2025-08-20T21:20:18.5276508Z   TRUST_X_FORWARDED: 1
2025-08-20T21:20:18.5276702Z   PG_USER: postgres
2025-08-20T21:20:18.5276880Z   PG_PASSWORD: pass
2025-08-20T21:20:18.5277064Z   PG_DATABASE: awa
2025-08-20T21:20:18.5277249Z   PG_HOST: localhost
2025-08-20T21:20:18.5277633Z   PG_PORT: 5432
2025-08-20T21:20:18.5278132Z   PG_SYNC_DSN: ***localhost:5432/awa
2025-08-20T21:20:18.5278587Z   PG_ASYNC_DSN: ***localhost:5432/awa
2025-08-20T21:20:18.5278978Z   DATABASE_URL: ***localhost:5432/awa
2025-08-20T21:20:18.5279213Z   DATA_DIR: /tmp/awa-data
2025-08-20T21:20:18.5279404Z   ENABLE_LIVE: 0
2025-08-20T21:20:18.5279582Z   TESTING: 1
2025-08-20T21:20:18.5279817Z   pythonLocation: /opt/hostedtoolcache/Python/3.12.11/x64
2025-08-20T21:20:18.5280207Z   PKG_CONFIG_PATH: /opt/hostedtoolcache/Python/3.12.11/x64/lib/pkgconfig
2025-08-20T21:20:18.5280582Z   Python_ROOT_DIR: /opt/hostedtoolcache/Python/3.12.11/x64
2025-08-20T21:20:18.5280926Z   Python2_ROOT_DIR: /opt/hostedtoolcache/Python/3.12.11/x64
2025-08-20T21:20:18.5281262Z   Python3_ROOT_DIR: /opt/hostedtoolcache/Python/3.12.11/x64
2025-08-20T21:20:18.5281602Z   LD_LIBRARY_PATH: /opt/hostedtoolcache/Python/3.12.11/x64/lib
2025-08-20T21:20:18.5281883Z ##[endgroup]
2025-08-20T21:20:18.7311268Z Cache hit for: Linux-test-cad4f3141a3acebc51100003b786cdd8b1469fbd1e92da4bdcf4b225e9f8de52
2025-08-20T21:20:19.7830752Z Received 213909504 of 362330872 (59.0%), 204.2 MBs/sec
2025-08-20T21:20:20.4797548Z Received 362330872 of 362330872 (100.0%), 203.7 MBs/sec
2025-08-20T21:20:20.4800273Z Cache Size: ~346 MB (362330872 B)
2025-08-20T21:20:20.4840027Z [command]/usr/bin/tar -xf /home/runner/work/_temp/a3e815d4-8eda-4c6f-8b93-77a0470ed21b/cache.tzst -P -C /home/runner/work/AWA-App/AWA-App --use-compress-program unzstd
2025-08-20T21:20:21.1353063Z Cache restored successfully
2025-08-20T21:20:21.2105689Z Cache restored from key: Linux-test-cad4f3141a3acebc51100003b786cdd8b1469fbd1e92da4bdcf4b225e9f8de52
2025-08-20T21:20:21.2229896Z ##[group]Run pip install --break-system-packages -r services/etl/requirements.txt
2025-08-20T21:20:21.2230500Z [36;1mpip install --break-system-packages -r services/etl/requirements.txt[0m
2025-08-20T21:20:21.2230983Z [36;1mpip install --break-system-packages -r services/api/requirements.txt[0m
2025-08-20T21:20:21.2231502Z [36;1mpip install --break-system-packages -r services/repricer/requirements.txt[0m
2025-08-20T21:20:21.2232095Z [36;1mpip install --break-system-packages -r services/fees_h10/requirements.txt[0m
2025-08-20T21:20:21.2232591Z [36;1mpip install --break-system-packages -r services/alert_bot/requirements.txt[0m
2025-08-20T21:20:21.2233046Z [36;1mpip install --break-system-packages -r requirements-dev.txt[0m
2025-08-20T21:20:21.2233414Z [36;1mpip install --break-system-packages asyncpg[0m
2025-08-20T21:20:21.2233734Z [36;1mpip install --break-system-packages pytest[0m
2025-08-20T21:20:21.2234156Z [36;1mpip install --break-system-packages keepa==1.3.15 minio==7.1.15[0m
2025-08-20T21:20:21.2276953Z shell: /usr/bin/bash -e {0}
2025-08-20T21:20:21.2277357Z env:
2025-08-20T21:20:21.2277577Z   REDIS_URL: redis://localhost:6379/0
2025-08-20T21:20:21.2277854Z   RATE_LIMIT_DEFAULT: 100/minute
2025-08-20T21:20:21.2278080Z   TRUST_X_FORWARDED: 1
2025-08-20T21:20:21.2278278Z   PG_USER: postgres
2025-08-20T21:20:21.2278476Z   PG_PASSWORD: pass
2025-08-20T21:20:21.2278660Z   PG_DATABASE: awa
2025-08-20T21:20:21.2278910Z   PG_HOST: localhost
2025-08-20T21:20:21.2279101Z   PG_PORT: 5432
2025-08-20T21:20:21.2279743Z   PG_SYNC_DSN: ***localhost:5432/awa
2025-08-20T21:20:21.2280160Z   PG_ASYNC_DSN: ***localhost:5432/awa
2025-08-20T21:20:21.2280548Z   DATABASE_URL: ***localhost:5432/awa
2025-08-20T21:20:21.2280787Z   DATA_DIR: /tmp/awa-data
2025-08-20T21:20:21.2280991Z   ENABLE_LIVE: 0
2025-08-20T21:20:21.2281175Z   TESTING: 1
2025-08-20T21:20:21.2281410Z   pythonLocation: /opt/hostedtoolcache/Python/3.12.11/x64
2025-08-20T21:20:21.2281810Z   PKG_CONFIG_PATH: /opt/hostedtoolcache/Python/3.12.11/x64/lib/pkgconfig
2025-08-20T21:20:21.2282199Z   Python_ROOT_DIR: /opt/hostedtoolcache/Python/3.12.11/x64
2025-08-20T21:20:21.2282551Z   Python2_ROOT_DIR: /opt/hostedtoolcache/Python/3.12.11/x64
2025-08-20T21:20:21.2282898Z   Python3_ROOT_DIR: /opt/hostedtoolcache/Python/3.12.11/x64
2025-08-20T21:20:21.2283433Z   LD_LIBRARY_PATH: /opt/hostedtoolcache/Python/3.12.11/x64/lib
2025-08-20T21:20:21.2283724Z ##[endgroup]
2025-08-20T21:20:22.2561796Z Collecting keepa==1.3.14 (from -r services/etl/requirements.txt (line 1))
2025-08-20T21:20:22.2575393Z   Using cached keepa-1.3.14-py3-none-any.whl.metadata (10 kB)
2025-08-20T21:20:22.2846036Z Collecting minio==7.1.15 (from -r services/etl/requirements.txt (line 2))
2025-08-20T21:20:22.2857810Z   Using cached minio-7.1.15-py3-none-any.whl.metadata (4.2 kB)
2025-08-20T21:20:22.3188107Z Collecting celery==5.3.* (from -r services/etl/requirements.txt (line 3))
2025-08-20T21:20:22.3199499Z   Using cached celery-5.3.6-py3-none-any.whl.metadata (21 kB)
2025-08-20T21:20:22.3657415Z Collecting redis==5.* (from -r services/etl/requirements.txt (line 4))
2025-08-20T21:20:22.3668926Z   Using cached redis-5.3.1-py3-none-any.whl.metadata (9.2 kB)
2025-08-20T21:20:22.4182260Z Collecting python-amazon-sp-api==0.8.0 (from -r services/etl/requirements.txt (line 5))
2025-08-20T21:20:22.4193848Z   Using cached python_amazon_sp_api-0.8.0-py3-none-any.whl.metadata (3.2 kB)
2025-08-20T21:20:22.4411440Z Collecting pydantic-settings==2.2.1 (from -r services/etl/requirements.txt (line 6))
2025-08-20T21:20:22.4422751Z   Using cached pydantic_settings-2.2.1-py3-none-any.whl.metadata (3.1 kB)
2025-08-20T21:20:22.6074034Z Collecting numpy<2 (from -r services/etl/requirements.txt (line 7))
2025-08-20T21:20:22.6087636Z   Using cached numpy-1.26.4-cp312-cp312-manylinux_2_17_x86_64.manylinux2014_x86_64.whl.metadata (61 kB)
2025-08-20T21:20:22.7216637Z Collecting pandas==2.2.* (from -r services/etl/requirements.txt (line 8))
2025-08-20T21:20:22.7229306Z   Using cached pandas-2.2.3-cp312-cp312-manylinux_2_17_x86_64.manylinux2014_x86_64.whl.metadata (89 kB)
2025-08-20T21:20:22.7816663Z Collecting pandera==0.19.* (from -r services/etl/requirements.txt (line 9))
2025-08-20T21:20:22.7828193Z   Using cached pandera-0.19.3-py3-none-any.whl.metadata (15 kB)
2025-08-20T21:20:22.8043668Z Collecting openpyxl==3.1.* (from -r services/etl/requirements.txt (line 10))
2025-08-20T21:20:22.8054638Z   Using cached openpyxl-3.1.5-py2.py3-none-any.whl.metadata (2.5 kB)
2025-08-20T21:20:22.8627030Z Collecting psycopg2-binary==2.9.* (from -r services/etl/requirements.txt (line 11))
2025-08-20T21:20:22.8639572Z   Using cached psycopg2_binary-2.9.10-cp312-cp312-manylinux_2_17_x86_64.manylinux2014_x86_64.whl.metadata (4.9 kB)
2025-08-20T21:20:22.8991827Z Collecting requests>=2.2 (from keepa==1.3.14->-r services/etl/requirements.txt (line 1))
2025-08-20T21:20:22.9003331Z   Using cached requests-2.32.5-py3-none-any.whl.metadata (4.9 kB)
2025-08-20T21:20:22.9336624Z Collecting tqdm (from keepa==1.3.14->-r services/etl/requirements.txt (line 1))
2025-08-20T21:20:22.9348465Z   Using cached tqdm-4.67.1-py3-none-any.whl.metadata (57 kB)
2025-08-20T21:20:23.4231346Z Collecting aiohttp (from keepa==1.3.14->-r services/etl/requirements.txt (line 1))
2025-08-20T21:20:23.4245575Z   Using cached aiohttp-3.12.15-cp312-cp312-manylinux_2_17_x86_64.manylinux2014_x86_64.whl.metadata (7.7 kB)
2025-08-20T21:20:23.5415948Z Collecting pydantic (from keepa==1.3.14->-r services/etl/requirements.txt (line 1))
2025-08-20T21:20:23.5429579Z   Using cached pydantic-2.11.7-py3-none-any.whl.metadata (67 kB)
2025-08-20T21:20:23.5636549Z Collecting certifi (from minio==7.1.15->-r services/etl/requirements.txt (line 2))
2025-08-20T21:20:23.5648382Z   Using cached certifi-2025.8.3-py3-none-any.whl.metadata (2.4 kB)
2025-08-20T21:20:23.5875523Z Collecting urllib3 (from minio==7.1.15->-r services/etl/requirements.txt (line 2))
2025-08-20T21:20:23.5887135Z   Using cached urllib3-2.5.0-py3-none-any.whl.metadata (6.5 kB)
2025-08-20T21:20:23.6012224Z Collecting six<2,>=1.15 (from python-amazon-sp-api==0.8.0->-r services/etl/requirements.txt (line 5))
2025-08-20T21:20:23.6023771Z   Using cached six-1.17.0-py2.py3-none-any.whl.metadata (1.7 kB)
2025-08-20T21:20:23.9978026Z Collecting boto3<2,>=1.16.39 (from python-amazon-sp-api==0.8.0->-r services/etl/requirements.txt (line 5))
2025-08-20T21:20:24.0350767Z   Downloading boto3-1.40.14-py3-none-any.whl.metadata (6.7 kB)
2025-08-20T21:20:24.0675013Z Collecting cachetools~=4.2.0 (from python-amazon-sp-api==0.8.0->-r services/etl/requirements.txt (line 5))
2025-08-20T21:20:24.0686974Z   Using cached cachetools-4.2.4-py3-none-any.whl.metadata (4.8 kB)
2025-08-20T21:20:24.1464805Z Collecting pycryptodome (from python-amazon-sp-api==0.8.0->-r services/etl/requirements.txt (line 5))
2025-08-20T21:20:24.1477971Z   Using cached pycryptodome-3.23.0-cp37-abi3-manylinux_2_17_x86_64.manylinux2014_x86_64.whl.metadata (3.4 kB)
2025-08-20T21:20:24.1806820Z Collecting pytz (from python-amazon-sp-api==0.8.0->-r services/etl/requirements.txt (line 5))
2025-08-20T21:20:24.1818410Z   Using cached pytz-2025.2-py2.py3-none-any.whl.metadata (22 kB)
2025-08-20T21:20:24.1920211Z Collecting confuse~=1.4.0 (from python-amazon-sp-api==0.8.0->-r services/etl/requirements.txt (line 5))
2025-08-20T21:20:24.1931698Z   Using cached confuse-1.4.0-py2.py3-none-any.whl.metadata (3.8 kB)
2025-08-20T21:20:24.2183441Z Collecting python-dotenv>=0.21.0 (from pydantic-settings==2.2.1->-r services/etl/requirements.txt (line 6))
2025-08-20T21:20:24.2195273Z   Using cached python_dotenv-1.1.1-py3-none-any.whl.metadata (24 kB)
2025-08-20T21:20:24.2369328Z Collecting billiard<5.0,>=4.2.0 (from celery==5.3.*->-r services/etl/requirements.txt (line 3))
2025-08-20T21:20:24.2380887Z   Using cached billiard-4.2.1-py3-none-any.whl.metadata (4.4 kB)
2025-08-20T21:20:24.2462684Z Collecting click-didyoumean>=0.3.0 (from celery==5.3.*->-r services/etl/requirements.txt (line 3))
2025-08-20T21:20:24.2474351Z   Using cached click_didyoumean-0.3.1-py3-none-any.whl.metadata (3.9 kB)
2025-08-20T21:20:24.2556414Z Collecting click-plugins>=1.1.1 (from celery==5.3.*->-r services/etl/requirements.txt (line 3))
2025-08-20T21:20:24.2567922Z   Using cached click_plugins-1.1.1.2-py2.py3-none-any.whl.metadata (6.5 kB)
2025-08-20T21:20:24.2659783Z Collecting click-repl>=0.2.0 (from celery==5.3.*->-r services/etl/requirements.txt (line 3))
2025-08-20T21:20:24.2671156Z   Using cached click_repl-0.3.0-py3-none-any.whl.metadata (3.6 kB)
2025-08-20T21:20:24.2833752Z Collecting click<9.0,>=8.1.2 (from celery==5.3.*->-r services/etl/requirements.txt (line 3))
2025-08-20T21:20:24.2845680Z   Using cached click-8.2.1-py3-none-any.whl.metadata (2.5 kB)
2025-08-20T21:20:24.3140254Z Collecting kombu<6.0,>=5.3.4 (from celery==5.3.*->-r services/etl/requirements.txt (line 3))
2025-08-20T21:20:24.3151627Z   Using cached kombu-5.5.4-py3-none-any.whl.metadata (3.5 kB)
2025-08-20T21:20:24.3318887Z Collecting python-dateutil>=2.8.2 (from celery==5.3.*->-r services/etl/requirements.txt (line 3))
2025-08-20T21:20:24.3330506Z   Using cached python_dateutil-2.9.0.post0-py2.py3-none-any.whl.metadata (8.4 kB)
2025-08-20T21:20:24.3454856Z Collecting tzdata>=2022.7 (from celery==5.3.*->-r services/etl/requirements.txt (line 3))
2025-08-20T21:20:24.3466806Z   Using cached tzdata-2025.2-py2.py3-none-any.whl.metadata (1.4 kB)
2025-08-20T21:20:24.3562594Z Collecting vine<6.0,>=5.1.0 (from celery==5.3.*->-r services/etl/requirements.txt (line 3))
2025-08-20T21:20:24.3573960Z   Using cached vine-5.1.0-py3-none-any.whl.metadata (2.7 kB)
2025-08-20T21:20:24.3729986Z Collecting PyJWT>=2.9.0 (from redis==5.*->-r services/etl/requirements.txt (line 4))
2025-08-20T21:20:24.3741712Z   Using cached PyJWT-2.10.1-py3-none-any.whl.metadata (4.0 kB)
2025-08-20T21:20:24.4012166Z Collecting multimethod<=1.10.0 (from pandera==0.19.*->-r services/etl/requirements.txt (line 9))
2025-08-20T21:20:24.4024355Z   Using cached multimethod-1.10-py3-none-any.whl.metadata (8.2 kB)
2025-08-20T21:20:24.4239284Z Collecting packaging>=20.0 (from pandera==0.19.*->-r services/etl/requirements.txt (line 9))
2025-08-20T21:20:24.4250954Z   Using cached packaging-25.0-py3-none-any.whl.metadata (3.3 kB)
2025-08-20T21:20:24.4536233Z Collecting typeguard (from pandera==0.19.*->-r services/etl/requirements.txt (line 9))
2025-08-20T21:20:24.4547639Z   Using cached typeguard-4.4.4-py3-none-any.whl.metadata (3.3 kB)
2025-08-20T21:20:24.4642583Z Collecting typing-inspect>=0.6.0 (from pandera==0.19.*->-r services/etl/requirements.txt (line 9))
2025-08-20T21:20:24.4653856Z   Using cached typing_inspect-0.9.0-py3-none-any.whl.metadata (1.5 kB)
2025-08-20T21:20:24.5597665Z Collecting wrapt (from pandera==0.19.*->-r services/etl/requirements.txt (line 9))
2025-08-20T21:20:24.5611743Z   Using cached wrapt-1.17.3-cp312-cp312-manylinux1_x86_64.manylinux_2_28_x86_64.manylinux_2_5_x86_64.whl.metadata (6.4 kB)
2025-08-20T21:20:24.5698466Z Collecting et-xmlfile (from openpyxl==3.1.*->-r services/etl/requirements.txt (line 10))
2025-08-20T21:20:24.5709972Z   Using cached et_xmlfile-2.0.0-py3-none-any.whl.metadata (2.7 kB)
2025-08-20T21:20:24.9872623Z Collecting botocore<1.41.0,>=1.40.14 (from boto3<2,>=1.16.39->python-amazon-sp-api==0.8.0->-r services/etl/requirements.txt (line 5))
2025-08-20T21:20:24.9910658Z   Downloading botocore-1.40.14-py3-none-any.whl.metadata (5.7 kB)
2025-08-20T21:20:25.0049128Z Collecting jmespath<2.0.0,>=0.7.1 (from boto3<2,>=1.16.39->python-amazon-sp-api==0.8.0->-r services/etl/requirements.txt (line 5))
2025-08-20T21:20:25.0061635Z   Using cached jmespath-1.0.1-py3-none-any.whl.metadata (7.6 kB)
2025-08-20T21:20:25.0210903Z Collecting s3transfer<0.14.0,>=0.13.0 (from boto3<2,>=1.16.39->python-amazon-sp-api==0.8.0->-r services/etl/requirements.txt (line 5))
2025-08-20T21:20:25.0222484Z   Using cached s3transfer-0.13.1-py3-none-any.whl.metadata (1.7 kB)
2025-08-20T21:20:25.0709897Z Collecting pyyaml (from confuse~=1.4.0->python-amazon-sp-api==0.8.0->-r services/etl/requirements.txt (line 5))
2025-08-20T21:20:25.0722776Z   Using cached PyYAML-6.0.2-cp312-cp312-manylinux_2_17_x86_64.manylinux2014_x86_64.whl.metadata (2.1 kB)
2025-08-20T21:20:25.0908895Z Collecting amqp<6.0.0,>=5.1.1 (from kombu<6.0,>=5.3.4->celery==5.3.*->-r services/etl/requirements.txt (line 3))
2025-08-20T21:20:25.0920310Z   Using cached amqp-5.3.1-py3-none-any.whl.metadata (8.9 kB)
2025-08-20T21:20:25.3156158Z Collecting prompt-toolkit>=3.0.36 (from click-repl>=0.2.0->celery==5.3.*->-r services/etl/requirements.txt (line 3))
2025-08-20T21:20:25.3168242Z   Using cached prompt_toolkit-3.0.51-py3-none-any.whl.metadata (6.4 kB)
2025-08-20T21:20:25.3309024Z Collecting wcwidth (from prompt-toolkit>=3.0.36->click-repl>=0.2.0->celery==5.3.*->-r services/etl/requirements.txt (line 3))
2025-08-20T21:20:25.3320430Z   Using cached wcwidth-0.2.13-py2.py3-none-any.whl.metadata (14 kB)
2025-08-20T21:20:25.3448572Z Collecting annotated-types>=0.6.0 (from pydantic->keepa==1.3.14->-r services/etl/requirements.txt (line 1))
2025-08-20T21:20:25.3460100Z   Using cached annotated_types-0.7.0-py3-none-any.whl.metadata (15 kB)
2025-08-20T21:20:26.0044557Z Collecting pydantic-core==2.33.2 (from pydantic->keepa==1.3.14->-r services/etl/requirements.txt (line 1))
2025-08-20T21:20:26.0058855Z   Using cached pydantic_core-2.33.2-cp312-cp312-manylinux_2_17_x86_64.manylinux2014_x86_64.whl.metadata (6.8 kB)
2025-08-20T21:20:26.0219499Z Collecting typing-extensions>=4.12.2 (from pydantic->keepa==1.3.14->-r services/etl/requirements.txt (line 1))
2025-08-20T21:20:26.0231091Z   Using cached typing_extensions-4.14.1-py3-none-any.whl.metadata (3.0 kB)
2025-08-20T21:20:26.0400512Z Collecting typing-inspection>=0.4.0 (from pydantic->keepa==1.3.14->-r services/etl/requirements.txt (line 1))
2025-08-20T21:20:26.0413258Z   Using cached typing_inspection-0.4.1-py3-none-any.whl.metadata (2.6 kB)
2025-08-20T21:20:26.1293670Z Collecting charset_normalizer<4,>=2 (from requests>=2.2->keepa==1.3.14->-r services/etl/requirements.txt (line 1))
2025-08-20T21:20:26.1307038Z   Using cached charset_normalizer-3.4.3-cp312-cp312-manylinux2014_x86_64.manylinux_2_17_x86_64.manylinux_2_28_x86_64.whl.metadata (36 kB)
2025-08-20T21:20:26.1454528Z Collecting idna<4,>=2.5 (from requests>=2.2->keepa==1.3.14->-r services/etl/requirements.txt (line 1))
2025-08-20T21:20:26.1466331Z   Using cached idna-3.10-py3-none-any.whl.metadata (10 kB)
2025-08-20T21:20:26.1816391Z Collecting mypy-extensions>=0.3.0 (from typing-inspect>=0.6.0->pandera==0.19.*->-r services/etl/requirements.txt (line 9))
2025-08-20T21:20:26.1828117Z   Using cached mypy_extensions-1.1.0-py3-none-any.whl.metadata (1.1 kB)
2025-08-20T21:20:26.2289290Z Collecting aiohappyeyeballs>=2.5.0 (from aiohttp->keepa==1.3.14->-r services/etl/requirements.txt (line 1))
2025-08-20T21:20:26.2300835Z   Using cached aiohappyeyeballs-2.6.1-py3-none-any.whl.metadata (5.9 kB)
2025-08-20T21:20:26.2453548Z Collecting aiosignal>=1.4.0 (from aiohttp->keepa==1.3.14->-r services/etl/requirements.txt (line 1))
2025-08-20T21:20:26.2465403Z   Using cached aiosignal-1.4.0-py3-none-any.whl.metadata (3.7 kB)
2025-08-20T21:20:26.2604818Z Collecting attrs>=17.3.0 (from aiohttp->keepa==1.3.14->-r services/etl/requirements.txt (line 1))
2025-08-20T21:20:26.2616484Z   Using cached attrs-25.3.0-py3-none-any.whl.metadata (10 kB)
2025-08-20T21:20:26.3281338Z Collecting frozenlist>=1.1.1 (from aiohttp->keepa==1.3.14->-r services/etl/requirements.txt (line 1))
2025-08-20T21:20:26.3293993Z   Using cached frozenlist-1.7.0-cp312-cp312-manylinux_2_5_x86_64.manylinux1_x86_64.manylinux_2_17_x86_64.manylinux2014_x86_64.whl.metadata (18 kB)
2025-08-20T21:20:26.5510785Z Collecting multidict<7.0,>=4.5 (from aiohttp->keepa==1.3.14->-r services/etl/requirements.txt (line 1))
2025-08-20T21:20:26.5524765Z   Using cached multidict-6.6.4-cp312-cp312-manylinux2014_x86_64.manylinux_2_17_x86_64.manylinux_2_28_x86_64.whl.metadata (5.3 kB)
2025-08-20T21:20:26.5942961Z Collecting propcache>=0.2.0 (from aiohttp->keepa==1.3.14->-r services/etl/requirements.txt (line 1))
2025-08-20T21:20:26.5955874Z   Using cached propcache-0.3.2-cp312-cp312-manylinux_2_17_x86_64.manylinux2014_x86_64.whl.metadata (12 kB)
2025-08-20T21:20:26.9073328Z Collecting yarl<2.0,>=1.17.0 (from aiohttp->keepa==1.3.14->-r services/etl/requirements.txt (line 1))
2025-08-20T21:20:26.9087437Z   Using cached yarl-1.20.1-cp312-cp312-manylinux_2_17_x86_64.manylinux2014_x86_64.whl.metadata (73 kB)
2025-08-20T21:20:26.9704162Z Using cached keepa-1.3.14-py3-none-any.whl (33 kB)
2025-08-20T21:20:26.9716026Z Using cached minio-7.1.15-py3-none-any.whl (77 kB)
2025-08-20T21:20:26.9728124Z Using cached python_amazon_sp_api-0.8.0-py3-none-any.whl (93 kB)
2025-08-20T21:20:26.9739987Z Using cached pydantic_settings-2.2.1-py3-none-any.whl (13 kB)
2025-08-20T21:20:26.9751530Z Using cached celery-5.3.6-py3-none-any.whl (422 kB)
2025-08-20T21:20:26.9765550Z Using cached redis-5.3.1-py3-none-any.whl (272 kB)
2025-08-20T21:20:26.9779194Z Using cached numpy-1.26.4-cp312-cp312-manylinux_2_17_x86_64.manylinux2014_x86_64.whl (18.0 MB)
2025-08-20T21:20:26.9922005Z Using cached pandas-2.2.3-cp312-cp312-manylinux_2_17_x86_64.manylinux2014_x86_64.whl (12.7 MB)
2025-08-20T21:20:27.0026078Z Using cached pandera-0.19.3-py3-none-any.whl (251 kB)
2025-08-20T21:20:27.0039288Z Using cached openpyxl-3.1.5-py2.py3-none-any.whl (250 kB)
2025-08-20T21:20:27.0052489Z Using cached psycopg2_binary-2.9.10-cp312-cp312-manylinux_2_17_x86_64.manylinux2014_x86_64.whl (3.0 MB)
2025-08-20T21:20:27.0085968Z Using cached billiard-4.2.1-py3-none-any.whl (86 kB)
2025-08-20T21:20:27.0125579Z Downloading boto3-1.40.14-py3-none-any.whl (140 kB)
2025-08-20T21:20:27.0292397Z Downloading botocore-1.40.14-py3-none-any.whl (14.0 MB)
2025-08-20T21:20:27.1341954Z    ━━━━━━━━━━━━━━━━━━━━━━━━━━━━━━━━━━━━━━━━ 14.0/14.0 MB 138.9 MB/s  0:00:00
2025-08-20T21:20:27.1354454Z Using cached cachetools-4.2.4-py3-none-any.whl (10 kB)
2025-08-20T21:20:27.1365625Z Using cached click-8.2.1-py3-none-any.whl (102 kB)
2025-08-20T21:20:27.1377358Z Using cached confuse-1.4.0-py2.py3-none-any.whl (21 kB)
2025-08-20T21:20:27.1388430Z Using cached jmespath-1.0.1-py3-none-any.whl (20 kB)
2025-08-20T21:20:27.1399251Z Using cached kombu-5.5.4-py3-none-any.whl (210 kB)
2025-08-20T21:20:27.1411441Z Using cached vine-5.1.0-py3-none-any.whl (9.6 kB)
2025-08-20T21:20:27.1422170Z Using cached amqp-5.3.1-py3-none-any.whl (50 kB)
2025-08-20T21:20:27.1433180Z Using cached multimethod-1.10-py3-none-any.whl (9.9 kB)
2025-08-20T21:20:27.1444086Z Using cached python_dateutil-2.9.0.post0-py2.py3-none-any.whl (229 kB)
2025-08-20T21:20:27.1456602Z Using cached s3transfer-0.13.1-py3-none-any.whl (85 kB)
2025-08-20T21:20:27.1467885Z Using cached six-1.17.0-py2.py3-none-any.whl (11 kB)
2025-08-20T21:20:27.1478854Z Using cached urllib3-2.5.0-py3-none-any.whl (129 kB)
2025-08-20T21:20:27.1490422Z Using cached click_didyoumean-0.3.1-py3-none-any.whl (3.6 kB)
2025-08-20T21:20:27.1501129Z Using cached click_plugins-1.1.1.2-py2.py3-none-any.whl (11 kB)
2025-08-20T21:20:27.1511672Z Using cached click_repl-0.3.0-py3-none-any.whl (10 kB)
2025-08-20T21:20:27.1522358Z Using cached packaging-25.0-py3-none-any.whl (66 kB)
2025-08-20T21:20:27.1533635Z Using cached prompt_toolkit-3.0.51-py3-none-any.whl (387 kB)
2025-08-20T21:20:27.1547494Z Using cached pydantic-2.11.7-py3-none-any.whl (444 kB)
2025-08-20T21:20:27.1561765Z Using cached pydantic_core-2.33.2-cp312-cp312-manylinux_2_17_x86_64.manylinux2014_x86_64.whl (2.0 MB)
2025-08-20T21:20:27.1587059Z Using cached annotated_types-0.7.0-py3-none-any.whl (13 kB)
2025-08-20T21:20:27.1597985Z Using cached PyJWT-2.10.1-py3-none-any.whl (22 kB)
2025-08-20T21:20:27.1608910Z Using cached python_dotenv-1.1.1-py3-none-any.whl (20 kB)
2025-08-20T21:20:27.1619766Z Using cached pytz-2025.2-py2.py3-none-any.whl (509 kB)
2025-08-20T21:20:27.1634308Z Using cached requests-2.32.5-py3-none-any.whl (64 kB)
2025-08-20T21:20:27.1646415Z Using cached charset_normalizer-3.4.3-cp312-cp312-manylinux2014_x86_64.manylinux_2_17_x86_64.manylinux_2_28_x86_64.whl (151 kB)
2025-08-20T21:20:27.1657838Z Using cached idna-3.10-py3-none-any.whl (70 kB)
2025-08-20T21:20:27.1669070Z Using cached certifi-2025.8.3-py3-none-any.whl (161 kB)
2025-08-20T21:20:27.1681129Z Using cached typing_extensions-4.14.1-py3-none-any.whl (43 kB)
2025-08-20T21:20:27.1691771Z Using cached typing_inspect-0.9.0-py3-none-any.whl (8.8 kB)
2025-08-20T21:20:27.1702708Z Using cached mypy_extensions-1.1.0-py3-none-any.whl (5.0 kB)
2025-08-20T21:20:27.1713465Z Using cached typing_inspection-0.4.1-py3-none-any.whl (14 kB)
2025-08-20T21:20:27.1724306Z Using cached tzdata-2025.2-py2.py3-none-any.whl (347 kB)
2025-08-20T21:20:27.1738022Z Using cached aiohttp-3.12.15-cp312-cp312-manylinux_2_17_x86_64.manylinux2014_x86_64.whl (1.7 MB)
2025-08-20T21:20:27.1761598Z Using cached multidict-6.6.4-cp312-cp312-manylinux2014_x86_64.manylinux_2_17_x86_64.manylinux_2_28_x86_64.whl (256 kB)
2025-08-20T21:20:27.1773958Z Using cached yarl-1.20.1-cp312-cp312-manylinux_2_17_x86_64.manylinux2014_x86_64.whl (355 kB)
2025-08-20T21:20:27.1787396Z Using cached aiohappyeyeballs-2.6.1-py3-none-any.whl (15 kB)
2025-08-20T21:20:27.1798320Z Using cached aiosignal-1.4.0-py3-none-any.whl (7.5 kB)
2025-08-20T21:20:27.1809076Z Using cached attrs-25.3.0-py3-none-any.whl (63 kB)
2025-08-20T21:20:27.1821024Z Using cached frozenlist-1.7.0-cp312-cp312-manylinux_2_5_x86_64.manylinux1_x86_64.manylinux_2_17_x86_64.manylinux2014_x86_64.whl (241 kB)
2025-08-20T21:20:27.1833432Z Using cached propcache-0.3.2-cp312-cp312-manylinux_2_17_x86_64.manylinux2014_x86_64.whl (224 kB)
2025-08-20T21:20:27.1845427Z Using cached et_xmlfile-2.0.0-py3-none-any.whl (18 kB)
2025-08-20T21:20:27.1856799Z Using cached pycryptodome-3.23.0-cp37-abi3-manylinux_2_17_x86_64.manylinux2014_x86_64.whl (2.3 MB)
2025-08-20T21:20:27.1884326Z Using cached PyYAML-6.0.2-cp312-cp312-manylinux_2_17_x86_64.manylinux2014_x86_64.whl (767 kB)
2025-08-20T21:20:27.1900680Z Using cached tqdm-4.67.1-py3-none-any.whl (78 kB)
2025-08-20T21:20:27.1912299Z Using cached typeguard-4.4.4-py3-none-any.whl (34 kB)
2025-08-20T21:20:27.1923266Z Using cached wcwidth-0.2.13-py2.py3-none-any.whl (34 kB)
2025-08-20T21:20:27.1934453Z Using cached wrapt-1.17.3-cp312-cp312-manylinux1_x86_64.manylinux_2_28_x86_64.manylinux_2_5_x86_64.whl (88 kB)
2025-08-20T21:20:27.4471049Z Installing collected packages: wcwidth, pytz, wrapt, vine, urllib3, tzdata, typing-extensions, tqdm, six, pyyaml, python-dotenv, PyJWT, pycryptodome, psycopg2-binary, propcache, prompt-toolkit, packaging, numpy, mypy-extensions, multimethod, multidict, jmespath, idna, frozenlist, et-xmlfile, click, charset_normalizer, certifi, cachetools, billiard, attrs, annotated-types, aiohappyeyeballs, yarl, typing-inspection, typing-inspect, typeguard, requests, redis, python-dateutil, pydantic-core, openpyxl, minio, confuse, click-repl, click-plugins, click-didyoumean, amqp, aiosignal, pydantic, pandas, kombu, botocore, aiohttp, s3transfer, pydantic-settings, pandera, keepa, celery, boto3, python-amazon-sp-api
2025-08-20T21:20:38.3183235Z 
2025-08-20T21:20:38.3243400Z Successfully installed PyJWT-2.10.1 aiohappyeyeballs-2.6.1 aiohttp-3.12.15 aiosignal-1.4.0 amqp-5.3.1 annotated-types-0.7.0 attrs-25.3.0 billiard-4.2.1 boto3-1.40.14 botocore-1.40.14 cachetools-4.2.4 celery-5.3.6 certifi-2025.8.3 charset_normalizer-3.4.3 click-8.2.1 click-didyoumean-0.3.1 click-plugins-1.1.1.2 click-repl-0.3.0 confuse-1.4.0 et-xmlfile-2.0.0 frozenlist-1.7.0 idna-3.10 jmespath-1.0.1 keepa-1.3.14 kombu-5.5.4 minio-7.1.15 multidict-6.6.4 multimethod-1.10 mypy-extensions-1.1.0 numpy-1.26.4 openpyxl-3.1.5 packaging-25.0 pandas-2.2.3 pandera-0.19.3 prompt-toolkit-3.0.51 propcache-0.3.2 psycopg2-binary-2.9.10 pycryptodome-3.23.0 pydantic-2.11.7 pydantic-core-2.33.2 pydantic-settings-2.2.1 python-amazon-sp-api-0.8.0 python-dateutil-2.9.0.post0 python-dotenv-1.1.1 pytz-2025.2 pyyaml-6.0.2 redis-5.3.1 requests-2.32.5 s3transfer-0.13.1 six-1.17.0 tqdm-4.67.1 typeguard-4.4.4 typing-extensions-4.14.1 typing-inspect-0.9.0 typing-inspection-0.4.1 tzdata-2025.2 urllib3-2.5.0 vine-5.1.0 wcwidth-0.2.13 wrapt-1.17.3 yarl-1.20.1
2025-08-20T21:20:39.2923655Z Collecting uvicorn==0.29.0 (from -r services/api/requirements.txt (line 1))
2025-08-20T21:20:39.2937912Z   Using cached uvicorn-0.29.0-py3-none-any.whl.metadata (6.3 kB)
2025-08-20T21:20:39.2974707Z Requirement already satisfied: pydantic-settings==2.2.1 in /opt/hostedtoolcache/Python/3.12.11/x64/lib/python3.12/site-packages (from -r services/api/requirements.txt (line 2)) (2.2.1)
2025-08-20T21:20:39.3346809Z Collecting fastapi==0.111.0 (from -r services/api/requirements.txt (line 3))
2025-08-20T21:20:39.3357958Z   Using cached fastapi-0.111.0-py3-none-any.whl.metadata (25 kB)
2025-08-20T21:20:39.5984121Z Collecting sqlalchemy==2.0.29 (from -r services/api/requirements.txt (line 4))
2025-08-20T21:20:39.5998322Z   Using cached SQLAlchemy-2.0.29-cp312-cp312-manylinux_2_17_x86_64.manylinux2014_x86_64.whl.metadata (9.6 kB)
2025-08-20T21:20:39.6267714Z Collecting alembic==1.13.1 (from -r services/api/requirements.txt (line 5))
2025-08-20T21:20:39.6279283Z   Using cached alembic-1.13.1-py3-none-any.whl.metadata (7.4 kB)
2025-08-20T21:20:39.6428355Z Collecting psycopg==3.2.9 (from psycopg[binary]==3.2.9->-r services/api/requirements.txt (line 6))
2025-08-20T21:20:39.6439305Z   Using cached psycopg-3.2.9-py3-none-any.whl.metadata (4.5 kB)
2025-08-20T21:20:39.6642641Z Collecting httpx==0.27.2 (from -r services/api/requirements.txt (line 7))
2025-08-20T21:20:39.6654087Z   Using cached httpx-0.27.2-py3-none-any.whl.metadata (7.1 kB)
2025-08-20T21:20:39.7040400Z Collecting asyncpg==0.29.0 (from -r services/api/requirements.txt (line 8))
2025-08-20T21:20:39.7051968Z   Using cached asyncpg-0.29.0-cp312-cp312-manylinux_2_17_x86_64.manylinux2014_x86_64.whl.metadata (4.4 kB)
2025-08-20T21:20:39.9634343Z Collecting boto3==1.34.162 (from -r services/api/requirements.txt (line 9))
2025-08-20T21:20:39.9647477Z   Using cached boto3-1.34.162-py3-none-any.whl.metadata (6.6 kB)
2025-08-20T21:20:39.9791220Z Collecting Jinja2==3.1.5 (from -r services/api/requirements.txt (line 10))
2025-08-20T21:20:39.9802957Z   Using cached jinja2-3.1.5-py3-none-any.whl.metadata (2.6 kB)
2025-08-20T21:20:39.9821707Z Requirement already satisfied: celery==5.3.* in /opt/hostedtoolcache/Python/3.12.11/x64/lib/python3.12/site-packages (from -r services/api/requirements.txt (line 11)) (5.3.6)
2025-08-20T21:20:39.9934726Z Collecting structlog==24.1.0 (from -r services/api/requirements.txt (line 12))
2025-08-20T21:20:39.9945607Z   Using cached structlog-24.1.0-py3-none-any.whl.metadata (6.9 kB)
2025-08-20T21:20:40.0077698Z Collecting asgi-correlation-id==4.3.1 (from -r services/api/requirements.txt (line 13))
2025-08-20T21:20:40.0088552Z   Using cached asgi_correlation_id-4.3.1-py3-none-any.whl.metadata (28 kB)
2025-08-20T21:20:40.0194217Z Collecting fastapi-limiter==0.1.6 (from -r services/api/requirements.txt (line 14))
2025-08-20T21:20:40.0205308Z   Using cached fastapi_limiter-0.1.6-py3-none-any.whl.metadata (5.3 kB)
2025-08-20T21:20:40.0623453Z Collecting redis==5.0.8 (from -r services/api/requirements.txt (line 15))
2025-08-20T21:20:40.0635715Z   Using cached redis-5.0.8-py3-none-any.whl.metadata (9.2 kB)
2025-08-20T21:20:40.1111841Z Collecting sentry-sdk==2.9.0 (from sentry-sdk[celery,fastapi,sqlalchemy]==2.9.0->-r services/api/requirements.txt (line 16))
2025-08-20T21:20:40.1123465Z   Using cached sentry_sdk-2.9.0-py2.py3-none-any.whl.metadata (14 kB)
2025-08-20T21:20:40.1402326Z Requirement already satisfied: click>=7.0 in /opt/hostedtoolcache/Python/3.12.11/x64/lib/python3.12/site-packages (from uvicorn==0.29.0->-r services/api/requirements.txt (line 1)) (8.2.1)
2025-08-20T21:20:40.1486268Z Collecting h11>=0.8 (from uvicorn==0.29.0->-r services/api/requirements.txt (line 1))
2025-08-20T21:20:40.1497836Z   Using cached h11-0.16.0-py3-none-any.whl.metadata (8.3 kB)
2025-08-20T21:20:40.1527295Z Requirement already satisfied: pydantic>=2.3.0 in /opt/hostedtoolcache/Python/3.12.11/x64/lib/python3.12/site-packages (from pydantic-settings==2.2.1->-r services/api/requirements.txt (line 2)) (2.11.7)
2025-08-20T21:20:40.1533067Z Requirement already satisfied: python-dotenv>=0.21.0 in /opt/hostedtoolcache/Python/3.12.11/x64/lib/python3.12/site-packages (from pydantic-settings==2.2.1->-r services/api/requirements.txt (line 2)) (1.1.1)
2025-08-20T21:20:40.1772598Z Collecting starlette<0.38.0,>=0.37.2 (from fastapi==0.111.0->-r services/api/requirements.txt (line 3))
2025-08-20T21:20:40.1786087Z   Using cached starlette-0.37.2-py3-none-any.whl.metadata (5.9 kB)
2025-08-20T21:20:40.1816657Z Requirement already satisfied: typing-extensions>=4.8.0 in /opt/hostedtoolcache/Python/3.12.11/x64/lib/python3.12/site-packages (from fastapi==0.111.0->-r services/api/requirements.txt (line 3)) (4.14.1)
2025-08-20T21:20:40.1896270Z Collecting fastapi-cli>=0.0.2 (from fastapi==0.111.0->-r services/api/requirements.txt (line 3))
2025-08-20T21:20:40.1907510Z   Using cached fastapi_cli-0.0.8-py3-none-any.whl.metadata (6.3 kB)
2025-08-20T21:20:40.2086583Z Collecting python-multipart>=0.0.7 (from fastapi==0.111.0->-r services/api/requirements.txt (line 3))
2025-08-20T21:20:40.2100962Z   Using cached python_multipart-0.0.20-py3-none-any.whl.metadata (1.8 kB)
2025-08-20T21:20:40.2676389Z Collecting ujson!=4.0.2,!=4.1.0,!=4.2.0,!=4.3.0,!=5.0.0,!=5.1.0,>=4.0.1 (from fastapi==0.111.0->-r services/api/requirements.txt (line 3))
2025-08-20T21:20:40.2688445Z   Using cached ujson-5.11.0-cp312-cp312-manylinux_2_24_x86_64.manylinux_2_28_x86_64.whl.metadata (9.4 kB)
2025-08-20T21:20:40.4929891Z Collecting orjson>=3.2.1 (from fastapi==0.111.0->-r services/api/requirements.txt (line 3))
2025-08-20T21:20:40.4943546Z   Using cached orjson-3.11.2-cp312-cp312-manylinux_2_17_x86_64.manylinux2014_x86_64.whl.metadata (1.2 kB)
2025-08-20T21:20:40.5083904Z Collecting email_validator>=2.0.0 (from fastapi==0.111.0->-r services/api/requirements.txt (line 3))
2025-08-20T21:20:40.5095323Z   Using cached email_validator-2.2.0-py3-none-any.whl.metadata (25 kB)
2025-08-20T21:20:40.6388245Z Collecting greenlet!=0.4.17 (from sqlalchemy==2.0.29->-r services/api/requirements.txt (line 4))
2025-08-20T21:20:40.6400394Z   Using cached greenlet-3.2.4-cp312-cp312-manylinux_2_24_x86_64.manylinux_2_28_x86_64.whl.metadata (4.1 kB)
2025-08-20T21:20:40.6682253Z Collecting Mako (from alembic==1.13.1->-r services/api/requirements.txt (line 5))
2025-08-20T21:20:40.6693427Z   Using cached mako-1.3.10-py3-none-any.whl.metadata (2.9 kB)
2025-08-20T21:20:40.6885933Z Collecting anyio (from httpx==0.27.2->-r services/api/requirements.txt (line 7))
2025-08-20T21:20:40.6897369Z   Using cached anyio-4.10.0-py3-none-any.whl.metadata (4.0 kB)
2025-08-20T21:20:40.6920029Z Requirement already satisfied: certifi in /opt/hostedtoolcache/Python/3.12.11/x64/lib/python3.12/site-packages (from httpx==0.27.2->-r services/api/requirements.txt (line 7)) (2025.8.3)
2025-08-20T21:20:40.7076865Z Collecting httpcore==1.* (from httpx==0.27.2->-r services/api/requirements.txt (line 7))
2025-08-20T21:20:40.7087918Z   Using cached httpcore-1.0.9-py3-none-any.whl.metadata (21 kB)
2025-08-20T21:20:40.7121665Z Requirement already satisfied: idna in /opt/hostedtoolcache/Python/3.12.11/x64/lib/python3.12/site-packages (from httpx==0.27.2->-r services/api/requirements.txt (line 7)) (3.10)
2025-08-20T21:20:40.7185613Z Collecting sniffio (from httpx==0.27.2->-r services/api/requirements.txt (line 7))
2025-08-20T21:20:40.7196742Z   Using cached sniffio-1.3.1-py3-none-any.whl.metadata (3.9 kB)
2025-08-20T21:20:41.1016105Z Collecting botocore<1.35.0,>=1.34.162 (from boto3==1.34.162->-r services/api/requirements.txt (line 9))
2025-08-20T21:20:41.1029651Z   Using cached botocore-1.34.162-py3-none-any.whl.metadata (5.7 kB)
2025-08-20T21:20:41.1057799Z Requirement already satisfied: jmespath<2.0.0,>=0.7.1 in /opt/hostedtoolcache/Python/3.12.11/x64/lib/python3.12/site-packages (from boto3==1.34.162->-r services/api/requirements.txt (line 9)) (1.0.1)
2025-08-20T21:20:41.1200629Z Collecting s3transfer<0.11.0,>=0.10.0 (from boto3==1.34.162->-r services/api/requirements.txt (line 9))
2025-08-20T21:20:41.1212712Z   Using cached s3transfer-0.10.4-py3-none-any.whl.metadata (1.7 kB)
2025-08-20T21:20:41.1666662Z Collecting MarkupSafe>=2.0 (from Jinja2==3.1.5->-r services/api/requirements.txt (line 10))
2025-08-20T21:20:41.1679535Z   Using cached MarkupSafe-3.0.2-cp312-cp312-manylinux_2_17_x86_64.manylinux2014_x86_64.whl.metadata (4.0 kB)
2025-08-20T21:20:41.1925473Z Requirement already satisfied: urllib3>=1.26.11 in /opt/hostedtoolcache/Python/3.12.11/x64/lib/python3.12/site-packages (from sentry-sdk==2.9.0->sentry-sdk[celery,fastapi,sqlalchemy]==2.9.0->-r services/api/requirements.txt (line 16)) (2.5.0)
2025-08-20T21:20:41.3283755Z Collecting psycopg-binary==3.2.9 (from psycopg[binary]==3.2.9->-r services/api/requirements.txt (line 6))
2025-08-20T21:20:41.3298002Z   Using cached psycopg_binary-3.2.9-cp312-cp312-manylinux_2_17_x86_64.manylinux2014_x86_64.whl.metadata (2.9 kB)
2025-08-20T21:20:41.3696985Z Requirement already satisfied: billiard<5.0,>=4.2.0 in /opt/hostedtoolcache/Python/3.12.11/x64/lib/python3.12/site-packages (from celery==5.3.*->-r services/api/requirements.txt (line 11)) (4.2.1)
2025-08-20T21:20:41.3703936Z Requirement already satisfied: click-didyoumean>=0.3.0 in /opt/hostedtoolcache/Python/3.12.11/x64/lib/python3.12/site-packages (from celery==5.3.*->-r services/api/requirements.txt (line 11)) (0.3.1)
2025-08-20T21:20:41.3710869Z Requirement already satisfied: click-plugins>=1.1.1 in /opt/hostedtoolcache/Python/3.12.11/x64/lib/python3.12/site-packages (from celery==5.3.*->-r services/api/requirements.txt (line 11)) (1.1.1.2)
2025-08-20T21:20:41.3718379Z Requirement already satisfied: click-repl>=0.2.0 in /opt/hostedtoolcache/Python/3.12.11/x64/lib/python3.12/site-packages (from celery==5.3.*->-r services/api/requirements.txt (line 11)) (0.3.0)
2025-08-20T21:20:41.3728880Z Requirement already satisfied: kombu<6.0,>=5.3.4 in /opt/hostedtoolcache/Python/3.12.11/x64/lib/python3.12/site-packages (from celery==5.3.*->-r services/api/requirements.txt (line 11)) (5.5.4)
2025-08-20T21:20:41.3735727Z Requirement already satisfied: python-dateutil>=2.8.2 in /opt/hostedtoolcache/Python/3.12.11/x64/lib/python3.12/site-packages (from celery==5.3.*->-r services/api/requirements.txt (line 11)) (2.9.0.post0)
2025-08-20T21:20:41.3742161Z Requirement already satisfied: tzdata>=2022.7 in /opt/hostedtoolcache/Python/3.12.11/x64/lib/python3.12/site-packages (from celery==5.3.*->-r services/api/requirements.txt (line 11)) (2025.2)
2025-08-20T21:20:41.3749754Z Requirement already satisfied: vine<6.0,>=5.1.0 in /opt/hostedtoolcache/Python/3.12.11/x64/lib/python3.12/site-packages (from celery==5.3.*->-r services/api/requirements.txt (line 11)) (5.1.0)
2025-08-20T21:20:41.3882261Z Requirement already satisfied: amqp<6.0.0,>=5.1.1 in /opt/hostedtoolcache/Python/3.12.11/x64/lib/python3.12/site-packages (from kombu<6.0,>=5.3.4->celery==5.3.*->-r services/api/requirements.txt (line 11)) (5.3.1)
2025-08-20T21:20:41.3893736Z Requirement already satisfied: packaging in /opt/hostedtoolcache/Python/3.12.11/x64/lib/python3.12/site-packages (from kombu<6.0,>=5.3.4->celery==5.3.*->-r services/api/requirements.txt (line 11)) (25.0)
2025-08-20T21:20:41.3960756Z Requirement already satisfied: annotated-types>=0.6.0 in /opt/hostedtoolcache/Python/3.12.11/x64/lib/python3.12/site-packages (from pydantic>=2.3.0->pydantic-settings==2.2.1->-r services/api/requirements.txt (line 2)) (0.7.0)
2025-08-20T21:20:41.3966807Z Requirement already satisfied: pydantic-core==2.33.2 in /opt/hostedtoolcache/Python/3.12.11/x64/lib/python3.12/site-packages (from pydantic>=2.3.0->pydantic-settings==2.2.1->-r services/api/requirements.txt (line 2)) (2.33.2)
2025-08-20T21:20:41.3976839Z Requirement already satisfied: typing-inspection>=0.4.0 in /opt/hostedtoolcache/Python/3.12.11/x64/lib/python3.12/site-packages (from pydantic>=2.3.0->pydantic-settings==2.2.1->-r services/api/requirements.txt (line 2)) (0.4.1)
2025-08-20T21:20:41.4011974Z Requirement already satisfied: six>=1.5 in /opt/hostedtoolcache/Python/3.12.11/x64/lib/python3.12/site-packages (from python-dateutil>=2.8.2->celery==5.3.*->-r services/api/requirements.txt (line 11)) (1.17.0)
2025-08-20T21:20:41.5492112Z Requirement already satisfied: prompt-toolkit>=3.0.36 in /opt/hostedtoolcache/Python/3.12.11/x64/lib/python3.12/site-packages (from click-repl>=0.2.0->celery==5.3.*->-r services/api/requirements.txt (line 11)) (3.0.51)
2025-08-20T21:20:41.5615261Z Collecting dnspython>=2.0.0 (from email_validator>=2.0.0->fastapi==0.111.0->-r services/api/requirements.txt (line 3))
2025-08-20T21:20:41.5626864Z   Using cached dnspython-2.7.0-py3-none-any.whl.metadata (5.8 kB)
2025-08-20T21:20:41.5833531Z Collecting typer>=0.15.1 (from fastapi-cli>=0.0.2->fastapi==0.111.0->-r services/api/requirements.txt (line 3))
2025-08-20T21:20:41.5844814Z   Using cached typer-0.16.1-py3-none-any.whl.metadata (15 kB)
2025-08-20T21:20:41.6090737Z Collecting rich-toolkit>=0.14.8 (from fastapi-cli>=0.0.2->fastapi==0.111.0->-r services/api/requirements.txt (line 3))
2025-08-20T21:20:41.6101726Z   Using cached rich_toolkit-0.15.0-py3-none-any.whl.metadata (1.0 kB)
2025-08-20T21:20:41.6193135Z Requirement already satisfied: wcwidth in /opt/hostedtoolcache/Python/3.12.11/x64/lib/python3.12/site-packages (from prompt-toolkit>=3.0.36->click-repl>=0.2.0->celery==5.3.*->-r services/api/requirements.txt (line 11)) (0.2.13)
2025-08-20T21:20:41.6576900Z Collecting rich>=13.7.1 (from rich-toolkit>=0.14.8->fastapi-cli>=0.0.2->fastapi==0.111.0->-r services/api/requirements.txt (line 3))
2025-08-20T21:20:41.6587805Z   Using cached rich-14.1.0-py3-none-any.whl.metadata (18 kB)
2025-08-20T21:20:41.6746464Z Collecting markdown-it-py>=2.2.0 (from rich>=13.7.1->rich-toolkit>=0.14.8->fastapi-cli>=0.0.2->fastapi==0.111.0->-r services/api/requirements.txt (line 3))
2025-08-20T21:20:41.6758123Z   Using cached markdown_it_py-4.0.0-py3-none-any.whl.metadata (7.3 kB)
2025-08-20T21:20:41.6964432Z Collecting pygments<3.0.0,>=2.13.0 (from rich>=13.7.1->rich-toolkit>=0.14.8->fastapi-cli>=0.0.2->fastapi==0.111.0->-r services/api/requirements.txt (line 3))
2025-08-20T21:20:41.6976083Z   Using cached pygments-2.19.2-py3-none-any.whl.metadata (2.5 kB)
2025-08-20T21:20:41.7093908Z Collecting mdurl~=0.1 (from markdown-it-py>=2.2.0->rich>=13.7.1->rich-toolkit>=0.14.8->fastapi-cli>=0.0.2->fastapi==0.111.0->-r services/api/requirements.txt (line 3))
2025-08-20T21:20:41.7105485Z   Using cached mdurl-0.1.2-py3-none-any.whl.metadata (1.6 kB)
2025-08-20T21:20:41.7278680Z Collecting shellingham>=1.3.0 (from typer>=0.15.1->fastapi-cli>=0.0.2->fastapi==0.111.0->-r services/api/requirements.txt (line 3))
2025-08-20T21:20:41.7290263Z   Using cached shellingham-1.5.4-py2.py3-none-any.whl.metadata (3.5 kB)
2025-08-20T21:20:41.8249888Z Collecting httptools>=0.5.0 (from uvicorn[standard]>=0.12.0->fastapi==0.111.0->-r services/api/requirements.txt (line 3))
2025-08-20T21:20:41.8263363Z   Using cached httptools-0.6.4-cp312-cp312-manylinux_2_5_x86_64.manylinux1_x86_64.manylinux_2_17_x86_64.manylinux2014_x86_64.whl.metadata (3.6 kB)
2025-08-20T21:20:41.8289137Z Requirement already satisfied: pyyaml>=5.1 in /opt/hostedtoolcache/Python/3.12.11/x64/lib/python3.12/site-packages (from uvicorn[standard]>=0.12.0->fastapi==0.111.0->-r services/api/requirements.txt (line 3)) (6.0.2)
2025-08-20T21:20:41.8650818Z Collecting uvloop!=0.15.0,!=0.15.1,>=0.14.0 (from uvicorn[standard]>=0.12.0->fastapi==0.111.0->-r services/api/requirements.txt (line 3))
2025-08-20T21:20:41.8663238Z   Using cached uvloop-0.21.0-cp312-cp312-manylinux_2_17_x86_64.manylinux2014_x86_64.whl.metadata (4.9 kB)
2025-08-20T21:20:41.9352925Z Collecting watchfiles>=0.13 (from uvicorn[standard]>=0.12.0->fastapi==0.111.0->-r services/api/requirements.txt (line 3))
2025-08-20T21:20:41.9365847Z   Using cached watchfiles-1.1.0-cp312-cp312-manylinux_2_17_x86_64.manylinux2014_x86_64.whl.metadata (4.9 kB)
2025-08-20T21:20:42.0199549Z Collecting websockets>=10.4 (from uvicorn[standard]>=0.12.0->fastapi==0.111.0->-r services/api/requirements.txt (line 3))
2025-08-20T21:20:42.0212937Z   Using cached websockets-15.0.1-cp312-cp312-manylinux_2_5_x86_64.manylinux1_x86_64.manylinux_2_17_x86_64.manylinux2014_x86_64.whl.metadata (6.8 kB)
2025-08-20T21:20:42.0489720Z Using cached uvicorn-0.29.0-py3-none-any.whl (60 kB)
2025-08-20T21:20:42.0503095Z Using cached fastapi-0.111.0-py3-none-any.whl (91 kB)
2025-08-20T21:20:42.0514602Z Using cached SQLAlchemy-2.0.29-cp312-cp312-manylinux_2_17_x86_64.manylinux2014_x86_64.whl (3.2 MB)
2025-08-20T21:20:42.0550386Z Using cached alembic-1.13.1-py3-none-any.whl (233 kB)
2025-08-20T21:20:42.0562847Z Using cached psycopg-3.2.9-py3-none-any.whl (202 kB)
2025-08-20T21:20:42.0574828Z Using cached httpx-0.27.2-py3-none-any.whl (76 kB)
2025-08-20T21:20:42.0586613Z Using cached asyncpg-0.29.0-cp312-cp312-manylinux_2_17_x86_64.manylinux2014_x86_64.whl (3.3 MB)
2025-08-20T21:20:42.0622189Z Using cached boto3-1.34.162-py3-none-any.whl (139 kB)
2025-08-20T21:20:42.0633847Z Using cached jinja2-3.1.5-py3-none-any.whl (134 kB)
2025-08-20T21:20:42.0645534Z Using cached structlog-24.1.0-py3-none-any.whl (65 kB)
2025-08-20T21:20:42.0656835Z Using cached asgi_correlation_id-4.3.1-py3-none-any.whl (15 kB)
2025-08-20T21:20:42.0667428Z Using cached fastapi_limiter-0.1.6-py3-none-any.whl (15 kB)
2025-08-20T21:20:42.0678068Z Using cached redis-5.0.8-py3-none-any.whl (255 kB)
2025-08-20T21:20:42.0690493Z Using cached sentry_sdk-2.9.0-py2.py3-none-any.whl (301 kB)
2025-08-20T21:20:42.0703783Z Using cached psycopg_binary-3.2.9-cp312-cp312-manylinux_2_17_x86_64.manylinux2014_x86_64.whl (4.4 MB)
2025-08-20T21:20:42.0746631Z Using cached botocore-1.34.162-py3-none-any.whl (12.5 MB)
2025-08-20T21:20:42.0846538Z Using cached httpcore-1.0.9-py3-none-any.whl (78 kB)
2025-08-20T21:20:42.0857798Z Using cached s3transfer-0.10.4-py3-none-any.whl (83 kB)
2025-08-20T21:20:42.0869041Z Using cached starlette-0.37.2-py3-none-any.whl (71 kB)
2025-08-20T21:20:42.0880071Z Using cached anyio-4.10.0-py3-none-any.whl (107 kB)
2025-08-20T21:20:42.0891506Z Using cached email_validator-2.2.0-py3-none-any.whl (33 kB)
2025-08-20T21:20:42.0902456Z Using cached dnspython-2.7.0-py3-none-any.whl (313 kB)
2025-08-20T21:20:42.0915371Z Using cached fastapi_cli-0.0.8-py3-none-any.whl (10 kB)
2025-08-20T21:20:42.0926514Z Using cached greenlet-3.2.4-cp312-cp312-manylinux_2_24_x86_64.manylinux_2_28_x86_64.whl (607 kB)
2025-08-20T21:20:42.0941418Z Using cached h11-0.16.0-py3-none-any.whl (37 kB)
2025-08-20T21:20:42.0952842Z Using cached MarkupSafe-3.0.2-cp312-cp312-manylinux_2_17_x86_64.manylinux2014_x86_64.whl (23 kB)
2025-08-20T21:20:42.0963550Z Using cached orjson-3.11.2-cp312-cp312-manylinux_2_17_x86_64.manylinux2014_x86_64.whl (121 kB)
2025-08-20T21:20:42.0974900Z Using cached python_multipart-0.0.20-py3-none-any.whl (24 kB)
2025-08-20T21:20:42.0985607Z Using cached rich_toolkit-0.15.0-py3-none-any.whl (29 kB)
2025-08-20T21:20:42.0996577Z Using cached rich-14.1.0-py3-none-any.whl (243 kB)
2025-08-20T21:20:42.1008934Z Using cached pygments-2.19.2-py3-none-any.whl (1.2 MB)
2025-08-20T21:20:42.1028593Z Using cached markdown_it_py-4.0.0-py3-none-any.whl (87 kB)
2025-08-20T21:20:42.1039844Z Using cached mdurl-0.1.2-py3-none-any.whl (10.0 kB)
2025-08-20T21:20:42.1050658Z Using cached sniffio-1.3.1-py3-none-any.whl (10 kB)
2025-08-20T21:20:42.1061305Z Using cached typer-0.16.1-py3-none-any.whl (46 kB)
2025-08-20T21:20:42.1072248Z Using cached shellingham-1.5.4-py2.py3-none-any.whl (9.8 kB)
2025-08-20T21:20:42.1083235Z Using cached ujson-5.11.0-cp312-cp312-manylinux_2_24_x86_64.manylinux_2_28_x86_64.whl (57 kB)
2025-08-20T21:20:42.1094554Z Using cached httptools-0.6.4-cp312-cp312-manylinux_2_5_x86_64.manylinux1_x86_64.manylinux_2_17_x86_64.manylinux2014_x86_64.whl (510 kB)
2025-08-20T21:20:42.1110208Z Using cached uvloop-0.21.0-cp312-cp312-manylinux_2_17_x86_64.manylinux2014_x86_64.whl (4.7 MB)
2025-08-20T21:20:42.1153983Z Using cached watchfiles-1.1.0-cp312-cp312-manylinux_2_17_x86_64.manylinux2014_x86_64.whl (452 kB)
2025-08-20T21:20:42.1168537Z Using cached websockets-15.0.1-cp312-cp312-manylinux_2_5_x86_64.manylinux1_x86_64.manylinux_2_17_x86_64.manylinux2014_x86_64.whl (182 kB)
2025-08-20T21:20:42.1184515Z Using cached mako-1.3.10-py3-none-any.whl (78 kB)
2025-08-20T21:20:42.3207703Z Installing collected packages: websockets, uvloop, ujson, structlog, sniffio, shellingham, sentry-sdk, redis, python-multipart, pygments, psycopg-binary, psycopg, orjson, mdurl, MarkupSafe, httptools, h11, greenlet, dnspython, asyncpg, uvicorn, sqlalchemy, markdown-it-py, Mako, Jinja2, httpcore, email_validator, botocore, anyio, watchfiles, starlette, s3transfer, rich, httpx, alembic, typer, rich-toolkit, boto3, asgi-correlation-id, fastapi-cli, fastapi, fastapi-limiter
2025-08-20T21:20:42.7569638Z   Attempting uninstall: redis
2025-08-20T21:20:42.7601079Z     Found existing installation: redis 5.3.1
2025-08-20T21:20:42.7679497Z     Uninstalling redis-5.3.1:
2025-08-20T21:20:42.7696809Z       Successfully uninstalled redis-5.3.1
2025-08-20T21:20:45.7397706Z   Attempting uninstall: botocore
2025-08-20T21:20:45.7436621Z     Found existing installation: botocore 1.40.14
2025-08-20T21:20:45.8065465Z     Uninstalling botocore-1.40.14:
2025-08-20T21:20:45.8319337Z       Successfully uninstalled botocore-1.40.14
2025-08-20T21:20:46.5987844Z   Attempting uninstall: s3transfer
2025-08-20T21:20:46.6033020Z     Found existing installation: s3transfer 0.13.1
2025-08-20T21:20:46.6059862Z     Uninstalling s3transfer-0.13.1:
2025-08-20T21:20:46.6069070Z       Successfully uninstalled s3transfer-0.13.1
2025-08-20T21:20:47.1115439Z   Attempting uninstall: boto3
2025-08-20T21:20:47.1153882Z     Found existing installation: boto3 1.40.14
2025-08-20T21:20:47.1215843Z     Uninstalling boto3-1.40.14:
2025-08-20T21:20:47.1236145Z       Successfully uninstalled boto3-1.40.14
2025-08-20T21:20:47.2810528Z 
2025-08-20T21:20:47.2892683Z Successfully installed Jinja2-3.1.5 Mako-1.3.10 MarkupSafe-3.0.2 alembic-1.13.1 anyio-4.10.0 asgi-correlation-id-4.3.1 asyncpg-0.29.0 boto3-1.34.162 botocore-1.34.162 dnspython-2.7.0 email_validator-2.2.0 fastapi-0.111.0 fastapi-cli-0.0.8 fastapi-limiter-0.1.6 greenlet-3.2.4 h11-0.16.0 httpcore-1.0.9 httptools-0.6.4 httpx-0.27.2 markdown-it-py-4.0.0 mdurl-0.1.2 orjson-3.11.2 psycopg-3.2.9 psycopg-binary-3.2.9 pygments-2.19.2 python-multipart-0.0.20 redis-5.0.8 rich-14.1.0 rich-toolkit-0.15.0 s3transfer-0.10.4 sentry-sdk-2.9.0 shellingham-1.5.4 sniffio-1.3.1 sqlalchemy-2.0.29 starlette-0.37.2 structlog-24.1.0 typer-0.16.1 ujson-5.11.0 uvicorn-0.29.0 uvloop-0.21.0 watchfiles-1.1.0 websockets-15.0.1
2025-08-20T21:20:47.9260429Z Requirement already satisfied: uvicorn==0.29.0 in /opt/hostedtoolcache/Python/3.12.11/x64/lib/python3.12/site-packages (from -r services/repricer/requirements.txt (line 1)) (0.29.0)
2025-08-20T21:20:47.9264310Z Requirement already satisfied: pydantic-settings==2.2.1 in /opt/hostedtoolcache/Python/3.12.11/x64/lib/python3.12/site-packages (from -r services/repricer/requirements.txt (line 2)) (2.2.1)
2025-08-20T21:20:47.9268565Z Requirement already satisfied: python-amazon-sp-api==0.8.0 in /opt/hostedtoolcache/Python/3.12.11/x64/lib/python3.12/site-packages (from -r services/repricer/requirements.txt (line 3)) (0.8.0)
2025-08-20T21:20:47.9272398Z Requirement already satisfied: fastapi==0.111.0 in /opt/hostedtoolcache/Python/3.12.11/x64/lib/python3.12/site-packages (from -r services/repricer/requirements.txt (line 4)) (0.111.0)
2025-08-20T21:20:47.9276397Z Requirement already satisfied: sqlalchemy==2.0.29 in /opt/hostedtoolcache/Python/3.12.11/x64/lib/python3.12/site-packages (from -r services/repricer/requirements.txt (line 5)) (2.0.29)
2025-08-20T21:20:47.9287404Z Requirement already satisfied: click>=7.0 in /opt/hostedtoolcache/Python/3.12.11/x64/lib/python3.12/site-packages (from uvicorn==0.29.0->-r services/repricer/requirements.txt (line 1)) (8.2.1)
2025-08-20T21:20:47.9292989Z Requirement already satisfied: h11>=0.8 in /opt/hostedtoolcache/Python/3.12.11/x64/lib/python3.12/site-packages (from uvicorn==0.29.0->-r services/repricer/requirements.txt (line 1)) (0.16.0)
2025-08-20T21:20:47.9315691Z Requirement already satisfied: pydantic>=2.3.0 in /opt/hostedtoolcache/Python/3.12.11/x64/lib/python3.12/site-packages (from pydantic-settings==2.2.1->-r services/repricer/requirements.txt (line 2)) (2.11.7)
2025-08-20T21:20:47.9321026Z Requirement already satisfied: python-dotenv>=0.21.0 in /opt/hostedtoolcache/Python/3.12.11/x64/lib/python3.12/site-packages (from pydantic-settings==2.2.1->-r services/repricer/requirements.txt (line 2)) (1.1.1)
2025-08-20T21:20:47.9331545Z Requirement already satisfied: requests in /opt/hostedtoolcache/Python/3.12.11/x64/lib/python3.12/site-packages (from python-amazon-sp-api==0.8.0->-r services/repricer/requirements.txt (line 3)) (2.32.5)
2025-08-20T21:20:47.9338118Z Requirement already satisfied: six<2,>=1.15 in /opt/hostedtoolcache/Python/3.12.11/x64/lib/python3.12/site-packages (from python-amazon-sp-api==0.8.0->-r services/repricer/requirements.txt (line 3)) (1.17.0)
2025-08-20T21:20:47.9344957Z Requirement already satisfied: boto3<2,>=1.16.39 in /opt/hostedtoolcache/Python/3.12.11/x64/lib/python3.12/site-packages (from python-amazon-sp-api==0.8.0->-r services/repricer/requirements.txt (line 3)) (1.34.162)
2025-08-20T21:20:47.9351044Z Requirement already satisfied: cachetools~=4.2.0 in /opt/hostedtoolcache/Python/3.12.11/x64/lib/python3.12/site-packages (from python-amazon-sp-api==0.8.0->-r services/repricer/requirements.txt (line 3)) (4.2.4)
2025-08-20T21:20:47.9354693Z Requirement already satisfied: pycryptodome in /opt/hostedtoolcache/Python/3.12.11/x64/lib/python3.12/site-packages (from python-amazon-sp-api==0.8.0->-r services/repricer/requirements.txt (line 3)) (3.23.0)
2025-08-20T21:20:47.9358489Z Requirement already satisfied: pytz in /opt/hostedtoolcache/Python/3.12.11/x64/lib/python3.12/site-packages (from python-amazon-sp-api==0.8.0->-r services/repricer/requirements.txt (line 3)) (2025.2)
2025-08-20T21:20:47.9364136Z Requirement already satisfied: confuse~=1.4.0 in /opt/hostedtoolcache/Python/3.12.11/x64/lib/python3.12/site-packages (from python-amazon-sp-api==0.8.0->-r services/repricer/requirements.txt (line 3)) (1.4.0)
2025-08-20T21:20:47.9381161Z Requirement already satisfied: starlette<0.38.0,>=0.37.2 in /opt/hostedtoolcache/Python/3.12.11/x64/lib/python3.12/site-packages (from fastapi==0.111.0->-r services/repricer/requirements.txt (line 4)) (0.37.2)
2025-08-20T21:20:47.9390701Z Requirement already satisfied: typing-extensions>=4.8.0 in /opt/hostedtoolcache/Python/3.12.11/x64/lib/python3.12/site-packages (from fastapi==0.111.0->-r services/repricer/requirements.txt (line 4)) (4.14.1)
2025-08-20T21:20:47.9395456Z Requirement already satisfied: fastapi-cli>=0.0.2 in /opt/hostedtoolcache/Python/3.12.11/x64/lib/python3.12/site-packages (from fastapi==0.111.0->-r services/repricer/requirements.txt (line 4)) (0.0.8)
2025-08-20T21:20:47.9400454Z Requirement already satisfied: httpx>=0.23.0 in /opt/hostedtoolcache/Python/3.12.11/x64/lib/python3.12/site-packages (from fastapi==0.111.0->-r services/repricer/requirements.txt (line 4)) (0.27.2)
2025-08-20T21:20:47.9405747Z Requirement already satisfied: jinja2>=2.11.2 in /opt/hostedtoolcache/Python/3.12.11/x64/lib/python3.12/site-packages (from fastapi==0.111.0->-r services/repricer/requirements.txt (line 4)) (3.1.5)
2025-08-20T21:20:47.9410616Z Requirement already satisfied: python-multipart>=0.0.7 in /opt/hostedtoolcache/Python/3.12.11/x64/lib/python3.12/site-packages (from fastapi==0.111.0->-r services/repricer/requirements.txt (line 4)) (0.0.20)
2025-08-20T21:20:47.9418362Z Requirement already satisfied: ujson!=4.0.2,!=4.1.0,!=4.2.0,!=4.3.0,!=5.0.0,!=5.1.0,>=4.0.1 in /opt/hostedtoolcache/Python/3.12.11/x64/lib/python3.12/site-packages (from fastapi==0.111.0->-r services/repricer/requirements.txt (line 4)) (5.11.0)
2025-08-20T21:20:47.9422941Z Requirement already satisfied: orjson>=3.2.1 in /opt/hostedtoolcache/Python/3.12.11/x64/lib/python3.12/site-packages (from fastapi==0.111.0->-r services/repricer/requirements.txt (line 4)) (3.11.2)
2025-08-20T21:20:47.9427808Z Requirement already satisfied: email_validator>=2.0.0 in /opt/hostedtoolcache/Python/3.12.11/x64/lib/python3.12/site-packages (from fastapi==0.111.0->-r services/repricer/requirements.txt (line 4)) (2.2.0)
2025-08-20T21:20:47.9474655Z Requirement already satisfied: greenlet!=0.4.17 in /opt/hostedtoolcache/Python/3.12.11/x64/lib/python3.12/site-packages (from sqlalchemy==2.0.29->-r services/repricer/requirements.txt (line 5)) (3.2.4)
2025-08-20T21:20:47.9519197Z Requirement already satisfied: botocore<1.35.0,>=1.34.162 in /opt/hostedtoolcache/Python/3.12.11/x64/lib/python3.12/site-packages (from boto3<2,>=1.16.39->python-amazon-sp-api==0.8.0->-r services/repricer/requirements.txt (line 3)) (1.34.162)
2025-08-20T21:20:47.9525488Z Requirement already satisfied: jmespath<2.0.0,>=0.7.1 in /opt/hostedtoolcache/Python/3.12.11/x64/lib/python3.12/site-packages (from boto3<2,>=1.16.39->python-amazon-sp-api==0.8.0->-r services/repricer/requirements.txt (line 3)) (1.0.1)
2025-08-20T21:20:47.9531983Z Requirement already satisfied: s3transfer<0.11.0,>=0.10.0 in /opt/hostedtoolcache/Python/3.12.11/x64/lib/python3.12/site-packages (from boto3<2,>=1.16.39->python-amazon-sp-api==0.8.0->-r services/repricer/requirements.txt (line 3)) (0.10.4)
2025-08-20T21:20:47.9548877Z Requirement already satisfied: python-dateutil<3.0.0,>=2.1 in /opt/hostedtoolcache/Python/3.12.11/x64/lib/python3.12/site-packages (from botocore<1.35.0,>=1.34.162->boto3<2,>=1.16.39->python-amazon-sp-api==0.8.0->-r services/repricer/requirements.txt (line 3)) (2.9.0.post0)
2025-08-20T21:20:47.9561254Z Requirement already satisfied: urllib3!=2.2.0,<3,>=1.25.4 in /opt/hostedtoolcache/Python/3.12.11/x64/lib/python3.12/site-packages (from botocore<1.35.0,>=1.34.162->boto3<2,>=1.16.39->python-amazon-sp-api==0.8.0->-r services/repricer/requirements.txt (line 3)) (2.5.0)
2025-08-20T21:20:47.9579950Z Requirement already satisfied: pyyaml in /opt/hostedtoolcache/Python/3.12.11/x64/lib/python3.12/site-packages (from confuse~=1.4.0->python-amazon-sp-api==0.8.0->-r services/repricer/requirements.txt (line 3)) (6.0.2)
2025-08-20T21:20:47.9612328Z Requirement already satisfied: annotated-types>=0.6.0 in /opt/hostedtoolcache/Python/3.12.11/x64/lib/python3.12/site-packages (from pydantic>=2.3.0->pydantic-settings==2.2.1->-r services/repricer/requirements.txt (line 2)) (0.7.0)
2025-08-20T21:20:47.9617496Z Requirement already satisfied: pydantic-core==2.33.2 in /opt/hostedtoolcache/Python/3.12.11/x64/lib/python3.12/site-packages (from pydantic>=2.3.0->pydantic-settings==2.2.1->-r services/repricer/requirements.txt (line 2)) (2.33.2)
2025-08-20T21:20:47.9624327Z Requirement already satisfied: typing-inspection>=0.4.0 in /opt/hostedtoolcache/Python/3.12.11/x64/lib/python3.12/site-packages (from pydantic>=2.3.0->pydantic-settings==2.2.1->-r services/repricer/requirements.txt (line 2)) (0.4.1)
2025-08-20T21:20:47.9684996Z Requirement already satisfied: anyio<5,>=3.4.0 in /opt/hostedtoolcache/Python/3.12.11/x64/lib/python3.12/site-packages (from starlette<0.38.0,>=0.37.2->fastapi==0.111.0->-r services/repricer/requirements.txt (line 4)) (4.10.0)
2025-08-20T21:20:47.9704938Z Requirement already satisfied: idna>=2.8 in /opt/hostedtoolcache/Python/3.12.11/x64/lib/python3.12/site-packages (from anyio<5,>=3.4.0->starlette<0.38.0,>=0.37.2->fastapi==0.111.0->-r services/repricer/requirements.txt (line 4)) (3.10)
2025-08-20T21:20:47.9710097Z Requirement already satisfied: sniffio>=1.1 in /opt/hostedtoolcache/Python/3.12.11/x64/lib/python3.12/site-packages (from anyio<5,>=3.4.0->starlette<0.38.0,>=0.37.2->fastapi==0.111.0->-r services/repricer/requirements.txt (line 4)) (1.3.1)
2025-08-20T21:20:47.9766220Z Requirement already satisfied: dnspython>=2.0.0 in /opt/hostedtoolcache/Python/3.12.11/x64/lib/python3.12/site-packages (from email_validator>=2.0.0->fastapi==0.111.0->-r services/repricer/requirements.txt (line 4)) (2.7.0)
2025-08-20T21:20:47.9814790Z Requirement already satisfied: typer>=0.15.1 in /opt/hostedtoolcache/Python/3.12.11/x64/lib/python3.12/site-packages (from fastapi-cli>=0.0.2->fastapi==0.111.0->-r services/repricer/requirements.txt (line 4)) (0.16.1)
2025-08-20T21:20:47.9825679Z Requirement already satisfied: rich-toolkit>=0.14.8 in /opt/hostedtoolcache/Python/3.12.11/x64/lib/python3.12/site-packages (from fastapi-cli>=0.0.2->fastapi==0.111.0->-r services/repricer/requirements.txt (line 4)) (0.15.0)
2025-08-20T21:20:47.9866847Z Requirement already satisfied: certifi in /opt/hostedtoolcache/Python/3.12.11/x64/lib/python3.12/site-packages (from httpx>=0.23.0->fastapi==0.111.0->-r services/repricer/requirements.txt (line 4)) (2025.8.3)
2025-08-20T21:20:47.9871767Z Requirement already satisfied: httpcore==1.* in /opt/hostedtoolcache/Python/3.12.11/x64/lib/python3.12/site-packages (from httpx>=0.23.0->fastapi==0.111.0->-r services/repricer/requirements.txt (line 4)) (1.0.9)
2025-08-20T21:20:47.9929566Z Requirement already satisfied: MarkupSafe>=2.0 in /opt/hostedtoolcache/Python/3.12.11/x64/lib/python3.12/site-packages (from jinja2>=2.11.2->fastapi==0.111.0->-r services/repricer/requirements.txt (line 4)) (3.0.2)
2025-08-20T21:20:47.9986888Z Requirement already satisfied: rich>=13.7.1 in /opt/hostedtoolcache/Python/3.12.11/x64/lib/python3.12/site-packages (from rich-toolkit>=0.14.8->fastapi-cli>=0.0.2->fastapi==0.111.0->-r services/repricer/requirements.txt (line 4)) (14.1.0)
2025-08-20T21:20:48.0009845Z Requirement already satisfied: markdown-it-py>=2.2.0 in /opt/hostedtoolcache/Python/3.12.11/x64/lib/python3.12/site-packages (from rich>=13.7.1->rich-toolkit>=0.14.8->fastapi-cli>=0.0.2->fastapi==0.111.0->-r services/repricer/requirements.txt (line 4)) (4.0.0)
2025-08-20T21:20:48.0016599Z Requirement already satisfied: pygments<3.0.0,>=2.13.0 in /opt/hostedtoolcache/Python/3.12.11/x64/lib/python3.12/site-packages (from rich>=13.7.1->rich-toolkit>=0.14.8->fastapi-cli>=0.0.2->fastapi==0.111.0->-r services/repricer/requirements.txt (line 4)) (2.19.2)
2025-08-20T21:20:48.0043599Z Requirement already satisfied: mdurl~=0.1 in /opt/hostedtoolcache/Python/3.12.11/x64/lib/python3.12/site-packages (from markdown-it-py>=2.2.0->rich>=13.7.1->rich-toolkit>=0.14.8->fastapi-cli>=0.0.2->fastapi==0.111.0->-r services/repricer/requirements.txt (line 4)) (0.1.2)
2025-08-20T21:20:48.0108153Z Requirement already satisfied: shellingham>=1.3.0 in /opt/hostedtoolcache/Python/3.12.11/x64/lib/python3.12/site-packages (from typer>=0.15.1->fastapi-cli>=0.0.2->fastapi==0.111.0->-r services/repricer/requirements.txt (line 4)) (1.5.4)
2025-08-20T21:20:48.0179243Z Requirement already satisfied: httptools>=0.5.0 in /opt/hostedtoolcache/Python/3.12.11/x64/lib/python3.12/site-packages (from uvicorn[standard]>=0.12.0->fastapi==0.111.0->-r services/repricer/requirements.txt (line 4)) (0.6.4)
2025-08-20T21:20:48.0194667Z Requirement already satisfied: uvloop!=0.15.0,!=0.15.1,>=0.14.0 in /opt/hostedtoolcache/Python/3.12.11/x64/lib/python3.12/site-packages (from uvicorn[standard]>=0.12.0->fastapi==0.111.0->-r services/repricer/requirements.txt (line 4)) (0.21.0)
2025-08-20T21:20:48.0202595Z Requirement already satisfied: watchfiles>=0.13 in /opt/hostedtoolcache/Python/3.12.11/x64/lib/python3.12/site-packages (from uvicorn[standard]>=0.12.0->fastapi==0.111.0->-r services/repricer/requirements.txt (line 4)) (1.1.0)
2025-08-20T21:20:48.0209619Z Requirement already satisfied: websockets>=10.4 in /opt/hostedtoolcache/Python/3.12.11/x64/lib/python3.12/site-packages (from uvicorn[standard]>=0.12.0->fastapi==0.111.0->-r services/repricer/requirements.txt (line 4)) (15.0.1)
2025-08-20T21:20:48.0339274Z Requirement already satisfied: charset_normalizer<4,>=2 in /opt/hostedtoolcache/Python/3.12.11/x64/lib/python3.12/site-packages (from requests->python-amazon-sp-api==0.8.0->-r services/repricer/requirements.txt (line 3)) (3.4.3)
2025-08-20T21:20:48.6387947Z Collecting celery==5.4.* (from celery[redis]==5.4.*->-r services/fees_h10/requirements.txt (line 1))
2025-08-20T21:20:48.6400469Z   Using cached celery-5.4.0-py3-none-any.whl.metadata (21 kB)
2025-08-20T21:20:48.6613122Z Requirement already satisfied: asyncpg in /opt/hostedtoolcache/Python/3.12.11/x64/lib/python3.12/site-packages (from -r services/fees_h10/requirements.txt (line 2)) (0.29.0)
2025-08-20T21:20:48.6616765Z Requirement already satisfied: httpx in /opt/hostedtoolcache/Python/3.12.11/x64/lib/python3.12/site-packages (from -r services/fees_h10/requirements.txt (line 3)) (0.27.2)
2025-08-20T21:20:48.6620023Z Requirement already satisfied: sqlalchemy in /opt/hostedtoolcache/Python/3.12.11/x64/lib/python3.12/site-packages (from -r services/fees_h10/requirements.txt (line 4)) (2.0.29)
2025-08-20T21:20:48.6631666Z Requirement already satisfied: billiard<5.0,>=4.2.0 in /opt/hostedtoolcache/Python/3.12.11/x64/lib/python3.12/site-packages (from celery==5.4.*->celery[redis]==5.4.*->-r services/fees_h10/requirements.txt (line 1)) (4.2.1)
2025-08-20T21:20:48.6637151Z Requirement already satisfied: kombu<6.0,>=5.3.4 in /opt/hostedtoolcache/Python/3.12.11/x64/lib/python3.12/site-packages (from celery==5.4.*->celery[redis]==5.4.*->-r services/fees_h10/requirements.txt (line 1)) (5.5.4)
2025-08-20T21:20:48.6642348Z Requirement already satisfied: vine<6.0,>=5.1.0 in /opt/hostedtoolcache/Python/3.12.11/x64/lib/python3.12/site-packages (from celery==5.4.*->celery[redis]==5.4.*->-r services/fees_h10/requirements.txt (line 1)) (5.1.0)
2025-08-20T21:20:48.6647972Z Requirement already satisfied: click<9.0,>=8.1.2 in /opt/hostedtoolcache/Python/3.12.11/x64/lib/python3.12/site-packages (from celery==5.4.*->celery[redis]==5.4.*->-r services/fees_h10/requirements.txt (line 1)) (8.2.1)
2025-08-20T21:20:48.6652693Z Requirement already satisfied: click-didyoumean>=0.3.0 in /opt/hostedtoolcache/Python/3.12.11/x64/lib/python3.12/site-packages (from celery==5.4.*->celery[redis]==5.4.*->-r services/fees_h10/requirements.txt (line 1)) (0.3.1)
2025-08-20T21:20:48.6657741Z Requirement already satisfied: click-repl>=0.2.0 in /opt/hostedtoolcache/Python/3.12.11/x64/lib/python3.12/site-packages (from celery==5.4.*->celery[redis]==5.4.*->-r services/fees_h10/requirements.txt (line 1)) (0.3.0)
2025-08-20T21:20:48.6662473Z Requirement already satisfied: click-plugins>=1.1.1 in /opt/hostedtoolcache/Python/3.12.11/x64/lib/python3.12/site-packages (from celery==5.4.*->celery[redis]==5.4.*->-r services/fees_h10/requirements.txt (line 1)) (1.1.1.2)
2025-08-20T21:20:48.6667312Z Requirement already satisfied: tzdata>=2022.7 in /opt/hostedtoolcache/Python/3.12.11/x64/lib/python3.12/site-packages (from celery==5.4.*->celery[redis]==5.4.*->-r services/fees_h10/requirements.txt (line 1)) (2025.2)
2025-08-20T21:20:48.6672265Z Requirement already satisfied: python-dateutil>=2.8.2 in /opt/hostedtoolcache/Python/3.12.11/x64/lib/python3.12/site-packages (from celery==5.4.*->celery[redis]==5.4.*->-r services/fees_h10/requirements.txt (line 1)) (2.9.0.post0)
2025-08-20T21:20:48.6710759Z Requirement already satisfied: redis!=4.5.5,<6.0.0,>=4.5.2 in /opt/hostedtoolcache/Python/3.12.11/x64/lib/python3.12/site-packages (from celery[redis]==5.4.*->-r services/fees_h10/requirements.txt (line 1)) (5.0.8)
2025-08-20T21:20:48.6731592Z Requirement already satisfied: amqp<6.0.0,>=5.1.1 in /opt/hostedtoolcache/Python/3.12.11/x64/lib/python3.12/site-packages (from kombu<6.0,>=5.3.4->celery==5.4.*->celery[redis]==5.4.*->-r services/fees_h10/requirements.txt (line 1)) (5.3.1)
2025-08-20T21:20:48.6741980Z Requirement already satisfied: packaging in /opt/hostedtoolcache/Python/3.12.11/x64/lib/python3.12/site-packages (from kombu<6.0,>=5.3.4->celery==5.4.*->celery[redis]==5.4.*->-r services/fees_h10/requirements.txt (line 1)) (25.0)
2025-08-20T21:20:48.6824007Z Requirement already satisfied: anyio in /opt/hostedtoolcache/Python/3.12.11/x64/lib/python3.12/site-packages (from httpx->-r services/fees_h10/requirements.txt (line 3)) (4.10.0)
2025-08-20T21:20:48.6827837Z Requirement already satisfied: certifi in /opt/hostedtoolcache/Python/3.12.11/x64/lib/python3.12/site-packages (from httpx->-r services/fees_h10/requirements.txt (line 3)) (2025.8.3)
2025-08-20T21:20:48.6832450Z Requirement already satisfied: httpcore==1.* in /opt/hostedtoolcache/Python/3.12.11/x64/lib/python3.12/site-packages (from httpx->-r services/fees_h10/requirements.txt (line 3)) (1.0.9)
2025-08-20T21:20:48.6836147Z Requirement already satisfied: idna in /opt/hostedtoolcache/Python/3.12.11/x64/lib/python3.12/site-packages (from httpx->-r services/fees_h10/requirements.txt (line 3)) (3.10)
2025-08-20T21:20:48.6839810Z Requirement already satisfied: sniffio in /opt/hostedtoolcache/Python/3.12.11/x64/lib/python3.12/site-packages (from httpx->-r services/fees_h10/requirements.txt (line 3)) (1.3.1)
2025-08-20T21:20:48.6863052Z Requirement already satisfied: h11>=0.16 in /opt/hostedtoolcache/Python/3.12.11/x64/lib/python3.12/site-packages (from httpcore==1.*->httpx->-r services/fees_h10/requirements.txt (line 3)) (0.16.0)
2025-08-20T21:20:48.6881177Z Requirement already satisfied: typing-extensions>=4.6.0 in /opt/hostedtoolcache/Python/3.12.11/x64/lib/python3.12/site-packages (from sqlalchemy->-r services/fees_h10/requirements.txt (line 4)) (4.14.1)
2025-08-20T21:20:48.6894406Z Requirement already satisfied: greenlet!=0.4.17 in /opt/hostedtoolcache/Python/3.12.11/x64/lib/python3.12/site-packages (from sqlalchemy->-r services/fees_h10/requirements.txt (line 4)) (3.2.4)
2025-08-20T21:20:48.6964652Z Requirement already satisfied: prompt-toolkit>=3.0.36 in /opt/hostedtoolcache/Python/3.12.11/x64/lib/python3.12/site-packages (from click-repl>=0.2.0->celery==5.4.*->celery[redis]==5.4.*->-r services/fees_h10/requirements.txt (line 1)) (3.0.51)
2025-08-20T21:20:48.7000109Z Requirement already satisfied: wcwidth in /opt/hostedtoolcache/Python/3.12.11/x64/lib/python3.12/site-packages (from prompt-toolkit>=3.0.36->click-repl>=0.2.0->celery==5.4.*->celery[redis]==5.4.*->-r services/fees_h10/requirements.txt (line 1)) (0.2.13)
2025-08-20T21:20:48.7013705Z Requirement already satisfied: six>=1.5 in /opt/hostedtoolcache/Python/3.12.11/x64/lib/python3.12/site-packages (from python-dateutil>=2.8.2->celery==5.4.*->celery[redis]==5.4.*->-r services/fees_h10/requirements.txt (line 1)) (1.17.0)
2025-08-20T21:20:48.7124318Z Using cached celery-5.4.0-py3-none-any.whl (425 kB)
2025-08-20T21:20:48.8440192Z Installing collected packages: celery
2025-08-20T21:20:48.8441718Z   Attempting uninstall: celery
2025-08-20T21:20:48.8487763Z     Found existing installation: celery 5.3.6
2025-08-20T21:20:48.8633412Z     Uninstalling celery-5.3.6:
2025-08-20T21:20:48.8661544Z       Successfully uninstalled celery-5.3.6
2025-08-20T21:20:49.1868059Z Successfully installed celery-5.4.0
2025-08-20T21:20:49.6896856Z Collecting python-telegram-bot==20.8 (from -r services/alert_bot/requirements.txt (line 1))
2025-08-20T21:20:49.6909767Z   Using cached python_telegram_bot-20.8-py3-none-any.whl.metadata (15 kB)
2025-08-20T21:20:49.7096974Z Collecting APScheduler==3.10.4 (from -r services/alert_bot/requirements.txt (line 2))
2025-08-20T21:20:49.7108213Z   Using cached APScheduler-3.10.4-py3-none-any.whl.metadata (5.7 kB)
2025-08-20T21:20:49.7150981Z Requirement already satisfied: asyncpg in /opt/hostedtoolcache/Python/3.12.11/x64/lib/python3.12/site-packages (from -r services/alert_bot/requirements.txt (line 3)) (0.29.0)
2025-08-20T21:20:49.7324084Z Collecting httpx~=0.26.0 (from python-telegram-bot==20.8->-r services/alert_bot/requirements.txt (line 1))
2025-08-20T21:20:49.7334969Z   Using cached httpx-0.26.0-py3-none-any.whl.metadata (7.6 kB)
2025-08-20T21:20:49.7374457Z Requirement already satisfied: six>=1.4.0 in /opt/hostedtoolcache/Python/3.12.11/x64/lib/python3.12/site-packages (from APScheduler==3.10.4->-r services/alert_bot/requirements.txt (line 2)) (1.17.0)
2025-08-20T21:20:49.7378029Z Requirement already satisfied: pytz in /opt/hostedtoolcache/Python/3.12.11/x64/lib/python3.12/site-packages (from APScheduler==3.10.4->-r services/alert_bot/requirements.txt (line 2)) (2025.2)
2025-08-20T21:20:49.7515567Z Collecting tzlocal!=3.*,>=2.0 (from APScheduler==3.10.4->-r services/alert_bot/requirements.txt (line 2))
2025-08-20T21:20:49.7526957Z   Using cached tzlocal-5.3.1-py3-none-any.whl.metadata (7.6 kB)
2025-08-20T21:20:49.7559243Z Requirement already satisfied: anyio in /opt/hostedtoolcache/Python/3.12.11/x64/lib/python3.12/site-packages (from httpx~=0.26.0->python-telegram-bot==20.8->-r services/alert_bot/requirements.txt (line 1)) (4.10.0)
2025-08-20T21:20:49.7563345Z Requirement already satisfied: certifi in /opt/hostedtoolcache/Python/3.12.11/x64/lib/python3.12/site-packages (from httpx~=0.26.0->python-telegram-bot==20.8->-r services/alert_bot/requirements.txt (line 1)) (2025.8.3)
2025-08-20T21:20:49.7567853Z Requirement already satisfied: httpcore==1.* in /opt/hostedtoolcache/Python/3.12.11/x64/lib/python3.12/site-packages (from httpx~=0.26.0->python-telegram-bot==20.8->-r services/alert_bot/requirements.txt (line 1)) (1.0.9)
2025-08-20T21:20:49.7570943Z Requirement already satisfied: idna in /opt/hostedtoolcache/Python/3.12.11/x64/lib/python3.12/site-packages (from httpx~=0.26.0->python-telegram-bot==20.8->-r services/alert_bot/requirements.txt (line 1)) (3.10)
2025-08-20T21:20:49.7574195Z Requirement already satisfied: sniffio in /opt/hostedtoolcache/Python/3.12.11/x64/lib/python3.12/site-packages (from httpx~=0.26.0->python-telegram-bot==20.8->-r services/alert_bot/requirements.txt (line 1)) (1.3.1)
2025-08-20T21:20:49.7588853Z Requirement already satisfied: h11>=0.16 in /opt/hostedtoolcache/Python/3.12.11/x64/lib/python3.12/site-packages (from httpcore==1.*->httpx~=0.26.0->python-telegram-bot==20.8->-r services/alert_bot/requirements.txt (line 1)) (0.16.0)
2025-08-20T21:20:49.7638371Z Requirement already satisfied: typing_extensions>=4.5 in /opt/hostedtoolcache/Python/3.12.11/x64/lib/python3.12/site-packages (from anyio->httpx~=0.26.0->python-telegram-bot==20.8->-r services/alert_bot/requirements.txt (line 1)) (4.14.1)
2025-08-20T21:20:49.7689554Z Using cached python_telegram_bot-20.8-py3-none-any.whl (604 kB)
2025-08-20T21:20:49.7705973Z Using cached APScheduler-3.10.4-py3-none-any.whl (59 kB)
2025-08-20T21:20:49.7716787Z Using cached httpx-0.26.0-py3-none-any.whl (75 kB)
2025-08-20T21:20:49.7727712Z Using cached tzlocal-5.3.1-py3-none-any.whl (18 kB)
2025-08-20T21:20:49.9224133Z Installing collected packages: tzlocal, httpx, APScheduler, python-telegram-bot
2025-08-20T21:20:49.9348156Z   Attempting uninstall: httpx
2025-08-20T21:20:49.9379544Z     Found existing installation: httpx 0.27.2
2025-08-20T21:20:49.9417614Z     Uninstalling httpx-0.27.2:
2025-08-20T21:20:49.9430491Z       Successfully uninstalled httpx-0.27.2
2025-08-20T21:20:50.3596290Z 
2025-08-20T21:20:50.3679250Z Successfully installed APScheduler-3.10.4 httpx-0.26.0 python-telegram-bot-20.8 tzlocal-5.3.1
2025-08-20T21:20:50.8572076Z Collecting Jinja2==3.1.6 (from -r requirements-dev.txt (line 2))
2025-08-20T21:20:50.8585856Z   Using cached jinja2-3.1.6-py3-none-any.whl.metadata (2.9 kB)
2025-08-20T21:20:50.8606915Z Requirement already satisfied: alembic==1.13.1 in /opt/hostedtoolcache/Python/3.12.11/x64/lib/python3.12/site-packages (from -r requirements-dev.txt (line 3)) (1.13.1)
2025-08-20T21:20:50.8612093Z Requirement already satisfied: apscheduler==3.10.4 in /opt/hostedtoolcache/Python/3.12.11/x64/lib/python3.12/site-packages (from -r requirements-dev.txt (line 4)) (3.10.4)
2025-08-20T21:20:50.8617099Z Requirement already satisfied: asgi-correlation-id==4.3.1 in /opt/hostedtoolcache/Python/3.12.11/x64/lib/python3.12/site-packages (from -r requirements-dev.txt (line 5)) (4.3.1)
2025-08-20T21:20:50.8990665Z Collecting asyncpg==0.30.0 (from -r requirements-dev.txt (line 6))
2025-08-20T21:20:50.9004556Z   Using cached asyncpg-0.30.0-cp312-cp312-manylinux_2_17_x86_64.manylinux2014_x86_64.whl.metadata (5.0 kB)
2025-08-20T21:20:50.9452239Z Collecting black==25.1.0 (from -r requirements-dev.txt (line 7))
2025-08-20T21:20:50.9466986Z   Using cached black-25.1.0-cp312-cp312-manylinux_2_17_x86_64.manylinux2014_x86_64.manylinux_2_28_x86_64.whl.metadata (81 kB)
2025-08-20T21:20:50.9554413Z Requirement already satisfied: boto3 in /opt/hostedtoolcache/Python/3.12.11/x64/lib/python3.12/site-packages (from -r requirements-dev.txt (line 8)) (1.34.162)
2025-08-20T21:20:50.9947568Z Collecting redis==6.* (from -r requirements-dev.txt (line 9))
2025-08-20T21:20:50.9959667Z   Using cached redis-6.4.0-py3-none-any.whl.metadata (10 kB)
2025-08-20T21:20:50.9991598Z Requirement already satisfied: minio==7.* in /opt/hostedtoolcache/Python/3.12.11/x64/lib/python3.12/site-packages (from -r requirements-dev.txt (line 10)) (7.1.15)
2025-08-20T21:20:51.0107894Z Collecting vulture==2.10 (from -r requirements-dev.txt (line 11))
2025-08-20T21:20:51.0119705Z   Using cached vulture-2.10-py2.py3-none-any.whl.metadata (23 kB)
2025-08-20T21:20:51.0425656Z Collecting celery==5.5.3 (from -r requirements-dev.txt (line 12))
2025-08-20T21:20:51.0437220Z   Using cached celery-5.5.3-py3-none-any.whl.metadata (22 kB)
2025-08-20T21:20:51.1010229Z Collecting fastapi==0.116.1 (from -r requirements-dev.txt (line 13))
2025-08-20T21:20:51.1022141Z   Using cached fastapi-0.116.1-py3-none-any.whl.metadata (28 kB)
2025-08-20T21:20:51.1092239Z Requirement already satisfied: fastapi-limiter==0.1.6 in /opt/hostedtoolcache/Python/3.12.11/x64/lib/python3.12/site-packages (from -r requirements-dev.txt (line 15)) (0.1.6)
2025-08-20T21:20:51.1270456Z Collecting httpx<0.29,>=0.27 (from -r requirements-dev.txt (line 16))
2025-08-20T21:20:51.1283917Z   Using cached httpx-0.28.1-py3-none-any.whl.metadata (7.1 kB)
2025-08-20T21:20:51.1397201Z Collecting imapclient==3.0.1 (from -r requirements-dev.txt (line 17))
2025-08-20T21:20:51.1409158Z   Using cached IMAPClient-3.0.1-py2.py3-none-any.whl.metadata (1.7 kB)
2025-08-20T21:20:51.1508695Z Collecting itsdangerous (from -r requirements-dev.txt (line 18))
2025-08-20T21:20:51.1520535Z   Using cached itsdangerous-2.2.0-py3-none-any.whl.metadata (1.9 kB)
2025-08-20T21:20:51.2508419Z Collecting mypy==1.* (from -r requirements-dev.txt (line 19))
2025-08-20T21:20:51.2522459Z   Using cached mypy-1.17.1-cp312-cp312-manylinux2014_x86_64.manylinux_2_17_x86_64.manylinux_2_28_x86_64.whl.metadata (2.2 kB)
2025-08-20T21:20:51.2552500Z Requirement already satisfied: mypy-extensions==1.1.0 in /opt/hostedtoolcache/Python/3.12.11/x64/lib/python3.12/site-packages (from -r requirements-dev.txt (line 20)) (1.1.0)
2025-08-20T21:20:51.2557570Z Requirement already satisfied: numpy<2 in /opt/hostedtoolcache/Python/3.12.11/x64/lib/python3.12/site-packages (from -r requirements-dev.txt (line 21)) (1.26.4)
2025-08-20T21:20:51.2562364Z Requirement already satisfied: openpyxl==3.1.5 in /opt/hostedtoolcache/Python/3.12.11/x64/lib/python3.12/site-packages (from -r requirements-dev.txt (line 22)) (3.1.5)
2025-08-20T21:20:51.2567487Z Requirement already satisfied: pandas==2.2.* in /opt/hostedtoolcache/Python/3.12.11/x64/lib/python3.12/site-packages (from -r requirements-dev.txt (line 23)) (2.2.3)
2025-08-20T21:20:51.2572279Z Requirement already satisfied: psycopg2-binary==2.9.10 in /opt/hostedtoolcache/Python/3.12.11/x64/lib/python3.12/site-packages (from -r requirements-dev.txt (line 24)) (2.9.10)
2025-08-20T21:20:51.2578444Z Requirement already satisfied: psycopg==3.2.9 in /opt/hostedtoolcache/Python/3.12.11/x64/lib/python3.12/site-packages (from psycopg[binary]==3.2.9->-r requirements-dev.txt (line 25)) (3.2.9)
2025-08-20T21:20:51.2583064Z Requirement already satisfied: pydantic==2.11.7 in /opt/hostedtoolcache/Python/3.12.11/x64/lib/python3.12/site-packages (from -r requirements-dev.txt (line 26)) (2.11.7)
2025-08-20T21:20:51.3805896Z Collecting setuptools (from -r requirements-dev.txt (line 27))
2025-08-20T21:20:51.3820390Z   Using cached setuptools-80.9.0-py3-none-any.whl.metadata (6.6 kB)
2025-08-20T21:20:51.4080370Z Collecting pytest-asyncio==0.23.6 (from -r requirements-dev.txt (line 28))
2025-08-20T21:20:51.4094074Z   Using cached pytest_asyncio-0.23.6-py3-none-any.whl.metadata (3.9 kB)
2025-08-20T21:20:51.4232473Z Collecting pytest-cov==6.2.1 (from -r requirements-dev.txt (line 29))
2025-08-20T21:20:51.4244833Z   Using cached pytest_cov-6.2.1-py3-none-any.whl.metadata (30 kB)
2025-08-20T21:20:51.4397619Z Collecting pytest-postgresql==7.0.2 (from -r requirements-dev.txt (line 30))
2025-08-20T21:20:51.4409750Z   Using cached pytest_postgresql-7.0.2-py3-none-any.whl.metadata (18 kB)
2025-08-20T21:20:51.4440928Z Requirement already satisfied: python-dotenv in /opt/hostedtoolcache/Python/3.12.11/x64/lib/python3.12/site-packages (from -r requirements-dev.txt (line 31)) (1.1.1)
2025-08-20T21:20:51.4445321Z Requirement already satisfied: python-multipart in /opt/hostedtoolcache/Python/3.12.11/x64/lib/python3.12/site-packages (from -r requirements-dev.txt (line 32)) (0.0.20)
2025-08-20T21:20:51.4707259Z Collecting python-telegram-bot==22.3 (from -r requirements-dev.txt (line 33))
2025-08-20T21:20:51.4718648Z   Using cached python_telegram_bot-22.3-py3-none-any.whl.metadata (17 kB)
2025-08-20T21:20:51.5001070Z Collecting requests==2.32.4 (from -r requirements-dev.txt (line 34))
2025-08-20T21:20:51.5012964Z   Using cached requests-2.32.4-py3-none-any.whl.metadata (4.9 kB)
2025-08-20T21:20:51.5159682Z Collecting respx==0.22.0 (from -r requirements-dev.txt (line 35))
2025-08-20T21:20:51.5171183Z   Using cached respx-0.22.0-py2.py3-none-any.whl.metadata (4.1 kB)
2025-08-20T21:20:51.9007488Z Collecting ruff==0.9.9 (from -r requirements-dev.txt (line 36))
2025-08-20T21:20:51.9020916Z   Using cached ruff-0.9.9-py3-none-manylinux_2_17_x86_64.manylinux2014_x86_64.whl.metadata (25 kB)
2025-08-20T21:20:52.2097886Z Collecting sqlalchemy==2.0.43 (from -r requirements-dev.txt (line 37))
2025-08-20T21:20:52.2111770Z   Using cached sqlalchemy-2.0.43-cp312-cp312-manylinux_2_17_x86_64.manylinux2014_x86_64.whl.metadata (9.6 kB)
2025-08-20T21:20:52.2211372Z Requirement already satisfied: structlog==24.1.0 in /opt/hostedtoolcache/Python/3.12.11/x64/lib/python3.12/site-packages (from -r requirements-dev.txt (line 38)) (24.1.0)
2025-08-20T21:20:52.5995772Z Collecting testcontainers==4.10.0 (from testcontainers[postgres]==4.10.0->-r requirements-dev.txt (line 39))
2025-08-20T21:20:52.6007527Z   Using cached testcontainers-4.10.0-py3-none-any.whl.metadata (7.8 kB)
2025-08-20T21:20:52.7069156Z Collecting types-requests==2.32.4.20250809 (from -r requirements-dev.txt (line 40))
2025-08-20T21:20:52.7080927Z   Using cached types_requests-2.32.4.20250809-py3-none-any.whl.metadata (2.0 kB)
2025-08-20T21:20:52.7200414Z Collecting docspec-python==2.2.2 (from -r requirements-dev.txt (line 41))
2025-08-20T21:20:52.7211620Z   Using cached docspec_python-2.2.2-py3-none-any.whl.metadata (1.0 kB)
2025-08-20T21:20:52.7369088Z Collecting pydoc-markdown==4.8.2 (from -r requirements-dev.txt (line 42))
2025-08-20T21:20:52.7380168Z   Using cached pydoc_markdown-4.8.2-py3-none-any.whl.metadata (5.9 kB)
2025-08-20T21:20:52.7412037Z Requirement already satisfied: pandera==0.19.* in /opt/hostedtoolcache/Python/3.12.11/x64/lib/python3.12/site-packages (from -r requirements-dev.txt (line 43)) (0.19.3)
2025-08-20T21:20:52.7429479Z Requirement already satisfied: MarkupSafe>=2.0 in /opt/hostedtoolcache/Python/3.12.11/x64/lib/python3.12/site-packages (from Jinja2==3.1.6->-r requirements-dev.txt (line 2)) (3.0.2)
2025-08-20T21:20:52.7577467Z Requirement already satisfied: Mako in /opt/hostedtoolcache/Python/3.12.11/x64/lib/python3.12/site-packages (from alembic==1.13.1->-r requirements-dev.txt (line 3)) (1.3.10)
2025-08-20T21:20:52.7583703Z Requirement already satisfied: typing-extensions>=4 in /opt/hostedtoolcache/Python/3.12.11/x64/lib/python3.12/site-packages (from alembic==1.13.1->-r requirements-dev.txt (line 3)) (4.14.1)
2025-08-20T21:20:52.7602361Z Requirement already satisfied: six>=1.4.0 in /opt/hostedtoolcache/Python/3.12.11/x64/lib/python3.12/site-packages (from apscheduler==3.10.4->-r requirements-dev.txt (line 4)) (1.17.0)
2025-08-20T21:20:52.7607028Z Requirement already satisfied: pytz in /opt/hostedtoolcache/Python/3.12.11/x64/lib/python3.12/site-packages (from apscheduler==3.10.4->-r requirements-dev.txt (line 4)) (2025.2)
2025-08-20T21:20:52.7614261Z Requirement already satisfied: tzlocal!=3.*,>=2.0 in /opt/hostedtoolcache/Python/3.12.11/x64/lib/python3.12/site-packages (from apscheduler==3.10.4->-r requirements-dev.txt (line 4)) (5.3.1)
2025-08-20T21:20:52.7647644Z Requirement already satisfied: starlette>=0.18 in /opt/hostedtoolcache/Python/3.12.11/x64/lib/python3.12/site-packages (from asgi-correlation-id==4.3.1->-r requirements-dev.txt (line 5)) (0.37.2)
2025-08-20T21:20:52.7669120Z Requirement already satisfied: click>=8.0.0 in /opt/hostedtoolcache/Python/3.12.11/x64/lib/python3.12/site-packages (from black==25.1.0->-r requirements-dev.txt (line 7)) (8.2.1)
2025-08-20T21:20:52.7675007Z Requirement already satisfied: packaging>=22.0 in /opt/hostedtoolcache/Python/3.12.11/x64/lib/python3.12/site-packages (from black==25.1.0->-r requirements-dev.txt (line 7)) (25.0)
2025-08-20T21:20:52.7769614Z Collecting pathspec>=0.9.0 (from black==25.1.0->-r requirements-dev.txt (line 7))
2025-08-20T21:20:52.7781072Z   Using cached pathspec-0.12.1-py3-none-any.whl.metadata (21 kB)
2025-08-20T21:20:52.7953843Z Collecting platformdirs>=2 (from black==25.1.0->-r requirements-dev.txt (line 7))
2025-08-20T21:20:52.7965503Z   Using cached platformdirs-4.3.8-py3-none-any.whl.metadata (12 kB)
2025-08-20T21:20:52.8075516Z Collecting toml (from vulture==2.10->-r requirements-dev.txt (line 11))
2025-08-20T21:20:52.8087064Z   Using cached toml-0.10.2-py2.py3-none-any.whl.metadata (7.1 kB)
2025-08-20T21:20:52.8120420Z Requirement already satisfied: billiard<5.0,>=4.2.1 in /opt/hostedtoolcache/Python/3.12.11/x64/lib/python3.12/site-packages (from celery==5.5.3->-r requirements-dev.txt (line 12)) (4.2.1)
2025-08-20T21:20:52.8125444Z Requirement already satisfied: kombu<5.6,>=5.5.2 in /opt/hostedtoolcache/Python/3.12.11/x64/lib/python3.12/site-packages (from celery==5.5.3->-r requirements-dev.txt (line 12)) (5.5.4)
2025-08-20T21:20:52.8129760Z Requirement already satisfied: vine<6.0,>=5.1.0 in /opt/hostedtoolcache/Python/3.12.11/x64/lib/python3.12/site-packages (from celery==5.5.3->-r requirements-dev.txt (line 12)) (5.1.0)
2025-08-20T21:20:52.8135186Z Requirement already satisfied: click-didyoumean>=0.3.0 in /opt/hostedtoolcache/Python/3.12.11/x64/lib/python3.12/site-packages (from celery==5.5.3->-r requirements-dev.txt (line 12)) (0.3.1)
2025-08-20T21:20:52.8139366Z Requirement already satisfied: click-repl>=0.2.0 in /opt/hostedtoolcache/Python/3.12.11/x64/lib/python3.12/site-packages (from celery==5.5.3->-r requirements-dev.txt (line 12)) (0.3.0)
2025-08-20T21:20:52.8143298Z Requirement already satisfied: click-plugins>=1.1.1 in /opt/hostedtoolcache/Python/3.12.11/x64/lib/python3.12/site-packages (from celery==5.5.3->-r requirements-dev.txt (line 12)) (1.1.1.2)
2025-08-20T21:20:52.8148280Z Requirement already satisfied: python-dateutil>=2.8.2 in /opt/hostedtoolcache/Python/3.12.11/x64/lib/python3.12/site-packages (from celery==5.5.3->-r requirements-dev.txt (line 12)) (2.9.0.post0)
2025-08-20T21:20:52.8435844Z Collecting starlette>=0.18 (from asgi-correlation-id==4.3.1->-r requirements-dev.txt (line 5))
2025-08-20T21:20:52.8447685Z   Using cached starlette-0.47.2-py3-none-any.whl.metadata (6.2 kB)
2025-08-20T21:20:52.8496017Z Requirement already satisfied: annotated-types>=0.6.0 in /opt/hostedtoolcache/Python/3.12.11/x64/lib/python3.12/site-packages (from pydantic==2.11.7->-r requirements-dev.txt (line 26)) (0.7.0)
2025-08-20T21:20:52.8501008Z Requirement already satisfied: pydantic-core==2.33.2 in /opt/hostedtoolcache/Python/3.12.11/x64/lib/python3.12/site-packages (from pydantic==2.11.7->-r requirements-dev.txt (line 26)) (2.33.2)
2025-08-20T21:20:52.8508295Z Requirement already satisfied: typing-inspection>=0.4.0 in /opt/hostedtoolcache/Python/3.12.11/x64/lib/python3.12/site-packages (from pydantic==2.11.7->-r requirements-dev.txt (line 26)) (0.4.1)
2025-08-20T21:20:52.8682156Z Requirement already satisfied: et-xmlfile in /opt/hostedtoolcache/Python/3.12.11/x64/lib/python3.12/site-packages (from openpyxl==3.1.5->-r requirements-dev.txt (line 22)) (2.0.0)
2025-08-20T21:20:52.9065481Z Collecting pytest<9,>=7.0.0 (from pytest-asyncio==0.23.6->-r requirements-dev.txt (line 28))
2025-08-20T21:20:52.9076482Z   Using cached pytest-8.4.1-py3-none-any.whl.metadata (7.7 kB)
2025-08-20T21:20:53.2535298Z Collecting coverage>=7.5 (from coverage[toml]>=7.5->pytest-cov==6.2.1->-r requirements-dev.txt (line 29))
2025-08-20T21:20:53.2548699Z   Using cached coverage-7.10.4-cp312-cp312-manylinux1_x86_64.manylinux_2_28_x86_64.manylinux_2_5_x86_64.whl.metadata (8.9 kB)
2025-08-20T21:20:53.2669058Z Collecting pluggy>=1.2 (from pytest-cov==6.2.1->-r requirements-dev.txt (line 29))
2025-08-20T21:20:53.2680387Z   Using cached pluggy-1.6.0-py3-none-any.whl.metadata (4.8 kB)
2025-08-20T21:20:53.2934299Z Collecting port-for>=0.7.3 (from pytest-postgresql==7.0.2->-r requirements-dev.txt (line 30))
2025-08-20T21:20:53.2945369Z   Using cached port_for-0.7.4-py3-none-any.whl.metadata (7.1 kB)
2025-08-20T21:20:53.3072748Z Collecting mirakuru>=2.6.0 (from pytest-postgresql==7.0.2->-r requirements-dev.txt (line 30))
2025-08-20T21:20:53.3083871Z   Using cached mirakuru-2.6.1-py3-none-any.whl.metadata (10 kB)
2025-08-20T21:20:53.3137123Z Requirement already satisfied: charset_normalizer<4,>=2 in /opt/hostedtoolcache/Python/3.12.11/x64/lib/python3.12/site-packages (from requests==2.32.4->-r requirements-dev.txt (line 34)) (3.4.3)
2025-08-20T21:20:53.3141028Z Requirement already satisfied: idna<4,>=2.5 in /opt/hostedtoolcache/Python/3.12.11/x64/lib/python3.12/site-packages (from requests==2.32.4->-r requirements-dev.txt (line 34)) (3.10)
2025-08-20T21:20:53.3144875Z Requirement already satisfied: urllib3<3,>=1.21.1 in /opt/hostedtoolcache/Python/3.12.11/x64/lib/python3.12/site-packages (from requests==2.32.4->-r requirements-dev.txt (line 34)) (2.5.0)
2025-08-20T21:20:53.3148743Z Requirement already satisfied: certifi>=2017.4.17 in /opt/hostedtoolcache/Python/3.12.11/x64/lib/python3.12/site-packages (from requests==2.32.4->-r requirements-dev.txt (line 34)) (2025.8.3)
2025-08-20T21:20:53.3250562Z Requirement already satisfied: greenlet>=1 in /opt/hostedtoolcache/Python/3.12.11/x64/lib/python3.12/site-packages (from sqlalchemy==2.0.43->-r requirements-dev.txt (line 37)) (3.2.4)
2025-08-20T21:20:53.3461297Z Collecting docker (from testcontainers==4.10.0->testcontainers[postgres]==4.10.0->-r requirements-dev.txt (line 39))
2025-08-20T21:20:53.3472085Z   Using cached docker-7.1.0-py3-none-any.whl.metadata (3.8 kB)
2025-08-20T21:20:53.3510929Z Requirement already satisfied: wrapt in /opt/hostedtoolcache/Python/3.12.11/x64/lib/python3.12/site-packages (from testcontainers==4.10.0->testcontainers[postgres]==4.10.0->-r requirements-dev.txt (line 39)) (1.17.3)
2025-08-20T21:20:53.3677797Z Collecting docspec==2.2.1 (from docspec-python==2.2.2->-r requirements-dev.txt (line 41))
2025-08-20T21:20:53.3688483Z   Using cached docspec-2.2.1-py3-none-any.whl.metadata (1.5 kB)
2025-08-20T21:20:53.3839365Z Collecting nr-util>=0.8.12 (from docspec-python==2.2.2->-r requirements-dev.txt (line 41))
2025-08-20T21:20:53.3850115Z   Using cached nr.util-0.8.12-py3-none-any.whl.metadata (813 bytes)
2025-08-20T21:20:53.3881410Z Requirement already satisfied: PyYAML<7.0,>=5.0 in /opt/hostedtoolcache/Python/3.12.11/x64/lib/python3.12/site-packages (from pydoc-markdown==4.8.2->-r requirements-dev.txt (line 42)) (6.0.2)
2025-08-20T21:20:53.4115594Z Collecting databind.core<5.0.0,>=4.4.0 (from pydoc-markdown==4.8.2->-r requirements-dev.txt (line 42))
2025-08-20T21:20:53.4126678Z   Using cached databind.core-4.5.2-py3-none-any.whl.metadata (1.1 kB)
2025-08-20T21:20:53.4357099Z Collecting databind.json<5.0.0,>=4.4.0 (from pydoc-markdown==4.8.2->-r requirements-dev.txt (line 42))
2025-08-20T21:20:53.4368003Z   Using cached databind.json-4.5.2-py3-none-any.whl.metadata (1.1 kB)
2025-08-20T21:20:53.4497379Z Collecting docstring-parser<0.12,>=0.11 (from pydoc-markdown==4.8.2->-r requirements-dev.txt (line 42))
2025-08-20T21:20:53.4498985Z   Using cached docstring_parser-0.11-py3-none-any.whl
2025-08-20T21:20:53.4825695Z Collecting tomli<3.0.0,>=2.0.0 (from pydoc-markdown==4.8.2->-r requirements-dev.txt (line 42))
2025-08-20T21:20:53.4837054Z   Using cached tomli-2.2.1-cp312-cp312-manylinux_2_17_x86_64.manylinux2014_x86_64.whl.metadata (11 kB)
2025-08-20T21:20:53.4956872Z Collecting tomli_w<2.0.0,>=1.0.0 (from pydoc-markdown==4.8.2->-r requirements-dev.txt (line 42))
2025-08-20T21:20:53.4967885Z   Using cached tomli_w-1.2.0-py3-none-any.whl.metadata (5.7 kB)
2025-08-20T21:20:53.5395631Z Collecting watchdog (from pydoc-markdown==4.8.2->-r requirements-dev.txt (line 42))
2025-08-20T21:20:53.5407020Z   Using cached watchdog-6.0.0-py3-none-manylinux2014_x86_64.whl.metadata (44 kB)
2025-08-20T21:20:53.5609776Z Collecting yapf>=0.30.0 (from pydoc-markdown==4.8.2->-r requirements-dev.txt (line 42))
2025-08-20T21:20:53.5620667Z   Using cached yapf-0.43.0-py3-none-any.whl.metadata (46 kB)
2025-08-20T21:20:53.5845767Z Collecting Deprecated<2.0.0,>=1.2.12 (from docspec==2.2.1->docspec-python==2.2.2->-r requirements-dev.txt (line 41))
2025-08-20T21:20:53.5857126Z   Using cached Deprecated-1.2.18-py2.py3-none-any.whl.metadata (5.7 kB)
2025-08-20T21:20:53.6033320Z Requirement already satisfied: psycopg-binary==3.2.9 in /opt/hostedtoolcache/Python/3.12.11/x64/lib/python3.12/site-packages (from psycopg[binary]==3.2.9->-r requirements-dev.txt (line 25)) (3.2.9)
2025-08-20T21:20:53.6131265Z Requirement already satisfied: anyio in /opt/hostedtoolcache/Python/3.12.11/x64/lib/python3.12/site-packages (from httpx<0.29,>=0.27->-r requirements-dev.txt (line 16)) (4.10.0)
2025-08-20T21:20:53.6136463Z Requirement already satisfied: httpcore==1.* in /opt/hostedtoolcache/Python/3.12.11/x64/lib/python3.12/site-packages (from httpx<0.29,>=0.27->-r requirements-dev.txt (line 16)) (1.0.9)
2025-08-20T21:20:53.6254993Z Requirement already satisfied: tzdata>=2022.7 in /opt/hostedtoolcache/Python/3.12.11/x64/lib/python3.12/site-packages (from pandas==2.2.*->-r requirements-dev.txt (line 23)) (2025.2)
2025-08-20T21:20:53.6361187Z Requirement already satisfied: multimethod<=1.10.0 in /opt/hostedtoolcache/Python/3.12.11/x64/lib/python3.12/site-packages (from pandera==0.19.*->-r requirements-dev.txt (line 43)) (1.10)
2025-08-20T21:20:53.6374874Z Requirement already satisfied: typeguard in /opt/hostedtoolcache/Python/3.12.11/x64/lib/python3.12/site-packages (from pandera==0.19.*->-r requirements-dev.txt (line 43)) (4.4.4)
2025-08-20T21:20:53.6381259Z Requirement already satisfied: typing-inspect>=0.6.0 in /opt/hostedtoolcache/Python/3.12.11/x64/lib/python3.12/site-packages (from pandera==0.19.*->-r requirements-dev.txt (line 43)) (0.9.0)
2025-08-20T21:20:53.6672359Z Collecting databind<5.0.0,>=4.5.2 (from databind.core<5.0.0,>=4.4.0->pydoc-markdown==4.8.2->-r requirements-dev.txt (line 42))
2025-08-20T21:20:53.6683946Z   Using cached databind-4.5.2-py3-none-any.whl.metadata (4.3 kB)
2025-08-20T21:20:53.6813750Z Collecting nr-date<3.0.0,>=2.0.0 (from databind<5.0.0,>=4.5.2->databind.core<5.0.0,>=4.4.0->pydoc-markdown==4.8.2->-r requirements-dev.txt (line 42))
2025-08-20T21:20:53.6824663Z   Using cached nr_date-2.1.0-py3-none-any.whl.metadata (746 bytes)
2025-08-20T21:20:53.6948655Z Collecting nr-stream<2.0.0,>=1.0.0 (from databind<5.0.0,>=4.5.2->databind.core<5.0.0,>=4.4.0->pydoc-markdown==4.8.2->-r requirements-dev.txt (line 42))
2025-08-20T21:20:53.6959624Z   Using cached nr_stream-1.1.5-py3-none-any.whl.metadata (3.6 kB)
2025-08-20T21:20:53.7120524Z Collecting typeapi<3,>=2.0.1 (from databind<5.0.0,>=4.5.2->databind.core<5.0.0,>=4.4.0->pydoc-markdown==4.8.2->-r requirements-dev.txt (line 42))
2025-08-20T21:20:53.7131811Z   Using cached typeapi-2.2.4-py3-none-any.whl.metadata (1.5 kB)
2025-08-20T21:20:53.7229219Z Requirement already satisfied: h11>=0.16 in /opt/hostedtoolcache/Python/3.12.11/x64/lib/python3.12/site-packages (from httpcore==1.*->httpx<0.29,>=0.27->-r requirements-dev.txt (line 16)) (0.16.0)
2025-08-20T21:20:53.7270460Z Requirement already satisfied: amqp<6.0.0,>=5.1.1 in /opt/hostedtoolcache/Python/3.12.11/x64/lib/python3.12/site-packages (from kombu<5.6,>=5.5.2->celery==5.5.3->-r requirements-dev.txt (line 12)) (5.3.1)
2025-08-20T21:20:53.7571018Z Collecting iniconfig>=1 (from pytest<9,>=7.0.0->pytest-asyncio==0.23.6->-r requirements-dev.txt (line 28))
2025-08-20T21:20:53.7581843Z   Using cached iniconfig-2.1.0-py3-none-any.whl.metadata (2.7 kB)
2025-08-20T21:20:53.7616860Z Requirement already satisfied: pygments>=2.7.2 in /opt/hostedtoolcache/Python/3.12.11/x64/lib/python3.12/site-packages (from pytest<9,>=7.0.0->pytest-asyncio==0.23.6->-r requirements-dev.txt (line 28)) (2.19.2)
2025-08-20T21:20:53.7700770Z Requirement already satisfied: sniffio>=1.1 in /opt/hostedtoolcache/Python/3.12.11/x64/lib/python3.12/site-packages (from anyio->httpx<0.29,>=0.27->-r requirements-dev.txt (line 16)) (1.3.1)
2025-08-20T21:20:53.7849679Z Requirement already satisfied: botocore<1.35.0,>=1.34.162 in /opt/hostedtoolcache/Python/3.12.11/x64/lib/python3.12/site-packages (from boto3->-r requirements-dev.txt (line 8)) (1.34.162)
2025-08-20T21:20:53.7855744Z Requirement already satisfied: jmespath<2.0.0,>=0.7.1 in /opt/hostedtoolcache/Python/3.12.11/x64/lib/python3.12/site-packages (from boto3->-r requirements-dev.txt (line 8)) (1.0.1)
2025-08-20T21:20:53.7862110Z Requirement already satisfied: s3transfer<0.11.0,>=0.10.0 in /opt/hostedtoolcache/Python/3.12.11/x64/lib/python3.12/site-packages (from boto3->-r requirements-dev.txt (line 8)) (0.10.4)
2025-08-20T21:20:53.7981636Z Requirement already satisfied: fastapi-cli>=0.0.8 in /opt/hostedtoolcache/Python/3.12.11/x64/lib/python3.12/site-packages (from fastapi-cli[standard]>=0.0.8; extra == "all"->fastapi[all]->-r requirements-dev.txt (line 14)) (0.0.8)
2025-08-20T21:20:53.8103391Z Requirement already satisfied: ujson!=4.0.2,!=4.1.0,!=4.2.0,!=4.3.0,!=5.0.0,!=5.1.0,>=4.0.1 in /opt/hostedtoolcache/Python/3.12.11/x64/lib/python3.12/site-packages (from fastapi[all]->-r requirements-dev.txt (line 14)) (5.11.0)
2025-08-20T21:20:53.8109947Z Requirement already satisfied: orjson>=3.2.1 in /opt/hostedtoolcache/Python/3.12.11/x64/lib/python3.12/site-packages (from fastapi[all]->-r requirements-dev.txt (line 14)) (3.11.2)
2025-08-20T21:20:53.8115584Z Requirement already satisfied: email-validator>=2.0.0 in /opt/hostedtoolcache/Python/3.12.11/x64/lib/python3.12/site-packages (from fastapi[all]->-r requirements-dev.txt (line 14)) (2.2.0)
2025-08-20T21:20:53.8122998Z Requirement already satisfied: uvicorn>=0.12.0 in /opt/hostedtoolcache/Python/3.12.11/x64/lib/python3.12/site-packages (from uvicorn[standard]>=0.12.0; extra == "all"->fastapi[all]->-r requirements-dev.txt (line 14)) (0.29.0)
2025-08-20T21:20:53.8131347Z Requirement already satisfied: pydantic-settings>=2.0.0 in /opt/hostedtoolcache/Python/3.12.11/x64/lib/python3.12/site-packages (from fastapi[all]->-r requirements-dev.txt (line 14)) (2.2.1)
2025-08-20T21:20:53.8278664Z Collecting pydantic-extra-types>=2.0.0 (from fastapi[all]->-r requirements-dev.txt (line 14))
2025-08-20T21:20:53.8290469Z   Using cached pydantic_extra_types-2.10.5-py3-none-any.whl.metadata (3.9 kB)
2025-08-20T21:20:53.8546313Z Requirement already satisfied: prompt-toolkit>=3.0.36 in /opt/hostedtoolcache/Python/3.12.11/x64/lib/python3.12/site-packages (from click-repl>=0.2.0->celery==5.5.3->-r requirements-dev.txt (line 12)) (3.0.51)
2025-08-20T21:20:53.8620624Z Requirement already satisfied: dnspython>=2.0.0 in /opt/hostedtoolcache/Python/3.12.11/x64/lib/python3.12/site-packages (from email-validator>=2.0.0->fastapi[all]->-r requirements-dev.txt (line 14)) (2.7.0)
2025-08-20T21:20:53.8690077Z Requirement already satisfied: typer>=0.15.1 in /opt/hostedtoolcache/Python/3.12.11/x64/lib/python3.12/site-packages (from fastapi-cli>=0.0.8->fastapi-cli[standard]>=0.0.8; extra == "all"->fastapi[all]->-r requirements-dev.txt (line 14)) (0.16.1)
2025-08-20T21:20:53.8701333Z Requirement already satisfied: rich-toolkit>=0.14.8 in /opt/hostedtoolcache/Python/3.12.11/x64/lib/python3.12/site-packages (from fastapi-cli>=0.0.8->fastapi-cli[standard]>=0.0.8; extra == "all"->fastapi[all]->-r requirements-dev.txt (line 14)) (0.15.0)
2025-08-20T21:20:53.8884527Z Collecting fastapi-cloud-cli>=0.1.1 (from fastapi-cli[standard]>=0.0.8; extra == "all"->fastapi[all]->-r requirements-dev.txt (line 14))
2025-08-20T21:20:53.8896488Z   Using cached fastapi_cloud_cli-0.1.5-py3-none-any.whl.metadata (3.2 kB)
2025-08-20T21:20:53.9597573Z Collecting rignore>=0.5.1 (from fastapi-cloud-cli>=0.1.1->fastapi-cli[standard]>=0.0.8; extra == "all"->fastapi[all]->-r requirements-dev.txt (line 14))
2025-08-20T21:20:53.9610135Z   Using cached rignore-0.6.4-cp312-cp312-manylinux_2_17_x86_64.manylinux2014_x86_64.whl.metadata (3.8 kB)
2025-08-20T21:20:54.0105495Z Collecting sentry-sdk>=2.20.0 (from fastapi-cloud-cli>=0.1.1->fastapi-cli[standard]>=0.0.8; extra == "all"->fastapi[all]->-r requirements-dev.txt (line 14))
2025-08-20T21:20:54.0117966Z   Using cached sentry_sdk-2.35.0-py2.py3-none-any.whl.metadata (10 kB)
2025-08-20T21:20:54.1503011Z Collecting psutil>=4.0.0 (from mirakuru>=2.6.0->pytest-postgresql==7.0.2->-r requirements-dev.txt (line 30))
2025-08-20T21:20:54.1516688Z   Using cached psutil-7.0.0-cp36-abi3-manylinux_2_12_x86_64.manylinux2010_x86_64.manylinux_2_17_x86_64.manylinux2014_x86_64.whl.metadata (22 kB)
2025-08-20T21:20:54.1711937Z Requirement already satisfied: wcwidth in /opt/hostedtoolcache/Python/3.12.11/x64/lib/python3.12/site-packages (from prompt-toolkit>=3.0.36->click-repl>=0.2.0->celery==5.5.3->-r requirements-dev.txt (line 12)) (0.2.13)
2025-08-20T21:20:54.1914022Z Requirement already satisfied: rich>=13.7.1 in /opt/hostedtoolcache/Python/3.12.11/x64/lib/python3.12/site-packages (from rich-toolkit>=0.14.8->fastapi-cli>=0.0.8->fastapi-cli[standard]>=0.0.8; extra == "all"->fastapi[all]->-r requirements-dev.txt (line 14)) (14.1.0)
2025-08-20T21:20:54.1952132Z Requirement already satisfied: markdown-it-py>=2.2.0 in /opt/hostedtoolcache/Python/3.12.11/x64/lib/python3.12/site-packages (from rich>=13.7.1->rich-toolkit>=0.14.8->fastapi-cli>=0.0.8->fastapi-cli[standard]>=0.0.8; extra == "all"->fastapi[all]->-r requirements-dev.txt (line 14)) (4.0.0)
2025-08-20T21:20:54.1984803Z Requirement already satisfied: mdurl~=0.1 in /opt/hostedtoolcache/Python/3.12.11/x64/lib/python3.12/site-packages (from markdown-it-py>=2.2.0->rich>=13.7.1->rich-toolkit>=0.14.8->fastapi-cli>=0.0.8->fastapi-cli[standard]>=0.0.8; extra == "all"->fastapi[all]->-r requirements-dev.txt (line 14)) (0.1.2)
2025-08-20T21:20:54.2175669Z Requirement already satisfied: shellingham>=1.3.0 in /opt/hostedtoolcache/Python/3.12.11/x64/lib/python3.12/site-packages (from typer>=0.15.1->fastapi-cli>=0.0.8->fastapi-cli[standard]>=0.0.8; extra == "all"->fastapi[all]->-r requirements-dev.txt (line 14)) (1.5.4)
2025-08-20T21:20:54.2414917Z Requirement already satisfied: httptools>=0.5.0 in /opt/hostedtoolcache/Python/3.12.11/x64/lib/python3.12/site-packages (from uvicorn[standard]>=0.12.0; extra == "all"->fastapi[all]->-r requirements-dev.txt (line 14)) (0.6.4)
2025-08-20T21:20:54.2433269Z Requirement already satisfied: uvloop!=0.15.0,!=0.15.1,>=0.14.0 in /opt/hostedtoolcache/Python/3.12.11/x64/lib/python3.12/site-packages (from uvicorn[standard]>=0.12.0; extra == "all"->fastapi[all]->-r requirements-dev.txt (line 14)) (0.21.0)
2025-08-20T21:20:54.2442035Z Requirement already satisfied: watchfiles>=0.13 in /opt/hostedtoolcache/Python/3.12.11/x64/lib/python3.12/site-packages (from uvicorn[standard]>=0.12.0; extra == "all"->fastapi[all]->-r requirements-dev.txt (line 14)) (1.1.0)
2025-08-20T21:20:54.2450430Z Requirement already satisfied: websockets>=10.4 in /opt/hostedtoolcache/Python/3.12.11/x64/lib/python3.12/site-packages (from uvicorn[standard]>=0.12.0; extra == "all"->fastapi[all]->-r requirements-dev.txt (line 14)) (15.0.1)
2025-08-20T21:20:54.3027594Z Using cached jinja2-3.1.6-py3-none-any.whl (134 kB)
2025-08-20T21:20:54.3040761Z Using cached asyncpg-0.30.0-cp312-cp312-manylinux_2_17_x86_64.manylinux2014_x86_64.whl (3.6 MB)
2025-08-20T21:20:54.3079835Z Using cached black-25.1.0-cp312-cp312-manylinux_2_17_x86_64.manylinux2014_x86_64.manylinux_2_28_x86_64.whl (1.8 MB)
2025-08-20T21:20:54.3104708Z Using cached vulture-2.10-py2.py3-none-any.whl (27 kB)
2025-08-20T21:20:54.3115834Z Using cached celery-5.5.3-py3-none-any.whl (438 kB)
2025-08-20T21:20:54.3130367Z Using cached fastapi-0.116.1-py3-none-any.whl (95 kB)
2025-08-20T21:20:54.3143883Z Using cached IMAPClient-3.0.1-py2.py3-none-any.whl (182 kB)
2025-08-20T21:20:54.3156316Z Using cached pytest_asyncio-0.23.6-py3-none-any.whl (17 kB)
2025-08-20T21:20:54.3167325Z Using cached pytest_cov-6.2.1-py3-none-any.whl (24 kB)
2025-08-20T21:20:54.3178490Z Using cached pytest_postgresql-7.0.2-py3-none-any.whl (41 kB)
2025-08-20T21:20:54.3189699Z Using cached python_telegram_bot-22.3-py3-none-any.whl (717 kB)
2025-08-20T21:20:54.3206430Z Using cached requests-2.32.4-py3-none-any.whl (64 kB)
2025-08-20T21:20:54.3217522Z Using cached respx-0.22.0-py2.py3-none-any.whl (25 kB)
2025-08-20T21:20:54.3228243Z Using cached ruff-0.9.9-py3-none-manylinux_2_17_x86_64.manylinux2014_x86_64.whl (11.2 MB)
2025-08-20T21:20:54.3324020Z Using cached sqlalchemy-2.0.43-cp312-cp312-manylinux_2_17_x86_64.manylinux2014_x86_64.whl (3.3 MB)
2025-08-20T21:20:54.3358933Z Using cached testcontainers-4.10.0-py3-none-any.whl (107 kB)
2025-08-20T21:20:54.3370484Z Using cached types_requests-2.32.4.20250809-py3-none-any.whl (20 kB)
2025-08-20T21:20:54.3381548Z Using cached docspec_python-2.2.2-py3-none-any.whl (15 kB)
2025-08-20T21:20:54.3392197Z Using cached pydoc_markdown-4.8.2-py3-none-any.whl (67 kB)
2025-08-20T21:20:54.3403141Z Using cached docspec-2.2.1-py3-none-any.whl (9.8 kB)
2025-08-20T21:20:54.3413849Z Using cached redis-6.4.0-py3-none-any.whl (279 kB)
2025-08-20T21:20:54.3426632Z Using cached httpx-0.28.1-py3-none-any.whl (73 kB)
2025-08-20T21:20:54.3438065Z Using cached mypy-1.17.1-cp312-cp312-manylinux2014_x86_64.manylinux_2_17_x86_64.manylinux_2_28_x86_64.whl (12.7 MB)
2025-08-20T21:20:54.3540423Z Using cached databind.core-4.5.2-py3-none-any.whl (1.5 kB)
2025-08-20T21:20:54.3550997Z Using cached databind-4.5.2-py3-none-any.whl (49 kB)
2025-08-20T21:20:54.3561996Z Using cached databind.json-4.5.2-py3-none-any.whl (1.5 kB)
2025-08-20T21:20:54.3572806Z Using cached Deprecated-1.2.18-py2.py3-none-any.whl (10.0 kB)
2025-08-20T21:20:54.3584433Z Using cached nr_date-2.1.0-py3-none-any.whl (10 kB)
2025-08-20T21:20:54.3596384Z Using cached nr_stream-1.1.5-py3-none-any.whl (10 kB)
2025-08-20T21:20:54.3607357Z Using cached nr.util-0.8.12-py3-none-any.whl (90 kB)
2025-08-20T21:20:54.3618817Z Using cached pytest-8.4.1-py3-none-any.whl (365 kB)
2025-08-20T21:20:54.3632129Z Using cached pluggy-1.6.0-py3-none-any.whl (20 kB)
2025-08-20T21:20:54.3642977Z Using cached starlette-0.47.2-py3-none-any.whl (72 kB)
2025-08-20T21:20:54.3654368Z Using cached tomli-2.2.1-cp312-cp312-manylinux_2_17_x86_64.manylinux2014_x86_64.whl (242 kB)
2025-08-20T21:20:54.3666614Z Using cached tomli_w-1.2.0-py3-none-any.whl (6.7 kB)
2025-08-20T21:20:54.3677065Z Using cached typeapi-2.2.4-py3-none-any.whl (26 kB)
2025-08-20T21:20:54.3687775Z Using cached itsdangerous-2.2.0-py3-none-any.whl (16 kB)
2025-08-20T21:20:54.3698356Z Using cached setuptools-80.9.0-py3-none-any.whl (1.2 MB)
2025-08-20T21:20:54.3719508Z Using cached coverage-7.10.4-cp312-cp312-manylinux1_x86_64.manylinux_2_28_x86_64.manylinux_2_5_x86_64.whl (251 kB)
2025-08-20T21:20:54.3731312Z Using cached fastapi_cloud_cli-0.1.5-py3-none-any.whl (18 kB)
2025-08-20T21:20:54.3741970Z Using cached iniconfig-2.1.0-py3-none-any.whl (6.0 kB)
2025-08-20T21:20:54.3752813Z Using cached mirakuru-2.6.1-py3-none-any.whl (26 kB)
2025-08-20T21:20:54.3764020Z Using cached pathspec-0.12.1-py3-none-any.whl (31 kB)
2025-08-20T21:20:54.3774806Z Using cached platformdirs-4.3.8-py3-none-any.whl (18 kB)
2025-08-20T21:20:54.3785352Z Using cached port_for-0.7.4-py3-none-any.whl (21 kB)
2025-08-20T21:20:54.3796971Z Using cached psutil-7.0.0-cp36-abi3-manylinux_2_12_x86_64.manylinux2010_x86_64.manylinux_2_17_x86_64.manylinux2014_x86_64.whl (277 kB)
2025-08-20T21:20:54.3809231Z Using cached pydantic_extra_types-2.10.5-py3-none-any.whl (38 kB)
2025-08-20T21:20:54.3820214Z Using cached rignore-0.6.4-cp312-cp312-manylinux_2_17_x86_64.manylinux2014_x86_64.whl (949 kB)
2025-08-20T21:20:54.3837418Z Using cached sentry_sdk-2.35.0-py2.py3-none-any.whl (363 kB)
2025-08-20T21:20:54.3850329Z Using cached yapf-0.43.0-py3-none-any.whl (256 kB)
2025-08-20T21:20:54.3866472Z Using cached docker-7.1.0-py3-none-any.whl (147 kB)
2025-08-20T21:20:54.3878977Z Using cached toml-0.10.2-py2.py3-none-any.whl (16 kB)
2025-08-20T21:20:54.3890042Z Using cached watchdog-6.0.0-py3-none-manylinux2014_x86_64.whl (79 kB)
2025-08-20T21:20:54.6621408Z Installing collected packages: watchdog, types-requests, typeapi, tomli_w, tomli, toml, sqlalchemy, setuptools, sentry-sdk, ruff, rignore, requests, redis, psutil, port-for, pluggy, platformdirs, pathspec, nr-stream, nr-date, Jinja2, itsdangerous, iniconfig, imapclient, docstring-parser, Deprecated, coverage, asyncpg, yapf, vulture, starlette, pytest, nr-util, mypy, mirakuru, httpx, docker, databind, black, testcontainers, respx, python-telegram-bot, pytest-postgresql, pytest-cov, pytest-asyncio, pydantic-extra-types, fastapi, databind.json, databind.core, celery, fastapi-cloud-cli, docspec, docspec-python, pydoc-markdown
2025-08-20T21:20:54.7793055Z   Attempting uninstall: sqlalchemy
2025-08-20T21:20:54.7824737Z     Found existing installation: SQLAlchemy 2.0.29
2025-08-20T21:20:54.8038086Z     Uninstalling SQLAlchemy-2.0.29:
2025-08-20T21:20:54.8070786Z       Successfully uninstalled SQLAlchemy-2.0.29
2025-08-20T21:20:56.6957754Z   Attempting uninstall: sentry-sdk
2025-08-20T21:20:56.6990868Z     Found existing installation: sentry-sdk 2.9.0
2025-08-20T21:20:56.7118280Z     Uninstalling sentry-sdk-2.9.0:
2025-08-20T21:20:56.7140350Z       Successfully uninstalled sentry-sdk-2.9.0
2025-08-20T21:20:57.1199534Z   Attempting uninstall: requests
2025-08-20T21:20:57.1243456Z     Found existing installation: requests 2.32.5
2025-08-20T21:20:57.1272458Z     Uninstalling requests-2.32.5:
2025-08-20T21:20:57.1281407Z       Successfully uninstalled requests-2.32.5
2025-08-20T21:20:57.1660858Z   Attempting uninstall: redis
2025-08-20T21:20:57.1692239Z     Found existing installation: redis 5.0.8
2025-08-20T21:20:57.1762889Z     Uninstalling redis-5.0.8:
2025-08-20T21:20:57.1778308Z       Successfully uninstalled redis-5.0.8
2025-08-20T21:20:57.6332830Z   Attempting uninstall: Jinja2
2025-08-20T21:20:57.6382171Z     Found existing installation: Jinja2 3.1.5
2025-08-20T21:20:57.6415636Z     Uninstalling Jinja2-3.1.5:
2025-08-20T21:20:57.6424507Z       Successfully uninstalled Jinja2-3.1.5
2025-08-20T21:20:57.9791070Z   Attempting uninstall: asyncpg
2025-08-20T21:20:57.9845469Z     Found existing installation: asyncpg 0.29.0
2025-08-20T21:20:57.9894008Z     Uninstalling asyncpg-0.29.0:
2025-08-20T21:20:57.9907967Z       Successfully uninstalled asyncpg-0.29.0
2025-08-20T21:20:58.2848605Z   Attempting uninstall: starlette
2025-08-20T21:20:58.2900958Z     Found existing installation: starlette 0.37.2
2025-08-20T21:20:58.2943353Z     Uninstalling starlette-0.37.2:
2025-08-20T21:20:58.2953998Z       Successfully uninstalled starlette-0.37.2
2025-08-20T21:21:00.0701608Z   Attempting uninstall: httpx
2025-08-20T21:21:00.0753240Z     Found existing installation: httpx 0.26.0
2025-08-20T21:21:00.0789659Z     Uninstalling httpx-0.26.0:
2025-08-20T21:21:00.0802953Z       Successfully uninstalled httpx-0.26.0
2025-08-20T21:21:00.5118733Z   Attempting uninstall: python-telegram-bot
2025-08-20T21:21:00.5168804Z     Found existing installation: python-telegram-bot 20.8
2025-08-20T21:21:00.5322918Z     Uninstalling python-telegram-bot-20.8:
2025-08-20T21:21:00.5346725Z       Successfully uninstalled python-telegram-bot-20.8
2025-08-20T21:21:00.9767592Z   Attempting uninstall: fastapi
2025-08-20T21:21:00.9813216Z     Found existing installation: fastapi 0.111.0
2025-08-20T21:21:00.9865607Z     Uninstalling fastapi-0.111.0:
2025-08-20T21:21:00.9877935Z       Successfully uninstalled fastapi-0.111.0
2025-08-20T21:21:01.0740870Z   Attempting uninstall: celery
2025-08-20T21:21:01.0786558Z     Found existing installation: celery 5.4.0
2025-08-20T21:21:01.0945757Z     Uninstalling celery-5.4.0:
2025-08-20T21:21:01.0975569Z       Successfully uninstalled celery-5.4.0
2025-08-20T21:21:01.5070675Z 
2025-08-20T21:21:01.5190480Z Successfully installed Deprecated-1.2.18 Jinja2-3.1.6 asyncpg-0.30.0 black-25.1.0 celery-5.5.3 coverage-7.10.4 databind-4.5.2 databind.core-4.5.2 databind.json-4.5.2 docker-7.1.0 docspec-2.2.1 docspec-python-2.2.2 docstring-parser-0.11 fastapi-0.116.1 fastapi-cloud-cli-0.1.5 httpx-0.28.1 imapclient-3.0.1 iniconfig-2.1.0 itsdangerous-2.2.0 mirakuru-2.6.1 mypy-1.17.1 nr-date-2.1.0 nr-stream-1.1.5 nr-util-0.8.12 pathspec-0.12.1 platformdirs-4.3.8 pluggy-1.6.0 port-for-0.7.4 psutil-7.0.0 pydantic-extra-types-2.10.5 pydoc-markdown-4.8.2 pytest-8.4.1 pytest-asyncio-0.23.6 pytest-cov-6.2.1 pytest-postgresql-7.0.2 python-telegram-bot-22.3 redis-6.4.0 requests-2.32.4 respx-0.22.0 rignore-0.6.4 ruff-0.9.9 sentry-sdk-2.35.0 setuptools-80.9.0 sqlalchemy-2.0.43 starlette-0.47.2 testcontainers-4.10.0 toml-0.10.2 tomli-2.2.1 tomli_w-1.2.0 typeapi-2.2.4 types-requests-2.32.4.20250809 vulture-2.10 watchdog-6.0.0 yapf-0.43.0
2025-08-20T21:21:02.1892257Z Requirement already satisfied: asyncpg in /opt/hostedtoolcache/Python/3.12.11/x64/lib/python3.12/site-packages (0.30.0)
2025-08-20T21:21:02.8025649Z Requirement already satisfied: pytest in /opt/hostedtoolcache/Python/3.12.11/x64/lib/python3.12/site-packages (8.4.1)
2025-08-20T21:21:02.8039781Z Requirement already satisfied: iniconfig>=1 in /opt/hostedtoolcache/Python/3.12.11/x64/lib/python3.12/site-packages (from pytest) (2.1.0)
2025-08-20T21:21:02.8045893Z Requirement already satisfied: packaging>=20 in /opt/hostedtoolcache/Python/3.12.11/x64/lib/python3.12/site-packages (from pytest) (25.0)
2025-08-20T21:21:02.8051545Z Requirement already satisfied: pluggy<2,>=1.5 in /opt/hostedtoolcache/Python/3.12.11/x64/lib/python3.12/site-packages (from pytest) (1.6.0)
2025-08-20T21:21:02.8056814Z Requirement already satisfied: pygments>=2.7.2 in /opt/hostedtoolcache/Python/3.12.11/x64/lib/python3.12/site-packages (from pytest) (2.19.2)
2025-08-20T21:21:03.4601768Z Collecting keepa==1.3.15
2025-08-20T21:21:03.4614265Z   Using cached keepa-1.3.15-py3-none-any.whl.metadata (11 kB)
2025-08-20T21:21:03.4652124Z Requirement already satisfied: minio==7.1.15 in /opt/hostedtoolcache/Python/3.12.11/x64/lib/python3.12/site-packages (7.1.15)
2025-08-20T21:21:03.4660242Z Requirement already satisfied: numpy>=1.9.3 in /opt/hostedtoolcache/Python/3.12.11/x64/lib/python3.12/site-packages (from keepa==1.3.15) (1.26.4)
2025-08-20T21:21:03.4665442Z Requirement already satisfied: requests>=2.2 in /opt/hostedtoolcache/Python/3.12.11/x64/lib/python3.12/site-packages (from keepa==1.3.15) (2.32.4)
2025-08-20T21:21:03.4669066Z Requirement already satisfied: tqdm in /opt/hostedtoolcache/Python/3.12.11/x64/lib/python3.12/site-packages (from keepa==1.3.15) (4.67.1)
2025-08-20T21:21:03.4672391Z Requirement already satisfied: aiohttp in /opt/hostedtoolcache/Python/3.12.11/x64/lib/python3.12/site-packages (from keepa==1.3.15) (3.12.15)
2025-08-20T21:21:03.4677455Z Requirement already satisfied: pandas<=3.0 in /opt/hostedtoolcache/Python/3.12.11/x64/lib/python3.12/site-packages (from keepa==1.3.15) (2.2.3)
2025-08-20T21:21:03.4680836Z Requirement already satisfied: pydantic in /opt/hostedtoolcache/Python/3.12.11/x64/lib/python3.12/site-packages (from keepa==1.3.15) (2.11.7)
2025-08-20T21:21:03.4690631Z Requirement already satisfied: certifi in /opt/hostedtoolcache/Python/3.12.11/x64/lib/python3.12/site-packages (from minio==7.1.15) (2025.8.3)
2025-08-20T21:21:03.4694431Z Requirement already satisfied: urllib3 in /opt/hostedtoolcache/Python/3.12.11/x64/lib/python3.12/site-packages (from minio==7.1.15) (2.5.0)
2025-08-20T21:21:03.4749228Z Requirement already satisfied: python-dateutil>=2.8.2 in /opt/hostedtoolcache/Python/3.12.11/x64/lib/python3.12/site-packages (from pandas<=3.0->keepa==1.3.15) (2.9.0.post0)
2025-08-20T21:21:03.4754208Z Requirement already satisfied: pytz>=2020.1 in /opt/hostedtoolcache/Python/3.12.11/x64/lib/python3.12/site-packages (from pandas<=3.0->keepa==1.3.15) (2025.2)
2025-08-20T21:21:03.4759182Z Requirement already satisfied: tzdata>=2022.7 in /opt/hostedtoolcache/Python/3.12.11/x64/lib/python3.12/site-packages (from pandas<=3.0->keepa==1.3.15) (2025.2)
2025-08-20T21:21:03.4891654Z Requirement already satisfied: six>=1.5 in /opt/hostedtoolcache/Python/3.12.11/x64/lib/python3.12/site-packages (from python-dateutil>=2.8.2->pandas<=3.0->keepa==1.3.15) (1.17.0)
2025-08-20T21:21:03.4910405Z Requirement already satisfied: charset_normalizer<4,>=2 in /opt/hostedtoolcache/Python/3.12.11/x64/lib/python3.12/site-packages (from requests>=2.2->keepa==1.3.15) (3.4.3)
2025-08-20T21:21:03.4916066Z Requirement already satisfied: idna<4,>=2.5 in /opt/hostedtoolcache/Python/3.12.11/x64/lib/python3.12/site-packages (from requests>=2.2->keepa==1.3.15) (3.10)
2025-08-20T21:21:03.4984607Z Requirement already satisfied: aiohappyeyeballs>=2.5.0 in /opt/hostedtoolcache/Python/3.12.11/x64/lib/python3.12/site-packages (from aiohttp->keepa==1.3.15) (2.6.1)
2025-08-20T21:21:03.4989727Z Requirement already satisfied: aiosignal>=1.4.0 in /opt/hostedtoolcache/Python/3.12.11/x64/lib/python3.12/site-packages (from aiohttp->keepa==1.3.15) (1.4.0)
2025-08-20T21:21:03.4996487Z Requirement already satisfied: attrs>=17.3.0 in /opt/hostedtoolcache/Python/3.12.11/x64/lib/python3.12/site-packages (from aiohttp->keepa==1.3.15) (25.3.0)
2025-08-20T21:21:03.5001083Z Requirement already satisfied: frozenlist>=1.1.1 in /opt/hostedtoolcache/Python/3.12.11/x64/lib/python3.12/site-packages (from aiohttp->keepa==1.3.15) (1.7.0)
2025-08-20T21:21:03.5006430Z Requirement already satisfied: multidict<7.0,>=4.5 in /opt/hostedtoolcache/Python/3.12.11/x64/lib/python3.12/site-packages (from aiohttp->keepa==1.3.15) (6.6.4)
2025-08-20T21:21:03.5011877Z Requirement already satisfied: propcache>=0.2.0 in /opt/hostedtoolcache/Python/3.12.11/x64/lib/python3.12/site-packages (from aiohttp->keepa==1.3.15) (0.3.2)
2025-08-20T21:21:03.5017573Z Requirement already satisfied: yarl<2.0,>=1.17.0 in /opt/hostedtoolcache/Python/3.12.11/x64/lib/python3.12/site-packages (from aiohttp->keepa==1.3.15) (1.20.1)
2025-08-20T21:21:03.5076839Z Requirement already satisfied: typing-extensions>=4.2 in /opt/hostedtoolcache/Python/3.12.11/x64/lib/python3.12/site-packages (from aiosignal>=1.4.0->aiohttp->keepa==1.3.15) (4.14.1)
2025-08-20T21:21:03.5172391Z Requirement already satisfied: annotated-types>=0.6.0 in /opt/hostedtoolcache/Python/3.12.11/x64/lib/python3.12/site-packages (from pydantic->keepa==1.3.15) (0.7.0)
2025-08-20T21:21:03.5177650Z Requirement already satisfied: pydantic-core==2.33.2 in /opt/hostedtoolcache/Python/3.12.11/x64/lib/python3.12/site-packages (from pydantic->keepa==1.3.15) (2.33.2)
2025-08-20T21:21:03.5185234Z Requirement already satisfied: typing-inspection>=0.4.0 in /opt/hostedtoolcache/Python/3.12.11/x64/lib/python3.12/site-packages (from pydantic->keepa==1.3.15) (0.4.1)
2025-08-20T21:21:03.5264030Z Using cached keepa-1.3.15-py3-none-any.whl (38 kB)
2025-08-20T21:21:03.6925437Z Installing collected packages: keepa
2025-08-20T21:21:03.6926245Z   Attempting uninstall: keepa
2025-08-20T21:21:03.6960675Z     Found existing installation: keepa 1.3.14
2025-08-20T21:21:03.6984330Z     Uninstalling keepa-1.3.14:
2025-08-20T21:21:03.6992595Z       Successfully uninstalled keepa-1.3.14
2025-08-20T21:21:03.7417254Z Successfully installed keepa-1.3.15
2025-08-20T21:21:03.7982537Z ##[group]Run actions/setup-node@v4
2025-08-20T21:21:03.7982815Z with:
2025-08-20T21:21:03.7982992Z   node-version: 20.19.0
2025-08-20T21:21:03.7983198Z   always-auth: false
2025-08-20T21:21:03.7983395Z   check-latest: false
2025-08-20T21:21:03.7983681Z   token: ***
2025-08-20T21:21:03.7983858Z env:
2025-08-20T21:21:03.7984057Z   REDIS_URL: redis://localhost:6379/0
2025-08-20T21:21:03.7984318Z   RATE_LIMIT_DEFAULT: 100/minute
2025-08-20T21:21:03.7984542Z   TRUST_X_FORWARDED: 1
2025-08-20T21:21:03.7984747Z   PG_USER: postgres
2025-08-20T21:21:03.7984945Z   PG_PASSWORD: pass
2025-08-20T21:21:03.7985343Z   PG_DATABASE: awa
2025-08-20T21:21:03.7985534Z   PG_HOST: localhost
2025-08-20T21:21:03.7985724Z   PG_PORT: 5432
2025-08-20T21:21:03.7986232Z   PG_SYNC_DSN: ***localhost:5432/awa
2025-08-20T21:21:03.7986881Z   PG_ASYNC_DSN: ***localhost:5432/awa
2025-08-20T21:21:03.7987376Z   DATABASE_URL: ***localhost:5432/awa
2025-08-20T21:21:03.8000947Z   DATA_DIR: /tmp/awa-data
2025-08-20T21:21:03.8001211Z   ENABLE_LIVE: 0
2025-08-20T21:21:03.8001400Z   TESTING: 1
2025-08-20T21:21:03.8001646Z   pythonLocation: /opt/hostedtoolcache/Python/3.12.11/x64
2025-08-20T21:21:03.8002054Z   PKG_CONFIG_PATH: /opt/hostedtoolcache/Python/3.12.11/x64/lib/pkgconfig
2025-08-20T21:21:03.8002449Z   Python_ROOT_DIR: /opt/hostedtoolcache/Python/3.12.11/x64
2025-08-20T21:21:03.8002798Z   Python2_ROOT_DIR: /opt/hostedtoolcache/Python/3.12.11/x64
2025-08-20T21:21:03.8003141Z   Python3_ROOT_DIR: /opt/hostedtoolcache/Python/3.12.11/x64
2025-08-20T21:21:03.8003489Z   LD_LIBRARY_PATH: /opt/hostedtoolcache/Python/3.12.11/x64/lib
2025-08-20T21:21:03.8003777Z ##[endgroup]
2025-08-20T21:21:03.9714395Z Attempting to download 20.19.0...
2025-08-20T21:21:04.2697099Z Acquiring 20.19.0 - x64 from https://github.com/actions/node-versions/releases/download/20.19.0-13838090974/node-20.19.0-linux-x64.tar.gz
2025-08-20T21:21:04.6488615Z Extracting ...
2025-08-20T21:21:04.6598018Z [command]/usr/bin/tar xz --strip 1 --warning=no-unknown-keyword --overwrite -C /home/runner/work/_temp/341dda90-df49-432a-9cb9-b8a765fcd357 -f /home/runner/work/_temp/cf9f8e51-8dd6-495b-b1ca-905b80544297
2025-08-20T21:21:05.6641283Z Adding to the cache ...
2025-08-20T21:21:07.2442979Z ##[group]Environment details
2025-08-20T21:21:07.4637296Z node: v20.19.0
2025-08-20T21:21:07.4637645Z npm: 10.8.2
2025-08-20T21:21:07.4637823Z yarn: 1.22.22
2025-08-20T21:21:07.4638426Z ##[endgroup]
2025-08-20T21:21:07.4771486Z ##[group]Run npm ci
2025-08-20T21:21:07.4771727Z [36;1mnpm ci[0m
2025-08-20T21:21:07.4813278Z shell: /usr/bin/bash -e {0}
2025-08-20T21:21:07.4813512Z env:
2025-08-20T21:21:07.4813731Z   REDIS_URL: redis://localhost:6379/0
2025-08-20T21:21:07.4814007Z   RATE_LIMIT_DEFAULT: 100/minute
2025-08-20T21:21:07.4814249Z   TRUST_X_FORWARDED: 1
2025-08-20T21:21:07.4814452Z   PG_USER: postgres
2025-08-20T21:21:07.4814640Z   PG_PASSWORD: pass
2025-08-20T21:21:07.4814819Z   PG_DATABASE: awa
2025-08-20T21:21:07.4815000Z   PG_HOST: localhost
2025-08-20T21:21:07.4815323Z   PG_PORT: 5432
2025-08-20T21:21:07.4815750Z   PG_SYNC_DSN: ***localhost:5432/awa
2025-08-20T21:21:07.4816147Z   PG_ASYNC_DSN: ***localhost:5432/awa
2025-08-20T21:21:07.4816525Z   DATABASE_URL: ***localhost:5432/awa
2025-08-20T21:21:07.4816761Z   DATA_DIR: /tmp/awa-data
2025-08-20T21:21:07.4816964Z   ENABLE_LIVE: 0
2025-08-20T21:21:07.4817143Z   TESTING: 1
2025-08-20T21:21:07.4817415Z   pythonLocation: /opt/hostedtoolcache/Python/3.12.11/x64
2025-08-20T21:21:07.4817812Z   PKG_CONFIG_PATH: /opt/hostedtoolcache/Python/3.12.11/x64/lib/pkgconfig
2025-08-20T21:21:07.4818191Z   Python_ROOT_DIR: /opt/hostedtoolcache/Python/3.12.11/x64
2025-08-20T21:21:07.4818534Z   Python2_ROOT_DIR: /opt/hostedtoolcache/Python/3.12.11/x64
2025-08-20T21:21:07.4818872Z   Python3_ROOT_DIR: /opt/hostedtoolcache/Python/3.12.11/x64
2025-08-20T21:21:07.4819396Z   LD_LIBRARY_PATH: /opt/hostedtoolcache/Python/3.12.11/x64/lib
2025-08-20T21:21:07.4819684Z ##[endgroup]
2025-08-20T21:21:10.1607583Z npm warn deprecated node-domexception@1.0.0: Use your platform's native DOMException instead
2025-08-20T21:21:13.6961430Z 
2025-08-20T21:21:13.6962367Z added 432 packages, and audited 433 packages in 6s
2025-08-20T21:21:13.6962816Z 
2025-08-20T21:21:13.6963104Z 112 packages are looking for funding
2025-08-20T21:21:13.6963567Z   run `npm fund` for details
2025-08-20T21:21:13.6981888Z 
2025-08-20T21:21:13.6982242Z 2 vulnerabilities (1 low, 1 critical)
2025-08-20T21:21:13.6982595Z 
2025-08-20T21:21:13.6982826Z To address all issues, run:
2025-08-20T21:21:13.6983210Z   npm audit fix
2025-08-20T21:21:13.6983399Z 
2025-08-20T21:21:13.6983585Z Run `npm audit` for details.
2025-08-20T21:21:13.7254879Z ##[group]Run npm run build --if-present
2025-08-20T21:21:13.7255530Z [36;1mnpm run build --if-present[0m
2025-08-20T21:21:13.7296716Z shell: /usr/bin/bash -e {0}
2025-08-20T21:21:13.7296947Z env:
2025-08-20T21:21:13.7297149Z   REDIS_URL: redis://localhost:6379/0
2025-08-20T21:21:13.7297415Z   RATE_LIMIT_DEFAULT: 100/minute
2025-08-20T21:21:13.7297641Z   TRUST_X_FORWARDED: 1
2025-08-20T21:21:13.7297837Z   PG_USER: postgres
2025-08-20T21:21:13.7298036Z   PG_PASSWORD: pass
2025-08-20T21:21:13.7298221Z   PG_DATABASE: awa
2025-08-20T21:21:13.7298406Z   PG_HOST: localhost
2025-08-20T21:21:13.7298592Z   PG_PORT: 5432
2025-08-20T21:21:13.7299021Z   PG_SYNC_DSN: ***localhost:5432/awa
2025-08-20T21:21:13.7299436Z   PG_ASYNC_DSN: ***localhost:5432/awa
2025-08-20T21:21:13.7299818Z   DATABASE_URL: ***localhost:5432/awa
2025-08-20T21:21:13.7300053Z   DATA_DIR: /tmp/awa-data
2025-08-20T21:21:13.7300252Z   ENABLE_LIVE: 0
2025-08-20T21:21:13.7300428Z   TESTING: 1
2025-08-20T21:21:13.7300695Z   pythonLocation: /opt/hostedtoolcache/Python/3.12.11/x64
2025-08-20T21:21:13.7301088Z   PKG_CONFIG_PATH: /opt/hostedtoolcache/Python/3.12.11/x64/lib/pkgconfig
2025-08-20T21:21:13.7301475Z   Python_ROOT_DIR: /opt/hostedtoolcache/Python/3.12.11/x64
2025-08-20T21:21:13.7301811Z   Python2_ROOT_DIR: /opt/hostedtoolcache/Python/3.12.11/x64
2025-08-20T21:21:13.7302154Z   Python3_ROOT_DIR: /opt/hostedtoolcache/Python/3.12.11/x64
2025-08-20T21:21:13.7302504Z   LD_LIBRARY_PATH: /opt/hostedtoolcache/Python/3.12.11/x64/lib
2025-08-20T21:21:13.7302793Z ##[endgroup]
2025-08-20T21:21:13.8425859Z 
2025-08-20T21:21:13.8426348Z > web@0.0.0 build
2025-08-20T21:21:13.8426755Z > tsc -b && vite build
2025-08-20T21:21:13.8426943Z 
2025-08-20T21:21:16.2468749Z [36mvite v7.0.4 [32mbuilding for production...[36m[39m
2025-08-20T21:21:16.4198460Z transforming...
2025-08-20T21:21:19.4309712Z [32m✓[39m 687 modules transformed.
2025-08-20T21:21:19.7978073Z rendering chunks...
2025-08-20T21:21:19.8156910Z computing gzip size...
2025-08-20T21:21:19.8785554Z [2mdist/[22m[32mindex.html                 [39m[1m[2m  0.46 kB[22m[1m[22m[2m │ gzip:   0.30 kB[22m
2025-08-20T21:21:19.8787275Z [2mdist/[22m[2massets/[22m[35mindex-5IA1gRGW.css  [39m[1m[2m  0.84 kB[22m[1m[22m[2m │ gzip:   0.45 kB[22m
2025-08-20T21:21:19.8788672Z [2mdist/[22m[2massets/[22m[36mindex-CIqpArhq.js   [39m[1m[33m613.66 kB[39m[22m[2m │ gzip: 193.69 kB[22m
2025-08-20T21:21:19.8821277Z [32m✓ built in 3.61s[39m
2025-08-20T21:21:19.8822958Z [33m
2025-08-20T21:21:19.8823780Z (!) Some chunks are larger than 500 kB after minification. Consider:
2025-08-20T21:21:19.8824668Z - Using dynamic import() to code-split the application
2025-08-20T21:21:19.8826190Z - Use build.rollupOptions.output.manualChunks to improve chunking: https://rollupjs.org/configuration-options/#output-manualchunks
2025-08-20T21:21:19.8827725Z - Adjust chunk size limit for this warning via build.chunkSizeWarningLimit.[39m
2025-08-20T21:21:19.9720182Z ##[group]Run sudo apt-get update
2025-08-20T21:21:19.9720490Z [36;1msudo apt-get update[0m
2025-08-20T21:21:19.9720744Z [36;1msudo apt-get install -y postgresql[0m
2025-08-20T21:21:19.9721400Z [36;1mecho "/usr/lib/postgresql/$(pg_config --version | cut -d' ' -f2 | cut -d'.' -f1,2)/bin" >> $GITHUB_PATH[0m
2025-08-20T21:21:19.9762051Z shell: /usr/bin/bash -e {0}
2025-08-20T21:21:19.9762290Z env:
2025-08-20T21:21:19.9762498Z   REDIS_URL: redis://localhost:6379/0
2025-08-20T21:21:19.9762767Z   RATE_LIMIT_DEFAULT: 100/minute
2025-08-20T21:21:19.9762988Z   TRUST_X_FORWARDED: 1
2025-08-20T21:21:19.9763187Z   PG_USER: postgres
2025-08-20T21:21:19.9763379Z   PG_PASSWORD: pass
2025-08-20T21:21:19.9763561Z   PG_DATABASE: awa
2025-08-20T21:21:19.9763744Z   PG_HOST: localhost
2025-08-20T21:21:19.9763928Z   PG_PORT: 5432
2025-08-20T21:21:19.9764341Z   PG_SYNC_DSN: ***localhost:5432/awa
2025-08-20T21:21:19.9764801Z   PG_ASYNC_DSN: ***localhost:5432/awa
2025-08-20T21:21:19.9765413Z   DATABASE_URL: ***localhost:5432/awa
2025-08-20T21:21:19.9765665Z   DATA_DIR: /tmp/awa-data
2025-08-20T21:21:19.9765869Z   ENABLE_LIVE: 0
2025-08-20T21:21:19.9766045Z   TESTING: 1
2025-08-20T21:21:19.9766293Z   pythonLocation: /opt/hostedtoolcache/Python/3.12.11/x64
2025-08-20T21:21:19.9766693Z   PKG_CONFIG_PATH: /opt/hostedtoolcache/Python/3.12.11/x64/lib/pkgconfig
2025-08-20T21:21:19.9767078Z   Python_ROOT_DIR: /opt/hostedtoolcache/Python/3.12.11/x64
2025-08-20T21:21:19.9767434Z   Python2_ROOT_DIR: /opt/hostedtoolcache/Python/3.12.11/x64
2025-08-20T21:21:19.9767807Z   Python3_ROOT_DIR: /opt/hostedtoolcache/Python/3.12.11/x64
2025-08-20T21:21:19.9768152Z   LD_LIBRARY_PATH: /opt/hostedtoolcache/Python/3.12.11/x64/lib
2025-08-20T21:21:19.9768441Z ##[endgroup]
2025-08-20T21:21:20.0868915Z Get:1 file:/etc/apt/apt-mirrors.txt Mirrorlist [144 B]
2025-08-20T21:21:20.1307332Z Hit:6 https://packages.microsoft.com/repos/azure-cli noble InRelease
2025-08-20T21:21:20.1308865Z Get:7 https://packages.microsoft.com/ubuntu/24.04/prod noble InRelease [3600 B]
2025-08-20T21:21:20.1382012Z Hit:2 http://azure.archive.ubuntu.com/ubuntu noble InRelease
2025-08-20T21:21:20.1401352Z Get:3 http://azure.archive.ubuntu.com/ubuntu noble-updates InRelease [126 kB]
2025-08-20T21:21:20.1533336Z Get:4 http://azure.archive.ubuntu.com/ubuntu noble-backports InRelease [126 kB]
2025-08-20T21:21:20.1603659Z Get:5 http://azure.archive.ubuntu.com/ubuntu noble-security InRelease [126 kB]
2025-08-20T21:21:20.2926499Z Get:8 https://packages.microsoft.com/ubuntu/24.04/prod noble/main amd64 Packages [48.0 kB]
2025-08-20T21:21:20.3029382Z Get:9 https://packages.microsoft.com/ubuntu/24.04/prod noble/main armhf Packages [9870 B]
2025-08-20T21:21:20.3057774Z Get:10 https://packages.microsoft.com/ubuntu/24.04/prod noble/main arm64 Packages [33.2 kB]
2025-08-20T21:21:20.4030345Z Get:11 http://azure.archive.ubuntu.com/ubuntu noble-updates/main amd64 Packages [1349 kB]
2025-08-20T21:21:20.4120887Z Get:12 http://azure.archive.ubuntu.com/ubuntu noble-updates/main Translation-en [268 kB]
2025-08-20T21:21:20.4163427Z Get:13 http://azure.archive.ubuntu.com/ubuntu noble-updates/main amd64 Components [175 kB]
2025-08-20T21:21:20.4192617Z Get:14 http://azure.archive.ubuntu.com/ubuntu noble-updates/universe amd64 Packages [1124 kB]
2025-08-20T21:21:20.4303775Z Get:15 http://azure.archive.ubuntu.com/ubuntu noble-updates/universe Translation-en [288 kB]
2025-08-20T21:21:20.4319312Z Get:16 http://azure.archive.ubuntu.com/ubuntu noble-updates/universe amd64 Components [377 kB]
2025-08-20T21:21:20.4357538Z Get:17 http://azure.archive.ubuntu.com/ubuntu noble-updates/restricted amd64 Packages [1728 kB]
2025-08-20T21:21:20.4468467Z Get:18 http://azure.archive.ubuntu.com/ubuntu noble-updates/restricted Translation-en [382 kB]
2025-08-20T21:21:20.4507725Z Get:19 http://azure.archive.ubuntu.com/ubuntu noble-updates/restricted amd64 Components [212 B]
2025-08-20T21:21:20.4526667Z Get:20 http://azure.archive.ubuntu.com/ubuntu noble-updates/multiverse amd64 Components [940 B]
2025-08-20T21:21:20.5199365Z Get:21 http://azure.archive.ubuntu.com/ubuntu noble-backports/main amd64 Components [7060 B]
2025-08-20T21:21:20.5217456Z Get:22 http://azure.archive.ubuntu.com/ubuntu noble-backports/universe amd64 Packages [30.2 kB]
2025-08-20T21:21:20.5237279Z Get:23 http://azure.archive.ubuntu.com/ubuntu noble-backports/universe Translation-en [17.4 kB]
2025-08-20T21:21:20.5252447Z Get:24 http://azure.archive.ubuntu.com/ubuntu noble-backports/universe amd64 Components [19.2 kB]
2025-08-20T21:21:20.5270591Z Get:25 http://azure.archive.ubuntu.com/ubuntu noble-backports/restricted amd64 Components [216 B]
2025-08-20T21:21:20.5286268Z Get:26 http://azure.archive.ubuntu.com/ubuntu noble-backports/multiverse amd64 Components [212 B]
2025-08-20T21:21:20.5301624Z Get:27 http://azure.archive.ubuntu.com/ubuntu noble-security/main amd64 Packages [1081 kB]
2025-08-20T21:21:20.5363235Z Get:28 http://azure.archive.ubuntu.com/ubuntu noble-security/main Translation-en [187 kB]
2025-08-20T21:21:20.5389572Z Get:29 http://azure.archive.ubuntu.com/ubuntu noble-security/main amd64 Components [21.6 kB]
2025-08-20T21:21:20.5406412Z Get:30 http://azure.archive.ubuntu.com/ubuntu noble-security/universe amd64 Packages [881 kB]
2025-08-20T21:21:20.5476801Z Get:31 http://azure.archive.ubuntu.com/ubuntu noble-security/universe Translation-en [195 kB]
2025-08-20T21:21:20.5501612Z Get:32 http://azure.archive.ubuntu.com/ubuntu noble-security/universe amd64 Components [52.2 kB]
2025-08-20T21:21:20.5519534Z Get:33 http://azure.archive.ubuntu.com/ubuntu noble-security/restricted amd64 Packages [1625 kB]
2025-08-20T21:21:20.5606024Z Get:34 http://azure.archive.ubuntu.com/ubuntu noble-security/restricted Translation-en [359 kB]
2025-08-20T21:21:20.6122849Z Get:35 http://azure.archive.ubuntu.com/ubuntu noble-security/restricted amd64 Components [212 B]
2025-08-20T21:21:20.6137113Z Get:36 http://azure.archive.ubuntu.com/ubuntu noble-security/multiverse amd64 Components [208 B]
2025-08-20T21:21:27.3822187Z Fetched 10.6 MB in 1s (7732 kB/s)
2025-08-20T21:21:28.0812538Z Reading package lists...
2025-08-20T21:21:28.1141578Z Reading package lists...
2025-08-20T21:21:28.2768929Z Building dependency tree...
2025-08-20T21:21:28.2776656Z Reading state information...
2025-08-20T21:21:28.4340093Z Suggested packages:
2025-08-20T21:21:28.4340381Z   postgresql-doc
2025-08-20T21:21:28.4717829Z The following NEW packages will be installed:
2025-08-20T21:21:28.4718398Z   postgresql
2025-08-20T21:21:28.4884738Z 0 upgraded, 1 newly installed, 0 to remove and 47 not upgraded.
2025-08-20T21:21:28.4885608Z Need to get 11.6 kB of archives.
2025-08-20T21:21:28.4886304Z After this operation, 17.4 kB of additional disk space will be used.
2025-08-20T21:21:28.4886783Z Get:1 file:/etc/apt/apt-mirrors.txt Mirrorlist [144 B]
2025-08-20T21:21:28.6828001Z Get:2 http://azure.archive.ubuntu.com/ubuntu noble-updates/main amd64 postgresql all 16+257build1.1 [11.6 kB]
2025-08-20T21:21:29.0697249Z Fetched 11.6 kB in 0s (40.1 kB/s)
2025-08-20T21:21:29.0992858Z Selecting previously unselected package postgresql.
2025-08-20T21:21:29.1595824Z (Reading database ... 
2025-08-20T21:21:29.1596503Z (Reading database ... 5%
2025-08-20T21:21:29.1596845Z (Reading database ... 10%
2025-08-20T21:21:29.1597189Z (Reading database ... 15%
2025-08-20T21:21:29.1597486Z (Reading database ... 20%
2025-08-20T21:21:29.1597776Z (Reading database ... 25%
2025-08-20T21:21:29.1598060Z (Reading database ... 30%
2025-08-20T21:21:29.1598346Z (Reading database ... 35%
2025-08-20T21:21:29.1598625Z (Reading database ... 40%
2025-08-20T21:21:29.1598907Z (Reading database ... 45%
2025-08-20T21:21:29.1599190Z (Reading database ... 50%
2025-08-20T21:21:29.2952733Z (Reading database ... 55%
2025-08-20T21:21:29.5467967Z (Reading database ... 60%
2025-08-20T21:21:29.8882512Z (Reading database ... 65%
2025-08-20T21:21:30.0500621Z (Reading database ... 70%
2025-08-20T21:21:30.1533949Z (Reading database ... 75%
2025-08-20T21:21:30.7052480Z (Reading database ... 80%
2025-08-20T21:21:31.4238748Z (Reading database ... 85%
2025-08-20T21:21:32.2018087Z (Reading database ... 90%
2025-08-20T21:21:32.9006348Z (Reading database ... 95%
2025-08-20T21:21:32.9006939Z (Reading database ... 100%
2025-08-20T21:21:32.9007801Z (Reading database ... 219881 files and directories currently installed.)
2025-08-20T21:21:32.9055965Z Preparing to unpack .../postgresql_16+257build1.1_all.deb ...
2025-08-20T21:21:32.9080186Z Unpacking postgresql (16+257build1.1) ...
2025-08-20T21:21:32.9592551Z Setting up postgresql (16+257build1.1) ...
2025-08-20T21:21:34.6407673Z 
2025-08-20T21:21:34.6408489Z Running kernel seems to be up-to-date.
2025-08-20T21:21:34.6408866Z 
2025-08-20T21:21:34.6409035Z Restarting services...
2025-08-20T21:21:34.6481717Z 
2025-08-20T21:21:34.6482356Z Service restarts being deferred:
2025-08-20T21:21:34.6485502Z  systemctl restart hosted-compute-agent.service
2025-08-20T21:21:34.6485936Z 
2025-08-20T21:21:34.6486550Z No containers need to be restarted.
2025-08-20T21:21:34.6486845Z 
2025-08-20T21:21:34.6487175Z No user sessions are running outdated binaries.
2025-08-20T21:21:34.6487517Z 
2025-08-20T21:21:34.6488009Z No VM guests are running outdated hypervisor (qemu) binaries on this host.
2025-08-20T21:21:35.4878909Z ##[group]Run for i in {1..30}; do pg_isready -h localhost -p 5432 -U postgres -d awa && break; sleep 1; done
2025-08-20T21:21:35.4879536Z [36;1mfor i in {1..30}; do pg_isready -h localhost -p 5432 -U postgres -d awa && break; sleep 1; done[0m
2025-08-20T21:21:35.4920368Z shell: /usr/bin/bash -e {0}
2025-08-20T21:21:35.4920606Z env:
2025-08-20T21:21:35.4920823Z   REDIS_URL: redis://localhost:6379/0
2025-08-20T21:21:35.4921104Z   RATE_LIMIT_DEFAULT: 100/minute
2025-08-20T21:21:35.4921339Z   TRUST_X_FORWARDED: 1
2025-08-20T21:21:35.4921551Z   PG_USER: postgres
2025-08-20T21:21:35.4921750Z   PG_PASSWORD: pass
2025-08-20T21:21:35.4921947Z   PG_DATABASE: awa
2025-08-20T21:21:35.4922144Z   PG_HOST: localhost
2025-08-20T21:21:35.4922341Z   PG_PORT: 5432
2025-08-20T21:21:35.4922768Z   PG_SYNC_DSN: ***localhost:5432/awa
2025-08-20T21:21:35.4923186Z   PG_ASYNC_DSN: ***localhost:5432/awa
2025-08-20T21:21:35.4923579Z   DATABASE_URL: ***localhost:5432/awa
2025-08-20T21:21:35.4923858Z   DATA_DIR: /tmp/awa-data
2025-08-20T21:21:35.4924069Z   ENABLE_LIVE: 0
2025-08-20T21:21:35.4924257Z   TESTING: 1
2025-08-20T21:21:35.4924501Z   pythonLocation: /opt/hostedtoolcache/Python/3.12.11/x64
2025-08-20T21:21:35.4924917Z   PKG_CONFIG_PATH: /opt/hostedtoolcache/Python/3.12.11/x64/lib/pkgconfig
2025-08-20T21:21:35.4925555Z   Python_ROOT_DIR: /opt/hostedtoolcache/Python/3.12.11/x64
2025-08-20T21:21:35.4925938Z   Python2_ROOT_DIR: /opt/hostedtoolcache/Python/3.12.11/x64
2025-08-20T21:21:35.4926298Z   Python3_ROOT_DIR: /opt/hostedtoolcache/Python/3.12.11/x64
2025-08-20T21:21:35.4926655Z   LD_LIBRARY_PATH: /opt/hostedtoolcache/Python/3.12.11/x64/lib
2025-08-20T21:21:35.4926958Z ##[endgroup]
2025-08-20T21:21:35.5609612Z localhost:5432 - accepting connections
2025-08-20T21:21:35.5641761Z ##[group]Run alembic -c services/api/alembic.ini upgrade head
2025-08-20T21:21:35.5642188Z [36;1malembic -c services/api/alembic.ini upgrade head[0m
2025-08-20T21:21:35.5682931Z shell: /usr/bin/bash -e {0}
2025-08-20T21:21:35.5683163Z env:
2025-08-20T21:21:35.5683369Z   REDIS_URL: redis://localhost:6379/0
2025-08-20T21:21:35.5683653Z   RATE_LIMIT_DEFAULT: 100/minute
2025-08-20T21:21:35.5683881Z   TRUST_X_FORWARDED: 1
2025-08-20T21:21:35.5684078Z   PG_USER: postgres
2025-08-20T21:21:35.5684266Z   PG_PASSWORD: pass
2025-08-20T21:21:35.5684448Z   PG_DATABASE: awa
2025-08-20T21:21:35.5684631Z   PG_HOST: localhost
2025-08-20T21:21:35.5684816Z   PG_PORT: 5432
2025-08-20T21:21:35.5685427Z   PG_SYNC_DSN: ***localhost:5432/awa
2025-08-20T21:21:35.5685835Z   PG_ASYNC_DSN: ***localhost:5432/awa
2025-08-20T21:21:35.5686212Z   DATABASE_URL: ***localhost:5432/awa
2025-08-20T21:21:35.5686449Z   DATA_DIR: /tmp/awa-data
2025-08-20T21:21:35.5686653Z   ENABLE_LIVE: 0
2025-08-20T21:21:35.5686853Z   TESTING: 1
2025-08-20T21:21:35.5687098Z   pythonLocation: /opt/hostedtoolcache/Python/3.12.11/x64
2025-08-20T21:21:35.5687488Z   PKG_CONFIG_PATH: /opt/hostedtoolcache/Python/3.12.11/x64/lib/pkgconfig
2025-08-20T21:21:35.5687904Z   Python_ROOT_DIR: /opt/hostedtoolcache/Python/3.12.11/x64
2025-08-20T21:21:35.5688427Z   Python2_ROOT_DIR: /opt/hostedtoolcache/Python/3.12.11/x64
2025-08-20T21:21:35.5688780Z   Python3_ROOT_DIR: /opt/hostedtoolcache/Python/3.12.11/x64
2025-08-20T21:21:35.5689135Z   LD_LIBRARY_PATH: /opt/hostedtoolcache/Python/3.12.11/x64/lib
2025-08-20T21:21:35.5689444Z   POSTGRES_USER: postgres
2025-08-20T21:21:35.5689664Z   POSTGRES_PASSWORD: pass
2025-08-20T21:21:35.5689872Z   POSTGRES_DB: awa
2025-08-20T21:21:35.5690062Z ##[endgroup]
2025-08-20T21:21:36.4614785Z INFO  [alembic.runtime.migration] Context impl PostgresqlImpl.
2025-08-20T21:21:36.4615858Z INFO  [alembic.runtime.migration] Will assume transactional DDL.
2025-08-20T21:21:36.4792812Z INFO  [alembic.runtime.migration] Running upgrade  -> 0001_baseline
2025-08-20T21:21:36.4933013Z INFO  [alembic.runtime.migration] Running upgrade 0001_baseline -> 0002_create_roi_view
2025-08-20T21:21:36.4959442Z INFO  [alembic.runtime.migration] Running upgrade 0002_create_roi_view -> 3e9d5c5aff2c
2025-08-20T21:21:36.5124169Z INFO  [alembic.runtime.migration] Running upgrade 3e9d5c5aff2c -> 0003_vendor_prices
2025-08-20T21:21:36.5266551Z INFO  [alembic.runtime.migration] Running upgrade 0003_vendor_prices -> 0004_fee_cron
2025-08-20T21:21:36.5336565Z INFO  [alembic.runtime.migration] Running upgrade 0004_fee_cron -> 0006_fix_roi_views
2025-08-20T21:21:36.5367276Z INFO  [alembic.runtime.migration] Running upgrade 0006_fix_roi_views -> 0020_unified_schema
2025-08-20T21:21:36.5478577Z INFO  [alembic.runtime.migration] Running upgrade 0020_unified_schema -> 0022_fix_roi_view
2025-08-20T21:21:36.5545832Z INFO  [alembic.runtime.migration] Running upgrade 0022_fix_roi_view -> 0023_add_storage_fee
2025-08-20T21:21:36.5582864Z INFO  [alembic.runtime.migration] Running upgrade 0023_add_storage_fee -> 0024_create_buybox
2025-08-20T21:21:36.5604533Z INFO  [alembic.runtime.migration] Running upgrade 0024_create_buybox -> 0025_pr4_indexes_loadlog
2025-08-20T21:21:36.5818754Z INFO  [alembic.runtime.migration] Running upgrade 0025_pr4_indexes_loadlog -> 0026_amazon_new_reports
2025-08-20T21:21:36.6720795Z ##[group]Run pytest -q --cov=services --cov-report=xml
2025-08-20T21:21:36.6721211Z [36;1mpytest -q --cov=services --cov-report=xml[0m
2025-08-20T21:21:36.6761960Z shell: /usr/bin/bash -e {0}
2025-08-20T21:21:36.6762199Z env:
2025-08-20T21:21:36.6762413Z   REDIS_URL: redis://localhost:6379/0
2025-08-20T21:21:36.6762694Z   RATE_LIMIT_DEFAULT: 100/minute
2025-08-20T21:21:36.6762937Z   TRUST_X_FORWARDED: 1
2025-08-20T21:21:36.6763151Z   PG_USER: postgres
2025-08-20T21:21:36.6763351Z   PG_PASSWORD: pass
2025-08-20T21:21:36.6763555Z   PG_DATABASE: awa
2025-08-20T21:21:36.6763753Z   PG_HOST: localhost
2025-08-20T21:21:36.6763952Z   PG_PORT: 5432
2025-08-20T21:21:36.6764384Z   PG_SYNC_DSN: ***localhost:5432/awa
2025-08-20T21:21:36.6764799Z   PG_ASYNC_DSN: ***localhost:5432/awa
2025-08-20T21:21:36.6765430Z   DATABASE_URL: ***localhost:5432/awa
2025-08-20T21:21:36.6765709Z   DATA_DIR: /home/runner/work/_temp/awa-data
2025-08-20T21:21:36.6765972Z   ENABLE_LIVE: 0
2025-08-20T21:21:36.6766185Z   TESTING: 1
2025-08-20T21:21:36.6766444Z   pythonLocation: /opt/hostedtoolcache/Python/3.12.11/x64
2025-08-20T21:21:36.6766855Z   PKG_CONFIG_PATH: /opt/hostedtoolcache/Python/3.12.11/x64/lib/pkgconfig
2025-08-20T21:21:36.6767249Z   Python_ROOT_DIR: /opt/hostedtoolcache/Python/3.12.11/x64
2025-08-20T21:21:36.6767607Z   Python2_ROOT_DIR: /opt/hostedtoolcache/Python/3.12.11/x64
2025-08-20T21:21:36.6767963Z   Python3_ROOT_DIR: /opt/hostedtoolcache/Python/3.12.11/x64
2025-08-20T21:21:36.6768323Z   LD_LIBRARY_PATH: /opt/hostedtoolcache/Python/3.12.11/x64/lib
2025-08-20T21:21:36.6768641Z   POSTGRES_USER: postgres
2025-08-20T21:21:36.6768863Z   POSTGRES_PASSWORD: pass
2025-08-20T21:21:36.6769075Z   POSTGRES_DB: awa
2025-08-20T21:21:36.6769265Z   LLM_PROVIDER: lan
2025-08-20T21:21:36.6769484Z   LLM_BASE_URL: http://localhost:8000
2025-08-20T21:21:36.6769737Z ##[endgroup]
2025-08-20T21:22:04.7431463Z ........s.............................sssssss........................... [ 41%]
2025-08-20T21:22:36.6564843Z ........................................................................ [ 83%]
2025-08-20T21:22:37.8908185Z .............................                                            [100%]
2025-08-20T21:22:37.8909326Z =============================== warnings summary ===============================
2025-08-20T21:22:37.8910642Z ../../../../../opt/hostedtoolcache/Python/3.12.11/x64/lib/python3.12/site-packages/pydantic/fields.py:1093
2025-08-20T21:22:37.8913884Z   /opt/hostedtoolcache/Python/3.12.11/x64/lib/python3.12/site-packages/pydantic/fields.py:1093: PydanticDeprecatedSince20: Using extra keyword arguments on `Field` is deprecated and will be removed. Use `json_schema_extra` instead. (Extra keys: 'strip_whitespace'). Deprecated in Pydantic V2.0 to be removed in V3.0. See Pydantic V2 Migration Guide at https://errors.pydantic.dev/2.11/migration/
2025-08-20T21:22:37.8916567Z     warn(
2025-08-20T21:22:37.8916798Z 
2025-08-20T21:22:37.8917143Z services/alert_bot/tests/test_smoke.py:5
2025-08-20T21:22:37.8920360Z   /home/runner/work/AWA-App/AWA-App/services/alert_bot/tests/test_smoke.py:5: UserWarning: pkg_resources is deprecated as an API. See https://setuptools.pypa.io/en/latest/pkg_resources.html. The pkg_resources package is slated for removal as early as 2025-11-30. Refrain from using this package or pin to Setuptools<81.
2025-08-20T21:22:37.8923100Z     import pkg_resources  # noqa: F401
2025-08-20T21:22:37.8923506Z 
2025-08-20T21:22:37.8923910Z tests/api/test_ingest_endpoints.py: 12 warnings
2025-08-20T21:22:37.8924747Z tests/ingest/test_tasks_eager.py: 3 warnings
2025-08-20T21:22:37.8925544Z tests/test_api_fast.py: 1 warning
2025-08-20T21:22:37.8926019Z tests/test_health.py: 5 warnings
2025-08-20T21:22:37.8926485Z tests/test_smoke.py: 5 warnings
2025-08-20T21:22:37.8926983Z services/api/tests/test_cors.py: 1 warning
2025-08-20T21:22:37.8927586Z services/api/tests/test_errors_json.py: 2 warnings
2025-08-20T21:22:37.8928190Z services/api/tests/test_health.py: 1 warning
2025-08-20T21:22:37.8929198Z services/api/tests/test_rate_limit.py: 122 warnings
2025-08-20T21:22:37.8929899Z services/api/tests/test_roi_basic_auth.py: 4 warnings
2025-08-20T21:22:37.8930581Z services/api/tests/test_sentry_event.py: 1 warning
2025-08-20T21:22:37.8931296Z services/api/tests/test_stats_contracts.py: 3 warnings
2025-08-20T21:22:37.8932100Z services/api/tests/test_stats_future_contracts.py: 3 warnings
2025-08-20T21:22:37.8934711Z   /opt/hostedtoolcache/Python/3.12.11/x64/lib/python3.12/site-packages/asgi_correlation_id/extensions/sentry.py:27: DeprecationWarning: sentry_sdk.configure_scope is deprecated and will be removed in the next major version. Please consult our migration guide to learn how to migrate to the new API: https://docs.sentry.io/platforms/python/migration/1.x-to-2.x#scope-configuring
2025-08-20T21:22:37.8936923Z     with configure_scope() as scope:
2025-08-20T21:22:37.8937215Z 
2025-08-20T21:22:37.8937521Z tests/api/test_ingest_endpoints.py: 3 warnings
2025-08-20T21:22:37.8938086Z tests/test_api_fast.py: 1 warning
2025-08-20T21:22:37.8938573Z tests/test_health.py: 5 warnings
2025-08-20T21:22:37.8939020Z tests/test_smoke.py: 5 warnings
2025-08-20T21:22:37.8939515Z services/api/tests/test_cors.py: 3 warnings
2025-08-20T21:22:37.8940118Z services/api/tests/test_errors_json.py: 2 warnings
2025-08-20T21:22:37.8940739Z services/api/tests/test_health.py: 1 warning
2025-08-20T21:22:37.8941354Z services/api/tests/test_rate_limit.py: 2 warnings
2025-08-20T21:22:37.8941987Z services/api/tests/test_sentry_event.py: 1 warning
2025-08-20T21:22:37.8942697Z services/api/tests/test_stats_contracts.py: 3 warnings
2025-08-20T21:22:37.8943498Z services/api/tests/test_stats_future_contracts.py: 1 warning
2025-08-20T21:22:37.8945426Z   /opt/hostedtoolcache/Python/3.12.11/x64/lib/python3.12/site-packages/fastapi_limiter/__init__.py:89: DeprecationWarning: Call to deprecated close. (Use aclose() instead) -- Deprecated since version 5.0.1.
2025-08-20T21:22:37.8946845Z     await cls.redis.close()
2025-08-20T21:22:37.8947108Z 
2025-08-20T21:22:37.8947469Z tests/test_api_fast.py::test_health_endpoint
2025-08-20T21:22:37.8949813Z   /home/runner/work/AWA-App/AWA-App/tests/test_api_fast.py:13: DeprecationWarning: datetime.datetime.utcnow() is deprecated and scheduled for removal in a future version. Use timezone-aware objects to represent datetimes in UTC: datetime.datetime.now(datetime.UTC).
2025-08-20T21:22:37.8951598Z     return datetime.datetime.utcnow()
2025-08-20T21:22:37.8951919Z 
2025-08-20T21:22:37.8952170Z tests/test_api_fast.py: 1 warning
2025-08-20T21:22:37.8952692Z tests/test_health.py: 5 warnings
2025-08-20T21:22:37.8953189Z tests/test_smoke.py: 5 warnings
2025-08-20T21:22:37.8953734Z services/api/tests/test_cors.py: 1 warning
2025-08-20T21:22:37.8954360Z services/api/tests/test_health.py: 1 warning
2025-08-20T21:22:37.8955011Z services/api/tests/test_rate_limit.py: 102 warnings
2025-08-20T21:22:37.8957353Z   /home/runner/work/AWA-App/AWA-App/services/api/routes/health.py:24: DeprecationWarning: datetime.datetime.utcnow() is deprecated and scheduled for removal in a future version. Use timezone-aware objects to represent datetimes in UTC: datetime.datetime.now(datetime.UTC).
2025-08-20T21:22:37.8959306Z     app_now = datetime.utcnow().replace(tzinfo=timezone.utc)
2025-08-20T21:22:37.8959718Z 
2025-08-20T21:22:37.8959988Z tests/test_health.py::test_health[0]
2025-08-20T21:22:37.8960553Z tests/test_health.py::test_health[1]
2025-08-20T21:22:37.8961092Z tests/test_health.py::test_health[2]
2025-08-20T21:22:37.8961632Z tests/test_health.py::test_health[3]
2025-08-20T21:22:37.8962165Z tests/test_health.py::test_health[4]
2025-08-20T21:22:37.8964082Z   /home/runner/work/AWA-App/AWA-App/tests/test_health.py:22: DeprecationWarning: datetime.datetime.utcnow() is deprecated and scheduled for removal in a future version. Use timezone-aware objects to represent datetimes in UTC: datetime.datetime.now(datetime.UTC).
2025-08-20T21:22:37.8966037Z     return datetime.datetime.utcnow()
2025-08-20T21:22:37.8966364Z 
2025-08-20T21:22:37.8966863Z tests/test_smoke.py::test_health[0]
2025-08-20T21:22:37.8967461Z tests/test_smoke.py::test_health[1]
2025-08-20T21:22:37.8968009Z tests/test_smoke.py::test_health[2]
2025-08-20T21:22:37.8968545Z tests/test_smoke.py::test_health[3]
2025-08-20T21:22:37.8969072Z tests/test_smoke.py::test_health[4]
2025-08-20T21:22:37.8970988Z   /home/runner/work/AWA-App/AWA-App/tests/test_smoke.py:32: DeprecationWarning: datetime.datetime.utcnow() is deprecated and scheduled for removal in a future version. Use timezone-aware objects to represent datetimes in UTC: datetime.datetime.now(datetime.UTC).
2025-08-20T21:22:37.8972759Z     return datetime.datetime.utcnow()
2025-08-20T21:22:37.8973088Z 
2025-08-20T21:22:37.8973523Z services/api/tests/test_cors.py::test_cors_simple_get_allowed
2025-08-20T21:22:37.8975858Z   /home/runner/work/AWA-App/AWA-App/services/api/tests/test_cors.py:27: DeprecationWarning: datetime.datetime.utcnow() is deprecated and scheduled for removal in a future version. Use timezone-aware objects to represent datetimes in UTC: datetime.datetime.now(datetime.UTC).
2025-08-20T21:22:37.8977722Z     return datetime.datetime.utcnow()
2025-08-20T21:22:37.8978414Z Sentry is attempting to send 0 pending events
2025-08-20T21:22:37.8979049Z Waiting up to True seconds
2025-08-20T21:22:37.8979536Z Press Ctrl-C to quit
2025-08-20T21:22:37.8979774Z 
2025-08-20T21:22:37.8980132Z services/api/tests/test_health.py::test_health_route
2025-08-20T21:22:37.8982241Z   /home/runner/work/AWA-App/AWA-App/services/api/tests/test_health.py:14: DeprecationWarning: datetime.datetime.utcnow() is deprecated and scheduled for removal in a future version. Use timezone-aware objects to represent datetimes in UTC: datetime.datetime.now(datetime.UTC).
2025-08-20T21:22:37.8984117Z     return datetime.datetime.utcnow()
2025-08-20T21:22:37.8984443Z 
2025-08-20T21:22:37.8984783Z services/api/tests/test_rate_limit.py: 102 warnings
2025-08-20T21:22:37.8987115Z   /home/runner/work/AWA-App/AWA-App/services/api/tests/test_rate_limit.py:33: DeprecationWarning: datetime.datetime.utcnow() is deprecated and scheduled for removal in a future version. Use timezone-aware objects to represent datetimes in UTC: datetime.datetime.now(datetime.UTC).
2025-08-20T21:22:37.8989237Z     return datetime.datetime.utcnow()
2025-08-20T21:22:37.8989551Z 
2025-08-20T21:22:37.8990172Z services/api/tests/test_sentry_event.py::test_unhandled_exception_is_captured_and_tagged
2025-08-20T21:22:37.8992837Z   /home/runner/work/AWA-App/AWA-App/services/api/tests/test_sentry_event.py:47: SentryHubDeprecationWarning: `sentry_sdk.Hub` is deprecated and will be removed in a future major release. Please consult our 1.x to 2.x migration guide for details on how to migrate `Hub` usage to the new API: https://docs.sentry.io/platforms/python/migration/1.x-to-2.x
2025-08-20T21:22:37.8994950Z     hub = sentry_sdk.Hub.current
2025-08-20T21:22:37.8995428Z 
2025-08-20T21:22:37.8995932Z -- Docs: https://docs.pytest.org/en/stable/how-to/capture-warnings.html
2025-08-20T21:22:37.8996810Z ================================ tests coverage ================================
2025-08-20T21:22:37.8997672Z _______________ coverage: platform linux, python 3.12.11-final-0 _______________
2025-08-20T21:22:37.8998140Z 
2025-08-20T21:22:37.8998425Z Coverage XML written to file coverage.xml
2025-08-20T21:22:38.3410264Z ##[group]Run echo "::group::postgres container logs"
2025-08-20T21:22:38.3410640Z [36;1mecho "::group::postgres container logs"[0m
2025-08-20T21:22:38.3411106Z [36;1mdocker logs a450be3c2a9fd2df96c07b56fc8fdd625bcf9affc749092fc7132e3995dd9464 --tail 200[0m
2025-08-20T21:22:38.3411545Z [36;1mecho "::endgroup::"[0m
2025-08-20T21:22:38.3452958Z shell: /usr/bin/bash -e {0}
2025-08-20T21:22:38.3453192Z env:
2025-08-20T21:22:38.3453401Z   REDIS_URL: redis://localhost:6379/0
2025-08-20T21:22:38.3453672Z   RATE_LIMIT_DEFAULT: 100/minute
2025-08-20T21:22:38.3453909Z   TRUST_X_FORWARDED: 1
2025-08-20T21:22:38.3454117Z   PG_USER: postgres
2025-08-20T21:22:38.3454306Z   PG_PASSWORD: pass
2025-08-20T21:22:38.3454487Z   PG_DATABASE: awa
2025-08-20T21:22:38.3454684Z   PG_HOST: localhost
2025-08-20T21:22:38.3454874Z   PG_PORT: 5432
2025-08-20T21:22:38.3455507Z   PG_SYNC_DSN: ***localhost:5432/awa
2025-08-20T21:22:38.3455922Z   PG_ASYNC_DSN: ***localhost:5432/awa
2025-08-20T21:22:38.3456346Z   DATABASE_URL: ***localhost:5432/awa
2025-08-20T21:22:38.3456584Z   DATA_DIR: /tmp/awa-data
2025-08-20T21:22:38.3456782Z   ENABLE_LIVE: 0
2025-08-20T21:22:38.3456963Z   TESTING: 1
2025-08-20T21:22:38.3457204Z   pythonLocation: /opt/hostedtoolcache/Python/3.12.11/x64
2025-08-20T21:22:38.3457597Z   PKG_CONFIG_PATH: /opt/hostedtoolcache/Python/3.12.11/x64/lib/pkgconfig
2025-08-20T21:22:38.3457979Z   Python_ROOT_DIR: /opt/hostedtoolcache/Python/3.12.11/x64
2025-08-20T21:22:38.3458319Z   Python2_ROOT_DIR: /opt/hostedtoolcache/Python/3.12.11/x64
2025-08-20T21:22:38.3458669Z   Python3_ROOT_DIR: /opt/hostedtoolcache/Python/3.12.11/x64
2025-08-20T21:22:38.3459016Z   LD_LIBRARY_PATH: /opt/hostedtoolcache/Python/3.12.11/x64/lib
2025-08-20T21:22:38.3459307Z ##[endgroup]
2025-08-20T21:22:38.3517005Z ##[group]postgres container logs
2025-08-20T21:22:38.3638516Z The files belonging to this database system will be owned by user "postgres".
2025-08-20T21:22:38.3639656Z initdb: warning: enabling "trust" authentication for local connections
2025-08-20T21:22:38.3641033Z initdb: hint: You can change this by editing pg_hba.conf or using the option -A, or --auth-local and --auth-host, the next time you run initdb.
2025-08-20T21:22:38.3641773Z This user must also own the server process.
2025-08-20T21:22:38.3642565Z 2025-08-20 21:20:04.783 UTC [1] LOG:  starting PostgreSQL 15.14 (Debian 15.14-1.pgdg13+1) on x86_64-pc-linux-gnu, compiled by gcc (Debian 14.2.0-19) 14.2.0, 64-bit
2025-08-20T21:22:38.3643284Z 2025-08-20 21:20:04.783 UTC [1] LOG:  listening on IPv4 address "0.0.0.0", port 5432
2025-08-20T21:22:38.3643805Z 2025-08-20 21:20:04.783 UTC [1] LOG:  listening on IPv6 address "::", port 5432
2025-08-20T21:22:38.3644362Z 2025-08-20 21:20:04.784 UTC [1] LOG:  listening on Unix socket "/var/run/postgresql/.s.PGSQL.5432"
2025-08-20T21:22:38.3645465Z 2025-08-20 21:20:04.788 UTC [64] LOG:  database system was shut down at 2025-08-20 21:20:04 UTC
2025-08-20T21:22:38.3646014Z 2025-08-20 21:20:04.792 UTC [1] LOG:  database system is ready to accept connections
2025-08-20T21:22:38.3646272Z 
2025-08-20T21:22:38.3646524Z The database cluster will be initialized with locale "en_US.utf8".
2025-08-20T21:22:38.3647002Z The default database encoding has accordingly been set to "UTF8".
2025-08-20T21:22:38.3647456Z The default text search configuration will be set to "english".
2025-08-20T21:22:38.3647689Z 
2025-08-20T21:22:38.3647831Z Data page checksums are disabled.
2025-08-20T21:22:38.3647992Z 
2025-08-20T21:22:38.3648259Z fixing permissions on existing directory /var/lib/postgresql/data ... ok
2025-08-20T21:22:38.3648659Z creating subdirectories ... ok
2025-08-20T21:22:38.3649014Z selecting dynamic shared memory implementation ... posix
2025-08-20T21:22:38.3649374Z selecting default max_connections ... 100
2025-08-20T21:22:38.3649700Z selecting default shared_buffers ... 128MB
2025-08-20T21:22:38.3650009Z selecting default time zone ... Etc/UTC
2025-08-20T21:22:38.3650308Z creating configuration files ... ok
2025-08-20T21:22:38.3650789Z running bootstrap script ... ok
2025-08-20T21:22:38.3651515Z performing post-bootstrap initialization ... ok
2025-08-20T21:22:38.3651821Z syncing data to disk ... ok
2025-08-20T21:22:38.3651962Z 
2025-08-20T21:22:38.3651969Z 
2025-08-20T21:22:38.3652333Z Success. You can now start the database server using:
2025-08-20T21:22:38.3652547Z 
2025-08-20T21:22:38.3652713Z     pg_ctl -D /var/lib/postgresql/data -l logfile start
2025-08-20T21:22:38.3652911Z 
2025-08-20T21:22:38.3653890Z waiting for server to start....2025-08-20 21:20:04.441 UTC [48] LOG:  starting PostgreSQL 15.14 (Debian 15.14-1.pgdg13+1) on x86_64-pc-linux-gnu, compiled by gcc (Debian 14.2.0-19) 14.2.0, 64-bit
2025-08-20T21:22:38.3654959Z 2025-08-20 21:20:04.441 UTC [48] LOG:  listening on Unix socket "/var/run/postgresql/.s.PGSQL.5432"
2025-08-20T21:22:38.3656047Z 2025-08-20 21:20:04.444 UTC [51] LOG:  database system was shut down at 2025-08-20 21:20:04 UTC
2025-08-20T21:22:38.3656982Z 2025-08-20 21:20:04.449 UTC [48] LOG:  database system is ready to accept connections
2025-08-20T21:22:38.3657340Z  done
2025-08-20T21:22:38.3657512Z server started
2025-08-20T21:22:38.3657754Z CREATE DATABASE
2025-08-20T21:22:38.3657942Z 
2025-08-20T21:22:38.3657952Z 
2025-08-20T21:22:38.3658463Z /usr/local/bin/docker-entrypoint.sh: ignoring /docker-entrypoint-initdb.d/*
2025-08-20T21:22:38.3658941Z 
2025-08-20T21:22:38.3659530Z waiting for server to shut down...2025-08-20 21:20:04.662 UTC [48] LOG:  received fast shutdown request
2025-08-20T21:22:38.3660137Z .2025-08-20 21:20:04.663 UTC [48] LOG:  aborting any active transactions
2025-08-20T21:22:38.3660769Z 2025-08-20 21:20:04.665 UTC [48] LOG:  background worker "logical replication launcher" (PID 54) exited with exit code 1
2025-08-20T21:22:38.3661302Z 2025-08-20 21:20:04.666 UTC [49] LOG:  shutting down
2025-08-20T21:22:38.3661762Z 2025-08-20 21:20:04.667 UTC [49] LOG:  checkpoint starting: shutdown immediate
2025-08-20T21:22:38.3662859Z 2025-08-20 21:20:04.690 UTC [49] LOG:  checkpoint complete: wrote 922 buffers (5.6%); 0 WAL file(s) added, 0 removed, 0 recycled; write=0.019 s, sync=0.003 s, total=0.024 s; sync files=301, longest=0.002 s, average=0.001 s; distance=4239 kB, estimate=4239 kB
2025-08-20T21:22:38.3663835Z 2025-08-20 21:20:04.699 UTC [48] LOG:  database system is shut down
2025-08-20T21:22:38.3664131Z  done
2025-08-20T21:22:38.3664298Z server stopped
2025-08-20T21:22:38.3664414Z 
2025-08-20T21:22:38.3664609Z PostgreSQL init process complete; ready for start up.
2025-08-20T21:22:38.3664824Z 
2025-08-20T21:22:38.3665292Z ##[endgroup]
2025-08-20T21:22:38.3702034Z Post job cleanup.
2025-08-20T21:22:38.5862358Z Post job cleanup.
2025-08-20T21:22:38.7121740Z Cache hit occurred on the primary key Linux-test-cad4f3141a3acebc51100003b786cdd8b1469fbd1e92da4bdcf4b225e9f8de52, not saving cache.
2025-08-20T21:22:38.7224334Z Post job cleanup.
2025-08-20T21:22:38.8718349Z Cache hit occurred on the primary key setup-python-Linux-x64-24.04-Ubuntu-python-3.12.11-pip-c1482b34cefb1d5627945f9a0dd249aa846f19d51444dfcb41e18d369341003d, not saving cache.
2025-08-20T21:22:38.8831059Z Post job cleanup.
2025-08-20T21:22:38.9590097Z [command]/usr/bin/git version
2025-08-20T21:22:38.9625202Z git version 2.50.1
2025-08-20T21:22:38.9660491Z Temporarily overriding HOME='/home/runner/work/_temp/95572a3e-1214-40b0-ad7f-5875dcaead82' before making global git config changes
2025-08-20T21:22:38.9661346Z Adding repository directory to the temporary git global config as a safe directory
2025-08-20T21:22:38.9665925Z [command]/usr/bin/git config --global --add safe.directory /home/runner/work/AWA-App/AWA-App
2025-08-20T21:22:38.9702540Z [command]/usr/bin/git config --local --name-only --get-regexp core\.sshCommand
2025-08-20T21:22:38.9735643Z [command]/usr/bin/git submodule foreach --recursive sh -c "git config --local --name-only --get-regexp 'core\.sshCommand' && git config --local --unset-all 'core.sshCommand' || :"
2025-08-20T21:22:38.9970459Z [command]/usr/bin/git config --local --name-only --get-regexp http\.https\:\/\/github\.com\/\.extraheader
2025-08-20T21:22:38.9992326Z http.https://github.com/.extraheader
2025-08-20T21:22:39.0002109Z [command]/usr/bin/git config --local --unset-all http.https://github.com/.extraheader
2025-08-20T21:22:39.0034062Z [command]/usr/bin/git submodule foreach --recursive sh -c "git config --local --name-only --get-regexp 'http\.https\:\/\/github\.com\/\.extraheader' && git config --local --unset-all 'http.https://github.com/.extraheader' || :"
2025-08-20T21:22:39.0348041Z Print service container logs: 426261c516cf4ce1bad26527c9ce316a_postgres15_824126
2025-08-20T21:22:39.0352542Z ##[command]/usr/bin/docker logs --details a450be3c2a9fd2df96c07b56fc8fdd625bcf9affc749092fc7132e3995dd9464
2025-08-20T21:22:39.0477645Z  The files belonging to this database system will be owned by user "postgres".
2025-08-20T21:22:39.0479384Z  initdb: warning: enabling "trust" authentication for local connections
2025-08-20T21:22:39.0480453Z  initdb: hint: You can change this by editing pg_hba.conf or using the option -A, or --auth-local and --auth-host, the next time you run initdb.
2025-08-20T21:22:39.0481350Z  This user must also own the server process.
2025-08-20T21:22:39.0481751Z  
2025-08-20T21:22:39.0482030Z  The database cluster will be initialized with locale "en_US.utf8".
2025-08-20T21:22:39.0482457Z  The default database encoding has accordingly been set to "UTF8".
2025-08-20T21:22:39.0482851Z  The default text search configuration will be set to "english".
2025-08-20T21:22:39.0483184Z  
2025-08-20T21:22:39.0483367Z  Data page checksums are disabled.
2025-08-20T21:22:39.0483591Z  
2025-08-20T21:22:39.0483862Z  fixing permissions on existing directory /var/lib/postgresql/data ... ok
2025-08-20T21:22:39.0484235Z  creating subdirectories ... ok
2025-08-20T21:22:39.0484538Z  selecting dynamic shared memory implementation ... posix
2025-08-20T21:22:39.0484863Z  selecting default max_connections ... 100
2025-08-20T21:22:39.0485365Z  selecting default shared_buffers ... 128MB
2025-08-20T21:22:39.0485634Z  selecting default time zone ... Etc/UTC
2025-08-20T21:22:39.0485892Z  creating configuration files ... ok
2025-08-20T21:22:39.0486138Z  running bootstrap script ... ok
2025-08-20T21:22:39.0486416Z  performing post-bootstrap initialization ... ok
2025-08-20T21:22:39.0486688Z  syncing data to disk ... ok
2025-08-20T21:22:39.0486891Z  
2025-08-20T21:22:39.0487041Z  
2025-08-20T21:22:39.0487251Z  Success. You can now start the database server using:
2025-08-20T21:22:39.0487522Z  
2025-08-20T21:22:39.0487731Z      pg_ctl -D /var/lib/postgresql/data -l logfile start
2025-08-20T21:22:39.0487992Z  
2025-08-20T21:22:39.0488523Z  waiting for server to start....2025-08-20 21:20:04.441 UTC [48] LOG:  starting PostgreSQL 15.14 (Debian 15.14-1.pgdg13+1) on x86_64-pc-linux-gnu, compiled by gcc (Debian 14.2.0-19) 14.2.0, 64-bit
2025-08-20T21:22:39.0489485Z  2025-08-20 21:20:04.441 UTC [48] LOG:  listening on Unix socket "/var/run/postgresql/.s.PGSQL.5432"
2025-08-20T21:22:39.0489965Z  2025-08-20 21:20:04.444 UTC [51] LOG:  database system was shut down at 2025-08-20 21:20:04 UTC
2025-08-20T21:22:39.0490394Z  2025-08-20 21:20:04.449 UTC [48] LOG:  database system is ready to accept connections
2025-08-20T21:22:39.0490722Z   done
2025-08-20T21:22:39.0490891Z  server started
2025-08-20T21:22:39.0491380Z  2025-08-20 21:20:04.783 UTC [1] LOG:  starting PostgreSQL 15.14 (Debian 15.14-1.pgdg13+1) on x86_64-pc-linux-gnu, compiled by gcc (Debian 14.2.0-19) 14.2.0, 64-bit
2025-08-20T21:22:39.0491988Z  2025-08-20 21:20:04.783 UTC [1] LOG:  listening on IPv4 address "0.0.0.0", port 5432
2025-08-20T21:22:39.0492390Z  2025-08-20 21:20:04.783 UTC [1] LOG:  listening on IPv6 address "::", port 5432
2025-08-20T21:22:39.0492830Z  2025-08-20 21:20:04.784 UTC [1] LOG:  listening on Unix socket "/var/run/postgresql/.s.PGSQL.5432"
2025-08-20T21:22:39.0493776Z  2025-08-20 21:20:04.788 UTC [64] LOG:  database system was shut down at 2025-08-20 21:20:04 UTC
2025-08-20T21:22:39.0494503Z  2025-08-20 21:20:04.792 UTC [1] LOG:  database system is ready to accept connections
2025-08-20T21:22:39.0494984Z  CREATE DATABASE
2025-08-20T21:22:39.0495332Z  
2025-08-20T21:22:39.0495489Z  
2025-08-20T21:22:39.0495792Z  /usr/local/bin/docker-entrypoint.sh: ignoring /docker-entrypoint-initdb.d/*
2025-08-20T21:22:39.0496170Z  
2025-08-20T21:22:39.0496483Z  waiting for server to shut down...2025-08-20 21:20:04.662 UTC [48] LOG:  received fast shutdown request
2025-08-20T21:22:39.0497149Z  .2025-08-20 21:20:04.663 UTC [48] LOG:  aborting any active transactions
2025-08-20T21:22:39.0497665Z  2025-08-20 21:20:04.665 UTC [48] LOG:  background worker "logical replication launcher" (PID 54) exited with exit code 1
2025-08-20T21:22:39.0498135Z  2025-08-20 21:20:04.666 UTC [49] LOG:  shutting down
2025-08-20T21:22:39.0498477Z  2025-08-20 21:20:04.667 UTC [49] LOG:  checkpoint starting: shutdown immediate
2025-08-20T21:22:39.0499286Z  2025-08-20 21:20:04.690 UTC [49] LOG:  checkpoint complete: wrote 922 buffers (5.6%); 0 WAL file(s) added, 0 removed, 0 recycled; write=0.019 s, sync=0.003 s, total=0.024 s; sync files=301, longest=0.002 s, average=0.001 s; distance=4239 kB, estimate=4239 kB
2025-08-20T21:22:39.0500067Z  2025-08-20 21:20:04.699 UTC [48] LOG:  database system is shut down
2025-08-20T21:22:39.0500354Z   done
2025-08-20T21:22:39.0500520Z  server stopped
2025-08-20T21:22:39.0500697Z  
2025-08-20T21:22:39.0500915Z  PostgreSQL init process complete; ready for start up.
2025-08-20T21:22:39.0501192Z  
2025-08-20T21:22:39.0506665Z Stop and remove container: 426261c516cf4ce1bad26527c9ce316a_postgres15_824126
2025-08-20T21:22:39.0511373Z ##[command]/usr/bin/docker rm --force a450be3c2a9fd2df96c07b56fc8fdd625bcf9affc749092fc7132e3995dd9464
2025-08-20T21:22:39.1681983Z a450be3c2a9fd2df96c07b56fc8fdd625bcf9affc749092fc7132e3995dd9464
2025-08-20T21:22:39.1700895Z Print service container logs: 710681f07e48409980c89f2d3786c3b9_redis7alpine_afed34
2025-08-20T21:22:39.1702067Z ##[command]/usr/bin/docker logs --details 54921c6b593f568b272d8c8a1ecda7f3af630f3e4c9f4bde9e0255b65c9171ca
2025-08-20T21:22:39.1819796Z  1:C 20 Aug 2025 21:20:04.926 # WARNING Memory overcommit must be enabled! Without it, a background save or replication may fail under low memory condition. Being disabled, it can also cause failures without low memory condition, see https://github.com/jemalloc/jemalloc/issues/1328. To fix this issue add 'vm.overcommit_memory = 1' to /etc/sysctl.conf and then reboot or run the command 'sysctl vm.overcommit_memory=1' for this to take effect.
2025-08-20T21:22:39.1821349Z  1:C 20 Aug 2025 21:20:04.926 * oO0OoO0OoO0Oo Redis is starting oO0OoO0OoO0Oo
2025-08-20T21:22:39.1821826Z  1:C 20 Aug 2025 21:20:04.926 * Redis version=7.4.5, bits=64, commit=00000000, modified=0, pid=1, just started
2025-08-20T21:22:39.1822534Z  1:C 20 Aug 2025 21:20:04.926 # Warning: no config file specified, using the default config. In order to specify a config file use redis-server /path/to/redis.conf
2025-08-20T21:22:39.1823389Z  1:M 20 Aug 2025 21:20:04.926 * monotonic clock: POSIX clock_gettime
2025-08-20T21:22:39.1823743Z  1:M 20 Aug 2025 21:20:04.926 * Running mode=standalone, port=6379.
2025-08-20T21:22:39.1824062Z  1:M 20 Aug 2025 21:20:04.927 * Server initialized
2025-08-20T21:22:39.1824384Z  1:M 20 Aug 2025 21:20:04.927 * Ready to accept connections tcp
2025-08-20T21:22:39.1831372Z Stop and remove container: 710681f07e48409980c89f2d3786c3b9_redis7alpine_afed34
2025-08-20T21:22:39.1832072Z ##[command]/usr/bin/docker rm --force 54921c6b593f568b272d8c8a1ecda7f3af630f3e4c9f4bde9e0255b65c9171ca
2025-08-20T21:22:39.3001307Z 54921c6b593f568b272d8c8a1ecda7f3af630f3e4c9f4bde9e0255b65c9171ca
2025-08-20T21:22:39.3024408Z Remove container network: github_network_3ec39c136f6d40f0bd3e55c0eaf880a5
2025-08-20T21:22:39.3029304Z ##[command]/usr/bin/docker network rm github_network_3ec39c136f6d40f0bd3e55c0eaf880a5
2025-08-20T21:22:39.4029447Z github_network_3ec39c136f6d40f0bd3e55c0eaf880a5
2025-08-20T21:22:39.4086169Z Cleaning up orphan processes
