2025-08-17T12:42:47.0044607Z Current runner version: '2.327.1'
2025-08-17T12:42:47.0069575Z ##[group]Runner Image Provisioner
2025-08-17T12:42:47.0070577Z Hosted Compute Agent
2025-08-17T12:42:47.0071159Z Version: 20250812.370
2025-08-17T12:42:47.0071764Z Commit: 4a2b2bf7520004e3e907c2150c8cabe342a3da32
2025-08-17T12:42:47.0072405Z Build Date: 2025-08-12T16:08:14Z
2025-08-17T12:42:47.0073025Z ##[endgroup]
2025-08-17T12:42:47.0073598Z ##[group]Operating System
2025-08-17T12:42:47.0074119Z Ubuntu
2025-08-17T12:42:47.0074700Z 24.04.2
2025-08-17T12:42:47.0075376Z LTS
2025-08-17T12:42:47.0075914Z ##[endgroup]
2025-08-17T12:42:47.0076349Z ##[group]Runner Image
2025-08-17T12:42:47.0076994Z Image: ubuntu-24.04
2025-08-17T12:42:47.0077460Z Version: 20250810.1.0
2025-08-17T12:42:47.0078440Z Included Software: https://github.com/actions/runner-images/blob/ubuntu24/20250810.1/images/ubuntu/Ubuntu2404-Readme.md
2025-08-17T12:42:47.0080035Z Image Release: https://github.com/actions/runner-images/releases/tag/ubuntu24%2F20250810.1
2025-08-17T12:42:47.0081067Z ##[endgroup]
2025-08-17T12:42:47.0083471Z ##[group]GITHUB_TOKEN Permissions
2025-08-17T12:42:47.0085747Z Actions: write
2025-08-17T12:42:47.0086376Z Attestations: write
2025-08-17T12:42:47.0086892Z Checks: write
2025-08-17T12:42:47.0087336Z Contents: write
2025-08-17T12:42:47.0087928Z Deployments: write
2025-08-17T12:42:47.0088407Z Discussions: write
2025-08-17T12:42:47.0088906Z Issues: write
2025-08-17T12:42:47.0089425Z Metadata: read
2025-08-17T12:42:47.0089869Z Models: read
2025-08-17T12:42:47.0090350Z Packages: write
2025-08-17T12:42:47.0090876Z Pages: write
2025-08-17T12:42:47.0091377Z PullRequests: write
2025-08-17T12:42:47.0091864Z RepositoryProjects: write
2025-08-17T12:42:47.0092461Z SecurityEvents: write
2025-08-17T12:42:47.0093103Z Statuses: write
2025-08-17T12:42:47.0093558Z ##[endgroup]
2025-08-17T12:42:47.0096246Z Secret source: Actions
2025-08-17T12:42:47.0096938Z Prepare workflow directory
2025-08-17T12:42:47.0424958Z Prepare all required actions
2025-08-17T12:42:47.0461857Z Getting action download info
2025-08-17T12:42:47.3526321Z Download action repository 'actions/checkout@v4' (SHA:08eba0b27e820071cde6df949e0beb9ba4906955)
2025-08-17T12:42:47.7793201Z Complete job name: health-checks
2025-08-17T12:42:47.8403833Z ##[group]Run actions/checkout@v4
2025-08-17T12:42:47.8404665Z with:
2025-08-17T12:42:47.8405034Z   fetch-depth: 0
2025-08-17T12:42:47.8405704Z   repository: AlexBomber12/AWA-App
2025-08-17T12:42:47.8406343Z   token: ***
2025-08-17T12:42:47.8406711Z   ssh-strict: true
2025-08-17T12:42:47.8407107Z   ssh-user: git
2025-08-17T12:42:47.8407496Z   persist-credentials: true
2025-08-17T12:42:47.8407934Z   clean: true
2025-08-17T12:42:47.8408319Z   sparse-checkout-cone-mode: true
2025-08-17T12:42:47.8408794Z   fetch-tags: false
2025-08-17T12:42:47.8409185Z   show-progress: true
2025-08-17T12:42:47.8409574Z   lfs: false
2025-08-17T12:42:47.8410101Z   submodules: false
2025-08-17T12:42:47.8410613Z   set-safe-directory: true
2025-08-17T12:42:47.8411596Z ##[endgroup]
2025-08-17T12:42:47.9471287Z Syncing repository: AlexBomber12/AWA-App
2025-08-17T12:42:47.9472958Z ##[group]Getting Git version info
2025-08-17T12:42:47.9473635Z Working directory is '/home/runner/work/AWA-App/AWA-App'
2025-08-17T12:42:47.9474605Z [command]/usr/bin/git version
2025-08-17T12:42:47.9502626Z git version 2.50.1
2025-08-17T12:42:47.9528312Z ##[endgroup]
2025-08-17T12:42:47.9542338Z Temporarily overriding HOME='/home/runner/work/_temp/1c9b4c6a-154a-4fea-bc92-d658d06f03eb' before making global git config changes
2025-08-17T12:42:47.9543704Z Adding repository directory to the temporary git global config as a safe directory
2025-08-17T12:42:47.9547483Z [command]/usr/bin/git config --global --add safe.directory /home/runner/work/AWA-App/AWA-App
2025-08-17T12:42:47.9581299Z Deleting the contents of '/home/runner/work/AWA-App/AWA-App'
2025-08-17T12:42:47.9584528Z ##[group]Initializing the repository
2025-08-17T12:42:47.9588533Z [command]/usr/bin/git init /home/runner/work/AWA-App/AWA-App
2025-08-17T12:42:47.9637620Z hint: Using 'master' as the name for the initial branch. This default branch name
2025-08-17T12:42:47.9639568Z hint: is subject to change. To configure the initial branch name to use in all
2025-08-17T12:42:47.9641009Z hint: of your new repositories, which will suppress this warning, call:
2025-08-17T12:42:47.9641955Z hint:
2025-08-17T12:42:47.9642434Z hint: 	git config --global init.defaultBranch <name>
2025-08-17T12:42:47.9643083Z hint:
2025-08-17T12:42:47.9643618Z hint: Names commonly chosen instead of 'master' are 'main', 'trunk' and
2025-08-17T12:42:47.9644510Z hint: 'development'. The just-created branch can be renamed via this command:
2025-08-17T12:42:47.9645430Z hint:
2025-08-17T12:42:47.9646042Z hint: 	git branch -m <name>
2025-08-17T12:42:47.9646700Z hint:
2025-08-17T12:42:47.9647272Z hint: Disable this message with "git config set advice.defaultBranchName false"
2025-08-17T12:42:47.9648183Z Initialized empty Git repository in /home/runner/work/AWA-App/AWA-App/.git/
2025-08-17T12:42:47.9651270Z [command]/usr/bin/git remote add origin https://github.com/AlexBomber12/AWA-App
2025-08-17T12:42:47.9687642Z ##[endgroup]
2025-08-17T12:42:47.9688340Z ##[group]Disabling automatic garbage collection
2025-08-17T12:42:47.9691629Z [command]/usr/bin/git config --local gc.auto 0
2025-08-17T12:42:47.9718608Z ##[endgroup]
2025-08-17T12:42:47.9719269Z ##[group]Setting up auth
2025-08-17T12:42:47.9725389Z [command]/usr/bin/git config --local --name-only --get-regexp core\.sshCommand
2025-08-17T12:42:47.9754957Z [command]/usr/bin/git submodule foreach --recursive sh -c "git config --local --name-only --get-regexp 'core\.sshCommand' && git config --local --unset-all 'core.sshCommand' || :"
2025-08-17T12:42:48.0023242Z [command]/usr/bin/git config --local --name-only --get-regexp http\.https\:\/\/github\.com\/\.extraheader
2025-08-17T12:42:48.0050733Z [command]/usr/bin/git submodule foreach --recursive sh -c "git config --local --name-only --get-regexp 'http\.https\:\/\/github\.com\/\.extraheader' && git config --local --unset-all 'http.https://github.com/.extraheader' || :"
2025-08-17T12:42:48.0290767Z [command]/usr/bin/git config --local http.https://github.com/.extraheader AUTHORIZATION: basic ***
2025-08-17T12:42:48.0331805Z ##[endgroup]
2025-08-17T12:42:48.0333086Z ##[group]Fetching the repository
2025-08-17T12:42:48.0343139Z [command]/usr/bin/git -c protocol.version=2 fetch --prune --no-recurse-submodules origin +refs/heads/*:refs/remotes/origin/* +refs/tags/*:refs/tags/* +4c559f327b810a033b2f65a2d8f2099ad032a138:refs/remotes/pull/223/merge
2025-08-17T12:42:48.8146449Z From https://github.com/AlexBomber12/AWA-App
2025-08-17T12:42:48.8148640Z  * [new branch]      codex/check-ci-logs-for-errors-and-fix-them -> origin/codex/check-ci-logs-for-errors-and-fix-them
2025-08-17T12:42:48.8151354Z  * [new branch]      codex/check-logs-for-errors-and-fix-issues -> origin/codex/check-logs-for-errors-and-fix-issues
2025-08-17T12:42:48.8153849Z  * [new branch]      codex/fix-ci-workflows-based-on-log-analysis -> origin/codex/fix-ci-workflows-based-on-log-analysis
2025-08-17T12:42:48.8156880Z  * [new branch]      codex/fix-ci-workflows-based-on-log-analysis-pjtlxf -> origin/codex/fix-ci-workflows-based-on-log-analysis-pjtlxf
2025-08-17T12:42:48.8159664Z  * [new branch]      codex/fix-ci-workflows-based-on-logs     -> origin/codex/fix-ci-workflows-based-on-logs
2025-08-17T12:42:48.8161970Z  * [new branch]      codex/fix-ci-workflows-based-on-logs-1f0zib -> origin/codex/fix-ci-workflows-based-on-logs-1f0zib
2025-08-17T12:42:48.8164596Z  * [new branch]      codex/fix-ci-workflows-based-on-logs-sca1uo -> origin/codex/fix-ci-workflows-based-on-logs-sca1uo
2025-08-17T12:42:48.8167204Z  * [new branch]      codex/fix-ci-workflows-to-pass-tests     -> origin/codex/fix-ci-workflows-to-pass-tests
2025-08-17T12:42:48.8169492Z  * [new branch]      codex/fix-ci-workflows-until-all-pass    -> origin/codex/fix-ci-workflows-until-all-pass
2025-08-17T12:42:48.8172358Z  * [new branch]      codex/fix-ci-workflows-until-all-pass-366nbs -> origin/codex/fix-ci-workflows-until-all-pass-366nbs
2025-08-17T12:42:48.8175912Z  * [new branch]      codex/fix-ci-workflows-until-passing     -> origin/codex/fix-ci-workflows-until-passing
2025-08-17T12:42:48.8178961Z  * [new branch]      codex/implement-targeted-ci-fixes-until-green -> origin/codex/implement-targeted-ci-fixes-until-green
2025-08-17T12:42:48.8182445Z  * [new branch]      codex/implement-targeted-ci-fixes-until-green-g91k8p -> origin/codex/implement-targeted-ci-fixes-until-green-g91k8p
2025-08-17T12:42:48.8185931Z  * [new branch]      codex/implement-targeted-fixes-to-pass-ci -> origin/codex/implement-targeted-fixes-to-pass-ci
2025-08-17T12:42:48.8189042Z  * [new branch]      codex/replace-github-cli-with-python-rest-calls -> origin/codex/replace-github-cli-with-python-rest-calls
2025-08-17T12:42:48.8191452Z  * [new branch]      gh-pages                                 -> origin/gh-pages
2025-08-17T12:42:48.8192968Z  * [new branch]      main                                     -> origin/main
2025-08-17T12:42:48.8194367Z  * [new tag]         0.3.0                                    -> 0.3.0
2025-08-17T12:42:48.8196113Z  * [new ref]         4c559f327b810a033b2f65a2d8f2099ad032a138 -> pull/223/merge
2025-08-17T12:42:48.8221396Z ##[endgroup]
2025-08-17T12:42:48.8222660Z ##[group]Determining the checkout info
2025-08-17T12:42:48.8224063Z ##[endgroup]
2025-08-17T12:42:48.8228892Z [command]/usr/bin/git sparse-checkout disable
2025-08-17T12:42:48.8270482Z [command]/usr/bin/git config --local --unset-all extensions.worktreeConfig
2025-08-17T12:42:48.8299043Z ##[group]Checking out the ref
2025-08-17T12:42:48.8303303Z [command]/usr/bin/git checkout --progress --force refs/remotes/pull/223/merge
2025-08-17T12:42:48.8714547Z Note: switching to 'refs/remotes/pull/223/merge'.
2025-08-17T12:42:48.8716169Z 
2025-08-17T12:42:48.8716910Z You are in 'detached HEAD' state. You can look around, make experimental
2025-08-17T12:42:48.8718270Z changes and commit them, and you can discard any commits you make in this
2025-08-17T12:42:48.8719640Z state without impacting any branches by switching back to a branch.
2025-08-17T12:42:48.8720443Z 
2025-08-17T12:42:48.8720991Z If you want to create a new branch to retain commits you create, you may
2025-08-17T12:42:48.8722436Z do so (now or later) by using -c with the switch command. Example:
2025-08-17T12:42:48.8723144Z 
2025-08-17T12:42:48.8723455Z   git switch -c <new-branch-name>
2025-08-17T12:42:48.8723954Z 
2025-08-17T12:42:48.8724455Z Or undo this operation with:
2025-08-17T12:42:48.8725409Z 
2025-08-17T12:42:48.8725845Z   git switch -
2025-08-17T12:42:48.8726312Z 
2025-08-17T12:42:48.8726966Z Turn off this advice by setting config variable advice.detachedHead to false
2025-08-17T12:42:48.8727869Z 
2025-08-17T12:42:48.8728911Z HEAD is now at 4c559f3 Merge 218dbefb7eb73a37db6ae4eb1f1fa10a93aa08e7 into 9ca040801c71db4e01d6d404d6587af6717c8828
2025-08-17T12:42:48.8732363Z ##[endgroup]
2025-08-17T12:42:48.8764739Z [command]/usr/bin/git log -1 --format=%H
2025-08-17T12:42:48.8786018Z 4c559f327b810a033b2f65a2d8f2099ad032a138
2025-08-17T12:42:48.8995093Z ##[group]Run if [ ! -f .env ]; then cp .env.postgres .env; fi
2025-08-17T12:42:48.8997266Z [36;1mif [ ! -f .env ]; then cp .env.postgres .env; fi[0m
2025-08-17T12:42:48.9066574Z shell: /usr/bin/bash -e {0}
2025-08-17T12:42:48.9067765Z ##[endgroup]
2025-08-17T12:42:48.9230278Z ##[group]Run export COMPOSE_DOCKER_CLI_BUILD=1
2025-08-17T12:42:48.9231706Z [36;1mexport COMPOSE_DOCKER_CLI_BUILD=1[0m
2025-08-17T12:42:48.9232994Z [36;1mexport DOCKER_BUILDKIT=1[0m
2025-08-17T12:42:48.9234877Z [36;1mdocker compose build --build-arg TZ_CACHE_BUST=4c559f327b810a033b2f65a2d8f2099ad032a138[0m
2025-08-17T12:42:48.9275117Z shell: /usr/bin/bash -e {0}
2025-08-17T12:42:48.9276404Z ##[endgroup]
2025-08-17T12:42:53.5626628Z #1 [internal] load local bake definitions
2025-08-17T12:42:53.7130259Z #1 reading from stdin 2.87kB done
2025-08-17T12:42:53.7130803Z #1 DONE 0.0s
2025-08-17T12:42:53.8467138Z 
2025-08-17T12:42:53.8467666Z #2 [etl internal] load build definition from Dockerfile
2025-08-17T12:42:53.8468772Z #2 transferring dockerfile: 1.15kB done
2025-08-17T12:42:53.8469194Z #2 DONE 0.0s
2025-08-17T12:42:53.8469390Z 
2025-08-17T12:42:53.8469592Z #3 [web internal] load build definition from Dockerfile
2025-08-17T12:42:53.8470165Z #3 transferring dockerfile: 293B done
2025-08-17T12:42:53.8470567Z #3 DONE 0.0s
2025-08-17T12:42:53.8470745Z 
2025-08-17T12:42:53.8470982Z #4 [fees_h10 internal] load build definition from Dockerfile
2025-08-17T12:42:53.8471540Z #4 transferring dockerfile: 962B done
2025-08-17T12:42:53.8471947Z #4 DONE 0.0s
2025-08-17T12:42:53.8472114Z 
2025-08-17T12:42:53.8472380Z #5 [logistics_etl internal] load build definition from Dockerfile
2025-08-17T12:42:53.8472765Z #5 transferring dockerfile: 578B done
2025-08-17T12:42:53.8473013Z #5 DONE 0.0s
2025-08-17T12:42:53.8473134Z 
2025-08-17T12:42:53.8473282Z #6 [api internal] load build definition from Dockerfile
2025-08-17T12:42:53.8473606Z #6 transferring dockerfile: 1.44kB done
2025-08-17T12:42:53.8473852Z #6 DONE 0.0s
2025-08-17T12:42:53.8473987Z 
2025-08-17T12:42:53.8474151Z #7 [postgres internal] load build definition from Dockerfile
2025-08-17T12:42:53.8474488Z #7 transferring dockerfile: 807B done
2025-08-17T12:42:53.8474731Z #7 DONE 0.0s
2025-08-17T12:42:53.8474840Z 
2025-08-17T12:42:53.8475007Z #8 [repricer internal] load build definition from Dockerfile
2025-08-17T12:42:53.8475758Z #8 transferring dockerfile: 1.04kB done
2025-08-17T12:42:53.8476211Z #8 DONE 0.0s
2025-08-17T12:42:53.8476327Z 
2025-08-17T12:42:53.8476494Z #9 [auth] library/postgres:pull token for registry-1.docker.io
2025-08-17T12:42:53.9971342Z #9 DONE 0.0s
2025-08-17T12:42:53.9971678Z 
2025-08-17T12:42:53.9971978Z #10 [auth] library/node:pull token for registry-1.docker.io
2025-08-17T12:42:53.9972544Z #10 DONE 0.0s
2025-08-17T12:42:53.9972703Z 
2025-08-17T12:42:53.9972910Z #11 [auth] docker/dockerfile:pull token for registry-1.docker.io
2025-08-17T12:42:53.9973319Z #11 DONE 0.0s
2025-08-17T12:42:53.9973485Z 
2025-08-17T12:42:53.9973662Z #12 [auth] library/nginx:pull token for registry-1.docker.io
2025-08-17T12:42:53.9974086Z #12 DONE 0.0s
2025-08-17T12:42:53.9974217Z 
2025-08-17T12:42:53.9974762Z #13 [repricer] resolve image config for docker-image://docker.io/docker/dockerfile:1.6
2025-08-17T12:42:54.2358752Z #13 ...
2025-08-17T12:42:54.2359108Z 
2025-08-17T12:42:54.2359351Z #14 [web internal] load metadata for docker.io/library/nginx:1.25-alpine
2025-08-17T12:42:54.2359720Z #14 DONE 0.5s
2025-08-17T12:42:54.3492121Z 
2025-08-17T12:42:54.3494027Z #15 [web internal] load metadata for docker.io/library/node:20-alpine
2025-08-17T12:42:54.3494822Z #15 DONE 0.5s
2025-08-17T12:42:54.3495484Z 
2025-08-17T12:42:54.3498973Z #16 [web internal] load .dockerignore
2025-08-17T12:42:54.3499741Z #16 transferring context: 2B done
2025-08-17T12:42:54.3500438Z #16 DONE 0.0s
2025-08-17T12:42:54.3501138Z 
2025-08-17T12:42:54.3503543Z #13 [repricer] resolve image config for docker-image://docker.io/docker/dockerfile:1.6
2025-08-17T12:42:54.3504234Z #13 DONE 0.5s
2025-08-17T12:42:54.3504484Z 
2025-08-17T12:42:54.3509519Z #17 [postgres internal] load metadata for docker.io/library/postgres:16
2025-08-17T12:42:54.3510090Z #17 DONE 0.5s
2025-08-17T12:42:54.3510258Z 
2025-08-17T12:42:54.3510443Z #18 [postgres internal] load .dockerignore
2025-08-17T12:42:54.3511835Z #18 transferring context: 265B done
2025-08-17T12:42:54.3512300Z #18 DONE 0.0s
2025-08-17T12:42:54.3512526Z 
2025-08-17T12:42:54.3512694Z #19 [web internal] load build context
2025-08-17T12:42:54.3513455Z #19 transferring context: 267.06kB 0.0s done
2025-08-17T12:42:54.3513930Z #19 DONE 0.0s
2025-08-17T12:42:54.3514117Z 
2025-08-17T12:42:54.3514287Z #20 [postgres internal] load build context
2025-08-17T12:42:54.3514799Z #20 transferring context: 582B done
2025-08-17T12:42:54.3515502Z #20 DONE 0.0s
2025-08-17T12:42:54.3515692Z 
2025-08-17T12:42:54.3516713Z #21 [fees_h10] docker-image://docker.io/docker/dockerfile:1.6@sha256:ac85f380a63b13dfcefa89046420e1781752bab202122f8f50032edf31be0021
2025-08-17T12:42:54.3518451Z #21 resolve docker.io/docker/dockerfile:1.6@sha256:ac85f380a63b13dfcefa89046420e1781752bab202122f8f50032edf31be0021 done
2025-08-17T12:42:54.3520107Z #21 sha256:ac85f380a63b13dfcefa89046420e1781752bab202122f8f50032edf31be0021 8.40kB / 8.40kB done
2025-08-17T12:42:54.3521525Z #21 sha256:657fcc512c7369f4cb3d94ea329150f8daf626bc838b1a1e81f1834c73ecc77e 482B / 482B done
2025-08-17T12:42:54.3522721Z #21 sha256:a17ee7fff8f5e97b974f5b48f51647d2cf28d543f2aa6c11aaa0ea431b44bb89 1.27kB / 1.27kB done
2025-08-17T12:42:54.3523841Z #21 sha256:9d9c93f4b00be908ab694a4df732570bced3b8a96b7515d70ff93402179ad232 7.52MB / 11.80MB 0.1s
2025-08-17T12:42:54.4627106Z #21 sha256:ac85f380a63b13dfcefa89046420e1781752bab202122f8f50032edf31be0021 8.40kB / 8.40kB done
2025-08-17T12:42:54.4628451Z #21 sha256:657fcc512c7369f4cb3d94ea329150f8daf626bc838b1a1e81f1834c73ecc77e 482B / 482B done
2025-08-17T12:42:54.4629518Z #21 sha256:a17ee7fff8f5e97b974f5b48f51647d2cf28d543f2aa6c11aaa0ea431b44bb89 1.27kB / 1.27kB done
2025-08-17T12:42:54.4630636Z #21 sha256:9d9c93f4b00be908ab694a4df732570bced3b8a96b7515d70ff93402179ad232 11.80MB / 11.80MB 0.1s done
2025-08-17T12:42:54.4631746Z #21 extracting sha256:9d9c93f4b00be908ab694a4df732570bced3b8a96b7515d70ff93402179ad232
2025-08-17T12:42:54.5652355Z #21 extracting sha256:9d9c93f4b00be908ab694a4df732570bced3b8a96b7515d70ff93402179ad232 0.1s done
2025-08-17T12:42:54.5657495Z #21 DONE 0.3s
2025-08-17T12:42:54.5666090Z 
2025-08-17T12:42:54.5670010Z #22 [web stage-1 1/2] FROM docker.io/library/nginx:1.25-alpine@sha256:516475cc129da42866742567714ddc681e5eed7b9ee0b9e9c015e464b4221a00
2025-08-17T12:42:54.5672227Z #22 resolve docker.io/library/nginx:1.25-alpine@sha256:516475cc129da42866742567714ddc681e5eed7b9ee0b9e9c015e464b4221a00 0.0s done
2025-08-17T12:42:54.5674224Z #22 extracting sha256:4abcf20661432fb2d719aaf90656f55c287f8ca915dc1c92ec14ff61e67fbaf8 0.1s done
2025-08-17T12:42:54.5676323Z #22 sha256:501d84f5d06487ff81e506134dc922ed4fd2080d5521eb5b6ee4054fa17d15c4 10.80kB / 10.80kB done
2025-08-17T12:42:54.5678372Z #22 sha256:fc21a1d387f514f53589abea6d67cd6b329dfd3c9059bc96a552af3b3c97b413 3.99MB / 3.99MB 0.1s done
2025-08-17T12:42:54.5682776Z #22 sha256:721fa00bc549df26b3e67cc558ff176112d4ba69847537766f3c28e171d180e7 2.50kB / 2.50kB done
2025-08-17T12:42:54.5686528Z #22 sha256:4abcf20661432fb2d719aaf90656f55c287f8ca915dc1c92ec14ff61e67fbaf8 3.41MB / 3.41MB 0.1s done
2025-08-17T12:42:54.5698061Z #22 sha256:e6ef242c157026935bf8a69e6cf19f8f6635e44507c813daf0cc644f2e22396b 629B / 629B 0.1s done
2025-08-17T12:42:54.5701808Z #22 sha256:516475cc129da42866742567714ddc681e5eed7b9ee0b9e9c015e464b4221a00 9.07kB / 9.07kB done
2025-08-17T12:42:54.5704731Z #22 sha256:d4bca490e609acaaf54ca73363442d31a31fd136a47a20a12370cf2025f0a10b 0B / 393B 0.2s
2025-08-17T12:42:54.5706005Z #22 sha256:5406ed7b06d9a94b5bd15843d2a1c7e38796a3ec5dc7f40f16f70cc1d045f453 1.21kB / 1.21kB 0.2s done
2025-08-17T12:42:54.5707092Z #22 sha256:8a3742a9529dc5c00974dfcf5e465be9f1606ff8a1911527b3928cf86ad57465 0B / 1.40kB 0.2s
2025-08-17T12:42:54.5708144Z #22 sha256:0d0c16747d2c6b6c26c064652afcb964c15f1b1e596ec052b2aa19b83948ae27 3.15MB / 13.04MB 0.3s
2025-08-17T12:42:54.5709298Z #22 sha256:13fcfbc94648785b918ecc1af675ac5187cdfc30f4fdaf9afa8bd2e9dedf548b 954B / 954B 0.2s done
2025-08-17T12:42:54.5710654Z #22 extracting sha256:fc21a1d387f514f53589abea6d67cd6b329dfd3c9059bc96a552af3b3c97b413
2025-08-17T12:42:54.6758657Z #22 sha256:0d0c16747d2c6b6c26c064652afcb964c15f1b1e596ec052b2aa19b83948ae27 13.04MB / 13.04MB 0.4s
2025-08-17T12:42:54.7826583Z #22 ...
2025-08-17T12:42:54.7829406Z 
2025-08-17T12:42:54.7829724Z #23 [auth] library/python:pull token for registry-1.docker.io
2025-08-17T12:42:54.7830814Z #23 DONE 0.0s
2025-08-17T12:42:54.7830988Z 
2025-08-17T12:42:54.7831595Z #22 [web stage-1 1/2] FROM docker.io/library/nginx:1.25-alpine@sha256:516475cc129da42866742567714ddc681e5eed7b9ee0b9e9c015e464b4221a00
2025-08-17T12:42:54.7832788Z #22 sha256:0d0c16747d2c6b6c26c064652afcb964c15f1b1e596ec052b2aa19b83948ae27 13.04MB / 13.04MB 0.4s done
2025-08-17T12:42:54.9831756Z #22 extracting sha256:fc21a1d387f514f53589abea6d67cd6b329dfd3c9059bc96a552af3b3c97b413 0.4s done
2025-08-17T12:42:55.1901583Z #22 ...
2025-08-17T12:42:55.1904644Z 
2025-08-17T12:42:55.1905017Z #24 [api internal] load metadata for docker.io/library/python:3.12-slim
2025-08-17T12:42:55.1905821Z #24 DONE 0.4s
2025-08-17T12:42:55.1906004Z 
2025-08-17T12:42:55.1906196Z #25 [logistics_etl internal] load .dockerignore
2025-08-17T12:42:55.1906682Z #25 transferring context: 2B done
2025-08-17T12:42:55.1907089Z #25 DONE 0.0s
2025-08-17T12:42:55.1907266Z 
2025-08-17T12:42:55.1907416Z #26 [etl internal] load .dockerignore
2025-08-17T12:42:55.1907845Z #26 transferring context: 265B done
2025-08-17T12:42:55.1908227Z #26 DONE 0.0s
2025-08-17T12:42:55.1908405Z 
2025-08-17T12:42:55.1908558Z #27 [fees_h10 internal] load .dockerignore
2025-08-17T12:42:55.1909003Z #27 transferring context: 2B done
2025-08-17T12:42:55.1909373Z #27 DONE 0.0s
2025-08-17T12:42:55.1909545Z 
2025-08-17T12:42:55.1911644Z #28 [repricer internal] load .dockerignore
2025-08-17T12:42:55.1912809Z #28 transferring context: 265B done
2025-08-17T12:42:55.1913211Z #28 DONE 0.0s
2025-08-17T12:42:55.1913871Z 
2025-08-17T12:42:55.1914028Z #29 [etl internal] load build context
2025-08-17T12:42:55.1914424Z #29 DONE 0.0s
2025-08-17T12:42:55.1914596Z 
2025-08-17T12:42:55.1914769Z #30 [api internal] load .dockerignore
2025-08-17T12:42:55.1915376Z #30 transferring context: 265B 0.0s done
2025-08-17T12:42:55.1915786Z #30 DONE 0.1s
2025-08-17T12:42:55.1915950Z 
2025-08-17T12:42:55.1916122Z #31 [logistics_etl internal] load build context
2025-08-17T12:42:55.1916546Z #31 DONE 0.0s
2025-08-17T12:42:55.1916707Z 
2025-08-17T12:42:55.1917343Z #22 [web stage-1 1/2] FROM docker.io/library/nginx:1.25-alpine@sha256:516475cc129da42866742567714ddc681e5eed7b9ee0b9e9c015e464b4221a00
2025-08-17T12:42:55.1918524Z #22 extracting sha256:e6ef242c157026935bf8a69e6cf19f8f6635e44507c813daf0cc644f2e22396b done
2025-08-17T12:42:55.2981033Z #22 ...
2025-08-17T12:42:55.2981373Z 
2025-08-17T12:42:55.2981870Z #32 [fees_h10 internal] load build context
2025-08-17T12:42:55.2982325Z #32 transferring context: 5.54kB 0.0s done
2025-08-17T12:42:55.2982671Z #32 DONE 0.1s
2025-08-17T12:42:55.2982815Z 
2025-08-17T12:42:55.2982971Z #31 [logistics_etl internal] load build context
2025-08-17T12:42:55.2983385Z #31 transferring context: 12.88kB 0.0s done
2025-08-17T12:42:55.2983735Z #31 DONE 0.1s
2025-08-17T12:42:55.2983878Z 
2025-08-17T12:42:55.2984010Z #33 [repricer internal] load build context
2025-08-17T12:42:55.2984393Z #33 transferring context: 5.47kB 0.0s done
2025-08-17T12:42:55.2992850Z #33 DONE 0.1s
2025-08-17T12:42:55.2993395Z 
2025-08-17T12:42:55.2993590Z #29 [etl internal] load build context
2025-08-17T12:42:55.2994052Z #29 transferring context: 11.44kB 0.0s done
2025-08-17T12:42:55.2994468Z #29 DONE 0.1s
2025-08-17T12:42:55.2994641Z 
2025-08-17T12:42:55.2994799Z #34 [api internal] load build context
2025-08-17T12:42:55.2995398Z #34 transferring context: 79.45kB 0.0s done
2025-08-17T12:42:55.3003762Z #34 DONE 0.1s
2025-08-17T12:42:55.3003986Z 
2025-08-17T12:42:55.3005449Z #22 [web stage-1 1/2] FROM docker.io/library/nginx:1.25-alpine@sha256:516475cc129da42866742567714ddc681e5eed7b9ee0b9e9c015e464b4221a00
2025-08-17T12:42:55.3007006Z #22 extracting sha256:13fcfbc94648785b918ecc1af675ac5187cdfc30f4fdaf9afa8bd2e9dedf548b done
2025-08-17T12:42:55.3008065Z #22 extracting sha256:d4bca490e609acaaf54ca73363442d31a31fd136a47a20a12370cf2025f0a10b done
2025-08-17T12:42:55.3009422Z #22 extracting sha256:5406ed7b06d9a94b5bd15843d2a1c7e38796a3ec5dc7f40f16f70cc1d045f453 done
2025-08-17T12:42:55.3010565Z #22 extracting sha256:8a3742a9529dc5c00974dfcf5e465be9f1606ff8a1911527b3928cf86ad57465
2025-08-17T12:42:55.4086251Z #22 extracting sha256:8a3742a9529dc5c00974dfcf5e465be9f1606ff8a1911527b3928cf86ad57465 done
2025-08-17T12:42:55.4090370Z #22 extracting sha256:0d0c16747d2c6b6c26c064652afcb964c15f1b1e596ec052b2aa19b83948ae27
2025-08-17T12:42:55.8605915Z #22 extracting sha256:0d0c16747d2c6b6c26c064652afcb964c15f1b1e596ec052b2aa19b83948ae27 0.5s done
2025-08-17T12:42:56.4523894Z #22 DONE 2.1s
2025-08-17T12:42:56.4524600Z 
2025-08-17T12:42:56.4526074Z #35 [api stage-1 1/9] FROM docker.io/library/python:3.12-slim@sha256:d67a7b66b989ad6b6d6b10d428dcc5e0bfc3e5f88906e67d490c4d3daac57047
2025-08-17T12:42:56.4527617Z #35 resolve docker.io/library/python:3.12-slim@sha256:d67a7b66b989ad6b6d6b10d428dcc5e0bfc3e5f88906e67d490c4d3daac57047 0.0s done
2025-08-17T12:42:56.4528857Z #35 extracting sha256:396b1da7636e2dcd10565cb4f2f952cbb4a8a38b58d3b86a2cacb172fb70117c 1.2s
2025-08-17T12:42:56.4529963Z #35 sha256:d67a7b66b989ad6b6d6b10d428dcc5e0bfc3e5f88906e67d490c4d3daac57047 10.37kB / 10.37kB done
2025-08-17T12:42:56.4531022Z #35 sha256:8f3d1de1b41cd7340a89b024d6f7a10043f7b0d07d97eb36ba76f22fcfa9a235 1.75kB / 1.75kB done
2025-08-17T12:42:56.4531945Z #35 sha256:bad5eac7befe06d25bef9d4d894d7467355bac08745c745a88977774933fa032 5.58kB / 5.58kB done
2025-08-17T12:42:56.4532935Z #35 sha256:396b1da7636e2dcd10565cb4f2f952cbb4a8a38b58d3b86a2cacb172fb70117c 29.77MB / 29.77MB done
2025-08-17T12:42:56.4533999Z #35 sha256:5d587318e932a89b94608393c99dd30ee5092a6991c1656f717bd4f4e13d60df 1.29MB / 1.29MB 0.1s done
2025-08-17T12:42:56.4534904Z #35 sha256:e5c05dcf47fbdb2f18dc242ad1b7f48fbd3813c0027ffcfb8e81e4aa7e0965f4 12.11MB / 12.11MB 0.2s done
2025-08-17T12:42:56.4536220Z #35 sha256:d76206d463c08ba2a3f7bbab2de2a933ad73f33ab4ab813eafe50c9dff9edc12 251B / 251B 0.2s done
2025-08-17T12:42:56.8387330Z #35 extracting sha256:396b1da7636e2dcd10565cb4f2f952cbb4a8a38b58d3b86a2cacb172fb70117c 1.6s done
2025-08-17T12:42:56.9668332Z #35 extracting sha256:396b1da7636e2dcd10565cb4f2f952cbb4a8a38b58d3b86a2cacb172fb70117c 1.6s done
2025-08-17T12:42:56.9669384Z #35 extracting sha256:5d587318e932a89b94608393c99dd30ee5092a6991c1656f717bd4f4e13d60df
2025-08-17T12:42:57.0670540Z #35 extracting sha256:5d587318e932a89b94608393c99dd30ee5092a6991c1656f717bd4f4e13d60df 0.2s done
2025-08-17T12:42:57.1865589Z #35 ...
2025-08-17T12:42:57.1865827Z 
2025-08-17T12:42:57.1866501Z #36 [web build 1/6] FROM docker.io/library/node:20-alpine@sha256:df02558528d3d3d0d621f112e232611aecfee7cbc654f6b375765f72bb262799
2025-08-17T12:42:57.1867902Z #36 resolve docker.io/library/node:20-alpine@sha256:df02558528d3d3d0d621f112e232611aecfee7cbc654f6b375765f72bb262799 0.0s done
2025-08-17T12:42:57.1872765Z #36 sha256:df02558528d3d3d0d621f112e232611aecfee7cbc654f6b375765f72bb262799 7.67kB / 7.67kB done
2025-08-17T12:42:57.1873821Z #36 sha256:ae6ee91a652d927de01d550c29f863a52f1da390c89df95f3ceba256d1e62604 1.72kB / 1.72kB done
2025-08-17T12:42:57.1874853Z #36 sha256:7cdef5a331927fafa250be6166052d8599bf5eb7b014342538c2cc79b70a081f 6.42kB / 6.42kB done
2025-08-17T12:42:57.1876206Z #36 sha256:8c59d92d6fc9f01af4aaa86824be72b74bd4d940c4c46aa95d9710bfa46c975e 42.99MB / 42.99MB 0.7s done
2025-08-17T12:42:57.1878793Z #36 sha256:9824c27679d3b27c5e1cb00a73adb6f4f8d556994111c12db3c5d61a0c843df8 3.80MB / 3.80MB 0.3s done
2025-08-17T12:42:57.1879951Z #36 extracting sha256:9824c27679d3b27c5e1cb00a73adb6f4f8d556994111c12db3c5d61a0c843df8 0.2s done
2025-08-17T12:42:57.1881080Z #36 sha256:54225bd601967a0aa669ec9be621c24d8eeac874b698d55874018070898685c2 1.26MB / 1.26MB 0.4s done
2025-08-17T12:42:57.1882210Z #36 sha256:a9e48ad1219d4d11c6456a8db0fd5c11af46242d52edf84e17ab84a7bfd93809 445B / 445B 0.5s done
2025-08-17T12:42:57.1883602Z #36 extracting sha256:8c59d92d6fc9f01af4aaa86824be72b74bd4d940c4c46aa95d9710bfa46c975e 2.0s done
2025-08-17T12:42:57.1884843Z #36 extracting sha256:54225bd601967a0aa669ec9be621c24d8eeac874b698d55874018070898685c2 0.0s done
2025-08-17T12:42:57.1888901Z #36 extracting sha256:a9e48ad1219d4d11c6456a8db0fd5c11af46242d52edf84e17ab84a7bfd93809 done
2025-08-17T12:42:57.1889751Z #36 DONE 2.9s
2025-08-17T12:42:57.1900706Z 
2025-08-17T12:42:57.1900858Z #37 [web build 2/6] WORKDIR /app
2025-08-17T12:42:57.1901220Z #37 DONE 0.0s
2025-08-17T12:42:57.1901394Z 
2025-08-17T12:42:57.1901563Z #38 [web build 3/6] COPY package*.json ./
2025-08-17T12:42:57.1901956Z #38 DONE 0.0s
2025-08-17T12:42:57.1902119Z 
2025-08-17T12:42:57.1902758Z #35 [api stage-1 1/9] FROM docker.io/library/python:3.12-slim@sha256:d67a7b66b989ad6b6d6b10d428dcc5e0bfc3e5f88906e67d490c4d3daac57047
2025-08-17T12:42:57.1904820Z #35 extracting sha256:e5c05dcf47fbdb2f18dc242ad1b7f48fbd3813c0027ffcfb8e81e4aa7e0965f4 0.1s
2025-08-17T12:42:58.0623837Z #35 extracting sha256:e5c05dcf47fbdb2f18dc242ad1b7f48fbd3813c0027ffcfb8e81e4aa7e0965f4 0.9s done
2025-08-17T12:42:58.0625056Z #35 extracting sha256:d76206d463c08ba2a3f7bbab2de2a933ad73f33ab4ab813eafe50c9dff9edc12 done
2025-08-17T12:42:58.0626030Z #35 DONE 2.9s
2025-08-17T12:42:58.0626227Z 
2025-08-17T12:42:58.0626382Z #39 [fees_h10 stage-1 2/9] WORKDIR /app
2025-08-17T12:42:58.3003017Z #39 DONE 0.0s
2025-08-17T12:42:58.3003248Z 
2025-08-17T12:42:58.3003576Z #40 [logistics_etl base 3/5] COPY requirements*.txt constraints.txt ./
2025-08-17T12:42:58.3004175Z #40 DONE 0.0s
2025-08-17T12:42:58.3004362Z 
2025-08-17T12:42:58.3004676Z #41 [api base  3/12] COPY services/api/requirements.txt ./requirements.txt
2025-08-17T12:42:58.3005452Z #41 DONE 0.1s
2025-08-17T12:42:58.3005657Z 
2025-08-17T12:42:58.3006156Z #42 [repricer base 3/5] COPY services/repricer/requirements*.txt services/repricer/constraints.txt ./
2025-08-17T12:42:58.3006908Z #42 DONE 0.1s
2025-08-17T12:42:58.3007078Z 
2025-08-17T12:42:58.3007487Z #43 [etl base 3/5] COPY services/etl/requirements*.txt services/etl/constraints.txt ./
2025-08-17T12:42:58.3008129Z #43 DONE 0.1s
2025-08-17T12:42:58.3008329Z 
2025-08-17T12:42:58.3008622Z #44 [fees_h10 base 3/6] COPY requirements*.txt constraints.txt ./fees_h10/
2025-08-17T12:42:58.3009185Z #44 DONE 0.1s
2025-08-17T12:42:58.3009371Z 
2025-08-17T12:42:58.3010013Z #45 [postgres 1/6] FROM docker.io/library/postgres:16@sha256:66a5efb5677ffac1037774a0e141fd3a4c035c9c0c0e624c9cc980dfa10f45e5
2025-08-17T12:42:58.3011425Z #45 resolve docker.io/library/postgres:16@sha256:66a5efb5677ffac1037774a0e141fd3a4c035c9c0c0e624c9cc980dfa10f45e5 done
2025-08-17T12:42:58.3012741Z #45 sha256:66a5efb5677ffac1037774a0e141fd3a4c035c9c0c0e624c9cc980dfa10f45e5 10.24kB / 10.24kB done
2025-08-17T12:42:58.3013878Z #45 sha256:3084fa1fadd59e7633ec56d318f1e4de01be744f446c5c35df7cd801fbc34894 3.63kB / 3.63kB done
2025-08-17T12:42:58.3015021Z #45 sha256:4b802c5161ddfa2ae4beac272c4e24aa5e162a20451c8489cbb952a88507732f 9.89kB / 9.89kB done
2025-08-17T12:42:58.3016405Z #45 sha256:fb850b0e3049060bf4eb46c8806d7ceea916d67e5cc56d6b295511e27463e56b 1.17kB / 1.17kB 0.5s done
2025-08-17T12:42:58.3017635Z #45 sha256:396b1da7636e2dcd10565cb4f2f952cbb4a8a38b58d3b86a2cacb172fb70117c 29.77MB / 29.77MB 0.8s done
2025-08-17T12:42:58.3018862Z #45 sha256:7f09385d08f9e8f578f9dad57582fff30d6ca3ef0f4d66ab5e1bf92c88862341 6.44MB / 6.44MB 0.6s done
2025-08-17T12:42:58.3020085Z #45 sha256:534f45d26d937460abe84bd086361a04c27e624a23f9384ff13f11c24c64c7bb 1.45MB / 1.45MB 0.7s done
2025-08-17T12:42:58.3021265Z #45 sha256:2b6532633f5d125e9a709f56f26af5a07390c859a5c77142b74da1d4e3c79fee 8.20MB / 8.20MB 0.8s done
2025-08-17T12:42:58.3022426Z #45 sha256:19947f6cc5d3035f6c922fa1d6047c79e044256ad948080adb59cec60717b9f8 116B / 116B 0.8s done
2025-08-17T12:42:58.3023632Z #45 sha256:320fa150e60fca9bb108771a06f08d5464ad8b7474b7bf3f4b44d723b686ee72 1.31MB / 1.31MB 0.8s done
2025-08-17T12:42:58.3024849Z #45 sha256:987c1b4919ea2d87df20824aaef43a9de0575ac7df684579ad267c7e48c8eeea 10.01kB / 10.01kB 0.9s done
2025-08-17T12:42:58.3039154Z #45 sha256:a858bd6d34e86a481a2e028e3ba489e662b3ac7713eba9a5d3bb97002c7d797e 128B / 128B 0.9s done
2025-08-17T12:42:58.3040227Z #45 sha256:e787bdd7824bfcb30d11087160de825f724620c952958f4f725c13421499b724 3.14kB / 3.14kB 0.9s done
2025-08-17T12:42:58.3041317Z #45 sha256:a1e4ad56dcecf442fba1cec05cd565ededfdc663e5172df9ef9394d96d4c96f8 113.19MB / 113.19MB 1.9s done
2025-08-17T12:42:58.3042491Z #45 extracting sha256:396b1da7636e2dcd10565cb4f2f952cbb4a8a38b58d3b86a2cacb172fb70117c 1.6s done
2025-08-17T12:42:58.3043620Z #45 sha256:25ef78fb127c1934630de29a3d38f46e544360b1dcf5cfc09b25507fbe88fd75 5.92kB / 5.92kB 1.0s done
2025-08-17T12:42:58.3044676Z #45 sha256:240810240d04caaaccb11d51ba7c3a7f7d6f470ec2a80ee420a3d33899d9a303 184B / 184B 1.0s done
2025-08-17T12:42:58.3046312Z #45 sha256:f1b3502db45ad485f0affe43e32fc81d699ddac01c023f198271a0a7e1cecd4c 169B / 169B 1.0s done
2025-08-17T12:42:58.3047408Z #45 extracting sha256:fb850b0e3049060bf4eb46c8806d7ceea916d67e5cc56d6b295511e27463e56b done
2025-08-17T12:42:58.3048519Z #45 extracting sha256:7f09385d08f9e8f578f9dad57582fff30d6ca3ef0f4d66ab5e1bf92c88862341 0.2s done
2025-08-17T12:42:58.3049611Z #45 extracting sha256:534f45d26d937460abe84bd086361a04c27e624a23f9384ff13f11c24c64c7bb 0.0s done
2025-08-17T12:42:58.3050666Z #45 extracting sha256:2b6532633f5d125e9a709f56f26af5a07390c859a5c77142b74da1d4e3c79fee 0.4s done
2025-08-17T12:42:58.3051761Z #45 extracting sha256:320fa150e60fca9bb108771a06f08d5464ad8b7474b7bf3f4b44d723b686ee72 0.1s done
2025-08-17T12:42:58.3052836Z #45 extracting sha256:19947f6cc5d3035f6c922fa1d6047c79e044256ad948080adb59cec60717b9f8 done
2025-08-17T12:42:58.3053877Z #45 extracting sha256:e787bdd7824bfcb30d11087160de825f724620c952958f4f725c13421499b724 done
2025-08-17T12:42:58.3054963Z #45 extracting sha256:a1e4ad56dcecf442fba1cec05cd565ededfdc663e5172df9ef9394d96d4c96f8
2025-08-17T12:43:03.2724968Z #45 extracting sha256:a1e4ad56dcecf442fba1cec05cd565ededfdc663e5172df9ef9394d96d4c96f8 5.1s
2025-08-17T12:43:07.1758275Z #45 ...
2025-08-17T12:43:07.1760424Z 
2025-08-17T12:43:07.1760843Z #46 [web build 4/6] RUN npm ci
2025-08-17T12:43:07.3681654Z #46 ...
2025-08-17T12:43:07.3723283Z 
2025-08-17T12:43:07.3732923Z #47 [fees_h10 base 4/6] RUN if [ -n "" ] && [ -f "fees_h10/" ]; then         pip install -r fees_h10/requirements.txt -c fees_h10/;     else         pip install -r fees_h10/requirements.txt;     fi
2025-08-17T12:43:07.3734420Z #47 4.729 Collecting celery==5.4.* (from celery[redis]==5.4.*->-r fees_h10/requirements.txt (line 1))
2025-08-17T12:43:07.3735655Z #47 4.827   Downloading celery-5.4.0-py3-none-any.whl.metadata (21 kB)
2025-08-17T12:43:07.3736721Z #47 5.021 Collecting asyncpg (from -r fees_h10/requirements.txt (line 2))
2025-08-17T12:43:07.3737685Z #47 5.045   Downloading asyncpg-0.30.0-cp312-cp312-manylinux_2_17_x86_64.manylinux2014_x86_64.whl.metadata (5.0 kB)
2025-08-17T12:43:07.3738637Z #47 5.099 Collecting httpx (from -r fees_h10/requirements.txt (line 3))
2025-08-17T12:43:07.3739391Z #47 5.123   Downloading httpx-0.28.1-py3-none-any.whl.metadata (7.1 kB)
2025-08-17T12:43:07.3740133Z #47 5.930 Collecting sqlalchemy (from -r fees_h10/requirements.txt (line 4))
2025-08-17T12:43:07.3741055Z #47 6.034   Downloading sqlalchemy-2.0.43-cp312-cp312-manylinux_2_17_x86_64.manylinux2014_x86_64.whl.metadata (9.6 kB)
2025-08-17T12:43:07.3742297Z #47 6.152 Collecting billiard<5.0,>=4.2.0 (from celery==5.4.*->celery[redis]==5.4.*->-r fees_h10/requirements.txt (line 1))
2025-08-17T12:43:07.3743301Z #47 6.223   Downloading billiard-4.2.1-py3-none-any.whl.metadata (4.4 kB)
2025-08-17T12:43:07.3744279Z #47 6.302 Collecting kombu<6.0,>=5.3.4 (from celery==5.4.*->celery[redis]==5.4.*->-r fees_h10/requirements.txt (line 1))
2025-08-17T12:43:07.3745484Z #47 6.348   Downloading kombu-5.5.4-py3-none-any.whl.metadata (3.5 kB)
2025-08-17T12:43:07.3746427Z #47 6.396 Collecting vine<6.0,>=5.1.0 (from celery==5.4.*->celery[redis]==5.4.*->-r fees_h10/requirements.txt (line 1))
2025-08-17T12:43:07.3747737Z #47 6.421   Downloading vine-5.1.0-py3-none-any.whl.metadata (2.7 kB)
2025-08-17T12:43:07.3748712Z #47 6.486 Collecting click<9.0,>=8.1.2 (from celery==5.4.*->celery[redis]==5.4.*->-r fees_h10/requirements.txt (line 1))
2025-08-17T12:43:07.3749648Z #47 6.512   Downloading click-8.2.1-py3-none-any.whl.metadata (2.5 kB)
2025-08-17T12:43:07.3750691Z #47 6.558 Collecting click-didyoumean>=0.3.0 (from celery==5.4.*->celery[redis]==5.4.*->-r fees_h10/requirements.txt (line 1))
2025-08-17T12:43:07.3751803Z #47 6.579   Downloading click_didyoumean-0.3.1-py3-none-any.whl.metadata (3.9 kB)
2025-08-17T12:43:07.3752850Z #47 6.628 Collecting click-repl>=0.2.0 (from celery==5.4.*->celery[redis]==5.4.*->-r fees_h10/requirements.txt (line 1))
2025-08-17T12:43:07.3753860Z #47 6.650   Downloading click_repl-0.3.0-py3-none-any.whl.metadata (3.6 kB)
2025-08-17T12:43:07.3799686Z #47 6.693 Collecting click-plugins>=1.1.1 (from celery==5.4.*->celery[redis]==5.4.*->-r fees_h10/requirements.txt (line 1))
2025-08-17T12:43:07.3801037Z #47 6.715   Downloading click_plugins-1.1.1.2-py2.py3-none-any.whl.metadata (6.5 kB)
2025-08-17T12:43:07.3802057Z #47 6.777 Collecting tzdata>=2022.7 (from celery==5.4.*->celery[redis]==5.4.*->-r fees_h10/requirements.txt (line 1))
2025-08-17T12:43:07.3803086Z #47 6.801   Downloading tzdata-2025.2-py2.py3-none-any.whl.metadata (1.4 kB)
2025-08-17T12:43:07.3804135Z #47 6.838 Collecting python-dateutil>=2.8.2 (from celery==5.4.*->celery[redis]==5.4.*->-r fees_h10/requirements.txt (line 1))
2025-08-17T12:43:07.3805404Z #47 6.861   Downloading python_dateutil-2.9.0.post0-py2.py3-none-any.whl.metadata (8.4 kB)
2025-08-17T12:43:07.3806492Z #47 7.029 Collecting redis!=4.5.5,<6.0.0,>=4.5.2 (from celery[redis]==5.4.*->-r fees_h10/requirements.txt (line 1))
2025-08-17T12:43:07.3807419Z #47 7.050   Downloading redis-5.3.1-py3-none-any.whl.metadata (9.2 kB)
2025-08-17T12:43:07.3808240Z #47 7.110 Collecting anyio (from httpx->-r fees_h10/requirements.txt (line 3))
2025-08-17T12:43:07.3809025Z #47 7.129   Downloading anyio-4.10.0-py3-none-any.whl.metadata (4.0 kB)
2025-08-17T12:43:07.3809837Z #47 7.200 Collecting certifi (from httpx->-r fees_h10/requirements.txt (line 3))
2025-08-17T12:43:07.3810632Z #47 7.225   Downloading certifi-2025.8.3-py3-none-any.whl.metadata (2.4 kB)
2025-08-17T12:43:07.3811530Z #47 7.309 Collecting httpcore==1.* (from httpx->-r fees_h10/requirements.txt (line 3))
2025-08-17T12:43:07.3812520Z #47 7.333   Downloading httpcore-1.0.9-py3-none-any.whl.metadata (21 kB)
2025-08-17T12:43:07.3813330Z #47 7.381 Collecting idna (from httpx->-r fees_h10/requirements.txt (line 3))
2025-08-17T12:43:07.3814102Z #47 7.407   Downloading idna-3.10-py3-none-any.whl.metadata (10 kB)
2025-08-17T12:43:07.3814947Z #47 7.455 Collecting h11>=0.16 (from httpcore==1.*->httpx->-r fees_h10/requirements.txt (line 3))
2025-08-17T12:43:07.3815978Z #47 7.485   Downloading h11-0.16.0-py3-none-any.whl.metadata (8.3 kB)
2025-08-17T12:43:07.3816813Z #47 7.866 Collecting greenlet>=1 (from sqlalchemy->-r fees_h10/requirements.txt (line 4))
2025-08-17T12:43:07.3817925Z #47 7.888   Downloading greenlet-3.2.4-cp312-cp312-manylinux_2_24_x86_64.manylinux_2_28_x86_64.whl.metadata (4.1 kB)
2025-08-17T12:43:07.3819109Z #47 7.965 Collecting typing-extensions>=4.6.0 (from sqlalchemy->-r fees_h10/requirements.txt (line 4))
2025-08-17T12:43:07.3820130Z #47 7.996   Downloading typing_extensions-4.14.1-py3-none-any.whl.metadata (3.0 kB)
2025-08-17T12:43:07.3821244Z #47 8.155 Collecting prompt-toolkit>=3.0.36 (from click-repl>=0.2.0->celery==5.4.*->celery[redis]==5.4.*->-r fees_h10/requirements.txt (line 1))
2025-08-17T12:43:07.3822434Z #47 8.179   Downloading prompt_toolkit-3.0.51-py3-none-any.whl.metadata (6.4 kB)
2025-08-17T12:43:07.3823534Z #47 8.253 Collecting amqp<6.0.0,>=5.1.1 (from kombu<6.0,>=5.3.4->celery==5.4.*->celery[redis]==5.4.*->-r fees_h10/requirements.txt (line 1))
2025-08-17T12:43:07.3824565Z #47 8.279   Downloading amqp-5.3.1-py3-none-any.whl.metadata (8.9 kB)
2025-08-17T12:43:07.3888317Z #47 8.341 Collecting packaging (from kombu<6.0,>=5.3.4->celery==5.4.*->celery[redis]==5.4.*->-r fees_h10/requirements.txt (line 1))
2025-08-17T12:43:07.3889963Z #47 8.374   Downloading packaging-25.0-py3-none-any.whl.metadata (3.3 kB)
2025-08-17T12:43:07.3891070Z #47 8.441 Collecting six>=1.5 (from python-dateutil>=2.8.2->celery==5.4.*->celery[redis]==5.4.*->-r fees_h10/requirements.txt (line 1))
2025-08-17T12:43:07.3892136Z #47 8.464   Downloading six-1.17.0-py2.py3-none-any.whl.metadata (1.7 kB)
2025-08-17T12:43:07.3893121Z #47 8.521 Collecting PyJWT>=2.9.0 (from redis!=4.5.5,<6.0.0,>=4.5.2->celery[redis]==5.4.*->-r fees_h10/requirements.txt (line 1))
2025-08-17T12:43:07.3894101Z #47 8.551   Downloading PyJWT-2.10.1-py3-none-any.whl.metadata (4.0 kB)
2025-08-17T12:43:07.3894977Z #47 8.600 Collecting sniffio>=1.1 (from anyio->httpx->-r fees_h10/requirements.txt (line 3))
2025-08-17T12:43:07.3896383Z #47 8.630   Downloading sniffio-1.3.1-py3-none-any.whl.metadata (3.9 kB)
2025-08-17T12:43:07.3897535Z #47 8.718 Collecting wcwidth (from prompt-toolkit>=3.0.36->click-repl>=0.2.0->celery==5.4.*->celery[redis]==5.4.*->-r fees_h10/requirements.txt (line 1))
2025-08-17T12:43:07.3898716Z #47 8.737   Downloading wcwidth-0.2.13-py2.py3-none-any.whl.metadata (14 kB)
2025-08-17T12:43:07.3899465Z #47 8.813 Downloading celery-5.4.0-py3-none-any.whl (425 kB)
2025-08-17T12:43:07.3900334Z #47 8.911 Downloading asyncpg-0.30.0-cp312-cp312-manylinux_2_17_x86_64.manylinux2014_x86_64.whl (3.6 MB)
2025-08-17T12:43:07.3901702Z #47 9.026    ━━━━━━━━━━━━━━━━━━━━━━━━━━━━━━━━━━━━━━━━ 3.6/3.6 MB 33.4 MB/s eta 0:00:00
2025-08-17T12:43:07.3902369Z #47 9.052 Downloading httpx-0.28.1-py3-none-any.whl (73 kB)
2025-08-17T12:43:07.3902993Z #47 9.082 Downloading httpcore-1.0.9-py3-none-any.whl (78 kB)
2025-08-17T12:43:07.3903869Z #47 9.117 Downloading sqlalchemy-2.0.43-cp312-cp312-manylinux_2_17_x86_64.manylinux2014_x86_64.whl (3.3 MB)
2025-08-17T12:43:07.4769758Z #47 9.217    ━━━━━━━━━━━━━━━━━━━━━━━━━━━━━━━━━━━━━━━━ 3.3/3.3 MB 39.6 MB/s eta 0:00:00
2025-08-17T12:43:07.4776374Z #47 9.279 Downloading billiard-4.2.1-py3-none-any.whl (86 kB)
2025-08-17T12:43:07.4777240Z #47 9.308 Downloading click-8.2.1-py3-none-any.whl (102 kB)
2025-08-17T12:43:07.5791700Z #47 9.339 Downloading click_didyoumean-0.3.1-py3-none-any.whl (3.6 kB)
2025-08-17T12:43:07.5792498Z #47 9.373 Downloading click_plugins-1.1.1.2-py2.py3-none-any.whl (11 kB)
2025-08-17T12:43:07.5793232Z #47 9.404 Downloading click_repl-0.3.0-py3-none-any.whl (10 kB)
2025-08-17T12:43:07.5793776Z #47 ...
2025-08-17T12:43:07.5793940Z 
2025-08-17T12:43:07.5794599Z #45 [postgres 1/6] FROM docker.io/library/postgres:16@sha256:66a5efb5677ffac1037774a0e141fd3a4c035c9c0c0e624c9cc980dfa10f45e5
2025-08-17T12:43:08.1211207Z #45 ...
2025-08-17T12:43:08.1213181Z 
2025-08-17T12:43:08.1214761Z #48 [api stage-1 3/6] RUN set -eux;     if [ -f /etc/apt/sources.list ]; then         sed -i 's|http://deb.debian.org|https://deb.debian.org|g' /etc/apt/sources.list;     fi;     apt-get update;     apt-get install -y --no-install-recommends tzdata postgresql-client curl;     rm -rf /var/lib/apt/lists/*
2025-08-17T12:43:08.1217807Z #48 0.382 + [ -f /etc/apt/sources.list ]
2025-08-17T12:43:08.1218278Z #48 0.382 + apt-get update
2025-08-17T12:43:08.1218758Z #48 0.513 Hit:1 http://deb.debian.org/debian trixie InRelease
2025-08-17T12:43:08.1219611Z #48 0.513 Get:2 http://deb.debian.org/debian trixie-updates InRelease [47.1 kB]
2025-08-17T12:43:08.1220513Z #48 0.545 Get:3 http://deb.debian.org/debian-security trixie-security InRelease [43.4 kB]
2025-08-17T12:43:08.1221403Z #48 0.569 Get:4 http://deb.debian.org/debian trixie/main amd64 Packages [9668 kB]
2025-08-17T12:43:08.1222287Z #48 0.767 Get:5 http://deb.debian.org/debian trixie-updates/main amd64 Packages [2432 B]
2025-08-17T12:43:08.1223254Z #48 0.789 Get:6 http://deb.debian.org/debian-security trixie-security/main amd64 Packages [8780 B]
2025-08-17T12:43:08.1224036Z #48 2.419 Fetched 9769 kB in 2s (4969 kB/s)
2025-08-17T12:43:08.1224483Z #48 2.419 Reading package lists...
2025-08-17T12:43:08.1225320Z #48 3.496 + apt-get install -y --no-install-recommends tzdata postgresql-client curl
2025-08-17T12:43:08.1255732Z #48 3.516 Reading package lists...
2025-08-17T12:43:08.1256297Z #48 4.712 Building dependency tree...
2025-08-17T12:43:08.1256755Z #48 5.009 Reading state information...
2025-08-17T12:43:08.1257269Z #48 5.531 tzdata is already the newest version (2025b-4).
2025-08-17T12:43:08.1257908Z #48 5.531 The following additional packages will be installed:
2025-08-17T12:43:08.1258668Z #48 5.531   libbrotli1 libcom-err2 libcurl4t64 libgdbm-compat4t64 libgnutls30t64
2025-08-17T12:43:08.1259509Z #48 5.531   libgssapi-krb5-2 libidn2-0 libk5crypto3 libkeyutils1 libkrb5-3
2025-08-17T12:43:08.1260394Z #48 5.532   libkrb5support0 libldap2 libnghttp2-14 libnghttp3-9 libp11-kit0 libperl5.40
2025-08-17T12:43:08.1261331Z #48 5.532   libpq5 libpsl5t64 librtmp1 libsasl2-2 libsasl2-modules-db libssh2-1t64
2025-08-17T12:43:08.1262525Z #48 5.532   libtasn1-6 libunistring5 perl perl-modules-5.40 postgresql-client-17
2025-08-17T12:43:08.1263254Z #48 5.533   postgresql-client-common sensible-utils
2025-08-17T12:43:08.1263765Z #48 5.537 Suggested packages:
2025-08-17T12:43:08.1264337Z #48 5.537   gnutls-bin krb5-doc krb5-user perl-doc libterm-readline-gnu-perl
2025-08-17T12:43:08.1265390Z #48 5.537   | libterm-readline-perl-perl make libtap-harness-archive-perl postgresql-17
2025-08-17T12:43:08.1266103Z #48 5.537   postgresql-doc-17
2025-08-17T12:43:08.1266491Z #48 5.537 Recommended packages:
2025-08-17T12:43:08.1267140Z #48 5.537   bash-completion krb5-locales libldap-common publicsuffix libsasl2-modules
2025-08-17T12:43:08.1267888Z #48 5.963 The following NEW packages will be installed:
2025-08-17T12:43:08.1268614Z #48 5.975   curl libbrotli1 libcom-err2 libcurl4t64 libgdbm-compat4t64 libgnutls30t64
2025-08-17T12:43:08.1269448Z #48 5.975   libgssapi-krb5-2 libidn2-0 libk5crypto3 libkeyutils1 libkrb5-3
2025-08-17T12:43:08.1270338Z #48 5.975   libkrb5support0 libldap2 libnghttp2-14 libnghttp3-9 libp11-kit0 libperl5.40
2025-08-17T12:43:08.1271259Z #48 5.975   libpq5 libpsl5t64 librtmp1 libsasl2-2 libsasl2-modules-db libssh2-1t64
2025-08-17T12:43:08.1272117Z #48 5.975   libtasn1-6 libunistring5 perl perl-modules-5.40 postgresql-client
2025-08-17T12:43:08.1272943Z #48 5.975   postgresql-client-17 postgresql-client-common sensible-utils
2025-08-17T12:43:08.1273706Z #48 6.107 0 upgraded, 31 newly installed, 0 to remove and 0 not upgraded.
2025-08-17T12:43:08.1274306Z #48 6.107 Need to get 14.9 MB of archives.
2025-08-17T12:43:08.1274921Z #48 6.107 After this operation, 78.1 MB of additional disk space will be used.
2025-08-17T12:43:08.1276063Z #48 6.107 Get:1 http://deb.debian.org/debian trixie/main amd64 sensible-utils all 0.0.25 [25.0 kB]
2025-08-17T12:43:08.1277117Z #48 6.120 Get:2 http://deb.debian.org/debian trixie/main amd64 perl-modules-5.40 all 5.40.1-6 [3019 kB]
2025-08-17T12:43:08.1278190Z #48 6.194 Get:3 http://deb.debian.org/debian trixie/main amd64 libgdbm-compat4t64 amd64 1.24-2 [50.3 kB]
2025-08-17T12:43:08.1279230Z #48 6.196 Get:4 http://deb.debian.org/debian trixie/main amd64 libperl5.40 amd64 5.40.1-6 [4341 kB]
2025-08-17T12:43:08.1280199Z #48 6.246 Get:5 http://deb.debian.org/debian trixie/main amd64 perl amd64 5.40.1-6 [267 kB]
2025-08-17T12:43:08.1281159Z #48 6.250 Get:6 http://deb.debian.org/debian trixie/main amd64 libbrotli1 amd64 1.1.0-2+b7 [307 kB]
2025-08-17T12:43:08.1282191Z #48 6.251 Get:7 http://deb.debian.org/debian trixie/main amd64 libkrb5support0 amd64 1.21.3-5 [33.0 kB]
2025-08-17T12:43:08.1283235Z #48 6.252 Get:8 http://deb.debian.org/debian trixie/main amd64 libcom-err2 amd64 1.47.2-3+b3 [25.0 kB]
2025-08-17T12:43:08.1284246Z #48 6.262 Get:9 http://deb.debian.org/debian trixie/main amd64 libk5crypto3 amd64 1.21.3-5 [81.5 kB]
2025-08-17T12:43:08.1325710Z #48 6.262 Get:10 http://deb.debian.org/debian trixie/main amd64 libkeyutils1 amd64 1.6.3-6 [9456 B]
2025-08-17T12:43:08.1326818Z #48 6.262 Get:11 http://deb.debian.org/debian trixie/main amd64 libkrb5-3 amd64 1.21.3-5 [326 kB]
2025-08-17T12:43:08.1328117Z #48 6.262 Get:12 http://deb.debian.org/debian trixie/main amd64 libgssapi-krb5-2 amd64 1.21.3-5 [138 kB]
2025-08-17T12:43:08.1329174Z #48 6.262 Get:13 http://deb.debian.org/debian trixie/main amd64 libunistring5 amd64 1.3-2 [477 kB]
2025-08-17T12:43:08.1330166Z #48 6.269 Get:14 http://deb.debian.org/debian trixie/main amd64 libidn2-0 amd64 2.3.8-2 [109 kB]
2025-08-17T12:43:08.1331230Z #48 6.273 Get:15 http://deb.debian.org/debian trixie/main amd64 libsasl2-modules-db amd64 2.1.28+dfsg1-9 [19.8 kB]
2025-08-17T12:43:08.1332450Z #48 6.275 Get:16 http://deb.debian.org/debian trixie/main amd64 libsasl2-2 amd64 2.1.28+dfsg1-9 [57.5 kB]
2025-08-17T12:43:08.1333497Z #48 6.275 Get:17 http://deb.debian.org/debian trixie/main amd64 libldap2 amd64 2.6.10+dfsg-1 [194 kB]
2025-08-17T12:43:08.1334542Z #48 6.285 Get:18 http://deb.debian.org/debian trixie/main amd64 libnghttp2-14 amd64 1.64.0-1.1 [76.0 kB]
2025-08-17T12:43:08.1336006Z #48 6.288 Get:19 http://deb.debian.org/debian trixie/main amd64 libnghttp3-9 amd64 1.8.0-1 [67.7 kB]
2025-08-17T12:43:08.1337045Z #48 6.289 Get:20 http://deb.debian.org/debian trixie/main amd64 libpsl5t64 amd64 0.21.2-1.1+b1 [57.2 kB]
2025-08-17T12:43:08.1338065Z #48 6.291 Get:21 http://deb.debian.org/debian trixie/main amd64 libp11-kit0 amd64 0.25.5-3 [425 kB]
2025-08-17T12:43:08.1339052Z #48 6.296 Get:22 http://deb.debian.org/debian trixie/main amd64 libtasn1-6 amd64 4.20.0-2 [49.9 kB]
2025-08-17T12:43:08.1340046Z #48 6.303 Get:23 http://deb.debian.org/debian trixie/main amd64 libgnutls30t64 amd64 3.8.9-3 [1465 kB]
2025-08-17T12:43:08.1341163Z #48 6.314 Get:24 http://deb.debian.org/debian trixie/main amd64 librtmp1 amd64 2.4+20151223.gitfa8646d.1-2+b5 [58.8 kB]
2025-08-17T12:43:08.1342164Z #48 6.315 Get:25 http://deb.debian.org/debian trixie/main amd64 libssh2-1t64 amd64 1.11.1-1 [245 kB]
2025-08-17T12:43:08.1343137Z #48 6.316 Get:26 http://deb.debian.org/debian trixie/main amd64 libcurl4t64 amd64 8.14.1-2 [391 kB]
2025-08-17T12:43:08.1344078Z #48 6.320 Get:27 http://deb.debian.org/debian trixie/main amd64 curl amd64 8.14.1-2 [269 kB]
2025-08-17T12:43:08.1344965Z #48 6.323 Get:28 http://deb.debian.org/debian trixie/main amd64 libpq5 amd64 17.5-1 [226 kB]
2025-08-17T12:43:08.1346127Z #48 6.328 Get:29 http://deb.debian.org/debian trixie/main amd64 postgresql-client-common all 278 [47.1 kB]
2025-08-17T12:43:08.1364579Z #48 6.328 Get:30 http://deb.debian.org/debian trixie/main amd64 postgresql-client-17 amd64 17.5-1 [2025 kB]
2025-08-17T12:43:08.1368468Z #48 6.352 Get:31 http://deb.debian.org/debian trixie/main amd64 postgresql-client all 17+278 [14.0 kB]
2025-08-17T12:43:08.1372416Z #48 9.466 Fetched 14.9 MB in 0s (45.5 MB/s)
2025-08-17T12:43:08.1376791Z #48 9.549 Selecting previously unselected package sensible-utils.
2025-08-17T12:43:08.1379434Z #48 9.549 (Reading database ... 
2025-08-17T12:43:08.1381917Z (Reading database ... 5%
2025-08-17T12:43:08.1383415Z (Reading database ... 10%
2025-08-17T12:43:08.1384817Z (Reading database ... 15%
2025-08-17T12:43:08.1386434Z (Reading database ... 20%
2025-08-17T12:43:08.1386816Z (Reading database ... 25%
2025-08-17T12:43:08.1388307Z (Reading database ... 30%
2025-08-17T12:43:08.1389950Z (Reading database ... 35%
2025-08-17T12:43:08.1390348Z (Reading database ... 40%
2025-08-17T12:43:08.1390707Z (Reading database ... 45%
2025-08-17T12:43:08.1391057Z (Reading database ... 50%
2025-08-17T12:43:08.1393948Z (Reading database ... 55%
2025-08-17T12:43:08.1394322Z (Reading database ... 60%
2025-08-17T12:43:08.1394680Z (Reading database ... 65%
2025-08-17T12:43:08.1395044Z (Reading database ... 70%
2025-08-17T12:43:08.1395597Z (Reading database ... 75%
2025-08-17T12:43:08.1395963Z (Reading database ... 80%
2025-08-17T12:43:08.1396327Z (Reading database ... 85%
2025-08-17T12:43:08.1396693Z (Reading database ... 90%
2025-08-17T12:43:08.1397049Z (Reading database ... 95%
2025-08-17T12:43:08.1404825Z (Reading database ... 100%
2025-08-17T12:43:08.1405538Z (Reading database ... 5643 files and directories currently installed.)
2025-08-17T12:43:08.1406311Z #48 9.556 Preparing to unpack .../00-sensible-utils_0.0.25_all.deb ...
2025-08-17T12:43:08.1407144Z #48 9.564 Unpacking sensible-utils (0.0.25) ...
2025-08-17T12:43:08.1407786Z #48 9.668 Selecting previously unselected package perl-modules-5.40.
2025-08-17T12:43:08.1408520Z #48 9.668 Preparing to unpack .../01-perl-modules-5.40_5.40.1-6_all.deb ...
2025-08-17T12:43:08.1409173Z #48 9.671 Unpacking perl-modules-5.40 (5.40.1-6) ...
2025-08-17T12:43:08.2356109Z #48 ...
2025-08-17T12:43:08.2356715Z 
2025-08-17T12:43:08.2357534Z #49 [etl base 4/5] RUN if [ -n "" ] && [ -f "" ]; then         pip install -r requirements.txt -c "";     else         pip install -r requirements.txt;     fi
2025-08-17T12:43:08.2358751Z #49 4.732 Collecting keepa==1.3.14 (from -r requirements.txt (line 1))
2025-08-17T12:43:08.2361161Z #49 4.832   Downloading keepa-1.3.14-py3-none-any.whl.metadata (10 kB)
2025-08-17T12:43:08.2511506Z #49 4.940 Collecting minio==7.1.15 (from -r requirements.txt (line 2))
2025-08-17T12:43:08.2512305Z #49 4.962   Downloading minio-7.1.15-py3-none-any.whl.metadata (4.2 kB)
2025-08-17T12:43:08.2513200Z #49 5.188 Collecting python-amazon-sp-api==0.8.0 (from -r requirements.txt (line 3))
2025-08-17T12:43:08.2514160Z #49 5.211   Downloading python_amazon_sp_api-0.8.0-py3-none-any.whl.metadata (3.2 kB)
2025-08-17T12:43:08.2515325Z #49 5.254 Collecting pydantic-settings==2.2.1 (from -r requirements.txt (line 4))
2025-08-17T12:43:08.2516245Z #49 5.282   Downloading pydantic_settings-2.2.1-py3-none-any.whl.metadata (3.1 kB)
2025-08-17T12:43:08.2517135Z #49 5.788 Collecting numpy>=1.9.3 (from keepa==1.3.14->-r requirements.txt (line 1))
2025-08-17T12:43:08.2518139Z #49 5.806   Downloading numpy-2.3.2-cp312-cp312-manylinux_2_27_x86_64.manylinux_2_28_x86_64.whl.metadata (62 kB)
2025-08-17T12:43:08.2519174Z #49 5.985 Collecting requests>=2.2 (from keepa==1.3.14->-r requirements.txt (line 1))
2025-08-17T12:43:08.2520039Z #49 6.012   Downloading requests-2.32.4-py3-none-any.whl.metadata (4.9 kB)
2025-08-17T12:43:08.2520837Z #49 6.116 Collecting tqdm (from keepa==1.3.14->-r requirements.txt (line 1))
2025-08-17T12:43:08.2521591Z #49 6.144   Downloading tqdm-4.67.1-py3-none-any.whl.metadata (57 kB)
2025-08-17T12:43:08.2522353Z #49 7.336 Collecting aiohttp (from keepa==1.3.14->-r requirements.txt (line 1))
2025-08-17T12:43:08.2523342Z #49 7.462   Downloading aiohttp-3.12.15-cp312-cp312-manylinux_2_17_x86_64.manylinux2014_x86_64.whl.metadata (7.7 kB)
2025-08-17T12:43:08.2524344Z #49 7.839 Collecting pandas<=3.0 (from keepa==1.3.14->-r requirements.txt (line 1))
2025-08-17T12:43:08.2525479Z #49 7.859   Downloading pandas-2.3.1-cp312-cp312-manylinux_2_17_x86_64.manylinux2014_x86_64.whl.metadata (91 kB)
2025-08-17T12:43:08.2526473Z #49 8.224 Collecting pydantic (from keepa==1.3.14->-r requirements.txt (line 1))
2025-08-17T12:43:08.2527254Z #49 8.247   Downloading pydantic-2.11.7-py3-none-any.whl.metadata (67 kB)
2025-08-17T12:43:08.2528056Z #49 8.337 Collecting certifi (from minio==7.1.15->-r requirements.txt (line 2))
2025-08-17T12:43:08.2528859Z #49 8.360   Downloading certifi-2025.8.3-py3-none-any.whl.metadata (2.4 kB)
2025-08-17T12:43:08.2529650Z #49 8.435 Collecting urllib3 (from minio==7.1.15->-r requirements.txt (line 2))
2025-08-17T12:43:08.2530423Z #49 8.459   Downloading urllib3-2.5.0-py3-none-any.whl.metadata (6.5 kB)
2025-08-17T12:43:08.2531274Z #49 8.526 Collecting six<2,>=1.15 (from python-amazon-sp-api==0.8.0->-r requirements.txt (line 3))
2025-08-17T12:43:08.2532117Z #49 8.551   Downloading six-1.17.0-py2.py3-none-any.whl.metadata (1.7 kB)
2025-08-17T12:43:08.2532984Z #49 9.515 Collecting boto3<2,>=1.16.39 (from python-amazon-sp-api==0.8.0->-r requirements.txt (line 3))
2025-08-17T12:43:08.2533896Z #49 9.537   Downloading boto3-1.40.11-py3-none-any.whl.metadata (6.7 kB)
2025-08-17T12:43:08.2534818Z #49 9.597 Collecting cachetools~=4.2.0 (from python-amazon-sp-api==0.8.0->-r requirements.txt (line 3))
2025-08-17T12:43:08.2568176Z #49 9.618   Downloading cachetools-4.2.4-py3-none-any.whl.metadata (4.8 kB)
2025-08-17T12:43:08.2569141Z #49 9.910 Collecting pycryptodome (from python-amazon-sp-api==0.8.0->-r requirements.txt (line 3))
2025-08-17T12:43:08.2570560Z #49 9.933   Downloading pycryptodome-3.23.0-cp37-abi3-manylinux_2_17_x86_64.manylinux2014_x86_64.whl.metadata (3.4 kB)
2025-08-17T12:43:08.2571687Z #49 10.08 Collecting pytz (from python-amazon-sp-api==0.8.0->-r requirements.txt (line 3))
2025-08-17T12:43:08.2572558Z #49 10.10   Downloading pytz-2025.2-py2.py3-none-any.whl.metadata (22 kB)
2025-08-17T12:43:08.4513084Z #49 10.17 Collecting confuse~=1.4.0 (from python-amazon-sp-api==0.8.0->-r requirements.txt (line 3))
2025-08-17T12:43:08.4518122Z #49 10.19   Downloading confuse-1.4.0-py2.py3-none-any.whl.metadata (3.8 kB)
2025-08-17T12:43:08.4547085Z #49 10.32 Collecting python-dotenv>=0.21.0 (from pydantic-settings==2.2.1->-r requirements.txt (line 4))
2025-08-17T12:43:08.4550375Z #49 ...
2025-08-17T12:43:08.4552673Z 
2025-08-17T12:43:08.4555577Z #50 [logistics_etl base 4/5] RUN if [ -n "" ] && [ -f "" ]; then         pip install -r requirements.txt -c "";     else         pip install -r requirements.txt;     fi
2025-08-17T12:43:08.4564939Z #50 4.624 Collecting apscheduler==3.10.4 (from -r requirements.txt (line 1))
2025-08-17T12:43:08.4576464Z #50 4.734   Downloading APScheduler-3.10.4-py3-none-any.whl.metadata (5.7 kB)
2025-08-17T12:43:08.4577336Z #50 4.812 Collecting httpx==0.26.0 (from -r requirements.txt (line 2))
2025-08-17T12:43:08.4578116Z #50 4.830   Downloading httpx-0.26.0-py3-none-any.whl.metadata (7.6 kB)
2025-08-17T12:43:08.4578926Z #50 5.497 Collecting sqlalchemy==2.0.29 (from -r requirements.txt (line 3))
2025-08-17T12:43:08.4579997Z #50 5.517   Downloading SQLAlchemy-2.0.29-cp312-cp312-manylinux_2_17_x86_64.manylinux2014_x86_64.whl.metadata (9.6 kB)
2025-08-17T12:43:08.4581034Z #50 5.688 Collecting asyncpg==0.30.0 (from -r requirements.txt (line 4))
2025-08-17T12:43:08.4583163Z #50 5.710   Downloading asyncpg-0.30.0-cp312-cp312-manylinux_2_17_x86_64.manylinux2014_x86_64.whl.metadata (5.0 kB)
2025-08-17T12:43:08.4584357Z #50 5.782 Collecting six>=1.4.0 (from apscheduler==3.10.4->-r requirements.txt (line 1))
2025-08-17T12:43:08.4585482Z #50 5.804   Downloading six-1.17.0-py2.py3-none-any.whl.metadata (1.7 kB)
2025-08-17T12:43:08.4586819Z #50 5.972 Collecting pytz (from apscheduler==3.10.4->-r requirements.txt (line 1))
2025-08-17T12:43:08.4589072Z #50 5.987   Downloading pytz-2025.2-py2.py3-none-any.whl.metadata (22 kB)
2025-08-17T12:43:08.4589930Z #50 6.040 Collecting tzlocal!=3.*,>=2.0 (from apscheduler==3.10.4->-r requirements.txt (line 1))
2025-08-17T12:43:08.4590796Z #50 6.062   Downloading tzlocal-5.3.1-py3-none-any.whl.metadata (7.6 kB)
2025-08-17T12:43:08.4591561Z #50 6.119 Collecting anyio (from httpx==0.26.0->-r requirements.txt (line 2))
2025-08-17T12:43:08.4592330Z #50 6.137   Downloading anyio-4.10.0-py3-none-any.whl.metadata (4.0 kB)
2025-08-17T12:43:08.4593117Z #50 6.236 Collecting certifi (from httpx==0.26.0->-r requirements.txt (line 2))
2025-08-17T12:43:08.4593921Z #50 6.256   Downloading certifi-2025.8.3-py3-none-any.whl.metadata (2.4 kB)
2025-08-17T12:43:08.4594772Z #50 6.324 Collecting httpcore==1.* (from httpx==0.26.0->-r requirements.txt (line 2))
2025-08-17T12:43:08.4595815Z #50 6.341   Downloading httpcore-1.0.9-py3-none-any.whl.metadata (21 kB)
2025-08-17T12:43:08.4596616Z #50 6.387 Collecting idna (from httpx==0.26.0->-r requirements.txt (line 2))
2025-08-17T12:43:08.4597362Z #50 6.404   Downloading idna-3.10-py3-none-any.whl.metadata (10 kB)
2025-08-17T12:43:08.4598179Z #50 6.442 Collecting sniffio (from httpx==0.26.0->-r requirements.txt (line 2))
2025-08-17T12:43:08.4599019Z #50 6.460   Downloading sniffio-1.3.1-py3-none-any.whl.metadata (3.9 kB)
2025-08-17T12:43:08.4599952Z #50 6.525 Collecting typing-extensions>=4.6.0 (from sqlalchemy==2.0.29->-r requirements.txt (line 3))
2025-08-17T12:43:08.4600930Z #50 6.541   Downloading typing_extensions-4.14.1-py3-none-any.whl.metadata (3.0 kB)
2025-08-17T12:43:08.4601850Z #50 6.916 Collecting greenlet!=0.4.17 (from sqlalchemy==2.0.29->-r requirements.txt (line 3))
2025-08-17T12:43:08.4603183Z #50 6.935   Downloading greenlet-3.2.4-cp312-cp312-manylinux_2_24_x86_64.manylinux_2_28_x86_64.whl.metadata (4.1 kB)
2025-08-17T12:43:08.4604242Z #50 6.973 Collecting h11>=0.16 (from httpcore==1.*->httpx==0.26.0->-r requirements.txt (line 2))
2025-08-17T12:43:08.4605010Z #50 6.990   Downloading h11-0.16.0-py3-none-any.whl.metadata (8.3 kB)
2025-08-17T12:43:08.4614912Z #50 7.074 Downloading APScheduler-3.10.4-py3-none-any.whl (59 kB)
2025-08-17T12:43:08.4615919Z #50 7.110 Downloading httpx-0.26.0-py3-none-any.whl (75 kB)
2025-08-17T12:43:08.4616847Z #50 7.143 Downloading SQLAlchemy-2.0.29-cp312-cp312-manylinux_2_17_x86_64.manylinux2014_x86_64.whl (3.2 MB)
2025-08-17T12:43:08.4619067Z #50 7.229    ━━━━━━━━━━━━━━━━━━━━━━━━━━━━━━━━━━━━━━━━ 3.2/3.2 MB 43.5 MB/s eta 0:00:00
2025-08-17T12:43:08.4619958Z #50 7.249 Downloading asyncpg-0.30.0-cp312-cp312-manylinux_2_17_x86_64.manylinux2014_x86_64.whl (3.6 MB)
2025-08-17T12:43:08.4621395Z #50 7.341    ━━━━━━━━━━━━━━━━━━━━━━━━━━━━━━━━━━━━━━━━ 3.6/3.6 MB 45.3 MB/s eta 0:00:00
2025-08-17T12:43:08.4622041Z #50 7.354 Downloading httpcore-1.0.9-py3-none-any.whl (78 kB)
2025-08-17T12:43:08.4622938Z #50 7.380 Downloading greenlet-3.2.4-cp312-cp312-manylinux_2_24_x86_64.manylinux_2_28_x86_64.whl (607 kB)
2025-08-17T12:43:08.4624032Z #50 7.394    ━━━━━━━━━━━━━━━━━━━━━━━━━━━━━━━━━━━━━━━━ 607.6/607.6 kB 44.7 MB/s eta 0:00:00
2025-08-17T12:43:08.4624682Z #50 7.412 Downloading six-1.17.0-py2.py3-none-any.whl (11 kB)
2025-08-17T12:43:08.4625614Z #50 7.434 Downloading typing_extensions-4.14.1-py3-none-any.whl (43 kB)
2025-08-17T12:43:08.4626340Z #50 7.463 Downloading tzlocal-5.3.1-py3-none-any.whl (18 kB)
2025-08-17T12:43:08.4626977Z #50 7.490 Downloading anyio-4.10.0-py3-none-any.whl (107 kB)
2025-08-17T12:43:08.4627597Z #50 7.525 Downloading idna-3.10-py3-none-any.whl (70 kB)
2025-08-17T12:43:08.4628234Z #50 7.564 Downloading sniffio-1.3.1-py3-none-any.whl (10 kB)
2025-08-17T12:43:08.4628882Z #50 7.579 Downloading certifi-2025.8.3-py3-none-any.whl (161 kB)
2025-08-17T12:43:08.4629570Z #50 7.610 Downloading pytz-2025.2-py2.py3-none-any.whl (509 kB)
2025-08-17T12:43:08.4630225Z #50 7.640 Downloading h11-0.16.0-py3-none-any.whl (37 kB)
2025-08-17T12:43:08.4631487Z #50 7.825 Installing collected packages: pytz, tzlocal, typing-extensions, sniffio, six, idna, h11, greenlet, certifi, asyncpg, sqlalchemy, httpcore, apscheduler, anyio, httpx
2025-08-17T12:43:08.6728806Z #50 ...
2025-08-17T12:43:08.6732897Z 
2025-08-17T12:43:08.6738062Z #51 [repricer base 4/5] RUN if [ -n "" ] && [ -f "" ]; then         pip install -r requirements.txt -c "";     else         pip install -r requirements.txt;     fi
2025-08-17T12:43:08.6742439Z #51 5.183 Collecting uvicorn==0.29.0 (from -r requirements.txt (line 1))
2025-08-17T12:43:08.6745613Z #51 5.226   Downloading uvicorn-0.29.0-py3-none-any.whl.metadata (6.3 kB)
2025-08-17T12:43:08.6747957Z #51 5.280 Collecting pydantic-settings==2.2.1 (from -r requirements.txt (line 2))
2025-08-17T12:43:08.6760170Z #51 5.288   Downloading pydantic_settings-2.2.1-py3-none-any.whl.metadata (3.1 kB)
2025-08-17T12:43:08.6761140Z #51 5.471 Collecting python-amazon-sp-api==0.8.0 (from -r requirements.txt (line 3))
2025-08-17T12:43:08.6762044Z #51 5.479   Downloading python_amazon_sp_api-0.8.0-py3-none-any.whl.metadata (3.2 kB)
2025-08-17T12:43:08.6762962Z #51 5.660 Collecting fastapi==0.111.0 (from -r requirements.txt (line 4))
2025-08-17T12:43:08.6763728Z #51 5.660   Downloading fastapi-0.111.0-py3-none-any.whl.metadata (25 kB)
2025-08-17T12:43:08.6767911Z #51 6.240 Collecting sqlalchemy==2.0.29 (from -r requirements.txt (line 5))
2025-08-17T12:43:08.6768988Z #51 6.249   Downloading SQLAlchemy-2.0.29-cp312-cp312-manylinux_2_17_x86_64.manylinux2014_x86_64.whl.metadata (9.6 kB)
2025-08-17T12:43:08.6770033Z #51 6.328 Collecting click>=7.0 (from uvicorn==0.29.0->-r requirements.txt (line 1))
2025-08-17T12:43:08.6770821Z #51 6.340   Downloading click-8.2.1-py3-none-any.whl.metadata (2.5 kB)
2025-08-17T12:43:08.6771584Z #51 6.362 Collecting h11>=0.8 (from uvicorn==0.29.0->-r requirements.txt (line 1))
2025-08-17T12:43:08.6855701Z #51 6.368   Downloading h11-0.16.0-py3-none-any.whl.metadata (8.3 kB)
2025-08-17T12:43:08.6856658Z #51 6.664 Collecting pydantic>=2.3.0 (from pydantic-settings==2.2.1->-r requirements.txt (line 2))
2025-08-17T12:43:08.6857533Z #51 6.664   Downloading pydantic-2.11.7-py3-none-any.whl.metadata (67 kB)
2025-08-17T12:43:08.6858426Z #51 6.729 Collecting python-dotenv>=0.21.0 (from pydantic-settings==2.2.1->-r requirements.txt (line 2))
2025-08-17T12:43:08.6859338Z #51 6.736   Downloading python_dotenv-1.1.1-py3-none-any.whl.metadata (24 kB)
2025-08-17T12:43:08.6860195Z #51 6.865 Collecting requests (from python-amazon-sp-api==0.8.0->-r requirements.txt (line 3))
2025-08-17T12:43:08.6861061Z #51 6.872   Downloading requests-2.32.4-py3-none-any.whl.metadata (4.9 kB)
2025-08-17T12:43:08.6862120Z #51 6.917 Collecting six<2,>=1.15 (from python-amazon-sp-api==0.8.0->-r requirements.txt (line 3))
2025-08-17T12:43:08.6862960Z #51 6.926   Downloading six-1.17.0-py2.py3-none-any.whl.metadata (1.7 kB)
2025-08-17T12:43:08.6863823Z #51 7.967 Collecting boto3<2,>=1.16.39 (from python-amazon-sp-api==0.8.0->-r requirements.txt (line 3))
2025-08-17T12:43:08.6864663Z #51 7.976   Downloading boto3-1.40.11-py3-none-any.whl.metadata (6.7 kB)
2025-08-17T12:43:08.6865718Z #51 8.104 Collecting cachetools~=4.2.0 (from python-amazon-sp-api==0.8.0->-r requirements.txt (line 3))
2025-08-17T12:43:08.6866612Z #51 8.111   Downloading cachetools-4.2.4-py3-none-any.whl.metadata (4.8 kB)
2025-08-17T12:43:08.6867558Z #51 8.355 Collecting pycryptodome (from python-amazon-sp-api==0.8.0->-r requirements.txt (line 3))
2025-08-17T12:43:08.6876260Z #51 8.375   Downloading pycryptodome-3.23.0-cp37-abi3-manylinux_2_17_x86_64.manylinux2014_x86_64.whl.metadata (3.4 kB)
2025-08-17T12:43:08.6877445Z #51 8.508 Collecting pytz (from python-amazon-sp-api==0.8.0->-r requirements.txt (line 3))
2025-08-17T12:43:08.6878370Z #51 8.514   Downloading pytz-2025.2-py2.py3-none-any.whl.metadata (22 kB)
2025-08-17T12:43:08.6879299Z #51 8.558 Collecting confuse~=1.4.0 (from python-amazon-sp-api==0.8.0->-r requirements.txt (line 3))
2025-08-17T12:43:08.6880232Z #51 8.569   Downloading confuse-1.4.0-py2.py3-none-any.whl.metadata (3.8 kB)
2025-08-17T12:43:08.6881120Z #51 8.694 Collecting starlette<0.38.0,>=0.37.2 (from fastapi==0.111.0->-r requirements.txt (line 4))
2025-08-17T12:43:08.6882017Z #51 8.694   Downloading starlette-0.37.2-py3-none-any.whl.metadata (5.9 kB)
2025-08-17T12:43:08.6882952Z #51 8.833 Collecting typing-extensions>=4.8.0 (from fastapi==0.111.0->-r requirements.txt (line 4))
2025-08-17T12:43:08.6883938Z #51 8.843   Downloading typing_extensions-4.14.1-py3-none-any.whl.metadata (3.0 kB)
2025-08-17T12:43:08.6884856Z #51 8.890 Collecting fastapi-cli>=0.0.2 (from fastapi==0.111.0->-r requirements.txt (line 4))
2025-08-17T12:43:08.6895792Z #51 8.899   Downloading fastapi_cli-0.0.8-py3-none-any.whl.metadata (6.3 kB)
2025-08-17T12:43:08.6896962Z #51 8.965 Collecting httpx>=0.23.0 (from fastapi==0.111.0->-r requirements.txt (line 4))
2025-08-17T12:43:08.6897809Z #51 8.972   Downloading httpx-0.28.1-py3-none-any.whl.metadata (7.1 kB)
2025-08-17T12:43:08.6898609Z #51 9.040 Collecting jinja2>=2.11.2 (from fastapi==0.111.0->-r requirements.txt (line 4))
2025-08-17T12:43:08.6899394Z #51 9.040   Downloading jinja2-3.1.6-py3-none-any.whl.metadata (2.9 kB)
2025-08-17T12:43:08.6900230Z #51 9.100 Collecting python-multipart>=0.0.7 (from fastapi==0.111.0->-r requirements.txt (line 4))
2025-08-17T12:43:08.6901136Z #51 9.110   Downloading python_multipart-0.0.20-py3-none-any.whl.metadata (1.8 kB)
2025-08-17T12:43:08.6902055Z #51 9.314 Collecting ujson!=4.0.2,!=4.1.0,!=4.2.0,!=4.3.0,!=5.0.0,!=5.1.0,>=4.0.1 (from fastapi==0.111.0->-r requirements.txt (line 4))
2025-08-17T12:43:08.6903094Z #51 9.323   Downloading ujson-5.10.0-cp312-cp312-manylinux_2_17_x86_64.manylinux2014_x86_64.whl.metadata (9.3 kB)
2025-08-17T12:43:08.6904113Z #51 9.910 Collecting orjson>=3.2.1 (from fastapi==0.111.0->-r requirements.txt (line 4))
2025-08-17T12:43:08.6921329Z #51 9.913   Downloading orjson-3.11.2-cp312-cp312-manylinux_2_17_x86_64.manylinux2014_x86_64.whl.metadata (1.2 kB)
2025-08-17T12:43:08.6922495Z #51 9.962 Collecting email_validator>=2.0.0 (from fastapi==0.111.0->-r requirements.txt (line 4))
2025-08-17T12:43:08.6923446Z #51 9.962   Downloading email_validator-2.2.0-py3-none-any.whl.metadata (25 kB)
2025-08-17T12:43:08.6924343Z #51 10.32 Collecting greenlet!=0.4.17 (from sqlalchemy==2.0.29->-r requirements.txt (line 5))
2025-08-17T12:43:08.6925722Z #51 10.33   Downloading greenlet-3.2.4-cp312-cp312-manylinux_2_24_x86_64.manylinux_2_28_x86_64.whl.metadata (4.1 kB)
2025-08-17T12:43:08.7797351Z #51 ...
2025-08-17T12:43:08.7799341Z 
2025-08-17T12:43:08.7800748Z #52 [api base  4/12] RUN pip install --no-cache-dir -r requirements.txt
2025-08-17T12:43:08.7801909Z #52 5.063 Collecting uvicorn==0.29.0 (from -r requirements.txt (line 1))
2025-08-17T12:43:08.7820317Z #52 5.107   Downloading uvicorn-0.29.0-py3-none-any.whl.metadata (6.3 kB)
2025-08-17T12:43:08.7821474Z #52 5.140 Collecting pydantic-settings==2.2.1 (from -r requirements.txt (line 2))
2025-08-17T12:43:08.7822958Z #52 5.147   Downloading pydantic_settings-2.2.1-py3-none-any.whl.metadata (3.1 kB)
2025-08-17T12:43:08.7824646Z #52 5.301 Collecting fastapi==0.111.0 (from -r requirements.txt (line 3))
2025-08-17T12:43:08.7826111Z #52 5.311   Downloading fastapi-0.111.0-py3-none-any.whl.metadata (25 kB)
2025-08-17T12:43:08.7827282Z #52 6.075 Collecting sqlalchemy==2.0.29 (from -r requirements.txt (line 4))
2025-08-17T12:43:08.7836218Z #52 6.091   Downloading SQLAlchemy-2.0.29-cp312-cp312-manylinux_2_17_x86_64.manylinux2014_x86_64.whl.metadata (9.6 kB)
2025-08-17T12:43:08.7839874Z #52 6.144 Collecting alembic==1.13.1 (from -r requirements.txt (line 5))
2025-08-17T12:43:08.7843774Z #52 6.153   Downloading alembic-1.13.1-py3-none-any.whl.metadata (7.4 kB)
2025-08-17T12:43:08.7845008Z #52 6.176 Collecting psycopg==3.2.9 (from psycopg[binary]==3.2.9->-r requirements.txt (line 6))
2025-08-17T12:43:08.7846391Z #52 6.186   Downloading psycopg-3.2.9-py3-none-any.whl.metadata (4.5 kB)
2025-08-17T12:43:08.7847714Z #52 6.244 Collecting httpx==0.27.2 (from -r requirements.txt (line 7))
2025-08-17T12:43:08.7850333Z #52 6.249   Downloading httpx-0.27.2-py3-none-any.whl.metadata (7.1 kB)
2025-08-17T12:43:08.7851128Z #52 6.328 Collecting asyncpg==0.29.0 (from -r requirements.txt (line 8))
2025-08-17T12:43:08.7852125Z #52 6.339   Downloading asyncpg-0.29.0-cp312-cp312-manylinux_2_17_x86_64.manylinux2014_x86_64.whl.metadata (4.4 kB)
2025-08-17T12:43:08.7853115Z #52 7.113 Collecting boto3==1.34.162 (from -r requirements.txt (line 9))
2025-08-17T12:43:08.7853886Z #52 7.123   Downloading boto3-1.34.162-py3-none-any.whl.metadata (6.6 kB)
2025-08-17T12:43:08.7854654Z #52 7.166 Collecting Jinja2==3.1.5 (from -r requirements.txt (line 10))
2025-08-17T12:43:08.7855614Z #52 7.172   Downloading jinja2-3.1.5-py3-none-any.whl.metadata (2.6 kB)
2025-08-17T12:43:08.7856408Z #52 7.218 Collecting click>=7.0 (from uvicorn==0.29.0->-r requirements.txt (line 1))
2025-08-17T12:43:08.7857208Z #52 7.225   Downloading click-8.2.1-py3-none-any.whl.metadata (2.5 kB)
2025-08-17T12:43:08.7857977Z #52 7.250 Collecting h11>=0.8 (from uvicorn==0.29.0->-r requirements.txt (line 1))
2025-08-17T12:43:08.7858750Z #52 7.254   Downloading h11-0.16.0-py3-none-any.whl.metadata (8.3 kB)
2025-08-17T12:43:08.7859624Z #52 7.553 Collecting pydantic>=2.3.0 (from pydantic-settings==2.2.1->-r requirements.txt (line 2))
2025-08-17T12:43:08.7860553Z #52 7.564   Downloading pydantic-2.11.7-py3-none-any.whl.metadata (67 kB)
2025-08-17T12:43:08.7861514Z #52 7.634 Collecting python-dotenv>=0.21.0 (from pydantic-settings==2.2.1->-r requirements.txt (line 2))
2025-08-17T12:43:08.7862489Z #52 7.645   Downloading python_dotenv-1.1.1-py3-none-any.whl.metadata (24 kB)
2025-08-17T12:43:08.7863398Z #52 7.787 Collecting starlette<0.38.0,>=0.37.2 (from fastapi==0.111.0->-r requirements.txt (line 3))
2025-08-17T12:43:08.7864301Z #52 7.800   Downloading starlette-0.37.2-py3-none-any.whl.metadata (5.9 kB)
2025-08-17T12:43:08.7939090Z #52 7.994 Collecting typing-extensions>=4.8.0 (from fastapi==0.111.0->-r requirements.txt (line 3))
2025-08-17T12:43:08.7940162Z #52 8.004   Downloading typing_extensions-4.14.1-py3-none-any.whl.metadata (3.0 kB)
2025-08-17T12:43:08.7941058Z #52 8.022 Collecting fastapi-cli>=0.0.2 (from fastapi==0.111.0->-r requirements.txt (line 3))
2025-08-17T12:43:08.7941964Z #52 8.027   Downloading fastapi_cli-0.0.8-py3-none-any.whl.metadata (6.3 kB)
2025-08-17T12:43:08.7942890Z #52 8.063 Collecting python-multipart>=0.0.7 (from fastapi==0.111.0->-r requirements.txt (line 3))
2025-08-17T12:43:08.7943861Z #52 8.071   Downloading python_multipart-0.0.20-py3-none-any.whl.metadata (1.8 kB)
2025-08-17T12:43:08.7944835Z #52 8.232 Collecting ujson!=4.0.2,!=4.1.0,!=4.2.0,!=4.3.0,!=5.0.0,!=5.1.0,>=4.0.1 (from fastapi==0.111.0->-r requirements.txt (line 3))
2025-08-17T12:43:08.7946417Z #52 8.241   Downloading ujson-5.10.0-cp312-cp312-manylinux_2_17_x86_64.manylinux2014_x86_64.whl.metadata (9.3 kB)
2025-08-17T12:43:08.7947462Z #52 8.766 Collecting orjson>=3.2.1 (from fastapi==0.111.0->-r requirements.txt (line 3))
2025-08-17T12:43:08.7948510Z #52 8.784   Downloading orjson-3.11.2-cp312-cp312-manylinux_2_17_x86_64.manylinux2014_x86_64.whl.metadata (1.2 kB)
2025-08-17T12:43:08.7949602Z #52 8.817 Collecting email_validator>=2.0.0 (from fastapi==0.111.0->-r requirements.txt (line 3))
2025-08-17T12:43:08.7950521Z #52 8.827   Downloading email_validator-2.2.0-py3-none-any.whl.metadata (25 kB)
2025-08-17T12:43:08.7951422Z #52 9.256 Collecting greenlet!=0.4.17 (from sqlalchemy==2.0.29->-r requirements.txt (line 4))
2025-08-17T12:43:08.7952514Z #52 9.264   Downloading greenlet-3.2.4-cp312-cp312-manylinux_2_24_x86_64.manylinux_2_28_x86_64.whl.metadata (4.1 kB)
2025-08-17T12:43:08.7953527Z #52 9.352 Collecting Mako (from alembic==1.13.1->-r requirements.txt (line 5))
2025-08-17T12:43:08.7954317Z #52 9.356   Downloading mako-1.3.10-py3-none-any.whl.metadata (2.9 kB)
2025-08-17T12:43:08.7955076Z #52 9.410 Collecting anyio (from httpx==0.27.2->-r requirements.txt (line 7))
2025-08-17T12:43:08.7973808Z #52 9.414   Downloading anyio-4.10.0-py3-none-any.whl.metadata (4.0 kB)
2025-08-17T12:43:08.7974646Z #52 9.455 Collecting certifi (from httpx==0.27.2->-r requirements.txt (line 7))
2025-08-17T12:43:08.7975634Z #52 9.462   Downloading certifi-2025.8.3-py3-none-any.whl.metadata (2.4 kB)
2025-08-17T12:43:08.7976472Z #52 9.509 Collecting httpcore==1.* (from httpx==0.27.2->-r requirements.txt (line 7))
2025-08-17T12:43:08.7977291Z #52 9.516   Downloading httpcore-1.0.9-py3-none-any.whl.metadata (21 kB)
2025-08-17T12:43:08.7978078Z #52 9.543 Collecting idna (from httpx==0.27.2->-r requirements.txt (line 7))
2025-08-17T12:43:08.7978810Z #52 9.549   Downloading idna-3.10-py3-none-any.whl.metadata (10 kB)
2025-08-17T12:43:08.7979572Z #52 9.561 Collecting sniffio (from httpx==0.27.2->-r requirements.txt (line 7))
2025-08-17T12:43:08.7980376Z #52 9.567   Downloading sniffio-1.3.1-py3-none-any.whl.metadata (3.9 kB)
2025-08-17T12:43:08.7981239Z #52 10.55 Collecting botocore<1.35.0,>=1.34.162 (from boto3==1.34.162->-r requirements.txt (line 9))
2025-08-17T12:43:08.7982127Z #52 10.55   Downloading botocore-1.34.162-py3-none-any.whl.metadata (5.7 kB)
2025-08-17T12:43:08.7982993Z #52 10.59 Collecting jmespath<2.0.0,>=0.7.1 (from boto3==1.34.162->-r requirements.txt (line 9))
2025-08-17T12:43:08.7983855Z #52 10.60   Downloading jmespath-1.0.1-py3-none-any.whl.metadata (7.6 kB)
2025-08-17T12:43:08.7984714Z #52 10.65 Collecting s3transfer<0.11.0,>=0.10.0 (from boto3==1.34.162->-r requirements.txt (line 9))
2025-08-17T12:43:08.7985760Z #52 10.66   Downloading s3transfer-0.10.4-py3-none-any.whl.metadata (1.7 kB)
2025-08-17T12:43:08.9048094Z #52 10.78 Collecting MarkupSafe>=2.0 (from Jinja2==3.1.5->-r requirements.txt (line 10))
2025-08-17T12:43:08.9083713Z #52 ...
2025-08-17T12:43:08.9091970Z 
2025-08-17T12:43:08.9095034Z #48 [api stage-1 3/6] RUN set -eux;     if [ -f /etc/apt/sources.list ]; then         sed -i 's|http://deb.debian.org|https://deb.debian.org|g' /etc/apt/sources.list;     fi;     apt-get update;     apt-get install -y --no-install-recommends tzdata postgresql-client curl;     rm -rf /var/lib/apt/lists/*
2025-08-17T12:43:08.9162388Z #48 10.68 Selecting previously unselected package libgdbm-compat4t64:amd64.
2025-08-17T12:43:08.9163232Z #48 10.68 Preparing to unpack .../02-libgdbm-compat4t64_1.24-2_amd64.deb ...
2025-08-17T12:43:08.9163933Z #48 10.69 Unpacking libgdbm-compat4t64:amd64 (1.24-2) ...
2025-08-17T12:43:08.9164605Z #48 10.81 Selecting previously unselected package libperl5.40:amd64.
2025-08-17T12:43:08.9165502Z #48 10.81 Preparing to unpack .../03-libperl5.40_5.40.1-6_amd64.deb ...
2025-08-17T12:43:08.9166141Z #48 10.81 Unpacking libperl5.40:amd64 (5.40.1-6) ...
2025-08-17T12:43:09.9810082Z #48 11.81 Selecting previously unselected package perl.
2025-08-17T12:43:09.9812464Z #48 11.81 Preparing to unpack .../04-perl_5.40.1-6_amd64.deb ...
2025-08-17T12:43:09.9814683Z #48 11.83 Unpacking perl (5.40.1-6) ...
2025-08-17T12:43:10.1011694Z #48 11.92 Selecting previously unselected package libbrotli1:amd64.
2025-08-17T12:43:10.1012467Z #48 11.92 Preparing to unpack .../05-libbrotli1_1.1.0-2+b7_amd64.deb ...
2025-08-17T12:43:10.1023062Z #48 11.93 Unpacking libbrotli1:amd64 (1.1.0-2+b7) ...
2025-08-17T12:43:10.2136987Z #48 12.06 Selecting previously unselected package libkrb5support0:amd64.
2025-08-17T12:43:10.2138318Z #48 12.06 Preparing to unpack .../06-libkrb5support0_1.21.3-5_amd64.deb ...
2025-08-17T12:43:10.2139987Z #48 12.08 Unpacking libkrb5support0:amd64 (1.21.3-5) ...
2025-08-17T12:43:10.2140632Z #48 12.15 Selecting previously unselected package libcom-err2:amd64.
2025-08-17T12:43:10.2141334Z #48 12.15 Preparing to unpack .../07-libcom-err2_1.47.2-3+b3_amd64.deb ...
2025-08-17T12:43:10.2141955Z #48 12.15 Unpacking libcom-err2:amd64 (1.47.2-3+b3) ...
2025-08-17T12:43:10.3650995Z #48 12.22 Selecting previously unselected package libk5crypto3:amd64.
2025-08-17T12:43:10.3651801Z #48 12.22 Preparing to unpack .../08-libk5crypto3_1.21.3-5_amd64.deb ...
2025-08-17T12:43:10.3652417Z #48 12.23 Unpacking libk5crypto3:amd64 (1.21.3-5) ...
2025-08-17T12:43:10.4727413Z #48 12.31 Selecting previously unselected package libkeyutils1:amd64.
2025-08-17T12:43:10.4728435Z #48 12.31 Preparing to unpack .../09-libkeyutils1_1.6.3-6_amd64.deb ...
2025-08-17T12:43:10.4729253Z #48 12.33 Unpacking libkeyutils1:amd64 (1.6.3-6) ...
2025-08-17T12:43:10.4730012Z #48 12.40 Selecting previously unselected package libkrb5-3:amd64.
2025-08-17T12:43:10.4730906Z #48 12.40 Preparing to unpack .../10-libkrb5-3_1.21.3-5_amd64.deb ...
2025-08-17T12:43:10.4731678Z #48 12.41 Unpacking libkrb5-3:amd64 (1.21.3-5) ...
2025-08-17T12:43:10.7214265Z #48 12.54 Selecting previously unselected package libgssapi-krb5-2:amd64.
2025-08-17T12:43:10.7215308Z #48 12.54 Preparing to unpack .../11-libgssapi-krb5-2_1.21.3-5_amd64.deb ...
2025-08-17T12:43:10.7216047Z #48 12.55 Unpacking libgssapi-krb5-2:amd64 (1.21.3-5) ...
2025-08-17T12:43:10.7216707Z #48 12.66 Selecting previously unselected package libunistring5:amd64.
2025-08-17T12:43:10.7217452Z #48 12.66 Preparing to unpack .../12-libunistring5_1.3-2_amd64.deb ...
2025-08-17T12:43:10.7218067Z #48 12.66 Unpacking libunistring5:amd64 (1.3-2) ...
2025-08-17T12:43:11.0619130Z #48 12.87 Selecting previously unselected package libidn2-0:amd64.
2025-08-17T12:43:11.0619913Z #48 12.88 Preparing to unpack .../13-libidn2-0_2.3.8-2_amd64.deb ...
2025-08-17T12:43:11.0620530Z #48 12.89 Unpacking libidn2-0:amd64 (2.3.8-2) ...
2025-08-17T12:43:11.0621206Z #48 13.00 Selecting previously unselected package libsasl2-modules-db:amd64.
2025-08-17T12:43:11.1838991Z #48 13.00 Preparing to unpack .../14-libsasl2-modules-db_2.1.28+dfsg1-9_amd64.deb ...
2025-08-17T12:43:11.1847015Z #48 13.00 Unpacking libsasl2-modules-db:amd64 (2.1.28+dfsg1-9) ...
2025-08-17T12:43:11.1848323Z #48 13.08 Selecting previously unselected package libsasl2-2:amd64.
2025-08-17T12:43:11.1850979Z #48 13.09 Preparing to unpack .../15-libsasl2-2_2.1.28+dfsg1-9_amd64.deb ...
2025-08-17T12:43:11.3431692Z #48 13.17 Unpacking libsasl2-2:amd64 (2.1.28+dfsg1-9) ...
2025-08-17T12:43:12.0029611Z #48 13.85 Selecting previously unselected package libldap2:amd64.
2025-08-17T12:43:12.0033047Z #48 13.85 Preparing to unpack .../16-libldap2_2.6.10+dfsg-1_amd64.deb ...
2025-08-17T12:43:12.2616251Z #48 14.09 Unpacking libldap2:amd64 (2.6.10+dfsg-1) ...
2025-08-17T12:43:12.5107205Z #48 ...
2025-08-17T12:43:12.5107746Z 
2025-08-17T12:43:12.5108575Z #50 [logistics_etl base 4/5] RUN if [ -n "" ] && [ -f "" ]; then         pip install -r requirements.txt -c "";     else         pip install -r requirements.txt;     fi
2025-08-17T12:43:12.5110780Z #50 13.23 Successfully installed anyio-4.10.0 apscheduler-3.10.4 asyncpg-0.30.0 certifi-2025.8.3 greenlet-3.2.4 h11-0.16.0 httpcore-1.0.9 httpx-0.26.0 idna-3.10 pytz-2025.2 six-1.17.0 sniffio-1.3.1 sqlalchemy-2.0.29 typing-extensions-4.14.1 tzlocal-5.3.1
2025-08-17T12:43:12.5123772Z #50 13.23 WARNING: Running pip as the 'root' user can result in broken permissions and conflicting behaviour with the system package manager, possibly rendering your system unusable. It is recommended to use a virtual environment instead: https://pip.pypa.io/warnings/venv. Use the --root-user-action option if you know what you are doing and want to suppress this warning.
2025-08-17T12:43:12.5126177Z #50 13.73 
2025-08-17T12:43:12.5126579Z #50 13.73 [notice] A new release of pip is available: 25.0.1 -> 25.2
2025-08-17T12:43:12.5127199Z #50 13.73 [notice] To update, run: pip install --upgrade pip
2025-08-17T12:43:12.5127670Z #50 DONE 14.4s
2025-08-17T12:43:12.5127852Z 
2025-08-17T12:43:12.5129169Z #48 [api stage-1 3/6] RUN set -eux;     if [ -f /etc/apt/sources.list ]; then         sed -i 's|http://deb.debian.org|https://deb.debian.org|g' /etc/apt/sources.list;     fi;     apt-get update;     apt-get install -y --no-install-recommends tzdata postgresql-client curl;     rm -rf /var/lib/apt/lists/*
2025-08-17T12:43:12.5177373Z #48 14.37 Selecting previously unselected package libnghttp2-14:amd64.
2025-08-17T12:43:12.5178558Z #48 14.37 Preparing to unpack .../17-libnghttp2-14_1.64.0-1.1_amd64.deb ...
2025-08-17T12:43:12.5179227Z #48 14.40 Unpacking libnghttp2-14:amd64 (1.64.0-1.1) ...
2025-08-17T12:43:12.6220569Z #48 ...
2025-08-17T12:43:12.6221994Z 
2025-08-17T12:43:12.6222356Z #53 [logistics_etl base 5/5] COPY . .
2025-08-17T12:43:12.6224724Z #53 DONE 0.1s
2025-08-17T12:43:12.6225109Z 
2025-08-17T12:43:12.6226854Z #48 [api stage-1 3/6] RUN set -eux;     if [ -f /etc/apt/sources.list ]; then         sed -i 's|http://deb.debian.org|https://deb.debian.org|g' /etc/apt/sources.list;     fi;     apt-get update;     apt-get install -y --no-install-recommends tzdata postgresql-client curl;     rm -rf /var/lib/apt/lists/*
2025-08-17T12:43:12.6230210Z #48 14.49 Selecting previously unselected package libnghttp3-9:amd64.
2025-08-17T12:43:12.6256031Z #48 14.50 Preparing to unpack .../18-libnghttp3-9_1.8.0-1_amd64.deb ...
2025-08-17T12:43:12.6256735Z #48 14.51 Unpacking libnghttp3-9:amd64 (1.8.0-1) ...
2025-08-17T12:43:12.7276544Z #48 14.60 Selecting previously unselected package libpsl5t64:amd64.
2025-08-17T12:43:12.7277903Z #48 14.60 Preparing to unpack .../19-libpsl5t64_0.21.2-1.1+b1_amd64.deb ...
2025-08-17T12:43:12.7278693Z #48 14.61 Unpacking libpsl5t64:amd64 (0.21.2-1.1+b1) ...
2025-08-17T12:43:12.8265923Z #48 14.69 Selecting previously unselected package libp11-kit0:amd64.
2025-08-17T12:43:12.8266958Z #48 14.70 Preparing to unpack .../20-libp11-kit0_0.25.5-3_amd64.deb ...
2025-08-17T12:43:12.8268775Z #48 14.71 Unpacking libp11-kit0:amd64 (0.25.5-3) ...
2025-08-17T12:43:12.9360781Z #48 14.81 Selecting previously unselected package libtasn1-6:amd64.
2025-08-17T12:43:12.9361674Z #48 14.81 Preparing to unpack .../21-libtasn1-6_4.20.0-2_amd64.deb ...
2025-08-17T12:43:12.9362322Z #48 14.82 Unpacking libtasn1-6:amd64 (4.20.0-2) ...
2025-08-17T12:43:13.0361584Z #48 ...
2025-08-17T12:43:13.0364615Z 
2025-08-17T12:43:13.0365552Z #45 [postgres 1/6] FROM docker.io/library/postgres:16@sha256:66a5efb5677ffac1037774a0e141fd3a4c035c9c0c0e624c9cc980dfa10f45e5
2025-08-17T12:43:13.0367239Z #45 extracting sha256:a1e4ad56dcecf442fba1cec05cd565ededfdc663e5172df9ef9394d96d4c96f8 12.9s done
2025-08-17T12:43:13.0368443Z #45 extracting sha256:987c1b4919ea2d87df20824aaef43a9de0575ac7df684579ad267c7e48c8eeea done
2025-08-17T12:43:13.0369557Z #45 extracting sha256:a858bd6d34e86a481a2e028e3ba489e662b3ac7713eba9a5d3bb97002c7d797e done
2025-08-17T12:43:13.0372162Z #45 extracting sha256:f1b3502db45ad485f0affe43e32fc81d699ddac01c023f198271a0a7e1cecd4c done
2025-08-17T12:43:13.0373550Z #45 extracting sha256:25ef78fb127c1934630de29a3d38f46e544360b1dcf5cfc09b25507fbe88fd75 done
2025-08-17T12:43:13.0374599Z #45 extracting sha256:240810240d04caaaccb11d51ba7c3a7f7d6f470ec2a80ee420a3d33899d9a303 done
2025-08-17T12:43:13.0375532Z #45 DONE 18.8s
2025-08-17T12:43:13.0376072Z 
2025-08-17T12:43:13.0377440Z #48 [api stage-1 3/6] RUN set -eux;     if [ -f /etc/apt/sources.list ]; then         sed -i 's|http://deb.debian.org|https://deb.debian.org|g' /etc/apt/sources.list;     fi;     apt-get update;     apt-get install -y --no-install-recommends tzdata postgresql-client curl;     rm -rf /var/lib/apt/lists/*
2025-08-17T12:43:13.0379375Z #48 14.89 Selecting previously unselected package libgnutls30t64:amd64.
2025-08-17T12:43:13.0380153Z #48 14.89 Preparing to unpack .../22-libgnutls30t64_3.8.9-3_amd64.deb ...
2025-08-17T12:43:13.0380822Z #48 14.90 Unpacking libgnutls30t64:amd64 (3.8.9-3) ...
2025-08-17T12:43:13.2562637Z #48 15.11 Selecting previously unselected package librtmp1:amd64.
2025-08-17T12:43:13.2564076Z #48 15.11 Preparing to unpack .../23-librtmp1_2.4+20151223.gitfa8646d.1-2+b5_amd64.deb ...
2025-08-17T12:43:13.2567344Z #48 15.12 Unpacking librtmp1:amd64 (2.4+20151223.gitfa8646d.1-2+b5) ...
2025-08-17T12:43:13.2573647Z #48 15.19 Selecting previously unselected package libssh2-1t64:amd64.
2025-08-17T12:43:13.2574388Z #48 15.19 Preparing to unpack .../24-libssh2-1t64_1.11.1-1_amd64.deb ...
2025-08-17T12:43:13.3562340Z #48 15.20 Unpacking libssh2-1t64:amd64 (1.11.1-1) ...
2025-08-17T12:43:13.4707560Z #48 15.33 Selecting previously unselected package libcurl4t64:amd64.
2025-08-17T12:43:13.4710123Z #48 15.34 Preparing to unpack .../25-libcurl4t64_8.14.1-2_amd64.deb ...
2025-08-17T12:43:13.4710668Z #48 15.35 Unpacking libcurl4t64:amd64 (8.14.1-2) ...
2025-08-17T12:43:13.5766921Z #48 15.51 Selecting previously unselected package curl.
2025-08-17T12:43:13.7069818Z #48 15.51 Preparing to unpack .../26-curl_8.14.1-2_amd64.deb ...
2025-08-17T12:43:13.7072309Z #48 15.52 Unpacking curl (8.14.1-2) ...
2025-08-17T12:43:13.8602599Z #48 15.66 Selecting previously unselected package libpq5:amd64.
2025-08-17T12:43:13.8605796Z #48 15.66 Preparing to unpack .../27-libpq5_17.5-1_amd64.deb ...
2025-08-17T12:43:13.8606390Z #48 15.67 Unpacking libpq5:amd64 (17.5-1) ...
2025-08-17T12:43:13.8607032Z #48 15.80 Selecting previously unselected package postgresql-client-common.
2025-08-17T12:43:13.9741715Z #48 15.80 Preparing to unpack .../28-postgresql-client-common_278_all.deb ...
2025-08-17T12:43:13.9746180Z #48 15.84 Unpacking postgresql-client-common (278) ...
2025-08-17T12:43:13.9746912Z #48 15.91 Selecting previously unselected package postgresql-client-17.
2025-08-17T12:43:14.1914007Z #48 15.91 Preparing to unpack .../29-postgresql-client-17_17.5-1_amd64.deb ...
2025-08-17T12:43:14.1918770Z #48 15.91 Unpacking postgresql-client-17 (17.5-1) ...
2025-08-17T12:43:14.5876732Z #48 16.42 Selecting previously unselected package postgresql-client.
2025-08-17T12:43:14.5886191Z #48 16.42 Preparing to unpack .../30-postgresql-client_17+278_all.deb ...
2025-08-17T12:43:14.5886899Z #48 16.44 Unpacking postgresql-client (17+278) ...
2025-08-17T12:43:14.5887440Z #48 16.52 Setting up libkeyutils1:amd64 (1.6.3-6) ...
2025-08-17T12:43:14.6901194Z #48 16.53 Setting up libgdbm-compat4t64:amd64 (1.24-2) ...
2025-08-17T12:43:14.6906194Z #48 16.53 Setting up libbrotli1:amd64 (1.1.0-2+b7) ...
2025-08-17T12:43:14.6906752Z #48 16.54 Setting up libnghttp2-14:amd64 (1.64.0-1.1) ...
2025-08-17T12:43:14.6907279Z #48 16.54 Setting up libcom-err2:amd64 (1.47.2-3+b3) ...
2025-08-17T12:43:14.6908044Z #48 16.55 Setting up libkrb5support0:amd64 (1.21.3-5) ...
2025-08-17T12:43:14.6908644Z #48 16.56 Setting up libsasl2-modules-db:amd64 (2.1.28+dfsg1-9) ...
2025-08-17T12:43:14.6909213Z #48 16.56 Setting up libp11-kit0:amd64 (0.25.5-3) ...
2025-08-17T12:43:14.6909709Z #48 16.57 Setting up libunistring5:amd64 (1.3-2) ...
2025-08-17T12:43:14.6910229Z #48 16.58 Setting up libk5crypto3:amd64 (1.21.3-5) ...
2025-08-17T12:43:14.6910775Z #48 16.59 Setting up libsasl2-2:amd64 (2.1.28+dfsg1-9) ...
2025-08-17T12:43:14.6911317Z #48 16.59 Setting up libnghttp3-9:amd64 (1.8.0-1) ...
2025-08-17T12:43:14.6911826Z #48 16.60 Setting up perl-modules-5.40 (5.40.1-6) ...
2025-08-17T12:43:14.6912325Z #48 16.61 Setting up sensible-utils (0.0.25) ...
2025-08-17T12:43:14.6913026Z #48 16.62 Setting up libtasn1-6:amd64 (4.20.0-2) ...
2025-08-17T12:43:14.6913520Z #48 16.63 Setting up libkrb5-3:amd64 (1.21.3-5) ...
2025-08-17T12:43:14.8130309Z #48 16.63 Setting up libssh2-1t64:amd64 (1.11.1-1) ...
2025-08-17T12:43:14.8145908Z #48 16.64 Setting up libldap2:amd64 (2.6.10+dfsg-1) ...
2025-08-17T12:43:14.8146509Z #48 16.66 Setting up libidn2-0:amd64 (2.3.8-2) ...
2025-08-17T12:43:14.8147124Z #48 16.67 Setting up libperl5.40:amd64 (5.40.1-6) ...
2025-08-17T12:43:14.8147600Z #48 16.67 Setting up perl (5.40.1-6) ...
2025-08-17T12:43:14.8148088Z #48 16.69 Setting up libgssapi-krb5-2:amd64 (1.21.3-5) ...
2025-08-17T12:43:14.8148647Z #48 16.70 Setting up libgnutls30t64:amd64 (3.8.9-3) ...
2025-08-17T12:43:14.8149191Z #48 16.71 Setting up postgresql-client-common (278) ...
2025-08-17T12:43:14.8149753Z #48 16.75 Setting up libpsl5t64:amd64 (0.21.2-1.1+b1) ...
2025-08-17T12:43:14.9168794Z #48 16.75 Setting up libpq5:amd64 (17.5-1) ...
2025-08-17T12:43:14.9169554Z #48 16.76 Setting up librtmp1:amd64 (2.4+20151223.gitfa8646d.1-2+b5) ...
2025-08-17T12:43:14.9170249Z #48 16.77 Setting up libcurl4t64:amd64 (8.14.1-2) ...
2025-08-17T12:43:14.9170802Z #48 16.77 Setting up postgresql-client-17 (17.5-1) ...
2025-08-17T12:43:15.9567699Z #48 17.81 update-alternatives: using /usr/share/postgresql/17/man/man1/psql.1.gz to provide /usr/share/man/man1/psql.1.gz (psql.1.gz) in auto mode
2025-08-17T12:43:16.0571351Z #48 17.98 Setting up curl (8.14.1-2) ...
2025-08-17T12:43:16.0575071Z #48 17.99 Setting up postgresql-client (17+278) ...
2025-08-17T12:43:16.1651968Z #48 18.01 Processing triggers for libc-bin (2.41-12) ...
2025-08-17T12:43:16.3905899Z #48 18.11 + rm -rf /var/lib/apt/lists/auxfiles /var/lib/apt/lists/deb.debian.org_debian-security_dists_trixie-security_InRelease /var/lib/apt/lists/deb.debian.org_debian-security_dists_trixie-security_main_binary-amd64_Packages.lz4 /var/lib/apt/lists/deb.debian.org_debian_dists_trixie-updates_InRelease /var/lib/apt/lists/deb.debian.org_debian_dists_trixie-updates_main_binary-amd64_Packages.lz4 /var/lib/apt/lists/deb.debian.org_debian_dists_trixie_InRelease /var/lib/apt/lists/deb.debian.org_debian_dists_trixie_main_binary-amd64_Packages.lz4 /var/lib/apt/lists/lock /var/lib/apt/lists/partial
2025-08-17T12:43:16.7416658Z #48 DONE 18.7s
2025-08-17T12:43:16.7419677Z 
2025-08-17T12:43:16.7420799Z #51 [repricer base 4/5] RUN if [ -n "" ] && [ -f "" ]; then         pip install -r requirements.txt -c "";     else         pip install -r requirements.txt;     fi
2025-08-17T12:43:16.7423011Z #51 11.45 Collecting botocore<1.41.0,>=1.40.11 (from boto3<2,>=1.16.39->python-amazon-sp-api==0.8.0->-r requirements.txt (line 3))
2025-08-17T12:43:16.7430722Z #51 11.45   Downloading botocore-1.40.11-py3-none-any.whl.metadata (5.7 kB)
2025-08-17T12:43:16.7433159Z #51 11.55 Collecting jmespath<2.0.0,>=0.7.1 (from boto3<2,>=1.16.39->python-amazon-sp-api==0.8.0->-r requirements.txt (line 3))
2025-08-17T12:43:16.7442370Z #51 11.56   Downloading jmespath-1.0.1-py3-none-any.whl.metadata (7.6 kB)
2025-08-17T12:43:16.7450407Z #51 11.61 Collecting s3transfer<0.14.0,>=0.13.0 (from boto3<2,>=1.16.39->python-amazon-sp-api==0.8.0->-r requirements.txt (line 3))
2025-08-17T12:43:16.7452407Z #51 11.62   Downloading s3transfer-0.13.1-py3-none-any.whl.metadata (1.7 kB)
2025-08-17T12:43:16.7453692Z #51 11.73 Collecting pyyaml (from confuse~=1.4.0->python-amazon-sp-api==0.8.0->-r requirements.txt (line 3))
2025-08-17T12:43:16.7454860Z #51 11.74   Downloading PyYAML-6.0.2-cp312-cp312-manylinux_2_17_x86_64.manylinux2014_x86_64.whl.metadata (2.1 kB)
2025-08-17T12:43:16.7486607Z #51 11.80 Collecting dnspython>=2.0.0 (from email_validator>=2.0.0->fastapi==0.111.0->-r requirements.txt (line 4))
2025-08-17T12:43:16.7487641Z #51 11.81   Downloading dnspython-2.7.0-py3-none-any.whl.metadata (5.8 kB)
2025-08-17T12:43:16.7488613Z #51 11.87 Collecting idna>=2.0.0 (from email_validator>=2.0.0->fastapi==0.111.0->-r requirements.txt (line 4))
2025-08-17T12:43:16.7489501Z #51 11.88   Downloading idna-3.10-py3-none-any.whl.metadata (10 kB)
2025-08-17T12:43:16.7490772Z #51 11.93 Collecting typer>=0.15.1 (from fastapi-cli>=0.0.2->fastapi==0.111.0->-r requirements.txt (line 4))
2025-08-17T12:43:16.7491692Z #51 11.94   Downloading typer-0.16.0-py3-none-any.whl.metadata (15 kB)
2025-08-17T12:43:16.7520187Z #51 12.01 Collecting rich-toolkit>=0.14.8 (from fastapi-cli>=0.0.2->fastapi==0.111.0->-r requirements.txt (line 4))
2025-08-17T12:43:16.7521272Z #51 12.02   Downloading rich_toolkit-0.15.0-py3-none-any.whl.metadata (1.0 kB)
2025-08-17T12:43:16.7522197Z #51 12.08 Collecting anyio (from httpx>=0.23.0->fastapi==0.111.0->-r requirements.txt (line 4))
2025-08-17T12:43:16.7523058Z #51 12.08   Downloading anyio-4.10.0-py3-none-any.whl.metadata (4.0 kB)
2025-08-17T12:43:16.7523964Z #51 12.16 Collecting certifi (from httpx>=0.23.0->fastapi==0.111.0->-r requirements.txt (line 4))
2025-08-17T12:43:16.7524860Z #51 12.16   Downloading certifi-2025.8.3-py3-none-any.whl.metadata (2.4 kB)
2025-08-17T12:43:16.7526102Z #51 12.23 Collecting httpcore==1.* (from httpx>=0.23.0->fastapi==0.111.0->-r requirements.txt (line 4))
2025-08-17T12:43:16.7527043Z #51 12.24   Downloading httpcore-1.0.9-py3-none-any.whl.metadata (21 kB)
2025-08-17T12:43:16.7528022Z #51 12.38 Collecting MarkupSafe>=2.0 (from jinja2>=2.11.2->fastapi==0.111.0->-r requirements.txt (line 4))
2025-08-17T12:43:16.7529240Z #51 12.38   Downloading MarkupSafe-3.0.2-cp312-cp312-manylinux_2_17_x86_64.manylinux2014_x86_64.whl.metadata (4.0 kB)
2025-08-17T12:43:16.7530569Z #51 12.44 Collecting annotated-types>=0.6.0 (from pydantic>=2.3.0->pydantic-settings==2.2.1->-r requirements.txt (line 2))
2025-08-17T12:43:16.7531688Z #51 12.44   Downloading annotated_types-0.7.0-py3-none-any.whl.metadata (15 kB)
2025-08-17T12:43:16.7532791Z #51 13.62 Collecting pydantic-core==2.33.2 (from pydantic>=2.3.0->pydantic-settings==2.2.1->-r requirements.txt (line 2))
2025-08-17T12:43:16.7534111Z #51 13.63   Downloading pydantic_core-2.33.2-cp312-cp312-manylinux_2_17_x86_64.manylinux2014_x86_64.whl.metadata (6.8 kB)
2025-08-17T12:43:16.7535750Z #51 14.05 Collecting typing-inspection>=0.4.0 (from pydantic>=2.3.0->pydantic-settings==2.2.1->-r requirements.txt (line 2))
2025-08-17T12:43:16.7536912Z #51 14.05   Downloading typing_inspection-0.4.1-py3-none-any.whl.metadata (2.6 kB)
2025-08-17T12:43:16.7538020Z #51 14.27 Collecting httptools>=0.5.0 (from uvicorn[standard]>=0.12.0->fastapi==0.111.0->-r requirements.txt (line 4))
2025-08-17T12:43:16.7539478Z #51 14.28   Downloading httptools-0.6.4-cp312-cp312-manylinux_2_5_x86_64.manylinux1_x86_64.manylinux_2_17_x86_64.manylinux2014_x86_64.whl.metadata (3.6 kB)
2025-08-17T12:43:16.7540983Z #51 14.48 Collecting uvloop!=0.15.0,!=0.15.1,>=0.14.0 (from uvicorn[standard]>=0.12.0->fastapi==0.111.0->-r requirements.txt (line 4))
2025-08-17T12:43:16.7542238Z #51 14.49   Downloading uvloop-0.21.0-cp312-cp312-manylinux_2_17_x86_64.manylinux2014_x86_64.whl.metadata (4.9 kB)
2025-08-17T12:43:16.7543470Z #51 14.70 Collecting watchfiles>=0.13 (from uvicorn[standard]>=0.12.0->fastapi==0.111.0->-r requirements.txt (line 4))
2025-08-17T12:43:16.7544765Z #51 14.72   Downloading watchfiles-1.1.0-cp312-cp312-manylinux_2_17_x86_64.manylinux2014_x86_64.whl.metadata (4.9 kB)
2025-08-17T12:43:16.7546532Z #51 14.97 Collecting websockets>=10.4 (from uvicorn[standard]>=0.12.0->fastapi==0.111.0->-r requirements.txt (line 4))
2025-08-17T12:43:16.7548057Z #51 14.97   Downloading websockets-15.0.1-cp312-cp312-manylinux_2_5_x86_64.manylinux1_x86_64.manylinux_2_17_x86_64.manylinux2014_x86_64.whl.metadata (6.8 kB)
2025-08-17T12:43:16.7549606Z #51 15.18 Collecting charset_normalizer<4,>=2 (from requests->python-amazon-sp-api==0.8.0->-r requirements.txt (line 3))
2025-08-17T12:43:16.7551105Z #51 15.18   Downloading charset_normalizer-3.4.3-cp312-cp312-manylinux2014_x86_64.manylinux_2_17_x86_64.manylinux_2_28_x86_64.whl.metadata (36 kB)
2025-08-17T12:43:16.7552544Z #51 15.33 Collecting urllib3<3,>=1.21.1 (from requests->python-amazon-sp-api==0.8.0->-r requirements.txt (line 3))
2025-08-17T12:43:16.7553565Z #51 15.34   Downloading urllib3-2.5.0-py3-none-any.whl.metadata (6.5 kB)
2025-08-17T12:43:16.7554795Z #51 15.41 Collecting sniffio>=1.1 (from anyio->httpx>=0.23.0->fastapi==0.111.0->-r requirements.txt (line 4))
2025-08-17T12:43:16.7555986Z #51 15.42   Downloading sniffio-1.3.1-py3-none-any.whl.metadata (3.9 kB)
2025-08-17T12:43:16.7557133Z #51 15.50 Collecting python-dateutil<3.0.0,>=2.1 (from botocore<1.41.0,>=1.40.11->boto3<2,>=1.16.39->python-amazon-sp-api==0.8.0->-r requirements.txt (line 3))
2025-08-17T12:43:16.7558398Z #51 15.50   Downloading python_dateutil-2.9.0.post0-py2.py3-none-any.whl.metadata (8.4 kB)
2025-08-17T12:43:16.7559814Z #51 15.74 Collecting rich>=13.7.1 (from rich-toolkit>=0.14.8->fastapi-cli>=0.0.2->fastapi==0.111.0->-r requirements.txt (line 4))
2025-08-17T12:43:16.7560820Z #51 15.74   Downloading rich-14.1.0-py3-none-any.whl.metadata (18 kB)
2025-08-17T12:43:16.7561824Z #51 16.14 Collecting shellingham>=1.3.0 (from typer>=0.15.1->fastapi-cli>=0.0.2->fastapi==0.111.0->-r requirements.txt (line 4))
2025-08-17T12:43:16.7562925Z #51 16.14   Downloading shellingham-1.5.4-py2.py3-none-any.whl.metadata (3.5 kB)
2025-08-17T12:43:16.7564121Z #51 16.34 Collecting markdown-it-py>=2.2.0 (from rich>=13.7.1->rich-toolkit>=0.14.8->fastapi-cli>=0.0.2->fastapi==0.111.0->-r requirements.txt (line 4))
2025-08-17T12:43:16.7565705Z #51 16.34   Downloading markdown_it_py-4.0.0-py3-none-any.whl.metadata (7.3 kB)
2025-08-17T12:43:16.7566860Z #51 16.44 Collecting pygments<3.0.0,>=2.13.0 (from rich>=13.7.1->rich-toolkit>=0.14.8->fastapi-cli>=0.0.2->fastapi==0.111.0->-r requirements.txt (line 4))
2025-08-17T12:43:16.7567994Z #51 16.44   Downloading pygments-2.19.2-py3-none-any.whl.metadata (2.5 kB)
2025-08-17T12:43:16.7569169Z #51 16.51 Collecting mdurl~=0.1 (from markdown-it-py>=2.2.0->rich>=13.7.1->rich-toolkit>=0.14.8->fastapi-cli>=0.0.2->fastapi==0.111.0->-r requirements.txt (line 4))
2025-08-17T12:43:16.7570348Z #51 16.52   Downloading mdurl-0.1.2-py3-none-any.whl.metadata (1.6 kB)
2025-08-17T12:43:16.7571060Z #51 16.56 Downloading uvicorn-0.29.0-py3-none-any.whl (60 kB)
2025-08-17T12:43:16.7571774Z #51 16.58 Downloading pydantic_settings-2.2.1-py3-none-any.whl (13 kB)
2025-08-17T12:43:16.7572548Z #51 16.61 Downloading python_amazon_sp_api-0.8.0-py3-none-any.whl (93 kB)
2025-08-17T12:43:16.7573272Z #51 16.62 Downloading fastapi-0.111.0-py3-none-any.whl (91 kB)
2025-08-17T12:43:16.7574208Z #51 16.63 Downloading SQLAlchemy-2.0.29-cp312-cp312-manylinux_2_17_x86_64.manylinux2014_x86_64.whl (3.2 MB)
2025-08-17T12:43:16.7575786Z #51 16.72    ━━━━━━━━━━━━━━━━━━━━━━━━━━━━━━━━━━━━━━━━ 3.2/3.2 MB 46.2 MB/s eta 0:00:00
2025-08-17T12:43:16.7576417Z #51 16.73 Downloading boto3-1.40.11-py3-none-any.whl (140 kB)
2025-08-17T12:43:16.7577053Z #51 16.75 Downloading cachetools-4.2.4-py3-none-any.whl (10 kB)
2025-08-17T12:43:16.7577672Z #51 16.77 Downloading click-8.2.1-py3-none-any.whl (102 kB)
2025-08-17T12:43:16.7578330Z #51 16.78 Downloading confuse-1.4.0-py2.py3-none-any.whl (21 kB)
2025-08-17T12:43:16.7579043Z #51 16.79 Downloading email_validator-2.2.0-py3-none-any.whl (33 kB)
2025-08-17T12:43:16.7579772Z #51 16.81 Downloading fastapi_cli-0.0.8-py3-none-any.whl (10 kB)
2025-08-17T12:43:16.7580679Z #51 16.82 Downloading greenlet-3.2.4-cp312-cp312-manylinux_2_24_x86_64.manylinux_2_28_x86_64.whl (607 kB)
2025-08-17T12:43:16.7582064Z #51 16.83    ━━━━━━━━━━━━━━━━━━━━━━━━━━━━━━━━━━━━━━━━ 607.6/607.6 kB 39.6 MB/s eta 0:00:00
2025-08-17T12:43:16.7582710Z #51 16.84 Downloading h11-0.16.0-py3-none-any.whl (37 kB)
2025-08-17T12:43:16.7583305Z #51 16.85 Downloading httpx-0.28.1-py3-none-any.whl (73 kB)
2025-08-17T12:43:16.7583941Z #51 16.86 Downloading httpcore-1.0.9-py3-none-any.whl (78 kB)
2025-08-17T12:43:16.7584567Z #51 16.88 Downloading jinja2-3.1.6-py3-none-any.whl (134 kB)
2025-08-17T12:43:16.7586603Z #51 16.90 Downloading orjson-3.11.2-cp312-cp312-manylinux_2_17_x86_64.manylinux2014_x86_64.whl (121 kB)
2025-08-17T12:43:16.7587552Z #51 16.92 Downloading pydantic-2.11.7-py3-none-any.whl (444 kB)
2025-08-17T12:43:16.7588530Z #51 16.94 Downloading pydantic_core-2.33.2-cp312-cp312-manylinux_2_17_x86_64.manylinux2014_x86_64.whl (2.0 MB)
2025-08-17T12:43:16.7590025Z #51 16.97    ━━━━━━━━━━━━━━━━━━━━━━━━━━━━━━━━━━━━━━━━ 2.0/2.0 MB 85.4 MB/s eta 0:00:00
2025-08-17T12:43:16.7590731Z #51 16.97 Downloading python_dotenv-1.1.1-py3-none-any.whl (20 kB)
2025-08-17T12:43:16.7591496Z #51 17.00 Downloading python_multipart-0.0.20-py3-none-any.whl (24 kB)
2025-08-17T12:43:16.7592221Z #51 17.01 Downloading six-1.17.0-py2.py3-none-any.whl (11 kB)
2025-08-17T12:43:16.7592888Z #51 17.02 Downloading starlette-0.37.2-py3-none-any.whl (71 kB)
2025-08-17T12:43:16.7593626Z #51 17.03 Downloading typing_extensions-4.14.1-py3-none-any.whl (43 kB)
2025-08-17T12:43:16.7594557Z #51 17.05 Downloading ujson-5.10.0-cp312-cp312-manylinux_2_17_x86_64.manylinux2014_x86_64.whl (53 kB)
2025-08-17T12:43:16.7596013Z #51 17.06 Downloading pycryptodome-3.23.0-cp37-abi3-manylinux_2_17_x86_64.manylinux2014_x86_64.whl (2.3 MB)
2025-08-17T12:43:16.7597155Z #51 17.10    ━━━━━━━━━━━━━━━━━━━━━━━━━━━━━━━━━━━━━━━━ 2.3/2.3 MB 59.9 MB/s eta 0:00:00
2025-08-17T12:43:16.7597869Z #51 17.12 Downloading pytz-2025.2-py2.py3-none-any.whl (509 kB)
2025-08-17T12:43:16.7598545Z #51 17.14 Downloading requests-2.32.4-py3-none-any.whl (64 kB)
2025-08-17T12:43:16.7599274Z #51 17.15 Downloading annotated_types-0.7.0-py3-none-any.whl (13 kB)
2025-08-17T12:43:16.7599984Z #51 17.16 Downloading anyio-4.10.0-py3-none-any.whl (107 kB)
2025-08-17T12:43:16.7600643Z #51 17.18 Downloading botocore-1.40.11-py3-none-any.whl (14.0 MB)
2025-08-17T12:43:16.7601539Z #51 17.31    ━━━━━━━━━━━━━━━━━━━━━━━━━━━━━━━━━━━━━━━━ 14.0/14.0 MB 111.7 MB/s eta 0:00:00
2025-08-17T12:43:16.7602214Z #51 17.32 Downloading certifi-2025.8.3-py3-none-any.whl (161 kB)
2025-08-17T12:43:16.7603341Z #51 17.34 Downloading charset_normalizer-3.4.3-cp312-cp312-manylinux2014_x86_64.manylinux_2_17_x86_64.manylinux_2_28_x86_64.whl (151 kB)
2025-08-17T12:43:16.7604457Z #51 17.36 Downloading dnspython-2.7.0-py3-none-any.whl (313 kB)
2025-08-17T12:43:16.7605948Z #51 17.39 Downloading httptools-0.6.4-cp312-cp312-manylinux_2_5_x86_64.manylinux1_x86_64.manylinux_2_17_x86_64.manylinux2014_x86_64.whl (510 kB)
2025-08-17T12:43:16.7607101Z #51 17.42 Downloading idna-3.10-py3-none-any.whl (70 kB)
2025-08-17T12:43:16.7607753Z #51 17.46 Downloading jmespath-1.0.1-py3-none-any.whl (20 kB)
2025-08-17T12:43:16.7608696Z #51 17.49 Downloading MarkupSafe-3.0.2-cp312-cp312-manylinux_2_17_x86_64.manylinux2014_x86_64.whl (23 kB)
2025-08-17T12:43:16.7609846Z #51 17.51 Downloading PyYAML-6.0.2-cp312-cp312-manylinux_2_17_x86_64.manylinux2014_x86_64.whl (767 kB)
2025-08-17T12:43:16.7610964Z #51 17.54    ━━━━━━━━━━━━━━━━━━━━━━━━━━━━━━━━━━━━━━━━ 767.5/767.5 kB 20.3 MB/s eta 0:00:00
2025-08-17T12:43:16.7611672Z #51 17.54 Downloading rich_toolkit-0.15.0-py3-none-any.whl (29 kB)
2025-08-17T12:43:16.7612396Z #51 17.56 Downloading s3transfer-0.13.1-py3-none-any.whl (85 kB)
2025-08-17T12:43:16.7613080Z #51 17.57 Downloading typer-0.16.0-py3-none-any.whl (46 kB)
2025-08-17T12:43:16.7613797Z #51 17.58 Downloading typing_inspection-0.4.1-py3-none-any.whl (14 kB)
2025-08-17T12:43:16.7614539Z #51 17.60 Downloading urllib3-2.5.0-py3-none-any.whl (129 kB)
2025-08-17T12:43:16.7615617Z #51 17.62 Downloading uvloop-0.21.0-cp312-cp312-manylinux_2_17_x86_64.manylinux2014_x86_64.whl (4.7 MB)
2025-08-17T12:43:16.7616949Z #51 17.71    ━━━━━━━━━━━━━━━━━━━━━━━━━━━━━━━━━━━━━━━━ 4.7/4.7 MB 52.4 MB/s eta 0:00:00
2025-08-17T12:43:16.7617885Z #51 17.73 Downloading watchfiles-1.1.0-cp312-cp312-manylinux_2_17_x86_64.manylinux2014_x86_64.whl (452 kB)
2025-08-17T12:43:16.7619290Z #51 17.76 Downloading websockets-15.0.1-cp312-cp312-manylinux_2_5_x86_64.manylinux1_x86_64.manylinux_2_17_x86_64.manylinux2014_x86_64.whl (182 kB)
2025-08-17T12:43:16.7620562Z #51 17.78 Downloading python_dateutil-2.9.0.post0-py2.py3-none-any.whl (229 kB)
2025-08-17T12:43:16.7621324Z #51 17.80 Downloading rich-14.1.0-py3-none-any.whl (243 kB)
2025-08-17T12:43:16.7622016Z #51 17.82 Downloading shellingham-1.5.4-py2.py3-none-any.whl (9.8 kB)
2025-08-17T12:43:16.7622723Z #51 17.84 Downloading sniffio-1.3.1-py3-none-any.whl (10 kB)
2025-08-17T12:43:16.7623706Z #51 17.86 Downloading markdown_it_py-4.0.0-py3-none-any.whl (87 kB)
2025-08-17T12:43:16.7624410Z #51 17.88 Downloading pygments-2.19.2-py3-none-any.whl (1.2 MB)
2025-08-17T12:43:16.7625483Z #51 17.91    ━━━━━━━━━━━━━━━━━━━━━━━━━━━━━━━━━━━━━━━━ 1.2/1.2 MB 37.3 MB/s eta 0:00:00
2025-08-17T12:43:16.7626141Z #51 17.91 Downloading mdurl-0.1.2-py3-none-any.whl (10.0 kB)
2025-08-17T12:43:16.7630218Z #51 18.48 Installing collected packages: pytz, websockets, uvloop, urllib3, ujson, typing-extensions, sniffio, six, shellingham, pyyaml, python-multipart, python-dotenv, pygments, pycryptodome, orjson, mdurl, MarkupSafe, jmespath, idna, httptools, h11, greenlet, dnspython, click, charset_normalizer, certifi, cachetools, annotated-types, uvicorn, typing-inspection, sqlalchemy, requests, python-dateutil, pydantic-core, markdown-it-py, jinja2, httpcore, email_validator, confuse, anyio, watchfiles, starlette, rich, pydantic, httpx, botocore, typer, s3transfer, rich-toolkit, pydantic-settings, fastapi-cli, boto3, python-amazon-sp-api, fastapi
2025-08-17T12:43:17.4791796Z #51 ...
2025-08-17T12:43:17.4792381Z 
2025-08-17T12:43:17.4792950Z #54 [logistics_etl stage-1 3/4] COPY --from=base /usr/local /usr/local
2025-08-17T12:43:17.4795014Z #54 DONE 3.1s
2025-08-17T12:43:17.4796678Z 
2025-08-17T12:43:17.4796969Z #55 [logistics_etl stage-1 4/4] COPY --from=base /app /app
2025-08-17T12:43:17.4841196Z #55 DONE 0.1s
2025-08-17T12:43:17.4841416Z 
2025-08-17T12:43:17.4841588Z #56 [logistics_etl] exporting to image
2025-08-17T12:43:17.4842056Z #56 exporting layers
2025-08-17T12:43:17.6972946Z #56 ...
2025-08-17T12:43:17.7009129Z 
2025-08-17T12:43:17.7010021Z #47 [fees_h10 base 4/6] RUN if [ -n "" ] && [ -f "fees_h10/" ]; then         pip install -r fees_h10/requirements.txt -c fees_h10/;     else         pip install -r fees_h10/requirements.txt;     fi
2025-08-17T12:43:17.7011398Z #47 9.439 Downloading greenlet-3.2.4-cp312-cp312-manylinux_2_24_x86_64.manylinux_2_28_x86_64.whl (607 kB)
2025-08-17T12:43:17.7012617Z #47 9.462    ━━━━━━━━━━━━━━━━━━━━━━━━━━━━━━━━━━━━━━━━ 607.6/607.6 kB 27.9 MB/s eta 0:00:00
2025-08-17T12:43:17.7013232Z #47 9.483 Downloading kombu-5.5.4-py3-none-any.whl (210 kB)
2025-08-17T12:43:17.7014119Z #47 9.517 Downloading vine-5.1.0-py3-none-any.whl (9.6 kB)
2025-08-17T12:43:17.7014829Z #47 9.547 Downloading python_dateutil-2.9.0.post0-py2.py3-none-any.whl (229 kB)
2025-08-17T12:43:17.7065941Z #47 9.596 Downloading redis-5.3.1-py3-none-any.whl (272 kB)
2025-08-17T12:43:17.7066736Z #47 9.632 Downloading typing_extensions-4.14.1-py3-none-any.whl (43 kB)
2025-08-17T12:43:17.7067425Z #47 9.668 Downloading tzdata-2025.2-py2.py3-none-any.whl (347 kB)
2025-08-17T12:43:17.7068019Z #47 9.705 Downloading anyio-4.10.0-py3-none-any.whl (107 kB)
2025-08-17T12:43:17.7068557Z #47 9.734 Downloading idna-3.10-py3-none-any.whl (70 kB)
2025-08-17T12:43:17.7069139Z #47 9.769 Downloading certifi-2025.8.3-py3-none-any.whl (161 kB)
2025-08-17T12:43:17.7069697Z #47 9.803 Downloading amqp-5.3.1-py3-none-any.whl (50 kB)
2025-08-17T12:43:17.7070525Z #47 9.829 Downloading h11-0.16.0-py3-none-any.whl (37 kB)
2025-08-17T12:43:17.7071116Z #47 9.859 Downloading prompt_toolkit-3.0.51-py3-none-any.whl (387 kB)
2025-08-17T12:43:17.7071759Z #47 9.897 Downloading PyJWT-2.10.1-py3-none-any.whl (22 kB)
2025-08-17T12:43:17.7072300Z #47 9.933 Downloading six-1.17.0-py2.py3-none-any.whl (11 kB)
2025-08-17T12:43:17.7072842Z #47 9.972 Downloading sniffio-1.3.1-py3-none-any.whl (10 kB)
2025-08-17T12:43:17.7073401Z #47 10.05 Downloading packaging-25.0-py3-none-any.whl (66 kB)
2025-08-17T12:43:17.7073997Z #47 10.09 Downloading wcwidth-0.2.13-py2.py3-none-any.whl (34 kB)
2025-08-17T12:43:17.7076058Z #47 10.35 Installing collected packages: wcwidth, vine, tzdata, typing-extensions, sniffio, six, PyJWT, prompt-toolkit, packaging, idna, h11, greenlet, click, certifi, billiard, asyncpg, sqlalchemy, redis, python-dateutil, httpcore, click-repl, click-plugins, click-didyoumean, anyio, amqp, kombu, httpx, celery
2025-08-17T12:43:17.7172967Z #47 19.56 Successfully installed PyJWT-2.10.1 amqp-5.3.1 anyio-4.10.0 asyncpg-0.30.0 billiard-4.2.1 celery-5.4.0 certifi-2025.8.3 click-8.2.1 click-didyoumean-0.3.1 click-plugins-1.1.1.2 click-repl-0.3.0 greenlet-3.2.4 h11-0.16.0 httpcore-1.0.9 httpx-0.28.1 idna-3.10 kombu-5.5.4 packaging-25.0 prompt-toolkit-3.0.51 python-dateutil-2.9.0.post0 redis-5.3.1 six-1.17.0 sniffio-1.3.1 sqlalchemy-2.0.43 typing-extensions-4.14.1 tzdata-2025.2 vine-5.1.0 wcwidth-0.2.13
2025-08-17T12:43:17.7175549Z #47 ...
2025-08-17T12:43:17.7175700Z 
2025-08-17T12:43:17.7175970Z #52 [api base  4/12] RUN pip install --no-cache-dir -r requirements.txt
2025-08-17T12:43:17.7176913Z #52 10.79   Downloading MarkupSafe-3.0.2-cp312-cp312-manylinux_2_17_x86_64.manylinux2014_x86_64.whl.metadata (4.0 kB)
2025-08-17T12:43:17.7177967Z #52 11.18 Collecting psycopg-binary==3.2.9 (from psycopg[binary]==3.2.9->-r requirements.txt (line 6))
2025-08-17T12:43:17.7179009Z #52 11.19   Downloading psycopg_binary-3.2.9-cp312-cp312-manylinux_2_17_x86_64.manylinux2014_x86_64.whl.metadata (2.9 kB)
2025-08-17T12:43:17.7180157Z #52 11.24 Collecting python-dateutil<3.0.0,>=2.1 (from botocore<1.35.0,>=1.34.162->boto3==1.34.162->-r requirements.txt (line 9))
2025-08-17T12:43:17.7181173Z #52 11.25   Downloading python_dateutil-2.9.0.post0-py2.py3-none-any.whl.metadata (8.4 kB)
2025-08-17T12:43:17.7182131Z #52 11.33 Collecting urllib3!=2.2.0,<3,>=1.25.4 (from botocore<1.35.0,>=1.34.162->boto3==1.34.162->-r requirements.txt (line 9))
2025-08-17T12:43:17.7183016Z #52 11.34   Downloading urllib3-2.5.0-py3-none-any.whl.metadata (6.5 kB)
2025-08-17T12:43:17.7183885Z #52 11.38 Collecting dnspython>=2.0.0 (from email_validator>=2.0.0->fastapi==0.111.0->-r requirements.txt (line 3))
2025-08-17T12:43:17.7184802Z #52 11.39   Downloading dnspython-2.7.0-py3-none-any.whl.metadata (5.8 kB)
2025-08-17T12:43:17.7185840Z #52 11.45 Collecting typer>=0.15.1 (from fastapi-cli>=0.0.2->fastapi==0.111.0->-r requirements.txt (line 3))
2025-08-17T12:43:17.7186753Z #52 11.49   Downloading typer-0.16.0-py3-none-any.whl.metadata (15 kB)
2025-08-17T12:43:17.7187709Z #52 11.55 Collecting rich-toolkit>=0.14.8 (from fastapi-cli>=0.0.2->fastapi==0.111.0->-r requirements.txt (line 3))
2025-08-17T12:43:17.7188950Z #52 11.55   Downloading rich_toolkit-0.15.0-py3-none-any.whl.metadata (1.0 kB)
2025-08-17T12:43:17.7190038Z #52 11.59 Collecting annotated-types>=0.6.0 (from pydantic>=2.3.0->pydantic-settings==2.2.1->-r requirements.txt (line 2))
2025-08-17T12:43:17.7191083Z #52 11.60   Downloading annotated_types-0.7.0-py3-none-any.whl.metadata (15 kB)
2025-08-17T12:43:17.7192134Z #52 13.05 Collecting pydantic-core==2.33.2 (from pydantic>=2.3.0->pydantic-settings==2.2.1->-r requirements.txt (line 2))
2025-08-17T12:43:17.7193379Z #52 13.05   Downloading pydantic_core-2.33.2-cp312-cp312-manylinux_2_17_x86_64.manylinux2014_x86_64.whl.metadata (6.8 kB)
2025-08-17T12:43:17.7194637Z #52 13.10 Collecting typing-inspection>=0.4.0 (from pydantic>=2.3.0->pydantic-settings==2.2.1->-r requirements.txt (line 2))
2025-08-17T12:43:17.7256221Z #52 13.11   Downloading typing_inspection-0.4.1-py3-none-any.whl.metadata (2.6 kB)
2025-08-17T12:43:17.7257192Z #52 13.56 Collecting httptools>=0.5.0 (from uvicorn[standard]>=0.12.0->fastapi==0.111.0->-r requirements.txt (line 3))
2025-08-17T12:43:17.7258472Z #52 13.57   Downloading httptools-0.6.4-cp312-cp312-manylinux_2_5_x86_64.manylinux1_x86_64.manylinux_2_17_x86_64.manylinux2014_x86_64.whl.metadata (3.6 kB)
2025-08-17T12:43:17.7259734Z #52 13.62 Collecting pyyaml>=5.1 (from uvicorn[standard]>=0.12.0->fastapi==0.111.0->-r requirements.txt (line 3))
2025-08-17T12:43:17.7260775Z #52 13.62   Downloading PyYAML-6.0.2-cp312-cp312-manylinux_2_17_x86_64.manylinux2014_x86_64.whl.metadata (2.1 kB)
2025-08-17T12:43:17.7261838Z #52 13.68 Collecting uvloop!=0.15.0,!=0.15.1,>=0.14.0 (from uvicorn[standard]>=0.12.0->fastapi==0.111.0->-r requirements.txt (line 3))
2025-08-17T12:43:17.7262912Z #52 13.69   Downloading uvloop-0.21.0-cp312-cp312-manylinux_2_17_x86_64.manylinux2014_x86_64.whl.metadata (4.9 kB)
2025-08-17T12:43:17.7263963Z #52 13.76 Collecting watchfiles>=0.13 (from uvicorn[standard]>=0.12.0->fastapi==0.111.0->-r requirements.txt (line 3))
2025-08-17T12:43:17.7265057Z #52 13.79   Downloading watchfiles-1.1.0-cp312-cp312-manylinux_2_17_x86_64.manylinux2014_x86_64.whl.metadata (4.9 kB)
2025-08-17T12:43:17.7266425Z #52 13.88 Collecting websockets>=10.4 (from uvicorn[standard]>=0.12.0->fastapi==0.111.0->-r requirements.txt (line 3))
2025-08-17T12:43:17.7267825Z #52 13.88   Downloading websockets-15.0.1-cp312-cp312-manylinux_2_5_x86_64.manylinux1_x86_64.manylinux_2_17_x86_64.manylinux2014_x86_64.whl.metadata (6.8 kB)
2025-08-17T12:43:17.7269267Z #52 14.02 Collecting six>=1.5 (from python-dateutil<3.0.0,>=2.1->botocore<1.35.0,>=1.34.162->boto3==1.34.162->-r requirements.txt (line 9))
2025-08-17T12:43:17.7270271Z #52 14.02   Downloading six-1.17.0-py2.py3-none-any.whl.metadata (1.7 kB)
2025-08-17T12:43:17.7271258Z #52 14.09 Collecting rich>=13.7.1 (from rich-toolkit>=0.14.8->fastapi-cli>=0.0.2->fastapi==0.111.0->-r requirements.txt (line 3))
2025-08-17T12:43:17.7272222Z #52 14.14   Downloading rich-14.1.0-py3-none-any.whl.metadata (18 kB)
2025-08-17T12:43:17.7273176Z #52 14.23 Collecting shellingham>=1.3.0 (from typer>=0.15.1->fastapi-cli>=0.0.2->fastapi==0.111.0->-r requirements.txt (line 3))
2025-08-17T12:43:17.7274222Z #52 14.23   Downloading shellingham-1.5.4-py2.py3-none-any.whl.metadata (3.5 kB)
2025-08-17T12:43:17.7275529Z #52 14.33 Collecting markdown-it-py>=2.2.0 (from rich>=13.7.1->rich-toolkit>=0.14.8->fastapi-cli>=0.0.2->fastapi==0.111.0->-r requirements.txt (line 3))
2025-08-17T12:43:17.7276649Z #52 14.34   Downloading markdown_it_py-4.0.0-py3-none-any.whl.metadata (7.3 kB)
2025-08-17T12:43:17.7277734Z #52 14.39 Collecting pygments<3.0.0,>=2.13.0 (from rich>=13.7.1->rich-toolkit>=0.14.8->fastapi-cli>=0.0.2->fastapi==0.111.0->-r requirements.txt (line 3))
2025-08-17T12:43:17.7278829Z #52 14.39   Downloading pygments-2.19.2-py3-none-any.whl.metadata (2.5 kB)
2025-08-17T12:43:17.7279988Z #52 14.43 Collecting mdurl~=0.1 (from markdown-it-py>=2.2.0->rich>=13.7.1->rich-toolkit>=0.14.8->fastapi-cli>=0.0.2->fastapi==0.111.0->-r requirements.txt (line 3))
2025-08-17T12:43:17.7281358Z #52 14.44   Downloading mdurl-0.1.2-py3-none-any.whl.metadata (1.6 kB)
2025-08-17T12:43:17.7282042Z #52 14.46 Downloading uvicorn-0.29.0-py3-none-any.whl (60 kB)
2025-08-17T12:43:17.7282720Z #52 14.47 Downloading pydantic_settings-2.2.1-py3-none-any.whl (13 kB)
2025-08-17T12:43:17.7283415Z #52 14.47 Downloading fastapi-0.111.0-py3-none-any.whl (91 kB)
2025-08-17T12:43:17.7284295Z #52 14.48 Downloading SQLAlchemy-2.0.29-cp312-cp312-manylinux_2_17_x86_64.manylinux2014_x86_64.whl (3.2 MB)
2025-08-17T12:43:17.7365973Z #52 14.54    ━━━━━━━━━━━━━━━━━━━━━━━━━━━━━━━━━━━━━━━━ 3.2/3.2 MB 68.7 MB/s eta 0:00:00
2025-08-17T12:43:17.7366644Z #52 14.55 Downloading alembic-1.13.1-py3-none-any.whl (233 kB)
2025-08-17T12:43:17.7367309Z #52 14.56 Downloading psycopg-3.2.9-py3-none-any.whl (202 kB)
2025-08-17T12:43:17.7368233Z #52 14.57 Downloading httpx-0.27.2-py3-none-any.whl (76 kB)
2025-08-17T12:43:17.7369077Z #52 14.57 Downloading asyncpg-0.29.0-cp312-cp312-manylinux_2_17_x86_64.manylinux2014_x86_64.whl (3.3 MB)
2025-08-17T12:43:17.7370146Z #52 14.61    ━━━━━━━━━━━━━━━━━━━━━━━━━━━━━━━━━━━━━━━━ 3.3/3.3 MB 106.9 MB/s eta 0:00:00
2025-08-17T12:43:17.7370764Z #52 14.62 Downloading boto3-1.34.162-py3-none-any.whl (139 kB)
2025-08-17T12:43:17.7371367Z #52 14.62 Downloading jinja2-3.1.5-py3-none-any.whl (134 kB)
2025-08-17T12:43:17.7371977Z #52 14.63 Downloading httpcore-1.0.9-py3-none-any.whl (78 kB)
2025-08-17T12:43:17.7372855Z #52 14.64 Downloading psycopg_binary-3.2.9-cp312-cp312-manylinux_2_17_x86_64.manylinux2014_x86_64.whl (4.4 MB)
2025-08-17T12:43:17.7373896Z #52 14.70    ━━━━━━━━━━━━━━━━━━━━━━━━━━━━━━━━━━━━━━━━ 4.4/4.4 MB 98.1 MB/s eta 0:00:00
2025-08-17T12:43:17.7374535Z #52 14.72 Downloading botocore-1.34.162-py3-none-any.whl (12.5 MB)
2025-08-17T12:43:17.7375536Z #52 14.81    ━━━━━━━━━━━━━━━━━━━━━━━━━━━━━━━━━━━━━━━━ 12.5/12.5 MB 138.2 MB/s eta 0:00:00
2025-08-17T12:43:17.7376142Z #52 14.82 Downloading click-8.2.1-py3-none-any.whl (102 kB)
2025-08-17T12:43:17.7376733Z #52 14.83 Downloading email_validator-2.2.0-py3-none-any.whl (33 kB)
2025-08-17T12:43:17.7377377Z #52 14.83 Downloading fastapi_cli-0.0.8-py3-none-any.whl (10 kB)
2025-08-17T12:43:17.7378165Z #52 14.84 Downloading greenlet-3.2.4-cp312-cp312-manylinux_2_24_x86_64.manylinux_2_28_x86_64.whl (607 kB)
2025-08-17T12:43:17.7379103Z #52 14.86    ━━━━━━━━━━━━━━━━━━━━━━━━━━━━━━━━━━━━━━━ 607.6/607.6 kB 361.2 MB/s eta 0:00:00
2025-08-17T12:43:17.7379630Z #52 14.87 Downloading h11-0.16.0-py3-none-any.whl (37 kB)
2025-08-17T12:43:17.7380130Z #52 14.87 Downloading idna-3.10-py3-none-any.whl (70 kB)
2025-08-17T12:43:17.7380664Z #52 14.88 Downloading jmespath-1.0.1-py3-none-any.whl (20 kB)
2025-08-17T12:43:17.7381436Z #52 14.89 Downloading MarkupSafe-3.0.2-cp312-cp312-manylinux_2_17_x86_64.manylinux2014_x86_64.whl (23 kB)
2025-08-17T12:43:17.7382412Z #52 14.90 Downloading orjson-3.11.2-cp312-cp312-manylinux_2_17_x86_64.manylinux2014_x86_64.whl (121 kB)
2025-08-17T12:43:17.7383185Z #52 14.91 Downloading pydantic-2.11.7-py3-none-any.whl (444 kB)
2025-08-17T12:43:17.7384008Z #52 14.91 Downloading pydantic_core-2.33.2-cp312-cp312-manylinux_2_17_x86_64.manylinux2014_x86_64.whl (2.0 MB)
2025-08-17T12:43:17.7385048Z #52 14.93    ━━━━━━━━━━━━━━━━━━━━━━━━━━━━━━━━━━━━━━━━ 2.0/2.0 MB 166.4 MB/s eta 0:00:00
2025-08-17T12:43:17.7385827Z #52 14.94 Downloading python_dotenv-1.1.1-py3-none-any.whl (20 kB)
2025-08-17T12:43:17.7386475Z #52 14.94 Downloading python_multipart-0.0.20-py3-none-any.whl (24 kB)
2025-08-17T12:43:17.7387093Z #52 14.95 Downloading s3transfer-0.10.4-py3-none-any.whl (83 kB)
2025-08-17T12:43:17.7387684Z #52 14.96 Downloading starlette-0.37.2-py3-none-any.whl (71 kB)
2025-08-17T12:43:17.7388249Z #52 14.97 Downloading anyio-4.10.0-py3-none-any.whl (107 kB)
2025-08-17T12:43:17.7388791Z #52 14.98 Downloading sniffio-1.3.1-py3-none-any.whl (10 kB)
2025-08-17T12:43:17.7389414Z #52 14.98 Downloading typing_extensions-4.14.1-py3-none-any.whl (43 kB)
2025-08-17T12:43:17.7390235Z #52 14.99 Downloading ujson-5.10.0-cp312-cp312-manylinux_2_17_x86_64.manylinux2014_x86_64.whl (53 kB)
2025-08-17T12:43:17.7391260Z #52 14.99 Downloading certifi-2025.8.3-py3-none-any.whl (161 kB)
2025-08-17T12:43:17.7391840Z #52 15.00 Downloading mako-1.3.10-py3-none-any.whl (78 kB)
2025-08-17T12:43:17.7392438Z #52 15.02 Downloading annotated_types-0.7.0-py3-none-any.whl (13 kB)
2025-08-17T12:43:17.7393050Z #52 15.02 Downloading dnspython-2.7.0-py3-none-any.whl (313 kB)
2025-08-17T12:43:17.7394054Z #52 15.03 Downloading httptools-0.6.4-cp312-cp312-manylinux_2_5_x86_64.manylinux1_x86_64.manylinux_2_17_x86_64.manylinux2014_x86_64.whl (510 kB)
2025-08-17T12:43:17.7448077Z #52 15.04 Downloading python_dateutil-2.9.0.post0-py2.py3-none-any.whl (229 kB)
2025-08-17T12:43:17.7449024Z #52 15.05 Downloading PyYAML-6.0.2-cp312-cp312-manylinux_2_17_x86_64.manylinux2014_x86_64.whl (767 kB)
2025-08-17T12:43:17.7450220Z #52 15.06    ━━━━━━━━━━━━━━━━━━━━━━━━━━━━━━━━━━━━━━━━ 767.5/767.5 kB 63.2 MB/s eta 0:00:00
2025-08-17T12:43:17.7450777Z #52 15.08 Downloading rich_toolkit-0.15.0-py3-none-any.whl (29 kB)
2025-08-17T12:43:17.7451329Z #52 15.09 Downloading typer-0.16.0-py3-none-any.whl (46 kB)
2025-08-17T12:43:17.7451911Z #52 15.10 Downloading typing_inspection-0.4.1-py3-none-any.whl (14 kB)
2025-08-17T12:43:17.7452492Z #52 15.10 Downloading urllib3-2.5.0-py3-none-any.whl (129 kB)
2025-08-17T12:43:17.7453228Z #52 15.11 Downloading uvloop-0.21.0-cp312-cp312-manylinux_2_17_x86_64.manylinux2014_x86_64.whl (4.7 MB)
2025-08-17T12:43:17.7454197Z #52 15.17    ━━━━━━━━━━━━━━━━━━━━━━━━━━━━━━━━━━━━━━━━ 4.7/4.7 MB 94.1 MB/s eta 0:00:00
2025-08-17T12:43:17.7455036Z #52 15.19 Downloading watchfiles-1.1.0-cp312-cp312-manylinux_2_17_x86_64.manylinux2014_x86_64.whl (452 kB)
2025-08-17T12:43:17.7456485Z #52 15.19 Downloading websockets-15.0.1-cp312-cp312-manylinux_2_5_x86_64.manylinux1_x86_64.manylinux_2_17_x86_64.manylinux2014_x86_64.whl (182 kB)
2025-08-17T12:43:17.7457533Z #52 15.20 Downloading rich-14.1.0-py3-none-any.whl (243 kB)
2025-08-17T12:43:17.7458171Z #52 15.23 Downloading shellingham-1.5.4-py2.py3-none-any.whl (9.8 kB)
2025-08-17T12:43:17.7458820Z #52 15.23 Downloading six-1.17.0-py2.py3-none-any.whl (11 kB)
2025-08-17T12:43:17.7459439Z #52 15.23 Downloading markdown_it_py-4.0.0-py3-none-any.whl (87 kB)
2025-08-17T12:43:17.7460058Z #52 15.23 Downloading pygments-2.19.2-py3-none-any.whl (1.2 MB)
2025-08-17T12:43:17.7460794Z #52 15.25    ━━━━━━━━━━━━━━━━━━━━━━━━━━━━━━━━━━━━━━━━ 1.2/1.2 MB 113.8 MB/s eta 0:00:00
2025-08-17T12:43:17.7461370Z #52 15.26 Downloading mdurl-0.1.2-py3-none-any.whl (10.0 kB)
2025-08-17T12:43:17.7464816Z #52 15.75 Installing collected packages: websockets, uvloop, urllib3, ujson, typing-extensions, sniffio, six, shellingham, pyyaml, python-multipart, python-dotenv, pygments, psycopg-binary, orjson, mdurl, MarkupSafe, jmespath, idna, httptools, h11, greenlet, dnspython, click, certifi, asyncpg, annotated-types, uvicorn, typing-inspection, sqlalchemy, python-dateutil, pydantic-core, psycopg, markdown-it-py, Mako, Jinja2, httpcore, email_validator, anyio, watchfiles, starlette, rich, pydantic, httpx, botocore, alembic, typer, s3transfer, rich-toolkit, pydantic-settings, fastapi-cli, boto3, fastapi
2025-08-17T12:43:17.8714403Z #52 ...
2025-08-17T12:43:17.8717297Z 
2025-08-17T12:43:17.8718127Z #47 [fees_h10 base 4/6] RUN if [ -n "" ] && [ -f "fees_h10/" ]; then         pip install -r fees_h10/requirements.txt -c fees_h10/;     else         pip install -r fees_h10/requirements.txt;     fi
2025-08-17T12:43:17.8721091Z #47 19.56 WARNING: Running pip as the 'root' user can result in broken permissions and conflicting behaviour with the system package manager, possibly rendering your system unusable. It is recommended to use a virtual environment instead: https://pip.pypa.io/warnings/venv. Use the --root-user-action option if you know what you are doing and want to suppress this warning.
2025-08-17T12:43:17.8723272Z #47 19.72 
2025-08-17T12:43:17.8723692Z #47 19.72 [notice] A new release of pip is available: 25.0.1 -> 25.2
2025-08-17T12:43:17.8724319Z #47 19.72 [notice] To update, run: pip install --upgrade pip
2025-08-17T12:43:18.3421984Z #47 DONE 20.2s
2025-08-17T12:43:18.3425921Z 
2025-08-17T12:43:18.3430001Z #49 [etl base 4/5] RUN if [ -n "" ] && [ -f "" ]; then         pip install -r requirements.txt -c "";     else         pip install -r requirements.txt;     fi
2025-08-17T12:43:18.3434185Z #49 10.36   Downloading python_dotenv-1.1.1-py3-none-any.whl.metadata (24 kB)
2025-08-17T12:43:18.3447857Z #49 11.36 Collecting botocore<1.41.0,>=1.40.11 (from boto3<2,>=1.16.39->python-amazon-sp-api==0.8.0->-r requirements.txt (line 3))
2025-08-17T12:43:18.3457394Z #49 11.38   Downloading botocore-1.40.11-py3-none-any.whl.metadata (5.7 kB)
2025-08-17T12:43:18.3499406Z #49 11.45 Collecting jmespath<2.0.0,>=0.7.1 (from boto3<2,>=1.16.39->python-amazon-sp-api==0.8.0->-r requirements.txt (line 3))
2025-08-17T12:43:18.3517117Z #49 11.47   Downloading jmespath-1.0.1-py3-none-any.whl.metadata (7.6 kB)
2025-08-17T12:43:18.3527124Z #49 11.57 Collecting s3transfer<0.14.0,>=0.13.0 (from boto3<2,>=1.16.39->python-amazon-sp-api==0.8.0->-r requirements.txt (line 3))
2025-08-17T12:43:18.3528104Z #49 11.60   Downloading s3transfer-0.13.1-py3-none-any.whl.metadata (1.7 kB)
2025-08-17T12:43:18.3529016Z #49 11.74 Collecting pyyaml (from confuse~=1.4.0->python-amazon-sp-api==0.8.0->-r requirements.txt (line 3))
2025-08-17T12:43:18.3530111Z #49 11.77   Downloading PyYAML-6.0.2-cp312-cp312-manylinux_2_17_x86_64.manylinux2014_x86_64.whl.metadata (2.1 kB)
2025-08-17T12:43:18.3531167Z #49 11.84 Collecting python-dateutil>=2.8.2 (from pandas<=3.0->keepa==1.3.14->-r requirements.txt (line 1))
2025-08-17T12:43:18.3532115Z #49 11.87   Downloading python_dateutil-2.9.0.post0-py2.py3-none-any.whl.metadata (8.4 kB)
2025-08-17T12:43:18.3533019Z #49 11.94 Collecting tzdata>=2022.7 (from pandas<=3.0->keepa==1.3.14->-r requirements.txt (line 1))
2025-08-17T12:43:18.3533862Z #49 11.96   Downloading tzdata-2025.2-py2.py3-none-any.whl.metadata (1.4 kB)
2025-08-17T12:43:18.3534724Z #49 12.02 Collecting annotated-types>=0.6.0 (from pydantic->keepa==1.3.14->-r requirements.txt (line 1))
2025-08-17T12:43:18.3556608Z #49 12.05   Downloading annotated_types-0.7.0-py3-none-any.whl.metadata (15 kB)
2025-08-17T12:43:18.3557530Z #49 13.51 Collecting pydantic-core==2.33.2 (from pydantic->keepa==1.3.14->-r requirements.txt (line 1))
2025-08-17T12:43:18.3558612Z #49 13.55   Downloading pydantic_core-2.33.2-cp312-cp312-manylinux_2_17_x86_64.manylinux2014_x86_64.whl.metadata (6.8 kB)
2025-08-17T12:43:18.3559713Z #49 13.71 Collecting typing-extensions>=4.12.2 (from pydantic->keepa==1.3.14->-r requirements.txt (line 1))
2025-08-17T12:43:18.3560608Z #49 13.83   Downloading typing_extensions-4.14.1-py3-none-any.whl.metadata (3.0 kB)
2025-08-17T12:43:18.3561496Z #49 14.17 Collecting typing-inspection>=0.4.0 (from pydantic->keepa==1.3.14->-r requirements.txt (line 1))
2025-08-17T12:43:18.3562409Z #49 14.20   Downloading typing_inspection-0.4.1-py3-none-any.whl.metadata (2.6 kB)
2025-08-17T12:43:18.3563329Z #49 14.42 Collecting charset_normalizer<4,>=2 (from requests>=2.2->keepa==1.3.14->-r requirements.txt (line 1))
2025-08-17T12:43:18.3564585Z #49 14.47   Downloading charset_normalizer-3.4.3-cp312-cp312-manylinux2014_x86_64.manylinux_2_17_x86_64.manylinux_2_28_x86_64.whl.metadata (36 kB)
2025-08-17T12:43:18.3565879Z #49 14.52 Collecting idna<4,>=2.5 (from requests>=2.2->keepa==1.3.14->-r requirements.txt (line 1))
2025-08-17T12:43:18.3566634Z #49 14.55   Downloading idna-3.10-py3-none-any.whl.metadata (10 kB)
2025-08-17T12:43:18.3567443Z #49 14.64 Collecting aiohappyeyeballs>=2.5.0 (from aiohttp->keepa==1.3.14->-r requirements.txt (line 1))
2025-08-17T12:43:18.3568409Z #49 14.65   Downloading aiohappyeyeballs-2.6.1-py3-none-any.whl.metadata (5.9 kB)
2025-08-17T12:43:18.3569269Z #49 14.69 Collecting aiosignal>=1.4.0 (from aiohttp->keepa==1.3.14->-r requirements.txt (line 1))
2025-08-17T12:43:18.3570122Z #49 14.72   Downloading aiosignal-1.4.0-py3-none-any.whl.metadata (3.7 kB)
2025-08-17T12:43:18.3629312Z #49 14.78 Collecting attrs>=17.3.0 (from aiohttp->keepa==1.3.14->-r requirements.txt (line 1))
2025-08-17T12:43:18.3630425Z #49 14.81   Downloading attrs-25.3.0-py3-none-any.whl.metadata (10 kB)
2025-08-17T12:43:18.3631301Z #49 15.01 Collecting frozenlist>=1.1.1 (from aiohttp->keepa==1.3.14->-r requirements.txt (line 1))
2025-08-17T12:43:18.3632453Z #49 15.04   Downloading frozenlist-1.7.0-cp312-cp312-manylinux_2_5_x86_64.manylinux1_x86_64.manylinux_2_17_x86_64.manylinux2014_x86_64.whl.metadata (18 kB)
2025-08-17T12:43:18.3633597Z #49 15.72 Collecting multidict<7.0,>=4.5 (from aiohttp->keepa==1.3.14->-r requirements.txt (line 1))
2025-08-17T12:43:18.3666294Z #49 15.74   Downloading multidict-6.6.4-cp312-cp312-manylinux2014_x86_64.manylinux_2_17_x86_64.manylinux_2_28_x86_64.whl.metadata (5.3 kB)
2025-08-17T12:43:18.3667466Z #49 15.88 Collecting propcache>=0.2.0 (from aiohttp->keepa==1.3.14->-r requirements.txt (line 1))
2025-08-17T12:43:18.3668705Z #49 15.90   Downloading propcache-0.3.2-cp312-cp312-manylinux_2_17_x86_64.manylinux2014_x86_64.whl.metadata (12 kB)
2025-08-17T12:43:18.3669701Z #49 16.53 Collecting yarl<2.0,>=1.17.0 (from aiohttp->keepa==1.3.14->-r requirements.txt (line 1))
2025-08-17T12:43:18.3670630Z #49 16.56   Downloading yarl-1.20.1-cp312-cp312-manylinux_2_17_x86_64.manylinux2014_x86_64.whl.metadata (73 kB)
2025-08-17T12:43:18.3671455Z #49 17.06 Downloading keepa-1.3.14-py3-none-any.whl (33 kB)
2025-08-17T12:43:18.3672048Z #49 17.09 Downloading minio-7.1.15-py3-none-any.whl (77 kB)
2025-08-17T12:43:18.3672797Z #49 17.12 Downloading python_amazon_sp_api-0.8.0-py3-none-any.whl (93 kB)
2025-08-17T12:43:18.3673544Z #49 17.15 Downloading pydantic_settings-2.2.1-py3-none-any.whl (13 kB)
2025-08-17T12:43:18.3674223Z #49 17.18 Downloading boto3-1.40.11-py3-none-any.whl (140 kB)
2025-08-17T12:43:18.3674848Z #49 17.22 Downloading cachetools-4.2.4-py3-none-any.whl (10 kB)
2025-08-17T12:43:18.3675713Z #49 17.25 Downloading confuse-1.4.0-py2.py3-none-any.whl (21 kB)
2025-08-17T12:43:18.3676550Z #49 17.28 Downloading numpy-2.3.2-cp312-cp312-manylinux_2_27_x86_64.manylinux_2_28_x86_64.whl (16.6 MB)
2025-08-17T12:43:18.3677812Z #49 17.55    ━━━━━━━━━━━━━━━━━━━━━━━━━━━━━━━━━━━━━━━━ 16.6/16.6 MB 62.3 MB/s eta 0:00:00
2025-08-17T12:43:18.3678664Z #49 17.57 Downloading pandas-2.3.1-cp312-cp312-manylinux_2_17_x86_64.manylinux2014_x86_64.whl (12.0 MB)
2025-08-17T12:43:18.3679651Z #49 17.76    ━━━━━━━━━━━━━━━━━━━━━━━━━━━━━━━━━━━━━━━━ 12.0/12.0 MB 71.8 MB/s eta 0:00:00
2025-08-17T12:43:18.3680270Z #49 17.78 Downloading pydantic-2.11.7-py3-none-any.whl (444 kB)
2025-08-17T12:43:18.3681105Z #49 17.82 Downloading pydantic_core-2.33.2-cp312-cp312-manylinux_2_17_x86_64.manylinux2014_x86_64.whl (2.0 MB)
2025-08-17T12:43:18.3682112Z #49 17.86    ━━━━━━━━━━━━━━━━━━━━━━━━━━━━━━━━━━━━━━━━ 2.0/2.0 MB 83.0 MB/s eta 0:00:00
2025-08-17T12:43:18.3682734Z #49 17.88 Downloading python_dotenv-1.1.1-py3-none-any.whl (20 kB)
2025-08-17T12:43:18.3683400Z #49 17.92 Downloading pytz-2025.2-py2.py3-none-any.whl (509 kB)
2025-08-17T12:43:18.3684031Z #49 17.96 Downloading requests-2.32.4-py3-none-any.whl (64 kB)
2025-08-17T12:43:18.3684644Z #49 18.00 Downloading certifi-2025.8.3-py3-none-any.whl (161 kB)
2025-08-17T12:43:18.3685749Z #49 18.03 Downloading six-1.17.0-py2.py3-none-any.whl (11 kB)
2025-08-17T12:43:18.3686358Z #49 18.06 Downloading urllib3-2.5.0-py3-none-any.whl (129 kB)
2025-08-17T12:43:18.3687195Z #49 18.10 Downloading aiohttp-3.12.15-cp312-cp312-manylinux_2_17_x86_64.manylinux2014_x86_64.whl (1.7 MB)
2025-08-17T12:43:18.3688333Z #49 18.26    ━━━━━━━━━━━━━━━━━━━━━━━━━━━━━━━━━━━━━━━━ 1.7/1.7 MB 9.8 MB/s eta 0:00:00
2025-08-17T12:43:18.3689220Z #49 18.36 Downloading pycryptodome-3.23.0-cp37-abi3-manylinux_2_17_x86_64.manylinux2014_x86_64.whl (2.3 MB)
2025-08-17T12:43:18.3690270Z #49 18.48    ━━━━━━━━━━━━━━━━━━━━━━━━━━━━━━━━━━━━━━━━ 2.3/2.3 MB 21.8 MB/s eta 0:00:00
2025-08-17T12:43:18.3690862Z #49 18.50 Downloading tqdm-4.67.1-py3-none-any.whl (78 kB)
2025-08-17T12:43:18.3691738Z #49 18.55 Downloading aiohappyeyeballs-2.6.1-py3-none-any.whl (15 kB)
2025-08-17T12:43:18.3692420Z #49 18.60 Downloading aiosignal-1.4.0-py3-none-any.whl (7.5 kB)
2025-08-17T12:43:18.3693103Z #49 18.64 Downloading annotated_types-0.7.0-py3-none-any.whl (13 kB)
2025-08-17T12:43:18.3693747Z #49 18.68 Downloading attrs-25.3.0-py3-none-any.whl (63 kB)
2025-08-17T12:43:18.3694345Z #49 18.72 Downloading botocore-1.40.11-py3-none-any.whl (14.0 MB)
2025-08-17T12:43:18.3695431Z #49 18.88    ━━━━━━━━━━━━━━━━━━━━━━━━━━━━━━━━━━━━━━━━ 14.0/14.0 MB 87.4 MB/s eta 0:00:00
2025-08-17T12:43:18.3696303Z #49 18.91 Downloading charset_normalizer-3.4.3-cp312-cp312-manylinux2014_x86_64.manylinux_2_17_x86_64.manylinux_2_28_x86_64.whl (151 kB)
2025-08-17T12:43:18.3697507Z #49 18.95 Downloading frozenlist-1.7.0-cp312-cp312-manylinux_2_5_x86_64.manylinux1_x86_64.manylinux_2_17_x86_64.manylinux2014_x86_64.whl (241 kB)
2025-08-17T12:43:18.3698351Z #49 18.99 Downloading idna-3.10-py3-none-any.whl (70 kB)
2025-08-17T12:43:18.3698833Z #49 19.01 Downloading jmespath-1.0.1-py3-none-any.whl (20 kB)
2025-08-17T12:43:18.3699618Z #49 19.05 Downloading multidict-6.6.4-cp312-cp312-manylinux2014_x86_64.manylinux_2_17_x86_64.manylinux_2_28_x86_64.whl (256 kB)
2025-08-17T12:43:18.3700605Z #49 19.09 Downloading propcache-0.3.2-cp312-cp312-manylinux_2_17_x86_64.manylinux2014_x86_64.whl (224 kB)
2025-08-17T12:43:18.3701414Z #49 19.14 Downloading python_dateutil-2.9.0.post0-py2.py3-none-any.whl (229 kB)
2025-08-17T12:43:18.3702033Z #49 19.20 Downloading s3transfer-0.13.1-py3-none-any.whl (85 kB)
2025-08-17T12:43:18.3702603Z #49 19.24 Downloading typing_extensions-4.14.1-py3-none-any.whl (43 kB)
2025-08-17T12:43:18.3703202Z #49 19.27 Downloading typing_inspection-0.4.1-py3-none-any.whl (14 kB)
2025-08-17T12:43:18.3703763Z #49 19.30 Downloading tzdata-2025.2-py2.py3-none-any.whl (347 kB)
2025-08-17T12:43:18.3704436Z #49 19.34 Downloading yarl-1.20.1-cp312-cp312-manylinux_2_17_x86_64.manylinux2014_x86_64.whl (355 kB)
2025-08-17T12:43:18.3705717Z #49 19.38 Downloading PyYAML-6.0.2-cp312-cp312-manylinux_2_17_x86_64.manylinux2014_x86_64.whl (767 kB)
2025-08-17T12:43:18.3706570Z #49 19.41    ━━━━━━━━━━━━━━━━━━━━━━━━━━━━━━━━━━━━━━━━ 767.5/767.5 kB 28.2 MB/s eta 0:00:00
2025-08-17T12:43:18.3709039Z #49 19.96 Installing collected packages: pytz, urllib3, tzdata, typing-extensions, tqdm, six, pyyaml, python-dotenv, pycryptodome, propcache, numpy, multidict, jmespath, idna, frozenlist, charset_normalizer, certifi, cachetools, attrs, annotated-types, aiohappyeyeballs, yarl, typing-inspection, requests, python-dateutil, pydantic-core, minio, confuse, aiosignal, pydantic, pandas, botocore, aiohttp, s3transfer, pydantic-settings, keepa, boto3, python-amazon-sp-api
2025-08-17T12:43:18.7016196Z #49 ...
2025-08-17T12:43:18.7016434Z 
2025-08-17T12:43:18.7016590Z #57 [fees_h10 base 5/6] COPY . ./fees_h10
2025-08-17T12:43:18.7017022Z #57 DONE 0.1s
2025-08-17T12:43:18.7017203Z 
2025-08-17T12:43:18.7017378Z #58 [fees_h10 base 6/6] COPY start.sh ./start.sh
2025-08-17T12:43:18.7017854Z #58 DONE 0.1s
2025-08-17T12:43:18.7018024Z 
2025-08-17T12:43:18.7019615Z #59 [postgres 2/6] RUN set -eux;     if [ -f /etc/apt/sources.list ]; then         sed -i 's|http://deb.debian.org|https://deb.debian.org|g' /etc/apt/sources.list;     fi;     apt-get update;     apt-get install -y locales;     locale-gen en_US.UTF-8;     rm -rf /var/lib/apt/lists/*
2025-08-17T12:43:18.7021240Z #59 0.384 + [ -f /etc/apt/sources.list ]
2025-08-17T12:43:18.7021672Z #59 0.384 + apt-get update
2025-08-17T12:43:18.7022172Z #59 0.527 Get:1 http://deb.debian.org/debian trixie InRelease [138 kB]
2025-08-17T12:43:18.7022882Z #59 0.604 Get:2 http://deb.debian.org/debian trixie-updates InRelease [47.1 kB]
2025-08-17T12:43:18.7023711Z #59 0.607 Get:3 http://deb.debian.org/debian-security trixie-security InRelease [43.4 kB]
2025-08-17T12:43:18.7024573Z #59 0.672 Get:4 http://deb.debian.org/debian trixie/main amd64 Packages [9,668 kB]
2025-08-17T12:43:18.7025646Z #59 0.888 Get:5 http://deb.debian.org/debian trixie-updates/main amd64 Packages [2,432 B]
2025-08-17T12:43:18.7026889Z #59 0.888 Get:6 http://deb.debian.org/debian-security trixie-security/main amd64 Packages [8,780 B]
2025-08-17T12:43:18.7027863Z #59 2.326 Get:7 http://apt.postgresql.org/pub/repos/apt trixie-pgdg InRelease [107 kB]
2025-08-17T12:43:18.7028819Z #59 2.370 Get:8 http://apt.postgresql.org/pub/repos/apt trixie-pgdg/16 amd64 Packages [2,574 B]
2025-08-17T12:43:18.7029807Z #59 2.374 Get:9 http://apt.postgresql.org/pub/repos/apt trixie-pgdg/main amd64 Packages [334 kB]
2025-08-17T12:43:18.7030526Z #59 2.752 Fetched 10.3 MB in 2s (4,551 kB/s)
2025-08-17T12:43:18.7030961Z #59 2.752 Reading package lists...
2025-08-17T12:43:18.7031364Z #59 3.784 + apt-get install -y locales
2025-08-17T12:43:18.7031780Z #59 3.812 Reading package lists...
2025-08-17T12:43:18.7032180Z #59 4.919 Building dependency tree...
2025-08-17T12:43:18.7032601Z #59 5.443 Reading state information...
2025-08-17T12:43:18.8677659Z #59 5.831 locales is already the newest version (2.41-12).
2025-08-17T12:43:18.8680386Z #59 5.831 0 upgraded, 0 newly installed, 0 to remove and 0 not upgraded.
2025-08-17T12:43:19.0661328Z #59 5.835 + locale-gen en_US.UTF-8
2025-08-17T12:43:19.0663928Z #59 5.858 Generating locales (this might take a while)...
2025-08-17T12:43:20.1180152Z #59 5.881   en_US.UTF-8...
2025-08-17T12:43:20.1181054Z #59 ...
2025-08-17T12:43:20.1181401Z 
2025-08-17T12:43:20.1181561Z #46 [web build 4/6] RUN npm ci
2025-08-17T12:43:20.1182264Z #46 12.83 npm warn deprecated node-domexception@1.0.0: Use your platform's native DOMException instead
2025-08-17T12:43:20.7781356Z #46 ...
2025-08-17T12:43:20.7782016Z 
2025-08-17T12:43:20.7782590Z #56 [logistics_etl] exporting to image
2025-08-17T12:43:20.7783269Z #56 exporting layers 3.4s done
2025-08-17T12:43:20.7783937Z #56 writing image sha256:ae61e4562656b69115d14720da1f62d594c82989c6a7edf1c8b97e3fd4b798a7
2025-08-17T12:43:20.8933335Z #56 writing image sha256:ae61e4562656b69115d14720da1f62d594c82989c6a7edf1c8b97e3fd4b798a7 done
2025-08-17T12:43:20.8934279Z #56 naming to docker.io/library/awa-app-logistics_etl done
2025-08-17T12:43:20.8934777Z #56 DONE 3.4s
2025-08-17T12:43:20.8934973Z 
2025-08-17T12:43:20.8938881Z #60 [logistics_etl] resolving provenance for metadata file
2025-08-17T12:43:20.8939432Z #60 DONE 0.0s
2025-08-17T12:43:20.8939609Z 
2025-08-17T12:43:20.8940793Z #59 [postgres 2/6] RUN set -eux;     if [ -f /etc/apt/sources.list ]; then         sed -i 's|http://deb.debian.org|https://deb.debian.org|g' /etc/apt/sources.list;     fi;     apt-get update;     apt-get install -y locales;     locale-gen en_US.UTF-8;     rm -rf /var/lib/apt/lists/*
2025-08-17T12:43:21.1707208Z #59 5.881   en_US.UTF-8...
2025-08-17T12:43:21.1708461Z #59 ...
2025-08-17T12:43:21.1709295Z 
2025-08-17T12:43:21.1709975Z #61 [fees_h10 stage-1 3/5] COPY --from=base /usr/local /usr/local
2025-08-17T12:43:21.3106079Z #61 ...
2025-08-17T12:43:21.3108113Z 
2025-08-17T12:43:21.3109756Z #59 [postgres 2/6] RUN set -eux;     if [ -f /etc/apt/sources.list ]; then         sed -i 's|http://deb.debian.org|https://deb.debian.org|g' /etc/apt/sources.list;     fi;     apt-get update;     apt-get install -y locales;     locale-gen en_US.UTF-8;     rm -rf /var/lib/apt/lists/*
2025-08-17T12:43:21.3114791Z #59 5.881   en_US.UTF-8...+ rm -rf /var/lib/apt/lists/apt.postgresql.org_pub_repos_apt_dists_trixie-pgdg_16_binary-amd64_Packages.lz4 /var/lib/apt/lists/apt.postgresql.org_pub_repos_apt_dists_trixie-pgdg_InRelease /var/lib/apt/lists/apt.postgresql.org_pub_repos_apt_dists_trixie-pgdg_main_binary-amd64_Packages.lz4 /var/lib/apt/lists/auxfiles /var/lib/apt/lists/deb.debian.org_debian-security_dists_trixie-security_InRelease /var/lib/apt/lists/deb.debian.org_debian-security_dists_trixie-security_main_binary-amd64_Packages.lz4 done
2025-08-17T12:43:21.3137158Z #59 8.195 Generation complete.
2025-08-17T12:43:21.3139516Z #59 8.195  /var/lib/apt/lists/deb.debian.org_debian_dists_trixie-updates_InRelease /var/lib/apt/lists/deb.debian.org_debian_dists_trixie-updates_main_binary-amd64_Packages.lz4 /var/lib/apt/lists/deb.debian.org_debian_dists_trixie_InRelease /var/lib/apt/lists/deb.debian.org_debian_dists_trixie_main_binary-amd64_Packages.lz4 /var/lib/apt/lists/lock /var/lib/apt/lists/partial
2025-08-17T12:43:21.3142081Z #59 DONE 8.2s
2025-08-17T12:43:21.3142277Z 
2025-08-17T12:43:21.3142629Z #62 [postgres 3/6] COPY docker/postgres/pg_hba.conf /etc/postgresql/pg_hba.conf
2025-08-17T12:43:21.3143254Z #62 DONE 0.0s
2025-08-17T12:43:21.4172519Z 
2025-08-17T12:43:21.4173673Z #63 [postgres 4/6] COPY docker/postgres/init-pg_hba.sh /docker-entrypoint-initdb.d/10_init_pg_hba.sh
2025-08-17T12:43:21.4175051Z #63 DONE 0.0s
2025-08-17T12:43:21.4175865Z 
2025-08-17T12:43:21.4176283Z #64 [postgres 5/6] COPY docker/postgres/postgresql.conf /etc/postgresql/postgresql.conf
2025-08-17T12:43:21.4176988Z #64 DONE 0.1s
2025-08-17T12:43:21.4177183Z 
2025-08-17T12:43:21.4177484Z #52 [api base  4/12] RUN pip install --no-cache-dir -r requirements.txt
2025-08-17T12:43:21.5689456Z #52 ...
2025-08-17T12:43:21.5694170Z 
2025-08-17T12:43:21.5698295Z #65 [postgres 6/6] RUN chmod 0644 /etc/postgresql/pg_hba.conf &&     chmod +x /docker-entrypoint-initdb.d/10_init_pg_hba.sh
2025-08-17T12:43:21.8496571Z #65 DONE 0.4s
2025-08-17T12:43:21.8498706Z 
2025-08-17T12:43:21.8498908Z #46 [web build 4/6] RUN npm ci
2025-08-17T12:43:22.0078797Z #46 ...
2025-08-17T12:43:22.0079167Z 
2025-08-17T12:43:22.0079888Z #66 [postgres] exporting to image
2025-08-17T12:43:22.6212567Z #66 ...
2025-08-17T12:43:22.6213133Z 
2025-08-17T12:43:22.6213410Z #46 [web build 4/6] RUN npm ci
2025-08-17T12:43:22.6214920Z #46 24.92 
2025-08-17T12:43:22.6217439Z #46 24.92 added 432 packages, and audited 433 packages in 25s
2025-08-17T12:43:22.6217965Z #46 24.92 
2025-08-17T12:43:22.6218293Z #46 24.92 112 packages are looking for funding
2025-08-17T12:43:22.6218758Z #46 24.92   run `npm fund` for details
2025-08-17T12:43:22.6219137Z #46 24.92 
2025-08-17T12:43:22.6219466Z #46 24.92 2 vulnerabilities (1 low, 1 critical)
2025-08-17T12:43:22.6219899Z #46 24.92 
2025-08-17T12:43:22.6220215Z #46 24.92 To address all issues, run:
2025-08-17T12:43:22.6220614Z #46 24.92   npm audit fix
2025-08-17T12:43:22.6220929Z #46 24.92 
2025-08-17T12:43:22.6221233Z #46 24.92 Run `npm audit` for details.
2025-08-17T12:43:22.6221636Z #46 24.94 npm notice
2025-08-17T12:43:22.6222138Z #46 24.94 npm notice New major version of npm available! 10.8.2 -> 11.5.2
2025-08-17T12:43:22.6222905Z #46 24.94 npm notice Changelog: https://github.com/npm/cli/releases/tag/v11.5.2
2025-08-17T12:43:22.6223641Z #46 24.94 npm notice To update run: npm install -g npm@11.5.2
2025-08-17T12:43:22.6224141Z #46 24.94 npm notice
2025-08-17T12:43:22.6224446Z #46 DONE 25.5s
2025-08-17T12:43:22.7246612Z 
2025-08-17T12:43:22.7247020Z #67 [web build 5/6] COPY . .
2025-08-17T12:43:22.7247455Z #67 DONE 0.1s
2025-08-17T12:43:22.7247637Z 
2025-08-17T12:43:22.7247904Z #61 [fees_h10 stage-1 3/5] COPY --from=base /usr/local /usr/local
2025-08-17T12:43:25.6299212Z #61 ...
2025-08-17T12:43:25.6299954Z 
2025-08-17T12:43:25.6300509Z #66 [postgres] exporting to image
2025-08-17T12:43:25.6301147Z #66 exporting layers 3.5s done
2025-08-17T12:43:25.6301861Z #66 writing image sha256:8c8467bbe6185d5eefc1dd7b74019a82297f6052fc2b9ac211088389355c212b done
2025-08-17T12:43:25.6303041Z #66 naming to docker.io/library/awa-app-postgres done
2025-08-17T12:43:25.6303562Z #66 DONE 3.6s
2025-08-17T12:43:25.6303737Z 
2025-08-17T12:43:25.6303956Z #68 [postgres] resolving provenance for metadata file
2025-08-17T12:43:25.6304445Z #68 DONE 0.0s
2025-08-17T12:43:25.7809536Z 
2025-08-17T12:43:25.7811308Z #69 [web build 6/6] RUN npm run build
2025-08-17T12:43:25.7812179Z #69 1.151 
2025-08-17T12:43:25.7812877Z #69 1.151 > web@0.0.0 build
2025-08-17T12:43:25.7813455Z #69 1.151 > tsc -b && vite build
2025-08-17T12:43:25.7814101Z #69 1.151 
2025-08-17T12:43:26.1950718Z #69 ...
2025-08-17T12:43:26.1951482Z 
2025-08-17T12:43:26.1952111Z #61 [fees_h10 stage-1 3/5] COPY --from=base /usr/local /usr/local
2025-08-17T12:43:26.1952961Z #61 DONE 5.0s
2025-08-17T12:43:26.3796949Z 
2025-08-17T12:43:26.3798806Z #70 [fees_h10 stage-1 4/5] COPY --from=base /app /app
2025-08-17T12:43:26.3799536Z #70 DONE 0.0s
2025-08-17T12:43:26.3799878Z 
2025-08-17T12:43:26.3800234Z #71 [fees_h10 stage-1 5/5] RUN chmod +x ./start.sh
2025-08-17T12:43:26.4990826Z #71 ...
2025-08-17T12:43:26.4991753Z 
2025-08-17T12:43:26.4992504Z #52 [api base  4/12] RUN pip install --no-cache-dir -r requirements.txt
2025-08-17T12:43:26.5020742Z #52 27.70 Successfully installed Jinja2-3.1.5 Mako-1.3.10 MarkupSafe-3.0.2 alembic-1.13.1 annotated-types-0.7.0 anyio-4.10.0 asyncpg-0.29.0 boto3-1.34.162 botocore-1.34.162 certifi-2025.8.3 click-8.2.1 dnspython-2.7.0 email_validator-2.2.0 fastapi-0.111.0 fastapi-cli-0.0.8 greenlet-3.2.4 h11-0.16.0 httpcore-1.0.9 httptools-0.6.4 httpx-0.27.2 idna-3.10 jmespath-1.0.1 markdown-it-py-4.0.0 mdurl-0.1.2 orjson-3.11.2 psycopg-3.2.9 psycopg-binary-3.2.9 pydantic-2.11.7 pydantic-core-2.33.2 pydantic-settings-2.2.1 pygments-2.19.2 python-dateutil-2.9.0.post0 python-dotenv-1.1.1 python-multipart-0.0.20 pyyaml-6.0.2 rich-14.1.0 rich-toolkit-0.15.0 s3transfer-0.10.4 shellingham-1.5.4 six-1.17.0 sniffio-1.3.1 sqlalchemy-2.0.29 starlette-0.37.2 typer-0.16.0 typing-extensions-4.14.1 typing-inspection-0.4.1 ujson-5.10.0 urllib3-2.5.0 uvicorn-0.29.0 uvloop-0.21.0 watchfiles-1.1.0 websockets-15.0.1
2025-08-17T12:43:26.5051838Z #52 27.71 WARNING: Running pip as the 'root' user can result in broken permissions and conflicting behaviour with the system package manager, possibly rendering your system unusable. It is recommended to use a virtual environment instead: https://pip.pypa.io/warnings/venv. Use the --root-user-action option if you know what you are doing and want to suppress this warning.
2025-08-17T12:43:26.5054162Z #52 27.83 
2025-08-17T12:43:26.5054611Z #52 27.83 [notice] A new release of pip is available: 25.0.1 -> 25.2
2025-08-17T12:43:26.5055520Z #52 27.83 [notice] To update, run: pip install --upgrade pip
2025-08-17T12:43:26.5056046Z #52 DONE 28.4s
2025-08-17T12:43:26.5998735Z 
2025-08-17T12:43:26.6000933Z #72 [api base  5/12] COPY services/api/ ./services/api
2025-08-17T12:43:26.6009205Z #72 DONE 0.0s
2025-08-17T12:43:26.6009423Z 
2025-08-17T12:43:26.6009668Z #73 [api base  6/12] COPY services/common/ ./services/common
2025-08-17T12:43:26.6010230Z #73 DONE 0.0s
2025-08-17T12:43:26.6010434Z 
2025-08-17T12:43:26.6010628Z #71 [fees_h10 stage-1 5/5] RUN chmod +x ./start.sh
2025-08-17T12:43:26.6011104Z #71 DONE 0.4s
2025-08-17T12:43:26.6011287Z 
2025-08-17T12:43:26.6011436Z #74 [fees_h10] exporting to image
2025-08-17T12:43:26.7726570Z #74 ...
2025-08-17T12:43:26.7727196Z 
2025-08-17T12:43:26.7727776Z #75 [api base  7/12] COPY services/ingest/ ./services/ingest
2025-08-17T12:43:26.7728622Z #75 DONE 0.1s
2025-08-17T12:43:26.7729100Z 
2025-08-17T12:43:26.7729616Z #76 [api base  8/12] COPY services/etl/ ./services/etl
2025-08-17T12:43:26.7730400Z #76 DONE 0.1s
2025-08-17T12:43:26.7730608Z 
2025-08-17T12:43:26.7730864Z #77 [api base  9/12] COPY services/api/alembic.ini ./alembic.ini
2025-08-17T12:43:26.7731420Z #77 DONE 0.1s
2025-08-17T12:43:27.0096051Z 
2025-08-17T12:43:27.0097345Z #78 [api base 10/12] COPY alembic/ ./alembic/
2025-08-17T12:43:27.0098689Z #78 DONE 0.1s
2025-08-17T12:43:27.0099133Z 
2025-08-17T12:43:27.0099944Z #79 [api base 11/12] COPY services/api/entrypoint.sh ./entrypoint.sh
2025-08-17T12:43:27.0100996Z #79 DONE 0.0s
2025-08-17T12:43:27.0101353Z 
2025-08-17T12:43:27.0102183Z #80 [api base 12/12] RUN chmod +x ./entrypoint.sh
2025-08-17T12:43:27.3511771Z #80 DONE 0.5s
2025-08-17T12:43:27.3515757Z 
2025-08-17T12:43:27.3518447Z #51 [repricer base 4/5] RUN if [ -n "" ] && [ -f "" ]; then         pip install -r requirements.txt -c "";     else         pip install -r requirements.txt;     fi
2025-08-17T12:43:28.3221014Z #51 30.19 WARNING: Running pip as the 'root' user can result in broken permissions and conflicting behaviour with the system package manager, possibly rendering your system unusable. It is recommended to use a virtual environment instead: https://pip.pypa.io/warnings/venv. Use the --root-user-action option if you know what you are doing and want to suppress this warning.
2025-08-17T12:43:28.4600646Z #51 30.19 Successfully installed MarkupSafe-3.0.2 annotated-types-0.7.0 anyio-4.10.0 boto3-1.40.11 botocore-1.40.11 cachetools-4.2.4 certifi-2025.8.3 charset_normalizer-3.4.3 click-8.2.1 confuse-1.4.0 dnspython-2.7.0 email_validator-2.2.0 fastapi-0.111.0 fastapi-cli-0.0.8 greenlet-3.2.4 h11-0.16.0 httpcore-1.0.9 httptools-0.6.4 httpx-0.28.1 idna-3.10 jinja2-3.1.6 jmespath-1.0.1 markdown-it-py-4.0.0 mdurl-0.1.2 orjson-3.11.2 pycryptodome-3.23.0 pydantic-2.11.7 pydantic-core-2.33.2 pydantic-settings-2.2.1 pygments-2.19.2 python-amazon-sp-api-0.8.0 python-dateutil-2.9.0.post0 python-dotenv-1.1.1 python-multipart-0.0.20 pytz-2025.2 pyyaml-6.0.2 requests-2.32.4 rich-14.1.0 rich-toolkit-0.15.0 s3transfer-0.13.1 shellingham-1.5.4 six-1.17.0 sniffio-1.3.1 sqlalchemy-2.0.29 starlette-0.37.2 typer-0.16.0 typing-extensions-4.14.1 typing-inspection-0.4.1 ujson-5.10.0 urllib3-2.5.0 uvicorn-0.29.0 uvloop-0.21.0 watchfiles-1.1.0 websockets-15.0.1
2025-08-17T12:43:28.4620253Z #51 30.32 
2025-08-17T12:43:28.4620720Z #51 30.32 [notice] A new release of pip is available: 25.0.1 -> 25.2
2025-08-17T12:43:28.4621376Z #51 30.32 [notice] To update, run: pip install --upgrade pip
2025-08-17T12:43:28.9317248Z #51 DONE 30.8s
2025-08-17T12:43:28.9318565Z 
2025-08-17T12:43:28.9319230Z #74 [fees_h10] exporting to image
2025-08-17T12:43:29.1178474Z #74 ...
2025-08-17T12:43:29.1179037Z 
2025-08-17T12:43:29.1179424Z #81 [repricer base 5/5] COPY services/repricer/ .
2025-08-17T12:43:29.1181451Z #81 DONE 0.1s
2025-08-17T12:43:29.2671185Z 
2025-08-17T12:43:29.2676213Z #74 [fees_h10] exporting to image
2025-08-17T12:43:29.3227501Z #74 exporting layers 2.7s done
2025-08-17T12:43:29.5489143Z #74 writing image sha256:dc78494e121ac5fb8f2391a4fed8243d851febaf974fb2116ed316a837bd2036 done
2025-08-17T12:43:29.5490158Z #74 naming to docker.io/library/awa-app-fees_h10 done
2025-08-17T12:43:29.5491341Z #74 DONE 2.8s
2025-08-17T12:43:29.5491868Z 
2025-08-17T12:43:29.5492206Z #82 [fees_h10] resolving provenance for metadata file
2025-08-17T12:43:29.5492979Z #82 DONE 0.0s
2025-08-17T12:43:29.5493292Z 
2025-08-17T12:43:29.5493542Z #69 [web build 6/6] RUN npm run build
2025-08-17T12:43:29.9173773Z #69 ...
2025-08-17T12:43:29.9174581Z 
2025-08-17T12:43:29.9174995Z #83 [api stage-1 4/6] COPY --from=base /usr/local /usr/local
2025-08-17T12:43:32.7592232Z #83 DONE 2.8s
2025-08-17T12:43:32.7592498Z 
2025-08-17T12:43:32.7596109Z #69 [web build 6/6] RUN npm run build
2025-08-17T12:43:32.7601096Z #69 9.362 vite v7.0.4 building for production...
2025-08-17T12:43:32.7602842Z #69 9.483 transforming...
2025-08-17T12:43:32.9571476Z #69 ...
2025-08-17T12:43:32.9590800Z 
2025-08-17T12:43:32.9591120Z #84 [api stage-1 5/6] COPY --from=base /app /app
2025-08-17T12:43:32.9591626Z #84 DONE 0.0s
2025-08-17T12:43:32.9952807Z 
2025-08-17T12:43:32.9954770Z #85 [api stage-1 6/6] RUN chmod +x /app/entrypoint.sh
2025-08-17T12:43:32.9957138Z #85 DONE 0.2s
2025-08-17T12:43:32.9957351Z 
2025-08-17T12:43:32.9957626Z #86 [repricer stage-1 3/5] COPY --from=base /usr/local /usr/local
2025-08-17T12:43:35.1006816Z #86 ...
2025-08-17T12:43:35.1007475Z 
2025-08-17T12:43:35.1008736Z #49 [etl base 4/5] RUN if [ -n "" ] && [ -f "" ]; then         pip install -r requirements.txt -c "";     else         pip install -r requirements.txt;     fi
2025-08-17T12:43:35.1013254Z #49 36.30 Successfully installed aiohappyeyeballs-2.6.1 aiohttp-3.12.15 aiosignal-1.4.0 annotated-types-0.7.0 attrs-25.3.0 boto3-1.40.11 botocore-1.40.11 cachetools-4.2.4 certifi-2025.8.3 charset_normalizer-3.4.3 confuse-1.4.0 frozenlist-1.7.0 idna-3.10 jmespath-1.0.1 keepa-1.3.14 minio-7.1.15 multidict-6.6.4 numpy-2.3.2 pandas-2.3.1 propcache-0.3.2 pycryptodome-3.23.0 pydantic-2.11.7 pydantic-core-2.33.2 pydantic-settings-2.2.1 python-amazon-sp-api-0.8.0 python-dateutil-2.9.0.post0 python-dotenv-1.1.1 pytz-2025.2 pyyaml-6.0.2 requests-2.32.4 s3transfer-0.13.1 six-1.17.0 tqdm-4.67.1 typing-extensions-4.14.1 typing-inspection-0.4.1 tzdata-2025.2 urllib3-2.5.0 yarl-1.20.1
2025-08-17T12:43:35.1019650Z #49 36.30 WARNING: Running pip as the 'root' user can result in broken permissions and conflicting behaviour with the system package manager, possibly rendering your system unusable. It is recommended to use a virtual environment instead: https://pip.pypa.io/warnings/venv. Use the --root-user-action option if you know what you are doing and want to suppress this warning.
2025-08-17T12:43:35.1022116Z #49 36.43 
2025-08-17T12:43:35.1022655Z #49 36.43 [notice] A new release of pip is available: 25.0.1 -> 25.2
2025-08-17T12:43:35.1023505Z #49 36.43 [notice] To update, run: pip install --upgrade pip
2025-08-17T12:43:35.1024278Z #49 DONE 37.0s
2025-08-17T12:43:35.2492086Z 
2025-08-17T12:43:35.2492609Z #86 [repricer stage-1 3/5] COPY --from=base /usr/local /usr/local
2025-08-17T12:43:35.2493355Z #86 DONE 4.1s
2025-08-17T12:43:35.2493652Z 
2025-08-17T12:43:35.2493967Z #87 [etl base 5/5] COPY services/etl/ .
2025-08-17T12:43:35.2494923Z #87 DONE 0.1s
2025-08-17T12:43:35.2495781Z 
2025-08-17T12:43:35.2495990Z #88 [repricer stage-1 4/5] COPY --from=base /app /app
2025-08-17T12:43:35.2496440Z #88 DONE 0.1s
2025-08-17T12:43:35.2496605Z 
2025-08-17T12:43:35.2497896Z #89 [repricer stage-1 5/5] RUN set -eux;     if [ -f /etc/apt/sources.list ]; then         sed -i 's|http://deb.debian.org|https://deb.debian.org|g' /etc/apt/sources.list;     fi;     apt-get update;     apt-get install -y --no-install-recommends tzdata;     rm -rf /var/lib/apt/lists/*
2025-08-17T12:43:35.6549201Z #89 0.280 + [ -f /etc/apt/sources.list ]
2025-08-17T12:43:35.6549881Z #89 0.280 + apt-get update
2025-08-17T12:43:35.6550565Z #89 0.379 Hit:1 http://deb.debian.org/debian trixie InRelease
2025-08-17T12:43:35.6551437Z #89 0.379 Get:2 http://deb.debian.org/debian trixie-updates InRelease [47.1 kB]
2025-08-17T12:43:35.6552414Z #89 0.411 Get:3 http://deb.debian.org/debian-security trixie-security InRelease [43.4 kB]
2025-08-17T12:43:35.8201341Z #89 0.433 Get:4 http://deb.debian.org/debian trixie/main amd64 Packages [9668 kB]
2025-08-17T12:43:35.8202571Z #89 0.577 Get:5 http://deb.debian.org/debian trixie-updates/main amd64 Packages [2432 B]
2025-08-17T12:43:35.9901775Z #89 0.596 Get:6 http://deb.debian.org/debian-security trixie-security/main amd64 Packages [8780 B]
2025-08-17T12:43:36.8226757Z 
2025-08-17T12:43:36.8227593Z #89 ...
2025-08-17T12:43:36.8228263Z 
2025-08-17T12:43:36.8229721Z #90 [api] exporting to image
2025-08-17T12:43:36.8230336Z #90 exporting layers 3.6s done
2025-08-17T12:43:36.8232646Z #90 writing image sha256:6082cd119605f10d877078e2e8aa691cfc7ffd65899c2b033cc0bea64a548d7a done
2025-08-17T12:43:36.8233702Z #90 naming to docker.io/library/awa-app-api done
2025-08-17T12:43:36.8265823Z #90 DONE 3.6s
2025-08-17T12:43:36.8266374Z 
2025-08-17T12:43:36.8266734Z #91 [api] resolving provenance for metadata file
2025-08-17T12:43:36.8267439Z #91 DONE 0.0s
2025-08-17T12:43:36.8267886Z 
2025-08-17T12:43:36.8269355Z #89 [repricer stage-1 5/5] RUN set -eux;     if [ -f /etc/apt/sources.list ]; then         sed -i 's|http://deb.debian.org|https://deb.debian.org|g' /etc/apt/sources.list;     fi;     apt-get update;     apt-get install -y --no-install-recommends tzdata;     rm -rf /var/lib/apt/lists/*
2025-08-17T12:43:36.8271731Z #89 1.393 Fetched 9769 kB in 1s (9156 kB/s)
2025-08-17T12:43:37.4137291Z #89 1.393 Reading package lists...
2025-08-17T12:43:37.5902550Z #89 2.183 + apt-get install -y --no-install-recommends tzdata
2025-08-17T12:43:38.1704700Z #89 2.196 Reading package lists...
2025-08-17T12:43:38.3647915Z #89 2.940 Building dependency tree...
2025-08-17T12:43:38.5144258Z #89 3.120 Reading state information...
2025-08-17T12:43:38.5673772Z #89 3.322 tzdata is already the newest version (2025b-4).
2025-08-17T12:43:38.5676399Z #89 3.322 0 upgraded, 0 newly installed, 0 to remove and 0 not upgraded.
2025-08-17T12:43:38.7239801Z #89 3.324 + rm -rf /var/lib/apt/lists/auxfiles /var/lib/apt/lists/deb.debian.org_debian-security_dists_trixie-security_InRelease /var/lib/apt/lists/deb.debian.org_debian-security_dists_trixie-security_main_binary-amd64_Packages.lz4 /var/lib/apt/lists/deb.debian.org_debian_dists_trixie-updates_InRelease /var/lib/apt/lists/deb.debian.org_debian_dists_trixie-updates_main_binary-amd64_Packages.lz4 /var/lib/apt/lists/deb.debian.org_debian_dists_trixie_InRelease /var/lib/apt/lists/deb.debian.org_debian_dists_trixie_main_binary-amd64_Packages.lz4 /var/lib/apt/lists/lock /var/lib/apt/lists/partial
2025-08-17T12:43:38.8628487Z #89 DONE 3.6s
2025-08-17T12:43:38.8633216Z 
2025-08-17T12:43:38.8633541Z #92 [etl stage-1 3/9] COPY --from=base /usr/local /usr/local
2025-08-17T12:43:40.2812441Z #92 DONE 3.1s
2025-08-17T12:43:40.2814527Z 
2025-08-17T12:43:40.2815875Z #93 [repricer] exporting to image
2025-08-17T12:43:40.4312854Z #93 ...
2025-08-17T12:43:40.4313157Z 
2025-08-17T12:43:40.4313517Z #94 [etl stage-1 4/9] COPY --from=base /app /app
2025-08-17T12:43:40.4314022Z #94 DONE 0.0s
2025-08-17T12:43:40.5881221Z 
2025-08-17T12:43:40.5884532Z #95 [etl stage-1 5/9] RUN set -eux;     if [ -f /etc/apt/sources.list ]; then         sed -i 's|http://deb.debian.org|https://deb.debian.org|g' /etc/apt/sources.list;     fi;     apt-get update;     apt-get install -y --no-install-recommends tzdata;     rm -rf /var/lib/apt/lists/*
2025-08-17T12:43:40.5889947Z #95 0.134 + [ -f /etc/apt/sources.list ]
2025-08-17T12:43:40.5891479Z #95 0.134 + apt-get update
2025-08-17T12:43:40.5892208Z #95 0.204 Hit:1 http://deb.debian.org/debian trixie InRelease
2025-08-17T12:43:40.5893621Z #95 0.204 Get:2 http://deb.debian.org/debian trixie-updates InRelease [47.1 kB]
2025-08-17T12:43:40.5894926Z #95 0.204 Get:3 http://deb.debian.org/debian-security trixie-security InRelease [43.4 kB]
2025-08-17T12:43:40.5896908Z #95 0.226 Get:4 http://deb.debian.org/debian trixie/main amd64 Packages [9668 kB]
2025-08-17T12:43:40.5898600Z #95 0.291 Get:5 http://deb.debian.org/debian trixie-updates/main amd64 Packages [2432 B]
2025-08-17T12:43:40.7400498Z #95 0.292 Get:6 http://deb.debian.org/debian-security trixie-security/main amd64 Packages [8780 B]
2025-08-17T12:43:41.1259545Z #95 ...
2025-08-17T12:43:41.1313023Z 
2025-08-17T12:43:41.1320288Z #69 [web build 6/6] RUN npm run build
2025-08-17T12:43:41.1321060Z #69 17.61 ✓ 687 modules transformed.
2025-08-17T12:43:41.1321484Z #69 18.27 rendering chunks...
2025-08-17T12:43:41.1321861Z #69 18.28 computing gzip size...
2025-08-17T12:43:41.1322472Z #69 18.30 dist/index.html                   0.46 kB │ gzip:   0.30 kB
2025-08-17T12:43:41.1323270Z #69 18.30 dist/assets/index-5IA1gRGW.css    0.84 kB │ gzip:   0.45 kB
2025-08-17T12:43:41.1324066Z #69 18.30 dist/assets/index-CIqpArhq.js   613.66 kB │ gzip: 193.69 kB
2025-08-17T12:43:41.1324575Z #69 18.30 
2025-08-17T12:43:41.1324993Z #69 18.30 (!) Some chunks are larger than 500 kB after minification. Consider:
2025-08-17T12:43:41.1325898Z #69 18.30 - Using dynamic import() to code-split the application
2025-08-17T12:43:41.1327027Z #69 18.30 - Use build.rollupOptions.output.manualChunks to improve chunking: https://rollupjs.org/configuration-options/#output-manualchunks
2025-08-17T12:43:41.1328326Z #69 18.30 - Adjust chunk size limit for this warning via build.chunkSizeWarningLimit.
2025-08-17T12:43:41.1329051Z #69 18.30 ✓ built in 8.90s
2025-08-17T12:43:41.1329374Z #69 DONE 18.4s
2025-08-17T12:43:41.3341959Z 
2025-08-17T12:43:41.3342762Z #93 [repricer] exporting to image
2025-08-17T12:43:41.3343269Z #93 exporting layers 2.3s done
2025-08-17T12:43:41.3344002Z #93 writing image sha256:214f72c9dbe0726085dcc4090d68b0fbe1c7df4beb5eb5b8e22d550c8ca1158d done
2025-08-17T12:43:41.3344649Z #93 naming to docker.io/library/awa-app-repricer done
2025-08-17T12:43:41.3345072Z #93 DONE 2.3s
2025-08-17T12:43:41.3345379Z 
2025-08-17T12:43:41.3345598Z #96 [repricer] resolving provenance for metadata file
2025-08-17T12:43:41.3345914Z #96 DONE 0.0s
2025-08-17T12:43:41.3346018Z 
2025-08-17T12:43:41.3346926Z #95 [etl stage-1 5/9] RUN set -eux;     if [ -f /etc/apt/sources.list ]; then         sed -i 's|http://deb.debian.org|https://deb.debian.org|g' /etc/apt/sources.list;     fi;     apt-get update;     apt-get install -y --no-install-recommends tzdata;     rm -rf /var/lib/apt/lists/*
2025-08-17T12:43:41.3406124Z #95 1.044 Fetched 9769 kB in 1s (11.1 MB/s)
2025-08-17T12:43:41.6511831Z #95 1.044 Reading package lists...
2025-08-17T12:43:41.6512977Z #95 ...
2025-08-17T12:43:41.6513146Z 
2025-08-17T12:43:41.6513444Z #97 [web stage-1 2/2] COPY --from=build /app/dist /usr/share/nginx/html
2025-08-17T12:43:41.6514026Z #97 DONE 0.0s
2025-08-17T12:43:41.8014962Z 
2025-08-17T12:43:41.8015723Z #98 [web] exporting to image
2025-08-17T12:43:42.0040156Z #98 exporting layers 0.5s done
2025-08-17T12:43:42.1742986Z #98 writing image sha256:d2598749500a4f0c0870517d26d3fef3e6ed059c388825cd0e7d404f4b3ac1e4 done
2025-08-17T12:43:42.1743719Z #98 naming to docker.io/library/awa-app-web done
2025-08-17T12:43:42.1744037Z #98 DONE 0.5s
2025-08-17T12:43:42.1744157Z 
2025-08-17T12:43:42.1744288Z #99 [web] resolving provenance for metadata file
2025-08-17T12:43:42.1744589Z #99 DONE 0.0s
2025-08-17T12:43:42.1744730Z 
2025-08-17T12:43:42.1747105Z #95 [etl stage-1 5/9] RUN set -eux;     if [ -f /etc/apt/sources.list ]; then         sed -i 's|http://deb.debian.org|https://deb.debian.org|g' /etc/apt/sources.list;     fi;     apt-get update;     apt-get install -y --no-install-recommends tzdata;     rm -rf /var/lib/apt/lists/*
2025-08-17T12:43:42.1748667Z #95 1.044 Reading package lists...
2025-08-17T12:43:42.1749164Z #95 1.525 + apt-get install -y --no-install-recommends tzdata
2025-08-17T12:43:42.2699616Z #95 1.533 Reading package lists...
2025-08-17T12:43:42.3895766Z #95 1.982 Building dependency tree...
2025-08-17T12:43:42.3896402Z #95 2.093 Reading state information...
2025-08-17T12:43:42.5227158Z #95 2.226 tzdata is already the newest version (2025b-4).
2025-08-17T12:43:42.5227841Z #95 2.226 0 upgraded, 0 newly installed, 0 to remove and 0 not upgraded.
2025-08-17T12:43:42.6818733Z #95 2.227 + rm -rf /var/lib/apt/lists/auxfiles /var/lib/apt/lists/deb.debian.org_debian-security_dists_trixie-security_InRelease /var/lib/apt/lists/deb.debian.org_debian-security_dists_trixie-security_main_binary-amd64_Packages.lz4 /var/lib/apt/lists/deb.debian.org_debian_dists_trixie-updates_InRelease /var/lib/apt/lists/deb.debian.org_debian_dists_trixie-updates_main_binary-amd64_Packages.lz4 /var/lib/apt/lists/deb.debian.org_debian_dists_trixie_InRelease /var/lib/apt/lists/deb.debian.org_debian_dists_trixie_main_binary-amd64_Packages.lz4 /var/lib/apt/lists/lock /var/lib/apt/lists/partial
2025-08-17T12:43:42.6823079Z #95 DONE 2.2s
2025-08-17T12:43:42.6823772Z 
2025-08-17T12:43:42.6826217Z #100 [etl stage-1 6/9] COPY services/etl/wait-for-it.sh /usr/local/bin/wait-for-it.sh
2025-08-17T12:43:42.6827370Z #100 DONE 0.0s
2025-08-17T12:43:42.6827774Z 
2025-08-17T12:43:42.6828274Z #101 [etl stage-1 7/9] RUN chmod +x /usr/local/bin/wait-for-it.sh
2025-08-17T12:43:42.6828831Z #101 DONE 0.1s
2025-08-17T12:43:42.8280863Z 
2025-08-17T12:43:42.8281500Z #102 [etl stage-1 8/9] COPY services/etl/entrypoint.sh /app/entrypoint.sh
2025-08-17T12:43:42.8282103Z #102 DONE 0.0s
2025-08-17T12:43:42.8282225Z 
2025-08-17T12:43:42.8282369Z #103 [etl stage-1 9/9] RUN chmod +x /app/entrypoint.sh
2025-08-17T12:43:42.8282670Z #103 DONE 0.1s
2025-08-17T12:43:42.9799606Z 
2025-08-17T12:43:42.9800049Z #104 [etl] exporting to image
2025-08-17T12:43:45.5575558Z #104 exporting layers 2.7s done
2025-08-17T12:43:45.5844484Z #104 writing image sha256:516b8b020770565d816f127312aacdd1a580e61256639dd89dbcad65b50ea6c8 done
2025-08-17T12:43:45.5845059Z #104 naming to docker.io/library/awa-app-etl done
2025-08-17T12:43:45.5845597Z #104 DONE 2.7s
2025-08-17T12:43:45.5845704Z 
2025-08-17T12:43:45.5845821Z #105 [etl] resolving provenance for metadata file
2025-08-17T12:43:45.5846119Z #105 DONE 0.0s
2025-08-17T12:43:45.5846420Z  fees_h10  Built
2025-08-17T12:43:45.5847524Z  etl  Built
2025-08-17T12:43:45.5848626Z  web  Built
2025-08-17T12:43:45.5848918Z  repricer  Built
2025-08-17T12:43:45.5849224Z  logistics_etl  Built
2025-08-17T12:43:45.5849536Z  api  Built
2025-08-17T12:43:45.5850074Z  postgres  Built
2025-08-17T12:43:45.5922146Z ##[group]Run export COMPOSE_DOCKER_CLI_BUILD=1
2025-08-17T12:43:45.5922500Z [36;1mexport COMPOSE_DOCKER_CLI_BUILD=1[0m
2025-08-17T12:43:45.5922764Z [36;1mexport DOCKER_BUILDKIT=1[0m
2025-08-17T12:43:45.5923013Z [36;1mdocker compose up -d --wait[0m
2025-08-17T12:43:45.5964921Z shell: /usr/bin/bash -e {0}
2025-08-17T12:43:45.5965362Z ##[endgroup]
2025-08-17T12:43:45.6789073Z  minio Pulling 
2025-08-17T12:43:46.1616744Z  dd15713b0f22 Pulling fs layer 
2025-08-17T12:43:46.1617293Z  fd312a3c94fc Pulling fs layer 
2025-08-17T12:43:46.1617695Z  02e05d20c69e Pulling fs layer 
2025-08-17T12:43:46.1617953Z  1f08d9fb7d7d Pulling fs layer 
2025-08-17T12:43:46.1618179Z  b452b5fb7338 Pulling fs layer 
2025-08-17T12:43:46.1618398Z  e14ab7c7ae26 Pulling fs layer 
2025-08-17T12:43:46.1618634Z  3bf7f4428838 Pulling fs layer 
2025-08-17T12:43:46.1618854Z  adc9ba906e83 Pulling fs layer 
2025-08-17T12:43:46.1619068Z  1611ffcaf8be Pulling fs layer 
2025-08-17T12:43:46.1619347Z  e14ab7c7ae26 Waiting 
2025-08-17T12:43:46.1619629Z  3bf7f4428838 Waiting 
2025-08-17T12:43:46.1619971Z  adc9ba906e83 Waiting 
2025-08-17T12:43:46.1620259Z  1611ffcaf8be Waiting 
2025-08-17T12:43:46.1620544Z  1f08d9fb7d7d Waiting 
2025-08-17T12:43:46.1620763Z  b452b5fb7338 Waiting 
2025-08-17T12:43:46.2655957Z  fd312a3c94fc Downloading [>                                                  ]   17.2kB/1.637MB
2025-08-17T12:43:46.2664558Z  dd15713b0f22 Downloading [>                                                  ]  76.59kB/7.24MB
2025-08-17T12:43:46.2752352Z  02e05d20c69e Downloading [>                                                  ]  2.301kB/122.7kB
2025-08-17T12:43:46.2770457Z  02e05d20c69e Downloading [==================================================>]  122.7kB/122.7kB
2025-08-17T12:43:46.2771111Z  02e05d20c69e Verifying Checksum 
2025-08-17T12:43:46.2771535Z  02e05d20c69e Download complete 
2025-08-17T12:43:46.2837650Z  fd312a3c94fc Verifying Checksum 
2025-08-17T12:43:46.2838515Z  fd312a3c94fc Download complete 
2025-08-17T12:43:46.3319794Z  dd15713b0f22 Verifying Checksum 
2025-08-17T12:43:46.3320312Z  dd15713b0f22 Download complete 
2025-08-17T12:43:46.3323788Z  dd15713b0f22 Extracting [>                                                  ]   98.3kB/7.24MB
2025-08-17T12:43:46.3967524Z  b452b5fb7338 Downloading [>                                                  ]  115.7kB/11.19MB
2025-08-17T12:43:46.4031786Z  1f08d9fb7d7d Downloading [>                                                  ]  397.4kB/39.39MB
2025-08-17T12:43:46.4355691Z  dd15713b0f22 Extracting [==============>                                    ]  2.163MB/7.24MB
2025-08-17T12:43:46.4414331Z  b452b5fb7338 Verifying Checksum 
2025-08-17T12:43:46.4414801Z  b452b5fb7338 Download complete 
2025-08-17T12:43:46.4472840Z  e14ab7c7ae26 Downloading [>                                                  ]   24.7kB/2.402MB
2025-08-17T12:43:46.4625718Z  e14ab7c7ae26 Download complete 
2025-08-17T12:43:46.5043927Z  1f08d9fb7d7d Downloading [===========================>                       ]  21.39MB/39.39MB
2025-08-17T12:43:46.5490141Z  3bf7f4428838 Downloading [>                                                  ]  2.301kB/180.3kB
2025-08-17T12:43:46.5526569Z  3bf7f4428838 Verifying Checksum 
2025-08-17T12:43:46.5527036Z  3bf7f4428838 Download complete 
2025-08-17T12:43:46.5646216Z  adc9ba906e83 Downloading [===>                                               ]     933B/11.88kB
2025-08-17T12:43:46.5648472Z  adc9ba906e83 Downloading [==================================================>]  11.88kB/11.88kB
2025-08-17T12:43:46.5649347Z  adc9ba906e83 Verifying Checksum 
2025-08-17T12:43:46.5649882Z  adc9ba906e83 Download complete 
2025-08-17T12:43:46.5737328Z  dd15713b0f22 Extracting [============================================>      ]  6.488MB/7.24MB
2025-08-17T12:43:46.5918908Z  1f08d9fb7d7d Verifying Checksum 
2025-08-17T12:43:46.5919477Z  1f08d9fb7d7d Download complete 
2025-08-17T12:43:46.6019678Z  dd15713b0f22 Extracting [==================================================>]   7.24MB/7.24MB
2025-08-17T12:43:46.6108221Z  dd15713b0f22 Pull complete 
2025-08-17T12:43:46.6119356Z  fd312a3c94fc Extracting [=>                                                 ]  32.77kB/1.637MB
2025-08-17T12:43:46.6442230Z  fd312a3c94fc Extracting [==================================================>]  1.637MB/1.637MB
2025-08-17T12:43:46.6466232Z  fd312a3c94fc Extracting [==================================================>]  1.637MB/1.637MB
2025-08-17T12:43:46.6584764Z  1611ffcaf8be Downloading [==================================================>]     498B/498B
2025-08-17T12:43:46.6585615Z  1611ffcaf8be Verifying Checksum 
2025-08-17T12:43:46.6586050Z  1611ffcaf8be Download complete 
2025-08-17T12:43:46.7057000Z  fd312a3c94fc Pull complete 
2025-08-17T12:43:46.7066390Z  02e05d20c69e Extracting [=============>                                     ]  32.77kB/122.7kB
2025-08-17T12:43:46.7076740Z  02e05d20c69e Extracting [==================================================>]  122.7kB/122.7kB
2025-08-17T12:43:46.7190602Z  02e05d20c69e Pull complete 
2025-08-17T12:43:46.7278119Z  1f08d9fb7d7d Extracting [>                                                  ]    426kB/39.39MB
2025-08-17T12:43:46.8320797Z  1f08d9fb7d7d Extracting [=========>                                         ]  7.668MB/39.39MB
2025-08-17T12:43:46.9358365Z  1f08d9fb7d7d Extracting [====================>                              ]  16.19MB/39.39MB
2025-08-17T12:43:47.0372146Z  1f08d9fb7d7d Extracting [====================================>              ]  28.97MB/39.39MB
2025-08-17T12:43:47.1376660Z  1f08d9fb7d7d Extracting [==============================================>    ]  36.63MB/39.39MB
2025-08-17T12:43:47.1702550Z  1f08d9fb7d7d Extracting [==================================================>]  39.39MB/39.39MB
2025-08-17T12:43:47.2071005Z  1f08d9fb7d7d Pull complete 
2025-08-17T12:43:47.2092191Z  b452b5fb7338 Extracting [>                                                  ]  131.1kB/11.19MB
2025-08-17T12:43:47.3100534Z  b452b5fb7338 Extracting [====================================>              ]  8.126MB/11.19MB
2025-08-17T12:43:47.3408468Z  b452b5fb7338 Extracting [==================================================>]  11.19MB/11.19MB
2025-08-17T12:43:47.3570419Z  b452b5fb7338 Pull complete 
2025-08-17T12:43:47.3582171Z  e14ab7c7ae26 Extracting [>                                                  ]  32.77kB/2.402MB
2025-08-17T12:43:47.3847998Z  e14ab7c7ae26 Extracting [==================================================>]  2.402MB/2.402MB
2025-08-17T12:43:47.3928699Z  e14ab7c7ae26 Pull complete 
2025-08-17T12:43:47.3939702Z  3bf7f4428838 Extracting [=========>                                         ]  32.77kB/180.3kB
2025-08-17T12:43:47.3989999Z  3bf7f4428838 Extracting [==================================================>]  180.3kB/180.3kB
2025-08-17T12:43:47.4000973Z  3bf7f4428838 Extracting [==================================================>]  180.3kB/180.3kB
2025-08-17T12:43:47.4076274Z  3bf7f4428838 Pull complete 
2025-08-17T12:43:47.4086095Z  adc9ba906e83 Extracting [==================================================>]  11.88kB/11.88kB
2025-08-17T12:43:47.4089036Z  adc9ba906e83 Extracting [==================================================>]  11.88kB/11.88kB
2025-08-17T12:43:47.4151074Z  adc9ba906e83 Pull complete 
2025-08-17T12:43:47.4162252Z  1611ffcaf8be Extracting [==================================================>]     498B/498B
2025-08-17T12:43:47.4166660Z  1611ffcaf8be Extracting [==================================================>]     498B/498B
2025-08-17T12:43:47.4233336Z  1611ffcaf8be Pull complete 
2025-08-17T12:43:47.4288446Z  minio Pulled 
2025-08-17T12:43:47.4310916Z  Network awa-app_awa-net  Creating
2025-08-17T12:43:47.4639309Z  Network awa-app_awa-net  Created
2025-08-17T12:43:47.4692089Z  Volume "awa-app_awa-data"  Creating
2025-08-17T12:43:47.4704440Z  Volume "awa-app_awa-data"  Created
2025-08-17T12:43:47.4707697Z  Volume "awa-app_miniodata"  Creating
2025-08-17T12:43:47.4715813Z  Volume "awa-app_miniodata"  Created
2025-08-17T12:43:47.4720982Z  Container awa-app-minio-1  Creating
2025-08-17T12:43:47.4722495Z  Container awa-app-postgres-1  Creating
2025-08-17T12:43:47.4920743Z  Container awa-app-postgres-1  Created
2025-08-17T12:43:47.4923063Z  Container awa-app-minio-1  Created
2025-08-17T12:43:47.4923534Z  Container awa-app-etl-1  Creating
2025-08-17T12:43:47.4924203Z  Container awa-app-logistics_etl-1  Creating
2025-08-17T12:43:47.4924784Z  Container awa-app-api-1  Creating
2025-08-17T12:43:47.4925742Z  Container awa-app-fees_h10-1  Creating
2025-08-17T12:43:47.5142022Z  Container awa-app-logistics_etl-1  Created
2025-08-17T12:43:47.5142581Z  Container awa-app-api-1  Created
2025-08-17T12:43:47.5144462Z  Container awa-app-fees_h10-1  Created
2025-08-17T12:43:47.5145607Z  Container awa-app-repricer-1  Creating
2025-08-17T12:43:47.5146292Z  Container awa-app-web-1  Creating
2025-08-17T12:43:47.5146702Z  Container awa-app-etl-1  Created
2025-08-17T12:43:47.5264272Z  Container awa-app-web-1  Created
2025-08-17T12:43:47.5265049Z  Container awa-app-repricer-1  Created
2025-08-17T12:43:47.5279682Z  Container awa-app-minio-1  Starting
2025-08-17T12:43:47.5280620Z  Container awa-app-postgres-1  Starting
2025-08-17T12:43:47.6963576Z  Container awa-app-postgres-1  Started
2025-08-17T12:43:47.6964621Z  Container awa-app-postgres-1  Waiting
2025-08-17T12:43:47.6977518Z  Container awa-app-postgres-1  Waiting
2025-08-17T12:43:47.6977999Z  Container awa-app-postgres-1  Waiting
2025-08-17T12:43:47.7413444Z  Container awa-app-minio-1  Started
2025-08-17T12:43:47.7414045Z  Container awa-app-postgres-1  Waiting
2025-08-17T12:43:53.1977191Z  Container awa-app-postgres-1  Healthy
2025-08-17T12:43:53.1978186Z  Container awa-app-logistics_etl-1  Starting
2025-08-17T12:43:53.1979508Z  Container awa-app-postgres-1  Healthy
2025-08-17T12:43:53.1980342Z  Container awa-app-api-1  Starting
2025-08-17T12:43:53.1980751Z  Container awa-app-postgres-1  Healthy
2025-08-17T12:43:53.1981168Z  Container awa-app-fees_h10-1  Starting
2025-08-17T12:43:53.2425780Z  Container awa-app-postgres-1  Healthy
2025-08-17T12:43:53.2426280Z  Container awa-app-etl-1  Starting
2025-08-17T12:43:53.3956440Z  Container awa-app-logistics_etl-1  Started
2025-08-17T12:43:53.4059109Z  Container awa-app-fees_h10-1  Started
2025-08-17T12:43:53.4248320Z  Container awa-app-etl-1  Started
2025-08-17T12:43:53.4452194Z  Container awa-app-api-1  Started
2025-08-17T12:43:53.4453510Z  Container awa-app-web-1  Starting
2025-08-17T12:43:53.4454562Z  Container awa-app-postgres-1  Waiting
2025-08-17T12:43:53.4462206Z  Container awa-app-api-1  Waiting
2025-08-17T12:43:53.6350567Z  Container awa-app-web-1  Started
2025-08-17T12:43:53.9465559Z  Container awa-app-postgres-1  Healthy
2025-08-17T12:43:58.9467842Z  Container awa-app-api-1  Healthy
2025-08-17T12:43:58.9468426Z  Container awa-app-repricer-1  Starting
2025-08-17T12:43:59.0880989Z  Container awa-app-repricer-1  Started
2025-08-17T12:43:59.0881600Z  Container awa-app-web-1  Waiting
2025-08-17T12:43:59.0881993Z  Container awa-app-etl-1  Waiting
2025-08-17T12:43:59.0882444Z  Container awa-app-postgres-1  Waiting
2025-08-17T12:43:59.0882860Z  Container awa-app-api-1  Waiting
2025-08-17T12:43:59.0883302Z  Container awa-app-minio-1  Waiting
2025-08-17T12:43:59.0883703Z  Container awa-app-fees_h10-1  Waiting
2025-08-17T12:43:59.0884155Z  Container awa-app-logistics_etl-1  Waiting
2025-08-17T12:43:59.0884455Z  Container awa-app-repricer-1  Waiting
2025-08-17T12:43:59.5907870Z  Container awa-app-web-1  Healthy
2025-08-17T12:43:59.5908810Z  Container awa-app-minio-1  Healthy
2025-08-17T12:43:59.5913219Z  Container awa-app-postgres-1  Healthy
2025-08-17T12:43:59.5928217Z  Container awa-app-api-1  Healthy
2025-08-17T12:44:23.5896130Z  Container awa-app-etl-1  Healthy
2025-08-17T12:44:24.0896458Z  Container awa-app-fees_h10-1  Healthy
2025-08-17T12:44:49.5899001Z container awa-app-logistics_etl-1 exited (1)
2025-08-17T12:44:49.5949634Z ##[error]Process completed with exit code 1.
2025-08-17T12:44:49.5999297Z ##[group]Run export COMPOSE_DOCKER_CLI_BUILD=1
2025-08-17T12:44:49.5999817Z [36;1mexport COMPOSE_DOCKER_CLI_BUILD=1[0m
2025-08-17T12:44:49.6000094Z [36;1mexport DOCKER_BUILDKIT=1[0m
2025-08-17T12:44:49.6000387Z [36;1mdocker compose down -v --remove-orphans[0m
2025-08-17T12:44:49.6042700Z shell: /usr/bin/bash -e {0}
2025-08-17T12:44:49.6042953Z ##[endgroup]
2025-08-17T12:44:49.6815637Z  Container awa-app-repricer-1  Stopping
2025-08-17T12:44:49.6816586Z  Container awa-app-etl-1  Stopping
2025-08-17T12:44:49.6817069Z  Container awa-app-logistics_etl-1  Stopping
2025-08-17T12:44:49.6817540Z  Container awa-app-fees_h10-1  Stopping
2025-08-17T12:44:49.6817963Z  Container awa-app-web-1  Stopping
2025-08-17T12:44:49.6822292Z  Container awa-app-logistics_etl-1  Stopped
2025-08-17T12:44:49.6823131Z  Container awa-app-logistics_etl-1  Removing
2025-08-17T12:44:49.6936723Z  Container awa-app-logistics_etl-1  Removed
2025-08-17T12:44:49.8113620Z  Container awa-app-web-1  Stopped
2025-08-17T12:44:49.8114181Z  Container awa-app-web-1  Removing
2025-08-17T12:44:49.8182304Z  Container awa-app-web-1  Removed
2025-08-17T12:44:49.8563413Z  Container awa-app-fees_h10-1  Stopped
2025-08-17T12:44:49.8565470Z  Container awa-app-fees_h10-1  Removing
2025-08-17T12:44:49.8643053Z  Container awa-app-fees_h10-1  Removed
2025-08-17T12:44:50.0022720Z  Container awa-app-repricer-1  Stopped
2025-08-17T12:44:50.0023271Z  Container awa-app-repricer-1  Removing
2025-08-17T12:44:50.0096877Z  Container awa-app-repricer-1  Removed
2025-08-17T12:44:50.0097396Z  Container awa-app-api-1  Stopping
2025-08-17T12:44:50.3601188Z  Container awa-app-api-1  Stopped
2025-08-17T12:44:50.3601673Z  Container awa-app-api-1  Removing
2025-08-17T12:44:50.3695426Z  Container awa-app-api-1  Removed
2025-08-17T12:44:59.7621108Z  Container awa-app-etl-1  Stopped
2025-08-17T12:44:59.7621603Z  Container awa-app-etl-1  Removing
2025-08-17T12:44:59.7661084Z  Container awa-app-etl-1  Removed
2025-08-17T12:44:59.7661881Z  Container awa-app-postgres-1  Stopping
2025-08-17T12:44:59.7662982Z  Container awa-app-minio-1  Stopping
2025-08-17T12:44:59.8592326Z  Container awa-app-postgres-1  Stopped
2025-08-17T12:44:59.8593429Z  Container awa-app-postgres-1  Removing
2025-08-17T12:44:59.9063969Z  Container awa-app-postgres-1  Removed
2025-08-17T12:44:59.9440202Z  Container awa-app-minio-1  Stopped
2025-08-17T12:44:59.9441745Z  Container awa-app-minio-1  Removing
2025-08-17T12:44:59.9485930Z  Container awa-app-minio-1  Removed
2025-08-17T12:44:59.9491084Z  Volume awa-app_miniodata  Removing
2025-08-17T12:44:59.9494296Z  Volume awa-app_awa-data  Removing
2025-08-17T12:44:59.9494793Z  Network awa-app_awa-net  Removing
2025-08-17T12:44:59.9498196Z  Volume awa-app_awa-data  Removed
2025-08-17T12:44:59.9515538Z  Volume awa-app_miniodata  Removed
2025-08-17T12:45:00.0608434Z  Network awa-app_awa-net  Removed
2025-08-17T12:45:00.0718792Z Post job cleanup.
2025-08-17T12:45:00.1648001Z [command]/usr/bin/git version
2025-08-17T12:45:00.1683624Z git version 2.50.1
2025-08-17T12:45:00.1734967Z Temporarily overriding HOME='/home/runner/work/_temp/10cfb283-7a2d-49fa-8ae2-50b118c64285' before making global git config changes
2025-08-17T12:45:00.1736534Z Adding repository directory to the temporary git global config as a safe directory
2025-08-17T12:45:00.1741287Z [command]/usr/bin/git config --global --add safe.directory /home/runner/work/AWA-App/AWA-App
2025-08-17T12:45:00.1774697Z [command]/usr/bin/git config --local --name-only --get-regexp core\.sshCommand
2025-08-17T12:45:00.1806764Z [command]/usr/bin/git submodule foreach --recursive sh -c "git config --local --name-only --get-regexp 'core\.sshCommand' && git config --local --unset-all 'core.sshCommand' || :"
2025-08-17T12:45:00.2024861Z [command]/usr/bin/git config --local --name-only --get-regexp http\.https\:\/\/github\.com\/\.extraheader
2025-08-17T12:45:00.2044569Z http.https://github.com/.extraheader
2025-08-17T12:45:00.2056625Z [command]/usr/bin/git config --local --unset-all http.https://github.com/.extraheader
2025-08-17T12:45:00.2085870Z [command]/usr/bin/git submodule foreach --recursive sh -c "git config --local --name-only --get-regexp 'http\.https\:\/\/github\.com\/\.extraheader' && git config --local --unset-all 'http.https://github.com/.extraheader' || :"
2025-08-17T12:45:00.2417438Z Cleaning up orphan processes
