2025-08-17T13:19:20.5202641Z Current runner version: '2.327.1'
2025-08-17T13:19:20.5239301Z ##[group]Runner Image Provisioner
2025-08-17T13:19:20.5240619Z Hosted Compute Agent
2025-08-17T13:19:20.5241508Z Version: 20250812.370
2025-08-17T13:19:20.5242546Z Commit: 4a2b2bf7520004e3e907c2150c8cabe342a3da32
2025-08-17T13:19:20.5243836Z Build Date: 2025-08-12T16:08:14Z
2025-08-17T13:19:20.5245286Z ##[endgroup]
2025-08-17T13:19:20.5246289Z ##[group]Operating System
2025-08-17T13:19:20.5247482Z Ubuntu
2025-08-17T13:19:20.5248456Z 24.04.2
2025-08-17T13:19:20.5249235Z LTS
2025-08-17T13:19:20.5250195Z ##[endgroup]
2025-08-17T13:19:20.5251158Z ##[group]Runner Image
2025-08-17T13:19:20.5252194Z Image: ubuntu-24.04
2025-08-17T13:19:20.5252988Z Version: 20250810.1.0
2025-08-17T13:19:20.5255129Z Included Software: https://github.com/actions/runner-images/blob/ubuntu24/20250810.1/images/ubuntu/Ubuntu2404-Readme.md
2025-08-17T13:19:20.5257928Z Image Release: https://github.com/actions/runner-images/releases/tag/ubuntu24%2F20250810.1
2025-08-17T13:19:20.5259741Z ##[endgroup]
2025-08-17T13:19:20.5262596Z ##[group]GITHUB_TOKEN Permissions
2025-08-17T13:19:20.5265386Z Actions: write
2025-08-17T13:19:20.5265978Z Attestations: write
2025-08-17T13:19:20.5266521Z Checks: write
2025-08-17T13:19:20.5267109Z Contents: write
2025-08-17T13:19:20.5267663Z Deployments: write
2025-08-17T13:19:20.5268154Z Discussions: write
2025-08-17T13:19:20.5268755Z Issues: write
2025-08-17T13:19:20.5269243Z Metadata: read
2025-08-17T13:19:20.5269721Z Models: read
2025-08-17T13:19:20.5270258Z Packages: write
2025-08-17T13:19:20.5270724Z Pages: write
2025-08-17T13:19:20.5271214Z PullRequests: write
2025-08-17T13:19:20.5271785Z RepositoryProjects: write
2025-08-17T13:19:20.5272373Z SecurityEvents: write
2025-08-17T13:19:20.5273000Z Statuses: write
2025-08-17T13:19:20.5273568Z ##[endgroup]
2025-08-17T13:19:20.5275956Z Secret source: Actions
2025-08-17T13:19:20.5276899Z Prepare workflow directory
2025-08-17T13:19:20.5609226Z Prepare all required actions
2025-08-17T13:19:20.5648752Z Getting action download info
2025-08-17T13:19:20.8543680Z Download action repository 'actions/checkout@v4' (SHA:08eba0b27e820071cde6df949e0beb9ba4906955)
2025-08-17T13:19:21.1811804Z Complete job name: health-checks
2025-08-17T13:19:21.2514734Z ##[group]Run actions/checkout@v4
2025-08-17T13:19:21.2515819Z with:
2025-08-17T13:19:21.2516201Z   fetch-depth: 0
2025-08-17T13:19:21.2516621Z   repository: AlexBomber12/AWA-App
2025-08-17T13:19:21.2517357Z   token: ***
2025-08-17T13:19:21.2517794Z   ssh-strict: true
2025-08-17T13:19:21.2518182Z   ssh-user: git
2025-08-17T13:19:21.2518573Z   persist-credentials: true
2025-08-17T13:19:21.2519017Z   clean: true
2025-08-17T13:19:21.2519415Z   sparse-checkout-cone-mode: true
2025-08-17T13:19:21.2519892Z   fetch-tags: false
2025-08-17T13:19:21.2520290Z   show-progress: true
2025-08-17T13:19:21.2520684Z   lfs: false
2025-08-17T13:19:21.2521048Z   submodules: false
2025-08-17T13:19:21.2521451Z   set-safe-directory: true
2025-08-17T13:19:21.2522488Z ##[endgroup]
2025-08-17T13:19:21.3576557Z Syncing repository: AlexBomber12/AWA-App
2025-08-17T13:19:21.3578233Z ##[group]Getting Git version info
2025-08-17T13:19:21.3578920Z Working directory is '/home/runner/work/AWA-App/AWA-App'
2025-08-17T13:19:21.3579940Z [command]/usr/bin/git version
2025-08-17T13:19:21.3619349Z git version 2.50.1
2025-08-17T13:19:21.3645299Z ##[endgroup]
2025-08-17T13:19:21.3659408Z Temporarily overriding HOME='/home/runner/work/_temp/d09d36d1-f694-4064-86cc-feed348f5a77' before making global git config changes
2025-08-17T13:19:21.3660857Z Adding repository directory to the temporary git global config as a safe directory
2025-08-17T13:19:21.3671758Z [command]/usr/bin/git config --global --add safe.directory /home/runner/work/AWA-App/AWA-App
2025-08-17T13:19:21.3707236Z Deleting the contents of '/home/runner/work/AWA-App/AWA-App'
2025-08-17T13:19:21.3711083Z ##[group]Initializing the repository
2025-08-17T13:19:21.3716013Z [command]/usr/bin/git init /home/runner/work/AWA-App/AWA-App
2025-08-17T13:19:21.3777433Z hint: Using 'master' as the name for the initial branch. This default branch name
2025-08-17T13:19:21.3779562Z hint: is subject to change. To configure the initial branch name to use in all
2025-08-17T13:19:21.3780859Z hint: of your new repositories, which will suppress this warning, call:
2025-08-17T13:19:21.3781866Z hint:
2025-08-17T13:19:21.3782855Z hint: 	git config --global init.defaultBranch <name>
2025-08-17T13:19:21.3783891Z hint:
2025-08-17T13:19:21.3784861Z hint: Names commonly chosen instead of 'master' are 'main', 'trunk' and
2025-08-17T13:19:21.3786717Z hint: 'development'. The just-created branch can be renamed via this command:
2025-08-17T13:19:21.3787992Z hint:
2025-08-17T13:19:21.3788669Z hint: 	git branch -m <name>
2025-08-17T13:19:21.3789428Z hint:
2025-08-17T13:19:21.3790405Z hint: Disable this message with "git config set advice.defaultBranchName false"
2025-08-17T13:19:21.3792102Z Initialized empty Git repository in /home/runner/work/AWA-App/AWA-App/.git/
2025-08-17T13:19:21.3795143Z [command]/usr/bin/git remote add origin https://github.com/AlexBomber12/AWA-App
2025-08-17T13:19:21.3828563Z ##[endgroup]
2025-08-17T13:19:21.3829741Z ##[group]Disabling automatic garbage collection
2025-08-17T13:19:21.3832855Z [command]/usr/bin/git config --local gc.auto 0
2025-08-17T13:19:21.3860907Z ##[endgroup]
2025-08-17T13:19:21.3862083Z ##[group]Setting up auth
2025-08-17T13:19:21.3868461Z [command]/usr/bin/git config --local --name-only --get-regexp core\.sshCommand
2025-08-17T13:19:21.3898406Z [command]/usr/bin/git submodule foreach --recursive sh -c "git config --local --name-only --get-regexp 'core\.sshCommand' && git config --local --unset-all 'core.sshCommand' || :"
2025-08-17T13:19:21.4157784Z [command]/usr/bin/git config --local --name-only --get-regexp http\.https\:\/\/github\.com\/\.extraheader
2025-08-17T13:19:21.4187144Z [command]/usr/bin/git submodule foreach --recursive sh -c "git config --local --name-only --get-regexp 'http\.https\:\/\/github\.com\/\.extraheader' && git config --local --unset-all 'http.https://github.com/.extraheader' || :"
2025-08-17T13:19:21.4404296Z [command]/usr/bin/git config --local http.https://github.com/.extraheader AUTHORIZATION: basic ***
2025-08-17T13:19:21.4439259Z ##[endgroup]
2025-08-17T13:19:21.4440057Z ##[group]Fetching the repository
2025-08-17T13:19:21.4448160Z [command]/usr/bin/git -c protocol.version=2 fetch --prune --no-recurse-submodules origin +refs/heads/*:refs/remotes/origin/* +refs/tags/*:refs/tags/*
2025-08-17T13:19:22.2526720Z From https://github.com/AlexBomber12/AWA-App
2025-08-17T13:19:22.2531782Z  * [new branch]      codex/check-ci-logs-for-errors-and-fix-them -> origin/codex/check-ci-logs-for-errors-and-fix-them
2025-08-17T13:19:22.2535578Z  * [new branch]      codex/check-logs-for-errors-and-fix-issues -> origin/codex/check-logs-for-errors-and-fix-issues
2025-08-17T13:19:22.2539162Z  * [new branch]      codex/fix-ci-workflows-based-on-log-analysis -> origin/codex/fix-ci-workflows-based-on-log-analysis
2025-08-17T13:19:22.2543397Z  * [new branch]      codex/fix-ci-workflows-based-on-log-analysis-pjtlxf -> origin/codex/fix-ci-workflows-based-on-log-analysis-pjtlxf
2025-08-17T13:19:22.2548068Z  * [new branch]      codex/fix-ci-workflows-based-on-logs -> origin/codex/fix-ci-workflows-based-on-logs
2025-08-17T13:19:22.2552282Z  * [new branch]      codex/fix-ci-workflows-based-on-logs-1f0zib -> origin/codex/fix-ci-workflows-based-on-logs-1f0zib
2025-08-17T13:19:22.2557389Z  * [new branch]      codex/fix-ci-workflows-based-on-logs-analysis -> origin/codex/fix-ci-workflows-based-on-logs-analysis
2025-08-17T13:19:22.2562185Z  * [new branch]      codex/fix-ci-workflows-based-on-logs-sca1uo -> origin/codex/fix-ci-workflows-based-on-logs-sca1uo
2025-08-17T13:19:22.2566123Z  * [new branch]      codex/fix-ci-workflows-to-pass-tests -> origin/codex/fix-ci-workflows-to-pass-tests
2025-08-17T13:19:22.2569036Z  * [new branch]      codex/fix-ci-workflows-until-all-pass -> origin/codex/fix-ci-workflows-until-all-pass
2025-08-17T13:19:22.2572040Z  * [new branch]      codex/fix-ci-workflows-until-all-pass-366nbs -> origin/codex/fix-ci-workflows-until-all-pass-366nbs
2025-08-17T13:19:22.2575766Z  * [new branch]      codex/fix-ci-workflows-until-passing -> origin/codex/fix-ci-workflows-until-passing
2025-08-17T13:19:22.2579165Z  * [new branch]      codex/implement-targeted-ci-fixes-until-green -> origin/codex/implement-targeted-ci-fixes-until-green
2025-08-17T13:19:22.2583303Z  * [new branch]      codex/implement-targeted-ci-fixes-until-green-g91k8p -> origin/codex/implement-targeted-ci-fixes-until-green-g91k8p
2025-08-17T13:19:22.2588470Z  * [new branch]      codex/implement-targeted-fixes-to-pass-ci -> origin/codex/implement-targeted-fixes-to-pass-ci
2025-08-17T13:19:22.2592167Z  * [new branch]      codex/replace-github-cli-with-python-rest-calls -> origin/codex/replace-github-cli-with-python-rest-calls
2025-08-17T13:19:22.2595464Z  * [new branch]      gh-pages   -> origin/gh-pages
2025-08-17T13:19:22.2596713Z  * [new branch]      main       -> origin/main
2025-08-17T13:19:22.2597833Z  * [new tag]         0.3.0      -> 0.3.0
2025-08-17T13:19:22.2601252Z [command]/usr/bin/git branch --list --remote origin/main
2025-08-17T13:19:22.2624464Z   origin/main
2025-08-17T13:19:22.2633655Z [command]/usr/bin/git rev-parse refs/remotes/origin/main
2025-08-17T13:19:22.2652497Z d6c7f6e809ed1b7ad5b4a7d389810b943a294870
2025-08-17T13:19:22.2660085Z ##[endgroup]
2025-08-17T13:19:22.2661727Z ##[group]Determining the checkout info
2025-08-17T13:19:22.2664159Z ##[endgroup]
2025-08-17T13:19:22.2665490Z [command]/usr/bin/git sparse-checkout disable
2025-08-17T13:19:22.2699834Z [command]/usr/bin/git config --local --unset-all extensions.worktreeConfig
2025-08-17T13:19:22.2724712Z ##[group]Checking out the ref
2025-08-17T13:19:22.2727385Z [command]/usr/bin/git checkout --progress --force -B main refs/remotes/origin/main
2025-08-17T13:19:22.3170170Z Switched to a new branch 'main'
2025-08-17T13:19:22.3172606Z branch 'main' set up to track 'origin/main'.
2025-08-17T13:19:22.3187652Z ##[endgroup]
2025-08-17T13:19:22.3221988Z [command]/usr/bin/git log -1 --format=%H
2025-08-17T13:19:22.3244298Z d6c7f6e809ed1b7ad5b4a7d389810b943a294870
2025-08-17T13:19:22.3451573Z ##[group]Run if [ ! -f .env ]; then cp .env.postgres .env; fi
2025-08-17T13:19:22.3453308Z [36;1mif [ ! -f .env ]; then cp .env.postgres .env; fi[0m
2025-08-17T13:19:22.3525045Z shell: /usr/bin/bash -e {0}
2025-08-17T13:19:22.3526140Z ##[endgroup]
2025-08-17T13:19:22.3680274Z ##[group]Run export COMPOSE_DOCKER_CLI_BUILD=1
2025-08-17T13:19:22.3681606Z [36;1mexport COMPOSE_DOCKER_CLI_BUILD=1[0m
2025-08-17T13:19:22.3682812Z [36;1mexport DOCKER_BUILDKIT=1[0m
2025-08-17T13:19:22.3684586Z [36;1mdocker compose build --build-arg TZ_CACHE_BUST=d6c7f6e809ed1b7ad5b4a7d389810b943a294870[0m
2025-08-17T13:19:22.3723411Z shell: /usr/bin/bash -e {0}
2025-08-17T13:19:22.3724367Z ##[endgroup]
2025-08-17T13:19:27.7093094Z #1 [internal] load local bake definitions
2025-08-17T13:19:27.8596403Z #1 reading from stdin 2.87kB done
2025-08-17T13:19:27.8597010Z #1 DONE 0.0s
2025-08-17T13:19:28.1930965Z 
2025-08-17T13:19:28.1932152Z #2 [etl internal] load build definition from Dockerfile
2025-08-17T13:19:28.1933067Z #2 transferring dockerfile: 1.15kB done
2025-08-17T13:19:28.1933613Z #2 DONE 0.0s
2025-08-17T13:19:28.1933867Z 
2025-08-17T13:19:28.1934162Z #3 [fees_h10 internal] load build definition from Dockerfile
2025-08-17T13:19:28.1935209Z #3 transferring dockerfile: 962B done
2025-08-17T13:19:28.1935738Z #3 DONE 0.0s
2025-08-17T13:19:28.1936201Z 
2025-08-17T13:19:28.1936613Z #4 [logistics_etl internal] load build definition from Dockerfile
2025-08-17T13:19:28.1937536Z #4 transferring dockerfile: 595B done
2025-08-17T13:19:28.1938254Z #4 DONE 0.0s
2025-08-17T13:19:28.1938607Z 
2025-08-17T13:19:28.1939001Z #5 [web internal] load build definition from Dockerfile
2025-08-17T13:19:28.1939887Z #5 transferring dockerfile: 293B done
2025-08-17T13:19:28.1940611Z #5 DONE 0.0s
2025-08-17T13:19:28.1940955Z 
2025-08-17T13:19:28.1941405Z #6 [postgres internal] load build definition from Dockerfile
2025-08-17T13:19:28.1942954Z #6 transferring dockerfile: 807B done
2025-08-17T13:19:28.1943531Z #6 DONE 0.0s
2025-08-17T13:19:28.1943744Z 
2025-08-17T13:19:28.1944006Z #7 [api internal] load build definition from Dockerfile
2025-08-17T13:19:28.1944460Z #7 transferring dockerfile: 1.44kB done
2025-08-17T13:19:28.1944762Z #7 DONE 0.0s
2025-08-17T13:19:28.1945089Z 
2025-08-17T13:19:28.1945354Z #8 [repricer internal] load build definition from Dockerfile
2025-08-17T13:19:28.1945828Z #8 transferring dockerfile: 1.04kB done
2025-08-17T13:19:28.1946134Z #8 DONE 0.0s
2025-08-17T13:19:28.1946270Z 
2025-08-17T13:19:28.1946447Z #9 [auth] library/nginx:pull token for registry-1.docker.io
2025-08-17T13:19:28.1946774Z #9 DONE 0.0s
2025-08-17T13:19:28.1946894Z 
2025-08-17T13:19:28.1947076Z #10 [auth] library/postgres:pull token for registry-1.docker.io
2025-08-17T13:19:28.1947418Z #10 DONE 0.0s
2025-08-17T13:19:28.1947542Z 
2025-08-17T13:19:28.1947725Z #11 [auth] docker/dockerfile:pull token for registry-1.docker.io
2025-08-17T13:19:28.1948068Z #11 DONE 0.0s
2025-08-17T13:19:28.1948274Z 
2025-08-17T13:19:28.1948447Z #12 [auth] library/node:pull token for registry-1.docker.io
2025-08-17T13:19:28.1948823Z #12 DONE 0.0s
2025-08-17T13:19:28.1949050Z 
2025-08-17T13:19:28.1949612Z #13 [repricer] resolve image config for docker-image://docker.io/docker/dockerfile:1.6
2025-08-17T13:19:28.4191275Z #13 ...
2025-08-17T13:19:28.4191608Z 
2025-08-17T13:19:28.4191970Z #14 [web internal] load metadata for docker.io/library/node:20-alpine
2025-08-17T13:19:28.4192472Z #14 DONE 0.4s
2025-08-17T13:19:28.5282460Z 
2025-08-17T13:19:28.5283916Z #13 [api] resolve image config for docker-image://docker.io/docker/dockerfile:1.6
2025-08-17T13:19:28.5285038Z #13 DONE 0.4s
2025-08-17T13:19:28.5285282Z 
2025-08-17T13:19:28.5285664Z #15 [web internal] load metadata for docker.io/library/nginx:1.25-alpine
2025-08-17T13:19:28.5286400Z #15 DONE 0.4s
2025-08-17T13:19:28.5286629Z 
2025-08-17T13:19:28.5286806Z #16 [web internal] load .dockerignore
2025-08-17T13:19:28.5287383Z #16 transferring context: 2B done
2025-08-17T13:19:28.5287945Z #16 DONE 0.0s
2025-08-17T13:19:28.5288211Z 
2025-08-17T13:19:28.5288642Z #17 [postgres internal] load metadata for docker.io/library/postgres:16
2025-08-17T13:19:28.5289429Z #17 DONE 0.5s
2025-08-17T13:19:28.5289616Z 
2025-08-17T13:19:28.5289790Z #18 [postgres internal] load .dockerignore
2025-08-17T13:19:28.5290614Z #18 transferring context: 265B done
2025-08-17T13:19:28.5291021Z #18 DONE 0.0s
2025-08-17T13:19:28.5291197Z 
2025-08-17T13:19:28.5291353Z #19 [web internal] load build context
2025-08-17T13:19:28.5291790Z #19 transferring context: 267.06kB 0.0s done
2025-08-17T13:19:28.5292200Z #19 DONE 0.0s
2025-08-17T13:19:28.5292377Z 
2025-08-17T13:19:28.5292542Z #20 [postgres internal] load build context
2025-08-17T13:19:28.5292982Z #20 transferring context: 582B done
2025-08-17T13:19:28.5293386Z #20 DONE 0.0s
2025-08-17T13:19:28.5293562Z 
2025-08-17T13:19:28.5294310Z #21 [repricer] docker-image://docker.io/docker/dockerfile:1.6@sha256:ac85f380a63b13dfcefa89046420e1781752bab202122f8f50032edf31be0021
2025-08-17T13:19:28.5296074Z #21 resolve docker.io/docker/dockerfile:1.6@sha256:ac85f380a63b13dfcefa89046420e1781752bab202122f8f50032edf31be0021 done
2025-08-17T13:19:28.5297404Z #21 sha256:9d9c93f4b00be908ab694a4df732570bced3b8a96b7515d70ff93402179ad232 4.19MB / 11.80MB 0.1s
2025-08-17T13:19:28.5298654Z #21 sha256:ac85f380a63b13dfcefa89046420e1781752bab202122f8f50032edf31be0021 8.40kB / 8.40kB done
2025-08-17T13:19:28.5299819Z #21 sha256:657fcc512c7369f4cb3d94ea329150f8daf626bc838b1a1e81f1834c73ecc77e 482B / 482B done
2025-08-17T13:19:28.5300893Z #21 sha256:a17ee7fff8f5e97b974f5b48f51647d2cf28d543f2aa6c11aaa0ea431b44bb89 1.27kB / 1.27kB done
2025-08-17T13:19:28.6283431Z #21 sha256:ac85f380a63b13dfcefa89046420e1781752bab202122f8f50032edf31be0021 8.40kB / 8.40kB done
2025-08-17T13:19:28.6284506Z #21 sha256:657fcc512c7369f4cb3d94ea329150f8daf626bc838b1a1e81f1834c73ecc77e 482B / 482B done
2025-08-17T13:19:28.6285738Z #21 sha256:a17ee7fff8f5e97b974f5b48f51647d2cf28d543f2aa6c11aaa0ea431b44bb89 1.27kB / 1.27kB done
2025-08-17T13:19:28.6287282Z #21 extracting sha256:9d9c93f4b00be908ab694a4df732570bced3b8a96b7515d70ff93402179ad232
2025-08-17T13:19:28.7286584Z #21 sha256:9d9c93f4b00be908ab694a4df732570bced3b8a96b7515d70ff93402179ad232 11.80MB / 11.80MB 0.2s done
2025-08-17T13:19:28.8905542Z #21 extracting sha256:9d9c93f4b00be908ab694a4df732570bced3b8a96b7515d70ff93402179ad232 0.1s done
2025-08-17T13:19:28.8909387Z #21 DONE 0.3s
2025-08-17T13:19:28.8934478Z 
2025-08-17T13:19:28.8939093Z #22 [web build 1/6] FROM docker.io/library/node:20-alpine@sha256:df02558528d3d3d0d621f112e232611aecfee7cbc654f6b375765f72bb262799
2025-08-17T13:19:28.8940916Z #22 resolve docker.io/library/node:20-alpine@sha256:df02558528d3d3d0d621f112e232611aecfee7cbc654f6b375765f72bb262799 done
2025-08-17T13:19:28.8942443Z #22 sha256:df02558528d3d3d0d621f112e232611aecfee7cbc654f6b375765f72bb262799 7.67kB / 7.67kB done
2025-08-17T13:19:28.8944558Z #22 sha256:ae6ee91a652d927de01d550c29f863a52f1da390c89df95f3ceba256d1e62604 1.72kB / 1.72kB done
2025-08-17T13:19:28.8946532Z #22 sha256:7cdef5a331927fafa250be6166052d8599bf5eb7b014342538c2cc79b70a081f 6.42kB / 6.42kB done
2025-08-17T13:19:28.8949955Z #22 sha256:9824c27679d3b27c5e1cb00a73adb6f4f8d556994111c12db3c5d61a0c843df8 3.80MB / 3.80MB 0.1s done
2025-08-17T13:19:28.8951665Z #22 sha256:8c59d92d6fc9f01af4aaa86824be72b74bd4d940c4c46aa95d9710bfa46c975e 25.17MB / 42.99MB 0.4s
2025-08-17T13:19:28.8956461Z #22 extracting sha256:9824c27679d3b27c5e1cb00a73adb6f4f8d556994111c12db3c5d61a0c843df8 0.1s done
2025-08-17T13:19:28.8957620Z #22 sha256:54225bd601967a0aa669ec9be621c24d8eeac874b698d55874018070898685c2 1.26MB / 1.26MB 0.2s done
2025-08-17T13:19:28.8958689Z #22 sha256:a9e48ad1219d4d11c6456a8db0fd5c11af46242d52edf84e17ab84a7bfd93809 0B / 445B 0.2s
2025-08-17T13:19:28.9910148Z #22 ...
2025-08-17T13:19:28.9910673Z 
2025-08-17T13:19:28.9910964Z #23 [auth] library/python:pull token for registry-1.docker.io
2025-08-17T13:19:28.9911488Z #23 DONE 0.0s
2025-08-17T13:19:28.9911684Z 
2025-08-17T13:19:28.9912227Z #22 [web build 1/6] FROM docker.io/library/node:20-alpine@sha256:df02558528d3d3d0d621f112e232611aecfee7cbc654f6b375765f72bb262799
2025-08-17T13:19:28.9913354Z #22 sha256:8c59d92d6fc9f01af4aaa86824be72b74bd4d940c4c46aa95d9710bfa46c975e 41.94MB / 42.99MB 0.5s
2025-08-17T13:19:29.0912627Z #22 sha256:8c59d92d6fc9f01af4aaa86824be72b74bd4d940c4c46aa95d9710bfa46c975e 42.99MB / 42.99MB 0.5s done
2025-08-17T13:19:29.0919351Z #22 extracting sha256:8c59d92d6fc9f01af4aaa86824be72b74bd4d940c4c46aa95d9710bfa46c975e
2025-08-17T13:19:29.2954331Z #22 ...
2025-08-17T13:19:29.2954812Z 
2025-08-17T13:19:29.2955386Z #24 [api internal] load metadata for docker.io/library/python:3.12-slim
2025-08-17T13:19:29.2962608Z #24 DONE 0.4s
2025-08-17T13:19:29.2962859Z 
2025-08-17T13:19:29.2963531Z #22 [web build 1/6] FROM docker.io/library/node:20-alpine@sha256:df02558528d3d3d0d621f112e232611aecfee7cbc654f6b375765f72bb262799
2025-08-17T13:19:29.4040256Z #22 ...
2025-08-17T13:19:29.4041044Z 
2025-08-17T13:19:29.4045973Z #25 [fees_h10 internal] load .dockerignore
2025-08-17T13:19:29.4049041Z #25 transferring context: 2B done
2025-08-17T13:19:29.4049440Z #25 DONE 0.0s
2025-08-17T13:19:29.4049634Z 
2025-08-17T13:19:29.4054344Z #26 [repricer internal] load .dockerignore
2025-08-17T13:19:29.4059303Z #26 transferring context: 265B 0.0s done
2025-08-17T13:19:29.4059762Z #26 DONE 0.0s
2025-08-17T13:19:29.4059960Z 
2025-08-17T13:19:29.4060149Z #27 [logistics_etl internal] load .dockerignore
2025-08-17T13:19:29.4060620Z #27 transferring context: 2B done
2025-08-17T13:19:29.4060992Z #27 DONE 0.0s
2025-08-17T13:19:29.4061161Z 
2025-08-17T13:19:29.4061311Z #28 [etl internal] load .dockerignore
2025-08-17T13:19:29.4061749Z #28 transferring context: 265B 0.0s done
2025-08-17T13:19:29.4062144Z #28 DONE 0.1s
2025-08-17T13:19:29.4062307Z 
2025-08-17T13:19:29.4062445Z #29 [api internal] load .dockerignore
2025-08-17T13:19:29.4062867Z #29 transferring context: 265B done
2025-08-17T13:19:29.4063231Z #29 DONE 0.1s
2025-08-17T13:19:29.4063698Z 
2025-08-17T13:19:29.4063870Z #30 [fees_h10 internal] load build context
2025-08-17T13:19:29.4064272Z #30 DONE 0.0s
2025-08-17T13:19:29.4064444Z 
2025-08-17T13:19:29.4065300Z #22 [web build 1/6] FROM docker.io/library/node:20-alpine@sha256:df02558528d3d3d0d621f112e232611aecfee7cbc654f6b375765f72bb262799
2025-08-17T13:19:29.5044633Z #22 ...
2025-08-17T13:19:29.5045069Z 
2025-08-17T13:19:29.5046017Z #30 [fees_h10 internal] load build context
2025-08-17T13:19:29.5047469Z #30 transferring context: 5.54kB 0.0s done
2025-08-17T13:19:29.5047981Z #30 DONE 0.1s
2025-08-17T13:19:29.5049103Z 
2025-08-17T13:19:29.5049401Z #31 [repricer internal] load build context
2025-08-17T13:19:29.5049883Z #31 transferring context: 5.47kB 0.0s done
2025-08-17T13:19:29.5065368Z #31 DONE 0.1s
2025-08-17T13:19:29.5065557Z 
2025-08-17T13:19:29.5065724Z #32 [logistics_etl internal] load build context
2025-08-17T13:19:29.5066172Z #32 transferring context: 12.90kB 0.0s done
2025-08-17T13:19:29.5066547Z #32 DONE 0.1s
2025-08-17T13:19:29.5066727Z 
2025-08-17T13:19:29.5066871Z #33 [etl internal] load build context
2025-08-17T13:19:29.5067261Z #33 transferring context: 11.44kB 0.0s done
2025-08-17T13:19:29.5067633Z #33 DONE 0.1s
2025-08-17T13:19:29.5067790Z 
2025-08-17T13:19:29.5068401Z #22 [web build 1/6] FROM docker.io/library/node:20-alpine@sha256:df02558528d3d3d0d621f112e232611aecfee7cbc654f6b375765f72bb262799
2025-08-17T13:19:29.6047976Z #22 ...
2025-08-17T13:19:29.6048236Z 
2025-08-17T13:19:29.6048404Z #34 [api internal] load build context
2025-08-17T13:19:29.6048854Z #34 transferring context: 79.45kB 0.0s done
2025-08-17T13:19:29.6049260Z #34 DONE 0.1s
2025-08-17T13:19:29.6049424Z 
2025-08-17T13:19:29.6050034Z #22 [web build 1/6] FROM docker.io/library/node:20-alpine@sha256:df02558528d3d3d0d621f112e232611aecfee7cbc654f6b375765f72bb262799
2025-08-17T13:19:30.4691447Z #22 ...
2025-08-17T13:19:30.4691723Z 
2025-08-17T13:19:30.4692572Z #35 [web stage-1 1/2] FROM docker.io/library/nginx:1.25-alpine@sha256:516475cc129da42866742567714ddc681e5eed7b9ee0b9e9c015e464b4221a00
2025-08-17T13:19:30.4694063Z #35 resolve docker.io/library/nginx:1.25-alpine@sha256:516475cc129da42866742567714ddc681e5eed7b9ee0b9e9c015e464b4221a00 done
2025-08-17T13:19:30.4695435Z #35 sha256:721fa00bc549df26b3e67cc558ff176112d4ba69847537766f3c28e171d180e7 2.50kB / 2.50kB done
2025-08-17T13:19:30.4696754Z #35 sha256:516475cc129da42866742567714ddc681e5eed7b9ee0b9e9c015e464b4221a00 9.07kB / 9.07kB done
2025-08-17T13:19:30.4697792Z #35 sha256:501d84f5d06487ff81e506134dc922ed4fd2080d5521eb5b6ee4054fa17d15c4 10.80kB / 10.80kB done
2025-08-17T13:19:30.4698873Z #35 sha256:4abcf20661432fb2d719aaf90656f55c287f8ca915dc1c92ec14ff61e67fbaf8 3.41MB / 3.41MB 0.3s done
2025-08-17T13:19:30.4699954Z #35 extracting sha256:4abcf20661432fb2d719aaf90656f55c287f8ca915dc1c92ec14ff61e67fbaf8 0.2s done
2025-08-17T13:19:30.4701027Z #35 sha256:fc21a1d387f514f53589abea6d67cd6b329dfd3c9059bc96a552af3b3c97b413 3.99MB / 3.99MB 0.3s done
2025-08-17T13:19:30.4702100Z #35 sha256:e6ef242c157026935bf8a69e6cf19f8f6635e44507c813daf0cc644f2e22396b 629B / 629B 0.3s done
2025-08-17T13:19:30.4703159Z #35 sha256:13fcfbc94648785b918ecc1af675ac5187cdfc30f4fdaf9afa8bd2e9dedf548b 954B / 954B 0.4s done
2025-08-17T13:19:30.4704262Z #35 sha256:0d0c16747d2c6b6c26c064652afcb964c15f1b1e596ec052b2aa19b83948ae27 13.04MB / 13.04MB 0.7s done
2025-08-17T13:19:30.4705519Z #35 sha256:d4bca490e609acaaf54ca73363442d31a31fd136a47a20a12370cf2025f0a10b 393B / 393B 0.4s done
2025-08-17T13:19:30.4706574Z #35 sha256:5406ed7b06d9a94b5bd15843d2a1c7e38796a3ec5dc7f40f16f70cc1d045f453 1.21kB / 1.21kB 0.4s done
2025-08-17T13:19:30.4707655Z #35 sha256:8a3742a9529dc5c00974dfcf5e465be9f1606ff8a1911527b3928cf86ad57465 1.40kB / 1.40kB 0.5s done
2025-08-17T13:19:30.4708714Z #35 extracting sha256:fc21a1d387f514f53589abea6d67cd6b329dfd3c9059bc96a552af3b3c97b413 0.4s done
2025-08-17T13:19:30.4709721Z #35 extracting sha256:e6ef242c157026935bf8a69e6cf19f8f6635e44507c813daf0cc644f2e22396b done
2025-08-17T13:19:30.4710707Z #35 extracting sha256:13fcfbc94648785b918ecc1af675ac5187cdfc30f4fdaf9afa8bd2e9dedf548b done
2025-08-17T13:19:30.4711894Z #35 extracting sha256:d4bca490e609acaaf54ca73363442d31a31fd136a47a20a12370cf2025f0a10b done
2025-08-17T13:19:30.4712859Z #35 extracting sha256:5406ed7b06d9a94b5bd15843d2a1c7e38796a3ec5dc7f40f16f70cc1d045f453 done
2025-08-17T13:19:30.4713813Z #35 extracting sha256:8a3742a9529dc5c00974dfcf5e465be9f1606ff8a1911527b3928cf86ad57465 done
2025-08-17T13:19:30.4714801Z #35 extracting sha256:0d0c16747d2c6b6c26c064652afcb964c15f1b1e596ec052b2aa19b83948ae27 0.4s done
2025-08-17T13:19:30.4715639Z #35 DONE 2.0s
2025-08-17T13:19:30.4715806Z 
2025-08-17T13:19:30.4716392Z #22 [web build 1/6] FROM docker.io/library/node:20-alpine@sha256:df02558528d3d3d0d621f112e232611aecfee7cbc654f6b375765f72bb262799
2025-08-17T13:19:30.8942977Z #22 extracting sha256:8c59d92d6fc9f01af4aaa86824be72b74bd4d940c4c46aa95d9710bfa46c975e 1.8s done
2025-08-17T13:19:30.9992865Z #22 extracting sha256:54225bd601967a0aa669ec9be621c24d8eeac874b698d55874018070898685c2 0.0s done
2025-08-17T13:19:31.1200867Z #22 extracting sha256:a9e48ad1219d4d11c6456a8db0fd5c11af46242d52edf84e17ab84a7bfd93809 done
2025-08-17T13:19:31.1203873Z #22 DONE 2.6s
2025-08-17T13:19:31.1220472Z 
2025-08-17T13:19:31.1220893Z #36 [web build 2/6] WORKDIR /app
2025-08-17T13:19:31.1221275Z #36 DONE 0.0s
2025-08-17T13:19:31.1221447Z 
2025-08-17T13:19:31.1221640Z #37 [web build 3/6] COPY package*.json ./
2025-08-17T13:19:31.1222056Z #37 DONE 0.0s
2025-08-17T13:19:31.1222230Z 
2025-08-17T13:19:31.1222824Z #38 [api stage-1 1/5] FROM docker.io/library/python:3.12-slim@sha256:d67a7b66b989ad6b6d6b10d428dcc5e0bfc3e5f88906e67d490c4d3daac57047
2025-08-17T13:19:31.1224167Z #38 resolve docker.io/library/python:3.12-slim@sha256:d67a7b66b989ad6b6d6b10d428dcc5e0bfc3e5f88906e67d490c4d3daac57047 0.0s done
2025-08-17T13:19:31.1225721Z #38 extracting sha256:396b1da7636e2dcd10565cb4f2f952cbb4a8a38b58d3b86a2cacb172fb70117c 1.3s done
2025-08-17T13:19:31.1226848Z #38 sha256:d67a7b66b989ad6b6d6b10d428dcc5e0bfc3e5f88906e67d490c4d3daac57047 10.37kB / 10.37kB done
2025-08-17T13:19:31.1227959Z #38 sha256:8f3d1de1b41cd7340a89b024d6f7a10043f7b0d07d97eb36ba76f22fcfa9a235 1.75kB / 1.75kB done
2025-08-17T13:19:31.1229056Z #38 sha256:bad5eac7befe06d25bef9d4d894d7467355bac08745c745a88977774933fa032 5.58kB / 5.58kB done
2025-08-17T13:19:31.1230468Z #38 sha256:396b1da7636e2dcd10565cb4f2f952cbb4a8a38b58d3b86a2cacb172fb70117c 29.77MB / 29.77MB done
2025-08-17T13:19:31.1231645Z #38 sha256:5d587318e932a89b94608393c99dd30ee5092a6991c1656f717bd4f4e13d60df 1.29MB / 1.29MB 0.1s done
2025-08-17T13:19:31.1232808Z #38 sha256:e5c05dcf47fbdb2f18dc242ad1b7f48fbd3813c0027ffcfb8e81e4aa7e0965f4 12.11MB / 12.11MB 0.2s done
2025-08-17T13:19:31.1233995Z #38 sha256:d76206d463c08ba2a3f7bbab2de2a933ad73f33ab4ab813eafe50c9dff9edc12 251B / 251B 0.2s done
2025-08-17T13:19:31.1235373Z #38 extracting sha256:5d587318e932a89b94608393c99dd30ee5092a6991c1656f717bd4f4e13d60df 0.2s done
2025-08-17T13:19:31.1236434Z #38 extracting sha256:e5c05dcf47fbdb2f18dc242ad1b7f48fbd3813c0027ffcfb8e81e4aa7e0965f4 0.1s
2025-08-17T13:19:31.8903599Z #38 extracting sha256:e5c05dcf47fbdb2f18dc242ad1b7f48fbd3813c0027ffcfb8e81e4aa7e0965f4 0.8s done
2025-08-17T13:19:31.8905308Z #38 extracting sha256:d76206d463c08ba2a3f7bbab2de2a933ad73f33ab4ab813eafe50c9dff9edc12
2025-08-17T13:19:32.0917813Z #38 extracting sha256:d76206d463c08ba2a3f7bbab2de2a933ad73f33ab4ab813eafe50c9dff9edc12 done
2025-08-17T13:19:32.0918632Z #38 DONE 2.5s
2025-08-17T13:19:32.0918807Z 
2025-08-17T13:19:32.0918951Z #39 [api stage-1 2/5] WORKDIR /app
2025-08-17T13:19:32.0919306Z #39 DONE 0.0s
2025-08-17T13:19:32.0919465Z 
2025-08-17T13:19:32.0919946Z #40 [repricer base 3/5] COPY services/repricer/requirements*.txt services/repricer/constraints.txt ./
2025-08-17T13:19:32.0943684Z #40 DONE 0.0s
2025-08-17T13:19:32.0943883Z 
2025-08-17T13:19:32.0944175Z #41 [fees_h10 base 3/6] COPY requirements*.txt constraints.txt ./fees_h10/
2025-08-17T13:19:32.0944724Z #41 DONE 0.0s
2025-08-17T13:19:32.0945038Z 
2025-08-17T13:19:32.0945659Z #42 [api base  3/12] COPY services/api/requirements.txt ./requirements.txt
2025-08-17T13:19:32.0946238Z #42 DONE 0.0s
2025-08-17T13:19:32.0946403Z 
2025-08-17T13:19:32.0946783Z #43 [etl base 3/5] COPY services/etl/requirements*.txt services/etl/constraints.txt ./
2025-08-17T13:19:32.0947423Z #43 DONE 0.0s
2025-08-17T13:19:32.0947588Z 
2025-08-17T13:19:32.0947878Z #44 [logistics_etl base 3/5] COPY requirements*.txt constraints.txt ./
2025-08-17T13:19:32.0948426Z #44 DONE 0.0s
2025-08-17T13:19:32.0948588Z 
2025-08-17T13:19:32.0949229Z #45 [postgres 1/6] FROM docker.io/library/postgres:16@sha256:66a5efb5677ffac1037774a0e141fd3a4c035c9c0c0e624c9cc980dfa10f45e5
2025-08-17T13:19:32.0950648Z #45 resolve docker.io/library/postgres:16@sha256:66a5efb5677ffac1037774a0e141fd3a4c035c9c0c0e624c9cc980dfa10f45e5 0.0s done
2025-08-17T13:19:32.0951922Z #45 sha256:3084fa1fadd59e7633ec56d318f1e4de01be744f446c5c35df7cd801fbc34894 3.63kB / 3.63kB done
2025-08-17T13:19:32.0953041Z #45 sha256:66a5efb5677ffac1037774a0e141fd3a4c035c9c0c0e624c9cc980dfa10f45e5 10.24kB / 10.24kB done
2025-08-17T13:19:32.0954176Z #45 sha256:4b802c5161ddfa2ae4beac272c4e24aa5e162a20451c8489cbb952a88507732f 9.89kB / 9.89kB done
2025-08-17T13:19:32.0958163Z #45 sha256:396b1da7636e2dcd10565cb4f2f952cbb4a8a38b58d3b86a2cacb172fb70117c 29.77MB / 29.77MB 0.7s done
2025-08-17T13:19:32.0959338Z #45 sha256:fb850b0e3049060bf4eb46c8806d7ceea916d67e5cc56d6b295511e27463e56b 1.17kB / 1.17kB 0.6s done
2025-08-17T13:19:32.0960470Z #45 sha256:7f09385d08f9e8f578f9dad57582fff30d6ca3ef0f4d66ab5e1bf92c88862341 6.44MB / 6.44MB 0.7s done
2025-08-17T13:19:32.0961608Z #45 sha256:534f45d26d937460abe84bd086361a04c27e624a23f9384ff13f11c24c64c7bb 1.45MB / 1.45MB 0.7s done
2025-08-17T13:19:32.0962738Z #45 sha256:2b6532633f5d125e9a709f56f26af5a07390c859a5c77142b74da1d4e3c79fee 8.20MB / 8.20MB 0.8s done
2025-08-17T13:19:32.0967616Z #45 sha256:a1e4ad56dcecf442fba1cec05cd565ededfdc663e5172df9ef9394d96d4c96f8 113.19MB / 113.19MB 1.5s done
2025-08-17T13:19:32.0968812Z #45 sha256:19947f6cc5d3035f6c922fa1d6047c79e044256ad948080adb59cec60717b9f8 116B / 116B 0.8s done
2025-08-17T13:19:32.0969967Z #45 sha256:e787bdd7824bfcb30d11087160de825f724620c952958f4f725c13421499b724 3.14kB / 3.14kB 0.8s done
2025-08-17T13:19:32.0971090Z #45 sha256:320fa150e60fca9bb108771a06f08d5464ad8b7474b7bf3f4b44d723b686ee72 1.31MB / 1.31MB 0.8s done
2025-08-17T13:19:32.0972496Z #45 extracting sha256:396b1da7636e2dcd10565cb4f2f952cbb4a8a38b58d3b86a2cacb172fb70117c 1.5s done
2025-08-17T13:19:32.0973695Z #45 sha256:987c1b4919ea2d87df20824aaef43a9de0575ac7df684579ad267c7e48c8eeea 10.01kB / 10.01kB 0.9s done
2025-08-17T13:19:32.0974834Z #45 sha256:a858bd6d34e86a481a2e028e3ba489e662b3ac7713eba9a5d3bb97002c7d797e 128B / 128B 0.9s done
2025-08-17T13:19:32.0976351Z #45 sha256:f1b3502db45ad485f0affe43e32fc81d699ddac01c023f198271a0a7e1cecd4c 169B / 169B 0.9s done
2025-08-17T13:19:32.0977462Z #45 sha256:240810240d04caaaccb11d51ba7c3a7f7d6f470ec2a80ee420a3d33899d9a303 184B / 184B 1.0s done
2025-08-17T13:19:32.0978642Z #45 sha256:25ef78fb127c1934630de29a3d38f46e544360b1dcf5cfc09b25507fbe88fd75 5.92kB / 5.92kB 1.0s done
2025-08-17T13:19:32.0979763Z #45 extracting sha256:fb850b0e3049060bf4eb46c8806d7ceea916d67e5cc56d6b295511e27463e56b done
2025-08-17T13:19:32.0980798Z #45 extracting sha256:7f09385d08f9e8f578f9dad57582fff30d6ca3ef0f4d66ab5e1bf92c88862341 0.2s done
2025-08-17T13:19:32.0981962Z #45 extracting sha256:534f45d26d937460abe84bd086361a04c27e624a23f9384ff13f11c24c64c7bb 0.1s done
2025-08-17T13:19:32.0982970Z #45 extracting sha256:2b6532633f5d125e9a709f56f26af5a07390c859a5c77142b74da1d4e3c79fee 0.4s done
2025-08-17T13:19:32.0984003Z #45 extracting sha256:320fa150e60fca9bb108771a06f08d5464ad8b7474b7bf3f4b44d723b686ee72 0.1s done
2025-08-17T13:19:32.0985459Z #45 extracting sha256:19947f6cc5d3035f6c922fa1d6047c79e044256ad948080adb59cec60717b9f8 done
2025-08-17T13:19:32.0986466Z #45 extracting sha256:e787bdd7824bfcb30d11087160de825f724620c952958f4f725c13421499b724 done
2025-08-17T13:19:32.0987501Z #45 extracting sha256:a1e4ad56dcecf442fba1cec05cd565ededfdc663e5172df9ef9394d96d4c96f8 0.2s
2025-08-17T13:19:37.1929358Z #45 extracting sha256:a1e4ad56dcecf442fba1cec05cd565ededfdc663e5172df9ef9394d96d4c96f8 5.2s
2025-08-17T13:19:41.1224328Z #45 ...
2025-08-17T13:19:41.1225493Z 
2025-08-17T13:19:41.1227639Z #46 [web build 4/6] RUN npm ci
2025-08-17T13:19:41.2287825Z #46 ...
2025-08-17T13:19:41.2295296Z 
2025-08-17T13:19:41.2296685Z #45 [postgres 1/6] FROM docker.io/library/postgres:16@sha256:66a5efb5677ffac1037774a0e141fd3a4c035c9c0c0e624c9cc980dfa10f45e5
2025-08-17T13:19:42.0183412Z #45 ...
2025-08-17T13:19:42.0183702Z 
2025-08-17T13:19:42.0184330Z #47 [repricer base 4/5] RUN if [ -n "" ] && [ -f "" ]; then         pip install -r requirements.txt -c "";     else         pip install -r requirements.txt;     fi
2025-08-17T13:19:42.0185512Z #47 4.655 Collecting uvicorn==0.29.0 (from -r requirements.txt (line 1))
2025-08-17T13:19:42.0186279Z #47 4.723   Downloading uvicorn-0.29.0-py3-none-any.whl.metadata (6.3 kB)
2025-08-17T13:19:42.0187078Z #47 4.781 Collecting pydantic-settings==2.2.1 (from -r requirements.txt (line 2))
2025-08-17T13:19:42.0187958Z #47 4.798   Downloading pydantic_settings-2.2.1-py3-none-any.whl.metadata (3.1 kB)
2025-08-17T13:19:42.0188842Z #47 4.963 Collecting python-amazon-sp-api==0.8.0 (from -r requirements.txt (line 3))
2025-08-17T13:19:42.0189718Z #47 4.973   Downloading python_amazon_sp_api-0.8.0-py3-none-any.whl.metadata (3.2 kB)
2025-08-17T13:19:42.0190519Z #47 5.143 Collecting fastapi==0.111.0 (from -r requirements.txt (line 4))
2025-08-17T13:19:42.0191229Z #47 5.161   Downloading fastapi-0.111.0-py3-none-any.whl.metadata (25 kB)
2025-08-17T13:19:42.0191967Z #47 6.157 Collecting sqlalchemy==2.0.29 (from -r requirements.txt (line 5))
2025-08-17T13:19:42.0192887Z #47 6.169   Downloading SQLAlchemy-2.0.29-cp312-cp312-manylinux_2_17_x86_64.manylinux2014_x86_64.whl.metadata (9.6 kB)
2025-08-17T13:19:42.0193883Z #47 6.245 Collecting click>=7.0 (from uvicorn==0.29.0->-r requirements.txt (line 1))
2025-08-17T13:19:42.0194648Z #47 6.256   Downloading click-8.2.1-py3-none-any.whl.metadata (2.5 kB)
2025-08-17T13:19:42.0195552Z #47 6.304 Collecting h11>=0.8 (from uvicorn==0.29.0->-r requirements.txt (line 1))
2025-08-17T13:19:42.0196272Z #47 6.314   Downloading h11-0.16.0-py3-none-any.whl.metadata (8.3 kB)
2025-08-17T13:19:42.0197058Z #47 6.655 Collecting pydantic>=2.3.0 (from pydantic-settings==2.2.1->-r requirements.txt (line 2))
2025-08-17T13:19:42.0271622Z #47 6.666   Downloading pydantic-2.11.7-py3-none-any.whl.metadata (67 kB)
2025-08-17T13:19:42.0272690Z #47 6.736 Collecting python-dotenv>=0.21.0 (from pydantic-settings==2.2.1->-r requirements.txt (line 2))
2025-08-17T13:19:42.0273720Z #47 6.748   Downloading python_dotenv-1.1.1-py3-none-any.whl.metadata (24 kB)
2025-08-17T13:19:42.0274685Z #47 6.858 Collecting requests (from python-amazon-sp-api==0.8.0->-r requirements.txt (line 3))
2025-08-17T13:19:42.0275773Z #47 6.865   Downloading requests-2.32.4-py3-none-any.whl.metadata (4.9 kB)
2025-08-17T13:19:42.0276837Z #47 6.914 Collecting six<2,>=1.15 (from python-amazon-sp-api==0.8.0->-r requirements.txt (line 3))
2025-08-17T13:19:42.0277737Z #47 6.931   Downloading six-1.17.0-py2.py3-none-any.whl.metadata (1.7 kB)
2025-08-17T13:19:42.0278651Z #47 7.964 Collecting boto3<2,>=1.16.39 (from python-amazon-sp-api==0.8.0->-r requirements.txt (line 3))
2025-08-17T13:19:42.0279573Z #47 7.974   Downloading boto3-1.40.11-py3-none-any.whl.metadata (6.7 kB)
2025-08-17T13:19:42.0280478Z #47 8.063 Collecting cachetools~=4.2.0 (from python-amazon-sp-api==0.8.0->-r requirements.txt (line 3))
2025-08-17T13:19:42.0281436Z #47 8.075   Downloading cachetools-4.2.4-py3-none-any.whl.metadata (4.8 kB)
2025-08-17T13:19:42.0282379Z #47 8.302 Collecting pycryptodome (from python-amazon-sp-api==0.8.0->-r requirements.txt (line 3))
2025-08-17T13:19:42.0283553Z #47 8.316   Downloading pycryptodome-3.23.0-cp37-abi3-manylinux_2_17_x86_64.manylinux2014_x86_64.whl.metadata (3.4 kB)
2025-08-17T13:19:42.0284666Z #47 8.476 Collecting pytz (from python-amazon-sp-api==0.8.0->-r requirements.txt (line 3))
2025-08-17T13:19:42.0286046Z #47 8.487   Downloading pytz-2025.2-py2.py3-none-any.whl.metadata (22 kB)
2025-08-17T13:19:42.0286952Z #47 8.581 Collecting confuse~=1.4.0 (from python-amazon-sp-api==0.8.0->-r requirements.txt (line 3))
2025-08-17T13:19:42.0287878Z #47 8.591   Downloading confuse-1.4.0-py2.py3-none-any.whl.metadata (3.8 kB)
2025-08-17T13:19:42.0288776Z #47 8.694 Collecting starlette<0.38.0,>=0.37.2 (from fastapi==0.111.0->-r requirements.txt (line 4))
2025-08-17T13:19:42.0289656Z #47 8.702   Downloading starlette-0.37.2-py3-none-any.whl.metadata (5.9 kB)
2025-08-17T13:19:42.0290564Z #47 8.919 Collecting typing-extensions>=4.8.0 (from fastapi==0.111.0->-r requirements.txt (line 4))
2025-08-17T13:19:42.0291523Z #47 8.930   Downloading typing_extensions-4.14.1-py3-none-any.whl.metadata (3.0 kB)
2025-08-17T13:19:42.0656007Z #47 8.966 Collecting fastapi-cli>=0.0.2 (from fastapi==0.111.0->-r requirements.txt (line 4))
2025-08-17T13:19:42.0656923Z #47 8.980   Downloading fastapi_cli-0.0.8-py3-none-any.whl.metadata (6.3 kB)
2025-08-17T13:19:42.0657767Z #47 9.059 Collecting httpx>=0.23.0 (from fastapi==0.111.0->-r requirements.txt (line 4))
2025-08-17T13:19:42.0658547Z #47 9.068   Downloading httpx-0.28.1-py3-none-any.whl.metadata (7.1 kB)
2025-08-17T13:19:42.0659321Z #47 9.146 Collecting jinja2>=2.11.2 (from fastapi==0.111.0->-r requirements.txt (line 4))
2025-08-17T13:19:42.0660111Z #47 9.156   Downloading jinja2-3.1.6-py3-none-any.whl.metadata (2.9 kB)
2025-08-17T13:19:42.0660945Z #47 9.212 Collecting python-multipart>=0.0.7 (from fastapi==0.111.0->-r requirements.txt (line 4))
2025-08-17T13:19:42.0661872Z #47 9.228   Downloading python_multipart-0.0.20-py3-none-any.whl.metadata (1.8 kB)
2025-08-17T13:19:42.0662871Z #47 9.422 Collecting ujson!=4.0.2,!=4.1.0,!=4.2.0,!=4.3.0,!=5.0.0,!=5.1.0,>=4.0.1 (from fastapi==0.111.0->-r requirements.txt (line 4))
2025-08-17T13:19:42.0663989Z #47 9.435   Downloading ujson-5.10.0-cp312-cp312-manylinux_2_17_x86_64.manylinux2014_x86_64.whl.metadata (9.3 kB)
2025-08-17T13:19:42.0665239Z #47 9.981 Collecting orjson>=3.2.1 (from fastapi==0.111.0->-r requirements.txt (line 4))
2025-08-17T13:19:42.0666263Z #47 9.994   Downloading orjson-3.11.2-cp312-cp312-manylinux_2_17_x86_64.manylinux2014_x86_64.whl.metadata (1.2 kB)
2025-08-17T13:19:42.0667319Z #47 10.05 Collecting email_validator>=2.0.0 (from fastapi==0.111.0->-r requirements.txt (line 4))
2025-08-17T13:19:42.1343254Z #47 10.07   Downloading email_validator-2.2.0-py3-none-any.whl.metadata (25 kB)
2025-08-17T13:19:42.1357161Z #47 ...
2025-08-17T13:19:42.1357350Z 
2025-08-17T13:19:42.1358739Z #48 [api stage-1 3/6] RUN set -eux;     if [ -f /etc/apt/sources.list ]; then         sed -i 's|http://deb.debian.org|https://deb.debian.org|g' /etc/apt/sources.list;     fi;     apt-get update;     apt-get install -y --no-install-recommends tzdata postgresql-client curl;     rm -rf /var/lib/apt/lists/*
2025-08-17T13:19:42.1360409Z #48 0.534 + [ -f /etc/apt/sources.list ]
2025-08-17T13:19:42.1360842Z #48 0.534 + apt-get update
2025-08-17T13:19:42.1361329Z #48 0.668 Hit:1 http://deb.debian.org/debian trixie InRelease
2025-08-17T13:19:42.1362073Z #48 0.669 Get:2 http://deb.debian.org/debian trixie-updates InRelease [47.1 kB]
2025-08-17T13:19:42.1362949Z #48 0.671 Get:3 http://deb.debian.org/debian-security trixie-security InRelease [43.4 kB]
2025-08-17T13:19:42.1363816Z #48 0.738 Get:4 http://deb.debian.org/debian trixie/main amd64 Packages [9668 kB]
2025-08-17T13:19:42.1364604Z #48 0.929 Get:5 http://deb.debian.org/debian trixie-updates/main amd64 Packages [2432 B]
2025-08-17T13:19:42.1365849Z #48 0.930 Get:6 http://deb.debian.org/debian-security trixie-security/main amd64 Packages [8780 B]
2025-08-17T13:19:42.1366602Z #48 2.331 Fetched 9769 kB in 2s (5633 kB/s)
2025-08-17T13:19:42.1367045Z #48 2.331 Reading package lists...
2025-08-17T13:19:42.1367654Z #48 3.784 + apt-get install -y --no-install-recommends tzdata postgresql-client curl
2025-08-17T13:19:42.1368307Z #48 3.806 Reading package lists...
2025-08-17T13:19:42.1368723Z #48 5.110 Building dependency tree...
2025-08-17T13:19:42.1369459Z #48 5.555 Reading state information...
2025-08-17T13:19:42.1369957Z #48 6.026 tzdata is already the newest version (2025b-4).
2025-08-17T13:19:42.1370550Z #48 6.026 The following additional packages will be installed:
2025-08-17T13:19:42.1371293Z #48 6.026   libbrotli1 libcom-err2 libcurl4t64 libgdbm-compat4t64 libgnutls30t64
2025-08-17T13:19:42.1372094Z #48 6.026   libgssapi-krb5-2 libidn2-0 libk5crypto3 libkeyutils1 libkrb5-3
2025-08-17T13:19:42.1372964Z #48 6.027   libkrb5support0 libldap2 libnghttp2-14 libnghttp3-9 libp11-kit0 libperl5.40
2025-08-17T13:19:42.1373830Z #48 6.027   libpq5 libpsl5t64 librtmp1 libsasl2-2 libsasl2-modules-db libssh2-1t64
2025-08-17T13:19:42.1374633Z #48 6.027   libtasn1-6 libunistring5 perl perl-modules-5.40 postgresql-client-17
2025-08-17T13:19:42.1375538Z #48 6.027   postgresql-client-common sensible-utils
2025-08-17T13:19:42.1376037Z #48 6.029 Suggested packages:
2025-08-17T13:19:42.1376598Z #48 6.029   gnutls-bin krb5-doc krb5-user perl-doc libterm-readline-gnu-perl
2025-08-17T13:19:42.1377458Z #48 6.029   | libterm-readline-perl-perl make libtap-harness-archive-perl postgresql-17
2025-08-17T13:19:42.1378165Z #48 6.029   postgresql-doc-17
2025-08-17T13:19:42.1378561Z #48 6.029 Recommended packages:
2025-08-17T13:19:42.1379188Z #48 6.029   bash-completion krb5-locales libldap-common publicsuffix libsasl2-modules
2025-08-17T13:19:42.1379921Z #48 6.500 The following NEW packages will be installed:
2025-08-17T13:19:42.1380622Z #48 6.500   curl libbrotli1 libcom-err2 libcurl4t64 libgdbm-compat4t64 libgnutls30t64
2025-08-17T13:19:42.1381419Z #48 6.500   libgssapi-krb5-2 libidn2-0 libk5crypto3 libkeyutils1 libkrb5-3
2025-08-17T13:19:42.1382236Z #48 6.500   libkrb5support0 libldap2 libnghttp2-14 libnghttp3-9 libp11-kit0 libperl5.40
2025-08-17T13:19:42.1383098Z #48 6.500   libpq5 libpsl5t64 librtmp1 libsasl2-2 libsasl2-modules-db libssh2-1t64
2025-08-17T13:19:42.1383913Z #48 6.500   libtasn1-6 libunistring5 perl perl-modules-5.40 postgresql-client
2025-08-17T13:19:42.1384749Z #48 6.500   postgresql-client-17 postgresql-client-common sensible-utils
2025-08-17T13:19:42.1385668Z #48 6.570 0 upgraded, 31 newly installed, 0 to remove and 0 not upgraded.
2025-08-17T13:19:42.1386268Z #48 6.570 Need to get 14.9 MB of archives.
2025-08-17T13:19:42.1387042Z #48 6.570 After this operation, 78.1 MB of additional disk space will be used.
2025-08-17T13:19:42.1387919Z #48 6.570 Get:1 http://deb.debian.org/debian trixie/main amd64 sensible-utils all 0.0.25 [25.0 kB]
2025-08-17T13:19:42.1388896Z #48 6.572 Get:2 http://deb.debian.org/debian trixie/main amd64 perl-modules-5.40 all 5.40.1-6 [3019 kB]
2025-08-17T13:19:42.1389887Z #48 6.621 Get:3 http://deb.debian.org/debian trixie/main amd64 libgdbm-compat4t64 amd64 1.24-2 [50.3 kB]
2025-08-17T13:19:42.1390894Z #48 6.621 Get:4 http://deb.debian.org/debian trixie/main amd64 libperl5.40 amd64 5.40.1-6 [4341 kB]
2025-08-17T13:19:42.1391805Z #48 6.671 Get:5 http://deb.debian.org/debian trixie/main amd64 perl amd64 5.40.1-6 [267 kB]
2025-08-17T13:19:42.1392724Z #48 6.671 Get:6 http://deb.debian.org/debian trixie/main amd64 libbrotli1 amd64 1.1.0-2+b7 [307 kB]
2025-08-17T13:19:42.1393693Z #48 6.671 Get:7 http://deb.debian.org/debian trixie/main amd64 libkrb5support0 amd64 1.21.3-5 [33.0 kB]
2025-08-17T13:19:42.1394666Z #48 6.671 Get:8 http://deb.debian.org/debian trixie/main amd64 libcom-err2 amd64 1.47.2-3+b3 [25.0 kB]
2025-08-17T13:19:42.1435983Z #48 6.671 Get:9 http://deb.debian.org/debian trixie/main amd64 libk5crypto3 amd64 1.21.3-5 [81.5 kB]
2025-08-17T13:19:42.1436929Z #48 6.671 Get:10 http://deb.debian.org/debian trixie/main amd64 libkeyutils1 amd64 1.6.3-6 [9456 B]
2025-08-17T13:19:42.1437855Z #48 6.671 Get:11 http://deb.debian.org/debian trixie/main amd64 libkrb5-3 amd64 1.21.3-5 [326 kB]
2025-08-17T13:19:42.1438794Z #48 6.676 Get:12 http://deb.debian.org/debian trixie/main amd64 libgssapi-krb5-2 amd64 1.21.3-5 [138 kB]
2025-08-17T13:19:42.1439642Z #48 6.676 Get:13 http://deb.debian.org/debian trixie/main amd64 libunistring5 amd64 1.3-2 [477 kB]
2025-08-17T13:19:42.1440845Z #48 6.684 Get:14 http://deb.debian.org/debian trixie/main amd64 libidn2-0 amd64 2.3.8-2 [109 kB]
2025-08-17T13:19:42.1441834Z #48 6.687 Get:15 http://deb.debian.org/debian trixie/main amd64 libsasl2-modules-db amd64 2.1.28+dfsg1-9 [19.8 kB]
2025-08-17T13:19:42.1442910Z #48 6.691 Get:16 http://deb.debian.org/debian trixie/main amd64 libsasl2-2 amd64 2.1.28+dfsg1-9 [57.5 kB]
2025-08-17T13:19:42.1443808Z #48 6.691 Get:17 http://deb.debian.org/debian trixie/main amd64 libldap2 amd64 2.6.10+dfsg-1 [194 kB]
2025-08-17T13:19:42.1444704Z #48 6.703 Get:18 http://deb.debian.org/debian trixie/main amd64 libnghttp2-14 amd64 1.64.0-1.1 [76.0 kB]
2025-08-17T13:19:42.1445781Z #48 6.703 Get:19 http://deb.debian.org/debian trixie/main amd64 libnghttp3-9 amd64 1.8.0-1 [67.7 kB]
2025-08-17T13:19:42.1446686Z #48 6.705 Get:20 http://deb.debian.org/debian trixie/main amd64 libpsl5t64 amd64 0.21.2-1.1+b1 [57.2 kB]
2025-08-17T13:19:42.1447575Z #48 6.711 Get:21 http://deb.debian.org/debian trixie/main amd64 libp11-kit0 amd64 0.25.5-3 [425 kB]
2025-08-17T13:19:42.1448408Z #48 6.711 Get:22 http://deb.debian.org/debian trixie/main amd64 libtasn1-6 amd64 4.20.0-2 [49.9 kB]
2025-08-17T13:19:42.1449265Z #48 6.714 Get:23 http://deb.debian.org/debian trixie/main amd64 libgnutls30t64 amd64 3.8.9-3 [1465 kB]
2025-08-17T13:19:42.1450206Z #48 6.731 Get:24 http://deb.debian.org/debian trixie/main amd64 librtmp1 amd64 2.4+20151223.gitfa8646d.1-2+b5 [58.8 kB]
2025-08-17T13:19:42.1451176Z #48 6.731 Get:25 http://deb.debian.org/debian trixie/main amd64 libssh2-1t64 amd64 1.11.1-1 [245 kB]
2025-08-17T13:19:42.1452171Z #48 6.740 Get:26 http://deb.debian.org/debian trixie/main amd64 libcurl4t64 amd64 8.14.1-2 [391 kB]
2025-08-17T13:19:42.1452997Z #48 6.740 Get:27 http://deb.debian.org/debian trixie/main amd64 curl amd64 8.14.1-2 [269 kB]
2025-08-17T13:19:42.1453782Z #48 6.740 Get:28 http://deb.debian.org/debian trixie/main amd64 libpq5 amd64 17.5-1 [226 kB]
2025-08-17T13:19:42.1454694Z #48 6.746 Get:29 http://deb.debian.org/debian trixie/main amd64 postgresql-client-common all 278 [47.1 kB]
2025-08-17T13:19:42.1455806Z #48 6.747 Get:30 http://deb.debian.org/debian trixie/main amd64 postgresql-client-17 amd64 17.5-1 [2025 kB]
2025-08-17T13:19:42.1456713Z #48 6.761 Get:31 http://deb.debian.org/debian trixie/main amd64 postgresql-client all 17+278 [14.0 kB]
2025-08-17T13:19:42.1457540Z #48 9.860 Fetched 14.9 MB in 0s (60.6 MB/s)
2025-08-17T13:19:42.1458049Z #48 9.960 Selecting previously unselected package sensible-utils.
2025-08-17T13:19:42.1458527Z #48 9.960 (Reading database ... 
2025-08-17T13:19:42.1458848Z (Reading database ... 5%
2025-08-17T13:19:42.1459155Z (Reading database ... 10%
2025-08-17T13:19:42.1459457Z (Reading database ... 15%
2025-08-17T13:19:42.1459764Z (Reading database ... 20%
2025-08-17T13:19:42.1460065Z (Reading database ... 25%
2025-08-17T13:19:42.1460388Z (Reading database ... 30%
2025-08-17T13:19:42.1460681Z (Reading database ... 35%
2025-08-17T13:19:42.1461037Z (Reading database ... 40%
2025-08-17T13:19:42.1461326Z (Reading database ... 45%
2025-08-17T13:19:42.1461631Z (Reading database ... 50%
2025-08-17T13:19:42.1461925Z (Reading database ... 55%
2025-08-17T13:19:42.1462218Z (Reading database ... 60%
2025-08-17T13:19:42.1462513Z (Reading database ... 65%
2025-08-17T13:19:42.1462810Z (Reading database ... 70%
2025-08-17T13:19:42.1463120Z (Reading database ... 75%
2025-08-17T13:19:42.1463414Z (Reading database ... 80%
2025-08-17T13:19:42.1463717Z (Reading database ... 85%
2025-08-17T13:19:42.1464008Z (Reading database ... 90%
2025-08-17T13:19:42.1464313Z (Reading database ... 95%
2025-08-17T13:19:42.1464620Z (Reading database ... 100%
2025-08-17T13:19:42.1515386Z (Reading database ... 5643 files and directories currently installed.)
2025-08-17T13:19:42.1516134Z #48 9.979 Preparing to unpack .../00-sensible-utils_0.0.25_all.deb ...
2025-08-17T13:19:42.1516730Z #48 9.992 Unpacking sensible-utils (0.0.25) ...
2025-08-17T13:19:42.1517300Z #48 10.09 Selecting previously unselected package perl-modules-5.40.
2025-08-17T13:19:42.1518255Z #48 10.09 Preparing to unpack .../01-perl-modules-5.40_5.40.1-6_all.deb ...
2025-08-17T13:19:42.1518837Z #48 10.09 Unpacking perl-modules-5.40 (5.40.1-6) ...
2025-08-17T13:19:42.3624346Z #48 ...
2025-08-17T13:19:42.3657781Z 
2025-08-17T13:19:42.3658254Z #49 [api base  4/12] RUN pip install --no-cache-dir -r requirements.txt
2025-08-17T13:19:42.3659530Z #49 4.805 Collecting uvicorn==0.29.0 (from -r requirements.txt (line 1))
2025-08-17T13:19:42.3660655Z #49 4.883   Downloading uvicorn-0.29.0-py3-none-any.whl.metadata (6.3 kB)
2025-08-17T13:19:42.3662260Z #49 4.942 Collecting pydantic-settings==2.2.1 (from -r requirements.txt (line 2))
2025-08-17T13:19:42.3663580Z #49 4.951   Downloading pydantic_settings-2.2.1-py3-none-any.whl.metadata (3.1 kB)
2025-08-17T13:19:42.3664647Z #49 5.110 Collecting fastapi==0.111.0 (from -r requirements.txt (line 3))
2025-08-17T13:19:42.3667261Z #49 5.130   Downloading fastapi-0.111.0-py3-none-any.whl.metadata (25 kB)
2025-08-17T13:19:42.3668088Z #49 6.003 Collecting sqlalchemy==2.0.29 (from -r requirements.txt (line 4))
2025-08-17T13:19:42.3669122Z #49 6.014   Downloading SQLAlchemy-2.0.29-cp312-cp312-manylinux_2_17_x86_64.manylinux2014_x86_64.whl.metadata (9.6 kB)
2025-08-17T13:19:42.3670110Z #49 6.084 Collecting alembic==1.13.1 (from -r requirements.txt (line 5))
2025-08-17T13:19:42.3670899Z #49 6.093   Downloading alembic-1.13.1-py3-none-any.whl.metadata (7.4 kB)
2025-08-17T13:19:42.3671765Z #49 6.135 Collecting psycopg==3.2.9 (from psycopg[binary]==3.2.9->-r requirements.txt (line 6))
2025-08-17T13:19:42.3672606Z #49 6.143   Downloading psycopg-3.2.9-py3-none-any.whl.metadata (4.5 kB)
2025-08-17T13:19:42.3673363Z #49 6.206 Collecting httpx==0.27.2 (from -r requirements.txt (line 7))
2025-08-17T13:19:42.3674078Z #49 6.215   Downloading httpx-0.27.2-py3-none-any.whl.metadata (7.1 kB)
2025-08-17T13:19:42.3674794Z #49 6.305 Collecting asyncpg==0.29.0 (from -r requirements.txt (line 8))
2025-08-17T13:19:42.3707211Z #49 6.318   Downloading asyncpg-0.29.0-cp312-cp312-manylinux_2_17_x86_64.manylinux2014_x86_64.whl.metadata (4.4 kB)
2025-08-17T13:19:42.3708247Z #49 7.081 Collecting boto3==1.34.162 (from -r requirements.txt (line 9))
2025-08-17T13:19:42.3709021Z #49 7.091   Downloading boto3-1.34.162-py3-none-any.whl.metadata (6.6 kB)
2025-08-17T13:19:42.3710116Z #49 7.121 Collecting Jinja2==3.1.5 (from -r requirements.txt (line 10))
2025-08-17T13:19:42.3710907Z #49 7.134   Downloading jinja2-3.1.5-py3-none-any.whl.metadata (2.6 kB)
2025-08-17T13:19:42.3711708Z #49 7.174 Collecting click>=7.0 (from uvicorn==0.29.0->-r requirements.txt (line 1))
2025-08-17T13:19:42.3712655Z #49 7.188   Downloading click-8.2.1-py3-none-any.whl.metadata (2.5 kB)
2025-08-17T13:19:42.3713444Z #49 7.205 Collecting h11>=0.8 (from uvicorn==0.29.0->-r requirements.txt (line 1))
2025-08-17T13:19:42.3714205Z #49 7.214   Downloading h11-0.16.0-py3-none-any.whl.metadata (8.3 kB)
2025-08-17T13:19:42.3715550Z #49 7.524 Collecting pydantic>=2.3.0 (from pydantic-settings==2.2.1->-r requirements.txt (line 2))
2025-08-17T13:19:42.3716947Z #49 7.535   Downloading pydantic-2.11.7-py3-none-any.whl.metadata (67 kB)
2025-08-17T13:19:42.3717873Z #49 7.592 Collecting python-dotenv>=0.21.0 (from pydantic-settings==2.2.1->-r requirements.txt (line 2))
2025-08-17T13:19:42.3718817Z #49 7.604   Downloading python_dotenv-1.1.1-py3-none-any.whl.metadata (24 kB)
2025-08-17T13:19:42.3719725Z #49 7.693 Collecting starlette<0.38.0,>=0.37.2 (from fastapi==0.111.0->-r requirements.txt (line 3))
2025-08-17T13:19:42.3720549Z #49 7.706   Downloading starlette-0.37.2-py3-none-any.whl.metadata (5.9 kB)
2025-08-17T13:19:42.3721401Z #49 7.870 Collecting typing-extensions>=4.8.0 (from fastapi==0.111.0->-r requirements.txt (line 3))
2025-08-17T13:19:42.3722344Z #49 7.879   Downloading typing_extensions-4.14.1-py3-none-any.whl.metadata (3.0 kB)
2025-08-17T13:19:42.3723234Z #49 7.910 Collecting fastapi-cli>=0.0.2 (from fastapi==0.111.0->-r requirements.txt (line 3))
2025-08-17T13:19:42.3724059Z #49 7.920   Downloading fastapi_cli-0.0.8-py3-none-any.whl.metadata (6.3 kB)
2025-08-17T13:19:42.3725412Z #49 7.981 Collecting python-multipart>=0.0.7 (from fastapi==0.111.0->-r requirements.txt (line 3))
2025-08-17T13:19:42.3726350Z #49 7.990   Downloading python_multipart-0.0.20-py3-none-any.whl.metadata (1.8 kB)
2025-08-17T13:19:42.3727258Z #49 8.206 Collecting ujson!=4.0.2,!=4.1.0,!=4.2.0,!=4.3.0,!=5.0.0,!=5.1.0,>=4.0.1 (from fastapi==0.111.0->-r requirements.txt (line 3))
2025-08-17T13:19:42.3728279Z #49 8.218   Downloading ujson-5.10.0-cp312-cp312-manylinux_2_17_x86_64.manylinux2014_x86_64.whl.metadata (9.3 kB)
2025-08-17T13:19:42.3729243Z #49 8.740 Collecting orjson>=3.2.1 (from fastapi==0.111.0->-r requirements.txt (line 3))
2025-08-17T13:19:42.3730231Z #49 8.750   Downloading orjson-3.11.2-cp312-cp312-manylinux_2_17_x86_64.manylinux2014_x86_64.whl.metadata (1.2 kB)
2025-08-17T13:19:42.3731255Z #49 8.782 Collecting email_validator>=2.0.0 (from fastapi==0.111.0->-r requirements.txt (line 3))
2025-08-17T13:19:42.3732126Z #49 8.789   Downloading email_validator-2.2.0-py3-none-any.whl.metadata (25 kB)
2025-08-17T13:19:42.3732998Z #49 9.140 Collecting greenlet!=0.4.17 (from sqlalchemy==2.0.29->-r requirements.txt (line 4))
2025-08-17T13:19:42.3734037Z #49 9.151   Downloading greenlet-3.2.4-cp312-cp312-manylinux_2_24_x86_64.manylinux_2_28_x86_64.whl.metadata (4.1 kB)
2025-08-17T13:19:42.3765292Z #49 9.243 Collecting Mako (from alembic==1.13.1->-r requirements.txt (line 5))
2025-08-17T13:19:42.3766150Z #49 9.251   Downloading mako-1.3.10-py3-none-any.whl.metadata (2.9 kB)
2025-08-17T13:19:42.3766916Z #49 9.343 Collecting anyio (from httpx==0.27.2->-r requirements.txt (line 7))
2025-08-17T13:19:42.3767683Z #49 9.359   Downloading anyio-4.10.0-py3-none-any.whl.metadata (4.0 kB)
2025-08-17T13:19:42.3768460Z #49 9.437 Collecting certifi (from httpx==0.27.2->-r requirements.txt (line 7))
2025-08-17T13:19:42.3769246Z #49 9.446   Downloading certifi-2025.8.3-py3-none-any.whl.metadata (2.4 kB)
2025-08-17T13:19:42.3770072Z #49 9.503 Collecting httpcore==1.* (from httpx==0.27.2->-r requirements.txt (line 7))
2025-08-17T13:19:42.3770901Z #49 9.517   Downloading httpcore-1.0.9-py3-none-any.whl.metadata (21 kB)
2025-08-17T13:19:42.3771659Z #49 9.568 Collecting idna (from httpx==0.27.2->-r requirements.txt (line 7))
2025-08-17T13:19:42.3772388Z #49 9.582   Downloading idna-3.10-py3-none-any.whl.metadata (10 kB)
2025-08-17T13:19:42.3773347Z #49 9.598 Collecting sniffio (from httpx==0.27.2->-r requirements.txt (line 7))
2025-08-17T13:19:42.3774137Z #49 9.612   Downloading sniffio-1.3.1-py3-none-any.whl.metadata (3.9 kB)
2025-08-17T13:19:42.4720613Z #49 ...
2025-08-17T13:19:42.4720876Z 
2025-08-17T13:19:42.4721782Z #50 [logistics_etl base 4/5] RUN if [ -n "" ] && [ -f "" ]; then         pip install -r requirements.txt -c "";     else         pip install -r requirements.txt;     fi
2025-08-17T13:19:42.4723139Z #50 5.061 Collecting apscheduler==3.10.4 (from -r requirements.txt (line 1))
2025-08-17T13:19:42.4724109Z #50 5.127   Downloading APScheduler-3.10.4-py3-none-any.whl.metadata (5.7 kB)
2025-08-17T13:19:42.4725368Z #50 5.204 Collecting httpx==0.26.0 (from -r requirements.txt (line 2))
2025-08-17T13:19:42.4726293Z #50 5.210   Downloading httpx-0.26.0-py3-none-any.whl.metadata (7.6 kB)
2025-08-17T13:19:42.4727303Z #50 6.125 Collecting sqlalchemy==2.0.29 (from -r requirements.txt (line 3))
2025-08-17T13:19:42.4728523Z #50 6.135   Downloading SQLAlchemy-2.0.29-cp312-cp312-manylinux_2_17_x86_64.manylinux2014_x86_64.whl.metadata (9.6 kB)
2025-08-17T13:19:42.4729641Z #50 6.283 Collecting asyncpg==0.30.0 (from -r requirements.txt (line 4))
2025-08-17T13:19:42.4730808Z #50 6.297   Downloading asyncpg-0.30.0-cp312-cp312-manylinux_2_17_x86_64.manylinux2014_x86_64.whl.metadata (5.0 kB)
2025-08-17T13:19:42.4732007Z #50 6.351 Collecting six>=1.4.0 (from apscheduler==3.10.4->-r requirements.txt (line 1))
2025-08-17T13:19:42.4732937Z #50 6.365   Downloading six-1.17.0-py2.py3-none-any.whl.metadata (1.7 kB)
2025-08-17T13:19:42.4733872Z #50 6.492 Collecting pytz (from apscheduler==3.10.4->-r requirements.txt (line 1))
2025-08-17T13:19:42.4735771Z #50 6.504   Downloading pytz-2025.2-py2.py3-none-any.whl.metadata (22 kB)
2025-08-17T13:19:42.4737250Z #50 6.577 Collecting tzlocal!=3.*,>=2.0 (from apscheduler==3.10.4->-r requirements.txt (line 1))
2025-08-17T13:19:42.4738982Z #50 6.592   Downloading tzlocal-5.3.1-py3-none-any.whl.metadata (7.6 kB)
2025-08-17T13:19:42.4740164Z #50 6.685 Collecting anyio (from httpx==0.26.0->-r requirements.txt (line 2))
2025-08-17T13:19:42.4742351Z #50 6.695   Downloading anyio-4.10.0-py3-none-any.whl.metadata (4.0 kB)
2025-08-17T13:19:42.4743139Z #50 6.758 Collecting certifi (from httpx==0.26.0->-r requirements.txt (line 2))
2025-08-17T13:19:42.4743967Z #50 6.770   Downloading certifi-2025.8.3-py3-none-any.whl.metadata (2.4 kB)
2025-08-17T13:19:42.4744776Z #50 6.852 Collecting httpcore==1.* (from httpx==0.26.0->-r requirements.txt (line 2))
2025-08-17T13:19:42.4745787Z #50 6.871   Downloading httpcore-1.0.9-py3-none-any.whl.metadata (21 kB)
2025-08-17T13:19:42.4746575Z #50 6.931 Collecting idna (from httpx==0.26.0->-r requirements.txt (line 2))
2025-08-17T13:19:42.4747286Z #50 6.941   Downloading idna-3.10-py3-none-any.whl.metadata (10 kB)
2025-08-17T13:19:42.4748035Z #50 6.997 Collecting sniffio (from httpx==0.26.0->-r requirements.txt (line 2))
2025-08-17T13:19:42.4748844Z #50 7.001   Downloading sniffio-1.3.1-py3-none-any.whl.metadata (3.9 kB)
2025-08-17T13:19:42.4749754Z #50 7.098 Collecting typing-extensions>=4.6.0 (from sqlalchemy==2.0.29->-r requirements.txt (line 3))
2025-08-17T13:19:42.4750707Z #50 7.112   Downloading typing_extensions-4.14.1-py3-none-any.whl.metadata (3.0 kB)
2025-08-17T13:19:42.4751626Z #50 7.502 Collecting greenlet!=0.4.17 (from sqlalchemy==2.0.29->-r requirements.txt (line 3))
2025-08-17T13:19:42.4752677Z #50 7.511   Downloading greenlet-3.2.4-cp312-cp312-manylinux_2_24_x86_64.manylinux_2_28_x86_64.whl.metadata (4.1 kB)
2025-08-17T13:19:42.4753735Z #50 7.578 Collecting h11>=0.16 (from httpcore==1.*->httpx==0.26.0->-r requirements.txt (line 2))
2025-08-17T13:19:42.4754517Z #50 7.592   Downloading h11-0.16.0-py3-none-any.whl.metadata (8.3 kB)
2025-08-17T13:19:42.4770992Z #50 7.688 Downloading APScheduler-3.10.4-py3-none-any.whl (59 kB)
2025-08-17T13:19:42.4771695Z #50 7.727 Downloading httpx-0.26.0-py3-none-any.whl (75 kB)
2025-08-17T13:19:42.4772874Z #50 7.753 Downloading SQLAlchemy-2.0.29-cp312-cp312-manylinux_2_17_x86_64.manylinux2014_x86_64.whl (3.2 MB)
2025-08-17T13:19:42.4774276Z #50 7.847    ━━━━━━━━━━━━━━━━━━━━━━━━━━━━━━━━━━━━━━━━ 3.2/3.2 MB 35.4 MB/s eta 0:00:00
2025-08-17T13:19:42.4775367Z #50 7.862 Downloading asyncpg-0.30.0-cp312-cp312-manylinux_2_17_x86_64.manylinux2014_x86_64.whl (3.6 MB)
2025-08-17T13:19:42.4776461Z #50 7.944    ━━━━━━━━━━━━━━━━━━━━━━━━━━━━━━━━━━━━━━━━ 3.6/3.6 MB 64.0 MB/s eta 0:00:00
2025-08-17T13:19:42.4777113Z #50 7.955 Downloading httpcore-1.0.9-py3-none-any.whl (78 kB)
2025-08-17T13:19:42.4777995Z #50 7.981 Downloading greenlet-3.2.4-cp312-cp312-manylinux_2_24_x86_64.manylinux_2_28_x86_64.whl (607 kB)
2025-08-17T13:19:42.4779102Z #50 8.032    ━━━━━━━━━━━━━━━━━━━━━━━━━━━━━━━━━━━━━━━━ 607.6/607.6 kB 10.1 MB/s eta 0:00:00
2025-08-17T13:19:42.4779755Z #50 8.045 Downloading six-1.17.0-py2.py3-none-any.whl (11 kB)
2025-08-17T13:19:42.4780449Z #50 8.070 Downloading typing_extensions-4.14.1-py3-none-any.whl (43 kB)
2025-08-17T13:19:42.4781167Z #50 8.094 Downloading tzlocal-5.3.1-py3-none-any.whl (18 kB)
2025-08-17T13:19:42.4781798Z #50 8.112 Downloading anyio-4.10.0-py3-none-any.whl (107 kB)
2025-08-17T13:19:42.4782388Z #50 8.136 Downloading idna-3.10-py3-none-any.whl (70 kB)
2025-08-17T13:19:42.4782992Z #50 8.159 Downloading sniffio-1.3.1-py3-none-any.whl (10 kB)
2025-08-17T13:19:42.4783637Z #50 8.175 Downloading certifi-2025.8.3-py3-none-any.whl (161 kB)
2025-08-17T13:19:42.4784318Z #50 8.220 Downloading pytz-2025.2-py2.py3-none-any.whl (509 kB)
2025-08-17T13:19:42.4785087Z #50 8.252 Downloading h11-0.16.0-py3-none-any.whl (37 kB)
2025-08-17T13:19:42.4786478Z #50 8.378 Installing collected packages: pytz, tzlocal, typing-extensions, sniffio, six, idna, h11, greenlet, certifi, asyncpg, sqlalchemy, httpcore, apscheduler, anyio, httpx
2025-08-17T13:19:42.7112594Z #50 ...
2025-08-17T13:19:42.7147566Z 
2025-08-17T13:19:42.7148462Z #51 [fees_h10 base 4/6] RUN if [ -n "" ] && [ -f "fees_h10/" ]; then         pip install -r fees_h10/requirements.txt -c fees_h10/;     else         pip install -r fees_h10/requirements.txt;     fi
2025-08-17T13:19:42.7149784Z #51 4.744 Collecting celery==5.4.* (from celery[redis]==5.4.*->-r fees_h10/requirements.txt (line 1))
2025-08-17T13:19:42.7150662Z #51 4.810   Downloading celery-5.4.0-py3-none-any.whl.metadata (21 kB)
2025-08-17T13:19:42.7151385Z #51 5.014 Collecting asyncpg (from -r fees_h10/requirements.txt (line 2))
2025-08-17T13:19:42.7152300Z #51 5.023   Downloading asyncpg-0.30.0-cp312-cp312-manylinux_2_17_x86_64.manylinux2014_x86_64.whl.metadata (5.0 kB)
2025-08-17T13:19:42.7153235Z #51 5.085 Collecting httpx (from -r fees_h10/requirements.txt (line 3))
2025-08-17T13:19:42.7153988Z #51 5.100   Downloading httpx-0.28.1-py3-none-any.whl.metadata (7.1 kB)
2025-08-17T13:19:42.7154762Z #51 5.771 Collecting sqlalchemy (from -r fees_h10/requirements.txt (line 4))
2025-08-17T13:19:42.7155957Z #51 5.779   Downloading sqlalchemy-2.0.43-cp312-cp312-manylinux_2_17_x86_64.manylinux2014_x86_64.whl.metadata (9.6 kB)
2025-08-17T13:19:42.7157154Z #51 5.886 Collecting billiard<5.0,>=4.2.0 (from celery==5.4.*->celery[redis]==5.4.*->-r fees_h10/requirements.txt (line 1))
2025-08-17T13:19:42.7158143Z #51 5.895   Downloading billiard-4.2.1-py3-none-any.whl.metadata (4.4 kB)
2025-08-17T13:19:42.7159096Z #51 6.004 Collecting kombu<6.0,>=5.3.4 (from celery==5.4.*->celery[redis]==5.4.*->-r fees_h10/requirements.txt (line 1))
2025-08-17T13:19:42.7160003Z #51 6.021   Downloading kombu-5.5.4-py3-none-any.whl.metadata (3.5 kB)
2025-08-17T13:19:42.7160926Z #51 6.083 Collecting vine<6.0,>=5.1.0 (from celery==5.4.*->celery[redis]==5.4.*->-r fees_h10/requirements.txt (line 1))
2025-08-17T13:19:42.7161836Z #51 6.096   Downloading vine-5.1.0-py3-none-any.whl.metadata (2.7 kB)
2025-08-17T13:19:42.7162753Z #51 6.167 Collecting click<9.0,>=8.1.2 (from celery==5.4.*->celery[redis]==5.4.*->-r fees_h10/requirements.txt (line 1))
2025-08-17T13:19:42.7163647Z #51 6.178   Downloading click-8.2.1-py3-none-any.whl.metadata (2.5 kB)
2025-08-17T13:19:42.7221649Z #51 6.209 Collecting click-didyoumean>=0.3.0 (from celery==5.4.*->celery[redis]==5.4.*->-r fees_h10/requirements.txt (line 1))
2025-08-17T13:19:42.7222716Z #51 6.221   Downloading click_didyoumean-0.3.1-py3-none-any.whl.metadata (3.9 kB)
2025-08-17T13:19:42.7223602Z #51 6.254 Collecting click-repl>=0.2.0 (from celery==5.4.*->celery[redis]==5.4.*->-r fees_h10/requirements.txt (line 1))
2025-08-17T13:19:42.7224440Z #51 6.268   Downloading click_repl-0.3.0-py3-none-any.whl.metadata (3.6 kB)
2025-08-17T13:19:42.7225501Z #51 6.323 Collecting click-plugins>=1.1.1 (from celery==5.4.*->celery[redis]==5.4.*->-r fees_h10/requirements.txt (line 1))
2025-08-17T13:19:42.7226561Z #51 6.336   Downloading click_plugins-1.1.1.2-py2.py3-none-any.whl.metadata (6.5 kB)
2025-08-17T13:19:42.7227587Z #51 6.393 Collecting tzdata>=2022.7 (from celery==5.4.*->celery[redis]==5.4.*->-r fees_h10/requirements.txt (line 1))
2025-08-17T13:19:42.7228547Z #51 6.400   Downloading tzdata-2025.2-py2.py3-none-any.whl.metadata (1.4 kB)
2025-08-17T13:19:42.7229560Z #51 6.447 Collecting python-dateutil>=2.8.2 (from celery==5.4.*->celery[redis]==5.4.*->-r fees_h10/requirements.txt (line 1))
2025-08-17T13:19:42.7230622Z #51 6.459   Downloading python_dateutil-2.9.0.post0-py2.py3-none-any.whl.metadata (8.4 kB)
2025-08-17T13:19:42.7231613Z #51 6.600 Collecting redis!=4.5.5,<6.0.0,>=4.5.2 (from celery[redis]==5.4.*->-r fees_h10/requirements.txt (line 1))
2025-08-17T13:19:42.7232463Z #51 6.607   Downloading redis-5.3.1-py3-none-any.whl.metadata (9.2 kB)
2025-08-17T13:19:42.7233183Z #51 6.682 Collecting anyio (from httpx->-r fees_h10/requirements.txt (line 3))
2025-08-17T13:19:42.7233936Z #51 6.693   Downloading anyio-4.10.0-py3-none-any.whl.metadata (4.0 kB)
2025-08-17T13:19:42.7235221Z #51 6.775 Collecting certifi (from httpx->-r fees_h10/requirements.txt (line 3))
2025-08-17T13:19:42.7236039Z #51 6.793   Downloading certifi-2025.8.3-py3-none-any.whl.metadata (2.4 kB)
2025-08-17T13:19:42.7236859Z #51 6.863 Collecting httpcore==1.* (from httpx->-r fees_h10/requirements.txt (line 3))
2025-08-17T13:19:42.7237676Z #51 6.874   Downloading httpcore-1.0.9-py3-none-any.whl.metadata (21 kB)
2025-08-17T13:19:42.7238397Z #51 6.930 Collecting idna (from httpx->-r fees_h10/requirements.txt (line 3))
2025-08-17T13:19:42.7239113Z #51 6.944   Downloading idna-3.10-py3-none-any.whl.metadata (10 kB)
2025-08-17T13:19:42.7239909Z #51 7.001 Collecting h11>=0.16 (from httpcore==1.*->httpx->-r fees_h10/requirements.txt (line 3))
2025-08-17T13:19:42.7240727Z #51 7.009   Downloading h11-0.16.0-py3-none-any.whl.metadata (8.3 kB)
2025-08-17T13:19:42.7241524Z #51 7.428 Collecting greenlet>=1 (from sqlalchemy->-r fees_h10/requirements.txt (line 4))
2025-08-17T13:19:42.7242608Z #51 7.440   Downloading greenlet-3.2.4-cp312-cp312-manylinux_2_24_x86_64.manylinux_2_28_x86_64.whl.metadata (4.1 kB)
2025-08-17T13:19:42.7243733Z #51 7.513 Collecting typing-extensions>=4.6.0 (from sqlalchemy->-r fees_h10/requirements.txt (line 4))
2025-08-17T13:19:42.7244731Z #51 7.523   Downloading typing_extensions-4.14.1-py3-none-any.whl.metadata (3.0 kB)
2025-08-17T13:19:42.7321412Z #51 7.691 Collecting prompt-toolkit>=3.0.36 (from click-repl>=0.2.0->celery==5.4.*->celery[redis]==5.4.*->-r fees_h10/requirements.txt (line 1))
2025-08-17T13:19:42.7322553Z #51 7.699   Downloading prompt_toolkit-3.0.51-py3-none-any.whl.metadata (6.4 kB)
2025-08-17T13:19:42.7323586Z #51 7.776 Collecting amqp<6.0.0,>=5.1.1 (from kombu<6.0,>=5.3.4->celery==5.4.*->celery[redis]==5.4.*->-r fees_h10/requirements.txt (line 1))
2025-08-17T13:19:42.7324539Z #51 7.784   Downloading amqp-5.3.1-py3-none-any.whl.metadata (8.9 kB)
2025-08-17T13:19:42.7325688Z #51 7.856 Collecting packaging (from kombu<6.0,>=5.3.4->celery==5.4.*->celery[redis]==5.4.*->-r fees_h10/requirements.txt (line 1))
2025-08-17T13:19:42.7326704Z #51 7.867   Downloading packaging-25.0-py3-none-any.whl.metadata (3.3 kB)
2025-08-17T13:19:42.7327732Z #51 7.947 Collecting six>=1.5 (from python-dateutil>=2.8.2->celery==5.4.*->celery[redis]==5.4.*->-r fees_h10/requirements.txt (line 1))
2025-08-17T13:19:42.7328999Z #51 7.960   Downloading six-1.17.0-py2.py3-none-any.whl.metadata (1.7 kB)
2025-08-17T13:19:42.7329848Z #51 8.031 Collecting PyJWT>=2.9.0 (from redis!=4.5.5,<6.0.0,>=4.5.2->celery[redis]==5.4.*->-r fees_h10/requirements.txt (line 1))
2025-08-17T13:19:42.7330760Z #51 8.045   Downloading PyJWT-2.10.1-py3-none-any.whl.metadata (4.0 kB)
2025-08-17T13:19:42.7331600Z #51 8.115 Collecting sniffio>=1.1 (from anyio->httpx->-r fees_h10/requirements.txt (line 3))
2025-08-17T13:19:42.7332447Z #51 8.126   Downloading sniffio-1.3.1-py3-none-any.whl.metadata (3.9 kB)
2025-08-17T13:19:42.7333587Z #51 8.210 Collecting wcwidth (from prompt-toolkit>=3.0.36->click-repl>=0.2.0->celery==5.4.*->celery[redis]==5.4.*->-r fees_h10/requirements.txt (line 1))
2025-08-17T13:19:42.7334757Z #51 8.221   Downloading wcwidth-0.2.13-py2.py3-none-any.whl.metadata (14 kB)
2025-08-17T13:19:42.7335685Z #51 8.269 Downloading celery-5.4.0-py3-none-any.whl (425 kB)
2025-08-17T13:19:42.7336563Z #51 8.308 Downloading asyncpg-0.30.0-cp312-cp312-manylinux_2_17_x86_64.manylinux2014_x86_64.whl (3.6 MB)
2025-08-17T13:19:42.7337819Z #51 8.426    ━━━━━━━━━━━━━━━━━━━━━━━━━━━━━━━━━━━━━━━━ 3.6/3.6 MB 33.3 MB/s eta 0:00:00
2025-08-17T13:19:42.7338357Z #51 8.446 Downloading httpx-0.28.1-py3-none-any.whl (73 kB)
2025-08-17T13:19:42.7338848Z #51 8.462 Downloading httpcore-1.0.9-py3-none-any.whl (78 kB)
2025-08-17T13:19:42.7339579Z #51 8.480 Downloading sqlalchemy-2.0.43-cp312-cp312-manylinux_2_17_x86_64.manylinux2014_x86_64.whl (3.3 MB)
2025-08-17T13:19:42.7340433Z #51 8.569    ━━━━━━━━━━━━━━━━━━━━━━━━━━━━━━━━━━━━━━━━ 3.3/3.3 MB 39.4 MB/s eta 0:00:00
2025-08-17T13:19:42.7340933Z #51 8.583 Downloading billiard-4.2.1-py3-none-any.whl (86 kB)
2025-08-17T13:19:42.7341635Z #51 8.614 Downloading click-8.2.1-py3-none-any.whl (102 kB)
2025-08-17T13:19:42.7342167Z #51 8.635 Downloading click_didyoumean-0.3.1-py3-none-any.whl (3.6 kB)
2025-08-17T13:19:42.7342781Z #51 8.650 Downloading click_plugins-1.1.1.2-py2.py3-none-any.whl (11 kB)
2025-08-17T13:19:42.7343352Z #51 8.666 Downloading click_repl-0.3.0-py3-none-any.whl (10 kB)
2025-08-17T13:19:42.7344067Z #51 8.686 Downloading greenlet-3.2.4-cp312-cp312-manylinux_2_24_x86_64.manylinux_2_28_x86_64.whl (607 kB)
2025-08-17T13:19:42.7428736Z #51 8.719    ━━━━━━━━━━━━━━━━━━━━━━━━━━━━━━━━━━━━━━━━ 607.6/607.6 kB 16.0 MB/s eta 0:00:00
2025-08-17T13:19:42.7429415Z #51 8.732 Downloading kombu-5.5.4-py3-none-any.whl (210 kB)
2025-08-17T13:19:42.7429954Z #51 8.758 Downloading vine-5.1.0-py3-none-any.whl (9.6 kB)
2025-08-17T13:19:42.7430550Z #51 8.775 Downloading python_dateutil-2.9.0.post0-py2.py3-none-any.whl (229 kB)
2025-08-17T13:19:42.7431156Z #51 8.793 Downloading redis-5.3.1-py3-none-any.whl (272 kB)
2025-08-17T13:19:42.7431714Z #51 8.808 Downloading typing_extensions-4.14.1-py3-none-any.whl (43 kB)
2025-08-17T13:19:42.7432293Z #51 8.825 Downloading tzdata-2025.2-py2.py3-none-any.whl (347 kB)
2025-08-17T13:19:42.7432825Z #51 8.847 Downloading anyio-4.10.0-py3-none-any.whl (107 kB)
2025-08-17T13:19:42.7433329Z #51 8.863 Downloading idna-3.10-py3-none-any.whl (70 kB)
2025-08-17T13:19:42.7433857Z #51 8.880 Downloading certifi-2025.8.3-py3-none-any.whl (161 kB)
2025-08-17T13:19:42.7434375Z #51 8.897 Downloading amqp-5.3.1-py3-none-any.whl (50 kB)
2025-08-17T13:19:42.7434857Z #51 8.912 Downloading h11-0.16.0-py3-none-any.whl (37 kB)
2025-08-17T13:19:42.7435554Z #51 8.927 Downloading prompt_toolkit-3.0.51-py3-none-any.whl (387 kB)
2025-08-17T13:19:42.7436112Z #51 8.949 Downloading PyJWT-2.10.1-py3-none-any.whl (22 kB)
2025-08-17T13:19:42.7436629Z #51 8.969 Downloading six-1.17.0-py2.py3-none-any.whl (11 kB)
2025-08-17T13:19:42.7437146Z #51 8.990 Downloading sniffio-1.3.1-py3-none-any.whl (10 kB)
2025-08-17T13:19:42.7437682Z #51 9.023 Downloading packaging-25.0-py3-none-any.whl (66 kB)
2025-08-17T13:19:42.7438228Z #51 9.042 Downloading wcwidth-0.2.13-py2.py3-none-any.whl (34 kB)
2025-08-17T13:19:42.7440475Z #51 9.350 Installing collected packages: wcwidth, vine, tzdata, typing-extensions, sniffio, six, PyJWT, prompt-toolkit, packaging, idna, h11, greenlet, click, certifi, billiard, asyncpg, sqlalchemy, redis, python-dateutil, httpcore, click-repl, click-plugins, click-didyoumean, anyio, amqp, kombu, httpx, celery
2025-08-17T13:19:42.7999909Z #51 ...
2025-08-17T13:19:42.8001318Z 
2025-08-17T13:19:42.8002120Z #52 [etl base 4/5] RUN if [ -n "" ] && [ -f "" ]; then         pip install -r requirements.txt -c "";     else         pip install -r requirements.txt;     fi
2025-08-17T13:19:42.8003107Z #52 4.891 Collecting keepa==1.3.14 (from -r requirements.txt (line 1))
2025-08-17T13:19:42.8003865Z #52 4.969   Downloading keepa-1.3.14-py3-none-any.whl.metadata (10 kB)
2025-08-17T13:19:42.8004631Z #52 5.069 Collecting minio==7.1.15 (from -r requirements.txt (line 2))
2025-08-17T13:19:42.8005534Z #52 5.082   Downloading minio-7.1.15-py3-none-any.whl.metadata (4.2 kB)
2025-08-17T13:19:42.8006406Z #52 5.252 Collecting python-amazon-sp-api==0.8.0 (from -r requirements.txt (line 3))
2025-08-17T13:19:42.8007311Z #52 5.262   Downloading python_amazon_sp_api-0.8.0-py3-none-any.whl.metadata (3.2 kB)
2025-08-17T13:19:42.8008158Z #52 5.321 Collecting pydantic-settings==2.2.1 (from -r requirements.txt (line 4))
2025-08-17T13:19:42.8008993Z #52 5.328   Downloading pydantic_settings-2.2.1-py3-none-any.whl.metadata (3.1 kB)
2025-08-17T13:19:42.8009847Z #52 5.974 Collecting numpy>=1.9.3 (from keepa==1.3.14->-r requirements.txt (line 1))
2025-08-17T13:19:42.8010801Z #52 5.988   Downloading numpy-2.3.2-cp312-cp312-manylinux_2_27_x86_64.manylinux_2_28_x86_64.whl.metadata (62 kB)
2025-08-17T13:19:42.8011772Z #52 6.124 Collecting requests>=2.2 (from keepa==1.3.14->-r requirements.txt (line 1))
2025-08-17T13:19:42.8012937Z #52 6.142   Downloading requests-2.32.4-py3-none-any.whl.metadata (4.9 kB)
2025-08-17T13:19:42.8013700Z #52 6.243 Collecting tqdm (from keepa==1.3.14->-r requirements.txt (line 1))
2025-08-17T13:19:42.8014462Z #52 6.257   Downloading tqdm-4.67.1-py3-none-any.whl.metadata (57 kB)
2025-08-17T13:19:42.8036854Z #52 7.594 Collecting aiohttp (from keepa==1.3.14->-r requirements.txt (line 1))
2025-08-17T13:19:42.8037908Z #52 7.608   Downloading aiohttp-3.12.15-cp312-cp312-manylinux_2_17_x86_64.manylinux2014_x86_64.whl.metadata (7.7 kB)
2025-08-17T13:19:42.8038887Z #52 7.859 Collecting pandas<=3.0 (from keepa==1.3.14->-r requirements.txt (line 1))
2025-08-17T13:19:42.8039832Z #52 7.876   Downloading pandas-2.3.1-cp312-cp312-manylinux_2_17_x86_64.manylinux2014_x86_64.whl.metadata (91 kB)
2025-08-17T13:19:42.8040783Z #52 8.301 Collecting pydantic (from keepa==1.3.14->-r requirements.txt (line 1))
2025-08-17T13:19:42.8041547Z #52 8.310   Downloading pydantic-2.11.7-py3-none-any.whl.metadata (67 kB)
2025-08-17T13:19:42.8042317Z #52 8.396 Collecting certifi (from minio==7.1.15->-r requirements.txt (line 2))
2025-08-17T13:19:42.8043079Z #52 8.416   Downloading certifi-2025.8.3-py3-none-any.whl.metadata (2.4 kB)
2025-08-17T13:19:42.8043848Z #52 8.501 Collecting urllib3 (from minio==7.1.15->-r requirements.txt (line 2))
2025-08-17T13:19:42.8044597Z #52 8.527   Downloading urllib3-2.5.0-py3-none-any.whl.metadata (6.5 kB)
2025-08-17T13:19:42.8045624Z #52 8.597 Collecting six<2,>=1.15 (from python-amazon-sp-api==0.8.0->-r requirements.txt (line 3))
2025-08-17T13:19:42.8046429Z #52 8.609   Downloading six-1.17.0-py2.py3-none-any.whl.metadata (1.7 kB)
2025-08-17T13:19:42.8047244Z #52 9.674 Collecting boto3<2,>=1.16.39 (from python-amazon-sp-api==0.8.0->-r requirements.txt (line 3))
2025-08-17T13:19:42.8048067Z #52 9.689   Downloading boto3-1.40.11-py3-none-any.whl.metadata (6.7 kB)
2025-08-17T13:19:42.8048912Z #52 9.786 Collecting cachetools~=4.2.0 (from python-amazon-sp-api==0.8.0->-r requirements.txt (line 3))
2025-08-17T13:19:42.8049794Z #52 9.795   Downloading cachetools-4.2.4-py3-none-any.whl.metadata (4.8 kB)
2025-08-17T13:19:42.8050666Z #52 9.952 Collecting pycryptodome (from python-amazon-sp-api==0.8.0->-r requirements.txt (line 3))
2025-08-17T13:19:42.8051745Z #52 9.962   Downloading pycryptodome-3.23.0-cp37-abi3-manylinux_2_17_x86_64.manylinux2014_x86_64.whl.metadata (3.4 kB)
2025-08-17T13:19:42.8053093Z #52 10.09 Collecting pytz (from python-amazon-sp-api==0.8.0->-r requirements.txt (line 3))
2025-08-17T13:19:42.8053925Z #52 10.11   Downloading pytz-2025.2-py2.py3-none-any.whl.metadata (22 kB)
2025-08-17T13:19:42.8054754Z #52 10.15 Collecting confuse~=1.4.0 (from python-amazon-sp-api==0.8.0->-r requirements.txt (line 3))
2025-08-17T13:19:42.8055795Z #52 10.16   Downloading confuse-1.4.0-py2.py3-none-any.whl.metadata (3.8 kB)
2025-08-17T13:19:42.8056664Z #52 10.23 Collecting python-dotenv>=0.21.0 (from pydantic-settings==2.2.1->-r requirements.txt (line 4))
2025-08-17T13:19:42.8057596Z #52 10.24   Downloading python_dotenv-1.1.1-py3-none-any.whl.metadata (24 kB)
2025-08-17T13:19:42.9382289Z #52 ...
2025-08-17T13:19:42.9385282Z 
2025-08-17T13:19:42.9388026Z #49 [api base  4/12] RUN pip install --no-cache-dir -r requirements.txt
2025-08-17T13:19:42.9391490Z #49 10.82 Collecting botocore<1.35.0,>=1.34.162 (from boto3==1.34.162->-r requirements.txt (line 9))
2025-08-17T13:19:42.9438876Z #49 10.84   Downloading botocore-1.34.162-py3-none-any.whl.metadata (5.7 kB)
2025-08-17T13:19:42.9439701Z #49 10.88 Collecting jmespath<2.0.0,>=0.7.1 (from boto3==1.34.162->-r requirements.txt (line 9))
2025-08-17T13:19:42.9442186Z #49 10.89   Downloading jmespath-1.0.1-py3-none-any.whl.metadata (7.6 kB)
2025-08-17T13:19:42.9443348Z #49 10.95 Collecting s3transfer<0.11.0,>=0.10.0 (from boto3==1.34.162->-r requirements.txt (line 9))
2025-08-17T13:19:43.0814294Z #49 10.96   Downloading s3transfer-0.10.4-py3-none-any.whl.metadata (1.7 kB)
2025-08-17T13:19:43.3156765Z #49 11.10 Collecting MarkupSafe>=2.0 (from Jinja2==3.1.5->-r requirements.txt (line 10))
2025-08-17T13:19:43.3165876Z #49 11.11   Downloading MarkupSafe-3.0.2-cp312-cp312-manylinux_2_17_x86_64.manylinux2014_x86_64.whl.metadata (4.0 kB)
2025-08-17T13:19:43.6544585Z #49 11.53 Collecting psycopg-binary==3.2.9 (from psycopg[binary]==3.2.9->-r requirements.txt (line 6))
2025-08-17T13:19:43.6546567Z #49 11.56   Downloading psycopg_binary-3.2.9-cp312-cp312-manylinux_2_17_x86_64.manylinux2014_x86_64.whl.metadata (2.9 kB)
2025-08-17T13:19:43.6556262Z #49 11.59 Collecting python-dateutil<3.0.0,>=2.1 (from botocore<1.35.0,>=1.34.162->boto3==1.34.162->-r requirements.txt (line 9))
2025-08-17T13:19:43.6557427Z #49 11.60   Downloading python_dateutil-2.9.0.post0-py2.py3-none-any.whl.metadata (8.4 kB)
2025-08-17T13:19:43.7573166Z #49 11.68 Collecting urllib3!=2.2.0,<3,>=1.25.4 (from botocore<1.35.0,>=1.34.162->boto3==1.34.162->-r requirements.txt (line 9))
2025-08-17T13:19:43.7574119Z #49 11.69   Downloading urllib3-2.5.0-py3-none-any.whl.metadata (6.5 kB)
2025-08-17T13:19:43.7592208Z #49 11.72 Collecting dnspython>=2.0.0 (from email_validator>=2.0.0->fastapi==0.111.0->-r requirements.txt (line 3))
2025-08-17T13:19:43.7593342Z #49 11.73   Downloading dnspython-2.7.0-py3-none-any.whl.metadata (5.8 kB)
2025-08-17T13:19:43.8591601Z #49 11.78 Collecting typer>=0.15.1 (from fastapi-cli>=0.0.2->fastapi==0.111.0->-r requirements.txt (line 3))
2025-08-17T13:19:43.8602160Z #49 11.79   Downloading typer-0.16.0-py3-none-any.whl.metadata (15 kB)
2025-08-17T13:19:43.8615271Z #49 11.86 Collecting rich-toolkit>=0.14.8 (from fastapi-cli>=0.0.2->fastapi==0.111.0->-r requirements.txt (line 3))
2025-08-17T13:19:43.8620016Z #49 11.87   Downloading rich_toolkit-0.15.0-py3-none-any.whl.metadata (1.0 kB)
2025-08-17T13:19:43.9596366Z #49 11.91 Collecting annotated-types>=0.6.0 (from pydantic>=2.3.0->pydantic-settings==2.2.1->-r requirements.txt (line 2))
2025-08-17T13:19:43.9606150Z #49 11.92   Downloading annotated_types-0.7.0-py3-none-any.whl.metadata (15 kB)
2025-08-17T13:19:45.6961300Z #49 13.62 Collecting pydantic-core==2.33.2 (from pydantic>=2.3.0->pydantic-settings==2.2.1->-r requirements.txt (line 2))
2025-08-17T13:19:45.6962569Z #49 13.67   Downloading pydantic_core-2.33.2-cp312-cp312-manylinux_2_17_x86_64.manylinux2014_x86_64.whl.metadata (6.8 kB)
2025-08-17T13:19:45.6963827Z #49 13.70 Collecting typing-inspection>=0.4.0 (from pydantic>=2.3.0->pydantic-settings==2.2.1->-r requirements.txt (line 2))
2025-08-17T13:19:45.6965384Z #49 13.71   Downloading typing_inspection-0.4.1-py3-none-any.whl.metadata (2.6 kB)
2025-08-17T13:19:46.0847316Z #49 13.98 Collecting httptools>=0.5.0 (from uvicorn[standard]>=0.12.0->fastapi==0.111.0->-r requirements.txt (line 3))
2025-08-17T13:19:46.0849997Z #49 14.10   Downloading httptools-0.6.4-cp312-cp312-manylinux_2_5_x86_64.manylinux1_x86_64.manylinux_2_17_x86_64.manylinux2014_x86_64.whl.metadata (3.6 kB)
2025-08-17T13:19:46.1861281Z #49 14.15 Collecting pyyaml>=5.1 (from uvicorn[standard]>=0.12.0->fastapi==0.111.0->-r requirements.txt (line 3))
2025-08-17T13:19:46.1863124Z #49 14.20   Downloading PyYAML-6.0.2-cp312-cp312-manylinux_2_17_x86_64.manylinux2014_x86_64.whl.metadata (2.1 kB)
2025-08-17T13:19:46.3142922Z #49 14.27 Collecting uvloop!=0.15.0,!=0.15.1,>=0.14.0 (from uvicorn[standard]>=0.12.0->fastapi==0.111.0->-r requirements.txt (line 3))
2025-08-17T13:19:46.3144298Z #49 14.29   Downloading uvloop-0.21.0-cp312-cp312-manylinux_2_17_x86_64.manylinux2014_x86_64.whl.metadata (4.9 kB)
2025-08-17T13:19:46.4775603Z #49 14.41 Collecting watchfiles>=0.13 (from uvicorn[standard]>=0.12.0->fastapi==0.111.0->-r requirements.txt (line 3))
2025-08-17T13:19:46.4778583Z #49 14.49   Downloading watchfiles-1.1.0-cp312-cp312-manylinux_2_17_x86_64.manylinux2014_x86_64.whl.metadata (4.9 kB)
2025-08-17T13:19:46.6161143Z #49 14.63 Collecting websockets>=10.4 (from uvicorn[standard]>=0.12.0->fastapi==0.111.0->-r requirements.txt (line 3))
2025-08-17T13:19:46.7896819Z #49 14.65   Downloading websockets-15.0.1-cp312-cp312-manylinux_2_5_x86_64.manylinux1_x86_64.manylinux_2_17_x86_64.manylinux2014_x86_64.whl.metadata (6.8 kB)
2025-08-17T13:19:46.7902336Z #49 14.69 Collecting six>=1.5 (from python-dateutil<3.0.0,>=2.1->botocore<1.35.0,>=1.34.162->boto3==1.34.162->-r requirements.txt (line 9))
2025-08-17T13:19:46.7903381Z #49 14.71   Downloading six-1.17.0-py2.py3-none-any.whl.metadata (1.7 kB)
2025-08-17T13:19:46.8932773Z #49 14.82 Collecting rich>=13.7.1 (from rich-toolkit>=0.14.8->fastapi-cli>=0.0.2->fastapi==0.111.0->-r requirements.txt (line 3))
2025-08-17T13:19:46.8935484Z #49 14.83   Downloading rich-14.1.0-py3-none-any.whl.metadata (18 kB)
2025-08-17T13:19:46.9958075Z #49 14.95 Collecting shellingham>=1.3.0 (from typer>=0.15.1->fastapi-cli>=0.0.2->fastapi==0.111.0->-r requirements.txt (line 3))
2025-08-17T13:19:46.9963818Z #49 14.97   Downloading shellingham-1.5.4-py2.py3-none-any.whl.metadata (3.5 kB)
2025-08-17T13:19:47.1009960Z #49 ...
2025-08-17T13:19:47.1010624Z 
2025-08-17T13:19:47.1012155Z #50 [logistics_etl base 4/5] RUN if [ -n "" ] && [ -f "" ]; then         pip install -r requirements.txt -c "";     else         pip install -r requirements.txt;     fi
2025-08-17T13:19:47.1015577Z #50 14.28 WARNING: Running pip as the 'root' user can result in broken permissions and conflicting behaviour with the system package manager, possibly rendering your system unusable. It is recommended to use a virtual environment instead: https://pip.pypa.io/warnings/venv. Use the --root-user-action option if you know what you are doing and want to suppress this warning.
2025-08-17T13:19:47.1018923Z #50 14.28 Successfully installed anyio-4.10.0 apscheduler-3.10.4 asyncpg-0.30.0 certifi-2025.8.3 greenlet-3.2.4 h11-0.16.0 httpcore-1.0.9 httpx-0.26.0 idna-3.10 pytz-2025.2 six-1.17.0 sniffio-1.3.1 sqlalchemy-2.0.29 typing-extensions-4.14.1 tzlocal-5.3.1
2025-08-17T13:19:47.1053409Z #50 14.80 
2025-08-17T13:19:47.1053915Z #50 14.80 [notice] A new release of pip is available: 25.0.1 -> 25.2
2025-08-17T13:19:47.1073448Z #50 14.80 [notice] To update, run: pip install --upgrade pip
2025-08-17T13:19:47.1073953Z #50 DONE 15.0s
2025-08-17T13:19:47.2200654Z 
2025-08-17T13:19:47.2205378Z #53 [logistics_etl base 5/5] COPY . /app/logistics_etl
2025-08-17T13:19:47.2209175Z #53 DONE 0.1s
2025-08-17T13:19:47.2235425Z 
2025-08-17T13:19:47.2238023Z #49 [api base  4/12] RUN pip install --no-cache-dir -r requirements.txt
2025-08-17T13:19:47.2240912Z #49 15.12 Collecting markdown-it-py>=2.2.0 (from rich>=13.7.1->rich-toolkit>=0.14.8->fastapi-cli>=0.0.2->fastapi==0.111.0->-r requirements.txt (line 3))
2025-08-17T13:19:47.2280239Z #49 15.13   Downloading markdown_it_py-4.0.0-py3-none-any.whl.metadata (7.3 kB)
2025-08-17T13:19:47.2281188Z #49 15.19 Collecting pygments<3.0.0,>=2.13.0 (from rich>=13.7.1->rich-toolkit>=0.14.8->fastapi-cli>=0.0.2->fastapi==0.111.0->-r requirements.txt (line 3))
2025-08-17T13:19:47.2282084Z #49 15.21   Downloading pygments-2.19.2-py3-none-any.whl.metadata (2.5 kB)
2025-08-17T13:19:47.2283123Z #49 15.23 Collecting mdurl~=0.1 (from markdown-it-py>=2.2.0->rich>=13.7.1->rich-toolkit>=0.14.8->fastapi-cli>=0.0.2->fastapi==0.111.0->-r requirements.txt (line 3))
2025-08-17T13:19:47.3266025Z #49 15.24   Downloading mdurl-0.1.2-py3-none-any.whl.metadata (1.6 kB)
2025-08-17T13:19:47.3266677Z #49 15.27 Downloading uvicorn-0.29.0-py3-none-any.whl (60 kB)
2025-08-17T13:19:47.3269050Z #49 15.28 Downloading pydantic_settings-2.2.1-py3-none-any.whl (13 kB)
2025-08-17T13:19:47.3269659Z #49 15.29 Downloading fastapi-0.111.0-py3-none-any.whl (91 kB)
2025-08-17T13:19:47.3270389Z #49 15.31 Downloading SQLAlchemy-2.0.29-cp312-cp312-manylinux_2_17_x86_64.manylinux2014_x86_64.whl (3.2 MB)
2025-08-17T13:19:47.4552177Z #49 ...
2025-08-17T13:19:47.4554611Z 
2025-08-17T13:19:47.4576212Z #45 [postgres 1/6] FROM docker.io/library/postgres:16@sha256:66a5efb5677ffac1037774a0e141fd3a4c035c9c0c0e624c9cc980dfa10f45e5
2025-08-17T13:19:47.4581858Z #45 extracting sha256:a1e4ad56dcecf442fba1cec05cd565ededfdc663e5172df9ef9394d96d4c96f8 13.4s done
2025-08-17T13:19:47.4583130Z #45 extracting sha256:987c1b4919ea2d87df20824aaef43a9de0575ac7df684579ad267c7e48c8eeea done
2025-08-17T13:19:47.4584511Z #45 extracting sha256:a858bd6d34e86a481a2e028e3ba489e662b3ac7713eba9a5d3bb97002c7d797e done
2025-08-17T13:19:47.4585697Z #45 extracting sha256:f1b3502db45ad485f0affe43e32fc81d699ddac01c023f198271a0a7e1cecd4c done
2025-08-17T13:19:47.4586794Z #45 extracting sha256:25ef78fb127c1934630de29a3d38f46e544360b1dcf5cfc09b25507fbe88fd75 done
2025-08-17T13:19:47.4587881Z #45 extracting sha256:240810240d04caaaccb11d51ba7c3a7f7d6f470ec2a80ee420a3d33899d9a303 done
2025-08-17T13:19:47.4588593Z #45 DONE 19.0s
2025-08-17T13:19:47.5566627Z 
2025-08-17T13:19:47.5575609Z #49 [api base  4/12] RUN pip install --no-cache-dir -r requirements.txt
2025-08-17T13:19:47.5579091Z #49 15.48    ━━━━━━━━━━━━━━━━━━━━━━━━━━━━━━━━━━━━━━━━ 3.2/3.2 MB 20.4 MB/s eta 0:00:00
2025-08-17T13:19:47.5586895Z #49 15.51 Downloading alembic-1.13.1-py3-none-any.whl (233 kB)
2025-08-17T13:19:47.5587529Z #49 15.52 Downloading psycopg-3.2.9-py3-none-any.whl (202 kB)
2025-08-17T13:19:47.5588154Z #49 15.56 Downloading httpx-0.27.2-py3-none-any.whl (76 kB)
2025-08-17T13:19:47.5589012Z #49 15.57 Downloading asyncpg-0.29.0-cp312-cp312-manylinux_2_17_x86_64.manylinux2014_x86_64.whl (3.3 MB)
2025-08-17T13:19:47.6597280Z #49 15.66    ━━━━━━━━━━━━━━━━━━━━━━━━━━━━━━━━━━━━━━━━ 3.3/3.3 MB 48.3 MB/s eta 0:00:00
2025-08-17T13:19:47.6598262Z #49 15.66 Downloading boto3-1.34.162-py3-none-any.whl (139 kB)
2025-08-17T13:19:47.6599120Z #49 15.67 Downloading jinja2-3.1.5-py3-none-any.whl (134 kB)
2025-08-17T13:19:47.7736849Z #49 15.69 Downloading httpcore-1.0.9-py3-none-any.whl (78 kB)
2025-08-17T13:19:47.7737708Z #49 15.72 Downloading psycopg_binary-3.2.9-cp312-cp312-manylinux_2_17_x86_64.manylinux2014_x86_64.whl (4.4 MB)
2025-08-17T13:19:47.7738932Z #49 15.79    ━━━━━━━━━━━━━━━━━━━━━━━━━━━━━━━━━━━━━━━━ 4.4/4.4 MB 67.6 MB/s eta 0:00:00
2025-08-17T13:19:47.7739582Z #49 15.79 Downloading botocore-1.34.162-py3-none-any.whl (12.5 MB)
2025-08-17T13:19:48.0192863Z #49 15.93    ━━━━━━━━━━━━━━━━━━━━━━━━━━━━━━━━━━━━━━━━ 12.5/12.5 MB 107.7 MB/s eta 0:00:00
2025-08-17T13:19:48.0199603Z #49 15.93 Downloading click-8.2.1-py3-none-any.whl (102 kB)
2025-08-17T13:19:48.0217663Z #49 15.93 Downloading email_validator-2.2.0-py3-none-any.whl (33 kB)
2025-08-17T13:19:48.0220733Z #49 15.94 Downloading fastapi_cli-0.0.8-py3-none-any.whl (10 kB)
2025-08-17T13:19:48.0224188Z #49 15.96 Downloading greenlet-3.2.4-cp312-cp312-manylinux_2_24_x86_64.manylinux_2_28_x86_64.whl (607 kB)
2025-08-17T13:19:48.0227449Z #49 15.99    ━━━━━━━━━━━━━━━━━━━━━━━━━━━━━━━━━━━━━━━━ 607.6/607.6 kB 67.8 MB/s eta 0:00:00
2025-08-17T13:19:48.0229398Z #49 16.00 Downloading h11-0.16.0-py3-none-any.whl (37 kB)
2025-08-17T13:19:48.0251891Z #49 16.01 Downloading idna-3.10-py3-none-any.whl (70 kB)
2025-08-17T13:19:48.0252682Z #49 16.03 Downloading jmespath-1.0.1-py3-none-any.whl (20 kB)
2025-08-17T13:19:48.0253591Z #49 16.03 Downloading MarkupSafe-3.0.2-cp312-cp312-manylinux_2_17_x86_64.manylinux2014_x86_64.whl (23 kB)
2025-08-17T13:19:48.1244245Z #49 16.04 Downloading orjson-3.11.2-cp312-cp312-manylinux_2_17_x86_64.manylinux2014_x86_64.whl (121 kB)
2025-08-17T13:19:48.1253160Z #49 16.06 Downloading pydantic-2.11.7-py3-none-any.whl (444 kB)
2025-08-17T13:19:48.1257225Z #49 16.07 Downloading pydantic_core-2.33.2-cp312-cp312-manylinux_2_17_x86_64.manylinux2014_x86_64.whl (2.0 MB)
2025-08-17T13:19:48.1259105Z #49 16.11    ━━━━━━━━━━━━━━━━━━━━━━━━━━━━━━━━━━━━━━━━ 2.0/2.0 MB 77.1 MB/s eta 0:00:00
2025-08-17T13:19:48.1259816Z #49 16.12 Downloading python_dotenv-1.1.1-py3-none-any.whl (20 kB)
2025-08-17T13:19:48.1260551Z #49 16.12 Downloading python_multipart-0.0.20-py3-none-any.whl (24 kB)
2025-08-17T13:19:48.2280418Z #49 16.14 Downloading s3transfer-0.10.4-py3-none-any.whl (83 kB)
2025-08-17T13:19:48.2281332Z #49 16.15 Downloading starlette-0.37.2-py3-none-any.whl (71 kB)
2025-08-17T13:19:48.2282019Z #49 16.16 Downloading anyio-4.10.0-py3-none-any.whl (107 kB)
2025-08-17T13:19:48.2283236Z #49 16.17 Downloading sniffio-1.3.1-py3-none-any.whl (10 kB)
2025-08-17T13:19:48.2284627Z #49 16.18 Downloading typing_extensions-4.14.1-py3-none-any.whl (43 kB)
2025-08-17T13:19:48.2286982Z #49 16.20 Downloading ujson-5.10.0-cp312-cp312-manylinux_2_17_x86_64.manylinux2014_x86_64.whl (53 kB)
2025-08-17T13:19:48.2316042Z #49 16.21 Downloading certifi-2025.8.3-py3-none-any.whl (161 kB)
2025-08-17T13:19:48.2317433Z #49 16.22 Downloading mako-1.3.10-py3-none-any.whl (78 kB)
2025-08-17T13:19:48.2318695Z #49 16.24 Downloading annotated_types-0.7.0-py3-none-any.whl (13 kB)
2025-08-17T13:19:48.2319787Z #49 16.24 Downloading dnspython-2.7.0-py3-none-any.whl (313 kB)
2025-08-17T13:19:48.3356762Z #49 16.26 Downloading httptools-0.6.4-cp312-cp312-manylinux_2_5_x86_64.manylinux1_x86_64.manylinux_2_17_x86_64.manylinux2014_x86_64.whl (510 kB)
2025-08-17T13:19:48.3376078Z #49 16.28 Downloading python_dateutil-2.9.0.post0-py2.py3-none-any.whl (229 kB)
2025-08-17T13:19:48.3378090Z #49 16.30 Downloading PyYAML-6.0.2-cp312-cp312-manylinux_2_17_x86_64.manylinux2014_x86_64.whl (767 kB)
2025-08-17T13:19:48.3380906Z #49 16.30    ━━━━━━━━━━━━━━━━━━━━━━━━━━━━━━━━━━━━━━━ 767.5/767.5 kB 364.6 MB/s eta 0:00:00
2025-08-17T13:19:48.3381584Z #49 16.31 Downloading rich_toolkit-0.15.0-py3-none-any.whl (29 kB)
2025-08-17T13:19:48.3382169Z #49 16.32 Downloading typer-0.16.0-py3-none-any.whl (46 kB)
2025-08-17T13:19:48.3382783Z #49 16.34 Downloading typing_inspection-0.4.1-py3-none-any.whl (14 kB)
2025-08-17T13:19:48.3383708Z #49 16.35 Downloading urllib3-2.5.0-py3-none-any.whl (129 kB)
2025-08-17T13:19:48.4393803Z #49 16.37 Downloading uvloop-0.21.0-cp312-cp312-manylinux_2_17_x86_64.manylinux2014_x86_64.whl (4.7 MB)
2025-08-17T13:19:48.4397627Z #49 16.42    ━━━━━━━━━━━━━━━━━━━━━━━━━━━━━━━━━━━━━━━━ 4.7/4.7 MB 103.4 MB/s eta 0:00:00
2025-08-17T13:19:48.4398524Z #49 16.43 Downloading watchfiles-1.1.0-cp312-cp312-manylinux_2_17_x86_64.manylinux2014_x86_64.whl (452 kB)
2025-08-17T13:19:48.4410334Z #49 16.44 Downloading websockets-15.0.1-cp312-cp312-manylinux_2_5_x86_64.manylinux1_x86_64.manylinux_2_17_x86_64.manylinux2014_x86_64.whl (182 kB)
2025-08-17T13:19:48.6478016Z #49 16.46 Downloading rich-14.1.0-py3-none-any.whl (243 kB)
2025-08-17T13:19:48.6478817Z #49 16.47 Downloading shellingham-1.5.4-py2.py3-none-any.whl (9.8 kB)
2025-08-17T13:19:48.6479497Z #49 16.47 Downloading six-1.17.0-py2.py3-none-any.whl (11 kB)
2025-08-17T13:19:48.6480127Z #49 16.48 Downloading markdown_it_py-4.0.0-py3-none-any.whl (87 kB)
2025-08-17T13:19:48.6480789Z #49 16.49 Downloading pygments-2.19.2-py3-none-any.whl (1.2 MB)
2025-08-17T13:19:48.6481797Z #49 16.50    ━━━━━━━━━━━━━━━━━━━━━━━━━━━━━━━━━━━━━━━━ 1.2/1.2 MB 437.1 MB/s eta 0:00:00
2025-08-17T13:19:48.6482408Z #49 16.51 Downloading mdurl-0.1.2-py3-none-any.whl (10.0 kB)
2025-08-17T13:19:49.0544132Z #49 16.99 Installing collected packages: websockets, uvloop, urllib3, ujson, typing-extensions, sniffio, six, shellingham, pyyaml, python-multipart, python-dotenv, pygments, psycopg-binary, orjson, mdurl, MarkupSafe, jmespath, idna, httptools, h11, greenlet, dnspython, click, certifi, asyncpg, annotated-types, uvicorn, typing-inspection, sqlalchemy, python-dateutil, pydantic-core, psycopg, markdown-it-py, Mako, Jinja2, httpcore, email_validator, anyio, watchfiles, starlette, rich, pydantic, httpx, botocore, alembic, typer, s3transfer, rich-toolkit, pydantic-settings, fastapi-cli, boto3, fastapi
2025-08-17T13:19:51.0582241Z #49 ...
2025-08-17T13:19:51.0582475Z 
2025-08-17T13:19:51.0583803Z #48 [api stage-1 3/6] RUN set -eux;     if [ -f /etc/apt/sources.list ]; then         sed -i 's|http://deb.debian.org|https://deb.debian.org|g' /etc/apt/sources.list;     fi;     apt-get update;     apt-get install -y --no-install-recommends tzdata postgresql-client curl;     rm -rf /var/lib/apt/lists/*
2025-08-17T13:19:51.0585723Z #48 11.02 Selecting previously unselected package libgdbm-compat4t64:amd64.
2025-08-17T13:19:51.0586497Z #48 11.02 Preparing to unpack .../02-libgdbm-compat4t64_1.24-2_amd64.deb ...
2025-08-17T13:19:51.0587143Z #48 11.04 Unpacking libgdbm-compat4t64:amd64 (1.24-2) ...
2025-08-17T13:19:51.0587757Z #48 11.14 Selecting previously unselected package libperl5.40:amd64.
2025-08-17T13:19:51.0588440Z #48 11.14 Preparing to unpack .../03-libperl5.40_5.40.1-6_amd64.deb ...
2025-08-17T13:19:51.0588977Z #48 11.15 Unpacking libperl5.40:amd64 (5.40.1-6) ...
2025-08-17T13:19:51.0589468Z #48 12.09 Selecting previously unselected package perl.
2025-08-17T13:19:51.0590004Z #48 12.10 Preparing to unpack .../04-perl_5.40.1-6_amd64.deb ...
2025-08-17T13:19:51.0590684Z #48 12.12 Unpacking perl (5.40.1-6) ...
2025-08-17T13:19:51.0591374Z #48 12.25 Selecting previously unselected package libbrotli1:amd64.
2025-08-17T13:19:51.0592125Z #48 12.26 Preparing to unpack .../05-libbrotli1_1.1.0-2+b7_amd64.deb ...
2025-08-17T13:19:51.0592762Z #48 12.27 Unpacking libbrotli1:amd64 (1.1.0-2+b7) ...
2025-08-17T13:19:51.0593442Z #48 12.40 Selecting previously unselected package libkrb5support0:amd64.
2025-08-17T13:19:51.0594204Z #48 12.41 Preparing to unpack .../06-libkrb5support0_1.21.3-5_amd64.deb ...
2025-08-17T13:19:51.0616971Z #48 12.42 Unpacking libkrb5support0:amd64 (1.21.3-5) ...
2025-08-17T13:19:51.0617704Z #48 12.49 Selecting previously unselected package libcom-err2:amd64.
2025-08-17T13:19:51.0641345Z #48 12.49 Preparing to unpack .../07-libcom-err2_1.47.2-3+b3_amd64.deb ...
2025-08-17T13:19:51.0643331Z #48 12.50 Unpacking libcom-err2:amd64 (1.47.2-3+b3) ...
2025-08-17T13:19:51.0645728Z #48 12.56 Selecting previously unselected package libk5crypto3:amd64.
2025-08-17T13:19:51.0646740Z #48 12.57 Preparing to unpack .../08-libk5crypto3_1.21.3-5_amd64.deb ...
2025-08-17T13:19:51.0647393Z #48 12.57 Unpacking libk5crypto3:amd64 (1.21.3-5) ...
2025-08-17T13:19:51.0648010Z #48 12.66 Selecting previously unselected package libkeyutils1:amd64.
2025-08-17T13:19:51.0648687Z #48 12.66 Preparing to unpack .../09-libkeyutils1_1.6.3-6_amd64.deb ...
2025-08-17T13:19:51.0649264Z #48 12.67 Unpacking libkeyutils1:amd64 (1.6.3-6) ...
2025-08-17T13:19:51.0649829Z #48 12.80 Selecting previously unselected package libkrb5-3:amd64.
2025-08-17T13:19:51.0650469Z #48 12.80 Preparing to unpack .../10-libkrb5-3_1.21.3-5_amd64.deb ...
2025-08-17T13:19:51.0651022Z #48 12.81 Unpacking libkrb5-3:amd64 (1.21.3-5) ...
2025-08-17T13:19:51.0651620Z #48 12.97 Selecting previously unselected package libgssapi-krb5-2:amd64.
2025-08-17T13:19:51.0652355Z #48 12.97 Preparing to unpack .../11-libgssapi-krb5-2_1.21.3-5_amd64.deb ...
2025-08-17T13:19:51.0652959Z #48 12.97 Unpacking libgssapi-krb5-2:amd64 (1.21.3-5) ...
2025-08-17T13:19:51.0653578Z #48 13.10 Selecting previously unselected package libunistring5:amd64.
2025-08-17T13:19:51.0654250Z #48 13.10 Preparing to unpack .../12-libunistring5_1.3-2_amd64.deb ...
2025-08-17T13:19:51.0654824Z #48 13.10 Unpacking libunistring5:amd64 (1.3-2) ...
2025-08-17T13:19:51.0655544Z #48 13.24 Selecting previously unselected package libidn2-0:amd64.
2025-08-17T13:19:51.0656183Z #48 13.24 Preparing to unpack .../13-libidn2-0_2.3.8-2_amd64.deb ...
2025-08-17T13:19:51.0656735Z #48 13.25 Unpacking libidn2-0:amd64 (2.3.8-2) ...
2025-08-17T13:19:51.0657333Z #48 13.36 Selecting previously unselected package libsasl2-modules-db:amd64.
2025-08-17T13:19:51.0658339Z #48 13.36 Preparing to unpack .../14-libsasl2-modules-db_2.1.28+dfsg1-9_amd64.deb ...
2025-08-17T13:19:51.0659045Z #48 13.38 Unpacking libsasl2-modules-db:amd64 (2.1.28+dfsg1-9) ...
2025-08-17T13:19:51.0659684Z #48 13.47 Selecting previously unselected package libsasl2-2:amd64.
2025-08-17T13:19:51.0660345Z #48 13.48 Preparing to unpack .../15-libsasl2-2_2.1.28+dfsg1-9_amd64.deb ...
2025-08-17T13:19:51.0660979Z #48 13.49 Unpacking libsasl2-2:amd64 (2.1.28+dfsg1-9) ...
2025-08-17T13:19:51.0661560Z #48 13.66 Selecting previously unselected package libldap2:amd64.
2025-08-17T13:19:51.0662196Z #48 13.66 Preparing to unpack .../16-libldap2_2.6.10+dfsg-1_amd64.deb ...
2025-08-17T13:19:51.0662786Z #48 13.71 Unpacking libldap2:amd64 (2.6.10+dfsg-1) ...
2025-08-17T13:19:51.0663380Z #48 14.34 Selecting previously unselected package libnghttp2-14:amd64.
2025-08-17T13:19:51.0664076Z #48 14.34 Preparing to unpack .../17-libnghttp2-14_1.64.0-1.1_amd64.deb ...
2025-08-17T13:19:51.0664679Z #48 14.37 Unpacking libnghttp2-14:amd64 (1.64.0-1.1) ...
2025-08-17T13:19:51.0710951Z #48 14.93 Selecting previously unselected package libnghttp3-9:amd64.
2025-08-17T13:19:51.0711715Z #48 14.93 Preparing to unpack .../18-libnghttp3-9_1.8.0-1_amd64.deb ...
2025-08-17T13:19:51.0712335Z #48 14.94 Unpacking libnghttp3-9:amd64 (1.8.0-1) ...
2025-08-17T13:19:51.0712961Z #48 15.05 Selecting previously unselected package libpsl5t64:amd64.
2025-08-17T13:19:51.0713659Z #48 15.06 Preparing to unpack .../19-libpsl5t64_0.21.2-1.1+b1_amd64.deb ...
2025-08-17T13:19:51.0714308Z #48 15.07 Unpacking libpsl5t64:amd64 (0.21.2-1.1+b1) ...
2025-08-17T13:19:51.0715073Z #48 15.20 Selecting previously unselected package libp11-kit0:amd64.
2025-08-17T13:19:51.0715817Z #48 15.20 Preparing to unpack .../20-libp11-kit0_0.25.5-3_amd64.deb ...
2025-08-17T13:19:51.0716416Z #48 15.21 Unpacking libp11-kit0:amd64 (0.25.5-3) ...
2025-08-17T13:19:51.0717004Z #48 15.30 Selecting previously unselected package libtasn1-6:amd64.
2025-08-17T13:19:51.0717715Z #48 15.32 Preparing to unpack .../21-libtasn1-6_4.20.0-2_amd64.deb ...
2025-08-17T13:19:51.0718347Z #48 15.32 Unpacking libtasn1-6:amd64 (4.20.0-2) ...
2025-08-17T13:19:51.0718974Z #48 15.39 Selecting previously unselected package libgnutls30t64:amd64.
2025-08-17T13:19:51.0719688Z #48 15.39 Preparing to unpack .../22-libgnutls30t64_3.8.9-3_amd64.deb ...
2025-08-17T13:19:51.0720537Z #48 15.40 Unpacking libgnutls30t64:amd64 (3.8.9-3) ...
2025-08-17T13:19:51.0721144Z #48 15.65 Selecting previously unselected package librtmp1:amd64.
2025-08-17T13:19:51.0721831Z #48 15.65 Preparing to unpack .../23-librtmp1_2.4+20151223.gitfa8646d.1-2+b5_amd64.deb ...
2025-08-17T13:19:51.0722535Z #48 15.65 Unpacking librtmp1:amd64 (2.4+20151223.gitfa8646d.1-2+b5) ...
2025-08-17T13:19:51.0723172Z #48 15.77 Selecting previously unselected package libssh2-1t64:amd64.
2025-08-17T13:19:51.0723813Z #48 15.77 Preparing to unpack .../24-libssh2-1t64_1.11.1-1_amd64.deb ...
2025-08-17T13:19:51.0724370Z #48 15.77 Unpacking libssh2-1t64:amd64 (1.11.1-1) ...
2025-08-17T13:19:51.0725092Z #48 15.86 Selecting previously unselected package libcurl4t64:amd64.
2025-08-17T13:19:51.0725729Z #48 15.86 Preparing to unpack .../25-libcurl4t64_8.14.1-2_amd64.deb ...
2025-08-17T13:19:51.0726269Z #48 15.87 Unpacking libcurl4t64:amd64 (8.14.1-2) ...
2025-08-17T13:19:51.0726772Z #48 15.96 Selecting previously unselected package curl.
2025-08-17T13:19:51.0727302Z #48 15.97 Preparing to unpack .../26-curl_8.14.1-2_amd64.deb ...
2025-08-17T13:19:51.0727780Z #48 15.97 Unpacking curl (8.14.1-2) ...
2025-08-17T13:19:51.0728249Z #48 16.08 Selecting previously unselected package libpq5:amd64.
2025-08-17T13:19:51.0728823Z #48 16.08 Preparing to unpack .../27-libpq5_17.5-1_amd64.deb ...
2025-08-17T13:19:51.0729321Z #48 16.08 Unpacking libpq5:amd64 (17.5-1) ...
2025-08-17T13:19:51.0729907Z #48 16.18 Selecting previously unselected package postgresql-client-common.
2025-08-17T13:19:51.0730646Z #48 16.18 Preparing to unpack .../28-postgresql-client-common_278_all.deb ...
2025-08-17T13:19:51.0731453Z #48 16.20 Unpacking postgresql-client-common (278) ...
2025-08-17T13:19:51.0732058Z #48 16.32 Selecting previously unselected package postgresql-client-17.
2025-08-17T13:19:51.0732747Z #48 16.32 Preparing to unpack .../29-postgresql-client-17_17.5-1_amd64.deb ...
2025-08-17T13:19:51.0733354Z #48 16.32 Unpacking postgresql-client-17 (17.5-1) ...
2025-08-17T13:19:51.0733941Z #48 16.77 Selecting previously unselected package postgresql-client.
2025-08-17T13:19:51.0734610Z #48 16.77 Preparing to unpack .../30-postgresql-client_17+278_all.deb ...
2025-08-17T13:19:51.0805452Z #48 16.79 Unpacking postgresql-client (17+278) ...
2025-08-17T13:19:51.0806002Z #48 16.88 Setting up libkeyutils1:amd64 (1.6.3-6) ...
2025-08-17T13:19:51.0806548Z #48 16.90 Setting up libgdbm-compat4t64:amd64 (1.24-2) ...
2025-08-17T13:19:51.0807085Z #48 16.90 Setting up libbrotli1:amd64 (1.1.0-2+b7) ...
2025-08-17T13:19:51.0807601Z #48 16.90 Setting up libnghttp2-14:amd64 (1.64.0-1.1) ...
2025-08-17T13:19:51.0808154Z #48 16.92 Setting up libcom-err2:amd64 (1.47.2-3+b3) ...
2025-08-17T13:19:51.0808683Z #48 16.92 Setting up libkrb5support0:amd64 (1.21.3-5) ...
2025-08-17T13:19:51.0809278Z #48 16.94 Setting up libsasl2-modules-db:amd64 (2.1.28+dfsg1-9) ...
2025-08-17T13:19:51.0809830Z #48 16.94 Setting up libp11-kit0:amd64 (0.25.5-3) ...
2025-08-17T13:19:51.0810281Z #48 16.95 Setting up libunistring5:amd64 (1.3-2) ...
2025-08-17T13:19:51.0810750Z #48 16.95 Setting up libk5crypto3:amd64 (1.21.3-5) ...
2025-08-17T13:19:51.0811226Z #48 16.97 Setting up libsasl2-2:amd64 (2.1.28+dfsg1-9) ...
2025-08-17T13:19:51.0811672Z #48 16.98 Setting up libnghttp3-9:amd64 (1.8.0-1) ...
2025-08-17T13:19:51.0812092Z #48 16.99 Setting up perl-modules-5.40 (5.40.1-6) ...
2025-08-17T13:19:51.0812498Z #48 17.00 Setting up sensible-utils (0.0.25) ...
2025-08-17T13:19:51.0812916Z #48 17.01 Setting up libtasn1-6:amd64 (4.20.0-2) ...
2025-08-17T13:19:51.0813321Z #48 17.03 Setting up libkrb5-3:amd64 (1.21.3-5) ...
2025-08-17T13:19:51.0813735Z #48 17.03 Setting up libssh2-1t64:amd64 (1.11.1-1) ...
2025-08-17T13:19:51.0814158Z #48 17.03 Setting up libldap2:amd64 (2.6.10+dfsg-1) ...
2025-08-17T13:19:51.0814580Z #48 17.05 Setting up libidn2-0:amd64 (2.3.8-2) ...
2025-08-17T13:19:51.0815232Z #48 17.07 Setting up libperl5.40:amd64 (5.40.1-6) ...
2025-08-17T13:19:51.0815637Z #48 17.08 Setting up perl (5.40.1-6) ...
2025-08-17T13:19:51.0816318Z #48 17.11 Setting up libgssapi-krb5-2:amd64 (1.21.3-5) ...
2025-08-17T13:19:51.0816799Z #48 17.12 Setting up libgnutls30t64:amd64 (3.8.9-3) ...
2025-08-17T13:19:51.0817261Z #48 17.13 Setting up postgresql-client-common (278) ...
2025-08-17T13:19:51.0817723Z #48 17.18 Setting up libpsl5t64:amd64 (0.21.2-1.1+b1) ...
2025-08-17T13:19:51.0818160Z #48 17.20 Setting up libpq5:amd64 (17.5-1) ...
2025-08-17T13:19:51.0818675Z #48 17.21 Setting up librtmp1:amd64 (2.4+20151223.gitfa8646d.1-2+b5) ...
2025-08-17T13:19:51.0819202Z #48 17.23 Setting up libcurl4t64:amd64 (8.14.1-2) ...
2025-08-17T13:19:51.0819686Z #48 17.24 Setting up postgresql-client-17 (17.5-1) ...
2025-08-17T13:19:51.0820672Z #48 18.14 update-alternatives: using /usr/share/postgresql/17/man/man1/psql.1.gz to provide /usr/share/man/man1/psql.1.gz (psql.1.gz) in auto mode
2025-08-17T13:19:51.0821670Z #48 18.32 Setting up curl (8.14.1-2) ...
2025-08-17T13:19:51.0822136Z #48 18.33 Setting up postgresql-client (17+278) ...
2025-08-17T13:19:51.0822650Z #48 18.34 Processing triggers for libc-bin (2.41-12) ...
2025-08-17T13:19:51.0827223Z #48 18.48 + rm -rf /var/lib/apt/lists/auxfiles /var/lib/apt/lists/deb.debian.org_debian-security_dists_trixie-security_InRelease /var/lib/apt/lists/deb.debian.org_debian-security_dists_trixie-security_main_binary-amd64_Packages.lz4 /var/lib/apt/lists/deb.debian.org_debian_dists_trixie-updates_InRelease /var/lib/apt/lists/deb.debian.org_debian_dists_trixie-updates_main_binary-amd64_Packages.lz4 /var/lib/apt/lists/deb.debian.org_debian_dists_trixie_InRelease /var/lib/apt/lists/deb.debian.org_debian_dists_trixie_main_binary-amd64_Packages.lz4 /var/lib/apt/lists/lock /var/lib/apt/lists/partial
2025-08-17T13:19:51.0830611Z #48 DONE 19.0s
2025-08-17T13:19:51.1649945Z 
2025-08-17T13:19:51.1652472Z #47 [repricer base 4/5] RUN if [ -n "" ] && [ -f "" ]; then         pip install -r requirements.txt -c "";     else         pip install -r requirements.txt;     fi
2025-08-17T13:19:51.1701813Z #47 10.50 Collecting greenlet!=0.4.17 (from sqlalchemy==2.0.29->-r requirements.txt (line 5))
2025-08-17T13:19:51.1702912Z #47 10.52   Downloading greenlet-3.2.4-cp312-cp312-manylinux_2_24_x86_64.manylinux_2_28_x86_64.whl.metadata (4.1 kB)
2025-08-17T13:19:51.1708402Z #47 11.70 Collecting botocore<1.41.0,>=1.40.11 (from boto3<2,>=1.16.39->python-amazon-sp-api==0.8.0->-r requirements.txt (line 3))
2025-08-17T13:19:51.1709700Z #47 11.71   Downloading botocore-1.40.11-py3-none-any.whl.metadata (5.7 kB)
2025-08-17T13:19:51.1710695Z #47 11.75 Collecting jmespath<2.0.0,>=0.7.1 (from boto3<2,>=1.16.39->python-amazon-sp-api==0.8.0->-r requirements.txt (line 3))
2025-08-17T13:19:51.1711684Z #47 11.77   Downloading jmespath-1.0.1-py3-none-any.whl.metadata (7.6 kB)
2025-08-17T13:19:51.1712661Z #47 11.82 Collecting s3transfer<0.14.0,>=0.13.0 (from boto3<2,>=1.16.39->python-amazon-sp-api==0.8.0->-r requirements.txt (line 3))
2025-08-17T13:19:51.1713663Z #47 11.83   Downloading s3transfer-0.13.1-py3-none-any.whl.metadata (1.7 kB)
2025-08-17T13:19:51.1714552Z #47 11.98 Collecting pyyaml (from confuse~=1.4.0->python-amazon-sp-api==0.8.0->-r requirements.txt (line 3))
2025-08-17T13:19:51.1715768Z #47 11.99   Downloading PyYAML-6.0.2-cp312-cp312-manylinux_2_17_x86_64.manylinux2014_x86_64.whl.metadata (2.1 kB)
2025-08-17T13:19:51.1716902Z #47 12.06 Collecting dnspython>=2.0.0 (from email_validator>=2.0.0->fastapi==0.111.0->-r requirements.txt (line 4))
2025-08-17T13:19:51.1717841Z #47 12.08   Downloading dnspython-2.7.0-py3-none-any.whl.metadata (5.8 kB)
2025-08-17T13:19:51.1718748Z #47 12.16 Collecting idna>=2.0.0 (from email_validator>=2.0.0->fastapi==0.111.0->-r requirements.txt (line 4))
2025-08-17T13:19:51.1719502Z #47 12.18   Downloading idna-3.10-py3-none-any.whl.metadata (10 kB)
2025-08-17T13:19:51.1720318Z #47 12.25 Collecting typer>=0.15.1 (from fastapi-cli>=0.0.2->fastapi==0.111.0->-r requirements.txt (line 4))
2025-08-17T13:19:51.1721144Z #47 12.26   Downloading typer-0.16.0-py3-none-any.whl.metadata (15 kB)
2025-08-17T13:19:51.1722330Z #47 12.34 Collecting rich-toolkit>=0.14.8 (from fastapi-cli>=0.0.2->fastapi==0.111.0->-r requirements.txt (line 4))
2025-08-17T13:19:51.1723293Z #47 12.36   Downloading rich_toolkit-0.15.0-py3-none-any.whl.metadata (1.0 kB)
2025-08-17T13:19:51.1724126Z #47 12.43 Collecting anyio (from httpx>=0.23.0->fastapi==0.111.0->-r requirements.txt (line 4))
2025-08-17T13:19:51.1755645Z #47 12.44   Downloading anyio-4.10.0-py3-none-any.whl.metadata (4.0 kB)
2025-08-17T13:19:51.1756548Z #47 12.51 Collecting certifi (from httpx>=0.23.0->fastapi==0.111.0->-r requirements.txt (line 4))
2025-08-17T13:19:51.1757450Z #47 12.52   Downloading certifi-2025.8.3-py3-none-any.whl.metadata (2.4 kB)
2025-08-17T13:19:51.1758366Z #47 12.59 Collecting httpcore==1.* (from httpx>=0.23.0->fastapi==0.111.0->-r requirements.txt (line 4))
2025-08-17T13:19:51.1759263Z #47 12.60   Downloading httpcore-1.0.9-py3-none-any.whl.metadata (21 kB)
2025-08-17T13:19:51.1760146Z #47 12.78 Collecting MarkupSafe>=2.0 (from jinja2>=2.11.2->fastapi==0.111.0->-r requirements.txt (line 4))
2025-08-17T13:19:51.1761265Z #47 12.79   Downloading MarkupSafe-3.0.2-cp312-cp312-manylinux_2_17_x86_64.manylinux2014_x86_64.whl.metadata (4.0 kB)
2025-08-17T13:19:51.1762478Z #47 12.84 Collecting annotated-types>=0.6.0 (from pydantic>=2.3.0->pydantic-settings==2.2.1->-r requirements.txt (line 2))
2025-08-17T13:19:51.1763521Z #47 12.85   Downloading annotated_types-0.7.0-py3-none-any.whl.metadata (15 kB)
2025-08-17T13:19:51.1764550Z #47 13.99 Collecting pydantic-core==2.33.2 (from pydantic>=2.3.0->pydantic-settings==2.2.1->-r requirements.txt (line 2))
2025-08-17T13:19:51.1765992Z #47 14.12   Downloading pydantic_core-2.33.2-cp312-cp312-manylinux_2_17_x86_64.manylinux2014_x86_64.whl.metadata (6.8 kB)
2025-08-17T13:19:51.1767540Z #47 14.32 Collecting typing-inspection>=0.4.0 (from pydantic>=2.3.0->pydantic-settings==2.2.1->-r requirements.txt (line 2))
2025-08-17T13:19:51.1768619Z #47 14.36   Downloading typing_inspection-0.4.1-py3-none-any.whl.metadata (2.6 kB)
2025-08-17T13:19:51.1769637Z #47 14.92 Collecting httptools>=0.5.0 (from uvicorn[standard]>=0.12.0->fastapi==0.111.0->-r requirements.txt (line 4))
2025-08-17T13:19:51.1771007Z #47 14.93   Downloading httptools-0.6.4-cp312-cp312-manylinux_2_5_x86_64.manylinux1_x86_64.manylinux_2_17_x86_64.manylinux2014_x86_64.whl.metadata (3.6 kB)
2025-08-17T13:19:51.1772394Z #47 15.15 Collecting uvloop!=0.15.0,!=0.15.1,>=0.14.0 (from uvicorn[standard]>=0.12.0->fastapi==0.111.0->-r requirements.txt (line 4))
2025-08-17T13:19:51.1773522Z #47 15.16   Downloading uvloop-0.21.0-cp312-cp312-manylinux_2_17_x86_64.manylinux2014_x86_64.whl.metadata (4.9 kB)
2025-08-17T13:19:51.1774651Z #47 15.36 Collecting watchfiles>=0.13 (from uvicorn[standard]>=0.12.0->fastapi==0.111.0->-r requirements.txt (line 4))
2025-08-17T13:19:51.1776023Z #47 15.38   Downloading watchfiles-1.1.0-cp312-cp312-manylinux_2_17_x86_64.manylinux2014_x86_64.whl.metadata (4.9 kB)
2025-08-17T13:19:51.1777229Z #47 15.59 Collecting websockets>=10.4 (from uvicorn[standard]>=0.12.0->fastapi==0.111.0->-r requirements.txt (line 4))
2025-08-17T13:19:51.1778626Z #47 15.60   Downloading websockets-15.0.1-cp312-cp312-manylinux_2_5_x86_64.manylinux1_x86_64.manylinux_2_17_x86_64.manylinux2014_x86_64.whl.metadata (6.8 kB)
2025-08-17T13:19:51.1780065Z #47 15.82 Collecting charset_normalizer<4,>=2 (from requests->python-amazon-sp-api==0.8.0->-r requirements.txt (line 3))
2025-08-17T13:19:51.1781458Z #47 15.83   Downloading charset_normalizer-3.4.3-cp312-cp312-manylinux2014_x86_64.manylinux_2_17_x86_64.manylinux_2_28_x86_64.whl.metadata (36 kB)
2025-08-17T13:19:51.1782679Z #47 15.94 Collecting urllib3<3,>=1.21.1 (from requests->python-amazon-sp-api==0.8.0->-r requirements.txt (line 3))
2025-08-17T13:19:51.1783648Z #47 15.95   Downloading urllib3-2.5.0-py3-none-any.whl.metadata (6.5 kB)
2025-08-17T13:19:51.1784547Z #47 16.05 Collecting sniffio>=1.1 (from anyio->httpx>=0.23.0->fastapi==0.111.0->-r requirements.txt (line 4))
2025-08-17T13:19:51.1839170Z #47 16.05   Downloading sniffio-1.3.1-py3-none-any.whl.metadata (3.9 kB)
2025-08-17T13:19:51.1840355Z #47 16.14 Collecting python-dateutil<3.0.0,>=2.1 (from botocore<1.41.0,>=1.40.11->boto3<2,>=1.16.39->python-amazon-sp-api==0.8.0->-r requirements.txt (line 3))
2025-08-17T13:19:51.1841621Z #47 16.15   Downloading python_dateutil-2.9.0.post0-py2.py3-none-any.whl.metadata (8.4 kB)
2025-08-17T13:19:51.1842735Z #47 16.35 Collecting rich>=13.7.1 (from rich-toolkit>=0.14.8->fastapi-cli>=0.0.2->fastapi==0.111.0->-r requirements.txt (line 4))
2025-08-17T13:19:51.1843699Z #47 16.36   Downloading rich-14.1.0-py3-none-any.whl.metadata (18 kB)
2025-08-17T13:19:51.1844658Z #47 16.95 Collecting shellingham>=1.3.0 (from typer>=0.15.1->fastapi-cli>=0.0.2->fastapi==0.111.0->-r requirements.txt (line 4))
2025-08-17T13:19:51.1845940Z #47 16.96   Downloading shellingham-1.5.4-py2.py3-none-any.whl.metadata (3.5 kB)
2025-08-17T13:19:51.1847122Z #47 17.14 Collecting markdown-it-py>=2.2.0 (from rich>=13.7.1->rich-toolkit>=0.14.8->fastapi-cli>=0.0.2->fastapi==0.111.0->-r requirements.txt (line 4))
2025-08-17T13:19:51.1848273Z #47 17.15   Downloading markdown_it_py-4.0.0-py3-none-any.whl.metadata (7.3 kB)
2025-08-17T13:19:51.1849376Z #47 17.24 Collecting pygments<3.0.0,>=2.13.0 (from rich>=13.7.1->rich-toolkit>=0.14.8->fastapi-cli>=0.0.2->fastapi==0.111.0->-r requirements.txt (line 4))
2025-08-17T13:19:51.1850456Z #47 17.25   Downloading pygments-2.19.2-py3-none-any.whl.metadata (2.5 kB)
2025-08-17T13:19:51.1851577Z #47 17.31 Collecting mdurl~=0.1 (from markdown-it-py>=2.2.0->rich>=13.7.1->rich-toolkit>=0.14.8->fastapi-cli>=0.0.2->fastapi==0.111.0->-r requirements.txt (line 4))
2025-08-17T13:19:51.1852699Z #47 17.33   Downloading mdurl-0.1.2-py3-none-any.whl.metadata (1.6 kB)
2025-08-17T13:19:51.1853638Z #47 17.37 Downloading uvicorn-0.29.0-py3-none-any.whl (60 kB)
2025-08-17T13:19:51.1854331Z #47 17.39 Downloading pydantic_settings-2.2.1-py3-none-any.whl (13 kB)
2025-08-17T13:19:51.1855283Z #47 17.41 Downloading python_amazon_sp_api-0.8.0-py3-none-any.whl (93 kB)
2025-08-17T13:19:51.1880423Z #47 17.43 Downloading fastapi-0.111.0-py3-none-any.whl (91 kB)
2025-08-17T13:19:51.1881429Z #47 17.45 Downloading SQLAlchemy-2.0.29-cp312-cp312-manylinux_2_17_x86_64.manylinux2014_x86_64.whl (3.2 MB)
2025-08-17T13:19:51.1882700Z #47 17.53    ━━━━━━━━━━━━━━━━━━━━━━━━━━━━━━━━━━━━━━━━ 3.2/3.2 MB 44.8 MB/s eta 0:00:00
2025-08-17T13:19:51.1883296Z #47 17.55 Downloading boto3-1.40.11-py3-none-any.whl (140 kB)
2025-08-17T13:19:51.1883927Z #47 17.57 Downloading cachetools-4.2.4-py3-none-any.whl (10 kB)
2025-08-17T13:19:51.1884542Z #47 17.58 Downloading click-8.2.1-py3-none-any.whl (102 kB)
2025-08-17T13:19:51.1887230Z #47 17.60 Downloading confuse-1.4.0-py2.py3-none-any.whl (21 kB)
2025-08-17T13:19:51.1887982Z #47 17.62 Downloading email_validator-2.2.0-py3-none-any.whl (33 kB)
2025-08-17T13:19:51.1888674Z #47 17.64 Downloading fastapi_cli-0.0.8-py3-none-any.whl (10 kB)
2025-08-17T13:19:51.1889529Z #47 17.65 Downloading greenlet-3.2.4-cp312-cp312-manylinux_2_24_x86_64.manylinux_2_28_x86_64.whl (607 kB)
2025-08-17T13:19:51.1890994Z #47 17.68    ━━━━━━━━━━━━━━━━━━━━━━━━━━━━━━━━━━━━━━━━ 607.6/607.6 kB 25.7 MB/s eta 0:00:00
2025-08-17T13:19:51.1891586Z #47 17.69 Downloading h11-0.16.0-py3-none-any.whl (37 kB)
2025-08-17T13:19:51.1892098Z #47 17.71 Downloading httpx-0.28.1-py3-none-any.whl (73 kB)
2025-08-17T13:19:51.1892787Z #47 17.72 Downloading httpcore-1.0.9-py3-none-any.whl (78 kB)
2025-08-17T13:19:51.1893425Z #47 17.74 Downloading jinja2-3.1.6-py3-none-any.whl (134 kB)
2025-08-17T13:19:51.1894135Z #47 17.77 Downloading orjson-3.11.2-cp312-cp312-manylinux_2_17_x86_64.manylinux2014_x86_64.whl (121 kB)
2025-08-17T13:19:51.1894854Z #47 17.81 Downloading pydantic-2.11.7-py3-none-any.whl (444 kB)
2025-08-17T13:19:51.1895818Z #47 17.84 Downloading pydantic_core-2.33.2-cp312-cp312-manylinux_2_17_x86_64.manylinux2014_x86_64.whl (2.0 MB)
2025-08-17T13:19:51.1896742Z #47 17.89    ━━━━━━━━━━━━━━━━━━━━━━━━━━━━━━━━━━━━━━━━ 2.0/2.0 MB 39.6 MB/s eta 0:00:00
2025-08-17T13:19:51.1897580Z #47 17.90 Downloading python_dotenv-1.1.1-py3-none-any.whl (20 kB)
2025-08-17T13:19:51.1898191Z #47 17.92 Downloading python_multipart-0.0.20-py3-none-any.whl (24 kB)
2025-08-17T13:19:51.1898762Z #47 17.93 Downloading six-1.17.0-py2.py3-none-any.whl (11 kB)
2025-08-17T13:19:51.1899296Z #47 17.96 Downloading starlette-0.37.2-py3-none-any.whl (71 kB)
2025-08-17T13:19:51.1899882Z #47 17.98 Downloading typing_extensions-4.14.1-py3-none-any.whl (43 kB)
2025-08-17T13:19:51.1900638Z #47 18.00 Downloading ujson-5.10.0-cp312-cp312-manylinux_2_17_x86_64.manylinux2014_x86_64.whl (53 kB)
2025-08-17T13:19:51.1901567Z #47 18.02 Downloading pycryptodome-3.23.0-cp37-abi3-manylinux_2_17_x86_64.manylinux2014_x86_64.whl (2.3 MB)
2025-08-17T13:19:51.1902494Z #47 18.08    ━━━━━━━━━━━━━━━━━━━━━━━━━━━━━━━━━━━━━━━━ 2.3/2.3 MB 44.7 MB/s eta 0:00:00
2025-08-17T13:19:51.1903015Z #47 18.09 Downloading pytz-2025.2-py2.py3-none-any.whl (509 kB)
2025-08-17T13:19:51.1903543Z #47 18.13 Downloading requests-2.32.4-py3-none-any.whl (64 kB)
2025-08-17T13:19:51.1904114Z #47 18.15 Downloading annotated_types-0.7.0-py3-none-any.whl (13 kB)
2025-08-17T13:19:51.1904660Z #47 18.18 Downloading anyio-4.10.0-py3-none-any.whl (107 kB)
2025-08-17T13:19:51.1905468Z #47 18.21 Downloading botocore-1.40.11-py3-none-any.whl (14.0 MB)
2025-08-17T13:19:51.1906156Z #47 18.37    ━━━━━━━━━━━━━━━━━━━━━━━━━━━━━━━━━━━━━━━━ 14.0/14.0 MB 87.1 MB/s eta 0:00:00
2025-08-17T13:19:51.1906691Z #47 18.37 Downloading certifi-2025.8.3-py3-none-any.whl (161 kB)
2025-08-17T13:19:51.1907570Z #47 18.42 Downloading charset_normalizer-3.4.3-cp312-cp312-manylinux2014_x86_64.manylinux_2_17_x86_64.manylinux_2_28_x86_64.whl (151 kB)
2025-08-17T13:19:51.1908700Z #47 18.43 Downloading dnspython-2.7.0-py3-none-any.whl (313 kB)
2025-08-17T13:19:51.1909589Z #47 18.47 Downloading httptools-0.6.4-cp312-cp312-manylinux_2_5_x86_64.manylinux1_x86_64.manylinux_2_17_x86_64.manylinux2014_x86_64.whl (510 kB)
2025-08-17T13:19:51.1910457Z #47 18.50 Downloading idna-3.10-py3-none-any.whl (70 kB)
2025-08-17T13:19:51.1910966Z #47 18.52 Downloading jmespath-1.0.1-py3-none-any.whl (20 kB)
2025-08-17T13:19:51.1911701Z #47 18.54 Downloading MarkupSafe-3.0.2-cp312-cp312-manylinux_2_17_x86_64.manylinux2014_x86_64.whl (23 kB)
2025-08-17T13:19:51.1912590Z #47 18.57 Downloading PyYAML-6.0.2-cp312-cp312-manylinux_2_17_x86_64.manylinux2014_x86_64.whl (767 kB)
2025-08-17T13:19:51.1913437Z #47 18.75    ━━━━━━━━━━━━━━━━━━━━━━━━━━━━━━━━━━━━━━━━ 767.5/767.5 kB 3.3 MB/s eta 0:00:00
2025-08-17T13:19:51.1913982Z #47 18.77 Downloading rich_toolkit-0.15.0-py3-none-any.whl (29 kB)
2025-08-17T13:19:51.1914533Z #47 18.82 Downloading s3transfer-0.13.1-py3-none-any.whl (85 kB)
2025-08-17T13:19:51.1915269Z #47 18.92 Downloading typer-0.16.0-py3-none-any.whl (46 kB)
2025-08-17T13:19:51.1915840Z #47 18.95 Downloading typing_inspection-0.4.1-py3-none-any.whl (14 kB)
2025-08-17T13:19:51.1916462Z #47 18.96 Downloading urllib3-2.5.0-py3-none-any.whl (129 kB)
2025-08-17T13:19:51.1917153Z #47 18.98 Downloading uvloop-0.21.0-cp312-cp312-manylinux_2_17_x86_64.manylinux2014_x86_64.whl (4.7 MB)
2025-08-17T13:19:51.1918057Z #47 19.09    ━━━━━━━━━━━━━━━━━━━━━━━━━━━━━━━━━━━━━━━━ 4.7/4.7 MB 47.1 MB/s eta 0:00:00
2025-08-17T13:19:51.1918813Z #47 19.11 Downloading watchfiles-1.1.0-cp312-cp312-manylinux_2_17_x86_64.manylinux2014_x86_64.whl (452 kB)
2025-08-17T13:19:51.1919906Z #47 19.14 Downloading websockets-15.0.1-cp312-cp312-manylinux_2_5_x86_64.manylinux1_x86_64.manylinux_2_17_x86_64.manylinux2014_x86_64.whl (182 kB)
2025-08-17T13:19:51.1920904Z #47 19.15 Downloading python_dateutil-2.9.0.post0-py2.py3-none-any.whl (229 kB)
2025-08-17T13:19:51.1921510Z #47 19.18 Downloading rich-14.1.0-py3-none-any.whl (243 kB)
2025-08-17T13:19:51.1922073Z #47 19.19 Downloading shellingham-1.5.4-py2.py3-none-any.whl (9.8 kB)
2025-08-17T13:19:51.2686019Z #47 19.22 Downloading sniffio-1.3.1-py3-none-any.whl (10 kB)
2025-08-17T13:19:51.2686821Z #47 19.24 Downloading markdown_it_py-4.0.0-py3-none-any.whl (87 kB)
2025-08-17T13:19:51.2687900Z #47 19.26 Downloading pygments-2.19.2-py3-none-any.whl (1.2 MB)
2025-08-17T13:19:51.2689732Z #47 19.30    ━━━━━━━━━━━━━━━━━━━━━━━━━━━━━━━━━━━━━━━━ 1.2/1.2 MB 34.4 MB/s eta 0:00:00
2025-08-17T13:19:51.3734142Z #47 ...
2025-08-17T13:19:51.3739066Z 
2025-08-17T13:19:51.3739896Z #51 [fees_h10 base 4/6] RUN if [ -n "" ] && [ -f "fees_h10/" ]; then         pip install -r fees_h10/requirements.txt -c fees_h10/;     else         pip install -r fees_h10/requirements.txt;     fi
2025-08-17T13:19:51.3788098Z #51 18.81 Successfully installed PyJWT-2.10.1 amqp-5.3.1 anyio-4.10.0 asyncpg-0.30.0 billiard-4.2.1 celery-5.4.0 certifi-2025.8.3 click-8.2.1 click-didyoumean-0.3.1 click-plugins-1.1.1.2 click-repl-0.3.0 greenlet-3.2.4 h11-0.16.0 httpcore-1.0.9 httpx-0.28.1 idna-3.10 kombu-5.5.4 packaging-25.0 prompt-toolkit-3.0.51 python-dateutil-2.9.0.post0 redis-5.3.1 six-1.17.0 sniffio-1.3.1 sqlalchemy-2.0.43 typing-extensions-4.14.1 tzdata-2025.2 vine-5.1.0 wcwidth-0.2.13
2025-08-17T13:19:51.3793059Z #51 18.81 WARNING: Running pip as the 'root' user can result in broken permissions and conflicting behaviour with the system package manager, possibly rendering your system unusable. It is recommended to use a virtual environment instead: https://pip.pypa.io/warnings/venv. Use the --root-user-action option if you know what you are doing and want to suppress this warning.
2025-08-17T13:19:51.3795723Z #51 18.98 
2025-08-17T13:19:51.3796377Z #51 18.98 [notice] A new release of pip is available: 25.0.1 -> 25.2
2025-08-17T13:19:51.3797224Z #51 18.98 [notice] To update, run: pip install --upgrade pip
2025-08-17T13:19:51.3797713Z #51 DONE 19.4s
2025-08-17T13:19:51.3797894Z 
2025-08-17T13:19:51.3798685Z #47 [repricer base 4/5] RUN if [ -n "" ] && [ -f "" ]; then         pip install -r requirements.txt -c "";     else         pip install -r requirements.txt;     fi
2025-08-17T13:19:51.3799940Z #47 19.31 Downloading mdurl-0.1.2-py3-none-any.whl (10.0 kB)
2025-08-17T13:19:51.3800434Z #47 ...
2025-08-17T13:19:51.3800587Z 
2025-08-17T13:19:51.3800731Z #54 [fees_h10 base 5/6] COPY . ./fees_h10
2025-08-17T13:19:51.5316114Z #54 DONE 0.1s
2025-08-17T13:19:51.5345350Z 
2025-08-17T13:19:51.5345675Z #55 [fees_h10 base 6/6] COPY start.sh ./start.sh
2025-08-17T13:19:51.5346202Z #55 DONE 0.1s
2025-08-17T13:19:51.5346430Z 
2025-08-17T13:19:51.5347044Z #52 [etl base 4/5] RUN if [ -n "" ] && [ -f "" ]; then         pip install -r requirements.txt -c "";     else         pip install -r requirements.txt;     fi
2025-08-17T13:19:51.5348272Z #52 11.53 Collecting botocore<1.41.0,>=1.40.11 (from boto3<2,>=1.16.39->python-amazon-sp-api==0.8.0->-r requirements.txt (line 3))
2025-08-17T13:19:51.5349182Z #52 11.55   Downloading botocore-1.40.11-py3-none-any.whl.metadata (5.7 kB)
2025-08-17T13:19:51.5350120Z #52 11.67 Collecting jmespath<2.0.0,>=0.7.1 (from boto3<2,>=1.16.39->python-amazon-sp-api==0.8.0->-r requirements.txt (line 3))
2025-08-17T13:19:51.5351045Z #52 11.68   Downloading jmespath-1.0.1-py3-none-any.whl.metadata (7.6 kB)
2025-08-17T13:19:51.5351989Z #52 11.75 Collecting s3transfer<0.14.0,>=0.13.0 (from boto3<2,>=1.16.39->python-amazon-sp-api==0.8.0->-r requirements.txt (line 3))
2025-08-17T13:19:51.5352942Z #52 11.77   Downloading s3transfer-0.13.1-py3-none-any.whl.metadata (1.7 kB)
2025-08-17T13:19:51.5353886Z #52 11.86 Collecting pyyaml (from confuse~=1.4.0->python-amazon-sp-api==0.8.0->-r requirements.txt (line 3))
2025-08-17T13:19:51.5355672Z #52 11.89   Downloading PyYAML-6.0.2-cp312-cp312-manylinux_2_17_x86_64.manylinux2014_x86_64.whl.metadata (2.1 kB)
2025-08-17T13:19:51.5356768Z #52 11.97 Collecting python-dateutil>=2.8.2 (from pandas<=3.0->keepa==1.3.14->-r requirements.txt (line 1))
2025-08-17T13:19:51.5357761Z #52 11.98   Downloading python_dateutil-2.9.0.post0-py2.py3-none-any.whl.metadata (8.4 kB)
2025-08-17T13:19:51.5358720Z #52 12.05 Collecting tzdata>=2022.7 (from pandas<=3.0->keepa==1.3.14->-r requirements.txt (line 1))
2025-08-17T13:19:51.5359543Z #52 12.06   Downloading tzdata-2025.2-py2.py3-none-any.whl.metadata (1.4 kB)
2025-08-17T13:19:51.5360690Z #52 12.11 Collecting annotated-types>=0.6.0 (from pydantic->keepa==1.3.14->-r requirements.txt (line 1))
2025-08-17T13:19:51.5361602Z #52 12.12   Downloading annotated_types-0.7.0-py3-none-any.whl.metadata (15 kB)
2025-08-17T13:19:51.5362502Z #52 13.61 Collecting pydantic-core==2.33.2 (from pydantic->keepa==1.3.14->-r requirements.txt (line 1))
2025-08-17T13:19:51.5363652Z #52 13.62   Downloading pydantic_core-2.33.2-cp312-cp312-manylinux_2_17_x86_64.manylinux2014_x86_64.whl.metadata (6.8 kB)
2025-08-17T13:19:51.5364820Z #52 14.28 Collecting typing-extensions>=4.12.2 (from pydantic->keepa==1.3.14->-r requirements.txt (line 1))
2025-08-17T13:19:51.5386304Z #52 14.29   Downloading typing_extensions-4.14.1-py3-none-any.whl.metadata (3.0 kB)
2025-08-17T13:19:51.5387325Z #52 14.64 Collecting typing-inspection>=0.4.0 (from pydantic->keepa==1.3.14->-r requirements.txt (line 1))
2025-08-17T13:19:51.5388315Z #52 14.66   Downloading typing_inspection-0.4.1-py3-none-any.whl.metadata (2.6 kB)
2025-08-17T13:19:51.5389296Z #52 14.99 Collecting charset_normalizer<4,>=2 (from requests>=2.2->keepa==1.3.14->-r requirements.txt (line 1))
2025-08-17T13:19:51.5390629Z #52 15.00   Downloading charset_normalizer-3.4.3-cp312-cp312-manylinux2014_x86_64.manylinux_2_17_x86_64.manylinux_2_28_x86_64.whl.metadata (36 kB)
2025-08-17T13:19:51.5391860Z #52 15.08 Collecting idna<4,>=2.5 (from requests>=2.2->keepa==1.3.14->-r requirements.txt (line 1))
2025-08-17T13:19:51.5392670Z #52 15.09   Downloading idna-3.10-py3-none-any.whl.metadata (10 kB)
2025-08-17T13:19:51.5393550Z #52 15.20 Collecting aiohappyeyeballs>=2.5.0 (from aiohttp->keepa==1.3.14->-r requirements.txt (line 1))
2025-08-17T13:19:51.5394548Z #52 15.21   Downloading aiohappyeyeballs-2.6.1-py3-none-any.whl.metadata (5.9 kB)
2025-08-17T13:19:51.5426364Z #52 15.25 Collecting aiosignal>=1.4.0 (from aiohttp->keepa==1.3.14->-r requirements.txt (line 1))
2025-08-17T13:19:51.5427240Z #52 15.26   Downloading aiosignal-1.4.0-py3-none-any.whl.metadata (3.7 kB)
2025-08-17T13:19:51.5428052Z #52 15.32 Collecting attrs>=17.3.0 (from aiohttp->keepa==1.3.14->-r requirements.txt (line 1))
2025-08-17T13:19:51.5428884Z #52 15.33   Downloading attrs-25.3.0-py3-none-any.whl.metadata (10 kB)
2025-08-17T13:19:51.5429688Z #52 15.52 Collecting frozenlist>=1.1.1 (from aiohttp->keepa==1.3.14->-r requirements.txt (line 1))
2025-08-17T13:19:51.5430910Z #52 15.56   Downloading frozenlist-1.7.0-cp312-cp312-manylinux_2_5_x86_64.manylinux1_x86_64.manylinux_2_17_x86_64.manylinux2014_x86_64.whl.metadata (18 kB)
2025-08-17T13:19:51.5432117Z #52 16.18 Collecting multidict<7.0,>=4.5 (from aiohttp->keepa==1.3.14->-r requirements.txt (line 1))
2025-08-17T13:19:51.5433252Z #52 16.19   Downloading multidict-6.6.4-cp312-cp312-manylinux2014_x86_64.manylinux_2_17_x86_64.manylinux_2_28_x86_64.whl.metadata (5.3 kB)
2025-08-17T13:19:51.5434390Z #52 16.30 Collecting propcache>=0.2.0 (from aiohttp->keepa==1.3.14->-r requirements.txt (line 1))
2025-08-17T13:19:51.5435609Z #52 16.30   Downloading propcache-0.3.2-cp312-cp312-manylinux_2_17_x86_64.manylinux2014_x86_64.whl.metadata (12 kB)
2025-08-17T13:19:51.5436647Z #52 16.96 Collecting yarl<2.0,>=1.17.0 (from aiohttp->keepa==1.3.14->-r requirements.txt (line 1))
2025-08-17T13:19:51.5437600Z #52 16.97   Downloading yarl-1.20.1-cp312-cp312-manylinux_2_17_x86_64.manylinux2014_x86_64.whl.metadata (73 kB)
2025-08-17T13:19:51.5438427Z #52 17.48 Downloading keepa-1.3.14-py3-none-any.whl (33 kB)
2025-08-17T13:19:51.5439001Z #52 17.50 Downloading minio-7.1.15-py3-none-any.whl (77 kB)
2025-08-17T13:19:51.5439635Z #52 17.53 Downloading python_amazon_sp_api-0.8.0-py3-none-any.whl (93 kB)
2025-08-17T13:19:51.5440354Z #52 17.55 Downloading pydantic_settings-2.2.1-py3-none-any.whl (13 kB)
2025-08-17T13:19:51.5441002Z #52 17.57 Downloading boto3-1.40.11-py3-none-any.whl (140 kB)
2025-08-17T13:19:51.5441605Z #52 17.60 Downloading cachetools-4.2.4-py3-none-any.whl (10 kB)
2025-08-17T13:19:51.5442237Z #52 17.63 Downloading confuse-1.4.0-py2.py3-none-any.whl (21 kB)
2025-08-17T13:19:51.5443028Z #52 17.65 Downloading numpy-2.3.2-cp312-cp312-manylinux_2_27_x86_64.manylinux_2_28_x86_64.whl (16.6 MB)
2025-08-17T13:19:51.5444524Z #52 18.04    ━━━━━━━━━━━━━━━━━━━━━━━━━━━━━━━━━━━━━━━━ 16.6/16.6 MB 46.1 MB/s eta 0:00:00
2025-08-17T13:19:51.5505881Z #52 18.05 Downloading pandas-2.3.1-cp312-cp312-manylinux_2_17_x86_64.manylinux2014_x86_64.whl (12.0 MB)
2025-08-17T13:19:51.5507131Z #52 18.19    ━━━━━━━━━━━━━━━━━━━━━━━━━━━━━━━━━━━━━━━━ 12.0/12.0 MB 90.7 MB/s eta 0:00:00
2025-08-17T13:19:51.5507805Z #52 18.20 Downloading pydantic-2.11.7-py3-none-any.whl (444 kB)
2025-08-17T13:19:51.5508758Z #52 18.22 Downloading pydantic_core-2.33.2-cp312-cp312-manylinux_2_17_x86_64.manylinux2014_x86_64.whl (2.0 MB)
2025-08-17T13:19:51.5509803Z #52 18.27    ━━━━━━━━━━━━━━━━━━━━━━━━━━━━━━━━━━━━━━━━ 2.0/2.0 MB 44.5 MB/s eta 0:00:00
2025-08-17T13:19:51.5510473Z #52 18.28 Downloading python_dotenv-1.1.1-py3-none-any.whl (20 kB)
2025-08-17T13:19:51.5511129Z #52 18.31 Downloading pytz-2025.2-py2.py3-none-any.whl (509 kB)
2025-08-17T13:19:51.5511636Z #52 18.35 Downloading requests-2.32.4-py3-none-any.whl (64 kB)
2025-08-17T13:19:51.5512192Z #52 18.37 Downloading certifi-2025.8.3-py3-none-any.whl (161 kB)
2025-08-17T13:19:51.5512800Z #52 18.39 Downloading six-1.17.0-py2.py3-none-any.whl (11 kB)
2025-08-17T13:19:51.5513406Z #52 18.41 Downloading urllib3-2.5.0-py3-none-any.whl (129 kB)
2025-08-17T13:19:51.5514178Z #52 18.43 Downloading aiohttp-3.12.15-cp312-cp312-manylinux_2_17_x86_64.manylinux2014_x86_64.whl (1.7 MB)
2025-08-17T13:19:51.5515204Z #52 18.45    ━━━━━━━━━━━━━━━━━━━━━━━━━━━━━━━━━━━━━━━━ 1.7/1.7 MB 83.0 MB/s eta 0:00:00
2025-08-17T13:19:51.5515980Z #52 18.48 Downloading pycryptodome-3.23.0-cp37-abi3-manylinux_2_17_x86_64.manylinux2014_x86_64.whl (2.3 MB)
2025-08-17T13:19:51.5517127Z #52 18.52    ━━━━━━━━━━━━━━━━━━━━━━━━━━━━━━━━━━━━━━━━ 2.3/2.3 MB 57.0 MB/s eta 0:00:00
2025-08-17T13:19:51.5517656Z #52 18.55 Downloading tqdm-4.67.1-py3-none-any.whl (78 kB)
2025-08-17T13:19:51.5518195Z #52 18.62 Downloading aiohappyeyeballs-2.6.1-py3-none-any.whl (15 kB)
2025-08-17T13:19:51.5518770Z #52 18.75 Downloading aiosignal-1.4.0-py3-none-any.whl (7.5 kB)
2025-08-17T13:19:51.5519349Z #52 18.80 Downloading annotated_types-0.7.0-py3-none-any.whl (13 kB)
2025-08-17T13:19:51.5519880Z #52 18.90 Downloading attrs-25.3.0-py3-none-any.whl (63 kB)
2025-08-17T13:19:51.5520392Z #52 18.93 Downloading botocore-1.40.11-py3-none-any.whl (14.0 MB)
2025-08-17T13:19:51.5521097Z #52 19.11    ━━━━━━━━━━━━━━━━━━━━━━━━━━━━━━━━━━━━━━━━ 14.0/14.0 MB 80.9 MB/s eta 0:00:00
2025-08-17T13:19:51.5521991Z #52 19.11 Downloading charset_normalizer-3.4.3-cp312-cp312-manylinux2014_x86_64.manylinux_2_17_x86_64.manylinux_2_28_x86_64.whl (151 kB)
2025-08-17T13:19:51.5523237Z #52 19.14 Downloading frozenlist-1.7.0-cp312-cp312-manylinux_2_5_x86_64.manylinux1_x86_64.manylinux_2_17_x86_64.manylinux2014_x86_64.whl (241 kB)
2025-08-17T13:19:51.5524128Z #52 19.16 Downloading idna-3.10-py3-none-any.whl (70 kB)
2025-08-17T13:19:51.5524642Z #52 19.18 Downloading jmespath-1.0.1-py3-none-any.whl (20 kB)
2025-08-17T13:19:51.5525828Z #52 19.20 Downloading multidict-6.6.4-cp312-cp312-manylinux2014_x86_64.manylinux_2_17_x86_64.manylinux_2_28_x86_64.whl (256 kB)
2025-08-17T13:19:51.5526909Z #52 19.22 Downloading propcache-0.3.2-cp312-cp312-manylinux_2_17_x86_64.manylinux2014_x86_64.whl (224 kB)
2025-08-17T13:19:51.5527859Z #52 19.24 Downloading python_dateutil-2.9.0.post0-py2.py3-none-any.whl (229 kB)
2025-08-17T13:19:51.5528595Z #52 19.26 Downloading s3transfer-0.13.1-py3-none-any.whl (85 kB)
2025-08-17T13:19:51.5529267Z #52 19.29 Downloading typing_extensions-4.14.1-py3-none-any.whl (43 kB)
2025-08-17T13:19:51.5566363Z #52 19.32 Downloading typing_inspection-0.4.1-py3-none-any.whl (14 kB)
2025-08-17T13:19:51.5567105Z #52 19.34 Downloading tzdata-2025.2-py2.py3-none-any.whl (347 kB)
2025-08-17T13:19:51.5567952Z #52 19.39 Downloading yarl-1.20.1-cp312-cp312-manylinux_2_17_x86_64.manylinux2014_x86_64.whl (355 kB)
2025-08-17T13:19:51.5569025Z #52 19.41 Downloading PyYAML-6.0.2-cp312-cp312-manylinux_2_17_x86_64.manylinux2014_x86_64.whl (767 kB)
2025-08-17T13:19:51.5570092Z #52 19.44    ━━━━━━━━━━━━━━━━━━━━━━━━━━━━━━━━━━━━━━━━ 767.5/767.5 kB 26.4 MB/s eta 0:00:00
2025-08-17T13:19:51.7822471Z #52 ...
2025-08-17T13:19:51.7822967Z 
2025-08-17T13:19:51.7825056Z #47 [repricer base 4/5] RUN if [ -n "" ] && [ -f "" ]; then         pip install -r requirements.txt -c "";     else         pip install -r requirements.txt;     fi
2025-08-17T13:19:51.7829233Z #47 19.82 Installing collected packages: pytz, websockets, uvloop, urllib3, ujson, typing-extensions, sniffio, six, shellingham, pyyaml, python-multipart, python-dotenv, pygments, pycryptodome, orjson, mdurl, MarkupSafe, jmespath, idna, httptools, h11, greenlet, dnspython, click, charset_normalizer, certifi, cachetools, annotated-types, uvicorn, typing-inspection, sqlalchemy, requests, python-dateutil, pydantic-core, markdown-it-py, jinja2, httpcore, email_validator, confuse, anyio, watchfiles, starlette, rich, pydantic, httpx, botocore, typer, s3transfer, rich-toolkit, pydantic-settings, fastapi-cli, boto3, python-amazon-sp-api, fastapi
2025-08-17T13:19:52.0962434Z #47 ...
2025-08-17T13:19:52.0963465Z 
2025-08-17T13:19:52.0963953Z #56 [logistics_etl stage-1 3/4] COPY --from=base /usr/local /usr/local
2025-08-17T13:19:52.0965975Z #56 DONE 3.4s
2025-08-17T13:19:52.2812551Z 
2025-08-17T13:19:52.2819399Z #57 [logistics_etl stage-1 4/4] COPY --from=base /app /app
2025-08-17T13:19:52.2820926Z #57 DONE 0.1s
2025-08-17T13:19:52.2821644Z 
2025-08-17T13:19:52.2822162Z #58 [logistics_etl] exporting to image
2025-08-17T13:19:52.2850397Z #58 exporting layers
2025-08-17T13:19:54.1590229Z #58 ...
2025-08-17T13:19:54.1591200Z 
2025-08-17T13:19:54.1591694Z #46 [web build 4/6] RUN npm ci
2025-08-17T13:19:54.1592624Z #46 12.97 npm warn deprecated node-domexception@1.0.0: Use your platform's native DOMException instead
2025-08-17T13:19:54.2901776Z #46 ...
2025-08-17T13:19:54.2902629Z 
2025-08-17T13:19:54.2903539Z #59 [fees_h10 stage-1 3/5] COPY --from=base /usr/local /usr/local
2025-08-17T13:19:55.5180376Z #59 ...
2025-08-17T13:19:55.5181308Z 
2025-08-17T13:19:55.5183789Z #60 [postgres 2/6] RUN set -eux;     if [ -f /etc/apt/sources.list ]; then         sed -i 's|http://deb.debian.org|https://deb.debian.org|g' /etc/apt/sources.list;     fi;     apt-get update;     apt-get install -y locales;     locale-gen en_US.UTF-8;     rm -rf /var/lib/apt/lists/*
2025-08-17T13:19:55.5185815Z #60 0.519 + [ -f /etc/apt/sources.list ]
2025-08-17T13:19:55.5186574Z #60 0.519 + apt-get update
2025-08-17T13:19:55.5187231Z #60 0.660 Get:1 http://deb.debian.org/debian trixie InRelease [138 kB]
2025-08-17T13:19:55.5187944Z #60 0.704 Get:2 http://deb.debian.org/debian trixie-updates InRelease [47.1 kB]
2025-08-17T13:19:55.5188751Z #60 0.707 Get:3 http://deb.debian.org/debian-security trixie-security InRelease [43.4 kB]
2025-08-17T13:19:55.5189571Z #60 0.777 Get:4 http://deb.debian.org/debian trixie/main amd64 Packages [9,668 kB]
2025-08-17T13:19:55.5190363Z #60 0.983 Get:5 http://deb.debian.org/debian trixie-updates/main amd64 Packages [2,432 B]
2025-08-17T13:19:55.5191569Z #60 0.996 Get:6 http://deb.debian.org/debian-security trixie-security/main amd64 Packages [8,780 B]
2025-08-17T13:19:55.5192507Z #60 1.599 Get:7 http://apt.postgresql.org/pub/repos/apt trixie-pgdg InRelease [107 kB]
2025-08-17T13:19:55.5193332Z #60 1.695 Get:8 http://apt.postgresql.org/pub/repos/apt trixie-pgdg/main amd64 Packages [334 kB]
2025-08-17T13:19:55.5194187Z #60 1.812 Get:9 http://apt.postgresql.org/pub/repos/apt trixie-pgdg/16 amd64 Packages [2,574 B]
2025-08-17T13:19:55.5194851Z #60 2.813 Fetched 10.3 MB in 2s (4,659 kB/s)
2025-08-17T13:19:55.5199337Z #60 2.813 Reading package lists...
2025-08-17T13:19:55.5199773Z #60 3.659 + apt-get install -y locales
2025-08-17T13:19:55.5200183Z #60 3.683 Reading package lists...
2025-08-17T13:19:55.5200581Z #60 4.845 Building dependency tree...
2025-08-17T13:19:55.5200986Z #60 5.167 Reading state information...
2025-08-17T13:19:55.5201435Z #60 5.469 locales is already the newest version (2.41-12).
2025-08-17T13:19:55.5202021Z #60 5.469 0 upgraded, 0 newly installed, 0 to remove and 0 not upgraded.
2025-08-17T13:19:55.5202592Z #60 5.473 + locale-gen en_US.UTF-8
2025-08-17T13:19:55.5203052Z #60 5.474 Generating locales (this might take a while)...
2025-08-17T13:19:55.5203533Z #60 5.499   en_US.UTF-8... done
2025-08-17T13:19:55.5203910Z #60 7.948 Generation complete.
2025-08-17T13:19:55.5209239Z #60 7.949 + rm -rf /var/lib/apt/lists/apt.postgresql.org_pub_repos_apt_dists_trixie-pgdg_16_binary-amd64_Packages.lz4 /var/lib/apt/lists/apt.postgresql.org_pub_repos_apt_dists_trixie-pgdg_InRelease /var/lib/apt/lists/apt.postgresql.org_pub_repos_apt_dists_trixie-pgdg_main_binary-amd64_Packages.lz4 /var/lib/apt/lists/auxfiles /var/lib/apt/lists/deb.debian.org_debian-security_dists_trixie-security_InRelease /var/lib/apt/lists/deb.debian.org_debian-security_dists_trixie-security_main_binary-amd64_Packages.lz4 /var/lib/apt/lists/deb.debian.org_debian_dists_trixie-updates_InRelease /var/lib/apt/lists/deb.debian.org_debian_dists_trixie-updates_main_binary-amd64_Packages.lz4 /var/lib/apt/lists/deb.debian.org_debian_dists_trixie_InRelease /var/lib/apt/lists/deb.debian.org_debian_dists_trixie_main_binary-amd64_Packages.lz4 /var/lib/apt/lists/lock /var/lib/apt/lists/partial
2025-08-17T13:19:55.5235332Z #60 DONE 8.0s
2025-08-17T13:19:55.6493604Z 
2025-08-17T13:19:55.6494329Z #61 [postgres 3/6] COPY docker/postgres/pg_hba.conf /etc/postgresql/pg_hba.conf
2025-08-17T13:19:55.6520159Z #61 DONE 0.1s
2025-08-17T13:19:55.6520374Z 
2025-08-17T13:19:55.6520832Z #62 [postgres 4/6] COPY docker/postgres/init-pg_hba.sh /docker-entrypoint-initdb.d/10_init_pg_hba.sh
2025-08-17T13:19:55.6521547Z #62 DONE 0.1s
2025-08-17T13:19:55.6521719Z 
2025-08-17T13:19:55.6522240Z #52 [etl base 4/5] RUN if [ -n "" ] && [ -f "" ]; then         pip install -r requirements.txt -c "";     else         pip install -r requirements.txt;     fi
2025-08-17T13:19:55.6525636Z #52 20.01 Installing collected packages: pytz, urllib3, tzdata, typing-extensions, tqdm, six, pyyaml, python-dotenv, pycryptodome, propcache, numpy, multidict, jmespath, idna, frozenlist, charset_normalizer, certifi, cachetools, attrs, annotated-types, aiohappyeyeballs, yarl, typing-inspection, requests, python-dateutil, pydantic-core, minio, confuse, aiosignal, pydantic, pandas, botocore, aiohttp, s3transfer, pydantic-settings, keepa, boto3, python-amazon-sp-api
2025-08-17T13:19:55.7512351Z #52 ...
2025-08-17T13:19:55.7512593Z 
2025-08-17T13:19:55.7513031Z #63 [postgres 5/6] COPY docker/postgres/postgresql.conf /etc/postgresql/postgresql.conf
2025-08-17T13:19:55.7513709Z #63 DONE 0.1s
2025-08-17T13:19:55.8771459Z 
2025-08-17T13:19:55.8773116Z #58 [logistics_etl] exporting to image
2025-08-17T13:19:55.8781223Z #58 exporting layers 3.6s done
2025-08-17T13:19:55.8784647Z #58 writing image sha256:0fc80c680bb469df6eb63d501790978f806527764face4d04ed554d752da3c6c done
2025-08-17T13:19:55.8788538Z #58 naming to docker.io/library/awa-app-logistics_etl 0.0s done
2025-08-17T13:19:55.8789023Z #58 DONE 3.7s
2025-08-17T13:19:55.8790250Z 
2025-08-17T13:19:55.8790468Z #64 [logistics_etl] resolving provenance for metadata file
2025-08-17T13:19:56.0458281Z #64 DONE 0.0s
2025-08-17T13:19:56.0460776Z 
2025-08-17T13:19:56.0460955Z #46 [web build 4/6] RUN npm ci
2025-08-17T13:19:56.0461353Z #46 24.66 
2025-08-17T13:19:56.0461751Z #46 24.66 added 432 packages, and audited 433 packages in 24s
2025-08-17T13:19:56.0462253Z #46 24.66 
2025-08-17T13:19:56.0462579Z #46 24.66 112 packages are looking for funding
2025-08-17T13:19:56.0463091Z #46 24.66   run `npm fund` for details
2025-08-17T13:19:56.0463484Z #46 24.67 
2025-08-17T13:19:56.0463823Z #46 24.67 2 vulnerabilities (1 low, 1 critical)
2025-08-17T13:19:56.0464265Z #46 24.67 
2025-08-17T13:19:56.0464591Z #46 24.67 To address all issues, run:
2025-08-17T13:19:56.0465207Z #46 24.67   npm audit fix
2025-08-17T13:19:56.0465543Z #46 24.67 
2025-08-17T13:19:56.0465833Z #46 24.67 Run `npm audit` for details.
2025-08-17T13:19:56.0466210Z #46 24.67 npm notice
2025-08-17T13:19:56.0466660Z #46 24.67 npm notice New major version of npm available! 10.8.2 -> 11.5.2
2025-08-17T13:19:56.0467367Z #46 24.67 npm notice Changelog: https://github.com/npm/cli/releases/tag/v11.5.2
2025-08-17T13:19:56.0468027Z #46 24.67 npm notice To update run: npm install -g npm@11.5.2
2025-08-17T13:19:56.0468514Z #46 24.67 npm notice
2025-08-17T13:19:56.1132345Z #46 ...
2025-08-17T13:19:56.1145799Z 
2025-08-17T13:19:56.1146507Z #65 [postgres 6/6] RUN chmod 0644 /etc/postgresql/pg_hba.conf &&     chmod +x /docker-entrypoint-initdb.d/10_init_pg_hba.sh
2025-08-17T13:19:56.1147364Z #65 DONE 0.4s
2025-08-17T13:19:56.2333945Z 
2025-08-17T13:19:56.2372823Z #46 [web build 4/6] RUN npm ci
2025-08-17T13:19:56.2373442Z #46 DONE 25.1s
2025-08-17T13:19:56.2374119Z 
2025-08-17T13:19:56.2374404Z #66 [web build 5/6] COPY . .
2025-08-17T13:19:56.5125984Z #66 DONE 0.2s
2025-08-17T13:19:56.5126246Z 
2025-08-17T13:19:56.5126410Z #67 [postgres] exporting to image
2025-08-17T13:19:59.6659514Z #67 exporting layers 3.6s done
2025-08-17T13:19:59.9028684Z #67 writing image sha256:e150daa9171719894ca973f8af60d129d9e71a2a6d59160637bf34bc1b384c3c done
2025-08-17T13:19:59.9030468Z #67 naming to docker.io/library/awa-app-postgres 0.0s done
2025-08-17T13:19:59.9031626Z #67 DONE 3.6s
2025-08-17T13:19:59.9032040Z 
2025-08-17T13:19:59.9032335Z #68 [postgres] resolving provenance for metadata file
2025-08-17T13:19:59.9032852Z #68 DONE 0.0s
2025-08-17T13:19:59.9033028Z 
2025-08-17T13:19:59.9033179Z #69 [web build 6/6] RUN npm run build
2025-08-17T13:19:59.9033568Z #69 0.934 
2025-08-17T13:19:59.9033867Z #69 0.934 > web@0.0.0 build
2025-08-17T13:19:59.9034253Z #69 0.934 > tsc -b && vite build
2025-08-17T13:19:59.9034624Z #69 0.934 
2025-08-17T13:20:00.2082198Z #69 ...
2025-08-17T13:20:00.2082488Z 
2025-08-17T13:20:00.2097133Z #59 [fees_h10 stage-1 3/5] COPY --from=base /usr/local /usr/local
2025-08-17T13:20:00.2105654Z #59 DONE 5.9s
2025-08-17T13:20:00.3943317Z 
2025-08-17T13:20:00.3944278Z #70 [fees_h10 stage-1 4/5] COPY --from=base /app /app
2025-08-17T13:20:00.3945755Z #70 DONE 0.0s
2025-08-17T13:20:00.3947884Z 
2025-08-17T13:20:00.3948142Z #71 [fees_h10 stage-1 5/5] RUN chmod +x ./start.sh
2025-08-17T13:20:00.5867263Z #71 DONE 0.3s
2025-08-17T13:20:00.5871500Z 
2025-08-17T13:20:00.5876136Z #52 [etl base 4/5] RUN if [ -n "" ] && [ -f "" ]; then         pip install -r requirements.txt -c "";     else         pip install -r requirements.txt;     fi
2025-08-17T13:20:00.7897114Z #52 ...
2025-08-17T13:20:00.7897351Z 
2025-08-17T13:20:00.7898777Z #49 [api base  4/12] RUN pip install --no-cache-dir -r requirements.txt
2025-08-17T13:20:00.7903979Z #49 28.64 Successfully installed Jinja2-3.1.5 Mako-1.3.10 MarkupSafe-3.0.2 alembic-1.13.1 annotated-types-0.7.0 anyio-4.10.0 asyncpg-0.29.0 boto3-1.34.162 botocore-1.34.162 certifi-2025.8.3 click-8.2.1 dnspython-2.7.0 email_validator-2.2.0 fastapi-0.111.0 fastapi-cli-0.0.8 greenlet-3.2.4 h11-0.16.0 httpcore-1.0.9 httptools-0.6.4 httpx-0.27.2 idna-3.10 jmespath-1.0.1 markdown-it-py-4.0.0 mdurl-0.1.2 orjson-3.11.2 psycopg-3.2.9 psycopg-binary-3.2.9 pydantic-2.11.7 pydantic-core-2.33.2 pydantic-settings-2.2.1 pygments-2.19.2 python-dateutil-2.9.0.post0 python-dotenv-1.1.1 python-multipart-0.0.20 pyyaml-6.0.2 rich-14.1.0 rich-toolkit-0.15.0 s3transfer-0.10.4 shellingham-1.5.4 six-1.17.0 sniffio-1.3.1 sqlalchemy-2.0.29 starlette-0.37.2 typer-0.16.0 typing-extensions-4.14.1 typing-inspection-0.4.1 ujson-5.10.0 urllib3-2.5.0 uvicorn-0.29.0 uvloop-0.21.0 watchfiles-1.1.0 websockets-15.0.1
2025-08-17T13:20:00.7910006Z #49 28.66 WARNING: Running pip as the 'root' user can result in broken permissions and conflicting behaviour with the system package manager, possibly rendering your system unusable. It is recommended to use a virtual environment instead: https://pip.pypa.io/warnings/venv. Use the --root-user-action option if you know what you are doing and want to suppress this warning.
2025-08-17T13:20:00.7911718Z #49 28.80 
2025-08-17T13:20:00.7912042Z #49 28.80 [notice] A new release of pip is available: 25.0.1 -> 25.2
2025-08-17T13:20:00.7912527Z #49 28.80 [notice] To update, run: pip install --upgrade pip
2025-08-17T13:20:01.5122172Z #49 DONE 29.5s
2025-08-17T13:20:01.5122471Z 
2025-08-17T13:20:01.5122620Z #72 [fees_h10] exporting to image
2025-08-17T13:20:01.6265859Z #72 ...
2025-08-17T13:20:01.6269051Z 
2025-08-17T13:20:01.6271954Z #73 [api base  5/12] COPY services/api/ ./services/api
2025-08-17T13:20:01.6272533Z #73 DONE 0.1s
2025-08-17T13:20:01.7665231Z 
2025-08-17T13:20:01.7667726Z #74 [api base  6/12] COPY services/common/ ./services/common
2025-08-17T13:20:01.7669888Z #74 DONE 0.0s
2025-08-17T13:20:01.7671498Z 
2025-08-17T13:20:01.7672857Z #75 [api base  7/12] COPY services/ingest/ ./services/ingest
2025-08-17T13:20:01.7673359Z #75 DONE 0.0s
2025-08-17T13:20:01.7673899Z 
2025-08-17T13:20:01.7674098Z #76 [api base  8/12] COPY services/etl/ ./services/etl
2025-08-17T13:20:01.7674565Z #76 DONE 0.1s
2025-08-17T13:20:01.7674734Z 
2025-08-17T13:20:01.7675456Z #47 [repricer base 4/5] RUN if [ -n "" ] && [ -f "" ]; then         pip install -r requirements.txt -c "";     else         pip install -r requirements.txt;     fi
2025-08-17T13:20:01.9218578Z #47 ...
2025-08-17T13:20:01.9220174Z 
2025-08-17T13:20:01.9221482Z #77 [api base  9/12] COPY services/api/alembic.ini ./alembic.ini
2025-08-17T13:20:01.9222463Z #77 DONE 0.0s
2025-08-17T13:20:01.9223704Z 
2025-08-17T13:20:01.9224041Z #78 [api base 10/12] COPY alembic/ ./alembic/
2025-08-17T13:20:01.9224677Z #78 DONE 0.0s
2025-08-17T13:20:01.9225312Z 
2025-08-17T13:20:01.9225753Z #79 [api base 11/12] COPY services/api/entrypoint.sh ./entrypoint.sh
2025-08-17T13:20:01.9227447Z #79 DONE 0.1s
2025-08-17T13:20:02.0728057Z 
2025-08-17T13:20:02.0730147Z #80 [api base 12/12] RUN chmod +x ./entrypoint.sh
2025-08-17T13:20:02.2638427Z #80 DONE 0.3s
2025-08-17T13:20:02.2638674Z 
2025-08-17T13:20:02.2639240Z #47 [repricer base 4/5] RUN if [ -n "" ] && [ -f "" ]; then         pip install -r requirements.txt -c "";     else         pip install -r requirements.txt;     fi
2025-08-17T13:20:03.1070009Z #47 ...
2025-08-17T13:20:03.1070253Z 
2025-08-17T13:20:03.1070401Z #72 [fees_h10] exporting to image
2025-08-17T13:20:03.1070850Z #72 exporting layers 2.5s done
2025-08-17T13:20:03.3360660Z #72 writing image sha256:c0c2f881de7a92cdb79e8dc558ad117820b6b5d8b281595ee74bd69d02eb9e91 done
2025-08-17T13:20:03.3363918Z #72 naming to docker.io/library/awa-app-fees_h10 0.0s done
2025-08-17T13:20:03.3364432Z #72 DONE 2.5s
2025-08-17T13:20:03.3364609Z 
2025-08-17T13:20:03.3364811Z #81 [fees_h10] resolving provenance for metadata file
2025-08-17T13:20:03.3365452Z #81 DONE 0.0s
2025-08-17T13:20:03.3365632Z 
2025-08-17T13:20:03.3365781Z #69 [web build 6/6] RUN npm run build
2025-08-17T13:20:03.4393153Z #69 ...
2025-08-17T13:20:03.4394418Z 
2025-08-17T13:20:03.4395664Z #47 [repricer base 4/5] RUN if [ -n "" ] && [ -f "" ]; then         pip install -r requirements.txt -c "";     else         pip install -r requirements.txt;     fi
2025-08-17T13:20:03.4401107Z #47 31.47 Successfully installed MarkupSafe-3.0.2 annotated-types-0.7.0 anyio-4.10.0 boto3-1.40.11 botocore-1.40.11 cachetools-4.2.4 certifi-2025.8.3 charset_normalizer-3.4.3 click-8.2.1 confuse-1.4.0 dnspython-2.7.0 email_validator-2.2.0 fastapi-0.111.0 fastapi-cli-0.0.8 greenlet-3.2.4 h11-0.16.0 httpcore-1.0.9 httptools-0.6.4 httpx-0.28.1 idna-3.10 jinja2-3.1.6 jmespath-1.0.1 markdown-it-py-4.0.0 mdurl-0.1.2 orjson-3.11.2 pycryptodome-3.23.0 pydantic-2.11.7 pydantic-core-2.33.2 pydantic-settings-2.2.1 pygments-2.19.2 python-amazon-sp-api-0.8.0 python-dateutil-2.9.0.post0 python-dotenv-1.1.1 python-multipart-0.0.20 pytz-2025.2 pyyaml-6.0.2 requests-2.32.4 rich-14.1.0 rich-toolkit-0.15.0 s3transfer-0.13.1 shellingham-1.5.4 six-1.17.0 sniffio-1.3.1 sqlalchemy-2.0.29 starlette-0.37.2 typer-0.16.0 typing-extensions-4.14.1 typing-inspection-0.4.1 ujson-5.10.0 urllib3-2.5.0 uvicorn-0.29.0 uvloop-0.21.0 watchfiles-1.1.0 websockets-15.0.1
2025-08-17T13:20:03.4407550Z #47 31.47 WARNING: Running pip as the 'root' user can result in broken permissions and conflicting behaviour with the system package manager, possibly rendering your system unusable. It is recommended to use a virtual environment instead: https://pip.pypa.io/warnings/venv. Use the --root-user-action option if you know what you are doing and want to suppress this warning.
2025-08-17T13:20:03.5633868Z #47 31.60 
2025-08-17T13:20:03.5638150Z #47 31.60 [notice] A new release of pip is available: 25.0.1 -> 25.2
2025-08-17T13:20:03.5642988Z #47 31.60 [notice] To update, run: pip install --upgrade pip
2025-08-17T13:20:04.1286558Z #47 DONE 32.2s
2025-08-17T13:20:04.1290621Z 
2025-08-17T13:20:04.1290801Z #69 [web build 6/6] RUN npm run build
2025-08-17T13:20:04.3226209Z #69 ...
2025-08-17T13:20:06.9376924Z 
2025-08-17T13:20:06.9377460Z #82 [repricer base 5/5] COPY services/repricer/ .
2025-08-17T13:20:06.9378403Z #82 DONE 0.0s
2025-08-17T13:20:06.9378601Z 
2025-08-17T13:20:06.9378831Z #83 [api stage-1 4/6] COPY --from=base /usr/local /usr/local
2025-08-17T13:20:06.9379331Z #83 DONE 2.8s
2025-08-17T13:20:06.9379768Z 
2025-08-17T13:20:06.9383008Z #69 [web build 6/6] RUN npm run build
2025-08-17T13:20:06.9383476Z #69 9.809 vite v7.0.4 building for production...
2025-08-17T13:20:06.9383934Z #69 9.932 transforming...
2025-08-17T13:20:07.1361137Z #69 ...
2025-08-17T13:20:07.1361729Z 
2025-08-17T13:20:07.1363194Z #84 [api stage-1 5/6] COPY --from=base /app /app
2025-08-17T13:20:07.1363705Z #84 DONE 0.0s
2025-08-17T13:20:07.2142022Z 
2025-08-17T13:20:07.2146251Z #85 [api stage-1 6/6] RUN chmod +x /app/entrypoint.sh
2025-08-17T13:20:07.2146807Z #85 DONE 0.2s
2025-08-17T13:20:07.2146989Z 
2025-08-17T13:20:07.2147257Z #86 [repricer stage-1 3/5] COPY --from=base /usr/local /usr/local
2025-08-17T13:20:09.5420725Z #86 ...
2025-08-17T13:20:09.5421007Z 
2025-08-17T13:20:09.5421623Z #52 [etl base 4/5] RUN if [ -n "" ] && [ -f "" ]; then         pip install -r requirements.txt -c "";     else         pip install -r requirements.txt;     fi
2025-08-17T13:20:09.5425932Z #52 36.83 Successfully installed aiohappyeyeballs-2.6.1 aiohttp-3.12.15 aiosignal-1.4.0 annotated-types-0.7.0 attrs-25.3.0 boto3-1.40.11 botocore-1.40.11 cachetools-4.2.4 certifi-2025.8.3 charset_normalizer-3.4.3 confuse-1.4.0 frozenlist-1.7.0 idna-3.10 jmespath-1.0.1 keepa-1.3.14 minio-7.1.15 multidict-6.6.4 numpy-2.3.2 pandas-2.3.1 propcache-0.3.2 pycryptodome-3.23.0 pydantic-2.11.7 pydantic-core-2.33.2 pydantic-settings-2.2.1 python-amazon-sp-api-0.8.0 python-dateutil-2.9.0.post0 python-dotenv-1.1.1 pytz-2025.2 pyyaml-6.0.2 requests-2.32.4 s3transfer-0.13.1 six-1.17.0 tqdm-4.67.1 typing-extensions-4.14.1 typing-inspection-0.4.1 tzdata-2025.2 urllib3-2.5.0 yarl-1.20.1
2025-08-17T13:20:09.5431235Z #52 36.83 WARNING: Running pip as the 'root' user can result in broken permissions and conflicting behaviour with the system package manager, possibly rendering your system unusable. It is recommended to use a virtual environment instead: https://pip.pypa.io/warnings/venv. Use the --root-user-action option if you know what you are doing and want to suppress this warning.
2025-08-17T13:20:09.5433432Z #52 36.96 
2025-08-17T13:20:09.5433859Z #52 36.96 [notice] A new release of pip is available: 25.0.1 -> 25.2
2025-08-17T13:20:09.5434822Z #52 36.96 [notice] To update, run: pip install --upgrade pip
2025-08-17T13:20:09.5435522Z #52 DONE 37.6s
2025-08-17T13:20:09.7745403Z 
2025-08-17T13:20:09.7747719Z #87 [etl base 5/5] COPY services/etl/ .
2025-08-17T13:20:09.7750335Z #87 DONE 0.1s
2025-08-17T13:20:09.7750537Z 
2025-08-17T13:20:09.7751875Z #88 [api] exporting to image
2025-08-17T13:20:10.0618416Z #88 ...
2025-08-17T13:20:10.0620972Z 
2025-08-17T13:20:10.0621267Z #86 [repricer stage-1 3/5] COPY --from=base /usr/local /usr/local
2025-08-17T13:20:10.0621758Z #86 DONE 4.1s
2025-08-17T13:20:10.2565439Z 
2025-08-17T13:20:10.2566687Z #89 [repricer stage-1 4/5] COPY --from=base /app /app
2025-08-17T13:20:10.2567792Z #89 DONE 0.0s
2025-08-17T13:20:10.2569368Z 
2025-08-17T13:20:10.2570700Z #90 [repricer stage-1 5/5] RUN set -eux;     if [ -f /etc/apt/sources.list ]; then         sed -i 's|http://deb.debian.org|https://deb.debian.org|g' /etc/apt/sources.list;     fi;     apt-get update;     apt-get install -y --no-install-recommends tzdata;     rm -rf /var/lib/apt/lists/*
2025-08-17T13:20:10.3070853Z #90 0.199 + [ -f /etc/apt/sources.list ]
2025-08-17T13:20:10.3075312Z #90 0.199 + apt-get update
2025-08-17T13:20:10.4241864Z #90 0.293 Hit:1 http://deb.debian.org/debian trixie InRelease
2025-08-17T13:20:10.4245186Z #90 0.293 Get:2 http://deb.debian.org/debian trixie-updates InRelease [47.1 kB]
2025-08-17T13:20:10.4246642Z #90 0.318 Get:3 http://deb.debian.org/debian-security trixie-security InRelease [43.4 kB]
2025-08-17T13:20:10.5660337Z #90 0.340 Get:4 http://deb.debian.org/debian trixie/main amd64 Packages [9668 kB]
2025-08-17T13:20:10.5661645Z #90 0.460 Get:5 http://deb.debian.org/debian trixie-updates/main amd64 Packages [2432 B]
2025-08-17T13:20:10.7207064Z #90 0.461 Get:6 http://deb.debian.org/debian-security trixie-security/main amd64 Packages [8780 B]
2025-08-17T13:20:11.2335973Z #90 ...
2025-08-17T13:20:11.2337971Z 
2025-08-17T13:20:11.2338141Z #88 [api] exporting to image
2025-08-17T13:20:11.2338518Z #88 exporting layers 3.8s done
2025-08-17T13:20:11.2339187Z #88 writing image sha256:d80d63b65382caa78b001df58a99eba6b295e21769dffc2e42954fa4b9409c2f done
2025-08-17T13:20:11.2339976Z #88 naming to docker.io/library/awa-app-api done
2025-08-17T13:20:11.2340435Z #88 DONE 3.8s
2025-08-17T13:20:11.2340612Z 
2025-08-17T13:20:11.2340795Z #91 [api] resolving provenance for metadata file
2025-08-17T13:20:11.2341220Z #91 DONE 0.0s
2025-08-17T13:20:11.3607216Z 
2025-08-17T13:20:11.3609103Z #90 [repricer stage-1 5/5] RUN set -eux;     if [ -f /etc/apt/sources.list ]; then         sed -i 's|http://deb.debian.org|https://deb.debian.org|g' /etc/apt/sources.list;     fi;     apt-get update;     apt-get install -y --no-install-recommends tzdata;     rm -rf /var/lib/apt/lists/*
2025-08-17T13:20:11.3610800Z #90 1.254 Fetched 9769 kB in 1s (9560 kB/s)
2025-08-17T13:20:12.1394463Z #90 1.254 Reading package lists...
2025-08-17T13:20:12.3199793Z #90 2.048 + apt-get install -y --no-install-recommends tzdata
2025-08-17T13:20:12.9392947Z #90 2.063 Reading package lists...
2025-08-17T13:20:13.1377988Z #90 2.845 Building dependency tree...
2025-08-17T13:20:13.2890868Z #90 3.032 Reading state information...
2025-08-17T13:20:13.3565839Z #90 3.250 tzdata is already the newest version (2025b-4).
2025-08-17T13:20:13.3566980Z #90 3.250 0 upgraded, 0 newly installed, 0 to remove and 0 not upgraded.
2025-08-17T13:20:13.5090874Z #90 3.251 + rm -rf /var/lib/apt/lists/auxfiles /var/lib/apt/lists/deb.debian.org_debian-security_dists_trixie-security_InRelease /var/lib/apt/lists/deb.debian.org_debian-security_dists_trixie-security_main_binary-amd64_Packages.lz4 /var/lib/apt/lists/deb.debian.org_debian_dists_trixie-updates_InRelease /var/lib/apt/lists/deb.debian.org_debian_dists_trixie-updates_main_binary-amd64_Packages.lz4 /var/lib/apt/lists/deb.debian.org_debian_dists_trixie_InRelease /var/lib/apt/lists/deb.debian.org_debian_dists_trixie_main_binary-amd64_Packages.lz4 /var/lib/apt/lists/lock /var/lib/apt/lists/partial
2025-08-17T13:20:13.7347178Z #90 DONE 3.6s
2025-08-17T13:20:13.7348059Z 
2025-08-17T13:20:13.7349171Z #92 [etl stage-1 3/9] COPY --from=base /usr/local /usr/local
2025-08-17T13:20:14.7352388Z #92 DONE 3.1s
2025-08-17T13:20:14.7353325Z 
2025-08-17T13:20:14.7354374Z #93 [repricer] exporting to image
2025-08-17T13:20:14.9003463Z #93 ...
2025-08-17T13:20:14.9003707Z 
2025-08-17T13:20:14.9004735Z #94 [etl stage-1 4/9] COPY --from=base /app /app
2025-08-17T13:20:14.9005321Z #94 DONE 0.1s
2025-08-17T13:20:15.0045745Z 
2025-08-17T13:20:15.0048281Z #95 [etl stage-1 5/9] RUN set -eux;     if [ -f /etc/apt/sources.list ]; then         sed -i 's|http://deb.debian.org|https://deb.debian.org|g' /etc/apt/sources.list;     fi;     apt-get update;     apt-get install -y --no-install-recommends tzdata;     rm -rf /var/lib/apt/lists/*
2025-08-17T13:20:15.0052527Z #95 0.217 + [ -f /etc/apt/sources.list ]
2025-08-17T13:20:15.0056728Z #95 0.217 + apt-get update
2025-08-17T13:20:15.1481676Z #95 ...
2025-08-17T13:20:15.1482303Z 
2025-08-17T13:20:15.1482654Z #69 [web build 6/6] RUN npm run build
2025-08-17T13:20:15.1484003Z #69 17.54 ✓ 687 modules transformed.
2025-08-17T13:20:15.1484445Z #69 18.45 rendering chunks...
2025-08-17T13:20:15.1484823Z #69 18.47 computing gzip size...
2025-08-17T13:20:15.1485616Z #69 18.50 dist/index.html                   0.46 kB │ gzip:   0.30 kB
2025-08-17T13:20:15.1486359Z #69 18.50 dist/assets/index-5IA1gRGW.css    0.84 kB │ gzip:   0.45 kB
2025-08-17T13:20:15.1487113Z #69 18.50 dist/assets/index-CIqpArhq.js   613.66 kB │ gzip: 193.69 kB
2025-08-17T13:20:15.1487663Z #69 18.50 ✓ built in 8.65s
2025-08-17T13:20:15.1488006Z #69 18.50 
2025-08-17T13:20:15.1488460Z #69 18.50 (!) Some chunks are larger than 500 kB after minification. Consider:
2025-08-17T13:20:15.1489515Z #69 18.50 - Using dynamic import() to code-split the application
2025-08-17T13:20:15.1490190Z #69 18.50 - Use build.rollupOptions.output.manualChunks to improve chunking: https://rollupjs.org/configuration-options/#output-manualchunks
2025-08-17T13:20:15.1490887Z #69 18.50 - Adjust chunk size limit for this warning via build.chunkSizeWarningLimit.
2025-08-17T13:20:15.1491234Z #69 DONE 18.6s
2025-08-17T13:20:15.1491343Z 
2025-08-17T13:20:15.1492037Z #95 [etl stage-1 5/9] RUN set -eux;     if [ -f /etc/apt/sources.list ]; then         sed -i 's|http://deb.debian.org|https://deb.debian.org|g' /etc/apt/sources.list;     fi;     apt-get update;     apt-get install -y --no-install-recommends tzdata;     rm -rf /var/lib/apt/lists/*
2025-08-17T13:20:15.1492928Z #95 0.282 Hit:1 http://deb.debian.org/debian trixie InRelease
2025-08-17T13:20:15.1493319Z #95 0.363 Get:2 http://deb.debian.org/debian trixie-updates InRelease [47.1 kB]
2025-08-17T13:20:15.2547624Z #95 0.373 Get:3 http://deb.debian.org/debian-security trixie-security InRelease [43.4 kB]
2025-08-17T13:20:15.2548519Z #95 0.381 Get:4 http://deb.debian.org/debian trixie/main amd64 Packages [9668 kB]
2025-08-17T13:20:15.2549367Z #95 0.470 Get:5 http://deb.debian.org/debian trixie-updates/main amd64 Packages [2432 B]
2025-08-17T13:20:15.2550322Z #95 0.470 Get:6 http://deb.debian.org/debian-security trixie-security/main amd64 Packages [8780 B]
2025-08-17T13:20:15.7102354Z #95 ...
2025-08-17T13:20:15.7102602Z 
2025-08-17T13:20:15.7102907Z #96 [web stage-1 2/2] COPY --from=build /app/dist /usr/share/nginx/html
2025-08-17T13:20:15.7103437Z #96 DONE 0.0s
2025-08-17T13:20:15.8152243Z 
2025-08-17T13:20:15.8152549Z #93 [repricer] exporting to image
2025-08-17T13:20:15.8153653Z #93 exporting layers 2.1s done
2025-08-17T13:20:15.9861285Z #93 writing image sha256:4c64c7aeef7b1bb978a68fcfe56f5b524f7de3006a1696de63ee43868b99e60f done
2025-08-17T13:20:15.9862421Z #93 naming to docker.io/library/awa-app-repricer done
2025-08-17T13:20:15.9863131Z #93 DONE 2.1s
2025-08-17T13:20:15.9863359Z 
2025-08-17T13:20:15.9863628Z #97 [repricer] resolving provenance for metadata file
2025-08-17T13:20:15.9864258Z #97 DONE 0.0s
2025-08-17T13:20:15.9864483Z 
2025-08-17T13:20:15.9864672Z #98 [web] exporting to image
2025-08-17T13:20:16.1804719Z #98 exporting layers 0.4s done
2025-08-17T13:20:16.1805987Z #98 writing image sha256:a0a9c90a0e5e1f829a3e265b648217659a02968498d6285fb2e5236bbc6f54bf done
2025-08-17T13:20:16.1806641Z #98 naming to docker.io/library/awa-app-web done
2025-08-17T13:20:16.1807012Z #98 DONE 0.5s
2025-08-17T13:20:16.1807150Z 
2025-08-17T13:20:16.1807299Z #99 [web] resolving provenance for metadata file
2025-08-17T13:20:16.1807657Z #99 DONE 0.0s
2025-08-17T13:20:16.1807789Z 
2025-08-17T13:20:16.1808804Z #95 [etl stage-1 5/9] RUN set -eux;     if [ -f /etc/apt/sources.list ]; then         sed -i 's|http://deb.debian.org|https://deb.debian.org|g' /etc/apt/sources.list;     fi;     apt-get update;     apt-get install -y --no-install-recommends tzdata;     rm -rf /var/lib/apt/lists/*
2025-08-17T13:20:16.1810065Z #95 1.203 Fetched 9769 kB in 1s (10.2 MB/s)
2025-08-17T13:20:16.4373506Z #95 1.203 Reading package lists...
2025-08-17T13:20:16.6051838Z #95 1.662 + apt-get install -y --no-install-recommends tzdata
2025-08-17T13:20:16.8855786Z #95 1.670 Reading package lists...
2025-08-17T13:20:17.0071644Z #95 2.109 Building dependency tree...
2025-08-17T13:20:17.1457847Z #95 2.222 Reading state information...
2025-08-17T13:20:17.1458284Z #95 2.361 tzdata is already the newest version (2025b-4).
2025-08-17T13:20:17.1458762Z #95 2.361 0 upgraded, 0 newly installed, 0 to remove and 0 not upgraded.
2025-08-17T13:20:17.2914449Z #95 2.362 + rm -rf /var/lib/apt/lists/auxfiles /var/lib/apt/lists/deb.debian.org_debian-security_dists_trixie-security_InRelease /var/lib/apt/lists/deb.debian.org_debian-security_dists_trixie-security_main_binary-amd64_Packages.lz4 /var/lib/apt/lists/deb.debian.org_debian_dists_trixie-updates_InRelease /var/lib/apt/lists/deb.debian.org_debian_dists_trixie-updates_main_binary-amd64_Packages.lz4 /var/lib/apt/lists/deb.debian.org_debian_dists_trixie_InRelease /var/lib/apt/lists/deb.debian.org_debian_dists_trixie_main_binary-amd64_Packages.lz4 /var/lib/apt/lists/lock /var/lib/apt/lists/partial
2025-08-17T13:20:17.2918577Z #95 DONE 2.4s
2025-08-17T13:20:17.2918769Z 
2025-08-17T13:20:17.2919149Z #100 [etl stage-1 6/9] COPY services/etl/wait-for-it.sh /usr/local/bin/wait-for-it.sh
2025-08-17T13:20:17.2920100Z #100 DONE 0.0s
2025-08-17T13:20:17.2920277Z 
2025-08-17T13:20:17.2920512Z #101 [etl stage-1 7/9] RUN chmod +x /usr/local/bin/wait-for-it.sh
2025-08-17T13:20:17.2920987Z #101 DONE 0.1s
2025-08-17T13:20:17.4363167Z 
2025-08-17T13:20:17.4365761Z #102 [etl stage-1 8/9] COPY services/etl/entrypoint.sh /app/entrypoint.sh
2025-08-17T13:20:17.4366619Z #102 DONE 0.0s
2025-08-17T13:20:17.4366906Z 
2025-08-17T13:20:17.4367315Z #103 [etl stage-1 9/9] RUN chmod +x /app/entrypoint.sh
2025-08-17T13:20:17.4367821Z #103 DONE 0.1s
2025-08-17T13:20:17.5885543Z 
2025-08-17T13:20:17.5886200Z #104 [etl] exporting to image
2025-08-17T13:20:20.1959079Z #104 exporting layers 2.8s done
2025-08-17T13:20:20.2201478Z #104 writing image sha256:0d574a78e8ea9ad0e297dc85520ff1d38aea993f890047ca327dab094fb2ab6d done
2025-08-17T13:20:20.2202539Z #104 naming to docker.io/library/awa-app-etl done
2025-08-17T13:20:20.2203075Z #104 DONE 2.8s
2025-08-17T13:20:20.2203296Z 
2025-08-17T13:20:20.2203533Z #105 [etl] resolving provenance for metadata file
2025-08-17T13:20:20.2204035Z #105 DONE 0.0s
2025-08-17T13:20:20.2204422Z  fees_h10  Built
2025-08-17T13:20:20.2204741Z  api  Built
2025-08-17T13:20:20.2205222Z  postgres  Built
2025-08-17T13:20:20.2205528Z  web  Built
2025-08-17T13:20:20.2205803Z  repricer  Built
2025-08-17T13:20:20.2206007Z  etl  Built
2025-08-17T13:20:20.2206245Z  logistics_etl  Built
2025-08-17T13:20:20.2273107Z ##[group]Run export COMPOSE_DOCKER_CLI_BUILD=1
2025-08-17T13:20:20.2273496Z [36;1mexport COMPOSE_DOCKER_CLI_BUILD=1[0m
2025-08-17T13:20:20.2273832Z [36;1mexport DOCKER_BUILDKIT=1[0m
2025-08-17T13:20:20.2274120Z [36;1mdocker compose up -d --wait[0m
2025-08-17T13:20:20.2317617Z shell: /usr/bin/bash -e {0}
2025-08-17T13:20:20.2317890Z ##[endgroup]
2025-08-17T13:20:20.3312742Z  minio Pulling 
2025-08-17T13:20:20.6680694Z  dd15713b0f22 Pulling fs layer 
2025-08-17T13:20:20.6681754Z  fd312a3c94fc Pulling fs layer 
2025-08-17T13:20:20.6682261Z  02e05d20c69e Pulling fs layer 
2025-08-17T13:20:20.6682755Z  1f08d9fb7d7d Pulling fs layer 
2025-08-17T13:20:20.6683238Z  b452b5fb7338 Pulling fs layer 
2025-08-17T13:20:20.6683681Z  e14ab7c7ae26 Pulling fs layer 
2025-08-17T13:20:20.6684104Z  3bf7f4428838 Pulling fs layer 
2025-08-17T13:20:20.6684535Z  adc9ba906e83 Pulling fs layer 
2025-08-17T13:20:20.6685136Z  1611ffcaf8be Pulling fs layer 
2025-08-17T13:20:20.6685624Z  e14ab7c7ae26 Waiting 
2025-08-17T13:20:20.6685998Z  3bf7f4428838 Waiting 
2025-08-17T13:20:20.6686374Z  adc9ba906e83 Waiting 
2025-08-17T13:20:20.6686740Z  1611ffcaf8be Waiting 
2025-08-17T13:20:20.6687119Z  1f08d9fb7d7d Waiting 
2025-08-17T13:20:20.6687482Z  b452b5fb7338 Waiting 
2025-08-17T13:20:20.7378339Z  fd312a3c94fc Downloading [>                                                  ]  17.36kB/1.637MB
2025-08-17T13:20:20.7462757Z  02e05d20c69e Downloading [>                                                  ]  2.301kB/122.7kB
2025-08-17T13:20:20.7521898Z  02e05d20c69e Download complete 
2025-08-17T13:20:20.7614834Z  dd15713b0f22 Downloading [>                                                  ]  73.95kB/7.24MB
2025-08-17T13:20:20.7616294Z  fd312a3c94fc Verifying Checksum 
2025-08-17T13:20:20.7616877Z  fd312a3c94fc Download complete 
2025-08-17T13:20:20.8037529Z  dd15713b0f22 Verifying Checksum 
2025-08-17T13:20:20.8038179Z  dd15713b0f22 Download complete 
2025-08-17T13:20:20.8038758Z  dd15713b0f22 Extracting [>                                                  ]   98.3kB/7.24MB
2025-08-17T13:20:20.8408784Z  1f08d9fb7d7d Downloading [>                                                  ]  404.9kB/39.39MB
2025-08-17T13:20:20.8508021Z  b452b5fb7338 Downloading [>                                                  ]  115.7kB/11.19MB
2025-08-17T13:20:20.8916137Z  e14ab7c7ae26 Downloading [>                                                  ]   24.2kB/2.402MB
2025-08-17T13:20:20.9005419Z  b452b5fb7338 Verifying Checksum 
2025-08-17T13:20:20.9007416Z  b452b5fb7338 Download complete 
2025-08-17T13:20:20.9153245Z  dd15713b0f22 Extracting [==============>                                    ]  2.163MB/7.24MB
2025-08-17T13:20:20.9225498Z  e14ab7c7ae26 Download complete 
2025-08-17T13:20:20.9430416Z  1f08d9fb7d7d Downloading [===================>                               ]  15.37MB/39.39MB
2025-08-17T13:20:20.9931597Z  3bf7f4428838 Downloading [>                                                  ]  2.301kB/180.3kB
2025-08-17T13:20:20.9945847Z  adc9ba906e83 Downloading [===>                                               ]     932B/11.88kB
2025-08-17T13:20:20.9947177Z  adc9ba906e83 Downloading [==================================================>]  11.88kB/11.88kB
2025-08-17T13:20:20.9947901Z  adc9ba906e83 Verifying Checksum 
2025-08-17T13:20:20.9948289Z  adc9ba906e83 Download complete 
2025-08-17T13:20:21.0038792Z  3bf7f4428838 Verifying Checksum 
2025-08-17T13:20:21.0039260Z  3bf7f4428838 Download complete 
2025-08-17T13:20:21.0335726Z  dd15713b0f22 Extracting [============================================>      ]  6.488MB/7.24MB
2025-08-17T13:20:21.0484762Z  1f08d9fb7d7d Downloading [===================================>               ]  28.28MB/39.39MB
2025-08-17T13:20:21.0585836Z  dd15713b0f22 Extracting [==================================================>]   7.24MB/7.24MB
2025-08-17T13:20:21.0687606Z  dd15713b0f22 Pull complete 
2025-08-17T13:20:21.0701022Z  fd312a3c94fc Extracting [=>                                                 ]  32.77kB/1.637MB
2025-08-17T13:20:21.0804252Z  1611ffcaf8be Download complete 
2025-08-17T13:20:21.1059879Z  fd312a3c94fc Extracting [==================================================>]  1.637MB/1.637MB
2025-08-17T13:20:21.1087043Z  fd312a3c94fc Extracting [==================================================>]  1.637MB/1.637MB
2025-08-17T13:20:21.1360920Z  1f08d9fb7d7d Verifying Checksum 
2025-08-17T13:20:21.1362212Z  1f08d9fb7d7d Download complete 
2025-08-17T13:20:21.1682116Z  fd312a3c94fc Pull complete 
2025-08-17T13:20:21.1693428Z  02e05d20c69e Extracting [=============>                                     ]  32.77kB/122.7kB
2025-08-17T13:20:21.1706191Z  02e05d20c69e Extracting [==================================================>]  122.7kB/122.7kB
2025-08-17T13:20:21.1855708Z  02e05d20c69e Pull complete 
2025-08-17T13:20:21.1980458Z  1f08d9fb7d7d Extracting [>                                                  ]    426kB/39.39MB
2025-08-17T13:20:21.3041268Z  1f08d9fb7d7d Extracting [===========>                                       ]  9.372MB/39.39MB
2025-08-17T13:20:21.4068613Z  1f08d9fb7d7d Extracting [=====================>                             ]  17.04MB/39.39MB
2025-08-17T13:20:21.5100779Z  1f08d9fb7d7d Extracting [=====================================>             ]  29.82MB/39.39MB
2025-08-17T13:20:21.6135429Z  1f08d9fb7d7d Extracting [================================================>  ]  37.91MB/39.39MB
2025-08-17T13:20:21.6302999Z  1f08d9fb7d7d Extracting [==================================================>]  39.39MB/39.39MB
2025-08-17T13:20:21.6731165Z  1f08d9fb7d7d Pull complete 
2025-08-17T13:20:21.6753948Z  b452b5fb7338 Extracting [>                                                  ]  131.1kB/11.19MB
2025-08-17T13:20:21.7764230Z  b452b5fb7338 Extracting [====================================>              ]  8.258MB/11.19MB
2025-08-17T13:20:21.8062255Z  b452b5fb7338 Extracting [==================================================>]  11.19MB/11.19MB
2025-08-17T13:20:21.8235556Z  b452b5fb7338 Pull complete 
2025-08-17T13:20:21.8248551Z  e14ab7c7ae26 Extracting [>                                                  ]  32.77kB/2.402MB
2025-08-17T13:20:21.8521560Z  e14ab7c7ae26 Extracting [==================================================>]  2.402MB/2.402MB
2025-08-17T13:20:21.8599136Z  e14ab7c7ae26 Pull complete 
2025-08-17T13:20:21.8610333Z  3bf7f4428838 Extracting [=========>                                         ]  32.77kB/180.3kB
2025-08-17T13:20:21.8659850Z  3bf7f4428838 Extracting [==================================================>]  180.3kB/180.3kB
2025-08-17T13:20:21.8674460Z  3bf7f4428838 Extracting [==================================================>]  180.3kB/180.3kB
2025-08-17T13:20:21.8771049Z  3bf7f4428838 Pull complete 
2025-08-17T13:20:21.8785760Z  adc9ba906e83 Extracting [==================================================>]  11.88kB/11.88kB
2025-08-17T13:20:21.8792279Z  adc9ba906e83 Extracting [==================================================>]  11.88kB/11.88kB
2025-08-17T13:20:21.8854201Z  adc9ba906e83 Pull complete 
2025-08-17T13:20:21.8865772Z  1611ffcaf8be Extracting [==================================================>]     498B/498B
2025-08-17T13:20:21.8868120Z  1611ffcaf8be Extracting [==================================================>]     498B/498B
2025-08-17T13:20:21.8951827Z  1611ffcaf8be Pull complete 
2025-08-17T13:20:21.9013507Z  minio Pulled 
2025-08-17T13:20:21.9037068Z  Network awa-app_awa-net  Creating
2025-08-17T13:20:21.9371587Z  Network awa-app_awa-net  Created
2025-08-17T13:20:21.9426447Z  Volume "awa-app_miniodata"  Creating
2025-08-17T13:20:21.9439175Z  Volume "awa-app_miniodata"  Created
2025-08-17T13:20:21.9442714Z  Volume "awa-app_awa-data"  Creating
2025-08-17T13:20:21.9450729Z  Volume "awa-app_awa-data"  Created
2025-08-17T13:20:21.9496083Z  Container awa-app-minio-1  Creating
2025-08-17T13:20:21.9496808Z  Container awa-app-postgres-1  Creating
2025-08-17T13:20:21.9693714Z  Container awa-app-postgres-1  Created
2025-08-17T13:20:21.9694618Z  Container awa-app-minio-1  Created
2025-08-17T13:20:21.9695342Z  Container awa-app-api-1  Creating
2025-08-17T13:20:21.9695966Z  Container awa-app-fees_h10-1  Creating
2025-08-17T13:20:21.9696495Z  Container awa-app-logistics_etl-1  Creating
2025-08-17T13:20:21.9699173Z  Container awa-app-etl-1  Creating
2025-08-17T13:20:21.9874651Z  Container awa-app-logistics_etl-1  Created
2025-08-17T13:20:21.9876023Z  Container awa-app-etl-1  Created
2025-08-17T13:20:21.9877405Z  Container awa-app-fees_h10-1  Created
2025-08-17T13:20:21.9883986Z  Container awa-app-api-1  Created
2025-08-17T13:20:21.9884448Z  Container awa-app-web-1  Creating
2025-08-17T13:20:21.9885862Z  Container awa-app-repricer-1  Creating
2025-08-17T13:20:22.0011341Z  Container awa-app-web-1  Created
2025-08-17T13:20:22.0012427Z  Container awa-app-repricer-1  Created
2025-08-17T13:20:22.0030138Z  Container awa-app-minio-1  Starting
2025-08-17T13:20:22.0030612Z  Container awa-app-postgres-1  Starting
2025-08-17T13:20:22.1619970Z  Container awa-app-postgres-1  Started
2025-08-17T13:20:22.1621108Z  Container awa-app-postgres-1  Waiting
2025-08-17T13:20:22.1623217Z  Container awa-app-postgres-1  Waiting
2025-08-17T13:20:22.1623839Z  Container awa-app-postgres-1  Waiting
2025-08-17T13:20:22.3244347Z  Container awa-app-minio-1  Started
2025-08-17T13:20:22.3245756Z  Container awa-app-postgres-1  Waiting
2025-08-17T13:20:27.3258795Z  Container awa-app-postgres-1  Healthy
2025-08-17T13:20:27.3259454Z  Container awa-app-etl-1  Starting
2025-08-17T13:20:27.4360794Z  Container awa-app-etl-1  Started
2025-08-17T13:20:27.6636187Z  Container awa-app-postgres-1  Healthy
2025-08-17T13:20:27.6636940Z  Container awa-app-postgres-1  Healthy
2025-08-17T13:20:27.6637551Z  Container awa-app-logistics_etl-1  Starting
2025-08-17T13:20:27.6638155Z  Container awa-app-fees_h10-1  Starting
2025-08-17T13:20:27.6639208Z  Container awa-app-postgres-1  Healthy
2025-08-17T13:20:27.6639919Z  Container awa-app-api-1  Starting
2025-08-17T13:20:27.8141049Z  Container awa-app-logistics_etl-1  Started
2025-08-17T13:20:27.8291188Z  Container awa-app-fees_h10-1  Started
2025-08-17T13:20:27.8399547Z  Container awa-app-api-1  Started
2025-08-17T13:20:27.8415215Z  Container awa-app-postgres-1  Waiting
2025-08-17T13:20:27.8416023Z  Container awa-app-api-1  Waiting
2025-08-17T13:20:27.8416858Z  Container awa-app-web-1  Starting
2025-08-17T13:20:28.0301854Z  Container awa-app-web-1  Started
2025-08-17T13:20:28.3430485Z  Container awa-app-postgres-1  Healthy
2025-08-17T13:20:33.3410026Z  Container awa-app-api-1  Healthy
2025-08-17T13:20:33.3410786Z  Container awa-app-repricer-1  Starting
2025-08-17T13:20:33.4735427Z  Container awa-app-repricer-1  Started
2025-08-17T13:20:33.4735800Z  Container awa-app-minio-1  Waiting
2025-08-17T13:20:33.4736192Z  Container awa-app-repricer-1  Waiting
2025-08-17T13:20:33.4736481Z  Container awa-app-web-1  Waiting
2025-08-17T13:20:33.4736833Z  Container awa-app-fees_h10-1  Waiting
2025-08-17T13:20:33.4737135Z  Container awa-app-logistics_etl-1  Waiting
2025-08-17T13:20:33.4737439Z  Container awa-app-api-1  Waiting
2025-08-17T13:20:33.4737794Z  Container awa-app-etl-1  Waiting
2025-08-17T13:20:33.4738057Z  Container awa-app-postgres-1  Waiting
2025-08-17T13:20:33.9764300Z  Container awa-app-web-1  Healthy
2025-08-17T13:20:33.9765451Z  Container awa-app-api-1  Healthy
2025-08-17T13:20:33.9766278Z  Container awa-app-minio-1  Healthy
2025-08-17T13:20:33.9784652Z  Container awa-app-postgres-1  Healthy
2025-08-17T13:20:57.4748311Z  Container awa-app-etl-1  Healthy
2025-08-17T13:20:57.9754744Z  Container awa-app-logistics_etl-1  Healthy
2025-08-17T13:20:58.4746100Z  Container awa-app-fees_h10-1  Healthy
2025-08-17T13:21:23.9748045Z container awa-app-repricer-1 is unhealthy
2025-08-17T13:21:23.9798132Z ##[error]Process completed with exit code 1.
2025-08-17T13:21:23.9844501Z ##[group]Run export COMPOSE_DOCKER_CLI_BUILD=1
2025-08-17T13:21:23.9844848Z [36;1mexport COMPOSE_DOCKER_CLI_BUILD=1[0m
2025-08-17T13:21:23.9845728Z [36;1mexport DOCKER_BUILDKIT=1[0m
2025-08-17T13:21:23.9846004Z [36;1mdocker compose down -v --remove-orphans[0m
2025-08-17T13:21:23.9887729Z shell: /usr/bin/bash -e {0}
2025-08-17T13:21:23.9887970Z ##[endgroup]
2025-08-17T13:21:24.0725189Z  Container awa-app-logistics_etl-1  Stopping
2025-08-17T13:21:24.0733693Z  Container awa-app-repricer-1  Stopping
2025-08-17T13:21:24.0734230Z  Container awa-app-etl-1  Stopping
2025-08-17T13:21:24.0734671Z  Container awa-app-fees_h10-1  Stopping
2025-08-17T13:21:24.0735306Z  Container awa-app-web-1  Stopping
2025-08-17T13:21:24.2157609Z  Container awa-app-web-1  Stopped
2025-08-17T13:21:24.2158140Z  Container awa-app-web-1  Removing
2025-08-17T13:21:24.2214129Z  Container awa-app-web-1  Removed
2025-08-17T13:21:24.2443593Z  Container awa-app-fees_h10-1  Stopped
2025-08-17T13:21:24.2444367Z  Container awa-app-fees_h10-1  Removing
2025-08-17T13:21:24.2526783Z  Container awa-app-fees_h10-1  Removed
2025-08-17T13:21:24.3922667Z  Container awa-app-repricer-1  Stopped
2025-08-17T13:21:24.3923214Z  Container awa-app-repricer-1  Removing
2025-08-17T13:21:24.3989467Z  Container awa-app-repricer-1  Removed
2025-08-17T13:21:24.3989951Z  Container awa-app-api-1  Stopping
2025-08-17T13:21:24.7701519Z  Container awa-app-api-1  Stopped
2025-08-17T13:21:24.7702080Z  Container awa-app-api-1  Removing
2025-08-17T13:21:24.7781890Z  Container awa-app-api-1  Removed
2025-08-17T13:21:34.1748463Z  Container awa-app-etl-1  Stopped
2025-08-17T13:21:34.1750111Z  Container awa-app-etl-1  Removing
2025-08-17T13:21:34.1817069Z  Container awa-app-etl-1  Removed
2025-08-17T13:21:34.1817657Z  Container awa-app-minio-1  Stopping
2025-08-17T13:21:34.1876476Z  Container awa-app-logistics_etl-1  Stopped
2025-08-17T13:21:34.1877207Z  Container awa-app-logistics_etl-1  Removing
2025-08-17T13:21:34.1954072Z  Container awa-app-logistics_etl-1  Removed
2025-08-17T13:21:34.1955251Z  Container awa-app-postgres-1  Stopping
2025-08-17T13:21:34.2831620Z  Container awa-app-postgres-1  Stopped
2025-08-17T13:21:34.2832610Z  Container awa-app-postgres-1  Removing
2025-08-17T13:21:34.3329317Z  Container awa-app-postgres-1  Removed
2025-08-17T13:21:34.3580565Z  Container awa-app-minio-1  Stopped
2025-08-17T13:21:34.3581078Z  Container awa-app-minio-1  Removing
2025-08-17T13:21:34.3630650Z  Container awa-app-minio-1  Removed
2025-08-17T13:21:34.3636011Z  Volume awa-app_miniodata  Removing
2025-08-17T13:21:34.3636607Z  Volume awa-app_awa-data  Removing
2025-08-17T13:21:34.3642456Z  Network awa-app_awa-net  Removing
2025-08-17T13:21:34.3655206Z  Volume awa-app_miniodata  Removed
2025-08-17T13:21:34.3662135Z  Volume awa-app_awa-data  Removed
2025-08-17T13:21:34.5021783Z  Network awa-app_awa-net  Removed
2025-08-17T13:21:34.5126587Z Post job cleanup.
2025-08-17T13:21:34.6058076Z [command]/usr/bin/git version
2025-08-17T13:21:34.6093899Z git version 2.50.1
2025-08-17T13:21:34.6136749Z Temporarily overriding HOME='/home/runner/work/_temp/9eebc89e-bd34-4f60-8a05-26f313cafead' before making global git config changes
2025-08-17T13:21:34.6137927Z Adding repository directory to the temporary git global config as a safe directory
2025-08-17T13:21:34.6141974Z [command]/usr/bin/git config --global --add safe.directory /home/runner/work/AWA-App/AWA-App
2025-08-17T13:21:34.6175946Z [command]/usr/bin/git config --local --name-only --get-regexp core\.sshCommand
2025-08-17T13:21:34.6207524Z [command]/usr/bin/git submodule foreach --recursive sh -c "git config --local --name-only --get-regexp 'core\.sshCommand' && git config --local --unset-all 'core.sshCommand' || :"
2025-08-17T13:21:34.6433104Z [command]/usr/bin/git config --local --name-only --get-regexp http\.https\:\/\/github\.com\/\.extraheader
2025-08-17T13:21:34.6453476Z http.https://github.com/.extraheader
2025-08-17T13:21:34.6465815Z [command]/usr/bin/git config --local --unset-all http.https://github.com/.extraheader
2025-08-17T13:21:34.6494795Z [command]/usr/bin/git submodule foreach --recursive sh -c "git config --local --name-only --get-regexp 'http\.https\:\/\/github\.com\/\.extraheader' && git config --local --unset-all 'http.https://github.com/.extraheader' || :"
2025-08-17T13:21:34.6819158Z Cleaning up orphan processes
