2025-08-18T18:40:59.8841662Z Current runner version: '2.327.1'
2025-08-18T18:40:59.8875032Z ##[group]Runner Image Provisioner
2025-08-18T18:40:59.8876259Z Hosted Compute Agent
2025-08-18T18:40:59.8877081Z Version: 20250818.377
2025-08-18T18:40:59.8878504Z Commit: 3c593e9f75fe0b87e893bca80d6e12ba089c61fc
2025-08-18T18:40:59.8879725Z Build Date: 2025-08-18T14:52:18Z
2025-08-18T18:40:59.8880640Z ##[endgroup]
2025-08-18T18:40:59.8881620Z ##[group]Operating System
2025-08-18T18:40:59.8882541Z Ubuntu
2025-08-18T18:40:59.8883475Z 24.04.2
2025-08-18T18:40:59.8884209Z LTS
2025-08-18T18:40:59.8885032Z ##[endgroup]
2025-08-18T18:40:59.8885885Z ##[group]Runner Image
2025-08-18T18:40:59.8886944Z Image: ubuntu-24.04
2025-08-18T18:40:59.8888066Z Version: 20250810.1.0
2025-08-18T18:40:59.8889924Z Included Software: https://github.com/actions/runner-images/blob/ubuntu24/20250810.1/images/ubuntu/Ubuntu2404-Readme.md
2025-08-18T18:40:59.8892938Z Image Release: https://github.com/actions/runner-images/releases/tag/ubuntu24%2F20250810.1
2025-08-18T18:40:59.8894672Z ##[endgroup]
2025-08-18T18:40:59.8899518Z ##[group]GITHUB_TOKEN Permissions
2025-08-18T18:40:59.8902778Z Actions: write
2025-08-18T18:40:59.8903645Z Attestations: write
2025-08-18T18:40:59.8904580Z Checks: write
2025-08-18T18:40:59.8905432Z Contents: write
2025-08-18T18:40:59.8906194Z Deployments: write
2025-08-18T18:40:59.8907115Z Discussions: write
2025-08-18T18:40:59.8908181Z Issues: write
2025-08-18T18:40:59.8909060Z Metadata: read
2025-08-18T18:40:59.8909980Z Models: read
2025-08-18T18:40:59.8910872Z Packages: write
2025-08-18T18:40:59.8911695Z Pages: write
2025-08-18T18:40:59.8912701Z PullRequests: write
2025-08-18T18:40:59.8913648Z RepositoryProjects: write
2025-08-18T18:40:59.8914670Z SecurityEvents: write
2025-08-18T18:40:59.8915905Z Statuses: write
2025-08-18T18:40:59.8916702Z ##[endgroup]
2025-08-18T18:40:59.8919789Z Secret source: Actions
2025-08-18T18:40:59.8921027Z Prepare workflow directory
2025-08-18T18:40:59.9538707Z Prepare all required actions
2025-08-18T18:40:59.9595302Z Getting action download info
2025-08-18T18:41:00.2069766Z Download action repository 'actions/checkout@v4' (SHA:08eba0b27e820071cde6df949e0beb9ba4906955)
2025-08-18T18:41:00.4602733Z Download action repository 'actions/setup-python@v5' (SHA:a26af69be951a213d495a4c3e4e4022e16d87065)
2025-08-18T18:41:00.7383804Z Download action repository 'actions/cache@v4' (SHA:0400d5f644dc74513175e3cd8d07132dd4860809)
2025-08-18T18:41:01.1554282Z Download action repository 'actions/upload-artifact@v4' (SHA:ea165f8d65b6e75b540449e92b4886f43607fa02)
2025-08-18T18:41:01.4722702Z Complete job name: integration-db
2025-08-18T18:41:01.5251210Z ##[group]Checking docker version
2025-08-18T18:41:01.5264497Z ##[command]/usr/bin/docker version --format '{{.Server.APIVersion}}'
2025-08-18T18:41:01.6363595Z '1.48'
2025-08-18T18:41:01.6377059Z Docker daemon API version: '1.48'
2025-08-18T18:41:01.6378689Z ##[command]/usr/bin/docker version --format '{{.Client.APIVersion}}'
2025-08-18T18:41:01.6535620Z '1.48'
2025-08-18T18:41:01.6549938Z Docker client API version: '1.48'
2025-08-18T18:41:01.6556616Z ##[endgroup]
2025-08-18T18:41:01.6562685Z ##[group]Clean up resources from previous jobs
2025-08-18T18:41:01.6568595Z ##[command]/usr/bin/docker ps --all --quiet --no-trunc --filter "label=3e092a"
2025-08-18T18:41:01.6704295Z ##[command]/usr/bin/docker network prune --force --filter "label=3e092a"
2025-08-18T18:41:01.6828970Z ##[endgroup]
2025-08-18T18:41:01.6829840Z ##[group]Create local container network
2025-08-18T18:41:01.6840620Z ##[command]/usr/bin/docker network create --label 3e092a github_network_763168ff1d4640779989b13c090e9d41
2025-08-18T18:41:01.7312081Z 877b593d5d60beb96e2b262fc885c21b3397ca18117d596bbea40e2f0f5860f7
2025-08-18T18:41:01.7331902Z ##[endgroup]
2025-08-18T18:41:01.7358373Z ##[group]Starting postgres service container
2025-08-18T18:41:01.7378603Z ##[command]/usr/bin/docker pull postgres:15
2025-08-18T18:41:02.0281901Z 15: Pulling from library/postgres
2025-08-18T18:41:02.0809244Z 396b1da7636e: Pulling fs layer
2025-08-18T18:41:02.0811312Z fca2566eba32: Pulling fs layer
2025-08-18T18:41:02.0812930Z 631fe8c6d606: Pulling fs layer
2025-08-18T18:41:02.0814477Z 77c7671c4414: Pulling fs layer
2025-08-18T18:41:02.0815906Z 2d9e29180a27: Pulling fs layer
2025-08-18T18:41:02.0817741Z c6bcc2c9a041: Pulling fs layer
2025-08-18T18:41:02.0819239Z ac4b721eb66f: Pulling fs layer
2025-08-18T18:41:02.0820450Z 606bd164980e: Pulling fs layer
2025-08-18T18:41:02.0821679Z f5dfd246bc6e: Pulling fs layer
2025-08-18T18:41:02.0822838Z ba7036bb0a60: Pulling fs layer
2025-08-18T18:41:02.0823984Z 799f859abbbd: Pulling fs layer
2025-08-18T18:41:02.0825139Z d903e777080c: Pulling fs layer
2025-08-18T18:41:02.0826285Z 04adcb462801: Pulling fs layer
2025-08-18T18:41:02.0827416Z 77c7671c4414: Waiting
2025-08-18T18:41:02.0828709Z 2d9e29180a27: Waiting
2025-08-18T18:41:02.0829767Z 606bd164980e: Waiting
2025-08-18T18:41:02.0831003Z f5dfd246bc6e: Waiting
2025-08-18T18:41:02.0832196Z c6bcc2c9a041: Waiting
2025-08-18T18:41:02.0833898Z ba7036bb0a60: Waiting
2025-08-18T18:41:02.0835398Z 5c10925b29ff: Pulling fs layer
2025-08-18T18:41:02.0836824Z ac4b721eb66f: Waiting
2025-08-18T18:41:02.0838248Z 04adcb462801: Waiting
2025-08-18T18:41:02.0839319Z d903e777080c: Waiting
2025-08-18T18:41:02.0840381Z 5c10925b29ff: Waiting
2025-08-18T18:41:02.1561887Z fca2566eba32: Download complete
2025-08-18T18:41:02.2222540Z 631fe8c6d606: Download complete
2025-08-18T18:41:02.2794660Z 77c7671c4414: Verifying Checksum
2025-08-18T18:41:02.2796147Z 77c7671c4414: Download complete
2025-08-18T18:41:02.3598774Z c6bcc2c9a041: Verifying Checksum
2025-08-18T18:41:02.3600370Z c6bcc2c9a041: Download complete
2025-08-18T18:41:02.4290753Z 2d9e29180a27: Verifying Checksum
2025-08-18T18:41:02.4296211Z 2d9e29180a27: Download complete
2025-08-18T18:41:02.4316262Z ac4b721eb66f: Verifying Checksum
2025-08-18T18:41:02.4321219Z ac4b721eb66f: Download complete
2025-08-18T18:41:02.4869139Z 606bd164980e: Verifying Checksum
2025-08-18T18:41:02.4869814Z 606bd164980e: Download complete
2025-08-18T18:41:02.5743362Z 396b1da7636e: Verifying Checksum
2025-08-18T18:41:02.5749202Z 396b1da7636e: Download complete
2025-08-18T18:41:02.5762096Z ba7036bb0a60: Verifying Checksum
2025-08-18T18:41:02.5762934Z ba7036bb0a60: Download complete
2025-08-18T18:41:02.6354889Z 799f859abbbd: Verifying Checksum
2025-08-18T18:41:02.6355615Z 799f859abbbd: Download complete
2025-08-18T18:41:02.6588622Z d903e777080c: Verifying Checksum
2025-08-18T18:41:02.6591239Z d903e777080c: Download complete
2025-08-18T18:41:02.6792443Z 04adcb462801: Verifying Checksum
2025-08-18T18:41:02.6793817Z 04adcb462801: Download complete
2025-08-18T18:41:02.7292355Z 5c10925b29ff: Verifying Checksum
2025-08-18T18:41:02.7294431Z 5c10925b29ff: Download complete
2025-08-18T18:41:03.5973918Z 396b1da7636e: Pull complete
2025-08-18T18:41:04.7550988Z fca2566eba32: Pull complete
2025-08-18T18:41:04.9271478Z 631fe8c6d606: Pull complete
2025-08-18T18:41:04.9760209Z 77c7671c4414: Pull complete
2025-08-18T18:41:04.9812334Z f5dfd246bc6e: Verifying Checksum
2025-08-18T18:41:04.9813961Z f5dfd246bc6e: Download complete
2025-08-18T18:41:05.2820611Z 2d9e29180a27: Pull complete
2025-08-18T18:41:05.3655310Z c6bcc2c9a041: Pull complete
2025-08-18T18:41:05.3760806Z ac4b721eb66f: Pull complete
2025-08-18T18:41:05.3904414Z 606bd164980e: Pull complete
2025-08-18T18:41:08.3206415Z f5dfd246bc6e: Pull complete
2025-08-18T18:41:08.3393693Z ba7036bb0a60: Pull complete
2025-08-18T18:41:08.3511417Z 799f859abbbd: Pull complete
2025-08-18T18:41:08.3626091Z d903e777080c: Pull complete
2025-08-18T18:41:08.3731201Z 04adcb462801: Pull complete
2025-08-18T18:41:08.3852528Z 5c10925b29ff: Pull complete
2025-08-18T18:41:08.3892402Z Digest: sha256:bc51cf4f1fe02cce7ed2370b20128a9b00b4eb804573a77d2a0d877aaa9c82b1
2025-08-18T18:41:08.3906249Z Status: Downloaded newer image for postgres:15
2025-08-18T18:41:08.3916896Z docker.io/library/postgres:15
2025-08-18T18:41:08.3978085Z ##[command]/usr/bin/docker create --name fb78c992f1694b29b28d64c8670e7b2c_postgres15_57a400 --label 3e092a --network github_network_763168ff1d4640779989b13c090e9d41 --network-alias postgres -p 5432:5432 --health-cmd="pg_isready -U postgres -d awa" --health-interval=5s --health-timeout=5s --health-retries=10 -e "POSTGRES_USER=postgres" -e "POSTGRES_PASSWORD=pass" -e "POSTGRES_DB=awa" -e GITHUB_ACTIONS=true -e CI=true postgres:15
2025-08-18T18:41:08.4283400Z 8b19f8fb3d9571655e8abd9418b67ae9d5cf67e891877f850552c7b13deb301e
2025-08-18T18:41:08.4305373Z ##[command]/usr/bin/docker start 8b19f8fb3d9571655e8abd9418b67ae9d5cf67e891877f850552c7b13deb301e
2025-08-18T18:41:08.6306016Z 8b19f8fb3d9571655e8abd9418b67ae9d5cf67e891877f850552c7b13deb301e
2025-08-18T18:41:08.6329274Z ##[command]/usr/bin/docker ps --all --filter id=8b19f8fb3d9571655e8abd9418b67ae9d5cf67e891877f850552c7b13deb301e --filter status=running --no-trunc --format "{{.ID}} {{.Status}}"
2025-08-18T18:41:08.6456065Z 8b19f8fb3d9571655e8abd9418b67ae9d5cf67e891877f850552c7b13deb301e Up Less than a second (health: starting)
2025-08-18T18:41:08.6476423Z ##[command]/usr/bin/docker port 8b19f8fb3d9571655e8abd9418b67ae9d5cf67e891877f850552c7b13deb301e
2025-08-18T18:41:08.6605825Z 5432/tcp -> 0.0.0.0:5432
2025-08-18T18:41:08.6613477Z 5432/tcp -> [::]:5432
2025-08-18T18:41:08.6660292Z ##[endgroup]
2025-08-18T18:41:08.6669135Z ##[group]Waiting for all services to be ready
2025-08-18T18:41:08.6682279Z ##[command]/usr/bin/docker inspect --format="{{if .Config.Healthcheck}}{{print .State.Health.Status}}{{end}}" 8b19f8fb3d9571655e8abd9418b67ae9d5cf67e891877f850552c7b13deb301e
2025-08-18T18:41:08.6814755Z starting
2025-08-18T18:41:08.6839383Z postgres service is starting, waiting 2 seconds before checking again.
2025-08-18T18:41:10.6849016Z ##[command]/usr/bin/docker inspect --format="{{if .Config.Healthcheck}}{{print .State.Health.Status}}{{end}}" 8b19f8fb3d9571655e8abd9418b67ae9d5cf67e891877f850552c7b13deb301e
2025-08-18T18:41:10.6978984Z starting
2025-08-18T18:41:10.6992493Z postgres service is starting, waiting 4 seconds before checking again.
2025-08-18T18:41:15.0652476Z ##[command]/usr/bin/docker inspect --format="{{if .Config.Healthcheck}}{{print .State.Health.Status}}{{end}}" 8b19f8fb3d9571655e8abd9418b67ae9d5cf67e891877f850552c7b13deb301e
2025-08-18T18:41:15.0769607Z healthy
2025-08-18T18:41:15.0786154Z postgres service is healthy.
2025-08-18T18:41:15.0786903Z ##[endgroup]
2025-08-18T18:41:15.1105797Z ##[group]Run actions/checkout@v4
2025-08-18T18:41:15.1106334Z with:
2025-08-18T18:41:15.1106511Z   fetch-depth: 0
2025-08-18T18:41:15.1106719Z   repository: AlexBomber12/AWA-App
2025-08-18T18:41:15.1107079Z   token: ***
2025-08-18T18:41:15.1107259Z   ssh-strict: true
2025-08-18T18:41:15.1107664Z   ssh-user: git
2025-08-18T18:41:15.1107854Z   persist-credentials: true
2025-08-18T18:41:15.1108060Z   clean: true
2025-08-18T18:41:15.1108238Z   sparse-checkout-cone-mode: true
2025-08-18T18:41:15.1108461Z   fetch-tags: false
2025-08-18T18:41:15.1108636Z   show-progress: true
2025-08-18T18:41:15.1108816Z   lfs: false
2025-08-18T18:41:15.1108969Z   submodules: false
2025-08-18T18:41:15.1109146Z   set-safe-directory: true
2025-08-18T18:41:15.1109604Z ##[endgroup]
2025-08-18T18:41:15.2208381Z Syncing repository: AlexBomber12/AWA-App
2025-08-18T18:41:15.2210350Z ##[group]Getting Git version info
2025-08-18T18:41:15.2210966Z Working directory is '/home/runner/work/AWA-App/AWA-App'
2025-08-18T18:41:15.2211911Z [command]/usr/bin/git version
2025-08-18T18:41:15.2287405Z git version 2.50.1
2025-08-18T18:41:15.2313293Z ##[endgroup]
2025-08-18T18:41:15.2325880Z Temporarily overriding HOME='/home/runner/work/_temp/fd5936b3-2f93-496e-8bb0-91d934aa02ca' before making global git config changes
2025-08-18T18:41:15.2326851Z Adding repository directory to the temporary git global config as a safe directory
2025-08-18T18:41:15.2330886Z [command]/usr/bin/git config --global --add safe.directory /home/runner/work/AWA-App/AWA-App
2025-08-18T18:41:15.2366566Z Deleting the contents of '/home/runner/work/AWA-App/AWA-App'
2025-08-18T18:41:15.2370381Z ##[group]Initializing the repository
2025-08-18T18:41:15.2374663Z [command]/usr/bin/git init /home/runner/work/AWA-App/AWA-App
2025-08-18T18:41:15.2465221Z hint: Using 'master' as the name for the initial branch. This default branch name
2025-08-18T18:41:15.2466278Z hint: is subject to change. To configure the initial branch name to use in all
2025-08-18T18:41:15.2466847Z hint: of your new repositories, which will suppress this warning, call:
2025-08-18T18:41:15.2467178Z hint:
2025-08-18T18:41:15.2467422Z hint: 	git config --global init.defaultBranch <name>
2025-08-18T18:41:15.2467907Z hint:
2025-08-18T18:41:15.2468181Z hint: Names commonly chosen instead of 'master' are 'main', 'trunk' and
2025-08-18T18:41:15.2468792Z hint: 'development'. The just-created branch can be renamed via this command:
2025-08-18T18:41:15.2469407Z hint:
2025-08-18T18:41:15.2469747Z hint: 	git branch -m <name>
2025-08-18T18:41:15.2470007Z hint:
2025-08-18T18:41:15.2470297Z hint: Disable this message with "git config set advice.defaultBranchName false"
2025-08-18T18:41:15.2470945Z Initialized empty Git repository in /home/runner/work/AWA-App/AWA-App/.git/
2025-08-18T18:41:15.2481343Z [command]/usr/bin/git remote add origin https://github.com/AlexBomber12/AWA-App
2025-08-18T18:41:15.2516965Z ##[endgroup]
2025-08-18T18:41:15.2517749Z ##[group]Disabling automatic garbage collection
2025-08-18T18:41:15.2522194Z [command]/usr/bin/git config --local gc.auto 0
2025-08-18T18:41:15.2549204Z ##[endgroup]
2025-08-18T18:41:15.2549799Z ##[group]Setting up auth
2025-08-18T18:41:15.2556565Z [command]/usr/bin/git config --local --name-only --get-regexp core\.sshCommand
2025-08-18T18:41:15.2585898Z [command]/usr/bin/git submodule foreach --recursive sh -c "git config --local --name-only --get-regexp 'core\.sshCommand' && git config --local --unset-all 'core.sshCommand' || :"
2025-08-18T18:41:15.2927730Z [command]/usr/bin/git config --local --name-only --get-regexp http\.https\:\/\/github\.com\/\.extraheader
2025-08-18T18:41:15.2954674Z [command]/usr/bin/git submodule foreach --recursive sh -c "git config --local --name-only --get-regexp 'http\.https\:\/\/github\.com\/\.extraheader' && git config --local --unset-all 'http.https://github.com/.extraheader' || :"
2025-08-18T18:41:15.3171751Z [command]/usr/bin/git config --local http.https://github.com/.extraheader AUTHORIZATION: basic ***
2025-08-18T18:41:15.3205709Z ##[endgroup]
2025-08-18T18:41:15.3206127Z ##[group]Fetching the repository
2025-08-18T18:41:15.3214058Z [command]/usr/bin/git -c protocol.version=2 fetch --prune --no-recurse-submodules origin +refs/heads/*:refs/remotes/origin/* +refs/tags/*:refs/tags/* +47241d8caadac8a8cf9070f4edaee66da256dec5:refs/remotes/pull/250/merge
2025-08-18T18:41:16.7423589Z From https://github.com/AlexBomber12/AWA-App
2025-08-18T18:41:16.7424415Z  * [new branch]      codex/add-cors-support-to-api            -> origin/codex/add-cors-support-to-api
2025-08-18T18:41:16.7426598Z  * [new branch]      codex/analyze-ci-logs-and-implement-fixes -> origin/codex/analyze-ci-logs-and-implement-fixes
2025-08-18T18:41:16.7429000Z  * [new branch]      codex/analyze-ci-logs-and-implement-targeted-fixes -> origin/codex/analyze-ci-logs-and-implement-targeted-fixes
2025-08-18T18:41:16.7430423Z  * [new branch]      codex/fix-ci-workflows-based-on-log-analysis -> origin/codex/fix-ci-workflows-based-on-log-analysis
2025-08-18T18:41:16.7431834Z  * [new branch]      codex/fix-ci-workflows-based-on-log-analysis-kj6l3x -> origin/codex/fix-ci-workflows-based-on-log-analysis-kj6l3x
2025-08-18T18:41:16.7433268Z  * [new branch]      codex/fix-ci-workflows-by-analyzing-logs -> origin/codex/fix-ci-workflows-by-analyzing-logs
2025-08-18T18:41:16.7435341Z  * [new branch]      codex/fix-ci-workflows-by-analyzing-logs-uv2onj -> origin/codex/fix-ci-workflows-by-analyzing-logs-uv2onj
2025-08-18T18:41:16.7437225Z  * [new branch]      codex/fix-ci-workflows-until-green       -> origin/codex/fix-ci-workflows-until-green
2025-08-18T18:41:16.7439603Z  * [new branch]      codex/implement-redis-backed-rate-limiting -> origin/codex/implement-redis-backed-rate-limiting
2025-08-18T18:41:16.7442046Z  * [new branch]      codex/implement-structured-json-logging-and-error-handling -> origin/codex/implement-structured-json-logging-and-error-handling
2025-08-18T18:41:16.7443849Z  * [new branch]      codex/implement-targeted-ci-workflow-fixes -> origin/codex/implement-targeted-ci-workflow-fixes
2025-08-18T18:41:16.7445783Z  * [new branch]      codex/update-log-persistence-to-default-branch -> origin/codex/update-log-persistence-to-default-branch
2025-08-18T18:41:16.7447609Z  * [new branch]      gh-pages                                 -> origin/gh-pages
2025-08-18T18:41:16.7449577Z  * [new branch]      main                                     -> origin/main
2025-08-18T18:41:16.7451087Z  * [new tag]         0.3.0                                    -> 0.3.0
2025-08-18T18:41:16.7455093Z  * [new ref]         47241d8caadac8a8cf9070f4edaee66da256dec5 -> pull/250/merge
2025-08-18T18:41:16.7489903Z ##[endgroup]
2025-08-18T18:41:16.7490353Z ##[group]Determining the checkout info
2025-08-18T18:41:16.7491091Z ##[endgroup]
2025-08-18T18:41:16.7496384Z [command]/usr/bin/git sparse-checkout disable
2025-08-18T18:41:16.7534495Z [command]/usr/bin/git config --local --unset-all extensions.worktreeConfig
2025-08-18T18:41:16.7559984Z ##[group]Checking out the ref
2025-08-18T18:41:16.7563588Z [command]/usr/bin/git checkout --progress --force refs/remotes/pull/250/merge
2025-08-18T18:41:16.7954076Z Note: switching to 'refs/remotes/pull/250/merge'.
2025-08-18T18:41:16.7954606Z 
2025-08-18T18:41:16.7954908Z You are in 'detached HEAD' state. You can look around, make experimental
2025-08-18T18:41:16.7955637Z changes and commit them, and you can discard any commits you make in this
2025-08-18T18:41:16.7956345Z state without impacting any branches by switching back to a branch.
2025-08-18T18:41:16.7956763Z 
2025-08-18T18:41:16.7957038Z If you want to create a new branch to retain commits you create, you may
2025-08-18T18:41:16.7957853Z do so (now or later) by using -c with the switch command. Example:
2025-08-18T18:41:16.7958330Z 
2025-08-18T18:41:16.7958525Z   git switch -c <new-branch-name>
2025-08-18T18:41:16.7958789Z 
2025-08-18T18:41:16.7958885Z Or undo this operation with:
2025-08-18T18:41:16.7959037Z 
2025-08-18T18:41:16.7959121Z   git switch -
2025-08-18T18:41:16.7959235Z 
2025-08-18T18:41:16.7959649Z Turn off this advice by setting config variable advice.detachedHead to false
2025-08-18T18:41:16.7959947Z 
2025-08-18T18:41:16.7960289Z HEAD is now at 47241d8 Merge 695ed2fcedcb991859f75e3d9f305e8a7bb51ab7 into 4514171fcbc85a123bc1a484ea1bac8a88cfa567
2025-08-18T18:41:16.7970956Z ##[endgroup]
2025-08-18T18:41:16.8006434Z [command]/usr/bin/git log -1 --format=%H
2025-08-18T18:41:16.8027959Z 47241d8caadac8a8cf9070f4edaee66da256dec5
2025-08-18T18:41:16.8189158Z ##[group]Run cat .env.ci >> "$GITHUB_ENV"
2025-08-18T18:41:16.8189498Z [36;1mcat .env.ci >> "$GITHUB_ENV"[0m
2025-08-18T18:41:16.8190163Z [36;1mecho "DATABASE_URL=***localhost:5432/awa" >> "$GITHUB_ENV"[0m
2025-08-18T18:41:16.8190513Z [36;1mecho "PG_HOST=localhost" >> "$GITHUB_ENV"[0m
2025-08-18T18:41:16.8190805Z [36;1mecho "PG_PORT=5432" >> "$GITHUB_ENV"[0m
2025-08-18T18:41:16.8191103Z [36;1mecho "PG_USER=postgres" >> "$GITHUB_ENV"[0m
2025-08-18T18:41:16.8191389Z [36;1mecho "PG_PASSWORD=pass" >> "$GITHUB_ENV"[0m
2025-08-18T18:41:16.8191671Z [36;1mecho "PG_DATABASE=awa" >> "$GITHUB_ENV"[0m
2025-08-18T18:41:16.8233768Z shell: /usr/bin/bash -e {0}
2025-08-18T18:41:16.8234006Z ##[endgroup]
2025-08-18T18:41:16.8402896Z ##[group]Run actions/setup-python@v5
2025-08-18T18:41:16.8403149Z with:
2025-08-18T18:41:16.8403325Z   python-version: 3.11
2025-08-18T18:41:16.8403519Z   cache: pip
2025-08-18T18:41:16.8403729Z   cache-dependency-path: requirements-dev.txt

2025-08-18T18:41:16.8404000Z   check-latest: false
2025-08-18T18:41:16.8404298Z   token: ***
2025-08-18T18:41:16.8404489Z   update-environment: true
2025-08-18T18:41:16.8404700Z   allow-prereleases: false
2025-08-18T18:41:16.8404903Z   freethreaded: false
2025-08-18T18:41:16.8405083Z env:
2025-08-18T18:41:16.8405243Z   PG_USER: postgres
2025-08-18T18:41:16.8405430Z   PG_PASSWORD: pass
2025-08-18T18:41:16.8405782Z   PG_DATABASE: awa
2025-08-18T18:41:16.8405963Z   PG_HOST: localhost
2025-08-18T18:41:16.8406138Z   PG_PORT: 5432
2025-08-18T18:41:16.8406508Z   PG_SYNC_DSN: ***localhost:5432/awa
2025-08-18T18:41:16.8406963Z   PG_ASYNC_DSN: ***localhost:5432/awa
2025-08-18T18:41:16.8407364Z   DATABASE_URL: ***localhost:5432/awa
2025-08-18T18:41:16.8407850Z   DATA_DIR: /tmp/awa-data
2025-08-18T18:41:16.8408047Z   ENABLE_LIVE: 0
2025-08-18T18:41:16.8408215Z   TESTING: 1
2025-08-18T18:41:16.8408372Z ##[endgroup]
2025-08-18T18:41:17.0017256Z ##[group]Installed versions
2025-08-18T18:41:17.0155012Z Successfully set up CPython (3.11.13)
2025-08-18T18:41:17.0155923Z ##[endgroup]
2025-08-18T18:41:17.0519486Z [command]/opt/hostedtoolcache/Python/3.11.13/x64/bin/pip cache dir
2025-08-18T18:41:18.3292858Z /home/runner/.cache/pip
2025-08-18T18:41:18.4278880Z Cache hit for: setup-python-Linux-x64-24.04-Ubuntu-python-3.11.13-pip-5e718741e550cec7917fae13efe91a31293d04a98c3c0932315e8f58598cbd2c
2025-08-18T18:41:19.4819220Z Received 197132288 of 252792236 (78.0%), 187.8 MBs/sec
2025-08-18T18:41:19.6784528Z Received 252792236 of 252792236 (100.0%), 201.2 MBs/sec
2025-08-18T18:41:19.6786813Z Cache Size: ~241 MB (252792236 B)
2025-08-18T18:41:19.6823239Z [command]/usr/bin/tar -xf /home/runner/work/_temp/4d1e4376-b097-4ac9-b03e-82fab9fedd4f/cache.tzst -P -C /home/runner/work/AWA-App/AWA-App --use-compress-program unzstd
2025-08-18T18:41:20.1037409Z Cache restored successfully
2025-08-18T18:41:20.1519887Z Cache restored from key: setup-python-Linux-x64-24.04-Ubuntu-python-3.11.13-pip-5e718741e550cec7917fae13efe91a31293d04a98c3c0932315e8f58598cbd2c
2025-08-18T18:41:20.2238116Z ##[group]Run actions/cache@v4
2025-08-18T18:41:20.2238387Z with:
2025-08-18T18:41:20.2238605Z   path: ~/.cache/pip
.pytest_cache
~/.ruff_cache

2025-08-18T18:41:20.2239026Z   key: Linux-int-5e718741e550cec7917fae13efe91a31293d04a98c3c0932315e8f58598cbd2c
2025-08-18T18:41:20.2239424Z   restore-keys: Linux-int-
2025-08-18T18:41:20.2239667Z   enableCrossOsArchive: false
2025-08-18T18:41:20.2239900Z   fail-on-cache-miss: false
2025-08-18T18:41:20.2240114Z   lookup-only: false
2025-08-18T18:41:20.2240300Z   save-always: false
2025-08-18T18:41:20.2240468Z env:
2025-08-18T18:41:20.2240630Z   PG_USER: postgres
2025-08-18T18:41:20.2240816Z   PG_PASSWORD: pass
2025-08-18T18:41:20.2240994Z   PG_DATABASE: awa
2025-08-18T18:41:20.2241171Z   PG_HOST: localhost
2025-08-18T18:41:20.2241355Z   PG_PORT: 5432
2025-08-18T18:41:20.2241816Z   PG_SYNC_DSN: ***localhost:5432/awa
2025-08-18T18:41:20.2242259Z   PG_ASYNC_DSN: ***localhost:5432/awa
2025-08-18T18:41:20.2242662Z   DATABASE_URL: ***localhost:5432/awa
2025-08-18T18:41:20.2242892Z   DATA_DIR: /tmp/awa-data
2025-08-18T18:41:20.2243090Z   ENABLE_LIVE: 0
2025-08-18T18:41:20.2243264Z   TESTING: 1
2025-08-18T18:41:20.2243496Z   pythonLocation: /opt/hostedtoolcache/Python/3.11.13/x64
2025-08-18T18:41:20.2243897Z   PKG_CONFIG_PATH: /opt/hostedtoolcache/Python/3.11.13/x64/lib/pkgconfig
2025-08-18T18:41:20.2244300Z   Python_ROOT_DIR: /opt/hostedtoolcache/Python/3.11.13/x64
2025-08-18T18:41:20.2244643Z   Python2_ROOT_DIR: /opt/hostedtoolcache/Python/3.11.13/x64
2025-08-18T18:41:20.2244982Z   Python3_ROOT_DIR: /opt/hostedtoolcache/Python/3.11.13/x64
2025-08-18T18:41:20.2245324Z   LD_LIBRARY_PATH: /opt/hostedtoolcache/Python/3.11.13/x64/lib
2025-08-18T18:41:20.2245619Z ##[endgroup]
2025-08-18T18:41:20.4286208Z Cache hit for: Linux-int-5e718741e550cec7917fae13efe91a31293d04a98c3c0932315e8f58598cbd2c
2025-08-18T18:41:21.4870844Z Received 247463936 of 252795134 (97.9%), 236.0 MBs/sec
2025-08-18T18:41:21.6128876Z Received 252795134 of 252795134 (100.0%), 214.1 MBs/sec
2025-08-18T18:41:21.6132041Z Cache Size: ~241 MB (252795134 B)
2025-08-18T18:41:21.6172144Z [command]/usr/bin/tar -xf /home/runner/work/_temp/e14c6d17-9745-4067-8785-edeefc2757e9/cache.tzst -P -C /home/runner/work/AWA-App/AWA-App --use-compress-program unzstd
2025-08-18T18:41:22.0531363Z Cache restored successfully
2025-08-18T18:41:22.1138406Z Cache restored from key: Linux-int-5e718741e550cec7917fae13efe91a31293d04a98c3c0932315e8f58598cbd2c
2025-08-18T18:41:22.1260092Z ##[group]Run pip install -r requirements-dev.txt
2025-08-18T18:41:22.1260488Z [36;1mpip install -r requirements-dev.txt[0m
2025-08-18T18:41:22.1260811Z [36;1mpip install keepa==1.3.15 minio==7.1.15[0m
2025-08-18T18:41:22.1302727Z shell: /usr/bin/bash -e {0}
2025-08-18T18:41:22.1302970Z env:
2025-08-18T18:41:22.1303152Z   PG_USER: postgres
2025-08-18T18:41:22.1303357Z   PG_PASSWORD: pass
2025-08-18T18:41:22.1303551Z   PG_DATABASE: awa
2025-08-18T18:41:22.1303736Z   PG_HOST: localhost
2025-08-18T18:41:22.1303931Z   PG_PORT: 5432
2025-08-18T18:41:22.1304412Z   PG_SYNC_DSN: ***localhost:5432/awa
2025-08-18T18:41:22.1304808Z   PG_ASYNC_DSN: ***localhost:5432/awa
2025-08-18T18:41:22.1305186Z   DATABASE_URL: ***localhost:5432/awa
2025-08-18T18:41:22.1305425Z   DATA_DIR: /tmp/awa-data
2025-08-18T18:41:22.1305633Z   ENABLE_LIVE: 0
2025-08-18T18:41:22.1305808Z   TESTING: 1
2025-08-18T18:41:22.1306050Z   pythonLocation: /opt/hostedtoolcache/Python/3.11.13/x64
2025-08-18T18:41:22.1306736Z   PKG_CONFIG_PATH: /opt/hostedtoolcache/Python/3.11.13/x64/lib/pkgconfig
2025-08-18T18:41:22.1331689Z   Python_ROOT_DIR: /opt/hostedtoolcache/Python/3.11.13/x64
2025-08-18T18:41:22.1332070Z   Python2_ROOT_DIR: /opt/hostedtoolcache/Python/3.11.13/x64
2025-08-18T18:41:22.1332434Z   Python3_ROOT_DIR: /opt/hostedtoolcache/Python/3.11.13/x64
2025-08-18T18:41:22.1332791Z   LD_LIBRARY_PATH: /opt/hostedtoolcache/Python/3.11.13/x64/lib
2025-08-18T18:41:22.1333085Z ##[endgroup]
2025-08-18T18:41:23.9054813Z Collecting Jinja2==3.1.6 (from -r requirements-dev.txt (line 2))
2025-08-18T18:41:23.9070956Z   Using cached jinja2-3.1.6-py3-none-any.whl.metadata (2.9 kB)
2025-08-18T18:41:23.9267909Z Collecting alembic==1.13.1 (from -r requirements-dev.txt (line 3))
2025-08-18T18:41:23.9282813Z   Using cached alembic-1.13.1-py3-none-any.whl.metadata (7.4 kB)
2025-08-18T18:41:23.9424283Z Collecting apscheduler==3.10.4 (from -r requirements-dev.txt (line 4))
2025-08-18T18:41:23.9438389Z   Using cached APScheduler-3.10.4-py3-none-any.whl.metadata (5.7 kB)
2025-08-18T18:41:23.9593625Z Collecting asgi-correlation-id==4.3.1 (from -r requirements-dev.txt (line 5))
2025-08-18T18:41:23.9608431Z   Using cached asgi_correlation_id-4.3.1-py3-none-any.whl.metadata (28 kB)
2025-08-18T18:41:24.0141126Z Collecting asyncpg==0.30.0 (from -r requirements-dev.txt (line 6))
2025-08-18T18:41:24.0555454Z   Using cached asyncpg-0.30.0-cp311-cp311-manylinux_2_17_x86_64.manylinux2014_x86_64.whl.metadata (5.0 kB)
2025-08-18T18:41:24.1358597Z Collecting black==25.1.0 (from -r requirements-dev.txt (line 7))
2025-08-18T18:41:24.1372249Z   Using cached black-25.1.0-cp311-cp311-manylinux_2_17_x86_64.manylinux2014_x86_64.manylinux_2_28_x86_64.whl.metadata (81 kB)
2025-08-18T18:41:24.4283136Z Collecting boto3 (from -r requirements-dev.txt (line 8))
2025-08-18T18:41:24.4298816Z   Using cached boto3-1.40.11-py3-none-any.whl.metadata (6.7 kB)
2025-08-18T18:41:24.4559959Z Collecting redis==5.* (from -r requirements-dev.txt (line 9))
2025-08-18T18:41:24.4573773Z   Using cached redis-5.3.1-py3-none-any.whl.metadata (9.2 kB)
2025-08-18T18:41:24.4849210Z Collecting minio==7.* (from -r requirements-dev.txt (line 10))
2025-08-18T18:41:24.4862613Z   Using cached minio-7.2.16-py3-none-any.whl.metadata (6.5 kB)
2025-08-18T18:41:24.5123131Z Collecting celery==5.4.0 (from -r requirements-dev.txt (line 11))
2025-08-18T18:41:24.5136832Z   Using cached celery-5.4.0-py3-none-any.whl.metadata (21 kB)
2025-08-18T18:41:24.5655472Z Collecting fastapi==0.116.1 (from -r requirements-dev.txt (line 12))
2025-08-18T18:41:24.5668538Z   Using cached fastapi-0.116.1-py3-none-any.whl.metadata (28 kB)
2025-08-18T18:41:24.5805345Z Collecting fastapi-limiter==0.1.6 (from -r requirements-dev.txt (line 14))
2025-08-18T18:41:24.5818846Z   Using cached fastapi_limiter-0.1.6-py3-none-any.whl.metadata (5.3 kB)
2025-08-18T18:41:24.5987325Z Collecting httpx<0.29,>=0.27 (from -r requirements-dev.txt (line 15))
2025-08-18T18:41:24.6000755Z   Using cached httpx-0.28.1-py3-none-any.whl.metadata (7.1 kB)
2025-08-18T18:41:24.6103174Z Collecting imapclient==3.0.1 (from -r requirements-dev.txt (line 16))
2025-08-18T18:41:24.6116064Z   Using cached IMAPClient-3.0.1-py2.py3-none-any.whl.metadata (1.7 kB)
2025-08-18T18:41:24.6197992Z Collecting itsdangerous (from -r requirements-dev.txt (line 17))
2025-08-18T18:41:24.6212856Z   Using cached itsdangerous-2.2.0-py3-none-any.whl.metadata (1.9 kB)
2025-08-18T18:41:24.7306152Z Collecting mypy==1.* (from -r requirements-dev.txt (line 18))
2025-08-18T18:41:24.7321838Z   Using cached mypy-1.17.1-cp311-cp311-manylinux2014_x86_64.manylinux_2_17_x86_64.manylinux_2_28_x86_64.whl.metadata (2.2 kB)
2025-08-18T18:41:24.7408452Z Collecting mypy-extensions==1.1.0 (from -r requirements-dev.txt (line 19))
2025-08-18T18:41:24.7422104Z   Using cached mypy_extensions-1.1.0-py3-none-any.whl.metadata (1.1 kB)
2025-08-18T18:41:24.8941886Z Collecting numpy<2 (from -r requirements-dev.txt (line 20))
2025-08-18T18:41:24.8958433Z   Using cached numpy-1.26.4-cp311-cp311-manylinux_2_17_x86_64.manylinux2014_x86_64.whl.metadata (61 kB)
2025-08-18T18:41:24.9175699Z Collecting openpyxl==3.1.5 (from -r requirements-dev.txt (line 21))
2025-08-18T18:41:24.9189681Z   Using cached openpyxl-3.1.5-py2.py3-none-any.whl.metadata (2.5 kB)
2025-08-18T18:41:25.0197845Z Collecting pandas==2.2.* (from -r requirements-dev.txt (line 22))
2025-08-18T18:41:25.0213258Z   Using cached pandas-2.2.3-cp311-cp311-manylinux_2_17_x86_64.manylinux2014_x86_64.whl.metadata (89 kB)
2025-08-18T18:41:25.1068094Z Collecting psycopg2-binary==2.9.9 (from -r requirements-dev.txt (line 23))
2025-08-18T18:41:25.1083068Z   Using cached psycopg2_binary-2.9.9-cp311-cp311-manylinux_2_17_x86_64.manylinux2014_x86_64.whl.metadata (4.4 kB)
2025-08-18T18:41:25.1213805Z Collecting psycopg==3.2.9 (from psycopg[binary]==3.2.9->-r requirements-dev.txt (line 24))
2025-08-18T18:41:25.1229123Z   Using cached psycopg-3.2.9-py3-none-any.whl.metadata (4.5 kB)
2025-08-18T18:41:25.2510959Z Collecting pydantic==2.11.7 (from -r requirements-dev.txt (line 25))
2025-08-18T18:41:25.2526256Z   Using cached pydantic-2.11.7-py3-none-any.whl.metadata (67 kB)
2025-08-18T18:41:25.2563603Z Requirement already satisfied: setuptools in /opt/hostedtoolcache/Python/3.11.13/x64/lib/python3.11/site-packages (from -r requirements-dev.txt (line 26)) (65.5.0)
2025-08-18T18:41:25.2704327Z Collecting pytest-asyncio==0.23.6 (from -r requirements-dev.txt (line 27))
2025-08-18T18:41:25.2718210Z   Using cached pytest_asyncio-0.23.6-py3-none-any.whl.metadata (3.9 kB)
2025-08-18T18:41:25.2859983Z Collecting pytest-cov==6.2.1 (from -r requirements-dev.txt (line 28))
2025-08-18T18:41:25.2873480Z   Using cached pytest_cov-6.2.1-py3-none-any.whl.metadata (30 kB)
2025-08-18T18:41:25.3002988Z Collecting pytest-postgresql==7.0.2 (from -r requirements-dev.txt (line 29))
2025-08-18T18:41:25.3016469Z   Using cached pytest_postgresql-7.0.2-py3-none-any.whl.metadata (18 kB)
2025-08-18T18:41:25.3162012Z Collecting python-dotenv (from -r requirements-dev.txt (line 30))
2025-08-18T18:41:25.3175552Z   Using cached python_dotenv-1.1.1-py3-none-any.whl.metadata (24 kB)
2025-08-18T18:41:25.3279077Z Collecting python-multipart (from -r requirements-dev.txt (line 31))
2025-08-18T18:41:25.3292728Z   Using cached python_multipart-0.0.20-py3-none-any.whl.metadata (1.8 kB)
2025-08-18T18:41:25.3549835Z Collecting python-telegram-bot==22.2 (from -r requirements-dev.txt (line 32))
2025-08-18T18:41:25.3563331Z   Using cached python_telegram_bot-22.2-py3-none-any.whl.metadata (17 kB)
2025-08-18T18:41:25.3815621Z Collecting requests==2.32.4 (from -r requirements-dev.txt (line 33))
2025-08-18T18:41:25.3829907Z   Using cached requests-2.32.4-py3-none-any.whl.metadata (4.9 kB)
2025-08-18T18:41:25.3969599Z Collecting respx==0.22.0 (from -r requirements-dev.txt (line 34))
2025-08-18T18:41:25.3982956Z   Using cached respx-0.22.0-py2.py3-none-any.whl.metadata (4.1 kB)
2025-08-18T18:41:25.7458894Z Collecting ruff==0.4.4 (from -r requirements-dev.txt (line 35))
2025-08-18T18:41:25.7475361Z   Using cached ruff-0.4.4-py3-none-manylinux_2_17_x86_64.manylinux2014_x86_64.whl.metadata (23 kB)
2025-08-18T18:41:25.9867697Z Collecting sqlalchemy==2.0.29 (from -r requirements-dev.txt (line 36))
2025-08-18T18:41:25.9883789Z   Using cached SQLAlchemy-2.0.29-cp311-cp311-manylinux_2_17_x86_64.manylinux2014_x86_64.whl.metadata (9.6 kB)
2025-08-18T18:41:26.0066372Z Collecting structlog==24.1.0 (from -r requirements-dev.txt (line 37))
2025-08-18T18:41:26.0080154Z   Using cached structlog-24.1.0-py3-none-any.whl.metadata (6.9 kB)
2025-08-18T18:41:26.0228144Z Collecting testcontainers==4.10.0 (from testcontainers[postgres]==4.10.0->-r requirements-dev.txt (line 38))
2025-08-18T18:41:26.0241147Z   Using cached testcontainers-4.10.0-py3-none-any.whl.metadata (7.8 kB)
2025-08-18T18:41:26.0537022Z Collecting types-requests==2.32.0.20240602 (from -r requirements-dev.txt (line 39))
2025-08-18T18:41:26.0550342Z   Using cached types_requests-2.32.0.20240602-py3-none-any.whl.metadata (1.8 kB)
2025-08-18T18:41:26.0645761Z Collecting docspec-python==2.2.2 (from -r requirements-dev.txt (line 40))
2025-08-18T18:41:26.0658737Z   Using cached docspec_python-2.2.2-py3-none-any.whl.metadata (1.0 kB)
2025-08-18T18:41:26.0786924Z Collecting pydoc-markdown==4.8.2 (from -r requirements-dev.txt (line 41))
2025-08-18T18:41:26.0800665Z   Using cached pydoc_markdown-4.8.2-py3-none-any.whl.metadata (5.9 kB)
2025-08-18T18:41:26.1044282Z Collecting pandera==0.19.* (from -r requirements-dev.txt (line 42))
2025-08-18T18:41:26.1057847Z   Using cached pandera-0.19.3-py3-none-any.whl.metadata (15 kB)
2025-08-18T18:41:26.2033262Z Collecting MarkupSafe>=2.0 (from Jinja2==3.1.6->-r requirements-dev.txt (line 2))
2025-08-18T18:41:26.2049267Z   Using cached MarkupSafe-3.0.2-cp311-cp311-manylinux_2_17_x86_64.manylinux2014_x86_64.whl.metadata (4.0 kB)
2025-08-18T18:41:26.2309438Z Collecting Mako (from alembic==1.13.1->-r requirements-dev.txt (line 3))
2025-08-18T18:41:26.2323617Z   Using cached mako-1.3.10-py3-none-any.whl.metadata (2.9 kB)
2025-08-18T18:41:26.2470511Z Collecting typing-extensions>=4 (from alembic==1.13.1->-r requirements-dev.txt (line 3))
2025-08-18T18:41:26.2484253Z   Using cached typing_extensions-4.14.1-py3-none-any.whl.metadata (3.0 kB)
2025-08-18T18:41:26.2599393Z Collecting six>=1.4.0 (from apscheduler==3.10.4->-r requirements-dev.txt (line 4))
2025-08-18T18:41:26.2613038Z   Using cached six-1.17.0-py2.py3-none-any.whl.metadata (1.7 kB)
2025-08-18T18:41:26.2918942Z Collecting pytz (from apscheduler==3.10.4->-r requirements-dev.txt (line 4))
2025-08-18T18:41:26.2933197Z   Using cached pytz-2025.2-py2.py3-none-any.whl.metadata (22 kB)
2025-08-18T18:41:26.3071665Z Collecting tzlocal!=3.*,>=2.0 (from apscheduler==3.10.4->-r requirements-dev.txt (line 4))
2025-08-18T18:41:26.3085172Z   Using cached tzlocal-5.3.1-py3-none-any.whl.metadata (7.6 kB)
2025-08-18T18:41:26.3352891Z Collecting starlette>=0.18 (from asgi-correlation-id==4.3.1->-r requirements-dev.txt (line 5))
2025-08-18T18:41:26.3366565Z   Using cached starlette-0.47.2-py3-none-any.whl.metadata (6.2 kB)
2025-08-18T18:41:26.3531929Z Collecting click>=8.0.0 (from black==25.1.0->-r requirements-dev.txt (line 7))
2025-08-18T18:41:26.3545567Z   Using cached click-8.2.1-py3-none-any.whl.metadata (2.5 kB)
2025-08-18T18:41:26.3679737Z Collecting packaging>=22.0 (from black==25.1.0->-r requirements-dev.txt (line 7))
2025-08-18T18:41:26.3693569Z   Using cached packaging-25.0-py3-none-any.whl.metadata (3.3 kB)
2025-08-18T18:41:26.3786940Z Collecting pathspec>=0.9.0 (from black==25.1.0->-r requirements-dev.txt (line 7))
2025-08-18T18:41:26.3800789Z   Using cached pathspec-0.12.1-py3-none-any.whl.metadata (21 kB)
2025-08-18T18:41:26.3964649Z Collecting platformdirs>=2 (from black==25.1.0->-r requirements-dev.txt (line 7))
2025-08-18T18:41:26.3978165Z   Using cached platformdirs-4.3.8-py3-none-any.whl.metadata (12 kB)
2025-08-18T18:41:26.4146525Z Collecting billiard<5.0,>=4.2.0 (from celery==5.4.0->-r requirements-dev.txt (line 11))
2025-08-18T18:41:26.4160328Z   Using cached billiard-4.2.1-py3-none-any.whl.metadata (4.4 kB)
2025-08-18T18:41:26.4397790Z Collecting kombu<6.0,>=5.3.4 (from celery==5.4.0->-r requirements-dev.txt (line 11))
2025-08-18T18:41:26.4411142Z   Using cached kombu-5.5.4-py3-none-any.whl.metadata (3.5 kB)
2025-08-18T18:41:26.4547961Z Collecting vine<6.0,>=5.1.0 (from celery==5.4.0->-r requirements-dev.txt (line 11))
2025-08-18T18:41:26.4561369Z   Using cached vine-5.1.0-py3-none-any.whl.metadata (2.7 kB)
2025-08-18T18:41:26.4670273Z Collecting click-didyoumean>=0.3.0 (from celery==5.4.0->-r requirements-dev.txt (line 11))
2025-08-18T18:41:26.4684540Z   Using cached click_didyoumean-0.3.1-py3-none-any.whl.metadata (3.9 kB)
2025-08-18T18:41:26.4758450Z Collecting click-repl>=0.2.0 (from celery==5.4.0->-r requirements-dev.txt (line 11))
2025-08-18T18:41:26.4771979Z   Using cached click_repl-0.3.0-py3-none-any.whl.metadata (3.6 kB)
2025-08-18T18:41:26.4847902Z Collecting click-plugins>=1.1.1 (from celery==5.4.0->-r requirements-dev.txt (line 11))
2025-08-18T18:41:26.4861386Z   Using cached click_plugins-1.1.1.2-py2.py3-none-any.whl.metadata (6.5 kB)
2025-08-18T18:41:26.4973617Z Collecting tzdata>=2022.7 (from celery==5.4.0->-r requirements-dev.txt (line 11))
2025-08-18T18:41:26.4987395Z   Using cached tzdata-2025.2-py2.py3-none-any.whl.metadata (1.4 kB)
2025-08-18T18:41:26.5082916Z Collecting python-dateutil>=2.8.2 (from celery==5.4.0->-r requirements-dev.txt (line 11))
2025-08-18T18:41:26.5096662Z   Using cached python_dateutil-2.9.0.post0-py2.py3-none-any.whl.metadata (8.4 kB)
2025-08-18T18:41:26.5650588Z Collecting annotated-types>=0.6.0 (from pydantic==2.11.7->-r requirements-dev.txt (line 25))
2025-08-18T18:41:26.5664115Z   Using cached annotated_types-0.7.0-py3-none-any.whl.metadata (15 kB)
2025-08-18T18:41:27.2069334Z Collecting pydantic-core==2.33.2 (from pydantic==2.11.7->-r requirements-dev.txt (line 25))
2025-08-18T18:41:27.2084679Z   Using cached pydantic_core-2.33.2-cp311-cp311-manylinux_2_17_x86_64.manylinux2014_x86_64.whl.metadata (6.8 kB)
2025-08-18T18:41:27.2202991Z Collecting typing-inspection>=0.4.0 (from pydantic==2.11.7->-r requirements-dev.txt (line 25))
2025-08-18T18:41:27.2216102Z   Using cached typing_inspection-0.4.1-py3-none-any.whl.metadata (2.6 kB)
2025-08-18T18:41:27.2450569Z Collecting et-xmlfile (from openpyxl==3.1.5->-r requirements-dev.txt (line 21))
2025-08-18T18:41:27.2463701Z   Using cached et_xmlfile-2.0.0-py3-none-any.whl.metadata (2.7 kB)
2025-08-18T18:41:27.2825203Z Collecting pytest<9,>=7.0.0 (from pytest-asyncio==0.23.6->-r requirements-dev.txt (line 27))
2025-08-18T18:41:27.2838568Z   Using cached pytest-8.4.1-py3-none-any.whl.metadata (7.7 kB)
2025-08-18T18:41:27.6559206Z Collecting coverage>=7.5 (from coverage[toml]>=7.5->pytest-cov==6.2.1->-r requirements-dev.txt (line 28))
2025-08-18T18:41:27.6575558Z   Using cached coverage-7.10.4-cp311-cp311-manylinux1_x86_64.manylinux_2_28_x86_64.manylinux_2_5_x86_64.whl.metadata (8.9 kB)
2025-08-18T18:41:27.6684740Z Collecting pluggy>=1.2 (from pytest-cov==6.2.1->-r requirements-dev.txt (line 28))
2025-08-18T18:41:27.6699113Z   Using cached pluggy-1.6.0-py3-none-any.whl.metadata (4.8 kB)
2025-08-18T18:41:27.6918467Z Collecting port-for>=0.7.3 (from pytest-postgresql==7.0.2->-r requirements-dev.txt (line 29))
2025-08-18T18:41:27.6932286Z   Using cached port_for-0.7.4-py3-none-any.whl.metadata (7.1 kB)
2025-08-18T18:41:27.7066723Z Collecting mirakuru>=2.6.0 (from pytest-postgresql==7.0.2->-r requirements-dev.txt (line 29))
2025-08-18T18:41:27.7080413Z   Using cached mirakuru-2.6.1-py3-none-any.whl.metadata (10 kB)
2025-08-18T18:41:27.7882762Z Collecting charset_normalizer<4,>=2 (from requests==2.32.4->-r requirements-dev.txt (line 33))
2025-08-18T18:41:27.7897652Z   Using cached charset_normalizer-3.4.3-cp311-cp311-manylinux2014_x86_64.manylinux_2_17_x86_64.manylinux_2_28_x86_64.whl.metadata (36 kB)
2025-08-18T18:41:27.8039018Z Collecting idna<4,>=2.5 (from requests==2.32.4->-r requirements-dev.txt (line 33))
2025-08-18T18:41:27.8052881Z   Using cached idna-3.10-py3-none-any.whl.metadata (10 kB)
2025-08-18T18:41:27.8304019Z Collecting urllib3<3,>=1.21.1 (from requests==2.32.4->-r requirements-dev.txt (line 33))
2025-08-18T18:41:27.8317653Z   Using cached urllib3-2.5.0-py3-none-any.whl.metadata (6.5 kB)
2025-08-18T18:41:27.8492585Z Collecting certifi>=2017.4.17 (from requests==2.32.4->-r requirements-dev.txt (line 33))
2025-08-18T18:41:27.8506776Z   Using cached certifi-2025.8.3-py3-none-any.whl.metadata (2.4 kB)
2025-08-18T18:41:27.9713051Z Collecting greenlet!=0.4.17 (from sqlalchemy==2.0.29->-r requirements-dev.txt (line 36))
2025-08-18T18:41:27.9728074Z   Using cached greenlet-3.2.4-cp311-cp311-manylinux_2_24_x86_64.manylinux_2_28_x86_64.whl.metadata (4.1 kB)
2025-08-18T18:41:27.9931076Z Collecting docker (from testcontainers==4.10.0->testcontainers[postgres]==4.10.0->-r requirements-dev.txt (line 38))
2025-08-18T18:41:27.9944598Z   Using cached docker-7.1.0-py3-none-any.whl.metadata (3.8 kB)
2025-08-18T18:41:28.0824028Z Collecting wrapt (from testcontainers==4.10.0->testcontainers[postgres]==4.10.0->-r requirements-dev.txt (line 38))
2025-08-18T18:41:28.0839513Z   Using cached wrapt-1.17.3-cp311-cp311-manylinux1_x86_64.manylinux_2_28_x86_64.manylinux_2_5_x86_64.whl.metadata (6.4 kB)
2025-08-18T18:41:28.1066602Z Collecting docspec==2.2.1 (from docspec-python==2.2.2->-r requirements-dev.txt (line 40))
2025-08-18T18:41:28.1080681Z   Using cached docspec-2.2.1-py3-none-any.whl.metadata (1.5 kB)
2025-08-18T18:41:28.1202207Z Collecting nr-util>=0.8.12 (from docspec-python==2.2.2->-r requirements-dev.txt (line 40))
2025-08-18T18:41:28.1215104Z   Using cached nr.util-0.8.12-py3-none-any.whl.metadata (813 bytes)
2025-08-18T18:41:28.1577043Z Collecting PyYAML<7.0,>=5.0 (from pydoc-markdown==4.8.2->-r requirements-dev.txt (line 41))
2025-08-18T18:41:28.1593135Z   Using cached PyYAML-6.0.2-cp311-cp311-manylinux_2_17_x86_64.manylinux2014_x86_64.whl.metadata (2.1 kB)
2025-08-18T18:41:28.1819915Z Collecting databind.core<5.0.0,>=4.4.0 (from pydoc-markdown==4.8.2->-r requirements-dev.txt (line 41))
2025-08-18T18:41:28.1834095Z   Using cached databind.core-4.5.2-py3-none-any.whl.metadata (1.1 kB)
2025-08-18T18:41:28.2003126Z Collecting databind.json<5.0.0,>=4.4.0 (from pydoc-markdown==4.8.2->-r requirements-dev.txt (line 41))
2025-08-18T18:41:28.2017224Z   Using cached databind.json-4.5.2-py3-none-any.whl.metadata (1.1 kB)
2025-08-18T18:41:28.2138980Z Collecting docstring-parser<0.12,>=0.11 (from pydoc-markdown==4.8.2->-r requirements-dev.txt (line 41))
2025-08-18T18:41:28.2140484Z   Using cached docstring_parser-0.11-py3-none-any.whl
2025-08-18T18:41:28.2496569Z Collecting tomli<3.0.0,>=2.0.0 (from pydoc-markdown==4.8.2->-r requirements-dev.txt (line 41))
2025-08-18T18:41:28.2511296Z   Using cached tomli-2.2.1-cp311-cp311-manylinux_2_17_x86_64.manylinux2014_x86_64.whl.metadata (11 kB)
2025-08-18T18:41:28.2599509Z Collecting tomli_w<2.0.0,>=1.0.0 (from pydoc-markdown==4.8.2->-r requirements-dev.txt (line 41))
2025-08-18T18:41:28.2613137Z   Using cached tomli_w-1.2.0-py3-none-any.whl.metadata (5.7 kB)
2025-08-18T18:41:28.3043052Z Collecting watchdog (from pydoc-markdown==4.8.2->-r requirements-dev.txt (line 41))
2025-08-18T18:41:28.3057978Z   Using cached watchdog-6.0.0-py3-none-manylinux2014_x86_64.whl.metadata (44 kB)
2025-08-18T18:41:28.3237055Z Collecting yapf>=0.30.0 (from pydoc-markdown==4.8.2->-r requirements-dev.txt (line 41))
2025-08-18T18:41:28.3250645Z   Using cached yapf-0.43.0-py3-none-any.whl.metadata (46 kB)
2025-08-18T18:41:28.3418082Z Collecting Deprecated<2.0.0,>=1.2.12 (from docspec==2.2.1->docspec-python==2.2.2->-r requirements-dev.txt (line 40))
2025-08-18T18:41:28.3432216Z   Using cached Deprecated-1.2.18-py2.py3-none-any.whl.metadata (5.7 kB)
2025-08-18T18:41:28.4884256Z Collecting psycopg-binary==3.2.9 (from psycopg[binary]==3.2.9->-r requirements-dev.txt (line 24))
2025-08-18T18:41:28.4900585Z   Using cached psycopg_binary-3.2.9-cp311-cp311-manylinux_2_17_x86_64.manylinux2014_x86_64.whl.metadata (2.9 kB)
2025-08-18T18:41:28.5145741Z Collecting PyJWT>=2.9.0 (from redis==5.*->-r requirements-dev.txt (line 9))
2025-08-18T18:41:28.5160487Z   Using cached PyJWT-2.10.1-py3-none-any.whl.metadata (4.0 kB)
2025-08-18T18:41:28.5364531Z Collecting argon2-cffi (from minio==7.*->-r requirements-dev.txt (line 10))
2025-08-18T18:41:28.5379272Z   Using cached argon2_cffi-25.1.0-py3-none-any.whl.metadata (4.1 kB)
2025-08-18T18:41:28.6153701Z Collecting pycryptodome (from minio==7.*->-r requirements-dev.txt (line 10))
2025-08-18T18:41:28.6170857Z   Using cached pycryptodome-3.23.0-cp37-abi3-manylinux_2_17_x86_64.manylinux2014_x86_64.whl.metadata (3.4 kB)
2025-08-18T18:41:28.6359020Z Collecting anyio (from httpx<0.29,>=0.27->-r requirements-dev.txt (line 15))
2025-08-18T18:41:28.6373363Z   Using cached anyio-4.10.0-py3-none-any.whl.metadata (4.0 kB)
2025-08-18T18:41:28.7532023Z Collecting httpcore==1.* (from httpx<0.29,>=0.27->-r requirements-dev.txt (line 15))
2025-08-18T18:41:28.7547909Z   Using cached httpcore-1.0.9-py3-none-any.whl.metadata (21 kB)
2025-08-18T18:41:28.7859637Z Collecting multimethod<=1.10.0 (from pandera==0.19.*->-r requirements-dev.txt (line 42))
2025-08-18T18:41:28.7873445Z   Using cached multimethod-1.10-py3-none-any.whl.metadata (8.2 kB)
2025-08-18T18:41:28.8217160Z Collecting typeguard (from pandera==0.19.*->-r requirements-dev.txt (line 42))
2025-08-18T18:41:28.8231146Z   Using cached typeguard-4.4.4-py3-none-any.whl.metadata (3.3 kB)
2025-08-18T18:41:28.8314223Z Collecting typing-inspect>=0.6.0 (from pandera==0.19.*->-r requirements-dev.txt (line 42))
2025-08-18T18:41:28.8327891Z   Using cached typing_inspect-0.9.0-py3-none-any.whl.metadata (1.5 kB)
2025-08-18T18:41:28.8544127Z Collecting databind<5.0.0,>=4.5.2 (from databind.core<5.0.0,>=4.4.0->pydoc-markdown==4.8.2->-r requirements-dev.txt (line 41))
2025-08-18T18:41:28.8557744Z   Using cached databind-4.5.2-py3-none-any.whl.metadata (4.3 kB)
2025-08-18T18:41:28.8656985Z Collecting nr-date<3.0.0,>=2.0.0 (from databind<5.0.0,>=4.5.2->databind.core<5.0.0,>=4.4.0->pydoc-markdown==4.8.2->-r requirements-dev.txt (line 41))
2025-08-18T18:41:28.8672599Z   Using cached nr_date-2.1.0-py3-none-any.whl.metadata (746 bytes)
2025-08-18T18:41:28.8778706Z Collecting nr-stream<2.0.0,>=1.0.0 (from databind<5.0.0,>=4.5.2->databind.core<5.0.0,>=4.4.0->pydoc-markdown==4.8.2->-r requirements-dev.txt (line 41))
2025-08-18T18:41:28.8792126Z   Using cached nr_stream-1.1.5-py3-none-any.whl.metadata (3.6 kB)
2025-08-18T18:41:28.8931736Z Collecting typeapi<3,>=2.0.1 (from databind<5.0.0,>=4.5.2->databind.core<5.0.0,>=4.4.0->pydoc-markdown==4.8.2->-r requirements-dev.txt (line 41))
2025-08-18T18:41:28.8944711Z   Using cached typeapi-2.2.4-py3-none-any.whl.metadata (1.5 kB)
2025-08-18T18:41:28.9281904Z Collecting h11>=0.16 (from httpcore==1.*->httpx<0.29,>=0.27->-r requirements-dev.txt (line 15))
2025-08-18T18:41:28.9295578Z   Using cached h11-0.16.0-py3-none-any.whl.metadata (8.3 kB)
2025-08-18T18:41:28.9501629Z Collecting amqp<6.0.0,>=5.1.1 (from kombu<6.0,>=5.3.4->celery==5.4.0->-r requirements-dev.txt (line 11))
2025-08-18T18:41:28.9515278Z   Using cached amqp-5.3.1-py3-none-any.whl.metadata (8.9 kB)
2025-08-18T18:41:28.9862460Z Collecting iniconfig>=1 (from pytest<9,>=7.0.0->pytest-asyncio==0.23.6->-r requirements-dev.txt (line 27))
2025-08-18T18:41:28.9875919Z   Using cached iniconfig-2.1.0-py3-none-any.whl.metadata (2.7 kB)
2025-08-18T18:41:29.0060268Z Collecting pygments>=2.7.2 (from pytest<9,>=7.0.0->pytest-asyncio==0.23.6->-r requirements-dev.txt (line 27))
2025-08-18T18:41:29.0073976Z   Using cached pygments-2.19.2-py3-none-any.whl.metadata (2.5 kB)
2025-08-18T18:41:29.0365240Z Collecting sniffio>=1.1 (from anyio->httpx<0.29,>=0.27->-r requirements-dev.txt (line 15))
2025-08-18T18:41:29.0378982Z   Using cached sniffio-1.3.1-py3-none-any.whl.metadata (3.9 kB)
2025-08-18T18:41:29.3367852Z Collecting botocore<1.41.0,>=1.40.11 (from boto3->-r requirements-dev.txt (line 8))
2025-08-18T18:41:29.3383634Z   Using cached botocore-1.40.11-py3-none-any.whl.metadata (5.7 kB)
2025-08-18T18:41:29.3494949Z Collecting jmespath<2.0.0,>=0.7.1 (from boto3->-r requirements-dev.txt (line 8))
2025-08-18T18:41:29.3509555Z   Using cached jmespath-1.0.1-py3-none-any.whl.metadata (7.6 kB)
2025-08-18T18:41:29.3651045Z Collecting s3transfer<0.14.0,>=0.13.0 (from boto3->-r requirements-dev.txt (line 8))
2025-08-18T18:41:29.3664961Z   Using cached s3transfer-0.13.1-py3-none-any.whl.metadata (1.7 kB)
2025-08-18T18:41:29.5434363Z Collecting fastapi-cli>=0.0.8 (from fastapi-cli[standard]>=0.0.8; extra == "all"->fastapi[all]->-r requirements-dev.txt (line 13))
2025-08-18T18:41:29.5448493Z   Using cached fastapi_cli-0.0.8-py3-none-any.whl.metadata (6.3 kB)
2025-08-18T18:41:29.6156511Z Collecting ujson!=4.0.2,!=4.1.0,!=4.2.0,!=4.3.0,!=5.0.0,!=5.1.0,>=4.0.1 (from fastapi[all]->-r requirements-dev.txt (line 13))
2025-08-18T18:41:29.6173795Z   Using cached ujson-5.10.0-cp311-cp311-manylinux_2_17_x86_64.manylinux2014_x86_64.whl.metadata (9.3 kB)
2025-08-18T18:41:29.8416569Z Collecting orjson>=3.2.1 (from fastapi[all]->-r requirements-dev.txt (line 13))
2025-08-18T18:41:29.8432322Z   Using cached orjson-3.11.2-cp311-cp311-manylinux_2_17_x86_64.manylinux2014_x86_64.whl.metadata (1.2 kB)
2025-08-18T18:41:29.8544298Z Collecting email-validator>=2.0.0 (from fastapi[all]->-r requirements-dev.txt (line 13))
2025-08-18T18:41:29.8557889Z   Using cached email_validator-2.2.0-py3-none-any.whl.metadata (25 kB)
2025-08-18T18:41:29.8816672Z Collecting uvicorn>=0.12.0 (from uvicorn[standard]>=0.12.0; extra == "all"->fastapi[all]->-r requirements-dev.txt (line 13))
2025-08-18T18:41:29.8829762Z   Using cached uvicorn-0.35.0-py3-none-any.whl.metadata (6.5 kB)
2025-08-18T18:41:29.8970708Z Collecting pydantic-settings>=2.0.0 (from fastapi[all]->-r requirements-dev.txt (line 13))
2025-08-18T18:41:29.8983857Z   Using cached pydantic_settings-2.10.1-py3-none-any.whl.metadata (3.4 kB)
2025-08-18T18:41:29.9092357Z Collecting pydantic-extra-types>=2.0.0 (from fastapi[all]->-r requirements-dev.txt (line 13))
2025-08-18T18:41:29.9106005Z   Using cached pydantic_extra_types-2.10.5-py3-none-any.whl.metadata (3.9 kB)
2025-08-18T18:41:29.9754177Z Collecting prompt-toolkit>=3.0.36 (from click-repl>=0.2.0->celery==5.4.0->-r requirements-dev.txt (line 11))
2025-08-18T18:41:29.9767722Z   Using cached prompt_toolkit-3.0.51-py3-none-any.whl.metadata (6.4 kB)
2025-08-18T18:41:29.9928277Z Collecting dnspython>=2.0.0 (from email-validator>=2.0.0->fastapi[all]->-r requirements-dev.txt (line 13))
2025-08-18T18:41:29.9941010Z   Using cached dnspython-2.7.0-py3-none-any.whl.metadata (5.8 kB)
2025-08-18T18:41:30.0188826Z Collecting typer>=0.15.1 (from fastapi-cli>=0.0.8->fastapi-cli[standard]>=0.0.8; extra == "all"->fastapi[all]->-r requirements-dev.txt (line 13))
2025-08-18T18:41:30.0201369Z   Using cached typer-0.16.0-py3-none-any.whl.metadata (15 kB)
2025-08-18T18:41:30.0426002Z Collecting rich-toolkit>=0.14.8 (from fastapi-cli>=0.0.8->fastapi-cli[standard]>=0.0.8; extra == "all"->fastapi[all]->-r requirements-dev.txt (line 13))
2025-08-18T18:41:30.0438650Z   Using cached rich_toolkit-0.15.0-py3-none-any.whl.metadata (1.0 kB)
2025-08-18T18:41:30.0535126Z Collecting fastapi-cloud-cli>=0.1.1 (from fastapi-cli[standard]>=0.0.8; extra == "all"->fastapi[all]->-r requirements-dev.txt (line 13))
2025-08-18T18:41:30.0547989Z   Using cached fastapi_cloud_cli-0.1.5-py3-none-any.whl.metadata (3.2 kB)
2025-08-18T18:41:30.1215520Z Collecting rignore>=0.5.1 (from fastapi-cloud-cli>=0.1.1->fastapi-cli[standard]>=0.0.8; extra == "all"->fastapi[all]->-r requirements-dev.txt (line 13))
2025-08-18T18:41:30.1229072Z   Using cached rignore-0.6.4-cp311-cp311-manylinux_2_17_x86_64.manylinux2014_x86_64.whl.metadata (3.8 kB)
2025-08-18T18:41:30.3262290Z Collecting sentry-sdk>=2.20.0 (from fastapi-cloud-cli>=0.1.1->fastapi-cli[standard]>=0.0.8; extra == "all"->fastapi[all]->-r requirements-dev.txt (line 13))
2025-08-18T18:41:30.3277096Z   Using cached sentry_sdk-2.35.0-py2.py3-none-any.whl.metadata (10 kB)
2025-08-18T18:41:30.4135876Z Collecting psutil>=4.0.0 (from mirakuru>=2.6.0->pytest-postgresql==7.0.2->-r requirements-dev.txt (line 29))
2025-08-18T18:41:30.4150899Z   Using cached psutil-7.0.0-cp36-abi3-manylinux_2_12_x86_64.manylinux2010_x86_64.manylinux_2_17_x86_64.manylinux2014_x86_64.whl.metadata (22 kB)
2025-08-18T18:41:30.4438588Z Collecting wcwidth (from prompt-toolkit>=3.0.36->click-repl>=0.2.0->celery==5.4.0->-r requirements-dev.txt (line 11))
2025-08-18T18:41:30.4451320Z   Using cached wcwidth-0.2.13-py2.py3-none-any.whl.metadata (14 kB)
2025-08-18T18:41:30.5651750Z Collecting rich>=13.7.1 (from rich-toolkit>=0.14.8->fastapi-cli>=0.0.8->fastapi-cli[standard]>=0.0.8; extra == "all"->fastapi[all]->-r requirements-dev.txt (line 13))
2025-08-18T18:41:30.5664824Z   Using cached rich-14.1.0-py3-none-any.whl.metadata (18 kB)
2025-08-18T18:41:30.5826140Z Collecting markdown-it-py>=2.2.0 (from rich>=13.7.1->rich-toolkit>=0.14.8->fastapi-cli>=0.0.8->fastapi-cli[standard]>=0.0.8; extra == "all"->fastapi[all]->-r requirements-dev.txt (line 13))
2025-08-18T18:41:30.5840067Z   Using cached markdown_it_py-4.0.0-py3-none-any.whl.metadata (7.3 kB)
2025-08-18T18:41:30.6028011Z Collecting mdurl~=0.1 (from markdown-it-py>=2.2.0->rich>=13.7.1->rich-toolkit>=0.14.8->fastapi-cli>=0.0.8->fastapi-cli[standard]>=0.0.8; extra == "all"->fastapi[all]->-r requirements-dev.txt (line 13))
2025-08-18T18:41:30.6041138Z   Using cached mdurl-0.1.2-py3-none-any.whl.metadata (1.6 kB)
2025-08-18T18:41:30.6467738Z Collecting shellingham>=1.3.0 (from typer>=0.15.1->fastapi-cli>=0.0.8->fastapi-cli[standard]>=0.0.8; extra == "all"->fastapi[all]->-r requirements-dev.txt (line 13))
2025-08-18T18:41:30.6481391Z   Using cached shellingham-1.5.4-py2.py3-none-any.whl.metadata (3.5 kB)
2025-08-18T18:41:30.7210707Z Collecting httptools>=0.6.3 (from uvicorn[standard]>=0.12.0; extra == "all"->fastapi[all]->-r requirements-dev.txt (line 13))
2025-08-18T18:41:30.7224903Z   Using cached httptools-0.6.4-cp311-cp311-manylinux_2_5_x86_64.manylinux1_x86_64.manylinux_2_17_x86_64.manylinux2014_x86_64.whl.metadata (3.6 kB)
2025-08-18T18:41:30.7608394Z Collecting uvloop>=0.15.1 (from uvicorn[standard]>=0.12.0; extra == "all"->fastapi[all]->-r requirements-dev.txt (line 13))
2025-08-18T18:41:30.7622622Z   Using cached uvloop-0.21.0-cp311-cp311-manylinux_2_17_x86_64.manylinux2014_x86_64.whl.metadata (4.9 kB)
2025-08-18T18:41:30.8269099Z Collecting watchfiles>=0.13 (from uvicorn[standard]>=0.12.0; extra == "all"->fastapi[all]->-r requirements-dev.txt (line 13))
2025-08-18T18:41:30.8283202Z   Using cached watchfiles-1.1.0-cp311-cp311-manylinux_2_17_x86_64.manylinux2014_x86_64.whl.metadata (4.9 kB)
2025-08-18T18:41:30.9069897Z Collecting websockets>=10.4 (from uvicorn[standard]>=0.12.0; extra == "all"->fastapi[all]->-r requirements-dev.txt (line 13))
2025-08-18T18:41:30.9084299Z   Using cached websockets-15.0.1-cp311-cp311-manylinux_2_5_x86_64.manylinux1_x86_64.manylinux_2_17_x86_64.manylinux2014_x86_64.whl.metadata (6.8 kB)
2025-08-18T18:41:30.9478356Z Collecting argon2-cffi-bindings (from argon2-cffi->minio==7.*->-r requirements-dev.txt (line 10))
2025-08-18T18:41:30.9491957Z   Using cached argon2_cffi_bindings-25.1.0-cp39-abi3-manylinux_2_26_x86_64.manylinux_2_28_x86_64.whl.metadata (7.4 kB)
2025-08-18T18:41:31.0436036Z Collecting cffi>=1.0.1 (from argon2-cffi-bindings->argon2-cffi->minio==7.*->-r requirements-dev.txt (line 10))
2025-08-18T18:41:31.0451999Z   Using cached cffi-1.17.1-cp311-cp311-manylinux_2_17_x86_64.manylinux2014_x86_64.whl.metadata (1.5 kB)
2025-08-18T18:41:31.0565265Z Collecting pycparser (from cffi>=1.0.1->argon2-cffi-bindings->argon2-cffi->minio==7.*->-r requirements-dev.txt (line 10))
2025-08-18T18:41:31.0579766Z   Using cached pycparser-2.22-py3-none-any.whl.metadata (943 bytes)
2025-08-18T18:41:31.1148831Z Using cached jinja2-3.1.6-py3-none-any.whl (134 kB)
2025-08-18T18:41:31.1163609Z Using cached alembic-1.13.1-py3-none-any.whl (233 kB)
2025-08-18T18:41:31.1178971Z Using cached APScheduler-3.10.4-py3-none-any.whl (59 kB)
2025-08-18T18:41:31.1192709Z Using cached asgi_correlation_id-4.3.1-py3-none-any.whl (15 kB)
2025-08-18T18:41:31.1206486Z Using cached asyncpg-0.30.0-cp311-cp311-manylinux_2_17_x86_64.manylinux2014_x86_64.whl (3.1 MB)
2025-08-18T18:41:31.1244108Z Using cached black-25.1.0-cp311-cp311-manylinux_2_17_x86_64.manylinux2014_x86_64.manylinux_2_28_x86_64.whl (1.7 MB)
2025-08-18T18:41:31.1270599Z Using cached celery-5.4.0-py3-none-any.whl (425 kB)
2025-08-18T18:41:31.1286684Z Using cached fastapi-0.116.1-py3-none-any.whl (95 kB)
2025-08-18T18:41:31.1300695Z Using cached pydantic-2.11.7-py3-none-any.whl (444 kB)
2025-08-18T18:41:31.1316983Z Using cached fastapi_limiter-0.1.6-py3-none-any.whl (15 kB)
2025-08-18T18:41:31.1330574Z Using cached IMAPClient-3.0.1-py2.py3-none-any.whl (182 kB)
2025-08-18T18:41:31.1345033Z Using cached mypy_extensions-1.1.0-py3-none-any.whl (5.0 kB)
2025-08-18T18:41:31.1359217Z Using cached openpyxl-3.1.5-py2.py3-none-any.whl (250 kB)
2025-08-18T18:41:31.1374870Z Using cached psycopg2_binary-2.9.9-cp311-cp311-manylinux_2_17_x86_64.manylinux2014_x86_64.whl (3.0 MB)
2025-08-18T18:41:31.1410505Z Using cached psycopg-3.2.9-py3-none-any.whl (202 kB)
2025-08-18T18:41:31.1424978Z Using cached pytest_asyncio-0.23.6-py3-none-any.whl (17 kB)
2025-08-18T18:41:31.1438098Z Using cached pytest_cov-6.2.1-py3-none-any.whl (24 kB)
2025-08-18T18:41:31.1451612Z Using cached pytest_postgresql-7.0.2-py3-none-any.whl (41 kB)
2025-08-18T18:41:31.1465202Z Using cached python_telegram_bot-22.2-py3-none-any.whl (708 kB)
2025-08-18T18:41:31.1483647Z Using cached requests-2.32.4-py3-none-any.whl (64 kB)
2025-08-18T18:41:31.1497081Z Using cached respx-0.22.0-py2.py3-none-any.whl (25 kB)
2025-08-18T18:41:31.1510593Z Using cached ruff-0.4.4-py3-none-manylinux_2_17_x86_64.manylinux2014_x86_64.whl (8.7 MB)
2025-08-18T18:41:31.1588070Z Using cached SQLAlchemy-2.0.29-cp311-cp311-manylinux_2_17_x86_64.manylinux2014_x86_64.whl (3.2 MB)
2025-08-18T18:41:31.1623192Z Using cached structlog-24.1.0-py3-none-any.whl (65 kB)
2025-08-18T18:41:31.1636475Z Using cached testcontainers-4.10.0-py3-none-any.whl (107 kB)
2025-08-18T18:41:31.1650477Z Using cached types_requests-2.32.0.20240602-py3-none-any.whl (15 kB)
2025-08-18T18:41:31.1663496Z Using cached docspec_python-2.2.2-py3-none-any.whl (15 kB)
2025-08-18T18:41:31.1676186Z Using cached pydoc_markdown-4.8.2-py3-none-any.whl (67 kB)
2025-08-18T18:41:31.1689479Z Using cached docspec-2.2.1-py3-none-any.whl (9.8 kB)
2025-08-18T18:41:31.1702699Z Using cached psycopg_binary-3.2.9-cp311-cp311-manylinux_2_17_x86_64.manylinux2014_x86_64.whl (4.5 MB)
2025-08-18T18:41:31.1748130Z Using cached pydantic_core-2.33.2-cp311-cp311-manylinux_2_17_x86_64.manylinux2014_x86_64.whl (2.0 MB)
2025-08-18T18:41:31.1775009Z Using cached redis-5.3.1-py3-none-any.whl (272 kB)
2025-08-18T18:41:31.1789870Z Using cached minio-7.2.16-py3-none-any.whl (95 kB)
2025-08-18T18:41:31.1803330Z Using cached httpx-0.28.1-py3-none-any.whl (73 kB)
2025-08-18T18:41:31.1817044Z Using cached mypy-1.17.1-cp311-cp311-manylinux2014_x86_64.manylinux_2_17_x86_64.manylinux_2_28_x86_64.whl (12.6 MB)
2025-08-18T18:41:31.1920661Z Using cached numpy-1.26.4-cp311-cp311-manylinux_2_17_x86_64.manylinux2014_x86_64.whl (18.3 MB)
2025-08-18T18:41:31.2064821Z Using cached pandas-2.2.3-cp311-cp311-manylinux_2_17_x86_64.manylinux2014_x86_64.whl (13.1 MB)
2025-08-18T18:41:31.2171759Z Using cached pandera-0.19.3-py3-none-any.whl (251 kB)
2025-08-18T18:41:31.2186253Z Using cached billiard-4.2.1-py3-none-any.whl (86 kB)
2025-08-18T18:41:31.2200546Z Using cached charset_normalizer-3.4.3-cp311-cp311-manylinux2014_x86_64.manylinux_2_17_x86_64.manylinux_2_28_x86_64.whl (150 kB)
2025-08-18T18:41:31.2214503Z Using cached click-8.2.1-py3-none-any.whl (102 kB)
2025-08-18T18:41:31.2227857Z Using cached databind.core-4.5.2-py3-none-any.whl (1.5 kB)
2025-08-18T18:41:31.2240791Z Using cached databind-4.5.2-py3-none-any.whl (49 kB)
2025-08-18T18:41:31.2254268Z Using cached databind.json-4.5.2-py3-none-any.whl (1.5 kB)
2025-08-18T18:41:31.2267216Z Using cached Deprecated-1.2.18-py2.py3-none-any.whl (10.0 kB)
2025-08-18T18:41:31.2280490Z Using cached httpcore-1.0.9-py3-none-any.whl (78 kB)
2025-08-18T18:41:31.2293730Z Using cached idna-3.10-py3-none-any.whl (70 kB)
2025-08-18T18:41:31.2307028Z Using cached kombu-5.5.4-py3-none-any.whl (210 kB)
2025-08-18T18:41:31.2321559Z Using cached vine-5.1.0-py3-none-any.whl (9.6 kB)
2025-08-18T18:41:31.2334347Z Using cached amqp-5.3.1-py3-none-any.whl (50 kB)
2025-08-18T18:41:31.2347363Z Using cached multimethod-1.10-py3-none-any.whl (9.9 kB)
2025-08-18T18:41:31.2360320Z Using cached nr_date-2.1.0-py3-none-any.whl (10 kB)
2025-08-18T18:41:31.2373689Z Using cached nr_stream-1.1.5-py3-none-any.whl (10 kB)
2025-08-18T18:41:31.2387080Z Using cached nr.util-0.8.12-py3-none-any.whl (90 kB)
2025-08-18T18:41:31.2401020Z Using cached pytest-8.4.1-py3-none-any.whl (365 kB)
2025-08-18T18:41:31.2416724Z Using cached pluggy-1.6.0-py3-none-any.whl (20 kB)
2025-08-18T18:41:31.2430607Z Using cached PyYAML-6.0.2-cp311-cp311-manylinux_2_17_x86_64.manylinux2014_x86_64.whl (762 kB)
2025-08-18T18:41:31.2449360Z Using cached starlette-0.47.2-py3-none-any.whl (72 kB)
2025-08-18T18:41:31.2463040Z Using cached anyio-4.10.0-py3-none-any.whl (107 kB)
2025-08-18T18:41:31.2477337Z Using cached tomli-2.2.1-cp311-cp311-manylinux_2_17_x86_64.manylinux2014_x86_64.whl (236 kB)
2025-08-18T18:41:31.2492305Z Using cached tomli_w-1.2.0-py3-none-any.whl (6.7 kB)
2025-08-18T18:41:31.2505510Z Using cached typeapi-2.2.4-py3-none-any.whl (26 kB)
2025-08-18T18:41:31.2519119Z Using cached typing_extensions-4.14.1-py3-none-any.whl (43 kB)
2025-08-18T18:41:31.2532863Z Using cached urllib3-2.5.0-py3-none-any.whl (129 kB)
2025-08-18T18:41:31.2547411Z Using cached wrapt-1.17.3-cp311-cp311-manylinux1_x86_64.manylinux_2_28_x86_64.manylinux_2_5_x86_64.whl (82 kB)
2025-08-18T18:41:31.2561149Z Using cached boto3-1.40.11-py3-none-any.whl (140 kB)
2025-08-18T18:41:31.2575456Z Using cached botocore-1.40.11-py3-none-any.whl (14.0 MB)
2025-08-18T18:41:31.2689500Z Using cached jmespath-1.0.1-py3-none-any.whl (20 kB)
2025-08-18T18:41:31.2702507Z Using cached python_dateutil-2.9.0.post0-py2.py3-none-any.whl (229 kB)
2025-08-18T18:41:31.2717090Z Using cached s3transfer-0.13.1-py3-none-any.whl (85 kB)
2025-08-18T18:41:31.2730709Z Using cached itsdangerous-2.2.0-py3-none-any.whl (16 kB)
2025-08-18T18:41:31.2743784Z Using cached python_dotenv-1.1.1-py3-none-any.whl (20 kB)
2025-08-18T18:41:31.2757182Z Using cached python_multipart-0.0.20-py3-none-any.whl (24 kB)
2025-08-18T18:41:31.2770466Z Using cached annotated_types-0.7.0-py3-none-any.whl (13 kB)
2025-08-18T18:41:31.2783381Z Using cached certifi-2025.8.3-py3-none-any.whl (161 kB)
2025-08-18T18:41:31.2797276Z Using cached click_didyoumean-0.3.1-py3-none-any.whl (3.6 kB)
2025-08-18T18:41:31.2810306Z Using cached click_plugins-1.1.1.2-py2.py3-none-any.whl (11 kB)
2025-08-18T18:41:31.2823058Z Using cached click_repl-0.3.0-py3-none-any.whl (10 kB)
2025-08-18T18:41:31.2836948Z Using cached coverage-7.10.4-cp311-cp311-manylinux1_x86_64.manylinux_2_28_x86_64.manylinux_2_5_x86_64.whl (249 kB)
2025-08-18T18:41:31.2851596Z Using cached email_validator-2.2.0-py3-none-any.whl (33 kB)
2025-08-18T18:41:31.2864715Z Using cached dnspython-2.7.0-py3-none-any.whl (313 kB)
2025-08-18T18:41:31.2879816Z Using cached fastapi_cli-0.0.8-py3-none-any.whl (10 kB)
2025-08-18T18:41:31.2892778Z Using cached fastapi_cloud_cli-0.1.5-py3-none-any.whl (18 kB)
2025-08-18T18:41:31.2906057Z Using cached greenlet-3.2.4-cp311-cp311-manylinux_2_24_x86_64.manylinux_2_28_x86_64.whl (587 kB)
2025-08-18T18:41:31.2923021Z Using cached h11-0.16.0-py3-none-any.whl (37 kB)
2025-08-18T18:41:31.2936366Z Using cached iniconfig-2.1.0-py3-none-any.whl (6.0 kB)
2025-08-18T18:41:31.2949799Z Using cached MarkupSafe-3.0.2-cp311-cp311-manylinux_2_17_x86_64.manylinux2014_x86_64.whl (23 kB)
2025-08-18T18:41:31.2962743Z Using cached mirakuru-2.6.1-py3-none-any.whl (26 kB)
2025-08-18T18:41:31.2975988Z Using cached orjson-3.11.2-cp311-cp311-manylinux_2_17_x86_64.manylinux2014_x86_64.whl (121 kB)
2025-08-18T18:41:31.2989568Z Using cached packaging-25.0-py3-none-any.whl (66 kB)
2025-08-18T18:41:31.3002830Z Using cached pathspec-0.12.1-py3-none-any.whl (31 kB)
2025-08-18T18:41:31.3016029Z Using cached platformdirs-4.3.8-py3-none-any.whl (18 kB)
2025-08-18T18:41:31.3029038Z Using cached port_for-0.7.4-py3-none-any.whl (21 kB)
2025-08-18T18:41:31.3042534Z Using cached prompt_toolkit-3.0.51-py3-none-any.whl (387 kB)
2025-08-18T18:41:31.3058571Z Using cached psutil-7.0.0-cp36-abi3-manylinux_2_12_x86_64.manylinux2010_x86_64.manylinux_2_17_x86_64.manylinux2014_x86_64.whl (277 kB)
2025-08-18T18:41:31.3073251Z Using cached pydantic_extra_types-2.10.5-py3-none-any.whl (38 kB)
2025-08-18T18:41:31.3086386Z Using cached pydantic_settings-2.10.1-py3-none-any.whl (45 kB)
2025-08-18T18:41:31.3099695Z Using cached pygments-2.19.2-py3-none-any.whl (1.2 MB)
2025-08-18T18:41:31.3121516Z Using cached PyJWT-2.10.1-py3-none-any.whl (22 kB)
2025-08-18T18:41:31.3135709Z Using cached pytz-2025.2-py2.py3-none-any.whl (509 kB)
2025-08-18T18:41:31.3152773Z Using cached rich_toolkit-0.15.0-py3-none-any.whl (29 kB)
2025-08-18T18:41:31.3166262Z Using cached rich-14.1.0-py3-none-any.whl (243 kB)
2025-08-18T18:41:31.3181525Z Using cached markdown_it_py-4.0.0-py3-none-any.whl (87 kB)
2025-08-18T18:41:31.3195294Z Using cached mdurl-0.1.2-py3-none-any.whl (10.0 kB)
2025-08-18T18:41:31.3209216Z Using cached rignore-0.6.4-cp311-cp311-manylinux_2_17_x86_64.manylinux2014_x86_64.whl (950 kB)
2025-08-18T18:41:31.3229276Z Using cached sentry_sdk-2.35.0-py2.py3-none-any.whl (363 kB)
2025-08-18T18:41:31.3245184Z Using cached six-1.17.0-py2.py3-none-any.whl (11 kB)
2025-08-18T18:41:31.3258640Z Using cached sniffio-1.3.1-py3-none-any.whl (10 kB)
2025-08-18T18:41:31.3271995Z Using cached typer-0.16.0-py3-none-any.whl (46 kB)
2025-08-18T18:41:31.3285467Z Using cached shellingham-1.5.4-py2.py3-none-any.whl (9.8 kB)
2025-08-18T18:41:31.3298783Z Using cached typing_inspect-0.9.0-py3-none-any.whl (8.8 kB)
2025-08-18T18:41:31.3312173Z Using cached typing_inspection-0.4.1-py3-none-any.whl (14 kB)
2025-08-18T18:41:31.3325581Z Using cached tzdata-2025.2-py2.py3-none-any.whl (347 kB)
2025-08-18T18:41:31.3341392Z Using cached tzlocal-5.3.1-py3-none-any.whl (18 kB)
2025-08-18T18:41:31.3354886Z Using cached ujson-5.10.0-cp311-cp311-manylinux_2_17_x86_64.manylinux2014_x86_64.whl (53 kB)
2025-08-18T18:41:31.3368281Z Using cached uvicorn-0.35.0-py3-none-any.whl (66 kB)
2025-08-18T18:41:31.3382515Z Using cached httptools-0.6.4-cp311-cp311-manylinux_2_5_x86_64.manylinux1_x86_64.manylinux_2_17_x86_64.manylinux2014_x86_64.whl (459 kB)
2025-08-18T18:41:31.3399919Z Using cached uvloop-0.21.0-cp311-cp311-manylinux_2_17_x86_64.manylinux2014_x86_64.whl (4.0 MB)
2025-08-18T18:41:31.3442321Z Using cached watchfiles-1.1.0-cp311-cp311-manylinux_2_17_x86_64.manylinux2014_x86_64.whl (453 kB)
2025-08-18T18:41:31.3459361Z Using cached websockets-15.0.1-cp311-cp311-manylinux_2_5_x86_64.manylinux1_x86_64.manylinux_2_17_x86_64.manylinux2014_x86_64.whl (182 kB)
2025-08-18T18:41:31.3473581Z Using cached yapf-0.43.0-py3-none-any.whl (256 kB)
2025-08-18T18:41:31.3488729Z Using cached argon2_cffi-25.1.0-py3-none-any.whl (14 kB)
2025-08-18T18:41:31.3502574Z Using cached argon2_cffi_bindings-25.1.0-cp39-abi3-manylinux_2_26_x86_64.manylinux_2_28_x86_64.whl (87 kB)
2025-08-18T18:41:31.3516589Z Using cached cffi-1.17.1-cp311-cp311-manylinux_2_17_x86_64.manylinux2014_x86_64.whl (467 kB)
2025-08-18T18:41:31.3533332Z Using cached docker-7.1.0-py3-none-any.whl (147 kB)
2025-08-18T18:41:31.3547682Z Using cached et_xmlfile-2.0.0-py3-none-any.whl (18 kB)
2025-08-18T18:41:31.3561033Z Using cached mako-1.3.10-py3-none-any.whl (78 kB)
2025-08-18T18:41:31.3574842Z Using cached pycparser-2.22-py3-none-any.whl (117 kB)
2025-08-18T18:41:31.3589358Z Using cached pycryptodome-3.23.0-cp37-abi3-manylinux_2_17_x86_64.manylinux2014_x86_64.whl (2.3 MB)
2025-08-18T18:41:31.3619195Z Using cached typeguard-4.4.4-py3-none-any.whl (34 kB)
2025-08-18T18:41:31.3632822Z Using cached watchdog-6.0.0-py3-none-manylinux2014_x86_64.whl (79 kB)
2025-08-18T18:41:31.3646608Z Using cached wcwidth-0.2.13-py2.py3-none-any.whl (34 kB)
2025-08-18T18:41:31.7677358Z Installing collected packages: wcwidth, pytz, wrapt, websockets, watchdog, vine, uvloop, urllib3, ujson, tzlocal, tzdata, typing-extensions, tomli_w, tomli, structlog, sniffio, six, shellingham, ruff, rignore, PyYAML, python-multipart, python-dotenv, PyJWT, pygments, pycryptodome, pycparser, psycopg2-binary, psycopg-binary, psutil, prompt-toolkit, port-for, pluggy, platformdirs, pathspec, packaging, orjson, numpy, nr-stream, nr-date, mypy-extensions, multimethod, mdurl, MarkupSafe, jmespath, itsdangerous, iniconfig, imapclient, idna, httptools, h11, greenlet, et-xmlfile, docstring-parser, dnspython, coverage, click, charset_normalizer, certifi, billiard, asyncpg, annotated-types, yapf, uvicorn, typing-inspection, typing-inspect, types-requests, typeguard, typeapi, sqlalchemy, sentry-sdk, requests, redis, python-dateutil, pytest, pydantic-core, psycopg, openpyxl, mypy, mirakuru, markdown-it-py, Mako, Jinja2, httpcore, email-validator, Deprecated, click-repl, click-plugins, click-didyoumean, cffi, black, apscheduler, anyio, amqp, watchfiles, starlette, rich, pytest-postgresql, pytest-cov, pytest-asyncio, pydantic, pandas, nr-util, kombu, httpx, docker, databind, botocore, argon2-cffi-bindings, alembic, typer, testcontainers, s3transfer, rich-toolkit, respx, python-telegram-bot, pydantic-settings, pydantic-extra-types, pandera, fastapi, databind.json, databind.core, celery, asgi-correlation-id, argon2-cffi, minio, fastapi-limiter, fastapi-cloud-cli, fastapi-cli, docspec, boto3, docspec-python, pydoc-markdown
2025-08-18T18:41:47.8157691Z 
2025-08-18T18:41:47.8218847Z Successfully installed Deprecated-1.2.18 Jinja2-3.1.6 Mako-1.3.10 MarkupSafe-3.0.2 PyJWT-2.10.1 PyYAML-6.0.2 alembic-1.13.1 amqp-5.3.1 annotated-types-0.7.0 anyio-4.10.0 apscheduler-3.10.4 argon2-cffi-25.1.0 argon2-cffi-bindings-25.1.0 asgi-correlation-id-4.3.1 asyncpg-0.30.0 billiard-4.2.1 black-25.1.0 boto3-1.40.11 botocore-1.40.11 celery-5.4.0 certifi-2025.8.3 cffi-1.17.1 charset_normalizer-3.4.3 click-8.2.1 click-didyoumean-0.3.1 click-plugins-1.1.1.2 click-repl-0.3.0 coverage-7.10.4 databind-4.5.2 databind.core-4.5.2 databind.json-4.5.2 dnspython-2.7.0 docker-7.1.0 docspec-2.2.1 docspec-python-2.2.2 docstring-parser-0.11 email-validator-2.2.0 et-xmlfile-2.0.0 fastapi-0.116.1 fastapi-cli-0.0.8 fastapi-cloud-cli-0.1.5 fastapi-limiter-0.1.6 greenlet-3.2.4 h11-0.16.0 httpcore-1.0.9 httptools-0.6.4 httpx-0.28.1 idna-3.10 imapclient-3.0.1 iniconfig-2.1.0 itsdangerous-2.2.0 jmespath-1.0.1 kombu-5.5.4 markdown-it-py-4.0.0 mdurl-0.1.2 minio-7.2.16 mirakuru-2.6.1 multimethod-1.10 mypy-1.17.1 mypy-extensions-1.1.0 nr-date-2.1.0 nr-stream-1.1.5 nr-util-0.8.12 numpy-1.26.4 openpyxl-3.1.5 orjson-3.11.2 packaging-25.0 pandas-2.2.3 pandera-0.19.3 pathspec-0.12.1 platformdirs-4.3.8 pluggy-1.6.0 port-for-0.7.4 prompt-toolkit-3.0.51 psutil-7.0.0 psycopg-3.2.9 psycopg-binary-3.2.9 psycopg2-binary-2.9.9 pycparser-2.22 pycryptodome-3.23.0 pydantic-2.11.7 pydantic-core-2.33.2 pydantic-extra-types-2.10.5 pydantic-settings-2.10.1 pydoc-markdown-4.8.2 pygments-2.19.2 pytest-8.4.1 pytest-asyncio-0.23.6 pytest-cov-6.2.1 pytest-postgresql-7.0.2 python-dateutil-2.9.0.post0 python-dotenv-1.1.1 python-multipart-0.0.20 python-telegram-bot-22.2 pytz-2025.2 redis-5.3.1 requests-2.32.4 respx-0.22.0 rich-14.1.0 rich-toolkit-0.15.0 rignore-0.6.4 ruff-0.4.4 s3transfer-0.13.1 sentry-sdk-2.35.0 shellingham-1.5.4 six-1.17.0 sniffio-1.3.1 sqlalchemy-2.0.29 starlette-0.47.2 structlog-24.1.0 testcontainers-4.10.0 tomli-2.2.1 tomli_w-1.2.0 typeapi-2.2.4 typeguard-4.4.4 typer-0.16.0 types-requests-2.32.0.20240602 typing-extensions-4.14.1 typing-inspect-0.9.0 typing-inspection-0.4.1 tzdata-2025.2 tzlocal-5.3.1 ujson-5.10.0 urllib3-2.5.0 uvicorn-0.35.0 uvloop-0.21.0 vine-5.1.0 watchdog-6.0.0 watchfiles-1.1.0 wcwidth-0.2.13 websockets-15.0.1 wrapt-1.17.3 yapf-0.43.0
2025-08-18T18:41:49.2592727Z Collecting keepa==1.3.15
2025-08-18T18:41:49.2608476Z   Using cached keepa-1.3.15-py3-none-any.whl.metadata (11 kB)
2025-08-18T18:41:49.2909138Z Collecting minio==7.1.15
2025-08-18T18:41:49.2924027Z   Using cached minio-7.1.15-py3-none-any.whl.metadata (4.2 kB)
2025-08-18T18:41:49.2949803Z Requirement already satisfied: numpy>=1.9.3 in /opt/hostedtoolcache/Python/3.11.13/x64/lib/python3.11/site-packages (from keepa==1.3.15) (1.26.4)
2025-08-18T18:41:49.2955440Z Requirement already satisfied: requests>=2.2 in /opt/hostedtoolcache/Python/3.11.13/x64/lib/python3.11/site-packages (from keepa==1.3.15) (2.32.4)
2025-08-18T18:41:49.3253043Z Collecting tqdm (from keepa==1.3.15)
2025-08-18T18:41:49.3267792Z   Using cached tqdm-4.67.1-py3-none-any.whl.metadata (57 kB)
2025-08-18T18:41:49.8038247Z Collecting aiohttp (from keepa==1.3.15)
2025-08-18T18:41:49.8055318Z   Using cached aiohttp-3.12.15-cp311-cp311-manylinux_2_17_x86_64.manylinux2014_x86_64.whl.metadata (7.7 kB)
2025-08-18T18:41:49.8085854Z Requirement already satisfied: pandas<=3.0 in /opt/hostedtoolcache/Python/3.11.13/x64/lib/python3.11/site-packages (from keepa==1.3.15) (2.2.3)
2025-08-18T18:41:49.8090611Z Requirement already satisfied: pydantic in /opt/hostedtoolcache/Python/3.11.13/x64/lib/python3.11/site-packages (from keepa==1.3.15) (2.11.7)
2025-08-18T18:41:49.8097728Z Requirement already satisfied: certifi in /opt/hostedtoolcache/Python/3.11.13/x64/lib/python3.11/site-packages (from minio==7.1.15) (2025.8.3)
2025-08-18T18:41:49.8100988Z Requirement already satisfied: urllib3 in /opt/hostedtoolcache/Python/3.11.13/x64/lib/python3.11/site-packages (from minio==7.1.15) (2.5.0)
2025-08-18T18:41:49.8147905Z Requirement already satisfied: python-dateutil>=2.8.2 in /opt/hostedtoolcache/Python/3.11.13/x64/lib/python3.11/site-packages (from pandas<=3.0->keepa==1.3.15) (2.9.0.post0)
2025-08-18T18:41:49.8152548Z Requirement already satisfied: pytz>=2020.1 in /opt/hostedtoolcache/Python/3.11.13/x64/lib/python3.11/site-packages (from pandas<=3.0->keepa==1.3.15) (2025.2)
2025-08-18T18:41:49.8157105Z Requirement already satisfied: tzdata>=2022.7 in /opt/hostedtoolcache/Python/3.11.13/x64/lib/python3.11/site-packages (from pandas<=3.0->keepa==1.3.15) (2025.2)
2025-08-18T18:41:49.8269457Z Requirement already satisfied: six>=1.5 in /opt/hostedtoolcache/Python/3.11.13/x64/lib/python3.11/site-packages (from python-dateutil>=2.8.2->pandas<=3.0->keepa==1.3.15) (1.17.0)
2025-08-18T18:41:49.8286218Z Requirement already satisfied: charset_normalizer<4,>=2 in /opt/hostedtoolcache/Python/3.11.13/x64/lib/python3.11/site-packages (from requests>=2.2->keepa==1.3.15) (3.4.3)
2025-08-18T18:41:49.8291516Z Requirement already satisfied: idna<4,>=2.5 in /opt/hostedtoolcache/Python/3.11.13/x64/lib/python3.11/site-packages (from requests>=2.2->keepa==1.3.15) (3.10)
2025-08-18T18:41:49.8468910Z Collecting aiohappyeyeballs>=2.5.0 (from aiohttp->keepa==1.3.15)
2025-08-18T18:41:49.8482516Z   Using cached aiohappyeyeballs-2.6.1-py3-none-any.whl.metadata (5.9 kB)
2025-08-18T18:41:49.8559910Z Collecting aiosignal>=1.4.0 (from aiohttp->keepa==1.3.15)
2025-08-18T18:41:49.8573570Z   Using cached aiosignal-1.4.0-py3-none-any.whl.metadata (3.7 kB)
2025-08-18T18:41:49.8701765Z Collecting attrs>=17.3.0 (from aiohttp->keepa==1.3.15)
2025-08-18T18:41:49.8715342Z   Using cached attrs-25.3.0-py3-none-any.whl.metadata (10 kB)
2025-08-18T18:41:49.9340977Z Collecting frozenlist>=1.1.1 (from aiohttp->keepa==1.3.15)
2025-08-18T18:41:49.9357927Z   Using cached frozenlist-1.7.0-cp311-cp311-manylinux_2_5_x86_64.manylinux1_x86_64.manylinux_2_17_x86_64.manylinux2014_x86_64.whl.metadata (18 kB)
2025-08-18T18:41:50.1458696Z Collecting multidict<7.0,>=4.5 (from aiohttp->keepa==1.3.15)
2025-08-18T18:41:50.1475947Z   Using cached multidict-6.6.4-cp311-cp311-manylinux2014_x86_64.manylinux_2_17_x86_64.manylinux_2_28_x86_64.whl.metadata (5.3 kB)
2025-08-18T18:41:50.1860147Z Collecting propcache>=0.2.0 (from aiohttp->keepa==1.3.15)
2025-08-18T18:41:50.1875037Z   Using cached propcache-0.3.2-cp311-cp311-manylinux_2_17_x86_64.manylinux2014_x86_64.whl.metadata (12 kB)
2025-08-18T18:41:50.4346530Z Collecting yarl<2.0,>=1.17.0 (from aiohttp->keepa==1.3.15)
2025-08-18T18:41:50.4363111Z   Using cached yarl-1.20.1-cp311-cp311-manylinux_2_17_x86_64.manylinux2014_x86_64.whl.metadata (73 kB)
2025-08-18T18:41:50.4560763Z Requirement already satisfied: typing-extensions>=4.2 in /opt/hostedtoolcache/Python/3.11.13/x64/lib/python3.11/site-packages (from aiosignal>=1.4.0->aiohttp->keepa==1.3.15) (4.14.1)
2025-08-18T18:41:50.4605399Z Requirement already satisfied: annotated-types>=0.6.0 in /opt/hostedtoolcache/Python/3.11.13/x64/lib/python3.11/site-packages (from pydantic->keepa==1.3.15) (0.7.0)
2025-08-18T18:41:50.4611037Z Requirement already satisfied: pydantic-core==2.33.2 in /opt/hostedtoolcache/Python/3.11.13/x64/lib/python3.11/site-packages (from pydantic->keepa==1.3.15) (2.33.2)
2025-08-18T18:41:50.4618727Z Requirement already satisfied: typing-inspection>=0.4.0 in /opt/hostedtoolcache/Python/3.11.13/x64/lib/python3.11/site-packages (from pydantic->keepa==1.3.15) (0.4.1)
2025-08-18T18:41:50.4677204Z Using cached keepa-1.3.15-py3-none-any.whl (38 kB)
2025-08-18T18:41:50.4690862Z Using cached minio-7.1.15-py3-none-any.whl (77 kB)
2025-08-18T18:41:50.4704898Z Using cached aiohttp-3.12.15-cp311-cp311-manylinux_2_17_x86_64.manylinux2014_x86_64.whl (1.7 MB)
2025-08-18T18:41:50.4731355Z Using cached multidict-6.6.4-cp311-cp311-manylinux2014_x86_64.manylinux_2_17_x86_64.manylinux_2_28_x86_64.whl (246 kB)
2025-08-18T18:41:50.4746156Z Using cached yarl-1.20.1-cp311-cp311-manylinux_2_17_x86_64.manylinux2014_x86_64.whl (348 kB)
2025-08-18T18:41:50.4762059Z Using cached aiohappyeyeballs-2.6.1-py3-none-any.whl (15 kB)
2025-08-18T18:41:50.4775300Z Using cached aiosignal-1.4.0-py3-none-any.whl (7.5 kB)
2025-08-18T18:41:50.4788483Z Using cached attrs-25.3.0-py3-none-any.whl (63 kB)
2025-08-18T18:41:50.4802604Z Using cached frozenlist-1.7.0-cp311-cp311-manylinux_2_5_x86_64.manylinux1_x86_64.manylinux_2_17_x86_64.manylinux2014_x86_64.whl (235 kB)
2025-08-18T18:41:50.4817392Z Using cached propcache-0.3.2-cp311-cp311-manylinux_2_17_x86_64.manylinux2014_x86_64.whl (213 kB)
2025-08-18T18:41:50.4831788Z Using cached tqdm-4.67.1-py3-none-any.whl (78 kB)
2025-08-18T18:41:50.6343030Z Installing collected packages: tqdm, propcache, multidict, minio, frozenlist, attrs, aiohappyeyeballs, yarl, aiosignal, aiohttp, keepa
2025-08-18T18:41:50.6998261Z   Attempting uninstall: minio
2025-08-18T18:41:50.7029995Z     Found existing installation: minio 7.2.16
2025-08-18T18:41:50.7063863Z     Uninstalling minio-7.2.16:
2025-08-18T18:41:50.7073632Z       Successfully uninstalled minio-7.2.16
2025-08-18T18:41:51.0194076Z 
2025-08-18T18:41:51.0255040Z Successfully installed aiohappyeyeballs-2.6.1 aiohttp-3.12.15 aiosignal-1.4.0 attrs-25.3.0 frozenlist-1.7.0 keepa-1.3.15 minio-7.1.15 multidict-6.6.4 propcache-0.3.2 tqdm-4.67.1 yarl-1.20.1
2025-08-18T18:41:51.2089288Z ##[group]Run sudo apt-get update
2025-08-18T18:41:51.2089619Z [36;1msudo apt-get update[0m
2025-08-18T18:41:51.2089882Z [36;1msudo apt-get install -y postgresql[0m
2025-08-18T18:41:51.2090374Z [36;1mecho "/usr/lib/postgresql/$(pg_config --version | cut -d' ' -f2 | cut -d'.' -f1,2)/bin" >> $GITHUB_PATH[0m
2025-08-18T18:41:51.2133840Z shell: /usr/bin/bash -e {0}
2025-08-18T18:41:51.2134077Z env:
2025-08-18T18:41:51.2134257Z   PG_USER: postgres
2025-08-18T18:41:51.2134453Z   PG_PASSWORD: pass
2025-08-18T18:41:51.2134671Z   PG_DATABASE: awa
2025-08-18T18:41:51.2134863Z   PG_HOST: localhost
2025-08-18T18:41:51.2135056Z   PG_PORT: 5432
2025-08-18T18:41:51.2135792Z   PG_SYNC_DSN: ***localhost:5432/awa
2025-08-18T18:41:51.2136216Z   PG_ASYNC_DSN: ***localhost:5432/awa
2025-08-18T18:41:51.2136609Z   DATABASE_URL: ***localhost:5432/awa
2025-08-18T18:41:51.2136849Z   DATA_DIR: /tmp/awa-data
2025-08-18T18:41:51.2137055Z   ENABLE_LIVE: 0
2025-08-18T18:41:51.2137237Z   TESTING: 1
2025-08-18T18:41:51.2137733Z   pythonLocation: /opt/hostedtoolcache/Python/3.11.13/x64
2025-08-18T18:41:51.2138147Z   PKG_CONFIG_PATH: /opt/hostedtoolcache/Python/3.11.13/x64/lib/pkgconfig
2025-08-18T18:41:51.2138527Z   Python_ROOT_DIR: /opt/hostedtoolcache/Python/3.11.13/x64
2025-08-18T18:41:51.2138879Z   Python2_ROOT_DIR: /opt/hostedtoolcache/Python/3.11.13/x64
2025-08-18T18:41:51.2139234Z   Python3_ROOT_DIR: /opt/hostedtoolcache/Python/3.11.13/x64
2025-08-18T18:41:51.2139586Z   LD_LIBRARY_PATH: /opt/hostedtoolcache/Python/3.11.13/x64/lib
2025-08-18T18:41:51.2140073Z ##[endgroup]
2025-08-18T18:41:51.3168910Z Get:1 file:/etc/apt/apt-mirrors.txt Mirrorlist [144 B]
2025-08-18T18:41:51.3551904Z Hit:2 http://azure.archive.ubuntu.com/ubuntu noble InRelease
2025-08-18T18:41:51.3564276Z Get:3 http://azure.archive.ubuntu.com/ubuntu noble-updates InRelease [126 kB]
2025-08-18T18:41:51.3649584Z Get:4 http://azure.archive.ubuntu.com/ubuntu noble-backports InRelease [126 kB]
2025-08-18T18:41:51.3712305Z Get:5 http://azure.archive.ubuntu.com/ubuntu noble-security InRelease [126 kB]
2025-08-18T18:41:51.3755046Z Hit:6 https://packages.microsoft.com/repos/azure-cli noble InRelease
2025-08-18T18:41:51.3756969Z Get:7 https://packages.microsoft.com/ubuntu/24.04/prod noble InRelease [3600 B]
2025-08-18T18:41:51.5171491Z Get:8 http://azure.archive.ubuntu.com/ubuntu noble-updates/main amd64 Packages [1325 kB]
2025-08-18T18:41:51.5315148Z Get:9 http://azure.archive.ubuntu.com/ubuntu noble-updates/main Translation-en [265 kB]
2025-08-18T18:41:51.5341158Z Get:10 http://azure.archive.ubuntu.com/ubuntu noble-updates/main amd64 Components [175 kB]
2025-08-18T18:41:51.5355941Z Get:11 http://azure.archive.ubuntu.com/ubuntu noble-updates/universe amd64 Packages [1120 kB]
2025-08-18T18:41:51.5418367Z Get:12 http://azure.archive.ubuntu.com/ubuntu noble-updates/universe Translation-en [287 kB]
2025-08-18T18:41:51.5440596Z Get:13 http://azure.archive.ubuntu.com/ubuntu noble-updates/universe amd64 Components [377 kB]
2025-08-18T18:41:51.5484518Z Get:14 http://azure.archive.ubuntu.com/ubuntu noble-updates/restricted amd64 Packages [1672 kB]
2025-08-18T18:41:51.5556891Z Get:15 http://azure.archive.ubuntu.com/ubuntu noble-updates/restricted Translation-en [367 kB]
2025-08-18T18:41:51.5576543Z Get:16 http://azure.archive.ubuntu.com/ubuntu noble-updates/restricted amd64 Components [212 B]
2025-08-18T18:41:51.5581859Z Get:17 http://azure.archive.ubuntu.com/ubuntu noble-updates/multiverse amd64 Components [940 B]
2025-08-18T18:41:51.6217321Z Get:18 http://azure.archive.ubuntu.com/ubuntu noble-backports/main amd64 Components [7076 B]
2025-08-18T18:41:51.6232371Z Get:19 http://azure.archive.ubuntu.com/ubuntu noble-backports/universe amd64 Packages [30.2 kB]
2025-08-18T18:41:51.6240536Z Get:20 http://azure.archive.ubuntu.com/ubuntu noble-backports/universe Translation-en [17.4 kB]
2025-08-18T18:41:51.6248296Z Get:21 http://azure.archive.ubuntu.com/ubuntu noble-backports/universe amd64 Components [19.2 kB]
2025-08-18T18:41:51.6255394Z Get:22 http://azure.archive.ubuntu.com/ubuntu noble-backports/restricted amd64 Components [216 B]
2025-08-18T18:41:51.6261541Z Get:23 http://azure.archive.ubuntu.com/ubuntu noble-backports/multiverse amd64 Components [212 B]
2025-08-18T18:41:51.6390781Z Get:24 http://azure.archive.ubuntu.com/ubuntu noble-security/main amd64 Packages [1065 kB]
2025-08-18T18:41:51.6453509Z Get:25 http://azure.archive.ubuntu.com/ubuntu noble-security/main Translation-en [185 kB]
2025-08-18T18:41:51.6471430Z Get:26 http://azure.archive.ubuntu.com/ubuntu noble-security/main amd64 Components [21.6 kB]
2025-08-18T18:41:51.6484189Z Get:27 http://azure.archive.ubuntu.com/ubuntu noble-security/universe amd64 Packages [879 kB]
2025-08-18T18:41:51.6534650Z Get:28 http://azure.archive.ubuntu.com/ubuntu noble-security/universe Translation-en [194 kB]
2025-08-18T18:41:51.6554795Z Get:29 http://azure.archive.ubuntu.com/ubuntu noble-security/universe amd64 Components [52.3 kB]
2025-08-18T18:41:51.6566489Z Get:30 http://azure.archive.ubuntu.com/ubuntu noble-security/restricted amd64 Packages [1587 kB]
2025-08-18T18:41:51.6658227Z Get:31 http://azure.archive.ubuntu.com/ubuntu noble-security/restricted Translation-en [350 kB]
2025-08-18T18:41:51.7095713Z Get:32 http://azure.archive.ubuntu.com/ubuntu noble-security/restricted amd64 Components [212 B]
2025-08-18T18:41:51.7102278Z Get:33 http://azure.archive.ubuntu.com/ubuntu noble-security/multiverse amd64 Components [212 B]
2025-08-18T18:41:51.7449373Z Get:34 https://packages.microsoft.com/ubuntu/24.04/prod noble/main arm64 Packages [33.1 kB]
2025-08-18T18:41:51.7495001Z Get:35 https://packages.microsoft.com/ubuntu/24.04/prod noble/main amd64 Packages [47.9 kB]
2025-08-18T18:41:57.7318148Z Fetched 10.5 MB in 1s (8277 kB/s)
2025-08-18T18:41:58.4128038Z Reading package lists...
2025-08-18T18:41:58.4449545Z Reading package lists...
2025-08-18T18:41:58.6025465Z Building dependency tree...
2025-08-18T18:41:58.6032668Z Reading state information...
2025-08-18T18:41:58.7479533Z Suggested packages:
2025-08-18T18:41:58.7480059Z   postgresql-doc
2025-08-18T18:41:58.7733813Z The following NEW packages will be installed:
2025-08-18T18:41:58.7734334Z   postgresql
2025-08-18T18:41:58.7914547Z 0 upgraded, 1 newly installed, 0 to remove and 36 not upgraded.
2025-08-18T18:41:58.7915202Z Need to get 11.6 kB of archives.
2025-08-18T18:41:58.7915768Z After this operation, 17.4 kB of additional disk space will be used.
2025-08-18T18:41:58.7916441Z Get:1 file:/etc/apt/apt-mirrors.txt Mirrorlist [144 B]
2025-08-18T18:41:58.8203814Z Get:2 http://azure.archive.ubuntu.com/ubuntu noble-updates/main amd64 postgresql all 16+257build1.1 [11.6 kB]
2025-08-18T18:41:59.0725227Z Fetched 11.6 kB in 0s (287 kB/s)
2025-08-18T18:41:59.0999527Z Selecting previously unselected package postgresql.
2025-08-18T18:41:59.1473609Z (Reading database ... 
2025-08-18T18:41:59.1474168Z (Reading database ... 5%
2025-08-18T18:41:59.1474630Z (Reading database ... 10%
2025-08-18T18:41:59.1474949Z (Reading database ... 15%
2025-08-18T18:41:59.1475245Z (Reading database ... 20%
2025-08-18T18:41:59.1475564Z (Reading database ... 25%
2025-08-18T18:41:59.1475848Z (Reading database ... 30%
2025-08-18T18:41:59.1476796Z (Reading database ... 35%
2025-08-18T18:41:59.1477269Z (Reading database ... 40%
2025-08-18T18:41:59.1477944Z (Reading database ... 45%
2025-08-18T18:41:59.1478289Z (Reading database ... 50%
2025-08-18T18:41:59.2436167Z (Reading database ... 55%
2025-08-18T18:41:59.4040986Z (Reading database ... 60%
2025-08-18T18:41:59.6809434Z (Reading database ... 65%
2025-08-18T18:41:59.8268582Z (Reading database ... 70%
2025-08-18T18:41:59.9006288Z (Reading database ... 75%
2025-08-18T18:42:00.3145430Z (Reading database ... 80%
2025-08-18T18:42:00.8778895Z (Reading database ... 85%
2025-08-18T18:42:01.5564651Z (Reading database ... 90%
2025-08-18T18:42:02.1400066Z (Reading database ... 95%
2025-08-18T18:42:02.1400445Z (Reading database ... 100%
2025-08-18T18:42:02.1400871Z (Reading database ... 219881 files and directories currently installed.)
2025-08-18T18:42:02.1449549Z Preparing to unpack .../postgresql_16+257build1.1_all.deb ...
2025-08-18T18:42:02.1473334Z Unpacking postgresql (16+257build1.1) ...
2025-08-18T18:42:02.1926040Z Setting up postgresql (16+257build1.1) ...
2025-08-18T18:42:03.2046508Z 
2025-08-18T18:42:03.2047108Z Running kernel seems to be up-to-date.
2025-08-18T18:42:03.2047766Z 
2025-08-18T18:42:03.2047945Z Restarting services...
2025-08-18T18:42:03.2115423Z 
2025-08-18T18:42:03.2115790Z Service restarts being deferred:
2025-08-18T18:42:03.2116899Z  systemctl restart hosted-compute-agent.service
2025-08-18T18:42:03.2117220Z 
2025-08-18T18:42:03.2117708Z No containers need to be restarted.
2025-08-18T18:42:03.2118015Z 
2025-08-18T18:42:03.2118222Z No user sessions are running outdated binaries.
2025-08-18T18:42:03.2118480Z 
2025-08-18T18:42:03.2118673Z No VM guests are running outdated hypervisor (qemu) binaries on this host.
2025-08-18T18:42:04.0845540Z ##[group]Run pytest tests/db -q --cov=services --cov-append --cov-fail-under=0
2025-08-18T18:42:04.0846066Z [36;1mpytest tests/db -q --cov=services --cov-append --cov-fail-under=0[0m
2025-08-18T18:42:04.0886737Z shell: /usr/bin/bash -e {0}
2025-08-18T18:42:04.0886972Z env:
2025-08-18T18:42:04.0887157Z   PG_USER: postgres
2025-08-18T18:42:04.0887360Z   PG_PASSWORD: pass
2025-08-18T18:42:04.0887734Z   PG_DATABASE: awa
2025-08-18T18:42:04.0887958Z   PG_HOST: localhost
2025-08-18T18:42:04.0888153Z   PG_PORT: 5432
2025-08-18T18:42:04.0888669Z   PG_SYNC_DSN: ***localhost:5432/awa
2025-08-18T18:42:04.0889075Z   PG_ASYNC_DSN: ***localhost:5432/awa
2025-08-18T18:42:04.0889664Z   DATABASE_URL: ***localhost:5432/awa
2025-08-18T18:42:04.0889904Z   DATA_DIR: /tmp/awa-data
2025-08-18T18:42:04.0890121Z   ENABLE_LIVE: 0
2025-08-18T18:42:04.0890304Z   TESTING: 1
2025-08-18T18:42:04.0890552Z   pythonLocation: /opt/hostedtoolcache/Python/3.11.13/x64
2025-08-18T18:42:04.0890997Z   PKG_CONFIG_PATH: /opt/hostedtoolcache/Python/3.11.13/x64/lib/pkgconfig
2025-08-18T18:42:04.0891386Z   Python_ROOT_DIR: /opt/hostedtoolcache/Python/3.11.13/x64
2025-08-18T18:42:04.0891726Z   Python2_ROOT_DIR: /opt/hostedtoolcache/Python/3.11.13/x64
2025-08-18T18:42:04.0892076Z   Python3_ROOT_DIR: /opt/hostedtoolcache/Python/3.11.13/x64
2025-08-18T18:42:04.0892427Z   LD_LIBRARY_PATH: /opt/hostedtoolcache/Python/3.11.13/x64/lib
2025-08-18T18:42:04.0892724Z ##[endgroup]
2025-08-18T18:42:06.7284341Z /opt/hostedtoolcache/Python/3.11.13/x64/lib/python3.11/site-packages/coverage/report_core.py:118: CoverageWarning: Couldn't parse '/home/runner/work/AWA-App/AWA-App/C:\Users\Alexey\Documents\GitHub\AWA-App\services\__init__.py': No source for code: '/home/runner/work/AWA-App/AWA-App/C:\Users\Alexey\Documents\GitHub\AWA-App\services\__init__.py'. (couldnt-parse)
2025-08-18T18:42:06.7286530Z   coverage._warn(msg, slug="couldnt-parse")
2025-08-18T18:42:06.7288860Z /opt/hostedtoolcache/Python/3.11.13/x64/lib/python3.11/site-packages/coverage/report_core.py:118: CoverageWarning: Couldn't parse '/home/runner/work/AWA-App/AWA-App/C:\Users\Alexey\Documents\GitHub\AWA-App\services\alert_bot\__init__.py': No source for code: '/home/runner/work/AWA-App/AWA-App/C:\Users\Alexey\Documents\GitHub\AWA-App\services\alert_bot\__init__.py'. (couldnt-parse)
2025-08-18T18:42:06.7290243Z   coverage._warn(msg, slug="couldnt-parse")
2025-08-18T18:42:06.7291627Z /opt/hostedtoolcache/Python/3.11.13/x64/lib/python3.11/site-packages/coverage/report_core.py:118: CoverageWarning: Couldn't parse '/home/runner/work/AWA-App/AWA-App/C:\Users\Alexey\Documents\GitHub\AWA-App\services\alert_bot\alert_bot.py': No source for code: '/home/runner/work/AWA-App/AWA-App/C:\Users\Alexey\Documents\GitHub\AWA-App\services\alert_bot\alert_bot.py'. (couldnt-parse)
2025-08-18T18:42:06.7293173Z   coverage._warn(msg, slug="couldnt-parse")
2025-08-18T18:42:06.7294559Z /opt/hostedtoolcache/Python/3.11.13/x64/lib/python3.11/site-packages/coverage/report_core.py:118: CoverageWarning: Couldn't parse '/home/runner/work/AWA-App/AWA-App/C:\Users\Alexey\Documents\GitHub\AWA-App\services\alert_bot\rules\__init__.py': No source for code: '/home/runner/work/AWA-App/AWA-App/C:\Users\Alexey\Documents\GitHub\AWA-App\services\alert_bot\rules\__init__.py'. (couldnt-parse)
2025-08-18T18:42:06.7296131Z   coverage._warn(msg, slug="couldnt-parse")
2025-08-18T18:42:06.7297422Z /opt/hostedtoolcache/Python/3.11.13/x64/lib/python3.11/site-packages/coverage/report_core.py:118: CoverageWarning: Couldn't parse '/home/runner/work/AWA-App/AWA-App/C:\Users\Alexey\Documents\GitHub\AWA-App\services\api\__init__.py': No source for code: '/home/runner/work/AWA-App/AWA-App/C:\Users\Alexey\Documents\GitHub\AWA-App\services\api\__init__.py'. (couldnt-parse)
2025-08-18T18:42:06.7298984Z   coverage._warn(msg, slug="couldnt-parse")
2025-08-18T18:42:06.7300774Z /opt/hostedtoolcache/Python/3.11.13/x64/lib/python3.11/site-packages/coverage/report_core.py:118: CoverageWarning: Couldn't parse '/home/runner/work/AWA-App/AWA-App/C:\Users\Alexey\Documents\GitHub\AWA-App\services\api\config.py': No source for code: '/home/runner/work/AWA-App/AWA-App/C:\Users\Alexey\Documents\GitHub\AWA-App\services\api\config.py'. (couldnt-parse)
2025-08-18T18:42:06.7302069Z   coverage._warn(msg, slug="couldnt-parse")
2025-08-18T18:42:06.7303537Z /opt/hostedtoolcache/Python/3.11.13/x64/lib/python3.11/site-packages/coverage/report_core.py:118: CoverageWarning: Couldn't parse '/home/runner/work/AWA-App/AWA-App/C:\Users\Alexey\Documents\GitHub\AWA-App\services\api\db.py': No source for code: '/home/runner/work/AWA-App/AWA-App/C:\Users\Alexey\Documents\GitHub\AWA-App\services\api\db.py'. (couldnt-parse)
2025-08-18T18:42:06.7304969Z   coverage._warn(msg, slug="couldnt-parse")
2025-08-18T18:42:06.7307115Z /opt/hostedtoolcache/Python/3.11.13/x64/lib/python3.11/site-packages/coverage/report_core.py:118: CoverageWarning: Couldn't parse '/home/runner/work/AWA-App/AWA-App/C:\Users\Alexey\Documents\GitHub\AWA-App\services\api\main.py': No source for code: '/home/runner/work/AWA-App/AWA-App/C:\Users\Alexey\Documents\GitHub\AWA-App\services\api\main.py'. (couldnt-parse)
2025-08-18T18:42:06.7308598Z   coverage._warn(msg, slug="couldnt-parse")
2025-08-18T18:42:06.7310258Z /opt/hostedtoolcache/Python/3.11.13/x64/lib/python3.11/site-packages/coverage/report_core.py:118: CoverageWarning: Couldn't parse '/home/runner/work/AWA-App/AWA-App/C:\Users\Alexey\Documents\GitHub\AWA-App\services\api\models\__init__.py': No source for code: '/home/runner/work/AWA-App/AWA-App/C:\Users\Alexey\Documents\GitHub\AWA-App\services\api\models\__init__.py'. (couldnt-parse)
2025-08-18T18:42:06.7311566Z   coverage._warn(msg, slug="couldnt-parse")
2025-08-18T18:42:06.7313379Z /opt/hostedtoolcache/Python/3.11.13/x64/lib/python3.11/site-packages/coverage/report_core.py:118: CoverageWarning: Couldn't parse '/home/runner/work/AWA-App/AWA-App/C:\Users\Alexey\Documents\GitHub\AWA-App\services\api\models\fee.py': No source for code: '/home/runner/work/AWA-App/AWA-App/C:\Users\Alexey\Documents\GitHub\AWA-App\services\api\models\fee.py'. (couldnt-parse)
2025-08-18T18:42:06.7314680Z   coverage._warn(msg, slug="couldnt-parse")
2025-08-18T18:42:06.7317936Z /opt/hostedtoolcache/Python/3.11.13/x64/lib/python3.11/site-packages/coverage/report_core.py:118: CoverageWarning: Couldn't parse '/home/runner/work/AWA-App/AWA-App/C:\Users\Alexey\Documents\GitHub\AWA-App\services\api\roi_repository.py': No source for code: '/home/runner/work/AWA-App/AWA-App/C:\Users\Alexey\Documents\GitHub\AWA-App\services\api\roi_repository.py'. (couldnt-parse)
2025-08-18T18:42:06.7320396Z   coverage._warn(msg, slug="couldnt-parse")
2025-08-18T18:42:06.7322992Z /opt/hostedtoolcache/Python/3.11.13/x64/lib/python3.11/site-packages/coverage/report_core.py:118: CoverageWarning: Couldn't parse '/home/runner/work/AWA-App/AWA-App/C:\Users\Alexey\Documents\GitHub\AWA-App\services\api\routes\__init__.py': No source for code: '/home/runner/work/AWA-App/AWA-App/C:\Users\Alexey\Documents\GitHub\AWA-App\services\api\routes\__init__.py'. (couldnt-parse)
2025-08-18T18:42:06.7325639Z   coverage._warn(msg, slug="couldnt-parse")
2025-08-18T18:42:06.7328213Z /opt/hostedtoolcache/Python/3.11.13/x64/lib/python3.11/site-packages/coverage/report_core.py:118: CoverageWarning: Couldn't parse '/home/runner/work/AWA-App/AWA-App/C:\Users\Alexey\Documents\GitHub\AWA-App\services\api\routes\health.py': No source for code: '/home/runner/work/AWA-App/AWA-App/C:\Users\Alexey\Documents\GitHub\AWA-App\services\api\routes\health.py'. (couldnt-parse)
2025-08-18T18:42:06.7330647Z   coverage._warn(msg, slug="couldnt-parse")
2025-08-18T18:42:06.7333121Z /opt/hostedtoolcache/Python/3.11.13/x64/lib/python3.11/site-packages/coverage/report_core.py:118: CoverageWarning: Couldn't parse '/home/runner/work/AWA-App/AWA-App/C:\Users\Alexey\Documents\GitHub\AWA-App\services\api\routes\repository.py': No source for code: '/home/runner/work/AWA-App/AWA-App/C:\Users\Alexey\Documents\GitHub\AWA-App\services\api\routes\repository.py'. (couldnt-parse)
2025-08-18T18:42:06.7335872Z   coverage._warn(msg, slug="couldnt-parse")
2025-08-18T18:42:06.7338443Z /opt/hostedtoolcache/Python/3.11.13/x64/lib/python3.11/site-packages/coverage/report_core.py:118: CoverageWarning: Couldn't parse '/home/runner/work/AWA-App/AWA-App/C:\Users\Alexey\Documents\GitHub\AWA-App\services\api\routes\roi.py': No source for code: '/home/runner/work/AWA-App/AWA-App/C:\Users\Alexey\Documents\GitHub\AWA-App\services\api\routes\roi.py'. (couldnt-parse)
2025-08-18T18:42:06.7340831Z   coverage._warn(msg, slug="couldnt-parse")
2025-08-18T18:42:06.7343238Z /opt/hostedtoolcache/Python/3.11.13/x64/lib/python3.11/site-packages/coverage/report_core.py:118: CoverageWarning: Couldn't parse '/home/runner/work/AWA-App/AWA-App/C:\Users\Alexey\Documents\GitHub\AWA-App\services\api\routes\stats.py': No source for code: '/home/runner/work/AWA-App/AWA-App/C:\Users\Alexey\Documents\GitHub\AWA-App\services\api\routes\stats.py'. (couldnt-parse)
2025-08-18T18:42:06.7345907Z   coverage._warn(msg, slug="couldnt-parse")
2025-08-18T18:42:06.7348493Z /opt/hostedtoolcache/Python/3.11.13/x64/lib/python3.11/site-packages/coverage/report_core.py:118: CoverageWarning: Couldn't parse '/home/runner/work/AWA-App/AWA-App/C:\Users\Alexey\Documents\GitHub\AWA-App\services\common\__init__.py': No source for code: '/home/runner/work/AWA-App/AWA-App/C:\Users\Alexey\Documents\GitHub\AWA-App\services\common\__init__.py'. (couldnt-parse)
2025-08-18T18:42:06.7350876Z   coverage._warn(msg, slug="couldnt-parse")
2025-08-18T18:42:06.7353204Z /opt/hostedtoolcache/Python/3.11.13/x64/lib/python3.11/site-packages/coverage/report_core.py:118: CoverageWarning: Couldn't parse '/home/runner/work/AWA-App/AWA-App/C:\Users\Alexey\Documents\GitHub\AWA-App\services\common\base.py': No source for code: '/home/runner/work/AWA-App/AWA-App/C:\Users\Alexey\Documents\GitHub\AWA-App\services\common\base.py'. (couldnt-parse)
2025-08-18T18:42:06.7355542Z   coverage._warn(msg, slug="couldnt-parse")
2025-08-18T18:42:06.7358084Z /opt/hostedtoolcache/Python/3.11.13/x64/lib/python3.11/site-packages/coverage/report_core.py:118: CoverageWarning: Couldn't parse '/home/runner/work/AWA-App/AWA-App/C:\Users\Alexey\Documents\GitHub\AWA-App\services\common\config.py': No source for code: '/home/runner/work/AWA-App/AWA-App/C:\Users\Alexey\Documents\GitHub\AWA-App\services\common\config.py'. (couldnt-parse)
2025-08-18T18:42:06.7360471Z   coverage._warn(msg, slug="couldnt-parse")
2025-08-18T18:42:06.7362757Z /opt/hostedtoolcache/Python/3.11.13/x64/lib/python3.11/site-packages/coverage/report_core.py:118: CoverageWarning: Couldn't parse '/home/runner/work/AWA-App/AWA-App/C:\Users\Alexey\Documents\GitHub\AWA-App\services\common\db.py': No source for code: '/home/runner/work/AWA-App/AWA-App/C:\Users\Alexey\Documents\GitHub\AWA-App\services\common\db.py'. (couldnt-parse)
2025-08-18T18:42:06.7365075Z   coverage._warn(msg, slug="couldnt-parse")
2025-08-18T18:42:06.7367624Z /opt/hostedtoolcache/Python/3.11.13/x64/lib/python3.11/site-packages/coverage/report_core.py:118: CoverageWarning: Couldn't parse '/home/runner/work/AWA-App/AWA-App/C:\Users\Alexey\Documents\GitHub\AWA-App\services\common\db_url.py': No source for code: '/home/runner/work/AWA-App/AWA-App/C:\Users\Alexey\Documents\GitHub\AWA-App\services\common\db_url.py'. (couldnt-parse)
2025-08-18T18:42:06.7370009Z   coverage._warn(msg, slug="couldnt-parse")
2025-08-18T18:42:06.7372324Z /opt/hostedtoolcache/Python/3.11.13/x64/lib/python3.11/site-packages/coverage/report_core.py:118: CoverageWarning: Couldn't parse '/home/runner/work/AWA-App/AWA-App/C:\Users\Alexey\Documents\GitHub\AWA-App\services\common\dsn.py': No source for code: '/home/runner/work/AWA-App/AWA-App/C:\Users\Alexey\Documents\GitHub\AWA-App\services\common\dsn.py'. (couldnt-parse)
2025-08-18T18:42:06.7374679Z   coverage._warn(msg, slug="couldnt-parse")
2025-08-18T18:42:06.7377238Z /opt/hostedtoolcache/Python/3.11.13/x64/lib/python3.11/site-packages/coverage/report_core.py:118: CoverageWarning: Couldn't parse '/home/runner/work/AWA-App/AWA-App/C:\Users\Alexey\Documents\GitHub\AWA-App\services\common\keepa.py': No source for code: '/home/runner/work/AWA-App/AWA-App/C:\Users\Alexey\Documents\GitHub\AWA-App\services\common\keepa.py'. (couldnt-parse)
2025-08-18T18:42:06.7379801Z   coverage._warn(msg, slug="couldnt-parse")
2025-08-18T18:42:06.7382089Z /opt/hostedtoolcache/Python/3.11.13/x64/lib/python3.11/site-packages/coverage/report_core.py:118: CoverageWarning: Couldn't parse '/home/runner/work/AWA-App/AWA-App/C:\Users\Alexey\Documents\GitHub\AWA-App\services\common\llm.py': No source for code: '/home/runner/work/AWA-App/AWA-App/C:\Users\Alexey\Documents\GitHub\AWA-App\services\common\llm.py'. (couldnt-parse)
2025-08-18T18:42:06.7384421Z   coverage._warn(msg, slug="couldnt-parse")
2025-08-18T18:42:06.7387154Z /opt/hostedtoolcache/Python/3.11.13/x64/lib/python3.11/site-packages/coverage/report_core.py:118: CoverageWarning: Couldn't parse '/home/runner/work/AWA-App/AWA-App/C:\Users\Alexey\Documents\GitHub\AWA-App\services\common\models_vendor.py': No source for code: '/home/runner/work/AWA-App/AWA-App/C:\Users\Alexey\Documents\GitHub\AWA-App\services\common\models_vendor.py'. (couldnt-parse)
2025-08-18T18:42:06.7389834Z   coverage._warn(msg, slug="couldnt-parse")
2025-08-18T18:42:06.7392226Z /opt/hostedtoolcache/Python/3.11.13/x64/lib/python3.11/site-packages/coverage/report_core.py:118: CoverageWarning: Couldn't parse '/home/runner/work/AWA-App/AWA-App/C:\Users\Alexey\Documents\GitHub\AWA-App\services\common\settings.py': No source for code: '/home/runner/work/AWA-App/AWA-App/C:\Users\Alexey\Documents\GitHub\AWA-App\services\common\settings.py'. (couldnt-parse)
2025-08-18T18:42:06.7394638Z   coverage._warn(msg, slug="couldnt-parse")
2025-08-18T18:42:06.7396939Z /opt/hostedtoolcache/Python/3.11.13/x64/lib/python3.11/site-packages/coverage/report_core.py:118: CoverageWarning: Couldn't parse '/home/runner/work/AWA-App/AWA-App/C:\Users\Alexey\Documents\GitHub\AWA-App\services\db\__init__.py': No source for code: '/home/runner/work/AWA-App/AWA-App/C:\Users\Alexey\Documents\GitHub\AWA-App\services\db\__init__.py'. (couldnt-parse)
2025-08-18T18:42:06.7399490Z   coverage._warn(msg, slug="couldnt-parse")
2025-08-18T18:42:06.7401852Z /opt/hostedtoolcache/Python/3.11.13/x64/lib/python3.11/site-packages/coverage/report_core.py:118: CoverageWarning: Couldn't parse '/home/runner/work/AWA-App/AWA-App/C:\Users\Alexey\Documents\GitHub\AWA-App\services\db\utils\__init__.py': No source for code: '/home/runner/work/AWA-App/AWA-App/C:\Users\Alexey\Documents\GitHub\AWA-App\services\db\utils\__init__.py'. (couldnt-parse)
2025-08-18T18:42:06.7404258Z   coverage._warn(msg, slug="couldnt-parse")
2025-08-18T18:42:06.7406588Z /opt/hostedtoolcache/Python/3.11.13/x64/lib/python3.11/site-packages/coverage/report_core.py:118: CoverageWarning: Couldn't parse '/home/runner/work/AWA-App/AWA-App/C:\Users\Alexey\Documents\GitHub\AWA-App\services\db\utils\views.py': No source for code: '/home/runner/work/AWA-App/AWA-App/C:\Users\Alexey\Documents\GitHub\AWA-App\services\db\utils\views.py'. (couldnt-parse)
2025-08-18T18:42:06.7409151Z   coverage._warn(msg, slug="couldnt-parse")
2025-08-18T18:42:06.7411514Z /opt/hostedtoolcache/Python/3.11.13/x64/lib/python3.11/site-packages/coverage/report_core.py:118: CoverageWarning: Couldn't parse '/home/runner/work/AWA-App/AWA-App/C:\Users\Alexey\Documents\GitHub\AWA-App\services\emailer\__init__.py': No source for code: '/home/runner/work/AWA-App/AWA-App/C:\Users\Alexey\Documents\GitHub\AWA-App\services\emailer\__init__.py'. (couldnt-parse)
2025-08-18T18:42:06.7413908Z   coverage._warn(msg, slug="couldnt-parse")
2025-08-18T18:42:06.7416368Z /opt/hostedtoolcache/Python/3.11.13/x64/lib/python3.11/site-packages/coverage/report_core.py:118: CoverageWarning: Couldn't parse '/home/runner/work/AWA-App/AWA-App/C:\Users\Alexey\Documents\GitHub\AWA-App\services\emailer\generate_body.py': No source for code: '/home/runner/work/AWA-App/AWA-App/C:\Users\Alexey\Documents\GitHub\AWA-App\services\emailer\generate_body.py'. (couldnt-parse)
2025-08-18T18:42:06.7419003Z   coverage._warn(msg, slug="couldnt-parse")
2025-08-18T18:42:06.7421566Z /opt/hostedtoolcache/Python/3.11.13/x64/lib/python3.11/site-packages/coverage/report_core.py:118: CoverageWarning: Couldn't parse '/home/runner/work/AWA-App/AWA-App/C:\Users\Alexey\Documents\GitHub\AWA-App\services\etl\__init__.py': No source for code: '/home/runner/work/AWA-App/AWA-App/C:\Users\Alexey\Documents\GitHub\AWA-App\services\etl\__init__.py'. (couldnt-parse)
2025-08-18T18:42:06.7423946Z   coverage._warn(msg, slug="couldnt-parse")
2025-08-18T18:42:06.7426208Z /opt/hostedtoolcache/Python/3.11.13/x64/lib/python3.11/site-packages/coverage/report_core.py:118: CoverageWarning: Couldn't parse '/home/runner/work/AWA-App/AWA-App/C:\Users\Alexey\Documents\GitHub\AWA-App\services\etl\db.py': No source for code: '/home/runner/work/AWA-App/AWA-App/C:\Users\Alexey\Documents\GitHub\AWA-App\services\etl\db.py'. (couldnt-parse)
2025-08-18T18:42:06.7428928Z   coverage._warn(msg, slug="couldnt-parse")
2025-08-18T18:42:06.7431344Z /opt/hostedtoolcache/Python/3.11.13/x64/lib/python3.11/site-packages/coverage/report_core.py:118: CoverageWarning: Couldn't parse '/home/runner/work/AWA-App/AWA-App/C:\Users\Alexey\Documents\GitHub\AWA-App\services\etl\dialects\__init__.py': No source for code: '/home/runner/work/AWA-App/AWA-App/C:\Users\Alexey\Documents\GitHub\AWA-App\services\etl\dialects\__init__.py'. (couldnt-parse)
2025-08-18T18:42:06.7433782Z   coverage._warn(msg, slug="couldnt-parse")
2025-08-18T18:42:06.7436347Z /opt/hostedtoolcache/Python/3.11.13/x64/lib/python3.11/site-packages/coverage/report_core.py:118: CoverageWarning: Couldn't parse '/home/runner/work/AWA-App/AWA-App/C:\Users\Alexey\Documents\GitHub\AWA-App\services\etl\dialects\amazon_reimbursements.py': No source for code: '/home/runner/work/AWA-App/AWA-App/C:\Users\Alexey\Documents\GitHub\AWA-App\services\etl\dialects\amazon_reimbursements.py'. (couldnt-parse)
2025-08-18T18:42:06.7439137Z   coverage._warn(msg, slug="couldnt-parse")
2025-08-18T18:42:06.7441643Z /opt/hostedtoolcache/Python/3.11.13/x64/lib/python3.11/site-packages/coverage/report_core.py:118: CoverageWarning: Couldn't parse '/home/runner/work/AWA-App/AWA-App/C:\Users\Alexey\Documents\GitHub\AWA-App\services\etl\dialects\amazon_returns.py': No source for code: '/home/runner/work/AWA-App/AWA-App/C:\Users\Alexey\Documents\GitHub\AWA-App\services\etl\dialects\amazon_returns.py'. (couldnt-parse)
2025-08-18T18:42:06.7444171Z   coverage._warn(msg, slug="couldnt-parse")
2025-08-18T18:42:06.7446583Z /opt/hostedtoolcache/Python/3.11.13/x64/lib/python3.11/site-packages/coverage/report_core.py:118: CoverageWarning: Couldn't parse '/home/runner/work/AWA-App/AWA-App/C:\Users\Alexey\Documents\GitHub\AWA-App\services\etl\fba_fee_ingestor.py': No source for code: '/home/runner/work/AWA-App/AWA-App/C:\Users\Alexey\Documents\GitHub\AWA-App\services\etl\fba_fee_ingestor.py'. (couldnt-parse)
2025-08-18T18:42:06.7449253Z   coverage._warn(msg, slug="couldnt-parse")
2025-08-18T18:42:06.7451676Z /opt/hostedtoolcache/Python/3.11.13/x64/lib/python3.11/site-packages/coverage/report_core.py:118: CoverageWarning: Couldn't parse '/home/runner/work/AWA-App/AWA-App/C:\Users\Alexey\Documents\GitHub\AWA-App\services\etl\keepa_ingestor.py': No source for code: '/home/runner/work/AWA-App/AWA-App/C:\Users\Alexey\Documents\GitHub\AWA-App\services\etl\keepa_ingestor.py'. (couldnt-parse)
2025-08-18T18:42:06.7454086Z   coverage._warn(msg, slug="couldnt-parse")
2025-08-18T18:42:06.7456482Z /opt/hostedtoolcache/Python/3.11.13/x64/lib/python3.11/site-packages/coverage/report_core.py:118: CoverageWarning: Couldn't parse '/home/runner/work/AWA-App/AWA-App/C:\Users\Alexey\Documents\GitHub\AWA-App\services\etl\sp_fees_ingestor.py': No source for code: '/home/runner/work/AWA-App/AWA-App/C:\Users\Alexey\Documents\GitHub\AWA-App\services\etl\sp_fees_ingestor.py'. (couldnt-parse)
2025-08-18T18:42:06.7459099Z   coverage._warn(msg, slug="couldnt-parse")
2025-08-18T18:42:06.7461691Z /opt/hostedtoolcache/Python/3.11.13/x64/lib/python3.11/site-packages/coverage/report_core.py:118: CoverageWarning: Couldn't parse '/home/runner/work/AWA-App/AWA-App/C:\Users\Alexey\Documents\GitHub\AWA-App\services\fees_h10\__init__.py': No source for code: '/home/runner/work/AWA-App/AWA-App/C:\Users\Alexey\Documents\GitHub\AWA-App\services\fees_h10\__init__.py'. (couldnt-parse)
2025-08-18T18:42:06.7464082Z   coverage._warn(msg, slug="couldnt-parse")
2025-08-18T18:42:06.7466494Z /opt/hostedtoolcache/Python/3.11.13/x64/lib/python3.11/site-packages/coverage/report_core.py:118: CoverageWarning: Couldn't parse '/home/runner/work/AWA-App/AWA-App/C:\Users\Alexey\Documents\GitHub\AWA-App\services\fees_h10\client.py': No source for code: '/home/runner/work/AWA-App/AWA-App/C:\Users\Alexey\Documents\GitHub\AWA-App\services\fees_h10\client.py'. (couldnt-parse)
2025-08-18T18:42:06.7469293Z   coverage._warn(msg, slug="couldnt-parse")
2025-08-18T18:42:06.7471749Z /opt/hostedtoolcache/Python/3.11.13/x64/lib/python3.11/site-packages/coverage/report_core.py:118: CoverageWarning: Couldn't parse '/home/runner/work/AWA-App/AWA-App/C:\Users\Alexey\Documents\GitHub\AWA-App\services\fees_h10\repository.py': No source for code: '/home/runner/work/AWA-App/AWA-App/C:\Users\Alexey\Documents\GitHub\AWA-App\services\fees_h10\repository.py'. (couldnt-parse)
2025-08-18T18:42:06.7474192Z   coverage._warn(msg, slug="couldnt-parse")
2025-08-18T18:42:06.7476543Z /opt/hostedtoolcache/Python/3.11.13/x64/lib/python3.11/site-packages/coverage/report_core.py:118: CoverageWarning: Couldn't parse '/home/runner/work/AWA-App/AWA-App/C:\Users\Alexey\Documents\GitHub\AWA-App\services\fees_h10\worker.py': No source for code: '/home/runner/work/AWA-App/AWA-App/C:\Users\Alexey\Documents\GitHub\AWA-App\services\fees_h10\worker.py'. (couldnt-parse)
2025-08-18T18:42:06.7479133Z   coverage._warn(msg, slug="couldnt-parse")
2025-08-18T18:42:06.7481515Z /opt/hostedtoolcache/Python/3.11.13/x64/lib/python3.11/site-packages/coverage/report_core.py:118: CoverageWarning: Couldn't parse '/home/runner/work/AWA-App/AWA-App/C:\Users\Alexey\Documents\GitHub\AWA-App\services\ingest\__init__.py': No source for code: '/home/runner/work/AWA-App/AWA-App/C:\Users\Alexey\Documents\GitHub\AWA-App\services\ingest\__init__.py'. (couldnt-parse)
2025-08-18T18:42:06.7483890Z   coverage._warn(msg, slug="couldnt-parse")
2025-08-18T18:42:06.7486308Z /opt/hostedtoolcache/Python/3.11.13/x64/lib/python3.11/site-packages/coverage/report_core.py:118: CoverageWarning: Couldn't parse '/home/runner/work/AWA-App/AWA-App/C:\Users\Alexey\Documents\GitHub\AWA-App\services\ingest\email_watcher.py': No source for code: '/home/runner/work/AWA-App/AWA-App/C:\Users\Alexey\Documents\GitHub\AWA-App\services\ingest\email_watcher.py'. (couldnt-parse)
2025-08-18T18:42:06.7488995Z   coverage._warn(msg, slug="couldnt-parse")
2025-08-18T18:42:06.7491425Z /opt/hostedtoolcache/Python/3.11.13/x64/lib/python3.11/site-packages/coverage/report_core.py:118: CoverageWarning: Couldn't parse '/home/runner/work/AWA-App/AWA-App/C:\Users\Alexey\Documents\GitHub\AWA-App\services\ingest\ingest_router.py': No source for code: '/home/runner/work/AWA-App/AWA-App/C:\Users\Alexey\Documents\GitHub\AWA-App\services\ingest\ingest_router.py'. (couldnt-parse)
2025-08-18T18:42:06.7493865Z   coverage._warn(msg, slug="couldnt-parse")
2025-08-18T18:42:06.7496260Z /opt/hostedtoolcache/Python/3.11.13/x64/lib/python3.11/site-packages/coverage/report_core.py:118: CoverageWarning: Couldn't parse '/home/runner/work/AWA-App/AWA-App/C:\Users\Alexey\Documents\GitHub\AWA-App\services\ingest\upload_router.py': No source for code: '/home/runner/work/AWA-App/AWA-App/C:\Users\Alexey\Documents\GitHub\AWA-App\services\ingest\upload_router.py'. (couldnt-parse)
2025-08-18T18:42:06.7498884Z   coverage._warn(msg, slug="couldnt-parse")
2025-08-18T18:42:06.7501258Z /opt/hostedtoolcache/Python/3.11.13/x64/lib/python3.11/site-packages/coverage/report_core.py:118: CoverageWarning: Couldn't parse '/home/runner/work/AWA-App/AWA-App/C:\Users\Alexey\Documents\GitHub\AWA-App\services\llm_server\__init__.py': No source for code: '/home/runner/work/AWA-App/AWA-App/C:\Users\Alexey\Documents\GitHub\AWA-App\services\llm_server\__init__.py'. (couldnt-parse)
2025-08-18T18:42:06.7503877Z   coverage._warn(msg, slug="couldnt-parse")
2025-08-18T18:42:06.7506245Z /opt/hostedtoolcache/Python/3.11.13/x64/lib/python3.11/site-packages/coverage/report_core.py:118: CoverageWarning: Couldn't parse '/home/runner/work/AWA-App/AWA-App/C:\Users\Alexey\Documents\GitHub\AWA-App\services\llm_server\app.py': No source for code: '/home/runner/work/AWA-App/AWA-App/C:\Users\Alexey\Documents\GitHub\AWA-App\services\llm_server\app.py'. (couldnt-parse)
2025-08-18T18:42:06.7508813Z   coverage._warn(msg, slug="couldnt-parse")
2025-08-18T18:42:06.7511240Z /opt/hostedtoolcache/Python/3.11.13/x64/lib/python3.11/site-packages/coverage/report_core.py:118: CoverageWarning: Couldn't parse '/home/runner/work/AWA-App/AWA-App/C:\Users\Alexey\Documents\GitHub\AWA-App\services\logistics_etl\__init__.py': No source for code: '/home/runner/work/AWA-App/AWA-App/C:\Users\Alexey\Documents\GitHub\AWA-App\services\logistics_etl\__init__.py'. (couldnt-parse)
2025-08-18T18:42:06.7513764Z   coverage._warn(msg, slug="couldnt-parse")
2025-08-18T18:42:06.7516192Z /opt/hostedtoolcache/Python/3.11.13/x64/lib/python3.11/site-packages/coverage/report_core.py:118: CoverageWarning: Couldn't parse '/home/runner/work/AWA-App/AWA-App/C:\Users\Alexey\Documents\GitHub\AWA-App\services\logistics_etl\__main__.py': No source for code: '/home/runner/work/AWA-App/AWA-App/C:\Users\Alexey\Documents\GitHub\AWA-App\services\logistics_etl\__main__.py'. (couldnt-parse)
2025-08-18T18:42:06.7518792Z   coverage._warn(msg, slug="couldnt-parse")
2025-08-18T18:42:06.7521188Z /opt/hostedtoolcache/Python/3.11.13/x64/lib/python3.11/site-packages/coverage/report_core.py:118: CoverageWarning: Couldn't parse '/home/runner/work/AWA-App/AWA-App/C:\Users\Alexey\Documents\GitHub\AWA-App\services\logistics_etl\client.py': No source for code: '/home/runner/work/AWA-App/AWA-App/C:\Users\Alexey\Documents\GitHub\AWA-App\services\logistics_etl\client.py'. (couldnt-parse)
2025-08-18T18:42:06.7523647Z   coverage._warn(msg, slug="couldnt-parse")
2025-08-18T18:42:06.7526048Z /opt/hostedtoolcache/Python/3.11.13/x64/lib/python3.11/site-packages/coverage/report_core.py:118: CoverageWarning: Couldn't parse '/home/runner/work/AWA-App/AWA-App/C:\Users\Alexey\Documents\GitHub\AWA-App\services\logistics_etl\cron.py': No source for code: '/home/runner/work/AWA-App/AWA-App/C:\Users\Alexey\Documents\GitHub\AWA-App\services\logistics_etl\cron.py'. (couldnt-parse)
2025-08-18T18:42:06.7528630Z   coverage._warn(msg, slug="couldnt-parse")
2025-08-18T18:42:06.7530984Z /opt/hostedtoolcache/Python/3.11.13/x64/lib/python3.11/site-packages/coverage/report_core.py:118: CoverageWarning: Couldn't parse '/home/runner/work/AWA-App/AWA-App/C:\Users\Alexey\Documents\GitHub\AWA-App\services\logistics_etl\db.py': No source for code: '/home/runner/work/AWA-App/AWA-App/C:\Users\Alexey\Documents\GitHub\AWA-App\services\logistics_etl\db.py'. (couldnt-parse)
2025-08-18T18:42:06.7533381Z   coverage._warn(msg, slug="couldnt-parse")
2025-08-18T18:42:06.7535789Z /opt/hostedtoolcache/Python/3.11.13/x64/lib/python3.11/site-packages/coverage/report_core.py:118: CoverageWarning: Couldn't parse '/home/runner/work/AWA-App/AWA-App/C:\Users\Alexey\Documents\GitHub\AWA-App\services\logistics_etl\flow.py': No source for code: '/home/runner/work/AWA-App/AWA-App/C:\Users\Alexey\Documents\GitHub\AWA-App\services\logistics_etl\flow.py'. (couldnt-parse)
2025-08-18T18:42:06.7538392Z   coverage._warn(msg, slug="couldnt-parse")
2025-08-18T18:42:06.7540861Z /opt/hostedtoolcache/Python/3.11.13/x64/lib/python3.11/site-packages/coverage/report_core.py:118: CoverageWarning: Couldn't parse '/home/runner/work/AWA-App/AWA-App/C:\Users\Alexey\Documents\GitHub\AWA-App\services\logistics_etl\repository.py': No source for code: '/home/runner/work/AWA-App/AWA-App/C:\Users\Alexey\Documents\GitHub\AWA-App\services\logistics_etl\repository.py'. (couldnt-parse)
2025-08-18T18:42:06.7543370Z   coverage._warn(msg, slug="couldnt-parse")
2025-08-18T18:42:06.7546045Z /opt/hostedtoolcache/Python/3.11.13/x64/lib/python3.11/site-packages/coverage/report_core.py:118: CoverageWarning: Couldn't parse '/home/runner/work/AWA-App/AWA-App/C:\Users\Alexey\Documents\GitHub\AWA-App\services\price_importer\__init__.py': No source for code: '/home/runner/work/AWA-App/AWA-App/C:\Users\Alexey\Documents\GitHub\AWA-App\services\price_importer\__init__.py'. (couldnt-parse)
2025-08-18T18:42:06.7548731Z   coverage._warn(msg, slug="couldnt-parse")
2025-08-18T18:42:06.7551228Z /opt/hostedtoolcache/Python/3.11.13/x64/lib/python3.11/site-packages/coverage/report_core.py:118: CoverageWarning: Couldn't parse '/home/runner/work/AWA-App/AWA-App/C:\Users\Alexey\Documents\GitHub\AWA-App\services\price_importer\common\__init__.py': No source for code: '/home/runner/work/AWA-App/AWA-App/C:\Users\Alexey\Documents\GitHub\AWA-App\services\price_importer\common\__init__.py'. (couldnt-parse)
2025-08-18T18:42:06.7554001Z   coverage._warn(msg, slug="couldnt-parse")
2025-08-18T18:42:06.7556443Z /opt/hostedtoolcache/Python/3.11.13/x64/lib/python3.11/site-packages/coverage/report_core.py:118: CoverageWarning: Couldn't parse '/home/runner/work/AWA-App/AWA-App/C:\Users\Alexey\Documents\GitHub\AWA-App\services\price_importer\common\base.py': No source for code: '/home/runner/work/AWA-App/AWA-App/C:\Users\Alexey\Documents\GitHub\AWA-App\services\price_importer\common\base.py'. (couldnt-parse)
2025-08-18T18:42:06.7559099Z   coverage._warn(msg, slug="couldnt-parse")
2025-08-18T18:42:06.7561473Z /opt/hostedtoolcache/Python/3.11.13/x64/lib/python3.11/site-packages/coverage/report_core.py:118: CoverageWarning: Couldn't parse '/home/runner/work/AWA-App/AWA-App/C:\Users\Alexey\Documents\GitHub\AWA-App\services\price_importer\common\db_url.py': No source for code: '/home/runner/work/AWA-App/AWA-App/C:\Users\Alexey\Documents\GitHub\AWA-App\services\price_importer\common\db_url.py'. (couldnt-parse)
2025-08-18T18:42:06.7563967Z   coverage._warn(msg, slug="couldnt-parse")
2025-08-18T18:42:06.7566611Z /opt/hostedtoolcache/Python/3.11.13/x64/lib/python3.11/site-packages/coverage/report_core.py:118: CoverageWarning: Couldn't parse '/home/runner/work/AWA-App/AWA-App/C:\Users\Alexey\Documents\GitHub\AWA-App\services\price_importer\common\models_vendor.py': No source for code: '/home/runner/work/AWA-App/AWA-App/C:\Users\Alexey\Documents\GitHub\AWA-App\services\price_importer\common\models_vendor.py'. (couldnt-parse)
2025-08-18T18:42:06.7569398Z   coverage._warn(msg, slug="couldnt-parse")
2025-08-18T18:42:06.7571842Z /opt/hostedtoolcache/Python/3.11.13/x64/lib/python3.11/site-packages/coverage/report_core.py:118: CoverageWarning: Couldn't parse '/home/runner/work/AWA-App/AWA-App/C:\Users\Alexey\Documents\GitHub\AWA-App\services\price_importer\import.py': No source for code: '/home/runner/work/AWA-App/AWA-App/C:\Users\Alexey\Documents\GitHub\AWA-App\services\price_importer\import.py'. (couldnt-parse)
2025-08-18T18:42:06.7574299Z   coverage._warn(msg, slug="couldnt-parse")
2025-08-18T18:42:06.7576694Z /opt/hostedtoolcache/Python/3.11.13/x64/lib/python3.11/site-packages/coverage/report_core.py:118: CoverageWarning: Couldn't parse '/home/runner/work/AWA-App/AWA-App/C:\Users\Alexey\Documents\GitHub\AWA-App\services\price_importer\normaliser.py': No source for code: '/home/runner/work/AWA-App/AWA-App/C:\Users\Alexey\Documents\GitHub\AWA-App\services\price_importer\normaliser.py'. (couldnt-parse)
2025-08-18T18:42:06.7579248Z   coverage._warn(msg, slug="couldnt-parse")
2025-08-18T18:42:06.7581651Z /opt/hostedtoolcache/Python/3.11.13/x64/lib/python3.11/site-packages/coverage/report_core.py:118: CoverageWarning: Couldn't parse '/home/runner/work/AWA-App/AWA-App/C:\Users\Alexey\Documents\GitHub\AWA-App\services\price_importer\reader.py': No source for code: '/home/runner/work/AWA-App/AWA-App/C:\Users\Alexey\Documents\GitHub\AWA-App\services\price_importer\reader.py'. (couldnt-parse)
2025-08-18T18:42:06.7583921Z   coverage._warn(msg, slug="couldnt-parse")
2025-08-18T18:42:06.7586289Z /opt/hostedtoolcache/Python/3.11.13/x64/lib/python3.11/site-packages/coverage/report_core.py:118: CoverageWarning: Couldn't parse '/home/runner/work/AWA-App/AWA-App/C:\Users\Alexey\Documents\GitHub\AWA-App\services\price_importer\repository.py': No source for code: '/home/runner/work/AWA-App/AWA-App/C:\Users\Alexey\Documents\GitHub\AWA-App\services\price_importer\repository.py'. (couldnt-parse)
2025-08-18T18:42:06.7588548Z   coverage._warn(msg, slug="couldnt-parse")
2025-08-18T18:42:06.7590665Z /opt/hostedtoolcache/Python/3.11.13/x64/lib/python3.11/site-packages/coverage/report_core.py:118: CoverageWarning: Couldn't parse '/home/runner/work/AWA-App/AWA-App/C:\Users\Alexey\Documents\GitHub\AWA-App\services\price_importer\services_common\__init__.py': No source for code: '/home/runner/work/AWA-App/AWA-App/C:\Users\Alexey\Documents\GitHub\AWA-App\services\price_importer\services_common\__init__.py'. (couldnt-parse)
2025-08-18T18:42:06.7593319Z   coverage._warn(msg, slug="couldnt-parse")
2025-08-18T18:42:06.7595729Z /opt/hostedtoolcache/Python/3.11.13/x64/lib/python3.11/site-packages/coverage/report_core.py:118: CoverageWarning: Couldn't parse '/home/runner/work/AWA-App/AWA-App/C:\Users\Alexey\Documents\GitHub\AWA-App\services\price_importer\services_common\base.py': No source for code: '/home/runner/work/AWA-App/AWA-App/C:\Users\Alexey\Documents\GitHub\AWA-App\services\price_importer\services_common\base.py'. (couldnt-parse)
2025-08-18T18:42:06.7598334Z   coverage._warn(msg, slug="couldnt-parse")
2025-08-18T18:42:06.7600862Z /opt/hostedtoolcache/Python/3.11.13/x64/lib/python3.11/site-packages/coverage/report_core.py:118: CoverageWarning: Couldn't parse '/home/runner/work/AWA-App/AWA-App/C:\Users\Alexey\Documents\GitHub\AWA-App\services\price_importer\services_common\db.py': No source for code: '/home/runner/work/AWA-App/AWA-App/C:\Users\Alexey\Documents\GitHub\AWA-App\services\price_importer\services_common\db.py'. (couldnt-parse)
2025-08-18T18:42:06.7603405Z   coverage._warn(msg, slug="couldnt-parse")
2025-08-18T18:42:06.7605958Z /opt/hostedtoolcache/Python/3.11.13/x64/lib/python3.11/site-packages/coverage/report_core.py:118: CoverageWarning: Couldn't parse '/home/runner/work/AWA-App/AWA-App/C:\Users\Alexey\Documents\GitHub\AWA-App\services\price_importer\services_common\db_url.py': No source for code: '/home/runner/work/AWA-App/AWA-App/C:\Users\Alexey\Documents\GitHub\AWA-App\services\price_importer\services_common\db_url.py'. (couldnt-parse)
2025-08-18T18:42:06.7608719Z   coverage._warn(msg, slug="couldnt-parse")
2025-08-18T18:42:06.7611399Z /opt/hostedtoolcache/Python/3.11.13/x64/lib/python3.11/site-packages/coverage/report_core.py:118: CoverageWarning: Couldn't parse '/home/runner/work/AWA-App/AWA-App/C:\Users\Alexey\Documents\GitHub\AWA-App\services\price_importer\services_common\dsn.py': No source for code: '/home/runner/work/AWA-App/AWA-App/C:\Users\Alexey\Documents\GitHub\AWA-App\services\price_importer\services_common\dsn.py'. (couldnt-parse)
2025-08-18T18:42:06.7613956Z   coverage._warn(msg, slug="couldnt-parse")
2025-08-18T18:42:06.7616513Z /opt/hostedtoolcache/Python/3.11.13/x64/lib/python3.11/site-packages/coverage/report_core.py:118: CoverageWarning: Couldn't parse '/home/runner/work/AWA-App/AWA-App/C:\Users\Alexey\Documents\GitHub\AWA-App\services\price_importer\services_common\keepa.py': No source for code: '/home/runner/work/AWA-App/AWA-App/C:\Users\Alexey\Documents\GitHub\AWA-App\services\price_importer\services_common\keepa.py'. (couldnt-parse)
2025-08-18T18:42:06.7619226Z   coverage._warn(msg, slug="couldnt-parse")
2025-08-18T18:42:06.7621718Z /opt/hostedtoolcache/Python/3.11.13/x64/lib/python3.11/site-packages/coverage/report_core.py:118: CoverageWarning: Couldn't parse '/home/runner/work/AWA-App/AWA-App/C:\Users\Alexey\Documents\GitHub\AWA-App\services\price_importer\services_common\llm.py': No source for code: '/home/runner/work/AWA-App/AWA-App/C:\Users\Alexey\Documents\GitHub\AWA-App\services\price_importer\services_common\llm.py'. (couldnt-parse)
2025-08-18T18:42:06.7624242Z   coverage._warn(msg, slug="couldnt-parse")
2025-08-18T18:42:06.7627092Z /opt/hostedtoolcache/Python/3.11.13/x64/lib/python3.11/site-packages/coverage/report_core.py:118: CoverageWarning: Couldn't parse '/home/runner/work/AWA-App/AWA-App/C:\Users\Alexey\Documents\GitHub\AWA-App\services\price_importer\services_common\models_vendor.py': No source for code: '/home/runner/work/AWA-App/AWA-App/C:\Users\Alexey\Documents\GitHub\AWA-App\services\price_importer\services_common\models_vendor.py'. (couldnt-parse)
2025-08-18T18:42:06.7629916Z   coverage._warn(msg, slug="couldnt-parse")
2025-08-18T18:42:06.7632462Z /opt/hostedtoolcache/Python/3.11.13/x64/lib/python3.11/site-packages/coverage/report_core.py:118: CoverageWarning: Couldn't parse '/home/runner/work/AWA-App/AWA-App/C:\Users\Alexey\Documents\GitHub\AWA-App\services\price_importer\services_common\settings.py': No source for code: '/home/runner/work/AWA-App/AWA-App/C:\Users\Alexey\Documents\GitHub\AWA-App\services\price_importer\services_common\settings.py'. (couldnt-parse)
2025-08-18T18:42:06.7635358Z   coverage._warn(msg, slug="couldnt-parse")
2025-08-18T18:42:06.7637957Z /opt/hostedtoolcache/Python/3.11.13/x64/lib/python3.11/site-packages/coverage/report_core.py:118: CoverageWarning: Couldn't parse '/home/runner/work/AWA-App/AWA-App/C:\Users\Alexey\Documents\GitHub\AWA-App\services\repricer\__init__.py': No source for code: '/home/runner/work/AWA-App/AWA-App/C:\Users\Alexey\Documents\GitHub\AWA-App\services\repricer\__init__.py'. (couldnt-parse)
2025-08-18T18:42:06.7640347Z   coverage._warn(msg, slug="couldnt-parse")
2025-08-18T18:42:06.7642753Z /opt/hostedtoolcache/Python/3.11.13/x64/lib/python3.11/site-packages/coverage/report_core.py:118: CoverageWarning: Couldn't parse '/home/runner/work/AWA-App/AWA-App/C:\Users\Alexey\Documents\GitHub\AWA-App\services\repricer\app\__init__.py': No source for code: '/home/runner/work/AWA-App/AWA-App/C:\Users\Alexey\Documents\GitHub\AWA-App\services\repricer\app\__init__.py'. (couldnt-parse)
2025-08-18T18:42:06.7645155Z   coverage._warn(msg, slug="couldnt-parse")
2025-08-18T18:42:06.7647731Z /opt/hostedtoolcache/Python/3.11.13/x64/lib/python3.11/site-packages/coverage/report_core.py:118: CoverageWarning: Couldn't parse '/home/runner/work/AWA-App/AWA-App/C:\Users\Alexey\Documents\GitHub\AWA-App\services\repricer\app\deps.py': No source for code: '/home/runner/work/AWA-App/AWA-App/C:\Users\Alexey\Documents\GitHub\AWA-App\services\repricer\app\deps.py'. (couldnt-parse)
2025-08-18T18:42:06.7650076Z   coverage._warn(msg, slug="couldnt-parse")
2025-08-18T18:42:06.7652381Z /opt/hostedtoolcache/Python/3.11.13/x64/lib/python3.11/site-packages/coverage/report_core.py:118: CoverageWarning: Couldn't parse '/home/runner/work/AWA-App/AWA-App/C:\Users\Alexey\Documents\GitHub\AWA-App\services\repricer\app\logic.py': No source for code: '/home/runner/work/AWA-App/AWA-App/C:\Users\Alexey\Documents\GitHub\AWA-App\services\repricer\app\logic.py'. (couldnt-parse)
2025-08-18T18:42:06.7654691Z   coverage._warn(msg, slug="couldnt-parse")
2025-08-18T18:42:06.7656984Z /opt/hostedtoolcache/Python/3.11.13/x64/lib/python3.11/site-packages/coverage/report_core.py:118: CoverageWarning: Couldn't parse '/home/runner/work/AWA-App/AWA-App/C:\Users\Alexey\Documents\GitHub\AWA-App\services\repricer\app\main.py': No source for code: '/home/runner/work/AWA-App/AWA-App/C:\Users\Alexey\Documents\GitHub\AWA-App\services\repricer\app\main.py'. (couldnt-parse)
2025-08-18T18:42:06.7659410Z   coverage._warn(msg, slug="couldnt-parse")
2025-08-18T18:42:06.7661686Z /opt/hostedtoolcache/Python/3.11.13/x64/lib/python3.11/site-packages/coverage/report_core.py:118: CoverageWarning: Couldn't parse '/home/runner/work/AWA-App/AWA-App/C:\Users\Alexey\Documents\GitHub\AWA-App\services\repricer\app\schemas.py': No source for code: '/home/runner/work/AWA-App/AWA-App/C:\Users\Alexey\Documents\GitHub\AWA-App\services\repricer\app\schemas.py'. (couldnt-parse)
2025-08-18T18:42:06.7664007Z   coverage._warn(msg, slug="couldnt-parse")
2025-08-18T18:42:06.7666536Z /opt/hostedtoolcache/Python/3.11.13/x64/lib/python3.11/site-packages/coverage/report_core.py:118: CoverageWarning: Couldn't parse '/home/runner/work/AWA-App/AWA-App/C:\Users\Alexey\Documents\GitHub\AWA-App\services\returns_etl\loader.py': No source for code: '/home/runner/work/AWA-App/AWA-App/C:\Users\Alexey\Documents\GitHub\AWA-App\services\returns_etl\loader.py'. (couldnt-parse)
2025-08-18T18:42:06.7669012Z   coverage._warn(msg, slug="couldnt-parse")
2025-08-18T18:42:07.1042012Z ............                                                             [100%]
2025-08-18T18:42:07.1042574Z ================================ tests coverage ================================
2025-08-18T18:42:07.1043148Z _______________ coverage: platform linux, python 3.11.13-final-0 _______________
2025-08-18T18:42:07.1043632Z 
2025-08-18T18:42:07.1043816Z Coverage XML written to file coverage.xml
2025-08-18T18:42:07.2545499Z ##[group]Run actions/upload-artifact@v4
2025-08-18T18:42:07.2546207Z with:
2025-08-18T18:42:07.2546524Z   name: coverage.integration
2025-08-18T18:42:07.2546907Z   path: .coverage
2025-08-18T18:42:07.2547242Z   if-no-files-found: warn
2025-08-18T18:42:07.2547834Z   compression-level: 6
2025-08-18T18:42:07.2548171Z   overwrite: false
2025-08-18T18:42:07.2548524Z   include-hidden-files: false
2025-08-18T18:42:07.2548898Z env:
2025-08-18T18:42:07.2549183Z   PG_USER: postgres
2025-08-18T18:42:07.2549550Z   PG_PASSWORD: pass
2025-08-18T18:42:07.2549883Z   PG_DATABASE: awa
2025-08-18T18:42:07.2550228Z   PG_HOST: localhost
2025-08-18T18:42:07.2550564Z   PG_PORT: 5432
2025-08-18T18:42:07.2551294Z   PG_SYNC_DSN: ***localhost:5432/awa
2025-08-18T18:42:07.2552051Z   PG_ASYNC_DSN: ***localhost:5432/awa
2025-08-18T18:42:07.2552780Z   DATABASE_URL: ***localhost:5432/awa
2025-08-18T18:42:07.2553239Z   DATA_DIR: /tmp/awa-data
2025-08-18T18:42:07.2553622Z   ENABLE_LIVE: 0
2025-08-18T18:42:07.2553987Z   TESTING: 1
2025-08-18T18:42:07.2554428Z   pythonLocation: /opt/hostedtoolcache/Python/3.11.13/x64
2025-08-18T18:42:07.2555124Z   PKG_CONFIG_PATH: /opt/hostedtoolcache/Python/3.11.13/x64/lib/pkgconfig
2025-08-18T18:42:07.2555822Z   Python_ROOT_DIR: /opt/hostedtoolcache/Python/3.11.13/x64
2025-08-18T18:42:07.2556454Z   Python2_ROOT_DIR: /opt/hostedtoolcache/Python/3.11.13/x64
2025-08-18T18:42:07.2557094Z   Python3_ROOT_DIR: /opt/hostedtoolcache/Python/3.11.13/x64
2025-08-18T18:42:07.2557961Z   LD_LIBRARY_PATH: /opt/hostedtoolcache/Python/3.11.13/x64/lib
2025-08-18T18:42:07.2558586Z ##[endgroup]
2025-08-18T18:42:07.4681944Z ##[warning]No files were found with the provided path: .coverage. No artifacts will be uploaded.
2025-08-18T18:42:07.5290661Z Post job cleanup.
2025-08-18T18:42:07.6546568Z Cache hit occurred on the primary key Linux-int-5e718741e550cec7917fae13efe91a31293d04a98c3c0932315e8f58598cbd2c, not saving cache.
2025-08-18T18:42:07.6629629Z Post job cleanup.
2025-08-18T18:42:07.8111529Z Cache hit occurred on the primary key setup-python-Linux-x64-24.04-Ubuntu-python-3.11.13-pip-5e718741e550cec7917fae13efe91a31293d04a98c3c0932315e8f58598cbd2c, not saving cache.
2025-08-18T18:42:07.8276529Z Post job cleanup.
2025-08-18T18:42:07.9220765Z [command]/usr/bin/git version
2025-08-18T18:42:07.9256569Z git version 2.50.1
2025-08-18T18:42:07.9306023Z Temporarily overriding HOME='/home/runner/work/_temp/7059f376-b458-42d9-988b-617752cc92f6' before making global git config changes
2025-08-18T18:42:07.9307288Z Adding repository directory to the temporary git global config as a safe directory
2025-08-18T18:42:07.9312329Z [command]/usr/bin/git config --global --add safe.directory /home/runner/work/AWA-App/AWA-App
2025-08-18T18:42:07.9346594Z [command]/usr/bin/git config --local --name-only --get-regexp core\.sshCommand
2025-08-18T18:42:07.9378811Z [command]/usr/bin/git submodule foreach --recursive sh -c "git config --local --name-only --get-regexp 'core\.sshCommand' && git config --local --unset-all 'core.sshCommand' || :"
2025-08-18T18:42:07.9605182Z [command]/usr/bin/git config --local --name-only --get-regexp http\.https\:\/\/github\.com\/\.extraheader
2025-08-18T18:42:07.9625543Z http.https://github.com/.extraheader
2025-08-18T18:42:07.9638355Z [command]/usr/bin/git config --local --unset-all http.https://github.com/.extraheader
2025-08-18T18:42:07.9669177Z [command]/usr/bin/git submodule foreach --recursive sh -c "git config --local --name-only --get-regexp 'http\.https\:\/\/github\.com\/\.extraheader' && git config --local --unset-all 'http.https://github.com/.extraheader' || :"
2025-08-18T18:42:07.9976803Z Print service container logs: fb78c992f1694b29b28d64c8670e7b2c_postgres15_57a400
2025-08-18T18:42:07.9981326Z ##[command]/usr/bin/docker logs --details 8b19f8fb3d9571655e8abd9418b67ae9d5cf67e891877f850552c7b13deb301e
2025-08-18T18:42:08.0106659Z  The files belonging to this database system will be owned by user "postgres".
2025-08-18T18:42:08.0109121Z  initdb: warning: enabling "trust" authentication for local connections
2025-08-18T18:42:08.0110187Z  initdb: hint: You can change this by editing pg_hba.conf or using the option -A, or --auth-local and --auth-host, the next time you run initdb.
2025-08-18T18:42:08.0111495Z  This user must also own the server process.
2025-08-18T18:42:08.0111869Z  
2025-08-18T18:42:08.0112142Z  The database cluster will be initialized with locale "en_US.utf8".
2025-08-18T18:42:08.0112571Z  The default database encoding has accordingly been set to "UTF8".
2025-08-18T18:42:08.0112960Z  The default text search configuration will be set to "english".
2025-08-18T18:42:08.0113306Z  
2025-08-18T18:42:08.0113485Z  Data page checksums are disabled.
2025-08-18T18:42:08.0113711Z  
2025-08-18T18:42:08.0113976Z  fixing permissions on existing directory /var/lib/postgresql/data ... ok
2025-08-18T18:42:08.0114339Z  creating subdirectories ... ok
2025-08-18T18:42:08.0114633Z  selecting dynamic shared memory implementation ... posix
2025-08-18T18:42:08.0114953Z  selecting default max_connections ... 100
2025-08-18T18:42:08.0115226Z  selecting default shared_buffers ... 128MB
2025-08-18T18:42:08.0115497Z  selecting default time zone ... Etc/UTC
2025-08-18T18:42:08.0115752Z  creating configuration files ... ok
2025-08-18T18:42:08.0115998Z  running bootstrap script ... ok
2025-08-18T18:42:08.0116269Z  performing post-bootstrap initialization ... ok
2025-08-18T18:42:08.0116540Z  syncing data to disk ... ok
2025-08-18T18:42:08.0116745Z  
2025-08-18T18:42:08.0116900Z  
2025-08-18T18:42:08.0117111Z  Success. You can now start the database server using:
2025-08-18T18:42:08.0117384Z  
2025-08-18T18:42:08.0117878Z      pg_ctl -D /var/lib/postgresql/data -l logfile start
2025-08-18T18:42:08.0118154Z  
2025-08-18T18:42:08.0118703Z  waiting for server to start....2025-08-18 18:41:09.243 UTC [48] LOG:  starting PostgreSQL 15.14 (Debian 15.14-1.pgdg13+1) on x86_64-pc-linux-gnu, compiled by gcc (Debian 14.2.0-19) 14.2.0, 64-bit
2025-08-18T18:42:08.0119464Z  2025-08-18 18:41:09.243 UTC [48] LOG:  listening on Unix socket "/var/run/postgresql/.s.PGSQL.5432"
2025-08-18T18:42:08.0119968Z  2025-08-18 18:41:09.247 UTC [51] LOG:  database system was shut down at 2025-08-18 18:41:09 UTC
2025-08-18T18:42:08.0120408Z  2025-08-18 18:41:09.250 UTC [48] LOG:  database system is ready to accept connections
2025-08-18T18:42:08.0120722Z   done
2025-08-18T18:42:08.0120888Z  server started
2025-08-18T18:42:08.0121065Z  CREATE DATABASE
2025-08-18T18:42:08.0121236Z  
2025-08-18T18:42:08.0121713Z  2025-08-18 18:41:09.547 UTC [1] LOG:  starting PostgreSQL 15.14 (Debian 15.14-1.pgdg13+1) on x86_64-pc-linux-gnu, compiled by gcc (Debian 14.2.0-19) 14.2.0, 64-bit
2025-08-18T18:42:08.0122315Z  2025-08-18 18:41:09.547 UTC [1] LOG:  listening on IPv4 address "0.0.0.0", port 5432
2025-08-18T18:42:08.0122713Z  2025-08-18 18:41:09.547 UTC [1] LOG:  listening on IPv6 address "::", port 5432
2025-08-18T18:42:08.0123239Z  2025-08-18 18:41:09.548 UTC [1] LOG:  listening on Unix socket "/var/run/postgresql/.s.PGSQL.5432"
2025-08-18T18:42:08.0124213Z  2025-08-18 18:41:09.551 UTC [64] LOG:  database system was shut down at 2025-08-18 18:41:09 UTC
2025-08-18T18:42:08.0124988Z  2025-08-18 18:41:09.555 UTC [1] LOG:  database system is ready to accept connections
2025-08-18T18:42:08.0125540Z  
2025-08-18T18:42:08.0126013Z  /usr/local/bin/docker-entrypoint.sh: ignoring /docker-entrypoint-initdb.d/*
2025-08-18T18:42:08.0126377Z  
2025-08-18T18:42:08.0126606Z  2025-08-18 18:41:09.427 UTC [48] LOG:  received fast shutdown request
2025-08-18T18:42:08.0127329Z  waiting for server to shut down....2025-08-18 18:41:09.428 UTC [48] LOG:  aborting any active transactions
2025-08-18T18:42:08.0128174Z  2025-08-18 18:41:09.430 UTC [48] LOG:  background worker "logical replication launcher" (PID 54) exited with exit code 1
2025-08-18T18:42:08.0128638Z  2025-08-18 18:41:09.430 UTC [49] LOG:  shutting down
2025-08-18T18:42:08.0128981Z  2025-08-18 18:41:09.430 UTC [49] LOG:  checkpoint starting: shutdown immediate
2025-08-18T18:42:08.0129813Z  2025-08-18 18:41:09.446 UTC [49] LOG:  checkpoint complete: wrote 922 buffers (5.6%); 0 WAL file(s) added, 0 removed, 0 recycled; write=0.013 s, sync=0.002 s, total=0.017 s; sync files=301, longest=0.001 s, average=0.001 s; distance=4239 kB, estimate=4239 kB
2025-08-18T18:42:08.0130761Z  2025-08-18 18:41:09.452 UTC [48] LOG:  database system is shut down
2025-08-18T18:42:08.0131048Z   done
2025-08-18T18:42:08.0131214Z  server stopped
2025-08-18T18:42:08.0131390Z  
2025-08-18T18:42:08.0131606Z  PostgreSQL init process complete; ready for start up.
2025-08-18T18:42:08.0131876Z  
2025-08-18T18:42:08.0137687Z Stop and remove container: fb78c992f1694b29b28d64c8670e7b2c_postgres15_57a400
2025-08-18T18:42:08.0142413Z ##[command]/usr/bin/docker rm --force 8b19f8fb3d9571655e8abd9418b67ae9d5cf67e891877f850552c7b13deb301e
2025-08-18T18:42:09.1128796Z 8b19f8fb3d9571655e8abd9418b67ae9d5cf67e891877f850552c7b13deb301e
2025-08-18T18:42:09.1158164Z Remove container network: github_network_763168ff1d4640779989b13c090e9d41
2025-08-18T18:42:09.1162473Z ##[command]/usr/bin/docker network rm github_network_763168ff1d4640779989b13c090e9d41
2025-08-18T18:42:09.2271648Z github_network_763168ff1d4640779989b13c090e9d41
2025-08-18T18:42:09.2330797Z Cleaning up orphan processes
