2025-08-22T09:23:09.9410871Z Current runner version: '2.328.0'
2025-08-22T09:23:09.9442638Z ##[group]Runner Image Provisioner
2025-08-22T09:23:09.9443898Z Hosted Compute Agent
2025-08-22T09:23:09.9444773Z Version: 20250821.380
2025-08-22T09:23:09.9445622Z Commit: 438d12cb4fe092871db9867344e3bc0bc5319035
2025-08-22T09:23:09.9446802Z Build Date: 2025-08-21T20:49:43Z
2025-08-22T09:23:09.9447710Z ##[endgroup]
2025-08-22T09:23:09.9448553Z ##[group]Operating System
2025-08-22T09:23:09.9449585Z Ubuntu
2025-08-22T09:23:09.9450399Z 24.04.2
2025-08-22T09:23:09.9451070Z LTS
2025-08-22T09:23:09.9451811Z ##[endgroup]
2025-08-22T09:23:09.9452629Z ##[group]Runner Image
2025-08-22T09:23:09.9453603Z Image: ubuntu-24.04
2025-08-22T09:23:09.9455024Z Version: 20250818.1.0
2025-08-22T09:23:09.9456726Z Included Software: https://github.com/actions/runner-images/blob/ubuntu24/20250818.1/images/ubuntu/Ubuntu2404-Readme.md
2025-08-22T09:23:09.9459493Z Image Release: https://github.com/actions/runner-images/releases/tag/ubuntu24%2F20250818.1
2025-08-22T09:23:09.9461267Z ##[endgroup]
2025-08-22T09:23:09.9465520Z ##[group]GITHUB_TOKEN Permissions
2025-08-22T09:23:09.9468513Z Actions: write
2025-08-22T09:23:09.9469626Z Attestations: write
2025-08-22T09:23:09.9470475Z Checks: write
2025-08-22T09:23:09.9471250Z Contents: write
2025-08-22T09:23:09.9471977Z Deployments: write
2025-08-22T09:23:09.9472919Z Discussions: write
2025-08-22T09:23:09.9473709Z Issues: write
2025-08-22T09:23:09.9474442Z Metadata: read
2025-08-22T09:23:09.9475205Z Models: read
2025-08-22T09:23:09.9476055Z Packages: write
2025-08-22T09:23:09.9476858Z Pages: write
2025-08-22T09:23:09.9477624Z PullRequests: write
2025-08-22T09:23:09.9478553Z RepositoryProjects: write
2025-08-22T09:23:09.9479631Z SecurityEvents: write
2025-08-22T09:23:09.9480686Z Statuses: write
2025-08-22T09:23:09.9481395Z ##[endgroup]
2025-08-22T09:23:09.9484495Z Secret source: Actions
2025-08-22T09:23:09.9485955Z Prepare workflow directory
2025-08-22T09:23:10.0072904Z Prepare all required actions
2025-08-22T09:23:10.0127157Z Getting action download info
2025-08-22T09:23:10.2872966Z Download action repository 'actions/checkout@v5' (SHA:08c6903cd8c0fde910a37f88322edcfb5dd907a8)
2025-08-22T09:23:10.3649532Z Download action repository 'actions/setup-python@v5' (SHA:a26af69be951a213d495a4c3e4e4022e16d87065)
2025-08-22T09:23:10.4852761Z Download action repository 'actions/cache@v4' (SHA:0400d5f644dc74513175e3cd8d07132dd4860809)
2025-08-22T09:23:10.6293031Z Download action repository 'actions/upload-artifact@v4' (SHA:ea165f8d65b6e75b540449e92b4886f43607fa02)
2025-08-22T09:23:10.9362130Z Complete job name: integration-db
2025-08-22T09:23:10.9911029Z ##[group]Checking docker version
2025-08-22T09:23:10.9924830Z ##[command]/usr/bin/docker version --format '{{.Server.APIVersion}}'
2025-08-22T09:23:11.0753115Z '1.48'
2025-08-22T09:23:11.0764821Z Docker daemon API version: '1.48'
2025-08-22T09:23:11.0766201Z ##[command]/usr/bin/docker version --format '{{.Client.APIVersion}}'
2025-08-22T09:23:11.0918127Z '1.48'
2025-08-22T09:23:11.0932609Z Docker client API version: '1.48'
2025-08-22T09:23:11.0940043Z ##[endgroup]
2025-08-22T09:23:11.0944726Z ##[group]Clean up resources from previous jobs
2025-08-22T09:23:11.0951304Z ##[command]/usr/bin/docker ps --all --quiet --no-trunc --filter "label=7b79a9"
2025-08-22T09:23:11.1089351Z ##[command]/usr/bin/docker network prune --force --filter "label=7b79a9"
2025-08-22T09:23:11.1381196Z ##[endgroup]
2025-08-22T09:23:11.1382000Z ##[group]Create local container network
2025-08-22T09:23:11.1393487Z ##[command]/usr/bin/docker network create --label 7b79a9 github_network_0e03fc8e2c1f4f9c8cbb0ceb88931cd1
2025-08-22T09:23:11.1888263Z dfc34b884803287e87517dcafe199a4558a61936818b540dfc4c86efe79fb99c
2025-08-22T09:23:11.1906084Z ##[endgroup]
2025-08-22T09:23:11.1931692Z ##[group]Starting postgres service container
2025-08-22T09:23:11.1952007Z ##[command]/usr/bin/docker pull postgres:15
2025-08-22T09:23:11.4296107Z 15: Pulling from library/postgres
2025-08-22T09:23:11.4889867Z 396b1da7636e: Pulling fs layer
2025-08-22T09:23:11.4892597Z fca2566eba32: Pulling fs layer
2025-08-22T09:23:11.4894091Z 631fe8c6d606: Pulling fs layer
2025-08-22T09:23:11.4895554Z 77c7671c4414: Pulling fs layer
2025-08-22T09:23:11.4897038Z 2d9e29180a27: Pulling fs layer
2025-08-22T09:23:11.4898226Z c6bcc2c9a041: Pulling fs layer
2025-08-22T09:23:11.4899577Z ac4b721eb66f: Pulling fs layer
2025-08-22T09:23:11.4900661Z 606bd164980e: Pulling fs layer
2025-08-22T09:23:11.4901820Z f5dfd246bc6e: Pulling fs layer
2025-08-22T09:23:11.4902920Z ba7036bb0a60: Pulling fs layer
2025-08-22T09:23:11.4904023Z 799f859abbbd: Pulling fs layer
2025-08-22T09:23:11.4905125Z d903e777080c: Pulling fs layer
2025-08-22T09:23:11.4906196Z 04adcb462801: Pulling fs layer
2025-08-22T09:23:11.4907266Z 5c10925b29ff: Pulling fs layer
2025-08-22T09:23:11.4908310Z 77c7671c4414: Waiting
2025-08-22T09:23:11.4909371Z ba7036bb0a60: Waiting
2025-08-22T09:23:11.4910323Z 799f859abbbd: Waiting
2025-08-22T09:23:11.4911268Z d903e777080c: Waiting
2025-08-22T09:23:11.4912205Z 2d9e29180a27: Waiting
2025-08-22T09:23:11.4913165Z c6bcc2c9a041: Waiting
2025-08-22T09:23:11.4914112Z 04adcb462801: Waiting
2025-08-22T09:23:11.4915066Z ac4b721eb66f: Waiting
2025-08-22T09:23:11.4916000Z 606bd164980e: Waiting
2025-08-22T09:23:11.4916947Z f5dfd246bc6e: Waiting
2025-08-22T09:23:11.4917889Z 5c10925b29ff: Waiting
2025-08-22T09:23:11.6164707Z fca2566eba32: Verifying Checksum
2025-08-22T09:23:11.6338827Z fca2566eba32: Download complete
2025-08-22T09:23:11.6340417Z 631fe8c6d606: Verifying Checksum
2025-08-22T09:23:11.6341996Z 631fe8c6d606: Download complete
2025-08-22T09:23:11.7040246Z 396b1da7636e: Verifying Checksum
2025-08-22T09:23:11.7050946Z 396b1da7636e: Download complete
2025-08-22T09:23:11.7094877Z 77c7671c4414: Verifying Checksum
2025-08-22T09:23:11.7096701Z 77c7671c4414: Download complete
2025-08-22T09:23:11.7549890Z 2d9e29180a27: Verifying Checksum
2025-08-22T09:23:11.7551501Z 2d9e29180a27: Download complete
2025-08-22T09:23:11.7960987Z ac4b721eb66f: Verifying Checksum
2025-08-22T09:23:11.7964082Z ac4b721eb66f: Download complete
2025-08-22T09:23:11.8043270Z c6bcc2c9a041: Verifying Checksum
2025-08-22T09:23:11.8046196Z c6bcc2c9a041: Download complete
2025-08-22T09:23:11.8331387Z 606bd164980e: Verifying Checksum
2025-08-22T09:23:11.8332981Z 606bd164980e: Download complete
2025-08-22T09:23:11.9097033Z ba7036bb0a60: Verifying Checksum
2025-08-22T09:23:11.9106839Z ba7036bb0a60: Download complete
2025-08-22T09:23:11.9247976Z 799f859abbbd: Verifying Checksum
2025-08-22T09:23:11.9248559Z 799f859abbbd: Download complete
2025-08-22T09:23:11.9842745Z d903e777080c: Verifying Checksum
2025-08-22T09:23:11.9846145Z d903e777080c: Download complete
2025-08-22T09:23:11.9931512Z 04adcb462801: Verifying Checksum
2025-08-22T09:23:12.0682493Z 5c10925b29ff: Verifying Checksum
2025-08-22T09:23:12.0683840Z 5c10925b29ff: Download complete
2025-08-22T09:23:12.3217915Z f5dfd246bc6e: Verifying Checksum
2025-08-22T09:23:12.3218847Z f5dfd246bc6e: Download complete
2025-08-22T09:23:12.7845410Z 396b1da7636e: Pull complete
2025-08-22T09:23:13.0617409Z fca2566eba32: Pull complete
2025-08-22T09:23:13.2512178Z 631fe8c6d606: Pull complete
2025-08-22T09:23:13.2965222Z 77c7671c4414: Pull complete
2025-08-22T09:23:13.5945106Z 2d9e29180a27: Pull complete
2025-08-22T09:23:13.6872894Z c6bcc2c9a041: Pull complete
2025-08-22T09:23:13.6980880Z ac4b721eb66f: Pull complete
2025-08-22T09:23:13.7122187Z 606bd164980e: Pull complete
2025-08-22T09:23:16.6538586Z f5dfd246bc6e: Pull complete
2025-08-22T09:23:16.6732519Z ba7036bb0a60: Pull complete
2025-08-22T09:23:16.6855619Z 799f859abbbd: Pull complete
2025-08-22T09:23:16.6980217Z d903e777080c: Pull complete
2025-08-22T09:23:16.7106237Z 04adcb462801: Pull complete
2025-08-22T09:23:16.7236169Z 5c10925b29ff: Pull complete
2025-08-22T09:23:16.7289043Z Digest: sha256:bc51cf4f1fe02cce7ed2370b20128a9b00b4eb804573a77d2a0d877aaa9c82b1
2025-08-22T09:23:16.7312120Z Status: Downloaded newer image for postgres:15
2025-08-22T09:23:16.7324910Z docker.io/library/postgres:15
2025-08-22T09:23:16.7386751Z ##[command]/usr/bin/docker create --name 9760b2d50a8a4fdaa3c9db5642e3dfe1_postgres15_81ff26 --label 7b79a9 --network github_network_0e03fc8e2c1f4f9c8cbb0ceb88931cd1 --network-alias postgres -p 5432:5432 --health-cmd="pg_isready -U postgres -d awa" --health-interval=5s --health-timeout=5s --health-retries=10 -e "POSTGRES_USER=postgres" -e "POSTGRES_PASSWORD=pass" -e "POSTGRES_DB=awa" -e GITHUB_ACTIONS=true -e CI=true postgres:15
2025-08-22T09:23:16.7701955Z aa8fd21d1e1920e34a0f11204c67556555a3b962d7b9a83cf7d58c2416b3e940
2025-08-22T09:23:16.7724879Z ##[command]/usr/bin/docker start aa8fd21d1e1920e34a0f11204c67556555a3b962d7b9a83cf7d58c2416b3e940
2025-08-22T09:23:17.6889561Z aa8fd21d1e1920e34a0f11204c67556555a3b962d7b9a83cf7d58c2416b3e940
2025-08-22T09:23:17.6909183Z ##[command]/usr/bin/docker ps --all --filter id=aa8fd21d1e1920e34a0f11204c67556555a3b962d7b9a83cf7d58c2416b3e940 --filter status=running --no-trunc --format "{{.ID}} {{.Status}}"
2025-08-22T09:23:17.7029147Z aa8fd21d1e1920e34a0f11204c67556555a3b962d7b9a83cf7d58c2416b3e940 Up Less than a second (health: starting)
2025-08-22T09:23:17.7051302Z ##[command]/usr/bin/docker port aa8fd21d1e1920e34a0f11204c67556555a3b962d7b9a83cf7d58c2416b3e940
2025-08-22T09:23:17.7178859Z 5432/tcp -> 0.0.0.0:5432
2025-08-22T09:23:17.7179781Z 5432/tcp -> [::]:5432
2025-08-22T09:23:17.7225817Z ##[endgroup]
2025-08-22T09:23:17.7234446Z ##[group]Waiting for all services to be ready
2025-08-22T09:23:17.7247362Z ##[command]/usr/bin/docker inspect --format="{{if .Config.Healthcheck}}{{print .State.Health.Status}}{{end}}" aa8fd21d1e1920e34a0f11204c67556555a3b962d7b9a83cf7d58c2416b3e940
2025-08-22T09:23:17.7373291Z starting
2025-08-22T09:23:17.7393855Z postgres service is starting, waiting 2 seconds before checking again.
2025-08-22T09:23:19.7399020Z ##[command]/usr/bin/docker inspect --format="{{if .Config.Healthcheck}}{{print .State.Health.Status}}{{end}}" aa8fd21d1e1920e34a0f11204c67556555a3b962d7b9a83cf7d58c2416b3e940
2025-08-22T09:23:19.7519556Z starting
2025-08-22T09:23:19.7533118Z postgres service is starting, waiting 3 seconds before checking again.
2025-08-22T09:23:23.4082733Z ##[command]/usr/bin/docker inspect --format="{{if .Config.Healthcheck}}{{print .State.Health.Status}}{{end}}" aa8fd21d1e1920e34a0f11204c67556555a3b962d7b9a83cf7d58c2416b3e940
2025-08-22T09:23:23.4201809Z healthy
2025-08-22T09:23:23.4217612Z postgres service is healthy.
2025-08-22T09:23:23.4218118Z ##[endgroup]
2025-08-22T09:23:23.4456910Z ##[group]Run actions/checkout@v5
2025-08-22T09:23:23.4457435Z with:
2025-08-22T09:23:23.4457615Z   fetch-depth: 0
2025-08-22T09:23:23.4457826Z   repository: AlexBomber12/AWA-App
2025-08-22T09:23:23.4458200Z   token: ***
2025-08-22T09:23:23.4458381Z   ssh-strict: true
2025-08-22T09:23:23.4458565Z   ssh-user: git
2025-08-22T09:23:23.4459060Z   persist-credentials: true
2025-08-22T09:23:23.4459280Z   clean: true
2025-08-22T09:23:23.4459473Z   sparse-checkout-cone-mode: true
2025-08-22T09:23:23.4459706Z   fetch-tags: false
2025-08-22T09:23:23.4459885Z   show-progress: true
2025-08-22T09:23:23.4460067Z   lfs: false
2025-08-22T09:23:23.4460245Z   submodules: false
2025-08-22T09:23:23.4460434Z   set-safe-directory: true
2025-08-22T09:23:23.4460910Z ##[endgroup]
2025-08-22T09:23:23.5425881Z Syncing repository: AlexBomber12/AWA-App
2025-08-22T09:23:23.5427081Z ##[group]Getting Git version info
2025-08-22T09:23:23.5427441Z Working directory is '/home/runner/work/AWA-App/AWA-App'
2025-08-22T09:23:23.5428030Z [command]/usr/bin/git version
2025-08-22T09:23:23.5462306Z git version 2.51.0
2025-08-22T09:23:23.5483143Z ##[endgroup]
2025-08-22T09:23:23.5498319Z Temporarily overriding HOME='/home/runner/work/_temp/cc94eb83-9a8d-4d2e-ad2e-b8fd4142f6fd' before making global git config changes
2025-08-22T09:23:23.5499834Z Adding repository directory to the temporary git global config as a safe directory
2025-08-22T09:23:23.5503884Z [command]/usr/bin/git config --global --add safe.directory /home/runner/work/AWA-App/AWA-App
2025-08-22T09:23:23.5537848Z Deleting the contents of '/home/runner/work/AWA-App/AWA-App'
2025-08-22T09:23:23.5541684Z ##[group]Initializing the repository
2025-08-22T09:23:23.5545947Z [command]/usr/bin/git init /home/runner/work/AWA-App/AWA-App
2025-08-22T09:23:23.5619446Z hint: Using 'master' as the name for the initial branch. This default branch name
2025-08-22T09:23:23.5620491Z hint: is subject to change. To configure the initial branch name to use in all
2025-08-22T09:23:23.5621128Z hint: of your new repositories, which will suppress this warning, call:
2025-08-22T09:23:23.5621465Z hint:
2025-08-22T09:23:23.5621743Z hint: 	git config --global init.defaultBranch <name>
2025-08-22T09:23:23.5622251Z hint:
2025-08-22T09:23:23.5622760Z hint: Names commonly chosen instead of 'master' are 'main', 'trunk' and
2025-08-22T09:23:23.5623330Z hint: 'development'. The just-created branch can be renamed via this command:
2025-08-22T09:23:23.5623677Z hint:
2025-08-22T09:23:23.5623860Z hint: 	git branch -m <name>
2025-08-22T09:23:23.5624203Z hint:
2025-08-22T09:23:23.5624771Z hint: Disable this message with "git config set advice.defaultBranchName false"
2025-08-22T09:23:23.5625735Z Initialized empty Git repository in /home/runner/work/AWA-App/AWA-App/.git/
2025-08-22T09:23:23.5634158Z [command]/usr/bin/git remote add origin https://github.com/AlexBomber12/AWA-App
2025-08-22T09:23:23.5665615Z ##[endgroup]
2025-08-22T09:23:23.5666243Z ##[group]Disabling automatic garbage collection
2025-08-22T09:23:23.5670288Z [command]/usr/bin/git config --local gc.auto 0
2025-08-22T09:23:23.5696753Z ##[endgroup]
2025-08-22T09:23:23.5697369Z ##[group]Setting up auth
2025-08-22T09:23:23.5703812Z [command]/usr/bin/git config --local --name-only --get-regexp core\.sshCommand
2025-08-22T09:23:23.5733407Z [command]/usr/bin/git submodule foreach --recursive sh -c "git config --local --name-only --get-regexp 'core\.sshCommand' && git config --local --unset-all 'core.sshCommand' || :"
2025-08-22T09:23:23.6007804Z [command]/usr/bin/git config --local --name-only --get-regexp http\.https\:\/\/github\.com\/\.extraheader
2025-08-22T09:23:23.6037280Z [command]/usr/bin/git submodule foreach --recursive sh -c "git config --local --name-only --get-regexp 'http\.https\:\/\/github\.com\/\.extraheader' && git config --local --unset-all 'http.https://github.com/.extraheader' || :"
2025-08-22T09:23:23.6251984Z [command]/usr/bin/git config --local http.https://github.com/.extraheader AUTHORIZATION: basic ***
2025-08-22T09:23:23.6284312Z ##[endgroup]
2025-08-22T09:23:23.6284793Z ##[group]Fetching the repository
2025-08-22T09:23:23.6293900Z [command]/usr/bin/git -c protocol.version=2 fetch --prune --no-recurse-submodules origin +refs/heads/*:refs/remotes/origin/* +refs/tags/*:refs/tags/*
2025-08-22T09:23:26.3992295Z From https://github.com/AlexBomber12/AWA-App
2025-08-22T09:23:26.3993436Z  * [new branch]        codex/analyze-ci-logs-and-fix-failures -> origin/codex/analyze-ci-logs-and-fix-failures
2025-08-22T09:23:26.3994409Z  * [new branch]        codex/fix-ci-workflow-failures -> origin/codex/fix-ci-workflow-failures
2025-08-22T09:23:26.3995530Z  * [new branch]        codex/implement-targeted-fixes-for-ci-workflows -> origin/codex/implement-targeted-fixes-for-ci-workflows
2025-08-22T09:23:26.3996610Z  * [new branch]        main       -> origin/main
2025-08-22T09:23:26.3997035Z  * [new tag]           0.3.0      -> 0.3.0
2025-08-22T09:23:26.4036630Z [command]/usr/bin/git branch --list --remote origin/main
2025-08-22T09:23:26.4061934Z   origin/main
2025-08-22T09:23:26.4070546Z [command]/usr/bin/git rev-parse refs/remotes/origin/main
2025-08-22T09:23:26.4091840Z c64679917f4277eaf554c7c085cb2e6ca20d1efa
2025-08-22T09:23:26.4095665Z ##[endgroup]
2025-08-22T09:23:26.4096215Z ##[group]Determining the checkout info
2025-08-22T09:23:26.4097069Z ##[endgroup]
2025-08-22T09:23:26.4101610Z [command]/usr/bin/git sparse-checkout disable
2025-08-22T09:23:26.4143249Z [command]/usr/bin/git config --local --unset-all extensions.worktreeConfig
2025-08-22T09:23:26.4168989Z ##[group]Checking out the ref
2025-08-22T09:23:26.4174560Z [command]/usr/bin/git checkout --progress --force -B main refs/remotes/origin/main
2025-08-22T09:23:26.4538378Z Switched to a new branch 'main'
2025-08-22T09:23:26.4540881Z branch 'main' set up to track 'origin/main'.
2025-08-22T09:23:26.4549328Z ##[endgroup]
2025-08-22T09:23:26.4588282Z [command]/usr/bin/git log -1 --format=%H
2025-08-22T09:23:26.4611393Z c64679917f4277eaf554c7c085cb2e6ca20d1efa
2025-08-22T09:23:26.4785020Z ##[group]Run cat .env.ci >> "$GITHUB_ENV"
2025-08-22T09:23:26.4785389Z [36;1mcat .env.ci >> "$GITHUB_ENV"[0m
2025-08-22T09:23:26.4786082Z [36;1mecho "DATABASE_URL=***localhost:5432/awa" >> "$GITHUB_ENV"[0m
2025-08-22T09:23:26.4786449Z [36;1mecho "PG_HOST=localhost" >> "$GITHUB_ENV"[0m
2025-08-22T09:23:26.4786747Z [36;1mecho "PG_PORT=5432" >> "$GITHUB_ENV"[0m
2025-08-22T09:23:26.4787034Z [36;1mecho "PG_USER=postgres" >> "$GITHUB_ENV"[0m
2025-08-22T09:23:26.4787327Z [36;1mecho "PG_PASSWORD=pass" >> "$GITHUB_ENV"[0m
2025-08-22T09:23:26.4787604Z [36;1mecho "PG_DATABASE=awa" >> "$GITHUB_ENV"[0m
2025-08-22T09:23:26.4787881Z [36;1mecho "TESTING=1" >> "$GITHUB_ENV"[0m
2025-08-22T09:23:26.4831489Z shell: /usr/bin/bash -e {0}
2025-08-22T09:23:26.4831724Z ##[endgroup]
2025-08-22T09:23:26.5004630Z ##[group]Run actions/setup-python@v5
2025-08-22T09:23:26.5004911Z with:
2025-08-22T09:23:26.5005095Z   python-version: 3.11
2025-08-22T09:23:26.5005297Z   cache: pip
2025-08-22T09:23:26.5005523Z   cache-dependency-path: requirements-dev.txt

2025-08-22T09:23:26.5005797Z   check-latest: false
2025-08-22T09:23:26.5006116Z   token: ***
2025-08-22T09:23:26.5006302Z   update-environment: true
2025-08-22T09:23:26.5006525Z   allow-prereleases: false
2025-08-22T09:23:26.5006729Z   freethreaded: false
2025-08-22T09:23:26.5006923Z env:
2025-08-22T09:23:26.5007088Z   PG_USER: postgres
2025-08-22T09:23:26.5007266Z   PG_PASSWORD: pass
2025-08-22T09:23:26.5007448Z   PG_DATABASE: awa
2025-08-22T09:23:26.5007623Z   PG_HOST: localhost
2025-08-22T09:23:26.5007805Z   PG_PORT: 5432
2025-08-22T09:23:26.5008191Z   PG_SYNC_DSN: ***localhost:5432/awa
2025-08-22T09:23:26.5008594Z   PG_ASYNC_DSN: ***localhost:5432/awa
2025-08-22T09:23:26.5009240Z   DATABASE_URL: ***localhost:5432/awa
2025-08-22T09:23:26.5009508Z   DATA_DIR: /tmp/awa-data
2025-08-22T09:23:26.5009703Z   ENABLE_LIVE: 0
2025-08-22T09:23:26.5009875Z   TESTING: 1
2025-08-22T09:23:26.5010032Z ##[endgroup]
2025-08-22T09:23:26.6704014Z ##[group]Installed versions
2025-08-22T09:23:26.6820496Z Successfully set up CPython (3.11.13)
2025-08-22T09:23:26.6821288Z ##[endgroup]
2025-08-22T09:23:26.7216055Z [command]/opt/hostedtoolcache/Python/3.11.13/x64/bin/pip cache dir
2025-08-22T09:23:27.3314138Z /home/runner/.cache/pip
2025-08-22T09:23:27.4485626Z Cache hit for: setup-python-Linux-x64-24.04-Ubuntu-python-3.11.13-pip-cc13ccef493b9f3a93ad5651164d9fb09282c1111f6f72ce20e0657de16de6b4
2025-08-22T09:23:28.4857351Z Received 243269632 of 309815432 (78.5%), 232.0 MBs/sec
2025-08-22T09:23:28.9341877Z Received 309815432 of 309815432 (100.0%), 204.0 MBs/sec
2025-08-22T09:23:28.9344810Z Cache Size: ~295 MB (309815432 B)
2025-08-22T09:23:28.9382180Z [command]/usr/bin/tar -xf /home/runner/work/_temp/3d2e226a-0c0a-4241-b76f-263c06ed3625/cache.tzst -P -C /home/runner/work/AWA-App/AWA-App --use-compress-program unzstd
2025-08-22T09:23:29.4423743Z Cache restored successfully
2025-08-22T09:23:29.5014941Z Cache restored from key: setup-python-Linux-x64-24.04-Ubuntu-python-3.11.13-pip-cc13ccef493b9f3a93ad5651164d9fb09282c1111f6f72ce20e0657de16de6b4
2025-08-22T09:23:29.5716508Z ##[group]Run actions/cache@v4
2025-08-22T09:23:29.5716765Z with:
2025-08-22T09:23:29.5716994Z   path: ~/.cache/pip
.pytest_cache
~/.ruff_cache

2025-08-22T09:23:29.5717428Z   key: Linux-int-cc13ccef493b9f3a93ad5651164d9fb09282c1111f6f72ce20e0657de16de6b4
2025-08-22T09:23:29.5717823Z   restore-keys: Linux-int-
2025-08-22T09:23:29.5718053Z   enableCrossOsArchive: false
2025-08-22T09:23:29.5718289Z   fail-on-cache-miss: false
2025-08-22T09:23:29.5718499Z   lookup-only: false
2025-08-22T09:23:29.5718983Z   save-always: false
2025-08-22T09:23:29.5719176Z env:
2025-08-22T09:23:29.5719345Z   PG_USER: postgres
2025-08-22T09:23:29.5719756Z   PG_PASSWORD: pass
2025-08-22T09:23:29.5719952Z   PG_DATABASE: awa
2025-08-22T09:23:29.5720140Z   PG_HOST: localhost
2025-08-22T09:23:29.5720326Z   PG_PORT: 5432
2025-08-22T09:23:29.5720801Z   PG_SYNC_DSN: ***localhost:5432/awa
2025-08-22T09:23:29.5721263Z   PG_ASYNC_DSN: ***localhost:5432/awa
2025-08-22T09:23:29.5721697Z   DATABASE_URL: ***localhost:5432/awa
2025-08-22T09:23:29.5721938Z   DATA_DIR: /tmp/awa-data
2025-08-22T09:23:29.5722151Z   ENABLE_LIVE: 0
2025-08-22T09:23:29.5722333Z   TESTING: 1
2025-08-22T09:23:29.5722574Z   pythonLocation: /opt/hostedtoolcache/Python/3.11.13/x64
2025-08-22T09:23:29.5722976Z   PKG_CONFIG_PATH: /opt/hostedtoolcache/Python/3.11.13/x64/lib/pkgconfig
2025-08-22T09:23:29.5723368Z   Python_ROOT_DIR: /opt/hostedtoolcache/Python/3.11.13/x64
2025-08-22T09:23:29.5723720Z   Python2_ROOT_DIR: /opt/hostedtoolcache/Python/3.11.13/x64
2025-08-22T09:23:29.5724063Z   Python3_ROOT_DIR: /opt/hostedtoolcache/Python/3.11.13/x64
2025-08-22T09:23:29.5724418Z   LD_LIBRARY_PATH: /opt/hostedtoolcache/Python/3.11.13/x64/lib
2025-08-22T09:23:29.5724719Z ##[endgroup]
2025-08-22T09:23:29.8088582Z Cache hit for: Linux-int-cc13ccef493b9f3a93ad5651164d9fb09282c1111f6f72ce20e0657de16de6b4
2025-08-22T09:23:30.8522971Z Received 239075328 of 309817358 (77.2%), 227.3 MBs/sec
2025-08-22T09:23:31.1838855Z Received 309817358 of 309817358 (100.0%), 220.2 MBs/sec
2025-08-22T09:23:31.1842329Z Cache Size: ~295 MB (309817358 B)
2025-08-22T09:23:31.1902632Z [command]/usr/bin/tar -xf /home/runner/work/_temp/1a72aca5-2418-4151-aeb8-f6459ffb3e73/cache.tzst -P -C /home/runner/work/AWA-App/AWA-App --use-compress-program unzstd
2025-08-22T09:23:31.7139766Z Cache restored successfully
2025-08-22T09:23:31.7805617Z Cache restored from key: Linux-int-cc13ccef493b9f3a93ad5651164d9fb09282c1111f6f72ce20e0657de16de6b4
2025-08-22T09:23:31.7929226Z ##[group]Run pip install --break-system-packages -r requirements-dev.txt
2025-08-22T09:23:31.7929806Z [36;1mpip install --break-system-packages -r requirements-dev.txt[0m
2025-08-22T09:23:31.7930281Z [36;1mpip install --break-system-packages keepa==1.3.15 minio==7.1.15[0m
2025-08-22T09:23:31.7971296Z shell: /usr/bin/bash -e {0}
2025-08-22T09:23:31.7971540Z env:
2025-08-22T09:23:31.7971734Z   PG_USER: postgres
2025-08-22T09:23:31.7971938Z   PG_PASSWORD: pass
2025-08-22T09:23:31.7972142Z   PG_DATABASE: awa
2025-08-22T09:23:31.7972341Z   PG_HOST: localhost
2025-08-22T09:23:31.7972545Z   PG_PORT: 5432
2025-08-22T09:23:31.7973008Z   PG_SYNC_DSN: ***localhost:5432/awa
2025-08-22T09:23:31.7973429Z   PG_ASYNC_DSN: ***localhost:5432/awa
2025-08-22T09:23:31.7973838Z   DATABASE_URL: ***localhost:5432/awa
2025-08-22T09:23:31.7974090Z   DATA_DIR: /tmp/awa-data
2025-08-22T09:23:31.7974301Z   ENABLE_LIVE: 0
2025-08-22T09:23:31.7974487Z   TESTING: 1
2025-08-22T09:23:31.7974767Z   pythonLocation: /opt/hostedtoolcache/Python/3.11.13/x64
2025-08-22T09:23:31.7975184Z   PKG_CONFIG_PATH: /opt/hostedtoolcache/Python/3.11.13/x64/lib/pkgconfig
2025-08-22T09:23:31.7975579Z   Python_ROOT_DIR: /opt/hostedtoolcache/Python/3.11.13/x64
2025-08-22T09:23:31.7975950Z   Python2_ROOT_DIR: /opt/hostedtoolcache/Python/3.11.13/x64
2025-08-22T09:23:31.7976325Z   Python3_ROOT_DIR: /opt/hostedtoolcache/Python/3.11.13/x64
2025-08-22T09:23:31.7976701Z   LD_LIBRARY_PATH: /opt/hostedtoolcache/Python/3.11.13/x64/lib
2025-08-22T09:23:31.7977014Z ##[endgroup]
2025-08-22T09:23:33.0830924Z Collecting Jinja2==3.1.6 (from -r requirements-dev.txt (line 2))
2025-08-22T09:23:33.0846034Z   Using cached jinja2-3.1.6-py3-none-any.whl.metadata (2.9 kB)
2025-08-22T09:23:33.1083011Z Collecting alembic==1.16.4 (from -r requirements-dev.txt (line 3))
2025-08-22T09:23:33.1097030Z   Using cached alembic-1.16.4-py3-none-any.whl.metadata (7.3 kB)
2025-08-22T09:23:33.1277413Z Collecting apscheduler==3.10.4 (from -r requirements-dev.txt (line 4))
2025-08-22T09:23:33.1291509Z   Using cached APScheduler-3.10.4-py3-none-any.whl.metadata (5.7 kB)
2025-08-22T09:23:33.1467780Z Collecting asgi-correlation-id==4.3.1 (from -r requirements-dev.txt (line 5))
2025-08-22T09:23:33.1482747Z   Using cached asgi_correlation_id-4.3.1-py3-none-any.whl.metadata (28 kB)
2025-08-22T09:23:33.1997529Z Collecting asyncpg==0.30.0 (from -r requirements-dev.txt (line 6))
2025-08-22T09:23:33.2012245Z   Using cached asyncpg-0.30.0-cp311-cp311-manylinux_2_17_x86_64.manylinux2014_x86_64.whl.metadata (5.0 kB)
2025-08-22T09:23:33.2441924Z Collecting black==25.1.0 (from -r requirements-dev.txt (line 7))
2025-08-22T09:23:33.2455301Z   Using cached black-25.1.0-cp311-cp311-manylinux_2_17_x86_64.manylinux2014_x86_64.manylinux_2_28_x86_64.whl.metadata (81 kB)
2025-08-22T09:23:33.5802844Z Collecting boto3 (from -r requirements-dev.txt (line 8))
2025-08-22T09:23:33.6259551Z   Downloading boto3-1.40.15-py3-none-any.whl.metadata (6.7 kB)
2025-08-22T09:23:33.6587349Z Collecting redis==6.* (from -r requirements-dev.txt (line 9))
2025-08-22T09:23:33.6601155Z   Using cached redis-6.4.0-py3-none-any.whl.metadata (10 kB)
2025-08-22T09:23:33.6930983Z Collecting minio==7.* (from -r requirements-dev.txt (line 10))
2025-08-22T09:23:33.6944772Z   Using cached minio-7.2.16-py3-none-any.whl.metadata (6.5 kB)
2025-08-22T09:23:33.7109601Z Collecting vulture==2.10 (from -r requirements-dev.txt (line 11))
2025-08-22T09:23:33.7123082Z   Using cached vulture-2.10-py2.py3-none-any.whl.metadata (23 kB)
2025-08-22T09:23:33.7433559Z Collecting celery==5.5.3 (from -r requirements-dev.txt (line 12))
2025-08-22T09:23:33.7447127Z   Using cached celery-5.5.3-py3-none-any.whl.metadata (22 kB)
2025-08-22T09:23:33.8002287Z Collecting fastapi==0.116.1 (from -r requirements-dev.txt (line 13))
2025-08-22T09:23:33.8015834Z   Using cached fastapi-0.116.1-py3-none-any.whl.metadata (28 kB)
2025-08-22T09:23:33.8194400Z Collecting fastapi-limiter==0.1.6 (from -r requirements-dev.txt (line 15))
2025-08-22T09:23:33.8208057Z   Using cached fastapi_limiter-0.1.6-py3-none-any.whl.metadata (5.3 kB)
2025-08-22T09:23:33.8403881Z Collecting httpx<0.29,>=0.27 (from -r requirements-dev.txt (line 16))
2025-08-22T09:23:33.8417526Z   Using cached httpx-0.28.1-py3-none-any.whl.metadata (7.1 kB)
2025-08-22T09:23:33.8563193Z Collecting imapclient==3.0.1 (from -r requirements-dev.txt (line 17))
2025-08-22T09:23:33.8576559Z   Using cached IMAPClient-3.0.1-py2.py3-none-any.whl.metadata (1.7 kB)
2025-08-22T09:23:33.8698417Z Collecting itsdangerous (from -r requirements-dev.txt (line 18))
2025-08-22T09:23:33.8712316Z   Using cached itsdangerous-2.2.0-py3-none-any.whl.metadata (1.9 kB)
2025-08-22T09:23:33.9811601Z Collecting mypy==1.* (from -r requirements-dev.txt (line 19))
2025-08-22T09:23:33.9826746Z   Using cached mypy-1.17.1-cp311-cp311-manylinux2014_x86_64.manylinux_2_17_x86_64.manylinux_2_28_x86_64.whl.metadata (2.2 kB)
2025-08-22T09:23:33.9957458Z Collecting mypy-extensions==1.1.0 (from -r requirements-dev.txt (line 20))
2025-08-22T09:23:33.9970988Z   Using cached mypy_extensions-1.1.0-py3-none-any.whl.metadata (1.1 kB)
2025-08-22T09:23:34.1557501Z Collecting numpy<2 (from -r requirements-dev.txt (line 21))
2025-08-22T09:23:34.1573422Z   Using cached numpy-1.26.4-cp311-cp311-manylinux_2_17_x86_64.manylinux2014_x86_64.whl.metadata (61 kB)
2025-08-22T09:23:34.1838562Z Collecting openpyxl==3.1.5 (from -r requirements-dev.txt (line 22))
2025-08-22T09:23:34.1852412Z   Using cached openpyxl-3.1.5-py2.py3-none-any.whl.metadata (2.5 kB)
2025-08-22T09:23:34.3093114Z Collecting pandas==2.2.* (from -r requirements-dev.txt (line 23))
2025-08-22T09:23:34.3107389Z   Using cached pandas-2.2.3-cp311-cp311-manylinux_2_17_x86_64.manylinux2014_x86_64.whl.metadata (89 kB)
2025-08-22T09:23:34.3985750Z Collecting psycopg2-binary==2.9.10 (from -r requirements-dev.txt (line 24))
2025-08-22T09:23:34.3999955Z   Using cached psycopg2_binary-2.9.10-cp311-cp311-manylinux_2_17_x86_64.manylinux2014_x86_64.whl.metadata (4.9 kB)
2025-08-22T09:23:34.4176201Z Collecting psycopg==3.2.9 (from psycopg[binary]==3.2.9->-r requirements-dev.txt (line 25))
2025-08-22T09:23:34.4424526Z   Using cached psycopg-3.2.9-py3-none-any.whl.metadata (4.5 kB)
2025-08-22T09:23:34.5485692Z Collecting pydantic==2.11.7 (from -r requirements-dev.txt (line 26))
2025-08-22T09:23:34.5500338Z   Using cached pydantic-2.11.7-py3-none-any.whl.metadata (67 kB)
2025-08-22T09:23:34.5537629Z Requirement already satisfied: setuptools in /opt/hostedtoolcache/Python/3.11.13/x64/lib/python3.11/site-packages (from -r requirements-dev.txt (line 27)) (65.5.0)
2025-08-22T09:23:34.5747173Z Collecting pytest-asyncio==1.1.0 (from -r requirements-dev.txt (line 28))
2025-08-22T09:23:34.5760850Z   Using cached pytest_asyncio-1.1.0-py3-none-any.whl.metadata (4.1 kB)
2025-08-22T09:23:34.5930616Z Collecting pytest-cov==6.2.1 (from -r requirements-dev.txt (line 29))
2025-08-22T09:23:34.5944176Z   Using cached pytest_cov-6.2.1-py3-none-any.whl.metadata (30 kB)
2025-08-22T09:23:34.6115034Z Collecting pytest-postgresql==7.0.2 (from -r requirements-dev.txt (line 30))
2025-08-22T09:23:34.6127858Z   Using cached pytest_postgresql-7.0.2-py3-none-any.whl.metadata (18 kB)
2025-08-22T09:23:34.6318067Z Collecting python-dotenv (from -r requirements-dev.txt (line 31))
2025-08-22T09:23:34.6331191Z   Using cached python_dotenv-1.1.1-py3-none-any.whl.metadata (24 kB)
2025-08-22T09:23:34.6473915Z Collecting python-multipart (from -r requirements-dev.txt (line 32))
2025-08-22T09:23:34.6486975Z   Using cached python_multipart-0.0.20-py3-none-any.whl.metadata (1.8 kB)
2025-08-22T09:23:34.6779083Z Collecting python-telegram-bot==22.3 (from -r requirements-dev.txt (line 33))
2025-08-22T09:23:34.6791594Z   Using cached python_telegram_bot-22.3-py3-none-any.whl.metadata (17 kB)
2025-08-22T09:23:34.7077868Z Collecting requests==2.32.4 (from -r requirements-dev.txt (line 34))
2025-08-22T09:23:34.7091460Z   Using cached requests-2.32.4-py3-none-any.whl.metadata (4.9 kB)
2025-08-22T09:23:34.7264012Z Collecting respx==0.22.0 (from -r requirements-dev.txt (line 35))
2025-08-22T09:23:34.7277324Z   Using cached respx-0.22.0-py2.py3-none-any.whl.metadata (4.1 kB)
2025-08-22T09:23:35.1094282Z Collecting ruff==0.9.9 (from -r requirements-dev.txt (line 36))
2025-08-22T09:23:35.1109824Z   Using cached ruff-0.9.9-py3-none-manylinux_2_17_x86_64.manylinux2014_x86_64.whl.metadata (25 kB)
2025-08-22T09:23:35.3547874Z Collecting sqlalchemy==2.0.43 (from -r requirements-dev.txt (line 37))
2025-08-22T09:23:35.3567517Z   Using cached sqlalchemy-2.0.43-cp311-cp311-manylinux_2_17_x86_64.manylinux2014_x86_64.whl.metadata (9.6 kB)
2025-08-22T09:23:35.3797676Z Collecting structlog==24.1.0 (from -r requirements-dev.txt (line 38))
2025-08-22T09:23:35.3811523Z   Using cached structlog-24.1.0-py3-none-any.whl.metadata (6.9 kB)
2025-08-22T09:23:35.3995893Z Collecting testcontainers==4.12.0 (from testcontainers[postgres]==4.12.0->-r requirements-dev.txt (line 39))
2025-08-22T09:23:35.4009078Z   Using cached testcontainers-4.12.0-py3-none-any.whl.metadata (8.3 kB)
2025-08-22T09:23:35.4384487Z Collecting types-requests==2.32.4.20250809 (from -r requirements-dev.txt (line 40))
2025-08-22T09:23:35.4398262Z   Using cached types_requests-2.32.4.20250809-py3-none-any.whl.metadata (2.0 kB)
2025-08-22T09:23:35.4534886Z Collecting docspec-python==2.2.2 (from -r requirements-dev.txt (line 41))
2025-08-22T09:23:35.4548297Z   Using cached docspec_python-2.2.2-py3-none-any.whl.metadata (1.0 kB)
2025-08-22T09:23:35.4720192Z Collecting pydoc-markdown==4.8.2 (from -r requirements-dev.txt (line 42))
2025-08-22T09:23:35.4732899Z   Using cached pydoc_markdown-4.8.2-py3-none-any.whl.metadata (5.9 kB)
2025-08-22T09:23:35.5003120Z Collecting pandera==0.19.* (from -r requirements-dev.txt (line 43))
2025-08-22T09:23:35.5015841Z   Using cached pandera-0.19.3-py3-none-any.whl.metadata (15 kB)
2025-08-22T09:23:35.6001271Z Collecting MarkupSafe>=2.0 (from Jinja2==3.1.6->-r requirements-dev.txt (line 2))
2025-08-22T09:23:35.6016298Z   Using cached MarkupSafe-3.0.2-cp311-cp311-manylinux_2_17_x86_64.manylinux2014_x86_64.whl.metadata (4.0 kB)
2025-08-22T09:23:35.6279998Z Collecting Mako (from alembic==1.16.4->-r requirements-dev.txt (line 3))
2025-08-22T09:23:35.6293606Z   Using cached mako-1.3.10-py3-none-any.whl.metadata (2.9 kB)
2025-08-22T09:23:35.6495883Z Collecting typing-extensions>=4.12 (from alembic==1.16.4->-r requirements-dev.txt (line 3))
2025-08-22T09:23:35.6509432Z   Using cached typing_extensions-4.14.1-py3-none-any.whl.metadata (3.0 kB)
2025-08-22T09:23:35.6667620Z Collecting six>=1.4.0 (from apscheduler==3.10.4->-r requirements-dev.txt (line 4))
2025-08-22T09:23:35.6681193Z   Using cached six-1.17.0-py2.py3-none-any.whl.metadata (1.7 kB)
2025-08-22T09:23:35.7027291Z Collecting pytz (from apscheduler==3.10.4->-r requirements-dev.txt (line 4))
2025-08-22T09:23:35.7041195Z   Using cached pytz-2025.2-py2.py3-none-any.whl.metadata (22 kB)
2025-08-22T09:23:35.7226879Z Collecting tzlocal!=3.*,>=2.0 (from apscheduler==3.10.4->-r requirements-dev.txt (line 4))
2025-08-22T09:23:35.7240434Z   Using cached tzlocal-5.3.1-py3-none-any.whl.metadata (7.6 kB)
2025-08-22T09:23:35.7544478Z Collecting starlette>=0.18 (from asgi-correlation-id==4.3.1->-r requirements-dev.txt (line 5))
2025-08-22T09:23:35.7557903Z   Using cached starlette-0.47.2-py3-none-any.whl.metadata (6.2 kB)
2025-08-22T09:23:35.7765435Z Collecting click>=8.0.0 (from black==25.1.0->-r requirements-dev.txt (line 7))
2025-08-22T09:23:35.7779056Z   Using cached click-8.2.1-py3-none-any.whl.metadata (2.5 kB)
2025-08-22T09:23:35.8033041Z Collecting packaging>=22.0 (from black==25.1.0->-r requirements-dev.txt (line 7))
2025-08-22T09:23:35.8046491Z   Using cached packaging-25.0-py3-none-any.whl.metadata (3.3 kB)
2025-08-22T09:23:35.8176795Z Collecting pathspec>=0.9.0 (from black==25.1.0->-r requirements-dev.txt (line 7))
2025-08-22T09:23:35.8190319Z   Using cached pathspec-0.12.1-py3-none-any.whl.metadata (21 kB)
2025-08-22T09:23:35.8400579Z Collecting platformdirs>=2 (from black==25.1.0->-r requirements-dev.txt (line 7))
2025-08-22T09:23:35.8414384Z   Using cached platformdirs-4.3.8-py3-none-any.whl.metadata (12 kB)
2025-08-22T09:23:35.8555396Z Collecting toml (from vulture==2.10->-r requirements-dev.txt (line 11))
2025-08-22T09:23:35.8568889Z   Using cached toml-0.10.2-py2.py3-none-any.whl.metadata (7.1 kB)
2025-08-22T09:23:35.8775472Z Collecting billiard<5.0,>=4.2.1 (from celery==5.5.3->-r requirements-dev.txt (line 12))
2025-08-22T09:23:35.8789060Z   Using cached billiard-4.2.1-py3-none-any.whl.metadata (4.4 kB)
2025-08-22T09:23:35.9093695Z Collecting kombu<5.6,>=5.5.2 (from celery==5.5.3->-r requirements-dev.txt (line 12))
2025-08-22T09:23:35.9107319Z   Using cached kombu-5.5.4-py3-none-any.whl.metadata (3.5 kB)
2025-08-22T09:23:35.9275068Z Collecting vine<6.0,>=5.1.0 (from celery==5.5.3->-r requirements-dev.txt (line 12))
2025-08-22T09:23:35.9288445Z   Using cached vine-5.1.0-py3-none-any.whl.metadata (2.7 kB)
2025-08-22T09:23:35.9440297Z Collecting click-didyoumean>=0.3.0 (from celery==5.5.3->-r requirements-dev.txt (line 12))
2025-08-22T09:23:35.9453885Z   Using cached click_didyoumean-0.3.1-py3-none-any.whl.metadata (3.9 kB)
2025-08-22T09:23:35.9567878Z Collecting click-repl>=0.2.0 (from celery==5.5.3->-r requirements-dev.txt (line 12))
2025-08-22T09:23:35.9581431Z   Using cached click_repl-0.3.0-py3-none-any.whl.metadata (3.6 kB)
2025-08-22T09:23:35.9710781Z Collecting click-plugins>=1.1.1 (from celery==5.5.3->-r requirements-dev.txt (line 12))
2025-08-22T09:23:35.9724214Z   Using cached click_plugins-1.1.1.2-py2.py3-none-any.whl.metadata (6.5 kB)
2025-08-22T09:23:35.9871200Z Collecting python-dateutil>=2.8.2 (from celery==5.5.3->-r requirements-dev.txt (line 12))
2025-08-22T09:23:35.9884150Z   Using cached python_dateutil-2.9.0.post0-py2.py3-none-any.whl.metadata (8.4 kB)
2025-08-22T09:23:36.0241798Z Collecting annotated-types>=0.6.0 (from pydantic==2.11.7->-r requirements-dev.txt (line 26))
2025-08-22T09:23:36.0255663Z   Using cached annotated_types-0.7.0-py3-none-any.whl.metadata (15 kB)
2025-08-22T09:23:36.6699961Z Collecting pydantic-core==2.33.2 (from pydantic==2.11.7->-r requirements-dev.txt (line 26))
2025-08-22T09:23:36.6715488Z   Using cached pydantic_core-2.33.2-cp311-cp311-manylinux_2_17_x86_64.manylinux2014_x86_64.whl.metadata (6.8 kB)
2025-08-22T09:23:36.6869493Z Collecting typing-inspection>=0.4.0 (from pydantic==2.11.7->-r requirements-dev.txt (line 26))
2025-08-22T09:23:36.6883452Z   Using cached typing_inspection-0.4.1-py3-none-any.whl.metadata (2.6 kB)
2025-08-22T09:23:36.7129660Z Collecting et-xmlfile (from openpyxl==3.1.5->-r requirements-dev.txt (line 22))
2025-08-22T09:23:36.7143364Z   Using cached et_xmlfile-2.0.0-py3-none-any.whl.metadata (2.7 kB)
2025-08-22T09:23:36.7567689Z Collecting pytest<9,>=8.2 (from pytest-asyncio==1.1.0->-r requirements-dev.txt (line 28))
2025-08-22T09:23:36.7581688Z   Using cached pytest-8.4.1-py3-none-any.whl.metadata (7.7 kB)
2025-08-22T09:23:37.0575292Z Collecting coverage>=7.5 (from coverage[toml]>=7.5->pytest-cov==6.2.1->-r requirements-dev.txt (line 29))
2025-08-22T09:23:37.0591113Z   Using cached coverage-7.10.4-cp311-cp311-manylinux1_x86_64.manylinux_2_28_x86_64.manylinux_2_5_x86_64.whl.metadata (8.9 kB)
2025-08-22T09:23:37.1461358Z Collecting pluggy>=1.2 (from pytest-cov==6.2.1->-r requirements-dev.txt (line 29))
2025-08-22T09:23:37.1476794Z   Using cached pluggy-1.6.0-py3-none-any.whl.metadata (4.8 kB)
2025-08-22T09:23:37.1730963Z Collecting port-for>=0.7.3 (from pytest-postgresql==7.0.2->-r requirements-dev.txt (line 30))
2025-08-22T09:23:37.1744378Z   Using cached port_for-0.7.4-py3-none-any.whl.metadata (7.1 kB)
2025-08-22T09:23:37.1900264Z Collecting mirakuru>=2.6.0 (from pytest-postgresql==7.0.2->-r requirements-dev.txt (line 30))
2025-08-22T09:23:37.1913324Z   Using cached mirakuru-2.6.1-py3-none-any.whl.metadata (10 kB)
2025-08-22T09:23:37.2750685Z Collecting charset_normalizer<4,>=2 (from requests==2.32.4->-r requirements-dev.txt (line 34))
2025-08-22T09:23:37.2764549Z   Using cached charset_normalizer-3.4.3-cp311-cp311-manylinux2014_x86_64.manylinux_2_17_x86_64.manylinux_2_28_x86_64.whl.metadata (36 kB)
2025-08-22T09:23:37.2935464Z Collecting idna<4,>=2.5 (from requests==2.32.4->-r requirements-dev.txt (line 34))
2025-08-22T09:23:37.2948373Z   Using cached idna-3.10-py3-none-any.whl.metadata (10 kB)
2025-08-22T09:23:37.3229692Z Collecting urllib3<3,>=1.21.1 (from requests==2.32.4->-r requirements-dev.txt (line 34))
2025-08-22T09:23:37.3242945Z   Using cached urllib3-2.5.0-py3-none-any.whl.metadata (6.5 kB)
2025-08-22T09:23:37.3458972Z Collecting certifi>=2017.4.17 (from requests==2.32.4->-r requirements-dev.txt (line 34))
2025-08-22T09:23:37.3472017Z   Using cached certifi-2025.8.3-py3-none-any.whl.metadata (2.4 kB)
2025-08-22T09:23:37.4704654Z Collecting greenlet>=1 (from sqlalchemy==2.0.43->-r requirements-dev.txt (line 37))
2025-08-22T09:23:37.4718937Z   Using cached greenlet-3.2.4-cp311-cp311-manylinux_2_24_x86_64.manylinux_2_28_x86_64.whl.metadata (4.1 kB)
2025-08-22T09:23:37.4958305Z Collecting docker (from testcontainers==4.12.0->testcontainers[postgres]==4.12.0->-r requirements-dev.txt (line 39))
2025-08-22T09:23:37.4971608Z   Using cached docker-7.1.0-py3-none-any.whl.metadata (3.8 kB)
2025-08-22T09:23:37.5930318Z Collecting wrapt (from testcontainers==4.12.0->testcontainers[postgres]==4.12.0->-r requirements-dev.txt (line 39))
2025-08-22T09:23:37.5944729Z   Using cached wrapt-1.17.3-cp311-cp311-manylinux1_x86_64.manylinux_2_28_x86_64.manylinux_2_5_x86_64.whl.metadata (6.4 kB)
2025-08-22T09:23:37.6182586Z Collecting docspec==2.2.1 (from docspec-python==2.2.2->-r requirements-dev.txt (line 41))
2025-08-22T09:23:37.6195607Z   Using cached docspec-2.2.1-py3-none-any.whl.metadata (1.5 kB)
2025-08-22T09:23:37.6365280Z Collecting nr-util>=0.8.12 (from docspec-python==2.2.2->-r requirements-dev.txt (line 41))
2025-08-22T09:23:37.6378139Z   Using cached nr.util-0.8.12-py3-none-any.whl.metadata (813 bytes)
2025-08-22T09:23:37.6732186Z Collecting PyYAML<7.0,>=5.0 (from pydoc-markdown==4.8.2->-r requirements-dev.txt (line 42))
2025-08-22T09:23:37.6745703Z   Using cached PyYAML-6.0.2-cp311-cp311-manylinux_2_17_x86_64.manylinux2014_x86_64.whl.metadata (2.1 kB)
2025-08-22T09:23:37.7012693Z Collecting databind.core<5.0.0,>=4.4.0 (from pydoc-markdown==4.8.2->-r requirements-dev.txt (line 42))
2025-08-22T09:23:37.7025570Z   Using cached databind.core-4.5.2-py3-none-any.whl.metadata (1.1 kB)
2025-08-22T09:23:37.7244708Z Collecting databind.json<5.0.0,>=4.4.0 (from pydoc-markdown==4.8.2->-r requirements-dev.txt (line 42))
2025-08-22T09:23:37.7257441Z   Using cached databind.json-4.5.2-py3-none-any.whl.metadata (1.1 kB)
2025-08-22T09:23:37.7416096Z Collecting docstring-parser<0.12,>=0.11 (from pydoc-markdown==4.8.2->-r requirements-dev.txt (line 42))
2025-08-22T09:23:37.7417355Z   Using cached docstring_parser-0.11-py3-none-any.whl
2025-08-22T09:23:37.7729870Z Collecting tomli<3.0.0,>=2.0.0 (from pydoc-markdown==4.8.2->-r requirements-dev.txt (line 42))
2025-08-22T09:23:37.7743476Z   Using cached tomli-2.2.1-cp311-cp311-manylinux_2_17_x86_64.manylinux2014_x86_64.whl.metadata (11 kB)
2025-08-22T09:23:37.7867902Z Collecting tomli_w<2.0.0,>=1.0.0 (from pydoc-markdown==4.8.2->-r requirements-dev.txt (line 42))
2025-08-22T09:23:37.7881113Z   Using cached tomli_w-1.2.0-py3-none-any.whl.metadata (5.7 kB)
2025-08-22T09:23:37.8330316Z Collecting watchdog (from pydoc-markdown==4.8.2->-r requirements-dev.txt (line 42))
2025-08-22T09:23:37.8342944Z   Using cached watchdog-6.0.0-py3-none-manylinux2014_x86_64.whl.metadata (44 kB)
2025-08-22T09:23:37.8557190Z Collecting yapf>=0.30.0 (from pydoc-markdown==4.8.2->-r requirements-dev.txt (line 42))
2025-08-22T09:23:37.8570449Z   Using cached yapf-0.43.0-py3-none-any.whl.metadata (46 kB)
2025-08-22T09:23:37.8772119Z Collecting Deprecated<2.0.0,>=1.2.12 (from docspec==2.2.1->docspec-python==2.2.2->-r requirements-dev.txt (line 41))
2025-08-22T09:23:37.8785146Z   Using cached Deprecated-1.2.18-py2.py3-none-any.whl.metadata (5.7 kB)
2025-08-22T09:23:38.0449225Z Collecting psycopg-binary==3.2.9 (from psycopg[binary]==3.2.9->-r requirements-dev.txt (line 25))
2025-08-22T09:23:38.0465110Z   Using cached psycopg_binary-3.2.9-cp311-cp311-manylinux_2_17_x86_64.manylinux2014_x86_64.whl.metadata (2.9 kB)
2025-08-22T09:23:38.0791879Z Collecting argon2-cffi (from minio==7.*->-r requirements-dev.txt (line 10))
2025-08-22T09:23:38.0805356Z   Using cached argon2_cffi-25.1.0-py3-none-any.whl.metadata (4.1 kB)
2025-08-22T09:23:38.1577948Z Collecting pycryptodome (from minio==7.*->-r requirements-dev.txt (line 10))
2025-08-22T09:23:38.1591467Z   Using cached pycryptodome-3.23.0-cp37-abi3-manylinux_2_17_x86_64.manylinux2014_x86_64.whl.metadata (3.4 kB)
2025-08-22T09:23:38.1797800Z Collecting anyio (from httpx<0.29,>=0.27->-r requirements-dev.txt (line 16))
2025-08-22T09:23:38.1811191Z   Using cached anyio-4.10.0-py3-none-any.whl.metadata (4.0 kB)
2025-08-22T09:23:38.2013142Z Collecting httpcore==1.* (from httpx<0.29,>=0.27->-r requirements-dev.txt (line 16))
2025-08-22T09:23:38.2025970Z   Using cached httpcore-1.0.9-py3-none-any.whl.metadata (21 kB)
2025-08-22T09:23:38.2349553Z Collecting tzdata>=2022.7 (from pandas==2.2.*->-r requirements-dev.txt (line 23))
2025-08-22T09:23:38.2362663Z   Using cached tzdata-2025.2-py2.py3-none-any.whl.metadata (1.4 kB)
2025-08-22T09:23:38.2526328Z Collecting multimethod<=1.10.0 (from pandera==0.19.*->-r requirements-dev.txt (line 43))
2025-08-22T09:23:38.2539110Z   Using cached multimethod-1.10-py3-none-any.whl.metadata (8.2 kB)
2025-08-22T09:23:38.3829082Z Collecting typeguard (from pandera==0.19.*->-r requirements-dev.txt (line 43))
2025-08-22T09:23:38.3843244Z   Using cached typeguard-4.4.4-py3-none-any.whl.metadata (3.3 kB)
2025-08-22T09:23:38.3971333Z Collecting typing-inspect>=0.6.0 (from pandera==0.19.*->-r requirements-dev.txt (line 43))
2025-08-22T09:23:38.3984046Z   Using cached typing_inspect-0.9.0-py3-none-any.whl.metadata (1.5 kB)
2025-08-22T09:23:38.4254948Z Collecting databind<5.0.0,>=4.5.2 (from databind.core<5.0.0,>=4.4.0->pydoc-markdown==4.8.2->-r requirements-dev.txt (line 42))
2025-08-22T09:23:38.4267584Z   Using cached databind-4.5.2-py3-none-any.whl.metadata (4.3 kB)
2025-08-22T09:23:38.4434631Z Collecting nr-date<3.0.0,>=2.0.0 (from databind<5.0.0,>=4.5.2->databind.core<5.0.0,>=4.4.0->pydoc-markdown==4.8.2->-r requirements-dev.txt (line 42))
2025-08-22T09:23:38.4447746Z   Using cached nr_date-2.1.0-py3-none-any.whl.metadata (746 bytes)
2025-08-22T09:23:38.4582395Z Collecting nr-stream<2.0.0,>=1.0.0 (from databind<5.0.0,>=4.5.2->databind.core<5.0.0,>=4.4.0->pydoc-markdown==4.8.2->-r requirements-dev.txt (line 42))
2025-08-22T09:23:38.4595174Z   Using cached nr_stream-1.1.5-py3-none-any.whl.metadata (3.6 kB)
2025-08-22T09:23:38.4762348Z Collecting typeapi<3,>=2.0.1 (from databind<5.0.0,>=4.5.2->databind.core<5.0.0,>=4.4.0->pydoc-markdown==4.8.2->-r requirements-dev.txt (line 42))
2025-08-22T09:23:38.4775125Z   Using cached typeapi-2.2.4-py3-none-any.whl.metadata (1.5 kB)
2025-08-22T09:23:38.5045685Z Collecting h11>=0.16 (from httpcore==1.*->httpx<0.29,>=0.27->-r requirements-dev.txt (line 16))
2025-08-22T09:23:38.5058548Z   Using cached h11-0.16.0-py3-none-any.whl.metadata (8.3 kB)
2025-08-22T09:23:38.5294398Z Collecting amqp<6.0.0,>=5.1.1 (from kombu<5.6,>=5.5.2->celery==5.5.3->-r requirements-dev.txt (line 12))
2025-08-22T09:23:38.5307187Z   Using cached amqp-5.3.1-py3-none-any.whl.metadata (8.9 kB)
2025-08-22T09:23:38.5672786Z Collecting iniconfig>=1 (from pytest<9,>=8.2->pytest-asyncio==1.1.0->-r requirements-dev.txt (line 28))
2025-08-22T09:23:38.5685439Z   Using cached iniconfig-2.1.0-py3-none-any.whl.metadata (2.7 kB)
2025-08-22T09:23:38.5906572Z Collecting pygments>=2.7.2 (from pytest<9,>=8.2->pytest-asyncio==1.1.0->-r requirements-dev.txt (line 28))
2025-08-22T09:23:38.5919402Z   Using cached pygments-2.19.2-py3-none-any.whl.metadata (2.5 kB)
2025-08-22T09:23:38.6236640Z Collecting sniffio>=1.1 (from anyio->httpx<0.29,>=0.27->-r requirements-dev.txt (line 16))
2025-08-22T09:23:38.6249829Z   Using cached sniffio-1.3.1-py3-none-any.whl.metadata (3.9 kB)
2025-08-22T09:23:39.0082973Z Collecting botocore<1.41.0,>=1.40.15 (from boto3->-r requirements-dev.txt (line 8))
2025-08-22T09:23:39.0158475Z   Downloading botocore-1.40.15-py3-none-any.whl.metadata (5.7 kB)
2025-08-22T09:23:39.0327483Z Collecting jmespath<2.0.0,>=0.7.1 (from boto3->-r requirements-dev.txt (line 8))
2025-08-22T09:23:39.0340949Z   Using cached jmespath-1.0.1-py3-none-any.whl.metadata (7.6 kB)
2025-08-22T09:23:39.0518295Z Collecting s3transfer<0.14.0,>=0.13.0 (from boto3->-r requirements-dev.txt (line 8))
2025-08-22T09:23:39.0531536Z   Using cached s3transfer-0.13.1-py3-none-any.whl.metadata (1.7 kB)
2025-08-22T09:23:39.2357335Z Collecting fastapi-cli>=0.0.8 (from fastapi-cli[standard]>=0.0.8; extra == "all"->fastapi[all]->-r requirements-dev.txt (line 14))
2025-08-22T09:23:39.2370691Z   Using cached fastapi_cli-0.0.8-py3-none-any.whl.metadata (6.3 kB)
2025-08-22T09:23:39.3107452Z Collecting ujson!=4.0.2,!=4.1.0,!=4.2.0,!=4.3.0,!=5.0.0,!=5.1.0,>=4.0.1 (from fastapi[all]->-r requirements-dev.txt (line 14))
2025-08-22T09:23:39.3121410Z   Using cached ujson-5.11.0-cp311-cp311-manylinux_2_24_x86_64.manylinux_2_28_x86_64.whl.metadata (9.4 kB)
2025-08-22T09:23:39.5377750Z Collecting orjson>=3.2.1 (from fastapi[all]->-r requirements-dev.txt (line 14))
2025-08-22T09:23:39.5392888Z   Using cached orjson-3.11.2-cp311-cp311-manylinux_2_17_x86_64.manylinux2014_x86_64.whl.metadata (1.2 kB)
2025-08-22T09:23:39.5540239Z Collecting email-validator>=2.0.0 (from fastapi[all]->-r requirements-dev.txt (line 14))
2025-08-22T09:23:39.5553080Z   Using cached email_validator-2.2.0-py3-none-any.whl.metadata (25 kB)
2025-08-22T09:23:39.5844012Z Collecting uvicorn>=0.12.0 (from uvicorn[standard]>=0.12.0; extra == "all"->fastapi[all]->-r requirements-dev.txt (line 14))
2025-08-22T09:23:39.5857092Z   Using cached uvicorn-0.35.0-py3-none-any.whl.metadata (6.5 kB)
2025-08-22T09:23:39.6039137Z Collecting pydantic-settings>=2.0.0 (from fastapi[all]->-r requirements-dev.txt (line 14))
2025-08-22T09:23:39.6052398Z   Using cached pydantic_settings-2.10.1-py3-none-any.whl.metadata (3.4 kB)
2025-08-22T09:23:39.6207265Z Collecting pydantic-extra-types>=2.0.0 (from fastapi[all]->-r requirements-dev.txt (line 14))
2025-08-22T09:23:39.6225192Z   Using cached pydantic_extra_types-2.10.5-py3-none-any.whl.metadata (3.9 kB)
2025-08-22T09:23:39.6968953Z Collecting prompt-toolkit>=3.0.36 (from click-repl>=0.2.0->celery==5.5.3->-r requirements-dev.txt (line 12))
2025-08-22T09:23:39.6989235Z   Using cached prompt_toolkit-3.0.51-py3-none-any.whl.metadata (6.4 kB)
2025-08-22T09:23:39.7202456Z Collecting dnspython>=2.0.0 (from email-validator>=2.0.0->fastapi[all]->-r requirements-dev.txt (line 14))
2025-08-22T09:23:39.7215479Z   Using cached dnspython-2.7.0-py3-none-any.whl.metadata (5.8 kB)
2025-08-22T09:23:39.7516233Z Collecting typer>=0.15.1 (from fastapi-cli>=0.0.8->fastapi-cli[standard]>=0.0.8; extra == "all"->fastapi[all]->-r requirements-dev.txt (line 14))
2025-08-22T09:23:39.7528982Z   Using cached typer-0.16.1-py3-none-any.whl.metadata (15 kB)
2025-08-22T09:23:39.7797005Z Collecting rich-toolkit>=0.14.8 (from fastapi-cli>=0.0.8->fastapi-cli[standard]>=0.0.8; extra == "all"->fastapi[all]->-r requirements-dev.txt (line 14))
2025-08-22T09:23:39.7809709Z   Using cached rich_toolkit-0.15.0-py3-none-any.whl.metadata (1.0 kB)
2025-08-22T09:23:39.7954227Z Collecting fastapi-cloud-cli>=0.1.1 (from fastapi-cli[standard]>=0.0.8; extra == "all"->fastapi[all]->-r requirements-dev.txt (line 14))
2025-08-22T09:23:39.7967068Z   Using cached fastapi_cloud_cli-0.1.5-py3-none-any.whl.metadata (3.2 kB)
2025-08-22T09:23:39.8683055Z Collecting rignore>=0.5.1 (from fastapi-cloud-cli>=0.1.1->fastapi-cli[standard]>=0.0.8; extra == "all"->fastapi[all]->-r requirements-dev.txt (line 14))
2025-08-22T09:23:39.8696124Z   Using cached rignore-0.6.4-cp311-cp311-manylinux_2_17_x86_64.manylinux2014_x86_64.whl.metadata (3.8 kB)
2025-08-22T09:23:39.9334822Z Collecting sentry-sdk>=2.20.0 (from fastapi-cloud-cli>=0.1.1->fastapi-cli[standard]>=0.0.8; extra == "all"->fastapi[all]->-r requirements-dev.txt (line 14))
2025-08-22T09:23:39.9349062Z   Using cached sentry_sdk-2.35.0-py2.py3-none-any.whl.metadata (10 kB)
2025-08-22T09:23:40.1369140Z Collecting psutil>=4.0.0 (from mirakuru>=2.6.0->pytest-postgresql==7.0.2->-r requirements-dev.txt (line 30))
2025-08-22T09:23:40.1385003Z   Using cached psutil-7.0.0-cp36-abi3-manylinux_2_12_x86_64.manylinux2010_x86_64.manylinux_2_17_x86_64.manylinux2014_x86_64.whl.metadata (22 kB)
2025-08-22T09:23:40.1710627Z Collecting wcwidth (from prompt-toolkit>=3.0.36->click-repl>=0.2.0->celery==5.5.3->-r requirements-dev.txt (line 12))
2025-08-22T09:23:40.1724223Z   Using cached wcwidth-0.2.13-py2.py3-none-any.whl.metadata (14 kB)
2025-08-22T09:23:40.2569440Z Collecting rich>=13.7.1 (from rich-toolkit>=0.14.8->fastapi-cli>=0.0.8->fastapi-cli[standard]>=0.0.8; extra == "all"->fastapi[all]->-r requirements-dev.txt (line 14))
2025-08-22T09:23:40.2582907Z   Using cached rich-14.1.0-py3-none-any.whl.metadata (18 kB)
2025-08-22T09:23:40.2786083Z Collecting markdown-it-py>=2.2.0 (from rich>=13.7.1->rich-toolkit>=0.14.8->fastapi-cli>=0.0.8->fastapi-cli[standard]>=0.0.8; extra == "all"->fastapi[all]->-r requirements-dev.txt (line 14))
2025-08-22T09:23:40.2799636Z   Using cached markdown_it_py-4.0.0-py3-none-any.whl.metadata (7.3 kB)
2025-08-22T09:23:40.3019893Z Collecting mdurl~=0.1 (from markdown-it-py>=2.2.0->rich>=13.7.1->rich-toolkit>=0.14.8->fastapi-cli>=0.0.8->fastapi-cli[standard]>=0.0.8; extra == "all"->fastapi[all]->-r requirements-dev.txt (line 14))
2025-08-22T09:23:40.3033333Z   Using cached mdurl-0.1.2-py3-none-any.whl.metadata (1.6 kB)
2025-08-22T09:23:40.3518957Z Collecting shellingham>=1.3.0 (from typer>=0.15.1->fastapi-cli>=0.0.8->fastapi-cli[standard]>=0.0.8; extra == "all"->fastapi[all]->-r requirements-dev.txt (line 14))
2025-08-22T09:23:40.3532221Z   Using cached shellingham-1.5.4-py2.py3-none-any.whl.metadata (3.5 kB)
2025-08-22T09:23:40.4188020Z Collecting httptools>=0.6.3 (from uvicorn[standard]>=0.12.0; extra == "all"->fastapi[all]->-r requirements-dev.txt (line 14))
2025-08-22T09:23:40.4202800Z   Using cached httptools-0.6.4-cp311-cp311-manylinux_2_5_x86_64.manylinux1_x86_64.manylinux_2_17_x86_64.manylinux2014_x86_64.whl.metadata (3.6 kB)
2025-08-22T09:23:40.4630440Z Collecting uvloop>=0.15.1 (from uvicorn[standard]>=0.12.0; extra == "all"->fastapi[all]->-r requirements-dev.txt (line 14))
2025-08-22T09:23:40.4643913Z   Using cached uvloop-0.21.0-cp311-cp311-manylinux_2_17_x86_64.manylinux2014_x86_64.whl.metadata (4.9 kB)
2025-08-22T09:23:40.5330942Z Collecting watchfiles>=0.13 (from uvicorn[standard]>=0.12.0; extra == "all"->fastapi[all]->-r requirements-dev.txt (line 14))
2025-08-22T09:23:40.5345071Z   Using cached watchfiles-1.1.0-cp311-cp311-manylinux_2_17_x86_64.manylinux2014_x86_64.whl.metadata (4.9 kB)
2025-08-22T09:23:40.6186774Z Collecting websockets>=10.4 (from uvicorn[standard]>=0.12.0; extra == "all"->fastapi[all]->-r requirements-dev.txt (line 14))
2025-08-22T09:23:40.6201163Z   Using cached websockets-15.0.1-cp311-cp311-manylinux_2_5_x86_64.manylinux1_x86_64.manylinux_2_17_x86_64.manylinux2014_x86_64.whl.metadata (6.8 kB)
2025-08-22T09:23:40.6646665Z Collecting argon2-cffi-bindings (from argon2-cffi->minio==7.*->-r requirements-dev.txt (line 10))
2025-08-22T09:23:40.6660785Z   Using cached argon2_cffi_bindings-25.1.0-cp39-abi3-manylinux_2_26_x86_64.manylinux_2_28_x86_64.whl.metadata (7.4 kB)
2025-08-22T09:23:40.7652463Z Collecting cffi>=1.0.1 (from argon2-cffi-bindings->argon2-cffi->minio==7.*->-r requirements-dev.txt (line 10))
2025-08-22T09:23:40.7666798Z   Using cached cffi-1.17.1-cp311-cp311-manylinux_2_17_x86_64.manylinux2014_x86_64.whl.metadata (1.5 kB)
2025-08-22T09:23:40.7820553Z Collecting pycparser (from cffi>=1.0.1->argon2-cffi-bindings->argon2-cffi->minio==7.*->-r requirements-dev.txt (line 10))
2025-08-22T09:23:40.7834581Z   Using cached pycparser-2.22-py3-none-any.whl.metadata (943 bytes)
2025-08-22T09:23:40.8365192Z Using cached jinja2-3.1.6-py3-none-any.whl (134 kB)
2025-08-22T09:23:40.8379571Z Using cached alembic-1.16.4-py3-none-any.whl (247 kB)
2025-08-22T09:23:40.8394616Z Using cached APScheduler-3.10.4-py3-none-any.whl (59 kB)
2025-08-22T09:23:40.8409559Z Using cached asgi_correlation_id-4.3.1-py3-none-any.whl (15 kB)
2025-08-22T09:23:40.8423385Z Using cached asyncpg-0.30.0-cp311-cp311-manylinux_2_17_x86_64.manylinux2014_x86_64.whl (3.1 MB)
2025-08-22T09:23:40.8459687Z Using cached black-25.1.0-cp311-cp311-manylinux_2_17_x86_64.manylinux2014_x86_64.manylinux_2_28_x86_64.whl (1.7 MB)
2025-08-22T09:23:40.8486149Z Using cached vulture-2.10-py2.py3-none-any.whl (27 kB)
2025-08-22T09:23:40.8499583Z Using cached celery-5.5.3-py3-none-any.whl (438 kB)
2025-08-22T09:23:40.8516060Z Using cached fastapi-0.116.1-py3-none-any.whl (95 kB)
2025-08-22T09:23:40.8530144Z Using cached pydantic-2.11.7-py3-none-any.whl (444 kB)
2025-08-22T09:23:40.8546419Z Using cached fastapi_limiter-0.1.6-py3-none-any.whl (15 kB)
2025-08-22T09:23:40.8559791Z Using cached IMAPClient-3.0.1-py2.py3-none-any.whl (182 kB)
2025-08-22T09:23:40.8574184Z Using cached mypy_extensions-1.1.0-py3-none-any.whl (5.0 kB)
2025-08-22T09:23:40.8587631Z Using cached openpyxl-3.1.5-py2.py3-none-any.whl (250 kB)
2025-08-22T09:23:40.8603117Z Using cached psycopg2_binary-2.9.10-cp311-cp311-manylinux_2_17_x86_64.manylinux2014_x86_64.whl (3.0 MB)
2025-08-22T09:23:40.8638439Z Using cached psycopg-3.2.9-py3-none-any.whl (202 kB)
2025-08-22T09:23:40.8653279Z Using cached pytest_asyncio-1.1.0-py3-none-any.whl (15 kB)
2025-08-22T09:23:40.8666279Z Using cached pytest_cov-6.2.1-py3-none-any.whl (24 kB)
2025-08-22T09:23:40.8679168Z Using cached pytest_postgresql-7.0.2-py3-none-any.whl (41 kB)
2025-08-22T09:23:40.8692277Z Using cached python_telegram_bot-22.3-py3-none-any.whl (717 kB)
2025-08-22T09:23:40.8710307Z Using cached requests-2.32.4-py3-none-any.whl (64 kB)
2025-08-22T09:23:40.8723790Z Using cached respx-0.22.0-py2.py3-none-any.whl (25 kB)
2025-08-22T09:23:40.8736820Z Using cached ruff-0.9.9-py3-none-manylinux_2_17_x86_64.manylinux2014_x86_64.whl (11.2 MB)
2025-08-22T09:23:40.8829370Z Using cached sqlalchemy-2.0.43-cp311-cp311-manylinux_2_17_x86_64.manylinux2014_x86_64.whl (3.3 MB)
2025-08-22T09:23:40.8865635Z Using cached structlog-24.1.0-py3-none-any.whl (65 kB)
2025-08-22T09:23:40.8878808Z Using cached testcontainers-4.12.0-py3-none-any.whl (111 kB)
2025-08-22T09:23:40.8892791Z Using cached types_requests-2.32.4.20250809-py3-none-any.whl (20 kB)
2025-08-22T09:23:40.8905807Z Using cached docspec_python-2.2.2-py3-none-any.whl (15 kB)
2025-08-22T09:23:40.8918491Z Using cached pydoc_markdown-4.8.2-py3-none-any.whl (67 kB)
2025-08-22T09:23:40.8931863Z Using cached docspec-2.2.1-py3-none-any.whl (9.8 kB)
2025-08-22T09:23:40.8945052Z Using cached psycopg_binary-3.2.9-cp311-cp311-manylinux_2_17_x86_64.manylinux2014_x86_64.whl (4.5 MB)
2025-08-22T09:23:40.8990393Z Using cached pydantic_core-2.33.2-cp311-cp311-manylinux_2_17_x86_64.manylinux2014_x86_64.whl (2.0 MB)
2025-08-22T09:23:40.9017447Z Using cached redis-6.4.0-py3-none-any.whl (279 kB)
2025-08-22T09:23:40.9032357Z Using cached minio-7.2.16-py3-none-any.whl (95 kB)
2025-08-22T09:23:40.9045856Z Using cached httpx-0.28.1-py3-none-any.whl (73 kB)
2025-08-22T09:23:40.9060311Z Using cached mypy-1.17.1-cp311-cp311-manylinux2014_x86_64.manylinux_2_17_x86_64.manylinux_2_28_x86_64.whl (12.6 MB)
2025-08-22T09:23:40.9161190Z Using cached numpy-1.26.4-cp311-cp311-manylinux_2_17_x86_64.manylinux2014_x86_64.whl (18.3 MB)
2025-08-22T09:23:40.9301042Z Using cached pandas-2.2.3-cp311-cp311-manylinux_2_17_x86_64.manylinux2014_x86_64.whl (13.1 MB)
2025-08-22T09:23:40.9404578Z Using cached pandera-0.19.3-py3-none-any.whl (251 kB)
2025-08-22T09:23:40.9419578Z Using cached billiard-4.2.1-py3-none-any.whl (86 kB)
2025-08-22T09:23:40.9434179Z Using cached charset_normalizer-3.4.3-cp311-cp311-manylinux2014_x86_64.manylinux_2_17_x86_64.manylinux_2_28_x86_64.whl (150 kB)
2025-08-22T09:23:40.9449262Z Using cached click-8.2.1-py3-none-any.whl (102 kB)
2025-08-22T09:23:40.9463381Z Using cached databind.core-4.5.2-py3-none-any.whl (1.5 kB)
2025-08-22T09:23:40.9476634Z Using cached databind-4.5.2-py3-none-any.whl (49 kB)
2025-08-22T09:23:40.9490360Z Using cached databind.json-4.5.2-py3-none-any.whl (1.5 kB)
2025-08-22T09:23:40.9503909Z Using cached Deprecated-1.2.18-py2.py3-none-any.whl (10.0 kB)
2025-08-22T09:23:40.9516969Z Using cached httpcore-1.0.9-py3-none-any.whl (78 kB)
2025-08-22T09:23:40.9530926Z Using cached idna-3.10-py3-none-any.whl (70 kB)
2025-08-22T09:23:40.9544472Z Using cached kombu-5.5.4-py3-none-any.whl (210 kB)
2025-08-22T09:23:40.9558941Z Using cached vine-5.1.0-py3-none-any.whl (9.6 kB)
2025-08-22T09:23:40.9572348Z Using cached amqp-5.3.1-py3-none-any.whl (50 kB)
2025-08-22T09:23:40.9585715Z Using cached multimethod-1.10-py3-none-any.whl (9.9 kB)
2025-08-22T09:23:40.9599012Z Using cached nr_date-2.1.0-py3-none-any.whl (10 kB)
2025-08-22T09:23:40.9612430Z Using cached nr_stream-1.1.5-py3-none-any.whl (10 kB)
2025-08-22T09:23:40.9625589Z Using cached nr.util-0.8.12-py3-none-any.whl (90 kB)
2025-08-22T09:23:40.9641080Z Using cached pytest-8.4.1-py3-none-any.whl (365 kB)
2025-08-22T09:23:40.9656753Z Using cached pluggy-1.6.0-py3-none-any.whl (20 kB)
2025-08-22T09:23:40.9670707Z Using cached PyYAML-6.0.2-cp311-cp311-manylinux_2_17_x86_64.manylinux2014_x86_64.whl (762 kB)
2025-08-22T09:23:40.9689118Z Using cached starlette-0.47.2-py3-none-any.whl (72 kB)
2025-08-22T09:23:40.9702933Z Using cached anyio-4.10.0-py3-none-any.whl (107 kB)
2025-08-22T09:23:40.9717879Z Using cached tomli-2.2.1-cp311-cp311-manylinux_2_17_x86_64.manylinux2014_x86_64.whl (236 kB)
2025-08-22T09:23:40.9732910Z Using cached tomli_w-1.2.0-py3-none-any.whl (6.7 kB)
2025-08-22T09:23:40.9746075Z Using cached typeapi-2.2.4-py3-none-any.whl (26 kB)
2025-08-22T09:23:40.9759534Z Using cached typing_extensions-4.14.1-py3-none-any.whl (43 kB)
2025-08-22T09:23:40.9773173Z Using cached urllib3-2.5.0-py3-none-any.whl (129 kB)
2025-08-22T09:23:40.9788201Z Using cached wrapt-1.17.3-cp311-cp311-manylinux1_x86_64.manylinux_2_28_x86_64.manylinux_2_5_x86_64.whl (82 kB)
2025-08-22T09:23:40.9860700Z Downloading boto3-1.40.15-py3-none-any.whl (140 kB)
2025-08-22T09:23:41.0094176Z Downloading botocore-1.40.15-py3-none-any.whl (14.0 MB)
2025-08-22T09:23:41.2904557Z    ━━━━━━━━━━━━━━━━━━━━━━━━━━━━━━━━━━━━━━━━ 14.0/14.0 MB 52.4 MB/s  0:00:00
2025-08-22T09:23:41.2919390Z Using cached jmespath-1.0.1-py3-none-any.whl (20 kB)
2025-08-22T09:23:41.2933052Z Using cached python_dateutil-2.9.0.post0-py2.py3-none-any.whl (229 kB)
2025-08-22T09:23:41.2947724Z Using cached s3transfer-0.13.1-py3-none-any.whl (85 kB)
2025-08-22T09:23:41.2961564Z Using cached itsdangerous-2.2.0-py3-none-any.whl (16 kB)
2025-08-22T09:23:41.2974501Z Using cached python_dotenv-1.1.1-py3-none-any.whl (20 kB)
2025-08-22T09:23:41.2987447Z Using cached python_multipart-0.0.20-py3-none-any.whl (24 kB)
2025-08-22T09:23:41.3000792Z Using cached annotated_types-0.7.0-py3-none-any.whl (13 kB)
2025-08-22T09:23:41.3013868Z Using cached certifi-2025.8.3-py3-none-any.whl (161 kB)
2025-08-22T09:23:41.3027508Z Using cached click_didyoumean-0.3.1-py3-none-any.whl (3.6 kB)
2025-08-22T09:23:41.3040310Z Using cached click_plugins-1.1.1.2-py2.py3-none-any.whl (11 kB)
2025-08-22T09:23:41.3053496Z Using cached click_repl-0.3.0-py3-none-any.whl (10 kB)
2025-08-22T09:23:41.3066762Z Using cached coverage-7.10.4-cp311-cp311-manylinux1_x86_64.manylinux_2_28_x86_64.manylinux_2_5_x86_64.whl (249 kB)
2025-08-22T09:23:41.3080883Z Using cached email_validator-2.2.0-py3-none-any.whl (33 kB)
2025-08-22T09:23:41.3093875Z Using cached dnspython-2.7.0-py3-none-any.whl (313 kB)
2025-08-22T09:23:41.3108806Z Using cached fastapi_cli-0.0.8-py3-none-any.whl (10 kB)
2025-08-22T09:23:41.3121911Z Using cached fastapi_cloud_cli-0.1.5-py3-none-any.whl (18 kB)
2025-08-22T09:23:41.3135184Z Using cached greenlet-3.2.4-cp311-cp311-manylinux_2_24_x86_64.manylinux_2_28_x86_64.whl (587 kB)
2025-08-22T09:23:41.3152152Z Using cached h11-0.16.0-py3-none-any.whl (37 kB)
2025-08-22T09:23:41.3166107Z Using cached iniconfig-2.1.0-py3-none-any.whl (6.0 kB)
2025-08-22T09:23:41.3179462Z Using cached MarkupSafe-3.0.2-cp311-cp311-manylinux_2_17_x86_64.manylinux2014_x86_64.whl (23 kB)
2025-08-22T09:23:41.3192260Z Using cached mirakuru-2.6.1-py3-none-any.whl (26 kB)
2025-08-22T09:23:41.3205436Z Using cached orjson-3.11.2-cp311-cp311-manylinux_2_17_x86_64.manylinux2014_x86_64.whl (121 kB)
2025-08-22T09:23:41.3218887Z Using cached packaging-25.0-py3-none-any.whl (66 kB)
2025-08-22T09:23:41.3232088Z Using cached pathspec-0.12.1-py3-none-any.whl (31 kB)
2025-08-22T09:23:41.3244918Z Using cached platformdirs-4.3.8-py3-none-any.whl (18 kB)
2025-08-22T09:23:41.3257767Z Using cached port_for-0.7.4-py3-none-any.whl (21 kB)
2025-08-22T09:23:41.3270828Z Using cached prompt_toolkit-3.0.51-py3-none-any.whl (387 kB)
2025-08-22T09:23:41.3286791Z Using cached psutil-7.0.0-cp36-abi3-manylinux_2_12_x86_64.manylinux2010_x86_64.manylinux_2_17_x86_64.manylinux2014_x86_64.whl (277 kB)
2025-08-22T09:23:41.3301074Z Using cached pydantic_extra_types-2.10.5-py3-none-any.whl (38 kB)
2025-08-22T09:23:41.3314192Z Using cached pydantic_settings-2.10.1-py3-none-any.whl (45 kB)
2025-08-22T09:23:41.3327133Z Using cached pygments-2.19.2-py3-none-any.whl (1.2 MB)
2025-08-22T09:23:41.3348841Z Using cached pytz-2025.2-py2.py3-none-any.whl (509 kB)
2025-08-22T09:23:41.3365065Z Using cached rich_toolkit-0.15.0-py3-none-any.whl (29 kB)
2025-08-22T09:23:41.3377899Z Using cached rich-14.1.0-py3-none-any.whl (243 kB)
2025-08-22T09:23:41.3392451Z Using cached markdown_it_py-4.0.0-py3-none-any.whl (87 kB)
2025-08-22T09:23:41.3405693Z Using cached mdurl-0.1.2-py3-none-any.whl (10.0 kB)
2025-08-22T09:23:41.3418840Z Using cached rignore-0.6.4-cp311-cp311-manylinux_2_17_x86_64.manylinux2014_x86_64.whl (950 kB)
2025-08-22T09:23:41.3438077Z Using cached sentry_sdk-2.35.0-py2.py3-none-any.whl (363 kB)
2025-08-22T09:23:41.3453664Z Using cached six-1.17.0-py2.py3-none-any.whl (11 kB)
2025-08-22T09:23:41.3466507Z Using cached sniffio-1.3.1-py3-none-any.whl (10 kB)
2025-08-22T09:23:41.3479182Z Using cached typer-0.16.1-py3-none-any.whl (46 kB)
2025-08-22T09:23:41.3492226Z Using cached shellingham-1.5.4-py2.py3-none-any.whl (9.8 kB)
2025-08-22T09:23:41.3504841Z Using cached typing_inspect-0.9.0-py3-none-any.whl (8.8 kB)
2025-08-22T09:23:41.3517519Z Using cached typing_inspection-0.4.1-py3-none-any.whl (14 kB)
2025-08-22T09:23:41.3530438Z Using cached tzdata-2025.2-py2.py3-none-any.whl (347 kB)
2025-08-22T09:23:41.3545490Z Using cached tzlocal-5.3.1-py3-none-any.whl (18 kB)
2025-08-22T09:23:41.3558733Z Using cached ujson-5.11.0-cp311-cp311-manylinux_2_24_x86_64.manylinux_2_28_x86_64.whl (57 kB)
2025-08-22T09:23:41.3571589Z Using cached uvicorn-0.35.0-py3-none-any.whl (66 kB)
2025-08-22T09:23:41.3585296Z Using cached httptools-0.6.4-cp311-cp311-manylinux_2_5_x86_64.manylinux1_x86_64.manylinux_2_17_x86_64.manylinux2014_x86_64.whl (459 kB)
2025-08-22T09:23:41.3601350Z Using cached uvloop-0.21.0-cp311-cp311-manylinux_2_17_x86_64.manylinux2014_x86_64.whl (4.0 MB)
2025-08-22T09:23:41.3643102Z Using cached watchfiles-1.1.0-cp311-cp311-manylinux_2_17_x86_64.manylinux2014_x86_64.whl (453 kB)
2025-08-22T09:23:41.3659450Z Using cached websockets-15.0.1-cp311-cp311-manylinux_2_5_x86_64.manylinux1_x86_64.manylinux_2_17_x86_64.manylinux2014_x86_64.whl (182 kB)
2025-08-22T09:23:41.3672880Z Using cached yapf-0.43.0-py3-none-any.whl (256 kB)
2025-08-22T09:23:41.3687292Z Using cached argon2_cffi-25.1.0-py3-none-any.whl (14 kB)
2025-08-22T09:23:41.3700678Z Using cached argon2_cffi_bindings-25.1.0-cp39-abi3-manylinux_2_26_x86_64.manylinux_2_28_x86_64.whl (87 kB)
2025-08-22T09:23:41.3713950Z Using cached cffi-1.17.1-cp311-cp311-manylinux_2_17_x86_64.manylinux2014_x86_64.whl (467 kB)
2025-08-22T09:23:41.3730081Z Using cached docker-7.1.0-py3-none-any.whl (147 kB)
2025-08-22T09:23:41.3743766Z Using cached et_xmlfile-2.0.0-py3-none-any.whl (18 kB)
2025-08-22T09:23:41.3756484Z Using cached mako-1.3.10-py3-none-any.whl (78 kB)
2025-08-22T09:23:41.3769854Z Using cached pycparser-2.22-py3-none-any.whl (117 kB)
2025-08-22T09:23:41.3783767Z Using cached pycryptodome-3.23.0-cp37-abi3-manylinux_2_17_x86_64.manylinux2014_x86_64.whl (2.3 MB)
2025-08-22T09:23:41.3812063Z Using cached toml-0.10.2-py2.py3-none-any.whl (16 kB)
2025-08-22T09:23:41.3824962Z Using cached typeguard-4.4.4-py3-none-any.whl (34 kB)
2025-08-22T09:23:41.3837763Z Using cached watchdog-6.0.0-py3-none-manylinux2014_x86_64.whl (79 kB)
2025-08-22T09:23:41.3853056Z Using cached wcwidth-0.2.13-py2.py3-none-any.whl (34 kB)
2025-08-22T09:23:41.7949345Z Installing collected packages: wcwidth, pytz, wrapt, websockets, watchdog, vine, uvloop, urllib3, ujson, tzlocal, tzdata, typing-extensions, tomli_w, tomli, toml, structlog, sniffio, six, shellingham, ruff, rignore, redis, PyYAML, python-multipart, python-dotenv, pygments, pycryptodome, pycparser, psycopg2-binary, psycopg-binary, psutil, prompt-toolkit, port-for, pluggy, platformdirs, pathspec, packaging, orjson, numpy, nr-stream, nr-date, mypy-extensions, multimethod, mdurl, MarkupSafe, jmespath, itsdangerous, iniconfig, imapclient, idna, httptools, h11, greenlet, et-xmlfile, docstring-parser, dnspython, coverage, click, charset_normalizer, certifi, billiard, asyncpg, annotated-types, yapf, vulture, uvicorn, typing-inspection, typing-inspect, types-requests, typeguard, typeapi, sqlalchemy, sentry-sdk, requests, python-dateutil, pytest, pydantic-core, psycopg, openpyxl, mypy, mirakuru, markdown-it-py, Mako, Jinja2, httpcore, email-validator, Deprecated, click-repl, click-plugins, click-didyoumean, cffi, black, apscheduler, anyio, amqp, watchfiles, starlette, rich, pytest-postgresql, pytest-cov, pytest-asyncio, pydantic, pandas, nr-util, kombu, httpx, docker, databind, botocore, argon2-cffi-bindings, alembic, typer, testcontainers, s3transfer, rich-toolkit, respx, python-telegram-bot, pydantic-settings, pydantic-extra-types, pandera, fastapi, databind.json, databind.core, celery, asgi-correlation-id, argon2-cffi, minio, fastapi-limiter, fastapi-cloud-cli, fastapi-cli, docspec, boto3, docspec-python, pydoc-markdown
2025-08-22T09:23:58.9059126Z 
2025-08-22T09:23:58.9126073Z Successfully installed Deprecated-1.2.18 Jinja2-3.1.6 Mako-1.3.10 MarkupSafe-3.0.2 PyYAML-6.0.2 alembic-1.16.4 amqp-5.3.1 annotated-types-0.7.0 anyio-4.10.0 apscheduler-3.10.4 argon2-cffi-25.1.0 argon2-cffi-bindings-25.1.0 asgi-correlation-id-4.3.1 asyncpg-0.30.0 billiard-4.2.1 black-25.1.0 boto3-1.40.15 botocore-1.40.15 celery-5.5.3 certifi-2025.8.3 cffi-1.17.1 charset_normalizer-3.4.3 click-8.2.1 click-didyoumean-0.3.1 click-plugins-1.1.1.2 click-repl-0.3.0 coverage-7.10.4 databind-4.5.2 databind.core-4.5.2 databind.json-4.5.2 dnspython-2.7.0 docker-7.1.0 docspec-2.2.1 docspec-python-2.2.2 docstring-parser-0.11 email-validator-2.2.0 et-xmlfile-2.0.0 fastapi-0.116.1 fastapi-cli-0.0.8 fastapi-cloud-cli-0.1.5 fastapi-limiter-0.1.6 greenlet-3.2.4 h11-0.16.0 httpcore-1.0.9 httptools-0.6.4 httpx-0.28.1 idna-3.10 imapclient-3.0.1 iniconfig-2.1.0 itsdangerous-2.2.0 jmespath-1.0.1 kombu-5.5.4 markdown-it-py-4.0.0 mdurl-0.1.2 minio-7.2.16 mirakuru-2.6.1 multimethod-1.10 mypy-1.17.1 mypy-extensions-1.1.0 nr-date-2.1.0 nr-stream-1.1.5 nr-util-0.8.12 numpy-1.26.4 openpyxl-3.1.5 orjson-3.11.2 packaging-25.0 pandas-2.2.3 pandera-0.19.3 pathspec-0.12.1 platformdirs-4.3.8 pluggy-1.6.0 port-for-0.7.4 prompt-toolkit-3.0.51 psutil-7.0.0 psycopg-3.2.9 psycopg-binary-3.2.9 psycopg2-binary-2.9.10 pycparser-2.22 pycryptodome-3.23.0 pydantic-2.11.7 pydantic-core-2.33.2 pydantic-extra-types-2.10.5 pydantic-settings-2.10.1 pydoc-markdown-4.8.2 pygments-2.19.2 pytest-8.4.1 pytest-asyncio-1.1.0 pytest-cov-6.2.1 pytest-postgresql-7.0.2 python-dateutil-2.9.0.post0 python-dotenv-1.1.1 python-multipart-0.0.20 python-telegram-bot-22.3 pytz-2025.2 redis-6.4.0 requests-2.32.4 respx-0.22.0 rich-14.1.0 rich-toolkit-0.15.0 rignore-0.6.4 ruff-0.9.9 s3transfer-0.13.1 sentry-sdk-2.35.0 shellingham-1.5.4 six-1.17.0 sniffio-1.3.1 sqlalchemy-2.0.43 starlette-0.47.2 structlog-24.1.0 testcontainers-4.12.0 toml-0.10.2 tomli-2.2.1 tomli_w-1.2.0 typeapi-2.2.4 typeguard-4.4.4 typer-0.16.1 types-requests-2.32.4.20250809 typing-extensions-4.14.1 typing-inspect-0.9.0 typing-inspection-0.4.1 tzdata-2025.2 tzlocal-5.3.1 ujson-5.11.0 urllib3-2.5.0 uvicorn-0.35.0 uvloop-0.21.0 vine-5.1.0 vulture-2.10 watchdog-6.0.0 watchfiles-1.1.0 wcwidth-0.2.13 websockets-15.0.1 wrapt-1.17.3 yapf-0.43.0
2025-08-22T09:24:00.1320747Z Collecting keepa==1.3.15
2025-08-22T09:24:00.1335539Z   Using cached keepa-1.3.15-py3-none-any.whl.metadata (11 kB)
2025-08-22T09:24:00.1630217Z Collecting minio==7.1.15
2025-08-22T09:24:00.1644616Z   Using cached minio-7.1.15-py3-none-any.whl.metadata (4.2 kB)
2025-08-22T09:24:00.1669417Z Requirement already satisfied: numpy>=1.9.3 in /opt/hostedtoolcache/Python/3.11.13/x64/lib/python3.11/site-packages (from keepa==1.3.15) (1.26.4)
2025-08-22T09:24:00.1674591Z Requirement already satisfied: requests>=2.2 in /opt/hostedtoolcache/Python/3.11.13/x64/lib/python3.11/site-packages (from keepa==1.3.15) (2.32.4)
2025-08-22T09:24:00.2014193Z Collecting tqdm (from keepa==1.3.15)
2025-08-22T09:24:00.2028117Z   Using cached tqdm-4.67.1-py3-none-any.whl.metadata (57 kB)
2025-08-22T09:24:00.6806201Z Collecting aiohttp (from keepa==1.3.15)
2025-08-22T09:24:00.6823260Z   Using cached aiohttp-3.12.15-cp311-cp311-manylinux_2_17_x86_64.manylinux2014_x86_64.whl.metadata (7.7 kB)
2025-08-22T09:24:00.6854976Z Requirement already satisfied: pandas<=3.0 in /opt/hostedtoolcache/Python/3.11.13/x64/lib/python3.11/site-packages (from keepa==1.3.15) (2.2.3)
2025-08-22T09:24:00.6859697Z Requirement already satisfied: pydantic in /opt/hostedtoolcache/Python/3.11.13/x64/lib/python3.11/site-packages (from keepa==1.3.15) (2.11.7)
2025-08-22T09:24:00.6867785Z Requirement already satisfied: certifi in /opt/hostedtoolcache/Python/3.11.13/x64/lib/python3.11/site-packages (from minio==7.1.15) (2025.8.3)
2025-08-22T09:24:00.6871825Z Requirement already satisfied: urllib3 in /opt/hostedtoolcache/Python/3.11.13/x64/lib/python3.11/site-packages (from minio==7.1.15) (2.5.0)
2025-08-22T09:24:00.6919680Z Requirement already satisfied: python-dateutil>=2.8.2 in /opt/hostedtoolcache/Python/3.11.13/x64/lib/python3.11/site-packages (from pandas<=3.0->keepa==1.3.15) (2.9.0.post0)
2025-08-22T09:24:00.6924704Z Requirement already satisfied: pytz>=2020.1 in /opt/hostedtoolcache/Python/3.11.13/x64/lib/python3.11/site-packages (from pandas<=3.0->keepa==1.3.15) (2025.2)
2025-08-22T09:24:00.6929839Z Requirement already satisfied: tzdata>=2022.7 in /opt/hostedtoolcache/Python/3.11.13/x64/lib/python3.11/site-packages (from pandas<=3.0->keepa==1.3.15) (2025.2)
2025-08-22T09:24:00.7042943Z Requirement already satisfied: six>=1.5 in /opt/hostedtoolcache/Python/3.11.13/x64/lib/python3.11/site-packages (from python-dateutil>=2.8.2->pandas<=3.0->keepa==1.3.15) (1.17.0)
2025-08-22T09:24:00.7061178Z Requirement already satisfied: charset_normalizer<4,>=2 in /opt/hostedtoolcache/Python/3.11.13/x64/lib/python3.11/site-packages (from requests>=2.2->keepa==1.3.15) (3.4.3)
2025-08-22T09:24:00.7066734Z Requirement already satisfied: idna<4,>=2.5 in /opt/hostedtoolcache/Python/3.11.13/x64/lib/python3.11/site-packages (from requests>=2.2->keepa==1.3.15) (3.10)
2025-08-22T09:24:00.7285425Z Collecting aiohappyeyeballs>=2.5.0 (from aiohttp->keepa==1.3.15)
2025-08-22T09:24:00.7299449Z   Using cached aiohappyeyeballs-2.6.1-py3-none-any.whl.metadata (5.9 kB)
2025-08-22T09:24:00.7415672Z Collecting aiosignal>=1.4.0 (from aiohttp->keepa==1.3.15)
2025-08-22T09:24:00.7429043Z   Using cached aiosignal-1.4.0-py3-none-any.whl.metadata (3.7 kB)
2025-08-22T09:24:00.7597303Z Collecting attrs>=17.3.0 (from aiohttp->keepa==1.3.15)
2025-08-22T09:24:00.7611057Z   Using cached attrs-25.3.0-py3-none-any.whl.metadata (10 kB)
2025-08-22T09:24:00.8284330Z Collecting frozenlist>=1.1.1 (from aiohttp->keepa==1.3.15)
2025-08-22T09:24:00.8299721Z   Using cached frozenlist-1.7.0-cp311-cp311-manylinux_2_5_x86_64.manylinux1_x86_64.manylinux_2_17_x86_64.manylinux2014_x86_64.whl.metadata (18 kB)
2025-08-22T09:24:01.0456807Z Collecting multidict<7.0,>=4.5 (from aiohttp->keepa==1.3.15)
2025-08-22T09:24:01.0473371Z   Using cached multidict-6.6.4-cp311-cp311-manylinux2014_x86_64.manylinux_2_17_x86_64.manylinux_2_28_x86_64.whl.metadata (5.3 kB)
2025-08-22T09:24:01.0911447Z Collecting propcache>=0.2.0 (from aiohttp->keepa==1.3.15)
2025-08-22T09:24:01.0928012Z   Using cached propcache-0.3.2-cp311-cp311-manylinux_2_17_x86_64.manylinux2014_x86_64.whl.metadata (12 kB)
2025-08-22T09:24:01.3506809Z Collecting yarl<2.0,>=1.17.0 (from aiohttp->keepa==1.3.15)
2025-08-22T09:24:01.3523385Z   Using cached yarl-1.20.1-cp311-cp311-manylinux_2_17_x86_64.manylinux2014_x86_64.whl.metadata (73 kB)
2025-08-22T09:24:01.3719558Z Requirement already satisfied: typing-extensions>=4.2 in /opt/hostedtoolcache/Python/3.11.13/x64/lib/python3.11/site-packages (from aiosignal>=1.4.0->aiohttp->keepa==1.3.15) (4.14.1)
2025-08-22T09:24:01.3764689Z Requirement already satisfied: annotated-types>=0.6.0 in /opt/hostedtoolcache/Python/3.11.13/x64/lib/python3.11/site-packages (from pydantic->keepa==1.3.15) (0.7.0)
2025-08-22T09:24:01.3770029Z Requirement already satisfied: pydantic-core==2.33.2 in /opt/hostedtoolcache/Python/3.11.13/x64/lib/python3.11/site-packages (from pydantic->keepa==1.3.15) (2.33.2)
2025-08-22T09:24:01.3777567Z Requirement already satisfied: typing-inspection>=0.4.0 in /opt/hostedtoolcache/Python/3.11.13/x64/lib/python3.11/site-packages (from pydantic->keepa==1.3.15) (0.4.1)
2025-08-22T09:24:01.3836402Z Using cached keepa-1.3.15-py3-none-any.whl (38 kB)
2025-08-22T09:24:01.3849954Z Using cached minio-7.1.15-py3-none-any.whl (77 kB)
2025-08-22T09:24:01.3864058Z Using cached aiohttp-3.12.15-cp311-cp311-manylinux_2_17_x86_64.manylinux2014_x86_64.whl (1.7 MB)
2025-08-22T09:24:01.3890690Z Using cached multidict-6.6.4-cp311-cp311-manylinux2014_x86_64.manylinux_2_17_x86_64.manylinux_2_28_x86_64.whl (246 kB)
2025-08-22T09:24:01.3905368Z Using cached yarl-1.20.1-cp311-cp311-manylinux_2_17_x86_64.manylinux2014_x86_64.whl (348 kB)
2025-08-22T09:24:01.3921031Z Using cached aiohappyeyeballs-2.6.1-py3-none-any.whl (15 kB)
2025-08-22T09:24:01.3934402Z Using cached aiosignal-1.4.0-py3-none-any.whl (7.5 kB)
2025-08-22T09:24:01.3947506Z Using cached attrs-25.3.0-py3-none-any.whl (63 kB)
2025-08-22T09:24:01.3961949Z Using cached frozenlist-1.7.0-cp311-cp311-manylinux_2_5_x86_64.manylinux1_x86_64.manylinux_2_17_x86_64.manylinux2014_x86_64.whl (235 kB)
2025-08-22T09:24:01.3976682Z Using cached propcache-0.3.2-cp311-cp311-manylinux_2_17_x86_64.manylinux2014_x86_64.whl (213 kB)
2025-08-22T09:24:01.3991122Z Using cached tqdm-4.67.1-py3-none-any.whl (78 kB)
2025-08-22T09:24:01.5508940Z Installing collected packages: tqdm, propcache, multidict, minio, frozenlist, attrs, aiohappyeyeballs, yarl, aiosignal, aiohttp, keepa
2025-08-22T09:24:01.6179242Z   Attempting uninstall: minio
2025-08-22T09:24:01.6209622Z     Found existing installation: minio 7.2.16
2025-08-22T09:24:01.6242617Z     Uninstalling minio-7.2.16:
2025-08-22T09:24:01.6251901Z       Successfully uninstalled minio-7.2.16
2025-08-22T09:24:01.9454334Z 
2025-08-22T09:24:01.9507957Z Successfully installed aiohappyeyeballs-2.6.1 aiohttp-3.12.15 aiosignal-1.4.0 attrs-25.3.0 frozenlist-1.7.0 keepa-1.3.15 minio-7.1.15 multidict-6.6.4 propcache-0.3.2 tqdm-4.67.1 yarl-1.20.1
2025-08-22T09:24:02.1115958Z ##[group]Run sudo apt-get update
2025-08-22T09:24:02.1116267Z [36;1msudo apt-get update[0m
2025-08-22T09:24:02.1116528Z [36;1msudo apt-get install -y postgresql[0m
2025-08-22T09:24:02.1117015Z [36;1mecho "/usr/lib/postgresql/$(pg_config --version | cut -d' ' -f2 | cut -d'.' -f1,2)/bin" >> $GITHUB_PATH[0m
2025-08-22T09:24:02.1158207Z shell: /usr/bin/bash -e {0}
2025-08-22T09:24:02.1158452Z env:
2025-08-22T09:24:02.1158841Z   PG_USER: postgres
2025-08-22T09:24:02.1159125Z   PG_PASSWORD: pass
2025-08-22T09:24:02.1159325Z   PG_DATABASE: awa
2025-08-22T09:24:02.1159522Z   PG_HOST: localhost
2025-08-22T09:24:02.1159725Z   PG_PORT: 5432
2025-08-22T09:24:02.1160477Z   PG_SYNC_DSN: ***localhost:5432/awa
2025-08-22T09:24:02.1160906Z   PG_ASYNC_DSN: ***localhost:5432/awa
2025-08-22T09:24:02.1161345Z   DATABASE_URL: ***localhost:5432/awa
2025-08-22T09:24:02.1161599Z   DATA_DIR: /tmp/awa-data
2025-08-22T09:24:02.1161816Z   ENABLE_LIVE: 0
2025-08-22T09:24:02.1162002Z   TESTING: 1
2025-08-22T09:24:02.1162286Z   pythonLocation: /opt/hostedtoolcache/Python/3.11.13/x64
2025-08-22T09:24:02.1162698Z   PKG_CONFIG_PATH: /opt/hostedtoolcache/Python/3.11.13/x64/lib/pkgconfig
2025-08-22T09:24:02.1163094Z   Python_ROOT_DIR: /opt/hostedtoolcache/Python/3.11.13/x64
2025-08-22T09:24:02.1163454Z   Python2_ROOT_DIR: /opt/hostedtoolcache/Python/3.11.13/x64
2025-08-22T09:24:02.1163848Z   Python3_ROOT_DIR: /opt/hostedtoolcache/Python/3.11.13/x64
2025-08-22T09:24:02.1164209Z   LD_LIBRARY_PATH: /opt/hostedtoolcache/Python/3.11.13/x64/lib
2025-08-22T09:24:02.1164515Z ##[endgroup]
2025-08-22T09:24:02.1925263Z Get:1 file:/etc/apt/apt-mirrors.txt Mirrorlist [144 B]
2025-08-22T09:24:02.2217963Z Hit:2 http://azure.archive.ubuntu.com/ubuntu noble InRelease
2025-08-22T09:24:02.2226543Z Hit:6 https://packages.microsoft.com/repos/azure-cli noble InRelease
2025-08-22T09:24:02.2229592Z Get:3 http://azure.archive.ubuntu.com/ubuntu noble-updates InRelease [126 kB]
2025-08-22T09:24:02.2253169Z Get:7 https://packages.microsoft.com/ubuntu/24.04/prod noble InRelease [3600 B]
2025-08-22T09:24:02.2281006Z Get:4 http://azure.archive.ubuntu.com/ubuntu noble-backports InRelease [126 kB]
2025-08-22T09:24:02.2302275Z Get:5 http://azure.archive.ubuntu.com/ubuntu noble-security InRelease [126 kB]
2025-08-22T09:24:02.4091157Z Get:8 http://azure.archive.ubuntu.com/ubuntu noble-updates/main amd64 Packages [1350 kB]
2025-08-22T09:24:02.4418012Z Get:9 http://azure.archive.ubuntu.com/ubuntu noble-updates/main Translation-en [269 kB]
2025-08-22T09:24:02.4435494Z Get:18 https://packages.microsoft.com/ubuntu/24.04/prod noble/main amd64 Packages [48.6 kB]
2025-08-22T09:24:02.4443511Z Get:10 http://azure.archive.ubuntu.com/ubuntu noble-updates/main amd64 Components [175 kB]
2025-08-22T09:24:02.4463955Z Get:19 https://packages.microsoft.com/ubuntu/24.04/prod noble/main arm64 Packages [33.2 kB]
2025-08-22T09:24:02.4468862Z Get:11 http://azure.archive.ubuntu.com/ubuntu noble-updates/universe amd64 Packages [1123 kB]
2025-08-22T09:24:02.4488906Z Get:20 https://packages.microsoft.com/ubuntu/24.04/prod noble/main armhf Packages [9870 B]
2025-08-22T09:24:02.4538860Z Get:12 http://azure.archive.ubuntu.com/ubuntu noble-updates/universe Translation-en [288 kB]
2025-08-22T09:24:02.4582055Z Get:13 http://azure.archive.ubuntu.com/ubuntu noble-updates/universe amd64 Components [377 kB]
2025-08-22T09:24:02.4613004Z Get:14 http://azure.archive.ubuntu.com/ubuntu noble-updates/restricted amd64 Packages [1723 kB]
2025-08-22T09:24:02.4703218Z Get:15 http://azure.archive.ubuntu.com/ubuntu noble-updates/restricted Translation-en [383 kB]
2025-08-22T09:24:02.4730990Z Get:16 http://azure.archive.ubuntu.com/ubuntu noble-updates/restricted amd64 Components [212 B]
2025-08-22T09:24:02.4742122Z Get:17 http://azure.archive.ubuntu.com/ubuntu noble-updates/multiverse amd64 Components [940 B]
2025-08-22T09:24:02.5416937Z Get:21 http://azure.archive.ubuntu.com/ubuntu noble-backports/main amd64 Components [7072 B]
2025-08-22T09:24:02.5441135Z Get:22 http://azure.archive.ubuntu.com/ubuntu noble-backports/universe amd64 Components [19.2 kB]
2025-08-22T09:24:02.5454440Z Get:23 http://azure.archive.ubuntu.com/ubuntu noble-backports/restricted amd64 Components [216 B]
2025-08-22T09:24:02.5464772Z Get:24 http://azure.archive.ubuntu.com/ubuntu noble-backports/multiverse amd64 Components [212 B]
2025-08-22T09:24:02.5570467Z Get:25 http://azure.archive.ubuntu.com/ubuntu noble-security/main amd64 Packages [1083 kB]
2025-08-22T09:24:02.5634309Z Get:26 http://azure.archive.ubuntu.com/ubuntu noble-security/main Translation-en [187 kB]
2025-08-22T09:24:02.5651769Z Get:27 http://azure.archive.ubuntu.com/ubuntu noble-security/main amd64 Components [21.5 kB]
2025-08-22T09:24:02.5662771Z Get:28 http://azure.archive.ubuntu.com/ubuntu noble-security/universe amd64 Packages [881 kB]
2025-08-22T09:24:02.5712915Z Get:29 http://azure.archive.ubuntu.com/ubuntu noble-security/universe Translation-en [195 kB]
2025-08-22T09:24:02.5736714Z Get:30 http://azure.archive.ubuntu.com/ubuntu noble-security/universe amd64 Components [52.2 kB]
2025-08-22T09:24:02.5751449Z Get:31 http://azure.archive.ubuntu.com/ubuntu noble-security/restricted amd64 Packages [1631 kB]
2025-08-22T09:24:02.5839266Z Get:32 http://azure.archive.ubuntu.com/ubuntu noble-security/restricted Translation-en [361 kB]
2025-08-22T09:24:02.5870620Z Get:33 http://azure.archive.ubuntu.com/ubuntu noble-security/restricted amd64 Components [212 B]
2025-08-22T09:24:02.5880592Z Get:34 http://azure.archive.ubuntu.com/ubuntu noble-security/multiverse amd64 Components [208 B]
2025-08-22T09:24:09.3499515Z Fetched 10.6 MB in 1s (8013 kB/s)
2025-08-22T09:24:10.0442758Z Reading package lists...
2025-08-22T09:24:10.0763543Z Reading package lists...
2025-08-22T09:24:10.2253521Z Building dependency tree...
2025-08-22T09:24:10.2261009Z Reading state information...
2025-08-22T09:24:10.3740677Z Suggested packages:
2025-08-22T09:24:10.3741436Z   postgresql-doc
2025-08-22T09:24:10.3923108Z The following NEW packages will be installed:
2025-08-22T09:24:10.3923669Z   postgresql
2025-08-22T09:24:10.4089127Z 0 upgraded, 1 newly installed, 0 to remove and 25 not upgraded.
2025-08-22T09:24:10.4089655Z Need to get 11.6 kB of archives.
2025-08-22T09:24:10.4090179Z After this operation, 17.4 kB of additional disk space will be used.
2025-08-22T09:24:10.4090816Z Get:1 file:/etc/apt/apt-mirrors.txt Mirrorlist [144 B]
2025-08-22T09:24:10.4496059Z Get:2 http://azure.archive.ubuntu.com/ubuntu noble-updates/main amd64 postgresql all 16+257build1.1 [11.6 kB]
2025-08-22T09:24:10.6992724Z Fetched 11.6 kB in 0s (226 kB/s)
2025-08-22T09:24:10.7207798Z Selecting previously unselected package postgresql.
2025-08-22T09:24:10.7455284Z (Reading database ... 
2025-08-22T09:24:10.7455715Z (Reading database ... 5%
2025-08-22T09:24:10.7456107Z (Reading database ... 10%
2025-08-22T09:24:10.7456479Z (Reading database ... 15%
2025-08-22T09:24:10.7456821Z (Reading database ... 20%
2025-08-22T09:24:10.7457062Z (Reading database ... 25%
2025-08-22T09:24:10.7457297Z (Reading database ... 30%
2025-08-22T09:24:10.7457558Z (Reading database ... 35%
2025-08-22T09:24:10.7457802Z (Reading database ... 40%
2025-08-22T09:24:10.7458042Z (Reading database ... 45%
2025-08-22T09:24:10.7458279Z (Reading database ... 50%
2025-08-22T09:24:10.7597280Z (Reading database ... 55%
2025-08-22T09:24:10.8010172Z (Reading database ... 60%
2025-08-22T09:24:10.8267274Z (Reading database ... 65%
2025-08-22T09:24:10.8546421Z (Reading database ... 70%
2025-08-22T09:24:10.8849198Z (Reading database ... 75%
2025-08-22T09:24:10.9194173Z (Reading database ... 80%
2025-08-22T09:24:10.9716642Z (Reading database ... 85%
2025-08-22T09:24:11.0207881Z (Reading database ... 90%
2025-08-22T09:24:11.0820644Z (Reading database ... 95%
2025-08-22T09:24:11.0821084Z (Reading database ... 100%
2025-08-22T09:24:11.0821572Z (Reading database ... 219830 files and directories currently installed.)
2025-08-22T09:24:11.0861924Z Preparing to unpack .../postgresql_16+257build1.1_all.deb ...
2025-08-22T09:24:11.0890039Z Unpacking postgresql (16+257build1.1) ...
2025-08-22T09:24:11.1288549Z Setting up postgresql (16+257build1.1) ...
2025-08-22T09:24:11.8309766Z 
2025-08-22T09:24:11.8310267Z Running kernel seems to be up-to-date.
2025-08-22T09:24:11.8310649Z 
2025-08-22T09:24:11.8310803Z Restarting services...
2025-08-22T09:24:11.8379245Z 
2025-08-22T09:24:11.8379577Z Service restarts being deferred:
2025-08-22T09:24:11.8381694Z  systemctl restart hosted-compute-agent.service
2025-08-22T09:24:11.8382075Z 
2025-08-22T09:24:11.8382301Z No containers need to be restarted.
2025-08-22T09:24:11.8382594Z 
2025-08-22T09:24:11.8382795Z No user sessions are running outdated binaries.
2025-08-22T09:24:11.8383138Z 
2025-08-22T09:24:11.8383452Z No VM guests are running outdated hypervisor (qemu) binaries on this host.
2025-08-22T09:24:12.6840598Z ##[group]Run pytest tests/migrations/test_migration_roundtrip.py -q -m integration --cov=services --cov-append --cov-fail-under=0 -o addopts=''
2025-08-22T09:24:12.6841535Z [36;1mpytest tests/migrations/test_migration_roundtrip.py -q -m integration --cov=services --cov-append --cov-fail-under=0 -o addopts=''[0m
2025-08-22T09:24:12.6881645Z shell: /usr/bin/bash -e {0}
2025-08-22T09:24:12.6881884Z env:
2025-08-22T09:24:12.6882070Z   PG_USER: postgres
2025-08-22T09:24:12.6882279Z   PG_PASSWORD: pass
2025-08-22T09:24:12.6882482Z   PG_DATABASE: awa
2025-08-22T09:24:12.6882672Z   PG_HOST: localhost
2025-08-22T09:24:12.6882889Z   PG_PORT: 5432
2025-08-22T09:24:12.6883396Z   PG_SYNC_DSN: ***localhost:5432/awa
2025-08-22T09:24:12.6883816Z   PG_ASYNC_DSN: ***localhost:5432/awa
2025-08-22T09:24:12.6884207Z   DATABASE_URL: ***localhost:5432/awa
2025-08-22T09:24:12.6884455Z   DATA_DIR: /tmp/awa-data
2025-08-22T09:24:12.6884671Z   ENABLE_LIVE: 0
2025-08-22T09:24:12.6884856Z   TESTING: 1
2025-08-22T09:24:12.6885138Z   pythonLocation: /opt/hostedtoolcache/Python/3.11.13/x64
2025-08-22T09:24:12.6885541Z   PKG_CONFIG_PATH: /opt/hostedtoolcache/Python/3.11.13/x64/lib/pkgconfig
2025-08-22T09:24:12.6885945Z   Python_ROOT_DIR: /opt/hostedtoolcache/Python/3.11.13/x64
2025-08-22T09:24:12.6886324Z   Python2_ROOT_DIR: /opt/hostedtoolcache/Python/3.11.13/x64
2025-08-22T09:24:12.6886682Z   Python3_ROOT_DIR: /opt/hostedtoolcache/Python/3.11.13/x64
2025-08-22T09:24:12.6887038Z   LD_LIBRARY_PATH: /opt/hostedtoolcache/Python/3.11.13/x64/lib
2025-08-22T09:24:12.6887338Z ##[endgroup]
2025-08-22T09:24:14.4948307Z s                                                                        [100%]
2025-08-22T09:24:14.4949201Z ================================ tests coverage ================================
2025-08-22T09:24:14.4949880Z _______________ coverage: platform linux, python 3.11.13-final-0 _______________
2025-08-22T09:24:14.4950307Z 
2025-08-22T09:24:14.4950511Z Name                                                       Stmts   Miss  Cover
2025-08-22T09:24:14.4951038Z ------------------------------------------------------------------------------
2025-08-22T09:24:14.4951622Z services/__init__.py                                           0      0   100%
2025-08-22T09:24:14.4952250Z services/alert_bot/__init__.py                                 0      0   100%
2025-08-22T09:24:14.4952914Z services/alert_bot/alert_bot.py                               22     22     0%
2025-08-22T09:24:14.4953631Z services/alert_bot/rules/__init__.py                          63     63     0%
2025-08-22T09:24:14.4954261Z services/api/__init__.py                                       0      0   100%
2025-08-22T09:24:14.4955297Z services/api/config.py                                        24     24     0%
2025-08-22T09:24:14.4955887Z services/api/db.py                                            16     16     0%
2025-08-22T09:24:14.4956505Z services/api/errors.py                                        39     39     0%
2025-08-22T09:24:14.4957172Z services/api/logging_config.py                                15     15     0%
2025-08-22T09:24:14.4957814Z services/api/main.py                                         123    123     0%
2025-08-22T09:24:14.4958450Z services/api/models/__init__.py                                0      0   100%
2025-08-22T09:24:14.4959309Z services/api/models/fee.py                                    11     11     0%
2025-08-22T09:24:14.4959983Z services/api/roi_repository.py                                21     21     0%
2025-08-22T09:24:14.4960650Z services/api/routes/__init__.py                                0      0   100%
2025-08-22T09:24:14.4961332Z services/api/routes/health.py                                 19     19     0%
2025-08-22T09:24:14.4962045Z services/api/routes/repository.py                             16     16     0%
2025-08-22T09:24:14.4962746Z services/api/routes/roi.py                                    77     77     0%
2025-08-22T09:24:14.4963654Z services/api/routes/score.py                                  56     56     0%
2025-08-22T09:24:14.4964329Z services/api/routes/stats.py                                  49     49     0%
2025-08-22T09:24:14.4964978Z services/api/security.py                                      10     10     0%
2025-08-22T09:24:14.4965610Z services/api/sentry_config.py                                 65     65     0%
2025-08-22T09:24:14.4966267Z services/common/__init__.py                                    4      0   100%
2025-08-22T09:24:14.4966889Z services/common/base.py                                        3      0   100%
2025-08-22T09:24:14.4967520Z services/common/config.py                                      4      4     0%
2025-08-22T09:24:14.4968147Z services/common/db.py                                         34     34     0%
2025-08-22T09:24:14.4968890Z services/common/db_url.py                                      4      4     0%
2025-08-22T09:24:14.4969484Z services/common/dsn.py                                        49     37    24%
2025-08-22T09:24:14.4970099Z services/common/keepa.py                                       7      4    43%
2025-08-22T09:24:14.4970700Z services/common/llm.py                                        65     65     0%
2025-08-22T09:24:14.4971330Z services/common/models_vendor.py                              24      0   100%
2025-08-22T09:24:14.4972003Z services/common/settings.py                                   20     20     0%
2025-08-22T09:24:14.4972625Z services/db/__init__.py                                        0      0   100%
2025-08-22T09:24:14.4973223Z services/db/utils/__init__.py                                  0      0   100%
2025-08-22T09:24:14.4973866Z services/db/utils/views.py                                     5      5     0%
2025-08-22T09:24:14.4974496Z services/emailer/__init__.py                                   4      4     0%
2025-08-22T09:24:14.4975169Z services/emailer/generate_body.py                              3      3     0%
2025-08-22T09:24:14.4975850Z services/etl/__init__.py                                       9      9     0%
2025-08-22T09:24:14.4976465Z services/etl/db.py                                             2      2     0%
2025-08-22T09:24:14.4977076Z services/etl/dialects/__init__.py                              9      9     0%
2025-08-22T09:24:14.4977790Z services/etl/dialects/amazon_ads_sp_cost.py                   31     31     0%
2025-08-22T09:24:14.4978559Z services/etl/dialects/amazon_fee_preview.py                   30     30     0%
2025-08-22T09:24:14.4979515Z services/etl/dialects/amazon_inventory_ledger.py              28     28     0%
2025-08-22T09:24:14.4980284Z services/etl/dialects/amazon_reimbursements.py                16     16     0%
2025-08-22T09:24:14.4981235Z services/etl/dialects/amazon_returns.py                       16     16     0%
2025-08-22T09:24:14.4982002Z services/etl/dialects/amazon_settlements.py                   27     27     0%
2025-08-22T09:24:14.4982728Z services/etl/dialects/schemas.py                              25     25     0%
2025-08-22T09:24:14.4983485Z services/etl/dialects/test_generic.py                         15     15     0%
2025-08-22T09:24:14.4984178Z services/etl/fba_fee_ingestor.py                              33     33     0%
2025-08-22T09:24:14.4984832Z services/etl/healthcheck.py                                   27     27     0%
2025-08-22T09:24:14.4985508Z services/etl/keepa_ingestor.py                                47     47     0%
2025-08-22T09:24:14.4986172Z services/etl/sp_fees_ingestor.py                              39     39     0%
2025-08-22T09:24:14.4986816Z services/fees_h10/__init__.py                                  0      0   100%
2025-08-22T09:24:14.4987458Z services/fees_h10/client.py                                   12     12     0%
2025-08-22T09:24:14.4988114Z services/fees_h10/repository.py                               39     39     0%
2025-08-22T09:24:14.4988949Z services/fees_h10/worker.py                                   47     47     0%
2025-08-22T09:24:14.4989790Z services/ingest/__init__.py                                    0      0   100%
2025-08-22T09:24:14.4990444Z services/ingest/celery_app.py                                 32     32     0%
2025-08-22T09:24:14.4991117Z services/ingest/copy_loader.py                                57     57     0%
2025-08-22T09:24:14.4991801Z services/ingest/email_watcher.py                              50     50     0%
2025-08-22T09:24:14.4992504Z services/ingest/healthcheck.py                                40     40     0%
2025-08-22T09:24:14.4993231Z services/ingest/ingest_router.py                               8      8     0%
2025-08-22T09:24:14.4993932Z services/ingest/maintenance.py                                31     31     0%
2025-08-22T09:24:14.4994599Z services/ingest/tasks.py                                      56     56     0%
2025-08-22T09:24:14.4995247Z services/ingest/upload_router.py                              22     22     0%
2025-08-22T09:24:14.4995923Z services/llm_server/__init__.py                                0      0   100%
2025-08-22T09:24:14.4996538Z services/llm_server/app.py                                    22     22     0%
2025-08-22T09:24:14.4997176Z services/logistics_etl/__init__.py                             0      0   100%
2025-08-22T09:24:14.4997843Z services/logistics_etl/__main__.py                             7      7     0%
2025-08-22T09:24:14.4998509Z services/logistics_etl/client.py                              20     20     0%
2025-08-22T09:24:14.4999308Z services/logistics_etl/cron.py                                11     11     0%
2025-08-22T09:24:14.4999973Z services/logistics_etl/db.py                                  13     13     0%
2025-08-22T09:24:14.5000655Z services/logistics_etl/dsn.py                                 33     33     0%
2025-08-22T09:24:14.5001344Z services/logistics_etl/flow.py                                14     14     0%
2025-08-22T09:24:14.5002056Z services/logistics_etl/repository.py                          50     50     0%
2025-08-22T09:24:14.5002786Z services/price_importer/__init__.py                            1      1     0%
2025-08-22T09:24:14.5003502Z services/price_importer/common/__init__.py                     2      2     0%
2025-08-22T09:24:14.5004229Z services/price_importer/common/base.py                         2      2     0%
2025-08-22T09:24:14.5004966Z services/price_importer/common/db_url.py                       6      6     0%
2025-08-22T09:24:14.5005680Z services/price_importer/common/models_vendor.py               22     22     0%
2025-08-22T09:24:14.5006400Z services/price_importer/import.py                             21     21     0%
2025-08-22T09:24:14.5007124Z services/price_importer/normaliser.py                         20     20     0%
2025-08-22T09:24:14.5008004Z services/price_importer/reader.py                             30     30     0%
2025-08-22T09:24:14.5008845Z services/price_importer/repository.py                         38     38     0%
2025-08-22T09:24:14.5009563Z services/price_importer/services_common/__init__.py            4      4     0%
2025-08-22T09:24:14.5010300Z services/price_importer/services_common/base.py                3      3     0%
2025-08-22T09:24:14.5011018Z services/price_importer/services_common/db.py                 34     34     0%
2025-08-22T09:24:14.5011788Z services/price_importer/services_common/db_url.py              4      4     0%
2025-08-22T09:24:14.5012508Z services/price_importer/services_common/dsn.py                27     27     0%
2025-08-22T09:24:14.5013239Z services/price_importer/services_common/keepa.py               7      7     0%
2025-08-22T09:24:14.5013937Z services/price_importer/services_common/llm.py                36     36     0%
2025-08-22T09:24:14.5014667Z services/price_importer/services_common/models_vendor.py      22     22     0%
2025-08-22T09:24:14.5015402Z services/price_importer/services_common/settings.py           19     19     0%
2025-08-22T09:24:14.5016068Z services/repricer/__init__.py                                  0      0   100%
2025-08-22T09:24:14.5016884Z services/repricer/app/__init__.py                              0      0   100%
2025-08-22T09:24:14.5017561Z services/repricer/app/deps.py                                  0      0   100%
2025-08-22T09:24:14.5018216Z services/repricer/app/logic.py                                 5      5     0%
2025-08-22T09:24:14.5019015Z services/repricer/app/main.py                                 20     20     0%
2025-08-22T09:24:14.5019698Z services/repricer/app/schemas.py                              10     10     0%
2025-08-22T09:24:14.5020296Z ------------------------------------------------------------------------------
2025-08-22T09:24:14.5020791Z TOTAL                                                       2103   2057     2%
2025-08-22T09:24:14.6103240Z 1 skipped in 0.40s
2025-08-22T09:24:14.7498074Z ##[group]Run actions/upload-artifact@v4
2025-08-22T09:24:14.7498569Z with:
2025-08-22T09:24:14.7499123Z   name: coverage.integration
2025-08-22T09:24:14.7499529Z   path: .coverage
2025-08-22T09:24:14.7499873Z   if-no-files-found: warn
2025-08-22T09:24:14.7500256Z   compression-level: 6
2025-08-22T09:24:14.7500616Z   overwrite: false
2025-08-22T09:24:14.7500983Z   include-hidden-files: false
2025-08-22T09:24:14.7501366Z env:
2025-08-22T09:24:14.7501652Z   PG_USER: postgres
2025-08-22T09:24:14.7502009Z   PG_PASSWORD: pass
2025-08-22T09:24:14.7502356Z   PG_DATABASE: awa
2025-08-22T09:24:14.7502696Z   PG_HOST: localhost
2025-08-22T09:24:14.7503033Z   PG_PORT: 5432
2025-08-22T09:24:14.7503759Z   PG_SYNC_DSN: ***localhost:5432/awa
2025-08-22T09:24:14.7504495Z   PG_ASYNC_DSN: ***localhost:5432/awa
2025-08-22T09:24:14.7505229Z   DATABASE_URL: ***localhost:5432/awa
2025-08-22T09:24:14.7505701Z   DATA_DIR: /tmp/awa-data
2025-08-22T09:24:14.7506077Z   ENABLE_LIVE: 0
2025-08-22T09:24:14.7506451Z   TESTING: 1
2025-08-22T09:24:14.7506906Z   pythonLocation: /opt/hostedtoolcache/Python/3.11.13/x64
2025-08-22T09:24:14.7507643Z   PKG_CONFIG_PATH: /opt/hostedtoolcache/Python/3.11.13/x64/lib/pkgconfig
2025-08-22T09:24:14.7508378Z   Python_ROOT_DIR: /opt/hostedtoolcache/Python/3.11.13/x64
2025-08-22T09:24:14.7509290Z   Python2_ROOT_DIR: /opt/hostedtoolcache/Python/3.11.13/x64
2025-08-22T09:24:14.7510024Z   Python3_ROOT_DIR: /opt/hostedtoolcache/Python/3.11.13/x64
2025-08-22T09:24:14.7510682Z   LD_LIBRARY_PATH: /opt/hostedtoolcache/Python/3.11.13/x64/lib
2025-08-22T09:24:14.7511241Z ##[endgroup]
2025-08-22T09:24:14.9647441Z ##[warning]No files were found with the provided path: .coverage. No artifacts will be uploaded.
2025-08-22T09:24:15.0256301Z Post job cleanup.
2025-08-22T09:24:15.1530256Z Cache hit occurred on the primary key Linux-int-cc13ccef493b9f3a93ad5651164d9fb09282c1111f6f72ce20e0657de16de6b4, not saving cache.
2025-08-22T09:24:15.1611048Z Post job cleanup.
2025-08-22T09:24:15.3199382Z Cache hit occurred on the primary key setup-python-Linux-x64-24.04-Ubuntu-python-3.11.13-pip-cc13ccef493b9f3a93ad5651164d9fb09282c1111f6f72ce20e0657de16de6b4, not saving cache.
2025-08-22T09:24:15.3294291Z Post job cleanup.
2025-08-22T09:24:15.4049334Z [command]/usr/bin/git version
2025-08-22T09:24:15.4083819Z git version 2.51.0
2025-08-22T09:24:15.4121133Z Temporarily overriding HOME='/home/runner/work/_temp/54d29531-1eea-4907-afdf-2a33b669c133' before making global git config changes
2025-08-22T09:24:15.4122444Z Adding repository directory to the temporary git global config as a safe directory
2025-08-22T09:24:15.4127009Z [command]/usr/bin/git config --global --add safe.directory /home/runner/work/AWA-App/AWA-App
2025-08-22T09:24:15.4163089Z [command]/usr/bin/git config --local --name-only --get-regexp core\.sshCommand
2025-08-22T09:24:15.4194364Z [command]/usr/bin/git submodule foreach --recursive sh -c "git config --local --name-only --get-regexp 'core\.sshCommand' && git config --local --unset-all 'core.sshCommand' || :"
2025-08-22T09:24:15.4416907Z [command]/usr/bin/git config --local --name-only --get-regexp http\.https\:\/\/github\.com\/\.extraheader
2025-08-22T09:24:15.4439045Z http.https://github.com/.extraheader
2025-08-22T09:24:15.4449624Z [command]/usr/bin/git config --local --unset-all http.https://github.com/.extraheader
2025-08-22T09:24:15.4481894Z [command]/usr/bin/git submodule foreach --recursive sh -c "git config --local --name-only --get-regexp 'http\.https\:\/\/github\.com\/\.extraheader' && git config --local --unset-all 'http.https://github.com/.extraheader' || :"
2025-08-22T09:24:15.4797894Z Print service container logs: 9760b2d50a8a4fdaa3c9db5642e3dfe1_postgres15_81ff26
2025-08-22T09:24:15.4802675Z ##[command]/usr/bin/docker logs --details aa8fd21d1e1920e34a0f11204c67556555a3b962d7b9a83cf7d58c2416b3e940
2025-08-22T09:24:15.4916035Z  The files belonging to this database system will be owned by user "postgres".
2025-08-22T09:24:15.4917895Z  initdb: warning: enabling "trust" authentication for local connections
2025-08-22T09:24:15.4918583Z  This user must also own the server process.
2025-08-22T09:24:15.4919224Z  
2025-08-22T09:24:15.4919644Z  The database cluster will be initialized with locale "en_US.utf8".
2025-08-22T09:24:15.4920352Z  The default database encoding has accordingly been set to "UTF8".
2025-08-22T09:24:15.4920981Z  The default text search configuration will be set to "english".
2025-08-22T09:24:15.4921538Z  
2025-08-22T09:24:15.4921850Z  Data page checksums are disabled.
2025-08-22T09:24:15.4922253Z  
2025-08-22T09:24:15.4922782Z  fixing permissions on existing directory /var/lib/postgresql/data ... ok
2025-08-22T09:24:15.4923424Z  creating subdirectories ... ok
2025-08-22T09:24:15.4923949Z  selecting dynamic shared memory implementation ... posix
2025-08-22T09:24:15.4924507Z  selecting default max_connections ... 100
2025-08-22T09:24:15.4924987Z  selecting default shared_buffers ... 128MB
2025-08-22T09:24:15.4925460Z  selecting default time zone ... Etc/UTC
2025-08-22T09:24:15.4925908Z  creating configuration files ... ok
2025-08-22T09:24:15.4926343Z  running bootstrap script ... ok
2025-08-22T09:24:15.4926814Z  performing post-bootstrap initialization ... ok
2025-08-22T09:24:15.4927304Z  syncing data to disk ... ok
2025-08-22T09:24:15.4927660Z  
2025-08-22T09:24:15.4927918Z  
2025-08-22T09:24:15.4928261Z  Success. You can now start the database server using:
2025-08-22T09:24:15.4928905Z  
2025-08-22T09:24:15.4929243Z      pg_ctl -D /var/lib/postgresql/data -l logfile start
2025-08-22T09:24:15.4929700Z  
2025-08-22T09:24:15.4930647Z  waiting for server to start....2025-08-22 09:23:18.300 UTC [48] LOG:  starting PostgreSQL 15.14 (Debian 15.14-1.pgdg13+1) on x86_64-pc-linux-gnu, compiled by gcc (Debian 14.2.0-19) 14.2.0, 64-bit
2025-08-22T09:24:15.4931943Z  2025-08-22 09:23:18.301 UTC [48] LOG:  listening on Unix socket "/var/run/postgresql/.s.PGSQL.5432"
2025-08-22T09:24:15.4933079Z  2025-08-22 09:23:18.304 UTC [51] LOG:  database system was shut down at 2025-08-22 09:23:18 UTC
2025-08-22T09:24:15.4934194Z  initdb: hint: You can change this by editing pg_hba.conf or using the option -A, or --auth-local and --auth-host, the next time you run initdb.
2025-08-22T09:24:15.4935578Z  2025-08-22 09:23:18.604 UTC [1] LOG:  starting PostgreSQL 15.14 (Debian 15.14-1.pgdg13+1) on x86_64-pc-linux-gnu, compiled by gcc (Debian 14.2.0-19) 14.2.0, 64-bit
2025-08-22T09:24:15.4936627Z  2025-08-22 09:23:18.604 UTC [1] LOG:  listening on IPv4 address "0.0.0.0", port 5432
2025-08-22T09:24:15.4937525Z  2025-08-22 09:23:18.604 UTC [1] LOG:  listening on IPv6 address "::", port 5432
2025-08-22T09:24:15.4938255Z  2025-08-22 09:23:18.605 UTC [1] LOG:  listening on Unix socket "/var/run/postgresql/.s.PGSQL.5432"
2025-08-22T09:24:15.4938952Z  2025-08-22 09:23:18.608 UTC [64] LOG:  database system was shut down at 2025-08-22 09:23:18 UTC
2025-08-22T09:24:15.4939427Z  2025-08-22 09:23:18.615 UTC [1] LOG:  database system is ready to accept connections
2025-08-22T09:24:15.4939897Z  2025-08-22 09:23:18.308 UTC [48] LOG:  database system is ready to accept connections
2025-08-22T09:24:15.4940239Z   done
2025-08-22T09:24:15.4940410Z  server started
2025-08-22T09:24:15.4940601Z  CREATE DATABASE
2025-08-22T09:24:15.4940782Z  
2025-08-22T09:24:15.4940937Z  
2025-08-22T09:24:15.4941247Z  /usr/local/bin/docker-entrypoint.sh: ignoring /docker-entrypoint-initdb.d/*
2025-08-22T09:24:15.4941616Z  
2025-08-22T09:24:15.4941849Z  2025-08-22 09:23:18.485 UTC [48] LOG:  received fast shutdown request
2025-08-22T09:24:15.4942550Z  waiting for server to shut down....2025-08-22 09:23:18.485 UTC [48] LOG:  aborting any active transactions
2025-08-22T09:24:15.4943176Z  2025-08-22 09:23:18.487 UTC [48] LOG:  background worker "logical replication launcher" (PID 54) exited with exit code 1
2025-08-22T09:24:15.4943652Z  2025-08-22 09:23:18.487 UTC [49] LOG:  shutting down
2025-08-22T09:24:15.4943998Z  2025-08-22 09:23:18.488 UTC [49] LOG:  checkpoint starting: shutdown immediate
2025-08-22T09:24:15.4944845Z  2025-08-22 09:23:18.509 UTC [49] LOG:  checkpoint complete: wrote 922 buffers (5.6%); 0 WAL file(s) added, 0 removed, 0 recycled; write=0.014 s, sync=0.004 s, total=0.022 s; sync files=301, longest=0.002 s, average=0.001 s; distance=4239 kB, estimate=4239 kB
2025-08-22T09:24:15.4945676Z  2025-08-22 09:23:18.515 UTC [48] LOG:  database system is shut down
2025-08-22T09:24:15.4945975Z   done
2025-08-22T09:24:15.4946149Z  server stopped
2025-08-22T09:24:15.4946332Z  
2025-08-22T09:24:15.4946560Z  PostgreSQL init process complete; ready for start up.
2025-08-22T09:24:15.4946843Z  
2025-08-22T09:24:15.4952450Z Stop and remove container: 9760b2d50a8a4fdaa3c9db5642e3dfe1_postgres15_81ff26
2025-08-22T09:24:15.4957123Z ##[command]/usr/bin/docker rm --force aa8fd21d1e1920e34a0f11204c67556555a3b962d7b9a83cf7d58c2416b3e940
2025-08-22T09:24:16.3112324Z aa8fd21d1e1920e34a0f11204c67556555a3b962d7b9a83cf7d58c2416b3e940
2025-08-22T09:24:16.3140046Z Remove container network: github_network_0e03fc8e2c1f4f9c8cbb0ceb88931cd1
2025-08-22T09:24:16.3144274Z ##[command]/usr/bin/docker network rm github_network_0e03fc8e2c1f4f9c8cbb0ceb88931cd1
2025-08-22T09:24:16.4616983Z github_network_0e03fc8e2c1f4f9c8cbb0ceb88931cd1
2025-08-22T09:24:16.4675030Z Cleaning up orphan processes
