2025-08-19T10:29:58.5439104Z Current runner version: '2.327.1'
2025-08-19T10:29:58.5462927Z ##[group]Runner Image Provisioner
2025-08-19T10:29:58.5463771Z Hosted Compute Agent
2025-08-19T10:29:58.5464272Z Version: 20250818.377
2025-08-19T10:29:58.5464972Z Commit: 3c593e9f75fe0b87e893bca80d6e12ba089c61fc
2025-08-19T10:29:58.5465717Z Build Date: 2025-08-18T14:52:18Z
2025-08-19T10:29:58.5466270Z ##[endgroup]
2025-08-19T10:29:58.5466816Z ##[group]Operating System
2025-08-19T10:29:58.5467349Z Ubuntu
2025-08-19T10:29:58.5467846Z 24.04.2
2025-08-19T10:29:58.5468260Z LTS
2025-08-19T10:29:58.5468807Z ##[endgroup]
2025-08-19T10:29:58.5469249Z ##[group]Runner Image
2025-08-19T10:29:58.5469809Z Image: ubuntu-24.04
2025-08-19T10:29:58.5470410Z Version: 20250810.1.0
2025-08-19T10:29:58.5471378Z Included Software: https://github.com/actions/runner-images/blob/ubuntu24/20250810.1/images/ubuntu/Ubuntu2404-Readme.md
2025-08-19T10:29:58.5473083Z Image Release: https://github.com/actions/runner-images/releases/tag/ubuntu24%2F20250810.1
2025-08-19T10:29:58.5474085Z ##[endgroup]
2025-08-19T10:29:58.5476529Z ##[group]GITHUB_TOKEN Permissions
2025-08-19T10:29:58.5478439Z Actions: write
2025-08-19T10:29:58.5478965Z Attestations: write
2025-08-19T10:29:58.5479624Z Checks: write
2025-08-19T10:29:58.5480070Z Contents: write
2025-08-19T10:29:58.5480546Z Deployments: write
2025-08-19T10:29:58.5481119Z Discussions: write
2025-08-19T10:29:58.5481805Z Issues: write
2025-08-19T10:29:58.5482404Z Metadata: read
2025-08-19T10:29:58.5482971Z Models: read
2025-08-19T10:29:58.5483455Z Packages: write
2025-08-19T10:29:58.5483912Z Pages: write
2025-08-19T10:29:58.5484466Z PullRequests: write
2025-08-19T10:29:58.5484952Z RepositoryProjects: write
2025-08-19T10:29:58.5485519Z SecurityEvents: write
2025-08-19T10:29:58.5486235Z Statuses: write
2025-08-19T10:29:58.5486725Z ##[endgroup]
2025-08-19T10:29:58.5489430Z Secret source: Actions
2025-08-19T10:29:58.5490535Z Prepare workflow directory
2025-08-19T10:29:58.5913197Z Prepare all required actions
2025-08-19T10:29:58.5950838Z Getting action download info
2025-08-19T10:29:58.9228926Z Download action repository 'actions/checkout@v4' (SHA:08eba0b27e820071cde6df949e0beb9ba4906955)
2025-08-19T10:29:59.2687113Z Download action repository 'actions/setup-python@v5' (SHA:a26af69be951a213d495a4c3e4e4022e16d87065)
2025-08-19T10:29:59.5648385Z Download action repository 'actions/cache@v4' (SHA:0400d5f644dc74513175e3cd8d07132dd4860809)
2025-08-19T10:29:59.8814207Z Download action repository 'actions/upload-artifact@v4' (SHA:ea165f8d65b6e75b540449e92b4886f43607fa02)
2025-08-19T10:30:00.1597136Z Complete job name: integration-db
2025-08-19T10:30:00.2152639Z ##[group]Checking docker version
2025-08-19T10:30:00.2166174Z ##[command]/usr/bin/docker version --format '{{.Server.APIVersion}}'
2025-08-19T10:30:00.2991298Z '1.48'
2025-08-19T10:30:00.3004096Z Docker daemon API version: '1.48'
2025-08-19T10:30:00.3005447Z ##[command]/usr/bin/docker version --format '{{.Client.APIVersion}}'
2025-08-19T10:30:00.3160641Z '1.48'
2025-08-19T10:30:00.3174557Z Docker client API version: '1.48'
2025-08-19T10:30:00.3179723Z ##[endgroup]
2025-08-19T10:30:00.3183527Z ##[group]Clean up resources from previous jobs
2025-08-19T10:30:00.3189642Z ##[command]/usr/bin/docker ps --all --quiet --no-trunc --filter "label=dea336"
2025-08-19T10:30:00.3327465Z ##[command]/usr/bin/docker network prune --force --filter "label=dea336"
2025-08-19T10:30:00.3512803Z ##[endgroup]
2025-08-19T10:30:00.3513657Z ##[group]Create local container network
2025-08-19T10:30:00.3524927Z ##[command]/usr/bin/docker network create --label dea336 github_network_400af2cb9131447ab0bbb73318096a10
2025-08-19T10:30:00.4035827Z 3eadb6c83ac1866eb253467da7c83f36f2cc49363c913070ee0b146421777cee
2025-08-19T10:30:00.4055332Z ##[endgroup]
2025-08-19T10:30:00.4080897Z ##[group]Starting postgres service container
2025-08-19T10:30:00.4101205Z ##[command]/usr/bin/docker pull postgres:15
2025-08-19T10:30:00.6838165Z 15: Pulling from library/postgres
2025-08-19T10:30:00.7434404Z 396b1da7636e: Pulling fs layer
2025-08-19T10:30:00.7436290Z fca2566eba32: Pulling fs layer
2025-08-19T10:30:00.7437465Z 631fe8c6d606: Pulling fs layer
2025-08-19T10:30:00.7438674Z 77c7671c4414: Pulling fs layer
2025-08-19T10:30:00.7440618Z 2d9e29180a27: Pulling fs layer
2025-08-19T10:30:00.7442046Z c6bcc2c9a041: Pulling fs layer
2025-08-19T10:30:00.7443157Z ac4b721eb66f: Pulling fs layer
2025-08-19T10:30:00.7444252Z 606bd164980e: Pulling fs layer
2025-08-19T10:30:00.7445370Z f5dfd246bc6e: Pulling fs layer
2025-08-19T10:30:00.7446441Z ba7036bb0a60: Pulling fs layer
2025-08-19T10:30:00.7447524Z 799f859abbbd: Pulling fs layer
2025-08-19T10:30:00.7448607Z d903e777080c: Pulling fs layer
2025-08-19T10:30:00.7449660Z 04adcb462801: Pulling fs layer
2025-08-19T10:30:00.7450731Z 5c10925b29ff: Pulling fs layer
2025-08-19T10:30:00.7451913Z d903e777080c: Waiting
2025-08-19T10:30:00.7452870Z f5dfd246bc6e: Waiting
2025-08-19T10:30:00.7453814Z 77c7671c4414: Waiting
2025-08-19T10:30:00.7454748Z ba7036bb0a60: Waiting
2025-08-19T10:30:00.7455682Z 2d9e29180a27: Waiting
2025-08-19T10:30:00.7456631Z 799f859abbbd: Waiting
2025-08-19T10:30:00.7457581Z c6bcc2c9a041: Waiting
2025-08-19T10:30:00.7458526Z ac4b721eb66f: Waiting
2025-08-19T10:30:00.7459467Z 04adcb462801: Waiting
2025-08-19T10:30:00.7460420Z 606bd164980e: Waiting
2025-08-19T10:30:00.7461413Z 5c10925b29ff: Waiting
2025-08-19T10:30:00.8489450Z fca2566eba32: Verifying Checksum
2025-08-19T10:30:00.8491269Z fca2566eba32: Download complete
2025-08-19T10:30:00.8938588Z 631fe8c6d606: Verifying Checksum
2025-08-19T10:30:00.8940856Z 631fe8c6d606: Download complete
2025-08-19T10:30:00.9520126Z 77c7671c4414: Download complete
2025-08-19T10:30:01.0181271Z 2d9e29180a27: Verifying Checksum
2025-08-19T10:30:01.0183450Z 2d9e29180a27: Download complete
2025-08-19T10:30:01.0466522Z c6bcc2c9a041: Verifying Checksum
2025-08-19T10:30:01.0468210Z c6bcc2c9a041: Download complete
2025-08-19T10:30:01.0917874Z ac4b721eb66f: Verifying Checksum
2025-08-19T10:30:01.0920152Z ac4b721eb66f: Download complete
2025-08-19T10:30:01.1255929Z 606bd164980e: Verifying Checksum
2025-08-19T10:30:01.1257851Z 606bd164980e: Download complete
2025-08-19T10:30:01.2084697Z ba7036bb0a60: Verifying Checksum
2025-08-19T10:30:01.2086997Z ba7036bb0a60: Download complete
2025-08-19T10:30:01.2374411Z 396b1da7636e: Verifying Checksum
2025-08-19T10:30:01.2378959Z 396b1da7636e: Download complete
2025-08-19T10:30:01.2843216Z 799f859abbbd: Download complete
2025-08-19T10:30:01.3115764Z d903e777080c: Verifying Checksum
2025-08-19T10:30:01.3119406Z d903e777080c: Download complete
2025-08-19T10:30:01.3782965Z 04adcb462801: Verifying Checksum
2025-08-19T10:30:01.3785388Z 04adcb462801: Download complete
2025-08-19T10:30:01.3871567Z 5c10925b29ff: Verifying Checksum
2025-08-19T10:30:01.3873648Z 5c10925b29ff: Download complete
2025-08-19T10:30:02.3263502Z f5dfd246bc6e: Verifying Checksum
2025-08-19T10:30:02.3264368Z f5dfd246bc6e: Download complete
2025-08-19T10:30:02.3284178Z 396b1da7636e: Pull complete
2025-08-19T10:30:02.6176153Z fca2566eba32: Pull complete
2025-08-19T10:30:02.7876463Z 631fe8c6d606: Pull complete
2025-08-19T10:30:02.8311947Z 77c7671c4414: Pull complete
2025-08-19T10:30:03.1365163Z 2d9e29180a27: Pull complete
2025-08-19T10:30:03.2378574Z c6bcc2c9a041: Pull complete
2025-08-19T10:30:03.2485088Z ac4b721eb66f: Pull complete
2025-08-19T10:30:03.2603231Z 606bd164980e: Pull complete
2025-08-19T10:30:06.2363227Z f5dfd246bc6e: Pull complete
2025-08-19T10:30:06.2508087Z ba7036bb0a60: Pull complete
2025-08-19T10:30:06.2634604Z 799f859abbbd: Pull complete
2025-08-19T10:30:06.2745764Z d903e777080c: Pull complete
2025-08-19T10:30:06.2858696Z 04adcb462801: Pull complete
2025-08-19T10:30:06.2971789Z 5c10925b29ff: Pull complete
2025-08-19T10:30:06.3027769Z Digest: sha256:bc51cf4f1fe02cce7ed2370b20128a9b00b4eb804573a77d2a0d877aaa9c82b1
2025-08-19T10:30:06.3040238Z Status: Downloaded newer image for postgres:15
2025-08-19T10:30:06.3049554Z docker.io/library/postgres:15
2025-08-19T10:30:06.3114447Z ##[command]/usr/bin/docker create --name f0844bdc36064dbf9686ff842b519e2a_postgres15_8093d6 --label dea336 --network github_network_400af2cb9131447ab0bbb73318096a10 --network-alias postgres -p 5432:5432 --health-cmd="pg_isready -U postgres -d awa" --health-interval=5s --health-timeout=5s --health-retries=10 -e "POSTGRES_USER=postgres" -e "POSTGRES_PASSWORD=pass" -e "POSTGRES_DB=awa" -e GITHUB_ACTIONS=true -e CI=true postgres:15
2025-08-19T10:30:06.3374075Z 7f5fdda3020bb6ae1cdde759fa5935a225403eccd0cc4db3ab08c5ae969cd349
2025-08-19T10:30:06.3398877Z ##[command]/usr/bin/docker start 7f5fdda3020bb6ae1cdde759fa5935a225403eccd0cc4db3ab08c5ae969cd349
2025-08-19T10:30:06.5175823Z 7f5fdda3020bb6ae1cdde759fa5935a225403eccd0cc4db3ab08c5ae969cd349
2025-08-19T10:30:06.5200779Z ##[command]/usr/bin/docker ps --all --filter id=7f5fdda3020bb6ae1cdde759fa5935a225403eccd0cc4db3ab08c5ae969cd349 --filter status=running --no-trunc --format "{{.ID}} {{.Status}}"
2025-08-19T10:30:06.5350534Z 7f5fdda3020bb6ae1cdde759fa5935a225403eccd0cc4db3ab08c5ae969cd349 Up Less than a second (health: starting)
2025-08-19T10:30:06.5374571Z ##[command]/usr/bin/docker port 7f5fdda3020bb6ae1cdde759fa5935a225403eccd0cc4db3ab08c5ae969cd349
2025-08-19T10:30:06.5501096Z 5432/tcp -> 0.0.0.0:5432
2025-08-19T10:30:06.5502488Z 5432/tcp -> [::]:5432
2025-08-19T10:30:06.5549127Z ##[endgroup]
2025-08-19T10:30:06.5558120Z ##[group]Waiting for all services to be ready
2025-08-19T10:30:06.5571531Z ##[command]/usr/bin/docker inspect --format="{{if .Config.Healthcheck}}{{print .State.Health.Status}}{{end}}" 7f5fdda3020bb6ae1cdde759fa5935a225403eccd0cc4db3ab08c5ae969cd349
2025-08-19T10:30:06.5706284Z starting
2025-08-19T10:30:06.5728050Z postgres service is starting, waiting 2 seconds before checking again.
2025-08-19T10:30:08.5729453Z ##[command]/usr/bin/docker inspect --format="{{if .Config.Healthcheck}}{{print .State.Health.Status}}{{end}}" 7f5fdda3020bb6ae1cdde759fa5935a225403eccd0cc4db3ab08c5ae969cd349
2025-08-19T10:30:08.5852251Z starting
2025-08-19T10:30:08.5866668Z postgres service is starting, waiting 3 seconds before checking again.
2025-08-19T10:30:12.5304115Z ##[command]/usr/bin/docker inspect --format="{{if .Config.Healthcheck}}{{print .State.Health.Status}}{{end}}" 7f5fdda3020bb6ae1cdde759fa5935a225403eccd0cc4db3ab08c5ae969cd349
2025-08-19T10:30:12.5423751Z healthy
2025-08-19T10:30:12.5439905Z postgres service is healthy.
2025-08-19T10:30:12.5440708Z ##[endgroup]
2025-08-19T10:30:12.5857536Z ##[group]Run actions/checkout@v4
2025-08-19T10:30:12.5858058Z with:
2025-08-19T10:30:12.5858239Z   fetch-depth: 0
2025-08-19T10:30:12.5858439Z   repository: AlexBomber12/AWA-App
2025-08-19T10:30:12.5858808Z   token: ***
2025-08-19T10:30:12.5858994Z   ssh-strict: true
2025-08-19T10:30:12.5859170Z   ssh-user: git
2025-08-19T10:30:12.5859355Z   persist-credentials: true
2025-08-19T10:30:12.5859557Z   clean: true
2025-08-19T10:30:12.5859746Z   sparse-checkout-cone-mode: true
2025-08-19T10:30:12.5859962Z   fetch-tags: false
2025-08-19T10:30:12.5860140Z   show-progress: true
2025-08-19T10:30:12.5860314Z   lfs: false
2025-08-19T10:30:12.5860471Z   submodules: false
2025-08-19T10:30:12.5860664Z   set-safe-directory: true
2025-08-19T10:30:12.5861037Z ##[endgroup]
2025-08-19T10:30:12.6935116Z Syncing repository: AlexBomber12/AWA-App
2025-08-19T10:30:12.6936343Z ##[group]Getting Git version info
2025-08-19T10:30:12.6936923Z Working directory is '/home/runner/work/AWA-App/AWA-App'
2025-08-19T10:30:12.6937836Z [command]/usr/bin/git version
2025-08-19T10:30:12.6973280Z git version 2.50.1
2025-08-19T10:30:12.6998814Z ##[endgroup]
2025-08-19T10:30:12.7014745Z Temporarily overriding HOME='/home/runner/work/_temp/92f80865-674e-4af8-be11-c352ad34f502' before making global git config changes
2025-08-19T10:30:12.7015979Z Adding repository directory to the temporary git global config as a safe directory
2025-08-19T10:30:12.7020653Z [command]/usr/bin/git config --global --add safe.directory /home/runner/work/AWA-App/AWA-App
2025-08-19T10:30:12.7056716Z Deleting the contents of '/home/runner/work/AWA-App/AWA-App'
2025-08-19T10:30:12.7061151Z ##[group]Initializing the repository
2025-08-19T10:30:12.7066189Z [command]/usr/bin/git init /home/runner/work/AWA-App/AWA-App
2025-08-19T10:30:12.7128809Z hint: Using 'master' as the name for the initial branch. This default branch name
2025-08-19T10:30:12.7129651Z hint: is subject to change. To configure the initial branch name to use in all
2025-08-19T10:30:12.7130444Z hint: of your new repositories, which will suppress this warning, call:
2025-08-19T10:30:12.7131044Z hint:
2025-08-19T10:30:12.7131341Z hint: 	git config --global init.defaultBranch <name>
2025-08-19T10:30:12.7131891Z hint:
2025-08-19T10:30:12.7132332Z hint: Names commonly chosen instead of 'master' are 'main', 'trunk' and
2025-08-19T10:30:12.7133128Z hint: 'development'. The just-created branch can be renamed via this command:
2025-08-19T10:30:12.7133724Z hint:
2025-08-19T10:30:12.7134063Z hint: 	git branch -m <name>
2025-08-19T10:30:12.7134438Z hint:
2025-08-19T10:30:12.7134955Z hint: Disable this message with "git config set advice.defaultBranchName false"
2025-08-19T10:30:12.7135814Z Initialized empty Git repository in /home/runner/work/AWA-App/AWA-App/.git/
2025-08-19T10:30:12.7144351Z [command]/usr/bin/git remote add origin https://github.com/AlexBomber12/AWA-App
2025-08-19T10:30:12.7175469Z ##[endgroup]
2025-08-19T10:30:12.7175857Z ##[group]Disabling automatic garbage collection
2025-08-19T10:30:12.7179624Z [command]/usr/bin/git config --local gc.auto 0
2025-08-19T10:30:12.7207029Z ##[endgroup]
2025-08-19T10:30:12.7207378Z ##[group]Setting up auth
2025-08-19T10:30:12.7213917Z [command]/usr/bin/git config --local --name-only --get-regexp core\.sshCommand
2025-08-19T10:30:12.7242930Z [command]/usr/bin/git submodule foreach --recursive sh -c "git config --local --name-only --get-regexp 'core\.sshCommand' && git config --local --unset-all 'core.sshCommand' || :"
2025-08-19T10:30:12.7506919Z [command]/usr/bin/git config --local --name-only --get-regexp http\.https\:\/\/github\.com\/\.extraheader
2025-08-19T10:30:12.7537737Z [command]/usr/bin/git submodule foreach --recursive sh -c "git config --local --name-only --get-regexp 'http\.https\:\/\/github\.com\/\.extraheader' && git config --local --unset-all 'http.https://github.com/.extraheader' || :"
2025-08-19T10:30:12.7755057Z [command]/usr/bin/git config --local http.https://github.com/.extraheader AUTHORIZATION: basic ***
2025-08-19T10:30:12.7789003Z ##[endgroup]
2025-08-19T10:30:12.7789417Z ##[group]Fetching the repository
2025-08-19T10:30:12.7797042Z [command]/usr/bin/git -c protocol.version=2 fetch --prune --no-recurse-submodules origin +refs/heads/*:refs/remotes/origin/* +refs/tags/*:refs/tags/* +0d80d88002f53a3a3d1e4e9f8cdabb4db9eb3a34:refs/remotes/pull/272/merge
2025-08-19T10:30:14.4680110Z From https://github.com/AlexBomber12/AWA-App
2025-08-19T10:30:14.4681172Z  * [new branch]        codex/analyze-ci-logs-and-implement-fixes -> origin/codex/analyze-ci-logs-and-implement-fixes
2025-08-19T10:30:14.4682311Z  * [new branch]        codex/fix-ci-workflows-based-on-logs-analysis -> origin/codex/fix-ci-workflows-based-on-logs-analysis
2025-08-19T10:30:14.4683928Z  * [new branch]        codex/implement-ingest/etl-tests-pr#2    -> origin/codex/implement-ingest/etl-tests-pr#2
2025-08-19T10:30:14.4686483Z  * [new branch]        codex/implement-testing-infrastructure-updates -> origin/codex/implement-testing-infrastructure-updates
2025-08-19T10:30:14.4688181Z  * [new branch]        gh-pages                                 -> origin/gh-pages
2025-08-19T10:30:14.4690252Z  * [new branch]        main                                     -> origin/main
2025-08-19T10:30:14.4691990Z  * [new tag]           0.3.0                                    -> 0.3.0
2025-08-19T10:30:14.4695480Z  * [new ref]           0d80d88002f53a3a3d1e4e9f8cdabb4db9eb3a34 -> pull/272/merge
2025-08-19T10:30:14.4726095Z ##[endgroup]
2025-08-19T10:30:14.4726466Z ##[group]Determining the checkout info
2025-08-19T10:30:14.4727472Z ##[endgroup]
2025-08-19T10:30:14.4732770Z [command]/usr/bin/git sparse-checkout disable
2025-08-19T10:30:14.4770998Z [command]/usr/bin/git config --local --unset-all extensions.worktreeConfig
2025-08-19T10:30:14.4796916Z ##[group]Checking out the ref
2025-08-19T10:30:14.4800615Z [command]/usr/bin/git checkout --progress --force refs/remotes/pull/272/merge
2025-08-19T10:30:14.5159362Z Note: switching to 'refs/remotes/pull/272/merge'.
2025-08-19T10:30:14.5159801Z 
2025-08-19T10:30:14.5160197Z You are in 'detached HEAD' state. You can look around, make experimental
2025-08-19T10:30:14.5161101Z changes and commit them, and you can discard any commits you make in this
2025-08-19T10:30:14.5162273Z state without impacting any branches by switching back to a branch.
2025-08-19T10:30:14.5162806Z 
2025-08-19T10:30:14.5163168Z If you want to create a new branch to retain commits you create, you may
2025-08-19T10:30:14.5164002Z do so (now or later) by using -c with the switch command. Example:
2025-08-19T10:30:14.5164451Z 
2025-08-19T10:30:14.5164649Z   git switch -c <new-branch-name>
2025-08-19T10:30:14.5164963Z 
2025-08-19T10:30:14.5165136Z Or undo this operation with:
2025-08-19T10:30:14.5165451Z 
2025-08-19T10:30:14.5165596Z   git switch -
2025-08-19T10:30:14.5165805Z 
2025-08-19T10:30:14.5166177Z Turn off this advice by setting config variable advice.detachedHead to false
2025-08-19T10:30:14.5166701Z 
2025-08-19T10:30:14.5167094Z HEAD is now at 0d80d880 Merge 162d02299adbc85094810ac4aba364fe6cf35d4e into 401ba0700e5b80653bdfa33736b29d43812eca00
2025-08-19T10:30:14.5172633Z ##[endgroup]
2025-08-19T10:30:14.5211936Z [command]/usr/bin/git log -1 --format=%H
2025-08-19T10:30:14.5233772Z 0d80d88002f53a3a3d1e4e9f8cdabb4db9eb3a34
2025-08-19T10:30:14.5397987Z ##[group]Run cat .env.ci >> "$GITHUB_ENV"
2025-08-19T10:30:14.5398336Z [36;1mcat .env.ci >> "$GITHUB_ENV"[0m
2025-08-19T10:30:14.5399036Z [36;1mecho "DATABASE_URL=***localhost:5432/awa" >> "$GITHUB_ENV"[0m
2025-08-19T10:30:14.5399383Z [36;1mecho "PG_HOST=localhost" >> "$GITHUB_ENV"[0m
2025-08-19T10:30:14.5399678Z [36;1mecho "PG_PORT=5432" >> "$GITHUB_ENV"[0m
2025-08-19T10:30:14.5399957Z [36;1mecho "PG_USER=postgres" >> "$GITHUB_ENV"[0m
2025-08-19T10:30:14.5400250Z [36;1mecho "PG_PASSWORD=pass" >> "$GITHUB_ENV"[0m
2025-08-19T10:30:14.5400531Z [36;1mecho "PG_DATABASE=awa" >> "$GITHUB_ENV"[0m
2025-08-19T10:30:14.5400801Z [36;1mecho "TESTING=1" >> "$GITHUB_ENV"[0m
2025-08-19T10:30:14.5446274Z shell: /usr/bin/bash -e {0}
2025-08-19T10:30:14.5446520Z ##[endgroup]
2025-08-19T10:30:14.5622872Z ##[group]Run actions/setup-python@v5
2025-08-19T10:30:14.5623154Z with:
2025-08-19T10:30:14.5623338Z   python-version: 3.11
2025-08-19T10:30:14.5623533Z   cache: pip
2025-08-19T10:30:14.5623750Z   cache-dependency-path: requirements-dev.txt

2025-08-19T10:30:14.5624029Z   check-latest: false
2025-08-19T10:30:14.5624356Z   token: ***
2025-08-19T10:30:14.5624545Z   update-environment: true
2025-08-19T10:30:14.5624762Z   allow-prereleases: false
2025-08-19T10:30:14.5624964Z   freethreaded: false
2025-08-19T10:30:14.5625140Z env:
2025-08-19T10:30:14.5625300Z   PG_USER: postgres
2025-08-19T10:30:14.5625475Z   PG_PASSWORD: pass
2025-08-19T10:30:14.5625657Z   PG_DATABASE: awa
2025-08-19T10:30:14.5625859Z   PG_HOST: localhost
2025-08-19T10:30:14.5626037Z   PG_PORT: 5432
2025-08-19T10:30:14.5626422Z   PG_SYNC_DSN: ***localhost:5432/awa
2025-08-19T10:30:14.5626802Z   PG_ASYNC_DSN: ***localhost:5432/awa
2025-08-19T10:30:14.5627180Z   DATABASE_URL: ***localhost:5432/awa
2025-08-19T10:30:14.5627442Z   DATA_DIR: /tmp/awa-data
2025-08-19T10:30:14.5627633Z   ENABLE_LIVE: 0
2025-08-19T10:30:14.5627808Z   TESTING: 1
2025-08-19T10:30:14.5627969Z ##[endgroup]
2025-08-19T10:30:14.7285933Z ##[group]Installed versions
2025-08-19T10:30:14.7384014Z Successfully set up CPython (3.11.13)
2025-08-19T10:30:14.7384680Z ##[endgroup]
2025-08-19T10:30:14.7666526Z [command]/opt/hostedtoolcache/Python/3.11.13/x64/bin/pip cache dir
2025-08-19T10:30:15.0429671Z /home/runner/.cache/pip
2025-08-19T10:30:15.1543082Z Cache hit for: setup-python-Linux-x64-24.04-Ubuntu-python-3.11.13-pip-5e711acf40f5252f84577ca397f83ab64fb9d7dad68b245c8525eecd4c9b10ee
2025-08-19T10:30:16.2192722Z Received 222298112 of 268026051 (82.9%), 211.4 MBs/sec
2025-08-19T10:30:16.4207014Z Received 268026051 of 268026051 (100.0%), 211.6 MBs/sec
2025-08-19T10:30:16.4209286Z Cache Size: ~256 MB (268026051 B)
2025-08-19T10:30:16.4245990Z [command]/usr/bin/tar -xf /home/runner/work/_temp/85f83076-cfc2-41a0-9fe3-e18cb1f3e2af/cache.tzst -P -C /home/runner/work/AWA-App/AWA-App --use-compress-program unzstd
2025-08-19T10:30:16.8787054Z Cache restored successfully
2025-08-19T10:30:16.9293904Z Cache restored from key: setup-python-Linux-x64-24.04-Ubuntu-python-3.11.13-pip-5e711acf40f5252f84577ca397f83ab64fb9d7dad68b245c8525eecd4c9b10ee
2025-08-19T10:30:17.0010756Z ##[group]Run actions/cache@v4
2025-08-19T10:30:17.0011023Z with:
2025-08-19T10:30:17.0011246Z   path: ~/.cache/pip
.pytest_cache
~/.ruff_cache

2025-08-19T10:30:17.0011919Z   key: Linux-int-5e711acf40f5252f84577ca397f83ab64fb9d7dad68b245c8525eecd4c9b10ee
2025-08-19T10:30:17.0012327Z   restore-keys: Linux-int-
2025-08-19T10:30:17.0012557Z   enableCrossOsArchive: false
2025-08-19T10:30:17.0012802Z   fail-on-cache-miss: false
2025-08-19T10:30:17.0013016Z   lookup-only: false
2025-08-19T10:30:17.0013209Z   save-always: false
2025-08-19T10:30:17.0013385Z env:
2025-08-19T10:30:17.0013560Z   PG_USER: postgres
2025-08-19T10:30:17.0013757Z   PG_PASSWORD: pass
2025-08-19T10:30:17.0013945Z   PG_DATABASE: awa
2025-08-19T10:30:17.0014125Z   PG_HOST: localhost
2025-08-19T10:30:17.0014312Z   PG_PORT: 5432
2025-08-19T10:30:17.0014784Z   PG_SYNC_DSN: ***localhost:5432/awa
2025-08-19T10:30:17.0015239Z   PG_ASYNC_DSN: ***localhost:5432/awa
2025-08-19T10:30:17.0015657Z   DATABASE_URL: ***localhost:5432/awa
2025-08-19T10:30:17.0015901Z   DATA_DIR: /tmp/awa-data
2025-08-19T10:30:17.0016106Z   ENABLE_LIVE: 0
2025-08-19T10:30:17.0016283Z   TESTING: 1
2025-08-19T10:30:17.0016523Z   pythonLocation: /opt/hostedtoolcache/Python/3.11.13/x64
2025-08-19T10:30:17.0016927Z   PKG_CONFIG_PATH: /opt/hostedtoolcache/Python/3.11.13/x64/lib/pkgconfig
2025-08-19T10:30:17.0017321Z   Python_ROOT_DIR: /opt/hostedtoolcache/Python/3.11.13/x64
2025-08-19T10:30:17.0017669Z   Python2_ROOT_DIR: /opt/hostedtoolcache/Python/3.11.13/x64
2025-08-19T10:30:17.0018020Z   Python3_ROOT_DIR: /opt/hostedtoolcache/Python/3.11.13/x64
2025-08-19T10:30:17.0018372Z   LD_LIBRARY_PATH: /opt/hostedtoolcache/Python/3.11.13/x64/lib
2025-08-19T10:30:17.0018672Z ##[endgroup]
2025-08-19T10:30:17.2226916Z Cache hit for: Linux-int-5e711acf40f5252f84577ca397f83ab64fb9d7dad68b245c8525eecd4c9b10ee
2025-08-19T10:30:18.2885824Z Received 180355072 of 268030892 (67.3%), 171.8 MBs/sec
2025-08-19T10:30:18.6490639Z Received 268030892 of 268030892 (100.0%), 187.8 MBs/sec
2025-08-19T10:30:18.6493473Z Cache Size: ~256 MB (268030892 B)
2025-08-19T10:30:18.6557257Z [command]/usr/bin/tar -xf /home/runner/work/_temp/60cdc2b4-39a0-46c2-9ae4-a3ef17b079b6/cache.tzst -P -C /home/runner/work/AWA-App/AWA-App --use-compress-program unzstd
2025-08-19T10:30:19.1406515Z Cache restored successfully
2025-08-19T10:30:19.1998111Z Cache restored from key: Linux-int-5e711acf40f5252f84577ca397f83ab64fb9d7dad68b245c8525eecd4c9b10ee
2025-08-19T10:30:19.2127947Z ##[group]Run pip install -r requirements-dev.txt
2025-08-19T10:30:19.2128607Z [36;1mpip install -r requirements-dev.txt[0m
2025-08-19T10:30:19.2129155Z [36;1mpip install keepa==1.3.15 minio==7.1.15[0m
2025-08-19T10:30:19.2190388Z shell: /usr/bin/bash -e {0}
2025-08-19T10:30:19.2190788Z env:
2025-08-19T10:30:19.2191105Z   PG_USER: postgres
2025-08-19T10:30:19.2191464Z   PG_PASSWORD: pass
2025-08-19T10:30:19.2192162Z   PG_DATABASE: awa
2025-08-19T10:30:19.2192504Z   PG_HOST: localhost
2025-08-19T10:30:19.2192840Z   PG_PORT: 5432
2025-08-19T10:30:19.2193566Z   PG_SYNC_DSN: ***localhost:5432/awa
2025-08-19T10:30:19.2194273Z   PG_ASYNC_DSN: ***localhost:5432/awa
2025-08-19T10:30:19.2194949Z   DATABASE_URL: ***localhost:5432/awa
2025-08-19T10:30:19.2195363Z   DATA_DIR: /tmp/awa-data
2025-08-19T10:30:19.2195707Z   ENABLE_LIVE: 0
2025-08-19T10:30:19.2196013Z   TESTING: 1
2025-08-19T10:30:19.2196426Z   pythonLocation: /opt/hostedtoolcache/Python/3.11.13/x64
2025-08-19T10:30:19.2197414Z   PKG_CONFIG_PATH: /opt/hostedtoolcache/Python/3.11.13/x64/lib/pkgconfig
2025-08-19T10:30:19.2198088Z   Python_ROOT_DIR: /opt/hostedtoolcache/Python/3.11.13/x64
2025-08-19T10:30:19.2198712Z   Python2_ROOT_DIR: /opt/hostedtoolcache/Python/3.11.13/x64
2025-08-19T10:30:19.2199354Z   Python3_ROOT_DIR: /opt/hostedtoolcache/Python/3.11.13/x64
2025-08-19T10:30:19.2199985Z   LD_LIBRARY_PATH: /opt/hostedtoolcache/Python/3.11.13/x64/lib
2025-08-19T10:30:19.2200508Z ##[endgroup]
2025-08-19T10:30:19.7492558Z Collecting Jinja2==3.1.6 (from -r requirements-dev.txt (line 2))
2025-08-19T10:30:19.7508914Z   Using cached jinja2-3.1.6-py3-none-any.whl.metadata (2.9 kB)
2025-08-19T10:30:19.7747261Z Collecting alembic==1.13.1 (from -r requirements-dev.txt (line 3))
2025-08-19T10:30:19.7763546Z   Using cached alembic-1.13.1-py3-none-any.whl.metadata (7.4 kB)
2025-08-19T10:30:19.7947578Z Collecting apscheduler==3.10.4 (from -r requirements-dev.txt (line 4))
2025-08-19T10:30:19.7961897Z   Using cached APScheduler-3.10.4-py3-none-any.whl.metadata (5.7 kB)
2025-08-19T10:30:19.8139699Z Collecting asgi-correlation-id==4.3.1 (from -r requirements-dev.txt (line 5))
2025-08-19T10:30:19.8154973Z   Using cached asgi_correlation_id-4.3.1-py3-none-any.whl.metadata (28 kB)
2025-08-19T10:30:19.8659867Z Collecting asyncpg==0.30.0 (from -r requirements-dev.txt (line 6))
2025-08-19T10:30:19.8675007Z   Using cached asyncpg-0.30.0-cp311-cp311-manylinux_2_17_x86_64.manylinux2014_x86_64.whl.metadata (5.0 kB)
2025-08-19T10:30:19.9127633Z Collecting black==25.1.0 (from -r requirements-dev.txt (line 7))
2025-08-19T10:30:19.9143111Z   Using cached black-25.1.0-cp311-cp311-manylinux_2_17_x86_64.manylinux2014_x86_64.manylinux_2_28_x86_64.whl.metadata (81 kB)
2025-08-19T10:30:20.2154523Z Collecting boto3 (from -r requirements-dev.txt (line 8))
2025-08-19T10:30:20.2169804Z   Using cached boto3-1.40.12-py3-none-any.whl.metadata (6.7 kB)
2025-08-19T10:30:20.2470743Z Collecting redis==5.* (from -r requirements-dev.txt (line 9))
2025-08-19T10:30:20.2485276Z   Using cached redis-5.3.1-py3-none-any.whl.metadata (9.2 kB)
2025-08-19T10:30:20.2803649Z Collecting minio==7.* (from -r requirements-dev.txt (line 10))
2025-08-19T10:30:20.2817450Z   Using cached minio-7.2.16-py3-none-any.whl.metadata (6.5 kB)
2025-08-19T10:30:20.3122372Z Collecting celery==5.5.3 (from -r requirements-dev.txt (line 11))
2025-08-19T10:30:20.3135196Z   Using cached celery-5.5.3-py3-none-any.whl.metadata (22 kB)
2025-08-19T10:30:20.3698232Z Collecting fastapi==0.116.1 (from -r requirements-dev.txt (line 12))
2025-08-19T10:30:20.3712535Z   Using cached fastapi-0.116.1-py3-none-any.whl.metadata (28 kB)
2025-08-19T10:30:20.3880446Z Collecting fastapi-limiter==0.1.6 (from -r requirements-dev.txt (line 14))
2025-08-19T10:30:20.3893896Z   Using cached fastapi_limiter-0.1.6-py3-none-any.whl.metadata (5.3 kB)
2025-08-19T10:30:20.4104283Z Collecting httpx<0.29,>=0.27 (from -r requirements-dev.txt (line 15))
2025-08-19T10:30:20.4117417Z   Using cached httpx-0.28.1-py3-none-any.whl.metadata (7.1 kB)
2025-08-19T10:30:20.4253557Z Collecting imapclient==3.0.1 (from -r requirements-dev.txt (line 16))
2025-08-19T10:30:20.4266418Z   Using cached IMAPClient-3.0.1-py2.py3-none-any.whl.metadata (1.7 kB)
2025-08-19T10:30:20.4387289Z Collecting itsdangerous (from -r requirements-dev.txt (line 17))
2025-08-19T10:30:20.4400400Z   Using cached itsdangerous-2.2.0-py3-none-any.whl.metadata (1.9 kB)
2025-08-19T10:30:20.5524705Z Collecting mypy==1.* (from -r requirements-dev.txt (line 18))
2025-08-19T10:30:20.5540784Z   Using cached mypy-1.17.1-cp311-cp311-manylinux2014_x86_64.manylinux_2_17_x86_64.manylinux_2_28_x86_64.whl.metadata (2.2 kB)
2025-08-19T10:30:20.5668118Z Collecting mypy-extensions==1.1.0 (from -r requirements-dev.txt (line 19))
2025-08-19T10:30:20.5682121Z   Using cached mypy_extensions-1.1.0-py3-none-any.whl.metadata (1.1 kB)
2025-08-19T10:30:20.7276069Z Collecting numpy<2 (from -r requirements-dev.txt (line 20))
2025-08-19T10:30:20.7292237Z   Using cached numpy-1.26.4-cp311-cp311-manylinux_2_17_x86_64.manylinux2014_x86_64.whl.metadata (61 kB)
2025-08-19T10:30:20.7550614Z Collecting openpyxl==3.1.5 (from -r requirements-dev.txt (line 21))
2025-08-19T10:30:20.7564556Z   Using cached openpyxl-3.1.5-py2.py3-none-any.whl.metadata (2.5 kB)
2025-08-19T10:30:20.8607518Z Collecting pandas==2.2.* (from -r requirements-dev.txt (line 22))
2025-08-19T10:30:20.8623356Z   Using cached pandas-2.2.3-cp311-cp311-manylinux_2_17_x86_64.manylinux2014_x86_64.whl.metadata (89 kB)
2025-08-19T10:30:20.9507749Z Collecting psycopg2-binary==2.9.10 (from -r requirements-dev.txt (line 23))
2025-08-19T10:30:20.9523113Z   Using cached psycopg2_binary-2.9.10-cp311-cp311-manylinux_2_17_x86_64.manylinux2014_x86_64.whl.metadata (4.9 kB)
2025-08-19T10:30:20.9706070Z Collecting psycopg==3.2.9 (from psycopg[binary]==3.2.9->-r requirements-dev.txt (line 24))
2025-08-19T10:30:20.9719813Z   Using cached psycopg-3.2.9-py3-none-any.whl.metadata (4.5 kB)
2025-08-19T10:30:21.1029888Z Collecting pydantic==2.11.7 (from -r requirements-dev.txt (line 25))
2025-08-19T10:30:21.1045925Z   Using cached pydantic-2.11.7-py3-none-any.whl.metadata (67 kB)
2025-08-19T10:30:21.1083638Z Requirement already satisfied: setuptools in /opt/hostedtoolcache/Python/3.11.13/x64/lib/python3.11/site-packages (from -r requirements-dev.txt (line 26)) (65.5.0)
2025-08-19T10:30:21.1270622Z Collecting pytest-asyncio==0.23.6 (from -r requirements-dev.txt (line 27))
2025-08-19T10:30:21.1284875Z   Using cached pytest_asyncio-0.23.6-py3-none-any.whl.metadata (3.9 kB)
2025-08-19T10:30:21.1449311Z Collecting pytest-cov==6.2.1 (from -r requirements-dev.txt (line 28))
2025-08-19T10:30:21.1463047Z   Using cached pytest_cov-6.2.1-py3-none-any.whl.metadata (30 kB)
2025-08-19T10:30:21.1634340Z Collecting pytest-postgresql==7.0.2 (from -r requirements-dev.txt (line 29))
2025-08-19T10:30:21.1647876Z   Using cached pytest_postgresql-7.0.2-py3-none-any.whl.metadata (18 kB)
2025-08-19T10:30:21.1833838Z Collecting python-dotenv (from -r requirements-dev.txt (line 30))
2025-08-19T10:30:21.1847600Z   Using cached python_dotenv-1.1.1-py3-none-any.whl.metadata (24 kB)
2025-08-19T10:30:21.1996175Z Collecting python-multipart (from -r requirements-dev.txt (line 31))
2025-08-19T10:30:21.2009976Z   Using cached python_multipart-0.0.20-py3-none-any.whl.metadata (1.8 kB)
2025-08-19T10:30:21.2298407Z Collecting python-telegram-bot==22.3 (from -r requirements-dev.txt (line 32))
2025-08-19T10:30:21.2312183Z   Using cached python_telegram_bot-22.3-py3-none-any.whl.metadata (17 kB)
2025-08-19T10:30:21.2603763Z Collecting requests==2.32.4 (from -r requirements-dev.txt (line 33))
2025-08-19T10:30:21.2617803Z   Using cached requests-2.32.4-py3-none-any.whl.metadata (4.9 kB)
2025-08-19T10:30:21.2791840Z Collecting respx==0.22.0 (from -r requirements-dev.txt (line 34))
2025-08-19T10:30:21.2805797Z   Using cached respx-0.22.0-py2.py3-none-any.whl.metadata (4.1 kB)
2025-08-19T10:30:21.6406302Z Collecting ruff==0.4.4 (from -r requirements-dev.txt (line 35))
2025-08-19T10:30:21.6423063Z   Using cached ruff-0.4.4-py3-none-manylinux_2_17_x86_64.manylinux2014_x86_64.whl.metadata (23 kB)
2025-08-19T10:30:21.8952498Z Collecting sqlalchemy==2.0.29 (from -r requirements-dev.txt (line 36))
2025-08-19T10:30:21.8968327Z   Using cached SQLAlchemy-2.0.29-cp311-cp311-manylinux_2_17_x86_64.manylinux2014_x86_64.whl.metadata (9.6 kB)
2025-08-19T10:30:21.9192639Z Collecting structlog==24.1.0 (from -r requirements-dev.txt (line 37))
2025-08-19T10:30:21.9205886Z   Using cached structlog-24.1.0-py3-none-any.whl.metadata (6.9 kB)
2025-08-19T10:30:21.9398029Z Collecting testcontainers==4.10.0 (from testcontainers[postgres]==4.10.0->-r requirements-dev.txt (line 38))
2025-08-19T10:30:21.9410899Z   Using cached testcontainers-4.10.0-py3-none-any.whl.metadata (7.8 kB)
2025-08-19T10:30:21.9755938Z Collecting types-requests==2.32.0.20240602 (from -r requirements-dev.txt (line 39))
2025-08-19T10:30:21.9768978Z   Using cached types_requests-2.32.0.20240602-py3-none-any.whl.metadata (1.8 kB)
2025-08-19T10:30:21.9905175Z Collecting docspec-python==2.2.2 (from -r requirements-dev.txt (line 40))
2025-08-19T10:30:21.9918040Z   Using cached docspec_python-2.2.2-py3-none-any.whl.metadata (1.0 kB)
2025-08-19T10:30:22.0085331Z Collecting pydoc-markdown==4.8.2 (from -r requirements-dev.txt (line 41))
2025-08-19T10:30:22.0098349Z   Using cached pydoc_markdown-4.8.2-py3-none-any.whl.metadata (5.9 kB)
2025-08-19T10:30:22.0386600Z Collecting pandera==0.19.* (from -r requirements-dev.txt (line 42))
2025-08-19T10:30:22.0399827Z   Using cached pandera-0.19.3-py3-none-any.whl.metadata (15 kB)
2025-08-19T10:30:22.1439114Z Collecting MarkupSafe>=2.0 (from Jinja2==3.1.6->-r requirements-dev.txt (line 2))
2025-08-19T10:30:22.1454422Z   Using cached MarkupSafe-3.0.2-cp311-cp311-manylinux_2_17_x86_64.manylinux2014_x86_64.whl.metadata (4.0 kB)
2025-08-19T10:30:22.1758694Z Collecting Mako (from alembic==1.13.1->-r requirements-dev.txt (line 3))
2025-08-19T10:30:22.1772381Z   Using cached mako-1.3.10-py3-none-any.whl.metadata (2.9 kB)
2025-08-19T10:30:22.1962593Z Collecting typing-extensions>=4 (from alembic==1.13.1->-r requirements-dev.txt (line 3))
2025-08-19T10:30:22.1975758Z   Using cached typing_extensions-4.14.1-py3-none-any.whl.metadata (3.0 kB)
2025-08-19T10:30:22.2136128Z Collecting six>=1.4.0 (from apscheduler==3.10.4->-r requirements-dev.txt (line 4))
2025-08-19T10:30:22.2149255Z   Using cached six-1.17.0-py2.py3-none-any.whl.metadata (1.7 kB)
2025-08-19T10:30:22.2508736Z Collecting pytz (from apscheduler==3.10.4->-r requirements-dev.txt (line 4))
2025-08-19T10:30:22.2523252Z   Using cached pytz-2025.2-py2.py3-none-any.whl.metadata (22 kB)
2025-08-19T10:30:22.2707379Z Collecting tzlocal!=3.*,>=2.0 (from apscheduler==3.10.4->-r requirements-dev.txt (line 4))
2025-08-19T10:30:22.2720413Z   Using cached tzlocal-5.3.1-py3-none-any.whl.metadata (7.6 kB)
2025-08-19T10:30:22.3039839Z Collecting starlette>=0.18 (from asgi-correlation-id==4.3.1->-r requirements-dev.txt (line 5))
2025-08-19T10:30:22.3054233Z   Using cached starlette-0.47.2-py3-none-any.whl.metadata (6.2 kB)
2025-08-19T10:30:22.3268537Z Collecting click>=8.0.0 (from black==25.1.0->-r requirements-dev.txt (line 7))
2025-08-19T10:30:22.3281989Z   Using cached click-8.2.1-py3-none-any.whl.metadata (2.5 kB)
2025-08-19T10:30:22.3458692Z Collecting packaging>=22.0 (from black==25.1.0->-r requirements-dev.txt (line 7))
2025-08-19T10:30:22.3472110Z   Using cached packaging-25.0-py3-none-any.whl.metadata (3.3 kB)
2025-08-19T10:30:22.3607337Z Collecting pathspec>=0.9.0 (from black==25.1.0->-r requirements-dev.txt (line 7))
2025-08-19T10:30:22.3620533Z   Using cached pathspec-0.12.1-py3-none-any.whl.metadata (21 kB)
2025-08-19T10:30:22.3827058Z Collecting platformdirs>=2 (from black==25.1.0->-r requirements-dev.txt (line 7))
2025-08-19T10:30:22.3840142Z   Using cached platformdirs-4.3.8-py3-none-any.whl.metadata (12 kB)
2025-08-19T10:30:22.4047111Z Collecting billiard<5.0,>=4.2.1 (from celery==5.5.3->-r requirements-dev.txt (line 11))
2025-08-19T10:30:22.4060226Z   Using cached billiard-4.2.1-py3-none-any.whl.metadata (4.4 kB)
2025-08-19T10:30:22.4365488Z Collecting kombu<5.6,>=5.5.2 (from celery==5.5.3->-r requirements-dev.txt (line 11))
2025-08-19T10:30:22.4378649Z   Using cached kombu-5.5.4-py3-none-any.whl.metadata (3.5 kB)
2025-08-19T10:30:22.4550684Z Collecting vine<6.0,>=5.1.0 (from celery==5.5.3->-r requirements-dev.txt (line 11))
2025-08-19T10:30:22.4563772Z   Using cached vine-5.1.0-py3-none-any.whl.metadata (2.7 kB)
2025-08-19T10:30:22.4711351Z Collecting click-didyoumean>=0.3.0 (from celery==5.5.3->-r requirements-dev.txt (line 11))
2025-08-19T10:30:22.4724727Z   Using cached click_didyoumean-0.3.1-py3-none-any.whl.metadata (3.9 kB)
2025-08-19T10:30:22.4839418Z Collecting click-repl>=0.2.0 (from celery==5.5.3->-r requirements-dev.txt (line 11))
2025-08-19T10:30:22.4852460Z   Using cached click_repl-0.3.0-py3-none-any.whl.metadata (3.6 kB)
2025-08-19T10:30:22.4969110Z Collecting click-plugins>=1.1.1 (from celery==5.5.3->-r requirements-dev.txt (line 11))
2025-08-19T10:30:22.4982470Z   Using cached click_plugins-1.1.1.2-py2.py3-none-any.whl.metadata (6.5 kB)
2025-08-19T10:30:22.5133212Z Collecting python-dateutil>=2.8.2 (from celery==5.5.3->-r requirements-dev.txt (line 11))
2025-08-19T10:30:22.5147191Z   Using cached python_dateutil-2.9.0.post0-py2.py3-none-any.whl.metadata (8.4 kB)
2025-08-19T10:30:22.5549554Z Collecting annotated-types>=0.6.0 (from pydantic==2.11.7->-r requirements-dev.txt (line 25))
2025-08-19T10:30:22.5564064Z   Using cached annotated_types-0.7.0-py3-none-any.whl.metadata (15 kB)
2025-08-19T10:30:23.2107551Z Collecting pydantic-core==2.33.2 (from pydantic==2.11.7->-r requirements-dev.txt (line 25))
2025-08-19T10:30:23.2123304Z   Using cached pydantic_core-2.33.2-cp311-cp311-manylinux_2_17_x86_64.manylinux2014_x86_64.whl.metadata (6.8 kB)
2025-08-19T10:30:23.2284663Z Collecting typing-inspection>=0.4.0 (from pydantic==2.11.7->-r requirements-dev.txt (line 25))
2025-08-19T10:30:23.2297654Z   Using cached typing_inspection-0.4.1-py3-none-any.whl.metadata (2.6 kB)
2025-08-19T10:30:23.2570246Z Collecting et-xmlfile (from openpyxl==3.1.5->-r requirements-dev.txt (line 21))
2025-08-19T10:30:23.2583568Z   Using cached et_xmlfile-2.0.0-py3-none-any.whl.metadata (2.7 kB)
2025-08-19T10:30:23.2994511Z Collecting pytest<9,>=7.0.0 (from pytest-asyncio==0.23.6->-r requirements-dev.txt (line 27))
2025-08-19T10:30:23.3008342Z   Using cached pytest-8.4.1-py3-none-any.whl.metadata (7.7 kB)
2025-08-19T10:30:23.6754660Z Collecting coverage>=7.5 (from coverage[toml]>=7.5->pytest-cov==6.2.1->-r requirements-dev.txt (line 28))
2025-08-19T10:30:23.6770071Z   Using cached coverage-7.10.4-cp311-cp311-manylinux1_x86_64.manylinux_2_28_x86_64.manylinux_2_5_x86_64.whl.metadata (8.9 kB)
2025-08-19T10:30:23.6921278Z Collecting pluggy>=1.2 (from pytest-cov==6.2.1->-r requirements-dev.txt (line 28))
2025-08-19T10:30:23.6935587Z   Using cached pluggy-1.6.0-py3-none-any.whl.metadata (4.8 kB)
2025-08-19T10:30:23.7188725Z Collecting port-for>=0.7.3 (from pytest-postgresql==7.0.2->-r requirements-dev.txt (line 29))
2025-08-19T10:30:23.7202398Z   Using cached port_for-0.7.4-py3-none-any.whl.metadata (7.1 kB)
2025-08-19T10:30:23.7365662Z Collecting mirakuru>=2.6.0 (from pytest-postgresql==7.0.2->-r requirements-dev.txt (line 29))
2025-08-19T10:30:23.7379178Z   Using cached mirakuru-2.6.1-py3-none-any.whl.metadata (10 kB)
2025-08-19T10:30:23.8192445Z Collecting charset_normalizer<4,>=2 (from requests==2.32.4->-r requirements-dev.txt (line 33))
2025-08-19T10:30:23.8209024Z   Using cached charset_normalizer-3.4.3-cp311-cp311-manylinux2014_x86_64.manylinux_2_17_x86_64.manylinux_2_28_x86_64.whl.metadata (36 kB)
2025-08-19T10:30:23.8387256Z Collecting idna<4,>=2.5 (from requests==2.32.4->-r requirements-dev.txt (line 33))
2025-08-19T10:30:23.8401192Z   Using cached idna-3.10-py3-none-any.whl.metadata (10 kB)
2025-08-19T10:30:23.8697385Z Collecting urllib3<3,>=1.21.1 (from requests==2.32.4->-r requirements-dev.txt (line 33))
2025-08-19T10:30:23.8711483Z   Using cached urllib3-2.5.0-py3-none-any.whl.metadata (6.5 kB)
2025-08-19T10:30:23.9038101Z Collecting certifi>=2017.4.17 (from requests==2.32.4->-r requirements-dev.txt (line 33))
2025-08-19T10:30:23.9053224Z   Using cached certifi-2025.8.3-py3-none-any.whl.metadata (2.4 kB)
2025-08-19T10:30:24.0307014Z Collecting greenlet!=0.4.17 (from sqlalchemy==2.0.29->-r requirements-dev.txt (line 36))
2025-08-19T10:30:24.0323082Z   Using cached greenlet-3.2.4-cp311-cp311-manylinux_2_24_x86_64.manylinux_2_28_x86_64.whl.metadata (4.1 kB)
2025-08-19T10:30:24.0565481Z Collecting docker (from testcontainers==4.10.0->testcontainers[postgres]==4.10.0->-r requirements-dev.txt (line 38))
2025-08-19T10:30:24.0579271Z   Using cached docker-7.1.0-py3-none-any.whl.metadata (3.8 kB)
2025-08-19T10:30:24.1550928Z Collecting wrapt (from testcontainers==4.10.0->testcontainers[postgres]==4.10.0->-r requirements-dev.txt (line 38))
2025-08-19T10:30:24.1566782Z   Using cached wrapt-1.17.3-cp311-cp311-manylinux1_x86_64.manylinux_2_28_x86_64.manylinux_2_5_x86_64.whl.metadata (6.4 kB)
2025-08-19T10:30:24.1852768Z Collecting docspec==2.2.1 (from docspec-python==2.2.2->-r requirements-dev.txt (line 40))
2025-08-19T10:30:24.1866585Z   Using cached docspec-2.2.1-py3-none-any.whl.metadata (1.5 kB)
2025-08-19T10:30:24.2031035Z Collecting nr-util>=0.8.12 (from docspec-python==2.2.2->-r requirements-dev.txt (line 40))
2025-08-19T10:30:24.2044866Z   Using cached nr.util-0.8.12-py3-none-any.whl.metadata (813 bytes)
2025-08-19T10:30:24.2398181Z Collecting PyYAML<7.0,>=5.0 (from pydoc-markdown==4.8.2->-r requirements-dev.txt (line 41))
2025-08-19T10:30:24.2412537Z   Using cached PyYAML-6.0.2-cp311-cp311-manylinux_2_17_x86_64.manylinux2014_x86_64.whl.metadata (2.1 kB)
2025-08-19T10:30:24.2672796Z Collecting databind.core<5.0.0,>=4.4.0 (from pydoc-markdown==4.8.2->-r requirements-dev.txt (line 41))
2025-08-19T10:30:24.2686783Z   Using cached databind.core-4.5.2-py3-none-any.whl.metadata (1.1 kB)
2025-08-19T10:30:24.2890692Z Collecting databind.json<5.0.0,>=4.4.0 (from pydoc-markdown==4.8.2->-r requirements-dev.txt (line 41))
2025-08-19T10:30:24.2904646Z   Using cached databind.json-4.5.2-py3-none-any.whl.metadata (1.1 kB)
2025-08-19T10:30:24.3077637Z Collecting docstring-parser<0.12,>=0.11 (from pydoc-markdown==4.8.2->-r requirements-dev.txt (line 41))
2025-08-19T10:30:24.3079065Z   Using cached docstring_parser-0.11-py3-none-any.whl
2025-08-19T10:30:24.3414307Z Collecting tomli<3.0.0,>=2.0.0 (from pydoc-markdown==4.8.2->-r requirements-dev.txt (line 41))
2025-08-19T10:30:24.3428264Z   Using cached tomli-2.2.1-cp311-cp311-manylinux_2_17_x86_64.manylinux2014_x86_64.whl.metadata (11 kB)
2025-08-19T10:30:24.3554133Z Collecting tomli_w<2.0.0,>=1.0.0 (from pydoc-markdown==4.8.2->-r requirements-dev.txt (line 41))
2025-08-19T10:30:24.3567543Z   Using cached tomli_w-1.2.0-py3-none-any.whl.metadata (5.7 kB)
2025-08-19T10:30:24.4090705Z Collecting watchdog (from pydoc-markdown==4.8.2->-r requirements-dev.txt (line 41))
2025-08-19T10:30:24.4106684Z   Using cached watchdog-6.0.0-py3-none-manylinux2014_x86_64.whl.metadata (44 kB)
2025-08-19T10:30:24.4332472Z Collecting yapf>=0.30.0 (from pydoc-markdown==4.8.2->-r requirements-dev.txt (line 41))
2025-08-19T10:30:24.4345643Z   Using cached yapf-0.43.0-py3-none-any.whl.metadata (46 kB)
2025-08-19T10:30:24.4547855Z Collecting Deprecated<2.0.0,>=1.2.12 (from docspec==2.2.1->docspec-python==2.2.2->-r requirements-dev.txt (line 40))
2025-08-19T10:30:24.4560862Z   Using cached Deprecated-1.2.18-py2.py3-none-any.whl.metadata (5.7 kB)
2025-08-19T10:30:24.6013099Z Collecting psycopg-binary==3.2.9 (from psycopg[binary]==3.2.9->-r requirements-dev.txt (line 24))
2025-08-19T10:30:24.6027803Z   Using cached psycopg_binary-3.2.9-cp311-cp311-manylinux_2_17_x86_64.manylinux2014_x86_64.whl.metadata (2.9 kB)
2025-08-19T10:30:24.6317639Z Collecting PyJWT>=2.9.0 (from redis==5.*->-r requirements-dev.txt (line 9))
2025-08-19T10:30:24.6331127Z   Using cached PyJWT-2.10.1-py3-none-any.whl.metadata (4.0 kB)
2025-08-19T10:30:24.6570565Z Collecting argon2-cffi (from minio==7.*->-r requirements-dev.txt (line 10))
2025-08-19T10:30:24.6584534Z   Using cached argon2_cffi-25.1.0-py3-none-any.whl.metadata (4.1 kB)
2025-08-19T10:30:24.7370772Z Collecting pycryptodome (from minio==7.*->-r requirements-dev.txt (line 10))
2025-08-19T10:30:24.7386829Z   Using cached pycryptodome-3.23.0-cp37-abi3-manylinux_2_17_x86_64.manylinux2014_x86_64.whl.metadata (3.4 kB)
2025-08-19T10:30:24.7612726Z Collecting anyio (from httpx<0.29,>=0.27->-r requirements-dev.txt (line 15))
2025-08-19T10:30:24.7626216Z   Using cached anyio-4.10.0-py3-none-any.whl.metadata (4.0 kB)
2025-08-19T10:30:24.8774763Z Collecting httpcore==1.* (from httpx<0.29,>=0.27->-r requirements-dev.txt (line 15))
2025-08-19T10:30:24.8789636Z   Using cached httpcore-1.0.9-py3-none-any.whl.metadata (21 kB)
2025-08-19T10:30:24.9122837Z Collecting tzdata>=2022.7 (from pandas==2.2.*->-r requirements-dev.txt (line 22))
2025-08-19T10:30:24.9136840Z   Using cached tzdata-2025.2-py2.py3-none-any.whl.metadata (1.4 kB)
2025-08-19T10:30:24.9297951Z Collecting multimethod<=1.10.0 (from pandera==0.19.*->-r requirements-dev.txt (line 42))
2025-08-19T10:30:24.9311072Z   Using cached multimethod-1.10-py3-none-any.whl.metadata (8.2 kB)
2025-08-19T10:30:24.9676876Z Collecting typeguard (from pandera==0.19.*->-r requirements-dev.txt (line 42))
2025-08-19T10:30:24.9690049Z   Using cached typeguard-4.4.4-py3-none-any.whl.metadata (3.3 kB)
2025-08-19T10:30:24.9816859Z Collecting typing-inspect>=0.6.0 (from pandera==0.19.*->-r requirements-dev.txt (line 42))
2025-08-19T10:30:24.9829914Z   Using cached typing_inspect-0.9.0-py3-none-any.whl.metadata (1.5 kB)
2025-08-19T10:30:25.0097929Z Collecting databind<5.0.0,>=4.5.2 (from databind.core<5.0.0,>=4.4.0->pydoc-markdown==4.8.2->-r requirements-dev.txt (line 41))
2025-08-19T10:30:25.0111012Z   Using cached databind-4.5.2-py3-none-any.whl.metadata (4.3 kB)
2025-08-19T10:30:25.0241407Z Collecting nr-date<3.0.0,>=2.0.0 (from databind<5.0.0,>=4.5.2->databind.core<5.0.0,>=4.4.0->pydoc-markdown==4.8.2->-r requirements-dev.txt (line 41))
2025-08-19T10:30:25.0254379Z   Using cached nr_date-2.1.0-py3-none-any.whl.metadata (746 bytes)
2025-08-19T10:30:25.0385083Z Collecting nr-stream<2.0.0,>=1.0.0 (from databind<5.0.0,>=4.5.2->databind.core<5.0.0,>=4.4.0->pydoc-markdown==4.8.2->-r requirements-dev.txt (line 41))
2025-08-19T10:30:25.0397992Z   Using cached nr_stream-1.1.5-py3-none-any.whl.metadata (3.6 kB)
2025-08-19T10:30:25.0572392Z Collecting typeapi<3,>=2.0.1 (from databind<5.0.0,>=4.5.2->databind.core<5.0.0,>=4.4.0->pydoc-markdown==4.8.2->-r requirements-dev.txt (line 41))
2025-08-19T10:30:25.0586770Z   Using cached typeapi-2.2.4-py3-none-any.whl.metadata (1.5 kB)
2025-08-19T10:30:25.0900518Z Collecting h11>=0.16 (from httpcore==1.*->httpx<0.29,>=0.27->-r requirements-dev.txt (line 15))
2025-08-19T10:30:25.0915019Z   Using cached h11-0.16.0-py3-none-any.whl.metadata (8.3 kB)
2025-08-19T10:30:25.1144953Z Collecting amqp<6.0.0,>=5.1.1 (from kombu<5.6,>=5.5.2->celery==5.5.3->-r requirements-dev.txt (line 11))
2025-08-19T10:30:25.1159593Z   Using cached amqp-5.3.1-py3-none-any.whl.metadata (8.9 kB)
2025-08-19T10:30:25.1619754Z Collecting iniconfig>=1 (from pytest<9,>=7.0.0->pytest-asyncio==0.23.6->-r requirements-dev.txt (line 27))
2025-08-19T10:30:25.1634134Z   Using cached iniconfig-2.1.0-py3-none-any.whl.metadata (2.7 kB)
2025-08-19T10:30:25.1858194Z Collecting pygments>=2.7.2 (from pytest<9,>=7.0.0->pytest-asyncio==0.23.6->-r requirements-dev.txt (line 27))
2025-08-19T10:30:25.1872949Z   Using cached pygments-2.19.2-py3-none-any.whl.metadata (2.5 kB)
2025-08-19T10:30:25.2308435Z Collecting sniffio>=1.1 (from anyio->httpx<0.29,>=0.27->-r requirements-dev.txt (line 15))
2025-08-19T10:30:25.2323595Z   Using cached sniffio-1.3.1-py3-none-any.whl.metadata (3.9 kB)
2025-08-19T10:30:25.5907585Z Collecting botocore<1.41.0,>=1.40.12 (from boto3->-r requirements-dev.txt (line 8))
2025-08-19T10:30:25.5923276Z   Using cached botocore-1.40.12-py3-none-any.whl.metadata (5.7 kB)
2025-08-19T10:30:25.6071531Z Collecting jmespath<2.0.0,>=0.7.1 (from boto3->-r requirements-dev.txt (line 8))
2025-08-19T10:30:25.6085799Z   Using cached jmespath-1.0.1-py3-none-any.whl.metadata (7.6 kB)
2025-08-19T10:30:25.6277770Z Collecting s3transfer<0.14.0,>=0.13.0 (from boto3->-r requirements-dev.txt (line 8))
2025-08-19T10:30:25.6292311Z   Using cached s3transfer-0.13.1-py3-none-any.whl.metadata (1.7 kB)
2025-08-19T10:30:25.8130105Z Collecting fastapi-cli>=0.0.8 (from fastapi-cli[standard]>=0.0.8; extra == "all"->fastapi[all]->-r requirements-dev.txt (line 13))
2025-08-19T10:30:25.8144330Z   Using cached fastapi_cli-0.0.8-py3-none-any.whl.metadata (6.3 kB)
2025-08-19T10:30:25.8855402Z Collecting ujson!=4.0.2,!=4.1.0,!=4.2.0,!=4.3.0,!=5.0.0,!=5.1.0,>=4.0.1 (from fastapi[all]->-r requirements-dev.txt (line 13))
2025-08-19T10:30:25.8870752Z   Using cached ujson-5.10.0-cp311-cp311-manylinux_2_17_x86_64.manylinux2014_x86_64.whl.metadata (9.3 kB)
2025-08-19T10:30:26.1133037Z Collecting orjson>=3.2.1 (from fastapi[all]->-r requirements-dev.txt (line 13))
2025-08-19T10:30:26.1148377Z   Using cached orjson-3.11.2-cp311-cp311-manylinux_2_17_x86_64.manylinux2014_x86_64.whl.metadata (1.2 kB)
2025-08-19T10:30:26.1315477Z Collecting email-validator>=2.0.0 (from fastapi[all]->-r requirements-dev.txt (line 13))
2025-08-19T10:30:26.1328926Z   Using cached email_validator-2.2.0-py3-none-any.whl.metadata (25 kB)
2025-08-19T10:30:26.1624521Z Collecting uvicorn>=0.12.0 (from uvicorn[standard]>=0.12.0; extra == "all"->fastapi[all]->-r requirements-dev.txt (line 13))
2025-08-19T10:30:26.1638182Z   Using cached uvicorn-0.35.0-py3-none-any.whl.metadata (6.5 kB)
2025-08-19T10:30:26.1822209Z Collecting pydantic-settings>=2.0.0 (from fastapi[all]->-r requirements-dev.txt (line 13))
2025-08-19T10:30:26.1836700Z   Using cached pydantic_settings-2.10.1-py3-none-any.whl.metadata (3.4 kB)
2025-08-19T10:30:26.1995916Z Collecting pydantic-extra-types>=2.0.0 (from fastapi[all]->-r requirements-dev.txt (line 13))
2025-08-19T10:30:26.2011063Z   Using cached pydantic_extra_types-2.10.5-py3-none-any.whl.metadata (3.9 kB)
2025-08-19T10:30:26.2665023Z Collecting prompt-toolkit>=3.0.36 (from click-repl>=0.2.0->celery==5.5.3->-r requirements-dev.txt (line 11))
2025-08-19T10:30:26.2680054Z   Using cached prompt_toolkit-3.0.51-py3-none-any.whl.metadata (6.4 kB)
2025-08-19T10:30:26.2888627Z Collecting dnspython>=2.0.0 (from email-validator>=2.0.0->fastapi[all]->-r requirements-dev.txt (line 13))
2025-08-19T10:30:26.2902143Z   Using cached dnspython-2.7.0-py3-none-any.whl.metadata (5.8 kB)
2025-08-19T10:30:26.3197054Z Collecting typer>=0.15.1 (from fastapi-cli>=0.0.8->fastapi-cli[standard]>=0.0.8; extra == "all"->fastapi[all]->-r requirements-dev.txt (line 13))
2025-08-19T10:30:26.3209794Z   Using cached typer-0.16.1-py3-none-any.whl.metadata (15 kB)
2025-08-19T10:30:26.3480344Z Collecting rich-toolkit>=0.14.8 (from fastapi-cli>=0.0.8->fastapi-cli[standard]>=0.0.8; extra == "all"->fastapi[all]->-r requirements-dev.txt (line 13))
2025-08-19T10:30:26.3493897Z   Using cached rich_toolkit-0.15.0-py3-none-any.whl.metadata (1.0 kB)
2025-08-19T10:30:26.3645963Z Collecting fastapi-cloud-cli>=0.1.1 (from fastapi-cli[standard]>=0.0.8; extra == "all"->fastapi[all]->-r requirements-dev.txt (line 13))
2025-08-19T10:30:26.3658860Z   Using cached fastapi_cloud_cli-0.1.5-py3-none-any.whl.metadata (3.2 kB)
2025-08-19T10:30:26.4383796Z Collecting rignore>=0.5.1 (from fastapi-cloud-cli>=0.1.1->fastapi-cli[standard]>=0.0.8; extra == "all"->fastapi[all]->-r requirements-dev.txt (line 13))
2025-08-19T10:30:26.4398485Z   Using cached rignore-0.6.4-cp311-cp311-manylinux_2_17_x86_64.manylinux2014_x86_64.whl.metadata (3.8 kB)
2025-08-19T10:30:26.6230201Z Collecting sentry-sdk>=2.20.0 (from fastapi-cloud-cli>=0.1.1->fastapi-cli[standard]>=0.0.8; extra == "all"->fastapi[all]->-r requirements-dev.txt (line 13))
2025-08-19T10:30:26.6245347Z   Using cached sentry_sdk-2.35.0-py2.py3-none-any.whl.metadata (10 kB)
2025-08-19T10:30:26.7146890Z Collecting psutil>=4.0.0 (from mirakuru>=2.6.0->pytest-postgresql==7.0.2->-r requirements-dev.txt (line 29))
2025-08-19T10:30:26.7162546Z   Using cached psutil-7.0.0-cp36-abi3-manylinux_2_12_x86_64.manylinux2010_x86_64.manylinux_2_17_x86_64.manylinux2014_x86_64.whl.metadata (22 kB)
2025-08-19T10:30:26.7518240Z Collecting wcwidth (from prompt-toolkit>=3.0.36->click-repl>=0.2.0->celery==5.5.3->-r requirements-dev.txt (line 11))
2025-08-19T10:30:26.7521351Z   Using cached wcwidth-0.2.13-py2.py3-none-any.whl.metadata (14 kB)
2025-08-19T10:30:26.8488681Z Collecting rich>=13.7.1 (from rich-toolkit>=0.14.8->fastapi-cli>=0.0.8->fastapi-cli[standard]>=0.0.8; extra == "all"->fastapi[all]->-r requirements-dev.txt (line 13))
2025-08-19T10:30:26.8502955Z   Using cached rich-14.1.0-py3-none-any.whl.metadata (18 kB)
2025-08-19T10:30:26.8711890Z Collecting markdown-it-py>=2.2.0 (from rich>=13.7.1->rich-toolkit>=0.14.8->fastapi-cli>=0.0.8->fastapi-cli[standard]>=0.0.8; extra == "all"->fastapi[all]->-r requirements-dev.txt (line 13))
2025-08-19T10:30:26.8724720Z   Using cached markdown_it_py-4.0.0-py3-none-any.whl.metadata (7.3 kB)
2025-08-19T10:30:26.8952989Z Collecting mdurl~=0.1 (from markdown-it-py>=2.2.0->rich>=13.7.1->rich-toolkit>=0.14.8->fastapi-cli>=0.0.8->fastapi-cli[standard]>=0.0.8; extra == "all"->fastapi[all]->-r requirements-dev.txt (line 13))
2025-08-19T10:30:26.8967954Z   Using cached mdurl-0.1.2-py3-none-any.whl.metadata (1.6 kB)
2025-08-19T10:30:26.9478629Z Collecting shellingham>=1.3.0 (from typer>=0.15.1->fastapi-cli>=0.0.8->fastapi-cli[standard]>=0.0.8; extra == "all"->fastapi[all]->-r requirements-dev.txt (line 13))
2025-08-19T10:30:26.9492485Z   Using cached shellingham-1.5.4-py2.py3-none-any.whl.metadata (3.5 kB)
2025-08-19T10:30:27.0329811Z Collecting httptools>=0.6.3 (from uvicorn[standard]>=0.12.0; extra == "all"->fastapi[all]->-r requirements-dev.txt (line 13))
2025-08-19T10:30:27.0344878Z   Using cached httptools-0.6.4-cp311-cp311-manylinux_2_5_x86_64.manylinux1_x86_64.manylinux_2_17_x86_64.manylinux2014_x86_64.whl.metadata (3.6 kB)
2025-08-19T10:30:27.0773533Z Collecting uvloop>=0.15.1 (from uvicorn[standard]>=0.12.0; extra == "all"->fastapi[all]->-r requirements-dev.txt (line 13))
2025-08-19T10:30:27.0789103Z   Using cached uvloop-0.21.0-cp311-cp311-manylinux_2_17_x86_64.manylinux2014_x86_64.whl.metadata (4.9 kB)
2025-08-19T10:30:27.1484179Z Collecting watchfiles>=0.13 (from uvicorn[standard]>=0.12.0; extra == "all"->fastapi[all]->-r requirements-dev.txt (line 13))
2025-08-19T10:30:27.1499464Z   Using cached watchfiles-1.1.0-cp311-cp311-manylinux_2_17_x86_64.manylinux2014_x86_64.whl.metadata (4.9 kB)
2025-08-19T10:30:27.2365040Z Collecting websockets>=10.4 (from uvicorn[standard]>=0.12.0; extra == "all"->fastapi[all]->-r requirements-dev.txt (line 13))
2025-08-19T10:30:27.2381039Z   Using cached websockets-15.0.1-cp311-cp311-manylinux_2_5_x86_64.manylinux1_x86_64.manylinux_2_17_x86_64.manylinux2014_x86_64.whl.metadata (6.8 kB)
2025-08-19T10:30:27.2837558Z Collecting argon2-cffi-bindings (from argon2-cffi->minio==7.*->-r requirements-dev.txt (line 10))
2025-08-19T10:30:27.2854126Z   Using cached argon2_cffi_bindings-25.1.0-cp39-abi3-manylinux_2_26_x86_64.manylinux_2_28_x86_64.whl.metadata (7.4 kB)
2025-08-19T10:30:27.3889802Z Collecting cffi>=1.0.1 (from argon2-cffi-bindings->argon2-cffi->minio==7.*->-r requirements-dev.txt (line 10))
2025-08-19T10:30:27.3905835Z   Using cached cffi-1.17.1-cp311-cp311-manylinux_2_17_x86_64.manylinux2014_x86_64.whl.metadata (1.5 kB)
2025-08-19T10:30:27.4067658Z Collecting pycparser (from cffi>=1.0.1->argon2-cffi-bindings->argon2-cffi->minio==7.*->-r requirements-dev.txt (line 10))
2025-08-19T10:30:27.4082693Z   Using cached pycparser-2.22-py3-none-any.whl.metadata (943 bytes)
2025-08-19T10:30:27.4657587Z Using cached jinja2-3.1.6-py3-none-any.whl (134 kB)
2025-08-19T10:30:27.4672770Z Using cached alembic-1.13.1-py3-none-any.whl (233 kB)
2025-08-19T10:30:27.4687044Z Using cached APScheduler-3.10.4-py3-none-any.whl (59 kB)
2025-08-19T10:30:27.4700838Z Using cached asgi_correlation_id-4.3.1-py3-none-any.whl (15 kB)
2025-08-19T10:30:27.4714934Z Using cached asyncpg-0.30.0-cp311-cp311-manylinux_2_17_x86_64.manylinux2014_x86_64.whl (3.1 MB)
2025-08-19T10:30:27.4752851Z Using cached black-25.1.0-cp311-cp311-manylinux_2_17_x86_64.manylinux2014_x86_64.manylinux_2_28_x86_64.whl (1.7 MB)
2025-08-19T10:30:27.4778779Z Using cached celery-5.5.3-py3-none-any.whl (438 kB)
2025-08-19T10:30:27.4795583Z Using cached fastapi-0.116.1-py3-none-any.whl (95 kB)
2025-08-19T10:30:27.4809673Z Using cached pydantic-2.11.7-py3-none-any.whl (444 kB)
2025-08-19T10:30:27.4826257Z Using cached fastapi_limiter-0.1.6-py3-none-any.whl (15 kB)
2025-08-19T10:30:27.4839790Z Using cached IMAPClient-3.0.1-py2.py3-none-any.whl (182 kB)
2025-08-19T10:30:27.4854517Z Using cached mypy_extensions-1.1.0-py3-none-any.whl (5.0 kB)
2025-08-19T10:30:27.4868003Z Using cached openpyxl-3.1.5-py2.py3-none-any.whl (250 kB)
2025-08-19T10:30:27.4883655Z Using cached psycopg2_binary-2.9.10-cp311-cp311-manylinux_2_17_x86_64.manylinux2014_x86_64.whl (3.0 MB)
2025-08-19T10:30:27.4918814Z Using cached psycopg-3.2.9-py3-none-any.whl (202 kB)
2025-08-19T10:30:27.4933474Z Using cached pytest_asyncio-0.23.6-py3-none-any.whl (17 kB)
2025-08-19T10:30:27.4947632Z Using cached pytest_cov-6.2.1-py3-none-any.whl (24 kB)
2025-08-19T10:30:27.4961519Z Using cached pytest_postgresql-7.0.2-py3-none-any.whl (41 kB)
2025-08-19T10:30:27.4975816Z Using cached python_telegram_bot-22.3-py3-none-any.whl (717 kB)
2025-08-19T10:30:27.4994580Z Using cached requests-2.32.4-py3-none-any.whl (64 kB)
2025-08-19T10:30:27.5008240Z Using cached respx-0.22.0-py2.py3-none-any.whl (25 kB)
2025-08-19T10:30:27.5022139Z Using cached ruff-0.4.4-py3-none-manylinux_2_17_x86_64.manylinux2014_x86_64.whl (8.7 MB)
2025-08-19T10:30:27.5099929Z Using cached SQLAlchemy-2.0.29-cp311-cp311-manylinux_2_17_x86_64.manylinux2014_x86_64.whl (3.2 MB)
2025-08-19T10:30:27.5136498Z Using cached structlog-24.1.0-py3-none-any.whl (65 kB)
2025-08-19T10:30:27.5150220Z Using cached testcontainers-4.10.0-py3-none-any.whl (107 kB)
2025-08-19T10:30:27.5164640Z Using cached types_requests-2.32.0.20240602-py3-none-any.whl (15 kB)
2025-08-19T10:30:27.5178036Z Using cached docspec_python-2.2.2-py3-none-any.whl (15 kB)
2025-08-19T10:30:27.5192002Z Using cached pydoc_markdown-4.8.2-py3-none-any.whl (67 kB)
2025-08-19T10:30:27.5206194Z Using cached docspec-2.2.1-py3-none-any.whl (9.8 kB)
2025-08-19T10:30:27.5220195Z Using cached psycopg_binary-3.2.9-cp311-cp311-manylinux_2_17_x86_64.manylinux2014_x86_64.whl (4.5 MB)
2025-08-19T10:30:27.5266920Z Using cached pydantic_core-2.33.2-cp311-cp311-manylinux_2_17_x86_64.manylinux2014_x86_64.whl (2.0 MB)
2025-08-19T10:30:27.5294588Z Using cached redis-5.3.1-py3-none-any.whl (272 kB)
2025-08-19T10:30:27.5309654Z Using cached minio-7.2.16-py3-none-any.whl (95 kB)
2025-08-19T10:30:27.5323608Z Using cached httpx-0.28.1-py3-none-any.whl (73 kB)
2025-08-19T10:30:27.5337920Z Using cached mypy-1.17.1-cp311-cp311-manylinux2014_x86_64.manylinux_2_17_x86_64.manylinux_2_28_x86_64.whl (12.6 MB)
2025-08-19T10:30:27.5444093Z Using cached numpy-1.26.4-cp311-cp311-manylinux_2_17_x86_64.manylinux2014_x86_64.whl (18.3 MB)
2025-08-19T10:30:27.5590532Z Using cached pandas-2.2.3-cp311-cp311-manylinux_2_17_x86_64.manylinux2014_x86_64.whl (13.1 MB)
2025-08-19T10:30:27.5699097Z Using cached pandera-0.19.3-py3-none-any.whl (251 kB)
2025-08-19T10:30:27.5714477Z Using cached billiard-4.2.1-py3-none-any.whl (86 kB)
2025-08-19T10:30:27.5729314Z Using cached charset_normalizer-3.4.3-cp311-cp311-manylinux2014_x86_64.manylinux_2_17_x86_64.manylinux_2_28_x86_64.whl (150 kB)
2025-08-19T10:30:27.5743504Z Using cached click-8.2.1-py3-none-any.whl (102 kB)
2025-08-19T10:30:27.5757592Z Using cached databind.core-4.5.2-py3-none-any.whl (1.5 kB)
2025-08-19T10:30:27.5770794Z Using cached databind-4.5.2-py3-none-any.whl (49 kB)
2025-08-19T10:30:27.5784661Z Using cached databind.json-4.5.2-py3-none-any.whl (1.5 kB)
2025-08-19T10:30:27.5797894Z Using cached Deprecated-1.2.18-py2.py3-none-any.whl (10.0 kB)
2025-08-19T10:30:27.5811333Z Using cached httpcore-1.0.9-py3-none-any.whl (78 kB)
2025-08-19T10:30:27.5825332Z Using cached idna-3.10-py3-none-any.whl (70 kB)
2025-08-19T10:30:27.5839183Z Using cached kombu-5.5.4-py3-none-any.whl (210 kB)
2025-08-19T10:30:27.5854156Z Using cached vine-5.1.0-py3-none-any.whl (9.6 kB)
2025-08-19T10:30:27.5867250Z Using cached amqp-5.3.1-py3-none-any.whl (50 kB)
2025-08-19T10:30:27.5880744Z Using cached multimethod-1.10-py3-none-any.whl (9.9 kB)
2025-08-19T10:30:27.5894259Z Using cached nr_date-2.1.0-py3-none-any.whl (10 kB)
2025-08-19T10:30:27.5907734Z Using cached nr_stream-1.1.5-py3-none-any.whl (10 kB)
2025-08-19T10:30:27.5921113Z Using cached nr.util-0.8.12-py3-none-any.whl (90 kB)
2025-08-19T10:30:27.5935172Z Using cached pytest-8.4.1-py3-none-any.whl (365 kB)
2025-08-19T10:30:27.5951019Z Using cached pluggy-1.6.0-py3-none-any.whl (20 kB)
2025-08-19T10:30:27.5965264Z Using cached PyYAML-6.0.2-cp311-cp311-manylinux_2_17_x86_64.manylinux2014_x86_64.whl (762 kB)
2025-08-19T10:30:27.5984294Z Using cached starlette-0.47.2-py3-none-any.whl (72 kB)
2025-08-19T10:30:27.5997939Z Using cached anyio-4.10.0-py3-none-any.whl (107 kB)
2025-08-19T10:30:27.6012494Z Using cached tomli-2.2.1-cp311-cp311-manylinux_2_17_x86_64.manylinux2014_x86_64.whl (236 kB)
2025-08-19T10:30:27.6027426Z Using cached tomli_w-1.2.0-py3-none-any.whl (6.7 kB)
2025-08-19T10:30:27.6040936Z Using cached typeapi-2.2.4-py3-none-any.whl (26 kB)
2025-08-19T10:30:27.6054796Z Using cached typing_extensions-4.14.1-py3-none-any.whl (43 kB)
2025-08-19T10:30:27.6068560Z Using cached urllib3-2.5.0-py3-none-any.whl (129 kB)
2025-08-19T10:30:27.6083243Z Using cached wrapt-1.17.3-cp311-cp311-manylinux1_x86_64.manylinux_2_28_x86_64.manylinux_2_5_x86_64.whl (82 kB)
2025-08-19T10:30:27.6096958Z Using cached boto3-1.40.12-py3-none-any.whl (140 kB)
2025-08-19T10:30:27.6111234Z Using cached botocore-1.40.12-py3-none-any.whl (14.0 MB)
2025-08-19T10:30:27.6226334Z Using cached jmespath-1.0.1-py3-none-any.whl (20 kB)
2025-08-19T10:30:27.6240066Z Using cached python_dateutil-2.9.0.post0-py2.py3-none-any.whl (229 kB)
2025-08-19T10:30:27.6255177Z Using cached s3transfer-0.13.1-py3-none-any.whl (85 kB)
2025-08-19T10:30:27.6268886Z Using cached itsdangerous-2.2.0-py3-none-any.whl (16 kB)
2025-08-19T10:30:27.6282430Z Using cached python_dotenv-1.1.1-py3-none-any.whl (20 kB)
2025-08-19T10:30:27.6296138Z Using cached python_multipart-0.0.20-py3-none-any.whl (24 kB)
2025-08-19T10:30:27.6309658Z Using cached annotated_types-0.7.0-py3-none-any.whl (13 kB)
2025-08-19T10:30:27.6323230Z Using cached certifi-2025.8.3-py3-none-any.whl (161 kB)
2025-08-19T10:30:27.6337541Z Using cached click_didyoumean-0.3.1-py3-none-any.whl (3.6 kB)
2025-08-19T10:30:27.6350716Z Using cached click_plugins-1.1.1.2-py2.py3-none-any.whl (11 kB)
2025-08-19T10:30:27.6364529Z Using cached click_repl-0.3.0-py3-none-any.whl (10 kB)
2025-08-19T10:30:27.6378617Z Using cached coverage-7.10.4-cp311-cp311-manylinux1_x86_64.manylinux_2_28_x86_64.manylinux_2_5_x86_64.whl (249 kB)
2025-08-19T10:30:27.6393150Z Using cached email_validator-2.2.0-py3-none-any.whl (33 kB)
2025-08-19T10:30:27.6406185Z Using cached dnspython-2.7.0-py3-none-any.whl (313 kB)
2025-08-19T10:30:27.6421438Z Using cached fastapi_cli-0.0.8-py3-none-any.whl (10 kB)
2025-08-19T10:30:27.6434856Z Using cached fastapi_cloud_cli-0.1.5-py3-none-any.whl (18 kB)
2025-08-19T10:30:27.6448309Z Using cached greenlet-3.2.4-cp311-cp311-manylinux_2_24_x86_64.manylinux_2_28_x86_64.whl (587 kB)
2025-08-19T10:30:27.6465957Z Using cached h11-0.16.0-py3-none-any.whl (37 kB)
2025-08-19T10:30:27.6479432Z Using cached iniconfig-2.1.0-py3-none-any.whl (6.0 kB)
2025-08-19T10:30:27.6492840Z Using cached MarkupSafe-3.0.2-cp311-cp311-manylinux_2_17_x86_64.manylinux2014_x86_64.whl (23 kB)
2025-08-19T10:30:27.6505785Z Using cached mirakuru-2.6.1-py3-none-any.whl (26 kB)
2025-08-19T10:30:27.6519062Z Using cached orjson-3.11.2-cp311-cp311-manylinux_2_17_x86_64.manylinux2014_x86_64.whl (121 kB)
2025-08-19T10:30:27.6532961Z Using cached packaging-25.0-py3-none-any.whl (66 kB)
2025-08-19T10:30:27.6546372Z Using cached pathspec-0.12.1-py3-none-any.whl (31 kB)
2025-08-19T10:30:27.6559474Z Using cached platformdirs-4.3.8-py3-none-any.whl (18 kB)
2025-08-19T10:30:27.6572496Z Using cached port_for-0.7.4-py3-none-any.whl (21 kB)
2025-08-19T10:30:27.6586044Z Using cached prompt_toolkit-3.0.51-py3-none-any.whl (387 kB)
2025-08-19T10:30:27.6602280Z Using cached psutil-7.0.0-cp36-abi3-manylinux_2_12_x86_64.manylinux2010_x86_64.manylinux_2_17_x86_64.manylinux2014_x86_64.whl (277 kB)
2025-08-19T10:30:27.6617230Z Using cached pydantic_extra_types-2.10.5-py3-none-any.whl (38 kB)
2025-08-19T10:30:27.6630466Z Using cached pydantic_settings-2.10.1-py3-none-any.whl (45 kB)
2025-08-19T10:30:27.6643924Z Using cached pygments-2.19.2-py3-none-any.whl (1.2 MB)
2025-08-19T10:30:27.6666159Z Using cached PyJWT-2.10.1-py3-none-any.whl (22 kB)
2025-08-19T10:30:27.6679202Z Using cached pytz-2025.2-py2.py3-none-any.whl (509 kB)
2025-08-19T10:30:27.6695891Z Using cached rich_toolkit-0.15.0-py3-none-any.whl (29 kB)
2025-08-19T10:30:27.6708994Z Using cached rich-14.1.0-py3-none-any.whl (243 kB)
2025-08-19T10:30:27.6723779Z Using cached markdown_it_py-4.0.0-py3-none-any.whl (87 kB)
2025-08-19T10:30:27.6737324Z Using cached mdurl-0.1.2-py3-none-any.whl (10.0 kB)
2025-08-19T10:30:27.6750647Z Using cached rignore-0.6.4-cp311-cp311-manylinux_2_17_x86_64.manylinux2014_x86_64.whl (950 kB)
2025-08-19T10:30:27.6770815Z Using cached sentry_sdk-2.35.0-py2.py3-none-any.whl (363 kB)
2025-08-19T10:30:27.6786799Z Using cached six-1.17.0-py2.py3-none-any.whl (11 kB)
2025-08-19T10:30:27.6799783Z Using cached sniffio-1.3.1-py3-none-any.whl (10 kB)
2025-08-19T10:30:27.6812816Z Using cached typer-0.16.1-py3-none-any.whl (46 kB)
2025-08-19T10:30:27.6826346Z Using cached shellingham-1.5.4-py2.py3-none-any.whl (9.8 kB)
2025-08-19T10:30:27.6839094Z Using cached typing_inspect-0.9.0-py3-none-any.whl (8.8 kB)
2025-08-19T10:30:27.6852148Z Using cached typing_inspection-0.4.1-py3-none-any.whl (14 kB)
2025-08-19T10:30:27.6865561Z Using cached tzdata-2025.2-py2.py3-none-any.whl (347 kB)
2025-08-19T10:30:27.6880961Z Using cached tzlocal-5.3.1-py3-none-any.whl (18 kB)
2025-08-19T10:30:27.6895261Z Using cached ujson-5.10.0-cp311-cp311-manylinux_2_17_x86_64.manylinux2014_x86_64.whl (53 kB)
2025-08-19T10:30:27.6908484Z Using cached uvicorn-0.35.0-py3-none-any.whl (66 kB)
2025-08-19T10:30:27.6922373Z Using cached httptools-0.6.4-cp311-cp311-manylinux_2_5_x86_64.manylinux1_x86_64.manylinux_2_17_x86_64.manylinux2014_x86_64.whl (459 kB)
2025-08-19T10:30:27.6939234Z Using cached uvloop-0.21.0-cp311-cp311-manylinux_2_17_x86_64.manylinux2014_x86_64.whl (4.0 MB)
2025-08-19T10:30:27.6982337Z Using cached watchfiles-1.1.0-cp311-cp311-manylinux_2_17_x86_64.manylinux2014_x86_64.whl (453 kB)
2025-08-19T10:30:27.6999043Z Using cached websockets-15.0.1-cp311-cp311-manylinux_2_5_x86_64.manylinux1_x86_64.manylinux_2_17_x86_64.manylinux2014_x86_64.whl (182 kB)
2025-08-19T10:30:27.7013349Z Using cached yapf-0.43.0-py3-none-any.whl (256 kB)
2025-08-19T10:30:27.7028222Z Using cached argon2_cffi-25.1.0-py3-none-any.whl (14 kB)
2025-08-19T10:30:27.7041816Z Using cached argon2_cffi_bindings-25.1.0-cp39-abi3-manylinux_2_26_x86_64.manylinux_2_28_x86_64.whl (87 kB)
2025-08-19T10:30:27.7055724Z Using cached cffi-1.17.1-cp311-cp311-manylinux_2_17_x86_64.manylinux2014_x86_64.whl (467 kB)
2025-08-19T10:30:27.7071952Z Using cached docker-7.1.0-py3-none-any.whl (147 kB)
2025-08-19T10:30:27.7086282Z Using cached et_xmlfile-2.0.0-py3-none-any.whl (18 kB)
2025-08-19T10:30:27.7099309Z Using cached mako-1.3.10-py3-none-any.whl (78 kB)
2025-08-19T10:30:27.7113189Z Using cached pycparser-2.22-py3-none-any.whl (117 kB)
2025-08-19T10:30:27.7128286Z Using cached pycryptodome-3.23.0-cp37-abi3-manylinux_2_17_x86_64.manylinux2014_x86_64.whl (2.3 MB)
2025-08-19T10:30:27.7158171Z Using cached typeguard-4.4.4-py3-none-any.whl (34 kB)
2025-08-19T10:30:27.7171308Z Using cached watchdog-6.0.0-py3-none-manylinux2014_x86_64.whl (79 kB)
2025-08-19T10:30:27.7185104Z Using cached wcwidth-0.2.13-py2.py3-none-any.whl (34 kB)
2025-08-19T10:30:28.1239975Z Installing collected packages: wcwidth, pytz, wrapt, websockets, watchdog, vine, uvloop, urllib3, ujson, tzlocal, tzdata, typing-extensions, tomli_w, tomli, structlog, sniffio, six, shellingham, ruff, rignore, PyYAML, python-multipart, python-dotenv, PyJWT, pygments, pycryptodome, pycparser, psycopg2-binary, psycopg-binary, psutil, prompt-toolkit, port-for, pluggy, platformdirs, pathspec, packaging, orjson, numpy, nr-stream, nr-date, mypy-extensions, multimethod, mdurl, MarkupSafe, jmespath, itsdangerous, iniconfig, imapclient, idna, httptools, h11, greenlet, et-xmlfile, docstring-parser, dnspython, coverage, click, charset_normalizer, certifi, billiard, asyncpg, annotated-types, yapf, uvicorn, typing-inspection, typing-inspect, types-requests, typeguard, typeapi, sqlalchemy, sentry-sdk, requests, redis, python-dateutil, pytest, pydantic-core, psycopg, openpyxl, mypy, mirakuru, markdown-it-py, Mako, Jinja2, httpcore, email-validator, Deprecated, click-repl, click-plugins, click-didyoumean, cffi, black, apscheduler, anyio, amqp, watchfiles, starlette, rich, pytest-postgresql, pytest-cov, pytest-asyncio, pydantic, pandas, nr-util, kombu, httpx, docker, databind, botocore, argon2-cffi-bindings, alembic, typer, testcontainers, s3transfer, rich-toolkit, respx, python-telegram-bot, pydantic-settings, pydantic-extra-types, pandera, fastapi, databind.json, databind.core, celery, asgi-correlation-id, argon2-cffi, minio, fastapi-limiter, fastapi-cloud-cli, fastapi-cli, docspec, boto3, docspec-python, pydoc-markdown
2025-08-19T10:30:44.6933537Z 
2025-08-19T10:30:44.6997570Z Successfully installed Deprecated-1.2.18 Jinja2-3.1.6 Mako-1.3.10 MarkupSafe-3.0.2 PyJWT-2.10.1 PyYAML-6.0.2 alembic-1.13.1 amqp-5.3.1 annotated-types-0.7.0 anyio-4.10.0 apscheduler-3.10.4 argon2-cffi-25.1.0 argon2-cffi-bindings-25.1.0 asgi-correlation-id-4.3.1 asyncpg-0.30.0 billiard-4.2.1 black-25.1.0 boto3-1.40.12 botocore-1.40.12 celery-5.5.3 certifi-2025.8.3 cffi-1.17.1 charset_normalizer-3.4.3 click-8.2.1 click-didyoumean-0.3.1 click-plugins-1.1.1.2 click-repl-0.3.0 coverage-7.10.4 databind-4.5.2 databind.core-4.5.2 databind.json-4.5.2 dnspython-2.7.0 docker-7.1.0 docspec-2.2.1 docspec-python-2.2.2 docstring-parser-0.11 email-validator-2.2.0 et-xmlfile-2.0.0 fastapi-0.116.1 fastapi-cli-0.0.8 fastapi-cloud-cli-0.1.5 fastapi-limiter-0.1.6 greenlet-3.2.4 h11-0.16.0 httpcore-1.0.9 httptools-0.6.4 httpx-0.28.1 idna-3.10 imapclient-3.0.1 iniconfig-2.1.0 itsdangerous-2.2.0 jmespath-1.0.1 kombu-5.5.4 markdown-it-py-4.0.0 mdurl-0.1.2 minio-7.2.16 mirakuru-2.6.1 multimethod-1.10 mypy-1.17.1 mypy-extensions-1.1.0 nr-date-2.1.0 nr-stream-1.1.5 nr-util-0.8.12 numpy-1.26.4 openpyxl-3.1.5 orjson-3.11.2 packaging-25.0 pandas-2.2.3 pandera-0.19.3 pathspec-0.12.1 platformdirs-4.3.8 pluggy-1.6.0 port-for-0.7.4 prompt-toolkit-3.0.51 psutil-7.0.0 psycopg-3.2.9 psycopg-binary-3.2.9 psycopg2-binary-2.9.10 pycparser-2.22 pycryptodome-3.23.0 pydantic-2.11.7 pydantic-core-2.33.2 pydantic-extra-types-2.10.5 pydantic-settings-2.10.1 pydoc-markdown-4.8.2 pygments-2.19.2 pytest-8.4.1 pytest-asyncio-0.23.6 pytest-cov-6.2.1 pytest-postgresql-7.0.2 python-dateutil-2.9.0.post0 python-dotenv-1.1.1 python-multipart-0.0.20 python-telegram-bot-22.3 pytz-2025.2 redis-5.3.1 requests-2.32.4 respx-0.22.0 rich-14.1.0 rich-toolkit-0.15.0 rignore-0.6.4 ruff-0.4.4 s3transfer-0.13.1 sentry-sdk-2.35.0 shellingham-1.5.4 six-1.17.0 sniffio-1.3.1 sqlalchemy-2.0.29 starlette-0.47.2 structlog-24.1.0 testcontainers-4.10.0 tomli-2.2.1 tomli_w-1.2.0 typeapi-2.2.4 typeguard-4.4.4 typer-0.16.1 types-requests-2.32.0.20240602 typing-extensions-4.14.1 typing-inspect-0.9.0 typing-inspection-0.4.1 tzdata-2025.2 tzlocal-5.3.1 ujson-5.10.0 urllib3-2.5.0 uvicorn-0.35.0 uvloop-0.21.0 vine-5.1.0 watchdog-6.0.0 watchfiles-1.1.0 wcwidth-0.2.13 websockets-15.0.1 wrapt-1.17.3 yapf-0.43.0
2025-08-19T10:30:46.0467450Z Collecting keepa==1.3.15
2025-08-19T10:30:46.0483458Z   Using cached keepa-1.3.15-py3-none-any.whl.metadata (11 kB)
2025-08-19T10:30:46.0786883Z Collecting minio==7.1.15
2025-08-19T10:30:46.0805844Z   Using cached minio-7.1.15-py3-none-any.whl.metadata (4.2 kB)
2025-08-19T10:30:46.0832960Z Requirement already satisfied: numpy>=1.9.3 in /opt/hostedtoolcache/Python/3.11.13/x64/lib/python3.11/site-packages (from keepa==1.3.15) (1.26.4)
2025-08-19T10:30:46.0837864Z Requirement already satisfied: requests>=2.2 in /opt/hostedtoolcache/Python/3.11.13/x64/lib/python3.11/site-packages (from keepa==1.3.15) (2.32.4)
2025-08-19T10:30:46.1233295Z Collecting tqdm (from keepa==1.3.15)
2025-08-19T10:30:46.1248395Z   Using cached tqdm-4.67.1-py3-none-any.whl.metadata (57 kB)
2025-08-19T10:30:46.6179143Z Collecting aiohttp (from keepa==1.3.15)
2025-08-19T10:30:46.6195834Z   Using cached aiohttp-3.12.15-cp311-cp311-manylinux_2_17_x86_64.manylinux2014_x86_64.whl.metadata (7.7 kB)
2025-08-19T10:30:46.6226125Z Requirement already satisfied: pandas<=3.0 in /opt/hostedtoolcache/Python/3.11.13/x64/lib/python3.11/site-packages (from keepa==1.3.15) (2.2.3)
2025-08-19T10:30:46.6230445Z Requirement already satisfied: pydantic in /opt/hostedtoolcache/Python/3.11.13/x64/lib/python3.11/site-packages (from keepa==1.3.15) (2.11.7)
2025-08-19T10:30:46.6237292Z Requirement already satisfied: certifi in /opt/hostedtoolcache/Python/3.11.13/x64/lib/python3.11/site-packages (from minio==7.1.15) (2025.8.3)
2025-08-19T10:30:46.6240435Z Requirement already satisfied: urllib3 in /opt/hostedtoolcache/Python/3.11.13/x64/lib/python3.11/site-packages (from minio==7.1.15) (2.5.0)
2025-08-19T10:30:46.6288402Z Requirement already satisfied: python-dateutil>=2.8.2 in /opt/hostedtoolcache/Python/3.11.13/x64/lib/python3.11/site-packages (from pandas<=3.0->keepa==1.3.15) (2.9.0.post0)
2025-08-19T10:30:46.6293662Z Requirement already satisfied: pytz>=2020.1 in /opt/hostedtoolcache/Python/3.11.13/x64/lib/python3.11/site-packages (from pandas<=3.0->keepa==1.3.15) (2025.2)
2025-08-19T10:30:46.6298409Z Requirement already satisfied: tzdata>=2022.7 in /opt/hostedtoolcache/Python/3.11.13/x64/lib/python3.11/site-packages (from pandas<=3.0->keepa==1.3.15) (2025.2)
2025-08-19T10:30:46.6410102Z Requirement already satisfied: six>=1.5 in /opt/hostedtoolcache/Python/3.11.13/x64/lib/python3.11/site-packages (from python-dateutil>=2.8.2->pandas<=3.0->keepa==1.3.15) (1.17.0)
2025-08-19T10:30:46.6427227Z Requirement already satisfied: charset_normalizer<4,>=2 in /opt/hostedtoolcache/Python/3.11.13/x64/lib/python3.11/site-packages (from requests>=2.2->keepa==1.3.15) (3.4.3)
2025-08-19T10:30:46.6432325Z Requirement already satisfied: idna<4,>=2.5 in /opt/hostedtoolcache/Python/3.11.13/x64/lib/python3.11/site-packages (from requests>=2.2->keepa==1.3.15) (3.10)
2025-08-19T10:30:46.6671998Z Collecting aiohappyeyeballs>=2.5.0 (from aiohttp->keepa==1.3.15)
2025-08-19T10:30:46.6685977Z   Using cached aiohappyeyeballs-2.6.1-py3-none-any.whl.metadata (5.9 kB)
2025-08-19T10:30:46.6806571Z Collecting aiosignal>=1.4.0 (from aiohttp->keepa==1.3.15)
2025-08-19T10:30:46.6820246Z   Using cached aiosignal-1.4.0-py3-none-any.whl.metadata (3.7 kB)
2025-08-19T10:30:46.6986284Z Collecting attrs>=17.3.0 (from aiohttp->keepa==1.3.15)
2025-08-19T10:30:46.6999573Z   Using cached attrs-25.3.0-py3-none-any.whl.metadata (10 kB)
2025-08-19T10:30:46.7712633Z Collecting frozenlist>=1.1.1 (from aiohttp->keepa==1.3.15)
2025-08-19T10:30:46.7728274Z   Using cached frozenlist-1.7.0-cp311-cp311-manylinux_2_5_x86_64.manylinux1_x86_64.manylinux_2_17_x86_64.manylinux2014_x86_64.whl.metadata (18 kB)
2025-08-19T10:30:47.0091569Z Collecting multidict<7.0,>=4.5 (from aiohttp->keepa==1.3.15)
2025-08-19T10:30:47.0110100Z   Using cached multidict-6.6.4-cp311-cp311-manylinux2014_x86_64.manylinux_2_17_x86_64.manylinux_2_28_x86_64.whl.metadata (5.3 kB)
2025-08-19T10:30:47.0678288Z Collecting propcache>=0.2.0 (from aiohttp->keepa==1.3.15)
2025-08-19T10:30:47.0693614Z   Using cached propcache-0.3.2-cp311-cp311-manylinux_2_17_x86_64.manylinux2014_x86_64.whl.metadata (12 kB)
2025-08-19T10:30:47.3365295Z Collecting yarl<2.0,>=1.17.0 (from aiohttp->keepa==1.3.15)
2025-08-19T10:30:47.3380620Z   Using cached yarl-1.20.1-cp311-cp311-manylinux_2_17_x86_64.manylinux2014_x86_64.whl.metadata (73 kB)
2025-08-19T10:30:47.3581908Z Requirement already satisfied: typing-extensions>=4.2 in /opt/hostedtoolcache/Python/3.11.13/x64/lib/python3.11/site-packages (from aiosignal>=1.4.0->aiohttp->keepa==1.3.15) (4.14.1)
2025-08-19T10:30:47.3643767Z Requirement already satisfied: annotated-types>=0.6.0 in /opt/hostedtoolcache/Python/3.11.13/x64/lib/python3.11/site-packages (from pydantic->keepa==1.3.15) (0.7.0)
2025-08-19T10:30:47.3648569Z Requirement already satisfied: pydantic-core==2.33.2 in /opt/hostedtoolcache/Python/3.11.13/x64/lib/python3.11/site-packages (from pydantic->keepa==1.3.15) (2.33.2)
2025-08-19T10:30:47.3655234Z Requirement already satisfied: typing-inspection>=0.4.0 in /opt/hostedtoolcache/Python/3.11.13/x64/lib/python3.11/site-packages (from pydantic->keepa==1.3.15) (0.4.1)
2025-08-19T10:30:47.3714783Z Using cached keepa-1.3.15-py3-none-any.whl (38 kB)
2025-08-19T10:30:47.3727912Z Using cached minio-7.1.15-py3-none-any.whl (77 kB)
2025-08-19T10:30:47.3741486Z Using cached aiohttp-3.12.15-cp311-cp311-manylinux_2_17_x86_64.manylinux2014_x86_64.whl (1.7 MB)
2025-08-19T10:30:47.3767487Z Using cached multidict-6.6.4-cp311-cp311-manylinux2014_x86_64.manylinux_2_17_x86_64.manylinux_2_28_x86_64.whl (246 kB)
2025-08-19T10:30:47.3782039Z Using cached yarl-1.20.1-cp311-cp311-manylinux_2_17_x86_64.manylinux2014_x86_64.whl (348 kB)
2025-08-19T10:30:47.3797204Z Using cached aiohappyeyeballs-2.6.1-py3-none-any.whl (15 kB)
2025-08-19T10:30:47.3809985Z Using cached aiosignal-1.4.0-py3-none-any.whl (7.5 kB)
2025-08-19T10:30:47.3822690Z Using cached attrs-25.3.0-py3-none-any.whl (63 kB)
2025-08-19T10:30:47.3836216Z Using cached frozenlist-1.7.0-cp311-cp311-manylinux_2_5_x86_64.manylinux1_x86_64.manylinux_2_17_x86_64.manylinux2014_x86_64.whl (235 kB)
2025-08-19T10:30:47.3850395Z Using cached propcache-0.3.2-cp311-cp311-manylinux_2_17_x86_64.manylinux2014_x86_64.whl (213 kB)
2025-08-19T10:30:47.3864455Z Using cached tqdm-4.67.1-py3-none-any.whl (78 kB)
2025-08-19T10:30:47.5388359Z Installing collected packages: tqdm, propcache, multidict, minio, frozenlist, attrs, aiohappyeyeballs, yarl, aiosignal, aiohttp, keepa
2025-08-19T10:30:47.6078195Z   Attempting uninstall: minio
2025-08-19T10:30:47.6110351Z     Found existing installation: minio 7.2.16
2025-08-19T10:30:47.6144695Z     Uninstalling minio-7.2.16:
2025-08-19T10:30:47.6154575Z       Successfully uninstalled minio-7.2.16
2025-08-19T10:30:47.9467283Z 
2025-08-19T10:30:47.9524415Z Successfully installed aiohappyeyeballs-2.6.1 aiohttp-3.12.15 aiosignal-1.4.0 attrs-25.3.0 frozenlist-1.7.0 keepa-1.3.15 minio-7.1.15 multidict-6.6.4 propcache-0.3.2 tqdm-4.67.1 yarl-1.20.1
2025-08-19T10:30:48.1597894Z ##[group]Run sudo apt-get update
2025-08-19T10:30:48.1598357Z [36;1msudo apt-get update[0m
2025-08-19T10:30:48.1598762Z [36;1msudo apt-get install -y postgresql[0m
2025-08-19T10:30:48.1599519Z [36;1mecho "/usr/lib/postgresql/$(pg_config --version | cut -d' ' -f2 | cut -d'.' -f1,2)/bin" >> $GITHUB_PATH[0m
2025-08-19T10:30:48.1657592Z shell: /usr/bin/bash -e {0}
2025-08-19T10:30:48.1657847Z env:
2025-08-19T10:30:48.1658023Z   PG_USER: postgres
2025-08-19T10:30:48.1658240Z   PG_PASSWORD: pass
2025-08-19T10:30:48.1658443Z   PG_DATABASE: awa
2025-08-19T10:30:48.1658653Z   PG_HOST: localhost
2025-08-19T10:30:48.1658850Z   PG_PORT: 5432
2025-08-19T10:30:48.1660213Z   PG_SYNC_DSN: ***localhost:5432/awa
2025-08-19T10:30:48.1660713Z   PG_ASYNC_DSN: ***localhost:5432/awa
2025-08-19T10:30:48.1661107Z   DATABASE_URL: ***localhost:5432/awa
2025-08-19T10:30:48.1661351Z   DATA_DIR: /tmp/awa-data
2025-08-19T10:30:48.1661555Z   ENABLE_LIVE: 0
2025-08-19T10:30:48.1661952Z   TESTING: 1
2025-08-19T10:30:48.1662230Z   pythonLocation: /opt/hostedtoolcache/Python/3.11.13/x64
2025-08-19T10:30:48.1662628Z   PKG_CONFIG_PATH: /opt/hostedtoolcache/Python/3.11.13/x64/lib/pkgconfig
2025-08-19T10:30:48.1663009Z   Python_ROOT_DIR: /opt/hostedtoolcache/Python/3.11.13/x64
2025-08-19T10:30:48.1663353Z   Python2_ROOT_DIR: /opt/hostedtoolcache/Python/3.11.13/x64
2025-08-19T10:30:48.1663704Z   Python3_ROOT_DIR: /opt/hostedtoolcache/Python/3.11.13/x64
2025-08-19T10:30:48.1664049Z   LD_LIBRARY_PATH: /opt/hostedtoolcache/Python/3.11.13/x64/lib
2025-08-19T10:30:48.1664346Z ##[endgroup]
2025-08-19T10:30:48.8097529Z Get:1 file:/etc/apt/apt-mirrors.txt Mirrorlist [144 B]
2025-08-19T10:30:48.8456612Z Hit:2 http://azure.archive.ubuntu.com/ubuntu noble InRelease
2025-08-19T10:30:48.8458402Z Hit:6 https://packages.microsoft.com/repos/azure-cli noble InRelease
2025-08-19T10:30:48.8459207Z Get:7 https://packages.microsoft.com/ubuntu/24.04/prod noble InRelease [3600 B]
2025-08-19T10:30:48.8524608Z Get:3 http://azure.archive.ubuntu.com/ubuntu noble-updates InRelease [126 kB]
2025-08-19T10:30:48.8621151Z Get:4 http://azure.archive.ubuntu.com/ubuntu noble-backports InRelease [126 kB]
2025-08-19T10:30:48.8677506Z Get:5 http://azure.archive.ubuntu.com/ubuntu noble-security InRelease [126 kB]
2025-08-19T10:30:49.0608937Z Get:8 https://packages.microsoft.com/ubuntu/24.04/prod noble/main amd64 Packages [47.9 kB]
2025-08-19T10:30:49.0741007Z Get:9 https://packages.microsoft.com/ubuntu/24.04/prod noble/main arm64 Packages [33.1 kB]
2025-08-19T10:30:49.1027058Z Get:10 http://azure.archive.ubuntu.com/ubuntu noble-updates/main amd64 Packages [1337 kB]
2025-08-19T10:30:49.1107732Z Get:11 http://azure.archive.ubuntu.com/ubuntu noble-updates/main Translation-en [267 kB]
2025-08-19T10:30:49.1133725Z Get:12 http://azure.archive.ubuntu.com/ubuntu noble-updates/main amd64 Components [175 kB]
2025-08-19T10:30:49.1153127Z Get:13 http://azure.archive.ubuntu.com/ubuntu noble-updates/universe amd64 Packages [1121 kB]
2025-08-19T10:30:49.1216189Z Get:14 http://azure.archive.ubuntu.com/ubuntu noble-updates/universe Translation-en [288 kB]
2025-08-19T10:30:49.1247069Z Get:15 http://azure.archive.ubuntu.com/ubuntu noble-updates/universe amd64 Components [377 kB]
2025-08-19T10:30:49.1274934Z Get:16 http://azure.archive.ubuntu.com/ubuntu noble-updates/restricted amd64 Packages [1700 kB]
2025-08-19T10:30:49.1372816Z Get:17 http://azure.archive.ubuntu.com/ubuntu noble-updates/restricted Translation-en [375 kB]
2025-08-19T10:30:49.1398232Z Get:18 http://azure.archive.ubuntu.com/ubuntu noble-updates/restricted amd64 Components [212 B]
2025-08-19T10:30:49.1408738Z Get:19 http://azure.archive.ubuntu.com/ubuntu noble-updates/multiverse amd64 Components [940 B]
2025-08-19T10:30:49.2039843Z Get:20 http://azure.archive.ubuntu.com/ubuntu noble-backports/main amd64 Components [7072 B]
2025-08-19T10:30:49.2052927Z Get:21 http://azure.archive.ubuntu.com/ubuntu noble-backports/universe amd64 Packages [30.2 kB]
2025-08-19T10:30:49.2066939Z Get:22 http://azure.archive.ubuntu.com/ubuntu noble-backports/universe Translation-en [17.4 kB]
2025-08-19T10:30:49.2074496Z Get:23 http://azure.archive.ubuntu.com/ubuntu noble-backports/universe amd64 Components [19.2 kB]
2025-08-19T10:30:49.2084306Z Get:24 http://azure.archive.ubuntu.com/ubuntu noble-backports/restricted amd64 Components [216 B]
2025-08-19T10:30:49.2129166Z Get:25 http://azure.archive.ubuntu.com/ubuntu noble-backports/multiverse amd64 Components [212 B]
2025-08-19T10:30:49.2153423Z Get:26 http://azure.archive.ubuntu.com/ubuntu noble-security/main amd64 Packages [1075 kB]
2025-08-19T10:30:49.2211040Z Get:27 http://azure.archive.ubuntu.com/ubuntu noble-security/main Translation-en [186 kB]
2025-08-19T10:30:49.2232688Z Get:28 http://azure.archive.ubuntu.com/ubuntu noble-security/main amd64 Components [21.6 kB]
2025-08-19T10:30:49.2242784Z Get:29 http://azure.archive.ubuntu.com/ubuntu noble-security/universe amd64 Packages [879 kB]
2025-08-19T10:30:49.2295547Z Get:30 http://azure.archive.ubuntu.com/ubuntu noble-security/universe Translation-en [195 kB]
2025-08-19T10:30:49.2318459Z Get:31 http://azure.archive.ubuntu.com/ubuntu noble-security/universe amd64 Components [52.2 kB]
2025-08-19T10:30:49.2331883Z Get:32 http://azure.archive.ubuntu.com/ubuntu noble-security/restricted amd64 Packages [1610 kB]
2025-08-19T10:30:49.2419915Z Get:33 http://azure.archive.ubuntu.com/ubuntu noble-security/restricted Translation-en [357 kB]
2025-08-19T10:30:49.2917861Z Get:34 http://azure.archive.ubuntu.com/ubuntu noble-security/restricted amd64 Components [212 B]
2025-08-19T10:30:49.2929006Z Get:35 http://azure.archive.ubuntu.com/ubuntu noble-security/multiverse amd64 Components [212 B]
2025-08-19T10:30:55.9446335Z Fetched 10.6 MB in 1s (7794 kB/s)
2025-08-19T10:30:56.6599925Z Reading package lists...
2025-08-19T10:30:56.6921836Z Reading package lists...
2025-08-19T10:30:56.8659557Z Building dependency tree...
2025-08-19T10:30:56.8667653Z Reading state information...
2025-08-19T10:30:57.0246142Z Suggested packages:
2025-08-19T10:30:57.0246583Z   postgresql-doc
2025-08-19T10:30:57.0538208Z The following NEW packages will be installed:
2025-08-19T10:30:57.0538735Z   postgresql
2025-08-19T10:30:57.0716933Z 0 upgraded, 1 newly installed, 0 to remove and 39 not upgraded.
2025-08-19T10:30:57.0717533Z Need to get 11.6 kB of archives.
2025-08-19T10:30:57.0718102Z After this operation, 17.4 kB of additional disk space will be used.
2025-08-19T10:30:57.0718740Z Get:1 file:/etc/apt/apt-mirrors.txt Mirrorlist [144 B]
2025-08-19T10:30:57.1040518Z Get:2 http://azure.archive.ubuntu.com/ubuntu noble-updates/main amd64 postgresql all 16+257build1.1 [11.6 kB]
2025-08-19T10:30:57.3730820Z Fetched 11.6 kB in 0s (269 kB/s)
2025-08-19T10:30:57.4042213Z Selecting previously unselected package postgresql.
2025-08-19T10:30:57.4698429Z (Reading database ... 
2025-08-19T10:30:57.4699014Z (Reading database ... 5%
2025-08-19T10:30:57.4699349Z (Reading database ... 10%
2025-08-19T10:30:57.4699670Z (Reading database ... 15%
2025-08-19T10:30:57.4699972Z (Reading database ... 20%
2025-08-19T10:30:57.4700305Z (Reading database ... 25%
2025-08-19T10:30:57.4700605Z (Reading database ... 30%
2025-08-19T10:30:57.4700901Z (Reading database ... 35%
2025-08-19T10:30:57.4701196Z (Reading database ... 40%
2025-08-19T10:30:57.4701493Z (Reading database ... 45%
2025-08-19T10:30:57.4702190Z (Reading database ... 50%
2025-08-19T10:30:57.5868154Z (Reading database ... 55%
2025-08-19T10:30:57.7560714Z (Reading database ... 60%
2025-08-19T10:30:58.0620792Z (Reading database ... 65%
2025-08-19T10:30:58.2133525Z (Reading database ... 70%
2025-08-19T10:30:58.3060004Z (Reading database ... 75%
2025-08-19T10:30:58.8992947Z (Reading database ... 80%
2025-08-19T10:30:59.5950202Z (Reading database ... 85%
2025-08-19T10:31:00.2863005Z (Reading database ... 90%
2025-08-19T10:31:00.9571132Z (Reading database ... 95%
2025-08-19T10:31:00.9572018Z (Reading database ... 100%
2025-08-19T10:31:00.9572724Z (Reading database ... 219881 files and directories currently installed.)
2025-08-19T10:31:00.9619107Z Preparing to unpack .../postgresql_16+257build1.1_all.deb ...
2025-08-19T10:31:00.9641814Z Unpacking postgresql (16+257build1.1) ...
2025-08-19T10:31:01.0113665Z Setting up postgresql (16+257build1.1) ...
2025-08-19T10:31:02.0887342Z 
2025-08-19T10:31:02.0887956Z Running kernel seems to be up-to-date.
2025-08-19T10:31:02.0888248Z 
2025-08-19T10:31:02.0888363Z Restarting services...
2025-08-19T10:31:02.0956918Z 
2025-08-19T10:31:02.0957265Z Service restarts being deferred:
2025-08-19T10:31:02.0958776Z  systemctl restart hosted-compute-agent.service
2025-08-19T10:31:02.0959123Z 
2025-08-19T10:31:02.0959403Z No containers need to be restarted.
2025-08-19T10:31:02.0959693Z 
2025-08-19T10:31:02.0959887Z No user sessions are running outdated binaries.
2025-08-19T10:31:02.0960206Z 
2025-08-19T10:31:02.0960503Z No VM guests are running outdated hypervisor (qemu) binaries on this host.
2025-08-19T10:31:03.0044191Z ##[group]Run pytest tests/db -q --cov=services --cov-append --cov-fail-under=0
2025-08-19T10:31:03.0044749Z [36;1mpytest tests/db -q --cov=services --cov-append --cov-fail-under=0[0m
2025-08-19T10:31:03.0085506Z shell: /usr/bin/bash -e {0}
2025-08-19T10:31:03.0085755Z env:
2025-08-19T10:31:03.0085939Z   PG_USER: postgres
2025-08-19T10:31:03.0086143Z   PG_PASSWORD: pass
2025-08-19T10:31:03.0086343Z   PG_DATABASE: awa
2025-08-19T10:31:03.0086539Z   PG_HOST: localhost
2025-08-19T10:31:03.0086735Z   PG_PORT: 5432
2025-08-19T10:31:03.0087271Z   PG_SYNC_DSN: ***localhost:5432/awa
2025-08-19T10:31:03.0087699Z   PG_ASYNC_DSN: ***localhost:5432/awa
2025-08-19T10:31:03.0088105Z   DATABASE_URL: ***localhost:5432/awa
2025-08-19T10:31:03.0088372Z   DATA_DIR: /tmp/awa-data
2025-08-19T10:31:03.0088586Z   ENABLE_LIVE: 0
2025-08-19T10:31:03.0088773Z   TESTING: 1
2025-08-19T10:31:03.0089025Z   pythonLocation: /opt/hostedtoolcache/Python/3.11.13/x64
2025-08-19T10:31:03.0089475Z   PKG_CONFIG_PATH: /opt/hostedtoolcache/Python/3.11.13/x64/lib/pkgconfig
2025-08-19T10:31:03.0089883Z   Python_ROOT_DIR: /opt/hostedtoolcache/Python/3.11.13/x64
2025-08-19T10:31:03.0090247Z   Python2_ROOT_DIR: /opt/hostedtoolcache/Python/3.11.13/x64
2025-08-19T10:31:03.0090610Z   Python3_ROOT_DIR: /opt/hostedtoolcache/Python/3.11.13/x64
2025-08-19T10:31:03.0090976Z   LD_LIBRARY_PATH: /opt/hostedtoolcache/Python/3.11.13/x64/lib
2025-08-19T10:31:03.0091283Z ##[endgroup]
2025-08-19T10:31:05.7364608Z /opt/hostedtoolcache/Python/3.11.13/x64/lib/python3.11/site-packages/coverage/report_core.py:118: CoverageWarning: Couldn't parse '/home/runner/work/AWA-App/AWA-App/C:\Users\Alexey\Documents\GitHub\AWA-App\services\__init__.py': No source for code: '/home/runner/work/AWA-App/AWA-App/C:\Users\Alexey\Documents\GitHub\AWA-App\services\__init__.py'. (couldnt-parse)
2025-08-19T10:31:05.7367818Z   coverage._warn(msg, slug="couldnt-parse")
2025-08-19T10:31:05.7370605Z /opt/hostedtoolcache/Python/3.11.13/x64/lib/python3.11/site-packages/coverage/report_core.py:118: CoverageWarning: Couldn't parse '/home/runner/work/AWA-App/AWA-App/C:\Users\Alexey\Documents\GitHub\AWA-App\services\alert_bot\__init__.py': No source for code: '/home/runner/work/AWA-App/AWA-App/C:\Users\Alexey\Documents\GitHub\AWA-App\services\alert_bot\__init__.py'. (couldnt-parse)
2025-08-19T10:31:05.7373288Z   coverage._warn(msg, slug="couldnt-parse")
2025-08-19T10:31:05.7375478Z /opt/hostedtoolcache/Python/3.11.13/x64/lib/python3.11/site-packages/coverage/report_core.py:118: CoverageWarning: Couldn't parse '/home/runner/work/AWA-App/AWA-App/C:\Users\Alexey\Documents\GitHub\AWA-App\services\alert_bot\alert_bot.py': No source for code: '/home/runner/work/AWA-App/AWA-App/C:\Users\Alexey\Documents\GitHub\AWA-App\services\alert_bot\alert_bot.py'. (couldnt-parse)
2025-08-19T10:31:05.7377327Z   coverage._warn(msg, slug="couldnt-parse")
2025-08-19T10:31:05.7379418Z /opt/hostedtoolcache/Python/3.11.13/x64/lib/python3.11/site-packages/coverage/report_core.py:118: CoverageWarning: Couldn't parse '/home/runner/work/AWA-App/AWA-App/C:\Users\Alexey\Documents\GitHub\AWA-App\services\alert_bot\rules\__init__.py': No source for code: '/home/runner/work/AWA-App/AWA-App/C:\Users\Alexey\Documents\GitHub\AWA-App\services\alert_bot\rules\__init__.py'. (couldnt-parse)
2025-08-19T10:31:05.7381862Z   coverage._warn(msg, slug="couldnt-parse")
2025-08-19T10:31:05.7383674Z /opt/hostedtoolcache/Python/3.11.13/x64/lib/python3.11/site-packages/coverage/report_core.py:118: CoverageWarning: Couldn't parse '/home/runner/work/AWA-App/AWA-App/C:\Users\Alexey\Documents\GitHub\AWA-App\services\api\__init__.py': No source for code: '/home/runner/work/AWA-App/AWA-App/C:\Users\Alexey\Documents\GitHub\AWA-App\services\api\__init__.py'. (couldnt-parse)
2025-08-19T10:31:05.7385616Z   coverage._warn(msg, slug="couldnt-parse")
2025-08-19T10:31:05.7388001Z /opt/hostedtoolcache/Python/3.11.13/x64/lib/python3.11/site-packages/coverage/report_core.py:118: CoverageWarning: Couldn't parse '/home/runner/work/AWA-App/AWA-App/C:\Users\Alexey\Documents\GitHub\AWA-App\services\api\config.py': No source for code: '/home/runner/work/AWA-App/AWA-App/C:\Users\Alexey\Documents\GitHub\AWA-App\services\api\config.py'. (couldnt-parse)
2025-08-19T10:31:05.7389807Z   coverage._warn(msg, slug="couldnt-parse")
2025-08-19T10:31:05.7391159Z /opt/hostedtoolcache/Python/3.11.13/x64/lib/python3.11/site-packages/coverage/report_core.py:118: CoverageWarning: Couldn't parse '/home/runner/work/AWA-App/AWA-App/C:\Users\Alexey\Documents\GitHub\AWA-App\services\api\db.py': No source for code: '/home/runner/work/AWA-App/AWA-App/C:\Users\Alexey\Documents\GitHub\AWA-App\services\api\db.py'. (couldnt-parse)
2025-08-19T10:31:05.7392966Z   coverage._warn(msg, slug="couldnt-parse")
2025-08-19T10:31:05.7394255Z /opt/hostedtoolcache/Python/3.11.13/x64/lib/python3.11/site-packages/coverage/report_core.py:118: CoverageWarning: Couldn't parse '/home/runner/work/AWA-App/AWA-App/C:\Users\Alexey\Documents\GitHub\AWA-App\services\api\main.py': No source for code: '/home/runner/work/AWA-App/AWA-App/C:\Users\Alexey\Documents\GitHub\AWA-App\services\api\main.py'. (couldnt-parse)
2025-08-19T10:31:05.7395920Z   coverage._warn(msg, slug="couldnt-parse")
2025-08-19T10:31:05.7397227Z /opt/hostedtoolcache/Python/3.11.13/x64/lib/python3.11/site-packages/coverage/report_core.py:118: CoverageWarning: Couldn't parse '/home/runner/work/AWA-App/AWA-App/C:\Users\Alexey\Documents\GitHub\AWA-App\services\api\models\__init__.py': No source for code: '/home/runner/work/AWA-App/AWA-App/C:\Users\Alexey\Documents\GitHub\AWA-App\services\api\models\__init__.py'. (couldnt-parse)
2025-08-19T10:31:05.7398981Z   coverage._warn(msg, slug="couldnt-parse")
2025-08-19T10:31:05.7400291Z /opt/hostedtoolcache/Python/3.11.13/x64/lib/python3.11/site-packages/coverage/report_core.py:118: CoverageWarning: Couldn't parse '/home/runner/work/AWA-App/AWA-App/C:\Users\Alexey\Documents\GitHub\AWA-App\services\api\models\fee.py': No source for code: '/home/runner/work/AWA-App/AWA-App/C:\Users\Alexey\Documents\GitHub\AWA-App\services\api\models\fee.py'. (couldnt-parse)
2025-08-19T10:31:05.7402541Z   coverage._warn(msg, slug="couldnt-parse")
2025-08-19T10:31:05.7404116Z /opt/hostedtoolcache/Python/3.11.13/x64/lib/python3.11/site-packages/coverage/report_core.py:118: CoverageWarning: Couldn't parse '/home/runner/work/AWA-App/AWA-App/C:\Users\Alexey\Documents\GitHub\AWA-App\services\api\roi_repository.py': No source for code: '/home/runner/work/AWA-App/AWA-App/C:\Users\Alexey\Documents\GitHub\AWA-App\services\api\roi_repository.py'. (couldnt-parse)
2025-08-19T10:31:05.7405796Z   coverage._warn(msg, slug="couldnt-parse")
2025-08-19T10:31:05.7407190Z /opt/hostedtoolcache/Python/3.11.13/x64/lib/python3.11/site-packages/coverage/report_core.py:118: CoverageWarning: Couldn't parse '/home/runner/work/AWA-App/AWA-App/C:\Users\Alexey\Documents\GitHub\AWA-App\services\api\routes\__init__.py': No source for code: '/home/runner/work/AWA-App/AWA-App/C:\Users\Alexey\Documents\GitHub\AWA-App\services\api\routes\__init__.py'. (couldnt-parse)
2025-08-19T10:31:05.7408914Z   coverage._warn(msg, slug="couldnt-parse")
2025-08-19T10:31:05.7410198Z /opt/hostedtoolcache/Python/3.11.13/x64/lib/python3.11/site-packages/coverage/report_core.py:118: CoverageWarning: Couldn't parse '/home/runner/work/AWA-App/AWA-App/C:\Users\Alexey\Documents\GitHub\AWA-App\services\api\routes\health.py': No source for code: '/home/runner/work/AWA-App/AWA-App/C:\Users\Alexey\Documents\GitHub\AWA-App\services\api\routes\health.py'. (couldnt-parse)
2025-08-19T10:31:05.7412036Z   coverage._warn(msg, slug="couldnt-parse")
2025-08-19T10:31:05.7414276Z /opt/hostedtoolcache/Python/3.11.13/x64/lib/python3.11/site-packages/coverage/report_core.py:118: CoverageWarning: Couldn't parse '/home/runner/work/AWA-App/AWA-App/C:\Users\Alexey\Documents\GitHub\AWA-App\services\api\routes\repository.py': No source for code: '/home/runner/work/AWA-App/AWA-App/C:\Users\Alexey\Documents\GitHub\AWA-App\services\api\routes\repository.py'. (couldnt-parse)
2025-08-19T10:31:05.7416321Z   coverage._warn(msg, slug="couldnt-parse")
2025-08-19T10:31:05.7417622Z /opt/hostedtoolcache/Python/3.11.13/x64/lib/python3.11/site-packages/coverage/report_core.py:118: CoverageWarning: Couldn't parse '/home/runner/work/AWA-App/AWA-App/C:\Users\Alexey\Documents\GitHub\AWA-App\services\api\routes\roi.py': No source for code: '/home/runner/work/AWA-App/AWA-App/C:\Users\Alexey\Documents\GitHub\AWA-App\services\api\routes\roi.py'. (couldnt-parse)
2025-08-19T10:31:05.7419557Z   coverage._warn(msg, slug="couldnt-parse")
2025-08-19T10:31:05.7420967Z /opt/hostedtoolcache/Python/3.11.13/x64/lib/python3.11/site-packages/coverage/report_core.py:118: CoverageWarning: Couldn't parse '/home/runner/work/AWA-App/AWA-App/C:\Users\Alexey\Documents\GitHub\AWA-App\services\api\routes\stats.py': No source for code: '/home/runner/work/AWA-App/AWA-App/C:\Users\Alexey\Documents\GitHub\AWA-App\services\api\routes\stats.py'. (couldnt-parse)
2025-08-19T10:31:05.7422595Z   coverage._warn(msg, slug="couldnt-parse")
2025-08-19T10:31:05.7423936Z /opt/hostedtoolcache/Python/3.11.13/x64/lib/python3.11/site-packages/coverage/report_core.py:118: CoverageWarning: Couldn't parse '/home/runner/work/AWA-App/AWA-App/C:\Users\Alexey\Documents\GitHub\AWA-App\services\common\__init__.py': No source for code: '/home/runner/work/AWA-App/AWA-App/C:\Users\Alexey\Documents\GitHub\AWA-App\services\common\__init__.py'. (couldnt-parse)
2025-08-19T10:31:05.7425415Z   coverage._warn(msg, slug="couldnt-parse")
2025-08-19T10:31:05.7426653Z /opt/hostedtoolcache/Python/3.11.13/x64/lib/python3.11/site-packages/coverage/report_core.py:118: CoverageWarning: Couldn't parse '/home/runner/work/AWA-App/AWA-App/C:\Users\Alexey\Documents\GitHub\AWA-App\services\common\base.py': No source for code: '/home/runner/work/AWA-App/AWA-App/C:\Users\Alexey\Documents\GitHub\AWA-App\services\common\base.py'. (couldnt-parse)
2025-08-19T10:31:05.7428336Z   coverage._warn(msg, slug="couldnt-parse")
2025-08-19T10:31:05.7429616Z /opt/hostedtoolcache/Python/3.11.13/x64/lib/python3.11/site-packages/coverage/report_core.py:118: CoverageWarning: Couldn't parse '/home/runner/work/AWA-App/AWA-App/C:\Users\Alexey\Documents\GitHub\AWA-App\services\common\config.py': No source for code: '/home/runner/work/AWA-App/AWA-App/C:\Users\Alexey\Documents\GitHub\AWA-App\services\common\config.py'. (couldnt-parse)
2025-08-19T10:31:05.7431326Z   coverage._warn(msg, slug="couldnt-parse")
2025-08-19T10:31:05.7432706Z /opt/hostedtoolcache/Python/3.11.13/x64/lib/python3.11/site-packages/coverage/report_core.py:118: CoverageWarning: Couldn't parse '/home/runner/work/AWA-App/AWA-App/C:\Users\Alexey\Documents\GitHub\AWA-App\services\common\db.py': No source for code: '/home/runner/work/AWA-App/AWA-App/C:\Users\Alexey\Documents\GitHub\AWA-App\services\common\db.py'. (couldnt-parse)
2025-08-19T10:31:05.7434235Z   coverage._warn(msg, slug="couldnt-parse")
2025-08-19T10:31:05.7435491Z /opt/hostedtoolcache/Python/3.11.13/x64/lib/python3.11/site-packages/coverage/report_core.py:118: CoverageWarning: Couldn't parse '/home/runner/work/AWA-App/AWA-App/C:\Users\Alexey\Documents\GitHub\AWA-App\services\common\db_url.py': No source for code: '/home/runner/work/AWA-App/AWA-App/C:\Users\Alexey\Documents\GitHub\AWA-App\services\common\db_url.py'. (couldnt-parse)
2025-08-19T10:31:05.7436982Z   coverage._warn(msg, slug="couldnt-parse")
2025-08-19T10:31:05.7438211Z /opt/hostedtoolcache/Python/3.11.13/x64/lib/python3.11/site-packages/coverage/report_core.py:118: CoverageWarning: Couldn't parse '/home/runner/work/AWA-App/AWA-App/C:\Users\Alexey\Documents\GitHub\AWA-App\services\common\dsn.py': No source for code: '/home/runner/work/AWA-App/AWA-App/C:\Users\Alexey\Documents\GitHub\AWA-App\services\common\dsn.py'. (couldnt-parse)
2025-08-19T10:31:05.7439684Z   coverage._warn(msg, slug="couldnt-parse")
2025-08-19T10:31:05.7441091Z /opt/hostedtoolcache/Python/3.11.13/x64/lib/python3.11/site-packages/coverage/report_core.py:118: CoverageWarning: Couldn't parse '/home/runner/work/AWA-App/AWA-App/C:\Users\Alexey\Documents\GitHub\AWA-App\services\common\keepa.py': No source for code: '/home/runner/work/AWA-App/AWA-App/C:\Users\Alexey\Documents\GitHub\AWA-App\services\common\keepa.py'. (couldnt-parse)
2025-08-19T10:31:05.7442948Z   coverage._warn(msg, slug="couldnt-parse")
2025-08-19T10:31:05.7444343Z /opt/hostedtoolcache/Python/3.11.13/x64/lib/python3.11/site-packages/coverage/report_core.py:118: CoverageWarning: Couldn't parse '/home/runner/work/AWA-App/AWA-App/C:\Users\Alexey\Documents\GitHub\AWA-App\services\common\llm.py': No source for code: '/home/runner/work/AWA-App/AWA-App/C:\Users\Alexey\Documents\GitHub\AWA-App\services\common\llm.py'. (couldnt-parse)
2025-08-19T10:31:05.7445840Z   coverage._warn(msg, slug="couldnt-parse")
2025-08-19T10:31:05.7447137Z /opt/hostedtoolcache/Python/3.11.13/x64/lib/python3.11/site-packages/coverage/report_core.py:118: CoverageWarning: Couldn't parse '/home/runner/work/AWA-App/AWA-App/C:\Users\Alexey\Documents\GitHub\AWA-App\services\common\models_vendor.py': No source for code: '/home/runner/work/AWA-App/AWA-App/C:\Users\Alexey\Documents\GitHub\AWA-App\services\common\models_vendor.py'. (couldnt-parse)
2025-08-19T10:31:05.7448678Z   coverage._warn(msg, slug="couldnt-parse")
2025-08-19T10:31:05.7449936Z /opt/hostedtoolcache/Python/3.11.13/x64/lib/python3.11/site-packages/coverage/report_core.py:118: CoverageWarning: Couldn't parse '/home/runner/work/AWA-App/AWA-App/C:\Users\Alexey\Documents\GitHub\AWA-App\services\common\settings.py': No source for code: '/home/runner/work/AWA-App/AWA-App/C:\Users\Alexey\Documents\GitHub\AWA-App\services\common\settings.py'. (couldnt-parse)
2025-08-19T10:31:05.7451445Z   coverage._warn(msg, slug="couldnt-parse")
2025-08-19T10:31:05.7452877Z /opt/hostedtoolcache/Python/3.11.13/x64/lib/python3.11/site-packages/coverage/report_core.py:118: CoverageWarning: Couldn't parse '/home/runner/work/AWA-App/AWA-App/C:\Users\Alexey\Documents\GitHub\AWA-App\services\db\__init__.py': No source for code: '/home/runner/work/AWA-App/AWA-App/C:\Users\Alexey\Documents\GitHub\AWA-App\services\db\__init__.py'. (couldnt-parse)
2025-08-19T10:31:05.7454755Z   coverage._warn(msg, slug="couldnt-parse")
2025-08-19T10:31:05.7456010Z /opt/hostedtoolcache/Python/3.11.13/x64/lib/python3.11/site-packages/coverage/report_core.py:118: CoverageWarning: Couldn't parse '/home/runner/work/AWA-App/AWA-App/C:\Users\Alexey\Documents\GitHub\AWA-App\services\db\utils\__init__.py': No source for code: '/home/runner/work/AWA-App/AWA-App/C:\Users\Alexey\Documents\GitHub\AWA-App\services\db\utils\__init__.py'. (couldnt-parse)
2025-08-19T10:31:05.7457537Z   coverage._warn(msg, slug="couldnt-parse")
2025-08-19T10:31:05.7458794Z /opt/hostedtoolcache/Python/3.11.13/x64/lib/python3.11/site-packages/coverage/report_core.py:118: CoverageWarning: Couldn't parse '/home/runner/work/AWA-App/AWA-App/C:\Users\Alexey\Documents\GitHub\AWA-App\services\db\utils\views.py': No source for code: '/home/runner/work/AWA-App/AWA-App/C:\Users\Alexey\Documents\GitHub\AWA-App\services\db\utils\views.py'. (couldnt-parse)
2025-08-19T10:31:05.7460201Z   coverage._warn(msg, slug="couldnt-parse")
2025-08-19T10:31:05.7461707Z /opt/hostedtoolcache/Python/3.11.13/x64/lib/python3.11/site-packages/coverage/report_core.py:118: CoverageWarning: Couldn't parse '/home/runner/work/AWA-App/AWA-App/C:\Users\Alexey\Documents\GitHub\AWA-App\services\emailer\__init__.py': No source for code: '/home/runner/work/AWA-App/AWA-App/C:\Users\Alexey\Documents\GitHub\AWA-App\services\emailer\__init__.py'. (couldnt-parse)
2025-08-19T10:31:05.7463013Z   coverage._warn(msg, slug="couldnt-parse")
2025-08-19T10:31:05.7464920Z /opt/hostedtoolcache/Python/3.11.13/x64/lib/python3.11/site-packages/coverage/report_core.py:118: CoverageWarning: Couldn't parse '/home/runner/work/AWA-App/AWA-App/C:\Users\Alexey\Documents\GitHub\AWA-App\services\emailer\generate_body.py': No source for code: '/home/runner/work/AWA-App/AWA-App/C:\Users\Alexey\Documents\GitHub\AWA-App\services\emailer\generate_body.py'. (couldnt-parse)
2025-08-19T10:31:05.7466471Z   coverage._warn(msg, slug="couldnt-parse")
2025-08-19T10:31:05.7467889Z /opt/hostedtoolcache/Python/3.11.13/x64/lib/python3.11/site-packages/coverage/report_core.py:118: CoverageWarning: Couldn't parse '/home/runner/work/AWA-App/AWA-App/C:\Users\Alexey\Documents\GitHub\AWA-App\services\etl\__init__.py': No source for code: '/home/runner/work/AWA-App/AWA-App/C:\Users\Alexey\Documents\GitHub\AWA-App\services\etl\__init__.py'. (couldnt-parse)
2025-08-19T10:31:05.7469289Z   coverage._warn(msg, slug="couldnt-parse")
2025-08-19T10:31:05.7470488Z /opt/hostedtoolcache/Python/3.11.13/x64/lib/python3.11/site-packages/coverage/report_core.py:118: CoverageWarning: Couldn't parse '/home/runner/work/AWA-App/AWA-App/C:\Users\Alexey\Documents\GitHub\AWA-App\services\etl\db.py': No source for code: '/home/runner/work/AWA-App/AWA-App/C:\Users\Alexey\Documents\GitHub\AWA-App\services\etl\db.py'. (couldnt-parse)
2025-08-19T10:31:05.7471932Z   coverage._warn(msg, slug="couldnt-parse")
2025-08-19T10:31:05.7473228Z /opt/hostedtoolcache/Python/3.11.13/x64/lib/python3.11/site-packages/coverage/report_core.py:118: CoverageWarning: Couldn't parse '/home/runner/work/AWA-App/AWA-App/C:\Users\Alexey\Documents\GitHub\AWA-App\services\etl\dialects\__init__.py': No source for code: '/home/runner/work/AWA-App/AWA-App/C:\Users\Alexey\Documents\GitHub\AWA-App\services\etl\dialects\__init__.py'. (couldnt-parse)
2025-08-19T10:31:05.7474515Z   coverage._warn(msg, slug="couldnt-parse")
2025-08-19T10:31:05.7476048Z /opt/hostedtoolcache/Python/3.11.13/x64/lib/python3.11/site-packages/coverage/report_core.py:118: CoverageWarning: Couldn't parse '/home/runner/work/AWA-App/AWA-App/C:\Users\Alexey\Documents\GitHub\AWA-App\services\etl\dialects\amazon_reimbursements.py': No source for code: '/home/runner/work/AWA-App/AWA-App/C:\Users\Alexey\Documents\GitHub\AWA-App\services\etl\dialects\amazon_reimbursements.py'. (couldnt-parse)
2025-08-19T10:31:05.7477758Z   coverage._warn(msg, slug="couldnt-parse")
2025-08-19T10:31:05.7479227Z /opt/hostedtoolcache/Python/3.11.13/x64/lib/python3.11/site-packages/coverage/report_core.py:118: CoverageWarning: Couldn't parse '/home/runner/work/AWA-App/AWA-App/C:\Users\Alexey\Documents\GitHub\AWA-App\services\etl\dialects\amazon_returns.py': No source for code: '/home/runner/work/AWA-App/AWA-App/C:\Users\Alexey\Documents\GitHub\AWA-App\services\etl\dialects\amazon_returns.py'. (couldnt-parse)
2025-08-19T10:31:05.7480701Z   coverage._warn(msg, slug="couldnt-parse")
2025-08-19T10:31:05.7482121Z /opt/hostedtoolcache/Python/3.11.13/x64/lib/python3.11/site-packages/coverage/report_core.py:118: CoverageWarning: Couldn't parse '/home/runner/work/AWA-App/AWA-App/C:\Users\Alexey\Documents\GitHub\AWA-App\services\etl\fba_fee_ingestor.py': No source for code: '/home/runner/work/AWA-App/AWA-App/C:\Users\Alexey\Documents\GitHub\AWA-App\services\etl\fba_fee_ingestor.py'. (couldnt-parse)
2025-08-19T10:31:05.7483572Z   coverage._warn(msg, slug="couldnt-parse")
2025-08-19T10:31:05.7484855Z /opt/hostedtoolcache/Python/3.11.13/x64/lib/python3.11/site-packages/coverage/report_core.py:118: CoverageWarning: Couldn't parse '/home/runner/work/AWA-App/AWA-App/C:\Users\Alexey\Documents\GitHub\AWA-App\services\etl\keepa_ingestor.py': No source for code: '/home/runner/work/AWA-App/AWA-App/C:\Users\Alexey\Documents\GitHub\AWA-App\services\etl\keepa_ingestor.py'. (couldnt-parse)
2025-08-19T10:31:05.7486211Z   coverage._warn(msg, slug="couldnt-parse")
2025-08-19T10:31:05.7487568Z /opt/hostedtoolcache/Python/3.11.13/x64/lib/python3.11/site-packages/coverage/report_core.py:118: CoverageWarning: Couldn't parse '/home/runner/work/AWA-App/AWA-App/C:\Users\Alexey\Documents\GitHub\AWA-App\services\etl\sp_fees_ingestor.py': No source for code: '/home/runner/work/AWA-App/AWA-App/C:\Users\Alexey\Documents\GitHub\AWA-App\services\etl\sp_fees_ingestor.py'. (couldnt-parse)
2025-08-19T10:31:05.7488847Z   coverage._warn(msg, slug="couldnt-parse")
2025-08-19T10:31:05.7490514Z /opt/hostedtoolcache/Python/3.11.13/x64/lib/python3.11/site-packages/coverage/report_core.py:118: CoverageWarning: Couldn't parse '/home/runner/work/AWA-App/AWA-App/C:\Users\Alexey\Documents\GitHub\AWA-App\services\fees_h10\__init__.py': No source for code: '/home/runner/work/AWA-App/AWA-App/C:\Users\Alexey\Documents\GitHub\AWA-App\services\fees_h10\__init__.py'. (couldnt-parse)
2025-08-19T10:31:05.7491931Z   coverage._warn(msg, slug="couldnt-parse")
2025-08-19T10:31:05.7493340Z /opt/hostedtoolcache/Python/3.11.13/x64/lib/python3.11/site-packages/coverage/report_core.py:118: CoverageWarning: Couldn't parse '/home/runner/work/AWA-App/AWA-App/C:\Users\Alexey\Documents\GitHub\AWA-App\services\fees_h10\client.py': No source for code: '/home/runner/work/AWA-App/AWA-App/C:\Users\Alexey\Documents\GitHub\AWA-App\services\fees_h10\client.py'. (couldnt-parse)
2025-08-19T10:31:05.7494590Z   coverage._warn(msg, slug="couldnt-parse")
2025-08-19T10:31:05.7496026Z /opt/hostedtoolcache/Python/3.11.13/x64/lib/python3.11/site-packages/coverage/report_core.py:118: CoverageWarning: Couldn't parse '/home/runner/work/AWA-App/AWA-App/C:\Users\Alexey\Documents\GitHub\AWA-App\services\fees_h10\repository.py': No source for code: '/home/runner/work/AWA-App/AWA-App/C:\Users\Alexey\Documents\GitHub\AWA-App\services\fees_h10\repository.py'. (couldnt-parse)
2025-08-19T10:31:05.7497309Z   coverage._warn(msg, slug="couldnt-parse")
2025-08-19T10:31:05.7498849Z /opt/hostedtoolcache/Python/3.11.13/x64/lib/python3.11/site-packages/coverage/report_core.py:118: CoverageWarning: Couldn't parse '/home/runner/work/AWA-App/AWA-App/C:\Users\Alexey\Documents\GitHub\AWA-App\services\fees_h10\worker.py': No source for code: '/home/runner/work/AWA-App/AWA-App/C:\Users\Alexey\Documents\GitHub\AWA-App\services\fees_h10\worker.py'. (couldnt-parse)
2025-08-19T10:31:05.7500312Z   coverage._warn(msg, slug="couldnt-parse")
2025-08-19T10:31:05.7501921Z /opt/hostedtoolcache/Python/3.11.13/x64/lib/python3.11/site-packages/coverage/report_core.py:118: CoverageWarning: Couldn't parse '/home/runner/work/AWA-App/AWA-App/C:\Users\Alexey\Documents\GitHub\AWA-App\services\ingest\__init__.py': No source for code: '/home/runner/work/AWA-App/AWA-App/C:\Users\Alexey\Documents\GitHub\AWA-App\services\ingest\__init__.py'. (couldnt-parse)
2025-08-19T10:31:05.7503363Z   coverage._warn(msg, slug="couldnt-parse")
2025-08-19T10:31:05.7504835Z /opt/hostedtoolcache/Python/3.11.13/x64/lib/python3.11/site-packages/coverage/report_core.py:118: CoverageWarning: Couldn't parse '/home/runner/work/AWA-App/AWA-App/C:\Users\Alexey\Documents\GitHub\AWA-App\services\ingest\email_watcher.py': No source for code: '/home/runner/work/AWA-App/AWA-App/C:\Users\Alexey\Documents\GitHub\AWA-App\services\ingest\email_watcher.py'. (couldnt-parse)
2025-08-19T10:31:05.7506194Z   coverage._warn(msg, slug="couldnt-parse")
2025-08-19T10:31:05.7507842Z /opt/hostedtoolcache/Python/3.11.13/x64/lib/python3.11/site-packages/coverage/report_core.py:118: CoverageWarning: Couldn't parse '/home/runner/work/AWA-App/AWA-App/C:\Users\Alexey\Documents\GitHub\AWA-App\services\ingest\ingest_router.py': No source for code: '/home/runner/work/AWA-App/AWA-App/C:\Users\Alexey\Documents\GitHub\AWA-App\services\ingest\ingest_router.py'. (couldnt-parse)
2025-08-19T10:31:05.7509268Z   coverage._warn(msg, slug="couldnt-parse")
2025-08-19T10:31:05.7510768Z /opt/hostedtoolcache/Python/3.11.13/x64/lib/python3.11/site-packages/coverage/report_core.py:118: CoverageWarning: Couldn't parse '/home/runner/work/AWA-App/AWA-App/C:\Users\Alexey\Documents\GitHub\AWA-App\services\ingest\upload_router.py': No source for code: '/home/runner/work/AWA-App/AWA-App/C:\Users\Alexey\Documents\GitHub\AWA-App\services\ingest\upload_router.py'. (couldnt-parse)
2025-08-19T10:31:05.7512392Z   coverage._warn(msg, slug="couldnt-parse")
2025-08-19T10:31:05.7513838Z /opt/hostedtoolcache/Python/3.11.13/x64/lib/python3.11/site-packages/coverage/report_core.py:118: CoverageWarning: Couldn't parse '/home/runner/work/AWA-App/AWA-App/C:\Users\Alexey\Documents\GitHub\AWA-App\services\llm_server\__init__.py': No source for code: '/home/runner/work/AWA-App/AWA-App/C:\Users\Alexey\Documents\GitHub\AWA-App\services\llm_server\__init__.py'. (couldnt-parse)
2025-08-19T10:31:05.7515276Z   coverage._warn(msg, slug="couldnt-parse")
2025-08-19T10:31:05.7516854Z /opt/hostedtoolcache/Python/3.11.13/x64/lib/python3.11/site-packages/coverage/report_core.py:118: CoverageWarning: Couldn't parse '/home/runner/work/AWA-App/AWA-App/C:\Users\Alexey\Documents\GitHub\AWA-App\services\llm_server\app.py': No source for code: '/home/runner/work/AWA-App/AWA-App/C:\Users\Alexey\Documents\GitHub\AWA-App\services\llm_server\app.py'. (couldnt-parse)
2025-08-19T10:31:05.7518128Z   coverage._warn(msg, slug="couldnt-parse")
2025-08-19T10:31:05.7519571Z /opt/hostedtoolcache/Python/3.11.13/x64/lib/python3.11/site-packages/coverage/report_core.py:118: CoverageWarning: Couldn't parse '/home/runner/work/AWA-App/AWA-App/C:\Users\Alexey\Documents\GitHub\AWA-App\services\logistics_etl\__init__.py': No source for code: '/home/runner/work/AWA-App/AWA-App/C:\Users\Alexey\Documents\GitHub\AWA-App\services\logistics_etl\__init__.py'. (couldnt-parse)
2025-08-19T10:31:05.7520879Z   coverage._warn(msg, slug="couldnt-parse")
2025-08-19T10:31:05.7522495Z /opt/hostedtoolcache/Python/3.11.13/x64/lib/python3.11/site-packages/coverage/report_core.py:118: CoverageWarning: Couldn't parse '/home/runner/work/AWA-App/AWA-App/C:\Users\Alexey\Documents\GitHub\AWA-App\services\logistics_etl\__main__.py': No source for code: '/home/runner/work/AWA-App/AWA-App/C:\Users\Alexey\Documents\GitHub\AWA-App\services\logistics_etl\__main__.py'. (couldnt-parse)
2025-08-19T10:31:05.7523820Z   coverage._warn(msg, slug="couldnt-parse")
2025-08-19T10:31:05.7525403Z /opt/hostedtoolcache/Python/3.11.13/x64/lib/python3.11/site-packages/coverage/report_core.py:118: CoverageWarning: Couldn't parse '/home/runner/work/AWA-App/AWA-App/C:\Users\Alexey\Documents\GitHub\AWA-App\services\logistics_etl\client.py': No source for code: '/home/runner/work/AWA-App/AWA-App/C:\Users\Alexey\Documents\GitHub\AWA-App\services\logistics_etl\client.py'. (couldnt-parse)
2025-08-19T10:31:05.7526864Z   coverage._warn(msg, slug="couldnt-parse")
2025-08-19T10:31:05.7528315Z /opt/hostedtoolcache/Python/3.11.13/x64/lib/python3.11/site-packages/coverage/report_core.py:118: CoverageWarning: Couldn't parse '/home/runner/work/AWA-App/AWA-App/C:\Users\Alexey\Documents\GitHub\AWA-App\services\logistics_etl\cron.py': No source for code: '/home/runner/work/AWA-App/AWA-App/C:\Users\Alexey\Documents\GitHub\AWA-App\services\logistics_etl\cron.py'. (couldnt-parse)
2025-08-19T10:31:05.7529611Z   coverage._warn(msg, slug="couldnt-parse")
2025-08-19T10:31:05.7531017Z /opt/hostedtoolcache/Python/3.11.13/x64/lib/python3.11/site-packages/coverage/report_core.py:118: CoverageWarning: Couldn't parse '/home/runner/work/AWA-App/AWA-App/C:\Users\Alexey\Documents\GitHub\AWA-App\services\logistics_etl\db.py': No source for code: '/home/runner/work/AWA-App/AWA-App/C:\Users\Alexey\Documents\GitHub\AWA-App\services\logistics_etl\db.py'. (couldnt-parse)
2025-08-19T10:31:05.7532428Z   coverage._warn(msg, slug="couldnt-parse")
2025-08-19T10:31:05.7534020Z /opt/hostedtoolcache/Python/3.11.13/x64/lib/python3.11/site-packages/coverage/report_core.py:118: CoverageWarning: Couldn't parse '/home/runner/work/AWA-App/AWA-App/C:\Users\Alexey\Documents\GitHub\AWA-App\services\logistics_etl\flow.py': No source for code: '/home/runner/work/AWA-App/AWA-App/C:\Users\Alexey\Documents\GitHub\AWA-App\services\logistics_etl\flow.py'. (couldnt-parse)
2025-08-19T10:31:05.7535322Z   coverage._warn(msg, slug="couldnt-parse")
2025-08-19T10:31:05.7536791Z /opt/hostedtoolcache/Python/3.11.13/x64/lib/python3.11/site-packages/coverage/report_core.py:118: CoverageWarning: Couldn't parse '/home/runner/work/AWA-App/AWA-App/C:\Users\Alexey\Documents\GitHub\AWA-App\services\logistics_etl\repository.py': No source for code: '/home/runner/work/AWA-App/AWA-App/C:\Users\Alexey\Documents\GitHub\AWA-App\services\logistics_etl\repository.py'. (couldnt-parse)
2025-08-19T10:31:05.7538131Z   coverage._warn(msg, slug="couldnt-parse")
2025-08-19T10:31:05.7539734Z /opt/hostedtoolcache/Python/3.11.13/x64/lib/python3.11/site-packages/coverage/report_core.py:118: CoverageWarning: Couldn't parse '/home/runner/work/AWA-App/AWA-App/C:\Users\Alexey\Documents\GitHub\AWA-App\services\price_importer\__init__.py': No source for code: '/home/runner/work/AWA-App/AWA-App/C:\Users\Alexey\Documents\GitHub\AWA-App\services\price_importer\__init__.py'. (couldnt-parse)
2025-08-19T10:31:05.7541069Z   coverage._warn(msg, slug="couldnt-parse")
2025-08-19T10:31:05.7542764Z /opt/hostedtoolcache/Python/3.11.13/x64/lib/python3.11/site-packages/coverage/report_core.py:118: CoverageWarning: Couldn't parse '/home/runner/work/AWA-App/AWA-App/C:\Users\Alexey\Documents\GitHub\AWA-App\services\price_importer\common\__init__.py': No source for code: '/home/runner/work/AWA-App/AWA-App/C:\Users\Alexey\Documents\GitHub\AWA-App\services\price_importer\common\__init__.py'. (couldnt-parse)
2025-08-19T10:31:05.7544131Z   coverage._warn(msg, slug="couldnt-parse")
2025-08-19T10:31:05.7545611Z /opt/hostedtoolcache/Python/3.11.13/x64/lib/python3.11/site-packages/coverage/report_core.py:118: CoverageWarning: Couldn't parse '/home/runner/work/AWA-App/AWA-App/C:\Users\Alexey\Documents\GitHub\AWA-App\services\price_importer\common\base.py': No source for code: '/home/runner/work/AWA-App/AWA-App/C:\Users\Alexey\Documents\GitHub\AWA-App\services\price_importer\common\base.py'. (couldnt-parse)
2025-08-19T10:31:05.7546957Z   coverage._warn(msg, slug="couldnt-parse")
2025-08-19T10:31:05.7548435Z /opt/hostedtoolcache/Python/3.11.13/x64/lib/python3.11/site-packages/coverage/report_core.py:118: CoverageWarning: Couldn't parse '/home/runner/work/AWA-App/AWA-App/C:\Users\Alexey\Documents\GitHub\AWA-App\services\price_importer\common\db_url.py': No source for code: '/home/runner/work/AWA-App/AWA-App/C:\Users\Alexey\Documents\GitHub\AWA-App\services\price_importer\common\db_url.py'. (couldnt-parse)
2025-08-19T10:31:05.7549931Z   coverage._warn(msg, slug="couldnt-parse")
2025-08-19T10:31:05.7551882Z /opt/hostedtoolcache/Python/3.11.13/x64/lib/python3.11/site-packages/coverage/report_core.py:118: CoverageWarning: Couldn't parse '/home/runner/work/AWA-App/AWA-App/C:\Users\Alexey\Documents\GitHub\AWA-App\services\price_importer\common\models_vendor.py': No source for code: '/home/runner/work/AWA-App/AWA-App/C:\Users\Alexey\Documents\GitHub\AWA-App\services\price_importer\common\models_vendor.py'. (couldnt-parse)
2025-08-19T10:31:05.7553372Z   coverage._warn(msg, slug="couldnt-parse")
2025-08-19T10:31:05.7554762Z /opt/hostedtoolcache/Python/3.11.13/x64/lib/python3.11/site-packages/coverage/report_core.py:118: CoverageWarning: Couldn't parse '/home/runner/work/AWA-App/AWA-App/C:\Users\Alexey\Documents\GitHub\AWA-App\services\price_importer\import.py': No source for code: '/home/runner/work/AWA-App/AWA-App/C:\Users\Alexey\Documents\GitHub\AWA-App\services\price_importer\import.py'. (couldnt-parse)
2025-08-19T10:31:05.7556122Z   coverage._warn(msg, slug="couldnt-parse")
2025-08-19T10:31:05.7557550Z /opt/hostedtoolcache/Python/3.11.13/x64/lib/python3.11/site-packages/coverage/report_core.py:118: CoverageWarning: Couldn't parse '/home/runner/work/AWA-App/AWA-App/C:\Users\Alexey\Documents\GitHub\AWA-App\services\price_importer\normaliser.py': No source for code: '/home/runner/work/AWA-App/AWA-App/C:\Users\Alexey\Documents\GitHub\AWA-App\services\price_importer\normaliser.py'. (couldnt-parse)
2025-08-19T10:31:05.7558914Z   coverage._warn(msg, slug="couldnt-parse")
2025-08-19T10:31:05.7560320Z /opt/hostedtoolcache/Python/3.11.13/x64/lib/python3.11/site-packages/coverage/report_core.py:118: CoverageWarning: Couldn't parse '/home/runner/work/AWA-App/AWA-App/C:\Users\Alexey\Documents\GitHub\AWA-App\services\price_importer\reader.py': No source for code: '/home/runner/work/AWA-App/AWA-App/C:\Users\Alexey\Documents\GitHub\AWA-App\services\price_importer\reader.py'. (couldnt-parse)
2025-08-19T10:31:05.7561756Z   coverage._warn(msg, slug="couldnt-parse")
2025-08-19T10:31:05.7563485Z /opt/hostedtoolcache/Python/3.11.13/x64/lib/python3.11/site-packages/coverage/report_core.py:118: CoverageWarning: Couldn't parse '/home/runner/work/AWA-App/AWA-App/C:\Users\Alexey\Documents\GitHub\AWA-App\services\price_importer\repository.py': No source for code: '/home/runner/work/AWA-App/AWA-App/C:\Users\Alexey\Documents\GitHub\AWA-App\services\price_importer\repository.py'. (couldnt-parse)
2025-08-19T10:31:05.7565015Z   coverage._warn(msg, slug="couldnt-parse")
2025-08-19T10:31:05.7566442Z /opt/hostedtoolcache/Python/3.11.13/x64/lib/python3.11/site-packages/coverage/report_core.py:118: CoverageWarning: Couldn't parse '/home/runner/work/AWA-App/AWA-App/C:\Users\Alexey\Documents\GitHub\AWA-App\services\price_importer\services_common\__init__.py': No source for code: '/home/runner/work/AWA-App/AWA-App/C:\Users\Alexey\Documents\GitHub\AWA-App\services\price_importer\services_common\__init__.py'. (couldnt-parse)
2025-08-19T10:31:05.7568247Z   coverage._warn(msg, slug="couldnt-parse")
2025-08-19T10:31:05.7569646Z /opt/hostedtoolcache/Python/3.11.13/x64/lib/python3.11/site-packages/coverage/report_core.py:118: CoverageWarning: Couldn't parse '/home/runner/work/AWA-App/AWA-App/C:\Users\Alexey\Documents\GitHub\AWA-App\services\price_importer\services_common\base.py': No source for code: '/home/runner/work/AWA-App/AWA-App/C:\Users\Alexey\Documents\GitHub\AWA-App\services\price_importer\services_common\base.py'. (couldnt-parse)
2025-08-19T10:31:05.7571186Z   coverage._warn(msg, slug="couldnt-parse")
2025-08-19T10:31:05.7572749Z /opt/hostedtoolcache/Python/3.11.13/x64/lib/python3.11/site-packages/coverage/report_core.py:118: CoverageWarning: Couldn't parse '/home/runner/work/AWA-App/AWA-App/C:\Users\Alexey\Documents\GitHub\AWA-App\services\price_importer\services_common\db.py': No source for code: '/home/runner/work/AWA-App/AWA-App/C:\Users\Alexey\Documents\GitHub\AWA-App\services\price_importer\services_common\db.py'. (couldnt-parse)
2025-08-19T10:31:05.7574584Z   coverage._warn(msg, slug="couldnt-parse")
2025-08-19T10:31:05.7575976Z /opt/hostedtoolcache/Python/3.11.13/x64/lib/python3.11/site-packages/coverage/report_core.py:118: CoverageWarning: Couldn't parse '/home/runner/work/AWA-App/AWA-App/C:\Users\Alexey\Documents\GitHub\AWA-App\services\price_importer\services_common\db_url.py': No source for code: '/home/runner/work/AWA-App/AWA-App/C:\Users\Alexey\Documents\GitHub\AWA-App\services\price_importer\services_common\db_url.py'. (couldnt-parse)
2025-08-19T10:31:05.7577559Z   coverage._warn(msg, slug="couldnt-parse")
2025-08-19T10:31:05.7578928Z /opt/hostedtoolcache/Python/3.11.13/x64/lib/python3.11/site-packages/coverage/report_core.py:118: CoverageWarning: Couldn't parse '/home/runner/work/AWA-App/AWA-App/C:\Users\Alexey\Documents\GitHub\AWA-App\services\price_importer\services_common\dsn.py': No source for code: '/home/runner/work/AWA-App/AWA-App/C:\Users\Alexey\Documents\GitHub\AWA-App\services\price_importer\services_common\dsn.py'. (couldnt-parse)
2025-08-19T10:31:05.7580455Z   coverage._warn(msg, slug="couldnt-parse")
2025-08-19T10:31:05.7581974Z /opt/hostedtoolcache/Python/3.11.13/x64/lib/python3.11/site-packages/coverage/report_core.py:118: CoverageWarning: Couldn't parse '/home/runner/work/AWA-App/AWA-App/C:\Users\Alexey\Documents\GitHub\AWA-App\services\price_importer\services_common\keepa.py': No source for code: '/home/runner/work/AWA-App/AWA-App/C:\Users\Alexey\Documents\GitHub\AWA-App\services\price_importer\services_common\keepa.py'. (couldnt-parse)
2025-08-19T10:31:05.7583520Z   coverage._warn(msg, slug="couldnt-parse")
2025-08-19T10:31:05.7584902Z /opt/hostedtoolcache/Python/3.11.13/x64/lib/python3.11/site-packages/coverage/report_core.py:118: CoverageWarning: Couldn't parse '/home/runner/work/AWA-App/AWA-App/C:\Users\Alexey\Documents\GitHub\AWA-App\services\price_importer\services_common\llm.py': No source for code: '/home/runner/work/AWA-App/AWA-App/C:\Users\Alexey\Documents\GitHub\AWA-App\services\price_importer\services_common\llm.py'. (couldnt-parse)
2025-08-19T10:31:05.7586565Z   coverage._warn(msg, slug="couldnt-parse")
2025-08-19T10:31:05.7588288Z /opt/hostedtoolcache/Python/3.11.13/x64/lib/python3.11/site-packages/coverage/report_core.py:118: CoverageWarning: Couldn't parse '/home/runner/work/AWA-App/AWA-App/C:\Users\Alexey\Documents\GitHub\AWA-App\services\price_importer\services_common\models_vendor.py': No source for code: '/home/runner/work/AWA-App/AWA-App/C:\Users\Alexey\Documents\GitHub\AWA-App\services\price_importer\services_common\models_vendor.py'. (couldnt-parse)
2025-08-19T10:31:05.7589770Z   coverage._warn(msg, slug="couldnt-parse")
2025-08-19T10:31:05.7591327Z /opt/hostedtoolcache/Python/3.11.13/x64/lib/python3.11/site-packages/coverage/report_core.py:118: CoverageWarning: Couldn't parse '/home/runner/work/AWA-App/AWA-App/C:\Users\Alexey\Documents\GitHub\AWA-App\services\price_importer\services_common\settings.py': No source for code: '/home/runner/work/AWA-App/AWA-App/C:\Users\Alexey\Documents\GitHub\AWA-App\services\price_importer\services_common\settings.py'. (couldnt-parse)
2025-08-19T10:31:05.7592957Z   coverage._warn(msg, slug="couldnt-parse")
2025-08-19T10:31:05.7594368Z /opt/hostedtoolcache/Python/3.11.13/x64/lib/python3.11/site-packages/coverage/report_core.py:118: CoverageWarning: Couldn't parse '/home/runner/work/AWA-App/AWA-App/C:\Users\Alexey\Documents\GitHub\AWA-App\services\repricer\__init__.py': No source for code: '/home/runner/work/AWA-App/AWA-App/C:\Users\Alexey\Documents\GitHub\AWA-App\services\repricer\__init__.py'. (couldnt-parse)
2025-08-19T10:31:05.7595646Z   coverage._warn(msg, slug="couldnt-parse")
2025-08-19T10:31:05.7597293Z /opt/hostedtoolcache/Python/3.11.13/x64/lib/python3.11/site-packages/coverage/report_core.py:118: CoverageWarning: Couldn't parse '/home/runner/work/AWA-App/AWA-App/C:\Users\Alexey\Documents\GitHub\AWA-App\services\repricer\app\__init__.py': No source for code: '/home/runner/work/AWA-App/AWA-App/C:\Users\Alexey\Documents\GitHub\AWA-App\services\repricer\app\__init__.py'. (couldnt-parse)
2025-08-19T10:31:05.7598833Z   coverage._warn(msg, slug="couldnt-parse")
2025-08-19T10:31:05.7600275Z /opt/hostedtoolcache/Python/3.11.13/x64/lib/python3.11/site-packages/coverage/report_core.py:118: CoverageWarning: Couldn't parse '/home/runner/work/AWA-App/AWA-App/C:\Users\Alexey\Documents\GitHub\AWA-App\services\repricer\app\deps.py': No source for code: '/home/runner/work/AWA-App/AWA-App/C:\Users\Alexey\Documents\GitHub\AWA-App\services\repricer\app\deps.py'. (couldnt-parse)
2025-08-19T10:31:05.7601563Z   coverage._warn(msg, slug="couldnt-parse")
2025-08-19T10:31:05.7602975Z /opt/hostedtoolcache/Python/3.11.13/x64/lib/python3.11/site-packages/coverage/report_core.py:118: CoverageWarning: Couldn't parse '/home/runner/work/AWA-App/AWA-App/C:\Users\Alexey\Documents\GitHub\AWA-App\services\repricer\app\logic.py': No source for code: '/home/runner/work/AWA-App/AWA-App/C:\Users\Alexey\Documents\GitHub\AWA-App\services\repricer\app\logic.py'. (couldnt-parse)
2025-08-19T10:31:05.7604270Z   coverage._warn(msg, slug="couldnt-parse")
2025-08-19T10:31:05.7605535Z /opt/hostedtoolcache/Python/3.11.13/x64/lib/python3.11/site-packages/coverage/report_core.py:118: CoverageWarning: Couldn't parse '/home/runner/work/AWA-App/AWA-App/C:\Users\Alexey\Documents\GitHub\AWA-App\services\repricer\app\main.py': No source for code: '/home/runner/work/AWA-App/AWA-App/C:\Users\Alexey\Documents\GitHub\AWA-App\services\repricer\app\main.py'. (couldnt-parse)
2025-08-19T10:31:05.7606811Z   coverage._warn(msg, slug="couldnt-parse")
2025-08-19T10:31:05.7608114Z /opt/hostedtoolcache/Python/3.11.13/x64/lib/python3.11/site-packages/coverage/report_core.py:118: CoverageWarning: Couldn't parse '/home/runner/work/AWA-App/AWA-App/C:\Users\Alexey\Documents\GitHub\AWA-App\services\repricer\app\schemas.py': No source for code: '/home/runner/work/AWA-App/AWA-App/C:\Users\Alexey\Documents\GitHub\AWA-App\services\repricer\app\schemas.py'. (couldnt-parse)
2025-08-19T10:31:05.7609567Z   coverage._warn(msg, slug="couldnt-parse")
2025-08-19T10:31:05.7611019Z /opt/hostedtoolcache/Python/3.11.13/x64/lib/python3.11/site-packages/coverage/report_core.py:118: CoverageWarning: Couldn't parse '/home/runner/work/AWA-App/AWA-App/C:\Users\Alexey\Documents\GitHub\AWA-App\services\returns_etl\loader.py': No source for code: '/home/runner/work/AWA-App/AWA-App/C:\Users\Alexey\Documents\GitHub\AWA-App\services\returns_etl\loader.py'. (couldnt-parse)
2025-08-19T10:31:05.7612476Z   coverage._warn(msg, slug="couldnt-parse")
2025-08-19T10:31:06.2627056Z ............                                                             [100%]
2025-08-19T10:31:06.2627629Z ================================ tests coverage ================================
2025-08-19T10:31:06.2628219Z _______________ coverage: platform linux, python 3.11.13-final-0 _______________
2025-08-19T10:31:06.2628690Z 
2025-08-19T10:31:06.2628884Z Coverage XML written to file coverage.xml
2025-08-19T10:31:06.4964175Z ##[group]Run actions/upload-artifact@v4
2025-08-19T10:31:06.4964488Z with:
2025-08-19T10:31:06.4964680Z   name: coverage.integration
2025-08-19T10:31:06.4964906Z   path: .coverage
2025-08-19T10:31:06.4965099Z   if-no-files-found: warn
2025-08-19T10:31:06.4965312Z   compression-level: 6
2025-08-19T10:31:06.4965505Z   overwrite: false
2025-08-19T10:31:06.4965700Z   include-hidden-files: false
2025-08-19T10:31:06.4965911Z env:
2025-08-19T10:31:06.4966081Z   PG_USER: postgres
2025-08-19T10:31:06.4966272Z   PG_PASSWORD: pass
2025-08-19T10:31:06.4966455Z   PG_DATABASE: awa
2025-08-19T10:31:06.4966643Z   PG_HOST: localhost
2025-08-19T10:31:06.4966835Z   PG_PORT: 5432
2025-08-19T10:31:06.4967321Z   PG_SYNC_DSN: ***localhost:5432/awa
2025-08-19T10:31:06.4967730Z   PG_ASYNC_DSN: ***localhost:5432/awa
2025-08-19T10:31:06.4968136Z   DATABASE_URL: ***localhost:5432/awa
2025-08-19T10:31:06.4968379Z   DATA_DIR: /tmp/awa-data
2025-08-19T10:31:06.4968582Z   ENABLE_LIVE: 0
2025-08-19T10:31:06.4968796Z   TESTING: 1
2025-08-19T10:31:06.4969033Z   pythonLocation: /opt/hostedtoolcache/Python/3.11.13/x64
2025-08-19T10:31:06.4969624Z   PKG_CONFIG_PATH: /opt/hostedtoolcache/Python/3.11.13/x64/lib/pkgconfig
2025-08-19T10:31:06.4970012Z   Python_ROOT_DIR: /opt/hostedtoolcache/Python/3.11.13/x64
2025-08-19T10:31:06.4970362Z   Python2_ROOT_DIR: /opt/hostedtoolcache/Python/3.11.13/x64
2025-08-19T10:31:06.4970711Z   Python3_ROOT_DIR: /opt/hostedtoolcache/Python/3.11.13/x64
2025-08-19T10:31:06.4971063Z   LD_LIBRARY_PATH: /opt/hostedtoolcache/Python/3.11.13/x64/lib
2025-08-19T10:31:06.4971427Z ##[endgroup]
2025-08-19T10:31:06.7140851Z ##[warning]No files were found with the provided path: .coverage. No artifacts will be uploaded.
2025-08-19T10:31:06.7765754Z Post job cleanup.
2025-08-19T10:31:06.9043946Z Cache hit occurred on the primary key Linux-int-5e711acf40f5252f84577ca397f83ab64fb9d7dad68b245c8525eecd4c9b10ee, not saving cache.
2025-08-19T10:31:06.9130781Z Post job cleanup.
2025-08-19T10:31:07.0628176Z Cache hit occurred on the primary key setup-python-Linux-x64-24.04-Ubuntu-python-3.11.13-pip-5e711acf40f5252f84577ca397f83ab64fb9d7dad68b245c8525eecd4c9b10ee, not saving cache.
2025-08-19T10:31:07.0785664Z Post job cleanup.
2025-08-19T10:31:07.1725342Z [command]/usr/bin/git version
2025-08-19T10:31:07.1762297Z git version 2.50.1
2025-08-19T10:31:07.1814181Z Temporarily overriding HOME='/home/runner/work/_temp/c303b34f-5def-4902-b01b-b57819cc1089' before making global git config changes
2025-08-19T10:31:07.1815492Z Adding repository directory to the temporary git global config as a safe directory
2025-08-19T10:31:07.1819394Z [command]/usr/bin/git config --global --add safe.directory /home/runner/work/AWA-App/AWA-App
2025-08-19T10:31:07.1855231Z [command]/usr/bin/git config --local --name-only --get-regexp core\.sshCommand
2025-08-19T10:31:07.1887907Z [command]/usr/bin/git submodule foreach --recursive sh -c "git config --local --name-only --get-regexp 'core\.sshCommand' && git config --local --unset-all 'core.sshCommand' || :"
2025-08-19T10:31:07.2127097Z [command]/usr/bin/git config --local --name-only --get-regexp http\.https\:\/\/github\.com\/\.extraheader
2025-08-19T10:31:07.2149038Z http.https://github.com/.extraheader
2025-08-19T10:31:07.2161192Z [command]/usr/bin/git config --local --unset-all http.https://github.com/.extraheader
2025-08-19T10:31:07.2191816Z [command]/usr/bin/git submodule foreach --recursive sh -c "git config --local --name-only --get-regexp 'http\.https\:\/\/github\.com\/\.extraheader' && git config --local --unset-all 'http.https://github.com/.extraheader' || :"
2025-08-19T10:31:07.2507338Z Print service container logs: f0844bdc36064dbf9686ff842b519e2a_postgres15_8093d6
2025-08-19T10:31:07.2512375Z ##[command]/usr/bin/docker logs --details 7f5fdda3020bb6ae1cdde759fa5935a225403eccd0cc4db3ab08c5ae969cd349
2025-08-19T10:31:07.2634973Z  initdb: warning: enabling "trust" authentication for local connections
2025-08-19T10:31:07.2636083Z  initdb: hint: You can change this by editing pg_hba.conf or using the option -A, or --auth-local and --auth-host, the next time you run initdb.
2025-08-19T10:31:07.2637206Z  The files belonging to this database system will be owned by user "postgres".
2025-08-19T10:31:07.2638316Z  2025-08-19 10:30:07.466 UTC [1] LOG:  starting PostgreSQL 15.14 (Debian 15.14-1.pgdg13+1) on x86_64-pc-linux-gnu, compiled by gcc (Debian 14.2.0-19) 14.2.0, 64-bit
2025-08-19T10:31:07.2639337Z  2025-08-19 10:30:07.466 UTC [1] LOG:  listening on IPv4 address "0.0.0.0", port 5432
2025-08-19T10:31:07.2640058Z  2025-08-19 10:30:07.466 UTC [1] LOG:  listening on IPv6 address "::", port 5432
2025-08-19T10:31:07.2640732Z  2025-08-19 10:30:07.467 UTC [1] LOG:  listening on Unix socket "/var/run/postgresql/.s.PGSQL.5432"
2025-08-19T10:31:07.2641245Z  2025-08-19 10:30:07.470 UTC [64] LOG:  database system was shut down at 2025-08-19 10:30:07 UTC
2025-08-19T10:31:07.2641936Z  2025-08-19 10:30:07.474 UTC [1] LOG:  database system is ready to accept connections
2025-08-19T10:31:07.2642310Z  This user must also own the server process.
2025-08-19T10:31:07.2642569Z  
2025-08-19T10:31:07.2642831Z  The database cluster will be initialized with locale "en_US.utf8".
2025-08-19T10:31:07.2643480Z  The default database encoding has accordingly been set to "UTF8".
2025-08-19T10:31:07.2643874Z  The default text search configuration will be set to "english".
2025-08-19T10:31:07.2644175Z  
2025-08-19T10:31:07.2644356Z  Data page checksums are disabled.
2025-08-19T10:31:07.2644582Z  
2025-08-19T10:31:07.2644871Z  fixing permissions on existing directory /var/lib/postgresql/data ... ok
2025-08-19T10:31:07.2645511Z  creating subdirectories ... ok
2025-08-19T10:31:07.2645975Z  selecting dynamic shared memory implementation ... posix
2025-08-19T10:31:07.2646442Z  selecting default max_connections ... 100
2025-08-19T10:31:07.2646851Z  selecting default shared_buffers ... 128MB
2025-08-19T10:31:07.2647282Z  selecting default time zone ... Etc/UTC
2025-08-19T10:31:07.2647727Z  creating configuration files ... ok
2025-08-19T10:31:07.2648162Z  running bootstrap script ... ok
2025-08-19T10:31:07.2648620Z  performing post-bootstrap initialization ... ok
2025-08-19T10:31:07.2649098Z  syncing data to disk ... ok
2025-08-19T10:31:07.2649431Z  
2025-08-19T10:31:07.2649657Z  
2025-08-19T10:31:07.2650007Z  Success. You can now start the database server using:
2025-08-19T10:31:07.2650478Z  
2025-08-19T10:31:07.2650832Z      pg_ctl -D /var/lib/postgresql/data -l logfile start
2025-08-19T10:31:07.2651293Z  
2025-08-19T10:31:07.2652405Z  waiting for server to start....2025-08-19 10:30:07.161 UTC [48] LOG:  starting PostgreSQL 15.14 (Debian 15.14-1.pgdg13+1) on x86_64-pc-linux-gnu, compiled by gcc (Debian 14.2.0-19) 14.2.0, 64-bit
2025-08-19T10:31:07.2653665Z  2025-08-19 10:30:07.161 UTC [48] LOG:  listening on Unix socket "/var/run/postgresql/.s.PGSQL.5432"
2025-08-19T10:31:07.2654507Z  2025-08-19 10:30:07.164 UTC [51] LOG:  database system was shut down at 2025-08-19 10:30:07 UTC
2025-08-19T10:31:07.2655266Z  2025-08-19 10:30:07.168 UTC [48] LOG:  database system is ready to accept connections
2025-08-19T10:31:07.2655797Z   done
2025-08-19T10:31:07.2656108Z  server started
2025-08-19T10:31:07.2656410Z  CREATE DATABASE
2025-08-19T10:31:07.2656705Z  
2025-08-19T10:31:07.2656943Z  
2025-08-19T10:31:07.2657418Z  /usr/local/bin/docker-entrypoint.sh: ignoring /docker-entrypoint-initdb.d/*
2025-08-19T10:31:07.2658043Z  
2025-08-19T10:31:07.2658436Z  2025-08-19 10:30:07.347 UTC [48] LOG:  received fast shutdown request
2025-08-19T10:31:07.2659511Z  waiting for server to shut down....2025-08-19 10:30:07.348 UTC [48] LOG:  aborting any active transactions
2025-08-19T10:31:07.2660481Z  2025-08-19 10:30:07.349 UTC [48] LOG:  background worker "logical replication launcher" (PID 54) exited with exit code 1
2025-08-19T10:31:07.2661240Z  2025-08-19 10:30:07.350 UTC [49] LOG:  shutting down
2025-08-19T10:31:07.2662017Z  2025-08-19 10:30:07.350 UTC [49] LOG:  checkpoint starting: shutdown immediate
2025-08-19T10:31:07.2663373Z  2025-08-19 10:30:07.366 UTC [49] LOG:  checkpoint complete: wrote 922 buffers (5.6%); 0 WAL file(s) added, 0 removed, 0 recycled; write=0.013 s, sync=0.002 s, total=0.017 s; sync files=301, longest=0.001 s, average=0.001 s; distance=4239 kB, estimate=4239 kB
2025-08-19T10:31:07.2664711Z  2025-08-19 10:30:07.372 UTC [48] LOG:  database system is shut down
2025-08-19T10:31:07.2665185Z   done
2025-08-19T10:31:07.2665456Z  server stopped
2025-08-19T10:31:07.2665736Z  
2025-08-19T10:31:07.2666105Z  PostgreSQL init process complete; ready for start up.
2025-08-19T10:31:07.2666568Z  
2025-08-19T10:31:07.2673915Z Stop and remove container: f0844bdc36064dbf9686ff842b519e2a_postgres15_8093d6
2025-08-19T10:31:07.2680434Z ##[command]/usr/bin/docker rm --force 7f5fdda3020bb6ae1cdde759fa5935a225403eccd0cc4db3ab08c5ae969cd349
2025-08-19T10:31:08.0340993Z 7f5fdda3020bb6ae1cdde759fa5935a225403eccd0cc4db3ab08c5ae969cd349
2025-08-19T10:31:08.0368638Z Remove container network: github_network_400af2cb9131447ab0bbb73318096a10
2025-08-19T10:31:08.0373407Z ##[command]/usr/bin/docker network rm github_network_400af2cb9131447ab0bbb73318096a10
2025-08-19T10:31:08.1707114Z github_network_400af2cb9131447ab0bbb73318096a10
2025-08-19T10:31:08.1769643Z Cleaning up orphan processes
