2025-08-18T06:39:16.4768924Z Current runner version: '2.327.1'
2025-08-18T06:39:16.4802917Z ##[group]Runner Image Provisioner
2025-08-18T06:39:16.4804375Z Hosted Compute Agent
2025-08-18T06:39:16.4805271Z Version: 20250812.370
2025-08-18T06:39:16.4806267Z Commit: 4a2b2bf7520004e3e907c2150c8cabe342a3da32
2025-08-18T06:39:16.4807320Z Build Date: 2025-08-12T16:08:14Z
2025-08-18T06:39:16.4808230Z ##[endgroup]
2025-08-18T06:39:16.4809247Z ##[group]Operating System
2025-08-18T06:39:16.4810190Z Ubuntu
2025-08-18T06:39:16.4810888Z 24.04.2
2025-08-18T06:39:16.4811726Z LTS
2025-08-18T06:39:16.4812468Z ##[endgroup]
2025-08-18T06:39:16.4813247Z ##[group]Runner Image
2025-08-18T06:39:16.4814578Z Image: ubuntu-24.04
2025-08-18T06:39:16.4815384Z Version: 20250810.1.0
2025-08-18T06:39:16.4817214Z Included Software: https://github.com/actions/runner-images/blob/ubuntu24/20250810.1/images/ubuntu/Ubuntu2404-Readme.md
2025-08-18T06:39:16.4819958Z Image Release: https://github.com/actions/runner-images/releases/tag/ubuntu24%2F20250810.1
2025-08-18T06:39:16.4821748Z ##[endgroup]
2025-08-18T06:39:16.4826380Z ##[group]GITHUB_TOKEN Permissions
2025-08-18T06:39:16.4829331Z Actions: write
2025-08-18T06:39:16.4830261Z Attestations: write
2025-08-18T06:39:16.4831344Z Checks: write
2025-08-18T06:39:16.4832248Z Contents: write
2025-08-18T06:39:16.4833265Z Deployments: write
2025-08-18T06:39:16.4834428Z Discussions: write
2025-08-18T06:39:16.4835538Z Issues: write
2025-08-18T06:39:16.4836421Z Metadata: read
2025-08-18T06:39:16.4837432Z Models: read
2025-08-18T06:39:16.4838270Z Packages: write
2025-08-18T06:39:16.4839180Z Pages: write
2025-08-18T06:39:16.4840225Z PullRequests: write
2025-08-18T06:39:16.4841112Z RepositoryProjects: write
2025-08-18T06:39:16.4842116Z SecurityEvents: write
2025-08-18T06:39:16.4843269Z Statuses: write
2025-08-18T06:39:16.4844488Z ##[endgroup]
2025-08-18T06:39:16.4847952Z Secret source: Actions
2025-08-18T06:39:16.4849856Z Prepare workflow directory
2025-08-18T06:39:16.5485863Z Prepare all required actions
2025-08-18T06:39:16.5543608Z Getting action download info
2025-08-18T06:39:16.8013242Z Download action repository 'actions/checkout@v4' (SHA:08eba0b27e820071cde6df949e0beb9ba4906955)
2025-08-18T06:39:17.0710607Z Download action repository 'actions/setup-python@v5' (SHA:a26af69be951a213d495a4c3e4e4022e16d87065)
2025-08-18T06:39:17.3169561Z Download action repository 'actions/cache@v4' (SHA:0400d5f644dc74513175e3cd8d07132dd4860809)
2025-08-18T06:39:17.5384738Z Download action repository 'actions/upload-artifact@v4' (SHA:ea165f8d65b6e75b540449e92b4886f43607fa02)
2025-08-18T06:39:17.8356113Z Complete job name: integration-db
2025-08-18T06:39:17.8888138Z ##[group]Checking docker version
2025-08-18T06:39:17.8901522Z ##[command]/usr/bin/docker version --format '{{.Server.APIVersion}}'
2025-08-18T06:39:17.9686273Z '1.48'
2025-08-18T06:39:17.9698894Z Docker daemon API version: '1.48'
2025-08-18T06:39:17.9700262Z ##[command]/usr/bin/docker version --format '{{.Client.APIVersion}}'
2025-08-18T06:39:17.9856460Z '1.48'
2025-08-18T06:39:17.9874065Z Docker client API version: '1.48'
2025-08-18T06:39:17.9882283Z ##[endgroup]
2025-08-18T06:39:17.9888030Z ##[group]Clean up resources from previous jobs
2025-08-18T06:39:17.9895938Z ##[command]/usr/bin/docker ps --all --quiet --no-trunc --filter "label=9ca943"
2025-08-18T06:39:18.0040973Z ##[command]/usr/bin/docker network prune --force --filter "label=9ca943"
2025-08-18T06:39:18.0175865Z ##[endgroup]
2025-08-18T06:39:18.0176758Z ##[group]Create local container network
2025-08-18T06:39:18.0188226Z ##[command]/usr/bin/docker network create --label 9ca943 github_network_268263cd865c4016bfc3214fd8060e99
2025-08-18T06:39:18.0680031Z 9a0b7cf0fdc3d7afbf3ddd12eeaff20ce75f2958da7f868516f5786b96ded123
2025-08-18T06:39:18.0700488Z ##[endgroup]
2025-08-18T06:39:18.0726574Z ##[group]Starting postgres service container
2025-08-18T06:39:18.0746629Z ##[command]/usr/bin/docker pull postgres:15
2025-08-18T06:39:18.3380103Z 15: Pulling from library/postgres
2025-08-18T06:39:18.3845932Z 396b1da7636e: Pulling fs layer
2025-08-18T06:39:18.3848316Z fca2566eba32: Pulling fs layer
2025-08-18T06:39:18.3849989Z 631fe8c6d606: Pulling fs layer
2025-08-18T06:39:18.3851116Z 77c7671c4414: Pulling fs layer
2025-08-18T06:39:18.3852127Z 2d9e29180a27: Pulling fs layer
2025-08-18T06:39:18.3853128Z c6bcc2c9a041: Pulling fs layer
2025-08-18T06:39:18.3854409Z ac4b721eb66f: Pulling fs layer
2025-08-18T06:39:18.3855390Z 606bd164980e: Pulling fs layer
2025-08-18T06:39:18.3856314Z f5dfd246bc6e: Pulling fs layer
2025-08-18T06:39:18.3857264Z ba7036bb0a60: Pulling fs layer
2025-08-18T06:39:18.3858205Z 799f859abbbd: Pulling fs layer
2025-08-18T06:39:18.3859155Z d903e777080c: Pulling fs layer
2025-08-18T06:39:18.3860068Z 04adcb462801: Pulling fs layer
2025-08-18T06:39:18.3860987Z 5c10925b29ff: Pulling fs layer
2025-08-18T06:39:18.3861886Z c6bcc2c9a041: Waiting
2025-08-18T06:39:18.3862688Z ac4b721eb66f: Waiting
2025-08-18T06:39:18.3863470Z 606bd164980e: Waiting
2025-08-18T06:39:18.3864473Z f5dfd246bc6e: Waiting
2025-08-18T06:39:18.3865267Z ba7036bb0a60: Waiting
2025-08-18T06:39:18.3866052Z 799f859abbbd: Waiting
2025-08-18T06:39:18.3866831Z d903e777080c: Waiting
2025-08-18T06:39:18.3867594Z 04adcb462801: Waiting
2025-08-18T06:39:18.3868372Z 5c10925b29ff: Waiting
2025-08-18T06:39:18.3869136Z 77c7671c4414: Waiting
2025-08-18T06:39:18.3869916Z 2d9e29180a27: Waiting
2025-08-18T06:39:18.4362302Z fca2566eba32: Verifying Checksum
2025-08-18T06:39:18.4367913Z fca2566eba32: Download complete
2025-08-18T06:39:18.4642806Z 631fe8c6d606: Verifying Checksum
2025-08-18T06:39:18.4644771Z 631fe8c6d606: Download complete
2025-08-18T06:39:18.4989717Z 77c7671c4414: Verifying Checksum
2025-08-18T06:39:18.4991691Z 77c7671c4414: Download complete
2025-08-18T06:39:18.5317173Z 396b1da7636e: Verifying Checksum
2025-08-18T06:39:18.5322092Z 396b1da7636e: Download complete
2025-08-18T06:39:18.5502566Z c6bcc2c9a041: Verifying Checksum
2025-08-18T06:39:18.5507513Z c6bcc2c9a041: Download complete
2025-08-18T06:39:18.5575440Z 2d9e29180a27: Verifying Checksum
2025-08-18T06:39:18.5576961Z 2d9e29180a27: Download complete
2025-08-18T06:39:18.5910375Z ac4b721eb66f: Verifying Checksum
2025-08-18T06:39:18.5912033Z ac4b721eb66f: Download complete
2025-08-18T06:39:18.6032412Z 606bd164980e: Verifying Checksum
2025-08-18T06:39:18.6034269Z 606bd164980e: Download complete
2025-08-18T06:39:18.6527917Z ba7036bb0a60: Verifying Checksum
2025-08-18T06:39:18.6530077Z ba7036bb0a60: Download complete
2025-08-18T06:39:18.6681855Z 799f859abbbd: Download complete
2025-08-18T06:39:18.7088727Z d903e777080c: Verifying Checksum
2025-08-18T06:39:18.7090551Z d903e777080c: Download complete
2025-08-18T06:39:18.7359623Z 04adcb462801: Verifying Checksum
2025-08-18T06:39:18.7361426Z 04adcb462801: Download complete
2025-08-18T06:39:18.7665332Z 5c10925b29ff: Verifying Checksum
2025-08-18T06:39:18.7667604Z 5c10925b29ff: Download complete
2025-08-18T06:39:19.2288787Z f5dfd246bc6e: Verifying Checksum
2025-08-18T06:39:19.2289666Z f5dfd246bc6e: Download complete
2025-08-18T06:39:19.5878512Z 396b1da7636e: Pull complete
2025-08-18T06:39:19.8682937Z fca2566eba32: Pull complete
2025-08-18T06:39:20.0415999Z 631fe8c6d606: Pull complete
2025-08-18T06:39:20.0978881Z 77c7671c4414: Pull complete
2025-08-18T06:39:20.4056737Z 2d9e29180a27: Pull complete
2025-08-18T06:39:20.4997687Z c6bcc2c9a041: Pull complete
2025-08-18T06:39:20.5129641Z ac4b721eb66f: Pull complete
2025-08-18T06:39:20.5255096Z 606bd164980e: Pull complete
2025-08-18T06:39:23.4717721Z f5dfd246bc6e: Pull complete
2025-08-18T06:39:23.4885282Z ba7036bb0a60: Pull complete
2025-08-18T06:39:23.5006977Z 799f859abbbd: Pull complete
2025-08-18T06:39:23.5132179Z d903e777080c: Pull complete
2025-08-18T06:39:23.5286031Z 04adcb462801: Pull complete
2025-08-18T06:39:23.5406829Z 5c10925b29ff: Pull complete
2025-08-18T06:39:23.5457147Z Digest: sha256:bc51cf4f1fe02cce7ed2370b20128a9b00b4eb804573a77d2a0d877aaa9c82b1
2025-08-18T06:39:23.5476760Z Status: Downloaded newer image for postgres:15
2025-08-18T06:39:23.5488924Z docker.io/library/postgres:15
2025-08-18T06:39:23.5554830Z ##[command]/usr/bin/docker create --name c6fbd628d45c4941ae5acb2bf4245eb5_postgres15_5f8d9c --label 9ca943 --network github_network_268263cd865c4016bfc3214fd8060e99 --network-alias postgres -p 5432:5432 --health-cmd="pg_isready -U postgres -d awa" --health-interval=5s --health-timeout=5s --health-retries=10 -e "POSTGRES_USER=postgres" -e "POSTGRES_PASSWORD=pass" -e "POSTGRES_DB=awa" -e GITHUB_ACTIONS=true -e CI=true postgres:15
2025-08-18T06:39:23.5823781Z 6689ee49a243100bbe3a74c849602d92749855662d9ae436d2ccb9dd3e2bd845
2025-08-18T06:39:23.5846566Z ##[command]/usr/bin/docker start 6689ee49a243100bbe3a74c849602d92749855662d9ae436d2ccb9dd3e2bd845
2025-08-18T06:39:23.9767426Z 6689ee49a243100bbe3a74c849602d92749855662d9ae436d2ccb9dd3e2bd845
2025-08-18T06:39:23.9788446Z ##[command]/usr/bin/docker ps --all --filter id=6689ee49a243100bbe3a74c849602d92749855662d9ae436d2ccb9dd3e2bd845 --filter status=running --no-trunc --format "{{.ID}} {{.Status}}"
2025-08-18T06:39:23.9911462Z 6689ee49a243100bbe3a74c849602d92749855662d9ae436d2ccb9dd3e2bd845 Up Less than a second (health: starting)
2025-08-18T06:39:23.9932613Z ##[command]/usr/bin/docker port 6689ee49a243100bbe3a74c849602d92749855662d9ae436d2ccb9dd3e2bd845
2025-08-18T06:39:24.0063071Z 5432/tcp -> 0.0.0.0:5432
2025-08-18T06:39:24.0064457Z 5432/tcp -> [::]:5432
2025-08-18T06:39:24.0110109Z ##[endgroup]
2025-08-18T06:39:24.0118962Z ##[group]Waiting for all services to be ready
2025-08-18T06:39:24.0132620Z ##[command]/usr/bin/docker inspect --format="{{if .Config.Healthcheck}}{{print .State.Health.Status}}{{end}}" 6689ee49a243100bbe3a74c849602d92749855662d9ae436d2ccb9dd3e2bd845
2025-08-18T06:39:24.0263230Z starting
2025-08-18T06:39:24.0286054Z postgres service is starting, waiting 2 seconds before checking again.
2025-08-18T06:39:26.0289567Z ##[command]/usr/bin/docker inspect --format="{{if .Config.Healthcheck}}{{print .State.Health.Status}}{{end}}" 6689ee49a243100bbe3a74c849602d92749855662d9ae436d2ccb9dd3e2bd845
2025-08-18T06:39:26.0409408Z starting
2025-08-18T06:39:26.0423175Z postgres service is starting, waiting 4 seconds before checking again.
2025-08-18T06:39:30.3137472Z ##[command]/usr/bin/docker inspect --format="{{if .Config.Healthcheck}}{{print .State.Health.Status}}{{end}}" 6689ee49a243100bbe3a74c849602d92749855662d9ae436d2ccb9dd3e2bd845
2025-08-18T06:39:30.3259976Z healthy
2025-08-18T06:39:30.3276641Z postgres service is healthy.
2025-08-18T06:39:30.3277567Z ##[endgroup]
2025-08-18T06:39:30.3595352Z ##[group]Run actions/checkout@v4
2025-08-18T06:39:30.3595891Z with:
2025-08-18T06:39:30.3596078Z   fetch-depth: 0
2025-08-18T06:39:30.3596284Z   repository: AlexBomber12/AWA-App
2025-08-18T06:39:30.3596657Z   token: ***
2025-08-18T06:39:30.3596844Z   ssh-strict: true
2025-08-18T06:39:30.3597020Z   ssh-user: git
2025-08-18T06:39:30.3597210Z   persist-credentials: true
2025-08-18T06:39:30.3597413Z   clean: true
2025-08-18T06:39:30.3597600Z   sparse-checkout-cone-mode: true
2025-08-18T06:39:30.3597821Z   fetch-tags: false
2025-08-18T06:39:30.3598001Z   show-progress: true
2025-08-18T06:39:30.3598173Z   lfs: false
2025-08-18T06:39:30.3598347Z   submodules: false
2025-08-18T06:39:30.3598529Z   set-safe-directory: true
2025-08-18T06:39:30.3598918Z ##[endgroup]
2025-08-18T06:39:30.4648001Z Syncing repository: AlexBomber12/AWA-App
2025-08-18T06:39:30.4649201Z ##[group]Getting Git version info
2025-08-18T06:39:30.4649569Z Working directory is '/home/runner/work/AWA-App/AWA-App'
2025-08-18T06:39:30.4650103Z [command]/usr/bin/git version
2025-08-18T06:39:30.4709609Z git version 2.50.1
2025-08-18T06:39:30.4735713Z ##[endgroup]
2025-08-18T06:39:30.4750590Z Temporarily overriding HOME='/home/runner/work/_temp/ad49a1ee-d27c-4922-a039-4f84613e4b7f' before making global git config changes
2025-08-18T06:39:30.4751916Z Adding repository directory to the temporary git global config as a safe directory
2025-08-18T06:39:30.4756589Z [command]/usr/bin/git config --global --add safe.directory /home/runner/work/AWA-App/AWA-App
2025-08-18T06:39:30.4789538Z Deleting the contents of '/home/runner/work/AWA-App/AWA-App'
2025-08-18T06:39:30.4793129Z ##[group]Initializing the repository
2025-08-18T06:39:30.4797668Z [command]/usr/bin/git init /home/runner/work/AWA-App/AWA-App
2025-08-18T06:39:30.4881850Z hint: Using 'master' as the name for the initial branch. This default branch name
2025-08-18T06:39:30.4882738Z hint: is subject to change. To configure the initial branch name to use in all
2025-08-18T06:39:30.4883577Z hint: of your new repositories, which will suppress this warning, call:
2025-08-18T06:39:30.4884395Z hint:
2025-08-18T06:39:30.4884823Z hint: 	git config --global init.defaultBranch <name>
2025-08-18T06:39:30.4885337Z hint:
2025-08-18T06:39:30.4885821Z hint: Names commonly chosen instead of 'master' are 'main', 'trunk' and
2025-08-18T06:39:30.4886640Z hint: 'development'. The just-created branch can be renamed via this command:
2025-08-18T06:39:30.4887279Z hint:
2025-08-18T06:39:30.4887647Z hint: 	git branch -m <name>
2025-08-18T06:39:30.4888038Z hint:
2025-08-18T06:39:30.4888592Z hint: Disable this message with "git config set advice.defaultBranchName false"
2025-08-18T06:39:30.4889551Z Initialized empty Git repository in /home/runner/work/AWA-App/AWA-App/.git/
2025-08-18T06:39:30.4897774Z [command]/usr/bin/git remote add origin https://github.com/AlexBomber12/AWA-App
2025-08-18T06:39:30.4929831Z ##[endgroup]
2025-08-18T06:39:30.4930451Z ##[group]Disabling automatic garbage collection
2025-08-18T06:39:30.4934893Z [command]/usr/bin/git config --local gc.auto 0
2025-08-18T06:39:30.4962398Z ##[endgroup]
2025-08-18T06:39:30.4962989Z ##[group]Setting up auth
2025-08-18T06:39:30.4970069Z [command]/usr/bin/git config --local --name-only --get-regexp core\.sshCommand
2025-08-18T06:39:30.4999212Z [command]/usr/bin/git submodule foreach --recursive sh -c "git config --local --name-only --get-regexp 'core\.sshCommand' && git config --local --unset-all 'core.sshCommand' || :"
2025-08-18T06:39:30.5292041Z [command]/usr/bin/git config --local --name-only --get-regexp http\.https\:\/\/github\.com\/\.extraheader
2025-08-18T06:39:30.5320257Z [command]/usr/bin/git submodule foreach --recursive sh -c "git config --local --name-only --get-regexp 'http\.https\:\/\/github\.com\/\.extraheader' && git config --local --unset-all 'http.https://github.com/.extraheader' || :"
2025-08-18T06:39:30.5536650Z [command]/usr/bin/git config --local http.https://github.com/.extraheader AUTHORIZATION: basic ***
2025-08-18T06:39:30.5571634Z ##[endgroup]
2025-08-18T06:39:30.5572160Z ##[group]Fetching the repository
2025-08-18T06:39:30.5580951Z [command]/usr/bin/git -c protocol.version=2 fetch --prune --no-recurse-submodules origin +refs/heads/*:refs/remotes/origin/* +refs/tags/*:refs/tags/* +a7506819584a1178d49251610d657dd6598529d8:refs/remotes/pull/239/merge
2025-08-18T06:39:31.6071580Z From https://github.com/AlexBomber12/AWA-App
2025-08-18T06:39:31.6073148Z  * [new branch]      codex/implement-structured-json-logging-and-error-handling -> origin/codex/implement-structured-json-logging-and-error-handling
2025-08-18T06:39:31.6074960Z  * [new branch]      gh-pages                                 -> origin/gh-pages
2025-08-18T06:39:31.6075824Z  * [new branch]      main                                     -> origin/main
2025-08-18T06:39:31.6076551Z  * [new tag]         0.3.0                                    -> 0.3.0
2025-08-18T06:39:31.6078967Z  * [new ref]         a7506819584a1178d49251610d657dd6598529d8 -> pull/239/merge
2025-08-18T06:39:31.6114420Z ##[endgroup]
2025-08-18T06:39:31.6114981Z ##[group]Determining the checkout info
2025-08-18T06:39:31.6115817Z ##[endgroup]
2025-08-18T06:39:31.6120726Z [command]/usr/bin/git sparse-checkout disable
2025-08-18T06:39:31.6161973Z [command]/usr/bin/git config --local --unset-all extensions.worktreeConfig
2025-08-18T06:39:31.6188678Z ##[group]Checking out the ref
2025-08-18T06:39:31.6192761Z [command]/usr/bin/git checkout --progress --force refs/remotes/pull/239/merge
2025-08-18T06:39:31.6610933Z Note: switching to 'refs/remotes/pull/239/merge'.
2025-08-18T06:39:31.6611300Z 
2025-08-18T06:39:31.6611570Z You are in 'detached HEAD' state. You can look around, make experimental
2025-08-18T06:39:31.6612476Z changes and commit them, and you can discard any commits you make in this
2025-08-18T06:39:31.6613080Z state without impacting any branches by switching back to a branch.
2025-08-18T06:39:31.6613431Z 
2025-08-18T06:39:31.6613661Z If you want to create a new branch to retain commits you create, you may
2025-08-18T06:39:31.6614663Z do so (now or later) by using -c with the switch command. Example:
2025-08-18T06:39:31.6614994Z 
2025-08-18T06:39:31.6615119Z   git switch -c <new-branch-name>
2025-08-18T06:39:31.6615366Z 
2025-08-18T06:39:31.6615484Z Or undo this operation with:
2025-08-18T06:39:31.6615687Z 
2025-08-18T06:39:31.6615787Z   git switch -
2025-08-18T06:39:31.6615934Z 
2025-08-18T06:39:31.6616197Z Turn off this advice by setting config variable advice.detachedHead to false
2025-08-18T06:39:31.6616580Z 
2025-08-18T06:39:31.6617014Z HEAD is now at a750681 Merge cca501ad82eca9d906624c7c90db693003873a8c into 33015534aad688ddd349f3a04cd5b97c67b68ae4
2025-08-18T06:39:31.6623482Z ##[endgroup]
2025-08-18T06:39:31.6662074Z [command]/usr/bin/git log -1 --format=%H
2025-08-18T06:39:31.6684093Z a7506819584a1178d49251610d657dd6598529d8
2025-08-18T06:39:31.6839201Z ##[group]Run cat .env.ci >> "$GITHUB_ENV"
2025-08-18T06:39:31.6839535Z [36;1mcat .env.ci >> "$GITHUB_ENV"[0m
2025-08-18T06:39:31.6840243Z [36;1mecho "DATABASE_URL=***localhost:5432/awa" >> "$GITHUB_ENV"[0m
2025-08-18T06:39:31.6840597Z [36;1mecho "PG_HOST=localhost" >> "$GITHUB_ENV"[0m
2025-08-18T06:39:31.6840888Z [36;1mecho "PG_PORT=5432" >> "$GITHUB_ENV"[0m
2025-08-18T06:39:31.6841173Z [36;1mecho "PG_USER=postgres" >> "$GITHUB_ENV"[0m
2025-08-18T06:39:31.6841460Z [36;1mecho "PG_PASSWORD=pass" >> "$GITHUB_ENV"[0m
2025-08-18T06:39:31.6841735Z [36;1mecho "PG_DATABASE=awa" >> "$GITHUB_ENV"[0m
2025-08-18T06:39:31.6886746Z shell: /usr/bin/bash -e {0}
2025-08-18T06:39:31.6886984Z ##[endgroup]
2025-08-18T06:39:31.7068594Z ##[group]Run actions/setup-python@v5
2025-08-18T06:39:31.7068861Z with:
2025-08-18T06:39:31.7069045Z   python-version: 3.11
2025-08-18T06:39:31.7069235Z   cache: pip
2025-08-18T06:39:31.7069449Z   cache-dependency-path: requirements-dev.txt

2025-08-18T06:39:31.7069727Z   check-latest: false
2025-08-18T06:39:31.7070036Z   token: ***
2025-08-18T06:39:31.7070226Z   update-environment: true
2025-08-18T06:39:31.7070445Z   allow-prereleases: false
2025-08-18T06:39:31.7070652Z   freethreaded: false
2025-08-18T06:39:31.7070837Z env:
2025-08-18T06:39:31.7070991Z   PG_USER: postgres
2025-08-18T06:39:31.7071174Z   PG_PASSWORD: pass
2025-08-18T06:39:31.7071345Z   PG_DATABASE: awa
2025-08-18T06:39:31.7071520Z   PG_HOST: localhost
2025-08-18T06:39:31.7071692Z   PG_PORT: 5432
2025-08-18T06:39:31.7072064Z   PG_SYNC_DSN: ***localhost:5432/awa
2025-08-18T06:39:31.7072444Z   PG_ASYNC_DSN: ***localhost:5432/awa
2025-08-18T06:39:31.7072825Z   DATABASE_URL: ***localhost:5432/awa
2025-08-18T06:39:31.7073096Z   DATA_DIR: /tmp/awa-data
2025-08-18T06:39:31.7073294Z   ENABLE_LIVE: 0
2025-08-18T06:39:31.7073465Z   TESTING: 1
2025-08-18T06:39:31.7073631Z ##[endgroup]
2025-08-18T06:39:31.8726838Z ##[group]Installed versions
2025-08-18T06:39:31.8843083Z Successfully set up CPython (3.11.13)
2025-08-18T06:39:31.8843991Z ##[endgroup]
2025-08-18T06:39:31.9255006Z [command]/opt/hostedtoolcache/Python/3.11.13/x64/bin/pip cache dir
2025-08-18T06:39:33.8307033Z /home/runner/.cache/pip
2025-08-18T06:39:33.9247968Z Cache hit for: setup-python-Linux-x64-24.04-Ubuntu-python-3.11.13-pip-842a859a37b6f31d35b1262d499b1acd0270bca26490137bed88679f7bc0eea4
2025-08-18T06:39:35.0025265Z Received 167772160 of 252620365 (66.4%), 159.5 MBs/sec
2025-08-18T06:39:35.3939904Z Received 252620365 of 252620365 (100.0%), 172.8 MBs/sec
2025-08-18T06:39:35.3942480Z Cache Size: ~241 MB (252620365 B)
2025-08-18T06:39:35.4018837Z [command]/usr/bin/tar -xf /home/runner/work/_temp/559f5092-1486-41a9-93ca-63ed66940705/cache.tzst -P -C /home/runner/work/AWA-App/AWA-App --use-compress-program unzstd
2025-08-18T06:39:35.8403551Z Cache restored successfully
2025-08-18T06:39:35.8884594Z Cache restored from key: setup-python-Linux-x64-24.04-Ubuntu-python-3.11.13-pip-842a859a37b6f31d35b1262d499b1acd0270bca26490137bed88679f7bc0eea4
2025-08-18T06:39:35.9575625Z ##[group]Run actions/cache@v4
2025-08-18T06:39:35.9575894Z with:
2025-08-18T06:39:35.9576131Z   path: ~/.cache/pip
.pytest_cache
~/.ruff_cache

2025-08-18T06:39:35.9576555Z   key: Linux-int-842a859a37b6f31d35b1262d499b1acd0270bca26490137bed88679f7bc0eea4
2025-08-18T06:39:35.9576961Z   restore-keys: Linux-int-
2025-08-18T06:39:35.9577192Z   enableCrossOsArchive: false
2025-08-18T06:39:35.9577419Z   fail-on-cache-miss: false
2025-08-18T06:39:35.9577628Z   lookup-only: false
2025-08-18T06:39:35.9577821Z   save-always: false
2025-08-18T06:39:35.9578000Z env:
2025-08-18T06:39:35.9578158Z   PG_USER: postgres
2025-08-18T06:39:35.9578349Z   PG_PASSWORD: pass
2025-08-18T06:39:35.9578537Z   PG_DATABASE: awa
2025-08-18T06:39:35.9578721Z   PG_HOST: localhost
2025-08-18T06:39:35.9578908Z   PG_PORT: 5432
2025-08-18T06:39:35.9579439Z   PG_SYNC_DSN: ***localhost:5432/awa
2025-08-18T06:39:35.9579892Z   PG_ASYNC_DSN: ***localhost:5432/awa
2025-08-18T06:39:35.9580360Z   DATABASE_URL: ***localhost:5432/awa
2025-08-18T06:39:35.9580596Z   DATA_DIR: /tmp/awa-data
2025-08-18T06:39:35.9580797Z   ENABLE_LIVE: 0
2025-08-18T06:39:35.9580976Z   TESTING: 1
2025-08-18T06:39:35.9581211Z   pythonLocation: /opt/hostedtoolcache/Python/3.11.13/x64
2025-08-18T06:39:35.9581621Z   PKG_CONFIG_PATH: /opt/hostedtoolcache/Python/3.11.13/x64/lib/pkgconfig
2025-08-18T06:39:35.9582018Z   Python_ROOT_DIR: /opt/hostedtoolcache/Python/3.11.13/x64
2025-08-18T06:39:35.9582365Z   Python2_ROOT_DIR: /opt/hostedtoolcache/Python/3.11.13/x64
2025-08-18T06:39:35.9582719Z   Python3_ROOT_DIR: /opt/hostedtoolcache/Python/3.11.13/x64
2025-08-18T06:39:35.9583073Z   LD_LIBRARY_PATH: /opt/hostedtoolcache/Python/3.11.13/x64/lib
2025-08-18T06:39:35.9583378Z ##[endgroup]
2025-08-18T06:39:36.1587942Z Cache hit for: Linux-int-842a859a37b6f31d35b1262d499b1acd0270bca26490137bed88679f7bc0eea4
2025-08-18T06:39:37.2240102Z Received 227457549 of 252623373 (90.0%), 215.4 MBs/sec
2025-08-18T06:39:37.3620271Z Received 252623373 of 252623373 (100.0%), 210.4 MBs/sec
2025-08-18T06:39:37.3623332Z Cache Size: ~241 MB (252623373 B)
2025-08-18T06:39:37.3667509Z [command]/usr/bin/tar -xf /home/runner/work/_temp/328440c0-2bf3-4802-b6c6-a1464425764b/cache.tzst -P -C /home/runner/work/AWA-App/AWA-App --use-compress-program unzstd
2025-08-18T06:39:37.7991799Z Cache restored successfully
2025-08-18T06:39:37.8545461Z Cache restored from key: Linux-int-842a859a37b6f31d35b1262d499b1acd0270bca26490137bed88679f7bc0eea4
2025-08-18T06:39:37.8681743Z ##[group]Run pip install -r requirements-dev.txt
2025-08-18T06:39:37.8682398Z [36;1mpip install -r requirements-dev.txt[0m
2025-08-18T06:39:37.8682948Z [36;1mpip install keepa==1.3.15 minio==7.1.15[0m
2025-08-18T06:39:37.8745067Z shell: /usr/bin/bash -e {0}
2025-08-18T06:39:37.8745472Z env:
2025-08-18T06:39:37.8745780Z   PG_USER: postgres
2025-08-18T06:39:37.8746130Z   PG_PASSWORD: pass
2025-08-18T06:39:37.8746503Z   PG_DATABASE: awa
2025-08-18T06:39:37.8746846Z   PG_HOST: localhost
2025-08-18T06:39:37.8747181Z   PG_PORT: 5432
2025-08-18T06:39:37.8748148Z   PG_SYNC_DSN: ***localhost:5432/awa
2025-08-18T06:39:37.8748902Z   PG_ASYNC_DSN: ***localhost:5432/awa
2025-08-18T06:39:37.8749652Z   DATABASE_URL: ***localhost:5432/awa
2025-08-18T06:39:37.8750089Z   DATA_DIR: /tmp/awa-data
2025-08-18T06:39:37.8750484Z   ENABLE_LIVE: 0
2025-08-18T06:39:37.8750883Z   TESTING: 1
2025-08-18T06:39:37.8751333Z   pythonLocation: /opt/hostedtoolcache/Python/3.11.13/x64
2025-08-18T06:39:37.8752163Z   PKG_CONFIG_PATH: /opt/hostedtoolcache/Python/3.11.13/x64/lib/pkgconfig
2025-08-18T06:39:37.8752926Z   Python_ROOT_DIR: /opt/hostedtoolcache/Python/3.11.13/x64
2025-08-18T06:39:37.8753591Z   Python2_ROOT_DIR: /opt/hostedtoolcache/Python/3.11.13/x64
2025-08-18T06:39:37.8754506Z   Python3_ROOT_DIR: /opt/hostedtoolcache/Python/3.11.13/x64
2025-08-18T06:39:37.8755190Z   LD_LIBRARY_PATH: /opt/hostedtoolcache/Python/3.11.13/x64/lib
2025-08-18T06:39:37.8756045Z ##[endgroup]
2025-08-18T06:39:39.5536082Z Collecting Jinja2==3.1.6 (from -r requirements-dev.txt (line 2))
2025-08-18T06:39:39.5552128Z   Using cached jinja2-3.1.6-py3-none-any.whl.metadata (2.9 kB)
2025-08-18T06:39:39.5751953Z Collecting alembic==1.13.1 (from -r requirements-dev.txt (line 3))
2025-08-18T06:39:39.5766738Z   Using cached alembic-1.13.1-py3-none-any.whl.metadata (7.4 kB)
2025-08-18T06:39:39.5912963Z Collecting apscheduler==3.10.4 (from -r requirements-dev.txt (line 4))
2025-08-18T06:39:39.5927444Z   Using cached APScheduler-3.10.4-py3-none-any.whl.metadata (5.7 kB)
2025-08-18T06:39:39.6403547Z Collecting asyncpg==0.30.0 (from -r requirements-dev.txt (line 5))
2025-08-18T06:39:39.6420721Z   Using cached asyncpg-0.30.0-cp311-cp311-manylinux_2_17_x86_64.manylinux2014_x86_64.whl.metadata (5.0 kB)
2025-08-18T06:39:39.6839684Z Collecting black==25.1.0 (from -r requirements-dev.txt (line 6))
2025-08-18T06:39:39.6854421Z   Using cached black-25.1.0-cp311-cp311-manylinux_2_17_x86_64.manylinux2014_x86_64.manylinux_2_28_x86_64.whl.metadata (81 kB)
2025-08-18T06:39:39.9846790Z Collecting boto3 (from -r requirements-dev.txt (line 7))
2025-08-18T06:39:39.9862512Z   Using cached boto3-1.40.11-py3-none-any.whl.metadata (6.7 kB)
2025-08-18T06:39:40.0132828Z Collecting redis==5.* (from -r requirements-dev.txt (line 8))
2025-08-18T06:39:40.0146701Z   Using cached redis-5.3.1-py3-none-any.whl.metadata (9.2 kB)
2025-08-18T06:39:40.0433443Z Collecting minio==7.* (from -r requirements-dev.txt (line 9))
2025-08-18T06:39:40.0447029Z   Using cached minio-7.2.16-py3-none-any.whl.metadata (6.5 kB)
2025-08-18T06:39:40.0740284Z Collecting celery==5.4.0 (from -r requirements-dev.txt (line 10))
2025-08-18T06:39:40.0753515Z   Using cached celery-5.4.0-py3-none-any.whl.metadata (21 kB)
2025-08-18T06:39:40.1289688Z Collecting fastapi==0.116.1 (from -r requirements-dev.txt (line 11))
2025-08-18T06:39:40.1304164Z   Using cached fastapi-0.116.1-py3-none-any.whl.metadata (28 kB)
2025-08-18T06:39:40.1525061Z Collecting httpx<0.29,>=0.27 (from -r requirements-dev.txt (line 13))
2025-08-18T06:39:40.1538788Z   Using cached httpx-0.28.1-py3-none-any.whl.metadata (7.1 kB)
2025-08-18T06:39:40.1649084Z Collecting imapclient==3.0.1 (from -r requirements-dev.txt (line 14))
2025-08-18T06:39:40.1662893Z   Using cached IMAPClient-3.0.1-py2.py3-none-any.whl.metadata (1.7 kB)
2025-08-18T06:39:40.1750423Z Collecting itsdangerous (from -r requirements-dev.txt (line 15))
2025-08-18T06:39:40.1764187Z   Using cached itsdangerous-2.2.0-py3-none-any.whl.metadata (1.9 kB)
2025-08-18T06:39:40.2841738Z Collecting mypy==1.* (from -r requirements-dev.txt (line 16))
2025-08-18T06:39:40.2856960Z   Using cached mypy-1.17.1-cp311-cp311-manylinux2014_x86_64.manylinux_2_17_x86_64.manylinux_2_28_x86_64.whl.metadata (2.2 kB)
2025-08-18T06:39:40.2951438Z Collecting mypy-extensions==1.1.0 (from -r requirements-dev.txt (line 17))
2025-08-18T06:39:40.2964733Z   Using cached mypy_extensions-1.1.0-py3-none-any.whl.metadata (1.1 kB)
2025-08-18T06:39:40.4537051Z Collecting numpy<2 (from -r requirements-dev.txt (line 18))
2025-08-18T06:39:40.4552595Z   Using cached numpy-1.26.4-cp311-cp311-manylinux_2_17_x86_64.manylinux2014_x86_64.whl.metadata (61 kB)
2025-08-18T06:39:40.4782933Z Collecting openpyxl==3.1.5 (from -r requirements-dev.txt (line 19))
2025-08-18T06:39:40.4796563Z   Using cached openpyxl-3.1.5-py2.py3-none-any.whl.metadata (2.5 kB)
2025-08-18T06:39:40.5784424Z Collecting pandas==2.2.* (from -r requirements-dev.txt (line 20))
2025-08-18T06:39:40.5799349Z   Using cached pandas-2.2.3-cp311-cp311-manylinux_2_17_x86_64.manylinux2014_x86_64.whl.metadata (89 kB)
2025-08-18T06:39:40.6657229Z Collecting psycopg2-binary==2.9.9 (from -r requirements-dev.txt (line 21))
2025-08-18T06:39:40.6671203Z   Using cached psycopg2_binary-2.9.9-cp311-cp311-manylinux_2_17_x86_64.manylinux2014_x86_64.whl.metadata (4.4 kB)
2025-08-18T06:39:40.6821354Z Collecting psycopg==3.2.9 (from psycopg[binary]==3.2.9->-r requirements-dev.txt (line 22))
2025-08-18T06:39:40.6834808Z   Using cached psycopg-3.2.9-py3-none-any.whl.metadata (4.5 kB)
2025-08-18T06:39:40.8105731Z Collecting pydantic==2.11.7 (from -r requirements-dev.txt (line 23))
2025-08-18T06:39:40.8120861Z   Using cached pydantic-2.11.7-py3-none-any.whl.metadata (67 kB)
2025-08-18T06:39:40.8158853Z Requirement already satisfied: setuptools in /opt/hostedtoolcache/Python/3.11.13/x64/lib/python3.11/site-packages (from -r requirements-dev.txt (line 24)) (65.5.0)
2025-08-18T06:39:40.8312654Z Collecting pytest-asyncio==0.23.6 (from -r requirements-dev.txt (line 25))
2025-08-18T06:39:40.8325734Z   Using cached pytest_asyncio-0.23.6-py3-none-any.whl.metadata (3.9 kB)
2025-08-18T06:39:40.8467241Z Collecting pytest-cov==6.2.1 (from -r requirements-dev.txt (line 26))
2025-08-18T06:39:40.8480329Z   Using cached pytest_cov-6.2.1-py3-none-any.whl.metadata (30 kB)
2025-08-18T06:39:40.8636922Z Collecting pytest-postgresql==7.0.2 (from -r requirements-dev.txt (line 27))
2025-08-18T06:39:40.8649886Z   Using cached pytest_postgresql-7.0.2-py3-none-any.whl.metadata (18 kB)
2025-08-18T06:39:40.8804432Z Collecting python-dotenv (from -r requirements-dev.txt (line 28))
2025-08-18T06:39:40.8817543Z   Using cached python_dotenv-1.1.1-py3-none-any.whl.metadata (24 kB)
2025-08-18T06:39:40.8934342Z Collecting python-multipart (from -r requirements-dev.txt (line 29))
2025-08-18T06:39:40.8947547Z   Using cached python_multipart-0.0.20-py3-none-any.whl.metadata (1.8 kB)
2025-08-18T06:39:40.9205084Z Collecting python-telegram-bot==22.2 (from -r requirements-dev.txt (line 30))
2025-08-18T06:39:40.9218580Z   Using cached python_telegram_bot-22.2-py3-none-any.whl.metadata (17 kB)
2025-08-18T06:39:40.9480208Z Collecting requests==2.32.4 (from -r requirements-dev.txt (line 31))
2025-08-18T06:39:40.9494373Z   Using cached requests-2.32.4-py3-none-any.whl.metadata (4.9 kB)
2025-08-18T06:39:40.9631549Z Collecting respx==0.22.0 (from -r requirements-dev.txt (line 32))
2025-08-18T06:39:40.9644923Z   Using cached respx-0.22.0-py2.py3-none-any.whl.metadata (4.1 kB)
2025-08-18T06:39:41.3070508Z Collecting ruff==0.4.4 (from -r requirements-dev.txt (line 33))
2025-08-18T06:39:41.3086006Z   Using cached ruff-0.4.4-py3-none-manylinux_2_17_x86_64.manylinux2014_x86_64.whl.metadata (23 kB)
2025-08-18T06:39:41.5539153Z Collecting sqlalchemy==2.0.29 (from -r requirements-dev.txt (line 34))
2025-08-18T06:39:41.5554836Z   Using cached SQLAlchemy-2.0.29-cp311-cp311-manylinux_2_17_x86_64.manylinux2014_x86_64.whl.metadata (9.6 kB)
2025-08-18T06:39:41.5758203Z Collecting testcontainers==4.10.0 (from testcontainers[postgres]==4.10.0->-r requirements-dev.txt (line 35))
2025-08-18T06:39:41.5771250Z   Using cached testcontainers-4.10.0-py3-none-any.whl.metadata (7.8 kB)
2025-08-18T06:39:41.6086166Z Collecting types-requests==2.32.0.20240602 (from -r requirements-dev.txt (line 36))
2025-08-18T06:39:41.6099444Z   Using cached types_requests-2.32.0.20240602-py3-none-any.whl.metadata (1.8 kB)
2025-08-18T06:39:41.6224823Z Collecting docspec-python==2.2.2 (from -r requirements-dev.txt (line 37))
2025-08-18T06:39:41.6238545Z   Using cached docspec_python-2.2.2-py3-none-any.whl.metadata (1.0 kB)
2025-08-18T06:39:41.6389938Z Collecting pydoc-markdown==4.8.2 (from -r requirements-dev.txt (line 38))
2025-08-18T06:39:41.6403261Z   Using cached pydoc_markdown-4.8.2-py3-none-any.whl.metadata (5.9 kB)
2025-08-18T06:39:41.6647649Z Collecting pandera==0.19.* (from -r requirements-dev.txt (line 39))
2025-08-18T06:39:41.6662436Z   Using cached pandera-0.19.3-py3-none-any.whl.metadata (15 kB)
2025-08-18T06:39:41.7194671Z Collecting MarkupSafe>=2.0 (from Jinja2==3.1.6->-r requirements-dev.txt (line 2))
2025-08-18T06:39:41.7211110Z   Using cached MarkupSafe-3.0.2-cp311-cp311-manylinux_2_17_x86_64.manylinux2014_x86_64.whl.metadata (4.0 kB)
2025-08-18T06:39:41.8006885Z Collecting Mako (from alembic==1.13.1->-r requirements-dev.txt (line 3))
2025-08-18T06:39:41.8021464Z   Using cached mako-1.3.10-py3-none-any.whl.metadata (2.9 kB)
2025-08-18T06:39:41.8189268Z Collecting typing-extensions>=4 (from alembic==1.13.1->-r requirements-dev.txt (line 3))
2025-08-18T06:39:41.8202008Z   Using cached typing_extensions-4.14.1-py3-none-any.whl.metadata (3.0 kB)
2025-08-18T06:39:41.8323236Z Collecting six>=1.4.0 (from apscheduler==3.10.4->-r requirements-dev.txt (line 4))
2025-08-18T06:39:41.8336426Z   Using cached six-1.17.0-py2.py3-none-any.whl.metadata (1.7 kB)
2025-08-18T06:39:41.8651398Z Collecting pytz (from apscheduler==3.10.4->-r requirements-dev.txt (line 4))
2025-08-18T06:39:41.8665874Z   Using cached pytz-2025.2-py2.py3-none-any.whl.metadata (22 kB)
2025-08-18T06:39:41.8807856Z Collecting tzlocal!=3.*,>=2.0 (from apscheduler==3.10.4->-r requirements-dev.txt (line 4))
2025-08-18T06:39:41.8820694Z   Using cached tzlocal-5.3.1-py3-none-any.whl.metadata (7.6 kB)
2025-08-18T06:39:41.8993768Z Collecting click>=8.0.0 (from black==25.1.0->-r requirements-dev.txt (line 6))
2025-08-18T06:39:41.9007143Z   Using cached click-8.2.1-py3-none-any.whl.metadata (2.5 kB)
2025-08-18T06:39:41.9149340Z Collecting packaging>=22.0 (from black==25.1.0->-r requirements-dev.txt (line 6))
2025-08-18T06:39:41.9162222Z   Using cached packaging-25.0-py3-none-any.whl.metadata (3.3 kB)
2025-08-18T06:39:41.9264891Z Collecting pathspec>=0.9.0 (from black==25.1.0->-r requirements-dev.txt (line 6))
2025-08-18T06:39:41.9278118Z   Using cached pathspec-0.12.1-py3-none-any.whl.metadata (21 kB)
2025-08-18T06:39:41.9441783Z Collecting platformdirs>=2 (from black==25.1.0->-r requirements-dev.txt (line 6))
2025-08-18T06:39:41.9454998Z   Using cached platformdirs-4.3.8-py3-none-any.whl.metadata (12 kB)
2025-08-18T06:39:41.9640983Z Collecting billiard<5.0,>=4.2.0 (from celery==5.4.0->-r requirements-dev.txt (line 10))
2025-08-18T06:39:41.9654352Z   Using cached billiard-4.2.1-py3-none-any.whl.metadata (4.4 kB)
2025-08-18T06:39:41.9902162Z Collecting kombu<6.0,>=5.3.4 (from celery==5.4.0->-r requirements-dev.txt (line 10))
2025-08-18T06:39:41.9916214Z   Using cached kombu-5.5.4-py3-none-any.whl.metadata (3.5 kB)
2025-08-18T06:39:42.0052071Z Collecting vine<6.0,>=5.1.0 (from celery==5.4.0->-r requirements-dev.txt (line 10))
2025-08-18T06:39:42.0065082Z   Using cached vine-5.1.0-py3-none-any.whl.metadata (2.7 kB)
2025-08-18T06:39:42.0183387Z Collecting click-didyoumean>=0.3.0 (from celery==5.4.0->-r requirements-dev.txt (line 10))
2025-08-18T06:39:42.0196364Z   Using cached click_didyoumean-0.3.1-py3-none-any.whl.metadata (3.9 kB)
2025-08-18T06:39:42.0281144Z Collecting click-repl>=0.2.0 (from celery==5.4.0->-r requirements-dev.txt (line 10))
2025-08-18T06:39:42.0293790Z   Using cached click_repl-0.3.0-py3-none-any.whl.metadata (3.6 kB)
2025-08-18T06:39:42.0389143Z Collecting click-plugins>=1.1.1 (from celery==5.4.0->-r requirements-dev.txt (line 10))
2025-08-18T06:39:42.0401709Z   Using cached click_plugins-1.1.1.2-py2.py3-none-any.whl.metadata (6.5 kB)
2025-08-18T06:39:42.0517082Z Collecting tzdata>=2022.7 (from celery==5.4.0->-r requirements-dev.txt (line 10))
2025-08-18T06:39:42.0530178Z   Using cached tzdata-2025.2-py2.py3-none-any.whl.metadata (1.4 kB)
2025-08-18T06:39:42.0640665Z Collecting python-dateutil>=2.8.2 (from celery==5.4.0->-r requirements-dev.txt (line 10))
2025-08-18T06:39:42.0654046Z   Using cached python_dateutil-2.9.0.post0-py2.py3-none-any.whl.metadata (8.4 kB)
2025-08-18T06:39:42.0931132Z Collecting starlette<0.48.0,>=0.40.0 (from fastapi==0.116.1->-r requirements-dev.txt (line 11))
2025-08-18T06:39:42.0943775Z   Using cached starlette-0.47.2-py3-none-any.whl.metadata (6.2 kB)
2025-08-18T06:39:42.1388060Z Collecting annotated-types>=0.6.0 (from pydantic==2.11.7->-r requirements-dev.txt (line 23))
2025-08-18T06:39:42.1400834Z   Using cached annotated_types-0.7.0-py3-none-any.whl.metadata (15 kB)
2025-08-18T06:39:42.7845461Z Collecting pydantic-core==2.33.2 (from pydantic==2.11.7->-r requirements-dev.txt (line 23))
2025-08-18T06:39:42.7861700Z   Using cached pydantic_core-2.33.2-cp311-cp311-manylinux_2_17_x86_64.manylinux2014_x86_64.whl.metadata (6.8 kB)
2025-08-18T06:39:42.7978479Z Collecting typing-inspection>=0.4.0 (from pydantic==2.11.7->-r requirements-dev.txt (line 23))
2025-08-18T06:39:42.7992024Z   Using cached typing_inspection-0.4.1-py3-none-any.whl.metadata (2.6 kB)
2025-08-18T06:39:42.8084268Z Collecting et-xmlfile (from openpyxl==3.1.5->-r requirements-dev.txt (line 19))
2025-08-18T06:39:42.8097329Z   Using cached et_xmlfile-2.0.0-py3-none-any.whl.metadata (2.7 kB)
2025-08-18T06:39:42.8459847Z Collecting pytest<9,>=7.0.0 (from pytest-asyncio==0.23.6->-r requirements-dev.txt (line 25))
2025-08-18T06:39:42.8472983Z   Using cached pytest-8.4.1-py3-none-any.whl.metadata (7.7 kB)
2025-08-18T06:39:43.1454462Z Collecting coverage>=7.5 (from coverage[toml]>=7.5->pytest-cov==6.2.1->-r requirements-dev.txt (line 26))
2025-08-18T06:39:43.1470133Z   Using cached coverage-7.10.4-cp311-cp311-manylinux1_x86_64.manylinux_2_28_x86_64.manylinux_2_5_x86_64.whl.metadata (8.9 kB)
2025-08-18T06:39:43.1585028Z Collecting pluggy>=1.2 (from pytest-cov==6.2.1->-r requirements-dev.txt (line 26))
2025-08-18T06:39:43.1598166Z   Using cached pluggy-1.6.0-py3-none-any.whl.metadata (4.8 kB)
2025-08-18T06:39:43.1829298Z Collecting port-for>=0.7.3 (from pytest-postgresql==7.0.2->-r requirements-dev.txt (line 27))
2025-08-18T06:39:43.1842077Z   Using cached port_for-0.7.4-py3-none-any.whl.metadata (7.1 kB)
2025-08-18T06:39:43.1966694Z Collecting mirakuru>=2.6.0 (from pytest-postgresql==7.0.2->-r requirements-dev.txt (line 27))
2025-08-18T06:39:43.1979405Z   Using cached mirakuru-2.6.1-py3-none-any.whl.metadata (10 kB)
2025-08-18T06:39:43.3582004Z Collecting charset_normalizer<4,>=2 (from requests==2.32.4->-r requirements-dev.txt (line 31))
2025-08-18T06:39:43.3598003Z   Using cached charset_normalizer-3.4.3-cp311-cp311-manylinux2014_x86_64.manylinux_2_17_x86_64.manylinux_2_28_x86_64.whl.metadata (36 kB)
2025-08-18T06:39:43.3734047Z Collecting idna<4,>=2.5 (from requests==2.32.4->-r requirements-dev.txt (line 31))
2025-08-18T06:39:43.3747418Z   Using cached idna-3.10-py3-none-any.whl.metadata (10 kB)
2025-08-18T06:39:43.3997417Z Collecting urllib3<3,>=1.21.1 (from requests==2.32.4->-r requirements-dev.txt (line 31))
2025-08-18T06:39:43.4010603Z   Using cached urllib3-2.5.0-py3-none-any.whl.metadata (6.5 kB)
2025-08-18T06:39:43.4189538Z Collecting certifi>=2017.4.17 (from requests==2.32.4->-r requirements-dev.txt (line 31))
2025-08-18T06:39:43.4202395Z   Using cached certifi-2025.8.3-py3-none-any.whl.metadata (2.4 kB)
2025-08-18T06:39:43.5413705Z Collecting greenlet!=0.4.17 (from sqlalchemy==2.0.29->-r requirements-dev.txt (line 34))
2025-08-18T06:39:43.5428894Z   Using cached greenlet-3.2.4-cp311-cp311-manylinux_2_24_x86_64.manylinux_2_28_x86_64.whl.metadata (4.1 kB)
2025-08-18T06:39:43.5622518Z Collecting docker (from testcontainers==4.10.0->testcontainers[postgres]==4.10.0->-r requirements-dev.txt (line 35))
2025-08-18T06:39:43.5635115Z   Using cached docker-7.1.0-py3-none-any.whl.metadata (3.8 kB)
2025-08-18T06:39:43.6545994Z Collecting wrapt (from testcontainers==4.10.0->testcontainers[postgres]==4.10.0->-r requirements-dev.txt (line 35))
2025-08-18T06:39:43.6561364Z   Using cached wrapt-1.17.3-cp311-cp311-manylinux1_x86_64.manylinux_2_28_x86_64.manylinux_2_5_x86_64.whl.metadata (6.4 kB)
2025-08-18T06:39:43.6787458Z Collecting docspec==2.2.1 (from docspec-python==2.2.2->-r requirements-dev.txt (line 37))
2025-08-18T06:39:43.6800043Z   Using cached docspec-2.2.1-py3-none-any.whl.metadata (1.5 kB)
2025-08-18T06:39:43.6952735Z Collecting nr-util>=0.8.12 (from docspec-python==2.2.2->-r requirements-dev.txt (line 37))
2025-08-18T06:39:43.6965679Z   Using cached nr.util-0.8.12-py3-none-any.whl.metadata (813 bytes)
2025-08-18T06:39:43.7335801Z Collecting PyYAML<7.0,>=5.0 (from pydoc-markdown==4.8.2->-r requirements-dev.txt (line 38))
2025-08-18T06:39:43.7357898Z   Using cached PyYAML-6.0.2-cp311-cp311-manylinux_2_17_x86_64.manylinux2014_x86_64.whl.metadata (2.1 kB)
2025-08-18T06:39:43.7655857Z Collecting databind.core<5.0.0,>=4.4.0 (from pydoc-markdown==4.8.2->-r requirements-dev.txt (line 38))
2025-08-18T06:39:43.7668888Z   Using cached databind.core-4.5.2-py3-none-any.whl.metadata (1.1 kB)
2025-08-18T06:39:43.7877596Z Collecting databind.json<5.0.0,>=4.4.0 (from pydoc-markdown==4.8.2->-r requirements-dev.txt (line 38))
2025-08-18T06:39:43.7890695Z   Using cached databind.json-4.5.2-py3-none-any.whl.metadata (1.1 kB)
2025-08-18T06:39:43.8024366Z Collecting docstring-parser<0.12,>=0.11 (from pydoc-markdown==4.8.2->-r requirements-dev.txt (line 38))
2025-08-18T06:39:43.8025632Z   Using cached docstring_parser-0.11-py3-none-any.whl
2025-08-18T06:39:43.8355175Z Collecting tomli<3.0.0,>=2.0.0 (from pydoc-markdown==4.8.2->-r requirements-dev.txt (line 38))
2025-08-18T06:39:43.8368743Z   Using cached tomli-2.2.1-cp311-cp311-manylinux_2_17_x86_64.manylinux2014_x86_64.whl.metadata (11 kB)
2025-08-18T06:39:43.8462066Z Collecting tomli_w<2.0.0,>=1.0.0 (from pydoc-markdown==4.8.2->-r requirements-dev.txt (line 38))
2025-08-18T06:39:43.8475330Z   Using cached tomli_w-1.2.0-py3-none-any.whl.metadata (5.7 kB)
2025-08-18T06:39:43.8903371Z Collecting watchdog (from pydoc-markdown==4.8.2->-r requirements-dev.txt (line 38))
2025-08-18T06:39:43.8918463Z   Using cached watchdog-6.0.0-py3-none-manylinux2014_x86_64.whl.metadata (44 kB)
2025-08-18T06:39:43.9103047Z Collecting yapf>=0.30.0 (from pydoc-markdown==4.8.2->-r requirements-dev.txt (line 38))
2025-08-18T06:39:43.9116693Z   Using cached yapf-0.43.0-py3-none-any.whl.metadata (46 kB)
2025-08-18T06:39:43.9288056Z Collecting Deprecated<2.0.0,>=1.2.12 (from docspec==2.2.1->docspec-python==2.2.2->-r requirements-dev.txt (line 37))
2025-08-18T06:39:43.9301865Z   Using cached Deprecated-1.2.18-py2.py3-none-any.whl.metadata (5.7 kB)
2025-08-18T06:39:44.0782643Z Collecting psycopg-binary==3.2.9 (from psycopg[binary]==3.2.9->-r requirements-dev.txt (line 22))
2025-08-18T06:39:44.0798594Z   Using cached psycopg_binary-3.2.9-cp311-cp311-manylinux_2_17_x86_64.manylinux2014_x86_64.whl.metadata (2.9 kB)
2025-08-18T06:39:44.1042628Z Collecting PyJWT>=2.9.0 (from redis==5.*->-r requirements-dev.txt (line 8))
2025-08-18T06:39:44.1056363Z   Using cached PyJWT-2.10.1-py3-none-any.whl.metadata (4.0 kB)
2025-08-18T06:39:44.1258478Z Collecting argon2-cffi (from minio==7.*->-r requirements-dev.txt (line 9))
2025-08-18T06:39:44.1272000Z   Using cached argon2_cffi-25.1.0-py3-none-any.whl.metadata (4.1 kB)
2025-08-18T06:39:44.2095883Z Collecting pycryptodome (from minio==7.*->-r requirements-dev.txt (line 9))
2025-08-18T06:39:44.2111958Z   Using cached pycryptodome-3.23.0-cp37-abi3-manylinux_2_17_x86_64.manylinux2014_x86_64.whl.metadata (3.4 kB)
2025-08-18T06:39:44.2350954Z Collecting anyio (from httpx<0.29,>=0.27->-r requirements-dev.txt (line 13))
2025-08-18T06:39:44.2366768Z   Using cached anyio-4.10.0-py3-none-any.whl.metadata (4.0 kB)
2025-08-18T06:39:44.2559015Z Collecting httpcore==1.* (from httpx<0.29,>=0.27->-r requirements-dev.txt (line 13))
2025-08-18T06:39:44.2574168Z   Using cached httpcore-1.0.9-py3-none-any.whl.metadata (21 kB)
2025-08-18T06:39:44.2915181Z Collecting multimethod<=1.10.0 (from pandera==0.19.*->-r requirements-dev.txt (line 39))
2025-08-18T06:39:44.2929147Z   Using cached multimethod-1.10-py3-none-any.whl.metadata (8.2 kB)
2025-08-18T06:39:44.3283558Z Collecting typeguard (from pandera==0.19.*->-r requirements-dev.txt (line 39))
2025-08-18T06:39:44.3298404Z   Using cached typeguard-4.4.4-py3-none-any.whl.metadata (3.3 kB)
2025-08-18T06:39:44.3391943Z Collecting typing-inspect>=0.6.0 (from pandera==0.19.*->-r requirements-dev.txt (line 39))
2025-08-18T06:39:44.3405914Z   Using cached typing_inspect-0.9.0-py3-none-any.whl.metadata (1.5 kB)
2025-08-18T06:39:44.3644823Z Collecting databind<5.0.0,>=4.5.2 (from databind.core<5.0.0,>=4.4.0->pydoc-markdown==4.8.2->-r requirements-dev.txt (line 38))
2025-08-18T06:39:44.3658457Z   Using cached databind-4.5.2-py3-none-any.whl.metadata (4.3 kB)
2025-08-18T06:39:44.3767048Z Collecting nr-date<3.0.0,>=2.0.0 (from databind<5.0.0,>=4.5.2->databind.core<5.0.0,>=4.4.0->pydoc-markdown==4.8.2->-r requirements-dev.txt (line 38))
2025-08-18T06:39:44.3780459Z   Using cached nr_date-2.1.0-py3-none-any.whl.metadata (746 bytes)
2025-08-18T06:39:44.3887351Z Collecting nr-stream<2.0.0,>=1.0.0 (from databind<5.0.0,>=4.5.2->databind.core<5.0.0,>=4.4.0->pydoc-markdown==4.8.2->-r requirements-dev.txt (line 38))
2025-08-18T06:39:44.3901159Z   Using cached nr_stream-1.1.5-py3-none-any.whl.metadata (3.6 kB)
2025-08-18T06:39:44.4095875Z Collecting typeapi<3,>=2.0.1 (from databind<5.0.0,>=4.5.2->databind.core<5.0.0,>=4.4.0->pydoc-markdown==4.8.2->-r requirements-dev.txt (line 38))
2025-08-18T06:39:44.4109692Z   Using cached typeapi-2.2.4-py3-none-any.whl.metadata (1.5 kB)
2025-08-18T06:39:44.4377336Z Collecting h11>=0.16 (from httpcore==1.*->httpx<0.29,>=0.27->-r requirements-dev.txt (line 13))
2025-08-18T06:39:44.4390461Z   Using cached h11-0.16.0-py3-none-any.whl.metadata (8.3 kB)
2025-08-18T06:39:44.4577137Z Collecting amqp<6.0.0,>=5.1.1 (from kombu<6.0,>=5.3.4->celery==5.4.0->-r requirements-dev.txt (line 10))
2025-08-18T06:39:44.4590678Z   Using cached amqp-5.3.1-py3-none-any.whl.metadata (8.9 kB)
2025-08-18T06:39:44.4941466Z Collecting iniconfig>=1 (from pytest<9,>=7.0.0->pytest-asyncio==0.23.6->-r requirements-dev.txt (line 25))
2025-08-18T06:39:44.4955029Z   Using cached iniconfig-2.1.0-py3-none-any.whl.metadata (2.7 kB)
2025-08-18T06:39:44.5149101Z Collecting pygments>=2.7.2 (from pytest<9,>=7.0.0->pytest-asyncio==0.23.6->-r requirements-dev.txt (line 25))
2025-08-18T06:39:44.5162733Z   Using cached pygments-2.19.2-py3-none-any.whl.metadata (2.5 kB)
2025-08-18T06:39:44.5476505Z Collecting sniffio>=1.1 (from anyio->httpx<0.29,>=0.27->-r requirements-dev.txt (line 13))
2025-08-18T06:39:44.5490211Z   Using cached sniffio-1.3.1-py3-none-any.whl.metadata (3.9 kB)
2025-08-18T06:39:44.9577810Z Collecting botocore<1.41.0,>=1.40.11 (from boto3->-r requirements-dev.txt (line 7))
2025-08-18T06:39:44.9593347Z   Using cached botocore-1.40.11-py3-none-any.whl.metadata (5.7 kB)
2025-08-18T06:39:44.9707414Z Collecting jmespath<2.0.0,>=0.7.1 (from boto3->-r requirements-dev.txt (line 7))
2025-08-18T06:39:44.9720935Z   Using cached jmespath-1.0.1-py3-none-any.whl.metadata (7.6 kB)
2025-08-18T06:39:44.9893487Z Collecting s3transfer<0.14.0,>=0.13.0 (from boto3->-r requirements-dev.txt (line 7))
2025-08-18T06:39:44.9907492Z   Using cached s3transfer-0.13.1-py3-none-any.whl.metadata (1.7 kB)
2025-08-18T06:39:45.1183435Z Collecting fastapi-cli>=0.0.8 (from fastapi-cli[standard]>=0.0.8; extra == "all"->fastapi[all]->-r requirements-dev.txt (line 12))
2025-08-18T06:39:45.1197726Z   Using cached fastapi_cli-0.0.8-py3-none-any.whl.metadata (6.3 kB)
2025-08-18T06:39:45.1877002Z Collecting ujson!=4.0.2,!=4.1.0,!=4.2.0,!=4.3.0,!=5.0.0,!=5.1.0,>=4.0.1 (from fastapi[all]->-r requirements-dev.txt (line 12))
2025-08-18T06:39:45.1891548Z   Using cached ujson-5.10.0-cp311-cp311-manylinux_2_17_x86_64.manylinux2014_x86_64.whl.metadata (9.3 kB)
2025-08-18T06:39:45.4169119Z Collecting orjson>=3.2.1 (from fastapi[all]->-r requirements-dev.txt (line 12))
2025-08-18T06:39:45.4185887Z   Using cached orjson-3.11.2-cp311-cp311-manylinux_2_17_x86_64.manylinux2014_x86_64.whl.metadata (1.2 kB)
2025-08-18T06:39:45.4301275Z Collecting email-validator>=2.0.0 (from fastapi[all]->-r requirements-dev.txt (line 12))
2025-08-18T06:39:45.4315322Z   Using cached email_validator-2.2.0-py3-none-any.whl.metadata (25 kB)
2025-08-18T06:39:45.4575919Z Collecting uvicorn>=0.12.0 (from uvicorn[standard]>=0.12.0; extra == "all"->fastapi[all]->-r requirements-dev.txt (line 12))
2025-08-18T06:39:45.4589111Z   Using cached uvicorn-0.35.0-py3-none-any.whl.metadata (6.5 kB)
2025-08-18T06:39:45.4740741Z Collecting pydantic-settings>=2.0.0 (from fastapi[all]->-r requirements-dev.txt (line 12))
2025-08-18T06:39:45.4754099Z   Using cached pydantic_settings-2.10.1-py3-none-any.whl.metadata (3.4 kB)
2025-08-18T06:39:45.4875221Z Collecting pydantic-extra-types>=2.0.0 (from fastapi[all]->-r requirements-dev.txt (line 12))
2025-08-18T06:39:45.4895251Z   Using cached pydantic_extra_types-2.10.5-py3-none-any.whl.metadata (3.9 kB)
2025-08-18T06:39:45.5568384Z Collecting prompt-toolkit>=3.0.36 (from click-repl>=0.2.0->celery==5.4.0->-r requirements-dev.txt (line 10))
2025-08-18T06:39:45.5581280Z   Using cached prompt_toolkit-3.0.51-py3-none-any.whl.metadata (6.4 kB)
2025-08-18T06:39:45.5746337Z Collecting dnspython>=2.0.0 (from email-validator>=2.0.0->fastapi[all]->-r requirements-dev.txt (line 12))
2025-08-18T06:39:45.5759051Z   Using cached dnspython-2.7.0-py3-none-any.whl.metadata (5.8 kB)
2025-08-18T06:39:45.6009904Z Collecting typer>=0.15.1 (from fastapi-cli>=0.0.8->fastapi-cli[standard]>=0.0.8; extra == "all"->fastapi[all]->-r requirements-dev.txt (line 12))
2025-08-18T06:39:45.6023396Z   Using cached typer-0.16.0-py3-none-any.whl.metadata (15 kB)
2025-08-18T06:39:45.6252182Z Collecting rich-toolkit>=0.14.8 (from fastapi-cli>=0.0.8->fastapi-cli[standard]>=0.0.8; extra == "all"->fastapi[all]->-r requirements-dev.txt (line 12))
2025-08-18T06:39:45.6265645Z   Using cached rich_toolkit-0.15.0-py3-none-any.whl.metadata (1.0 kB)
2025-08-18T06:39:45.6370205Z Collecting fastapi-cloud-cli>=0.1.1 (from fastapi-cli[standard]>=0.0.8; extra == "all"->fastapi[all]->-r requirements-dev.txt (line 12))
2025-08-18T06:39:45.6383784Z   Using cached fastapi_cloud_cli-0.1.5-py3-none-any.whl.metadata (3.2 kB)
2025-08-18T06:39:45.7060763Z Collecting rignore>=0.5.1 (from fastapi-cloud-cli>=0.1.1->fastapi-cli[standard]>=0.0.8; extra == "all"->fastapi[all]->-r requirements-dev.txt (line 12))
2025-08-18T06:39:45.7075748Z   Using cached rignore-0.6.4-cp311-cp311-manylinux_2_17_x86_64.manylinux2014_x86_64.whl.metadata (3.8 kB)
2025-08-18T06:39:45.7888750Z Collecting sentry-sdk>=2.20.0 (from fastapi-cloud-cli>=0.1.1->fastapi-cli[standard]>=0.0.8; extra == "all"->fastapi[all]->-r requirements-dev.txt (line 12))
2025-08-18T06:39:45.7903195Z   Using cached sentry_sdk-2.35.0-py2.py3-none-any.whl.metadata (10 kB)
2025-08-18T06:39:45.8751290Z Collecting psutil>=4.0.0 (from mirakuru>=2.6.0->pytest-postgresql==7.0.2->-r requirements-dev.txt (line 27))
2025-08-18T06:39:45.8766458Z   Using cached psutil-7.0.0-cp36-abi3-manylinux_2_12_x86_64.manylinux2010_x86_64.manylinux_2_17_x86_64.manylinux2014_x86_64.whl.metadata (22 kB)
2025-08-18T06:39:45.9057677Z Collecting wcwidth (from prompt-toolkit>=3.0.36->click-repl>=0.2.0->celery==5.4.0->-r requirements-dev.txt (line 10))
2025-08-18T06:39:45.9071047Z   Using cached wcwidth-0.2.13-py2.py3-none-any.whl.metadata (14 kB)
2025-08-18T06:39:46.0369005Z Collecting rich>=13.7.1 (from rich-toolkit>=0.14.8->fastapi-cli>=0.0.8->fastapi-cli[standard]>=0.0.8; extra == "all"->fastapi[all]->-r requirements-dev.txt (line 12))
2025-08-18T06:39:46.0382201Z   Using cached rich-14.1.0-py3-none-any.whl.metadata (18 kB)
2025-08-18T06:39:46.0560810Z Collecting markdown-it-py>=2.2.0 (from rich>=13.7.1->rich-toolkit>=0.14.8->fastapi-cli>=0.0.8->fastapi-cli[standard]>=0.0.8; extra == "all"->fastapi[all]->-r requirements-dev.txt (line 12))
2025-08-18T06:39:46.0573234Z   Using cached markdown_it_py-4.0.0-py3-none-any.whl.metadata (7.3 kB)
2025-08-18T06:39:46.0773097Z Collecting mdurl~=0.1 (from markdown-it-py>=2.2.0->rich>=13.7.1->rich-toolkit>=0.14.8->fastapi-cli>=0.0.8->fastapi-cli[standard]>=0.0.8; extra == "all"->fastapi[all]->-r requirements-dev.txt (line 12))
2025-08-18T06:39:46.0786670Z   Using cached mdurl-0.1.2-py3-none-any.whl.metadata (1.6 kB)
2025-08-18T06:39:46.1284476Z Collecting shellingham>=1.3.0 (from typer>=0.15.1->fastapi-cli>=0.0.8->fastapi-cli[standard]>=0.0.8; extra == "all"->fastapi[all]->-r requirements-dev.txt (line 12))
2025-08-18T06:39:46.1297488Z   Using cached shellingham-1.5.4-py2.py3-none-any.whl.metadata (3.5 kB)
2025-08-18T06:39:46.3295114Z Collecting httptools>=0.6.3 (from uvicorn[standard]>=0.12.0; extra == "all"->fastapi[all]->-r requirements-dev.txt (line 12))
2025-08-18T06:39:46.3311095Z   Using cached httptools-0.6.4-cp311-cp311-manylinux_2_5_x86_64.manylinux1_x86_64.manylinux_2_17_x86_64.manylinux2014_x86_64.whl.metadata (3.6 kB)
2025-08-18T06:39:46.3721446Z Collecting uvloop>=0.15.1 (from uvicorn[standard]>=0.12.0; extra == "all"->fastapi[all]->-r requirements-dev.txt (line 12))
2025-08-18T06:39:46.3736727Z   Using cached uvloop-0.21.0-cp311-cp311-manylinux_2_17_x86_64.manylinux2014_x86_64.whl.metadata (4.9 kB)
2025-08-18T06:39:46.4412050Z Collecting watchfiles>=0.13 (from uvicorn[standard]>=0.12.0; extra == "all"->fastapi[all]->-r requirements-dev.txt (line 12))
2025-08-18T06:39:46.4428019Z   Using cached watchfiles-1.1.0-cp311-cp311-manylinux_2_17_x86_64.manylinux2014_x86_64.whl.metadata (4.9 kB)
2025-08-18T06:39:46.5252294Z Collecting websockets>=10.4 (from uvicorn[standard]>=0.12.0; extra == "all"->fastapi[all]->-r requirements-dev.txt (line 12))
2025-08-18T06:39:46.5268729Z   Using cached websockets-15.0.1-cp311-cp311-manylinux_2_5_x86_64.manylinux1_x86_64.manylinux_2_17_x86_64.manylinux2014_x86_64.whl.metadata (6.8 kB)
2025-08-18T06:39:46.5670120Z Collecting argon2-cffi-bindings (from argon2-cffi->minio==7.*->-r requirements-dev.txt (line 9))
2025-08-18T06:39:46.5684231Z   Using cached argon2_cffi_bindings-25.1.0-cp39-abi3-manylinux_2_26_x86_64.manylinux_2_28_x86_64.whl.metadata (7.4 kB)
2025-08-18T06:39:46.6654722Z Collecting cffi>=1.0.1 (from argon2-cffi-bindings->argon2-cffi->minio==7.*->-r requirements-dev.txt (line 9))
2025-08-18T06:39:46.6670569Z   Using cached cffi-1.17.1-cp311-cp311-manylinux_2_17_x86_64.manylinux2014_x86_64.whl.metadata (1.5 kB)
2025-08-18T06:39:46.6793173Z Collecting pycparser (from cffi>=1.0.1->argon2-cffi-bindings->argon2-cffi->minio==7.*->-r requirements-dev.txt (line 9))
2025-08-18T06:39:46.6806881Z   Using cached pycparser-2.22-py3-none-any.whl.metadata (943 bytes)
2025-08-18T06:39:46.7392038Z Using cached jinja2-3.1.6-py3-none-any.whl (134 kB)
2025-08-18T06:39:46.7407052Z Using cached alembic-1.13.1-py3-none-any.whl (233 kB)
2025-08-18T06:39:46.7421917Z Using cached APScheduler-3.10.4-py3-none-any.whl (59 kB)
2025-08-18T06:39:46.7436253Z Using cached asyncpg-0.30.0-cp311-cp311-manylinux_2_17_x86_64.manylinux2014_x86_64.whl (3.1 MB)
2025-08-18T06:39:46.7475983Z Using cached black-25.1.0-cp311-cp311-manylinux_2_17_x86_64.manylinux2014_x86_64.manylinux_2_28_x86_64.whl (1.7 MB)
2025-08-18T06:39:46.7502492Z Using cached celery-5.4.0-py3-none-any.whl (425 kB)
2025-08-18T06:39:46.7518877Z Using cached fastapi-0.116.1-py3-none-any.whl (95 kB)
2025-08-18T06:39:46.7532968Z Using cached pydantic-2.11.7-py3-none-any.whl (444 kB)
2025-08-18T06:39:46.7549663Z Using cached IMAPClient-3.0.1-py2.py3-none-any.whl (182 kB)
2025-08-18T06:39:46.7564318Z Using cached mypy_extensions-1.1.0-py3-none-any.whl (5.0 kB)
2025-08-18T06:39:46.7577600Z Using cached openpyxl-3.1.5-py2.py3-none-any.whl (250 kB)
2025-08-18T06:39:46.7592721Z Using cached psycopg2_binary-2.9.9-cp311-cp311-manylinux_2_17_x86_64.manylinux2014_x86_64.whl (3.0 MB)
2025-08-18T06:39:46.7630129Z Using cached psycopg-3.2.9-py3-none-any.whl (202 kB)
2025-08-18T06:39:46.7644845Z Using cached pytest_asyncio-0.23.6-py3-none-any.whl (17 kB)
2025-08-18T06:39:46.7658769Z Using cached pytest_cov-6.2.1-py3-none-any.whl (24 kB)
2025-08-18T06:39:46.7672770Z Using cached pytest_postgresql-7.0.2-py3-none-any.whl (41 kB)
2025-08-18T06:39:46.7687603Z Using cached python_telegram_bot-22.2-py3-none-any.whl (708 kB)
2025-08-18T06:39:46.7706315Z Using cached requests-2.32.4-py3-none-any.whl (64 kB)
2025-08-18T06:39:46.7720056Z Using cached respx-0.22.0-py2.py3-none-any.whl (25 kB)
2025-08-18T06:39:46.7734099Z Using cached ruff-0.4.4-py3-none-manylinux_2_17_x86_64.manylinux2014_x86_64.whl (8.7 MB)
2025-08-18T06:39:46.7816177Z Using cached SQLAlchemy-2.0.29-cp311-cp311-manylinux_2_17_x86_64.manylinux2014_x86_64.whl (3.2 MB)
2025-08-18T06:39:46.7853480Z Using cached testcontainers-4.10.0-py3-none-any.whl (107 kB)
2025-08-18T06:39:46.7867918Z Using cached types_requests-2.32.0.20240602-py3-none-any.whl (15 kB)
2025-08-18T06:39:46.7881439Z Using cached docspec_python-2.2.2-py3-none-any.whl (15 kB)
2025-08-18T06:39:46.7894720Z Using cached pydoc_markdown-4.8.2-py3-none-any.whl (67 kB)
2025-08-18T06:39:46.7908640Z Using cached docspec-2.2.1-py3-none-any.whl (9.8 kB)
2025-08-18T06:39:46.7922741Z Using cached psycopg_binary-3.2.9-cp311-cp311-manylinux_2_17_x86_64.manylinux2014_x86_64.whl (4.5 MB)
2025-08-18T06:39:46.7970278Z Using cached pydantic_core-2.33.2-cp311-cp311-manylinux_2_17_x86_64.manylinux2014_x86_64.whl (2.0 MB)
2025-08-18T06:39:46.7998595Z Using cached redis-5.3.1-py3-none-any.whl (272 kB)
2025-08-18T06:39:46.8014085Z Using cached minio-7.2.16-py3-none-any.whl (95 kB)
2025-08-18T06:39:46.8028070Z Using cached httpx-0.28.1-py3-none-any.whl (73 kB)
2025-08-18T06:39:46.8042459Z Using cached mypy-1.17.1-cp311-cp311-manylinux2014_x86_64.manylinux_2_17_x86_64.manylinux_2_28_x86_64.whl (12.6 MB)
2025-08-18T06:39:46.8152623Z Using cached numpy-1.26.4-cp311-cp311-manylinux_2_17_x86_64.manylinux2014_x86_64.whl (18.3 MB)
2025-08-18T06:39:46.8299090Z Using cached pandas-2.2.3-cp311-cp311-manylinux_2_17_x86_64.manylinux2014_x86_64.whl (13.1 MB)
2025-08-18T06:39:46.8410806Z Using cached pandera-0.19.3-py3-none-any.whl (251 kB)
2025-08-18T06:39:46.8425411Z Using cached billiard-4.2.1-py3-none-any.whl (86 kB)
2025-08-18T06:39:46.8439605Z Using cached charset_normalizer-3.4.3-cp311-cp311-manylinux2014_x86_64.manylinux_2_17_x86_64.manylinux_2_28_x86_64.whl (150 kB)
2025-08-18T06:39:46.8452831Z Using cached click-8.2.1-py3-none-any.whl (102 kB)
2025-08-18T06:39:46.8466658Z Using cached databind.core-4.5.2-py3-none-any.whl (1.5 kB)
2025-08-18T06:39:46.8479399Z Using cached databind-4.5.2-py3-none-any.whl (49 kB)
2025-08-18T06:39:46.8492581Z Using cached databind.json-4.5.2-py3-none-any.whl (1.5 kB)
2025-08-18T06:39:46.8505778Z Using cached Deprecated-1.2.18-py2.py3-none-any.whl (10.0 kB)
2025-08-18T06:39:46.8518505Z Using cached httpcore-1.0.9-py3-none-any.whl (78 kB)
2025-08-18T06:39:46.8531935Z Using cached idna-3.10-py3-none-any.whl (70 kB)
2025-08-18T06:39:46.8545263Z Using cached kombu-5.5.4-py3-none-any.whl (210 kB)
2025-08-18T06:39:46.8559443Z Using cached vine-5.1.0-py3-none-any.whl (9.6 kB)
2025-08-18T06:39:46.8572257Z Using cached amqp-5.3.1-py3-none-any.whl (50 kB)
2025-08-18T06:39:46.8585498Z Using cached multimethod-1.10-py3-none-any.whl (9.9 kB)
2025-08-18T06:39:46.8598219Z Using cached nr_date-2.1.0-py3-none-any.whl (10 kB)
2025-08-18T06:39:46.8611208Z Using cached nr_stream-1.1.5-py3-none-any.whl (10 kB)
2025-08-18T06:39:46.8624219Z Using cached nr.util-0.8.12-py3-none-any.whl (90 kB)
2025-08-18T06:39:46.8637743Z Using cached pytest-8.4.1-py3-none-any.whl (365 kB)
2025-08-18T06:39:46.8653226Z Using cached pluggy-1.6.0-py3-none-any.whl (20 kB)
2025-08-18T06:39:46.8666808Z Using cached PyYAML-6.0.2-cp311-cp311-manylinux_2_17_x86_64.manylinux2014_x86_64.whl (762 kB)
2025-08-18T06:39:46.8685353Z Using cached starlette-0.47.2-py3-none-any.whl (72 kB)
2025-08-18T06:39:46.8698990Z Using cached anyio-4.10.0-py3-none-any.whl (107 kB)
2025-08-18T06:39:46.8712739Z Using cached tomli-2.2.1-cp311-cp311-manylinux_2_17_x86_64.manylinux2014_x86_64.whl (236 kB)
2025-08-18T06:39:46.8727513Z Using cached tomli_w-1.2.0-py3-none-any.whl (6.7 kB)
2025-08-18T06:39:46.8740286Z Using cached typeapi-2.2.4-py3-none-any.whl (26 kB)
2025-08-18T06:39:46.8753400Z Using cached typing_extensions-4.14.1-py3-none-any.whl (43 kB)
2025-08-18T06:39:46.8767043Z Using cached urllib3-2.5.0-py3-none-any.whl (129 kB)
2025-08-18T06:39:46.8781213Z Using cached wrapt-1.17.3-cp311-cp311-manylinux1_x86_64.manylinux_2_28_x86_64.manylinux_2_5_x86_64.whl (82 kB)
2025-08-18T06:39:46.8794303Z Using cached boto3-1.40.11-py3-none-any.whl (140 kB)
2025-08-18T06:39:46.8808494Z Using cached botocore-1.40.11-py3-none-any.whl (14.0 MB)
2025-08-18T06:39:46.8925247Z Using cached jmespath-1.0.1-py3-none-any.whl (20 kB)
2025-08-18T06:39:46.8938455Z Using cached python_dateutil-2.9.0.post0-py2.py3-none-any.whl (229 kB)
2025-08-18T06:39:46.8953007Z Using cached s3transfer-0.13.1-py3-none-any.whl (85 kB)
2025-08-18T06:39:46.8966915Z Using cached itsdangerous-2.2.0-py3-none-any.whl (16 kB)
2025-08-18T06:39:46.8979946Z Using cached python_dotenv-1.1.1-py3-none-any.whl (20 kB)
2025-08-18T06:39:46.8993151Z Using cached python_multipart-0.0.20-py3-none-any.whl (24 kB)
2025-08-18T06:39:46.9006580Z Using cached annotated_types-0.7.0-py3-none-any.whl (13 kB)
2025-08-18T06:39:46.9019630Z Using cached certifi-2025.8.3-py3-none-any.whl (161 kB)
2025-08-18T06:39:46.9033626Z Using cached click_didyoumean-0.3.1-py3-none-any.whl (3.6 kB)
2025-08-18T06:39:46.9046817Z Using cached click_plugins-1.1.1.2-py2.py3-none-any.whl (11 kB)
2025-08-18T06:39:46.9059822Z Using cached click_repl-0.3.0-py3-none-any.whl (10 kB)
2025-08-18T06:39:46.9073314Z Using cached coverage-7.10.4-cp311-cp311-manylinux1_x86_64.manylinux_2_28_x86_64.manylinux_2_5_x86_64.whl (249 kB)
2025-08-18T06:39:46.9087861Z Using cached email_validator-2.2.0-py3-none-any.whl (33 kB)
2025-08-18T06:39:46.9101776Z Using cached dnspython-2.7.0-py3-none-any.whl (313 kB)
2025-08-18T06:39:46.9117144Z Using cached fastapi_cli-0.0.8-py3-none-any.whl (10 kB)
2025-08-18T06:39:46.9130057Z Using cached fastapi_cloud_cli-0.1.5-py3-none-any.whl (18 kB)
2025-08-18T06:39:46.9143759Z Using cached greenlet-3.2.4-cp311-cp311-manylinux_2_24_x86_64.manylinux_2_28_x86_64.whl (587 kB)
2025-08-18T06:39:46.9161074Z Using cached h11-0.16.0-py3-none-any.whl (37 kB)
2025-08-18T06:39:46.9174432Z Using cached iniconfig-2.1.0-py3-none-any.whl (6.0 kB)
2025-08-18T06:39:46.9187782Z Using cached MarkupSafe-3.0.2-cp311-cp311-manylinux_2_17_x86_64.manylinux2014_x86_64.whl (23 kB)
2025-08-18T06:39:46.9200647Z Using cached mirakuru-2.6.1-py3-none-any.whl (26 kB)
2025-08-18T06:39:46.9214067Z Using cached orjson-3.11.2-cp311-cp311-manylinux_2_17_x86_64.manylinux2014_x86_64.whl (121 kB)
2025-08-18T06:39:46.9227919Z Using cached packaging-25.0-py3-none-any.whl (66 kB)
2025-08-18T06:39:46.9241443Z Using cached pathspec-0.12.1-py3-none-any.whl (31 kB)
2025-08-18T06:39:46.9254855Z Using cached platformdirs-4.3.8-py3-none-any.whl (18 kB)
2025-08-18T06:39:46.9267876Z Using cached port_for-0.7.4-py3-none-any.whl (21 kB)
2025-08-18T06:39:46.9281150Z Using cached prompt_toolkit-3.0.51-py3-none-any.whl (387 kB)
2025-08-18T06:39:46.9297582Z Using cached psutil-7.0.0-cp36-abi3-manylinux_2_12_x86_64.manylinux2010_x86_64.manylinux_2_17_x86_64.manylinux2014_x86_64.whl (277 kB)
2025-08-18T06:39:46.9312156Z Using cached pydantic_extra_types-2.10.5-py3-none-any.whl (38 kB)
2025-08-18T06:39:46.9325559Z Using cached pydantic_settings-2.10.1-py3-none-any.whl (45 kB)
2025-08-18T06:39:46.9338844Z Using cached pygments-2.19.2-py3-none-any.whl (1.2 MB)
2025-08-18T06:39:46.9361325Z Using cached PyJWT-2.10.1-py3-none-any.whl (22 kB)
2025-08-18T06:39:46.9374521Z Using cached pytz-2025.2-py2.py3-none-any.whl (509 kB)
2025-08-18T06:39:46.9391124Z Using cached rich_toolkit-0.15.0-py3-none-any.whl (29 kB)
2025-08-18T06:39:46.9404326Z Using cached rich-14.1.0-py3-none-any.whl (243 kB)
2025-08-18T06:39:46.9419261Z Using cached markdown_it_py-4.0.0-py3-none-any.whl (87 kB)
2025-08-18T06:39:46.9432620Z Using cached mdurl-0.1.2-py3-none-any.whl (10.0 kB)
2025-08-18T06:39:46.9446010Z Using cached rignore-0.6.4-cp311-cp311-manylinux_2_17_x86_64.manylinux2014_x86_64.whl (950 kB)
2025-08-18T06:39:46.9466213Z Using cached sentry_sdk-2.35.0-py2.py3-none-any.whl (363 kB)
2025-08-18T06:39:46.9481764Z Using cached six-1.17.0-py2.py3-none-any.whl (11 kB)
2025-08-18T06:39:46.9494946Z Using cached sniffio-1.3.1-py3-none-any.whl (10 kB)
2025-08-18T06:39:46.9508169Z Using cached typer-0.16.0-py3-none-any.whl (46 kB)
2025-08-18T06:39:46.9521448Z Using cached shellingham-1.5.4-py2.py3-none-any.whl (9.8 kB)
2025-08-18T06:39:46.9534748Z Using cached typing_inspect-0.9.0-py3-none-any.whl (8.8 kB)
2025-08-18T06:39:46.9547877Z Using cached typing_inspection-0.4.1-py3-none-any.whl (14 kB)
2025-08-18T06:39:46.9561889Z Using cached tzdata-2025.2-py2.py3-none-any.whl (347 kB)
2025-08-18T06:39:46.9577649Z Using cached tzlocal-5.3.1-py3-none-any.whl (18 kB)
2025-08-18T06:39:46.9590764Z Using cached ujson-5.10.0-cp311-cp311-manylinux_2_17_x86_64.manylinux2014_x86_64.whl (53 kB)
2025-08-18T06:39:46.9603742Z Using cached uvicorn-0.35.0-py3-none-any.whl (66 kB)
2025-08-18T06:39:46.9618772Z Using cached httptools-0.6.4-cp311-cp311-manylinux_2_5_x86_64.manylinux1_x86_64.manylinux_2_17_x86_64.manylinux2014_x86_64.whl (459 kB)
2025-08-18T06:39:46.9634759Z Using cached uvloop-0.21.0-cp311-cp311-manylinux_2_17_x86_64.manylinux2014_x86_64.whl (4.0 MB)
2025-08-18T06:39:46.9676683Z Using cached watchfiles-1.1.0-cp311-cp311-manylinux_2_17_x86_64.manylinux2014_x86_64.whl (453 kB)
2025-08-18T06:39:46.9693042Z Using cached websockets-15.0.1-cp311-cp311-manylinux_2_5_x86_64.manylinux1_x86_64.manylinux_2_17_x86_64.manylinux2014_x86_64.whl (182 kB)
2025-08-18T06:39:46.9706689Z Using cached yapf-0.43.0-py3-none-any.whl (256 kB)
2025-08-18T06:39:46.9721215Z Using cached argon2_cffi-25.1.0-py3-none-any.whl (14 kB)
2025-08-18T06:39:46.9734858Z Using cached argon2_cffi_bindings-25.1.0-cp39-abi3-manylinux_2_26_x86_64.manylinux_2_28_x86_64.whl (87 kB)
2025-08-18T06:39:46.9748414Z Using cached cffi-1.17.1-cp311-cp311-manylinux_2_17_x86_64.manylinux2014_x86_64.whl (467 kB)
2025-08-18T06:39:46.9764480Z Using cached docker-7.1.0-py3-none-any.whl (147 kB)
2025-08-18T06:39:46.9778463Z Using cached et_xmlfile-2.0.0-py3-none-any.whl (18 kB)
2025-08-18T06:39:46.9791568Z Using cached mako-1.3.10-py3-none-any.whl (78 kB)
2025-08-18T06:39:46.9808159Z Using cached pycparser-2.22-py3-none-any.whl (117 kB)
2025-08-18T06:39:46.9831817Z Using cached pycryptodome-3.23.0-cp37-abi3-manylinux_2_17_x86_64.manylinux2014_x86_64.whl (2.3 MB)
2025-08-18T06:39:46.9876765Z Using cached typeguard-4.4.4-py3-none-any.whl (34 kB)
2025-08-18T06:39:46.9895607Z Using cached watchdog-6.0.0-py3-none-manylinux2014_x86_64.whl (79 kB)
2025-08-18T06:39:46.9909470Z Using cached wcwidth-0.2.13-py2.py3-none-any.whl (34 kB)
2025-08-18T06:39:47.3938474Z Installing collected packages: wcwidth, pytz, wrapt, websockets, watchdog, vine, uvloop, urllib3, ujson, tzlocal, tzdata, typing-extensions, tomli_w, tomli, sniffio, six, shellingham, ruff, rignore, PyYAML, python-multipart, python-dotenv, PyJWT, pygments, pycryptodome, pycparser, psycopg2-binary, psycopg-binary, psutil, prompt-toolkit, port-for, pluggy, platformdirs, pathspec, packaging, orjson, numpy, nr-stream, nr-date, mypy-extensions, multimethod, mdurl, MarkupSafe, jmespath, itsdangerous, iniconfig, imapclient, idna, httptools, h11, greenlet, et-xmlfile, docstring-parser, dnspython, coverage, click, charset_normalizer, certifi, billiard, asyncpg, annotated-types, yapf, uvicorn, typing-inspection, typing-inspect, types-requests, typeguard, typeapi, sqlalchemy, sentry-sdk, requests, redis, python-dateutil, pytest, pydantic-core, psycopg, openpyxl, mypy, mirakuru, markdown-it-py, Mako, Jinja2, httpcore, email-validator, Deprecated, click-repl, click-plugins, click-didyoumean, cffi, black, apscheduler, anyio, amqp, watchfiles, starlette, rich, pytest-postgresql, pytest-cov, pytest-asyncio, pydantic, pandas, nr-util, kombu, httpx, docker, databind, botocore, argon2-cffi-bindings, alembic, typer, testcontainers, s3transfer, rich-toolkit, respx, python-telegram-bot, pydantic-settings, pydantic-extra-types, pandera, fastapi, databind.json, databind.core, celery, argon2-cffi, minio, fastapi-cloud-cli, fastapi-cli, docspec, boto3, docspec-python, pydoc-markdown
2025-08-18T06:40:03.4597050Z 
2025-08-18T06:40:03.4660377Z Successfully installed Deprecated-1.2.18 Jinja2-3.1.6 Mako-1.3.10 MarkupSafe-3.0.2 PyJWT-2.10.1 PyYAML-6.0.2 alembic-1.13.1 amqp-5.3.1 annotated-types-0.7.0 anyio-4.10.0 apscheduler-3.10.4 argon2-cffi-25.1.0 argon2-cffi-bindings-25.1.0 asyncpg-0.30.0 billiard-4.2.1 black-25.1.0 boto3-1.40.11 botocore-1.40.11 celery-5.4.0 certifi-2025.8.3 cffi-1.17.1 charset_normalizer-3.4.3 click-8.2.1 click-didyoumean-0.3.1 click-plugins-1.1.1.2 click-repl-0.3.0 coverage-7.10.4 databind-4.5.2 databind.core-4.5.2 databind.json-4.5.2 dnspython-2.7.0 docker-7.1.0 docspec-2.2.1 docspec-python-2.2.2 docstring-parser-0.11 email-validator-2.2.0 et-xmlfile-2.0.0 fastapi-0.116.1 fastapi-cli-0.0.8 fastapi-cloud-cli-0.1.5 greenlet-3.2.4 h11-0.16.0 httpcore-1.0.9 httptools-0.6.4 httpx-0.28.1 idna-3.10 imapclient-3.0.1 iniconfig-2.1.0 itsdangerous-2.2.0 jmespath-1.0.1 kombu-5.5.4 markdown-it-py-4.0.0 mdurl-0.1.2 minio-7.2.16 mirakuru-2.6.1 multimethod-1.10 mypy-1.17.1 mypy-extensions-1.1.0 nr-date-2.1.0 nr-stream-1.1.5 nr-util-0.8.12 numpy-1.26.4 openpyxl-3.1.5 orjson-3.11.2 packaging-25.0 pandas-2.2.3 pandera-0.19.3 pathspec-0.12.1 platformdirs-4.3.8 pluggy-1.6.0 port-for-0.7.4 prompt-toolkit-3.0.51 psutil-7.0.0 psycopg-3.2.9 psycopg-binary-3.2.9 psycopg2-binary-2.9.9 pycparser-2.22 pycryptodome-3.23.0 pydantic-2.11.7 pydantic-core-2.33.2 pydantic-extra-types-2.10.5 pydantic-settings-2.10.1 pydoc-markdown-4.8.2 pygments-2.19.2 pytest-8.4.1 pytest-asyncio-0.23.6 pytest-cov-6.2.1 pytest-postgresql-7.0.2 python-dateutil-2.9.0.post0 python-dotenv-1.1.1 python-multipart-0.0.20 python-telegram-bot-22.2 pytz-2025.2 redis-5.3.1 requests-2.32.4 respx-0.22.0 rich-14.1.0 rich-toolkit-0.15.0 rignore-0.6.4 ruff-0.4.4 s3transfer-0.13.1 sentry-sdk-2.35.0 shellingham-1.5.4 six-1.17.0 sniffio-1.3.1 sqlalchemy-2.0.29 starlette-0.47.2 testcontainers-4.10.0 tomli-2.2.1 tomli_w-1.2.0 typeapi-2.2.4 typeguard-4.4.4 typer-0.16.0 types-requests-2.32.0.20240602 typing-extensions-4.14.1 typing-inspect-0.9.0 typing-inspection-0.4.1 tzdata-2025.2 tzlocal-5.3.1 ujson-5.10.0 urllib3-2.5.0 uvicorn-0.35.0 uvloop-0.21.0 vine-5.1.0 watchdog-6.0.0 watchfiles-1.1.0 wcwidth-0.2.13 websockets-15.0.1 wrapt-1.17.3 yapf-0.43.0
2025-08-18T06:40:05.3147352Z Collecting keepa==1.3.15
2025-08-18T06:40:05.3163172Z   Using cached keepa-1.3.15-py3-none-any.whl.metadata (11 kB)
2025-08-18T06:40:05.3422290Z Collecting minio==7.1.15
2025-08-18T06:40:05.3437151Z   Using cached minio-7.1.15-py3-none-any.whl.metadata (4.2 kB)
2025-08-18T06:40:05.3462351Z Requirement already satisfied: numpy>=1.9.3 in /opt/hostedtoolcache/Python/3.11.13/x64/lib/python3.11/site-packages (from keepa==1.3.15) (1.26.4)
2025-08-18T06:40:05.3467494Z Requirement already satisfied: requests>=2.2 in /opt/hostedtoolcache/Python/3.11.13/x64/lib/python3.11/site-packages (from keepa==1.3.15) (2.32.4)
2025-08-18T06:40:05.3761153Z Collecting tqdm (from keepa==1.3.15)
2025-08-18T06:40:05.3775514Z   Using cached tqdm-4.67.1-py3-none-any.whl.metadata (57 kB)
2025-08-18T06:40:05.8514391Z Collecting aiohttp (from keepa==1.3.15)
2025-08-18T06:40:05.8530860Z   Using cached aiohttp-3.12.15-cp311-cp311-manylinux_2_17_x86_64.manylinux2014_x86_64.whl.metadata (7.7 kB)
2025-08-18T06:40:05.8561017Z Requirement already satisfied: pandas<=3.0 in /opt/hostedtoolcache/Python/3.11.13/x64/lib/python3.11/site-packages (from keepa==1.3.15) (2.2.3)
2025-08-18T06:40:05.8565298Z Requirement already satisfied: pydantic in /opt/hostedtoolcache/Python/3.11.13/x64/lib/python3.11/site-packages (from keepa==1.3.15) (2.11.7)
2025-08-18T06:40:05.8572635Z Requirement already satisfied: certifi in /opt/hostedtoolcache/Python/3.11.13/x64/lib/python3.11/site-packages (from minio==7.1.15) (2025.8.3)
2025-08-18T06:40:05.8575824Z Requirement already satisfied: urllib3 in /opt/hostedtoolcache/Python/3.11.13/x64/lib/python3.11/site-packages (from minio==7.1.15) (2.5.0)
2025-08-18T06:40:05.8622937Z Requirement already satisfied: python-dateutil>=2.8.2 in /opt/hostedtoolcache/Python/3.11.13/x64/lib/python3.11/site-packages (from pandas<=3.0->keepa==1.3.15) (2.9.0.post0)
2025-08-18T06:40:05.8627937Z Requirement already satisfied: pytz>=2020.1 in /opt/hostedtoolcache/Python/3.11.13/x64/lib/python3.11/site-packages (from pandas<=3.0->keepa==1.3.15) (2025.2)
2025-08-18T06:40:05.8632506Z Requirement already satisfied: tzdata>=2022.7 in /opt/hostedtoolcache/Python/3.11.13/x64/lib/python3.11/site-packages (from pandas<=3.0->keepa==1.3.15) (2025.2)
2025-08-18T06:40:05.8745497Z Requirement already satisfied: six>=1.5 in /opt/hostedtoolcache/Python/3.11.13/x64/lib/python3.11/site-packages (from python-dateutil>=2.8.2->pandas<=3.0->keepa==1.3.15) (1.17.0)
2025-08-18T06:40:05.8762124Z Requirement already satisfied: charset_normalizer<4,>=2 in /opt/hostedtoolcache/Python/3.11.13/x64/lib/python3.11/site-packages (from requests>=2.2->keepa==1.3.15) (3.4.3)
2025-08-18T06:40:05.8767347Z Requirement already satisfied: idna<4,>=2.5 in /opt/hostedtoolcache/Python/3.11.13/x64/lib/python3.11/site-packages (from requests>=2.2->keepa==1.3.15) (3.10)
2025-08-18T06:40:05.8945583Z Collecting aiohappyeyeballs>=2.5.0 (from aiohttp->keepa==1.3.15)
2025-08-18T06:40:05.8959264Z   Using cached aiohappyeyeballs-2.6.1-py3-none-any.whl.metadata (5.9 kB)
2025-08-18T06:40:05.9044891Z Collecting aiosignal>=1.4.0 (from aiohttp->keepa==1.3.15)
2025-08-18T06:40:05.9058300Z   Using cached aiosignal-1.4.0-py3-none-any.whl.metadata (3.7 kB)
2025-08-18T06:40:05.9191440Z Collecting attrs>=17.3.0 (from aiohttp->keepa==1.3.15)
2025-08-18T06:40:05.9205150Z   Using cached attrs-25.3.0-py3-none-any.whl.metadata (10 kB)
2025-08-18T06:40:05.9865737Z Collecting frozenlist>=1.1.1 (from aiohttp->keepa==1.3.15)
2025-08-18T06:40:05.9882657Z   Using cached frozenlist-1.7.0-cp311-cp311-manylinux_2_5_x86_64.manylinux1_x86_64.manylinux_2_17_x86_64.manylinux2014_x86_64.whl.metadata (18 kB)
2025-08-18T06:40:06.2101837Z Collecting multidict<7.0,>=4.5 (from aiohttp->keepa==1.3.15)
2025-08-18T06:40:06.2118180Z   Using cached multidict-6.6.4-cp311-cp311-manylinux2014_x86_64.manylinux_2_17_x86_64.manylinux_2_28_x86_64.whl.metadata (5.3 kB)
2025-08-18T06:40:06.2509470Z Collecting propcache>=0.2.0 (from aiohttp->keepa==1.3.15)
2025-08-18T06:40:06.2523640Z   Using cached propcache-0.3.2-cp311-cp311-manylinux_2_17_x86_64.manylinux2014_x86_64.whl.metadata (12 kB)
2025-08-18T06:40:06.5077901Z Collecting yarl<2.0,>=1.17.0 (from aiohttp->keepa==1.3.15)
2025-08-18T06:40:06.5093429Z   Using cached yarl-1.20.1-cp311-cp311-manylinux_2_17_x86_64.manylinux2014_x86_64.whl.metadata (73 kB)
2025-08-18T06:40:06.5289642Z Requirement already satisfied: typing-extensions>=4.2 in /opt/hostedtoolcache/Python/3.11.13/x64/lib/python3.11/site-packages (from aiosignal>=1.4.0->aiohttp->keepa==1.3.15) (4.14.1)
2025-08-18T06:40:06.5332767Z Requirement already satisfied: annotated-types>=0.6.0 in /opt/hostedtoolcache/Python/3.11.13/x64/lib/python3.11/site-packages (from pydantic->keepa==1.3.15) (0.7.0)
2025-08-18T06:40:06.5337713Z Requirement already satisfied: pydantic-core==2.33.2 in /opt/hostedtoolcache/Python/3.11.13/x64/lib/python3.11/site-packages (from pydantic->keepa==1.3.15) (2.33.2)
2025-08-18T06:40:06.5344738Z Requirement already satisfied: typing-inspection>=0.4.0 in /opt/hostedtoolcache/Python/3.11.13/x64/lib/python3.11/site-packages (from pydantic->keepa==1.3.15) (0.4.1)
2025-08-18T06:40:06.5402571Z Using cached keepa-1.3.15-py3-none-any.whl (38 kB)
2025-08-18T06:40:06.5416493Z Using cached minio-7.1.15-py3-none-any.whl (77 kB)
2025-08-18T06:40:06.5430000Z Using cached aiohttp-3.12.15-cp311-cp311-manylinux_2_17_x86_64.manylinux2014_x86_64.whl (1.7 MB)
2025-08-18T06:40:06.5455914Z Using cached multidict-6.6.4-cp311-cp311-manylinux2014_x86_64.manylinux_2_17_x86_64.manylinux_2_28_x86_64.whl (246 kB)
2025-08-18T06:40:06.5469816Z Using cached yarl-1.20.1-cp311-cp311-manylinux_2_17_x86_64.manylinux2014_x86_64.whl (348 kB)
2025-08-18T06:40:06.5484632Z Using cached aiohappyeyeballs-2.6.1-py3-none-any.whl (15 kB)
2025-08-18T06:40:06.5497444Z Using cached aiosignal-1.4.0-py3-none-any.whl (7.5 kB)
2025-08-18T06:40:06.5510323Z Using cached attrs-25.3.0-py3-none-any.whl (63 kB)
2025-08-18T06:40:06.5524162Z Using cached frozenlist-1.7.0-cp311-cp311-manylinux_2_5_x86_64.manylinux1_x86_64.manylinux_2_17_x86_64.manylinux2014_x86_64.whl (235 kB)
2025-08-18T06:40:06.5538238Z Using cached propcache-0.3.2-cp311-cp311-manylinux_2_17_x86_64.manylinux2014_x86_64.whl (213 kB)
2025-08-18T06:40:06.5551930Z Using cached tqdm-4.67.1-py3-none-any.whl (78 kB)
2025-08-18T06:40:06.7052551Z Installing collected packages: tqdm, propcache, multidict, minio, frozenlist, attrs, aiohappyeyeballs, yarl, aiosignal, aiohttp, keepa
2025-08-18T06:40:06.7736000Z   Attempting uninstall: minio
2025-08-18T06:40:06.7767185Z     Found existing installation: minio 7.2.16
2025-08-18T06:40:06.7800275Z     Uninstalling minio-7.2.16:
2025-08-18T06:40:06.7809682Z       Successfully uninstalled minio-7.2.16
2025-08-18T06:40:07.1021182Z 
2025-08-18T06:40:07.1075210Z Successfully installed aiohappyeyeballs-2.6.1 aiohttp-3.12.15 aiosignal-1.4.0 attrs-25.3.0 frozenlist-1.7.0 keepa-1.3.15 minio-7.1.15 multidict-6.6.4 propcache-0.3.2 tqdm-4.67.1 yarl-1.20.1
2025-08-18T06:40:07.2869765Z ##[group]Run sudo apt-get update
2025-08-18T06:40:07.2870090Z [36;1msudo apt-get update[0m
2025-08-18T06:40:07.2870351Z [36;1msudo apt-get install -y postgresql[0m
2025-08-18T06:40:07.2870845Z [36;1mecho "/usr/lib/postgresql/$(pg_config --version | cut -d' ' -f2 | cut -d'.' -f1,2)/bin" >> $GITHUB_PATH[0m
2025-08-18T06:40:07.2911357Z shell: /usr/bin/bash -e {0}
2025-08-18T06:40:07.2911592Z env:
2025-08-18T06:40:07.2911767Z   PG_USER: postgres
2025-08-18T06:40:07.2911978Z   PG_PASSWORD: pass
2025-08-18T06:40:07.2912171Z   PG_DATABASE: awa
2025-08-18T06:40:07.2912360Z   PG_HOST: localhost
2025-08-18T06:40:07.2912557Z   PG_PORT: 5432
2025-08-18T06:40:07.2913007Z   PG_SYNC_DSN: ***localhost:5432/awa
2025-08-18T06:40:07.2913430Z   PG_ASYNC_DSN: ***localhost:5432/awa
2025-08-18T06:40:07.2913981Z   DATABASE_URL: ***localhost:5432/awa
2025-08-18T06:40:07.2914387Z   DATA_DIR: /tmp/awa-data
2025-08-18T06:40:07.2914725Z   ENABLE_LIVE: 0
2025-08-18T06:40:07.2914937Z   TESTING: 1
2025-08-18T06:40:07.2915222Z   pythonLocation: /opt/hostedtoolcache/Python/3.11.13/x64
2025-08-18T06:40:07.2915639Z   PKG_CONFIG_PATH: /opt/hostedtoolcache/Python/3.11.13/x64/lib/pkgconfig
2025-08-18T06:40:07.2916033Z   Python_ROOT_DIR: /opt/hostedtoolcache/Python/3.11.13/x64
2025-08-18T06:40:07.2916391Z   Python2_ROOT_DIR: /opt/hostedtoolcache/Python/3.11.13/x64
2025-08-18T06:40:07.2916753Z   Python3_ROOT_DIR: /opt/hostedtoolcache/Python/3.11.13/x64
2025-08-18T06:40:07.2917115Z   LD_LIBRARY_PATH: /opt/hostedtoolcache/Python/3.11.13/x64/lib
2025-08-18T06:40:07.2917417Z ##[endgroup]
2025-08-18T06:40:07.4056214Z Get:1 file:/etc/apt/apt-mirrors.txt Mirrorlist [144 B]
2025-08-18T06:40:07.4564330Z Hit:2 http://azure.archive.ubuntu.com/ubuntu noble InRelease
2025-08-18T06:40:07.4586530Z Get:3 http://azure.archive.ubuntu.com/ubuntu noble-updates InRelease [126 kB]
2025-08-18T06:40:07.4623177Z Get:4 http://azure.archive.ubuntu.com/ubuntu noble-backports InRelease [126 kB]
2025-08-18T06:40:07.4650919Z Get:5 http://azure.archive.ubuntu.com/ubuntu noble-security InRelease [126 kB]
2025-08-18T06:40:07.5167533Z Hit:6 https://packages.microsoft.com/repos/azure-cli noble InRelease
2025-08-18T06:40:07.5414527Z Get:7 https://packages.microsoft.com/ubuntu/24.04/prod noble InRelease [3600 B]
2025-08-18T06:40:07.6299939Z Get:8 http://azure.archive.ubuntu.com/ubuntu noble-updates/main amd64 Packages [1325 kB]
2025-08-18T06:40:07.6439630Z Get:9 http://azure.archive.ubuntu.com/ubuntu noble-updates/main Translation-en [265 kB]
2025-08-18T06:40:07.6465964Z Get:10 http://azure.archive.ubuntu.com/ubuntu noble-updates/main amd64 Components [174 kB]
2025-08-18T06:40:07.6486873Z Get:11 http://azure.archive.ubuntu.com/ubuntu noble-updates/universe amd64 Packages [1120 kB]
2025-08-18T06:40:07.6548326Z Get:12 http://azure.archive.ubuntu.com/ubuntu noble-updates/universe Translation-en [287 kB]
2025-08-18T06:40:07.6574561Z Get:13 http://azure.archive.ubuntu.com/ubuntu noble-updates/universe amd64 Components [377 kB]
2025-08-18T06:40:07.6602379Z Get:14 http://azure.archive.ubuntu.com/ubuntu noble-updates/restricted amd64 Packages [1672 kB]
2025-08-18T06:40:07.6714742Z Get:15 http://azure.archive.ubuntu.com/ubuntu noble-updates/restricted Translation-en [367 kB]
2025-08-18T06:40:07.6750223Z Get:16 http://azure.archive.ubuntu.com/ubuntu noble-updates/restricted amd64 Components [212 B]
2025-08-18T06:40:07.6759159Z Get:17 http://azure.archive.ubuntu.com/ubuntu noble-updates/multiverse amd64 Components [940 B]
2025-08-18T06:40:07.7329408Z Get:18 http://azure.archive.ubuntu.com/ubuntu noble-backports/main amd64 Components [7056 B]
2025-08-18T06:40:07.7352735Z Get:19 http://azure.archive.ubuntu.com/ubuntu noble-backports/universe amd64 Packages [30.2 kB]
2025-08-18T06:40:07.7359231Z Get:20 http://azure.archive.ubuntu.com/ubuntu noble-backports/universe Translation-en [17.4 kB]
2025-08-18T06:40:07.7381301Z Get:21 http://azure.archive.ubuntu.com/ubuntu noble-backports/universe amd64 Components [19.2 kB]
2025-08-18T06:40:07.7387840Z Get:22 http://azure.archive.ubuntu.com/ubuntu noble-backports/restricted amd64 Components [216 B]
2025-08-18T06:40:07.7395254Z Get:23 http://azure.archive.ubuntu.com/ubuntu noble-backports/multiverse amd64 Components [212 B]
2025-08-18T06:40:07.7507048Z Get:24 http://azure.archive.ubuntu.com/ubuntu noble-security/main amd64 Packages [1060 kB]
2025-08-18T06:40:07.7574126Z Get:25 http://azure.archive.ubuntu.com/ubuntu noble-security/main Translation-en [184 kB]
2025-08-18T06:40:07.7595078Z Get:26 http://azure.archive.ubuntu.com/ubuntu noble-security/main amd64 Components [21.5 kB]
2025-08-18T06:40:07.7603706Z Get:27 http://azure.archive.ubuntu.com/ubuntu noble-security/universe amd64 Packages [879 kB]
2025-08-18T06:40:07.7656632Z Get:28 http://azure.archive.ubuntu.com/ubuntu noble-security/universe Translation-en [194 kB]
2025-08-18T06:40:07.7684902Z Get:29 http://azure.archive.ubuntu.com/ubuntu noble-security/universe amd64 Components [52.3 kB]
2025-08-18T06:40:07.7697405Z Get:30 http://azure.archive.ubuntu.com/ubuntu noble-security/restricted amd64 Packages [1572 kB]
2025-08-18T06:40:07.7835299Z Get:31 http://azure.archive.ubuntu.com/ubuntu noble-security/restricted Translation-en [346 kB]
2025-08-18T06:40:07.8288909Z Get:32 http://azure.archive.ubuntu.com/ubuntu noble-security/restricted amd64 Components [212 B]
2025-08-18T06:40:07.8296551Z Get:33 http://azure.archive.ubuntu.com/ubuntu noble-security/multiverse amd64 Components [208 B]
2025-08-18T06:40:07.8511209Z Get:34 https://packages.microsoft.com/ubuntu/24.04/prod noble/main amd64 Packages [47.9 kB]
2025-08-18T06:40:07.8552095Z Get:35 https://packages.microsoft.com/ubuntu/24.04/prod noble/main arm64 Packages [33.0 kB]
2025-08-18T06:40:12.0854706Z Fetched 10.4 MB in 1s (8073 kB/s)
2025-08-18T06:40:12.7689337Z Reading package lists...
2025-08-18T06:40:12.8009063Z Reading package lists...
2025-08-18T06:40:12.9664947Z Building dependency tree...
2025-08-18T06:40:12.9671753Z Reading state information...
2025-08-18T06:40:13.1246349Z Suggested packages:
2025-08-18T06:40:13.1246811Z   postgresql-doc
2025-08-18T06:40:13.1402979Z The following NEW packages will be installed:
2025-08-18T06:40:13.1403601Z   postgresql
2025-08-18T06:40:13.1573014Z 0 upgraded, 1 newly installed, 0 to remove and 36 not upgraded.
2025-08-18T06:40:13.1573658Z Need to get 11.6 kB of archives.
2025-08-18T06:40:13.1574329Z After this operation, 17.4 kB of additional disk space will be used.
2025-08-18T06:40:13.1574753Z Get:1 file:/etc/apt/apt-mirrors.txt Mirrorlist [144 B]
2025-08-18T06:40:13.1900422Z Get:2 http://azure.archive.ubuntu.com/ubuntu noble-updates/main amd64 postgresql all 16+257build1.1 [11.6 kB]
2025-08-18T06:40:13.4413813Z Fetched 11.6 kB in 0s (269 kB/s)
2025-08-18T06:40:13.4622428Z Selecting previously unselected package postgresql.
2025-08-18T06:40:13.4871510Z (Reading database ... 
2025-08-18T06:40:13.4871934Z (Reading database ... 5%
2025-08-18T06:40:13.4872317Z (Reading database ... 10%
2025-08-18T06:40:13.4872635Z (Reading database ... 15%
2025-08-18T06:40:13.4872895Z (Reading database ... 20%
2025-08-18T06:40:13.4873238Z (Reading database ... 25%
2025-08-18T06:40:13.4873585Z (Reading database ... 30%
2025-08-18T06:40:13.4874471Z (Reading database ... 35%
2025-08-18T06:40:13.4874892Z (Reading database ... 40%
2025-08-18T06:40:13.4875256Z (Reading database ... 45%
2025-08-18T06:40:13.4875628Z (Reading database ... 50%
2025-08-18T06:40:13.5094239Z (Reading database ... 55%
2025-08-18T06:40:13.5418740Z (Reading database ... 60%
2025-08-18T06:40:13.5802090Z (Reading database ... 65%
2025-08-18T06:40:13.6222252Z (Reading database ... 70%
2025-08-18T06:40:13.6607222Z (Reading database ... 75%
2025-08-18T06:40:13.7024906Z (Reading database ... 80%
2025-08-18T06:40:13.7698264Z (Reading database ... 85%
2025-08-18T06:40:13.8459314Z (Reading database ... 90%
2025-08-18T06:40:13.9020785Z (Reading database ... 95%
2025-08-18T06:40:13.9021305Z (Reading database ... 100%
2025-08-18T06:40:13.9022001Z (Reading database ... 219881 files and directories currently installed.)
2025-08-18T06:40:13.9067386Z Preparing to unpack .../postgresql_16+257build1.1_all.deb ...
2025-08-18T06:40:13.9101914Z Unpacking postgresql (16+257build1.1) ...
2025-08-18T06:40:13.9491207Z Setting up postgresql (16+257build1.1) ...
2025-08-18T06:40:15.5601877Z 
2025-08-18T06:40:15.5602395Z Running kernel seems to be up-to-date.
2025-08-18T06:40:15.5602913Z 
2025-08-18T06:40:15.5603124Z Restarting services...
2025-08-18T06:40:15.5671376Z 
2025-08-18T06:40:15.5671721Z Service restarts being deferred:
2025-08-18T06:40:15.5673265Z  systemctl restart hosted-compute-agent.service
2025-08-18T06:40:15.5673626Z 
2025-08-18T06:40:15.5674181Z No containers need to be restarted.
2025-08-18T06:40:15.5676016Z 
2025-08-18T06:40:15.5676262Z No user sessions are running outdated binaries.
2025-08-18T06:40:15.5676636Z 
2025-08-18T06:40:15.5676960Z No VM guests are running outdated hypervisor (qemu) binaries on this host.
2025-08-18T06:40:16.4202826Z ##[group]Run pytest tests/db -q --cov=services --cov-append --cov-fail-under=0
2025-08-18T06:40:16.4203414Z [36;1mpytest tests/db -q --cov=services --cov-append --cov-fail-under=0[0m
2025-08-18T06:40:16.4245005Z shell: /usr/bin/bash -e {0}
2025-08-18T06:40:16.4245258Z env:
2025-08-18T06:40:16.4245449Z   PG_USER: postgres
2025-08-18T06:40:16.4245659Z   PG_PASSWORD: pass
2025-08-18T06:40:16.4245865Z   PG_DATABASE: awa
2025-08-18T06:40:16.4246072Z   PG_HOST: localhost
2025-08-18T06:40:16.4246282Z   PG_PORT: 5432
2025-08-18T06:40:16.4246862Z   PG_SYNC_DSN: ***localhost:5432/awa
2025-08-18T06:40:16.4247310Z   PG_ASYNC_DSN: ***localhost:5432/awa
2025-08-18T06:40:16.4247735Z   DATABASE_URL: ***localhost:5432/awa
2025-08-18T06:40:16.4247995Z   DATA_DIR: /tmp/awa-data
2025-08-18T06:40:16.4248216Z   ENABLE_LIVE: 0
2025-08-18T06:40:16.4248404Z   TESTING: 1
2025-08-18T06:40:16.4248675Z   pythonLocation: /opt/hostedtoolcache/Python/3.11.13/x64
2025-08-18T06:40:16.4249149Z   PKG_CONFIG_PATH: /opt/hostedtoolcache/Python/3.11.13/x64/lib/pkgconfig
2025-08-18T06:40:16.4249564Z   Python_ROOT_DIR: /opt/hostedtoolcache/Python/3.11.13/x64
2025-08-18T06:40:16.4249932Z   Python2_ROOT_DIR: /opt/hostedtoolcache/Python/3.11.13/x64
2025-08-18T06:40:16.4250305Z   Python3_ROOT_DIR: /opt/hostedtoolcache/Python/3.11.13/x64
2025-08-18T06:40:16.4250677Z   LD_LIBRARY_PATH: /opt/hostedtoolcache/Python/3.11.13/x64/lib
2025-08-18T06:40:16.4250991Z ##[endgroup]
2025-08-18T06:40:19.4844823Z /opt/hostedtoolcache/Python/3.11.13/x64/lib/python3.11/site-packages/coverage/report_core.py:118: CoverageWarning: Couldn't parse '/home/runner/work/AWA-App/AWA-App/C:\Users\Alexey\Documents\GitHub\AWA-App\services\__init__.py': No source for code: '/home/runner/work/AWA-App/AWA-App/C:\Users\Alexey\Documents\GitHub\AWA-App\services\__init__.py'. (couldnt-parse)
2025-08-18T06:40:19.4847468Z   coverage._warn(msg, slug="couldnt-parse")
2025-08-18T06:40:19.4850084Z /opt/hostedtoolcache/Python/3.11.13/x64/lib/python3.11/site-packages/coverage/report_core.py:118: CoverageWarning: Couldn't parse '/home/runner/work/AWA-App/AWA-App/C:\Users\Alexey\Documents\GitHub\AWA-App\services\alert_bot\__init__.py': No source for code: '/home/runner/work/AWA-App/AWA-App/C:\Users\Alexey\Documents\GitHub\AWA-App\services\alert_bot\__init__.py'. (couldnt-parse)
2025-08-18T06:40:19.4852329Z   coverage._warn(msg, slug="couldnt-parse")
2025-08-18T06:40:19.4854511Z /opt/hostedtoolcache/Python/3.11.13/x64/lib/python3.11/site-packages/coverage/report_core.py:118: CoverageWarning: Couldn't parse '/home/runner/work/AWA-App/AWA-App/C:\Users\Alexey\Documents\GitHub\AWA-App\services\alert_bot\alert_bot.py': No source for code: '/home/runner/work/AWA-App/AWA-App/C:\Users\Alexey\Documents\GitHub\AWA-App\services\alert_bot\alert_bot.py'. (couldnt-parse)
2025-08-18T06:40:19.4857111Z   coverage._warn(msg, slug="couldnt-parse")
2025-08-18T06:40:19.4859401Z /opt/hostedtoolcache/Python/3.11.13/x64/lib/python3.11/site-packages/coverage/report_core.py:118: CoverageWarning: Couldn't parse '/home/runner/work/AWA-App/AWA-App/C:\Users\Alexey\Documents\GitHub\AWA-App\services\alert_bot\rules\__init__.py': No source for code: '/home/runner/work/AWA-App/AWA-App/C:\Users\Alexey\Documents\GitHub\AWA-App\services\alert_bot\rules\__init__.py'. (couldnt-parse)
2025-08-18T06:40:19.4861392Z   coverage._warn(msg, slug="couldnt-parse")
2025-08-18T06:40:19.4862694Z /opt/hostedtoolcache/Python/3.11.13/x64/lib/python3.11/site-packages/coverage/report_core.py:118: CoverageWarning: Couldn't parse '/home/runner/work/AWA-App/AWA-App/C:\Users\Alexey\Documents\GitHub\AWA-App\services\api\__init__.py': No source for code: '/home/runner/work/AWA-App/AWA-App/C:\Users\Alexey\Documents\GitHub\AWA-App\services\api\__init__.py'. (couldnt-parse)
2025-08-18T06:40:19.4864451Z   coverage._warn(msg, slug="couldnt-parse")
2025-08-18T06:40:19.4866258Z /opt/hostedtoolcache/Python/3.11.13/x64/lib/python3.11/site-packages/coverage/report_core.py:118: CoverageWarning: Couldn't parse '/home/runner/work/AWA-App/AWA-App/C:\Users\Alexey\Documents\GitHub\AWA-App\services\api\config.py': No source for code: '/home/runner/work/AWA-App/AWA-App/C:\Users\Alexey\Documents\GitHub\AWA-App\services\api\config.py'. (couldnt-parse)
2025-08-18T06:40:19.4867841Z   coverage._warn(msg, slug="couldnt-parse")
2025-08-18T06:40:19.4869085Z /opt/hostedtoolcache/Python/3.11.13/x64/lib/python3.11/site-packages/coverage/report_core.py:118: CoverageWarning: Couldn't parse '/home/runner/work/AWA-App/AWA-App/C:\Users\Alexey\Documents\GitHub\AWA-App\services\api\db.py': No source for code: '/home/runner/work/AWA-App/AWA-App/C:\Users\Alexey\Documents\GitHub\AWA-App\services\api\db.py'. (couldnt-parse)
2025-08-18T06:40:19.4871195Z   coverage._warn(msg, slug="couldnt-parse")
2025-08-18T06:40:19.4873380Z /opt/hostedtoolcache/Python/3.11.13/x64/lib/python3.11/site-packages/coverage/report_core.py:118: CoverageWarning: Couldn't parse '/home/runner/work/AWA-App/AWA-App/C:\Users\Alexey\Documents\GitHub\AWA-App\services\api\main.py': No source for code: '/home/runner/work/AWA-App/AWA-App/C:\Users\Alexey\Documents\GitHub\AWA-App\services\api\main.py'. (couldnt-parse)
2025-08-18T06:40:19.4875829Z   coverage._warn(msg, slug="couldnt-parse")
2025-08-18T06:40:19.4878129Z /opt/hostedtoolcache/Python/3.11.13/x64/lib/python3.11/site-packages/coverage/report_core.py:118: CoverageWarning: Couldn't parse '/home/runner/work/AWA-App/AWA-App/C:\Users\Alexey\Documents\GitHub\AWA-App\services\api\models\__init__.py': No source for code: '/home/runner/work/AWA-App/AWA-App/C:\Users\Alexey\Documents\GitHub\AWA-App\services\api\models\__init__.py'. (couldnt-parse)
2025-08-18T06:40:19.4880270Z   coverage._warn(msg, slug="couldnt-parse")
2025-08-18T06:40:19.4881667Z /opt/hostedtoolcache/Python/3.11.13/x64/lib/python3.11/site-packages/coverage/report_core.py:118: CoverageWarning: Couldn't parse '/home/runner/work/AWA-App/AWA-App/C:\Users\Alexey\Documents\GitHub\AWA-App\services\api\models\fee.py': No source for code: '/home/runner/work/AWA-App/AWA-App/C:\Users\Alexey\Documents\GitHub\AWA-App\services\api\models\fee.py'. (couldnt-parse)
2025-08-18T06:40:19.4883265Z   coverage._warn(msg, slug="couldnt-parse")
2025-08-18T06:40:19.4884809Z /opt/hostedtoolcache/Python/3.11.13/x64/lib/python3.11/site-packages/coverage/report_core.py:118: CoverageWarning: Couldn't parse '/home/runner/work/AWA-App/AWA-App/C:\Users\Alexey\Documents\GitHub\AWA-App\services\api\roi_repository.py': No source for code: '/home/runner/work/AWA-App/AWA-App/C:\Users\Alexey\Documents\GitHub\AWA-App\services\api\roi_repository.py'. (couldnt-parse)
2025-08-18T06:40:19.4886603Z   coverage._warn(msg, slug="couldnt-parse")
2025-08-18T06:40:19.4888139Z /opt/hostedtoolcache/Python/3.11.13/x64/lib/python3.11/site-packages/coverage/report_core.py:118: CoverageWarning: Couldn't parse '/home/runner/work/AWA-App/AWA-App/C:\Users\Alexey\Documents\GitHub\AWA-App\services\api\routes\__init__.py': No source for code: '/home/runner/work/AWA-App/AWA-App/C:\Users\Alexey\Documents\GitHub\AWA-App\services\api\routes\__init__.py'. (couldnt-parse)
2025-08-18T06:40:19.4889946Z   coverage._warn(msg, slug="couldnt-parse")
2025-08-18T06:40:19.4891256Z /opt/hostedtoolcache/Python/3.11.13/x64/lib/python3.11/site-packages/coverage/report_core.py:118: CoverageWarning: Couldn't parse '/home/runner/work/AWA-App/AWA-App/C:\Users\Alexey\Documents\GitHub\AWA-App\services\api\routes\health.py': No source for code: '/home/runner/work/AWA-App/AWA-App/C:\Users\Alexey\Documents\GitHub\AWA-App\services\api\routes\health.py'. (couldnt-parse)
2025-08-18T06:40:19.4893275Z   coverage._warn(msg, slug="couldnt-parse")
2025-08-18T06:40:19.4894984Z /opt/hostedtoolcache/Python/3.11.13/x64/lib/python3.11/site-packages/coverage/report_core.py:118: CoverageWarning: Couldn't parse '/home/runner/work/AWA-App/AWA-App/C:\Users\Alexey\Documents\GitHub\AWA-App\services\api\routes\repository.py': No source for code: '/home/runner/work/AWA-App/AWA-App/C:\Users\Alexey\Documents\GitHub\AWA-App\services\api\routes\repository.py'. (couldnt-parse)
2025-08-18T06:40:19.4896703Z   coverage._warn(msg, slug="couldnt-parse")
2025-08-18T06:40:19.4898609Z /opt/hostedtoolcache/Python/3.11.13/x64/lib/python3.11/site-packages/coverage/report_core.py:118: CoverageWarning: Couldn't parse '/home/runner/work/AWA-App/AWA-App/C:\Users\Alexey\Documents\GitHub\AWA-App\services\api\routes\roi.py': No source for code: '/home/runner/work/AWA-App/AWA-App/C:\Users\Alexey\Documents\GitHub\AWA-App\services\api\routes\roi.py'. (couldnt-parse)
2025-08-18T06:40:19.4899912Z   coverage._warn(msg, slug="couldnt-parse")
2025-08-18T06:40:19.4901696Z /opt/hostedtoolcache/Python/3.11.13/x64/lib/python3.11/site-packages/coverage/report_core.py:118: CoverageWarning: Couldn't parse '/home/runner/work/AWA-App/AWA-App/C:\Users\Alexey\Documents\GitHub\AWA-App\services\api\routes\stats.py': No source for code: '/home/runner/work/AWA-App/AWA-App/C:\Users\Alexey\Documents\GitHub\AWA-App\services\api\routes\stats.py'. (couldnt-parse)
2025-08-18T06:40:19.4903190Z   coverage._warn(msg, slug="couldnt-parse")
2025-08-18T06:40:19.4904826Z /opt/hostedtoolcache/Python/3.11.13/x64/lib/python3.11/site-packages/coverage/report_core.py:118: CoverageWarning: Couldn't parse '/home/runner/work/AWA-App/AWA-App/C:\Users\Alexey\Documents\GitHub\AWA-App\services\common\__init__.py': No source for code: '/home/runner/work/AWA-App/AWA-App/C:\Users\Alexey\Documents\GitHub\AWA-App\services\common\__init__.py'. (couldnt-parse)
2025-08-18T06:40:19.4906469Z   coverage._warn(msg, slug="couldnt-parse")
2025-08-18T06:40:19.4907881Z /opt/hostedtoolcache/Python/3.11.13/x64/lib/python3.11/site-packages/coverage/report_core.py:118: CoverageWarning: Couldn't parse '/home/runner/work/AWA-App/AWA-App/C:\Users\Alexey\Documents\GitHub\AWA-App\services\common\base.py': No source for code: '/home/runner/work/AWA-App/AWA-App/C:\Users\Alexey\Documents\GitHub\AWA-App\services\common\base.py'. (couldnt-parse)
2025-08-18T06:40:19.4909668Z   coverage._warn(msg, slug="couldnt-parse")
2025-08-18T06:40:19.4910998Z /opt/hostedtoolcache/Python/3.11.13/x64/lib/python3.11/site-packages/coverage/report_core.py:118: CoverageWarning: Couldn't parse '/home/runner/work/AWA-App/AWA-App/C:\Users\Alexey\Documents\GitHub\AWA-App\services\common\config.py': No source for code: '/home/runner/work/AWA-App/AWA-App/C:\Users\Alexey\Documents\GitHub\AWA-App\services\common\config.py'. (couldnt-parse)
2025-08-18T06:40:19.4912869Z   coverage._warn(msg, slug="couldnt-parse")
2025-08-18T06:40:19.4914531Z /opt/hostedtoolcache/Python/3.11.13/x64/lib/python3.11/site-packages/coverage/report_core.py:118: CoverageWarning: Couldn't parse '/home/runner/work/AWA-App/AWA-App/C:\Users\Alexey\Documents\GitHub\AWA-App\services\common\db.py': No source for code: '/home/runner/work/AWA-App/AWA-App/C:\Users\Alexey\Documents\GitHub\AWA-App\services\common\db.py'. (couldnt-parse)
2025-08-18T06:40:19.4915988Z   coverage._warn(msg, slug="couldnt-parse")
2025-08-18T06:40:19.4917672Z /opt/hostedtoolcache/Python/3.11.13/x64/lib/python3.11/site-packages/coverage/report_core.py:118: CoverageWarning: Couldn't parse '/home/runner/work/AWA-App/AWA-App/C:\Users\Alexey\Documents\GitHub\AWA-App\services\common\db_url.py': No source for code: '/home/runner/work/AWA-App/AWA-App/C:\Users\Alexey\Documents\GitHub\AWA-App\services\common\db_url.py'. (couldnt-parse)
2025-08-18T06:40:19.4919232Z   coverage._warn(msg, slug="couldnt-parse")
2025-08-18T06:40:19.4921018Z /opt/hostedtoolcache/Python/3.11.13/x64/lib/python3.11/site-packages/coverage/report_core.py:118: CoverageWarning: Couldn't parse '/home/runner/work/AWA-App/AWA-App/C:\Users\Alexey\Documents\GitHub\AWA-App\services\common\dsn.py': No source for code: '/home/runner/work/AWA-App/AWA-App/C:\Users\Alexey\Documents\GitHub\AWA-App\services\common\dsn.py'. (couldnt-parse)
2025-08-18T06:40:19.4922282Z   coverage._warn(msg, slug="couldnt-parse")
2025-08-18T06:40:19.4924311Z /opt/hostedtoolcache/Python/3.11.13/x64/lib/python3.11/site-packages/coverage/report_core.py:118: CoverageWarning: Couldn't parse '/home/runner/work/AWA-App/AWA-App/C:\Users\Alexey\Documents\GitHub\AWA-App\services\common\keepa.py': No source for code: '/home/runner/work/AWA-App/AWA-App/C:\Users\Alexey\Documents\GitHub\AWA-App\services\common\keepa.py'. (couldnt-parse)
2025-08-18T06:40:19.4925766Z   coverage._warn(msg, slug="couldnt-parse")
2025-08-18T06:40:19.4927436Z /opt/hostedtoolcache/Python/3.11.13/x64/lib/python3.11/site-packages/coverage/report_core.py:118: CoverageWarning: Couldn't parse '/home/runner/work/AWA-App/AWA-App/C:\Users\Alexey\Documents\GitHub\AWA-App\services\common\llm.py': No source for code: '/home/runner/work/AWA-App/AWA-App/C:\Users\Alexey\Documents\GitHub\AWA-App\services\common\llm.py'. (couldnt-parse)
2025-08-18T06:40:19.4928999Z   coverage._warn(msg, slug="couldnt-parse")
2025-08-18T06:40:19.4930556Z /opt/hostedtoolcache/Python/3.11.13/x64/lib/python3.11/site-packages/coverage/report_core.py:118: CoverageWarning: Couldn't parse '/home/runner/work/AWA-App/AWA-App/C:\Users\Alexey\Documents\GitHub\AWA-App\services\common\models_vendor.py': No source for code: '/home/runner/work/AWA-App/AWA-App/C:\Users\Alexey\Documents\GitHub\AWA-App\services\common\models_vendor.py'. (couldnt-parse)
2025-08-18T06:40:19.4932345Z   coverage._warn(msg, slug="couldnt-parse")
2025-08-18T06:40:19.4933646Z /opt/hostedtoolcache/Python/3.11.13/x64/lib/python3.11/site-packages/coverage/report_core.py:118: CoverageWarning: Couldn't parse '/home/runner/work/AWA-App/AWA-App/C:\Users\Alexey\Documents\GitHub\AWA-App\services\common\settings.py': No source for code: '/home/runner/work/AWA-App/AWA-App/C:\Users\Alexey\Documents\GitHub\AWA-App\services\common\settings.py'. (couldnt-parse)
2025-08-18T06:40:19.4935532Z   coverage._warn(msg, slug="couldnt-parse")
2025-08-18T06:40:19.4936915Z /opt/hostedtoolcache/Python/3.11.13/x64/lib/python3.11/site-packages/coverage/report_core.py:118: CoverageWarning: Couldn't parse '/home/runner/work/AWA-App/AWA-App/C:\Users\Alexey\Documents\GitHub\AWA-App\services\db\__init__.py': No source for code: '/home/runner/work/AWA-App/AWA-App/C:\Users\Alexey\Documents\GitHub\AWA-App\services\db\__init__.py'. (couldnt-parse)
2025-08-18T06:40:19.4938528Z   coverage._warn(msg, slug="couldnt-parse")
2025-08-18T06:40:19.4940155Z /opt/hostedtoolcache/Python/3.11.13/x64/lib/python3.11/site-packages/coverage/report_core.py:118: CoverageWarning: Couldn't parse '/home/runner/work/AWA-App/AWA-App/C:\Users\Alexey\Documents\GitHub\AWA-App\services\db\utils\__init__.py': No source for code: '/home/runner/work/AWA-App/AWA-App/C:\Users\Alexey\Documents\GitHub\AWA-App\services\db\utils\__init__.py'. (couldnt-parse)
2025-08-18T06:40:19.4941566Z   coverage._warn(msg, slug="couldnt-parse")
2025-08-18T06:40:19.4943339Z /opt/hostedtoolcache/Python/3.11.13/x64/lib/python3.11/site-packages/coverage/report_core.py:118: CoverageWarning: Couldn't parse '/home/runner/work/AWA-App/AWA-App/C:\Users\Alexey\Documents\GitHub\AWA-App\services\db\utils\views.py': No source for code: '/home/runner/work/AWA-App/AWA-App/C:\Users\Alexey\Documents\GitHub\AWA-App\services\db\utils\views.py'. (couldnt-parse)
2025-08-18T06:40:19.4944762Z   coverage._warn(msg, slug="couldnt-parse")
2025-08-18T06:40:19.4946666Z /opt/hostedtoolcache/Python/3.11.13/x64/lib/python3.11/site-packages/coverage/report_core.py:118: CoverageWarning: Couldn't parse '/home/runner/work/AWA-App/AWA-App/C:\Users\Alexey\Documents\GitHub\AWA-App\services\emailer\__init__.py': No source for code: '/home/runner/work/AWA-App/AWA-App/C:\Users\Alexey\Documents\GitHub\AWA-App\services\emailer\__init__.py'. (couldnt-parse)
2025-08-18T06:40:19.4948313Z   coverage._warn(msg, slug="couldnt-parse")
2025-08-18T06:40:19.4949951Z /opt/hostedtoolcache/Python/3.11.13/x64/lib/python3.11/site-packages/coverage/report_core.py:118: CoverageWarning: Couldn't parse '/home/runner/work/AWA-App/AWA-App/C:\Users\Alexey\Documents\GitHub\AWA-App\services\emailer\generate_body.py': No source for code: '/home/runner/work/AWA-App/AWA-App/C:\Users\Alexey\Documents\GitHub\AWA-App\services\emailer\generate_body.py'. (couldnt-parse)
2025-08-18T06:40:19.4951742Z   coverage._warn(msg, slug="couldnt-parse")
2025-08-18T06:40:19.4953190Z /opt/hostedtoolcache/Python/3.11.13/x64/lib/python3.11/site-packages/coverage/report_core.py:118: CoverageWarning: Couldn't parse '/home/runner/work/AWA-App/AWA-App/C:\Users\Alexey\Documents\GitHub\AWA-App\services\etl\__init__.py': No source for code: '/home/runner/work/AWA-App/AWA-App/C:\Users\Alexey\Documents\GitHub\AWA-App\services\etl\__init__.py'. (couldnt-parse)
2025-08-18T06:40:19.4955122Z   coverage._warn(msg, slug="couldnt-parse")
2025-08-18T06:40:19.4956384Z /opt/hostedtoolcache/Python/3.11.13/x64/lib/python3.11/site-packages/coverage/report_core.py:118: CoverageWarning: Couldn't parse '/home/runner/work/AWA-App/AWA-App/C:\Users\Alexey\Documents\GitHub\AWA-App\services\etl\db.py': No source for code: '/home/runner/work/AWA-App/AWA-App/C:\Users\Alexey\Documents\GitHub\AWA-App\services\etl\db.py'. (couldnt-parse)
2025-08-18T06:40:19.4958124Z   coverage._warn(msg, slug="couldnt-parse")
2025-08-18T06:40:19.4959688Z /opt/hostedtoolcache/Python/3.11.13/x64/lib/python3.11/site-packages/coverage/report_core.py:118: CoverageWarning: Couldn't parse '/home/runner/work/AWA-App/AWA-App/C:\Users\Alexey\Documents\GitHub\AWA-App\services\etl\dialects\__init__.py': No source for code: '/home/runner/work/AWA-App/AWA-App/C:\Users\Alexey\Documents\GitHub\AWA-App\services\etl\dialects\__init__.py'. (couldnt-parse)
2025-08-18T06:40:19.4961274Z   coverage._warn(msg, slug="couldnt-parse")
2025-08-18T06:40:19.4963184Z /opt/hostedtoolcache/Python/3.11.13/x64/lib/python3.11/site-packages/coverage/report_core.py:118: CoverageWarning: Couldn't parse '/home/runner/work/AWA-App/AWA-App/C:\Users\Alexey\Documents\GitHub\AWA-App\services\etl\dialects\amazon_reimbursements.py': No source for code: '/home/runner/work/AWA-App/AWA-App/C:\Users\Alexey\Documents\GitHub\AWA-App\services\etl\dialects\amazon_reimbursements.py'. (couldnt-parse)
2025-08-18T06:40:19.4964778Z   coverage._warn(msg, slug="couldnt-parse")
2025-08-18T06:40:19.4966768Z /opt/hostedtoolcache/Python/3.11.13/x64/lib/python3.11/site-packages/coverage/report_core.py:118: CoverageWarning: Couldn't parse '/home/runner/work/AWA-App/AWA-App/C:\Users\Alexey\Documents\GitHub\AWA-App\services\etl\dialects\amazon_returns.py': No source for code: '/home/runner/work/AWA-App/AWA-App/C:\Users\Alexey\Documents\GitHub\AWA-App\services\etl\dialects\amazon_returns.py'. (couldnt-parse)
2025-08-18T06:40:19.4968351Z   coverage._warn(msg, slug="couldnt-parse")
2025-08-18T06:40:19.4969979Z /opt/hostedtoolcache/Python/3.11.13/x64/lib/python3.11/site-packages/coverage/report_core.py:118: CoverageWarning: Couldn't parse '/home/runner/work/AWA-App/AWA-App/C:\Users\Alexey\Documents\GitHub\AWA-App\services\etl\fba_fee_ingestor.py': No source for code: '/home/runner/work/AWA-App/AWA-App/C:\Users\Alexey\Documents\GitHub\AWA-App\services\etl\fba_fee_ingestor.py'. (couldnt-parse)
2025-08-18T06:40:19.4971692Z   coverage._warn(msg, slug="couldnt-parse")
2025-08-18T06:40:19.4973078Z /opt/hostedtoolcache/Python/3.11.13/x64/lib/python3.11/site-packages/coverage/report_core.py:118: CoverageWarning: Couldn't parse '/home/runner/work/AWA-App/AWA-App/C:\Users\Alexey\Documents\GitHub\AWA-App\services\etl\keepa_ingestor.py': No source for code: '/home/runner/work/AWA-App/AWA-App/C:\Users\Alexey\Documents\GitHub\AWA-App\services\etl\keepa_ingestor.py'. (couldnt-parse)
2025-08-18T06:40:19.4975295Z   coverage._warn(msg, slug="couldnt-parse")
2025-08-18T06:40:19.4976639Z /opt/hostedtoolcache/Python/3.11.13/x64/lib/python3.11/site-packages/coverage/report_core.py:118: CoverageWarning: Couldn't parse '/home/runner/work/AWA-App/AWA-App/C:\Users\Alexey\Documents\GitHub\AWA-App\services\etl\sp_fees_ingestor.py': No source for code: '/home/runner/work/AWA-App/AWA-App/C:\Users\Alexey\Documents\GitHub\AWA-App\services\etl\sp_fees_ingestor.py'. (couldnt-parse)
2025-08-18T06:40:19.4978461Z   coverage._warn(msg, slug="couldnt-parse")
2025-08-18T06:40:19.4980121Z /opt/hostedtoolcache/Python/3.11.13/x64/lib/python3.11/site-packages/coverage/report_core.py:118: CoverageWarning: Couldn't parse '/home/runner/work/AWA-App/AWA-App/C:\Users\Alexey\Documents\GitHub\AWA-App\services\fees_h10\__init__.py': No source for code: '/home/runner/work/AWA-App/AWA-App/C:\Users\Alexey\Documents\GitHub\AWA-App\services\fees_h10\__init__.py'. (couldnt-parse)
2025-08-18T06:40:19.4981672Z   coverage._warn(msg, slug="couldnt-parse")
2025-08-18T06:40:19.4983409Z /opt/hostedtoolcache/Python/3.11.13/x64/lib/python3.11/site-packages/coverage/report_core.py:118: CoverageWarning: Couldn't parse '/home/runner/work/AWA-App/AWA-App/C:\Users\Alexey\Documents\GitHub\AWA-App\services\fees_h10\client.py': No source for code: '/home/runner/work/AWA-App/AWA-App/C:\Users\Alexey\Documents\GitHub\AWA-App\services\fees_h10\client.py'. (couldnt-parse)
2025-08-18T06:40:19.4984941Z   coverage._warn(msg, slug="couldnt-parse")
2025-08-18T06:40:19.4986774Z /opt/hostedtoolcache/Python/3.11.13/x64/lib/python3.11/site-packages/coverage/report_core.py:118: CoverageWarning: Couldn't parse '/home/runner/work/AWA-App/AWA-App/C:\Users\Alexey\Documents\GitHub\AWA-App\services\fees_h10\repository.py': No source for code: '/home/runner/work/AWA-App/AWA-App/C:\Users\Alexey\Documents\GitHub\AWA-App\services\fees_h10\repository.py'. (couldnt-parse)
2025-08-18T06:40:19.4988124Z   coverage._warn(msg, slug="couldnt-parse")
2025-08-18T06:40:19.4989926Z /opt/hostedtoolcache/Python/3.11.13/x64/lib/python3.11/site-packages/coverage/report_core.py:118: CoverageWarning: Couldn't parse '/home/runner/work/AWA-App/AWA-App/C:\Users\Alexey\Documents\GitHub\AWA-App\services\fees_h10\worker.py': No source for code: '/home/runner/work/AWA-App/AWA-App/C:\Users\Alexey\Documents\GitHub\AWA-App\services\fees_h10\worker.py'. (couldnt-parse)
2025-08-18T06:40:19.4991299Z   coverage._warn(msg, slug="couldnt-parse")
2025-08-18T06:40:19.4993008Z /opt/hostedtoolcache/Python/3.11.13/x64/lib/python3.11/site-packages/coverage/report_core.py:118: CoverageWarning: Couldn't parse '/home/runner/work/AWA-App/AWA-App/C:\Users\Alexey\Documents\GitHub\AWA-App\services\ingest\__init__.py': No source for code: '/home/runner/work/AWA-App/AWA-App/C:\Users\Alexey\Documents\GitHub\AWA-App\services\ingest\__init__.py'. (couldnt-parse)
2025-08-18T06:40:19.4994649Z   coverage._warn(msg, slug="couldnt-parse")
2025-08-18T06:40:19.4996210Z /opt/hostedtoolcache/Python/3.11.13/x64/lib/python3.11/site-packages/coverage/report_core.py:118: CoverageWarning: Couldn't parse '/home/runner/work/AWA-App/AWA-App/C:\Users\Alexey\Documents\GitHub\AWA-App\services\ingest\email_watcher.py': No source for code: '/home/runner/work/AWA-App/AWA-App/C:\Users\Alexey\Documents\GitHub\AWA-App\services\ingest\email_watcher.py'. (couldnt-parse)
2025-08-18T06:40:19.4997900Z   coverage._warn(msg, slug="couldnt-parse")
2025-08-18T06:40:19.4999322Z /opt/hostedtoolcache/Python/3.11.13/x64/lib/python3.11/site-packages/coverage/report_core.py:118: CoverageWarning: Couldn't parse '/home/runner/work/AWA-App/AWA-App/C:\Users\Alexey\Documents\GitHub\AWA-App\services\ingest\ingest_router.py': No source for code: '/home/runner/work/AWA-App/AWA-App/C:\Users\Alexey\Documents\GitHub\AWA-App\services\ingest\ingest_router.py'. (couldnt-parse)
2025-08-18T06:40:19.5001133Z   coverage._warn(msg, slug="couldnt-parse")
2025-08-18T06:40:19.5002477Z /opt/hostedtoolcache/Python/3.11.13/x64/lib/python3.11/site-packages/coverage/report_core.py:118: CoverageWarning: Couldn't parse '/home/runner/work/AWA-App/AWA-App/C:\Users\Alexey\Documents\GitHub\AWA-App\services\ingest\upload_router.py': No source for code: '/home/runner/work/AWA-App/AWA-App/C:\Users\Alexey\Documents\GitHub\AWA-App\services\ingest\upload_router.py'. (couldnt-parse)
2025-08-18T06:40:19.5004698Z   coverage._warn(msg, slug="couldnt-parse")
2025-08-18T06:40:19.5006317Z /opt/hostedtoolcache/Python/3.11.13/x64/lib/python3.11/site-packages/coverage/report_core.py:118: CoverageWarning: Couldn't parse '/home/runner/work/AWA-App/AWA-App/C:\Users\Alexey\Documents\GitHub\AWA-App\services\llm_server\__init__.py': No source for code: '/home/runner/work/AWA-App/AWA-App/C:\Users\Alexey\Documents\GitHub\AWA-App\services\llm_server\__init__.py'. (couldnt-parse)
2025-08-18T06:40:19.5007988Z   coverage._warn(msg, slug="couldnt-parse")
2025-08-18T06:40:19.5009795Z /opt/hostedtoolcache/Python/3.11.13/x64/lib/python3.11/site-packages/coverage/report_core.py:118: CoverageWarning: Couldn't parse '/home/runner/work/AWA-App/AWA-App/C:\Users\Alexey\Documents\GitHub\AWA-App\services\llm_server\app.py': No source for code: '/home/runner/work/AWA-App/AWA-App/C:\Users\Alexey\Documents\GitHub\AWA-App\services\llm_server\app.py'. (couldnt-parse)
2025-08-18T06:40:19.5011104Z   coverage._warn(msg, slug="couldnt-parse")
2025-08-18T06:40:19.5012924Z /opt/hostedtoolcache/Python/3.11.13/x64/lib/python3.11/site-packages/coverage/report_core.py:118: CoverageWarning: Couldn't parse '/home/runner/work/AWA-App/AWA-App/C:\Users\Alexey\Documents\GitHub\AWA-App\services\logistics_etl\__init__.py': No source for code: '/home/runner/work/AWA-App/AWA-App/C:\Users\Alexey\Documents\GitHub\AWA-App\services\logistics_etl\__init__.py'. (couldnt-parse)
2025-08-18T06:40:19.5014578Z   coverage._warn(msg, slug="couldnt-parse")
2025-08-18T06:40:19.5016126Z /opt/hostedtoolcache/Python/3.11.13/x64/lib/python3.11/site-packages/coverage/report_core.py:118: CoverageWarning: Couldn't parse '/home/runner/work/AWA-App/AWA-App/C:\Users\Alexey\Documents\GitHub\AWA-App\services\logistics_etl\__main__.py': No source for code: '/home/runner/work/AWA-App/AWA-App/C:\Users\Alexey\Documents\GitHub\AWA-App\services\logistics_etl\__main__.py'. (couldnt-parse)
2025-08-18T06:40:19.5017964Z   coverage._warn(msg, slug="couldnt-parse")
2025-08-18T06:40:19.5019311Z /opt/hostedtoolcache/Python/3.11.13/x64/lib/python3.11/site-packages/coverage/report_core.py:118: CoverageWarning: Couldn't parse '/home/runner/work/AWA-App/AWA-App/C:\Users\Alexey\Documents\GitHub\AWA-App\services\logistics_etl\client.py': No source for code: '/home/runner/work/AWA-App/AWA-App/C:\Users\Alexey\Documents\GitHub\AWA-App\services\logistics_etl\client.py'. (couldnt-parse)
2025-08-18T06:40:19.5021219Z   coverage._warn(msg, slug="couldnt-parse")
2025-08-18T06:40:19.5022743Z /opt/hostedtoolcache/Python/3.11.13/x64/lib/python3.11/site-packages/coverage/report_core.py:118: CoverageWarning: Couldn't parse '/home/runner/work/AWA-App/AWA-App/C:\Users\Alexey\Documents\GitHub\AWA-App\services\logistics_etl\cron.py': No source for code: '/home/runner/work/AWA-App/AWA-App/C:\Users\Alexey\Documents\GitHub\AWA-App\services\logistics_etl\cron.py'. (couldnt-parse)
2025-08-18T06:40:19.5024445Z   coverage._warn(msg, slug="couldnt-parse")
2025-08-18T06:40:19.5026157Z /opt/hostedtoolcache/Python/3.11.13/x64/lib/python3.11/site-packages/coverage/report_core.py:118: CoverageWarning: Couldn't parse '/home/runner/work/AWA-App/AWA-App/C:\Users\Alexey\Documents\GitHub\AWA-App\services\logistics_etl\db.py': No source for code: '/home/runner/work/AWA-App/AWA-App/C:\Users\Alexey\Documents\GitHub\AWA-App\services\logistics_etl\db.py'. (couldnt-parse)
2025-08-18T06:40:19.5027514Z   coverage._warn(msg, slug="couldnt-parse")
2025-08-18T06:40:19.5029310Z /opt/hostedtoolcache/Python/3.11.13/x64/lib/python3.11/site-packages/coverage/report_core.py:118: CoverageWarning: Couldn't parse '/home/runner/work/AWA-App/AWA-App/C:\Users\Alexey\Documents\GitHub\AWA-App\services\logistics_etl\flow.py': No source for code: '/home/runner/work/AWA-App/AWA-App/C:\Users\Alexey\Documents\GitHub\AWA-App\services\logistics_etl\flow.py'. (couldnt-parse)
2025-08-18T06:40:19.5030979Z   coverage._warn(msg, slug="couldnt-parse")
2025-08-18T06:40:19.5032683Z /opt/hostedtoolcache/Python/3.11.13/x64/lib/python3.11/site-packages/coverage/report_core.py:118: CoverageWarning: Couldn't parse '/home/runner/work/AWA-App/AWA-App/C:\Users\Alexey\Documents\GitHub\AWA-App\services\logistics_etl\repository.py': No source for code: '/home/runner/work/AWA-App/AWA-App/C:\Users\Alexey\Documents\GitHub\AWA-App\services\logistics_etl\repository.py'. (couldnt-parse)
2025-08-18T06:40:19.5034636Z   coverage._warn(msg, slug="couldnt-parse")
2025-08-18T06:40:19.5036164Z /opt/hostedtoolcache/Python/3.11.13/x64/lib/python3.11/site-packages/coverage/report_core.py:118: CoverageWarning: Couldn't parse '/home/runner/work/AWA-App/AWA-App/C:\Users\Alexey\Documents\GitHub\AWA-App\services\price_importer\__init__.py': No source for code: '/home/runner/work/AWA-App/AWA-App/C:\Users\Alexey\Documents\GitHub\AWA-App\services\price_importer\__init__.py'. (couldnt-parse)
2025-08-18T06:40:19.5038382Z   coverage._warn(msg, slug="couldnt-parse")
2025-08-18T06:40:19.5040650Z /opt/hostedtoolcache/Python/3.11.13/x64/lib/python3.11/site-packages/coverage/report_core.py:118: CoverageWarning: Couldn't parse '/home/runner/work/AWA-App/AWA-App/C:\Users\Alexey\Documents\GitHub\AWA-App\services\price_importer\common\__init__.py': No source for code: '/home/runner/work/AWA-App/AWA-App/C:\Users\Alexey\Documents\GitHub\AWA-App\services\price_importer\common\__init__.py'. (couldnt-parse)
2025-08-18T06:40:19.5042114Z   coverage._warn(msg, slug="couldnt-parse")
2025-08-18T06:40:19.5044200Z /opt/hostedtoolcache/Python/3.11.13/x64/lib/python3.11/site-packages/coverage/report_core.py:118: CoverageWarning: Couldn't parse '/home/runner/work/AWA-App/AWA-App/C:\Users\Alexey\Documents\GitHub\AWA-App\services\price_importer\common\base.py': No source for code: '/home/runner/work/AWA-App/AWA-App/C:\Users\Alexey\Documents\GitHub\AWA-App\services\price_importer\common\base.py'. (couldnt-parse)
2025-08-18T06:40:19.5045601Z   coverage._warn(msg, slug="couldnt-parse")
2025-08-18T06:40:19.5046987Z /opt/hostedtoolcache/Python/3.11.13/x64/lib/python3.11/site-packages/coverage/report_core.py:118: CoverageWarning: Couldn't parse '/home/runner/work/AWA-App/AWA-App/C:\Users\Alexey\Documents\GitHub\AWA-App\services\price_importer\common\db_url.py': No source for code: '/home/runner/work/AWA-App/AWA-App/C:\Users\Alexey\Documents\GitHub\AWA-App\services\price_importer\common\db_url.py'. (couldnt-parse)
2025-08-18T06:40:19.5048851Z   coverage._warn(msg, slug="couldnt-parse")
2025-08-18T06:40:19.5050691Z /opt/hostedtoolcache/Python/3.11.13/x64/lib/python3.11/site-packages/coverage/report_core.py:118: CoverageWarning: Couldn't parse '/home/runner/work/AWA-App/AWA-App/C:\Users\Alexey\Documents\GitHub\AWA-App\services\price_importer\common\models_vendor.py': No source for code: '/home/runner/work/AWA-App/AWA-App/C:\Users\Alexey\Documents\GitHub\AWA-App\services\price_importer\common\models_vendor.py'. (couldnt-parse)
2025-08-18T06:40:19.5052161Z   coverage._warn(msg, slug="couldnt-parse")
2025-08-18T06:40:19.5054086Z /opt/hostedtoolcache/Python/3.11.13/x64/lib/python3.11/site-packages/coverage/report_core.py:118: CoverageWarning: Couldn't parse '/home/runner/work/AWA-App/AWA-App/C:\Users\Alexey\Documents\GitHub\AWA-App\services\price_importer\import.py': No source for code: '/home/runner/work/AWA-App/AWA-App/C:\Users\Alexey\Documents\GitHub\AWA-App\services\price_importer\import.py'. (couldnt-parse)
2025-08-18T06:40:19.5056366Z   coverage._warn(msg, slug="couldnt-parse")
2025-08-18T06:40:19.5058744Z /opt/hostedtoolcache/Python/3.11.13/x64/lib/python3.11/site-packages/coverage/report_core.py:118: CoverageWarning: Couldn't parse '/home/runner/work/AWA-App/AWA-App/C:\Users\Alexey\Documents\GitHub\AWA-App\services\price_importer\normaliser.py': No source for code: '/home/runner/work/AWA-App/AWA-App/C:\Users\Alexey\Documents\GitHub\AWA-App\services\price_importer\normaliser.py'. (couldnt-parse)
2025-08-18T06:40:19.5061481Z   coverage._warn(msg, slug="couldnt-parse")
2025-08-18T06:40:19.5063039Z /opt/hostedtoolcache/Python/3.11.13/x64/lib/python3.11/site-packages/coverage/report_core.py:118: CoverageWarning: Couldn't parse '/home/runner/work/AWA-App/AWA-App/C:\Users\Alexey\Documents\GitHub\AWA-App\services\price_importer\reader.py': No source for code: '/home/runner/work/AWA-App/AWA-App/C:\Users\Alexey\Documents\GitHub\AWA-App\services\price_importer\reader.py'. (couldnt-parse)
2025-08-18T06:40:19.5065029Z   coverage._warn(msg, slug="couldnt-parse")
2025-08-18T06:40:19.5066851Z /opt/hostedtoolcache/Python/3.11.13/x64/lib/python3.11/site-packages/coverage/report_core.py:118: CoverageWarning: Couldn't parse '/home/runner/work/AWA-App/AWA-App/C:\Users\Alexey\Documents\GitHub\AWA-App\services\price_importer\repository.py': No source for code: '/home/runner/work/AWA-App/AWA-App/C:\Users\Alexey\Documents\GitHub\AWA-App\services\price_importer\repository.py'. (couldnt-parse)
2025-08-18T06:40:19.5068508Z   coverage._warn(msg, slug="couldnt-parse")
2025-08-18T06:40:19.5070465Z /opt/hostedtoolcache/Python/3.11.13/x64/lib/python3.11/site-packages/coverage/report_core.py:118: CoverageWarning: Couldn't parse '/home/runner/work/AWA-App/AWA-App/C:\Users\Alexey\Documents\GitHub\AWA-App\services\price_importer\services_common\__init__.py': No source for code: '/home/runner/work/AWA-App/AWA-App/C:\Users\Alexey\Documents\GitHub\AWA-App\services\price_importer\services_common\__init__.py'. (couldnt-parse)
2025-08-18T06:40:19.5072146Z   coverage._warn(msg, slug="couldnt-parse")
2025-08-18T06:40:19.5073801Z /opt/hostedtoolcache/Python/3.11.13/x64/lib/python3.11/site-packages/coverage/report_core.py:118: CoverageWarning: Couldn't parse '/home/runner/work/AWA-App/AWA-App/C:\Users\Alexey\Documents\GitHub\AWA-App\services\price_importer\services_common\base.py': No source for code: '/home/runner/work/AWA-App/AWA-App/C:\Users\Alexey\Documents\GitHub\AWA-App\services\price_importer\services_common\base.py'. (couldnt-parse)
2025-08-18T06:40:19.5075895Z   coverage._warn(msg, slug="couldnt-parse")
2025-08-18T06:40:19.5077335Z /opt/hostedtoolcache/Python/3.11.13/x64/lib/python3.11/site-packages/coverage/report_core.py:118: CoverageWarning: Couldn't parse '/home/runner/work/AWA-App/AWA-App/C:\Users\Alexey\Documents\GitHub\AWA-App\services\price_importer\services_common\db.py': No source for code: '/home/runner/work/AWA-App/AWA-App/C:\Users\Alexey\Documents\GitHub\AWA-App\services\price_importer\services_common\db.py'. (couldnt-parse)
2025-08-18T06:40:19.5078771Z   coverage._warn(msg, slug="couldnt-parse")
2025-08-18T06:40:19.5080240Z /opt/hostedtoolcache/Python/3.11.13/x64/lib/python3.11/site-packages/coverage/report_core.py:118: CoverageWarning: Couldn't parse '/home/runner/work/AWA-App/AWA-App/C:\Users\Alexey\Documents\GitHub\AWA-App\services\price_importer\services_common\db_url.py': No source for code: '/home/runner/work/AWA-App/AWA-App/C:\Users\Alexey\Documents\GitHub\AWA-App\services\price_importer\services_common\db_url.py'. (couldnt-parse)
2025-08-18T06:40:19.5081697Z   coverage._warn(msg, slug="couldnt-parse")
2025-08-18T06:40:19.5083979Z /opt/hostedtoolcache/Python/3.11.13/x64/lib/python3.11/site-packages/coverage/report_core.py:118: CoverageWarning: Couldn't parse '/home/runner/work/AWA-App/AWA-App/C:\Users\Alexey\Documents\GitHub\AWA-App\services\price_importer\services_common\dsn.py': No source for code: '/home/runner/work/AWA-App/AWA-App/C:\Users\Alexey\Documents\GitHub\AWA-App\services\price_importer\services_common\dsn.py'. (couldnt-parse)
2025-08-18T06:40:19.5085473Z   coverage._warn(msg, slug="couldnt-parse")
2025-08-18T06:40:19.5086974Z /opt/hostedtoolcache/Python/3.11.13/x64/lib/python3.11/site-packages/coverage/report_core.py:118: CoverageWarning: Couldn't parse '/home/runner/work/AWA-App/AWA-App/C:\Users\Alexey\Documents\GitHub\AWA-App\services\price_importer\services_common\keepa.py': No source for code: '/home/runner/work/AWA-App/AWA-App/C:\Users\Alexey\Documents\GitHub\AWA-App\services\price_importer\services_common\keepa.py'. (couldnt-parse)
2025-08-18T06:40:19.5088608Z   coverage._warn(msg, slug="couldnt-parse")
2025-08-18T06:40:19.5090056Z /opt/hostedtoolcache/Python/3.11.13/x64/lib/python3.11/site-packages/coverage/report_core.py:118: CoverageWarning: Couldn't parse '/home/runner/work/AWA-App/AWA-App/C:\Users\Alexey\Documents\GitHub\AWA-App\services\price_importer\services_common\llm.py': No source for code: '/home/runner/work/AWA-App/AWA-App/C:\Users\Alexey\Documents\GitHub\AWA-App\services\price_importer\services_common\llm.py'. (couldnt-parse)
2025-08-18T06:40:19.5091504Z   coverage._warn(msg, slug="couldnt-parse")
2025-08-18T06:40:19.5093115Z /opt/hostedtoolcache/Python/3.11.13/x64/lib/python3.11/site-packages/coverage/report_core.py:118: CoverageWarning: Couldn't parse '/home/runner/work/AWA-App/AWA-App/C:\Users\Alexey\Documents\GitHub\AWA-App\services\price_importer\services_common\models_vendor.py': No source for code: '/home/runner/work/AWA-App/AWA-App/C:\Users\Alexey\Documents\GitHub\AWA-App\services\price_importer\services_common\models_vendor.py'. (couldnt-parse)
2025-08-18T06:40:19.5094739Z   coverage._warn(msg, slug="couldnt-parse")
2025-08-18T06:40:19.5096218Z /opt/hostedtoolcache/Python/3.11.13/x64/lib/python3.11/site-packages/coverage/report_core.py:118: CoverageWarning: Couldn't parse '/home/runner/work/AWA-App/AWA-App/C:\Users\Alexey\Documents\GitHub\AWA-App\services\price_importer\services_common\settings.py': No source for code: '/home/runner/work/AWA-App/AWA-App/C:\Users\Alexey\Documents\GitHub\AWA-App\services\price_importer\services_common\settings.py'. (couldnt-parse)
2025-08-18T06:40:19.5097689Z   coverage._warn(msg, slug="couldnt-parse")
2025-08-18T06:40:19.5099028Z /opt/hostedtoolcache/Python/3.11.13/x64/lib/python3.11/site-packages/coverage/report_core.py:118: CoverageWarning: Couldn't parse '/home/runner/work/AWA-App/AWA-App/C:\Users\Alexey\Documents\GitHub\AWA-App\services\repricer\__init__.py': No source for code: '/home/runner/work/AWA-App/AWA-App/C:\Users\Alexey\Documents\GitHub\AWA-App\services\repricer\__init__.py'. (couldnt-parse)
2025-08-18T06:40:19.5100369Z   coverage._warn(msg, slug="couldnt-parse")
2025-08-18T06:40:19.5101718Z /opt/hostedtoolcache/Python/3.11.13/x64/lib/python3.11/site-packages/coverage/report_core.py:118: CoverageWarning: Couldn't parse '/home/runner/work/AWA-App/AWA-App/C:\Users\Alexey\Documents\GitHub\AWA-App\services\repricer\app\__init__.py': No source for code: '/home/runner/work/AWA-App/AWA-App/C:\Users\Alexey\Documents\GitHub\AWA-App\services\repricer\app\__init__.py'. (couldnt-parse)
2025-08-18T06:40:19.5103306Z   coverage._warn(msg, slug="couldnt-parse")
2025-08-18T06:40:19.5104733Z /opt/hostedtoolcache/Python/3.11.13/x64/lib/python3.11/site-packages/coverage/report_core.py:118: CoverageWarning: Couldn't parse '/home/runner/work/AWA-App/AWA-App/C:\Users\Alexey\Documents\GitHub\AWA-App\services\repricer\app\deps.py': No source for code: '/home/runner/work/AWA-App/AWA-App/C:\Users\Alexey\Documents\GitHub\AWA-App\services\repricer\app\deps.py'. (couldnt-parse)
2025-08-18T06:40:19.5106063Z   coverage._warn(msg, slug="couldnt-parse")
2025-08-18T06:40:19.5107391Z /opt/hostedtoolcache/Python/3.11.13/x64/lib/python3.11/site-packages/coverage/report_core.py:118: CoverageWarning: Couldn't parse '/home/runner/work/AWA-App/AWA-App/C:\Users\Alexey\Documents\GitHub\AWA-App\services\repricer\app\logic.py': No source for code: '/home/runner/work/AWA-App/AWA-App/C:\Users\Alexey\Documents\GitHub\AWA-App\services\repricer\app\logic.py'. (couldnt-parse)
2025-08-18T06:40:19.5108724Z   coverage._warn(msg, slug="couldnt-parse")
2025-08-18T06:40:19.5110044Z /opt/hostedtoolcache/Python/3.11.13/x64/lib/python3.11/site-packages/coverage/report_core.py:118: CoverageWarning: Couldn't parse '/home/runner/work/AWA-App/AWA-App/C:\Users\Alexey\Documents\GitHub\AWA-App\services\repricer\app\main.py': No source for code: '/home/runner/work/AWA-App/AWA-App/C:\Users\Alexey\Documents\GitHub\AWA-App\services\repricer\app\main.py'. (couldnt-parse)
2025-08-18T06:40:19.5111485Z   coverage._warn(msg, slug="couldnt-parse")
2025-08-18T06:40:19.5112835Z /opt/hostedtoolcache/Python/3.11.13/x64/lib/python3.11/site-packages/coverage/report_core.py:118: CoverageWarning: Couldn't parse '/home/runner/work/AWA-App/AWA-App/C:\Users\Alexey\Documents\GitHub\AWA-App\services\repricer\app\schemas.py': No source for code: '/home/runner/work/AWA-App/AWA-App/C:\Users\Alexey\Documents\GitHub\AWA-App\services\repricer\app\schemas.py'. (couldnt-parse)
2025-08-18T06:40:19.5114274Z   coverage._warn(msg, slug="couldnt-parse")
2025-08-18T06:40:19.5115716Z /opt/hostedtoolcache/Python/3.11.13/x64/lib/python3.11/site-packages/coverage/report_core.py:118: CoverageWarning: Couldn't parse '/home/runner/work/AWA-App/AWA-App/C:\Users\Alexey\Documents\GitHub\AWA-App\services\returns_etl\loader.py': No source for code: '/home/runner/work/AWA-App/AWA-App/C:\Users\Alexey\Documents\GitHub\AWA-App\services\returns_etl\loader.py'. (couldnt-parse)
2025-08-18T06:40:19.5117093Z   coverage._warn(msg, slug="couldnt-parse")
2025-08-18T06:40:19.9093650Z ............                                                             [100%]
2025-08-18T06:40:19.9094556Z ================================ tests coverage ================================
2025-08-18T06:40:19.9095292Z _______________ coverage: platform linux, python 3.11.13-final-0 _______________
2025-08-18T06:40:19.9095862Z 
2025-08-18T06:40:19.9096093Z Coverage XML written to file coverage.xml
2025-08-18T06:40:20.0746953Z ##[group]Run actions/upload-artifact@v4
2025-08-18T06:40:20.0747244Z with:
2025-08-18T06:40:20.0747438Z   name: coverage.integration
2025-08-18T06:40:20.0747665Z   path: .coverage
2025-08-18T06:40:20.0747865Z   if-no-files-found: warn
2025-08-18T06:40:20.0748094Z   compression-level: 6
2025-08-18T06:40:20.0748289Z   overwrite: false
2025-08-18T06:40:20.0748491Z   include-hidden-files: false
2025-08-18T06:40:20.0748711Z env:
2025-08-18T06:40:20.0748881Z   PG_USER: postgres
2025-08-18T06:40:20.0749092Z   PG_PASSWORD: pass
2025-08-18T06:40:20.0749282Z   PG_DATABASE: awa
2025-08-18T06:40:20.0749475Z   PG_HOST: localhost
2025-08-18T06:40:20.0749668Z   PG_PORT: 5432
2025-08-18T06:40:20.0750113Z   PG_SYNC_DSN: ***localhost:5432/awa
2025-08-18T06:40:20.0750545Z   PG_ASYNC_DSN: ***localhost:5432/awa
2025-08-18T06:40:20.0750947Z   DATABASE_URL: ***localhost:5432/awa
2025-08-18T06:40:20.0751192Z   DATA_DIR: /tmp/awa-data
2025-08-18T06:40:20.0751408Z   ENABLE_LIVE: 0
2025-08-18T06:40:20.0751629Z   TESTING: 1
2025-08-18T06:40:20.0751870Z   pythonLocation: /opt/hostedtoolcache/Python/3.11.13/x64
2025-08-18T06:40:20.0752285Z   PKG_CONFIG_PATH: /opt/hostedtoolcache/Python/3.11.13/x64/lib/pkgconfig
2025-08-18T06:40:20.0752693Z   Python_ROOT_DIR: /opt/hostedtoolcache/Python/3.11.13/x64
2025-08-18T06:40:20.0753058Z   Python2_ROOT_DIR: /opt/hostedtoolcache/Python/3.11.13/x64
2025-08-18T06:40:20.0753430Z   Python3_ROOT_DIR: /opt/hostedtoolcache/Python/3.11.13/x64
2025-08-18T06:40:20.0753801Z   LD_LIBRARY_PATH: /opt/hostedtoolcache/Python/3.11.13/x64/lib
2025-08-18T06:40:20.0754486Z ##[endgroup]
2025-08-18T06:40:20.2936362Z ##[warning]No files were found with the provided path: .coverage. No artifacts will be uploaded.
2025-08-18T06:40:20.3549841Z Post job cleanup.
2025-08-18T06:40:20.4835768Z Cache hit occurred on the primary key Linux-int-842a859a37b6f31d35b1262d499b1acd0270bca26490137bed88679f7bc0eea4, not saving cache.
2025-08-18T06:40:20.4919798Z Post job cleanup.
2025-08-18T06:40:20.6743336Z Cache hit occurred on the primary key setup-python-Linux-x64-24.04-Ubuntu-python-3.11.13-pip-842a859a37b6f31d35b1262d499b1acd0270bca26490137bed88679f7bc0eea4, not saving cache.
2025-08-18T06:40:20.6901761Z Post job cleanup.
2025-08-18T06:40:20.7841285Z [command]/usr/bin/git version
2025-08-18T06:40:20.7877542Z git version 2.50.1
2025-08-18T06:40:20.7921322Z Temporarily overriding HOME='/home/runner/work/_temp/5980a45a-f602-465f-a1e4-6a35458a0ab3' before making global git config changes
2025-08-18T06:40:20.7922975Z Adding repository directory to the temporary git global config as a safe directory
2025-08-18T06:40:20.7935450Z [command]/usr/bin/git config --global --add safe.directory /home/runner/work/AWA-App/AWA-App
2025-08-18T06:40:20.7971157Z [command]/usr/bin/git config --local --name-only --get-regexp core\.sshCommand
2025-08-18T06:40:20.8003239Z [command]/usr/bin/git submodule foreach --recursive sh -c "git config --local --name-only --get-regexp 'core\.sshCommand' && git config --local --unset-all 'core.sshCommand' || :"
2025-08-18T06:40:20.8233195Z [command]/usr/bin/git config --local --name-only --get-regexp http\.https\:\/\/github\.com\/\.extraheader
2025-08-18T06:40:20.8255477Z http.https://github.com/.extraheader
2025-08-18T06:40:20.8268346Z [command]/usr/bin/git config --local --unset-all http.https://github.com/.extraheader
2025-08-18T06:40:20.8299223Z [command]/usr/bin/git submodule foreach --recursive sh -c "git config --local --name-only --get-regexp 'http\.https\:\/\/github\.com\/\.extraheader' && git config --local --unset-all 'http.https://github.com/.extraheader' || :"
2025-08-18T06:40:20.8617189Z Print service container logs: c6fbd628d45c4941ae5acb2bf4245eb5_postgres15_5f8d9c
2025-08-18T06:40:20.8621680Z ##[command]/usr/bin/docker logs --details 6689ee49a243100bbe3a74c849602d92749855662d9ae436d2ccb9dd3e2bd845
2025-08-18T06:40:20.8745319Z  The files belonging to this database system will be owned by user "postgres".
2025-08-18T06:40:20.8746587Z  This user must also own the server process.
2025-08-18T06:40:20.8747031Z  
2025-08-18T06:40:20.8748573Z  initdb: warning: enabling "trust" authentication for local connections
2025-08-18T06:40:20.8749287Z  initdb: hint: You can change this by editing pg_hba.conf or using the option -A, or --auth-local and --auth-host, the next time you run initdb.
2025-08-18T06:40:20.8750165Z  2025-08-18 06:39:24.900 UTC [1] LOG:  starting PostgreSQL 15.14 (Debian 15.14-1.pgdg13+1) on x86_64-pc-linux-gnu, compiled by gcc (Debian 14.2.0-19) 14.2.0, 64-bit
2025-08-18T06:40:20.8750886Z  2025-08-18 06:39:24.900 UTC [1] LOG:  listening on IPv4 address "0.0.0.0", port 5432
2025-08-18T06:40:20.8751330Z  2025-08-18 06:39:24.900 UTC [1] LOG:  listening on IPv6 address "::", port 5432
2025-08-18T06:40:20.8751817Z  2025-08-18 06:39:24.902 UTC [1] LOG:  listening on Unix socket "/var/run/postgresql/.s.PGSQL.5432"
2025-08-18T06:40:20.8752356Z  2025-08-18 06:39:24.906 UTC [64] LOG:  database system was shut down at 2025-08-18 06:39:24 UTC
2025-08-18T06:40:20.8752833Z  2025-08-18 06:39:24.910 UTC [1] LOG:  database system is ready to accept connections
2025-08-18T06:40:20.8753286Z  The database cluster will be initialized with locale "en_US.utf8".
2025-08-18T06:40:20.8753719Z  The default database encoding has accordingly been set to "UTF8".
2025-08-18T06:40:20.8754366Z  The default text search configuration will be set to "english".
2025-08-18T06:40:20.8754686Z  
2025-08-18T06:40:20.8754874Z  Data page checksums are disabled.
2025-08-18T06:40:20.8755112Z  
2025-08-18T06:40:20.8755396Z  fixing permissions on existing directory /var/lib/postgresql/data ... ok
2025-08-18T06:40:20.8755783Z  creating subdirectories ... ok
2025-08-18T06:40:20.8756079Z  selecting dynamic shared memory implementation ... posix
2025-08-18T06:40:20.8756399Z  selecting default max_connections ... 100
2025-08-18T06:40:20.8756670Z  selecting default shared_buffers ... 128MB
2025-08-18T06:40:20.8756935Z  selecting default time zone ... Etc/UTC
2025-08-18T06:40:20.8757191Z  creating configuration files ... ok
2025-08-18T06:40:20.8757442Z  running bootstrap script ... ok
2025-08-18T06:40:20.8757713Z  performing post-bootstrap initialization ... ok
2025-08-18T06:40:20.8757994Z  syncing data to disk ... ok
2025-08-18T06:40:20.8758196Z  
2025-08-18T06:40:20.8758346Z  
2025-08-18T06:40:20.8758551Z  Success. You can now start the database server using:
2025-08-18T06:40:20.8758819Z  
2025-08-18T06:40:20.8759029Z      pg_ctl -D /var/lib/postgresql/data -l logfile start
2025-08-18T06:40:20.8759775Z  
2025-08-18T06:40:20.8760750Z  waiting for server to start....2025-08-18 06:39:24.593 UTC [48] LOG:  starting PostgreSQL 15.14 (Debian 15.14-1.pgdg13+1) on x86_64-pc-linux-gnu, compiled by gcc (Debian 14.2.0-19) 14.2.0, 64-bit
2025-08-18T06:40:20.8762271Z  2025-08-18 06:39:24.593 UTC [48] LOG:  listening on Unix socket "/var/run/postgresql/.s.PGSQL.5432"
2025-08-18T06:40:20.8762785Z  2025-08-18 06:39:24.597 UTC [51] LOG:  database system was shut down at 2025-08-18 06:39:24 UTC
2025-08-18T06:40:20.8763253Z  2025-08-18 06:39:24.601 UTC [48] LOG:  database system is ready to accept connections
2025-08-18T06:40:20.8763595Z   done
2025-08-18T06:40:20.8763758Z  server started
2025-08-18T06:40:20.8764132Z  CREATE DATABASE
2025-08-18T06:40:20.8764316Z  
2025-08-18T06:40:20.8764463Z  
2025-08-18T06:40:20.8764771Z  /usr/local/bin/docker-entrypoint.sh: ignoring /docker-entrypoint-initdb.d/*
2025-08-18T06:40:20.8765145Z  
2025-08-18T06:40:20.8765375Z  2025-08-18 06:39:24.780 UTC [48] LOG:  received fast shutdown request
2025-08-18T06:40:20.8766100Z  waiting for server to shut down....2025-08-18 06:39:24.781 UTC [48] LOG:  aborting any active transactions
2025-08-18T06:40:20.8766722Z  2025-08-18 06:39:24.783 UTC [48] LOG:  background worker "logical replication launcher" (PID 54) exited with exit code 1
2025-08-18T06:40:20.8767190Z  2025-08-18 06:39:24.783 UTC [49] LOG:  shutting down
2025-08-18T06:40:20.8767535Z  2025-08-18 06:39:24.784 UTC [49] LOG:  checkpoint starting: shutdown immediate
2025-08-18T06:40:20.8768375Z  2025-08-18 06:39:24.809 UTC [49] LOG:  checkpoint complete: wrote 922 buffers (5.6%); 0 WAL file(s) added, 0 removed, 0 recycled; write=0.014 s, sync=0.009 s, total=0.027 s; sync files=301, longest=0.007 s, average=0.001 s; distance=4239 kB, estimate=4239 kB
2025-08-18T06:40:20.8769188Z  2025-08-18 06:39:24.816 UTC [48] LOG:  database system is shut down
2025-08-18T06:40:20.8769481Z   done
2025-08-18T06:40:20.8769648Z  server stopped
2025-08-18T06:40:20.8769826Z  
2025-08-18T06:40:20.8770046Z  PostgreSQL init process complete; ready for start up.
2025-08-18T06:40:20.8770327Z  
2025-08-18T06:40:20.8776544Z Stop and remove container: c6fbd628d45c4941ae5acb2bf4245eb5_postgres15_5f8d9c
2025-08-18T06:40:20.8781481Z ##[command]/usr/bin/docker rm --force 6689ee49a243100bbe3a74c849602d92749855662d9ae436d2ccb9dd3e2bd845
2025-08-18T06:40:21.7043778Z 6689ee49a243100bbe3a74c849602d92749855662d9ae436d2ccb9dd3e2bd845
2025-08-18T06:40:21.7072026Z Remove container network: github_network_268263cd865c4016bfc3214fd8060e99
2025-08-18T06:40:21.7077310Z ##[command]/usr/bin/docker network rm github_network_268263cd865c4016bfc3214fd8060e99
2025-08-18T06:40:21.8246696Z github_network_268263cd865c4016bfc3214fd8060e99
2025-08-18T06:40:21.8305905Z Cleaning up orphan processes
