2025-08-20T17:50:08.9843846Z Current runner version: '2.328.0'
2025-08-20T17:50:08.9873923Z ##[group]Runner Image Provisioner
2025-08-20T17:50:08.9875077Z Hosted Compute Agent
2025-08-20T17:50:08.9875900Z Version: 20250818.377
2025-08-20T17:50:08.9876804Z Commit: 3c593e9f75fe0b87e893bca80d6e12ba089c61fc
2025-08-20T17:50:08.9878093Z Build Date: 2025-08-18T14:52:18Z
2025-08-20T17:50:08.9878980Z ##[endgroup]
2025-08-20T17:50:08.9879708Z ##[group]Operating System
2025-08-20T17:50:08.9880729Z Ubuntu
2025-08-20T17:50:08.9881410Z 24.04.2
2025-08-20T17:50:08.9882268Z LTS
2025-08-20T17:50:08.9883093Z ##[endgroup]
2025-08-20T17:50:08.9883901Z ##[group]Runner Image
2025-08-20T17:50:08.9884691Z Image: ubuntu-24.04
2025-08-20T17:50:08.9886000Z Version: 20250810.1.0
2025-08-20T17:50:08.9887721Z Included Software: https://github.com/actions/runner-images/blob/ubuntu24/20250810.1/images/ubuntu/Ubuntu2404-Readme.md
2025-08-20T17:50:08.9890433Z Image Release: https://github.com/actions/runner-images/releases/tag/ubuntu24%2F20250810.1
2025-08-20T17:50:08.9892237Z ##[endgroup]
2025-08-20T17:50:08.9896363Z ##[group]GITHUB_TOKEN Permissions
2025-08-20T17:50:08.9899220Z Actions: write
2025-08-20T17:50:08.9900169Z Attestations: write
2025-08-20T17:50:08.9900954Z Checks: write
2025-08-20T17:50:08.9901690Z Contents: write
2025-08-20T17:50:08.9902753Z Deployments: write
2025-08-20T17:50:08.9903565Z Discussions: write
2025-08-20T17:50:08.9904400Z Issues: write
2025-08-20T17:50:08.9905138Z Metadata: read
2025-08-20T17:50:08.9905904Z Models: read
2025-08-20T17:50:08.9906637Z Packages: write
2025-08-20T17:50:08.9907461Z Pages: write
2025-08-20T17:50:08.9908186Z PullRequests: write
2025-08-20T17:50:08.9909051Z RepositoryProjects: write
2025-08-20T17:50:08.9909916Z SecurityEvents: write
2025-08-20T17:50:08.9910961Z Statuses: write
2025-08-20T17:50:08.9911711Z ##[endgroup]
2025-08-20T17:50:08.9915094Z Secret source: Actions
2025-08-20T17:50:08.9916377Z Prepare workflow directory
2025-08-20T17:50:09.0496023Z Prepare all required actions
2025-08-20T17:50:09.0547699Z Getting action download info
2025-08-20T17:50:09.3523261Z Download action repository 'actions/checkout@v4' (SHA:08eba0b27e820071cde6df949e0beb9ba4906955)
2025-08-20T17:50:09.6269807Z Download action repository 'actions/setup-python@v5' (SHA:a26af69be951a213d495a4c3e4e4022e16d87065)
2025-08-20T17:50:09.9249905Z Download action repository 'actions/cache@v4' (SHA:0400d5f644dc74513175e3cd8d07132dd4860809)
2025-08-20T17:50:10.2535526Z Download action repository 'actions/upload-artifact@v4' (SHA:ea165f8d65b6e75b540449e92b4886f43607fa02)
2025-08-20T17:50:10.4546146Z Complete job name: integration-db
2025-08-20T17:50:10.5027141Z ##[group]Checking docker version
2025-08-20T17:50:10.5039563Z ##[command]/usr/bin/docker version --format '{{.Server.APIVersion}}'
2025-08-20T17:50:10.5398030Z '1.48'
2025-08-20T17:50:10.5410764Z Docker daemon API version: '1.48'
2025-08-20T17:50:10.5411498Z ##[command]/usr/bin/docker version --format '{{.Client.APIVersion}}'
2025-08-20T17:50:10.5559437Z '1.48'
2025-08-20T17:50:10.5573428Z Docker client API version: '1.48'
2025-08-20T17:50:10.5579765Z ##[endgroup]
2025-08-20T17:50:10.5583444Z ##[group]Clean up resources from previous jobs
2025-08-20T17:50:10.5588425Z ##[command]/usr/bin/docker ps --all --quiet --no-trunc --filter "label=d807fc"
2025-08-20T17:50:10.5720236Z ##[command]/usr/bin/docker network prune --force --filter "label=d807fc"
2025-08-20T17:50:10.5840163Z ##[endgroup]
2025-08-20T17:50:10.5840636Z ##[group]Create local container network
2025-08-20T17:50:10.5850431Z ##[command]/usr/bin/docker network create --label d807fc github_network_e24997031e264ce7bf1c3ae1e6867cc8
2025-08-20T17:50:10.6349017Z b6f97d017f7679911503a780cf1a27d30fc8cbac68803b37da070dcf54ece91a
2025-08-20T17:50:10.6366972Z ##[endgroup]
2025-08-20T17:50:10.6390184Z ##[group]Starting postgres service container
2025-08-20T17:50:10.6408959Z ##[command]/usr/bin/docker pull postgres:15
2025-08-20T17:50:10.8871287Z 15: Pulling from library/postgres
2025-08-20T17:50:10.9442948Z 396b1da7636e: Pulling fs layer
2025-08-20T17:50:10.9446415Z fca2566eba32: Pulling fs layer
2025-08-20T17:50:10.9447699Z 631fe8c6d606: Pulling fs layer
2025-08-20T17:50:10.9448961Z 77c7671c4414: Pulling fs layer
2025-08-20T17:50:10.9449893Z 2d9e29180a27: Pulling fs layer
2025-08-20T17:50:10.9450721Z c6bcc2c9a041: Pulling fs layer
2025-08-20T17:50:10.9451580Z ac4b721eb66f: Pulling fs layer
2025-08-20T17:50:10.9452663Z 606bd164980e: Pulling fs layer
2025-08-20T17:50:10.9453488Z f5dfd246bc6e: Pulling fs layer
2025-08-20T17:50:10.9454304Z ba7036bb0a60: Pulling fs layer
2025-08-20T17:50:10.9455091Z 799f859abbbd: Pulling fs layer
2025-08-20T17:50:10.9455955Z d903e777080c: Pulling fs layer
2025-08-20T17:50:10.9456741Z 04adcb462801: Pulling fs layer
2025-08-20T17:50:10.9457541Z 5c10925b29ff: Pulling fs layer
2025-08-20T17:50:10.9458382Z f5dfd246bc6e: Waiting
2025-08-20T17:50:10.9459130Z ba7036bb0a60: Waiting
2025-08-20T17:50:10.9459871Z 799f859abbbd: Waiting
2025-08-20T17:50:10.9460599Z d903e777080c: Waiting
2025-08-20T17:50:10.9461335Z 04adcb462801: Waiting
2025-08-20T17:50:10.9462224Z 5c10925b29ff: Waiting
2025-08-20T17:50:10.9462972Z 77c7671c4414: Waiting
2025-08-20T17:50:10.9463697Z 2d9e29180a27: Waiting
2025-08-20T17:50:10.9464470Z c6bcc2c9a041: Waiting
2025-08-20T17:50:10.9465508Z 606bd164980e: Waiting
2025-08-20T17:50:10.9466300Z ac4b721eb66f: Waiting
2025-08-20T17:50:11.0265865Z fca2566eba32: Verifying Checksum
2025-08-20T17:50:11.0268473Z fca2566eba32: Download complete
2025-08-20T17:50:11.0921369Z 631fe8c6d606: Verifying Checksum
2025-08-20T17:50:11.0923356Z 631fe8c6d606: Download complete
2025-08-20T17:50:11.1223926Z 77c7671c4414: Verifying Checksum
2025-08-20T17:50:11.1225665Z 77c7671c4414: Download complete
2025-08-20T17:50:11.2653285Z 2d9e29180a27: Verifying Checksum
2025-08-20T17:50:11.2654964Z 2d9e29180a27: Download complete
2025-08-20T17:50:11.3417484Z ac4b721eb66f: Verifying Checksum
2025-08-20T17:50:11.3419882Z ac4b721eb66f: Download complete
2025-08-20T17:50:11.4146588Z 606bd164980e: Verifying Checksum
2025-08-20T17:50:11.4148510Z 606bd164980e: Download complete
2025-08-20T17:50:11.4170825Z c6bcc2c9a041: Verifying Checksum
2025-08-20T17:50:11.4172792Z c6bcc2c9a041: Download complete
2025-08-20T17:50:11.4490927Z 396b1da7636e: Verifying Checksum
2025-08-20T17:50:11.4492629Z 396b1da7636e: Download complete
2025-08-20T17:50:11.4940642Z ba7036bb0a60: Download complete
2025-08-20T17:50:11.5281561Z 799f859abbbd: Verifying Checksum
2025-08-20T17:50:11.5285942Z 799f859abbbd: Download complete
2025-08-20T17:50:11.5694809Z d903e777080c: Download complete
2025-08-20T17:50:11.5972645Z 04adcb462801: Verifying Checksum
2025-08-20T17:50:11.5978526Z 04adcb462801: Download complete
2025-08-20T17:50:11.6407285Z 5c10925b29ff: Verifying Checksum
2025-08-20T17:50:11.6409102Z 5c10925b29ff: Download complete
2025-08-20T17:50:12.4773845Z 396b1da7636e: Pull complete
2025-08-20T17:50:13.1168986Z f5dfd246bc6e: Verifying Checksum
2025-08-20T17:50:13.1169560Z f5dfd246bc6e: Download complete
2025-08-20T17:50:14.4667998Z fca2566eba32: Pull complete
2025-08-20T17:50:14.6304272Z 631fe8c6d606: Pull complete
2025-08-20T17:50:14.6692345Z 77c7671c4414: Pull complete
2025-08-20T17:50:14.9618152Z 2d9e29180a27: Pull complete
2025-08-20T17:50:15.0554071Z c6bcc2c9a041: Pull complete
2025-08-20T17:50:15.0643638Z ac4b721eb66f: Pull complete
2025-08-20T17:50:15.0739589Z 606bd164980e: Pull complete
2025-08-20T17:50:17.9631287Z f5dfd246bc6e: Pull complete
2025-08-20T17:50:17.9791690Z ba7036bb0a60: Pull complete
2025-08-20T17:50:17.9888285Z 799f859abbbd: Pull complete
2025-08-20T17:50:17.9983508Z d903e777080c: Pull complete
2025-08-20T17:50:18.0068806Z 04adcb462801: Pull complete
2025-08-20T17:50:18.0162592Z 5c10925b29ff: Pull complete
2025-08-20T17:50:18.0198046Z Digest: sha256:bc51cf4f1fe02cce7ed2370b20128a9b00b4eb804573a77d2a0d877aaa9c82b1
2025-08-20T17:50:18.0207730Z Status: Downloaded newer image for postgres:15
2025-08-20T17:50:18.0218236Z docker.io/library/postgres:15
2025-08-20T17:50:18.0277671Z ##[command]/usr/bin/docker create --name 6ae3e740a53e4f74a77bd7c0949b97f9_postgres15_10c13a --label d807fc --network github_network_e24997031e264ce7bf1c3ae1e6867cc8 --network-alias postgres -p 5432:5432 --health-cmd="pg_isready -U postgres -d awa" --health-interval=5s --health-timeout=5s --health-retries=10 -e "POSTGRES_USER=postgres" -e "POSTGRES_PASSWORD=pass" -e "POSTGRES_DB=awa" -e GITHUB_ACTIONS=true -e CI=true postgres:15
2025-08-20T17:50:18.0507453Z 13ddeb66ebe533f13dbe6629836edc30b85875da13693513dc05ef2ea0d76b41
2025-08-20T17:50:18.0528560Z ##[command]/usr/bin/docker start 13ddeb66ebe533f13dbe6629836edc30b85875da13693513dc05ef2ea0d76b41
2025-08-20T17:50:18.2908280Z 13ddeb66ebe533f13dbe6629836edc30b85875da13693513dc05ef2ea0d76b41
2025-08-20T17:50:18.2929595Z ##[command]/usr/bin/docker ps --all --filter id=13ddeb66ebe533f13dbe6629836edc30b85875da13693513dc05ef2ea0d76b41 --filter status=running --no-trunc --format "{{.ID}} {{.Status}}"
2025-08-20T17:50:18.3053868Z 13ddeb66ebe533f13dbe6629836edc30b85875da13693513dc05ef2ea0d76b41 Up Less than a second (health: starting)
2025-08-20T17:50:18.3076404Z ##[command]/usr/bin/docker port 13ddeb66ebe533f13dbe6629836edc30b85875da13693513dc05ef2ea0d76b41
2025-08-20T17:50:18.3199866Z 5432/tcp -> 0.0.0.0:5432
2025-08-20T17:50:18.3200827Z 5432/tcp -> [::]:5432
2025-08-20T17:50:18.3246961Z ##[endgroup]
2025-08-20T17:50:18.3255367Z ##[group]Waiting for all services to be ready
2025-08-20T17:50:18.3268888Z ##[command]/usr/bin/docker inspect --format="{{if .Config.Healthcheck}}{{print .State.Health.Status}}{{end}}" 13ddeb66ebe533f13dbe6629836edc30b85875da13693513dc05ef2ea0d76b41
2025-08-20T17:50:18.3390984Z starting
2025-08-20T17:50:18.3415172Z postgres service is starting, waiting 2 seconds before checking again.
2025-08-20T17:50:20.3423977Z ##[command]/usr/bin/docker inspect --format="{{if .Config.Healthcheck}}{{print .State.Health.Status}}{{end}}" 13ddeb66ebe533f13dbe6629836edc30b85875da13693513dc05ef2ea0d76b41
2025-08-20T17:50:20.3543562Z starting
2025-08-20T17:50:20.3558242Z postgres service is starting, waiting 3 seconds before checking again.
2025-08-20T17:50:24.1206542Z ##[command]/usr/bin/docker inspect --format="{{if .Config.Healthcheck}}{{print .State.Health.Status}}{{end}}" 13ddeb66ebe533f13dbe6629836edc30b85875da13693513dc05ef2ea0d76b41
2025-08-20T17:50:24.1323640Z healthy
2025-08-20T17:50:24.1339011Z postgres service is healthy.
2025-08-20T17:50:24.1339705Z ##[endgroup]
2025-08-20T17:50:24.1584930Z ##[group]Run actions/checkout@v4
2025-08-20T17:50:24.1585562Z with:
2025-08-20T17:50:24.1585745Z   fetch-depth: 0
2025-08-20T17:50:24.1585942Z   repository: AlexBomber12/AWA-App
2025-08-20T17:50:24.1586304Z   token: ***
2025-08-20T17:50:24.1586489Z   ssh-strict: true
2025-08-20T17:50:24.1586663Z   ssh-user: git
2025-08-20T17:50:24.1586845Z   persist-credentials: true
2025-08-20T17:50:24.1587043Z   clean: true
2025-08-20T17:50:24.1587227Z   sparse-checkout-cone-mode: true
2025-08-20T17:50:24.1587445Z   fetch-tags: false
2025-08-20T17:50:24.1587623Z   show-progress: true
2025-08-20T17:50:24.1587791Z   lfs: false
2025-08-20T17:50:24.1587948Z   submodules: false
2025-08-20T17:50:24.1588135Z   set-safe-directory: true
2025-08-20T17:50:24.1588537Z ##[endgroup]
2025-08-20T17:50:24.2749761Z Syncing repository: AlexBomber12/AWA-App
2025-08-20T17:50:24.2751271Z ##[group]Getting Git version info
2025-08-20T17:50:24.2751646Z Working directory is '/home/runner/work/AWA-App/AWA-App'
2025-08-20T17:50:24.2752446Z [command]/usr/bin/git version
2025-08-20T17:50:24.2762307Z git version 2.50.1
2025-08-20T17:50:24.2788564Z ##[endgroup]
2025-08-20T17:50:24.2803538Z Temporarily overriding HOME='/home/runner/work/_temp/ca05a4e3-72d7-4d08-9d6d-dc3f3d391aaa' before making global git config changes
2025-08-20T17:50:24.2804853Z Adding repository directory to the temporary git global config as a safe directory
2025-08-20T17:50:24.2816162Z [command]/usr/bin/git config --global --add safe.directory /home/runner/work/AWA-App/AWA-App
2025-08-20T17:50:24.2849218Z Deleting the contents of '/home/runner/work/AWA-App/AWA-App'
2025-08-20T17:50:24.2852982Z ##[group]Initializing the repository
2025-08-20T17:50:24.2857318Z [command]/usr/bin/git init /home/runner/work/AWA-App/AWA-App
2025-08-20T17:50:24.2907459Z hint: Using 'master' as the name for the initial branch. This default branch name
2025-08-20T17:50:24.2908272Z hint: is subject to change. To configure the initial branch name to use in all
2025-08-20T17:50:24.2908904Z hint: of your new repositories, which will suppress this warning, call:
2025-08-20T17:50:24.2909231Z hint:
2025-08-20T17:50:24.2909478Z hint: 	git config --global init.defaultBranch <name>
2025-08-20T17:50:24.2909752Z hint:
2025-08-20T17:50:24.2910147Z hint: Names commonly chosen instead of 'master' are 'main', 'trunk' and
2025-08-20T17:50:24.2910885Z hint: 'development'. The just-created branch can be renamed via this command:
2025-08-20T17:50:24.2911273Z hint:
2025-08-20T17:50:24.2911451Z hint: 	git branch -m <name>
2025-08-20T17:50:24.2911655Z hint:
2025-08-20T17:50:24.2912127Z hint: Disable this message with "git config set advice.defaultBranchName false"
2025-08-20T17:50:24.2912618Z Initialized empty Git repository in /home/runner/work/AWA-App/AWA-App/.git/
2025-08-20T17:50:24.2921313Z [command]/usr/bin/git remote add origin https://github.com/AlexBomber12/AWA-App
2025-08-20T17:50:24.2950559Z ##[endgroup]
2025-08-20T17:50:24.2950915Z ##[group]Disabling automatic garbage collection
2025-08-20T17:50:24.2955023Z [command]/usr/bin/git config --local gc.auto 0
2025-08-20T17:50:24.2981216Z ##[endgroup]
2025-08-20T17:50:24.2981557Z ##[group]Setting up auth
2025-08-20T17:50:24.2988301Z [command]/usr/bin/git config --local --name-only --get-regexp core\.sshCommand
2025-08-20T17:50:24.3019731Z [command]/usr/bin/git submodule foreach --recursive sh -c "git config --local --name-only --get-regexp 'core\.sshCommand' && git config --local --unset-all 'core.sshCommand' || :"
2025-08-20T17:50:24.3268174Z [command]/usr/bin/git config --local --name-only --get-regexp http\.https\:\/\/github\.com\/\.extraheader
2025-08-20T17:50:24.3296563Z [command]/usr/bin/git submodule foreach --recursive sh -c "git config --local --name-only --get-regexp 'http\.https\:\/\/github\.com\/\.extraheader' && git config --local --unset-all 'http.https://github.com/.extraheader' || :"
2025-08-20T17:50:24.3512215Z [command]/usr/bin/git config --local http.https://github.com/.extraheader AUTHORIZATION: basic ***
2025-08-20T17:50:24.3544522Z ##[endgroup]
2025-08-20T17:50:24.3545010Z ##[group]Fetching the repository
2025-08-20T17:50:24.3561010Z [command]/usr/bin/git -c protocol.version=2 fetch --prune --no-recurse-submodules origin +refs/heads/*:refs/remotes/origin/* +refs/tags/*:refs/tags/*
2025-08-20T17:50:27.0710524Z From https://github.com/AlexBomber12/AWA-App
2025-08-20T17:50:27.0711699Z  * [new branch]        codex/analyze-ci-logs-and-implement-fixes -> origin/codex/analyze-ci-logs-and-implement-fixes
2025-08-20T17:50:27.0713762Z  * [new branch]        codex/analyze-ci-logs-and-implement-fixes-sq2vte -> origin/codex/analyze-ci-logs-and-implement-fixes-sq2vte
2025-08-20T17:50:27.0715277Z  * [new branch]        codex/create-branch-and-enforce-coverage-requirements -> origin/codex/create-branch-and-enforce-coverage-requirements
2025-08-20T17:50:27.0717856Z  * [new branch]        codex/fix-ci-workflows-to-pass-all-tests -> origin/codex/fix-ci-workflows-to-pass-all-tests
2025-08-20T17:50:27.0719231Z  * [new branch]        codex/fix-mypy-errors-and-unify-dsn-variables -> origin/codex/fix-mypy-errors-and-unify-dsn-variables
2025-08-20T17:50:27.0723101Z  * [new branch]        codex/implement-targeted-fixes-for-ci-workflows -> origin/codex/implement-targeted-fixes-for-ci-workflows
2025-08-20T17:50:27.0724677Z  * [new branch]        codex/improve-docker-and-compose-setup -> origin/codex/improve-docker-and-compose-setup
2025-08-20T17:50:27.0725741Z  * [new branch]        gh-pages   -> origin/gh-pages
2025-08-20T17:50:27.0726397Z  * [new branch]        main       -> origin/main
2025-08-20T17:50:27.0727324Z  * [new tag]           0.3.0      -> 0.3.0
2025-08-20T17:50:27.0763166Z [command]/usr/bin/git branch --list --remote origin/main
2025-08-20T17:50:27.0785649Z   origin/main
2025-08-20T17:50:27.0794019Z [command]/usr/bin/git rev-parse refs/remotes/origin/main
2025-08-20T17:50:27.0814353Z 52815a4c933c789fa928907de12b0d6ff4e3f45c
2025-08-20T17:50:27.0818712Z ##[endgroup]
2025-08-20T17:50:27.0819191Z ##[group]Determining the checkout info
2025-08-20T17:50:27.0820147Z ##[endgroup]
2025-08-20T17:50:27.0825103Z [command]/usr/bin/git sparse-checkout disable
2025-08-20T17:50:27.0860224Z [command]/usr/bin/git config --local --unset-all extensions.worktreeConfig
2025-08-20T17:50:27.0884469Z ##[group]Checking out the ref
2025-08-20T17:50:27.0889735Z [command]/usr/bin/git checkout --progress --force -B main refs/remotes/origin/main
2025-08-20T17:50:27.1446917Z Switched to a new branch 'main'
2025-08-20T17:50:27.1449084Z branch 'main' set up to track 'origin/main'.
2025-08-20T17:50:27.1464775Z ##[endgroup]
2025-08-20T17:50:27.1502357Z [command]/usr/bin/git log -1 --format=%H
2025-08-20T17:50:27.1523539Z 52815a4c933c789fa928907de12b0d6ff4e3f45c
2025-08-20T17:50:27.1680354Z ##[group]Run cat .env.ci >> "$GITHUB_ENV"
2025-08-20T17:50:27.1680696Z [36;1mcat .env.ci >> "$GITHUB_ENV"[0m
2025-08-20T17:50:27.1681384Z [36;1mecho "DATABASE_URL=***localhost:5432/awa" >> "$GITHUB_ENV"[0m
2025-08-20T17:50:27.1681723Z [36;1mecho "PG_HOST=localhost" >> "$GITHUB_ENV"[0m
2025-08-20T17:50:27.1682281Z [36;1mecho "PG_PORT=5432" >> "$GITHUB_ENV"[0m
2025-08-20T17:50:27.1682564Z [36;1mecho "PG_USER=postgres" >> "$GITHUB_ENV"[0m
2025-08-20T17:50:27.1682855Z [36;1mecho "PG_PASSWORD=pass" >> "$GITHUB_ENV"[0m
2025-08-20T17:50:27.1683148Z [36;1mecho "PG_DATABASE=awa" >> "$GITHUB_ENV"[0m
2025-08-20T17:50:27.1683432Z [36;1mecho "TESTING=1" >> "$GITHUB_ENV"[0m
2025-08-20T17:50:27.1727809Z shell: /usr/bin/bash -e {0}
2025-08-20T17:50:27.1728056Z ##[endgroup]
2025-08-20T17:50:27.1896272Z ##[group]Run actions/setup-python@v5
2025-08-20T17:50:27.1896527Z with:
2025-08-20T17:50:27.1896702Z   python-version: 3.11
2025-08-20T17:50:27.1896889Z   cache: pip
2025-08-20T17:50:27.1897108Z   cache-dependency-path: requirements-dev.txt

2025-08-20T17:50:27.1897390Z   check-latest: false
2025-08-20T17:50:27.1897695Z   token: ***
2025-08-20T17:50:27.1897878Z   update-environment: true
2025-08-20T17:50:27.1898098Z   allow-prereleases: false
2025-08-20T17:50:27.1898294Z   freethreaded: false
2025-08-20T17:50:27.1898477Z env:
2025-08-20T17:50:27.1898637Z   PG_USER: postgres
2025-08-20T17:50:27.1898811Z   PG_PASSWORD: pass
2025-08-20T17:50:27.1898992Z   PG_DATABASE: awa
2025-08-20T17:50:27.1899162Z   PG_HOST: localhost
2025-08-20T17:50:27.1899344Z   PG_PORT: 5432
2025-08-20T17:50:27.1899710Z   PG_SYNC_DSN: ***localhost:5432/awa
2025-08-20T17:50:27.1900094Z   PG_ASYNC_DSN: ***localhost:5432/awa
2025-08-20T17:50:27.1900463Z   DATABASE_URL: ***localhost:5432/awa
2025-08-20T17:50:27.1900714Z   DATA_DIR: /tmp/awa-data
2025-08-20T17:50:27.1900905Z   ENABLE_LIVE: 0
2025-08-20T17:50:27.1901074Z   TESTING: 1
2025-08-20T17:50:27.1901237Z ##[endgroup]
2025-08-20T17:50:27.3529599Z ##[group]Installed versions
2025-08-20T17:50:27.4034729Z Successfully set up CPython (3.11.13)
2025-08-20T17:50:27.4035513Z ##[endgroup]
2025-08-20T17:50:27.4377386Z [command]/opt/hostedtoolcache/Python/3.11.13/x64/bin/pip cache dir
2025-08-20T17:50:28.7970881Z /home/runner/.cache/pip
2025-08-20T17:50:28.8952480Z Cache hit for: setup-python-Linux-x64-24.04-Ubuntu-python-3.11.13-pip-29fc3204f837bce43d81586a404709764a9accd1f738d0c33a52a32bf7a0c312
2025-08-20T17:50:29.9353661Z Received 188743680 of 271538266 (69.5%), 179.6 MBs/sec
2025-08-20T17:50:30.4139618Z Received 271538266 of 271538266 (100.0%), 175.0 MBs/sec
2025-08-20T17:50:30.4142167Z Cache Size: ~259 MB (271538266 B)
2025-08-20T17:50:30.4182140Z [command]/usr/bin/tar -xf /home/runner/work/_temp/31d4a9a9-c96d-46da-ab20-3c95978e6413/cache.tzst -P -C /home/runner/work/AWA-App/AWA-App --use-compress-program unzstd
2025-08-20T17:50:30.8427503Z Cache restored successfully
2025-08-20T17:50:30.8948422Z Cache restored from key: setup-python-Linux-x64-24.04-Ubuntu-python-3.11.13-pip-29fc3204f837bce43d81586a404709764a9accd1f738d0c33a52a32bf7a0c312
2025-08-20T17:50:30.9659621Z ##[group]Run actions/cache@v4
2025-08-20T17:50:30.9659879Z with:
2025-08-20T17:50:30.9660108Z   path: ~/.cache/pip
.pytest_cache
~/.ruff_cache

2025-08-20T17:50:30.9660546Z   key: Linux-int-29fc3204f837bce43d81586a404709764a9accd1f738d0c33a52a32bf7a0c312
2025-08-20T17:50:30.9660945Z   restore-keys: Linux-int-
2025-08-20T17:50:30.9661173Z   enableCrossOsArchive: false
2025-08-20T17:50:30.9661404Z   fail-on-cache-miss: false
2025-08-20T17:50:30.9661613Z   lookup-only: false
2025-08-20T17:50:30.9661806Z   save-always: false
2025-08-20T17:50:30.9662279Z env:
2025-08-20T17:50:30.9662455Z   PG_USER: postgres
2025-08-20T17:50:30.9662640Z   PG_PASSWORD: pass
2025-08-20T17:50:30.9662830Z   PG_DATABASE: awa
2025-08-20T17:50:30.9663014Z   PG_HOST: localhost
2025-08-20T17:50:30.9663191Z   PG_PORT: 5432
2025-08-20T17:50:30.9663664Z   PG_SYNC_DSN: ***localhost:5432/awa
2025-08-20T17:50:30.9664124Z   PG_ASYNC_DSN: ***localhost:5432/awa
2025-08-20T17:50:30.9664548Z   DATABASE_URL: ***localhost:5432/awa
2025-08-20T17:50:30.9664790Z   DATA_DIR: /tmp/awa-data
2025-08-20T17:50:30.9664992Z   ENABLE_LIVE: 0
2025-08-20T17:50:30.9665168Z   TESTING: 1
2025-08-20T17:50:30.9665409Z   pythonLocation: /opt/hostedtoolcache/Python/3.11.13/x64
2025-08-20T17:50:30.9665813Z   PKG_CONFIG_PATH: /opt/hostedtoolcache/Python/3.11.13/x64/lib/pkgconfig
2025-08-20T17:50:30.9666209Z   Python_ROOT_DIR: /opt/hostedtoolcache/Python/3.11.13/x64
2025-08-20T17:50:30.9666562Z   Python2_ROOT_DIR: /opt/hostedtoolcache/Python/3.11.13/x64
2025-08-20T17:50:30.9666918Z   Python3_ROOT_DIR: /opt/hostedtoolcache/Python/3.11.13/x64
2025-08-20T17:50:30.9667290Z   LD_LIBRARY_PATH: /opt/hostedtoolcache/Python/3.11.13/x64/lib
2025-08-20T17:50:30.9667594Z ##[endgroup]
2025-08-20T17:50:31.1709414Z Cache hit for: Linux-int-29fc3204f837bce43d81586a404709764a9accd1f738d0c33a52a32bf7a0c312
2025-08-20T17:50:32.2261637Z Received 247463936 of 271541295 (91.1%), 235.1 MBs/sec
2025-08-20T17:50:32.4629400Z Received 271541295 of 271541295 (100.0%), 208.7 MBs/sec
2025-08-20T17:50:32.4631744Z Cache Size: ~259 MB (271541295 B)
2025-08-20T17:50:32.4673624Z [command]/usr/bin/tar -xf /home/runner/work/_temp/4c6b10cc-24c1-45a6-953c-229e37a199cd/cache.tzst -P -C /home/runner/work/AWA-App/AWA-App --use-compress-program unzstd
2025-08-20T17:50:32.9397124Z Cache restored successfully
2025-08-20T17:50:32.9996393Z Cache restored from key: Linux-int-29fc3204f837bce43d81586a404709764a9accd1f738d0c33a52a32bf7a0c312
2025-08-20T17:50:33.0116308Z ##[group]Run pip install -r requirements-dev.txt
2025-08-20T17:50:33.0116700Z [36;1mpip install -r requirements-dev.txt[0m
2025-08-20T17:50:33.0117016Z [36;1mpip install keepa==1.3.15 minio==7.1.15[0m
2025-08-20T17:50:33.0158596Z shell: /usr/bin/bash -e {0}
2025-08-20T17:50:33.0158832Z env:
2025-08-20T17:50:33.0159010Z   PG_USER: postgres
2025-08-20T17:50:33.0159213Z   PG_PASSWORD: pass
2025-08-20T17:50:33.0159411Z   PG_DATABASE: awa
2025-08-20T17:50:33.0159606Z   PG_HOST: localhost
2025-08-20T17:50:33.0159808Z   PG_PORT: 5432
2025-08-20T17:50:33.0160264Z   PG_SYNC_DSN: ***localhost:5432/awa
2025-08-20T17:50:33.0160663Z   PG_ASYNC_DSN: ***localhost:5432/awa
2025-08-20T17:50:33.0161044Z   DATABASE_URL: ***localhost:5432/awa
2025-08-20T17:50:33.0161283Z   DATA_DIR: /tmp/awa-data
2025-08-20T17:50:33.0161494Z   ENABLE_LIVE: 0
2025-08-20T17:50:33.0161673Z   TESTING: 1
2025-08-20T17:50:33.0162059Z   pythonLocation: /opt/hostedtoolcache/Python/3.11.13/x64
2025-08-20T17:50:33.0162506Z   PKG_CONFIG_PATH: /opt/hostedtoolcache/Python/3.11.13/x64/lib/pkgconfig
2025-08-20T17:50:33.0162891Z   Python_ROOT_DIR: /opt/hostedtoolcache/Python/3.11.13/x64
2025-08-20T17:50:33.0163235Z   Python2_ROOT_DIR: /opt/hostedtoolcache/Python/3.11.13/x64
2025-08-20T17:50:33.0163588Z   Python3_ROOT_DIR: /opt/hostedtoolcache/Python/3.11.13/x64
2025-08-20T17:50:33.0163938Z   LD_LIBRARY_PATH: /opt/hostedtoolcache/Python/3.11.13/x64/lib
2025-08-20T17:50:33.0164230Z ##[endgroup]
2025-08-20T17:50:34.0653958Z Collecting Jinja2==3.1.6 (from -r requirements-dev.txt (line 2))
2025-08-20T17:50:34.0668490Z   Using cached jinja2-3.1.6-py3-none-any.whl.metadata (2.9 kB)
2025-08-20T17:50:34.0900703Z Collecting alembic==1.13.1 (from -r requirements-dev.txt (line 3))
2025-08-20T17:50:34.0915174Z   Using cached alembic-1.13.1-py3-none-any.whl.metadata (7.4 kB)
2025-08-20T17:50:34.1095768Z Collecting apscheduler==3.10.4 (from -r requirements-dev.txt (line 4))
2025-08-20T17:50:34.1109368Z   Using cached APScheduler-3.10.4-py3-none-any.whl.metadata (5.7 kB)
2025-08-20T17:50:34.1285231Z Collecting asgi-correlation-id==4.3.1 (from -r requirements-dev.txt (line 5))
2025-08-20T17:50:34.1300011Z   Using cached asgi_correlation_id-4.3.1-py3-none-any.whl.metadata (28 kB)
2025-08-20T17:50:34.1797492Z Collecting asyncpg==0.30.0 (from -r requirements-dev.txt (line 6))
2025-08-20T17:50:34.1811588Z   Using cached asyncpg-0.30.0-cp311-cp311-manylinux_2_17_x86_64.manylinux2014_x86_64.whl.metadata (5.0 kB)
2025-08-20T17:50:34.2250355Z Collecting black==25.1.0 (from -r requirements-dev.txt (line 7))
2025-08-20T17:50:34.2264643Z   Using cached black-25.1.0-cp311-cp311-manylinux_2_17_x86_64.manylinux2014_x86_64.manylinux_2_28_x86_64.whl.metadata (81 kB)
2025-08-20T17:50:34.5549004Z Collecting boto3 (from -r requirements-dev.txt (line 8))
2025-08-20T17:50:34.6011434Z   Downloading boto3-1.40.13-py3-none-any.whl.metadata (6.7 kB)
2025-08-20T17:50:34.6317520Z Collecting redis==6.* (from -r requirements-dev.txt (line 9))
2025-08-20T17:50:34.6330838Z   Using cached redis-6.4.0-py3-none-any.whl.metadata (10 kB)
2025-08-20T17:50:34.6642685Z Collecting minio==7.* (from -r requirements-dev.txt (line 10))
2025-08-20T17:50:34.6655750Z   Using cached minio-7.2.16-py3-none-any.whl.metadata (6.5 kB)
2025-08-20T17:50:34.6954152Z Collecting celery==5.5.3 (from -r requirements-dev.txt (line 11))
2025-08-20T17:50:34.6967137Z   Using cached celery-5.5.3-py3-none-any.whl.metadata (22 kB)
2025-08-20T17:50:34.7513484Z Collecting fastapi==0.116.1 (from -r requirements-dev.txt (line 12))
2025-08-20T17:50:34.7526485Z   Using cached fastapi-0.116.1-py3-none-any.whl.metadata (28 kB)
2025-08-20T17:50:34.7695970Z Collecting fastapi-limiter==0.1.6 (from -r requirements-dev.txt (line 14))
2025-08-20T17:50:34.7708652Z   Using cached fastapi_limiter-0.1.6-py3-none-any.whl.metadata (5.3 kB)
2025-08-20T17:50:34.7920876Z Collecting httpx<0.29,>=0.27 (from -r requirements-dev.txt (line 15))
2025-08-20T17:50:34.7934020Z   Using cached httpx-0.28.1-py3-none-any.whl.metadata (7.1 kB)
2025-08-20T17:50:34.8074519Z Collecting imapclient==3.0.1 (from -r requirements-dev.txt (line 16))
2025-08-20T17:50:34.8087155Z   Using cached IMAPClient-3.0.1-py2.py3-none-any.whl.metadata (1.7 kB)
2025-08-20T17:50:34.8206649Z Collecting itsdangerous (from -r requirements-dev.txt (line 17))
2025-08-20T17:50:34.8219506Z   Using cached itsdangerous-2.2.0-py3-none-any.whl.metadata (1.9 kB)
2025-08-20T17:50:34.9295866Z Collecting mypy==1.* (from -r requirements-dev.txt (line 18))
2025-08-20T17:50:34.9315672Z   Using cached mypy-1.17.1-cp311-cp311-manylinux2014_x86_64.manylinux_2_17_x86_64.manylinux_2_28_x86_64.whl.metadata (2.2 kB)
2025-08-20T17:50:34.9439548Z Collecting mypy-extensions==1.1.0 (from -r requirements-dev.txt (line 19))
2025-08-20T17:50:34.9452862Z   Using cached mypy_extensions-1.1.0-py3-none-any.whl.metadata (1.1 kB)
2025-08-20T17:50:35.1000898Z Collecting numpy<2 (from -r requirements-dev.txt (line 20))
2025-08-20T17:50:35.1014461Z   Using cached numpy-1.26.4-cp311-cp311-manylinux_2_17_x86_64.manylinux2014_x86_64.whl.metadata (61 kB)
2025-08-20T17:50:35.1271754Z Collecting openpyxl==3.1.5 (from -r requirements-dev.txt (line 21))
2025-08-20T17:50:35.1288260Z   Using cached openpyxl-3.1.5-py2.py3-none-any.whl.metadata (2.5 kB)
2025-08-20T17:50:35.2279724Z Collecting pandas==2.2.* (from -r requirements-dev.txt (line 22))
2025-08-20T17:50:35.2293086Z   Using cached pandas-2.2.3-cp311-cp311-manylinux_2_17_x86_64.manylinux2014_x86_64.whl.metadata (89 kB)
2025-08-20T17:50:35.3156167Z Collecting psycopg2-binary==2.9.10 (from -r requirements-dev.txt (line 23))
2025-08-20T17:50:35.3169315Z   Using cached psycopg2_binary-2.9.10-cp311-cp311-manylinux_2_17_x86_64.manylinux2014_x86_64.whl.metadata (4.9 kB)
2025-08-20T17:50:35.3334663Z Collecting psycopg==3.2.9 (from psycopg[binary]==3.2.9->-r requirements-dev.txt (line 24))
2025-08-20T17:50:35.3347784Z   Using cached psycopg-3.2.9-py3-none-any.whl.metadata (4.5 kB)
2025-08-20T17:50:35.4597028Z Collecting pydantic==2.11.7 (from -r requirements-dev.txt (line 25))
2025-08-20T17:50:35.4611171Z   Using cached pydantic-2.11.7-py3-none-any.whl.metadata (67 kB)
2025-08-20T17:50:35.4648260Z Requirement already satisfied: setuptools in /opt/hostedtoolcache/Python/3.11.13/x64/lib/python3.11/site-packages (from -r requirements-dev.txt (line 26)) (65.5.0)
2025-08-20T17:50:35.4828334Z Collecting pytest-asyncio==0.23.6 (from -r requirements-dev.txt (line 27))
2025-08-20T17:50:35.4840970Z   Using cached pytest_asyncio-0.23.6-py3-none-any.whl.metadata (3.9 kB)
2025-08-20T17:50:35.5005966Z Collecting pytest-cov==6.2.1 (from -r requirements-dev.txt (line 28))
2025-08-20T17:50:35.5018613Z   Using cached pytest_cov-6.2.1-py3-none-any.whl.metadata (30 kB)
2025-08-20T17:50:35.5193261Z Collecting pytest-postgresql==7.0.2 (from -r requirements-dev.txt (line 29))
2025-08-20T17:50:35.5205951Z   Using cached pytest_postgresql-7.0.2-py3-none-any.whl.metadata (18 kB)
2025-08-20T17:50:35.5390740Z Collecting python-dotenv (from -r requirements-dev.txt (line 30))
2025-08-20T17:50:35.5403922Z   Using cached python_dotenv-1.1.1-py3-none-any.whl.metadata (24 kB)
2025-08-20T17:50:35.5547429Z Collecting python-multipart (from -r requirements-dev.txt (line 31))
2025-08-20T17:50:35.5560544Z   Using cached python_multipart-0.0.20-py3-none-any.whl.metadata (1.8 kB)
2025-08-20T17:50:35.5850335Z Collecting python-telegram-bot==22.3 (from -r requirements-dev.txt (line 32))
2025-08-20T17:50:35.5863423Z   Using cached python_telegram_bot-22.3-py3-none-any.whl.metadata (17 kB)
2025-08-20T17:50:35.6153856Z Collecting requests==2.32.4 (from -r requirements-dev.txt (line 33))
2025-08-20T17:50:35.6167025Z   Using cached requests-2.32.4-py3-none-any.whl.metadata (4.9 kB)
2025-08-20T17:50:35.6334531Z Collecting respx==0.22.0 (from -r requirements-dev.txt (line 34))
2025-08-20T17:50:35.6347220Z   Using cached respx-0.22.0-py2.py3-none-any.whl.metadata (4.1 kB)
2025-08-20T17:50:35.9706557Z Collecting ruff==0.4.4 (from -r requirements-dev.txt (line 35))
2025-08-20T17:50:35.9721690Z   Using cached ruff-0.4.4-py3-none-manylinux_2_17_x86_64.manylinux2014_x86_64.whl.metadata (23 kB)
2025-08-20T17:50:36.2162610Z Collecting sqlalchemy==2.0.43 (from -r requirements-dev.txt (line 36))
2025-08-20T17:50:36.2177904Z   Using cached sqlalchemy-2.0.43-cp311-cp311-manylinux_2_17_x86_64.manylinux2014_x86_64.whl.metadata (9.6 kB)
2025-08-20T17:50:36.2405737Z Collecting structlog==24.1.0 (from -r requirements-dev.txt (line 37))
2025-08-20T17:50:36.2418463Z   Using cached structlog-24.1.0-py3-none-any.whl.metadata (6.9 kB)
2025-08-20T17:50:36.2602988Z Collecting testcontainers==4.10.0 (from testcontainers[postgres]==4.10.0->-r requirements-dev.txt (line 38))
2025-08-20T17:50:36.2615472Z   Using cached testcontainers-4.10.0-py3-none-any.whl.metadata (7.8 kB)
2025-08-20T17:50:36.2952713Z Collecting types-requests==2.32.4.20250809 (from -r requirements-dev.txt (line 39))
2025-08-20T17:50:36.2965551Z   Using cached types_requests-2.32.4.20250809-py3-none-any.whl.metadata (2.0 kB)
2025-08-20T17:50:36.3103164Z Collecting docspec-python==2.2.2 (from -r requirements-dev.txt (line 40))
2025-08-20T17:50:36.3115837Z   Using cached docspec_python-2.2.2-py3-none-any.whl.metadata (1.0 kB)
2025-08-20T17:50:36.3306023Z Collecting pydoc-markdown==4.8.2 (from -r requirements-dev.txt (line 41))
2025-08-20T17:50:36.3306883Z   Using cached pydoc_markdown-4.8.2-py3-none-any.whl.metadata (5.9 kB)
2025-08-20T17:50:36.3578712Z Collecting pandera==0.19.* (from -r requirements-dev.txt (line 42))
2025-08-20T17:50:36.3592080Z   Using cached pandera-0.19.3-py3-none-any.whl.metadata (15 kB)
2025-08-20T17:50:36.4528575Z Collecting MarkupSafe>=2.0 (from Jinja2==3.1.6->-r requirements-dev.txt (line 2))
2025-08-20T17:50:36.4544017Z   Using cached MarkupSafe-3.0.2-cp311-cp311-manylinux_2_17_x86_64.manylinux2014_x86_64.whl.metadata (4.0 kB)
2025-08-20T17:50:36.4818570Z Collecting Mako (from alembic==1.13.1->-r requirements-dev.txt (line 3))
2025-08-20T17:50:36.4832202Z   Using cached mako-1.3.10-py3-none-any.whl.metadata (2.9 kB)
2025-08-20T17:50:36.5019535Z Collecting typing-extensions>=4 (from alembic==1.13.1->-r requirements-dev.txt (line 3))
2025-08-20T17:50:36.5033243Z   Using cached typing_extensions-4.14.1-py3-none-any.whl.metadata (3.0 kB)
2025-08-20T17:50:36.5187878Z Collecting six>=1.4.0 (from apscheduler==3.10.4->-r requirements-dev.txt (line 4))
2025-08-20T17:50:36.5201168Z   Using cached six-1.17.0-py2.py3-none-any.whl.metadata (1.7 kB)
2025-08-20T17:50:36.5544057Z Collecting pytz (from apscheduler==3.10.4->-r requirements-dev.txt (line 4))
2025-08-20T17:50:36.5558149Z   Using cached pytz-2025.2-py2.py3-none-any.whl.metadata (22 kB)
2025-08-20T17:50:36.5751677Z Collecting tzlocal!=3.*,>=2.0 (from apscheduler==3.10.4->-r requirements-dev.txt (line 4))
2025-08-20T17:50:36.5765039Z   Using cached tzlocal-5.3.1-py3-none-any.whl.metadata (7.6 kB)
2025-08-20T17:50:36.6101762Z Collecting starlette>=0.18 (from asgi-correlation-id==4.3.1->-r requirements-dev.txt (line 5))
2025-08-20T17:50:36.6115366Z   Using cached starlette-0.47.2-py3-none-any.whl.metadata (6.2 kB)
2025-08-20T17:50:36.6320965Z Collecting click>=8.0.0 (from black==25.1.0->-r requirements-dev.txt (line 7))
2025-08-20T17:50:36.6334553Z   Using cached click-8.2.1-py3-none-any.whl.metadata (2.5 kB)
2025-08-20T17:50:36.6504479Z Collecting packaging>=22.0 (from black==25.1.0->-r requirements-dev.txt (line 7))
2025-08-20T17:50:36.6517840Z   Using cached packaging-25.0-py3-none-any.whl.metadata (3.3 kB)
2025-08-20T17:50:36.6654833Z Collecting pathspec>=0.9.0 (from black==25.1.0->-r requirements-dev.txt (line 7))
2025-08-20T17:50:36.6668733Z   Using cached pathspec-0.12.1-py3-none-any.whl.metadata (21 kB)
2025-08-20T17:50:36.6869461Z Collecting platformdirs>=2 (from black==25.1.0->-r requirements-dev.txt (line 7))
2025-08-20T17:50:36.6882917Z   Using cached platformdirs-4.3.8-py3-none-any.whl.metadata (12 kB)
2025-08-20T17:50:36.7083855Z Collecting billiard<5.0,>=4.2.1 (from celery==5.5.3->-r requirements-dev.txt (line 11))
2025-08-20T17:50:36.7097084Z   Using cached billiard-4.2.1-py3-none-any.whl.metadata (4.4 kB)
2025-08-20T17:50:36.7398395Z Collecting kombu<5.6,>=5.5.2 (from celery==5.5.3->-r requirements-dev.txt (line 11))
2025-08-20T17:50:36.7411555Z   Using cached kombu-5.5.4-py3-none-any.whl.metadata (3.5 kB)
2025-08-20T17:50:36.7579806Z Collecting vine<6.0,>=5.1.0 (from celery==5.5.3->-r requirements-dev.txt (line 11))
2025-08-20T17:50:36.7593150Z   Using cached vine-5.1.0-py3-none-any.whl.metadata (2.7 kB)
2025-08-20T17:50:36.7751215Z Collecting click-didyoumean>=0.3.0 (from celery==5.5.3->-r requirements-dev.txt (line 11))
2025-08-20T17:50:36.7764860Z   Using cached click_didyoumean-0.3.1-py3-none-any.whl.metadata (3.9 kB)
2025-08-20T17:50:36.7877700Z Collecting click-repl>=0.2.0 (from celery==5.5.3->-r requirements-dev.txt (line 11))
2025-08-20T17:50:36.7890890Z   Using cached click_repl-0.3.0-py3-none-any.whl.metadata (3.6 kB)
2025-08-20T17:50:36.8005999Z Collecting click-plugins>=1.1.1 (from celery==5.5.3->-r requirements-dev.txt (line 11))
2025-08-20T17:50:36.8019369Z   Using cached click_plugins-1.1.1.2-py2.py3-none-any.whl.metadata (6.5 kB)
2025-08-20T17:50:36.8166870Z Collecting python-dateutil>=2.8.2 (from celery==5.5.3->-r requirements-dev.txt (line 11))
2025-08-20T17:50:36.8180519Z   Using cached python_dateutil-2.9.0.post0-py2.py3-none-any.whl.metadata (8.4 kB)
2025-08-20T17:50:36.8682769Z Collecting annotated-types>=0.6.0 (from pydantic==2.11.7->-r requirements-dev.txt (line 25))
2025-08-20T17:50:36.8695996Z   Using cached annotated_types-0.7.0-py3-none-any.whl.metadata (15 kB)
2025-08-20T17:50:37.5065904Z Collecting pydantic-core==2.33.2 (from pydantic==2.11.7->-r requirements-dev.txt (line 25))
2025-08-20T17:50:37.5081632Z   Using cached pydantic_core-2.33.2-cp311-cp311-manylinux_2_17_x86_64.manylinux2014_x86_64.whl.metadata (6.8 kB)
2025-08-20T17:50:37.5230131Z Collecting typing-inspection>=0.4.0 (from pydantic==2.11.7->-r requirements-dev.txt (line 25))
2025-08-20T17:50:37.5244104Z   Using cached typing_inspection-0.4.1-py3-none-any.whl.metadata (2.6 kB)
2025-08-20T17:50:37.5489817Z Collecting et-xmlfile (from openpyxl==3.1.5->-r requirements-dev.txt (line 21))
2025-08-20T17:50:37.5503452Z   Using cached et_xmlfile-2.0.0-py3-none-any.whl.metadata (2.7 kB)
2025-08-20T17:50:37.5929373Z Collecting pytest<9,>=7.0.0 (from pytest-asyncio==0.23.6->-r requirements-dev.txt (line 27))
2025-08-20T17:50:37.5945894Z   Using cached pytest-8.4.1-py3-none-any.whl.metadata (7.7 kB)
2025-08-20T17:50:37.8934354Z Collecting coverage>=7.5 (from coverage[toml]>=7.5->pytest-cov==6.2.1->-r requirements-dev.txt (line 28))
2025-08-20T17:50:37.8949914Z   Using cached coverage-7.10.4-cp311-cp311-manylinux1_x86_64.manylinux_2_28_x86_64.manylinux_2_5_x86_64.whl.metadata (8.9 kB)
2025-08-20T17:50:37.9103880Z Collecting pluggy>=1.2 (from pytest-cov==6.2.1->-r requirements-dev.txt (line 28))
2025-08-20T17:50:37.9117449Z   Using cached pluggy-1.6.0-py3-none-any.whl.metadata (4.8 kB)
2025-08-20T17:50:38.0106968Z Collecting port-for>=0.7.3 (from pytest-postgresql==7.0.2->-r requirements-dev.txt (line 29))
2025-08-20T17:50:38.0120389Z   Using cached port_for-0.7.4-py3-none-any.whl.metadata (7.1 kB)
2025-08-20T17:50:38.0277592Z Collecting mirakuru>=2.6.0 (from pytest-postgresql==7.0.2->-r requirements-dev.txt (line 29))
2025-08-20T17:50:38.0290443Z   Using cached mirakuru-2.6.1-py3-none-any.whl.metadata (10 kB)
2025-08-20T17:50:38.1097310Z Collecting charset_normalizer<4,>=2 (from requests==2.32.4->-r requirements-dev.txt (line 33))
2025-08-20T17:50:38.1110972Z   Using cached charset_normalizer-3.4.3-cp311-cp311-manylinux2014_x86_64.manylinux_2_17_x86_64.manylinux_2_28_x86_64.whl.metadata (36 kB)
2025-08-20T17:50:38.1281570Z Collecting idna<4,>=2.5 (from requests==2.32.4->-r requirements-dev.txt (line 33))
2025-08-20T17:50:38.1294266Z   Using cached idna-3.10-py3-none-any.whl.metadata (10 kB)
2025-08-20T17:50:38.1577501Z Collecting urllib3<3,>=1.21.1 (from requests==2.32.4->-r requirements-dev.txt (line 33))
2025-08-20T17:50:38.1590104Z   Using cached urllib3-2.5.0-py3-none-any.whl.metadata (6.5 kB)
2025-08-20T17:50:38.1806367Z Collecting certifi>=2017.4.17 (from requests==2.32.4->-r requirements-dev.txt (line 33))
2025-08-20T17:50:38.1818878Z   Using cached certifi-2025.8.3-py3-none-any.whl.metadata (2.4 kB)
2025-08-20T17:50:38.3036176Z Collecting greenlet>=1 (from sqlalchemy==2.0.43->-r requirements-dev.txt (line 36))
2025-08-20T17:50:38.3049700Z   Using cached greenlet-3.2.4-cp311-cp311-manylinux_2_24_x86_64.manylinux_2_28_x86_64.whl.metadata (4.1 kB)
2025-08-20T17:50:38.3309817Z Collecting docker (from testcontainers==4.10.0->testcontainers[postgres]==4.10.0->-r requirements-dev.txt (line 38))
2025-08-20T17:50:38.3322746Z   Using cached docker-7.1.0-py3-none-any.whl.metadata (3.8 kB)
2025-08-20T17:50:38.4253767Z Collecting wrapt (from testcontainers==4.10.0->testcontainers[postgres]==4.10.0->-r requirements-dev.txt (line 38))
2025-08-20T17:50:38.4267150Z   Using cached wrapt-1.17.3-cp311-cp311-manylinux1_x86_64.manylinux_2_28_x86_64.manylinux_2_5_x86_64.whl.metadata (6.4 kB)
2025-08-20T17:50:38.4514397Z Collecting docspec==2.2.1 (from docspec-python==2.2.2->-r requirements-dev.txt (line 40))
2025-08-20T17:50:38.4527316Z   Using cached docspec-2.2.1-py3-none-any.whl.metadata (1.5 kB)
2025-08-20T17:50:38.4686447Z Collecting nr-util>=0.8.12 (from docspec-python==2.2.2->-r requirements-dev.txt (line 40))
2025-08-20T17:50:38.4698911Z   Using cached nr.util-0.8.12-py3-none-any.whl.metadata (813 bytes)
2025-08-20T17:50:38.5113076Z Collecting PyYAML<7.0,>=5.0 (from pydoc-markdown==4.8.2->-r requirements-dev.txt (line 41))
2025-08-20T17:50:38.5128422Z   Using cached PyYAML-6.0.2-cp311-cp311-manylinux_2_17_x86_64.manylinux2014_x86_64.whl.metadata (2.1 kB)
2025-08-20T17:50:38.5507409Z Collecting databind.core<5.0.0,>=4.4.0 (from pydoc-markdown==4.8.2->-r requirements-dev.txt (line 41))
2025-08-20T17:50:38.5521416Z   Using cached databind.core-4.5.2-py3-none-any.whl.metadata (1.1 kB)
2025-08-20T17:50:38.5754698Z Collecting databind.json<5.0.0,>=4.4.0 (from pydoc-markdown==4.8.2->-r requirements-dev.txt (line 41))
2025-08-20T17:50:38.5768449Z   Using cached databind.json-4.5.2-py3-none-any.whl.metadata (1.1 kB)
2025-08-20T17:50:38.5934569Z Collecting docstring-parser<0.12,>=0.11 (from pydoc-markdown==4.8.2->-r requirements-dev.txt (line 41))
2025-08-20T17:50:38.5935813Z   Using cached docstring_parser-0.11-py3-none-any.whl
2025-08-20T17:50:38.6368246Z Collecting tomli<3.0.0,>=2.0.0 (from pydoc-markdown==4.8.2->-r requirements-dev.txt (line 41))
2025-08-20T17:50:38.6382233Z   Using cached tomli-2.2.1-cp311-cp311-manylinux_2_17_x86_64.manylinux2014_x86_64.whl.metadata (11 kB)
2025-08-20T17:50:38.6504354Z Collecting tomli_w<2.0.0,>=1.0.0 (from pydoc-markdown==4.8.2->-r requirements-dev.txt (line 41))
2025-08-20T17:50:38.6517624Z   Using cached tomli_w-1.2.0-py3-none-any.whl.metadata (5.7 kB)
2025-08-20T17:50:38.6963464Z Collecting watchdog (from pydoc-markdown==4.8.2->-r requirements-dev.txt (line 41))
2025-08-20T17:50:38.6976973Z   Using cached watchdog-6.0.0-py3-none-manylinux2014_x86_64.whl.metadata (44 kB)
2025-08-20T17:50:38.7191582Z Collecting yapf>=0.30.0 (from pydoc-markdown==4.8.2->-r requirements-dev.txt (line 41))
2025-08-20T17:50:38.7204858Z   Using cached yapf-0.43.0-py3-none-any.whl.metadata (46 kB)
2025-08-20T17:50:38.7403046Z Collecting Deprecated<2.0.0,>=1.2.12 (from docspec==2.2.1->docspec-python==2.2.2->-r requirements-dev.txt (line 40))
2025-08-20T17:50:38.7416430Z   Using cached Deprecated-1.2.18-py2.py3-none-any.whl.metadata (5.7 kB)
2025-08-20T17:50:38.8868312Z Collecting psycopg-binary==3.2.9 (from psycopg[binary]==3.2.9->-r requirements-dev.txt (line 24))
2025-08-20T17:50:38.8882432Z   Using cached psycopg_binary-3.2.9-cp311-cp311-manylinux_2_17_x86_64.manylinux2014_x86_64.whl.metadata (2.9 kB)
2025-08-20T17:50:38.9199958Z Collecting argon2-cffi (from minio==7.*->-r requirements-dev.txt (line 10))
2025-08-20T17:50:38.9213356Z   Using cached argon2_cffi-25.1.0-py3-none-any.whl.metadata (4.1 kB)
2025-08-20T17:50:38.9977225Z Collecting pycryptodome (from minio==7.*->-r requirements-dev.txt (line 10))
2025-08-20T17:50:38.9994417Z   Using cached pycryptodome-3.23.0-cp37-abi3-manylinux_2_17_x86_64.manylinux2014_x86_64.whl.metadata (3.4 kB)
2025-08-20T17:50:39.0203747Z Collecting anyio (from httpx<0.29,>=0.27->-r requirements-dev.txt (line 15))
2025-08-20T17:50:39.0216603Z   Using cached anyio-4.10.0-py3-none-any.whl.metadata (4.0 kB)
2025-08-20T17:50:39.0413964Z Collecting httpcore==1.* (from httpx<0.29,>=0.27->-r requirements-dev.txt (line 15))
2025-08-20T17:50:39.0426742Z   Using cached httpcore-1.0.9-py3-none-any.whl.metadata (21 kB)
2025-08-20T17:50:39.0749339Z Collecting tzdata>=2022.7 (from pandas==2.2.*->-r requirements-dev.txt (line 22))
2025-08-20T17:50:39.0762561Z   Using cached tzdata-2025.2-py2.py3-none-any.whl.metadata (1.4 kB)
2025-08-20T17:50:39.0923808Z Collecting multimethod<=1.10.0 (from pandera==0.19.*->-r requirements-dev.txt (line 42))
2025-08-20T17:50:39.0936547Z   Using cached multimethod-1.10-py3-none-any.whl.metadata (8.2 kB)
2025-08-20T17:50:39.1318317Z Collecting typeguard (from pandera==0.19.*->-r requirements-dev.txt (line 42))
2025-08-20T17:50:39.1333501Z   Using cached typeguard-4.4.4-py3-none-any.whl.metadata (3.3 kB)
2025-08-20T17:50:39.1460604Z Collecting typing-inspect>=0.6.0 (from pandera==0.19.*->-r requirements-dev.txt (line 42))
2025-08-20T17:50:39.1473482Z   Using cached typing_inspect-0.9.0-py3-none-any.whl.metadata (1.5 kB)
2025-08-20T17:50:39.2655829Z Collecting databind<5.0.0,>=4.5.2 (from databind.core<5.0.0,>=4.4.0->pydoc-markdown==4.8.2->-r requirements-dev.txt (line 41))
2025-08-20T17:50:39.2669604Z   Using cached databind-4.5.2-py3-none-any.whl.metadata (4.3 kB)
2025-08-20T17:50:39.2803324Z Collecting nr-date<3.0.0,>=2.0.0 (from databind<5.0.0,>=4.5.2->databind.core<5.0.0,>=4.4.0->pydoc-markdown==4.8.2->-r requirements-dev.txt (line 41))
2025-08-20T17:50:39.2816562Z   Using cached nr_date-2.1.0-py3-none-any.whl.metadata (746 bytes)
2025-08-20T17:50:39.2952918Z Collecting nr-stream<2.0.0,>=1.0.0 (from databind<5.0.0,>=4.5.2->databind.core<5.0.0,>=4.4.0->pydoc-markdown==4.8.2->-r requirements-dev.txt (line 41))
2025-08-20T17:50:39.2966522Z   Using cached nr_stream-1.1.5-py3-none-any.whl.metadata (3.6 kB)
2025-08-20T17:50:39.3135226Z Collecting typeapi<3,>=2.0.1 (from databind<5.0.0,>=4.5.2->databind.core<5.0.0,>=4.4.0->pydoc-markdown==4.8.2->-r requirements-dev.txt (line 41))
2025-08-20T17:50:39.3148470Z   Using cached typeapi-2.2.4-py3-none-any.whl.metadata (1.5 kB)
2025-08-20T17:50:39.3424630Z Collecting h11>=0.16 (from httpcore==1.*->httpx<0.29,>=0.27->-r requirements-dev.txt (line 15))
2025-08-20T17:50:39.3438293Z   Using cached h11-0.16.0-py3-none-any.whl.metadata (8.3 kB)
2025-08-20T17:50:39.3673671Z Collecting amqp<6.0.0,>=5.1.1 (from kombu<5.6,>=5.5.2->celery==5.5.3->-r requirements-dev.txt (line 11))
2025-08-20T17:50:39.3687060Z   Using cached amqp-5.3.1-py3-none-any.whl.metadata (8.9 kB)
2025-08-20T17:50:39.4042225Z Collecting iniconfig>=1 (from pytest<9,>=7.0.0->pytest-asyncio==0.23.6->-r requirements-dev.txt (line 27))
2025-08-20T17:50:39.4055639Z   Using cached iniconfig-2.1.0-py3-none-any.whl.metadata (2.7 kB)
2025-08-20T17:50:39.4277455Z Collecting pygments>=2.7.2 (from pytest<9,>=7.0.0->pytest-asyncio==0.23.6->-r requirements-dev.txt (line 27))
2025-08-20T17:50:39.4290271Z   Using cached pygments-2.19.2-py3-none-any.whl.metadata (2.5 kB)
2025-08-20T17:50:39.4616627Z Collecting sniffio>=1.1 (from anyio->httpx<0.29,>=0.27->-r requirements-dev.txt (line 15))
2025-08-20T17:50:39.4630690Z   Using cached sniffio-1.3.1-py3-none-any.whl.metadata (3.9 kB)
2025-08-20T17:50:39.8597476Z Collecting botocore<1.41.0,>=1.40.13 (from boto3->-r requirements-dev.txt (line 8))
2025-08-20T17:50:39.8674683Z   Downloading botocore-1.40.13-py3-none-any.whl.metadata (5.7 kB)
2025-08-20T17:50:39.8841681Z Collecting jmespath<2.0.0,>=0.7.1 (from boto3->-r requirements-dev.txt (line 8))
2025-08-20T17:50:39.8854503Z   Using cached jmespath-1.0.1-py3-none-any.whl.metadata (7.6 kB)
2025-08-20T17:50:39.9043494Z Collecting s3transfer<0.14.0,>=0.13.0 (from boto3->-r requirements-dev.txt (line 8))
2025-08-20T17:50:39.9056745Z   Using cached s3transfer-0.13.1-py3-none-any.whl.metadata (1.7 kB)
2025-08-20T17:50:40.0863486Z Collecting fastapi-cli>=0.0.8 (from fastapi-cli[standard]>=0.0.8; extra == "all"->fastapi[all]->-r requirements-dev.txt (line 13))
2025-08-20T17:50:40.0876355Z   Using cached fastapi_cli-0.0.8-py3-none-any.whl.metadata (6.3 kB)
2025-08-20T17:50:40.1685600Z Collecting ujson!=4.0.2,!=4.1.0,!=4.2.0,!=4.3.0,!=5.0.0,!=5.1.0,>=4.0.1 (from fastapi[all]->-r requirements-dev.txt (line 13))
2025-08-20T17:50:40.1819626Z   Downloading ujson-5.11.0-cp311-cp311-manylinux_2_24_x86_64.manylinux_2_28_x86_64.whl.metadata (9.4 kB)
2025-08-20T17:50:40.4058032Z Collecting orjson>=3.2.1 (from fastapi[all]->-r requirements-dev.txt (line 13))
2025-08-20T17:50:40.4073860Z   Using cached orjson-3.11.2-cp311-cp311-manylinux_2_17_x86_64.manylinux2014_x86_64.whl.metadata (1.2 kB)
2025-08-20T17:50:40.4219436Z Collecting email-validator>=2.0.0 (from fastapi[all]->-r requirements-dev.txt (line 13))
2025-08-20T17:50:40.4232315Z   Using cached email_validator-2.2.0-py3-none-any.whl.metadata (25 kB)
2025-08-20T17:50:40.4519153Z Collecting uvicorn>=0.12.0 (from uvicorn[standard]>=0.12.0; extra == "all"->fastapi[all]->-r requirements-dev.txt (line 13))
2025-08-20T17:50:40.4531383Z   Using cached uvicorn-0.35.0-py3-none-any.whl.metadata (6.5 kB)
2025-08-20T17:50:40.4710834Z Collecting pydantic-settings>=2.0.0 (from fastapi[all]->-r requirements-dev.txt (line 13))
2025-08-20T17:50:40.4723891Z   Using cached pydantic_settings-2.10.1-py3-none-any.whl.metadata (3.4 kB)
2025-08-20T17:50:40.4873944Z Collecting pydantic-extra-types>=2.0.0 (from fastapi[all]->-r requirements-dev.txt (line 13))
2025-08-20T17:50:40.4887527Z   Using cached pydantic_extra_types-2.10.5-py3-none-any.whl.metadata (3.9 kB)
2025-08-20T17:50:40.5609454Z Collecting prompt-toolkit>=3.0.36 (from click-repl>=0.2.0->celery==5.5.3->-r requirements-dev.txt (line 11))
2025-08-20T17:50:40.5622262Z   Using cached prompt_toolkit-3.0.51-py3-none-any.whl.metadata (6.4 kB)
2025-08-20T17:50:40.5820302Z Collecting dnspython>=2.0.0 (from email-validator>=2.0.0->fastapi[all]->-r requirements-dev.txt (line 13))
2025-08-20T17:50:40.5833322Z   Using cached dnspython-2.7.0-py3-none-any.whl.metadata (5.8 kB)
2025-08-20T17:50:40.6120517Z Collecting typer>=0.15.1 (from fastapi-cli>=0.0.8->fastapi-cli[standard]>=0.0.8; extra == "all"->fastapi[all]->-r requirements-dev.txt (line 13))
2025-08-20T17:50:40.6132973Z   Using cached typer-0.16.1-py3-none-any.whl.metadata (15 kB)
2025-08-20T17:50:40.6394937Z Collecting rich-toolkit>=0.14.8 (from fastapi-cli>=0.0.8->fastapi-cli[standard]>=0.0.8; extra == "all"->fastapi[all]->-r requirements-dev.txt (line 13))
2025-08-20T17:50:40.6407042Z   Using cached rich_toolkit-0.15.0-py3-none-any.whl.metadata (1.0 kB)
2025-08-20T17:50:40.6540659Z Collecting fastapi-cloud-cli>=0.1.1 (from fastapi-cli[standard]>=0.0.8; extra == "all"->fastapi[all]->-r requirements-dev.txt (line 13))
2025-08-20T17:50:40.6553250Z   Using cached fastapi_cloud_cli-0.1.5-py3-none-any.whl.metadata (3.2 kB)
2025-08-20T17:50:40.7245921Z Collecting rignore>=0.5.1 (from fastapi-cloud-cli>=0.1.1->fastapi-cli[standard]>=0.0.8; extra == "all"->fastapi[all]->-r requirements-dev.txt (line 13))
2025-08-20T17:50:40.7258635Z   Using cached rignore-0.6.4-cp311-cp311-manylinux_2_17_x86_64.manylinux2014_x86_64.whl.metadata (3.8 kB)
2025-08-20T17:50:40.9086026Z Collecting sentry-sdk>=2.20.0 (from fastapi-cloud-cli>=0.1.1->fastapi-cli[standard]>=0.0.8; extra == "all"->fastapi[all]->-r requirements-dev.txt (line 13))
2025-08-20T17:50:40.9100028Z   Using cached sentry_sdk-2.35.0-py2.py3-none-any.whl.metadata (10 kB)
2025-08-20T17:50:40.9973370Z Collecting psutil>=4.0.0 (from mirakuru>=2.6.0->pytest-postgresql==7.0.2->-r requirements-dev.txt (line 29))
2025-08-20T17:50:40.9987148Z   Using cached psutil-7.0.0-cp36-abi3-manylinux_2_12_x86_64.manylinux2010_x86_64.manylinux_2_17_x86_64.manylinux2014_x86_64.whl.metadata (22 kB)
2025-08-20T17:50:41.0302833Z Collecting wcwidth (from prompt-toolkit>=3.0.36->click-repl>=0.2.0->celery==5.5.3->-r requirements-dev.txt (line 11))
2025-08-20T17:50:41.0315505Z   Using cached wcwidth-0.2.13-py2.py3-none-any.whl.metadata (14 kB)
2025-08-20T17:50:41.1318328Z Collecting rich>=13.7.1 (from rich-toolkit>=0.14.8->fastapi-cli>=0.0.8->fastapi-cli[standard]>=0.0.8; extra == "all"->fastapi[all]->-r requirements-dev.txt (line 13))
2025-08-20T17:50:41.1331039Z   Using cached rich-14.1.0-py3-none-any.whl.metadata (18 kB)
2025-08-20T17:50:41.1531780Z Collecting markdown-it-py>=2.2.0 (from rich>=13.7.1->rich-toolkit>=0.14.8->fastapi-cli>=0.0.8->fastapi-cli[standard]>=0.0.8; extra == "all"->fastapi[all]->-r requirements-dev.txt (line 13))
2025-08-20T17:50:41.1544473Z   Using cached markdown_it_py-4.0.0-py3-none-any.whl.metadata (7.3 kB)
2025-08-20T17:50:41.1768774Z Collecting mdurl~=0.1 (from markdown-it-py>=2.2.0->rich>=13.7.1->rich-toolkit>=0.14.8->fastapi-cli>=0.0.8->fastapi-cli[standard]>=0.0.8; extra == "all"->fastapi[all]->-r requirements-dev.txt (line 13))
2025-08-20T17:50:41.1780742Z   Using cached mdurl-0.1.2-py3-none-any.whl.metadata (1.6 kB)
2025-08-20T17:50:41.2226059Z Collecting shellingham>=1.3.0 (from typer>=0.15.1->fastapi-cli>=0.0.8->fastapi-cli[standard]>=0.0.8; extra == "all"->fastapi[all]->-r requirements-dev.txt (line 13))
2025-08-20T17:50:41.2238526Z   Using cached shellingham-1.5.4-py2.py3-none-any.whl.metadata (3.5 kB)
2025-08-20T17:50:41.2943901Z Collecting httptools>=0.6.3 (from uvicorn[standard]>=0.12.0; extra == "all"->fastapi[all]->-r requirements-dev.txt (line 13))
2025-08-20T17:50:41.2957206Z   Using cached httptools-0.6.4-cp311-cp311-manylinux_2_5_x86_64.manylinux1_x86_64.manylinux_2_17_x86_64.manylinux2014_x86_64.whl.metadata (3.6 kB)
2025-08-20T17:50:41.3372225Z Collecting uvloop>=0.15.1 (from uvicorn[standard]>=0.12.0; extra == "all"->fastapi[all]->-r requirements-dev.txt (line 13))
2025-08-20T17:50:41.3387328Z   Using cached uvloop-0.21.0-cp311-cp311-manylinux_2_17_x86_64.manylinux2014_x86_64.whl.metadata (4.9 kB)
2025-08-20T17:50:41.4059432Z Collecting watchfiles>=0.13 (from uvicorn[standard]>=0.12.0; extra == "all"->fastapi[all]->-r requirements-dev.txt (line 13))
2025-08-20T17:50:41.4072636Z   Using cached watchfiles-1.1.0-cp311-cp311-manylinux_2_17_x86_64.manylinux2014_x86_64.whl.metadata (4.9 kB)
2025-08-20T17:50:41.4900100Z Collecting websockets>=10.4 (from uvicorn[standard]>=0.12.0; extra == "all"->fastapi[all]->-r requirements-dev.txt (line 13))
2025-08-20T17:50:41.4913427Z   Using cached websockets-15.0.1-cp311-cp311-manylinux_2_5_x86_64.manylinux1_x86_64.manylinux_2_17_x86_64.manylinux2014_x86_64.whl.metadata (6.8 kB)
2025-08-20T17:50:41.5348110Z Collecting argon2-cffi-bindings (from argon2-cffi->minio==7.*->-r requirements-dev.txt (line 10))
2025-08-20T17:50:41.5361257Z   Using cached argon2_cffi_bindings-25.1.0-cp39-abi3-manylinux_2_26_x86_64.manylinux_2_28_x86_64.whl.metadata (7.4 kB)
2025-08-20T17:50:41.6324157Z Collecting cffi>=1.0.1 (from argon2-cffi-bindings->argon2-cffi->minio==7.*->-r requirements-dev.txt (line 10))
2025-08-20T17:50:41.6337571Z   Using cached cffi-1.17.1-cp311-cp311-manylinux_2_17_x86_64.manylinux2014_x86_64.whl.metadata (1.5 kB)
2025-08-20T17:50:41.6481766Z Collecting pycparser (from cffi>=1.0.1->argon2-cffi-bindings->argon2-cffi->minio==7.*->-r requirements-dev.txt (line 10))
2025-08-20T17:50:41.6495375Z   Using cached pycparser-2.22-py3-none-any.whl.metadata (943 bytes)
2025-08-20T17:50:41.6998230Z Using cached jinja2-3.1.6-py3-none-any.whl (134 kB)
2025-08-20T17:50:41.7012549Z Using cached alembic-1.13.1-py3-none-any.whl (233 kB)
2025-08-20T17:50:41.7027322Z Using cached APScheduler-3.10.4-py3-none-any.whl (59 kB)
2025-08-20T17:50:41.7040706Z Using cached asgi_correlation_id-4.3.1-py3-none-any.whl (15 kB)
2025-08-20T17:50:41.7054348Z Using cached asyncpg-0.30.0-cp311-cp311-manylinux_2_17_x86_64.manylinux2014_x86_64.whl (3.1 MB)
2025-08-20T17:50:41.7089979Z Using cached black-25.1.0-cp311-cp311-manylinux_2_17_x86_64.manylinux2014_x86_64.manylinux_2_28_x86_64.whl (1.7 MB)
2025-08-20T17:50:41.7115291Z Using cached celery-5.5.3-py3-none-any.whl (438 kB)
2025-08-20T17:50:41.7131019Z Using cached fastapi-0.116.1-py3-none-any.whl (95 kB)
2025-08-20T17:50:41.7144308Z Using cached pydantic-2.11.7-py3-none-any.whl (444 kB)
2025-08-20T17:50:41.7159952Z Using cached fastapi_limiter-0.1.6-py3-none-any.whl (15 kB)
2025-08-20T17:50:41.7172942Z Using cached IMAPClient-3.0.1-py2.py3-none-any.whl (182 kB)
2025-08-20T17:50:41.7186885Z Using cached mypy_extensions-1.1.0-py3-none-any.whl (5.0 kB)
2025-08-20T17:50:41.7199651Z Using cached openpyxl-3.1.5-py2.py3-none-any.whl (250 kB)
2025-08-20T17:50:41.7214484Z Using cached psycopg2_binary-2.9.10-cp311-cp311-manylinux_2_17_x86_64.manylinux2014_x86_64.whl (3.0 MB)
2025-08-20T17:50:41.7250339Z Using cached psycopg-3.2.9-py3-none-any.whl (202 kB)
2025-08-20T17:50:41.7264287Z Using cached pytest_asyncio-0.23.6-py3-none-any.whl (17 kB)
2025-08-20T17:50:41.7276934Z Using cached pytest_cov-6.2.1-py3-none-any.whl (24 kB)
2025-08-20T17:50:41.7289803Z Using cached pytest_postgresql-7.0.2-py3-none-any.whl (41 kB)
2025-08-20T17:50:41.7302873Z Using cached python_telegram_bot-22.3-py3-none-any.whl (717 kB)
2025-08-20T17:50:41.7320468Z Using cached requests-2.32.4-py3-none-any.whl (64 kB)
2025-08-20T17:50:41.7333550Z Using cached respx-0.22.0-py2.py3-none-any.whl (25 kB)
2025-08-20T17:50:41.7346667Z Using cached ruff-0.4.4-py3-none-manylinux_2_17_x86_64.manylinux2014_x86_64.whl (8.7 MB)
2025-08-20T17:50:41.7421318Z Using cached sqlalchemy-2.0.43-cp311-cp311-manylinux_2_17_x86_64.manylinux2014_x86_64.whl (3.3 MB)
2025-08-20T17:50:41.7474376Z Using cached structlog-24.1.0-py3-none-any.whl (65 kB)
2025-08-20T17:50:41.7496272Z Using cached testcontainers-4.10.0-py3-none-any.whl (107 kB)
2025-08-20T17:50:41.7513189Z Using cached types_requests-2.32.4.20250809-py3-none-any.whl (20 kB)
2025-08-20T17:50:41.7526513Z Using cached docspec_python-2.2.2-py3-none-any.whl (15 kB)
2025-08-20T17:50:41.7539539Z Using cached pydoc_markdown-4.8.2-py3-none-any.whl (67 kB)
2025-08-20T17:50:41.7553136Z Using cached docspec-2.2.1-py3-none-any.whl (9.8 kB)
2025-08-20T17:50:41.7566264Z Using cached psycopg_binary-3.2.9-cp311-cp311-manylinux_2_17_x86_64.manylinux2014_x86_64.whl (4.5 MB)
2025-08-20T17:50:41.7611256Z Using cached pydantic_core-2.33.2-cp311-cp311-manylinux_2_17_x86_64.manylinux2014_x86_64.whl (2.0 MB)
2025-08-20T17:50:41.7638195Z Using cached redis-6.4.0-py3-none-any.whl (279 kB)
2025-08-20T17:50:41.7653247Z Using cached minio-7.2.16-py3-none-any.whl (95 kB)
2025-08-20T17:50:41.7666737Z Using cached httpx-0.28.1-py3-none-any.whl (73 kB)
2025-08-20T17:50:41.7680466Z Using cached mypy-1.17.1-cp311-cp311-manylinux2014_x86_64.manylinux_2_17_x86_64.manylinux_2_28_x86_64.whl (12.6 MB)
2025-08-20T17:50:41.7780299Z Using cached numpy-1.26.4-cp311-cp311-manylinux_2_17_x86_64.manylinux2014_x86_64.whl (18.3 MB)
2025-08-20T17:50:41.7921428Z Using cached pandas-2.2.3-cp311-cp311-manylinux_2_17_x86_64.manylinux2014_x86_64.whl (13.1 MB)
2025-08-20T17:50:41.8027406Z Using cached pandera-0.19.3-py3-none-any.whl (251 kB)
2025-08-20T17:50:41.8042137Z Using cached billiard-4.2.1-py3-none-any.whl (86 kB)
2025-08-20T17:50:41.8055581Z Using cached charset_normalizer-3.4.3-cp311-cp311-manylinux2014_x86_64.manylinux_2_17_x86_64.manylinux_2_28_x86_64.whl (150 kB)
2025-08-20T17:50:41.8069114Z Using cached click-8.2.1-py3-none-any.whl (102 kB)
2025-08-20T17:50:41.8082866Z Using cached databind.core-4.5.2-py3-none-any.whl (1.5 kB)
2025-08-20T17:50:41.8095560Z Using cached databind-4.5.2-py3-none-any.whl (49 kB)
2025-08-20T17:50:41.8108806Z Using cached databind.json-4.5.2-py3-none-any.whl (1.5 kB)
2025-08-20T17:50:41.8121623Z Using cached Deprecated-1.2.18-py2.py3-none-any.whl (10.0 kB)
2025-08-20T17:50:41.8134655Z Using cached httpcore-1.0.9-py3-none-any.whl (78 kB)
2025-08-20T17:50:41.8148609Z Using cached idna-3.10-py3-none-any.whl (70 kB)
2025-08-20T17:50:41.8161739Z Using cached kombu-5.5.4-py3-none-any.whl (210 kB)
2025-08-20T17:50:41.8176088Z Using cached vine-5.1.0-py3-none-any.whl (9.6 kB)
2025-08-20T17:50:41.8188915Z Using cached amqp-5.3.1-py3-none-any.whl (50 kB)
2025-08-20T17:50:41.8202464Z Using cached multimethod-1.10-py3-none-any.whl (9.9 kB)
2025-08-20T17:50:41.8215022Z Using cached nr_date-2.1.0-py3-none-any.whl (10 kB)
2025-08-20T17:50:41.8227851Z Using cached nr_stream-1.1.5-py3-none-any.whl (10 kB)
2025-08-20T17:50:41.8240773Z Using cached nr.util-0.8.12-py3-none-any.whl (90 kB)
2025-08-20T17:50:41.8254307Z Using cached pytest-8.4.1-py3-none-any.whl (365 kB)
2025-08-20T17:50:41.8269623Z Using cached pluggy-1.6.0-py3-none-any.whl (20 kB)
2025-08-20T17:50:41.8283018Z Using cached PyYAML-6.0.2-cp311-cp311-manylinux_2_17_x86_64.manylinux2014_x86_64.whl (762 kB)
2025-08-20T17:50:41.8301095Z Using cached starlette-0.47.2-py3-none-any.whl (72 kB)
2025-08-20T17:50:41.8314510Z Using cached anyio-4.10.0-py3-none-any.whl (107 kB)
2025-08-20T17:50:41.8328241Z Using cached tomli-2.2.1-cp311-cp311-manylinux_2_17_x86_64.manylinux2014_x86_64.whl (236 kB)
2025-08-20T17:50:41.8342391Z Using cached tomli_w-1.2.0-py3-none-any.whl (6.7 kB)
2025-08-20T17:50:41.8355141Z Using cached typeapi-2.2.4-py3-none-any.whl (26 kB)
2025-08-20T17:50:41.8368020Z Using cached typing_extensions-4.14.1-py3-none-any.whl (43 kB)
2025-08-20T17:50:41.8380982Z Using cached urllib3-2.5.0-py3-none-any.whl (129 kB)
2025-08-20T17:50:41.8395059Z Using cached wrapt-1.17.3-cp311-cp311-manylinux1_x86_64.manylinux_2_28_x86_64.manylinux_2_5_x86_64.whl (82 kB)
2025-08-20T17:50:41.8482176Z Downloading boto3-1.40.13-py3-none-any.whl (140 kB)
2025-08-20T17:50:41.8676749Z Downloading botocore-1.40.13-py3-none-any.whl (14.0 MB)
2025-08-20T17:50:41.9376534Z    ━━━━━━━━━━━━━━━━━━━━━━━━━━━━━━━━━━━━━━━━ 14.0/14.0 MB 220.8 MB/s  0:00:00
2025-08-20T17:50:41.9390930Z Using cached jmespath-1.0.1-py3-none-any.whl (20 kB)
2025-08-20T17:50:41.9404647Z Using cached python_dateutil-2.9.0.post0-py2.py3-none-any.whl (229 kB)
2025-08-20T17:50:41.9419416Z Using cached s3transfer-0.13.1-py3-none-any.whl (85 kB)
2025-08-20T17:50:41.9433395Z Using cached itsdangerous-2.2.0-py3-none-any.whl (16 kB)
2025-08-20T17:50:41.9446892Z Using cached python_dotenv-1.1.1-py3-none-any.whl (20 kB)
2025-08-20T17:50:41.9460445Z Using cached python_multipart-0.0.20-py3-none-any.whl (24 kB)
2025-08-20T17:50:41.9473979Z Using cached annotated_types-0.7.0-py3-none-any.whl (13 kB)
2025-08-20T17:50:41.9487061Z Using cached certifi-2025.8.3-py3-none-any.whl (161 kB)
2025-08-20T17:50:41.9501217Z Using cached click_didyoumean-0.3.1-py3-none-any.whl (3.6 kB)
2025-08-20T17:50:41.9514344Z Using cached click_plugins-1.1.1.2-py2.py3-none-any.whl (11 kB)
2025-08-20T17:50:41.9527206Z Using cached click_repl-0.3.0-py3-none-any.whl (10 kB)
2025-08-20T17:50:41.9542916Z Using cached coverage-7.10.4-cp311-cp311-manylinux1_x86_64.manylinux_2_28_x86_64.manylinux_2_5_x86_64.whl (249 kB)
2025-08-20T17:50:41.9557613Z Using cached email_validator-2.2.0-py3-none-any.whl (33 kB)
2025-08-20T17:50:41.9571227Z Using cached dnspython-2.7.0-py3-none-any.whl (313 kB)
2025-08-20T17:50:41.9587003Z Using cached fastapi_cli-0.0.8-py3-none-any.whl (10 kB)
2025-08-20T17:50:41.9600475Z Using cached fastapi_cloud_cli-0.1.5-py3-none-any.whl (18 kB)
2025-08-20T17:50:41.9614449Z Using cached greenlet-3.2.4-cp311-cp311-manylinux_2_24_x86_64.manylinux_2_28_x86_64.whl (587 kB)
2025-08-20T17:50:41.9631879Z Using cached h11-0.16.0-py3-none-any.whl (37 kB)
2025-08-20T17:50:41.9645790Z Using cached iniconfig-2.1.0-py3-none-any.whl (6.0 kB)
2025-08-20T17:50:41.9659580Z Using cached MarkupSafe-3.0.2-cp311-cp311-manylinux_2_17_x86_64.manylinux2014_x86_64.whl (23 kB)
2025-08-20T17:50:41.9673452Z Using cached mirakuru-2.6.1-py3-none-any.whl (26 kB)
2025-08-20T17:50:41.9687308Z Using cached orjson-3.11.2-cp311-cp311-manylinux_2_17_x86_64.manylinux2014_x86_64.whl (121 kB)
2025-08-20T17:50:41.9701519Z Using cached packaging-25.0-py3-none-any.whl (66 kB)
2025-08-20T17:50:41.9715607Z Using cached pathspec-0.12.1-py3-none-any.whl (31 kB)
2025-08-20T17:50:41.9729291Z Using cached platformdirs-4.3.8-py3-none-any.whl (18 kB)
2025-08-20T17:50:41.9742590Z Using cached port_for-0.7.4-py3-none-any.whl (21 kB)
2025-08-20T17:50:41.9756366Z Using cached prompt_toolkit-3.0.51-py3-none-any.whl (387 kB)
2025-08-20T17:50:41.9773339Z Using cached psutil-7.0.0-cp36-abi3-manylinux_2_12_x86_64.manylinux2010_x86_64.manylinux_2_17_x86_64.manylinux2014_x86_64.whl (277 kB)
2025-08-20T17:50:41.9788522Z Using cached pydantic_extra_types-2.10.5-py3-none-any.whl (38 kB)
2025-08-20T17:50:41.9802619Z Using cached pydantic_settings-2.10.1-py3-none-any.whl (45 kB)
2025-08-20T17:50:41.9816413Z Using cached pygments-2.19.2-py3-none-any.whl (1.2 MB)
2025-08-20T17:50:41.9838591Z Using cached pytz-2025.2-py2.py3-none-any.whl (509 kB)
2025-08-20T17:50:41.9855708Z Using cached rich_toolkit-0.15.0-py3-none-any.whl (29 kB)
2025-08-20T17:50:41.9869594Z Using cached rich-14.1.0-py3-none-any.whl (243 kB)
2025-08-20T17:50:41.9884519Z Using cached markdown_it_py-4.0.0-py3-none-any.whl (87 kB)
2025-08-20T17:50:41.9898438Z Using cached mdurl-0.1.2-py3-none-any.whl (10.0 kB)
2025-08-20T17:50:41.9911635Z Using cached rignore-0.6.4-cp311-cp311-manylinux_2_17_x86_64.manylinux2014_x86_64.whl (950 kB)
2025-08-20T17:50:41.9932453Z Using cached sentry_sdk-2.35.0-py2.py3-none-any.whl (363 kB)
2025-08-20T17:50:41.9948545Z Using cached six-1.17.0-py2.py3-none-any.whl (11 kB)
2025-08-20T17:50:41.9962242Z Using cached sniffio-1.3.1-py3-none-any.whl (10 kB)
2025-08-20T17:50:41.9975741Z Using cached typer-0.16.1-py3-none-any.whl (46 kB)
2025-08-20T17:50:41.9989577Z Using cached shellingham-1.5.4-py2.py3-none-any.whl (9.8 kB)
2025-08-20T17:50:42.0003100Z Using cached typing_inspect-0.9.0-py3-none-any.whl (8.8 kB)
2025-08-20T17:50:42.0016742Z Using cached typing_inspection-0.4.1-py3-none-any.whl (14 kB)
2025-08-20T17:50:42.0030310Z Using cached tzdata-2025.2-py2.py3-none-any.whl (347 kB)
2025-08-20T17:50:42.0046232Z Using cached tzlocal-5.3.1-py3-none-any.whl (18 kB)
2025-08-20T17:50:42.0126149Z Downloading ujson-5.11.0-cp311-cp311-manylinux_2_24_x86_64.manylinux_2_28_x86_64.whl (57 kB)
2025-08-20T17:50:42.0161040Z Using cached uvicorn-0.35.0-py3-none-any.whl (66 kB)
2025-08-20T17:50:42.0175782Z Using cached httptools-0.6.4-cp311-cp311-manylinux_2_5_x86_64.manylinux1_x86_64.manylinux_2_17_x86_64.manylinux2014_x86_64.whl (459 kB)
2025-08-20T17:50:42.0192469Z Using cached uvloop-0.21.0-cp311-cp311-manylinux_2_17_x86_64.manylinux2014_x86_64.whl (4.0 MB)
2025-08-20T17:50:42.0234571Z Using cached watchfiles-1.1.0-cp311-cp311-manylinux_2_17_x86_64.manylinux2014_x86_64.whl (453 kB)
2025-08-20T17:50:42.0251532Z Using cached websockets-15.0.1-cp311-cp311-manylinux_2_5_x86_64.manylinux1_x86_64.manylinux_2_17_x86_64.manylinux2014_x86_64.whl (182 kB)
2025-08-20T17:50:42.0265912Z Using cached yapf-0.43.0-py3-none-any.whl (256 kB)
2025-08-20T17:50:42.0281009Z Using cached argon2_cffi-25.1.0-py3-none-any.whl (14 kB)
2025-08-20T17:50:42.0295131Z Using cached argon2_cffi_bindings-25.1.0-cp39-abi3-manylinux_2_26_x86_64.manylinux_2_28_x86_64.whl (87 kB)
2025-08-20T17:50:42.0309142Z Using cached cffi-1.17.1-cp311-cp311-manylinux_2_17_x86_64.manylinux2014_x86_64.whl (467 kB)
2025-08-20T17:50:42.0325763Z Using cached docker-7.1.0-py3-none-any.whl (147 kB)
2025-08-20T17:50:42.0340161Z Using cached et_xmlfile-2.0.0-py3-none-any.whl (18 kB)
2025-08-20T17:50:42.0353860Z Using cached mako-1.3.10-py3-none-any.whl (78 kB)
2025-08-20T17:50:42.0367636Z Using cached pycparser-2.22-py3-none-any.whl (117 kB)
2025-08-20T17:50:42.0382547Z Using cached pycryptodome-3.23.0-cp37-abi3-manylinux_2_17_x86_64.manylinux2014_x86_64.whl (2.3 MB)
2025-08-20T17:50:42.0411553Z Using cached typeguard-4.4.4-py3-none-any.whl (34 kB)
2025-08-20T17:50:42.0425441Z Using cached watchdog-6.0.0-py3-none-manylinux2014_x86_64.whl (79 kB)
2025-08-20T17:50:42.0439512Z Using cached wcwidth-0.2.13-py2.py3-none-any.whl (34 kB)
2025-08-20T17:50:42.4401094Z Installing collected packages: wcwidth, pytz, wrapt, websockets, watchdog, vine, uvloop, urllib3, ujson, tzlocal, tzdata, typing-extensions, tomli_w, tomli, structlog, sniffio, six, shellingham, ruff, rignore, redis, PyYAML, python-multipart, python-dotenv, pygments, pycryptodome, pycparser, psycopg2-binary, psycopg-binary, psutil, prompt-toolkit, port-for, pluggy, platformdirs, pathspec, packaging, orjson, numpy, nr-stream, nr-date, mypy-extensions, multimethod, mdurl, MarkupSafe, jmespath, itsdangerous, iniconfig, imapclient, idna, httptools, h11, greenlet, et-xmlfile, docstring-parser, dnspython, coverage, click, charset_normalizer, certifi, billiard, asyncpg, annotated-types, yapf, uvicorn, typing-inspection, typing-inspect, types-requests, typeguard, typeapi, sqlalchemy, sentry-sdk, requests, python-dateutil, pytest, pydantic-core, psycopg, openpyxl, mypy, mirakuru, markdown-it-py, Mako, Jinja2, httpcore, email-validator, Deprecated, click-repl, click-plugins, click-didyoumean, cffi, black, apscheduler, anyio, amqp, watchfiles, starlette, rich, pytest-postgresql, pytest-cov, pytest-asyncio, pydantic, pandas, nr-util, kombu, httpx, docker, databind, botocore, argon2-cffi-bindings, alembic, typer, testcontainers, s3transfer, rich-toolkit, respx, python-telegram-bot, pydantic-settings, pydantic-extra-types, pandera, fastapi, databind.json, databind.core, celery, asgi-correlation-id, argon2-cffi, minio, fastapi-limiter, fastapi-cloud-cli, fastapi-cli, docspec, boto3, docspec-python, pydoc-markdown
2025-08-20T17:50:58.2366661Z 
2025-08-20T17:50:58.2431849Z Successfully installed Deprecated-1.2.18 Jinja2-3.1.6 Mako-1.3.10 MarkupSafe-3.0.2 PyYAML-6.0.2 alembic-1.13.1 amqp-5.3.1 annotated-types-0.7.0 anyio-4.10.0 apscheduler-3.10.4 argon2-cffi-25.1.0 argon2-cffi-bindings-25.1.0 asgi-correlation-id-4.3.1 asyncpg-0.30.0 billiard-4.2.1 black-25.1.0 boto3-1.40.13 botocore-1.40.13 celery-5.5.3 certifi-2025.8.3 cffi-1.17.1 charset_normalizer-3.4.3 click-8.2.1 click-didyoumean-0.3.1 click-plugins-1.1.1.2 click-repl-0.3.0 coverage-7.10.4 databind-4.5.2 databind.core-4.5.2 databind.json-4.5.2 dnspython-2.7.0 docker-7.1.0 docspec-2.2.1 docspec-python-2.2.2 docstring-parser-0.11 email-validator-2.2.0 et-xmlfile-2.0.0 fastapi-0.116.1 fastapi-cli-0.0.8 fastapi-cloud-cli-0.1.5 fastapi-limiter-0.1.6 greenlet-3.2.4 h11-0.16.0 httpcore-1.0.9 httptools-0.6.4 httpx-0.28.1 idna-3.10 imapclient-3.0.1 iniconfig-2.1.0 itsdangerous-2.2.0 jmespath-1.0.1 kombu-5.5.4 markdown-it-py-4.0.0 mdurl-0.1.2 minio-7.2.16 mirakuru-2.6.1 multimethod-1.10 mypy-1.17.1 mypy-extensions-1.1.0 nr-date-2.1.0 nr-stream-1.1.5 nr-util-0.8.12 numpy-1.26.4 openpyxl-3.1.5 orjson-3.11.2 packaging-25.0 pandas-2.2.3 pandera-0.19.3 pathspec-0.12.1 platformdirs-4.3.8 pluggy-1.6.0 port-for-0.7.4 prompt-toolkit-3.0.51 psutil-7.0.0 psycopg-3.2.9 psycopg-binary-3.2.9 psycopg2-binary-2.9.10 pycparser-2.22 pycryptodome-3.23.0 pydantic-2.11.7 pydantic-core-2.33.2 pydantic-extra-types-2.10.5 pydantic-settings-2.10.1 pydoc-markdown-4.8.2 pygments-2.19.2 pytest-8.4.1 pytest-asyncio-0.23.6 pytest-cov-6.2.1 pytest-postgresql-7.0.2 python-dateutil-2.9.0.post0 python-dotenv-1.1.1 python-multipart-0.0.20 python-telegram-bot-22.3 pytz-2025.2 redis-6.4.0 requests-2.32.4 respx-0.22.0 rich-14.1.0 rich-toolkit-0.15.0 rignore-0.6.4 ruff-0.4.4 s3transfer-0.13.1 sentry-sdk-2.35.0 shellingham-1.5.4 six-1.17.0 sniffio-1.3.1 sqlalchemy-2.0.43 starlette-0.47.2 structlog-24.1.0 testcontainers-4.10.0 tomli-2.2.1 tomli_w-1.2.0 typeapi-2.2.4 typeguard-4.4.4 typer-0.16.1 types-requests-2.32.4.20250809 typing-extensions-4.14.1 typing-inspect-0.9.0 typing-inspection-0.4.1 tzdata-2025.2 tzlocal-5.3.1 ujson-5.11.0 urllib3-2.5.0 uvicorn-0.35.0 uvloop-0.21.0 vine-5.1.0 watchdog-6.0.0 watchfiles-1.1.0 wcwidth-0.2.13 websockets-15.0.1 wrapt-1.17.3 yapf-0.43.0
2025-08-20T17:50:59.4258861Z Collecting keepa==1.3.15
2025-08-20T17:50:59.4273836Z   Using cached keepa-1.3.15-py3-none-any.whl.metadata (11 kB)
2025-08-20T17:50:59.4574830Z Collecting minio==7.1.15
2025-08-20T17:50:59.4589088Z   Using cached minio-7.1.15-py3-none-any.whl.metadata (4.2 kB)
2025-08-20T17:50:59.4613266Z Requirement already satisfied: numpy>=1.9.3 in /opt/hostedtoolcache/Python/3.11.13/x64/lib/python3.11/site-packages (from keepa==1.3.15) (1.26.4)
2025-08-20T17:50:59.4618414Z Requirement already satisfied: requests>=2.2 in /opt/hostedtoolcache/Python/3.11.13/x64/lib/python3.11/site-packages (from keepa==1.3.15) (2.32.4)
2025-08-20T17:50:59.4947023Z Collecting tqdm (from keepa==1.3.15)
2025-08-20T17:50:59.4961063Z   Using cached tqdm-4.67.1-py3-none-any.whl.metadata (57 kB)
2025-08-20T17:50:59.9644301Z Collecting aiohttp (from keepa==1.3.15)
2025-08-20T17:50:59.9660136Z   Using cached aiohttp-3.12.15-cp311-cp311-manylinux_2_17_x86_64.manylinux2014_x86_64.whl.metadata (7.7 kB)
2025-08-20T17:50:59.9689760Z Requirement already satisfied: pandas<=3.0 in /opt/hostedtoolcache/Python/3.11.13/x64/lib/python3.11/site-packages (from keepa==1.3.15) (2.2.3)
2025-08-20T17:50:59.9693750Z Requirement already satisfied: pydantic in /opt/hostedtoolcache/Python/3.11.13/x64/lib/python3.11/site-packages (from keepa==1.3.15) (2.11.7)
2025-08-20T17:50:59.9700985Z Requirement already satisfied: certifi in /opt/hostedtoolcache/Python/3.11.13/x64/lib/python3.11/site-packages (from minio==7.1.15) (2025.8.3)
2025-08-20T17:50:59.9704325Z Requirement already satisfied: urllib3 in /opt/hostedtoolcache/Python/3.11.13/x64/lib/python3.11/site-packages (from minio==7.1.15) (2.5.0)
2025-08-20T17:50:59.9750776Z Requirement already satisfied: python-dateutil>=2.8.2 in /opt/hostedtoolcache/Python/3.11.13/x64/lib/python3.11/site-packages (from pandas<=3.0->keepa==1.3.15) (2.9.0.post0)
2025-08-20T17:50:59.9755443Z Requirement already satisfied: pytz>=2020.1 in /opt/hostedtoolcache/Python/3.11.13/x64/lib/python3.11/site-packages (from pandas<=3.0->keepa==1.3.15) (2025.2)
2025-08-20T17:50:59.9759846Z Requirement already satisfied: tzdata>=2022.7 in /opt/hostedtoolcache/Python/3.11.13/x64/lib/python3.11/site-packages (from pandas<=3.0->keepa==1.3.15) (2025.2)
2025-08-20T17:50:59.9871784Z Requirement already satisfied: six>=1.5 in /opt/hostedtoolcache/Python/3.11.13/x64/lib/python3.11/site-packages (from python-dateutil>=2.8.2->pandas<=3.0->keepa==1.3.15) (1.17.0)
2025-08-20T17:50:59.9888636Z Requirement already satisfied: charset_normalizer<4,>=2 in /opt/hostedtoolcache/Python/3.11.13/x64/lib/python3.11/site-packages (from requests>=2.2->keepa==1.3.15) (3.4.3)
2025-08-20T17:50:59.9893898Z Requirement already satisfied: idna<4,>=2.5 in /opt/hostedtoolcache/Python/3.11.13/x64/lib/python3.11/site-packages (from requests>=2.2->keepa==1.3.15) (3.10)
2025-08-20T17:51:00.0113883Z Collecting aiohappyeyeballs>=2.5.0 (from aiohttp->keepa==1.3.15)
2025-08-20T17:51:00.0127529Z   Using cached aiohappyeyeballs-2.6.1-py3-none-any.whl.metadata (5.9 kB)
2025-08-20T17:51:00.0242746Z Collecting aiosignal>=1.4.0 (from aiohttp->keepa==1.3.15)
2025-08-20T17:51:00.0256079Z   Using cached aiosignal-1.4.0-py3-none-any.whl.metadata (3.7 kB)
2025-08-20T17:51:00.0425855Z Collecting attrs>=17.3.0 (from aiohttp->keepa==1.3.15)
2025-08-20T17:51:00.0439131Z   Using cached attrs-25.3.0-py3-none-any.whl.metadata (10 kB)
2025-08-20T17:51:00.1108301Z Collecting frozenlist>=1.1.1 (from aiohttp->keepa==1.3.15)
2025-08-20T17:51:00.1123141Z   Using cached frozenlist-1.7.0-cp311-cp311-manylinux_2_5_x86_64.manylinux1_x86_64.manylinux_2_17_x86_64.manylinux2014_x86_64.whl.metadata (18 kB)
2025-08-20T17:51:00.3239401Z Collecting multidict<7.0,>=4.5 (from aiohttp->keepa==1.3.15)
2025-08-20T17:51:00.3254902Z   Using cached multidict-6.6.4-cp311-cp311-manylinux2014_x86_64.manylinux_2_17_x86_64.manylinux_2_28_x86_64.whl.metadata (5.3 kB)
2025-08-20T17:51:00.3676599Z Collecting propcache>=0.2.0 (from aiohttp->keepa==1.3.15)
2025-08-20T17:51:00.3690278Z   Using cached propcache-0.3.2-cp311-cp311-manylinux_2_17_x86_64.manylinux2014_x86_64.whl.metadata (12 kB)
2025-08-20T17:51:00.6193713Z Collecting yarl<2.0,>=1.17.0 (from aiohttp->keepa==1.3.15)
2025-08-20T17:51:00.6209013Z   Using cached yarl-1.20.1-cp311-cp311-manylinux_2_17_x86_64.manylinux2014_x86_64.whl.metadata (73 kB)
2025-08-20T17:51:00.6404102Z Requirement already satisfied: typing-extensions>=4.2 in /opt/hostedtoolcache/Python/3.11.13/x64/lib/python3.11/site-packages (from aiosignal>=1.4.0->aiohttp->keepa==1.3.15) (4.14.1)
2025-08-20T17:51:00.6447835Z Requirement already satisfied: annotated-types>=0.6.0 in /opt/hostedtoolcache/Python/3.11.13/x64/lib/python3.11/site-packages (from pydantic->keepa==1.3.15) (0.7.0)
2025-08-20T17:51:00.6453070Z Requirement already satisfied: pydantic-core==2.33.2 in /opt/hostedtoolcache/Python/3.11.13/x64/lib/python3.11/site-packages (from pydantic->keepa==1.3.15) (2.33.2)
2025-08-20T17:51:00.6458967Z Requirement already satisfied: typing-inspection>=0.4.0 in /opt/hostedtoolcache/Python/3.11.13/x64/lib/python3.11/site-packages (from pydantic->keepa==1.3.15) (0.4.1)
2025-08-20T17:51:00.6515699Z Using cached keepa-1.3.15-py3-none-any.whl (38 kB)
2025-08-20T17:51:00.6528964Z Using cached minio-7.1.15-py3-none-any.whl (77 kB)
2025-08-20T17:51:00.6542891Z Using cached aiohttp-3.12.15-cp311-cp311-manylinux_2_17_x86_64.manylinux2014_x86_64.whl (1.7 MB)
2025-08-20T17:51:00.6568242Z Using cached multidict-6.6.4-cp311-cp311-manylinux2014_x86_64.manylinux_2_17_x86_64.manylinux_2_28_x86_64.whl (246 kB)
2025-08-20T17:51:00.6582367Z Using cached yarl-1.20.1-cp311-cp311-manylinux_2_17_x86_64.manylinux2014_x86_64.whl (348 kB)
2025-08-20T17:51:00.6597812Z Using cached aiohappyeyeballs-2.6.1-py3-none-any.whl (15 kB)
2025-08-20T17:51:00.6610403Z Using cached aiosignal-1.4.0-py3-none-any.whl (7.5 kB)
2025-08-20T17:51:00.6623246Z Using cached attrs-25.3.0-py3-none-any.whl (63 kB)
2025-08-20T17:51:00.6636872Z Using cached frozenlist-1.7.0-cp311-cp311-manylinux_2_5_x86_64.manylinux1_x86_64.manylinux_2_17_x86_64.manylinux2014_x86_64.whl (235 kB)
2025-08-20T17:51:00.6650971Z Using cached propcache-0.3.2-cp311-cp311-manylinux_2_17_x86_64.manylinux2014_x86_64.whl (213 kB)
2025-08-20T17:51:00.6665016Z Using cached tqdm-4.67.1-py3-none-any.whl (78 kB)
2025-08-20T17:51:00.8137306Z Installing collected packages: tqdm, propcache, multidict, minio, frozenlist, attrs, aiohappyeyeballs, yarl, aiosignal, aiohttp, keepa
2025-08-20T17:51:00.8784084Z   Attempting uninstall: minio
2025-08-20T17:51:00.8814526Z     Found existing installation: minio 7.2.16
2025-08-20T17:51:00.8847068Z     Uninstalling minio-7.2.16:
2025-08-20T17:51:00.8856368Z       Successfully uninstalled minio-7.2.16
2025-08-20T17:51:01.1966206Z 
2025-08-20T17:51:01.2019673Z Successfully installed aiohappyeyeballs-2.6.1 aiohttp-3.12.15 aiosignal-1.4.0 attrs-25.3.0 frozenlist-1.7.0 keepa-1.3.15 minio-7.1.15 multidict-6.6.4 propcache-0.3.2 tqdm-4.67.1 yarl-1.20.1
2025-08-20T17:51:01.3542253Z ##[group]Run sudo apt-get update
2025-08-20T17:51:01.3542580Z [36;1msudo apt-get update[0m
2025-08-20T17:51:01.3542846Z [36;1msudo apt-get install -y postgresql[0m
2025-08-20T17:51:01.3543344Z [36;1mecho "/usr/lib/postgresql/$(pg_config --version | cut -d' ' -f2 | cut -d'.' -f1,2)/bin" >> $GITHUB_PATH[0m
2025-08-20T17:51:01.3584336Z shell: /usr/bin/bash -e {0}
2025-08-20T17:51:01.3584572Z env:
2025-08-20T17:51:01.3584787Z   PG_USER: postgres
2025-08-20T17:51:01.3584984Z   PG_PASSWORD: pass
2025-08-20T17:51:01.3585175Z   PG_DATABASE: awa
2025-08-20T17:51:01.3585360Z   PG_HOST: localhost
2025-08-20T17:51:01.3585556Z   PG_PORT: 5432
2025-08-20T17:51:01.3586194Z   PG_SYNC_DSN: ***localhost:5432/awa
2025-08-20T17:51:01.3586600Z   PG_ASYNC_DSN: ***localhost:5432/awa
2025-08-20T17:51:01.3586997Z   DATABASE_URL: ***localhost:5432/awa
2025-08-20T17:51:01.3587238Z   DATA_DIR: /tmp/awa-data
2025-08-20T17:51:01.3587449Z   ENABLE_LIVE: 0
2025-08-20T17:51:01.3587628Z   TESTING: 1
2025-08-20T17:51:01.3587899Z   pythonLocation: /opt/hostedtoolcache/Python/3.11.13/x64
2025-08-20T17:51:01.3588300Z   PKG_CONFIG_PATH: /opt/hostedtoolcache/Python/3.11.13/x64/lib/pkgconfig
2025-08-20T17:51:01.3588683Z   Python_ROOT_DIR: /opt/hostedtoolcache/Python/3.11.13/x64
2025-08-20T17:51:01.3589033Z   Python2_ROOT_DIR: /opt/hostedtoolcache/Python/3.11.13/x64
2025-08-20T17:51:01.3589390Z   Python3_ROOT_DIR: /opt/hostedtoolcache/Python/3.11.13/x64
2025-08-20T17:51:01.3589743Z   LD_LIBRARY_PATH: /opt/hostedtoolcache/Python/3.11.13/x64/lib
2025-08-20T17:51:01.3590040Z ##[endgroup]
2025-08-20T17:51:01.4560629Z Get:1 file:/etc/apt/apt-mirrors.txt Mirrorlist [144 B]
2025-08-20T17:51:01.4890478Z Hit:2 http://azure.archive.ubuntu.com/ubuntu noble InRelease
2025-08-20T17:51:01.4901667Z Hit:6 https://packages.microsoft.com/repos/azure-cli noble InRelease
2025-08-20T17:51:01.4910203Z Get:3 http://azure.archive.ubuntu.com/ubuntu noble-updates InRelease [126 kB]
2025-08-20T17:51:01.4970523Z Get:4 http://azure.archive.ubuntu.com/ubuntu noble-backports InRelease [126 kB]
2025-08-20T17:51:01.5017764Z Get:5 http://azure.archive.ubuntu.com/ubuntu noble-security InRelease [126 kB]
2025-08-20T17:51:01.5068031Z Get:7 https://packages.microsoft.com/ubuntu/24.04/prod noble InRelease [3600 B]
2025-08-20T17:51:01.6926550Z Get:8 http://azure.archive.ubuntu.com/ubuntu noble-updates/main amd64 Packages [1349 kB]
2025-08-20T17:51:01.7054958Z Get:9 http://azure.archive.ubuntu.com/ubuntu noble-updates/main Translation-en [268 kB]
2025-08-20T17:51:01.7082201Z Get:10 http://azure.archive.ubuntu.com/ubuntu noble-updates/main amd64 Components [175 kB]
2025-08-20T17:51:01.7100589Z Get:11 http://azure.archive.ubuntu.com/ubuntu noble-updates/universe amd64 Packages [1124 kB]
2025-08-20T17:51:01.7172692Z Get:12 http://azure.archive.ubuntu.com/ubuntu noble-updates/universe Translation-en [288 kB]
2025-08-20T17:51:01.7228545Z Get:13 http://azure.archive.ubuntu.com/ubuntu noble-updates/universe amd64 Components [377 kB]
2025-08-20T17:51:01.7239086Z Get:14 http://azure.archive.ubuntu.com/ubuntu noble-updates/restricted amd64 Packages [1728 kB]
2025-08-20T17:51:01.7388379Z Get:15 http://azure.archive.ubuntu.com/ubuntu noble-updates/restricted Translation-en [382 kB]
2025-08-20T17:51:01.7394215Z Get:16 http://azure.archive.ubuntu.com/ubuntu noble-updates/restricted amd64 Components [212 B]
2025-08-20T17:51:01.7435289Z Get:17 http://azure.archive.ubuntu.com/ubuntu noble-updates/multiverse amd64 Components [940 B]
2025-08-20T17:51:01.7953346Z Get:18 http://azure.archive.ubuntu.com/ubuntu noble-backports/main amd64 Components [7060 B]
2025-08-20T17:51:01.7970022Z Get:19 http://azure.archive.ubuntu.com/ubuntu noble-backports/universe amd64 Packages [30.2 kB]
2025-08-20T17:51:01.7981794Z Get:20 http://azure.archive.ubuntu.com/ubuntu noble-backports/universe Translation-en [17.4 kB]
2025-08-20T17:51:01.7989395Z Get:21 http://azure.archive.ubuntu.com/ubuntu noble-backports/universe amd64 Components [19.2 kB]
2025-08-20T17:51:01.7997427Z Get:22 http://azure.archive.ubuntu.com/ubuntu noble-backports/restricted amd64 Components [216 B]
2025-08-20T17:51:01.8005042Z Get:23 http://azure.archive.ubuntu.com/ubuntu noble-backports/multiverse amd64 Components [212 B]
2025-08-20T17:51:01.8155078Z Get:24 http://azure.archive.ubuntu.com/ubuntu noble-security/main amd64 Packages [1081 kB]
2025-08-20T17:51:01.8218979Z Get:25 http://azure.archive.ubuntu.com/ubuntu noble-security/main Translation-en [187 kB]
2025-08-20T17:51:01.8239514Z Get:26 http://azure.archive.ubuntu.com/ubuntu noble-security/main amd64 Components [21.6 kB]
2025-08-20T17:51:01.8248164Z Get:27 http://azure.archive.ubuntu.com/ubuntu noble-security/universe amd64 Packages [881 kB]
2025-08-20T17:51:01.8301457Z Get:28 http://azure.archive.ubuntu.com/ubuntu noble-security/universe Translation-en [195 kB]
2025-08-20T17:51:01.8329448Z Get:29 http://azure.archive.ubuntu.com/ubuntu noble-security/universe amd64 Components [52.2 kB]
2025-08-20T17:51:01.8335647Z Get:30 http://azure.archive.ubuntu.com/ubuntu noble-security/restricted amd64 Packages [1625 kB]
2025-08-20T17:51:01.8421398Z Get:31 http://azure.archive.ubuntu.com/ubuntu noble-security/restricted Translation-en [359 kB]
2025-08-20T17:51:01.8638621Z Get:34 https://packages.microsoft.com/ubuntu/24.04/prod noble/main amd64 Packages [48.0 kB]
2025-08-20T17:51:01.8674603Z Get:35 https://packages.microsoft.com/ubuntu/24.04/prod noble/main arm64 Packages [33.2 kB]
2025-08-20T17:51:01.8701498Z Get:36 https://packages.microsoft.com/ubuntu/24.04/prod noble/main armhf Packages [9870 B]
2025-08-20T17:51:01.8889505Z Get:32 http://azure.archive.ubuntu.com/ubuntu noble-security/restricted amd64 Components [212 B]
2025-08-20T17:51:01.8897543Z Get:33 http://azure.archive.ubuntu.com/ubuntu noble-security/multiverse amd64 Components [208 B]
2025-08-20T17:51:10.8285697Z Fetched 10.6 MB in 1s (8060 kB/s)
2025-08-20T17:51:11.4833657Z Reading package lists...
2025-08-20T17:51:11.5147355Z Reading package lists...
2025-08-20T17:51:11.6480279Z Building dependency tree...
2025-08-20T17:51:11.6487586Z Reading state information...
2025-08-20T17:51:11.7826490Z Suggested packages:
2025-08-20T17:51:11.7826771Z   postgresql-doc
2025-08-20T17:51:11.8080734Z The following NEW packages will be installed:
2025-08-20T17:51:11.8081519Z   postgresql
2025-08-20T17:51:11.8242924Z 0 upgraded, 1 newly installed, 0 to remove and 47 not upgraded.
2025-08-20T17:51:11.8243474Z Need to get 11.6 kB of archives.
2025-08-20T17:51:11.8244033Z After this operation, 17.4 kB of additional disk space will be used.
2025-08-20T17:51:11.8244615Z Get:1 file:/etc/apt/apt-mirrors.txt Mirrorlist [144 B]
2025-08-20T17:51:11.8721561Z Get:2 http://azure.archive.ubuntu.com/ubuntu noble-updates/main amd64 postgresql all 16+257build1.1 [11.6 kB]
2025-08-20T17:51:12.1171114Z Fetched 11.6 kB in 0s (199 kB/s)
2025-08-20T17:51:12.1421020Z Selecting previously unselected package postgresql.
2025-08-20T17:51:12.1942238Z (Reading database ... 
2025-08-20T17:51:12.1942894Z (Reading database ... 5%
2025-08-20T17:51:12.1943388Z (Reading database ... 10%
2025-08-20T17:51:12.1943874Z (Reading database ... 15%
2025-08-20T17:51:12.1944249Z (Reading database ... 20%
2025-08-20T17:51:12.1944531Z (Reading database ... 25%
2025-08-20T17:51:12.1944792Z (Reading database ... 30%
2025-08-20T17:51:12.1945051Z (Reading database ... 35%
2025-08-20T17:51:12.1945306Z (Reading database ... 40%
2025-08-20T17:51:12.1945843Z (Reading database ... 45%
2025-08-20T17:51:12.1946105Z (Reading database ... 50%
2025-08-20T17:51:12.2850364Z (Reading database ... 55%
2025-08-20T17:51:12.4094091Z (Reading database ... 60%
2025-08-20T17:51:12.5978373Z (Reading database ... 65%
2025-08-20T17:51:12.7689313Z (Reading database ... 70%
2025-08-20T17:51:12.8346488Z (Reading database ... 75%
2025-08-20T17:51:13.2797270Z (Reading database ... 80%
2025-08-20T17:51:13.8435727Z (Reading database ... 85%
2025-08-20T17:51:14.3754015Z (Reading database ... 90%
2025-08-20T17:51:14.9773744Z (Reading database ... 95%
2025-08-20T17:51:14.9774480Z (Reading database ... 100%
2025-08-20T17:51:14.9781414Z (Reading database ... 219881 files and directories currently installed.)
2025-08-20T17:51:14.9832898Z Preparing to unpack .../postgresql_16+257build1.1_all.deb ...
2025-08-20T17:51:14.9868468Z Unpacking postgresql (16+257build1.1) ...
2025-08-20T17:51:15.0303899Z Setting up postgresql (16+257build1.1) ...
2025-08-20T17:51:15.9479838Z 
2025-08-20T17:51:15.9480337Z Running kernel seems to be up-to-date.
2025-08-20T17:51:15.9480754Z 
2025-08-20T17:51:15.9480898Z Restarting services...
2025-08-20T17:51:15.9545155Z 
2025-08-20T17:51:15.9545726Z Service restarts being deferred:
2025-08-20T17:51:15.9546576Z  systemctl restart hosted-compute-agent.service
2025-08-20T17:51:15.9546942Z 
2025-08-20T17:51:15.9547105Z No containers need to be restarted.
2025-08-20T17:51:15.9547382Z 
2025-08-20T17:51:15.9547573Z No user sessions are running outdated binaries.
2025-08-20T17:51:15.9547891Z 
2025-08-20T17:51:15.9548160Z No VM guests are running outdated hypervisor (qemu) binaries on this host.
2025-08-20T17:51:16.7304344Z ##[group]Run pytest tests/db -q --cov=services --cov-append --cov-fail-under=0
2025-08-20T17:51:16.7304883Z [36;1mpytest tests/db -q --cov=services --cov-append --cov-fail-under=0[0m
2025-08-20T17:51:16.7345294Z shell: /usr/bin/bash -e {0}
2025-08-20T17:51:16.7345529Z env:
2025-08-20T17:51:16.7345709Z   PG_USER: postgres
2025-08-20T17:51:16.7345926Z   PG_PASSWORD: pass
2025-08-20T17:51:16.7346106Z   PG_DATABASE: awa
2025-08-20T17:51:16.7346292Z   PG_HOST: localhost
2025-08-20T17:51:16.7346480Z   PG_PORT: 5432
2025-08-20T17:51:16.7346991Z   PG_SYNC_DSN: ***localhost:5432/awa
2025-08-20T17:51:16.7347401Z   PG_ASYNC_DSN: ***localhost:5432/awa
2025-08-20T17:51:16.7347786Z   DATABASE_URL: ***localhost:5432/awa
2025-08-20T17:51:16.7348030Z   DATA_DIR: /tmp/awa-data
2025-08-20T17:51:16.7348238Z   ENABLE_LIVE: 0
2025-08-20T17:51:16.7348416Z   TESTING: 1
2025-08-20T17:51:16.7348660Z   pythonLocation: /opt/hostedtoolcache/Python/3.11.13/x64
2025-08-20T17:51:16.7349096Z   PKG_CONFIG_PATH: /opt/hostedtoolcache/Python/3.11.13/x64/lib/pkgconfig
2025-08-20T17:51:16.7349489Z   Python_ROOT_DIR: /opt/hostedtoolcache/Python/3.11.13/x64
2025-08-20T17:51:16.7349835Z   Python2_ROOT_DIR: /opt/hostedtoolcache/Python/3.11.13/x64
2025-08-20T17:51:16.7350186Z   Python3_ROOT_DIR: /opt/hostedtoolcache/Python/3.11.13/x64
2025-08-20T17:51:16.7350546Z   LD_LIBRARY_PATH: /opt/hostedtoolcache/Python/3.11.13/x64/lib
2025-08-20T17:51:16.7350847Z ##[endgroup]
2025-08-20T17:51:20.0083465Z ............                                                             [100%]
2025-08-20T17:51:20.0084188Z ================================ tests coverage ================================
2025-08-20T17:51:20.0084776Z _______________ coverage: platform linux, python 3.11.13-final-0 _______________
2025-08-20T17:51:20.0085112Z 
2025-08-20T17:51:20.0085250Z Coverage XML written to file coverage.xml
2025-08-20T17:51:20.2057043Z ##[group]Run actions/upload-artifact@v4
2025-08-20T17:51:20.2057481Z with:
2025-08-20T17:51:20.2057777Z   name: coverage.integration
2025-08-20T17:51:20.2058135Z   path: .coverage
2025-08-20T17:51:20.2058455Z   if-no-files-found: warn
2025-08-20T17:51:20.2058809Z   compression-level: 6
2025-08-20T17:51:20.2059135Z   overwrite: false
2025-08-20T17:51:20.2059455Z   include-hidden-files: false
2025-08-20T17:51:20.2059804Z env:
2025-08-20T17:51:20.2060069Z   PG_USER: postgres
2025-08-20T17:51:20.2060593Z   PG_PASSWORD: pass
2025-08-20T17:51:20.2060892Z   PG_DATABASE: awa
2025-08-20T17:51:20.2061192Z   PG_HOST: localhost
2025-08-20T17:51:20.2061496Z   PG_PORT: 5432
2025-08-20T17:51:20.2062289Z   PG_SYNC_DSN: ***localhost:5432/awa
2025-08-20T17:51:20.2062938Z   PG_ASYNC_DSN: ***localhost:5432/awa
2025-08-20T17:51:20.2063570Z   DATABASE_URL: ***localhost:5432/awa
2025-08-20T17:51:20.2063958Z   DATA_DIR: /tmp/awa-data
2025-08-20T17:51:20.2064292Z   ENABLE_LIVE: 0
2025-08-20T17:51:20.2064606Z   TESTING: 1
2025-08-20T17:51:20.2064995Z   pythonLocation: /opt/hostedtoolcache/Python/3.11.13/x64
2025-08-20T17:51:20.2065645Z   PKG_CONFIG_PATH: /opt/hostedtoolcache/Python/3.11.13/x64/lib/pkgconfig
2025-08-20T17:51:20.2066283Z   Python_ROOT_DIR: /opt/hostedtoolcache/Python/3.11.13/x64
2025-08-20T17:51:20.2066855Z   Python2_ROOT_DIR: /opt/hostedtoolcache/Python/3.11.13/x64
2025-08-20T17:51:20.2067423Z   Python3_ROOT_DIR: /opt/hostedtoolcache/Python/3.11.13/x64
2025-08-20T17:51:20.2068009Z   LD_LIBRARY_PATH: /opt/hostedtoolcache/Python/3.11.13/x64/lib
2025-08-20T17:51:20.2068477Z ##[endgroup]
2025-08-20T17:51:20.4224603Z ##[warning]No files were found with the provided path: .coverage. No artifacts will be uploaded.
2025-08-20T17:51:20.4817593Z Post job cleanup.
2025-08-20T17:51:20.6072461Z Cache hit occurred on the primary key Linux-int-29fc3204f837bce43d81586a404709764a9accd1f738d0c33a52a32bf7a0c312, not saving cache.
2025-08-20T17:51:20.6163137Z Post job cleanup.
2025-08-20T17:51:20.7651747Z Cache hit occurred on the primary key setup-python-Linux-x64-24.04-Ubuntu-python-3.11.13-pip-29fc3204f837bce43d81586a404709764a9accd1f738d0c33a52a32bf7a0c312, not saving cache.
2025-08-20T17:51:20.7747268Z Post job cleanup.
2025-08-20T17:51:20.8674453Z [command]/usr/bin/git version
2025-08-20T17:51:20.8709580Z git version 2.50.1
2025-08-20T17:51:20.8751453Z Temporarily overriding HOME='/home/runner/work/_temp/0dc3213e-d20e-4bc1-87e0-79d0d66d9b24' before making global git config changes
2025-08-20T17:51:20.8752839Z Adding repository directory to the temporary git global config as a safe directory
2025-08-20T17:51:20.8763736Z [command]/usr/bin/git config --global --add safe.directory /home/runner/work/AWA-App/AWA-App
2025-08-20T17:51:20.8797677Z [command]/usr/bin/git config --local --name-only --get-regexp core\.sshCommand
2025-08-20T17:51:20.8829435Z [command]/usr/bin/git submodule foreach --recursive sh -c "git config --local --name-only --get-regexp 'core\.sshCommand' && git config --local --unset-all 'core.sshCommand' || :"
2025-08-20T17:51:20.9074140Z [command]/usr/bin/git config --local --name-only --get-regexp http\.https\:\/\/github\.com\/\.extraheader
2025-08-20T17:51:20.9097628Z http.https://github.com/.extraheader
2025-08-20T17:51:20.9110319Z [command]/usr/bin/git config --local --unset-all http.https://github.com/.extraheader
2025-08-20T17:51:20.9143112Z [command]/usr/bin/git submodule foreach --recursive sh -c "git config --local --name-only --get-regexp 'http\.https\:\/\/github\.com\/\.extraheader' && git config --local --unset-all 'http.https://github.com/.extraheader' || :"
2025-08-20T17:51:20.9467452Z Print service container logs: 6ae3e740a53e4f74a77bd7c0949b97f9_postgres15_10c13a
2025-08-20T17:51:20.9471696Z ##[command]/usr/bin/docker logs --details 13ddeb66ebe533f13dbe6629836edc30b85875da13693513dc05ef2ea0d76b41
2025-08-20T17:51:20.9594295Z  The files belonging to this database system will be owned by user "postgres".
2025-08-20T17:51:20.9596423Z  initdb: warning: enabling "trust" authentication for local connections
2025-08-20T17:51:20.9597542Z  initdb: hint: You can change this by editing pg_hba.conf or using the option -A, or --auth-local and --auth-host, the next time you run initdb.
2025-08-20T17:51:20.9598469Z  This user must also own the server process.
2025-08-20T17:51:20.9598886Z  
2025-08-20T17:51:20.9599303Z  The database cluster will be initialized with locale "en_US.utf8".
2025-08-20T17:51:20.9599999Z  The default database encoding has accordingly been set to "UTF8".
2025-08-20T17:51:20.9600960Z  The default text search configuration will be set to "english".
2025-08-20T17:51:20.9601511Z  
2025-08-20T17:51:20.9601821Z  Data page checksums are disabled.
2025-08-20T17:51:20.9602384Z  
2025-08-20T17:51:20.9602846Z  fixing permissions on existing directory /var/lib/postgresql/data ... ok
2025-08-20T17:51:20.9603461Z  creating subdirectories ... ok
2025-08-20T17:51:20.9603956Z  selecting dynamic shared memory implementation ... posix
2025-08-20T17:51:20.9604502Z  selecting default max_connections ... 100
2025-08-20T17:51:20.9604970Z  selecting default shared_buffers ... 128MB
2025-08-20T17:51:20.9605419Z  selecting default time zone ... Etc/UTC
2025-08-20T17:51:20.9605859Z  creating configuration files ... ok
2025-08-20T17:51:20.9606286Z  running bootstrap script ... ok
2025-08-20T17:51:20.9606736Z  performing post-bootstrap initialization ... ok
2025-08-20T17:51:20.9607208Z  syncing data to disk ... ok
2025-08-20T17:51:20.9607552Z  
2025-08-20T17:51:20.9607802Z  
2025-08-20T17:51:20.9608161Z  Success. You can now start the database server using:
2025-08-20T17:51:20.9608628Z  
2025-08-20T17:51:20.9608970Z      pg_ctl -D /var/lib/postgresql/data -l logfile start
2025-08-20T17:51:20.9609421Z  
2025-08-20T17:51:20.9610343Z  waiting for server to start....2025-08-20 17:50:18.931 UTC [48] LOG:  starting PostgreSQL 15.14 (Debian 15.14-1.pgdg13+1) on x86_64-pc-linux-gnu, compiled by gcc (Debian 14.2.0-19) 14.2.0, 64-bit
2025-08-20T17:51:20.9611634Z  2025-08-20 17:50:18.932 UTC [48] LOG:  listening on Unix socket "/var/run/postgresql/.s.PGSQL.5432"
2025-08-20T17:51:20.9612925Z  2025-08-20 17:50:19.232 UTC [1] LOG:  starting PostgreSQL 15.14 (Debian 15.14-1.pgdg13+1) on x86_64-pc-linux-gnu, compiled by gcc (Debian 14.2.0-19) 14.2.0, 64-bit
2025-08-20T17:51:20.9613969Z  2025-08-20 17:50:19.232 UTC [1] LOG:  listening on IPv4 address "0.0.0.0", port 5432
2025-08-20T17:51:20.9614670Z  2025-08-20 17:50:19.232 UTC [1] LOG:  listening on IPv6 address "::", port 5432
2025-08-20T17:51:20.9615606Z  2025-08-20 17:50:19.233 UTC [1] LOG:  listening on Unix socket "/var/run/postgresql/.s.PGSQL.5432"
2025-08-20T17:51:20.9616442Z  2025-08-20 17:50:19.235 UTC [64] LOG:  database system was shut down at 2025-08-20 17:50:19 UTC
2025-08-20T17:51:20.9617197Z  2025-08-20 17:50:19.239 UTC [1] LOG:  database system is ready to accept connections
2025-08-20T17:51:20.9617676Z  2025-08-20 17:50:18.934 UTC [51] LOG:  database system was shut down at 2025-08-20 17:50:18 UTC
2025-08-20T17:51:20.9618129Z  2025-08-20 17:50:18.938 UTC [48] LOG:  database system is ready to accept connections
2025-08-20T17:51:20.9618460Z   done
2025-08-20T17:51:20.9618626Z  server started
2025-08-20T17:51:20.9618807Z  CREATE DATABASE
2025-08-20T17:51:20.9618984Z  
2025-08-20T17:51:20.9619132Z  
2025-08-20T17:51:20.9619425Z  /usr/local/bin/docker-entrypoint.sh: ignoring /docker-entrypoint-initdb.d/*
2025-08-20T17:51:20.9619790Z  
2025-08-20T17:51:20.9620021Z  2025-08-20 17:50:19.114 UTC [48] LOG:  received fast shutdown request
2025-08-20T17:51:20.9620719Z  waiting for server to shut down....2025-08-20 17:50:19.115 UTC [48] LOG:  aborting any active transactions
2025-08-20T17:51:20.9621326Z  2025-08-20 17:50:19.116 UTC [48] LOG:  background worker "logical replication launcher" (PID 54) exited with exit code 1
2025-08-20T17:51:20.9621799Z  2025-08-20 17:50:19.116 UTC [49] LOG:  shutting down
2025-08-20T17:51:20.9622357Z  2025-08-20 17:50:19.117 UTC [49] LOG:  checkpoint starting: shutdown immediate
2025-08-20T17:51:20.9623186Z  2025-08-20 17:50:19.133 UTC [49] LOG:  checkpoint complete: wrote 922 buffers (5.6%); 0 WAL file(s) added, 0 removed, 0 recycled; write=0.013 s, sync=0.002 s, total=0.017 s; sync files=301, longest=0.001 s, average=0.001 s; distance=4239 kB, estimate=4239 kB
2025-08-20T17:51:20.9623998Z  2025-08-20 17:50:19.139 UTC [48] LOG:  database system is shut down
2025-08-20T17:51:20.9624297Z   done
2025-08-20T17:51:20.9624465Z  server stopped
2025-08-20T17:51:20.9624638Z  
2025-08-20T17:51:20.9624851Z  PostgreSQL init process complete; ready for start up.
2025-08-20T17:51:20.9625263Z  
2025-08-20T17:51:20.9630068Z Stop and remove container: 6ae3e740a53e4f74a77bd7c0949b97f9_postgres15_10c13a
2025-08-20T17:51:20.9634778Z ##[command]/usr/bin/docker rm --force 13ddeb66ebe533f13dbe6629836edc30b85875da13693513dc05ef2ea0d76b41
2025-08-20T17:51:21.7531595Z 13ddeb66ebe533f13dbe6629836edc30b85875da13693513dc05ef2ea0d76b41
2025-08-20T17:51:21.7559100Z Remove container network: github_network_e24997031e264ce7bf1c3ae1e6867cc8
2025-08-20T17:51:21.7563456Z ##[command]/usr/bin/docker network rm github_network_e24997031e264ce7bf1c3ae1e6867cc8
2025-08-20T17:51:21.8786745Z github_network_e24997031e264ce7bf1c3ae1e6867cc8
2025-08-20T17:51:21.8840745Z Cleaning up orphan processes
