2025-08-19T08:15:12.4651315Z Current runner version: '2.327.1'
2025-08-19T08:15:12.4673064Z ##[group]Runner Image Provisioner
2025-08-19T08:15:12.4673964Z Hosted Compute Agent
2025-08-19T08:15:12.4674722Z Version: 20250818.377
2025-08-19T08:15:12.4675362Z Commit: 3c593e9f75fe0b87e893bca80d6e12ba089c61fc
2025-08-19T08:15:12.4676069Z Build Date: 2025-08-18T14:52:18Z
2025-08-19T08:15:12.4676765Z ##[endgroup]
2025-08-19T08:15:12.4677279Z ##[group]Operating System
2025-08-19T08:15:12.4677846Z Ubuntu
2025-08-19T08:15:12.4678405Z 24.04.2
2025-08-19T08:15:12.4678890Z LTS
2025-08-19T08:15:12.4679383Z ##[endgroup]
2025-08-19T08:15:12.4679928Z ##[group]Runner Image
2025-08-19T08:15:12.4680493Z Image: ubuntu-24.04
2025-08-19T08:15:12.4680978Z Version: 20250810.1.0
2025-08-19T08:15:12.4682049Z Included Software: https://github.com/actions/runner-images/blob/ubuntu24/20250810.1/images/ubuntu/Ubuntu2404-Readme.md
2025-08-19T08:15:12.4683637Z Image Release: https://github.com/actions/runner-images/releases/tag/ubuntu24%2F20250810.1
2025-08-19T08:15:12.4685021Z ##[endgroup]
2025-08-19T08:15:12.4687553Z ##[group]GITHUB_TOKEN Permissions
2025-08-19T08:15:12.4689579Z Actions: write
2025-08-19T08:15:12.4690132Z Attestations: write
2025-08-19T08:15:12.4690707Z Checks: write
2025-08-19T08:15:12.4691221Z Contents: write
2025-08-19T08:15:12.4691757Z Deployments: write
2025-08-19T08:15:12.4692238Z Discussions: write
2025-08-19T08:15:12.4692778Z Issues: write
2025-08-19T08:15:12.4693256Z Metadata: read
2025-08-19T08:15:12.4693787Z Models: read
2025-08-19T08:15:12.4694585Z Packages: write
2025-08-19T08:15:12.4695184Z Pages: write
2025-08-19T08:15:12.4695701Z PullRequests: write
2025-08-19T08:15:12.4696213Z RepositoryProjects: write
2025-08-19T08:15:12.4696882Z SecurityEvents: write
2025-08-19T08:15:12.4697524Z Statuses: write
2025-08-19T08:15:12.4698034Z ##[endgroup]
2025-08-19T08:15:12.4700073Z Secret source: Actions
2025-08-19T08:15:12.4700768Z Prepare workflow directory
2025-08-19T08:15:12.5107913Z Prepare all required actions
2025-08-19T08:15:12.5144655Z Getting action download info
2025-08-19T08:15:13.0344064Z Download action repository 'actions/checkout@v4' (SHA:08eba0b27e820071cde6df949e0beb9ba4906955)
2025-08-19T08:15:13.6491645Z Download action repository 'actions/setup-python@v5' (SHA:a26af69be951a213d495a4c3e4e4022e16d87065)
2025-08-19T08:15:14.2893945Z Download action repository 'actions/cache@v4' (SHA:0400d5f644dc74513175e3cd8d07132dd4860809)
2025-08-19T08:15:14.9710528Z Download action repository 'actions/upload-artifact@v4' (SHA:ea165f8d65b6e75b540449e92b4886f43607fa02)
2025-08-19T08:15:15.2347620Z Complete job name: integration-db
2025-08-19T08:15:15.2892126Z ##[group]Checking docker version
2025-08-19T08:15:15.2905950Z ##[command]/usr/bin/docker version --format '{{.Server.APIVersion}}'
2025-08-19T08:15:15.3810255Z '1.48'
2025-08-19T08:15:15.3822663Z Docker daemon API version: '1.48'
2025-08-19T08:15:15.3824083Z ##[command]/usr/bin/docker version --format '{{.Client.APIVersion}}'
2025-08-19T08:15:15.3983040Z '1.48'
2025-08-19T08:15:15.3997673Z Docker client API version: '1.48'
2025-08-19T08:15:15.4004683Z ##[endgroup]
2025-08-19T08:15:15.4009628Z ##[group]Clean up resources from previous jobs
2025-08-19T08:15:15.4016191Z ##[command]/usr/bin/docker ps --all --quiet --no-trunc --filter "label=9d2161"
2025-08-19T08:15:15.4194910Z ##[command]/usr/bin/docker network prune --force --filter "label=9d2161"
2025-08-19T08:15:15.4321323Z ##[endgroup]
2025-08-19T08:15:15.4322182Z ##[group]Create local container network
2025-08-19T08:15:15.4333005Z ##[command]/usr/bin/docker network create --label 9d2161 github_network_0a017641016f464fb2675ed70c2920b8
2025-08-19T08:15:15.4919430Z d59b9ed580df7ffd7c8763ed4c0f89f8413fff8369efd636b150de18be8bbf50
2025-08-19T08:15:15.4937508Z ##[endgroup]
2025-08-19T08:15:15.4963005Z ##[group]Starting postgres service container
2025-08-19T08:15:15.4983255Z ##[command]/usr/bin/docker pull postgres:15
2025-08-19T08:15:16.4982755Z 15: Pulling from library/postgres
2025-08-19T08:15:16.7632707Z 396b1da7636e: Pulling fs layer
2025-08-19T08:15:16.7633957Z fca2566eba32: Pulling fs layer
2025-08-19T08:15:16.7634618Z 631fe8c6d606: Pulling fs layer
2025-08-19T08:15:16.7635010Z 77c7671c4414: Pulling fs layer
2025-08-19T08:15:16.7635375Z 2d9e29180a27: Pulling fs layer
2025-08-19T08:15:16.7635790Z c6bcc2c9a041: Pulling fs layer
2025-08-19T08:15:16.7637824Z ac4b721eb66f: Pulling fs layer
2025-08-19T08:15:16.7638299Z 606bd164980e: Pulling fs layer
2025-08-19T08:15:16.7638707Z f5dfd246bc6e: Pulling fs layer
2025-08-19T08:15:16.7639100Z ba7036bb0a60: Pulling fs layer
2025-08-19T08:15:16.7639477Z 799f859abbbd: Pulling fs layer
2025-08-19T08:15:16.7639881Z d903e777080c: Pulling fs layer
2025-08-19T08:15:16.7640269Z 04adcb462801: Pulling fs layer
2025-08-19T08:15:16.7640699Z 5c10925b29ff: Pulling fs layer
2025-08-19T08:15:16.7641070Z 77c7671c4414: Waiting
2025-08-19T08:15:16.7641384Z 2d9e29180a27: Waiting
2025-08-19T08:15:16.7641701Z c6bcc2c9a041: Waiting
2025-08-19T08:15:16.7642038Z ac4b721eb66f: Waiting
2025-08-19T08:15:16.7642355Z 606bd164980e: Waiting
2025-08-19T08:15:16.7642696Z f5dfd246bc6e: Waiting
2025-08-19T08:15:16.7643005Z ba7036bb0a60: Waiting
2025-08-19T08:15:16.7643344Z 799f859abbbd: Waiting
2025-08-19T08:15:16.7643583Z 5c10925b29ff: Waiting
2025-08-19T08:15:16.7643781Z d903e777080c: Waiting
2025-08-19T08:15:16.7643960Z 04adcb462801: Waiting
2025-08-19T08:15:17.0339932Z fca2566eba32: Verifying Checksum
2025-08-19T08:15:17.0340417Z fca2566eba32: Download complete
2025-08-19T08:15:17.1224957Z 631fe8c6d606: Verifying Checksum
2025-08-19T08:15:17.1227587Z 631fe8c6d606: Download complete
2025-08-19T08:15:17.1813572Z 396b1da7636e: Verifying Checksum
2025-08-19T08:15:17.1814834Z 396b1da7636e: Download complete
2025-08-19T08:15:17.3108654Z 77c7671c4414: Verifying Checksum
2025-08-19T08:15:17.3110183Z 77c7671c4414: Download complete
2025-08-19T08:15:17.4641912Z 2d9e29180a27: Verifying Checksum
2025-08-19T08:15:17.4644001Z 2d9e29180a27: Download complete
2025-08-19T08:15:17.4669113Z c6bcc2c9a041: Verifying Checksum
2025-08-19T08:15:17.4670548Z c6bcc2c9a041: Download complete
2025-08-19T08:15:17.5678294Z ac4b721eb66f: Verifying Checksum
2025-08-19T08:15:17.5678923Z ac4b721eb66f: Download complete
2025-08-19T08:15:17.7484595Z 606bd164980e: Verifying Checksum
2025-08-19T08:15:17.7486832Z 606bd164980e: Download complete
2025-08-19T08:15:17.8227392Z ba7036bb0a60: Verifying Checksum
2025-08-19T08:15:17.8228152Z ba7036bb0a60: Download complete
2025-08-19T08:15:18.0263737Z 799f859abbbd: Download complete
2025-08-19T08:15:18.1010969Z d903e777080c: Verifying Checksum
2025-08-19T08:15:18.1012084Z d903e777080c: Download complete
2025-08-19T08:15:18.1422700Z 396b1da7636e: Pull complete
2025-08-19T08:15:18.2862551Z 04adcb462801: Verifying Checksum
2025-08-19T08:15:18.2863281Z 04adcb462801: Download complete
2025-08-19T08:15:18.3678970Z 5c10925b29ff: Verifying Checksum
2025-08-19T08:15:18.3680062Z 5c10925b29ff: Download complete
2025-08-19T08:15:18.9336675Z f5dfd246bc6e: Verifying Checksum
2025-08-19T08:15:18.9337315Z f5dfd246bc6e: Download complete
2025-08-19T08:15:19.1965769Z fca2566eba32: Pull complete
2025-08-19T08:15:19.3833541Z 631fe8c6d606: Pull complete
2025-08-19T08:15:19.4279685Z 77c7671c4414: Pull complete
2025-08-19T08:15:19.7431592Z 2d9e29180a27: Pull complete
2025-08-19T08:15:19.8311623Z c6bcc2c9a041: Pull complete
2025-08-19T08:15:19.8421172Z ac4b721eb66f: Pull complete
2025-08-19T08:15:19.8538933Z 606bd164980e: Pull complete
2025-08-19T08:15:22.8065728Z f5dfd246bc6e: Pull complete
2025-08-19T08:15:22.8274121Z ba7036bb0a60: Pull complete
2025-08-19T08:15:22.8395532Z 799f859abbbd: Pull complete
2025-08-19T08:15:22.8524834Z d903e777080c: Pull complete
2025-08-19T08:15:22.8657111Z 04adcb462801: Pull complete
2025-08-19T08:15:22.8794485Z 5c10925b29ff: Pull complete
2025-08-19T08:15:22.8845987Z Digest: sha256:bc51cf4f1fe02cce7ed2370b20128a9b00b4eb804573a77d2a0d877aaa9c82b1
2025-08-19T08:15:22.8861894Z Status: Downloaded newer image for postgres:15
2025-08-19T08:15:22.8874163Z docker.io/library/postgres:15
2025-08-19T08:15:22.8956610Z ##[command]/usr/bin/docker create --name 674d8489d954415cbd712a991fabd983_postgres15_f84e21 --label 9d2161 --network github_network_0a017641016f464fb2675ed70c2920b8 --network-alias postgres -p 5432:5432 --health-cmd="pg_isready -U postgres -d awa" --health-interval=5s --health-timeout=5s --health-retries=10 -e "POSTGRES_USER=postgres" -e "POSTGRES_PASSWORD=pass" -e "POSTGRES_DB=awa" -e GITHUB_ACTIONS=true -e CI=true postgres:15
2025-08-19T08:15:22.9253276Z e5d7df9f35714b10a5504f7d58c85bc78c00d39515bd16adf323fe4a7560b5c0
2025-08-19T08:15:22.9275314Z ##[command]/usr/bin/docker start e5d7df9f35714b10a5504f7d58c85bc78c00d39515bd16adf323fe4a7560b5c0
2025-08-19T08:15:23.1538915Z e5d7df9f35714b10a5504f7d58c85bc78c00d39515bd16adf323fe4a7560b5c0
2025-08-19T08:15:23.1563793Z ##[command]/usr/bin/docker ps --all --filter id=e5d7df9f35714b10a5504f7d58c85bc78c00d39515bd16adf323fe4a7560b5c0 --filter status=running --no-trunc --format "{{.ID}} {{.Status}}"
2025-08-19T08:15:23.1688371Z e5d7df9f35714b10a5504f7d58c85bc78c00d39515bd16adf323fe4a7560b5c0 Up Less than a second (health: starting)
2025-08-19T08:15:23.1708597Z ##[command]/usr/bin/docker port e5d7df9f35714b10a5504f7d58c85bc78c00d39515bd16adf323fe4a7560b5c0
2025-08-19T08:15:23.1837757Z 5432/tcp -> 0.0.0.0:5432
2025-08-19T08:15:23.1838586Z 5432/tcp -> [::]:5432
2025-08-19T08:15:23.1886925Z ##[endgroup]
2025-08-19T08:15:23.1895163Z ##[group]Waiting for all services to be ready
2025-08-19T08:15:23.1908154Z ##[command]/usr/bin/docker inspect --format="{{if .Config.Healthcheck}}{{print .State.Health.Status}}{{end}}" e5d7df9f35714b10a5504f7d58c85bc78c00d39515bd16adf323fe4a7560b5c0
2025-08-19T08:15:23.2037971Z starting
2025-08-19T08:15:23.2058269Z postgres service is starting, waiting 2 seconds before checking again.
2025-08-19T08:15:25.2062872Z ##[command]/usr/bin/docker inspect --format="{{if .Config.Healthcheck}}{{print .State.Health.Status}}{{end}}" e5d7df9f35714b10a5504f7d58c85bc78c00d39515bd16adf323fe4a7560b5c0
2025-08-19T08:15:25.2181439Z starting
2025-08-19T08:15:25.2195994Z postgres service is starting, waiting 4 seconds before checking again.
2025-08-19T08:15:29.4251249Z ##[command]/usr/bin/docker inspect --format="{{if .Config.Healthcheck}}{{print .State.Health.Status}}{{end}}" e5d7df9f35714b10a5504f7d58c85bc78c00d39515bd16adf323fe4a7560b5c0
2025-08-19T08:15:29.4371881Z healthy
2025-08-19T08:15:29.4388487Z postgres service is healthy.
2025-08-19T08:15:29.4389411Z ##[endgroup]
2025-08-19T08:15:29.4703746Z ##[group]Run actions/checkout@v4
2025-08-19T08:15:29.4704556Z with:
2025-08-19T08:15:29.4704770Z   fetch-depth: 0
2025-08-19T08:15:29.4704970Z   repository: AlexBomber12/AWA-App
2025-08-19T08:15:29.4705340Z   token: ***
2025-08-19T08:15:29.4705521Z   ssh-strict: true
2025-08-19T08:15:29.4705700Z   ssh-user: git
2025-08-19T08:15:29.4705877Z   persist-credentials: true
2025-08-19T08:15:29.4706085Z   clean: true
2025-08-19T08:15:29.4706261Z   sparse-checkout-cone-mode: true
2025-08-19T08:15:29.4706484Z   fetch-tags: false
2025-08-19T08:15:29.4706656Z   show-progress: true
2025-08-19T08:15:29.4706833Z   lfs: false
2025-08-19T08:15:29.4706999Z   submodules: false
2025-08-19T08:15:29.4707174Z   set-safe-directory: true
2025-08-19T08:15:29.4707646Z ##[endgroup]
2025-08-19T08:15:29.5778383Z Syncing repository: AlexBomber12/AWA-App
2025-08-19T08:15:29.5779604Z ##[group]Getting Git version info
2025-08-19T08:15:29.5779961Z Working directory is '/home/runner/work/AWA-App/AWA-App'
2025-08-19T08:15:29.5780495Z [command]/usr/bin/git version
2025-08-19T08:15:29.5827045Z git version 2.50.1
2025-08-19T08:15:29.5852928Z ##[endgroup]
2025-08-19T08:15:29.5866160Z Temporarily overriding HOME='/home/runner/work/_temp/f1167962-6e1e-453d-a69e-f1e11e32e7f0' before making global git config changes
2025-08-19T08:15:29.5867126Z Adding repository directory to the temporary git global config as a safe directory
2025-08-19T08:15:29.5872282Z [command]/usr/bin/git config --global --add safe.directory /home/runner/work/AWA-App/AWA-App
2025-08-19T08:15:29.5906208Z Deleting the contents of '/home/runner/work/AWA-App/AWA-App'
2025-08-19T08:15:29.5909866Z ##[group]Initializing the repository
2025-08-19T08:15:29.5914476Z [command]/usr/bin/git init /home/runner/work/AWA-App/AWA-App
2025-08-19T08:15:29.5986056Z hint: Using 'master' as the name for the initial branch. This default branch name
2025-08-19T08:15:29.5986971Z hint: is subject to change. To configure the initial branch name to use in all
2025-08-19T08:15:29.5987635Z hint: of your new repositories, which will suppress this warning, call:
2025-08-19T08:15:29.5987973Z hint:
2025-08-19T08:15:29.5988301Z hint: 	git config --global init.defaultBranch <name>
2025-08-19T08:15:29.5988805Z hint:
2025-08-19T08:15:29.5989337Z hint: Names commonly chosen instead of 'master' are 'main', 'trunk' and
2025-08-19T08:15:29.5989868Z hint: 'development'. The just-created branch can be renamed via this command:
2025-08-19T08:15:29.5990212Z hint:
2025-08-19T08:15:29.5990388Z hint: 	git branch -m <name>
2025-08-19T08:15:29.5990674Z hint:
2025-08-19T08:15:29.5991218Z hint: Disable this message with "git config set advice.defaultBranchName false"
2025-08-19T08:15:29.5992188Z Initialized empty Git repository in /home/runner/work/AWA-App/AWA-App/.git/
2025-08-19T08:15:29.6002920Z [command]/usr/bin/git remote add origin https://github.com/AlexBomber12/AWA-App
2025-08-19T08:15:29.6036039Z ##[endgroup]
2025-08-19T08:15:29.6036648Z ##[group]Disabling automatic garbage collection
2025-08-19T08:15:29.6040973Z [command]/usr/bin/git config --local gc.auto 0
2025-08-19T08:15:29.6068345Z ##[endgroup]
2025-08-19T08:15:29.6068927Z ##[group]Setting up auth
2025-08-19T08:15:29.6075906Z [command]/usr/bin/git config --local --name-only --get-regexp core\.sshCommand
2025-08-19T08:15:29.6105306Z [command]/usr/bin/git submodule foreach --recursive sh -c "git config --local --name-only --get-regexp 'core\.sshCommand' && git config --local --unset-all 'core.sshCommand' || :"
2025-08-19T08:15:29.6374171Z [command]/usr/bin/git config --local --name-only --get-regexp http\.https\:\/\/github\.com\/\.extraheader
2025-08-19T08:15:29.6403811Z [command]/usr/bin/git submodule foreach --recursive sh -c "git config --local --name-only --get-regexp 'http\.https\:\/\/github\.com\/\.extraheader' && git config --local --unset-all 'http.https://github.com/.extraheader' || :"
2025-08-19T08:15:29.6619915Z [command]/usr/bin/git config --local http.https://github.com/.extraheader AUTHORIZATION: basic ***
2025-08-19T08:15:29.6662041Z ##[endgroup]
2025-08-19T08:15:29.6662718Z ##[group]Fetching the repository
2025-08-19T08:15:29.6671759Z [command]/usr/bin/git -c protocol.version=2 fetch --prune --no-recurse-submodules origin +refs/heads/*:refs/remotes/origin/* +refs/tags/*:refs/tags/* +385654d44a0c2cfabf2fc1169731b0890188a8e6:refs/remotes/pull/269/merge
2025-08-19T08:15:31.7974685Z From https://github.com/AlexBomber12/AWA-App
2025-08-19T08:15:31.7975466Z  * [new branch]        codex/implement-testing-infrastructure-updates -> origin/codex/implement-testing-infrastructure-updates
2025-08-19T08:15:31.7976609Z  * [new branch]        dependabot/pip/celery-5.5.3              -> origin/dependabot/pip/celery-5.5.3
2025-08-19T08:15:31.7978506Z  * [new branch]        dependabot/pip/minio-7.2.16              -> origin/dependabot/pip/minio-7.2.16
2025-08-19T08:15:31.7981239Z  * [new branch]        dependabot/pip/psycopg2-binary-2.9.10    -> origin/dependabot/pip/psycopg2-binary-2.9.10
2025-08-19T08:15:31.7983129Z  * [new branch]        dependabot/pip/python-telegram-bot-22.3  -> origin/dependabot/pip/python-telegram-bot-22.3
2025-08-19T08:15:31.7985557Z  * [new branch]        dependabot/pip/structlog-25.4.0          -> origin/dependabot/pip/structlog-25.4.0
2025-08-19T08:15:31.7987272Z  * [new branch]        gh-pages                                 -> origin/gh-pages
2025-08-19T08:15:31.7989182Z  * [new branch]        main                                     -> origin/main
2025-08-19T08:15:31.7990681Z  * [new tag]           0.3.0                                    -> 0.3.0
2025-08-19T08:15:31.7994927Z  * [new ref]           385654d44a0c2cfabf2fc1169731b0890188a8e6 -> pull/269/merge
2025-08-19T08:15:31.8024214Z ##[endgroup]
2025-08-19T08:15:31.8024931Z ##[group]Determining the checkout info
2025-08-19T08:15:31.8025990Z ##[endgroup]
2025-08-19T08:15:31.8030765Z [command]/usr/bin/git sparse-checkout disable
2025-08-19T08:15:31.8071372Z [command]/usr/bin/git config --local --unset-all extensions.worktreeConfig
2025-08-19T08:15:31.8097366Z ##[group]Checking out the ref
2025-08-19T08:15:31.8100877Z [command]/usr/bin/git checkout --progress --force refs/remotes/pull/269/merge
2025-08-19T08:15:31.8599433Z Note: switching to 'refs/remotes/pull/269/merge'.
2025-08-19T08:15:31.8599829Z 
2025-08-19T08:15:31.8600151Z You are in 'detached HEAD' state. You can look around, make experimental
2025-08-19T08:15:31.8600898Z changes and commit them, and you can discard any commits you make in this
2025-08-19T08:15:31.8601632Z state without impacting any branches by switching back to a branch.
2025-08-19T08:15:31.8602331Z 
2025-08-19T08:15:31.8602618Z If you want to create a new branch to retain commits you create, you may
2025-08-19T08:15:31.8603308Z do so (now or later) by using -c with the switch command. Example:
2025-08-19T08:15:31.8603693Z 
2025-08-19T08:15:31.8603846Z   git switch -c <new-branch-name>
2025-08-19T08:15:31.8604104Z 
2025-08-19T08:15:31.8604241Z Or undo this operation with:
2025-08-19T08:15:31.8604658Z 
2025-08-19T08:15:31.8604782Z   git switch -
2025-08-19T08:15:31.8604995Z 
2025-08-19T08:15:31.8605352Z Turn off this advice by setting config variable advice.detachedHead to false
2025-08-19T08:15:31.8605828Z 
2025-08-19T08:15:31.8606380Z HEAD is now at 385654d4 Merge b90ddea74492a7a46345b8b4528e894c2d6e24c6 into 13faa42ef299b5421b0f5f48b52901c92170121a
2025-08-19T08:15:31.8618152Z ##[endgroup]
2025-08-19T08:15:31.8657461Z [command]/usr/bin/git log -1 --format=%H
2025-08-19T08:15:31.8679661Z 385654d44a0c2cfabf2fc1169731b0890188a8e6
2025-08-19T08:15:31.8837424Z ##[group]Run cat .env.ci >> "$GITHUB_ENV"
2025-08-19T08:15:31.8837769Z [36;1mcat .env.ci >> "$GITHUB_ENV"[0m
2025-08-19T08:15:31.8838468Z [36;1mecho "DATABASE_URL=***localhost:5432/awa" >> "$GITHUB_ENV"[0m
2025-08-19T08:15:31.8838839Z [36;1mecho "PG_HOST=localhost" >> "$GITHUB_ENV"[0m
2025-08-19T08:15:31.8839128Z [36;1mecho "PG_PORT=5432" >> "$GITHUB_ENV"[0m
2025-08-19T08:15:31.8839402Z [36;1mecho "PG_USER=postgres" >> "$GITHUB_ENV"[0m
2025-08-19T08:15:31.8839692Z [36;1mecho "PG_PASSWORD=pass" >> "$GITHUB_ENV"[0m
2025-08-19T08:15:31.8839965Z [36;1mecho "PG_DATABASE=awa" >> "$GITHUB_ENV"[0m
2025-08-19T08:15:31.8840236Z [36;1mecho "TESTING=1" >> "$GITHUB_ENV"[0m
2025-08-19T08:15:31.8882926Z shell: /usr/bin/bash -e {0}
2025-08-19T08:15:31.8883164Z ##[endgroup]
2025-08-19T08:15:31.9050891Z ##[group]Run actions/setup-python@v5
2025-08-19T08:15:31.9051143Z with:
2025-08-19T08:15:31.9051316Z   python-version: 3.11
2025-08-19T08:15:31.9051508Z   cache: pip
2025-08-19T08:15:31.9051722Z   cache-dependency-path: requirements-dev.txt

2025-08-19T08:15:31.9051989Z   check-latest: false
2025-08-19T08:15:31.9052303Z   token: ***
2025-08-19T08:15:31.9052487Z   update-environment: true
2025-08-19T08:15:31.9052710Z   allow-prereleases: false
2025-08-19T08:15:31.9052913Z   freethreaded: false
2025-08-19T08:15:31.9053087Z env:
2025-08-19T08:15:31.9053243Z   PG_USER: postgres
2025-08-19T08:15:31.9053420Z   PG_PASSWORD: pass
2025-08-19T08:15:31.9053596Z   PG_DATABASE: awa
2025-08-19T08:15:31.9053763Z   PG_HOST: localhost
2025-08-19T08:15:31.9053939Z   PG_PORT: 5432
2025-08-19T08:15:31.9054562Z   PG_SYNC_DSN: ***localhost:5432/awa
2025-08-19T08:15:31.9055064Z   PG_ASYNC_DSN: ***localhost:5432/awa
2025-08-19T08:15:31.9055485Z   DATABASE_URL: ***localhost:5432/awa
2025-08-19T08:15:31.9055750Z   DATA_DIR: /tmp/awa-data
2025-08-19T08:15:31.9055948Z   ENABLE_LIVE: 0
2025-08-19T08:15:31.9056115Z   TESTING: 1
2025-08-19T08:15:31.9056271Z ##[endgroup]
2025-08-19T08:15:32.0684019Z ##[group]Installed versions
2025-08-19T08:15:32.1150120Z Successfully set up CPython (3.11.13)
2025-08-19T08:15:32.1150651Z ##[endgroup]
2025-08-19T08:15:32.1507123Z [command]/opt/hostedtoolcache/Python/3.11.13/x64/bin/pip cache dir
2025-08-19T08:15:33.5154154Z /home/runner/.cache/pip
2025-08-19T08:15:33.8177940Z Cache hit for: setup-python-Linux-x64-24.04-Ubuntu-python-3.11.13-pip-5e718741e550cec7917fae13efe91a31293d04a98c3c0932315e8f58598cbd2c
2025-08-19T08:15:35.1466831Z Received 0 of 252792236 (0.0%), 0.0 MBs/sec
2025-08-19T08:15:36.1472635Z Received 83886080 of 252792236 (33.2%), 40.0 MBs/sec
2025-08-19T08:15:37.1472416Z Received 184549376 of 252792236 (73.0%), 58.6 MBs/sec
2025-08-19T08:15:37.6899198Z Received 252792236 of 252792236 (100.0%), 68.0 MBs/sec
2025-08-19T08:15:37.6901108Z Cache Size: ~241 MB (252792236 B)
2025-08-19T08:15:37.7013264Z [command]/usr/bin/tar -xf /home/runner/work/_temp/723bb276-0500-42d4-954f-052a5598da36/cache.tzst -P -C /home/runner/work/AWA-App/AWA-App --use-compress-program unzstd
2025-08-19T08:15:38.0941511Z Cache restored successfully
2025-08-19T08:15:38.1431806Z Cache restored from key: setup-python-Linux-x64-24.04-Ubuntu-python-3.11.13-pip-5e718741e550cec7917fae13efe91a31293d04a98c3c0932315e8f58598cbd2c
2025-08-19T08:15:38.2106625Z ##[group]Run actions/cache@v4
2025-08-19T08:15:38.2106883Z with:
2025-08-19T08:15:38.2107099Z   path: ~/.cache/pip
.pytest_cache
~/.ruff_cache

2025-08-19T08:15:38.2107529Z   key: Linux-int-5e718741e550cec7917fae13efe91a31293d04a98c3c0932315e8f58598cbd2c
2025-08-19T08:15:38.2107934Z   restore-keys: Linux-int-
2025-08-19T08:15:38.2108158Z   enableCrossOsArchive: false
2025-08-19T08:15:38.2108394Z   fail-on-cache-miss: false
2025-08-19T08:15:38.2108606Z   lookup-only: false
2025-08-19T08:15:38.2108795Z   save-always: false
2025-08-19T08:15:38.2108965Z env:
2025-08-19T08:15:38.2109129Z   PG_USER: postgres
2025-08-19T08:15:38.2109318Z   PG_PASSWORD: pass
2025-08-19T08:15:38.2109498Z   PG_DATABASE: awa
2025-08-19T08:15:38.2109683Z   PG_HOST: localhost
2025-08-19T08:15:38.2109866Z   PG_PORT: 5432
2025-08-19T08:15:38.2110549Z   PG_SYNC_DSN: ***localhost:5432/awa
2025-08-19T08:15:38.2111025Z   PG_ASYNC_DSN: ***localhost:5432/awa
2025-08-19T08:15:38.2111472Z   DATABASE_URL: ***localhost:5432/awa
2025-08-19T08:15:38.2111704Z   DATA_DIR: /tmp/awa-data
2025-08-19T08:15:38.2111906Z   ENABLE_LIVE: 0
2025-08-19T08:15:38.2112083Z   TESTING: 1
2025-08-19T08:15:38.2112323Z   pythonLocation: /opt/hostedtoolcache/Python/3.11.13/x64
2025-08-19T08:15:38.2112733Z   PKG_CONFIG_PATH: /opt/hostedtoolcache/Python/3.11.13/x64/lib/pkgconfig
2025-08-19T08:15:38.2113130Z   Python_ROOT_DIR: /opt/hostedtoolcache/Python/3.11.13/x64
2025-08-19T08:15:38.2113483Z   Python2_ROOT_DIR: /opt/hostedtoolcache/Python/3.11.13/x64
2025-08-19T08:15:38.2113830Z   Python3_ROOT_DIR: /opt/hostedtoolcache/Python/3.11.13/x64
2025-08-19T08:15:38.2114186Z   LD_LIBRARY_PATH: /opt/hostedtoolcache/Python/3.11.13/x64/lib
2025-08-19T08:15:38.2114744Z ##[endgroup]
2025-08-19T08:15:38.6318811Z Cache hit for: Linux-int-5e718741e550cec7917fae13efe91a31293d04a98c3c0932315e8f58598cbd2c
2025-08-19T08:15:39.9375509Z Received 4194304 of 252795134 (1.7%), 4.0 MBs/sec
2025-08-19T08:15:41.0250716Z Received 134217728 of 252795134 (53.1%), 61.3 MBs/sec
2025-08-19T08:15:41.9720344Z Received 252795134 of 252795134 (100.0%), 79.4 MBs/sec
2025-08-19T08:15:41.9722727Z Cache Size: ~241 MB (252795134 B)
2025-08-19T08:15:41.9766222Z [command]/usr/bin/tar -xf /home/runner/work/_temp/9a235370-3e19-461c-91da-94adf293d9f5/cache.tzst -P -C /home/runner/work/AWA-App/AWA-App --use-compress-program unzstd
2025-08-19T08:15:42.4138731Z Cache restored successfully
2025-08-19T08:15:42.4694917Z Cache restored from key: Linux-int-5e718741e550cec7917fae13efe91a31293d04a98c3c0932315e8f58598cbd2c
2025-08-19T08:15:42.4817839Z ##[group]Run pip install -r requirements-dev.txt
2025-08-19T08:15:42.4818228Z [36;1mpip install -r requirements-dev.txt[0m
2025-08-19T08:15:42.4818536Z [36;1mpip install keepa==1.3.15 minio==7.1.15[0m
2025-08-19T08:15:42.4859220Z shell: /usr/bin/bash -e {0}
2025-08-19T08:15:42.4859457Z env:
2025-08-19T08:15:42.4859633Z   PG_USER: postgres
2025-08-19T08:15:42.4859826Z   PG_PASSWORD: pass
2025-08-19T08:15:42.4860018Z   PG_DATABASE: awa
2025-08-19T08:15:42.4860380Z   PG_HOST: localhost
2025-08-19T08:15:42.4860571Z   PG_PORT: 5432
2025-08-19T08:15:42.4861015Z   PG_SYNC_DSN: ***localhost:5432/awa
2025-08-19T08:15:42.4861434Z   PG_ASYNC_DSN: ***localhost:5432/awa
2025-08-19T08:15:42.4861914Z   DATABASE_URL: ***localhost:5432/awa
2025-08-19T08:15:42.4885273Z   DATA_DIR: /tmp/awa-data
2025-08-19T08:15:42.4885581Z   ENABLE_LIVE: 0
2025-08-19T08:15:42.4885777Z   TESTING: 1
2025-08-19T08:15:42.4886034Z   pythonLocation: /opt/hostedtoolcache/Python/3.11.13/x64
2025-08-19T08:15:42.4886495Z   PKG_CONFIG_PATH: /opt/hostedtoolcache/Python/3.11.13/x64/lib/pkgconfig
2025-08-19T08:15:42.4886906Z   Python_ROOT_DIR: /opt/hostedtoolcache/Python/3.11.13/x64
2025-08-19T08:15:42.4887258Z   Python2_ROOT_DIR: /opt/hostedtoolcache/Python/3.11.13/x64
2025-08-19T08:15:42.4887623Z   Python3_ROOT_DIR: /opt/hostedtoolcache/Python/3.11.13/x64
2025-08-19T08:15:42.4887986Z   LD_LIBRARY_PATH: /opt/hostedtoolcache/Python/3.11.13/x64/lib
2025-08-19T08:15:42.4888290Z ##[endgroup]
2025-08-19T08:15:43.5763002Z Collecting Jinja2==3.1.6 (from -r requirements-dev.txt (line 2))
2025-08-19T08:15:43.5778652Z   Using cached jinja2-3.1.6-py3-none-any.whl.metadata (2.9 kB)
2025-08-19T08:15:43.5968619Z Collecting alembic==1.13.1 (from -r requirements-dev.txt (line 3))
2025-08-19T08:15:43.5982936Z   Using cached alembic-1.13.1-py3-none-any.whl.metadata (7.4 kB)
2025-08-19T08:15:43.6180013Z Collecting apscheduler==3.10.4 (from -r requirements-dev.txt (line 4))
2025-08-19T08:15:43.6201004Z   Using cached APScheduler-3.10.4-py3-none-any.whl.metadata (5.7 kB)
2025-08-19T08:15:43.6375691Z Collecting asgi-correlation-id==4.3.1 (from -r requirements-dev.txt (line 5))
2025-08-19T08:15:43.6390501Z   Using cached asgi_correlation_id-4.3.1-py3-none-any.whl.metadata (28 kB)
2025-08-19T08:15:43.6850435Z Collecting asyncpg==0.30.0 (from -r requirements-dev.txt (line 6))
2025-08-19T08:15:43.6865216Z   Using cached asyncpg-0.30.0-cp311-cp311-manylinux_2_17_x86_64.manylinux2014_x86_64.whl.metadata (5.0 kB)
2025-08-19T08:15:43.7271008Z Collecting black==25.1.0 (from -r requirements-dev.txt (line 7))
2025-08-19T08:15:43.7285368Z   Using cached black-25.1.0-cp311-cp311-manylinux_2_17_x86_64.manylinux2014_x86_64.manylinux_2_28_x86_64.whl.metadata (81 kB)
2025-08-19T08:15:44.0379869Z Collecting boto3 (from -r requirements-dev.txt (line 8))
2025-08-19T08:15:44.0697216Z   Downloading boto3-1.40.12-py3-none-any.whl.metadata (6.7 kB)
2025-08-19T08:15:44.0981132Z Collecting redis==5.* (from -r requirements-dev.txt (line 9))
2025-08-19T08:15:44.0994767Z   Using cached redis-5.3.1-py3-none-any.whl.metadata (9.2 kB)
2025-08-19T08:15:44.1279815Z Collecting minio==7.* (from -r requirements-dev.txt (line 10))
2025-08-19T08:15:44.1292736Z   Using cached minio-7.2.16-py3-none-any.whl.metadata (6.5 kB)
2025-08-19T08:15:44.1548427Z Collecting celery==5.4.0 (from -r requirements-dev.txt (line 11))
2025-08-19T08:15:44.1561461Z   Using cached celery-5.4.0-py3-none-any.whl.metadata (21 kB)
2025-08-19T08:15:44.2080117Z Collecting fastapi==0.116.1 (from -r requirements-dev.txt (line 12))
2025-08-19T08:15:44.2093200Z   Using cached fastapi-0.116.1-py3-none-any.whl.metadata (28 kB)
2025-08-19T08:15:44.2216560Z Collecting fastapi-limiter==0.1.6 (from -r requirements-dev.txt (line 14))
2025-08-19T08:15:44.2229546Z   Using cached fastapi_limiter-0.1.6-py3-none-any.whl.metadata (5.3 kB)
2025-08-19T08:15:44.2379059Z Collecting httpx<0.29,>=0.27 (from -r requirements-dev.txt (line 15))
2025-08-19T08:15:44.2391944Z   Using cached httpx-0.28.1-py3-none-any.whl.metadata (7.1 kB)
2025-08-19T08:15:44.2517293Z Collecting imapclient==3.0.1 (from -r requirements-dev.txt (line 16))
2025-08-19T08:15:44.2529969Z   Using cached IMAPClient-3.0.1-py2.py3-none-any.whl.metadata (1.7 kB)
2025-08-19T08:15:44.2611667Z Collecting itsdangerous (from -r requirements-dev.txt (line 17))
2025-08-19T08:15:44.2624706Z   Using cached itsdangerous-2.2.0-py3-none-any.whl.metadata (1.9 kB)
2025-08-19T08:15:44.3693639Z Collecting mypy==1.* (from -r requirements-dev.txt (line 18))
2025-08-19T08:15:44.3708177Z   Using cached mypy-1.17.1-cp311-cp311-manylinux2014_x86_64.manylinux_2_17_x86_64.manylinux_2_28_x86_64.whl.metadata (2.2 kB)
2025-08-19T08:15:44.3788038Z Collecting mypy-extensions==1.1.0 (from -r requirements-dev.txt (line 19))
2025-08-19T08:15:44.3801415Z   Using cached mypy_extensions-1.1.0-py3-none-any.whl.metadata (1.1 kB)
2025-08-19T08:15:44.5329013Z Collecting numpy<2 (from -r requirements-dev.txt (line 20))
2025-08-19T08:15:44.5342845Z   Using cached numpy-1.26.4-cp311-cp311-manylinux_2_17_x86_64.manylinux2014_x86_64.whl.metadata (61 kB)
2025-08-19T08:15:44.5557001Z Collecting openpyxl==3.1.5 (from -r requirements-dev.txt (line 21))
2025-08-19T08:15:44.5569946Z   Using cached openpyxl-3.1.5-py2.py3-none-any.whl.metadata (2.5 kB)
2025-08-19T08:15:44.6538584Z Collecting pandas==2.2.* (from -r requirements-dev.txt (line 22))
2025-08-19T08:15:44.6552978Z   Using cached pandas-2.2.3-cp311-cp311-manylinux_2_17_x86_64.manylinux2014_x86_64.whl.metadata (89 kB)
2025-08-19T08:15:44.7380549Z Collecting psycopg2-binary==2.9.9 (from -r requirements-dev.txt (line 23))
2025-08-19T08:15:44.7393965Z   Using cached psycopg2_binary-2.9.9-cp311-cp311-manylinux_2_17_x86_64.manylinux2014_x86_64.whl.metadata (4.4 kB)
2025-08-19T08:15:44.7518560Z Collecting psycopg==3.2.9 (from psycopg[binary]==3.2.9->-r requirements-dev.txt (line 24))
2025-08-19T08:15:44.7531940Z   Using cached psycopg-3.2.9-py3-none-any.whl.metadata (4.5 kB)
2025-08-19T08:15:44.8771510Z Collecting pydantic==2.11.7 (from -r requirements-dev.txt (line 25))
2025-08-19T08:15:44.8786966Z   Using cached pydantic-2.11.7-py3-none-any.whl.metadata (67 kB)
2025-08-19T08:15:44.8825263Z Requirement already satisfied: setuptools in /opt/hostedtoolcache/Python/3.11.13/x64/lib/python3.11/site-packages (from -r requirements-dev.txt (line 26)) (65.5.0)
2025-08-19T08:15:44.8962030Z Collecting pytest-asyncio==0.23.6 (from -r requirements-dev.txt (line 27))
2025-08-19T08:15:44.8976065Z   Using cached pytest_asyncio-0.23.6-py3-none-any.whl.metadata (3.9 kB)
2025-08-19T08:15:44.9095339Z Collecting pytest-cov==6.2.1 (from -r requirements-dev.txt (line 28))
2025-08-19T08:15:44.9109044Z   Using cached pytest_cov-6.2.1-py3-none-any.whl.metadata (30 kB)
2025-08-19T08:15:44.9271105Z Collecting pytest-postgresql==7.0.2 (from -r requirements-dev.txt (line 29))
2025-08-19T08:15:44.9284806Z   Using cached pytest_postgresql-7.0.2-py3-none-any.whl.metadata (18 kB)
2025-08-19T08:15:44.9426800Z Collecting python-dotenv (from -r requirements-dev.txt (line 30))
2025-08-19T08:15:44.9440387Z   Using cached python_dotenv-1.1.1-py3-none-any.whl.metadata (24 kB)
2025-08-19T08:15:44.9540299Z Collecting python-multipart (from -r requirements-dev.txt (line 31))
2025-08-19T08:15:44.9553960Z   Using cached python_multipart-0.0.20-py3-none-any.whl.metadata (1.8 kB)
2025-08-19T08:15:44.9794250Z Collecting python-telegram-bot==22.2 (from -r requirements-dev.txt (line 32))
2025-08-19T08:15:44.9807852Z   Using cached python_telegram_bot-22.2-py3-none-any.whl.metadata (17 kB)
2025-08-19T08:15:45.0062686Z Collecting requests==2.32.4 (from -r requirements-dev.txt (line 33))
2025-08-19T08:15:45.0076881Z   Using cached requests-2.32.4-py3-none-any.whl.metadata (4.9 kB)
2025-08-19T08:15:45.0212502Z Collecting respx==0.22.0 (from -r requirements-dev.txt (line 34))
2025-08-19T08:15:45.0226092Z   Using cached respx-0.22.0-py2.py3-none-any.whl.metadata (4.1 kB)
2025-08-19T08:15:45.3655599Z Collecting ruff==0.4.4 (from -r requirements-dev.txt (line 35))
2025-08-19T08:15:45.3672154Z   Using cached ruff-0.4.4-py3-none-manylinux_2_17_x86_64.manylinux2014_x86_64.whl.metadata (23 kB)
2025-08-19T08:15:45.6095275Z Collecting sqlalchemy==2.0.29 (from -r requirements-dev.txt (line 36))
2025-08-19T08:15:45.6111112Z   Using cached SQLAlchemy-2.0.29-cp311-cp311-manylinux_2_17_x86_64.manylinux2014_x86_64.whl.metadata (9.6 kB)
2025-08-19T08:15:45.6289891Z Collecting structlog==24.1.0 (from -r requirements-dev.txt (line 37))
2025-08-19T08:15:45.6303405Z   Using cached structlog-24.1.0-py3-none-any.whl.metadata (6.9 kB)
2025-08-19T08:15:45.6445094Z Collecting testcontainers==4.10.0 (from testcontainers[postgres]==4.10.0->-r requirements-dev.txt (line 38))
2025-08-19T08:15:45.6458556Z   Using cached testcontainers-4.10.0-py3-none-any.whl.metadata (7.8 kB)
2025-08-19T08:15:45.6761489Z Collecting types-requests==2.32.0.20240602 (from -r requirements-dev.txt (line 39))
2025-08-19T08:15:45.6775071Z   Using cached types_requests-2.32.0.20240602-py3-none-any.whl.metadata (1.8 kB)
2025-08-19T08:15:45.6875917Z Collecting docspec-python==2.2.2 (from -r requirements-dev.txt (line 40))
2025-08-19T08:15:45.6890552Z   Using cached docspec_python-2.2.2-py3-none-any.whl.metadata (1.0 kB)
2025-08-19T08:15:45.7019310Z Collecting pydoc-markdown==4.8.2 (from -r requirements-dev.txt (line 41))
2025-08-19T08:15:45.7032614Z   Using cached pydoc_markdown-4.8.2-py3-none-any.whl.metadata (5.9 kB)
2025-08-19T08:15:45.7275076Z Collecting pandera==0.19.* (from -r requirements-dev.txt (line 42))
2025-08-19T08:15:45.7288619Z   Using cached pandera-0.19.3-py3-none-any.whl.metadata (15 kB)
2025-08-19T08:15:45.8232915Z Collecting MarkupSafe>=2.0 (from Jinja2==3.1.6->-r requirements-dev.txt (line 2))
2025-08-19T08:15:45.8247862Z   Using cached MarkupSafe-3.0.2-cp311-cp311-manylinux_2_17_x86_64.manylinux2014_x86_64.whl.metadata (4.0 kB)
2025-08-19T08:15:45.8520892Z Collecting Mako (from alembic==1.13.1->-r requirements-dev.txt (line 3))
2025-08-19T08:15:45.8533991Z   Using cached mako-1.3.10-py3-none-any.whl.metadata (2.9 kB)
2025-08-19T08:15:45.8679026Z Collecting typing-extensions>=4 (from alembic==1.13.1->-r requirements-dev.txt (line 3))
2025-08-19T08:15:45.8691928Z   Using cached typing_extensions-4.14.1-py3-none-any.whl.metadata (3.0 kB)
2025-08-19T08:15:45.8803525Z Collecting six>=1.4.0 (from apscheduler==3.10.4->-r requirements-dev.txt (line 4))
2025-08-19T08:15:45.8817116Z   Using cached six-1.17.0-py2.py3-none-any.whl.metadata (1.7 kB)
2025-08-19T08:15:45.9122458Z Collecting pytz (from apscheduler==3.10.4->-r requirements-dev.txt (line 4))
2025-08-19T08:15:45.9136217Z   Using cached pytz-2025.2-py2.py3-none-any.whl.metadata (22 kB)
2025-08-19T08:15:45.9269686Z Collecting tzlocal!=3.*,>=2.0 (from apscheduler==3.10.4->-r requirements-dev.txt (line 4))
2025-08-19T08:15:45.9282559Z   Using cached tzlocal-5.3.1-py3-none-any.whl.metadata (7.6 kB)
2025-08-19T08:15:45.9548085Z Collecting starlette>=0.18 (from asgi-correlation-id==4.3.1->-r requirements-dev.txt (line 5))
2025-08-19T08:15:45.9561017Z   Using cached starlette-0.47.2-py3-none-any.whl.metadata (6.2 kB)
2025-08-19T08:15:45.9721434Z Collecting click>=8.0.0 (from black==25.1.0->-r requirements-dev.txt (line 7))
2025-08-19T08:15:45.9734531Z   Using cached click-8.2.1-py3-none-any.whl.metadata (2.5 kB)
2025-08-19T08:15:45.9864911Z Collecting packaging>=22.0 (from black==25.1.0->-r requirements-dev.txt (line 7))
2025-08-19T08:15:45.9877728Z   Using cached packaging-25.0-py3-none-any.whl.metadata (3.3 kB)
2025-08-19T08:15:45.9969372Z Collecting pathspec>=0.9.0 (from black==25.1.0->-r requirements-dev.txt (line 7))
2025-08-19T08:15:45.9982071Z   Using cached pathspec-0.12.1-py3-none-any.whl.metadata (21 kB)
2025-08-19T08:15:46.0137399Z Collecting platformdirs>=2 (from black==25.1.0->-r requirements-dev.txt (line 7))
2025-08-19T08:15:46.0151035Z   Using cached platformdirs-4.3.8-py3-none-any.whl.metadata (12 kB)
2025-08-19T08:15:46.0328529Z Collecting billiard<5.0,>=4.2.0 (from celery==5.4.0->-r requirements-dev.txt (line 11))
2025-08-19T08:15:46.0341486Z   Using cached billiard-4.2.1-py3-none-any.whl.metadata (4.4 kB)
2025-08-19T08:15:46.0639331Z Collecting kombu<6.0,>=5.3.4 (from celery==5.4.0->-r requirements-dev.txt (line 11))
2025-08-19T08:15:46.0651994Z   Using cached kombu-5.5.4-py3-none-any.whl.metadata (3.5 kB)
2025-08-19T08:15:46.0779571Z Collecting vine<6.0,>=5.1.0 (from celery==5.4.0->-r requirements-dev.txt (line 11))
2025-08-19T08:15:46.0792263Z   Using cached vine-5.1.0-py3-none-any.whl.metadata (2.7 kB)
2025-08-19T08:15:46.0916891Z Collecting click-didyoumean>=0.3.0 (from celery==5.4.0->-r requirements-dev.txt (line 11))
2025-08-19T08:15:46.0929757Z   Using cached click_didyoumean-0.3.1-py3-none-any.whl.metadata (3.9 kB)
2025-08-19T08:15:46.0997435Z Collecting click-repl>=0.2.0 (from celery==5.4.0->-r requirements-dev.txt (line 11))
2025-08-19T08:15:46.1010297Z   Using cached click_repl-0.3.0-py3-none-any.whl.metadata (3.6 kB)
2025-08-19T08:15:46.1081807Z Collecting click-plugins>=1.1.1 (from celery==5.4.0->-r requirements-dev.txt (line 11))
2025-08-19T08:15:46.1094947Z   Using cached click_plugins-1.1.1.2-py2.py3-none-any.whl.metadata (6.5 kB)
2025-08-19T08:15:46.1202682Z Collecting tzdata>=2022.7 (from celery==5.4.0->-r requirements-dev.txt (line 11))
2025-08-19T08:15:46.1216039Z   Using cached tzdata-2025.2-py2.py3-none-any.whl.metadata (1.4 kB)
2025-08-19T08:15:46.1308982Z Collecting python-dateutil>=2.8.2 (from celery==5.4.0->-r requirements-dev.txt (line 11))
2025-08-19T08:15:46.1321715Z   Using cached python_dateutil-2.9.0.post0-py2.py3-none-any.whl.metadata (8.4 kB)
2025-08-19T08:15:46.1652411Z Collecting annotated-types>=0.6.0 (from pydantic==2.11.7->-r requirements-dev.txt (line 25))
2025-08-19T08:15:46.1666115Z   Using cached annotated_types-0.7.0-py3-none-any.whl.metadata (15 kB)
2025-08-19T08:15:46.8095134Z Collecting pydantic-core==2.33.2 (from pydantic==2.11.7->-r requirements-dev.txt (line 25))
2025-08-19T08:15:46.8111474Z   Using cached pydantic_core-2.33.2-cp311-cp311-manylinux_2_17_x86_64.manylinux2014_x86_64.whl.metadata (6.8 kB)
2025-08-19T08:15:46.8239839Z Collecting typing-inspection>=0.4.0 (from pydantic==2.11.7->-r requirements-dev.txt (line 25))
2025-08-19T08:15:46.8253586Z   Using cached typing_inspection-0.4.1-py3-none-any.whl.metadata (2.6 kB)
2025-08-19T08:15:46.8483904Z Collecting et-xmlfile (from openpyxl==3.1.5->-r requirements-dev.txt (line 21))
2025-08-19T08:15:46.8497650Z   Using cached et_xmlfile-2.0.0-py3-none-any.whl.metadata (2.7 kB)
2025-08-19T08:15:46.8899151Z Collecting pytest<9,>=7.0.0 (from pytest-asyncio==0.23.6->-r requirements-dev.txt (line 27))
2025-08-19T08:15:46.8912840Z   Using cached pytest-8.4.1-py3-none-any.whl.metadata (7.7 kB)
2025-08-19T08:15:47.3012272Z Collecting coverage>=7.5 (from coverage[toml]>=7.5->pytest-cov==6.2.1->-r requirements-dev.txt (line 28))
2025-08-19T08:15:47.3028201Z   Using cached coverage-7.10.4-cp311-cp311-manylinux1_x86_64.manylinux_2_28_x86_64.manylinux_2_5_x86_64.whl.metadata (8.9 kB)
2025-08-19T08:15:47.3137265Z Collecting pluggy>=1.2 (from pytest-cov==6.2.1->-r requirements-dev.txt (line 28))
2025-08-19T08:15:47.3150929Z   Using cached pluggy-1.6.0-py3-none-any.whl.metadata (4.8 kB)
2025-08-19T08:15:47.3431055Z Collecting port-for>=0.7.3 (from pytest-postgresql==7.0.2->-r requirements-dev.txt (line 29))
2025-08-19T08:15:47.3444748Z   Using cached port_for-0.7.4-py3-none-any.whl.metadata (7.1 kB)
2025-08-19T08:15:47.3561330Z Collecting mirakuru>=2.6.0 (from pytest-postgresql==7.0.2->-r requirements-dev.txt (line 29))
2025-08-19T08:15:47.3575006Z   Using cached mirakuru-2.6.1-py3-none-any.whl.metadata (10 kB)
2025-08-19T08:15:47.4348692Z Collecting charset_normalizer<4,>=2 (from requests==2.32.4->-r requirements-dev.txt (line 33))
2025-08-19T08:15:47.4363789Z   Using cached charset_normalizer-3.4.3-cp311-cp311-manylinux2014_x86_64.manylinux_2_17_x86_64.manylinux_2_28_x86_64.whl.metadata (36 kB)
2025-08-19T08:15:47.4488926Z Collecting idna<4,>=2.5 (from requests==2.32.4->-r requirements-dev.txt (line 33))
2025-08-19T08:15:47.4502649Z   Using cached idna-3.10-py3-none-any.whl.metadata (10 kB)
2025-08-19T08:15:47.4741166Z Collecting urllib3<3,>=1.21.1 (from requests==2.32.4->-r requirements-dev.txt (line 33))
2025-08-19T08:15:47.4754509Z   Using cached urllib3-2.5.0-py3-none-any.whl.metadata (6.5 kB)
2025-08-19T08:15:47.4928637Z Collecting certifi>=2017.4.17 (from requests==2.32.4->-r requirements-dev.txt (line 33))
2025-08-19T08:15:47.4941535Z   Using cached certifi-2025.8.3-py3-none-any.whl.metadata (2.4 kB)
2025-08-19T08:15:47.6148059Z Collecting greenlet!=0.4.17 (from sqlalchemy==2.0.29->-r requirements-dev.txt (line 36))
2025-08-19T08:15:47.6161626Z   Using cached greenlet-3.2.4-cp311-cp311-manylinux_2_24_x86_64.manylinux_2_28_x86_64.whl.metadata (4.1 kB)
2025-08-19T08:15:47.6386350Z Collecting docker (from testcontainers==4.10.0->testcontainers[postgres]==4.10.0->-r requirements-dev.txt (line 38))
2025-08-19T08:15:47.6399462Z   Using cached docker-7.1.0-py3-none-any.whl.metadata (3.8 kB)
2025-08-19T08:15:47.7412628Z Collecting wrapt (from testcontainers==4.10.0->testcontainers[postgres]==4.10.0->-r requirements-dev.txt (line 38))
2025-08-19T08:15:47.7426724Z   Using cached wrapt-1.17.3-cp311-cp311-manylinux1_x86_64.manylinux_2_28_x86_64.manylinux_2_5_x86_64.whl.metadata (6.4 kB)
2025-08-19T08:15:47.7663246Z Collecting docspec==2.2.1 (from docspec-python==2.2.2->-r requirements-dev.txt (line 40))
2025-08-19T08:15:47.7676836Z   Using cached docspec-2.2.1-py3-none-any.whl.metadata (1.5 kB)
2025-08-19T08:15:47.7808226Z Collecting nr-util>=0.8.12 (from docspec-python==2.2.2->-r requirements-dev.txt (line 40))
2025-08-19T08:15:47.7821626Z   Using cached nr.util-0.8.12-py3-none-any.whl.metadata (813 bytes)
2025-08-19T08:15:47.8133499Z Collecting PyYAML<7.0,>=5.0 (from pydoc-markdown==4.8.2->-r requirements-dev.txt (line 41))
2025-08-19T08:15:47.8147816Z   Using cached PyYAML-6.0.2-cp311-cp311-manylinux_2_17_x86_64.manylinux2014_x86_64.whl.metadata (2.1 kB)
2025-08-19T08:15:47.8398310Z Collecting databind.core<5.0.0,>=4.4.0 (from pydoc-markdown==4.8.2->-r requirements-dev.txt (line 41))
2025-08-19T08:15:47.8411836Z   Using cached databind.core-4.5.2-py3-none-any.whl.metadata (1.1 kB)
2025-08-19T08:15:47.8593693Z Collecting databind.json<5.0.0,>=4.4.0 (from pydoc-markdown==4.8.2->-r requirements-dev.txt (line 41))
2025-08-19T08:15:47.8607423Z   Using cached databind.json-4.5.2-py3-none-any.whl.metadata (1.1 kB)
2025-08-19T08:15:47.8717462Z Collecting docstring-parser<0.12,>=0.11 (from pydoc-markdown==4.8.2->-r requirements-dev.txt (line 41))
2025-08-19T08:15:47.8718687Z   Using cached docstring_parser-0.11-py3-none-any.whl
2025-08-19T08:15:47.9017536Z Collecting tomli<3.0.0,>=2.0.0 (from pydoc-markdown==4.8.2->-r requirements-dev.txt (line 41))
2025-08-19T08:15:47.9031108Z   Using cached tomli-2.2.1-cp311-cp311-manylinux_2_17_x86_64.manylinux2014_x86_64.whl.metadata (11 kB)
2025-08-19T08:15:47.9108514Z Collecting tomli_w<2.0.0,>=1.0.0 (from pydoc-markdown==4.8.2->-r requirements-dev.txt (line 41))
2025-08-19T08:15:47.9121251Z   Using cached tomli_w-1.2.0-py3-none-any.whl.metadata (5.7 kB)
2025-08-19T08:15:47.9534160Z Collecting watchdog (from pydoc-markdown==4.8.2->-r requirements-dev.txt (line 41))
2025-08-19T08:15:47.9547220Z   Using cached watchdog-6.0.0-py3-none-manylinux2014_x86_64.whl.metadata (44 kB)
2025-08-19T08:15:47.9732617Z Collecting yapf>=0.30.0 (from pydoc-markdown==4.8.2->-r requirements-dev.txt (line 41))
2025-08-19T08:15:47.9745440Z   Using cached yapf-0.43.0-py3-none-any.whl.metadata (46 kB)
2025-08-19T08:15:47.9903709Z Collecting Deprecated<2.0.0,>=1.2.12 (from docspec==2.2.1->docspec-python==2.2.2->-r requirements-dev.txt (line 40))
2025-08-19T08:15:47.9917028Z   Using cached Deprecated-1.2.18-py2.py3-none-any.whl.metadata (5.7 kB)
2025-08-19T08:15:48.1362298Z Collecting psycopg-binary==3.2.9 (from psycopg[binary]==3.2.9->-r requirements-dev.txt (line 24))
2025-08-19T08:15:48.1377220Z   Using cached psycopg_binary-3.2.9-cp311-cp311-manylinux_2_17_x86_64.manylinux2014_x86_64.whl.metadata (2.9 kB)
2025-08-19T08:15:48.1655991Z Collecting PyJWT>=2.9.0 (from redis==5.*->-r requirements-dev.txt (line 9))
2025-08-19T08:15:48.1669901Z   Using cached PyJWT-2.10.1-py3-none-any.whl.metadata (4.0 kB)
2025-08-19T08:15:48.1884699Z Collecting argon2-cffi (from minio==7.*->-r requirements-dev.txt (line 10))
2025-08-19T08:15:48.1898199Z   Using cached argon2_cffi-25.1.0-py3-none-any.whl.metadata (4.1 kB)
2025-08-19T08:15:48.2639785Z Collecting pycryptodome (from minio==7.*->-r requirements-dev.txt (line 10))
2025-08-19T08:15:48.3546247Z   Using cached pycryptodome-3.23.0-cp37-abi3-manylinux_2_17_x86_64.manylinux2014_x86_64.whl.metadata (3.4 kB)
2025-08-19T08:15:48.3722080Z Collecting anyio (from httpx<0.29,>=0.27->-r requirements-dev.txt (line 15))
2025-08-19T08:15:48.3735755Z   Using cached anyio-4.10.0-py3-none-any.whl.metadata (4.0 kB)
2025-08-19T08:15:48.3898498Z Collecting httpcore==1.* (from httpx<0.29,>=0.27->-r requirements-dev.txt (line 15))
2025-08-19T08:15:48.3912101Z   Using cached httpcore-1.0.9-py3-none-any.whl.metadata (21 kB)
2025-08-19T08:15:48.4213813Z Collecting multimethod<=1.10.0 (from pandera==0.19.*->-r requirements-dev.txt (line 42))
2025-08-19T08:15:48.4227690Z   Using cached multimethod-1.10-py3-none-any.whl.metadata (8.2 kB)
2025-08-19T08:15:48.4595808Z Collecting typeguard (from pandera==0.19.*->-r requirements-dev.txt (line 42))
2025-08-19T08:15:48.4606792Z   Using cached typeguard-4.4.4-py3-none-any.whl.metadata (3.3 kB)
2025-08-19T08:15:48.4692551Z Collecting typing-inspect>=0.6.0 (from pandera==0.19.*->-r requirements-dev.txt (line 42))
2025-08-19T08:15:48.4706480Z   Using cached typing_inspect-0.9.0-py3-none-any.whl.metadata (1.5 kB)
2025-08-19T08:15:48.4960621Z Collecting databind<5.0.0,>=4.5.2 (from databind.core<5.0.0,>=4.4.0->pydoc-markdown==4.8.2->-r requirements-dev.txt (line 41))
2025-08-19T08:15:48.4974635Z   Using cached databind-4.5.2-py3-none-any.whl.metadata (4.3 kB)
2025-08-19T08:15:48.5076419Z Collecting nr-date<3.0.0,>=2.0.0 (from databind<5.0.0,>=4.5.2->databind.core<5.0.0,>=4.4.0->pydoc-markdown==4.8.2->-r requirements-dev.txt (line 41))
2025-08-19T08:15:48.5089217Z   Using cached nr_date-2.1.0-py3-none-any.whl.metadata (746 bytes)
2025-08-19T08:15:48.5191022Z Collecting nr-stream<2.0.0,>=1.0.0 (from databind<5.0.0,>=4.5.2->databind.core<5.0.0,>=4.4.0->pydoc-markdown==4.8.2->-r requirements-dev.txt (line 41))
2025-08-19T08:15:48.5203723Z   Using cached nr_stream-1.1.5-py3-none-any.whl.metadata (3.6 kB)
2025-08-19T08:15:48.5347872Z Collecting typeapi<3,>=2.0.1 (from databind<5.0.0,>=4.5.2->databind.core<5.0.0,>=4.4.0->pydoc-markdown==4.8.2->-r requirements-dev.txt (line 41))
2025-08-19T08:15:48.5360557Z   Using cached typeapi-2.2.4-py3-none-any.whl.metadata (1.5 kB)
2025-08-19T08:15:48.5595425Z Collecting h11>=0.16 (from httpcore==1.*->httpx<0.29,>=0.27->-r requirements-dev.txt (line 15))
2025-08-19T08:15:48.5608327Z   Using cached h11-0.16.0-py3-none-any.whl.metadata (8.3 kB)
2025-08-19T08:15:48.5804406Z Collecting amqp<6.0.0,>=5.1.1 (from kombu<6.0,>=5.3.4->celery==5.4.0->-r requirements-dev.txt (line 11))
2025-08-19T08:15:48.5817703Z   Using cached amqp-5.3.1-py3-none-any.whl.metadata (8.9 kB)
2025-08-19T08:15:48.6143814Z Collecting iniconfig>=1 (from pytest<9,>=7.0.0->pytest-asyncio==0.23.6->-r requirements-dev.txt (line 27))
2025-08-19T08:15:48.6156968Z   Using cached iniconfig-2.1.0-py3-none-any.whl.metadata (2.7 kB)
2025-08-19T08:15:48.6333198Z Collecting pygments>=2.7.2 (from pytest<9,>=7.0.0->pytest-asyncio==0.23.6->-r requirements-dev.txt (line 27))
2025-08-19T08:15:48.6346553Z   Using cached pygments-2.19.2-py3-none-any.whl.metadata (2.5 kB)
2025-08-19T08:15:48.6616333Z Collecting sniffio>=1.1 (from anyio->httpx<0.29,>=0.27->-r requirements-dev.txt (line 15))
2025-08-19T08:15:48.6629584Z   Using cached sniffio-1.3.1-py3-none-any.whl.metadata (3.9 kB)
2025-08-19T08:15:49.0326628Z Collecting botocore<1.41.0,>=1.40.12 (from boto3->-r requirements-dev.txt (line 8))
2025-08-19T08:15:49.0357579Z   Downloading botocore-1.40.12-py3-none-any.whl.metadata (5.7 kB)
2025-08-19T08:15:49.0485421Z Collecting jmespath<2.0.0,>=0.7.1 (from boto3->-r requirements-dev.txt (line 8))
2025-08-19T08:15:49.0498373Z   Using cached jmespath-1.0.1-py3-none-any.whl.metadata (7.6 kB)
2025-08-19T08:15:49.0627787Z Collecting s3transfer<0.14.0,>=0.13.0 (from boto3->-r requirements-dev.txt (line 8))
2025-08-19T08:15:49.0640793Z   Using cached s3transfer-0.13.1-py3-none-any.whl.metadata (1.7 kB)
2025-08-19T08:15:49.3056661Z Collecting fastapi-cli>=0.0.8 (from fastapi-cli[standard]>=0.0.8; extra == "all"->fastapi[all]->-r requirements-dev.txt (line 13))
2025-08-19T08:15:49.3070222Z   Using cached fastapi_cli-0.0.8-py3-none-any.whl.metadata (6.3 kB)
2025-08-19T08:15:49.3718454Z Collecting ujson!=4.0.2,!=4.1.0,!=4.2.0,!=4.3.0,!=5.0.0,!=5.1.0,>=4.0.1 (from fastapi[all]->-r requirements-dev.txt (line 13))
2025-08-19T08:15:49.3732563Z   Using cached ujson-5.10.0-cp311-cp311-manylinux_2_17_x86_64.manylinux2014_x86_64.whl.metadata (9.3 kB)
2025-08-19T08:15:49.5964012Z Collecting orjson>=3.2.1 (from fastapi[all]->-r requirements-dev.txt (line 13))
2025-08-19T08:15:49.5978899Z   Using cached orjson-3.11.2-cp311-cp311-manylinux_2_17_x86_64.manylinux2014_x86_64.whl.metadata (1.2 kB)
2025-08-19T08:15:49.6089523Z Collecting email-validator>=2.0.0 (from fastapi[all]->-r requirements-dev.txt (line 13))
2025-08-19T08:15:49.6102973Z   Using cached email_validator-2.2.0-py3-none-any.whl.metadata (25 kB)
2025-08-19T08:15:49.6349086Z Collecting uvicorn>=0.12.0 (from uvicorn[standard]>=0.12.0; extra == "all"->fastapi[all]->-r requirements-dev.txt (line 13))
2025-08-19T08:15:49.6362126Z   Using cached uvicorn-0.35.0-py3-none-any.whl.metadata (6.5 kB)
2025-08-19T08:15:49.6512310Z Collecting pydantic-settings>=2.0.0 (from fastapi[all]->-r requirements-dev.txt (line 13))
2025-08-19T08:15:49.6525446Z   Using cached pydantic_settings-2.10.1-py3-none-any.whl.metadata (3.4 kB)
2025-08-19T08:15:49.6637818Z Collecting pydantic-extra-types>=2.0.0 (from fastapi[all]->-r requirements-dev.txt (line 13))
2025-08-19T08:15:49.6651846Z   Using cached pydantic_extra_types-2.10.5-py3-none-any.whl.metadata (3.9 kB)
2025-08-19T08:15:49.7325424Z Collecting prompt-toolkit>=3.0.36 (from click-repl>=0.2.0->celery==5.4.0->-r requirements-dev.txt (line 11))
2025-08-19T08:15:49.7338842Z   Using cached prompt_toolkit-3.0.51-py3-none-any.whl.metadata (6.4 kB)
2025-08-19T08:15:49.7504996Z Collecting dnspython>=2.0.0 (from email-validator>=2.0.0->fastapi[all]->-r requirements-dev.txt (line 13))
2025-08-19T08:15:49.7517637Z   Using cached dnspython-2.7.0-py3-none-any.whl.metadata (5.8 kB)
2025-08-19T08:15:49.7770963Z Collecting typer>=0.15.1 (from fastapi-cli>=0.0.8->fastapi-cli[standard]>=0.0.8; extra == "all"->fastapi[all]->-r requirements-dev.txt (line 13))
2025-08-19T08:15:49.7798466Z   Downloading typer-0.16.1-py3-none-any.whl.metadata (15 kB)
2025-08-19T08:15:49.8041615Z Collecting rich-toolkit>=0.14.8 (from fastapi-cli>=0.0.8->fastapi-cli[standard]>=0.0.8; extra == "all"->fastapi[all]->-r requirements-dev.txt (line 13))
2025-08-19T08:15:49.8054618Z   Using cached rich_toolkit-0.15.0-py3-none-any.whl.metadata (1.0 kB)
2025-08-19T08:15:49.8150131Z Collecting fastapi-cloud-cli>=0.1.1 (from fastapi-cli[standard]>=0.0.8; extra == "all"->fastapi[all]->-r requirements-dev.txt (line 13))
2025-08-19T08:15:49.8162889Z   Using cached fastapi_cloud_cli-0.1.5-py3-none-any.whl.metadata (3.2 kB)
2025-08-19T08:15:49.9945715Z Collecting rignore>=0.5.1 (from fastapi-cloud-cli>=0.1.1->fastapi-cli[standard]>=0.0.8; extra == "all"->fastapi[all]->-r requirements-dev.txt (line 13))
2025-08-19T08:15:49.9960398Z   Using cached rignore-0.6.4-cp311-cp311-manylinux_2_17_x86_64.manylinux2014_x86_64.whl.metadata (3.8 kB)
2025-08-19T08:15:50.0523840Z Collecting sentry-sdk>=2.20.0 (from fastapi-cloud-cli>=0.1.1->fastapi-cli[standard]>=0.0.8; extra == "all"->fastapi[all]->-r requirements-dev.txt (line 13))
2025-08-19T08:15:50.0537209Z   Using cached sentry_sdk-2.35.0-py2.py3-none-any.whl.metadata (10 kB)
2025-08-19T08:15:50.1403841Z Collecting psutil>=4.0.0 (from mirakuru>=2.6.0->pytest-postgresql==7.0.2->-r requirements-dev.txt (line 29))
2025-08-19T08:15:50.1417847Z   Using cached psutil-7.0.0-cp36-abi3-manylinux_2_12_x86_64.manylinux2010_x86_64.manylinux_2_17_x86_64.manylinux2014_x86_64.whl.metadata (22 kB)
2025-08-19T08:15:50.1699282Z Collecting wcwidth (from prompt-toolkit>=3.0.36->click-repl>=0.2.0->celery==5.4.0->-r requirements-dev.txt (line 11))
2025-08-19T08:15:50.1712331Z   Using cached wcwidth-0.2.13-py2.py3-none-any.whl.metadata (14 kB)
2025-08-19T08:15:50.2503172Z Collecting rich>=13.7.1 (from rich-toolkit>=0.14.8->fastapi-cli>=0.0.8->fastapi-cli[standard]>=0.0.8; extra == "all"->fastapi[all]->-r requirements-dev.txt (line 13))
2025-08-19T08:15:50.2515792Z   Using cached rich-14.1.0-py3-none-any.whl.metadata (18 kB)
2025-08-19T08:15:50.2672448Z Collecting markdown-it-py>=2.2.0 (from rich>=13.7.1->rich-toolkit>=0.14.8->fastapi-cli>=0.0.8->fastapi-cli[standard]>=0.0.8; extra == "all"->fastapi[all]->-r requirements-dev.txt (line 13))
2025-08-19T08:15:50.2685154Z   Using cached markdown_it_py-4.0.0-py3-none-any.whl.metadata (7.3 kB)
2025-08-19T08:15:50.2859570Z Collecting mdurl~=0.1 (from markdown-it-py>=2.2.0->rich>=13.7.1->rich-toolkit>=0.14.8->fastapi-cli>=0.0.8->fastapi-cli[standard]>=0.0.8; extra == "all"->fastapi[all]->-r requirements-dev.txt (line 13))
2025-08-19T08:15:50.2872272Z   Using cached mdurl-0.1.2-py3-none-any.whl.metadata (1.6 kB)
2025-08-19T08:15:50.3274835Z Collecting shellingham>=1.3.0 (from typer>=0.15.1->fastapi-cli>=0.0.8->fastapi-cli[standard]>=0.0.8; extra == "all"->fastapi[all]->-r requirements-dev.txt (line 13))
2025-08-19T08:15:50.3287404Z   Using cached shellingham-1.5.4-py2.py3-none-any.whl.metadata (3.5 kB)
2025-08-19T08:15:50.3962344Z Collecting httptools>=0.6.3 (from uvicorn[standard]>=0.12.0; extra == "all"->fastapi[all]->-r requirements-dev.txt (line 13))
2025-08-19T08:15:50.3975947Z   Using cached httptools-0.6.4-cp311-cp311-manylinux_2_5_x86_64.manylinux1_x86_64.manylinux_2_17_x86_64.manylinux2014_x86_64.whl.metadata (3.6 kB)
2025-08-19T08:15:50.4355210Z Collecting uvloop>=0.15.1 (from uvicorn[standard]>=0.12.0; extra == "all"->fastapi[all]->-r requirements-dev.txt (line 13))
2025-08-19T08:15:50.4368503Z   Using cached uvloop-0.21.0-cp311-cp311-manylinux_2_17_x86_64.manylinux2014_x86_64.whl.metadata (4.9 kB)
2025-08-19T08:15:50.5017312Z Collecting watchfiles>=0.13 (from uvicorn[standard]>=0.12.0; extra == "all"->fastapi[all]->-r requirements-dev.txt (line 13))
2025-08-19T08:15:50.5030554Z   Using cached watchfiles-1.1.0-cp311-cp311-manylinux_2_17_x86_64.manylinux2014_x86_64.whl.metadata (4.9 kB)
2025-08-19T08:15:50.5822700Z Collecting websockets>=10.4 (from uvicorn[standard]>=0.12.0; extra == "all"->fastapi[all]->-r requirements-dev.txt (line 13))
2025-08-19T08:15:50.5836284Z   Using cached websockets-15.0.1-cp311-cp311-manylinux_2_5_x86_64.manylinux1_x86_64.manylinux_2_17_x86_64.manylinux2014_x86_64.whl.metadata (6.8 kB)
2025-08-19T08:15:50.6217397Z Collecting argon2-cffi-bindings (from argon2-cffi->minio==7.*->-r requirements-dev.txt (line 10))
2025-08-19T08:15:50.6230549Z   Using cached argon2_cffi_bindings-25.1.0-cp39-abi3-manylinux_2_26_x86_64.manylinux_2_28_x86_64.whl.metadata (7.4 kB)
2025-08-19T08:15:50.7175289Z Collecting cffi>=1.0.1 (from argon2-cffi-bindings->argon2-cffi->minio==7.*->-r requirements-dev.txt (line 10))
2025-08-19T08:15:50.7188827Z   Using cached cffi-1.17.1-cp311-cp311-manylinux_2_17_x86_64.manylinux2014_x86_64.whl.metadata (1.5 kB)
2025-08-19T08:15:50.7291392Z Collecting pycparser (from cffi>=1.0.1->argon2-cffi-bindings->argon2-cffi->minio==7.*->-r requirements-dev.txt (line 10))
2025-08-19T08:15:50.7304868Z   Using cached pycparser-2.22-py3-none-any.whl.metadata (943 bytes)
2025-08-19T08:15:50.7811169Z Using cached jinja2-3.1.6-py3-none-any.whl (134 kB)
2025-08-19T08:15:50.7825131Z Using cached alembic-1.13.1-py3-none-any.whl (233 kB)
2025-08-19T08:15:50.7839787Z Using cached APScheduler-3.10.4-py3-none-any.whl (59 kB)
2025-08-19T08:15:50.7853316Z Using cached asgi_correlation_id-4.3.1-py3-none-any.whl (15 kB)
2025-08-19T08:15:50.7867288Z Using cached asyncpg-0.30.0-cp311-cp311-manylinux_2_17_x86_64.manylinux2014_x86_64.whl (3.1 MB)
2025-08-19T08:15:50.7905517Z Using cached black-25.1.0-cp311-cp311-manylinux_2_17_x86_64.manylinux2014_x86_64.manylinux_2_28_x86_64.whl (1.7 MB)
2025-08-19T08:15:50.7930527Z Using cached celery-5.4.0-py3-none-any.whl (425 kB)
2025-08-19T08:15:50.7946359Z Using cached fastapi-0.116.1-py3-none-any.whl (95 kB)
2025-08-19T08:15:50.7959873Z Using cached pydantic-2.11.7-py3-none-any.whl (444 kB)
2025-08-19T08:15:50.7975773Z Using cached fastapi_limiter-0.1.6-py3-none-any.whl (15 kB)
2025-08-19T08:15:50.7988448Z Using cached IMAPClient-3.0.1-py2.py3-none-any.whl (182 kB)
2025-08-19T08:15:50.8002493Z Using cached mypy_extensions-1.1.0-py3-none-any.whl (5.0 kB)
2025-08-19T08:15:50.8015420Z Using cached openpyxl-3.1.5-py2.py3-none-any.whl (250 kB)
2025-08-19T08:15:50.8030087Z Using cached psycopg2_binary-2.9.9-cp311-cp311-manylinux_2_17_x86_64.manylinux2014_x86_64.whl (3.0 MB)
2025-08-19T08:15:50.8065725Z Using cached psycopg-3.2.9-py3-none-any.whl (202 kB)
2025-08-19T08:15:50.8079448Z Using cached pytest_asyncio-0.23.6-py3-none-any.whl (17 kB)
2025-08-19T08:15:50.8092168Z Using cached pytest_cov-6.2.1-py3-none-any.whl (24 kB)
2025-08-19T08:15:50.8104849Z Using cached pytest_postgresql-7.0.2-py3-none-any.whl (41 kB)
2025-08-19T08:15:50.8118024Z Using cached python_telegram_bot-22.2-py3-none-any.whl (708 kB)
2025-08-19T08:15:50.8136726Z Using cached requests-2.32.4-py3-none-any.whl (64 kB)
2025-08-19T08:15:50.8149765Z Using cached respx-0.22.0-py2.py3-none-any.whl (25 kB)
2025-08-19T08:15:50.8162893Z Using cached ruff-0.4.4-py3-none-manylinux_2_17_x86_64.manylinux2014_x86_64.whl (8.7 MB)
2025-08-19T08:15:50.8239930Z Using cached SQLAlchemy-2.0.29-cp311-cp311-manylinux_2_17_x86_64.manylinux2014_x86_64.whl (3.2 MB)
2025-08-19T08:15:50.8275549Z Using cached structlog-24.1.0-py3-none-any.whl (65 kB)
2025-08-19T08:15:50.8288717Z Using cached testcontainers-4.10.0-py3-none-any.whl (107 kB)
2025-08-19T08:15:50.8302132Z Using cached types_requests-2.32.0.20240602-py3-none-any.whl (15 kB)
2025-08-19T08:15:50.8315066Z Using cached docspec_python-2.2.2-py3-none-any.whl (15 kB)
2025-08-19T08:15:50.8328214Z Using cached pydoc_markdown-4.8.2-py3-none-any.whl (67 kB)
2025-08-19T08:15:50.8341070Z Using cached docspec-2.2.1-py3-none-any.whl (9.8 kB)
2025-08-19T08:15:50.8354007Z Using cached psycopg_binary-3.2.9-cp311-cp311-manylinux_2_17_x86_64.manylinux2014_x86_64.whl (4.5 MB)
2025-08-19T08:15:50.8399735Z Using cached pydantic_core-2.33.2-cp311-cp311-manylinux_2_17_x86_64.manylinux2014_x86_64.whl (2.0 MB)
2025-08-19T08:15:50.8427088Z Using cached redis-5.3.1-py3-none-any.whl (272 kB)
2025-08-19T08:15:50.8441622Z Using cached minio-7.2.16-py3-none-any.whl (95 kB)
2025-08-19T08:15:50.8455113Z Using cached httpx-0.28.1-py3-none-any.whl (73 kB)
2025-08-19T08:15:50.8468752Z Using cached mypy-1.17.1-cp311-cp311-manylinux2014_x86_64.manylinux_2_17_x86_64.manylinux_2_28_x86_64.whl (12.6 MB)
2025-08-19T08:15:50.8570996Z Using cached numpy-1.26.4-cp311-cp311-manylinux_2_17_x86_64.manylinux2014_x86_64.whl (18.3 MB)
2025-08-19T08:15:50.8714868Z Using cached pandas-2.2.3-cp311-cp311-manylinux_2_17_x86_64.manylinux2014_x86_64.whl (13.1 MB)
2025-08-19T08:15:50.8820608Z Using cached pandera-0.19.3-py3-none-any.whl (251 kB)
2025-08-19T08:15:50.8835159Z Using cached billiard-4.2.1-py3-none-any.whl (86 kB)
2025-08-19T08:15:50.8849091Z Using cached charset_normalizer-3.4.3-cp311-cp311-manylinux2014_x86_64.manylinux_2_17_x86_64.manylinux_2_28_x86_64.whl (150 kB)
2025-08-19T08:15:50.8862590Z Using cached click-8.2.1-py3-none-any.whl (102 kB)
2025-08-19T08:15:50.8876276Z Using cached databind.core-4.5.2-py3-none-any.whl (1.5 kB)
2025-08-19T08:15:50.8888980Z Using cached databind-4.5.2-py3-none-any.whl (49 kB)
2025-08-19T08:15:50.8902061Z Using cached databind.json-4.5.2-py3-none-any.whl (1.5 kB)
2025-08-19T08:15:50.8914872Z Using cached Deprecated-1.2.18-py2.py3-none-any.whl (10.0 kB)
2025-08-19T08:15:50.8927634Z Using cached httpcore-1.0.9-py3-none-any.whl (78 kB)
2025-08-19T08:15:50.8940941Z Using cached idna-3.10-py3-none-any.whl (70 kB)
2025-08-19T08:15:50.8954046Z Using cached kombu-5.5.4-py3-none-any.whl (210 kB)
2025-08-19T08:15:50.8968556Z Using cached vine-5.1.0-py3-none-any.whl (9.6 kB)
2025-08-19T08:15:50.8981054Z Using cached amqp-5.3.1-py3-none-any.whl (50 kB)
2025-08-19T08:15:50.8993983Z Using cached multimethod-1.10-py3-none-any.whl (9.9 kB)
2025-08-19T08:15:50.9006831Z Using cached nr_date-2.1.0-py3-none-any.whl (10 kB)
2025-08-19T08:15:50.9019770Z Using cached nr_stream-1.1.5-py3-none-any.whl (10 kB)
2025-08-19T08:15:50.9032594Z Using cached nr.util-0.8.12-py3-none-any.whl (90 kB)
2025-08-19T08:15:50.9046125Z Using cached pytest-8.4.1-py3-none-any.whl (365 kB)
2025-08-19T08:15:50.9061425Z Using cached pluggy-1.6.0-py3-none-any.whl (20 kB)
2025-08-19T08:15:50.9074747Z Using cached PyYAML-6.0.2-cp311-cp311-manylinux_2_17_x86_64.manylinux2014_x86_64.whl (762 kB)
2025-08-19T08:15:50.9092718Z Using cached starlette-0.47.2-py3-none-any.whl (72 kB)
2025-08-19T08:15:50.9105938Z Using cached anyio-4.10.0-py3-none-any.whl (107 kB)
2025-08-19T08:15:50.9119792Z Using cached tomli-2.2.1-cp311-cp311-manylinux_2_17_x86_64.manylinux2014_x86_64.whl (236 kB)
2025-08-19T08:15:50.9133938Z Using cached tomli_w-1.2.0-py3-none-any.whl (6.7 kB)
2025-08-19T08:15:50.9146792Z Using cached typeapi-2.2.4-py3-none-any.whl (26 kB)
2025-08-19T08:15:50.9159911Z Using cached typing_extensions-4.14.1-py3-none-any.whl (43 kB)
2025-08-19T08:15:50.9172851Z Using cached urllib3-2.5.0-py3-none-any.whl (129 kB)
2025-08-19T08:15:50.9186929Z Using cached wrapt-1.17.3-cp311-cp311-manylinux1_x86_64.manylinux_2_28_x86_64.manylinux_2_5_x86_64.whl (82 kB)
2025-08-19T08:15:50.9216686Z Downloading boto3-1.40.12-py3-none-any.whl (140 kB)
2025-08-19T08:15:50.9375567Z Downloading botocore-1.40.12-py3-none-any.whl (14.0 MB)
2025-08-19T08:15:51.0002050Z    ━━━━━━━━━━━━━━━━━━━━━━━━━━━━━━━━━━━━━━━━ 14.0/14.0 MB 230.4 MB/s  0:00:00
2025-08-19T08:15:51.0015900Z Using cached jmespath-1.0.1-py3-none-any.whl (20 kB)
2025-08-19T08:15:51.0029201Z Using cached python_dateutil-2.9.0.post0-py2.py3-none-any.whl (229 kB)
2025-08-19T08:15:51.0043786Z Using cached s3transfer-0.13.1-py3-none-any.whl (85 kB)
2025-08-19T08:15:51.0057657Z Using cached itsdangerous-2.2.0-py3-none-any.whl (16 kB)
2025-08-19T08:15:51.0070818Z Using cached python_dotenv-1.1.1-py3-none-any.whl (20 kB)
2025-08-19T08:15:51.0084005Z Using cached python_multipart-0.0.20-py3-none-any.whl (24 kB)
2025-08-19T08:15:51.0097341Z Using cached annotated_types-0.7.0-py3-none-any.whl (13 kB)
2025-08-19T08:15:51.0110303Z Using cached certifi-2025.8.3-py3-none-any.whl (161 kB)
2025-08-19T08:15:51.0124740Z Using cached click_didyoumean-0.3.1-py3-none-any.whl (3.6 kB)
2025-08-19T08:15:51.0137678Z Using cached click_plugins-1.1.1.2-py2.py3-none-any.whl (11 kB)
2025-08-19T08:15:51.0150499Z Using cached click_repl-0.3.0-py3-none-any.whl (10 kB)
2025-08-19T08:15:51.0164570Z Using cached coverage-7.10.4-cp311-cp311-manylinux1_x86_64.manylinux_2_28_x86_64.manylinux_2_5_x86_64.whl (249 kB)
2025-08-19T08:15:51.0179023Z Using cached email_validator-2.2.0-py3-none-any.whl (33 kB)
2025-08-19T08:15:51.0192226Z Using cached dnspython-2.7.0-py3-none-any.whl (313 kB)
2025-08-19T08:15:51.0207535Z Using cached fastapi_cli-0.0.8-py3-none-any.whl (10 kB)
2025-08-19T08:15:51.0220462Z Using cached fastapi_cloud_cli-0.1.5-py3-none-any.whl (18 kB)
2025-08-19T08:15:51.0233529Z Using cached greenlet-3.2.4-cp311-cp311-manylinux_2_24_x86_64.manylinux_2_28_x86_64.whl (587 kB)
2025-08-19T08:15:51.0250500Z Using cached h11-0.16.0-py3-none-any.whl (37 kB)
2025-08-19T08:15:51.0263565Z Using cached iniconfig-2.1.0-py3-none-any.whl (6.0 kB)
2025-08-19T08:15:51.0277030Z Using cached MarkupSafe-3.0.2-cp311-cp311-manylinux_2_17_x86_64.manylinux2014_x86_64.whl (23 kB)
2025-08-19T08:15:51.0289879Z Using cached mirakuru-2.6.1-py3-none-any.whl (26 kB)
2025-08-19T08:15:51.0303145Z Using cached orjson-3.11.2-cp311-cp311-manylinux_2_17_x86_64.manylinux2014_x86_64.whl (121 kB)
2025-08-19T08:15:51.0316728Z Using cached packaging-25.0-py3-none-any.whl (66 kB)
2025-08-19T08:15:51.0330011Z Using cached pathspec-0.12.1-py3-none-any.whl (31 kB)
2025-08-19T08:15:51.0343331Z Using cached platformdirs-4.3.8-py3-none-any.whl (18 kB)
2025-08-19T08:15:51.0356113Z Using cached port_for-0.7.4-py3-none-any.whl (21 kB)
2025-08-19T08:15:51.0368939Z Using cached prompt_toolkit-3.0.51-py3-none-any.whl (387 kB)
2025-08-19T08:15:51.0385047Z Using cached psutil-7.0.0-cp36-abi3-manylinux_2_12_x86_64.manylinux2010_x86_64.manylinux_2_17_x86_64.manylinux2014_x86_64.whl (277 kB)
2025-08-19T08:15:51.0399801Z Using cached pydantic_extra_types-2.10.5-py3-none-any.whl (38 kB)
2025-08-19T08:15:51.0413088Z Using cached pydantic_settings-2.10.1-py3-none-any.whl (45 kB)
2025-08-19T08:15:51.0426367Z Using cached pygments-2.19.2-py3-none-any.whl (1.2 MB)
2025-08-19T08:15:51.0448064Z Using cached PyJWT-2.10.1-py3-none-any.whl (22 kB)
2025-08-19T08:15:51.0460889Z Using cached pytz-2025.2-py2.py3-none-any.whl (509 kB)
2025-08-19T08:15:51.0477429Z Using cached rich_toolkit-0.15.0-py3-none-any.whl (29 kB)
2025-08-19T08:15:51.0490226Z Using cached rich-14.1.0-py3-none-any.whl (243 kB)
2025-08-19T08:15:51.0504801Z Using cached markdown_it_py-4.0.0-py3-none-any.whl (87 kB)
2025-08-19T08:15:51.0518249Z Using cached mdurl-0.1.2-py3-none-any.whl (10.0 kB)
2025-08-19T08:15:51.0531321Z Using cached rignore-0.6.4-cp311-cp311-manylinux_2_17_x86_64.manylinux2014_x86_64.whl (950 kB)
2025-08-19T08:15:51.0551035Z Using cached sentry_sdk-2.35.0-py2.py3-none-any.whl (363 kB)
2025-08-19T08:15:51.0566795Z Using cached six-1.17.0-py2.py3-none-any.whl (11 kB)
2025-08-19T08:15:51.0579597Z Using cached sniffio-1.3.1-py3-none-any.whl (10 kB)
2025-08-19T08:15:51.0607505Z Downloading typer-0.16.1-py3-none-any.whl (46 kB)
2025-08-19T08:15:51.0640246Z Using cached shellingham-1.5.4-py2.py3-none-any.whl (9.8 kB)
2025-08-19T08:15:51.0653047Z Using cached typing_inspect-0.9.0-py3-none-any.whl (8.8 kB)
2025-08-19T08:15:51.0666223Z Using cached typing_inspection-0.4.1-py3-none-any.whl (14 kB)
2025-08-19T08:15:51.0679220Z Using cached tzdata-2025.2-py2.py3-none-any.whl (347 kB)
2025-08-19T08:15:51.0694803Z Using cached tzlocal-5.3.1-py3-none-any.whl (18 kB)
2025-08-19T08:15:51.0708145Z Using cached ujson-5.10.0-cp311-cp311-manylinux_2_17_x86_64.manylinux2014_x86_64.whl (53 kB)
2025-08-19T08:15:51.0721247Z Using cached uvicorn-0.35.0-py3-none-any.whl (66 kB)
2025-08-19T08:15:51.0734981Z Using cached httptools-0.6.4-cp311-cp311-manylinux_2_5_x86_64.manylinux1_x86_64.manylinux_2_17_x86_64.manylinux2014_x86_64.whl (459 kB)
2025-08-19T08:15:51.0751310Z Using cached uvloop-0.21.0-cp311-cp311-manylinux_2_17_x86_64.manylinux2014_x86_64.whl (4.0 MB)
2025-08-19T08:15:51.0793004Z Using cached watchfiles-1.1.0-cp311-cp311-manylinux_2_17_x86_64.manylinux2014_x86_64.whl (453 kB)
2025-08-19T08:15:51.0809437Z Using cached websockets-15.0.1-cp311-cp311-manylinux_2_5_x86_64.manylinux1_x86_64.manylinux_2_17_x86_64.manylinux2014_x86_64.whl (182 kB)
2025-08-19T08:15:51.0823164Z Using cached yapf-0.43.0-py3-none-any.whl (256 kB)
2025-08-19T08:15:51.0837860Z Using cached argon2_cffi-25.1.0-py3-none-any.whl (14 kB)
2025-08-19T08:15:51.0851218Z Using cached argon2_cffi_bindings-25.1.0-cp39-abi3-manylinux_2_26_x86_64.manylinux_2_28_x86_64.whl (87 kB)
2025-08-19T08:15:51.0865036Z Using cached cffi-1.17.1-cp311-cp311-manylinux_2_17_x86_64.manylinux2014_x86_64.whl (467 kB)
2025-08-19T08:15:51.0881530Z Using cached docker-7.1.0-py3-none-any.whl (147 kB)
2025-08-19T08:15:51.0895538Z Using cached et_xmlfile-2.0.0-py3-none-any.whl (18 kB)
2025-08-19T08:15:51.0908532Z Using cached mako-1.3.10-py3-none-any.whl (78 kB)
2025-08-19T08:15:51.0921892Z Using cached pycparser-2.22-py3-none-any.whl (117 kB)
2025-08-19T08:15:51.0936062Z Using cached pycryptodome-3.23.0-cp37-abi3-manylinux_2_17_x86_64.manylinux2014_x86_64.whl (2.3 MB)
2025-08-19T08:15:51.0964892Z Using cached typeguard-4.4.4-py3-none-any.whl (34 kB)
2025-08-19T08:15:51.0977967Z Using cached watchdog-6.0.0-py3-none-manylinux2014_x86_64.whl (79 kB)
2025-08-19T08:15:51.0991209Z Using cached wcwidth-0.2.13-py2.py3-none-any.whl (34 kB)
2025-08-19T08:15:51.5022749Z Installing collected packages: wcwidth, pytz, wrapt, websockets, watchdog, vine, uvloop, urllib3, ujson, tzlocal, tzdata, typing-extensions, tomli_w, tomli, structlog, sniffio, six, shellingham, ruff, rignore, PyYAML, python-multipart, python-dotenv, PyJWT, pygments, pycryptodome, pycparser, psycopg2-binary, psycopg-binary, psutil, prompt-toolkit, port-for, pluggy, platformdirs, pathspec, packaging, orjson, numpy, nr-stream, nr-date, mypy-extensions, multimethod, mdurl, MarkupSafe, jmespath, itsdangerous, iniconfig, imapclient, idna, httptools, h11, greenlet, et-xmlfile, docstring-parser, dnspython, coverage, click, charset_normalizer, certifi, billiard, asyncpg, annotated-types, yapf, uvicorn, typing-inspection, typing-inspect, types-requests, typeguard, typeapi, sqlalchemy, sentry-sdk, requests, redis, python-dateutil, pytest, pydantic-core, psycopg, openpyxl, mypy, mirakuru, markdown-it-py, Mako, Jinja2, httpcore, email-validator, Deprecated, click-repl, click-plugins, click-didyoumean, cffi, black, apscheduler, anyio, amqp, watchfiles, starlette, rich, pytest-postgresql, pytest-cov, pytest-asyncio, pydantic, pandas, nr-util, kombu, httpx, docker, databind, botocore, argon2-cffi-bindings, alembic, typer, testcontainers, s3transfer, rich-toolkit, respx, python-telegram-bot, pydantic-settings, pydantic-extra-types, pandera, fastapi, databind.json, databind.core, celery, asgi-correlation-id, argon2-cffi, minio, fastapi-limiter, fastapi-cloud-cli, fastapi-cli, docspec, boto3, docspec-python, pydoc-markdown
2025-08-19T08:16:07.6297982Z 
2025-08-19T08:16:07.6364990Z Successfully installed Deprecated-1.2.18 Jinja2-3.1.6 Mako-1.3.10 MarkupSafe-3.0.2 PyJWT-2.10.1 PyYAML-6.0.2 alembic-1.13.1 amqp-5.3.1 annotated-types-0.7.0 anyio-4.10.0 apscheduler-3.10.4 argon2-cffi-25.1.0 argon2-cffi-bindings-25.1.0 asgi-correlation-id-4.3.1 asyncpg-0.30.0 billiard-4.2.1 black-25.1.0 boto3-1.40.12 botocore-1.40.12 celery-5.4.0 certifi-2025.8.3 cffi-1.17.1 charset_normalizer-3.4.3 click-8.2.1 click-didyoumean-0.3.1 click-plugins-1.1.1.2 click-repl-0.3.0 coverage-7.10.4 databind-4.5.2 databind.core-4.5.2 databind.json-4.5.2 dnspython-2.7.0 docker-7.1.0 docspec-2.2.1 docspec-python-2.2.2 docstring-parser-0.11 email-validator-2.2.0 et-xmlfile-2.0.0 fastapi-0.116.1 fastapi-cli-0.0.8 fastapi-cloud-cli-0.1.5 fastapi-limiter-0.1.6 greenlet-3.2.4 h11-0.16.0 httpcore-1.0.9 httptools-0.6.4 httpx-0.28.1 idna-3.10 imapclient-3.0.1 iniconfig-2.1.0 itsdangerous-2.2.0 jmespath-1.0.1 kombu-5.5.4 markdown-it-py-4.0.0 mdurl-0.1.2 minio-7.2.16 mirakuru-2.6.1 multimethod-1.10 mypy-1.17.1 mypy-extensions-1.1.0 nr-date-2.1.0 nr-stream-1.1.5 nr-util-0.8.12 numpy-1.26.4 openpyxl-3.1.5 orjson-3.11.2 packaging-25.0 pandas-2.2.3 pandera-0.19.3 pathspec-0.12.1 platformdirs-4.3.8 pluggy-1.6.0 port-for-0.7.4 prompt-toolkit-3.0.51 psutil-7.0.0 psycopg-3.2.9 psycopg-binary-3.2.9 psycopg2-binary-2.9.9 pycparser-2.22 pycryptodome-3.23.0 pydantic-2.11.7 pydantic-core-2.33.2 pydantic-extra-types-2.10.5 pydantic-settings-2.10.1 pydoc-markdown-4.8.2 pygments-2.19.2 pytest-8.4.1 pytest-asyncio-0.23.6 pytest-cov-6.2.1 pytest-postgresql-7.0.2 python-dateutil-2.9.0.post0 python-dotenv-1.1.1 python-multipart-0.0.20 python-telegram-bot-22.2 pytz-2025.2 redis-5.3.1 requests-2.32.4 respx-0.22.0 rich-14.1.0 rich-toolkit-0.15.0 rignore-0.6.4 ruff-0.4.4 s3transfer-0.13.1 sentry-sdk-2.35.0 shellingham-1.5.4 six-1.17.0 sniffio-1.3.1 sqlalchemy-2.0.29 starlette-0.47.2 structlog-24.1.0 testcontainers-4.10.0 tomli-2.2.1 tomli_w-1.2.0 typeapi-2.2.4 typeguard-4.4.4 typer-0.16.1 types-requests-2.32.0.20240602 typing-extensions-4.14.1 typing-inspect-0.9.0 typing-inspection-0.4.1 tzdata-2025.2 tzlocal-5.3.1 ujson-5.10.0 urllib3-2.5.0 uvicorn-0.35.0 uvloop-0.21.0 vine-5.1.0 watchdog-6.0.0 watchfiles-1.1.0 wcwidth-0.2.13 websockets-15.0.1 wrapt-1.17.3 yapf-0.43.0
2025-08-19T08:16:08.8337593Z Collecting keepa==1.3.15
2025-08-19T08:16:08.8352599Z   Using cached keepa-1.3.15-py3-none-any.whl.metadata (11 kB)
2025-08-19T08:16:08.8604691Z Collecting minio==7.1.15
2025-08-19T08:16:08.8618636Z   Using cached minio-7.1.15-py3-none-any.whl.metadata (4.2 kB)
2025-08-19T08:16:08.8643213Z Requirement already satisfied: numpy>=1.9.3 in /opt/hostedtoolcache/Python/3.11.13/x64/lib/python3.11/site-packages (from keepa==1.3.15) (1.26.4)
2025-08-19T08:16:08.8648487Z Requirement already satisfied: requests>=2.2 in /opt/hostedtoolcache/Python/3.11.13/x64/lib/python3.11/site-packages (from keepa==1.3.15) (2.32.4)
2025-08-19T08:16:08.8944529Z Collecting tqdm (from keepa==1.3.15)
2025-08-19T08:16:08.8959402Z   Using cached tqdm-4.67.1-py3-none-any.whl.metadata (57 kB)
2025-08-19T08:16:09.3598772Z Collecting aiohttp (from keepa==1.3.15)
2025-08-19T08:16:09.3615686Z   Using cached aiohttp-3.12.15-cp311-cp311-manylinux_2_17_x86_64.manylinux2014_x86_64.whl.metadata (7.7 kB)
2025-08-19T08:16:09.3645963Z Requirement already satisfied: pandas<=3.0 in /opt/hostedtoolcache/Python/3.11.13/x64/lib/python3.11/site-packages (from keepa==1.3.15) (2.2.3)
2025-08-19T08:16:09.3650858Z Requirement already satisfied: pydantic in /opt/hostedtoolcache/Python/3.11.13/x64/lib/python3.11/site-packages (from keepa==1.3.15) (2.11.7)
2025-08-19T08:16:09.3658519Z Requirement already satisfied: certifi in /opt/hostedtoolcache/Python/3.11.13/x64/lib/python3.11/site-packages (from minio==7.1.15) (2025.8.3)
2025-08-19T08:16:09.3662351Z Requirement already satisfied: urllib3 in /opt/hostedtoolcache/Python/3.11.13/x64/lib/python3.11/site-packages (from minio==7.1.15) (2.5.0)
2025-08-19T08:16:09.3709539Z Requirement already satisfied: python-dateutil>=2.8.2 in /opt/hostedtoolcache/Python/3.11.13/x64/lib/python3.11/site-packages (from pandas<=3.0->keepa==1.3.15) (2.9.0.post0)
2025-08-19T08:16:09.3714941Z Requirement already satisfied: pytz>=2020.1 in /opt/hostedtoolcache/Python/3.11.13/x64/lib/python3.11/site-packages (from pandas<=3.0->keepa==1.3.15) (2025.2)
2025-08-19T08:16:09.3719994Z Requirement already satisfied: tzdata>=2022.7 in /opt/hostedtoolcache/Python/3.11.13/x64/lib/python3.11/site-packages (from pandas<=3.0->keepa==1.3.15) (2025.2)
2025-08-19T08:16:09.3833456Z Requirement already satisfied: six>=1.5 in /opt/hostedtoolcache/Python/3.11.13/x64/lib/python3.11/site-packages (from python-dateutil>=2.8.2->pandas<=3.0->keepa==1.3.15) (1.17.0)
2025-08-19T08:16:09.3851414Z Requirement already satisfied: charset_normalizer<4,>=2 in /opt/hostedtoolcache/Python/3.11.13/x64/lib/python3.11/site-packages (from requests>=2.2->keepa==1.3.15) (3.4.3)
2025-08-19T08:16:09.3857189Z Requirement already satisfied: idna<4,>=2.5 in /opt/hostedtoolcache/Python/3.11.13/x64/lib/python3.11/site-packages (from requests>=2.2->keepa==1.3.15) (3.10)
2025-08-19T08:16:09.4027948Z Collecting aiohappyeyeballs>=2.5.0 (from aiohttp->keepa==1.3.15)
2025-08-19T08:16:09.4041870Z   Using cached aiohappyeyeballs-2.6.1-py3-none-any.whl.metadata (5.9 kB)
2025-08-19T08:16:09.4116654Z Collecting aiosignal>=1.4.0 (from aiohttp->keepa==1.3.15)
2025-08-19T08:16:09.4130316Z   Using cached aiosignal-1.4.0-py3-none-any.whl.metadata (3.7 kB)
2025-08-19T08:16:09.4259045Z Collecting attrs>=17.3.0 (from aiohttp->keepa==1.3.15)
2025-08-19T08:16:09.4272732Z   Using cached attrs-25.3.0-py3-none-any.whl.metadata (10 kB)
2025-08-19T08:16:09.4900504Z Collecting frozenlist>=1.1.1 (from aiohttp->keepa==1.3.15)
2025-08-19T08:16:09.4916849Z   Using cached frozenlist-1.7.0-cp311-cp311-manylinux_2_5_x86_64.manylinux1_x86_64.manylinux_2_17_x86_64.manylinux2014_x86_64.whl.metadata (18 kB)
2025-08-19T08:16:09.7008566Z Collecting multidict<7.0,>=4.5 (from aiohttp->keepa==1.3.15)
2025-08-19T08:16:09.7024636Z   Using cached multidict-6.6.4-cp311-cp311-manylinux2014_x86_64.manylinux_2_17_x86_64.manylinux_2_28_x86_64.whl.metadata (5.3 kB)
2025-08-19T08:16:09.7408593Z Collecting propcache>=0.2.0 (from aiohttp->keepa==1.3.15)
2025-08-19T08:16:09.7422202Z   Using cached propcache-0.3.2-cp311-cp311-manylinux_2_17_x86_64.manylinux2014_x86_64.whl.metadata (12 kB)
2025-08-19T08:16:09.9877250Z Collecting yarl<2.0,>=1.17.0 (from aiohttp->keepa==1.3.15)
2025-08-19T08:16:09.9892661Z   Using cached yarl-1.20.1-cp311-cp311-manylinux_2_17_x86_64.manylinux2014_x86_64.whl.metadata (73 kB)
2025-08-19T08:16:10.0086950Z Requirement already satisfied: typing-extensions>=4.2 in /opt/hostedtoolcache/Python/3.11.13/x64/lib/python3.11/site-packages (from aiosignal>=1.4.0->aiohttp->keepa==1.3.15) (4.14.1)
2025-08-19T08:16:10.0130519Z Requirement already satisfied: annotated-types>=0.6.0 in /opt/hostedtoolcache/Python/3.11.13/x64/lib/python3.11/site-packages (from pydantic->keepa==1.3.15) (0.7.0)
2025-08-19T08:16:10.0135336Z Requirement already satisfied: pydantic-core==2.33.2 in /opt/hostedtoolcache/Python/3.11.13/x64/lib/python3.11/site-packages (from pydantic->keepa==1.3.15) (2.33.2)
2025-08-19T08:16:10.0141986Z Requirement already satisfied: typing-inspection>=0.4.0 in /opt/hostedtoolcache/Python/3.11.13/x64/lib/python3.11/site-packages (from pydantic->keepa==1.3.15) (0.4.1)
2025-08-19T08:16:10.0199181Z Using cached keepa-1.3.15-py3-none-any.whl (38 kB)
2025-08-19T08:16:10.0212301Z Using cached minio-7.1.15-py3-none-any.whl (77 kB)
2025-08-19T08:16:10.0226063Z Using cached aiohttp-3.12.15-cp311-cp311-manylinux_2_17_x86_64.manylinux2014_x86_64.whl (1.7 MB)
2025-08-19T08:16:10.0252668Z Using cached multidict-6.6.4-cp311-cp311-manylinux2014_x86_64.manylinux_2_17_x86_64.manylinux_2_28_x86_64.whl (246 kB)
2025-08-19T08:16:10.0266747Z Using cached yarl-1.20.1-cp311-cp311-manylinux_2_17_x86_64.manylinux2014_x86_64.whl (348 kB)
2025-08-19T08:16:10.0281885Z Using cached aiohappyeyeballs-2.6.1-py3-none-any.whl (15 kB)
2025-08-19T08:16:10.0294721Z Using cached aiosignal-1.4.0-py3-none-any.whl (7.5 kB)
2025-08-19T08:16:10.0307412Z Using cached attrs-25.3.0-py3-none-any.whl (63 kB)
2025-08-19T08:16:10.0320846Z Using cached frozenlist-1.7.0-cp311-cp311-manylinux_2_5_x86_64.manylinux1_x86_64.manylinux_2_17_x86_64.manylinux2014_x86_64.whl (235 kB)
2025-08-19T08:16:10.0335464Z Using cached propcache-0.3.2-cp311-cp311-manylinux_2_17_x86_64.manylinux2014_x86_64.whl (213 kB)
2025-08-19T08:16:10.0349433Z Using cached tqdm-4.67.1-py3-none-any.whl (78 kB)
2025-08-19T08:16:10.1850944Z Installing collected packages: tqdm, propcache, multidict, minio, frozenlist, attrs, aiohappyeyeballs, yarl, aiosignal, aiohttp, keepa
2025-08-19T08:16:10.2520624Z   Attempting uninstall: minio
2025-08-19T08:16:10.2551902Z     Found existing installation: minio 7.2.16
2025-08-19T08:16:10.2585698Z     Uninstalling minio-7.2.16:
2025-08-19T08:16:10.2595437Z       Successfully uninstalled minio-7.2.16
2025-08-19T08:16:10.5782746Z 
2025-08-19T08:16:10.5844696Z Successfully installed aiohappyeyeballs-2.6.1 aiohttp-3.12.15 aiosignal-1.4.0 attrs-25.3.0 frozenlist-1.7.0 keepa-1.3.15 minio-7.1.15 multidict-6.6.4 propcache-0.3.2 tqdm-4.67.1 yarl-1.20.1
2025-08-19T08:16:10.7416426Z ##[group]Run sudo apt-get update
2025-08-19T08:16:10.7416960Z [36;1msudo apt-get update[0m
2025-08-19T08:16:10.7417424Z [36;1msudo apt-get install -y postgresql[0m
2025-08-19T08:16:10.7418262Z [36;1mecho "/usr/lib/postgresql/$(pg_config --version | cut -d' ' -f2 | cut -d'.' -f1,2)/bin" >> $GITHUB_PATH[0m
2025-08-19T08:16:10.7477237Z shell: /usr/bin/bash -e {0}
2025-08-19T08:16:10.7477636Z env:
2025-08-19T08:16:10.7477941Z   PG_USER: postgres
2025-08-19T08:16:10.7478293Z   PG_PASSWORD: pass
2025-08-19T08:16:10.7478643Z   PG_DATABASE: awa
2025-08-19T08:16:10.7478990Z   PG_HOST: localhost
2025-08-19T08:16:10.7479339Z   PG_PORT: 5432
2025-08-19T08:16:10.7480066Z   PG_SYNC_DSN: ***localhost:5432/awa
2025-08-19T08:16:10.7480822Z   PG_ASYNC_DSN: ***localhost:5432/awa
2025-08-19T08:16:10.7481586Z   DATABASE_URL: ***localhost:5432/awa
2025-08-19T08:16:10.7482037Z   DATA_DIR: /tmp/awa-data
2025-08-19T08:16:10.7482404Z   ENABLE_LIVE: 0
2025-08-19T08:16:10.7482739Z   TESTING: 1
2025-08-19T08:16:10.7483196Z   pythonLocation: /opt/hostedtoolcache/Python/3.11.13/x64
2025-08-19T08:16:10.7483925Z   PKG_CONFIG_PATH: /opt/hostedtoolcache/Python/3.11.13/x64/lib/pkgconfig
2025-08-19T08:16:10.7484864Z   Python_ROOT_DIR: /opt/hostedtoolcache/Python/3.11.13/x64
2025-08-19T08:16:10.7485506Z   Python2_ROOT_DIR: /opt/hostedtoolcache/Python/3.11.13/x64
2025-08-19T08:16:10.7486157Z   Python3_ROOT_DIR: /opt/hostedtoolcache/Python/3.11.13/x64
2025-08-19T08:16:10.7486821Z   LD_LIBRARY_PATH: /opt/hostedtoolcache/Python/3.11.13/x64/lib
2025-08-19T08:16:10.7487367Z ##[endgroup]
2025-08-19T08:16:10.8200292Z Get:1 file:/etc/apt/apt-mirrors.txt Mirrorlist [144 B]
2025-08-19T08:16:10.8503755Z Hit:2 http://azure.archive.ubuntu.com/ubuntu noble InRelease
2025-08-19T08:16:10.8510632Z Get:3 http://azure.archive.ubuntu.com/ubuntu noble-updates InRelease [126 kB]
2025-08-19T08:16:10.8561709Z Get:4 http://azure.archive.ubuntu.com/ubuntu noble-backports InRelease [126 kB]
2025-08-19T08:16:10.8575536Z Hit:6 https://packages.microsoft.com/repos/azure-cli noble InRelease
2025-08-19T08:16:10.8596398Z Get:5 http://azure.archive.ubuntu.com/ubuntu noble-security InRelease [126 kB]
2025-08-19T08:16:10.8612068Z Get:7 https://packages.microsoft.com/ubuntu/24.04/prod noble InRelease [3600 B]
2025-08-19T08:16:10.9775559Z Get:8 http://azure.archive.ubuntu.com/ubuntu noble-updates/main amd64 Packages [1337 kB]
2025-08-19T08:16:10.9922632Z Get:9 http://azure.archive.ubuntu.com/ubuntu noble-updates/main Translation-en [267 kB]
2025-08-19T08:16:10.9948883Z Get:10 http://azure.archive.ubuntu.com/ubuntu noble-updates/main amd64 Components [175 kB]
2025-08-19T08:16:10.9964656Z Get:11 http://azure.archive.ubuntu.com/ubuntu noble-updates/universe amd64 Packages [1121 kB]
2025-08-19T08:16:11.0027701Z Get:12 http://azure.archive.ubuntu.com/ubuntu noble-updates/universe Translation-en [288 kB]
2025-08-19T08:16:11.0056542Z Get:13 http://azure.archive.ubuntu.com/ubuntu noble-updates/universe amd64 Components [377 kB]
2025-08-19T08:16:11.0091964Z Get:14 http://azure.archive.ubuntu.com/ubuntu noble-updates/restricted amd64 Packages [1700 kB]
2025-08-19T08:16:11.0192507Z Get:15 http://azure.archive.ubuntu.com/ubuntu noble-updates/restricted Translation-en [375 kB]
2025-08-19T08:16:11.0220755Z Get:16 http://azure.archive.ubuntu.com/ubuntu noble-updates/restricted amd64 Components [212 B]
2025-08-19T08:16:11.0229775Z Get:17 http://azure.archive.ubuntu.com/ubuntu noble-updates/multiverse amd64 Components [940 B]
2025-08-19T08:16:11.0764793Z Get:18 http://azure.archive.ubuntu.com/ubuntu noble-backports/main amd64 Components [7072 B]
2025-08-19T08:16:11.0780906Z Get:19 http://azure.archive.ubuntu.com/ubuntu noble-backports/universe amd64 Packages [30.2 kB]
2025-08-19T08:16:11.0792539Z Get:20 http://azure.archive.ubuntu.com/ubuntu noble-backports/universe Translation-en [17.4 kB]
2025-08-19T08:16:11.0799026Z Get:21 http://azure.archive.ubuntu.com/ubuntu noble-backports/universe amd64 Components [19.2 kB]
2025-08-19T08:16:11.0809525Z Get:22 http://azure.archive.ubuntu.com/ubuntu noble-backports/restricted amd64 Components [216 B]
2025-08-19T08:16:11.0818367Z Get:23 http://azure.archive.ubuntu.com/ubuntu noble-backports/multiverse amd64 Components [212 B]
2025-08-19T08:16:11.1284591Z Get:24 http://azure.archive.ubuntu.com/ubuntu noble-security/main amd64 Packages [1075 kB]
2025-08-19T08:16:11.1352041Z Get:25 http://azure.archive.ubuntu.com/ubuntu noble-security/main Translation-en [186 kB]
2025-08-19T08:16:11.1373787Z Get:26 http://azure.archive.ubuntu.com/ubuntu noble-security/main amd64 Components [21.6 kB]
2025-08-19T08:16:11.1386996Z Get:27 http://azure.archive.ubuntu.com/ubuntu noble-security/universe amd64 Packages [879 kB]
2025-08-19T08:16:11.1443935Z Get:28 http://azure.archive.ubuntu.com/ubuntu noble-security/universe Translation-en [195 kB]
2025-08-19T08:16:11.1462480Z Get:29 http://azure.archive.ubuntu.com/ubuntu noble-security/universe amd64 Components [52.2 kB]
2025-08-19T08:16:11.1475045Z Get:30 http://azure.archive.ubuntu.com/ubuntu noble-security/restricted amd64 Packages [1610 kB]
2025-08-19T08:16:11.1566327Z Get:31 http://azure.archive.ubuntu.com/ubuntu noble-security/restricted Translation-en [357 kB]
2025-08-19T08:16:11.1802824Z Get:34 https://packages.microsoft.com/ubuntu/24.04/prod noble/main amd64 Packages [47.9 kB]
2025-08-19T08:16:11.1833305Z Get:35 https://packages.microsoft.com/ubuntu/24.04/prod noble/main arm64 Packages [33.1 kB]
2025-08-19T08:16:11.2042151Z Get:32 http://azure.archive.ubuntu.com/ubuntu noble-security/restricted amd64 Components [212 B]
2025-08-19T08:16:11.2052629Z Get:33 http://azure.archive.ubuntu.com/ubuntu noble-security/multiverse amd64 Components [212 B]
2025-08-19T08:16:15.1274182Z Fetched 10.6 MB in 1s (8665 kB/s)
2025-08-19T08:16:15.7967327Z Reading package lists...
2025-08-19T08:16:15.8281694Z Reading package lists...
2025-08-19T08:16:15.9818751Z Building dependency tree...
2025-08-19T08:16:15.9826070Z Reading state information...
2025-08-19T08:16:16.1303528Z Suggested packages:
2025-08-19T08:16:16.1304056Z   postgresql-doc
2025-08-19T08:16:16.1442046Z The following NEW packages will be installed:
2025-08-19T08:16:16.1442756Z   postgresql
2025-08-19T08:16:16.1607376Z 0 upgraded, 1 newly installed, 0 to remove and 39 not upgraded.
2025-08-19T08:16:16.1607972Z Need to get 11.6 kB of archives.
2025-08-19T08:16:16.1608518Z After this operation, 17.4 kB of additional disk space will be used.
2025-08-19T08:16:16.1609162Z Get:1 file:/etc/apt/apt-mirrors.txt Mirrorlist [144 B]
2025-08-19T08:16:16.2637916Z Get:2 http://azure.archive.ubuntu.com/ubuntu noble-updates/main amd64 postgresql all 16+257build1.1 [11.6 kB]
2025-08-19T08:16:16.5151743Z Fetched 11.6 kB in 0s (102 kB/s)
2025-08-19T08:16:16.5386450Z Selecting previously unselected package postgresql.
2025-08-19T08:16:16.5593607Z (Reading database ... 
2025-08-19T08:16:16.5594522Z (Reading database ... 5%
2025-08-19T08:16:16.5595110Z (Reading database ... 10%
2025-08-19T08:16:16.5595484Z (Reading database ... 15%
2025-08-19T08:16:16.5595871Z (Reading database ... 20%
2025-08-19T08:16:16.5596146Z (Reading database ... 25%
2025-08-19T08:16:16.5596370Z (Reading database ... 30%
2025-08-19T08:16:16.5596593Z (Reading database ... 35%
2025-08-19T08:16:16.5596802Z (Reading database ... 40%
2025-08-19T08:16:16.5597000Z (Reading database ... 45%
2025-08-19T08:16:16.5597206Z (Reading database ... 50%
2025-08-19T08:16:16.5741356Z (Reading database ... 55%
2025-08-19T08:16:16.5921481Z (Reading database ... 60%
2025-08-19T08:16:16.6101366Z (Reading database ... 65%
2025-08-19T08:16:16.6290095Z (Reading database ... 70%
2025-08-19T08:16:16.6483297Z (Reading database ... 75%
2025-08-19T08:16:16.6693124Z (Reading database ... 80%
2025-08-19T08:16:16.7028356Z (Reading database ... 85%
2025-08-19T08:16:16.7522710Z (Reading database ... 90%
2025-08-19T08:16:16.7814809Z (Reading database ... 95%
2025-08-19T08:16:16.7815197Z (Reading database ... 100%
2025-08-19T08:16:16.7815704Z (Reading database ... 219881 files and directories currently installed.)
2025-08-19T08:16:16.7857846Z Preparing to unpack .../postgresql_16+257build1.1_all.deb ...
2025-08-19T08:16:16.7887289Z Unpacking postgresql (16+257build1.1) ...
2025-08-19T08:16:16.8265561Z Setting up postgresql (16+257build1.1) ...
2025-08-19T08:16:17.4292478Z 
2025-08-19T08:16:17.4293060Z Running kernel seems to be up-to-date.
2025-08-19T08:16:17.4293438Z 
2025-08-19T08:16:17.4293580Z Restarting services...
2025-08-19T08:16:17.4362523Z 
2025-08-19T08:16:17.4363016Z Service restarts being deferred:
2025-08-19T08:16:17.4364847Z  systemctl restart hosted-compute-agent.service
2025-08-19T08:16:17.4365270Z 
2025-08-19T08:16:17.4365440Z No containers need to be restarted.
2025-08-19T08:16:17.4365740Z 
2025-08-19T08:16:17.4365937Z No user sessions are running outdated binaries.
2025-08-19T08:16:17.4366274Z 
2025-08-19T08:16:17.4366589Z No VM guests are running outdated hypervisor (qemu) binaries on this host.
2025-08-19T08:16:18.2437110Z ##[group]Run pytest tests/db -q --cov=services --cov-append --cov-fail-under=0
2025-08-19T08:16:18.2437693Z [36;1mpytest tests/db -q --cov=services --cov-append --cov-fail-under=0[0m
2025-08-19T08:16:18.2477795Z shell: /usr/bin/bash -e {0}
2025-08-19T08:16:18.2478028Z env:
2025-08-19T08:16:18.2478204Z   PG_USER: postgres
2025-08-19T08:16:18.2478404Z   PG_PASSWORD: pass
2025-08-19T08:16:18.2478596Z   PG_DATABASE: awa
2025-08-19T08:16:18.2478783Z   PG_HOST: localhost
2025-08-19T08:16:18.2478982Z   PG_PORT: 5432
2025-08-19T08:16:18.2479429Z   PG_SYNC_DSN: ***localhost:5432/awa
2025-08-19T08:16:18.2479850Z   PG_ASYNC_DSN: ***localhost:5432/awa
2025-08-19T08:16:18.2480239Z   DATABASE_URL: ***localhost:5432/awa
2025-08-19T08:16:18.2480481Z   DATA_DIR: /tmp/awa-data
2025-08-19T08:16:18.2480690Z   ENABLE_LIVE: 0
2025-08-19T08:16:18.2480871Z   TESTING: 1
2025-08-19T08:16:18.2481122Z   pythonLocation: /opt/hostedtoolcache/Python/3.11.13/x64
2025-08-19T08:16:18.2481572Z   PKG_CONFIG_PATH: /opt/hostedtoolcache/Python/3.11.13/x64/lib/pkgconfig
2025-08-19T08:16:18.2481984Z   Python_ROOT_DIR: /opt/hostedtoolcache/Python/3.11.13/x64
2025-08-19T08:16:18.2482510Z   Python2_ROOT_DIR: /opt/hostedtoolcache/Python/3.11.13/x64
2025-08-19T08:16:18.2482870Z   Python3_ROOT_DIR: /opt/hostedtoolcache/Python/3.11.13/x64
2025-08-19T08:16:18.2483228Z   LD_LIBRARY_PATH: /opt/hostedtoolcache/Python/3.11.13/x64/lib
2025-08-19T08:16:18.2483531Z ##[endgroup]
2025-08-19T08:16:21.1843056Z /opt/hostedtoolcache/Python/3.11.13/x64/lib/python3.11/site-packages/coverage/report_core.py:118: CoverageWarning: Couldn't parse '/home/runner/work/AWA-App/AWA-App/C:\Users\Alexey\Documents\GitHub\AWA-App\services\__init__.py': No source for code: '/home/runner/work/AWA-App/AWA-App/C:\Users\Alexey\Documents\GitHub\AWA-App\services\__init__.py'. (couldnt-parse)
2025-08-19T08:16:21.1845812Z   coverage._warn(msg, slug="couldnt-parse")
2025-08-19T08:16:21.1848372Z /opt/hostedtoolcache/Python/3.11.13/x64/lib/python3.11/site-packages/coverage/report_core.py:118: CoverageWarning: Couldn't parse '/home/runner/work/AWA-App/AWA-App/C:\Users\Alexey\Documents\GitHub\AWA-App\services\alert_bot\__init__.py': No source for code: '/home/runner/work/AWA-App/AWA-App/C:\Users\Alexey\Documents\GitHub\AWA-App\services\alert_bot\__init__.py'. (couldnt-parse)
2025-08-19T08:16:21.1850956Z   coverage._warn(msg, slug="couldnt-parse")
2025-08-19T08:16:21.1853521Z /opt/hostedtoolcache/Python/3.11.13/x64/lib/python3.11/site-packages/coverage/report_core.py:118: CoverageWarning: Couldn't parse '/home/runner/work/AWA-App/AWA-App/C:\Users\Alexey\Documents\GitHub\AWA-App\services\alert_bot\alert_bot.py': No source for code: '/home/runner/work/AWA-App/AWA-App/C:\Users\Alexey\Documents\GitHub\AWA-App\services\alert_bot\alert_bot.py'. (couldnt-parse)
2025-08-19T08:16:21.1856244Z   coverage._warn(msg, slug="couldnt-parse")
2025-08-19T08:16:21.1858870Z /opt/hostedtoolcache/Python/3.11.13/x64/lib/python3.11/site-packages/coverage/report_core.py:118: CoverageWarning: Couldn't parse '/home/runner/work/AWA-App/AWA-App/C:\Users\Alexey\Documents\GitHub\AWA-App\services\alert_bot\rules\__init__.py': No source for code: '/home/runner/work/AWA-App/AWA-App/C:\Users\Alexey\Documents\GitHub\AWA-App\services\alert_bot\rules\__init__.py'. (couldnt-parse)
2025-08-19T08:16:21.1861514Z   coverage._warn(msg, slug="couldnt-parse")
2025-08-19T08:16:21.1863995Z /opt/hostedtoolcache/Python/3.11.13/x64/lib/python3.11/site-packages/coverage/report_core.py:118: CoverageWarning: Couldn't parse '/home/runner/work/AWA-App/AWA-App/C:\Users\Alexey\Documents\GitHub\AWA-App\services\api\__init__.py': No source for code: '/home/runner/work/AWA-App/AWA-App/C:\Users\Alexey\Documents\GitHub\AWA-App\services\api\__init__.py'. (couldnt-parse)
2025-08-19T08:16:21.1866934Z   coverage._warn(msg, slug="couldnt-parse")
2025-08-19T08:16:21.1869740Z /opt/hostedtoolcache/Python/3.11.13/x64/lib/python3.11/site-packages/coverage/report_core.py:118: CoverageWarning: Couldn't parse '/home/runner/work/AWA-App/AWA-App/C:\Users\Alexey\Documents\GitHub\AWA-App\services\api\config.py': No source for code: '/home/runner/work/AWA-App/AWA-App/C:\Users\Alexey\Documents\GitHub\AWA-App\services\api\config.py'. (couldnt-parse)
2025-08-19T08:16:21.1872268Z   coverage._warn(msg, slug="couldnt-parse")
2025-08-19T08:16:21.1874838Z /opt/hostedtoolcache/Python/3.11.13/x64/lib/python3.11/site-packages/coverage/report_core.py:118: CoverageWarning: Couldn't parse '/home/runner/work/AWA-App/AWA-App/C:\Users\Alexey\Documents\GitHub\AWA-App\services\api\db.py': No source for code: '/home/runner/work/AWA-App/AWA-App/C:\Users\Alexey\Documents\GitHub\AWA-App\services\api\db.py'. (couldnt-parse)
2025-08-19T08:16:21.1877270Z   coverage._warn(msg, slug="couldnt-parse")
2025-08-19T08:16:21.1879727Z /opt/hostedtoolcache/Python/3.11.13/x64/lib/python3.11/site-packages/coverage/report_core.py:118: CoverageWarning: Couldn't parse '/home/runner/work/AWA-App/AWA-App/C:\Users\Alexey\Documents\GitHub\AWA-App\services\api\main.py': No source for code: '/home/runner/work/AWA-App/AWA-App/C:\Users\Alexey\Documents\GitHub\AWA-App\services\api\main.py'. (couldnt-parse)
2025-08-19T08:16:21.1882437Z   coverage._warn(msg, slug="couldnt-parse")
2025-08-19T08:16:21.1885176Z /opt/hostedtoolcache/Python/3.11.13/x64/lib/python3.11/site-packages/coverage/report_core.py:118: CoverageWarning: Couldn't parse '/home/runner/work/AWA-App/AWA-App/C:\Users\Alexey\Documents\GitHub\AWA-App\services\api\models\__init__.py': No source for code: '/home/runner/work/AWA-App/AWA-App/C:\Users\Alexey\Documents\GitHub\AWA-App\services\api\models\__init__.py'. (couldnt-parse)
2025-08-19T08:16:21.1887709Z   coverage._warn(msg, slug="couldnt-parse")
2025-08-19T08:16:21.1890172Z /opt/hostedtoolcache/Python/3.11.13/x64/lib/python3.11/site-packages/coverage/report_core.py:118: CoverageWarning: Couldn't parse '/home/runner/work/AWA-App/AWA-App/C:\Users\Alexey\Documents\GitHub\AWA-App\services\api\models\fee.py': No source for code: '/home/runner/work/AWA-App/AWA-App/C:\Users\Alexey\Documents\GitHub\AWA-App\services\api\models\fee.py'. (couldnt-parse)
2025-08-19T08:16:21.1892669Z   coverage._warn(msg, slug="couldnt-parse")
2025-08-19T08:16:21.1895383Z /opt/hostedtoolcache/Python/3.11.13/x64/lib/python3.11/site-packages/coverage/report_core.py:118: CoverageWarning: Couldn't parse '/home/runner/work/AWA-App/AWA-App/C:\Users\Alexey\Documents\GitHub\AWA-App\services\api\roi_repository.py': No source for code: '/home/runner/work/AWA-App/AWA-App/C:\Users\Alexey\Documents\GitHub\AWA-App\services\api\roi_repository.py'. (couldnt-parse)
2025-08-19T08:16:21.1897948Z   coverage._warn(msg, slug="couldnt-parse")
2025-08-19T08:16:21.1900465Z /opt/hostedtoolcache/Python/3.11.13/x64/lib/python3.11/site-packages/coverage/report_core.py:118: CoverageWarning: Couldn't parse '/home/runner/work/AWA-App/AWA-App/C:\Users\Alexey\Documents\GitHub\AWA-App\services\api\routes\__init__.py': No source for code: '/home/runner/work/AWA-App/AWA-App/C:\Users\Alexey\Documents\GitHub\AWA-App\services\api\routes\__init__.py'. (couldnt-parse)
2025-08-19T08:16:21.1902988Z   coverage._warn(msg, slug="couldnt-parse")
2025-08-19T08:16:21.1905683Z /opt/hostedtoolcache/Python/3.11.13/x64/lib/python3.11/site-packages/coverage/report_core.py:118: CoverageWarning: Couldn't parse '/home/runner/work/AWA-App/AWA-App/C:\Users\Alexey\Documents\GitHub\AWA-App\services\api\routes\health.py': No source for code: '/home/runner/work/AWA-App/AWA-App/C:\Users\Alexey\Documents\GitHub\AWA-App\services\api\routes\health.py'. (couldnt-parse)
2025-08-19T08:16:21.1908258Z   coverage._warn(msg, slug="couldnt-parse")
2025-08-19T08:16:21.1910833Z /opt/hostedtoolcache/Python/3.11.13/x64/lib/python3.11/site-packages/coverage/report_core.py:118: CoverageWarning: Couldn't parse '/home/runner/work/AWA-App/AWA-App/C:\Users\Alexey\Documents\GitHub\AWA-App\services\api\routes\repository.py': No source for code: '/home/runner/work/AWA-App/AWA-App/C:\Users\Alexey\Documents\GitHub\AWA-App\services\api\routes\repository.py'. (couldnt-parse)
2025-08-19T08:16:21.1913666Z   coverage._warn(msg, slug="couldnt-parse")
2025-08-19T08:16:21.1916333Z /opt/hostedtoolcache/Python/3.11.13/x64/lib/python3.11/site-packages/coverage/report_core.py:118: CoverageWarning: Couldn't parse '/home/runner/work/AWA-App/AWA-App/C:\Users\Alexey\Documents\GitHub\AWA-App\services\api\routes\roi.py': No source for code: '/home/runner/work/AWA-App/AWA-App/C:\Users\Alexey\Documents\GitHub\AWA-App\services\api\routes\roi.py'. (couldnt-parse)
2025-08-19T08:16:21.1918837Z   coverage._warn(msg, slug="couldnt-parse")
2025-08-19T08:16:21.1921351Z /opt/hostedtoolcache/Python/3.11.13/x64/lib/python3.11/site-packages/coverage/report_core.py:118: CoverageWarning: Couldn't parse '/home/runner/work/AWA-App/AWA-App/C:\Users\Alexey\Documents\GitHub\AWA-App\services\api\routes\stats.py': No source for code: '/home/runner/work/AWA-App/AWA-App/C:\Users\Alexey\Documents\GitHub\AWA-App\services\api\routes\stats.py'. (couldnt-parse)
2025-08-19T08:16:21.1923875Z   coverage._warn(msg, slug="couldnt-parse")
2025-08-19T08:16:21.1926546Z /opt/hostedtoolcache/Python/3.11.13/x64/lib/python3.11/site-packages/coverage/report_core.py:118: CoverageWarning: Couldn't parse '/home/runner/work/AWA-App/AWA-App/C:\Users\Alexey\Documents\GitHub\AWA-App\services\common\__init__.py': No source for code: '/home/runner/work/AWA-App/AWA-App/C:\Users\Alexey\Documents\GitHub\AWA-App\services\common\__init__.py'. (couldnt-parse)
2025-08-19T08:16:21.1929283Z   coverage._warn(msg, slug="couldnt-parse")
2025-08-19T08:16:21.1931734Z /opt/hostedtoolcache/Python/3.11.13/x64/lib/python3.11/site-packages/coverage/report_core.py:118: CoverageWarning: Couldn't parse '/home/runner/work/AWA-App/AWA-App/C:\Users\Alexey\Documents\GitHub\AWA-App\services\common\base.py': No source for code: '/home/runner/work/AWA-App/AWA-App/C:\Users\Alexey\Documents\GitHub\AWA-App\services\common\base.py'. (couldnt-parse)
2025-08-19T08:16:21.1934185Z   coverage._warn(msg, slug="couldnt-parse")
2025-08-19T08:16:21.1936844Z /opt/hostedtoolcache/Python/3.11.13/x64/lib/python3.11/site-packages/coverage/report_core.py:118: CoverageWarning: Couldn't parse '/home/runner/work/AWA-App/AWA-App/C:\Users\Alexey\Documents\GitHub\AWA-App\services\common\config.py': No source for code: '/home/runner/work/AWA-App/AWA-App/C:\Users\Alexey\Documents\GitHub\AWA-App\services\common\config.py'. (couldnt-parse)
2025-08-19T08:16:21.1939339Z   coverage._warn(msg, slug="couldnt-parse")
2025-08-19T08:16:21.1941763Z /opt/hostedtoolcache/Python/3.11.13/x64/lib/python3.11/site-packages/coverage/report_core.py:118: CoverageWarning: Couldn't parse '/home/runner/work/AWA-App/AWA-App/C:\Users\Alexey\Documents\GitHub\AWA-App\services\common\db.py': No source for code: '/home/runner/work/AWA-App/AWA-App/C:\Users\Alexey\Documents\GitHub\AWA-App\services\common\db.py'. (couldnt-parse)
2025-08-19T08:16:21.1944189Z   coverage._warn(msg, slug="couldnt-parse")
2025-08-19T08:16:21.1946843Z /opt/hostedtoolcache/Python/3.11.13/x64/lib/python3.11/site-packages/coverage/report_core.py:118: CoverageWarning: Couldn't parse '/home/runner/work/AWA-App/AWA-App/C:\Users\Alexey\Documents\GitHub\AWA-App\services\common\db_url.py': No source for code: '/home/runner/work/AWA-App/AWA-App/C:\Users\Alexey\Documents\GitHub\AWA-App\services\common\db_url.py'. (couldnt-parse)
2025-08-19T08:16:21.1949336Z   coverage._warn(msg, slug="couldnt-parse")
2025-08-19T08:16:21.1951774Z /opt/hostedtoolcache/Python/3.11.13/x64/lib/python3.11/site-packages/coverage/report_core.py:118: CoverageWarning: Couldn't parse '/home/runner/work/AWA-App/AWA-App/C:\Users\Alexey\Documents\GitHub\AWA-App\services\common\dsn.py': No source for code: '/home/runner/work/AWA-App/AWA-App/C:\Users\Alexey\Documents\GitHub\AWA-App\services\common\dsn.py'. (couldnt-parse)
2025-08-19T08:16:21.1954234Z   coverage._warn(msg, slug="couldnt-parse")
2025-08-19T08:16:21.1957089Z /opt/hostedtoolcache/Python/3.11.13/x64/lib/python3.11/site-packages/coverage/report_core.py:118: CoverageWarning: Couldn't parse '/home/runner/work/AWA-App/AWA-App/C:\Users\Alexey\Documents\GitHub\AWA-App\services\common\keepa.py': No source for code: '/home/runner/work/AWA-App/AWA-App/C:\Users\Alexey\Documents\GitHub\AWA-App\services\common\keepa.py'. (couldnt-parse)
2025-08-19T08:16:21.1959637Z   coverage._warn(msg, slug="couldnt-parse")
2025-08-19T08:16:21.1962065Z /opt/hostedtoolcache/Python/3.11.13/x64/lib/python3.11/site-packages/coverage/report_core.py:118: CoverageWarning: Couldn't parse '/home/runner/work/AWA-App/AWA-App/C:\Users\Alexey\Documents\GitHub\AWA-App\services\common\llm.py': No source for code: '/home/runner/work/AWA-App/AWA-App/C:\Users\Alexey\Documents\GitHub\AWA-App\services\common\llm.py'. (couldnt-parse)
2025-08-19T08:16:21.1964722Z   coverage._warn(msg, slug="couldnt-parse")
2025-08-19T08:16:21.1967279Z /opt/hostedtoolcache/Python/3.11.13/x64/lib/python3.11/site-packages/coverage/report_core.py:118: CoverageWarning: Couldn't parse '/home/runner/work/AWA-App/AWA-App/C:\Users\Alexey\Documents\GitHub\AWA-App\services\common\models_vendor.py': No source for code: '/home/runner/work/AWA-App/AWA-App/C:\Users\Alexey\Documents\GitHub\AWA-App\services\common\models_vendor.py'. (couldnt-parse)
2025-08-19T08:16:21.1969879Z   coverage._warn(msg, slug="couldnt-parse")
2025-08-19T08:16:21.1972612Z /opt/hostedtoolcache/Python/3.11.13/x64/lib/python3.11/site-packages/coverage/report_core.py:118: CoverageWarning: Couldn't parse '/home/runner/work/AWA-App/AWA-App/C:\Users\Alexey\Documents\GitHub\AWA-App\services\common\settings.py': No source for code: '/home/runner/work/AWA-App/AWA-App/C:\Users\Alexey\Documents\GitHub\AWA-App\services\common\settings.py'. (couldnt-parse)
2025-08-19T08:16:21.1975327Z   coverage._warn(msg, slug="couldnt-parse")
2025-08-19T08:16:21.1977771Z /opt/hostedtoolcache/Python/3.11.13/x64/lib/python3.11/site-packages/coverage/report_core.py:118: CoverageWarning: Couldn't parse '/home/runner/work/AWA-App/AWA-App/C:\Users\Alexey\Documents\GitHub\AWA-App\services\db\__init__.py': No source for code: '/home/runner/work/AWA-App/AWA-App/C:\Users\Alexey\Documents\GitHub\AWA-App\services\db\__init__.py'. (couldnt-parse)
2025-08-19T08:16:21.1980247Z   coverage._warn(msg, slug="couldnt-parse")
2025-08-19T08:16:21.1982729Z /opt/hostedtoolcache/Python/3.11.13/x64/lib/python3.11/site-packages/coverage/report_core.py:118: CoverageWarning: Couldn't parse '/home/runner/work/AWA-App/AWA-App/C:\Users\Alexey\Documents\GitHub\AWA-App\services\db\utils\__init__.py': No source for code: '/home/runner/work/AWA-App/AWA-App/C:\Users\Alexey\Documents\GitHub\AWA-App\services\db\utils\__init__.py'. (couldnt-parse)
2025-08-19T08:16:21.1985499Z   coverage._warn(msg, slug="couldnt-parse")
2025-08-19T08:16:21.1987959Z /opt/hostedtoolcache/Python/3.11.13/x64/lib/python3.11/site-packages/coverage/report_core.py:118: CoverageWarning: Couldn't parse '/home/runner/work/AWA-App/AWA-App/C:\Users\Alexey\Documents\GitHub\AWA-App\services\db\utils\views.py': No source for code: '/home/runner/work/AWA-App/AWA-App/C:\Users\Alexey\Documents\GitHub\AWA-App\services\db\utils\views.py'. (couldnt-parse)
2025-08-19T08:16:21.1990465Z   coverage._warn(msg, slug="couldnt-parse")
2025-08-19T08:16:21.1992955Z /opt/hostedtoolcache/Python/3.11.13/x64/lib/python3.11/site-packages/coverage/report_core.py:118: CoverageWarning: Couldn't parse '/home/runner/work/AWA-App/AWA-App/C:\Users\Alexey\Documents\GitHub\AWA-App\services\emailer\__init__.py': No source for code: '/home/runner/work/AWA-App/AWA-App/C:\Users\Alexey\Documents\GitHub\AWA-App\services\emailer\__init__.py'. (couldnt-parse)
2025-08-19T08:16:21.1995710Z   coverage._warn(msg, slug="couldnt-parse")
2025-08-19T08:16:21.1998276Z /opt/hostedtoolcache/Python/3.11.13/x64/lib/python3.11/site-packages/coverage/report_core.py:118: CoverageWarning: Couldn't parse '/home/runner/work/AWA-App/AWA-App/C:\Users\Alexey\Documents\GitHub\AWA-App\services\emailer\generate_body.py': No source for code: '/home/runner/work/AWA-App/AWA-App/C:\Users\Alexey\Documents\GitHub\AWA-App\services\emailer\generate_body.py'. (couldnt-parse)
2025-08-19T08:16:21.2000904Z   coverage._warn(msg, slug="couldnt-parse")
2025-08-19T08:16:21.2003615Z /opt/hostedtoolcache/Python/3.11.13/x64/lib/python3.11/site-packages/coverage/report_core.py:118: CoverageWarning: Couldn't parse '/home/runner/work/AWA-App/AWA-App/C:\Users\Alexey\Documents\GitHub\AWA-App\services\etl\__init__.py': No source for code: '/home/runner/work/AWA-App/AWA-App/C:\Users\Alexey\Documents\GitHub\AWA-App\services\etl\__init__.py'. (couldnt-parse)
2025-08-19T08:16:21.2006292Z   coverage._warn(msg, slug="couldnt-parse")
2025-08-19T08:16:21.2008699Z /opt/hostedtoolcache/Python/3.11.13/x64/lib/python3.11/site-packages/coverage/report_core.py:118: CoverageWarning: Couldn't parse '/home/runner/work/AWA-App/AWA-App/C:\Users\Alexey\Documents\GitHub\AWA-App\services\etl\db.py': No source for code: '/home/runner/work/AWA-App/AWA-App/C:\Users\Alexey\Documents\GitHub\AWA-App\services\etl\db.py'. (couldnt-parse)
2025-08-19T08:16:21.2011121Z   coverage._warn(msg, slug="couldnt-parse")
2025-08-19T08:16:21.2013680Z /opt/hostedtoolcache/Python/3.11.13/x64/lib/python3.11/site-packages/coverage/report_core.py:118: CoverageWarning: Couldn't parse '/home/runner/work/AWA-App/AWA-App/C:\Users\Alexey\Documents\GitHub\AWA-App\services\etl\dialects\__init__.py': No source for code: '/home/runner/work/AWA-App/AWA-App/C:\Users\Alexey\Documents\GitHub\AWA-App\services\etl\dialects\__init__.py'. (couldnt-parse)
2025-08-19T08:16:21.2016674Z   coverage._warn(msg, slug="couldnt-parse")
2025-08-19T08:16:21.2019415Z /opt/hostedtoolcache/Python/3.11.13/x64/lib/python3.11/site-packages/coverage/report_core.py:118: CoverageWarning: Couldn't parse '/home/runner/work/AWA-App/AWA-App/C:\Users\Alexey\Documents\GitHub\AWA-App\services\etl\dialects\amazon_reimbursements.py': No source for code: '/home/runner/work/AWA-App/AWA-App/C:\Users\Alexey\Documents\GitHub\AWA-App\services\etl\dialects\amazon_reimbursements.py'. (couldnt-parse)
2025-08-19T08:16:21.2022192Z   coverage._warn(msg, slug="couldnt-parse")
2025-08-19T08:16:21.2025036Z /opt/hostedtoolcache/Python/3.11.13/x64/lib/python3.11/site-packages/coverage/report_core.py:118: CoverageWarning: Couldn't parse '/home/runner/work/AWA-App/AWA-App/C:\Users\Alexey\Documents\GitHub\AWA-App\services\etl\dialects\amazon_returns.py': No source for code: '/home/runner/work/AWA-App/AWA-App/C:\Users\Alexey\Documents\GitHub\AWA-App\services\etl\dialects\amazon_returns.py'. (couldnt-parse)
2025-08-19T08:16:21.2027709Z   coverage._warn(msg, slug="couldnt-parse")
2025-08-19T08:16:21.2030237Z /opt/hostedtoolcache/Python/3.11.13/x64/lib/python3.11/site-packages/coverage/report_core.py:118: CoverageWarning: Couldn't parse '/home/runner/work/AWA-App/AWA-App/C:\Users\Alexey\Documents\GitHub\AWA-App\services\etl\fba_fee_ingestor.py': No source for code: '/home/runner/work/AWA-App/AWA-App/C:\Users\Alexey\Documents\GitHub\AWA-App\services\etl\fba_fee_ingestor.py'. (couldnt-parse)
2025-08-19T08:16:21.2032841Z   coverage._warn(msg, slug="couldnt-parse")
2025-08-19T08:16:21.2035578Z /opt/hostedtoolcache/Python/3.11.13/x64/lib/python3.11/site-packages/coverage/report_core.py:118: CoverageWarning: Couldn't parse '/home/runner/work/AWA-App/AWA-App/C:\Users\Alexey\Documents\GitHub\AWA-App\services\etl\keepa_ingestor.py': No source for code: '/home/runner/work/AWA-App/AWA-App/C:\Users\Alexey\Documents\GitHub\AWA-App\services\etl\keepa_ingestor.py'. (couldnt-parse)
2025-08-19T08:16:21.2038172Z   coverage._warn(msg, slug="couldnt-parse")
2025-08-19T08:16:21.2040714Z /opt/hostedtoolcache/Python/3.11.13/x64/lib/python3.11/site-packages/coverage/report_core.py:118: CoverageWarning: Couldn't parse '/home/runner/work/AWA-App/AWA-App/C:\Users\Alexey\Documents\GitHub\AWA-App\services\etl\sp_fees_ingestor.py': No source for code: '/home/runner/work/AWA-App/AWA-App/C:\Users\Alexey\Documents\GitHub\AWA-App\services\etl\sp_fees_ingestor.py'. (couldnt-parse)
2025-08-19T08:16:21.2043292Z   coverage._warn(msg, slug="couldnt-parse")
2025-08-19T08:16:21.2046161Z /opt/hostedtoolcache/Python/3.11.13/x64/lib/python3.11/site-packages/coverage/report_core.py:118: CoverageWarning: Couldn't parse '/home/runner/work/AWA-App/AWA-App/C:\Users\Alexey\Documents\GitHub\AWA-App\services\fees_h10\__init__.py': No source for code: '/home/runner/work/AWA-App/AWA-App/C:\Users\Alexey\Documents\GitHub\AWA-App\services\fees_h10\__init__.py'. (couldnt-parse)
2025-08-19T08:16:21.2048710Z   coverage._warn(msg, slug="couldnt-parse")
2025-08-19T08:16:21.2051208Z /opt/hostedtoolcache/Python/3.11.13/x64/lib/python3.11/site-packages/coverage/report_core.py:118: CoverageWarning: Couldn't parse '/home/runner/work/AWA-App/AWA-App/C:\Users\Alexey\Documents\GitHub\AWA-App\services\fees_h10\client.py': No source for code: '/home/runner/work/AWA-App/AWA-App/C:\Users\Alexey\Documents\GitHub\AWA-App\services\fees_h10\client.py'. (couldnt-parse)
2025-08-19T08:16:21.2053727Z   coverage._warn(msg, slug="couldnt-parse")
2025-08-19T08:16:21.2056427Z /opt/hostedtoolcache/Python/3.11.13/x64/lib/python3.11/site-packages/coverage/report_core.py:118: CoverageWarning: Couldn't parse '/home/runner/work/AWA-App/AWA-App/C:\Users\Alexey\Documents\GitHub\AWA-App\services\fees_h10\repository.py': No source for code: '/home/runner/work/AWA-App/AWA-App/C:\Users\Alexey\Documents\GitHub\AWA-App\services\fees_h10\repository.py'. (couldnt-parse)
2025-08-19T08:16:21.2059242Z   coverage._warn(msg, slug="couldnt-parse")
2025-08-19T08:16:21.2061755Z /opt/hostedtoolcache/Python/3.11.13/x64/lib/python3.11/site-packages/coverage/report_core.py:118: CoverageWarning: Couldn't parse '/home/runner/work/AWA-App/AWA-App/C:\Users\Alexey\Documents\GitHub\AWA-App\services\fees_h10\worker.py': No source for code: '/home/runner/work/AWA-App/AWA-App/C:\Users\Alexey\Documents\GitHub\AWA-App\services\fees_h10\worker.py'. (couldnt-parse)
2025-08-19T08:16:21.2064444Z   coverage._warn(msg, slug="couldnt-parse")
2025-08-19T08:16:21.2066967Z /opt/hostedtoolcache/Python/3.11.13/x64/lib/python3.11/site-packages/coverage/report_core.py:118: CoverageWarning: Couldn't parse '/home/runner/work/AWA-App/AWA-App/C:\Users\Alexey\Documents\GitHub\AWA-App\services\ingest\__init__.py': No source for code: '/home/runner/work/AWA-App/AWA-App/C:\Users\Alexey\Documents\GitHub\AWA-App\services\ingest\__init__.py'. (couldnt-parse)
2025-08-19T08:16:21.2069464Z   coverage._warn(msg, slug="couldnt-parse")
2025-08-19T08:16:21.2072027Z /opt/hostedtoolcache/Python/3.11.13/x64/lib/python3.11/site-packages/coverage/report_core.py:118: CoverageWarning: Couldn't parse '/home/runner/work/AWA-App/AWA-App/C:\Users\Alexey\Documents\GitHub\AWA-App\services\ingest\email_watcher.py': No source for code: '/home/runner/work/AWA-App/AWA-App/C:\Users\Alexey\Documents\GitHub\AWA-App\services\ingest\email_watcher.py'. (couldnt-parse)
2025-08-19T08:16:21.2074977Z   coverage._warn(msg, slug="couldnt-parse")
2025-08-19T08:16:21.2076753Z /opt/hostedtoolcache/Python/3.11.13/x64/lib/python3.11/site-packages/coverage/report_core.py:118: CoverageWarning: Couldn't parse '/home/runner/work/AWA-App/AWA-App/C:\Users\Alexey\Documents\GitHub\AWA-App\services\ingest\ingest_router.py': No source for code: '/home/runner/work/AWA-App/AWA-App/C:\Users\Alexey\Documents\GitHub\AWA-App\services\ingest\ingest_router.py'. (couldnt-parse)
2025-08-19T08:16:21.2078341Z   coverage._warn(msg, slug="couldnt-parse")
2025-08-19T08:16:21.2080076Z /opt/hostedtoolcache/Python/3.11.13/x64/lib/python3.11/site-packages/coverage/report_core.py:118: CoverageWarning: Couldn't parse '/home/runner/work/AWA-App/AWA-App/C:\Users\Alexey\Documents\GitHub\AWA-App\services\ingest\upload_router.py': No source for code: '/home/runner/work/AWA-App/AWA-App/C:\Users\Alexey\Documents\GitHub\AWA-App\services\ingest\upload_router.py'. (couldnt-parse)
2025-08-19T08:16:21.2081664Z   coverage._warn(msg, slug="couldnt-parse")
2025-08-19T08:16:21.2083308Z /opt/hostedtoolcache/Python/3.11.13/x64/lib/python3.11/site-packages/coverage/report_core.py:118: CoverageWarning: Couldn't parse '/home/runner/work/AWA-App/AWA-App/C:\Users\Alexey\Documents\GitHub\AWA-App\services\llm_server\__init__.py': No source for code: '/home/runner/work/AWA-App/AWA-App/C:\Users\Alexey\Documents\GitHub\AWA-App\services\llm_server\__init__.py'. (couldnt-parse)
2025-08-19T08:16:21.2085290Z   coverage._warn(msg, slug="couldnt-parse")
2025-08-19T08:16:21.2086870Z /opt/hostedtoolcache/Python/3.11.13/x64/lib/python3.11/site-packages/coverage/report_core.py:118: CoverageWarning: Couldn't parse '/home/runner/work/AWA-App/AWA-App/C:\Users\Alexey\Documents\GitHub\AWA-App\services\llm_server\app.py': No source for code: '/home/runner/work/AWA-App/AWA-App/C:\Users\Alexey\Documents\GitHub\AWA-App\services\llm_server\app.py'. (couldnt-parse)
2025-08-19T08:16:21.2088531Z   coverage._warn(msg, slug="couldnt-parse")
2025-08-19T08:16:21.2090140Z /opt/hostedtoolcache/Python/3.11.13/x64/lib/python3.11/site-packages/coverage/report_core.py:118: CoverageWarning: Couldn't parse '/home/runner/work/AWA-App/AWA-App/C:\Users\Alexey\Documents\GitHub\AWA-App\services\logistics_etl\__init__.py': No source for code: '/home/runner/work/AWA-App/AWA-App/C:\Users\Alexey\Documents\GitHub\AWA-App\services\logistics_etl\__init__.py'. (couldnt-parse)
2025-08-19T08:16:21.2091882Z   coverage._warn(msg, slug="couldnt-parse")
2025-08-19T08:16:21.2093264Z /opt/hostedtoolcache/Python/3.11.13/x64/lib/python3.11/site-packages/coverage/report_core.py:118: CoverageWarning: Couldn't parse '/home/runner/work/AWA-App/AWA-App/C:\Users\Alexey\Documents\GitHub\AWA-App\services\logistics_etl\__main__.py': No source for code: '/home/runner/work/AWA-App/AWA-App/C:\Users\Alexey\Documents\GitHub\AWA-App\services\logistics_etl\__main__.py'. (couldnt-parse)
2025-08-19T08:16:21.2095154Z   coverage._warn(msg, slug="couldnt-parse")
2025-08-19T08:16:21.2096667Z /opt/hostedtoolcache/Python/3.11.13/x64/lib/python3.11/site-packages/coverage/report_core.py:118: CoverageWarning: Couldn't parse '/home/runner/work/AWA-App/AWA-App/C:\Users\Alexey\Documents\GitHub\AWA-App\services\logistics_etl\client.py': No source for code: '/home/runner/work/AWA-App/AWA-App/C:\Users\Alexey\Documents\GitHub\AWA-App\services\logistics_etl\client.py'. (couldnt-parse)
2025-08-19T08:16:21.2098056Z   coverage._warn(msg, slug="couldnt-parse")
2025-08-19T08:16:21.2099549Z /opt/hostedtoolcache/Python/3.11.13/x64/lib/python3.11/site-packages/coverage/report_core.py:118: CoverageWarning: Couldn't parse '/home/runner/work/AWA-App/AWA-App/C:\Users\Alexey\Documents\GitHub\AWA-App\services\logistics_etl\cron.py': No source for code: '/home/runner/work/AWA-App/AWA-App/C:\Users\Alexey\Documents\GitHub\AWA-App\services\logistics_etl\cron.py'. (couldnt-parse)
2025-08-19T08:16:21.2100905Z   coverage._warn(msg, slug="couldnt-parse")
2025-08-19T08:16:21.2102226Z /opt/hostedtoolcache/Python/3.11.13/x64/lib/python3.11/site-packages/coverage/report_core.py:118: CoverageWarning: Couldn't parse '/home/runner/work/AWA-App/AWA-App/C:\Users\Alexey\Documents\GitHub\AWA-App\services\logistics_etl\db.py': No source for code: '/home/runner/work/AWA-App/AWA-App/C:\Users\Alexey\Documents\GitHub\AWA-App\services\logistics_etl\db.py'. (couldnt-parse)
2025-08-19T08:16:21.2103551Z   coverage._warn(msg, slug="couldnt-parse")
2025-08-19T08:16:21.2105016Z /opt/hostedtoolcache/Python/3.11.13/x64/lib/python3.11/site-packages/coverage/report_core.py:118: CoverageWarning: Couldn't parse '/home/runner/work/AWA-App/AWA-App/C:\Users\Alexey\Documents\GitHub\AWA-App\services\logistics_etl\flow.py': No source for code: '/home/runner/work/AWA-App/AWA-App/C:\Users\Alexey\Documents\GitHub\AWA-App\services\logistics_etl\flow.py'. (couldnt-parse)
2025-08-19T08:16:21.2106379Z   coverage._warn(msg, slug="couldnt-parse")
2025-08-19T08:16:21.2107782Z /opt/hostedtoolcache/Python/3.11.13/x64/lib/python3.11/site-packages/coverage/report_core.py:118: CoverageWarning: Couldn't parse '/home/runner/work/AWA-App/AWA-App/C:\Users\Alexey\Documents\GitHub\AWA-App\services\logistics_etl\repository.py': No source for code: '/home/runner/work/AWA-App/AWA-App/C:\Users\Alexey\Documents\GitHub\AWA-App\services\logistics_etl\repository.py'. (couldnt-parse)
2025-08-19T08:16:21.2109182Z   coverage._warn(msg, slug="couldnt-parse")
2025-08-19T08:16:21.2110709Z /opt/hostedtoolcache/Python/3.11.13/x64/lib/python3.11/site-packages/coverage/report_core.py:118: CoverageWarning: Couldn't parse '/home/runner/work/AWA-App/AWA-App/C:\Users\Alexey\Documents\GitHub\AWA-App\services\price_importer\__init__.py': No source for code: '/home/runner/work/AWA-App/AWA-App/C:\Users\Alexey\Documents\GitHub\AWA-App\services\price_importer\__init__.py'. (couldnt-parse)
2025-08-19T08:16:21.2112079Z   coverage._warn(msg, slug="couldnt-parse")
2025-08-19T08:16:21.2113498Z /opt/hostedtoolcache/Python/3.11.13/x64/lib/python3.11/site-packages/coverage/report_core.py:118: CoverageWarning: Couldn't parse '/home/runner/work/AWA-App/AWA-App/C:\Users\Alexey\Documents\GitHub\AWA-App\services\price_importer\common\__init__.py': No source for code: '/home/runner/work/AWA-App/AWA-App/C:\Users\Alexey\Documents\GitHub\AWA-App\services\price_importer\common\__init__.py'. (couldnt-parse)
2025-08-19T08:16:21.2115042Z   coverage._warn(msg, slug="couldnt-parse")
2025-08-19T08:16:21.2116448Z /opt/hostedtoolcache/Python/3.11.13/x64/lib/python3.11/site-packages/coverage/report_core.py:118: CoverageWarning: Couldn't parse '/home/runner/work/AWA-App/AWA-App/C:\Users\Alexey\Documents\GitHub\AWA-App\services\price_importer\common\base.py': No source for code: '/home/runner/work/AWA-App/AWA-App/C:\Users\Alexey\Documents\GitHub\AWA-App\services\price_importer\common\base.py'. (couldnt-parse)
2025-08-19T08:16:21.2117961Z   coverage._warn(msg, slug="couldnt-parse")
2025-08-19T08:16:21.2119357Z /opt/hostedtoolcache/Python/3.11.13/x64/lib/python3.11/site-packages/coverage/report_core.py:118: CoverageWarning: Couldn't parse '/home/runner/work/AWA-App/AWA-App/C:\Users\Alexey\Documents\GitHub\AWA-App\services\price_importer\common\db_url.py': No source for code: '/home/runner/work/AWA-App/AWA-App/C:\Users\Alexey\Documents\GitHub\AWA-App\services\price_importer\common\db_url.py'. (couldnt-parse)
2025-08-19T08:16:21.2120755Z   coverage._warn(msg, slug="couldnt-parse")
2025-08-19T08:16:21.2122203Z /opt/hostedtoolcache/Python/3.11.13/x64/lib/python3.11/site-packages/coverage/report_core.py:118: CoverageWarning: Couldn't parse '/home/runner/work/AWA-App/AWA-App/C:\Users\Alexey\Documents\GitHub\AWA-App\services\price_importer\common\models_vendor.py': No source for code: '/home/runner/work/AWA-App/AWA-App/C:\Users\Alexey\Documents\GitHub\AWA-App\services\price_importer\common\models_vendor.py'. (couldnt-parse)
2025-08-19T08:16:21.2123656Z   coverage._warn(msg, slug="couldnt-parse")
2025-08-19T08:16:21.2125130Z /opt/hostedtoolcache/Python/3.11.13/x64/lib/python3.11/site-packages/coverage/report_core.py:118: CoverageWarning: Couldn't parse '/home/runner/work/AWA-App/AWA-App/C:\Users\Alexey\Documents\GitHub\AWA-App\services\price_importer\import.py': No source for code: '/home/runner/work/AWA-App/AWA-App/C:\Users\Alexey\Documents\GitHub\AWA-App\services\price_importer\import.py'. (couldnt-parse)
2025-08-19T08:16:21.2126495Z   coverage._warn(msg, slug="couldnt-parse")
2025-08-19T08:16:21.2127889Z /opt/hostedtoolcache/Python/3.11.13/x64/lib/python3.11/site-packages/coverage/report_core.py:118: CoverageWarning: Couldn't parse '/home/runner/work/AWA-App/AWA-App/C:\Users\Alexey\Documents\GitHub\AWA-App\services\price_importer\normaliser.py': No source for code: '/home/runner/work/AWA-App/AWA-App/C:\Users\Alexey\Documents\GitHub\AWA-App\services\price_importer\normaliser.py'. (couldnt-parse)
2025-08-19T08:16:21.2129277Z   coverage._warn(msg, slug="couldnt-parse")
2025-08-19T08:16:21.2130633Z /opt/hostedtoolcache/Python/3.11.13/x64/lib/python3.11/site-packages/coverage/report_core.py:118: CoverageWarning: Couldn't parse '/home/runner/work/AWA-App/AWA-App/C:\Users\Alexey\Documents\GitHub\AWA-App\services\price_importer\reader.py': No source for code: '/home/runner/work/AWA-App/AWA-App/C:\Users\Alexey\Documents\GitHub\AWA-App\services\price_importer\reader.py'. (couldnt-parse)
2025-08-19T08:16:21.2131998Z   coverage._warn(msg, slug="couldnt-parse")
2025-08-19T08:16:21.2133495Z /opt/hostedtoolcache/Python/3.11.13/x64/lib/python3.11/site-packages/coverage/report_core.py:118: CoverageWarning: Couldn't parse '/home/runner/work/AWA-App/AWA-App/C:\Users\Alexey\Documents\GitHub\AWA-App\services\price_importer\repository.py': No source for code: '/home/runner/work/AWA-App/AWA-App/C:\Users\Alexey\Documents\GitHub\AWA-App\services\price_importer\repository.py'. (couldnt-parse)
2025-08-19T08:16:21.2135048Z   coverage._warn(msg, slug="couldnt-parse")
2025-08-19T08:16:21.2136527Z /opt/hostedtoolcache/Python/3.11.13/x64/lib/python3.11/site-packages/coverage/report_core.py:118: CoverageWarning: Couldn't parse '/home/runner/work/AWA-App/AWA-App/C:\Users\Alexey\Documents\GitHub\AWA-App\services\price_importer\services_common\__init__.py': No source for code: '/home/runner/work/AWA-App/AWA-App/C:\Users\Alexey\Documents\GitHub\AWA-App\services\price_importer\services_common\__init__.py'. (couldnt-parse)
2025-08-19T08:16:21.2137994Z   coverage._warn(msg, slug="couldnt-parse")
2025-08-19T08:16:21.2139444Z /opt/hostedtoolcache/Python/3.11.13/x64/lib/python3.11/site-packages/coverage/report_core.py:118: CoverageWarning: Couldn't parse '/home/runner/work/AWA-App/AWA-App/C:\Users\Alexey\Documents\GitHub\AWA-App\services\price_importer\services_common\base.py': No source for code: '/home/runner/work/AWA-App/AWA-App/C:\Users\Alexey\Documents\GitHub\AWA-App\services\price_importer\services_common\base.py'. (couldnt-parse)
2025-08-19T08:16:21.2141014Z   coverage._warn(msg, slug="couldnt-parse")
2025-08-19T08:16:21.2142459Z /opt/hostedtoolcache/Python/3.11.13/x64/lib/python3.11/site-packages/coverage/report_core.py:118: CoverageWarning: Couldn't parse '/home/runner/work/AWA-App/AWA-App/C:\Users\Alexey\Documents\GitHub\AWA-App\services\price_importer\services_common\db.py': No source for code: '/home/runner/work/AWA-App/AWA-App/C:\Users\Alexey\Documents\GitHub\AWA-App\services\price_importer\services_common\db.py'. (couldnt-parse)
2025-08-19T08:16:21.2143884Z   coverage._warn(msg, slug="couldnt-parse")
2025-08-19T08:16:21.2145456Z /opt/hostedtoolcache/Python/3.11.13/x64/lib/python3.11/site-packages/coverage/report_core.py:118: CoverageWarning: Couldn't parse '/home/runner/work/AWA-App/AWA-App/C:\Users\Alexey\Documents\GitHub\AWA-App\services\price_importer\services_common\db_url.py': No source for code: '/home/runner/work/AWA-App/AWA-App/C:\Users\Alexey\Documents\GitHub\AWA-App\services\price_importer\services_common\db_url.py'. (couldnt-parse)
2025-08-19T08:16:21.2146926Z   coverage._warn(msg, slug="couldnt-parse")
2025-08-19T08:16:21.2148363Z /opt/hostedtoolcache/Python/3.11.13/x64/lib/python3.11/site-packages/coverage/report_core.py:118: CoverageWarning: Couldn't parse '/home/runner/work/AWA-App/AWA-App/C:\Users\Alexey\Documents\GitHub\AWA-App\services\price_importer\services_common\dsn.py': No source for code: '/home/runner/work/AWA-App/AWA-App/C:\Users\Alexey\Documents\GitHub\AWA-App\services\price_importer\services_common\dsn.py'. (couldnt-parse)
2025-08-19T08:16:21.2149794Z   coverage._warn(msg, slug="couldnt-parse")
2025-08-19T08:16:21.2151255Z /opt/hostedtoolcache/Python/3.11.13/x64/lib/python3.11/site-packages/coverage/report_core.py:118: CoverageWarning: Couldn't parse '/home/runner/work/AWA-App/AWA-App/C:\Users\Alexey\Documents\GitHub\AWA-App\services\price_importer\services_common\keepa.py': No source for code: '/home/runner/work/AWA-App/AWA-App/C:\Users\Alexey\Documents\GitHub\AWA-App\services\price_importer\services_common\keepa.py'. (couldnt-parse)
2025-08-19T08:16:21.2152713Z   coverage._warn(msg, slug="couldnt-parse")
2025-08-19T08:16:21.2154143Z /opt/hostedtoolcache/Python/3.11.13/x64/lib/python3.11/site-packages/coverage/report_core.py:118: CoverageWarning: Couldn't parse '/home/runner/work/AWA-App/AWA-App/C:\Users\Alexey\Documents\GitHub\AWA-App\services\price_importer\services_common\llm.py': No source for code: '/home/runner/work/AWA-App/AWA-App/C:\Users\Alexey\Documents\GitHub\AWA-App\services\price_importer\services_common\llm.py'. (couldnt-parse)
2025-08-19T08:16:21.2155731Z   coverage._warn(msg, slug="couldnt-parse")
2025-08-19T08:16:21.2157376Z /opt/hostedtoolcache/Python/3.11.13/x64/lib/python3.11/site-packages/coverage/report_core.py:118: CoverageWarning: Couldn't parse '/home/runner/work/AWA-App/AWA-App/C:\Users\Alexey\Documents\GitHub\AWA-App\services\price_importer\services_common\models_vendor.py': No source for code: '/home/runner/work/AWA-App/AWA-App/C:\Users\Alexey\Documents\GitHub\AWA-App\services\price_importer\services_common\models_vendor.py'. (couldnt-parse)
2025-08-19T08:16:21.2158893Z   coverage._warn(msg, slug="couldnt-parse")
2025-08-19T08:16:21.2160364Z /opt/hostedtoolcache/Python/3.11.13/x64/lib/python3.11/site-packages/coverage/report_core.py:118: CoverageWarning: Couldn't parse '/home/runner/work/AWA-App/AWA-App/C:\Users\Alexey\Documents\GitHub\AWA-App\services\price_importer\services_common\settings.py': No source for code: '/home/runner/work/AWA-App/AWA-App/C:\Users\Alexey\Documents\GitHub\AWA-App\services\price_importer\services_common\settings.py'. (couldnt-parse)
2025-08-19T08:16:21.2161846Z   coverage._warn(msg, slug="couldnt-parse")
2025-08-19T08:16:21.2163180Z /opt/hostedtoolcache/Python/3.11.13/x64/lib/python3.11/site-packages/coverage/report_core.py:118: CoverageWarning: Couldn't parse '/home/runner/work/AWA-App/AWA-App/C:\Users\Alexey\Documents\GitHub\AWA-App\services\repricer\__init__.py': No source for code: '/home/runner/work/AWA-App/AWA-App/C:\Users\Alexey\Documents\GitHub\AWA-App\services\repricer\__init__.py'. (couldnt-parse)
2025-08-19T08:16:21.2164706Z   coverage._warn(msg, slug="couldnt-parse")
2025-08-19T08:16:21.2166041Z /opt/hostedtoolcache/Python/3.11.13/x64/lib/python3.11/site-packages/coverage/report_core.py:118: CoverageWarning: Couldn't parse '/home/runner/work/AWA-App/AWA-App/C:\Users\Alexey\Documents\GitHub\AWA-App\services\repricer\app\__init__.py': No source for code: '/home/runner/work/AWA-App/AWA-App/C:\Users\Alexey\Documents\GitHub\AWA-App\services\repricer\app\__init__.py'. (couldnt-parse)
2025-08-19T08:16:21.2167383Z   coverage._warn(msg, slug="couldnt-parse")
2025-08-19T08:16:21.2168698Z /opt/hostedtoolcache/Python/3.11.13/x64/lib/python3.11/site-packages/coverage/report_core.py:118: CoverageWarning: Couldn't parse '/home/runner/work/AWA-App/AWA-App/C:\Users\Alexey\Documents\GitHub\AWA-App\services\repricer\app\deps.py': No source for code: '/home/runner/work/AWA-App/AWA-App/C:\Users\Alexey\Documents\GitHub\AWA-App\services\repricer\app\deps.py'. (couldnt-parse)
2025-08-19T08:16:21.2170032Z   coverage._warn(msg, slug="couldnt-parse")
2025-08-19T08:16:21.2171377Z /opt/hostedtoolcache/Python/3.11.13/x64/lib/python3.11/site-packages/coverage/report_core.py:118: CoverageWarning: Couldn't parse '/home/runner/work/AWA-App/AWA-App/C:\Users\Alexey\Documents\GitHub\AWA-App\services\repricer\app\logic.py': No source for code: '/home/runner/work/AWA-App/AWA-App/C:\Users\Alexey\Documents\GitHub\AWA-App\services\repricer\app\logic.py'. (couldnt-parse)
2025-08-19T08:16:21.2172718Z   coverage._warn(msg, slug="couldnt-parse")
2025-08-19T08:16:21.2174046Z /opt/hostedtoolcache/Python/3.11.13/x64/lib/python3.11/site-packages/coverage/report_core.py:118: CoverageWarning: Couldn't parse '/home/runner/work/AWA-App/AWA-App/C:\Users\Alexey\Documents\GitHub\AWA-App\services\repricer\app\main.py': No source for code: '/home/runner/work/AWA-App/AWA-App/C:\Users\Alexey\Documents\GitHub\AWA-App\services\repricer\app\main.py'. (couldnt-parse)
2025-08-19T08:16:21.2175472Z   coverage._warn(msg, slug="couldnt-parse")
2025-08-19T08:16:21.2176820Z /opt/hostedtoolcache/Python/3.11.13/x64/lib/python3.11/site-packages/coverage/report_core.py:118: CoverageWarning: Couldn't parse '/home/runner/work/AWA-App/AWA-App/C:\Users\Alexey\Documents\GitHub\AWA-App\services\repricer\app\schemas.py': No source for code: '/home/runner/work/AWA-App/AWA-App/C:\Users\Alexey\Documents\GitHub\AWA-App\services\repricer\app\schemas.py'. (couldnt-parse)
2025-08-19T08:16:21.2178174Z   coverage._warn(msg, slug="couldnt-parse")
2025-08-19T08:16:21.2179625Z /opt/hostedtoolcache/Python/3.11.13/x64/lib/python3.11/site-packages/coverage/report_core.py:118: CoverageWarning: Couldn't parse '/home/runner/work/AWA-App/AWA-App/C:\Users\Alexey\Documents\GitHub\AWA-App\services\returns_etl\loader.py': No source for code: '/home/runner/work/AWA-App/AWA-App/C:\Users\Alexey\Documents\GitHub\AWA-App\services\returns_etl\loader.py'. (couldnt-parse)
2025-08-19T08:16:21.2180980Z   coverage._warn(msg, slug="couldnt-parse")
2025-08-19T08:16:21.6054809Z ............                                                             [100%]
2025-08-19T08:16:21.6055415Z ================================ tests coverage ================================
2025-08-19T08:16:21.6056099Z _______________ coverage: platform linux, python 3.11.13-final-0 _______________
2025-08-19T08:16:21.6056721Z 
2025-08-19T08:16:21.6056954Z Coverage XML written to file coverage.xml
2025-08-19T08:16:21.7959152Z ##[group]Run actions/upload-artifact@v4
2025-08-19T08:16:21.7959435Z with:
2025-08-19T08:16:21.7959620Z   name: coverage.integration
2025-08-19T08:16:21.7959842Z   path: .coverage
2025-08-19T08:16:21.7960040Z   if-no-files-found: warn
2025-08-19T08:16:21.7960253Z   compression-level: 6
2025-08-19T08:16:21.7960444Z   overwrite: false
2025-08-19T08:16:21.7960640Z   include-hidden-files: false
2025-08-19T08:16:21.7960847Z env:
2025-08-19T08:16:21.7961006Z   PG_USER: postgres
2025-08-19T08:16:21.7961367Z   PG_PASSWORD: pass
2025-08-19T08:16:21.7961544Z   PG_DATABASE: awa
2025-08-19T08:16:21.7961726Z   PG_HOST: localhost
2025-08-19T08:16:21.7961914Z   PG_PORT: 5432
2025-08-19T08:16:21.7962355Z   PG_SYNC_DSN: ***localhost:5432/awa
2025-08-19T08:16:21.7962761Z   PG_ASYNC_DSN: ***localhost:5432/awa
2025-08-19T08:16:21.7963155Z   DATABASE_URL: ***localhost:5432/awa
2025-08-19T08:16:21.7963391Z   DATA_DIR: /tmp/awa-data
2025-08-19T08:16:21.7963595Z   ENABLE_LIVE: 0
2025-08-19T08:16:21.7963796Z   TESTING: 1
2025-08-19T08:16:21.7964031Z   pythonLocation: /opt/hostedtoolcache/Python/3.11.13/x64
2025-08-19T08:16:21.7964678Z   PKG_CONFIG_PATH: /opt/hostedtoolcache/Python/3.11.13/x64/lib/pkgconfig
2025-08-19T08:16:21.7965071Z   Python_ROOT_DIR: /opt/hostedtoolcache/Python/3.11.13/x64
2025-08-19T08:16:21.7965418Z   Python2_ROOT_DIR: /opt/hostedtoolcache/Python/3.11.13/x64
2025-08-19T08:16:21.7965770Z   Python3_ROOT_DIR: /opt/hostedtoolcache/Python/3.11.13/x64
2025-08-19T08:16:21.7966133Z   LD_LIBRARY_PATH: /opt/hostedtoolcache/Python/3.11.13/x64/lib
2025-08-19T08:16:21.7966435Z ##[endgroup]
2025-08-19T08:16:22.0079540Z ##[warning]No files were found with the provided path: .coverage. No artifacts will be uploaded.
2025-08-19T08:16:22.0678349Z Post job cleanup.
2025-08-19T08:16:22.1929086Z Cache hit occurred on the primary key Linux-int-5e718741e550cec7917fae13efe91a31293d04a98c3c0932315e8f58598cbd2c, not saving cache.
2025-08-19T08:16:22.2010068Z Post job cleanup.
2025-08-19T08:16:22.3522592Z Cache hit occurred on the primary key setup-python-Linux-x64-24.04-Ubuntu-python-3.11.13-pip-5e718741e550cec7917fae13efe91a31293d04a98c3c0932315e8f58598cbd2c, not saving cache.
2025-08-19T08:16:22.3680379Z Post job cleanup.
2025-08-19T08:16:22.4616085Z [command]/usr/bin/git version
2025-08-19T08:16:22.4659037Z git version 2.50.1
2025-08-19T08:16:22.4702063Z Temporarily overriding HOME='/home/runner/work/_temp/a30ff236-09b3-4d3d-b02c-ec5b3ac916b2' before making global git config changes
2025-08-19T08:16:22.4703466Z Adding repository directory to the temporary git global config as a safe directory
2025-08-19T08:16:22.4708447Z [command]/usr/bin/git config --global --add safe.directory /home/runner/work/AWA-App/AWA-App
2025-08-19T08:16:22.4743813Z [command]/usr/bin/git config --local --name-only --get-regexp core\.sshCommand
2025-08-19T08:16:22.4777001Z [command]/usr/bin/git submodule foreach --recursive sh -c "git config --local --name-only --get-regexp 'core\.sshCommand' && git config --local --unset-all 'core.sshCommand' || :"
2025-08-19T08:16:22.5003323Z [command]/usr/bin/git config --local --name-only --get-regexp http\.https\:\/\/github\.com\/\.extraheader
2025-08-19T08:16:22.5023920Z http.https://github.com/.extraheader
2025-08-19T08:16:22.5037427Z [command]/usr/bin/git config --local --unset-all http.https://github.com/.extraheader
2025-08-19T08:16:22.5067637Z [command]/usr/bin/git submodule foreach --recursive sh -c "git config --local --name-only --get-regexp 'http\.https\:\/\/github\.com\/\.extraheader' && git config --local --unset-all 'http.https://github.com/.extraheader' || :"
2025-08-19T08:16:22.5375292Z Print service container logs: 674d8489d954415cbd712a991fabd983_postgres15_f84e21
2025-08-19T08:16:22.5380839Z ##[command]/usr/bin/docker logs --details e5d7df9f35714b10a5504f7d58c85bc78c00d39515bd16adf323fe4a7560b5c0
2025-08-19T08:16:22.5504227Z  The files belonging to this database system will be owned by user "postgres".
2025-08-19T08:16:22.5505111Z  This user must also own the server process.
2025-08-19T08:16:22.5505508Z  
2025-08-19T08:16:22.5505791Z  The database cluster will be initialized with locale "en_US.utf8".
2025-08-19T08:16:22.5506418Z  The default database encoding has accordingly been set to "UTF8".
2025-08-19T08:16:22.5507850Z  initdb: warning: enabling "trust" authentication for local connections
2025-08-19T08:16:22.5508935Z  initdb: hint: You can change this by editing pg_hba.conf or using the option -A, or --auth-local and --auth-host, the next time you run initdb.
2025-08-19T08:16:22.5510839Z  2025-08-19 08:15:24.079 UTC [1] LOG:  starting PostgreSQL 15.14 (Debian 15.14-1.pgdg13+1) on x86_64-pc-linux-gnu, compiled by gcc (Debian 14.2.0-19) 14.2.0, 64-bit
2025-08-19T08:16:22.5511930Z  2025-08-19 08:15:24.079 UTC [1] LOG:  listening on IPv4 address "0.0.0.0", port 5432
2025-08-19T08:16:22.5512641Z  2025-08-19 08:15:24.079 UTC [1] LOG:  listening on IPv6 address "::", port 5432
2025-08-19T08:16:22.5513415Z  2025-08-19 08:15:24.080 UTC [1] LOG:  listening on Unix socket "/var/run/postgresql/.s.PGSQL.5432"
2025-08-19T08:16:22.5514428Z  2025-08-19 08:15:24.084 UTC [64] LOG:  database system was shut down at 2025-08-19 08:15:23 UTC
2025-08-19T08:16:22.5515167Z  2025-08-19 08:15:24.088 UTC [1] LOG:  database system is ready to accept connections
2025-08-19T08:16:22.5515609Z  The default text search configuration will be set to "english".
2025-08-19T08:16:22.5515914Z  
2025-08-19T08:16:22.5516104Z  Data page checksums are disabled.
2025-08-19T08:16:22.5516338Z  
2025-08-19T08:16:22.5516630Z  fixing permissions on existing directory /var/lib/postgresql/data ... ok
2025-08-19T08:16:22.5517022Z  creating subdirectories ... ok
2025-08-19T08:16:22.5517317Z  selecting dynamic shared memory implementation ... posix
2025-08-19T08:16:22.5517647Z  selecting default max_connections ... 100
2025-08-19T08:16:22.5517921Z  selecting default shared_buffers ... 128MB
2025-08-19T08:16:22.5518190Z  selecting default time zone ... Etc/UTC
2025-08-19T08:16:22.5518448Z  creating configuration files ... ok
2025-08-19T08:16:22.5518704Z  running bootstrap script ... ok
2025-08-19T08:16:22.5518980Z  performing post-bootstrap initialization ... ok
2025-08-19T08:16:22.5519268Z  syncing data to disk ... ok
2025-08-19T08:16:22.5519480Z  
2025-08-19T08:16:22.5519675Z  
2025-08-19T08:16:22.5520026Z  Success. You can now start the database server using:
2025-08-19T08:16:22.5520668Z  
2025-08-19T08:16:22.5521027Z      pg_ctl -D /var/lib/postgresql/data -l logfile start
2025-08-19T08:16:22.5521495Z  
2025-08-19T08:16:22.5522287Z  waiting for server to start....2025-08-19 08:15:23.776 UTC [48] LOG:  starting PostgreSQL 15.14 (Debian 15.14-1.pgdg13+1) on x86_64-pc-linux-gnu, compiled by gcc (Debian 14.2.0-19) 14.2.0, 64-bit
2025-08-19T08:16:22.5523060Z  2025-08-19 08:15:23.777 UTC [48] LOG:  listening on Unix socket "/var/run/postgresql/.s.PGSQL.5432"
2025-08-19T08:16:22.5523567Z  2025-08-19 08:15:23.781 UTC [51] LOG:  database system was shut down at 2025-08-19 08:15:23 UTC
2025-08-19T08:16:22.5524016Z  2025-08-19 08:15:23.784 UTC [48] LOG:  database system is ready to accept connections
2025-08-19T08:16:22.5524533Z   done
2025-08-19T08:16:22.5524708Z  server started
2025-08-19T08:16:22.5524888Z  CREATE DATABASE
2025-08-19T08:16:22.5525066Z  
2025-08-19T08:16:22.5525216Z  
2025-08-19T08:16:22.5525554Z  /usr/local/bin/docker-entrypoint.sh: ignoring /docker-entrypoint-initdb.d/*
2025-08-19T08:16:22.5525930Z  
2025-08-19T08:16:22.5526162Z  2025-08-19 08:15:23.959 UTC [48] LOG:  received fast shutdown request
2025-08-19T08:16:22.5526869Z  waiting for server to shut down....2025-08-19 08:15:23.960 UTC [48] LOG:  aborting any active transactions
2025-08-19T08:16:22.5527500Z  2025-08-19 08:15:23.962 UTC [48] LOG:  background worker "logical replication launcher" (PID 54) exited with exit code 1
2025-08-19T08:16:22.5527980Z  2025-08-19 08:15:23.962 UTC [49] LOG:  shutting down
2025-08-19T08:16:22.5528323Z  2025-08-19 08:15:23.962 UTC [49] LOG:  checkpoint starting: shutdown immediate
2025-08-19T08:16:22.5529158Z  2025-08-19 08:15:23.980 UTC [49] LOG:  checkpoint complete: wrote 922 buffers (5.6%); 0 WAL file(s) added, 0 removed, 0 recycled; write=0.014 s, sync=0.002 s, total=0.018 s; sync files=301, longest=0.001 s, average=0.001 s; distance=4239 kB, estimate=4239 kB
2025-08-19T08:16:22.5530002Z  2025-08-19 08:15:23.986 UTC [48] LOG:  database system is shut down
2025-08-19T08:16:22.5530292Z   done
2025-08-19T08:16:22.5530457Z  server stopped
2025-08-19T08:16:22.5530635Z  
2025-08-19T08:16:22.5530852Z  PostgreSQL init process complete; ready for start up.
2025-08-19T08:16:22.5531248Z  
2025-08-19T08:16:22.5537396Z Stop and remove container: 674d8489d954415cbd712a991fabd983_postgres15_f84e21
2025-08-19T08:16:22.5541879Z ##[command]/usr/bin/docker rm --force e5d7df9f35714b10a5504f7d58c85bc78c00d39515bd16adf323fe4a7560b5c0
2025-08-19T08:16:24.1390601Z e5d7df9f35714b10a5504f7d58c85bc78c00d39515bd16adf323fe4a7560b5c0
2025-08-19T08:16:24.1416531Z Remove container network: github_network_0a017641016f464fb2675ed70c2920b8
2025-08-19T08:16:24.1420814Z ##[command]/usr/bin/docker network rm github_network_0a017641016f464fb2675ed70c2920b8
2025-08-19T08:16:24.2541255Z github_network_0a017641016f464fb2675ed70c2920b8
2025-08-19T08:16:24.2598988Z Cleaning up orphan processes
