2025-08-22T15:40:16.7586632Z Current runner version: '2.328.0'
2025-08-22T15:40:16.7613772Z ##[group]Runner Image Provisioner
2025-08-22T15:40:16.7614900Z Hosted Compute Agent
2025-08-22T15:40:16.7615568Z Version: 20250818.377
2025-08-22T15:40:16.7616142Z Commit: 3c593e9f75fe0b87e893bca80d6e12ba089c61fc
2025-08-22T15:40:16.7616824Z Build Date: 2025-08-18T14:52:18Z
2025-08-22T15:40:16.7617485Z ##[endgroup]
2025-08-22T15:40:16.7618021Z ##[group]Operating System
2025-08-22T15:40:16.7618573Z Ubuntu
2025-08-22T15:40:16.7619057Z 24.04.2
2025-08-22T15:40:16.7619538Z LTS
2025-08-22T15:40:16.7619975Z ##[endgroup]
2025-08-22T15:40:16.7620492Z ##[group]Runner Image
2025-08-22T15:40:16.7621092Z Image: ubuntu-24.04
2025-08-22T15:40:16.7621596Z Version: 20250818.1.0
2025-08-22T15:40:16.7622664Z Included Software: https://github.com/actions/runner-images/blob/ubuntu24/20250818.1/images/ubuntu/Ubuntu2404-Readme.md
2025-08-22T15:40:16.7624198Z Image Release: https://github.com/actions/runner-images/releases/tag/ubuntu24%2F20250818.1
2025-08-22T15:40:16.7625828Z ##[endgroup]
2025-08-22T15:40:16.7628293Z ##[group]GITHUB_TOKEN Permissions
2025-08-22T15:40:16.7630602Z Actions: write
2025-08-22T15:40:16.7631271Z Attestations: write
2025-08-22T15:40:16.7631750Z Checks: write
2025-08-22T15:40:16.7632230Z Contents: write
2025-08-22T15:40:16.7632810Z Deployments: write
2025-08-22T15:40:16.7633288Z Discussions: write
2025-08-22T15:40:16.7633800Z Issues: write
2025-08-22T15:40:16.7634306Z Metadata: read
2025-08-22T15:40:16.7635073Z Models: read
2025-08-22T15:40:16.7635537Z Packages: write
2025-08-22T15:40:16.7636102Z Pages: write
2025-08-22T15:40:16.7636563Z PullRequests: write
2025-08-22T15:40:16.7637135Z RepositoryProjects: write
2025-08-22T15:40:16.7637710Z SecurityEvents: write
2025-08-22T15:40:16.7638381Z Statuses: write
2025-08-22T15:40:16.7638893Z ##[endgroup]
2025-08-22T15:40:16.7641407Z Secret source: Actions
2025-08-22T15:40:16.7642346Z Prepare workflow directory
2025-08-22T15:40:16.8259128Z Prepare all required actions
2025-08-22T15:40:16.8315860Z Getting action download info
2025-08-22T15:40:17.1513260Z Download action repository 'actions/checkout@v5' (SHA:08c6903cd8c0fde910a37f88322edcfb5dd907a8)
2025-08-22T15:40:17.2431709Z Download action repository 'actions/setup-python@v5' (SHA:a26af69be951a213d495a4c3e4e4022e16d87065)
2025-08-22T15:40:17.3269385Z Download action repository 'actions/cache@v4' (SHA:0400d5f644dc74513175e3cd8d07132dd4860809)
2025-08-22T15:40:17.4241792Z Download action repository 'actions/upload-artifact@v4' (SHA:ea165f8d65b6e75b540449e92b4886f43607fa02)
2025-08-22T15:40:17.6677570Z Complete job name: integration-db
2025-08-22T15:40:17.7269304Z ##[group]Checking docker version
2025-08-22T15:40:17.7284290Z ##[command]/usr/bin/docker version --format '{{.Server.APIVersion}}'
2025-08-22T15:40:17.8205980Z '1.48'
2025-08-22T15:40:17.8221171Z Docker daemon API version: '1.48'
2025-08-22T15:40:17.8222786Z ##[command]/usr/bin/docker version --format '{{.Client.APIVersion}}'
2025-08-22T15:40:17.8401564Z '1.48'
2025-08-22T15:40:17.8417146Z Docker client API version: '1.48'
2025-08-22T15:40:17.8424051Z ##[endgroup]
2025-08-22T15:40:17.8427890Z ##[group]Clean up resources from previous jobs
2025-08-22T15:40:17.8434288Z ##[command]/usr/bin/docker ps --all --quiet --no-trunc --filter "label=2a352a"
2025-08-22T15:40:17.8590747Z ##[command]/usr/bin/docker network prune --force --filter "label=2a352a"
2025-08-22T15:40:17.8727221Z ##[endgroup]
2025-08-22T15:40:17.8728163Z ##[group]Create local container network
2025-08-22T15:40:17.8739612Z ##[command]/usr/bin/docker network create --label 2a352a github_network_bd75644657d2470ea8d26f5f1939ee7f
2025-08-22T15:40:17.9355092Z c0551695b8267a6eeefe3a344a4b229f61abfa95351ee381d309eda42e36bafd
2025-08-22T15:40:17.9376398Z ##[endgroup]
2025-08-22T15:40:17.9417329Z ##[group]Starting postgres service container
2025-08-22T15:40:17.9447282Z ##[command]/usr/bin/docker pull postgres:15
2025-08-22T15:40:18.3492743Z 15: Pulling from library/postgres
2025-08-22T15:40:18.4787970Z 396b1da7636e: Pulling fs layer
2025-08-22T15:40:18.4789749Z fca2566eba32: Pulling fs layer
2025-08-22T15:40:18.4790784Z 631fe8c6d606: Pulling fs layer
2025-08-22T15:40:18.4792112Z 77c7671c4414: Pulling fs layer
2025-08-22T15:40:18.4793322Z 2d9e29180a27: Pulling fs layer
2025-08-22T15:40:18.4794257Z c6bcc2c9a041: Pulling fs layer
2025-08-22T15:40:18.4795504Z ac4b721eb66f: Pulling fs layer
2025-08-22T15:40:18.4796407Z 606bd164980e: Pulling fs layer
2025-08-22T15:40:18.4797320Z f5dfd246bc6e: Pulling fs layer
2025-08-22T15:40:18.4798233Z ba7036bb0a60: Pulling fs layer
2025-08-22T15:40:18.4799135Z 799f859abbbd: Pulling fs layer
2025-08-22T15:40:18.4800063Z d903e777080c: Pulling fs layer
2025-08-22T15:40:18.4800947Z 04adcb462801: Pulling fs layer
2025-08-22T15:40:18.4801845Z 5c10925b29ff: Pulling fs layer
2025-08-22T15:40:18.4802760Z 77c7671c4414: Waiting
2025-08-22T15:40:18.4803508Z 2d9e29180a27: Waiting
2025-08-22T15:40:18.4804264Z c6bcc2c9a041: Waiting
2025-08-22T15:40:18.4805214Z f5dfd246bc6e: Waiting
2025-08-22T15:40:18.4805974Z ac4b721eb66f: Waiting
2025-08-22T15:40:18.4806738Z 606bd164980e: Waiting
2025-08-22T15:40:18.4807482Z d903e777080c: Waiting
2025-08-22T15:40:18.4808236Z ba7036bb0a60: Waiting
2025-08-22T15:40:18.4809045Z 799f859abbbd: Waiting
2025-08-22T15:40:18.4809832Z 04adcb462801: Waiting
2025-08-22T15:40:18.6794828Z fca2566eba32: Verifying Checksum
2025-08-22T15:40:18.6801212Z fca2566eba32: Download complete
2025-08-22T15:40:18.6923334Z 631fe8c6d606: Verifying Checksum
2025-08-22T15:40:18.6926677Z 631fe8c6d606: Download complete
2025-08-22T15:40:18.8155234Z 77c7671c4414: Verifying Checksum
2025-08-22T15:40:18.8159410Z 77c7671c4414: Download complete
2025-08-22T15:40:18.8627784Z 2d9e29180a27: Verifying Checksum
2025-08-22T15:40:18.8629407Z 2d9e29180a27: Download complete
2025-08-22T15:40:18.9477354Z c6bcc2c9a041: Verifying Checksum
2025-08-22T15:40:18.9479010Z c6bcc2c9a041: Download complete
2025-08-22T15:40:18.9643752Z 396b1da7636e: Verifying Checksum
2025-08-22T15:40:18.9647158Z 396b1da7636e: Download complete
2025-08-22T15:40:18.9782198Z ac4b721eb66f: Verifying Checksum
2025-08-22T15:40:18.9783953Z ac4b721eb66f: Download complete
2025-08-22T15:40:19.0640062Z 606bd164980e: Verifying Checksum
2025-08-22T15:40:19.0642348Z 606bd164980e: Download complete
2025-08-22T15:40:19.0882611Z ba7036bb0a60: Download complete
2025-08-22T15:40:19.1695762Z 799f859abbbd: Verifying Checksum
2025-08-22T15:40:19.1696642Z 799f859abbbd: Download complete
2025-08-22T15:40:19.2117152Z d903e777080c: Download complete
2025-08-22T15:40:19.2788600Z 04adcb462801: Verifying Checksum
2025-08-22T15:40:19.3301788Z 04adcb462801: Download complete
2025-08-22T15:40:19.3302967Z 5c10925b29ff: Verifying Checksum
2025-08-22T15:40:19.3306892Z 5c10925b29ff: Download complete
2025-08-22T15:40:20.2255985Z 396b1da7636e: Pull complete
2025-08-22T15:40:20.6425448Z f5dfd246bc6e: Verifying Checksum
2025-08-22T15:40:20.6425961Z f5dfd246bc6e: Download complete
2025-08-22T15:40:21.1788179Z fca2566eba32: Pull complete
2025-08-22T15:40:21.3568122Z 631fe8c6d606: Pull complete
2025-08-22T15:40:21.4009469Z 77c7671c4414: Pull complete
2025-08-22T15:40:21.7236407Z 2d9e29180a27: Pull complete
2025-08-22T15:40:21.8069878Z c6bcc2c9a041: Pull complete
2025-08-22T15:40:21.8153527Z ac4b721eb66f: Pull complete
2025-08-22T15:40:21.8275876Z 606bd164980e: Pull complete
2025-08-22T15:40:24.7861436Z f5dfd246bc6e: Pull complete
2025-08-22T15:40:24.8017340Z ba7036bb0a60: Pull complete
2025-08-22T15:40:24.8152654Z 799f859abbbd: Pull complete
2025-08-22T15:40:24.8262457Z d903e777080c: Pull complete
2025-08-22T15:40:24.8409027Z 04adcb462801: Pull complete
2025-08-22T15:40:24.8523066Z 5c10925b29ff: Pull complete
2025-08-22T15:40:24.8566138Z Digest: sha256:bc51cf4f1fe02cce7ed2370b20128a9b00b4eb804573a77d2a0d877aaa9c82b1
2025-08-22T15:40:24.8578901Z Status: Downloaded newer image for postgres:15
2025-08-22T15:40:24.8588959Z docker.io/library/postgres:15
2025-08-22T15:40:24.8658410Z ##[command]/usr/bin/docker create --name c768a6d16daa4ea98f1ba41b402ab3d1_postgres15_3d3e32 --label 2a352a --network github_network_bd75644657d2470ea8d26f5f1939ee7f --network-alias postgres -p 5432:5432 --health-cmd="pg_isready -U postgres -d awa" --health-interval=5s --health-timeout=5s --health-retries=10 -e "POSTGRES_USER=postgres" -e "POSTGRES_PASSWORD=pass" -e "POSTGRES_DB=awa" -e GITHUB_ACTIONS=true -e CI=true postgres:15
2025-08-22T15:40:24.8950409Z b807d971cbb7f9c50d54537243afd215438985ce463276f35f9f51ebf8195df4
2025-08-22T15:40:24.8975577Z ##[command]/usr/bin/docker start b807d971cbb7f9c50d54537243afd215438985ce463276f35f9f51ebf8195df4
2025-08-22T15:40:25.2415844Z b807d971cbb7f9c50d54537243afd215438985ce463276f35f9f51ebf8195df4
2025-08-22T15:40:25.2443276Z ##[command]/usr/bin/docker ps --all --filter id=b807d971cbb7f9c50d54537243afd215438985ce463276f35f9f51ebf8195df4 --filter status=running --no-trunc --format "{{.ID}} {{.Status}}"
2025-08-22T15:40:25.2576920Z b807d971cbb7f9c50d54537243afd215438985ce463276f35f9f51ebf8195df4 Up Less than a second (health: starting)
2025-08-22T15:40:25.2601382Z ##[command]/usr/bin/docker port b807d971cbb7f9c50d54537243afd215438985ce463276f35f9f51ebf8195df4
2025-08-22T15:40:25.2737329Z 5432/tcp -> 0.0.0.0:5432
2025-08-22T15:40:25.2737964Z 5432/tcp -> [::]:5432
2025-08-22T15:40:25.2784741Z ##[endgroup]
2025-08-22T15:40:25.2793672Z ##[group]Waiting for all services to be ready
2025-08-22T15:40:25.2808165Z ##[command]/usr/bin/docker inspect --format="{{if .Config.Healthcheck}}{{print .State.Health.Status}}{{end}}" b807d971cbb7f9c50d54537243afd215438985ce463276f35f9f51ebf8195df4
2025-08-22T15:40:25.2948739Z starting
2025-08-22T15:40:25.2977051Z postgres service is starting, waiting 2 seconds before checking again.
2025-08-22T15:40:27.2975973Z ##[command]/usr/bin/docker inspect --format="{{if .Config.Healthcheck}}{{print .State.Health.Status}}{{end}}" b807d971cbb7f9c50d54537243afd215438985ce463276f35f9f51ebf8195df4
2025-08-22T15:40:27.3099178Z starting
2025-08-22T15:40:27.3114183Z postgres service is starting, waiting 4 seconds before checking again.
2025-08-22T15:40:31.6033206Z ##[command]/usr/bin/docker inspect --format="{{if .Config.Healthcheck}}{{print .State.Health.Status}}{{end}}" b807d971cbb7f9c50d54537243afd215438985ce463276f35f9f51ebf8195df4
2025-08-22T15:40:31.6158830Z healthy
2025-08-22T15:40:31.6176559Z postgres service is healthy.
2025-08-22T15:40:31.6177356Z ##[endgroup]
2025-08-22T15:40:31.6432246Z ##[group]Run actions/checkout@v5
2025-08-22T15:40:31.6432794Z with:
2025-08-22T15:40:31.6432987Z   fetch-depth: 0
2025-08-22T15:40:31.6433186Z   repository: AlexBomber12/AWA-App
2025-08-22T15:40:31.6433653Z   token: ***
2025-08-22T15:40:31.6433833Z   ssh-strict: true
2025-08-22T15:40:31.6434014Z   ssh-user: git
2025-08-22T15:40:31.6434194Z   persist-credentials: true
2025-08-22T15:40:31.6434704Z   clean: true
2025-08-22T15:40:31.6435003Z   sparse-checkout-cone-mode: true
2025-08-22T15:40:31.6435229Z   fetch-tags: false
2025-08-22T15:40:31.6435420Z   show-progress: true
2025-08-22T15:40:31.6435600Z   lfs: false
2025-08-22T15:40:31.6435767Z   submodules: false
2025-08-22T15:40:31.6435945Z   set-safe-directory: true
2025-08-22T15:40:31.6436471Z ##[endgroup]
2025-08-22T15:40:31.7458092Z Syncing repository: AlexBomber12/AWA-App
2025-08-22T15:40:31.7459342Z ##[group]Getting Git version info
2025-08-22T15:40:31.7459706Z Working directory is '/home/runner/work/AWA-App/AWA-App'
2025-08-22T15:40:31.7460245Z [command]/usr/bin/git version
2025-08-22T15:40:31.7536131Z git version 2.51.0
2025-08-22T15:40:31.7558112Z ##[endgroup]
2025-08-22T15:40:31.7574972Z Temporarily overriding HOME='/home/runner/work/_temp/53210e36-befd-4cf9-bf88-8e41add4b728' before making global git config changes
2025-08-22T15:40:31.7576207Z Adding repository directory to the temporary git global config as a safe directory
2025-08-22T15:40:31.7580925Z [command]/usr/bin/git config --global --add safe.directory /home/runner/work/AWA-App/AWA-App
2025-08-22T15:40:31.7620137Z Deleting the contents of '/home/runner/work/AWA-App/AWA-App'
2025-08-22T15:40:31.7623474Z ##[group]Initializing the repository
2025-08-22T15:40:31.7627977Z [command]/usr/bin/git init /home/runner/work/AWA-App/AWA-App
2025-08-22T15:40:31.7697435Z hint: Using 'master' as the name for the initial branch. This default branch name
2025-08-22T15:40:31.7698274Z hint: is subject to change. To configure the initial branch name to use in all
2025-08-22T15:40:31.7698814Z hint: of your new repositories, which will suppress this warning, call:
2025-08-22T15:40:31.7699375Z hint:
2025-08-22T15:40:31.7699781Z hint: 	git config --global init.defaultBranch <name>
2025-08-22T15:40:31.7700229Z hint:
2025-08-22T15:40:31.7700695Z hint: Names commonly chosen instead of 'master' are 'main', 'trunk' and
2025-08-22T15:40:31.7701267Z hint: 'development'. The just-created branch can be renamed via this command:
2025-08-22T15:40:31.7701813Z hint:
2025-08-22T15:40:31.7702156Z hint: 	git branch -m <name>
2025-08-22T15:40:31.7702553Z hint:
2025-08-22T15:40:31.7703062Z hint: Disable this message with "git config set advice.defaultBranchName false"
2025-08-22T15:40:31.7703901Z Initialized empty Git repository in /home/runner/work/AWA-App/AWA-App/.git/
2025-08-22T15:40:31.7715287Z [command]/usr/bin/git remote add origin https://github.com/AlexBomber12/AWA-App
2025-08-22T15:40:31.7753500Z ##[endgroup]
2025-08-22T15:40:31.7754104Z ##[group]Disabling automatic garbage collection
2025-08-22T15:40:31.7758439Z [command]/usr/bin/git config --local gc.auto 0
2025-08-22T15:40:31.7789067Z ##[endgroup]
2025-08-22T15:40:31.7789581Z ##[group]Setting up auth
2025-08-22T15:40:31.7796228Z [command]/usr/bin/git config --local --name-only --get-regexp core\.sshCommand
2025-08-22T15:40:31.7828890Z [command]/usr/bin/git submodule foreach --recursive sh -c "git config --local --name-only --get-regexp 'core\.sshCommand' && git config --local --unset-all 'core.sshCommand' || :"
2025-08-22T15:40:31.8166535Z [command]/usr/bin/git config --local --name-only --get-regexp http\.https\:\/\/github\.com\/\.extraheader
2025-08-22T15:40:31.8197083Z [command]/usr/bin/git submodule foreach --recursive sh -c "git config --local --name-only --get-regexp 'http\.https\:\/\/github\.com\/\.extraheader' && git config --local --unset-all 'http.https://github.com/.extraheader' || :"
2025-08-22T15:40:31.8421553Z [command]/usr/bin/git config --local http.https://github.com/.extraheader AUTHORIZATION: basic ***
2025-08-22T15:40:31.8460321Z ##[endgroup]
2025-08-22T15:40:31.8460738Z ##[group]Fetching the repository
2025-08-22T15:40:31.8470526Z [command]/usr/bin/git -c protocol.version=2 fetch --prune --no-recurse-submodules origin +refs/heads/*:refs/remotes/origin/* +refs/tags/*:refs/tags/*
2025-08-22T15:40:34.8433668Z From https://github.com/AlexBomber12/AWA-App
2025-08-22T15:40:34.8434748Z  * [new branch]        codex/analyze-ci-logs-and-fix-failures -> origin/codex/analyze-ci-logs-and-fix-failures
2025-08-22T15:40:34.8435497Z  * [new branch]        codex/fix-ci-workflow-failures -> origin/codex/fix-ci-workflow-failures
2025-08-22T15:40:34.8436236Z  * [new branch]        codex/implement-minimal-fixes-to-pass-ci-workflows -> origin/codex/implement-minimal-fixes-to-pass-ci-workflows
2025-08-22T15:40:34.8437108Z  * [new branch]        codex/implement-targeted-fixes-for-ci-workflows -> origin/codex/implement-targeted-fixes-for-ci-workflows
2025-08-22T15:40:34.8437636Z  * [new branch]        main       -> origin/main
2025-08-22T15:40:34.8437908Z  * [new tag]           0.3.0      -> 0.3.0
2025-08-22T15:40:34.8480765Z [command]/usr/bin/git branch --list --remote origin/main
2025-08-22T15:40:34.8504752Z   origin/main
2025-08-22T15:40:34.8513291Z [command]/usr/bin/git rev-parse refs/remotes/origin/main
2025-08-22T15:40:34.8533841Z 5a9afcbf47938582b0a26bb8cef9c0e9d12f9c2b
2025-08-22T15:40:34.8538488Z ##[endgroup]
2025-08-22T15:40:34.8539008Z ##[group]Determining the checkout info
2025-08-22T15:40:34.8539612Z ##[endgroup]
2025-08-22T15:40:34.8543873Z [command]/usr/bin/git sparse-checkout disable
2025-08-22T15:40:34.8581883Z [command]/usr/bin/git config --local --unset-all extensions.worktreeConfig
2025-08-22T15:40:34.8608516Z ##[group]Checking out the ref
2025-08-22T15:40:34.8612381Z [command]/usr/bin/git checkout --progress --force -B main refs/remotes/origin/main
2025-08-22T15:40:34.8993214Z Switched to a new branch 'main'
2025-08-22T15:40:34.8994264Z branch 'main' set up to track 'origin/main'.
2025-08-22T15:40:34.9005827Z ##[endgroup]
2025-08-22T15:40:34.9048568Z [command]/usr/bin/git log -1 --format=%H
2025-08-22T15:40:34.9097969Z 5a9afcbf47938582b0a26bb8cef9c0e9d12f9c2b
2025-08-22T15:40:34.9259252Z ##[group]Run cat .env.ci >> "$GITHUB_ENV"
2025-08-22T15:40:34.9259618Z [36;1mcat .env.ci >> "$GITHUB_ENV"[0m
2025-08-22T15:40:34.9260342Z [36;1mecho "DATABASE_URL=***localhost:5432/awa" >> "$GITHUB_ENV"[0m
2025-08-22T15:40:34.9260695Z [36;1mecho "PG_HOST=localhost" >> "$GITHUB_ENV"[0m
2025-08-22T15:40:34.9260986Z [36;1mecho "PG_PORT=5432" >> "$GITHUB_ENV"[0m
2025-08-22T15:40:34.9261269Z [36;1mecho "PG_USER=postgres" >> "$GITHUB_ENV"[0m
2025-08-22T15:40:34.9261562Z [36;1mecho "PG_PASSWORD=pass" >> "$GITHUB_ENV"[0m
2025-08-22T15:40:34.9261849Z [36;1mecho "PG_DATABASE=awa" >> "$GITHUB_ENV"[0m
2025-08-22T15:40:34.9262138Z [36;1mecho "TESTING=1" >> "$GITHUB_ENV"[0m
2025-08-22T15:40:34.9307644Z shell: /usr/bin/bash -e {0}
2025-08-22T15:40:34.9307890Z ##[endgroup]
2025-08-22T15:40:34.9492398Z ##[group]Run actions/setup-python@v5
2025-08-22T15:40:34.9492688Z with:
2025-08-22T15:40:34.9492874Z   python-version: 3.11
2025-08-22T15:40:34.9493080Z   cache: pip
2025-08-22T15:40:34.9493310Z   cache-dependency-path: requirements-dev.txt

2025-08-22T15:40:34.9493591Z   check-latest: false
2025-08-22T15:40:34.9493916Z   token: ***
2025-08-22T15:40:34.9494102Z   update-environment: true
2025-08-22T15:40:34.9494323Z   allow-prereleases: false
2025-08-22T15:40:34.9494769Z   freethreaded: false
2025-08-22T15:40:34.9494955Z env:
2025-08-22T15:40:34.9495114Z   PG_USER: postgres
2025-08-22T15:40:34.9495290Z   PG_PASSWORD: pass
2025-08-22T15:40:34.9495471Z   PG_DATABASE: awa
2025-08-22T15:40:34.9495640Z   PG_HOST: localhost
2025-08-22T15:40:34.9495821Z   PG_PORT: 5432
2025-08-22T15:40:34.9496219Z   PG_SYNC_DSN: ***localhost:5432/awa
2025-08-22T15:40:34.9496623Z   PG_ASYNC_DSN: ***localhost:5432/awa
2025-08-22T15:40:34.9497050Z   DATABASE_URL: ***localhost:5432/awa
2025-08-22T15:40:34.9497304Z   DATA_DIR: /tmp/awa-data
2025-08-22T15:40:34.9497495Z   ENABLE_LIVE: 0
2025-08-22T15:40:34.9497664Z   TESTING: 1
2025-08-22T15:40:34.9497824Z ##[endgroup]
2025-08-22T15:40:35.1205119Z ##[group]Installed versions
2025-08-22T15:40:35.1332070Z Successfully set up CPython (3.11.13)
2025-08-22T15:40:35.1332860Z ##[endgroup]
2025-08-22T15:40:35.1625731Z [command]/opt/hostedtoolcache/Python/3.11.13/x64/bin/pip cache dir
2025-08-22T15:40:35.4524345Z /home/runner/.cache/pip
2025-08-22T15:40:35.6047172Z Cache hit for: setup-python-Linux-x64-24.04-Ubuntu-python-3.11.13-pip-cc13ccef493b9f3a93ad5651164d9fb09282c1111f6f72ce20e0657de16de6b4
2025-08-22T15:40:36.7504685Z Received 104857600 of 309815432 (33.8%), 100.0 MBs/sec
2025-08-22T15:40:37.7607799Z Received 268435456 of 309815432 (86.6%), 127.4 MBs/sec
2025-08-22T15:40:38.0311071Z Received 309815432 of 309815432 (100.0%), 129.6 MBs/sec
2025-08-22T15:40:38.0313662Z Cache Size: ~295 MB (309815432 B)
2025-08-22T15:40:38.0436224Z [command]/usr/bin/tar -xf /home/runner/work/_temp/b311063e-825b-4279-a0e0-ac631c8172f0/cache.tzst -P -C /home/runner/work/AWA-App/AWA-App --use-compress-program unzstd
2025-08-22T15:40:38.5216124Z Cache restored successfully
2025-08-22T15:40:38.5812679Z Cache restored from key: setup-python-Linux-x64-24.04-Ubuntu-python-3.11.13-pip-cc13ccef493b9f3a93ad5651164d9fb09282c1111f6f72ce20e0657de16de6b4
2025-08-22T15:40:38.6529150Z ##[group]Run actions/cache@v4
2025-08-22T15:40:38.6529410Z with:
2025-08-22T15:40:38.6529640Z   path: ~/.cache/pip
.pytest_cache
~/.ruff_cache

2025-08-22T15:40:38.6530070Z   key: Linux-int-cc13ccef493b9f3a93ad5651164d9fb09282c1111f6f72ce20e0657de16de6b4
2025-08-22T15:40:38.6530463Z   restore-keys: Linux-int-
2025-08-22T15:40:38.6530693Z   enableCrossOsArchive: false
2025-08-22T15:40:38.6530925Z   fail-on-cache-miss: false
2025-08-22T15:40:38.6531134Z   lookup-only: false
2025-08-22T15:40:38.6531540Z   save-always: false
2025-08-22T15:40:38.6531726Z env:
2025-08-22T15:40:38.6531898Z   PG_USER: postgres
2025-08-22T15:40:38.6532085Z   PG_PASSWORD: pass
2025-08-22T15:40:38.6532269Z   PG_DATABASE: awa
2025-08-22T15:40:38.6532457Z   PG_HOST: localhost
2025-08-22T15:40:38.6532639Z   PG_PORT: 5432
2025-08-22T15:40:38.6533306Z   PG_SYNC_DSN: ***localhost:5432/awa
2025-08-22T15:40:38.6533785Z   PG_ASYNC_DSN: ***localhost:5432/awa
2025-08-22T15:40:38.6534223Z   DATABASE_URL: ***localhost:5432/awa
2025-08-22T15:40:38.6534810Z   DATA_DIR: /tmp/awa-data
2025-08-22T15:40:38.6535088Z   ENABLE_LIVE: 0
2025-08-22T15:40:38.6535273Z   TESTING: 1
2025-08-22T15:40:38.6535511Z   pythonLocation: /opt/hostedtoolcache/Python/3.11.13/x64
2025-08-22T15:40:38.6535909Z   PKG_CONFIG_PATH: /opt/hostedtoolcache/Python/3.11.13/x64/lib/pkgconfig
2025-08-22T15:40:38.6536300Z   Python_ROOT_DIR: /opt/hostedtoolcache/Python/3.11.13/x64
2025-08-22T15:40:38.6536654Z   Python2_ROOT_DIR: /opt/hostedtoolcache/Python/3.11.13/x64
2025-08-22T15:40:38.6537011Z   Python3_ROOT_DIR: /opt/hostedtoolcache/Python/3.11.13/x64
2025-08-22T15:40:38.6537360Z   LD_LIBRARY_PATH: /opt/hostedtoolcache/Python/3.11.13/x64/lib
2025-08-22T15:40:38.6537674Z ##[endgroup]
2025-08-22T15:40:38.9007948Z Cache hit for: Linux-int-cc13ccef493b9f3a93ad5651164d9fb09282c1111f6f72ce20e0657de16de6b4
2025-08-22T15:40:40.0471991Z Received 117440512 of 309817358 (37.9%), 112.0 MBs/sec
2025-08-22T15:40:41.0475029Z Received 297795584 of 309817358 (96.1%), 141.9 MBs/sec
2025-08-22T15:40:41.1388423Z Received 309817358 of 309817358 (100.0%), 141.5 MBs/sec
2025-08-22T15:40:41.1389079Z Cache Size: ~295 MB (309817358 B)
2025-08-22T15:40:41.1450861Z [command]/usr/bin/tar -xf /home/runner/work/_temp/a033dd81-66a9-4429-9eb0-4aa086b7eadf/cache.tzst -P -C /home/runner/work/AWA-App/AWA-App --use-compress-program unzstd
2025-08-22T15:40:41.6953898Z Cache restored successfully
2025-08-22T15:40:41.7630128Z Cache restored from key: Linux-int-cc13ccef493b9f3a93ad5651164d9fb09282c1111f6f72ce20e0657de16de6b4
2025-08-22T15:40:41.7748703Z ##[group]Run pip install --break-system-packages -r requirements-dev.txt
2025-08-22T15:40:41.7749265Z [36;1mpip install --break-system-packages -r requirements-dev.txt[0m
2025-08-22T15:40:41.7749706Z [36;1mpip install --break-system-packages keepa==1.3.15 minio==7.1.15[0m
2025-08-22T15:40:41.7792116Z shell: /usr/bin/bash -e {0}
2025-08-22T15:40:41.7792371Z env:
2025-08-22T15:40:41.7792558Z   PG_USER: postgres
2025-08-22T15:40:41.7792771Z   PG_PASSWORD: pass
2025-08-22T15:40:41.7792971Z   PG_DATABASE: awa
2025-08-22T15:40:41.7793180Z   PG_HOST: localhost
2025-08-22T15:40:41.7793385Z   PG_PORT: 5432
2025-08-22T15:40:41.7793885Z   PG_SYNC_DSN: ***localhost:5432/awa
2025-08-22T15:40:41.7794310Z   PG_ASYNC_DSN: ***localhost:5432/awa
2025-08-22T15:40:41.7795055Z   DATABASE_URL: ***localhost:5432/awa
2025-08-22T15:40:41.7795318Z   DATA_DIR: /tmp/awa-data
2025-08-22T15:40:41.7795537Z   ENABLE_LIVE: 0
2025-08-22T15:40:41.7795722Z   TESTING: 1
2025-08-22T15:40:41.7796023Z   pythonLocation: /opt/hostedtoolcache/Python/3.11.13/x64
2025-08-22T15:40:41.7796438Z   PKG_CONFIG_PATH: /opt/hostedtoolcache/Python/3.11.13/x64/lib/pkgconfig
2025-08-22T15:40:41.7796836Z   Python_ROOT_DIR: /opt/hostedtoolcache/Python/3.11.13/x64
2025-08-22T15:40:41.7797200Z   Python2_ROOT_DIR: /opt/hostedtoolcache/Python/3.11.13/x64
2025-08-22T15:40:41.7797567Z   Python3_ROOT_DIR: /opt/hostedtoolcache/Python/3.11.13/x64
2025-08-22T15:40:41.7797932Z   LD_LIBRARY_PATH: /opt/hostedtoolcache/Python/3.11.13/x64/lib
2025-08-22T15:40:41.7798262Z ##[endgroup]
2025-08-22T15:40:42.3721141Z Collecting Jinja2==3.1.6 (from -r requirements-dev.txt (line 2))
2025-08-22T15:40:42.3740602Z   Using cached jinja2-3.1.6-py3-none-any.whl.metadata (2.9 kB)
2025-08-22T15:40:42.3957504Z Collecting alembic==1.16.4 (from -r requirements-dev.txt (line 3))
2025-08-22T15:40:42.3975784Z   Using cached alembic-1.16.4-py3-none-any.whl.metadata (7.3 kB)
2025-08-22T15:40:42.4157099Z Collecting apscheduler==3.10.4 (from -r requirements-dev.txt (line 4))
2025-08-22T15:40:42.4172891Z   Using cached APScheduler-3.10.4-py3-none-any.whl.metadata (5.7 kB)
2025-08-22T15:40:42.4340379Z Collecting asgi-correlation-id==4.3.1 (from -r requirements-dev.txt (line 5))
2025-08-22T15:40:42.4357623Z   Using cached asgi_correlation_id-4.3.1-py3-none-any.whl.metadata (28 kB)
2025-08-22T15:40:42.4919875Z Collecting asyncpg==0.30.0 (from -r requirements-dev.txt (line 6))
2025-08-22T15:40:42.4936989Z   Using cached asyncpg-0.30.0-cp311-cp311-manylinux_2_17_x86_64.manylinux2014_x86_64.whl.metadata (5.0 kB)
2025-08-22T15:40:42.5429382Z Collecting black==25.1.0 (from -r requirements-dev.txt (line 7))
2025-08-22T15:40:42.5452841Z   Using cached black-25.1.0-cp311-cp311-manylinux_2_17_x86_64.manylinux2014_x86_64.manylinux_2_28_x86_64.whl.metadata (81 kB)
2025-08-22T15:40:42.8731555Z Collecting boto3 (from -r requirements-dev.txt (line 8))
2025-08-22T15:40:42.9564335Z   Downloading boto3-1.40.15-py3-none-any.whl.metadata (6.7 kB)
2025-08-22T15:40:42.9856357Z Collecting redis==6.* (from -r requirements-dev.txt (line 9))
2025-08-22T15:40:42.9872757Z   Using cached redis-6.4.0-py3-none-any.whl.metadata (10 kB)
2025-08-22T15:40:43.0194166Z Collecting minio==7.* (from -r requirements-dev.txt (line 10))
2025-08-22T15:40:43.0211687Z   Using cached minio-7.2.16-py3-none-any.whl.metadata (6.5 kB)
2025-08-22T15:40:43.0359631Z Collecting vulture==2.10 (from -r requirements-dev.txt (line 11))
2025-08-22T15:40:43.0376466Z   Using cached vulture-2.10-py2.py3-none-any.whl.metadata (23 kB)
2025-08-22T15:40:43.0671632Z Collecting celery==5.5.3 (from -r requirements-dev.txt (line 12))
2025-08-22T15:40:43.0688807Z   Using cached celery-5.5.3-py3-none-any.whl.metadata (22 kB)
2025-08-22T15:40:43.1287911Z Collecting fastapi==0.116.1 (from -r requirements-dev.txt (line 13))
2025-08-22T15:40:43.1305047Z   Using cached fastapi-0.116.1-py3-none-any.whl.metadata (28 kB)
2025-08-22T15:40:43.1468601Z Collecting fastapi-limiter==0.1.6 (from -r requirements-dev.txt (line 15))
2025-08-22T15:40:43.1486054Z   Using cached fastapi_limiter-0.1.6-py3-none-any.whl.metadata (5.3 kB)
2025-08-22T15:40:43.1680894Z Collecting httpx<0.29,>=0.27 (from -r requirements-dev.txt (line 16))
2025-08-22T15:40:43.1697731Z   Using cached httpx-0.28.1-py3-none-any.whl.metadata (7.1 kB)
2025-08-22T15:40:43.1837578Z Collecting imapclient==3.0.1 (from -r requirements-dev.txt (line 17))
2025-08-22T15:40:43.1853490Z   Using cached IMAPClient-3.0.1-py2.py3-none-any.whl.metadata (1.7 kB)
2025-08-22T15:40:43.1950337Z Collecting itsdangerous (from -r requirements-dev.txt (line 18))
2025-08-22T15:40:43.1966839Z   Using cached itsdangerous-2.2.0-py3-none-any.whl.metadata (1.9 kB)
2025-08-22T15:40:43.3206508Z Collecting mypy==1.* (from -r requirements-dev.txt (line 19))
2025-08-22T15:40:43.3223372Z   Using cached mypy-1.17.1-cp311-cp311-manylinux2014_x86_64.manylinux_2_17_x86_64.manylinux_2_28_x86_64.whl.metadata (2.2 kB)
2025-08-22T15:40:43.3343033Z Collecting mypy-extensions==1.1.0 (from -r requirements-dev.txt (line 20))
2025-08-22T15:40:43.3357437Z   Using cached mypy_extensions-1.1.0-py3-none-any.whl.metadata (1.1 kB)
2025-08-22T15:40:43.4975513Z Collecting numpy<2 (from -r requirements-dev.txt (line 21))
2025-08-22T15:40:43.4992277Z   Using cached numpy-1.26.4-cp311-cp311-manylinux_2_17_x86_64.manylinux2014_x86_64.whl.metadata (61 kB)
2025-08-22T15:40:43.5243362Z Collecting openpyxl==3.1.5 (from -r requirements-dev.txt (line 22))
2025-08-22T15:40:43.5258924Z   Using cached openpyxl-3.1.5-py2.py3-none-any.whl.metadata (2.5 kB)
2025-08-22T15:40:43.6383071Z Collecting pandas==2.2.* (from -r requirements-dev.txt (line 23))
2025-08-22T15:40:43.6399689Z   Using cached pandas-2.2.3-cp311-cp311-manylinux_2_17_x86_64.manylinux2014_x86_64.whl.metadata (89 kB)
2025-08-22T15:40:43.7303123Z Collecting psycopg2-binary==2.9.10 (from -r requirements-dev.txt (line 24))
2025-08-22T15:40:43.7320876Z   Using cached psycopg2_binary-2.9.10-cp311-cp311-manylinux_2_17_x86_64.manylinux2014_x86_64.whl.metadata (4.9 kB)
2025-08-22T15:40:43.7488827Z Collecting psycopg==3.2.9 (from psycopg[binary]==3.2.9->-r requirements-dev.txt (line 25))
2025-08-22T15:40:43.7915383Z   Using cached psycopg-3.2.9-py3-none-any.whl.metadata (4.5 kB)
2025-08-22T15:40:43.8980456Z Collecting pydantic==2.11.7 (from -r requirements-dev.txt (line 26))
2025-08-22T15:40:43.8997976Z   Using cached pydantic-2.11.7-py3-none-any.whl.metadata (67 kB)
2025-08-22T15:40:43.9039039Z Requirement already satisfied: setuptools in /opt/hostedtoolcache/Python/3.11.13/x64/lib/python3.11/site-packages (from -r requirements-dev.txt (line 27)) (65.5.0)
2025-08-22T15:40:43.9206891Z Collecting pytest-asyncio==1.1.0 (from -r requirements-dev.txt (line 28))
2025-08-22T15:40:43.9224304Z   Using cached pytest_asyncio-1.1.0-py3-none-any.whl.metadata (4.1 kB)
2025-08-22T15:40:43.9369066Z Collecting pytest-cov==6.2.1 (from -r requirements-dev.txt (line 29))
2025-08-22T15:40:43.9385261Z   Using cached pytest_cov-6.2.1-py3-none-any.whl.metadata (30 kB)
2025-08-22T15:40:43.9560697Z Collecting pytest-postgresql==7.0.2 (from -r requirements-dev.txt (line 30))
2025-08-22T15:40:43.9580787Z   Using cached pytest_postgresql-7.0.2-py3-none-any.whl.metadata (18 kB)
2025-08-22T15:40:43.9757724Z Collecting python-dotenv (from -r requirements-dev.txt (line 31))
2025-08-22T15:40:43.9775855Z   Using cached python_dotenv-1.1.1-py3-none-any.whl.metadata (24 kB)
2025-08-22T15:40:43.9903623Z Collecting python-multipart (from -r requirements-dev.txt (line 32))
2025-08-22T15:40:43.9922191Z   Using cached python_multipart-0.0.20-py3-none-any.whl.metadata (1.8 kB)
2025-08-22T15:40:44.0246297Z Collecting python-telegram-bot==22.3 (from -r requirements-dev.txt (line 33))
2025-08-22T15:40:44.0263227Z   Using cached python_telegram_bot-22.3-py3-none-any.whl.metadata (17 kB)
2025-08-22T15:40:44.0566119Z Collecting requests==2.32.4 (from -r requirements-dev.txt (line 34))
2025-08-22T15:40:44.0583699Z   Using cached requests-2.32.4-py3-none-any.whl.metadata (4.9 kB)
2025-08-22T15:40:44.0760998Z Collecting respx==0.22.0 (from -r requirements-dev.txt (line 35))
2025-08-22T15:40:44.0778009Z   Using cached respx-0.22.0-py2.py3-none-any.whl.metadata (4.1 kB)
2025-08-22T15:40:44.4682429Z Collecting ruff==0.9.9 (from -r requirements-dev.txt (line 36))
2025-08-22T15:40:44.4699838Z   Using cached ruff-0.9.9-py3-none-manylinux_2_17_x86_64.manylinux2014_x86_64.whl.metadata (25 kB)
2025-08-22T15:40:44.7190788Z Collecting sqlalchemy==2.0.43 (from -r requirements-dev.txt (line 37))
2025-08-22T15:40:44.7217747Z   Using cached sqlalchemy-2.0.43-cp311-cp311-manylinux_2_17_x86_64.manylinux2014_x86_64.whl.metadata (9.6 kB)
2025-08-22T15:40:44.7431451Z Collecting structlog==24.1.0 (from -r requirements-dev.txt (line 38))
2025-08-22T15:40:44.7448463Z   Using cached structlog-24.1.0-py3-none-any.whl.metadata (6.9 kB)
2025-08-22T15:40:44.7673071Z Collecting testcontainers==4.12.0 (from testcontainers[postgres]==4.12.0->-r requirements-dev.txt (line 39))
2025-08-22T15:40:44.7690555Z   Using cached testcontainers-4.12.0-py3-none-any.whl.metadata (8.3 kB)
2025-08-22T15:40:44.8073307Z Collecting types-requests==2.32.4.20250809 (from -r requirements-dev.txt (line 40))
2025-08-22T15:40:44.8090675Z   Using cached types_requests-2.32.4.20250809-py3-none-any.whl.metadata (2.0 kB)
2025-08-22T15:40:44.8235439Z Collecting docspec-python==2.2.2 (from -r requirements-dev.txt (line 41))
2025-08-22T15:40:44.8251801Z   Using cached docspec_python-2.2.2-py3-none-any.whl.metadata (1.0 kB)
2025-08-22T15:40:44.8618498Z Collecting pydoc-markdown==4.8.2 (from -r requirements-dev.txt (line 42))
2025-08-22T15:40:44.8635727Z   Using cached pydoc_markdown-4.8.2-py3-none-any.whl.metadata (5.9 kB)
2025-08-22T15:40:44.8919985Z Collecting pandera==0.19.* (from -r requirements-dev.txt (line 43))
2025-08-22T15:40:44.8937236Z   Using cached pandera-0.19.3-py3-none-any.whl.metadata (15 kB)
2025-08-22T15:40:45.0167590Z Collecting MarkupSafe>=2.0 (from Jinja2==3.1.6->-r requirements-dev.txt (line 2))
2025-08-22T15:40:45.0169147Z   Using cached MarkupSafe-3.0.2-cp311-cp311-manylinux_2_17_x86_64.manylinux2014_x86_64.whl.metadata (4.0 kB)
2025-08-22T15:40:45.0414297Z Collecting Mako (from alembic==1.16.4->-r requirements-dev.txt (line 3))
2025-08-22T15:40:45.0431478Z   Using cached mako-1.3.10-py3-none-any.whl.metadata (2.9 kB)
2025-08-22T15:40:45.0597413Z Collecting typing-extensions>=4.12 (from alembic==1.16.4->-r requirements-dev.txt (line 3))
2025-08-22T15:40:45.0613182Z   Using cached typing_extensions-4.14.1-py3-none-any.whl.metadata (3.0 kB)
2025-08-22T15:40:45.0753157Z Collecting six>=1.4.0 (from apscheduler==3.10.4->-r requirements-dev.txt (line 4))
2025-08-22T15:40:45.0769980Z   Using cached six-1.17.0-py2.py3-none-any.whl.metadata (1.7 kB)
2025-08-22T15:40:45.1128325Z Collecting pytz (from apscheduler==3.10.4->-r requirements-dev.txt (line 4))
2025-08-22T15:40:45.1145787Z   Using cached pytz-2025.2-py2.py3-none-any.whl.metadata (22 kB)
2025-08-22T15:40:45.1325282Z Collecting tzlocal!=3.*,>=2.0 (from apscheduler==3.10.4->-r requirements-dev.txt (line 4))
2025-08-22T15:40:45.1341295Z   Using cached tzlocal-5.3.1-py3-none-any.whl.metadata (7.6 kB)
2025-08-22T15:40:45.1635819Z Collecting starlette>=0.18 (from asgi-correlation-id==4.3.1->-r requirements-dev.txt (line 5))
2025-08-22T15:40:45.1651903Z   Using cached starlette-0.47.2-py3-none-any.whl.metadata (6.2 kB)
2025-08-22T15:40:45.1847652Z Collecting click>=8.0.0 (from black==25.1.0->-r requirements-dev.txt (line 7))
2025-08-22T15:40:45.1863438Z   Using cached click-8.2.1-py3-none-any.whl.metadata (2.5 kB)
2025-08-22T15:40:45.2029218Z Collecting packaging>=22.0 (from black==25.1.0->-r requirements-dev.txt (line 7))
2025-08-22T15:40:45.2046166Z   Using cached packaging-25.0-py3-none-any.whl.metadata (3.3 kB)
2025-08-22T15:40:45.2156687Z Collecting pathspec>=0.9.0 (from black==25.1.0->-r requirements-dev.txt (line 7))
2025-08-22T15:40:45.2172129Z   Using cached pathspec-0.12.1-py3-none-any.whl.metadata (21 kB)
2025-08-22T15:40:45.2366788Z Collecting platformdirs>=2 (from black==25.1.0->-r requirements-dev.txt (line 7))
2025-08-22T15:40:45.2383849Z   Using cached platformdirs-4.3.8-py3-none-any.whl.metadata (12 kB)
2025-08-22T15:40:45.2508275Z Collecting toml (from vulture==2.10->-r requirements-dev.txt (line 11))
2025-08-22T15:40:45.2522845Z   Using cached toml-0.10.2-py2.py3-none-any.whl.metadata (7.1 kB)
2025-08-22T15:40:45.2716463Z Collecting billiard<5.0,>=4.2.1 (from celery==5.5.3->-r requirements-dev.txt (line 12))
2025-08-22T15:40:45.2733426Z   Using cached billiard-4.2.1-py3-none-any.whl.metadata (4.4 kB)
2025-08-22T15:40:45.3009827Z Collecting kombu<5.6,>=5.5.2 (from celery==5.5.3->-r requirements-dev.txt (line 12))
2025-08-22T15:40:45.3034588Z   Using cached kombu-5.5.4-py3-none-any.whl.metadata (3.5 kB)
2025-08-22T15:40:45.3265594Z Collecting vine<6.0,>=5.1.0 (from celery==5.5.3->-r requirements-dev.txt (line 12))
2025-08-22T15:40:45.3290060Z   Using cached vine-5.1.0-py3-none-any.whl.metadata (2.7 kB)
2025-08-22T15:40:45.3423593Z Collecting click-didyoumean>=0.3.0 (from celery==5.5.3->-r requirements-dev.txt (line 12))
2025-08-22T15:40:45.3439116Z   Using cached click_didyoumean-0.3.1-py3-none-any.whl.metadata (3.9 kB)
2025-08-22T15:40:45.3535294Z Collecting click-repl>=0.2.0 (from celery==5.5.3->-r requirements-dev.txt (line 12))
2025-08-22T15:40:45.3551369Z   Using cached click_repl-0.3.0-py3-none-any.whl.metadata (3.6 kB)
2025-08-22T15:40:45.3645475Z Collecting click-plugins>=1.1.1 (from celery==5.5.3->-r requirements-dev.txt (line 12))
2025-08-22T15:40:45.3660726Z   Using cached click_plugins-1.1.1.2-py2.py3-none-any.whl.metadata (6.5 kB)
2025-08-22T15:40:45.3779607Z Collecting python-dateutil>=2.8.2 (from celery==5.5.3->-r requirements-dev.txt (line 12))
2025-08-22T15:40:45.3794954Z   Using cached python_dateutil-2.9.0.post0-py2.py3-none-any.whl.metadata (8.4 kB)
2025-08-22T15:40:45.4185766Z Collecting annotated-types>=0.6.0 (from pydantic==2.11.7->-r requirements-dev.txt (line 26))
2025-08-22T15:40:45.4201333Z   Using cached annotated_types-0.7.0-py3-none-any.whl.metadata (15 kB)
2025-08-22T15:40:46.0889721Z Collecting pydantic-core==2.33.2 (from pydantic==2.11.7->-r requirements-dev.txt (line 26))
2025-08-22T15:40:46.0907807Z   Using cached pydantic_core-2.33.2-cp311-cp311-manylinux_2_17_x86_64.manylinux2014_x86_64.whl.metadata (6.8 kB)
2025-08-22T15:40:46.1031414Z Collecting typing-inspection>=0.4.0 (from pydantic==2.11.7->-r requirements-dev.txt (line 26))
2025-08-22T15:40:46.1048995Z   Using cached typing_inspection-0.4.1-py3-none-any.whl.metadata (2.6 kB)
2025-08-22T15:40:46.1309056Z Collecting et-xmlfile (from openpyxl==3.1.5->-r requirements-dev.txt (line 22))
2025-08-22T15:40:46.1324693Z   Using cached et_xmlfile-2.0.0-py3-none-any.whl.metadata (2.7 kB)
2025-08-22T15:40:46.1760840Z Collecting pytest<9,>=8.2 (from pytest-asyncio==1.1.0->-r requirements-dev.txt (line 28))
2025-08-22T15:40:46.1777296Z   Using cached pytest-8.4.1-py3-none-any.whl.metadata (7.7 kB)
2025-08-22T15:40:46.4884141Z Collecting coverage>=7.5 (from coverage[toml]>=7.5->pytest-cov==6.2.1->-r requirements-dev.txt (line 29))
2025-08-22T15:40:46.4901414Z   Using cached coverage-7.10.4-cp311-cp311-manylinux1_x86_64.manylinux_2_28_x86_64.manylinux_2_5_x86_64.whl.metadata (8.9 kB)
2025-08-22T15:40:46.5894866Z Collecting pluggy>=1.2 (from pytest-cov==6.2.1->-r requirements-dev.txt (line 29))
2025-08-22T15:40:46.5911809Z   Using cached pluggy-1.6.0-py3-none-any.whl.metadata (4.8 kB)
2025-08-22T15:40:46.6153351Z Collecting port-for>=0.7.3 (from pytest-postgresql==7.0.2->-r requirements-dev.txt (line 30))
2025-08-22T15:40:46.6171533Z   Using cached port_for-0.7.4-py3-none-any.whl.metadata (7.1 kB)
2025-08-22T15:40:46.6364297Z Collecting mirakuru>=2.6.0 (from pytest-postgresql==7.0.2->-r requirements-dev.txt (line 30))
2025-08-22T15:40:46.6380566Z   Using cached mirakuru-2.6.1-py3-none-any.whl.metadata (10 kB)
2025-08-22T15:40:46.7239077Z Collecting charset_normalizer<4,>=2 (from requests==2.32.4->-r requirements-dev.txt (line 34))
2025-08-22T15:40:46.7256432Z   Using cached charset_normalizer-3.4.3-cp311-cp311-manylinux2014_x86_64.manylinux_2_17_x86_64.manylinux_2_28_x86_64.whl.metadata (36 kB)
2025-08-22T15:40:46.7415025Z Collecting idna<4,>=2.5 (from requests==2.32.4->-r requirements-dev.txt (line 34))
2025-08-22T15:40:46.7430727Z   Using cached idna-3.10-py3-none-any.whl.metadata (10 kB)
2025-08-22T15:40:46.7698653Z Collecting urllib3<3,>=1.21.1 (from requests==2.32.4->-r requirements-dev.txt (line 34))
2025-08-22T15:40:46.7715907Z   Using cached urllib3-2.5.0-py3-none-any.whl.metadata (6.5 kB)
2025-08-22T15:40:46.7914882Z Collecting certifi>=2017.4.17 (from requests==2.32.4->-r requirements-dev.txt (line 34))
2025-08-22T15:40:46.7931593Z   Using cached certifi-2025.8.3-py3-none-any.whl.metadata (2.4 kB)
2025-08-22T15:40:46.9228953Z Collecting greenlet>=1 (from sqlalchemy==2.0.43->-r requirements-dev.txt (line 37))
2025-08-22T15:40:46.9246003Z   Using cached greenlet-3.2.4-cp311-cp311-manylinux_2_24_x86_64.manylinux_2_28_x86_64.whl.metadata (4.1 kB)
2025-08-22T15:40:46.9487984Z Collecting docker (from testcontainers==4.12.0->testcontainers[postgres]==4.12.0->-r requirements-dev.txt (line 39))
2025-08-22T15:40:46.9505088Z   Using cached docker-7.1.0-py3-none-any.whl.metadata (3.8 kB)
2025-08-22T15:40:47.0517962Z Collecting wrapt (from testcontainers==4.12.0->testcontainers[postgres]==4.12.0->-r requirements-dev.txt (line 39))
2025-08-22T15:40:47.0536234Z   Using cached wrapt-1.17.3-cp311-cp311-manylinux1_x86_64.manylinux_2_28_x86_64.manylinux_2_5_x86_64.whl.metadata (6.4 kB)
2025-08-22T15:40:47.0835770Z Collecting docspec==2.2.1 (from docspec-python==2.2.2->-r requirements-dev.txt (line 41))
2025-08-22T15:40:47.0851563Z   Using cached docspec-2.2.1-py3-none-any.whl.metadata (1.5 kB)
2025-08-22T15:40:47.1009316Z Collecting nr-util>=0.8.12 (from docspec-python==2.2.2->-r requirements-dev.txt (line 41))
2025-08-22T15:40:47.1025595Z   Using cached nr.util-0.8.12-py3-none-any.whl.metadata (813 bytes)
2025-08-22T15:40:47.1381510Z Collecting PyYAML<7.0,>=5.0 (from pydoc-markdown==4.8.2->-r requirements-dev.txt (line 42))
2025-08-22T15:40:47.1398170Z   Using cached PyYAML-6.0.2-cp311-cp311-manylinux_2_17_x86_64.manylinux2014_x86_64.whl.metadata (2.1 kB)
2025-08-22T15:40:47.1859106Z Collecting databind.core<5.0.0,>=4.4.0 (from pydoc-markdown==4.8.2->-r requirements-dev.txt (line 42))
2025-08-22T15:40:47.1876639Z   Using cached databind.core-4.5.2-py3-none-any.whl.metadata (1.1 kB)
2025-08-22T15:40:47.2097463Z Collecting databind.json<5.0.0,>=4.4.0 (from pydoc-markdown==4.8.2->-r requirements-dev.txt (line 42))
2025-08-22T15:40:47.2113802Z   Using cached databind.json-4.5.2-py3-none-any.whl.metadata (1.1 kB)
2025-08-22T15:40:47.2265570Z Collecting docstring-parser<0.12,>=0.11 (from pydoc-markdown==4.8.2->-r requirements-dev.txt (line 42))
2025-08-22T15:40:47.2266790Z   Using cached docstring_parser-0.11-py3-none-any.whl
2025-08-22T15:40:47.2625730Z Collecting tomli<3.0.0,>=2.0.0 (from pydoc-markdown==4.8.2->-r requirements-dev.txt (line 42))
2025-08-22T15:40:47.2642739Z   Using cached tomli-2.2.1-cp311-cp311-manylinux_2_17_x86_64.manylinux2014_x86_64.whl.metadata (11 kB)
2025-08-22T15:40:47.2742596Z Collecting tomli_w<2.0.0,>=1.0.0 (from pydoc-markdown==4.8.2->-r requirements-dev.txt (line 42))
2025-08-22T15:40:47.2758670Z   Using cached tomli_w-1.2.0-py3-none-any.whl.metadata (5.7 kB)
2025-08-22T15:40:47.3203171Z Collecting watchdog (from pydoc-markdown==4.8.2->-r requirements-dev.txt (line 42))
2025-08-22T15:40:47.3221109Z   Using cached watchdog-6.0.0-py3-none-manylinux2014_x86_64.whl.metadata (44 kB)
2025-08-22T15:40:47.3445397Z Collecting yapf>=0.30.0 (from pydoc-markdown==4.8.2->-r requirements-dev.txt (line 42))
2025-08-22T15:40:47.3462193Z   Using cached yapf-0.43.0-py3-none-any.whl.metadata (46 kB)
2025-08-22T15:40:47.3651438Z Collecting Deprecated<2.0.0,>=1.2.12 (from docspec==2.2.1->docspec-python==2.2.2->-r requirements-dev.txt (line 41))
2025-08-22T15:40:47.3668450Z   Using cached Deprecated-1.2.18-py2.py3-none-any.whl.metadata (5.7 kB)
2025-08-22T15:40:47.5218142Z Collecting psycopg-binary==3.2.9 (from psycopg[binary]==3.2.9->-r requirements-dev.txt (line 25))
2025-08-22T15:40:47.5235876Z   Using cached psycopg_binary-3.2.9-cp311-cp311-manylinux_2_17_x86_64.manylinux2014_x86_64.whl.metadata (2.9 kB)
2025-08-22T15:40:47.5600379Z Collecting argon2-cffi (from minio==7.*->-r requirements-dev.txt (line 10))
2025-08-22T15:40:47.5617385Z   Using cached argon2_cffi-25.1.0-py3-none-any.whl.metadata (4.1 kB)
2025-08-22T15:40:47.6422903Z Collecting pycryptodome (from minio==7.*->-r requirements-dev.txt (line 10))
2025-08-22T15:40:47.6449623Z   Using cached pycryptodome-3.23.0-cp37-abi3-manylinux_2_17_x86_64.manylinux2014_x86_64.whl.metadata (3.4 kB)
2025-08-22T15:40:47.6654011Z Collecting anyio (from httpx<0.29,>=0.27->-r requirements-dev.txt (line 16))
2025-08-22T15:40:47.6672455Z   Using cached anyio-4.10.0-py3-none-any.whl.metadata (4.0 kB)
2025-08-22T15:40:47.6860517Z Collecting httpcore==1.* (from httpx<0.29,>=0.27->-r requirements-dev.txt (line 16))
2025-08-22T15:40:47.6879069Z   Using cached httpcore-1.0.9-py3-none-any.whl.metadata (21 kB)
2025-08-22T15:40:47.7230987Z Collecting tzdata>=2022.7 (from pandas==2.2.*->-r requirements-dev.txt (line 23))
2025-08-22T15:40:47.7249745Z   Using cached tzdata-2025.2-py2.py3-none-any.whl.metadata (1.4 kB)
2025-08-22T15:40:47.7434269Z Collecting multimethod<=1.10.0 (from pandera==0.19.*->-r requirements-dev.txt (line 43))
2025-08-22T15:40:47.7450657Z   Using cached multimethod-1.10-py3-none-any.whl.metadata (8.2 kB)
2025-08-22T15:40:47.7866481Z Collecting typeguard (from pandera==0.19.*->-r requirements-dev.txt (line 43))
2025-08-22T15:40:47.7883094Z   Using cached typeguard-4.4.4-py3-none-any.whl.metadata (3.3 kB)
2025-08-22T15:40:47.7991938Z Collecting typing-inspect>=0.6.0 (from pandera==0.19.*->-r requirements-dev.txt (line 43))
2025-08-22T15:40:47.8007648Z   Using cached typing_inspect-0.9.0-py3-none-any.whl.metadata (1.5 kB)
2025-08-22T15:40:47.9439191Z Collecting databind<5.0.0,>=4.5.2 (from databind.core<5.0.0,>=4.4.0->pydoc-markdown==4.8.2->-r requirements-dev.txt (line 42))
2025-08-22T15:40:47.9456180Z   Using cached databind-4.5.2-py3-none-any.whl.metadata (4.3 kB)
2025-08-22T15:40:47.9595912Z Collecting nr-date<3.0.0,>=2.0.0 (from databind<5.0.0,>=4.5.2->databind.core<5.0.0,>=4.4.0->pydoc-markdown==4.8.2->-r requirements-dev.txt (line 42))
2025-08-22T15:40:47.9610201Z   Using cached nr_date-2.1.0-py3-none-any.whl.metadata (746 bytes)
2025-08-22T15:40:47.9927393Z Collecting nr-stream<2.0.0,>=1.0.0 (from databind<5.0.0,>=4.5.2->databind.core<5.0.0,>=4.4.0->pydoc-markdown==4.8.2->-r requirements-dev.txt (line 42))
2025-08-22T15:40:47.9942818Z   Using cached nr_stream-1.1.5-py3-none-any.whl.metadata (3.6 kB)
2025-08-22T15:40:48.0106825Z Collecting typeapi<3,>=2.0.1 (from databind<5.0.0,>=4.5.2->databind.core<5.0.0,>=4.4.0->pydoc-markdown==4.8.2->-r requirements-dev.txt (line 42))
2025-08-22T15:40:48.0123125Z   Using cached typeapi-2.2.4-py3-none-any.whl.metadata (1.5 kB)
2025-08-22T15:40:48.0405101Z Collecting h11>=0.16 (from httpcore==1.*->httpx<0.29,>=0.27->-r requirements-dev.txt (line 16))
2025-08-22T15:40:48.0420347Z   Using cached h11-0.16.0-py3-none-any.whl.metadata (8.3 kB)
2025-08-22T15:40:48.0633372Z Collecting amqp<6.0.0,>=5.1.1 (from kombu<5.6,>=5.5.2->celery==5.5.3->-r requirements-dev.txt (line 12))
2025-08-22T15:40:48.0652300Z   Using cached amqp-5.3.1-py3-none-any.whl.metadata (8.9 kB)
2025-08-22T15:40:48.1052950Z Collecting iniconfig>=1 (from pytest<9,>=8.2->pytest-asyncio==1.1.0->-r requirements-dev.txt (line 28))
2025-08-22T15:40:48.1067173Z   Using cached iniconfig-2.1.0-py3-none-any.whl.metadata (2.7 kB)
2025-08-22T15:40:48.1265536Z Collecting pygments>=2.7.2 (from pytest<9,>=8.2->pytest-asyncio==1.1.0->-r requirements-dev.txt (line 28))
2025-08-22T15:40:48.1281806Z   Using cached pygments-2.19.2-py3-none-any.whl.metadata (2.5 kB)
2025-08-22T15:40:48.1608620Z Collecting sniffio>=1.1 (from anyio->httpx<0.29,>=0.27->-r requirements-dev.txt (line 16))
2025-08-22T15:40:48.1622933Z   Using cached sniffio-1.3.1-py3-none-any.whl.metadata (3.9 kB)
2025-08-22T15:40:48.4855740Z Collecting botocore<1.41.0,>=1.40.15 (from boto3->-r requirements-dev.txt (line 8))
2025-08-22T15:40:48.5066131Z   Downloading botocore-1.40.15-py3-none-any.whl.metadata (5.7 kB)
2025-08-22T15:40:48.5212905Z Collecting jmespath<2.0.0,>=0.7.1 (from boto3->-r requirements-dev.txt (line 8))
2025-08-22T15:40:48.5229480Z   Using cached jmespath-1.0.1-py3-none-any.whl.metadata (7.6 kB)
2025-08-22T15:40:48.5381971Z Collecting s3transfer<0.14.0,>=0.13.0 (from boto3->-r requirements-dev.txt (line 8))
2025-08-22T15:40:48.5397995Z   Using cached s3transfer-0.13.1-py3-none-any.whl.metadata (1.7 kB)
2025-08-22T15:40:48.6728933Z Collecting fastapi-cli>=0.0.8 (from fastapi-cli[standard]>=0.0.8; extra == "all"->fastapi[all]->-r requirements-dev.txt (line 14))
2025-08-22T15:40:48.6743646Z   Using cached fastapi_cli-0.0.8-py3-none-any.whl.metadata (6.3 kB)
2025-08-22T15:40:48.7537299Z Collecting ujson!=4.0.2,!=4.1.0,!=4.2.0,!=4.3.0,!=5.0.0,!=5.1.0,>=4.0.1 (from fastapi[all]->-r requirements-dev.txt (line 14))
2025-08-22T15:40:48.7558172Z   Using cached ujson-5.11.0-cp311-cp311-manylinux_2_24_x86_64.manylinux_2_28_x86_64.whl.metadata (9.4 kB)
2025-08-22T15:40:48.9877981Z Collecting orjson>=3.2.1 (from fastapi[all]->-r requirements-dev.txt (line 14))
2025-08-22T15:40:48.9893684Z   Using cached orjson-3.11.2-cp311-cp311-manylinux_2_17_x86_64.manylinux2014_x86_64.whl.metadata (1.2 kB)
2025-08-22T15:40:49.0016154Z Collecting email-validator>=2.0.0 (from fastapi[all]->-r requirements-dev.txt (line 14))
2025-08-22T15:40:49.0031472Z   Using cached email_validator-2.2.0-py3-none-any.whl.metadata (25 kB)
2025-08-22T15:40:49.0310174Z Collecting uvicorn>=0.12.0 (from uvicorn[standard]>=0.12.0; extra == "all"->fastapi[all]->-r requirements-dev.txt (line 14))
2025-08-22T15:40:49.0326764Z   Using cached uvicorn-0.35.0-py3-none-any.whl.metadata (6.5 kB)
2025-08-22T15:40:49.0496162Z Collecting pydantic-settings>=2.0.0 (from fastapi[all]->-r requirements-dev.txt (line 14))
2025-08-22T15:40:49.0512798Z   Using cached pydantic_settings-2.10.1-py3-none-any.whl.metadata (3.4 kB)
2025-08-22T15:40:49.0715564Z Collecting pydantic-extra-types>=2.0.0 (from fastapi[all]->-r requirements-dev.txt (line 14))
2025-08-22T15:40:49.0733547Z   Using cached pydantic_extra_types-2.10.5-py3-none-any.whl.metadata (3.9 kB)
2025-08-22T15:40:49.1424334Z Collecting prompt-toolkit>=3.0.36 (from click-repl>=0.2.0->celery==5.5.3->-r requirements-dev.txt (line 12))
2025-08-22T15:40:49.1440107Z   Using cached prompt_toolkit-3.0.51-py3-none-any.whl.metadata (6.4 kB)
2025-08-22T15:40:49.1625325Z Collecting dnspython>=2.0.0 (from email-validator>=2.0.0->fastapi[all]->-r requirements-dev.txt (line 14))
2025-08-22T15:40:49.1640100Z   Using cached dnspython-2.7.0-py3-none-any.whl.metadata (5.8 kB)
2025-08-22T15:40:49.1922134Z Collecting typer>=0.15.1 (from fastapi-cli>=0.0.8->fastapi-cli[standard]>=0.0.8; extra == "all"->fastapi[all]->-r requirements-dev.txt (line 14))
2025-08-22T15:40:49.1936671Z   Using cached typer-0.16.1-py3-none-any.whl.metadata (15 kB)
2025-08-22T15:40:49.2184195Z Collecting rich-toolkit>=0.14.8 (from fastapi-cli>=0.0.8->fastapi-cli[standard]>=0.0.8; extra == "all"->fastapi[all]->-r requirements-dev.txt (line 14))
2025-08-22T15:40:49.2198890Z   Using cached rich_toolkit-0.15.0-py3-none-any.whl.metadata (1.0 kB)
2025-08-22T15:40:49.2321108Z Collecting fastapi-cloud-cli>=0.1.1 (from fastapi-cli[standard]>=0.0.8; extra == "all"->fastapi[all]->-r requirements-dev.txt (line 14))
2025-08-22T15:40:49.2335926Z   Using cached fastapi_cloud_cli-0.1.5-py3-none-any.whl.metadata (3.2 kB)
2025-08-22T15:40:49.3072355Z Collecting rignore>=0.5.1 (from fastapi-cloud-cli>=0.1.1->fastapi-cli[standard]>=0.0.8; extra == "all"->fastapi[all]->-r requirements-dev.txt (line 14))
2025-08-22T15:40:49.3088744Z   Using cached rignore-0.6.4-cp311-cp311-manylinux_2_17_x86_64.manylinux2014_x86_64.whl.metadata (3.8 kB)
2025-08-22T15:40:49.4983831Z Collecting sentry-sdk>=2.20.0 (from fastapi-cloud-cli>=0.1.1->fastapi-cli[standard]>=0.0.8; extra == "all"->fastapi[all]->-r requirements-dev.txt (line 14))
2025-08-22T15:40:49.4999021Z   Using cached sentry_sdk-2.35.0-py2.py3-none-any.whl.metadata (10 kB)
2025-08-22T15:40:49.5904784Z Collecting psutil>=4.0.0 (from mirakuru>=2.6.0->pytest-postgresql==7.0.2->-r requirements-dev.txt (line 30))
2025-08-22T15:40:49.5920296Z   Using cached psutil-7.0.0-cp36-abi3-manylinux_2_12_x86_64.manylinux2010_x86_64.manylinux_2_17_x86_64.manylinux2014_x86_64.whl.metadata (22 kB)
2025-08-22T15:40:49.6223558Z Collecting wcwidth (from prompt-toolkit>=3.0.36->click-repl>=0.2.0->celery==5.5.3->-r requirements-dev.txt (line 12))
2025-08-22T15:40:49.6238753Z   Using cached wcwidth-0.2.13-py2.py3-none-any.whl.metadata (14 kB)
2025-08-22T15:40:49.7188273Z Collecting rich>=13.7.1 (from rich-toolkit>=0.14.8->fastapi-cli>=0.0.8->fastapi-cli[standard]>=0.0.8; extra == "all"->fastapi[all]->-r requirements-dev.txt (line 14))
2025-08-22T15:40:49.7203174Z   Using cached rich-14.1.0-py3-none-any.whl.metadata (18 kB)
2025-08-22T15:40:49.7380828Z Collecting markdown-it-py>=2.2.0 (from rich>=13.7.1->rich-toolkit>=0.14.8->fastapi-cli>=0.0.8->fastapi-cli[standard]>=0.0.8; extra == "all"->fastapi[all]->-r requirements-dev.txt (line 14))
2025-08-22T15:40:49.7395371Z   Using cached markdown_it_py-4.0.0-py3-none-any.whl.metadata (7.3 kB)
2025-08-22T15:40:49.7592207Z Collecting mdurl~=0.1 (from markdown-it-py>=2.2.0->rich>=13.7.1->rich-toolkit>=0.14.8->fastapi-cli>=0.0.8->fastapi-cli[standard]>=0.0.8; extra == "all"->fastapi[all]->-r requirements-dev.txt (line 14))
2025-08-22T15:40:49.7607108Z   Using cached mdurl-0.1.2-py3-none-any.whl.metadata (1.6 kB)
2025-08-22T15:40:49.8107293Z Collecting shellingham>=1.3.0 (from typer>=0.15.1->fastapi-cli>=0.0.8->fastapi-cli[standard]>=0.0.8; extra == "all"->fastapi[all]->-r requirements-dev.txt (line 14))
2025-08-22T15:40:49.8121886Z   Using cached shellingham-1.5.4-py2.py3-none-any.whl.metadata (3.5 kB)
2025-08-22T15:40:49.8824695Z Collecting httptools>=0.6.3 (from uvicorn[standard]>=0.12.0; extra == "all"->fastapi[all]->-r requirements-dev.txt (line 14))
2025-08-22T15:40:49.8841543Z   Using cached httptools-0.6.4-cp311-cp311-manylinux_2_5_x86_64.manylinux1_x86_64.manylinux_2_17_x86_64.manylinux2014_x86_64.whl.metadata (3.6 kB)
2025-08-22T15:40:49.9282308Z Collecting uvloop>=0.15.1 (from uvicorn[standard]>=0.12.0; extra == "all"->fastapi[all]->-r requirements-dev.txt (line 14))
2025-08-22T15:40:49.9298939Z   Using cached uvloop-0.21.0-cp311-cp311-manylinux_2_17_x86_64.manylinux2014_x86_64.whl.metadata (4.9 kB)
2025-08-22T15:40:50.0001893Z Collecting watchfiles>=0.13 (from uvicorn[standard]>=0.12.0; extra == "all"->fastapi[all]->-r requirements-dev.txt (line 14))
2025-08-22T15:40:50.0019184Z   Using cached watchfiles-1.1.0-cp311-cp311-manylinux_2_17_x86_64.manylinux2014_x86_64.whl.metadata (4.9 kB)
2025-08-22T15:40:50.0889492Z Collecting websockets>=10.4 (from uvicorn[standard]>=0.12.0; extra == "all"->fastapi[all]->-r requirements-dev.txt (line 14))
2025-08-22T15:40:50.0906678Z   Using cached websockets-15.0.1-cp311-cp311-manylinux_2_5_x86_64.manylinux1_x86_64.manylinux_2_17_x86_64.manylinux2014_x86_64.whl.metadata (6.8 kB)
2025-08-22T15:40:50.1364712Z Collecting argon2-cffi-bindings (from argon2-cffi->minio==7.*->-r requirements-dev.txt (line 10))
2025-08-22T15:40:50.1380659Z   Using cached argon2_cffi_bindings-25.1.0-cp39-abi3-manylinux_2_26_x86_64.manylinux_2_28_x86_64.whl.metadata (7.4 kB)
2025-08-22T15:40:50.2536639Z Collecting cffi>=1.0.1 (from argon2-cffi-bindings->argon2-cffi->minio==7.*->-r requirements-dev.txt (line 10))
2025-08-22T15:40:50.2553166Z   Using cached cffi-1.17.1-cp311-cp311-manylinux_2_17_x86_64.manylinux2014_x86_64.whl.metadata (1.5 kB)
2025-08-22T15:40:50.2683689Z Collecting pycparser (from cffi>=1.0.1->argon2-cffi-bindings->argon2-cffi->minio==7.*->-r requirements-dev.txt (line 10))
2025-08-22T15:40:50.2699437Z   Using cached pycparser-2.22-py3-none-any.whl.metadata (943 bytes)
2025-08-22T15:40:50.3388628Z Using cached jinja2-3.1.6-py3-none-any.whl (134 kB)
2025-08-22T15:40:50.3403988Z Using cached alembic-1.16.4-py3-none-any.whl (247 kB)
2025-08-22T15:40:50.3420491Z Using cached APScheduler-3.10.4-py3-none-any.whl (59 kB)
2025-08-22T15:40:50.3435507Z Using cached asgi_correlation_id-4.3.1-py3-none-any.whl (15 kB)
2025-08-22T15:40:50.3448905Z Using cached asyncpg-0.30.0-cp311-cp311-manylinux_2_17_x86_64.manylinux2014_x86_64.whl (3.1 MB)
2025-08-22T15:40:50.3485652Z Using cached black-25.1.0-cp311-cp311-manylinux_2_17_x86_64.manylinux2014_x86_64.manylinux_2_28_x86_64.whl (1.7 MB)
2025-08-22T15:40:50.3512157Z Using cached vulture-2.10-py2.py3-none-any.whl (27 kB)
2025-08-22T15:40:50.3525446Z Using cached celery-5.5.3-py3-none-any.whl (438 kB)
2025-08-22T15:40:50.3541406Z Using cached fastapi-0.116.1-py3-none-any.whl (95 kB)
2025-08-22T15:40:50.3555005Z Using cached pydantic-2.11.7-py3-none-any.whl (444 kB)
2025-08-22T15:40:50.3570947Z Using cached fastapi_limiter-0.1.6-py3-none-any.whl (15 kB)
2025-08-22T15:40:50.3584079Z Using cached IMAPClient-3.0.1-py2.py3-none-any.whl (182 kB)
2025-08-22T15:40:50.3599004Z Using cached mypy_extensions-1.1.0-py3-none-any.whl (5.0 kB)
2025-08-22T15:40:50.3612178Z Using cached openpyxl-3.1.5-py2.py3-none-any.whl (250 kB)
2025-08-22T15:40:50.3627229Z Using cached psycopg2_binary-2.9.10-cp311-cp311-manylinux_2_17_x86_64.manylinux2014_x86_64.whl (3.0 MB)
2025-08-22T15:40:50.3662568Z Using cached psycopg-3.2.9-py3-none-any.whl (202 kB)
2025-08-22T15:40:50.3676979Z Using cached pytest_asyncio-1.1.0-py3-none-any.whl (15 kB)
2025-08-22T15:40:50.3689927Z Using cached pytest_cov-6.2.1-py3-none-any.whl (24 kB)
2025-08-22T15:40:50.3702819Z Using cached pytest_postgresql-7.0.2-py3-none-any.whl (41 kB)
2025-08-22T15:40:50.3716250Z Using cached python_telegram_bot-22.3-py3-none-any.whl (717 kB)
2025-08-22T15:40:50.3734137Z Using cached requests-2.32.4-py3-none-any.whl (64 kB)
2025-08-22T15:40:50.3748070Z Using cached respx-0.22.0-py2.py3-none-any.whl (25 kB)
2025-08-22T15:40:50.3762858Z Using cached ruff-0.9.9-py3-none-manylinux_2_17_x86_64.manylinux2014_x86_64.whl (11.2 MB)
2025-08-22T15:40:50.3863136Z Using cached sqlalchemy-2.0.43-cp311-cp311-manylinux_2_17_x86_64.manylinux2014_x86_64.whl (3.3 MB)
2025-08-22T15:40:50.3903054Z Using cached structlog-24.1.0-py3-none-any.whl (65 kB)
2025-08-22T15:40:50.3917724Z Using cached testcontainers-4.12.0-py3-none-any.whl (111 kB)
2025-08-22T15:40:50.3932748Z Using cached types_requests-2.32.4.20250809-py3-none-any.whl (20 kB)
2025-08-22T15:40:50.3946195Z Using cached docspec_python-2.2.2-py3-none-any.whl (15 kB)
2025-08-22T15:40:50.3959234Z Using cached pydoc_markdown-4.8.2-py3-none-any.whl (67 kB)
2025-08-22T15:40:50.3973278Z Using cached docspec-2.2.1-py3-none-any.whl (9.8 kB)
2025-08-22T15:40:50.3987046Z Using cached psycopg_binary-3.2.9-cp311-cp311-manylinux_2_17_x86_64.manylinux2014_x86_64.whl (4.5 MB)
2025-08-22T15:40:50.4035656Z Using cached pydantic_core-2.33.2-cp311-cp311-manylinux_2_17_x86_64.manylinux2014_x86_64.whl (2.0 MB)
2025-08-22T15:40:50.4064140Z Using cached redis-6.4.0-py3-none-any.whl (279 kB)
2025-08-22T15:40:50.4079685Z Using cached minio-7.2.16-py3-none-any.whl (95 kB)
2025-08-22T15:40:50.4094107Z Using cached httpx-0.28.1-py3-none-any.whl (73 kB)
2025-08-22T15:40:50.4108400Z Using cached mypy-1.17.1-cp311-cp311-manylinux2014_x86_64.manylinux_2_17_x86_64.manylinux_2_28_x86_64.whl (12.6 MB)
2025-08-22T15:40:50.4216149Z Using cached numpy-1.26.4-cp311-cp311-manylinux_2_17_x86_64.manylinux2014_x86_64.whl (18.3 MB)
2025-08-22T15:40:50.4361843Z Using cached pandas-2.2.3-cp311-cp311-manylinux_2_17_x86_64.manylinux2014_x86_64.whl (13.1 MB)
2025-08-22T15:40:50.4472145Z Using cached pandera-0.19.3-py3-none-any.whl (251 kB)
2025-08-22T15:40:50.4487279Z Using cached billiard-4.2.1-py3-none-any.whl (86 kB)
2025-08-22T15:40:50.4502015Z Using cached charset_normalizer-3.4.3-cp311-cp311-manylinux2014_x86_64.manylinux_2_17_x86_64.manylinux_2_28_x86_64.whl (150 kB)
2025-08-22T15:40:50.4516466Z Using cached click-8.2.1-py3-none-any.whl (102 kB)
2025-08-22T15:40:50.4532930Z Using cached databind.core-4.5.2-py3-none-any.whl (1.5 kB)
2025-08-22T15:40:50.4546558Z Using cached databind-4.5.2-py3-none-any.whl (49 kB)
2025-08-22T15:40:50.4560106Z Using cached databind.json-4.5.2-py3-none-any.whl (1.5 kB)
2025-08-22T15:40:50.4573745Z Using cached Deprecated-1.2.18-py2.py3-none-any.whl (10.0 kB)
2025-08-22T15:40:50.4587567Z Using cached httpcore-1.0.9-py3-none-any.whl (78 kB)
2025-08-22T15:40:50.4601230Z Using cached idna-3.10-py3-none-any.whl (70 kB)
2025-08-22T15:40:50.4615079Z Using cached kombu-5.5.4-py3-none-any.whl (210 kB)
2025-08-22T15:40:50.4629788Z Using cached vine-5.1.0-py3-none-any.whl (9.6 kB)
2025-08-22T15:40:50.4642983Z Using cached amqp-5.3.1-py3-none-any.whl (50 kB)
2025-08-22T15:40:50.4656632Z Using cached multimethod-1.10-py3-none-any.whl (9.9 kB)
2025-08-22T15:40:50.4669859Z Using cached nr_date-2.1.0-py3-none-any.whl (10 kB)
2025-08-22T15:40:50.4684320Z Using cached nr_stream-1.1.5-py3-none-any.whl (10 kB)
2025-08-22T15:40:50.4697986Z Using cached nr.util-0.8.12-py3-none-any.whl (90 kB)
2025-08-22T15:40:50.4711892Z Using cached pytest-8.4.1-py3-none-any.whl (365 kB)
2025-08-22T15:40:50.4727829Z Using cached pluggy-1.6.0-py3-none-any.whl (20 kB)
2025-08-22T15:40:50.4741666Z Using cached PyYAML-6.0.2-cp311-cp311-manylinux_2_17_x86_64.manylinux2014_x86_64.whl (762 kB)
2025-08-22T15:40:50.4760479Z Using cached starlette-0.47.2-py3-none-any.whl (72 kB)
2025-08-22T15:40:50.4774292Z Using cached anyio-4.10.0-py3-none-any.whl (107 kB)
2025-08-22T15:40:50.4789037Z Using cached tomli-2.2.1-cp311-cp311-manylinux_2_17_x86_64.manylinux2014_x86_64.whl (236 kB)
2025-08-22T15:40:50.4803743Z Using cached tomli_w-1.2.0-py3-none-any.whl (6.7 kB)
2025-08-22T15:40:50.4817312Z Using cached typeapi-2.2.4-py3-none-any.whl (26 kB)
2025-08-22T15:40:50.4831572Z Using cached typing_extensions-4.14.1-py3-none-any.whl (43 kB)
2025-08-22T15:40:50.4846165Z Using cached urllib3-2.5.0-py3-none-any.whl (129 kB)
2025-08-22T15:40:50.4860795Z Using cached wrapt-1.17.3-cp311-cp311-manylinux1_x86_64.manylinux_2_28_x86_64.manylinux_2_5_x86_64.whl (82 kB)
2025-08-22T15:40:50.5268685Z Downloading boto3-1.40.15-py3-none-any.whl (140 kB)
2025-08-22T15:40:50.5853557Z Downloading botocore-1.40.15-py3-none-any.whl (14.0 MB)
2025-08-22T15:40:50.7257488Z    ━━━━━━━━━━━━━━━━━━━━━━━━━━━━━━━━━━━━━━━━ 14.0/14.0 MB 117.2 MB/s  0:00:00
2025-08-22T15:40:50.7273499Z Using cached jmespath-1.0.1-py3-none-any.whl (20 kB)
2025-08-22T15:40:50.7289121Z Using cached python_dateutil-2.9.0.post0-py2.py3-none-any.whl (229 kB)
2025-08-22T15:40:50.7306172Z Using cached s3transfer-0.13.1-py3-none-any.whl (85 kB)
2025-08-22T15:40:50.7321036Z Using cached itsdangerous-2.2.0-py3-none-any.whl (16 kB)
2025-08-22T15:40:50.7335059Z Using cached python_dotenv-1.1.1-py3-none-any.whl (20 kB)
2025-08-22T15:40:50.7351377Z Using cached python_multipart-0.0.20-py3-none-any.whl (24 kB)
2025-08-22T15:40:50.7367662Z Using cached annotated_types-0.7.0-py3-none-any.whl (13 kB)
2025-08-22T15:40:50.7381843Z Using cached certifi-2025.8.3-py3-none-any.whl (161 kB)
2025-08-22T15:40:50.7397352Z Using cached click_didyoumean-0.3.1-py3-none-any.whl (3.6 kB)
2025-08-22T15:40:50.7411080Z Using cached click_plugins-1.1.1.2-py2.py3-none-any.whl (11 kB)
2025-08-22T15:40:50.7426127Z Using cached click_repl-0.3.0-py3-none-any.whl (10 kB)
2025-08-22T15:40:50.7441950Z Using cached coverage-7.10.4-cp311-cp311-manylinux1_x86_64.manylinux_2_28_x86_64.manylinux_2_5_x86_64.whl (249 kB)
2025-08-22T15:40:50.7456700Z Using cached email_validator-2.2.0-py3-none-any.whl (33 kB)
2025-08-22T15:40:50.7470161Z Using cached dnspython-2.7.0-py3-none-any.whl (313 kB)
2025-08-22T15:40:50.7485597Z Using cached fastapi_cli-0.0.8-py3-none-any.whl (10 kB)
2025-08-22T15:40:50.7498755Z Using cached fastapi_cloud_cli-0.1.5-py3-none-any.whl (18 kB)
2025-08-22T15:40:50.7512643Z Using cached greenlet-3.2.4-cp311-cp311-manylinux_2_24_x86_64.manylinux_2_28_x86_64.whl (587 kB)
2025-08-22T15:40:50.7530241Z Using cached h11-0.16.0-py3-none-any.whl (37 kB)
2025-08-22T15:40:50.7543732Z Using cached iniconfig-2.1.0-py3-none-any.whl (6.0 kB)
2025-08-22T15:40:50.7557510Z Using cached MarkupSafe-3.0.2-cp311-cp311-manylinux_2_17_x86_64.manylinux2014_x86_64.whl (23 kB)
2025-08-22T15:40:50.7570472Z Using cached mirakuru-2.6.1-py3-none-any.whl (26 kB)
2025-08-22T15:40:50.7584565Z Using cached orjson-3.11.2-cp311-cp311-manylinux_2_17_x86_64.manylinux2014_x86_64.whl (121 kB)
2025-08-22T15:40:50.7600342Z Using cached packaging-25.0-py3-none-any.whl (66 kB)
2025-08-22T15:40:50.7613922Z Using cached pathspec-0.12.1-py3-none-any.whl (31 kB)
2025-08-22T15:40:50.7627996Z Using cached platformdirs-4.3.8-py3-none-any.whl (18 kB)
2025-08-22T15:40:50.7641416Z Using cached port_for-0.7.4-py3-none-any.whl (21 kB)
2025-08-22T15:40:50.7655945Z Using cached prompt_toolkit-3.0.51-py3-none-any.whl (387 kB)
2025-08-22T15:40:50.7672777Z Using cached psutil-7.0.0-cp36-abi3-manylinux_2_12_x86_64.manylinux2010_x86_64.manylinux_2_17_x86_64.manylinux2014_x86_64.whl (277 kB)
2025-08-22T15:40:50.7687539Z Using cached pydantic_extra_types-2.10.5-py3-none-any.whl (38 kB)
2025-08-22T15:40:50.7700748Z Using cached pydantic_settings-2.10.1-py3-none-any.whl (45 kB)
2025-08-22T15:40:50.7714540Z Using cached pygments-2.19.2-py3-none-any.whl (1.2 MB)
2025-08-22T15:40:50.7736944Z Using cached pytz-2025.2-py2.py3-none-any.whl (509 kB)
2025-08-22T15:40:50.7753658Z Using cached rich_toolkit-0.15.0-py3-none-any.whl (29 kB)
2025-08-22T15:40:50.7767113Z Using cached rich-14.1.0-py3-none-any.whl (243 kB)
2025-08-22T15:40:50.7782057Z Using cached markdown_it_py-4.0.0-py3-none-any.whl (87 kB)
2025-08-22T15:40:50.7796023Z Using cached mdurl-0.1.2-py3-none-any.whl (10.0 kB)
2025-08-22T15:40:50.7809688Z Using cached rignore-0.6.4-cp311-cp311-manylinux_2_17_x86_64.manylinux2014_x86_64.whl (950 kB)
2025-08-22T15:40:50.7829526Z Using cached sentry_sdk-2.35.0-py2.py3-none-any.whl (363 kB)
2025-08-22T15:40:50.7845121Z Using cached six-1.17.0-py2.py3-none-any.whl (11 kB)
2025-08-22T15:40:50.7858197Z Using cached sniffio-1.3.1-py3-none-any.whl (10 kB)
2025-08-22T15:40:50.7871302Z Using cached typer-0.16.1-py3-none-any.whl (46 kB)
2025-08-22T15:40:50.7884655Z Using cached shellingham-1.5.4-py2.py3-none-any.whl (9.8 kB)
2025-08-22T15:40:50.7897708Z Using cached typing_inspect-0.9.0-py3-none-any.whl (8.8 kB)
2025-08-22T15:40:50.7910729Z Using cached typing_inspection-0.4.1-py3-none-any.whl (14 kB)
2025-08-22T15:40:50.7923556Z Using cached tzdata-2025.2-py2.py3-none-any.whl (347 kB)
2025-08-22T15:40:50.7939325Z Using cached tzlocal-5.3.1-py3-none-any.whl (18 kB)
2025-08-22T15:40:50.7952776Z Using cached ujson-5.11.0-cp311-cp311-manylinux_2_24_x86_64.manylinux_2_28_x86_64.whl (57 kB)
2025-08-22T15:40:50.7966109Z Using cached uvicorn-0.35.0-py3-none-any.whl (66 kB)
2025-08-22T15:40:50.7980719Z Using cached httptools-0.6.4-cp311-cp311-manylinux_2_5_x86_64.manylinux1_x86_64.manylinux_2_17_x86_64.manylinux2014_x86_64.whl (459 kB)
2025-08-22T15:40:50.7997011Z Using cached uvloop-0.21.0-cp311-cp311-manylinux_2_17_x86_64.manylinux2014_x86_64.whl (4.0 MB)
2025-08-22T15:40:50.8063906Z Using cached watchfiles-1.1.0-cp311-cp311-manylinux_2_17_x86_64.manylinux2014_x86_64.whl (453 kB)
2025-08-22T15:40:50.8083107Z Using cached websockets-15.0.1-cp311-cp311-manylinux_2_5_x86_64.manylinux1_x86_64.manylinux_2_17_x86_64.manylinux2014_x86_64.whl (182 kB)
2025-08-22T15:40:50.8097681Z Using cached yapf-0.43.0-py3-none-any.whl (256 kB)
2025-08-22T15:40:50.8112730Z Using cached argon2_cffi-25.1.0-py3-none-any.whl (14 kB)
2025-08-22T15:40:50.8126895Z Using cached argon2_cffi_bindings-25.1.0-cp39-abi3-manylinux_2_26_x86_64.manylinux_2_28_x86_64.whl (87 kB)
2025-08-22T15:40:50.8140796Z Using cached cffi-1.17.1-cp311-cp311-manylinux_2_17_x86_64.manylinux2014_x86_64.whl (467 kB)
2025-08-22T15:40:50.8156948Z Using cached docker-7.1.0-py3-none-any.whl (147 kB)
2025-08-22T15:40:50.8171258Z Using cached et_xmlfile-2.0.0-py3-none-any.whl (18 kB)
2025-08-22T15:40:50.8184248Z Using cached mako-1.3.10-py3-none-any.whl (78 kB)
2025-08-22T15:40:50.8197963Z Using cached pycparser-2.22-py3-none-any.whl (117 kB)
2025-08-22T15:40:50.8212203Z Using cached pycryptodome-3.23.0-cp37-abi3-manylinux_2_17_x86_64.manylinux2014_x86_64.whl (2.3 MB)
2025-08-22T15:40:50.8241614Z Using cached toml-0.10.2-py2.py3-none-any.whl (16 kB)
2025-08-22T15:40:50.8254948Z Using cached typeguard-4.4.4-py3-none-any.whl (34 kB)
2025-08-22T15:40:50.8268406Z Using cached watchdog-6.0.0-py3-none-manylinux2014_x86_64.whl (79 kB)
2025-08-22T15:40:50.8282040Z Using cached wcwidth-0.2.13-py2.py3-none-any.whl (34 kB)
2025-08-22T15:40:51.2438239Z Installing collected packages: wcwidth, pytz, wrapt, websockets, watchdog, vine, uvloop, urllib3, ujson, tzlocal, tzdata, typing-extensions, tomli_w, tomli, toml, structlog, sniffio, six, shellingham, ruff, rignore, redis, PyYAML, python-multipart, python-dotenv, pygments, pycryptodome, pycparser, psycopg2-binary, psycopg-binary, psutil, prompt-toolkit, port-for, pluggy, platformdirs, pathspec, packaging, orjson, numpy, nr-stream, nr-date, mypy-extensions, multimethod, mdurl, MarkupSafe, jmespath, itsdangerous, iniconfig, imapclient, idna, httptools, h11, greenlet, et-xmlfile, docstring-parser, dnspython, coverage, click, charset_normalizer, certifi, billiard, asyncpg, annotated-types, yapf, vulture, uvicorn, typing-inspection, typing-inspect, types-requests, typeguard, typeapi, sqlalchemy, sentry-sdk, requests, python-dateutil, pytest, pydantic-core, psycopg, openpyxl, mypy, mirakuru, markdown-it-py, Mako, Jinja2, httpcore, email-validator, Deprecated, click-repl, click-plugins, click-didyoumean, cffi, black, apscheduler, anyio, amqp, watchfiles, starlette, rich, pytest-postgresql, pytest-cov, pytest-asyncio, pydantic, pandas, nr-util, kombu, httpx, docker, databind, botocore, argon2-cffi-bindings, alembic, typer, testcontainers, s3transfer, rich-toolkit, respx, python-telegram-bot, pydantic-settings, pydantic-extra-types, pandera, fastapi, databind.json, databind.core, celery, asgi-correlation-id, argon2-cffi, minio, fastapi-limiter, fastapi-cloud-cli, fastapi-cli, docspec, boto3, docspec-python, pydoc-markdown
2025-08-22T15:41:08.1417466Z 
2025-08-22T15:41:08.1484938Z Successfully installed Deprecated-1.2.18 Jinja2-3.1.6 Mako-1.3.10 MarkupSafe-3.0.2 PyYAML-6.0.2 alembic-1.16.4 amqp-5.3.1 annotated-types-0.7.0 anyio-4.10.0 apscheduler-3.10.4 argon2-cffi-25.1.0 argon2-cffi-bindings-25.1.0 asgi-correlation-id-4.3.1 asyncpg-0.30.0 billiard-4.2.1 black-25.1.0 boto3-1.40.15 botocore-1.40.15 celery-5.5.3 certifi-2025.8.3 cffi-1.17.1 charset_normalizer-3.4.3 click-8.2.1 click-didyoumean-0.3.1 click-plugins-1.1.1.2 click-repl-0.3.0 coverage-7.10.4 databind-4.5.2 databind.core-4.5.2 databind.json-4.5.2 dnspython-2.7.0 docker-7.1.0 docspec-2.2.1 docspec-python-2.2.2 docstring-parser-0.11 email-validator-2.2.0 et-xmlfile-2.0.0 fastapi-0.116.1 fastapi-cli-0.0.8 fastapi-cloud-cli-0.1.5 fastapi-limiter-0.1.6 greenlet-3.2.4 h11-0.16.0 httpcore-1.0.9 httptools-0.6.4 httpx-0.28.1 idna-3.10 imapclient-3.0.1 iniconfig-2.1.0 itsdangerous-2.2.0 jmespath-1.0.1 kombu-5.5.4 markdown-it-py-4.0.0 mdurl-0.1.2 minio-7.2.16 mirakuru-2.6.1 multimethod-1.10 mypy-1.17.1 mypy-extensions-1.1.0 nr-date-2.1.0 nr-stream-1.1.5 nr-util-0.8.12 numpy-1.26.4 openpyxl-3.1.5 orjson-3.11.2 packaging-25.0 pandas-2.2.3 pandera-0.19.3 pathspec-0.12.1 platformdirs-4.3.8 pluggy-1.6.0 port-for-0.7.4 prompt-toolkit-3.0.51 psutil-7.0.0 psycopg-3.2.9 psycopg-binary-3.2.9 psycopg2-binary-2.9.10 pycparser-2.22 pycryptodome-3.23.0 pydantic-2.11.7 pydantic-core-2.33.2 pydantic-extra-types-2.10.5 pydantic-settings-2.10.1 pydoc-markdown-4.8.2 pygments-2.19.2 pytest-8.4.1 pytest-asyncio-1.1.0 pytest-cov-6.2.1 pytest-postgresql-7.0.2 python-dateutil-2.9.0.post0 python-dotenv-1.1.1 python-multipart-0.0.20 python-telegram-bot-22.3 pytz-2025.2 redis-6.4.0 requests-2.32.4 respx-0.22.0 rich-14.1.0 rich-toolkit-0.15.0 rignore-0.6.4 ruff-0.9.9 s3transfer-0.13.1 sentry-sdk-2.35.0 shellingham-1.5.4 six-1.17.0 sniffio-1.3.1 sqlalchemy-2.0.43 starlette-0.47.2 structlog-24.1.0 testcontainers-4.12.0 toml-0.10.2 tomli-2.2.1 tomli_w-1.2.0 typeapi-2.2.4 typeguard-4.4.4 typer-0.16.1 types-requests-2.32.4.20250809 typing-extensions-4.14.1 typing-inspect-0.9.0 typing-inspection-0.4.1 tzdata-2025.2 tzlocal-5.3.1 ujson-5.11.0 urllib3-2.5.0 uvicorn-0.35.0 uvloop-0.21.0 vine-5.1.0 vulture-2.10 watchdog-6.0.0 watchfiles-1.1.0 wcwidth-0.2.13 websockets-15.0.1 wrapt-1.17.3 yapf-0.43.0
2025-08-22T15:41:09.6135992Z Collecting keepa==1.3.15
2025-08-22T15:41:09.6151609Z   Using cached keepa-1.3.15-py3-none-any.whl.metadata (11 kB)
2025-08-22T15:41:09.6420734Z Collecting minio==7.1.15
2025-08-22T15:41:09.6436726Z   Using cached minio-7.1.15-py3-none-any.whl.metadata (4.2 kB)
2025-08-22T15:41:09.6463678Z Requirement already satisfied: numpy>=1.9.3 in /opt/hostedtoolcache/Python/3.11.13/x64/lib/python3.11/site-packages (from keepa==1.3.15) (1.26.4)
2025-08-22T15:41:09.6469201Z Requirement already satisfied: requests>=2.2 in /opt/hostedtoolcache/Python/3.11.13/x64/lib/python3.11/site-packages (from keepa==1.3.15) (2.32.4)
2025-08-22T15:41:09.6778857Z Collecting tqdm (from keepa==1.3.15)
2025-08-22T15:41:09.6795470Z   Using cached tqdm-4.67.1-py3-none-any.whl.metadata (57 kB)
2025-08-22T15:41:10.1650667Z Collecting aiohttp (from keepa==1.3.15)
2025-08-22T15:41:10.1667612Z   Using cached aiohttp-3.12.15-cp311-cp311-manylinux_2_17_x86_64.manylinux2014_x86_64.whl.metadata (7.7 kB)
2025-08-22T15:41:10.1699110Z Requirement already satisfied: pandas<=3.0 in /opt/hostedtoolcache/Python/3.11.13/x64/lib/python3.11/site-packages (from keepa==1.3.15) (2.2.3)
2025-08-22T15:41:10.1703687Z Requirement already satisfied: pydantic in /opt/hostedtoolcache/Python/3.11.13/x64/lib/python3.11/site-packages (from keepa==1.3.15) (2.11.7)
2025-08-22T15:41:10.1712611Z Requirement already satisfied: certifi in /opt/hostedtoolcache/Python/3.11.13/x64/lib/python3.11/site-packages (from minio==7.1.15) (2025.8.3)
2025-08-22T15:41:10.1716090Z Requirement already satisfied: urllib3 in /opt/hostedtoolcache/Python/3.11.13/x64/lib/python3.11/site-packages (from minio==7.1.15) (2.5.0)
2025-08-22T15:41:10.1766017Z Requirement already satisfied: python-dateutil>=2.8.2 in /opt/hostedtoolcache/Python/3.11.13/x64/lib/python3.11/site-packages (from pandas<=3.0->keepa==1.3.15) (2.9.0.post0)
2025-08-22T15:41:10.1770552Z Requirement already satisfied: pytz>=2020.1 in /opt/hostedtoolcache/Python/3.11.13/x64/lib/python3.11/site-packages (from pandas<=3.0->keepa==1.3.15) (2025.2)
2025-08-22T15:41:10.1774942Z Requirement already satisfied: tzdata>=2022.7 in /opt/hostedtoolcache/Python/3.11.13/x64/lib/python3.11/site-packages (from pandas<=3.0->keepa==1.3.15) (2025.2)
2025-08-22T15:41:10.1896246Z Requirement already satisfied: six>=1.5 in /opt/hostedtoolcache/Python/3.11.13/x64/lib/python3.11/site-packages (from python-dateutil>=2.8.2->pandas<=3.0->keepa==1.3.15) (1.17.0)
2025-08-22T15:41:10.1914787Z Requirement already satisfied: charset_normalizer<4,>=2 in /opt/hostedtoolcache/Python/3.11.13/x64/lib/python3.11/site-packages (from requests>=2.2->keepa==1.3.15) (3.4.3)
2025-08-22T15:41:10.1919738Z Requirement already satisfied: idna<4,>=2.5 in /opt/hostedtoolcache/Python/3.11.13/x64/lib/python3.11/site-packages (from requests>=2.2->keepa==1.3.15) (3.10)
2025-08-22T15:41:10.2104628Z Collecting aiohappyeyeballs>=2.5.0 (from aiohttp->keepa==1.3.15)
2025-08-22T15:41:10.2119637Z   Using cached aiohappyeyeballs-2.6.1-py3-none-any.whl.metadata (5.9 kB)
2025-08-22T15:41:10.2204905Z Collecting aiosignal>=1.4.0 (from aiohttp->keepa==1.3.15)
2025-08-22T15:41:10.2218676Z   Using cached aiosignal-1.4.0-py3-none-any.whl.metadata (3.7 kB)
2025-08-22T15:41:10.2357377Z Collecting attrs>=17.3.0 (from aiohttp->keepa==1.3.15)
2025-08-22T15:41:10.2370841Z   Using cached attrs-25.3.0-py3-none-any.whl.metadata (10 kB)
2025-08-22T15:41:10.3009867Z Collecting frozenlist>=1.1.1 (from aiohttp->keepa==1.3.15)
2025-08-22T15:41:10.3026877Z   Using cached frozenlist-1.7.0-cp311-cp311-manylinux_2_5_x86_64.manylinux1_x86_64.manylinux_2_17_x86_64.manylinux2014_x86_64.whl.metadata (18 kB)
2025-08-22T15:41:10.5187114Z Collecting multidict<7.0,>=4.5 (from aiohttp->keepa==1.3.15)
2025-08-22T15:41:10.5203052Z   Using cached multidict-6.6.4-cp311-cp311-manylinux2014_x86_64.manylinux_2_17_x86_64.manylinux_2_28_x86_64.whl.metadata (5.3 kB)
2025-08-22T15:41:10.5611581Z Collecting propcache>=0.2.0 (from aiohttp->keepa==1.3.15)
2025-08-22T15:41:10.5629407Z   Using cached propcache-0.3.2-cp311-cp311-manylinux_2_17_x86_64.manylinux2014_x86_64.whl.metadata (12 kB)
2025-08-22T15:41:10.8250268Z Collecting yarl<2.0,>=1.17.0 (from aiohttp->keepa==1.3.15)
2025-08-22T15:41:10.8270977Z   Using cached yarl-1.20.1-cp311-cp311-manylinux_2_17_x86_64.manylinux2014_x86_64.whl.metadata (73 kB)
2025-08-22T15:41:10.8509433Z Requirement already satisfied: typing-extensions>=4.2 in /opt/hostedtoolcache/Python/3.11.13/x64/lib/python3.11/site-packages (from aiosignal>=1.4.0->aiohttp->keepa==1.3.15) (4.14.1)
2025-08-22T15:41:10.8556496Z Requirement already satisfied: annotated-types>=0.6.0 in /opt/hostedtoolcache/Python/3.11.13/x64/lib/python3.11/site-packages (from pydantic->keepa==1.3.15) (0.7.0)
2025-08-22T15:41:10.8561416Z Requirement already satisfied: pydantic-core==2.33.2 in /opt/hostedtoolcache/Python/3.11.13/x64/lib/python3.11/site-packages (from pydantic->keepa==1.3.15) (2.33.2)
2025-08-22T15:41:10.8568305Z Requirement already satisfied: typing-inspection>=0.4.0 in /opt/hostedtoolcache/Python/3.11.13/x64/lib/python3.11/site-packages (from pydantic->keepa==1.3.15) (0.4.1)
2025-08-22T15:41:10.8634001Z Using cached keepa-1.3.15-py3-none-any.whl (38 kB)
2025-08-22T15:41:10.8653067Z Using cached minio-7.1.15-py3-none-any.whl (77 kB)
2025-08-22T15:41:10.8674669Z Using cached aiohttp-3.12.15-cp311-cp311-manylinux_2_17_x86_64.manylinux2014_x86_64.whl (1.7 MB)
2025-08-22T15:41:10.8718186Z Using cached multidict-6.6.4-cp311-cp311-manylinux2014_x86_64.manylinux_2_17_x86_64.manylinux_2_28_x86_64.whl (246 kB)
2025-08-22T15:41:10.8743035Z Using cached yarl-1.20.1-cp311-cp311-manylinux_2_17_x86_64.manylinux2014_x86_64.whl (348 kB)
2025-08-22T15:41:10.8768886Z Using cached aiohappyeyeballs-2.6.1-py3-none-any.whl (15 kB)
2025-08-22T15:41:10.8791272Z Using cached aiosignal-1.4.0-py3-none-any.whl (7.5 kB)
2025-08-22T15:41:10.8813070Z Using cached attrs-25.3.0-py3-none-any.whl (63 kB)
2025-08-22T15:41:10.8835978Z Using cached frozenlist-1.7.0-cp311-cp311-manylinux_2_5_x86_64.manylinux1_x86_64.manylinux_2_17_x86_64.manylinux2014_x86_64.whl (235 kB)
2025-08-22T15:41:10.8860203Z Using cached propcache-0.3.2-cp311-cp311-manylinux_2_17_x86_64.manylinux2014_x86_64.whl (213 kB)
2025-08-22T15:41:10.8884152Z Using cached tqdm-4.67.1-py3-none-any.whl (78 kB)
2025-08-22T15:41:11.0521405Z Installing collected packages: tqdm, propcache, multidict, minio, frozenlist, attrs, aiohappyeyeballs, yarl, aiosignal, aiohttp, keepa
2025-08-22T15:41:11.1219959Z   Attempting uninstall: minio
2025-08-22T15:41:11.1255109Z     Found existing installation: minio 7.2.16
2025-08-22T15:41:11.1289803Z     Uninstalling minio-7.2.16:
2025-08-22T15:41:11.1300010Z       Successfully uninstalled minio-7.2.16
2025-08-22T15:41:11.4550127Z 
2025-08-22T15:41:11.4608739Z Successfully installed aiohappyeyeballs-2.6.1 aiohttp-3.12.15 aiosignal-1.4.0 attrs-25.3.0 frozenlist-1.7.0 keepa-1.3.15 minio-7.1.15 multidict-6.6.4 propcache-0.3.2 tqdm-4.67.1 yarl-1.20.1
2025-08-22T15:41:11.7020080Z ##[group]Run sudo apt-get update
2025-08-22T15:41:11.7020421Z [36;1msudo apt-get update[0m
2025-08-22T15:41:11.7020712Z [36;1msudo apt-get install -y postgresql[0m
2025-08-22T15:41:11.7021205Z [36;1mecho "/usr/lib/postgresql/$(pg_config --version | cut -d' ' -f2 | cut -d'.' -f1,2)/bin" >> $GITHUB_PATH[0m
2025-08-22T15:41:11.7062687Z shell: /usr/bin/bash -e {0}
2025-08-22T15:41:11.7062930Z env:
2025-08-22T15:41:11.7063112Z   PG_USER: postgres
2025-08-22T15:41:11.7063319Z   PG_PASSWORD: pass
2025-08-22T15:41:11.7063510Z   PG_DATABASE: awa
2025-08-22T15:41:11.7063698Z   PG_HOST: localhost
2025-08-22T15:41:11.7063892Z   PG_PORT: 5432
2025-08-22T15:41:11.7064617Z   PG_SYNC_DSN: ***localhost:5432/awa
2025-08-22T15:41:11.7065070Z   PG_ASYNC_DSN: ***localhost:5432/awa
2025-08-22T15:41:11.7065475Z   DATABASE_URL: ***localhost:5432/awa
2025-08-22T15:41:11.7065720Z   DATA_DIR: /tmp/awa-data
2025-08-22T15:41:11.7065927Z   ENABLE_LIVE: 0
2025-08-22T15:41:11.7066110Z   TESTING: 1
2025-08-22T15:41:11.7066408Z   pythonLocation: /opt/hostedtoolcache/Python/3.11.13/x64
2025-08-22T15:41:11.7066815Z   PKG_CONFIG_PATH: /opt/hostedtoolcache/Python/3.11.13/x64/lib/pkgconfig
2025-08-22T15:41:11.7067221Z   Python_ROOT_DIR: /opt/hostedtoolcache/Python/3.11.13/x64
2025-08-22T15:41:11.7067575Z   Python2_ROOT_DIR: /opt/hostedtoolcache/Python/3.11.13/x64
2025-08-22T15:41:11.7067932Z   Python3_ROOT_DIR: /opt/hostedtoolcache/Python/3.11.13/x64
2025-08-22T15:41:11.7068289Z   LD_LIBRARY_PATH: /opt/hostedtoolcache/Python/3.11.13/x64/lib
2025-08-22T15:41:11.7068596Z ##[endgroup]
2025-08-22T15:41:11.7935359Z Get:1 file:/etc/apt/apt-mirrors.txt Mirrorlist [144 B]
2025-08-22T15:41:11.8294600Z Hit:2 http://azure.archive.ubuntu.com/ubuntu noble InRelease
2025-08-22T15:41:11.8355343Z Get:3 http://azure.archive.ubuntu.com/ubuntu noble-updates InRelease [126 kB]
2025-08-22T15:41:11.8390709Z Get:4 http://azure.archive.ubuntu.com/ubuntu noble-backports InRelease [126 kB]
2025-08-22T15:41:11.8404866Z Get:5 http://azure.archive.ubuntu.com/ubuntu noble-security InRelease [126 kB]
2025-08-22T15:41:11.8610416Z Hit:6 https://packages.microsoft.com/repos/azure-cli noble InRelease
2025-08-22T15:41:11.8641080Z Get:7 https://packages.microsoft.com/ubuntu/24.04/prod noble InRelease [3600 B]
2025-08-22T15:41:11.9723225Z Get:8 http://azure.archive.ubuntu.com/ubuntu noble-updates/main amd64 Packages [1352 kB]
2025-08-22T15:41:11.9872639Z Get:9 http://azure.archive.ubuntu.com/ubuntu noble-updates/main Translation-en [269 kB]
2025-08-22T15:41:11.9895582Z Get:10 http://azure.archive.ubuntu.com/ubuntu noble-updates/main amd64 Components [175 kB]
2025-08-22T15:41:11.9916410Z Get:11 http://azure.archive.ubuntu.com/ubuntu noble-updates/universe amd64 Packages [1124 kB]
2025-08-22T15:41:11.9978037Z Get:12 http://azure.archive.ubuntu.com/ubuntu noble-updates/universe Translation-en [288 kB]
2025-08-22T15:41:12.0006650Z Get:13 http://azure.archive.ubuntu.com/ubuntu noble-updates/universe amd64 Components [377 kB]
2025-08-22T15:41:12.0033908Z Get:14 http://azure.archive.ubuntu.com/ubuntu noble-updates/restricted amd64 Packages [1731 kB]
2025-08-22T15:41:12.0140976Z Get:15 http://azure.archive.ubuntu.com/ubuntu noble-updates/restricted Translation-en [384 kB]
2025-08-22T15:41:12.0156271Z Get:16 http://azure.archive.ubuntu.com/ubuntu noble-updates/restricted amd64 Components [212 B]
2025-08-22T15:41:12.0165007Z Get:17 http://azure.archive.ubuntu.com/ubuntu noble-updates/multiverse amd64 Components [940 B]
2025-08-22T15:41:12.0745058Z Get:18 http://azure.archive.ubuntu.com/ubuntu noble-backports/main amd64 Components [7088 B]
2025-08-22T15:41:12.0760813Z Get:19 http://azure.archive.ubuntu.com/ubuntu noble-backports/universe amd64 Components [19.2 kB]
2025-08-22T15:41:12.0771271Z Get:20 http://azure.archive.ubuntu.com/ubuntu noble-backports/restricted amd64 Components [216 B]
2025-08-22T15:41:12.0786163Z Get:21 http://azure.archive.ubuntu.com/ubuntu noble-backports/multiverse amd64 Components [212 B]
2025-08-22T15:41:12.0864133Z Get:22 http://azure.archive.ubuntu.com/ubuntu noble-security/main amd64 Packages [1083 kB]
2025-08-22T15:41:12.0942032Z Get:23 http://azure.archive.ubuntu.com/ubuntu noble-security/main Translation-en [187 kB]
2025-08-22T15:41:12.0950672Z Get:24 http://azure.archive.ubuntu.com/ubuntu noble-security/main amd64 Components [21.6 kB]
2025-08-22T15:41:12.0985252Z Get:25 http://azure.archive.ubuntu.com/ubuntu noble-security/universe amd64 Packages [881 kB]
2025-08-22T15:41:12.1023913Z Get:26 http://azure.archive.ubuntu.com/ubuntu noble-security/universe Translation-en [195 kB]
2025-08-22T15:41:12.1052719Z Get:27 http://azure.archive.ubuntu.com/ubuntu noble-security/universe amd64 Components [52.2 kB]
2025-08-22T15:41:12.1065074Z Get:28 http://azure.archive.ubuntu.com/ubuntu noble-security/restricted amd64 Packages [1631 kB]
2025-08-22T15:41:12.1156793Z Get:29 http://azure.archive.ubuntu.com/ubuntu noble-security/restricted Translation-en [361 kB]
2025-08-22T15:41:12.1175917Z Get:30 http://azure.archive.ubuntu.com/ubuntu noble-security/restricted amd64 Components [212 B]
2025-08-22T15:41:12.1187747Z Get:31 http://azure.archive.ubuntu.com/ubuntu noble-security/multiverse amd64 Components [212 B]
2025-08-22T15:41:12.1905096Z Get:32 https://packages.microsoft.com/ubuntu/24.04/prod noble/main arm64 Packages [33.2 kB]
2025-08-22T15:41:12.1942073Z Get:33 https://packages.microsoft.com/ubuntu/24.04/prod noble/main armhf Packages [9870 B]
2025-08-22T15:41:12.2054199Z Get:34 https://packages.microsoft.com/ubuntu/24.04/prod noble/main amd64 Packages [48.6 kB]
2025-08-22T15:41:16.4951361Z Fetched 10.6 MB in 1s (8380 kB/s)
2025-08-22T15:41:17.3078251Z Reading package lists...
2025-08-22T15:41:17.3410193Z Reading package lists...
2025-08-22T15:41:17.5495057Z Building dependency tree...
2025-08-22T15:41:17.5503324Z Reading state information...
2025-08-22T15:41:17.7453207Z Suggested packages:
2025-08-22T15:41:17.7453510Z   postgresql-doc
2025-08-22T15:41:17.7635117Z The following NEW packages will be installed:
2025-08-22T15:41:17.7635662Z   postgresql
2025-08-22T15:41:17.7820839Z 0 upgraded, 1 newly installed, 0 to remove and 25 not upgraded.
2025-08-22T15:41:17.7821498Z Need to get 11.6 kB of archives.
2025-08-22T15:41:17.7821884Z After this operation, 17.4 kB of additional disk space will be used.
2025-08-22T15:41:17.7822299Z Get:1 file:/etc/apt/apt-mirrors.txt Mirrorlist [144 B]
2025-08-22T15:41:17.8312915Z Get:2 http://azure.archive.ubuntu.com/ubuntu noble-updates/main amd64 postgresql all 16+257build1.1 [11.6 kB]
2025-08-22T15:41:18.1019472Z Fetched 11.6 kB in 0s (193 kB/s)
2025-08-22T15:41:18.1245625Z Selecting previously unselected package postgresql.
2025-08-22T15:41:18.1445808Z (Reading database ... 
2025-08-22T15:41:18.1446260Z (Reading database ... 5%
2025-08-22T15:41:18.1446621Z (Reading database ... 10%
2025-08-22T15:41:18.1446884Z (Reading database ... 15%
2025-08-22T15:41:18.1447132Z (Reading database ... 20%
2025-08-22T15:41:18.1447380Z (Reading database ... 25%
2025-08-22T15:41:18.1447624Z (Reading database ... 30%
2025-08-22T15:41:18.1448145Z (Reading database ... 35%
2025-08-22T15:41:18.1448907Z (Reading database ... 40%
2025-08-22T15:41:18.1449308Z (Reading database ... 45%
2025-08-22T15:41:18.1450090Z (Reading database ... 50%
2025-08-22T15:41:18.1571567Z (Reading database ... 55%
2025-08-22T15:41:18.1846237Z (Reading database ... 60%
2025-08-22T15:41:18.2061267Z (Reading database ... 65%
2025-08-22T15:41:18.2245964Z (Reading database ... 70%
2025-08-22T15:41:18.2418710Z (Reading database ... 75%
2025-08-22T15:41:18.2685664Z (Reading database ... 80%
2025-08-22T15:41:18.3163769Z (Reading database ... 85%
2025-08-22T15:41:18.3578311Z (Reading database ... 90%
2025-08-22T15:41:18.4156653Z (Reading database ... 95%
2025-08-22T15:41:18.4157171Z (Reading database ... 100%
2025-08-22T15:41:18.4157787Z (Reading database ... 219830 files and directories currently installed.)
2025-08-22T15:41:18.4204233Z Preparing to unpack .../postgresql_16+257build1.1_all.deb ...
2025-08-22T15:41:18.4255595Z Unpacking postgresql (16+257build1.1) ...
2025-08-22T15:41:18.4623536Z Setting up postgresql (16+257build1.1) ...
2025-08-22T15:41:19.0839784Z 
2025-08-22T15:41:19.0840399Z Running kernel seems to be up-to-date.
2025-08-22T15:41:19.0840787Z 
2025-08-22T15:41:19.0840902Z Restarting services...
2025-08-22T15:41:19.0913028Z 
2025-08-22T15:41:19.0913429Z Service restarts being deferred:
2025-08-22T15:41:19.0915317Z  systemctl restart hosted-compute-agent.service
2025-08-22T15:41:19.0915674Z 
2025-08-22T15:41:19.0915872Z No containers need to be restarted.
2025-08-22T15:41:19.0916164Z 
2025-08-22T15:41:19.0916358Z No user sessions are running outdated binaries.
2025-08-22T15:41:19.0916682Z 
2025-08-22T15:41:19.0916988Z No VM guests are running outdated hypervisor (qemu) binaries on this host.
2025-08-22T15:41:20.1321414Z ##[group]Run pytest tests/migrations/test_migration_roundtrip.py -q -m integration --cov=services --cov-append --cov-fail-under=0 -o addopts=''
2025-08-22T15:41:20.1322372Z [36;1mpytest tests/migrations/test_migration_roundtrip.py -q -m integration --cov=services --cov-append --cov-fail-under=0 -o addopts=''[0m
2025-08-22T15:41:20.1363454Z shell: /usr/bin/bash -e {0}
2025-08-22T15:41:20.1363711Z env:
2025-08-22T15:41:20.1363891Z   PG_USER: postgres
2025-08-22T15:41:20.1364102Z   PG_PASSWORD: pass
2025-08-22T15:41:20.1364289Z   PG_DATABASE: awa
2025-08-22T15:41:20.1364658Z   PG_HOST: localhost
2025-08-22T15:41:20.1364861Z   PG_PORT: 5432
2025-08-22T15:41:20.1365335Z   PG_SYNC_DSN: ***localhost:5432/awa
2025-08-22T15:41:20.1365762Z   PG_ASYNC_DSN: ***localhost:5432/awa
2025-08-22T15:41:20.1366152Z   DATABASE_URL: ***localhost:5432/awa
2025-08-22T15:41:20.1366395Z   DATA_DIR: /tmp/awa-data
2025-08-22T15:41:20.1366610Z   ENABLE_LIVE: 0
2025-08-22T15:41:20.1366793Z   TESTING: 1
2025-08-22T15:41:20.1367065Z   pythonLocation: /opt/hostedtoolcache/Python/3.11.13/x64
2025-08-22T15:41:20.1367471Z   PKG_CONFIG_PATH: /opt/hostedtoolcache/Python/3.11.13/x64/lib/pkgconfig
2025-08-22T15:41:20.1367862Z   Python_ROOT_DIR: /opt/hostedtoolcache/Python/3.11.13/x64
2025-08-22T15:41:20.1368212Z   Python2_ROOT_DIR: /opt/hostedtoolcache/Python/3.11.13/x64
2025-08-22T15:41:20.1368564Z   Python3_ROOT_DIR: /opt/hostedtoolcache/Python/3.11.13/x64
2025-08-22T15:41:20.1368924Z   LD_LIBRARY_PATH: /opt/hostedtoolcache/Python/3.11.13/x64/lib
2025-08-22T15:41:20.1369217Z ##[endgroup]
2025-08-22T15:41:22.0015190Z s                                                                        [100%]
2025-08-22T15:41:22.0016086Z ================================ tests coverage ================================
2025-08-22T15:41:22.0016816Z _______________ coverage: platform linux, python 3.11.13-final-0 _______________
2025-08-22T15:41:22.0017371Z 
2025-08-22T15:41:22.0017621Z Name                                                       Stmts   Miss  Cover
2025-08-22T15:41:22.0018260Z ------------------------------------------------------------------------------
2025-08-22T15:41:22.0018959Z services/__init__.py                                           0      0   100%
2025-08-22T15:41:22.0019838Z services/alert_bot/__init__.py                                 0      0   100%
2025-08-22T15:41:22.0020649Z services/alert_bot/alert_bot.py                               22     22     0%
2025-08-22T15:41:22.0021604Z services/alert_bot/rules/__init__.py                          63     63     0%
2025-08-22T15:41:22.0022169Z services/api/__init__.py                                       0      0   100%
2025-08-22T15:41:22.0022635Z services/api/config.py                                        24     24     0%
2025-08-22T15:41:22.0023083Z services/api/db.py                                            16     16     0%
2025-08-22T15:41:22.0023525Z services/api/errors.py                                        39     39     0%
2025-08-22T15:41:22.0024016Z services/api/logging_config.py                                15     15     0%
2025-08-22T15:41:22.0024706Z services/api/main.py                                         123    123     0%
2025-08-22T15:41:22.0025201Z services/api/models/__init__.py                                0      0   100%
2025-08-22T15:41:22.0025704Z services/api/models/fee.py                                    11     11     0%
2025-08-22T15:41:22.0026212Z services/api/roi_repository.py                                21     21     0%
2025-08-22T15:41:22.0026715Z services/api/routes/__init__.py                                0      0   100%
2025-08-22T15:41:22.0027222Z services/api/routes/health.py                                 19     19     0%
2025-08-22T15:41:22.0027751Z services/api/routes/repository.py                             16     16     0%
2025-08-22T15:41:22.0028265Z services/api/routes/roi.py                                    77     77     0%
2025-08-22T15:41:22.0028968Z services/api/routes/score.py                                  56     56     0%
2025-08-22T15:41:22.0029495Z services/api/routes/stats.py                                  49     49     0%
2025-08-22T15:41:22.0029996Z services/api/security.py                                      10     10     0%
2025-08-22T15:41:22.0030495Z services/api/sentry_config.py                                 65     65     0%
2025-08-22T15:41:22.0030987Z services/common/__init__.py                                    4      0   100%
2025-08-22T15:41:22.0031472Z services/common/base.py                                        3      0   100%
2025-08-22T15:41:22.0031959Z services/common/config.py                                      4      4     0%
2025-08-22T15:41:22.0032425Z services/common/db.py                                         34     34     0%
2025-08-22T15:41:22.0032836Z services/common/db_url.py                                      4      4     0%
2025-08-22T15:41:22.0033248Z services/common/dsn.py                                        49     37    24%
2025-08-22T15:41:22.0033648Z services/common/keepa.py                                       7      4    43%
2025-08-22T15:41:22.0034041Z services/common/llm.py                                        65     65     0%
2025-08-22T15:41:22.0034712Z services/common/models_vendor.py                              24      0   100%
2025-08-22T15:41:22.0035149Z services/common/settings.py                                   20     20     0%
2025-08-22T15:41:22.0035543Z services/db/__init__.py                                        0      0   100%
2025-08-22T15:41:22.0035915Z services/db/utils/__init__.py                                  0      0   100%
2025-08-22T15:41:22.0036317Z services/db/utils/views.py                                     5      5     0%
2025-08-22T15:41:22.0036706Z services/emailer/__init__.py                                   4      4     0%
2025-08-22T15:41:22.0037112Z services/emailer/generate_body.py                              3      3     0%
2025-08-22T15:41:22.0037514Z services/etl/__init__.py                                       9      9     0%
2025-08-22T15:41:22.0037867Z services/etl/db.py                                             2      2     0%
2025-08-22T15:41:22.0038248Z services/etl/dialects/__init__.py                              9      9     0%
2025-08-22T15:41:22.0038671Z services/etl/dialects/amazon_ads_sp_cost.py                   31     31     0%
2025-08-22T15:41:22.0039127Z services/etl/dialects/amazon_fee_preview.py                   30     30     0%
2025-08-22T15:41:22.0039743Z services/etl/dialects/amazon_inventory_ledger.py              28     28     0%
2025-08-22T15:41:22.0040213Z services/etl/dialects/amazon_reimbursements.py                16     16     0%
2025-08-22T15:41:22.0040669Z services/etl/dialects/amazon_returns.py                       16     16     0%
2025-08-22T15:41:22.0041123Z services/etl/dialects/amazon_settlements.py                   27     27     0%
2025-08-22T15:41:22.0041570Z services/etl/dialects/schemas.py                              25     25     0%
2025-08-22T15:41:22.0042019Z services/etl/dialects/test_generic.py                         15     15     0%
2025-08-22T15:41:22.0042435Z services/etl/fba_fee_ingestor.py                              33     33     0%
2025-08-22T15:41:22.0042846Z services/etl/healthcheck.py                                   27     27     0%
2025-08-22T15:41:22.0043257Z services/etl/keepa_ingestor.py                                47     47     0%
2025-08-22T15:41:22.0043684Z services/etl/sp_fees_ingestor.py                              39     39     0%
2025-08-22T15:41:22.0044082Z services/fees_h10/__init__.py                                  0      0   100%
2025-08-22T15:41:22.0044609Z services/fees_h10/client.py                                   12     12     0%
2025-08-22T15:41:22.0045036Z services/fees_h10/repository.py                               39     39     0%
2025-08-22T15:41:22.0045438Z services/fees_h10/worker.py                                   47     47     0%
2025-08-22T15:41:22.0045963Z services/ingest/__init__.py                                    0      0   100%
2025-08-22T15:41:22.0046377Z services/ingest/celery_app.py                                 32     32     0%
2025-08-22T15:41:22.0046804Z services/ingest/copy_loader.py                                57     57     0%
2025-08-22T15:41:22.0047231Z services/ingest/email_watcher.py                              50     50     0%
2025-08-22T15:41:22.0047661Z services/ingest/healthcheck.py                                40     40     0%
2025-08-22T15:41:22.0048096Z services/ingest/ingest_router.py                               8      8     0%
2025-08-22T15:41:22.0048527Z services/ingest/maintenance.py                                31     31     0%
2025-08-22T15:41:22.0048981Z services/ingest/tasks.py                                      56     56     0%
2025-08-22T15:41:22.0049390Z services/ingest/upload_router.py                              22     22     0%
2025-08-22T15:41:22.0049805Z services/llm_server/__init__.py                                0      0   100%
2025-08-22T15:41:22.0050207Z services/llm_server/app.py                                    22     22     0%
2025-08-22T15:41:22.0050612Z services/logistics_etl/__init__.py                             0      0   100%
2025-08-22T15:41:22.0051024Z services/logistics_etl/__main__.py                             7      7     0%
2025-08-22T15:41:22.0051440Z services/logistics_etl/client.py                              20     20     0%
2025-08-22T15:41:22.0051866Z services/logistics_etl/cron.py                                11     11     0%
2025-08-22T15:41:22.0052274Z services/logistics_etl/db.py                                  13     13     0%
2025-08-22T15:41:22.0052676Z services/logistics_etl/dsn.py                                 33     33     0%
2025-08-22T15:41:22.0053086Z services/logistics_etl/flow.py                                14     14     0%
2025-08-22T15:41:22.0053517Z services/logistics_etl/repository.py                          50     50     0%
2025-08-22T15:41:22.0053956Z services/price_importer/__init__.py                            1      1     0%
2025-08-22T15:41:22.0054588Z services/price_importer/common/__init__.py                     2      2     0%
2025-08-22T15:41:22.0055086Z services/price_importer/common/base.py                         2      2     0%
2025-08-22T15:41:22.0055529Z services/price_importer/common/db_url.py                       6      6     0%
2025-08-22T15:41:22.0055972Z services/price_importer/common/models_vendor.py               22     22     0%
2025-08-22T15:41:22.0056577Z services/price_importer/import.py                             21     21     0%
2025-08-22T15:41:22.0057010Z services/price_importer/normaliser.py                         20     20     0%
2025-08-22T15:41:22.0057441Z services/price_importer/reader.py                             30     30     0%
2025-08-22T15:41:22.0057876Z services/price_importer/repository.py                         38     38     0%
2025-08-22T15:41:22.0058322Z services/price_importer/services_common/__init__.py            4      4     0%
2025-08-22T15:41:22.0058774Z services/price_importer/services_common/base.py                3      3     0%
2025-08-22T15:41:22.0059212Z services/price_importer/services_common/db.py                 34     34     0%
2025-08-22T15:41:22.0059658Z services/price_importer/services_common/db_url.py              4      4     0%
2025-08-22T15:41:22.0060102Z services/price_importer/services_common/dsn.py                27     27     0%
2025-08-22T15:41:22.0060557Z services/price_importer/services_common/keepa.py               7      7     0%
2025-08-22T15:41:22.0061009Z services/price_importer/services_common/llm.py                36     36     0%
2025-08-22T15:41:22.0061464Z services/price_importer/services_common/models_vendor.py      22     22     0%
2025-08-22T15:41:22.0061919Z services/price_importer/services_common/settings.py           19     19     0%
2025-08-22T15:41:22.0062339Z services/repricer/__init__.py                                  0      0   100%
2025-08-22T15:41:22.0062858Z services/repricer/app/__init__.py                              0      0   100%
2025-08-22T15:41:22.0063281Z services/repricer/app/deps.py                                  0      0   100%
2025-08-22T15:41:22.0063700Z services/repricer/app/logic.py                                 5      5     0%
2025-08-22T15:41:22.0064117Z services/repricer/app/main.py                                 20     20     0%
2025-08-22T15:41:22.0064673Z services/repricer/app/schemas.py                              10     10     0%
2025-08-22T15:41:22.0065080Z ------------------------------------------------------------------------------
2025-08-22T15:41:22.0065405Z TOTAL                                                       2103   2057     2%
2025-08-22T15:41:22.2026067Z 1 skipped in 0.42s
2025-08-22T15:41:22.4322487Z ##[group]Run actions/upload-artifact@v4
2025-08-22T15:41:22.4322920Z with:
2025-08-22T15:41:22.4323190Z   name: coverage.integration
2025-08-22T15:41:22.4323589Z   path: .coverage
2025-08-22T15:41:22.4323878Z   if-no-files-found: warn
2025-08-22T15:41:22.4324260Z   compression-level: 6
2025-08-22T15:41:22.4324791Z   overwrite: false
2025-08-22T15:41:22.4325093Z   include-hidden-files: false
2025-08-22T15:41:22.4325440Z env:
2025-08-22T15:41:22.4325714Z   PG_USER: postgres
2025-08-22T15:41:22.4325997Z   PG_PASSWORD: pass
2025-08-22T15:41:22.4326356Z   PG_DATABASE: awa
2025-08-22T15:41:22.4326610Z   PG_HOST: localhost
2025-08-22T15:41:22.4326917Z   PG_PORT: 5432
2025-08-22T15:41:22.4327543Z   PG_SYNC_DSN: ***localhost:5432/awa
2025-08-22T15:41:22.4328065Z   PG_ASYNC_DSN: ***localhost:5432/awa
2025-08-22T15:41:22.4328629Z   DATABASE_URL: ***localhost:5432/awa
2025-08-22T15:41:22.4328970Z   DATA_DIR: /tmp/awa-data
2025-08-22T15:41:22.4329260Z   ENABLE_LIVE: 0
2025-08-22T15:41:22.4329698Z   TESTING: 1
2025-08-22T15:41:22.4330025Z   pythonLocation: /opt/hostedtoolcache/Python/3.11.13/x64
2025-08-22T15:41:22.4330587Z   PKG_CONFIG_PATH: /opt/hostedtoolcache/Python/3.11.13/x64/lib/pkgconfig
2025-08-22T15:41:22.4331072Z   Python_ROOT_DIR: /opt/hostedtoolcache/Python/3.11.13/x64
2025-08-22T15:41:22.4331552Z   Python2_ROOT_DIR: /opt/hostedtoolcache/Python/3.11.13/x64
2025-08-22T15:41:22.4332051Z   Python3_ROOT_DIR: /opt/hostedtoolcache/Python/3.11.13/x64
2025-08-22T15:41:22.4332497Z   LD_LIBRARY_PATH: /opt/hostedtoolcache/Python/3.11.13/x64/lib
2025-08-22T15:41:22.4332942Z ##[endgroup]
2025-08-22T15:41:22.6582716Z ##[warning]No files were found with the provided path: .coverage. No artifacts will be uploaded.
2025-08-22T15:41:22.7220229Z Post job cleanup.
2025-08-22T15:41:22.8553593Z Cache hit occurred on the primary key Linux-int-cc13ccef493b9f3a93ad5651164d9fb09282c1111f6f72ce20e0657de16de6b4, not saving cache.
2025-08-22T15:41:22.8639799Z Post job cleanup.
2025-08-22T15:41:23.0158542Z Cache hit occurred on the primary key setup-python-Linux-x64-24.04-Ubuntu-python-3.11.13-pip-cc13ccef493b9f3a93ad5651164d9fb09282c1111f6f72ce20e0657de16de6b4, not saving cache.
2025-08-22T15:41:23.0253811Z Post job cleanup.
2025-08-22T15:41:23.1081953Z [command]/usr/bin/git version
2025-08-22T15:41:23.1118642Z git version 2.51.0
2025-08-22T15:41:23.1156802Z Temporarily overriding HOME='/home/runner/work/_temp/4980955a-8b01-4c57-949f-aca6b223b0be' before making global git config changes
2025-08-22T15:41:23.1157864Z Adding repository directory to the temporary git global config as a safe directory
2025-08-22T15:41:23.1162837Z [command]/usr/bin/git config --global --add safe.directory /home/runner/work/AWA-App/AWA-App
2025-08-22T15:41:23.1203904Z [command]/usr/bin/git config --local --name-only --get-regexp core\.sshCommand
2025-08-22T15:41:23.1239661Z [command]/usr/bin/git submodule foreach --recursive sh -c "git config --local --name-only --get-regexp 'core\.sshCommand' && git config --local --unset-all 'core.sshCommand' || :"
2025-08-22T15:41:23.1471562Z [command]/usr/bin/git config --local --name-only --get-regexp http\.https\:\/\/github\.com\/\.extraheader
2025-08-22T15:41:23.1495959Z http.https://github.com/.extraheader
2025-08-22T15:41:23.1506909Z [command]/usr/bin/git config --local --unset-all http.https://github.com/.extraheader
2025-08-22T15:41:23.1539857Z [command]/usr/bin/git submodule foreach --recursive sh -c "git config --local --name-only --get-regexp 'http\.https\:\/\/github\.com\/\.extraheader' && git config --local --unset-all 'http.https://github.com/.extraheader' || :"
2025-08-22T15:41:23.1890458Z Print service container logs: c768a6d16daa4ea98f1ba41b402ab3d1_postgres15_3d3e32
2025-08-22T15:41:23.1895418Z ##[command]/usr/bin/docker logs --details b807d971cbb7f9c50d54537243afd215438985ce463276f35f9f51ebf8195df4
2025-08-22T15:41:23.2026090Z  initdb: warning: enabling "trust" authentication for local connections
2025-08-22T15:41:23.2026980Z  The files belonging to this database system will be owned by user "postgres".
2025-08-22T15:41:23.2027654Z  This user must also own the server process.
2025-08-22T15:41:23.2028065Z  
2025-08-22T15:41:23.2028483Z  The database cluster will be initialized with locale "en_US.utf8".
2025-08-22T15:41:23.2029173Z  The default database encoding has accordingly been set to "UTF8".
2025-08-22T15:41:23.2029832Z  The default text search configuration will be set to "english".
2025-08-22T15:41:23.2030340Z  
2025-08-22T15:41:23.2030627Z  Data page checksums are disabled.
2025-08-22T15:41:23.2031003Z  
2025-08-22T15:41:23.2031517Z  fixing permissions on existing directory /var/lib/postgresql/data ... ok
2025-08-22T15:41:23.2032082Z  creating subdirectories ... ok
2025-08-22T15:41:23.2032539Z  selecting dynamic shared memory implementation ... posix
2025-08-22T15:41:23.2033065Z  selecting default max_connections ... 100
2025-08-22T15:41:23.2033517Z  selecting default shared_buffers ... 128MB
2025-08-22T15:41:23.2033957Z  selecting default time zone ... Etc/UTC
2025-08-22T15:41:23.2034552Z  creating configuration files ... ok
2025-08-22T15:41:23.2034965Z  running bootstrap script ... ok
2025-08-22T15:41:23.2035405Z  performing post-bootstrap initialization ... ok
2025-08-22T15:41:23.2035867Z  syncing data to disk ... ok
2025-08-22T15:41:23.2036189Z  
2025-08-22T15:41:23.2036424Z  
2025-08-22T15:41:23.2036759Z  Success. You can now start the database server using:
2025-08-22T15:41:23.2037217Z  
2025-08-22T15:41:23.2037563Z      pg_ctl -D /var/lib/postgresql/data -l logfile start
2025-08-22T15:41:23.2037985Z  
2025-08-22T15:41:23.2038815Z  waiting for server to start....2025-08-22 15:40:25.882 UTC [48] LOG:  starting PostgreSQL 15.14 (Debian 15.14-1.pgdg13+1) on x86_64-pc-linux-gnu, compiled by gcc (Debian 14.2.0-19) 14.2.0, 64-bit
2025-08-22T15:41:23.2040397Z  2025-08-22 15:40:25.883 UTC [48] LOG:  listening on Unix socket "/var/run/postgresql/.s.PGSQL.5432"
2025-08-22T15:41:23.2041225Z  2025-08-22 15:40:25.886 UTC [51] LOG:  database system was shut down at 2025-08-22 15:40:25 UTC
2025-08-22T15:41:23.2041936Z  2025-08-22 15:40:25.890 UTC [48] LOG:  database system is ready to accept connections
2025-08-22T15:41:23.2042649Z   done
2025-08-22T15:41:23.2042923Z  server started
2025-08-22T15:41:23.2043216Z  CREATE DATABASE
2025-08-22T15:41:23.2043485Z  
2025-08-22T15:41:23.2043737Z  
2025-08-22T15:41:23.2044276Z  /usr/local/bin/docker-entrypoint.sh: ignoring /docker-entrypoint-initdb.d/*
2025-08-22T15:41:23.2044914Z  
2025-08-22T15:41:23.2045161Z  2025-08-22 15:40:26.072 UTC [48] LOG:  received fast shutdown request
2025-08-22T15:41:23.2045661Z  waiting for server to shut down....2025-08-22 15:40:26.073 UTC [48] LOG:  aborting any active transactions
2025-08-22T15:41:23.2046266Z  2025-08-22 15:40:26.074 UTC [48] LOG:  background worker "logical replication launcher" (PID 54) exited with exit code 1
2025-08-22T15:41:23.2046739Z  2025-08-22 15:40:26.074 UTC [49] LOG:  shutting down
2025-08-22T15:41:23.2047085Z  2025-08-22 15:40:26.075 UTC [49] LOG:  checkpoint starting: shutdown immediate
2025-08-22T15:41:23.2047919Z  2025-08-22 15:40:26.093 UTC [49] LOG:  checkpoint complete: wrote 922 buffers (5.6%); 0 WAL file(s) added, 0 removed, 0 recycled; write=0.014 s, sync=0.003 s, total=0.019 s; sync files=301, longest=0.001 s, average=0.001 s; distance=4239 kB, estimate=4239 kB
2025-08-22T15:41:23.2048728Z  2025-08-22 15:40:26.099 UTC [48] LOG:  database system is shut down
2025-08-22T15:41:23.2049019Z   done
2025-08-22T15:41:23.2049181Z  server stopped
2025-08-22T15:41:23.2049360Z  
2025-08-22T15:41:23.2049580Z  PostgreSQL init process complete; ready for start up.
2025-08-22T15:41:23.2050107Z  
2025-08-22T15:41:23.2050592Z  initdb: hint: You can change this by editing pg_hba.conf or using the option -A, or --auth-local and --auth-host, the next time you run initdb.
2025-08-22T15:41:23.2051412Z  2025-08-22 15:40:26.191 UTC [1] LOG:  starting PostgreSQL 15.14 (Debian 15.14-1.pgdg13+1) on x86_64-pc-linux-gnu, compiled by gcc (Debian 14.2.0-19) 14.2.0, 64-bit
2025-08-22T15:41:23.2052032Z  2025-08-22 15:40:26.192 UTC [1] LOG:  listening on IPv4 address "0.0.0.0", port 5432
2025-08-22T15:41:23.2052445Z  2025-08-22 15:40:26.192 UTC [1] LOG:  listening on IPv6 address "::", port 5432
2025-08-22T15:41:23.2052899Z  2025-08-22 15:40:26.193 UTC [1] LOG:  listening on Unix socket "/var/run/postgresql/.s.PGSQL.5432"
2025-08-22T15:41:23.2053385Z  2025-08-22 15:40:26.196 UTC [64] LOG:  database system was shut down at 2025-08-22 15:40:26 UTC
2025-08-22T15:41:23.2053836Z  2025-08-22 15:40:26.200 UTC [1] LOG:  database system is ready to accept connections
2025-08-22T15:41:23.2060589Z Stop and remove container: c768a6d16daa4ea98f1ba41b402ab3d1_postgres15_3d3e32
2025-08-22T15:41:23.2065696Z ##[command]/usr/bin/docker rm --force b807d971cbb7f9c50d54537243afd215438985ce463276f35f9f51ebf8195df4
2025-08-22T15:41:24.7853409Z b807d971cbb7f9c50d54537243afd215438985ce463276f35f9f51ebf8195df4
2025-08-22T15:41:24.7883624Z Remove container network: github_network_bd75644657d2470ea8d26f5f1939ee7f
2025-08-22T15:41:24.7888482Z ##[command]/usr/bin/docker network rm github_network_bd75644657d2470ea8d26f5f1939ee7f
2025-08-22T15:41:24.8980975Z github_network_bd75644657d2470ea8d26f5f1939ee7f
2025-08-22T15:41:24.9040996Z Cleaning up orphan processes
