2025-08-19T09:36:16.4969686Z Current runner version: '2.327.1'
2025-08-19T09:36:16.4993963Z ##[group]Runner Image Provisioner
2025-08-19T09:36:16.4994715Z Hosted Compute Agent
2025-08-19T09:36:16.4995334Z Version: 20250818.377
2025-08-19T09:36:16.4995991Z Commit: 3c593e9f75fe0b87e893bca80d6e12ba089c61fc
2025-08-19T09:36:16.4996671Z Build Date: 2025-08-18T14:52:18Z
2025-08-19T09:36:16.4997670Z ##[endgroup]
2025-08-19T09:36:16.4998185Z ##[group]Operating System
2025-08-19T09:36:16.4998740Z Ubuntu
2025-08-19T09:36:16.4999156Z 24.04.2
2025-08-19T09:36:16.4999691Z LTS
2025-08-19T09:36:16.5000139Z ##[endgroup]
2025-08-19T09:36:16.5000602Z ##[group]Runner Image
2025-08-19T09:36:16.5001196Z Image: ubuntu-24.04
2025-08-19T09:36:16.5001654Z Version: 20250810.1.0
2025-08-19T09:36:16.5002613Z Included Software: https://github.com/actions/runner-images/blob/ubuntu24/20250810.1/images/ubuntu/Ubuntu2404-Readme.md
2025-08-19T09:36:16.5004181Z Image Release: https://github.com/actions/runner-images/releases/tag/ubuntu24%2F20250810.1
2025-08-19T09:36:16.5005095Z ##[endgroup]
2025-08-19T09:36:16.5007913Z ##[group]GITHUB_TOKEN Permissions
2025-08-19T09:36:16.5009847Z Actions: write
2025-08-19T09:36:16.5010491Z Attestations: write
2025-08-19T09:36:16.5011038Z Checks: write
2025-08-19T09:36:16.5011479Z Contents: write
2025-08-19T09:36:16.5012021Z Deployments: write
2025-08-19T09:36:16.5012497Z Discussions: write
2025-08-19T09:36:16.5012986Z Issues: write
2025-08-19T09:36:16.5013450Z Metadata: read
2025-08-19T09:36:16.5014041Z Models: read
2025-08-19T09:36:16.5014493Z Packages: write
2025-08-19T09:36:16.5015015Z Pages: write
2025-08-19T09:36:16.5015478Z PullRequests: write
2025-08-19T09:36:16.5015999Z RepositoryProjects: write
2025-08-19T09:36:16.5016578Z SecurityEvents: write
2025-08-19T09:36:16.5017376Z Statuses: write
2025-08-19T09:36:16.5017872Z ##[endgroup]
2025-08-19T09:36:16.5019788Z Secret source: Actions
2025-08-19T09:36:16.5020590Z Prepare workflow directory
2025-08-19T09:36:16.5611626Z Prepare all required actions
2025-08-19T09:36:16.5669361Z Getting action download info
2025-08-19T09:36:16.9042506Z Download action repository 'actions/checkout@v4' (SHA:08eba0b27e820071cde6df949e0beb9ba4906955)
2025-08-19T09:36:17.1826429Z Download action repository 'actions/setup-python@v5' (SHA:a26af69be951a213d495a4c3e4e4022e16d87065)
2025-08-19T09:36:17.4840322Z Download action repository 'actions/cache@v4' (SHA:0400d5f644dc74513175e3cd8d07132dd4860809)
2025-08-19T09:36:17.7838110Z Download action repository 'actions/upload-artifact@v4' (SHA:ea165f8d65b6e75b540449e92b4886f43607fa02)
2025-08-19T09:36:18.0039759Z Complete job name: integration-db
2025-08-19T09:36:18.0587329Z ##[group]Checking docker version
2025-08-19T09:36:18.0602875Z ##[command]/usr/bin/docker version --format '{{.Server.APIVersion}}'
2025-08-19T09:36:18.1106237Z '1.48'
2025-08-19T09:36:18.1118976Z Docker daemon API version: '1.48'
2025-08-19T09:36:18.1120346Z ##[command]/usr/bin/docker version --format '{{.Client.APIVersion}}'
2025-08-19T09:36:18.1274918Z '1.48'
2025-08-19T09:36:18.1288763Z Docker client API version: '1.48'
2025-08-19T09:36:18.1294658Z ##[endgroup]
2025-08-19T09:36:18.1298709Z ##[group]Clean up resources from previous jobs
2025-08-19T09:36:18.1304483Z ##[command]/usr/bin/docker ps --all --quiet --no-trunc --filter "label=7c4bc9"
2025-08-19T09:36:18.1440426Z ##[command]/usr/bin/docker network prune --force --filter "label=7c4bc9"
2025-08-19T09:36:18.1569892Z ##[endgroup]
2025-08-19T09:36:18.1570723Z ##[group]Create local container network
2025-08-19T09:36:18.1581860Z ##[command]/usr/bin/docker network create --label 7c4bc9 github_network_78a7ce781a474110a10990f9b36228bb
2025-08-19T09:36:18.2089066Z 5e2566e62b56d74774136ed6d36b442420168ac5fdd9f95d9dc2ab950c4c7b4e
2025-08-19T09:36:18.2107814Z ##[endgroup]
2025-08-19T09:36:18.2132728Z ##[group]Starting postgres service container
2025-08-19T09:36:18.2153326Z ##[command]/usr/bin/docker pull postgres:15
2025-08-19T09:36:18.4644336Z 15: Pulling from library/postgres
2025-08-19T09:36:18.5393670Z 396b1da7636e: Pulling fs layer
2025-08-19T09:36:18.5395745Z fca2566eba32: Pulling fs layer
2025-08-19T09:36:18.5397560Z 631fe8c6d606: Pulling fs layer
2025-08-19T09:36:18.5399125Z 77c7671c4414: Pulling fs layer
2025-08-19T09:36:18.5400694Z 2d9e29180a27: Pulling fs layer
2025-08-19T09:36:18.5402286Z c6bcc2c9a041: Pulling fs layer
2025-08-19T09:36:18.5403897Z ac4b721eb66f: Pulling fs layer
2025-08-19T09:36:18.5405514Z 606bd164980e: Pulling fs layer
2025-08-19T09:36:18.5407316Z f5dfd246bc6e: Pulling fs layer
2025-08-19T09:36:18.5408914Z ba7036bb0a60: Pulling fs layer
2025-08-19T09:36:18.5410535Z 799f859abbbd: Pulling fs layer
2025-08-19T09:36:18.5412187Z d903e777080c: Pulling fs layer
2025-08-19T09:36:18.5413743Z 04adcb462801: Pulling fs layer
2025-08-19T09:36:18.5415202Z 5c10925b29ff: Pulling fs layer
2025-08-19T09:36:18.5416949Z 77c7671c4414: Waiting
2025-08-19T09:36:18.5418245Z 2d9e29180a27: Waiting
2025-08-19T09:36:18.5419557Z c6bcc2c9a041: Waiting
2025-08-19T09:36:18.5420898Z ac4b721eb66f: Waiting
2025-08-19T09:36:18.5422176Z 606bd164980e: Waiting
2025-08-19T09:36:18.5423596Z f5dfd246bc6e: Waiting
2025-08-19T09:36:18.5424924Z d903e777080c: Waiting
2025-08-19T09:36:18.5426211Z 04adcb462801: Waiting
2025-08-19T09:36:18.5427722Z ba7036bb0a60: Waiting
2025-08-19T09:36:18.5429056Z 5c10925b29ff: Waiting
2025-08-19T09:36:18.6172393Z fca2566eba32: Verifying Checksum
2025-08-19T09:36:18.6174245Z fca2566eba32: Download complete
2025-08-19T09:36:18.6685655Z 631fe8c6d606: Verifying Checksum
2025-08-19T09:36:18.6687667Z 631fe8c6d606: Download complete
2025-08-19T09:36:18.7123032Z 77c7671c4414: Verifying Checksum
2025-08-19T09:36:18.7125206Z 77c7671c4414: Download complete
2025-08-19T09:36:18.8116885Z 396b1da7636e: Verifying Checksum
2025-08-19T09:36:18.8118688Z 396b1da7636e: Download complete
2025-08-19T09:36:18.8139740Z c6bcc2c9a041: Verifying Checksum
2025-08-19T09:36:18.8141447Z c6bcc2c9a041: Download complete
2025-08-19T09:36:18.8419357Z 2d9e29180a27: Verifying Checksum
2025-08-19T09:36:18.8421540Z 2d9e29180a27: Download complete
2025-08-19T09:36:18.8963308Z 606bd164980e: Verifying Checksum
2025-08-19T09:36:18.8965406Z 606bd164980e: Download complete
2025-08-19T09:36:18.8978937Z ac4b721eb66f: Verifying Checksum
2025-08-19T09:36:18.8982060Z ac4b721eb66f: Download complete
2025-08-19T09:36:18.9706224Z 799f859abbbd: Verifying Checksum
2025-08-19T09:36:18.9708706Z 799f859abbbd: Download complete
2025-08-19T09:36:18.9854924Z ba7036bb0a60: Download complete
2025-08-19T09:36:19.0546529Z d903e777080c: Verifying Checksum
2025-08-19T09:36:19.0548627Z d903e777080c: Download complete
2025-08-19T09:36:19.0644415Z 04adcb462801: Verifying Checksum
2025-08-19T09:36:19.0646557Z 04adcb462801: Download complete
2025-08-19T09:36:19.1213138Z 5c10925b29ff: Verifying Checksum
2025-08-19T09:36:19.1216026Z 5c10925b29ff: Download complete
2025-08-19T09:36:19.6921155Z f5dfd246bc6e: Verifying Checksum
2025-08-19T09:36:19.6922790Z f5dfd246bc6e: Download complete
2025-08-19T09:36:19.8642541Z 396b1da7636e: Pull complete
2025-08-19T09:36:20.9120178Z fca2566eba32: Pull complete
2025-08-19T09:36:21.0855473Z 631fe8c6d606: Pull complete
2025-08-19T09:36:21.1323468Z 77c7671c4414: Pull complete
2025-08-19T09:36:21.4313309Z 2d9e29180a27: Pull complete
2025-08-19T09:36:21.5273688Z c6bcc2c9a041: Pull complete
2025-08-19T09:36:21.5383978Z ac4b721eb66f: Pull complete
2025-08-19T09:36:21.5512633Z 606bd164980e: Pull complete
2025-08-19T09:36:24.4792354Z f5dfd246bc6e: Pull complete
2025-08-19T09:36:24.4970537Z ba7036bb0a60: Pull complete
2025-08-19T09:36:24.5094972Z 799f859abbbd: Pull complete
2025-08-19T09:36:24.5229416Z d903e777080c: Pull complete
2025-08-19T09:36:24.5367557Z 04adcb462801: Pull complete
2025-08-19T09:36:24.5491085Z 5c10925b29ff: Pull complete
2025-08-19T09:36:24.5538340Z Digest: sha256:bc51cf4f1fe02cce7ed2370b20128a9b00b4eb804573a77d2a0d877aaa9c82b1
2025-08-19T09:36:24.5553834Z Status: Downloaded newer image for postgres:15
2025-08-19T09:36:24.5567290Z docker.io/library/postgres:15
2025-08-19T09:36:24.5629539Z ##[command]/usr/bin/docker create --name 914fb4b37c2144e3af62b27fa913220b_postgres15_c1c9eb --label 7c4bc9 --network github_network_78a7ce781a474110a10990f9b36228bb --network-alias postgres -p 5432:5432 --health-cmd="pg_isready -U postgres -d awa" --health-interval=5s --health-timeout=5s --health-retries=10 -e "POSTGRES_USER=postgres" -e "POSTGRES_PASSWORD=pass" -e "POSTGRES_DB=awa" -e GITHUB_ACTIONS=true -e CI=true postgres:15
2025-08-19T09:36:24.5913806Z 8c1451e25d7663aa4a6e840a6558caf622323da2375f662e853d36e3320b4d4c
2025-08-19T09:36:24.5936651Z ##[command]/usr/bin/docker start 8c1451e25d7663aa4a6e840a6558caf622323da2375f662e853d36e3320b4d4c
2025-08-19T09:36:24.7623564Z 8c1451e25d7663aa4a6e840a6558caf622323da2375f662e853d36e3320b4d4c
2025-08-19T09:36:24.7649477Z ##[command]/usr/bin/docker ps --all --filter id=8c1451e25d7663aa4a6e840a6558caf622323da2375f662e853d36e3320b4d4c --filter status=running --no-trunc --format "{{.ID}} {{.Status}}"
2025-08-19T09:36:24.7771521Z 8c1451e25d7663aa4a6e840a6558caf622323da2375f662e853d36e3320b4d4c Up Less than a second (health: starting)
2025-08-19T09:36:24.7793219Z ##[command]/usr/bin/docker port 8c1451e25d7663aa4a6e840a6558caf622323da2375f662e853d36e3320b4d4c
2025-08-19T09:36:24.7925321Z 5432/tcp -> 0.0.0.0:5432
2025-08-19T09:36:24.7927389Z 5432/tcp -> [::]:5432
2025-08-19T09:36:24.7972720Z ##[endgroup]
2025-08-19T09:36:24.7981274Z ##[group]Waiting for all services to be ready
2025-08-19T09:36:24.7994375Z ##[command]/usr/bin/docker inspect --format="{{if .Config.Healthcheck}}{{print .State.Health.Status}}{{end}}" 8c1451e25d7663aa4a6e840a6558caf622323da2375f662e853d36e3320b4d4c
2025-08-19T09:36:24.8123658Z starting
2025-08-19T09:36:24.8151704Z postgres service is starting, waiting 2 seconds before checking again.
2025-08-19T09:36:26.8158223Z ##[command]/usr/bin/docker inspect --format="{{if .Config.Healthcheck}}{{print .State.Health.Status}}{{end}}" 8c1451e25d7663aa4a6e840a6558caf622323da2375f662e853d36e3320b4d4c
2025-08-19T09:36:26.8278393Z starting
2025-08-19T09:36:26.8292356Z postgres service is starting, waiting 4 seconds before checking again.
2025-08-19T09:36:30.9078880Z ##[command]/usr/bin/docker inspect --format="{{if .Config.Healthcheck}}{{print .State.Health.Status}}{{end}}" 8c1451e25d7663aa4a6e840a6558caf622323da2375f662e853d36e3320b4d4c
2025-08-19T09:36:30.9199736Z healthy
2025-08-19T09:36:30.9217080Z postgres service is healthy.
2025-08-19T09:36:30.9218257Z ##[endgroup]
2025-08-19T09:36:30.9528452Z ##[group]Run actions/checkout@v4
2025-08-19T09:36:30.9528979Z with:
2025-08-19T09:36:30.9529156Z   fetch-depth: 0
2025-08-19T09:36:30.9529366Z   repository: AlexBomber12/AWA-App
2025-08-19T09:36:30.9529766Z   token: ***
2025-08-19T09:36:30.9529952Z   ssh-strict: true
2025-08-19T09:36:30.9530135Z   ssh-user: git
2025-08-19T09:36:30.9530321Z   persist-credentials: true
2025-08-19T09:36:30.9530530Z   clean: true
2025-08-19T09:36:30.9530715Z   sparse-checkout-cone-mode: true
2025-08-19T09:36:30.9530945Z   fetch-tags: false
2025-08-19T09:36:30.9531126Z   show-progress: true
2025-08-19T09:36:30.9531308Z   lfs: false
2025-08-19T09:36:30.9531471Z   submodules: false
2025-08-19T09:36:30.9531662Z   set-safe-directory: true
2025-08-19T09:36:30.9532051Z ##[endgroup]
2025-08-19T09:36:31.0594394Z Syncing repository: AlexBomber12/AWA-App
2025-08-19T09:36:31.0595718Z ##[group]Getting Git version info
2025-08-19T09:36:31.0596077Z Working directory is '/home/runner/work/AWA-App/AWA-App'
2025-08-19T09:36:31.0596656Z [command]/usr/bin/git version
2025-08-19T09:36:31.0641289Z git version 2.50.1
2025-08-19T09:36:31.0667762Z ##[endgroup]
2025-08-19T09:36:31.0681788Z Temporarily overriding HOME='/home/runner/work/_temp/f707244a-fab9-4f1b-b7e9-60825e91a9d1' before making global git config changes
2025-08-19T09:36:31.0682547Z Adding repository directory to the temporary git global config as a safe directory
2025-08-19T09:36:31.0686988Z [command]/usr/bin/git config --global --add safe.directory /home/runner/work/AWA-App/AWA-App
2025-08-19T09:36:31.0720160Z Deleting the contents of '/home/runner/work/AWA-App/AWA-App'
2025-08-19T09:36:31.0723510Z ##[group]Initializing the repository
2025-08-19T09:36:31.0727988Z [command]/usr/bin/git init /home/runner/work/AWA-App/AWA-App
2025-08-19T09:36:31.0792288Z hint: Using 'master' as the name for the initial branch. This default branch name
2025-08-19T09:36:31.0793173Z hint: is subject to change. To configure the initial branch name to use in all
2025-08-19T09:36:31.0794004Z hint: of your new repositories, which will suppress this warning, call:
2025-08-19T09:36:31.0794578Z hint:
2025-08-19T09:36:31.0794990Z hint: 	git config --global init.defaultBranch <name>
2025-08-19T09:36:31.0795472Z hint:
2025-08-19T09:36:31.0795960Z hint: Names commonly chosen instead of 'master' are 'main', 'trunk' and
2025-08-19T09:36:31.0796938Z hint: 'development'. The just-created branch can be renamed via this command:
2025-08-19T09:36:31.0797544Z hint:
2025-08-19T09:36:31.0797842Z hint: 	git branch -m <name>
2025-08-19T09:36:31.0798069Z hint:
2025-08-19T09:36:31.0798362Z hint: Disable this message with "git config set advice.defaultBranchName false"
2025-08-19T09:36:31.0798851Z Initialized empty Git repository in /home/runner/work/AWA-App/AWA-App/.git/
2025-08-19T09:36:31.0807296Z [command]/usr/bin/git remote add origin https://github.com/AlexBomber12/AWA-App
2025-08-19T09:36:31.0837446Z ##[endgroup]
2025-08-19T09:36:31.0837912Z ##[group]Disabling automatic garbage collection
2025-08-19T09:36:31.0841696Z [command]/usr/bin/git config --local gc.auto 0
2025-08-19T09:36:31.0868720Z ##[endgroup]
2025-08-19T09:36:31.0869089Z ##[group]Setting up auth
2025-08-19T09:36:31.0875359Z [command]/usr/bin/git config --local --name-only --get-regexp core\.sshCommand
2025-08-19T09:36:31.0904238Z [command]/usr/bin/git submodule foreach --recursive sh -c "git config --local --name-only --get-regexp 'core\.sshCommand' && git config --local --unset-all 'core.sshCommand' || :"
2025-08-19T09:36:31.1167540Z [command]/usr/bin/git config --local --name-only --get-regexp http\.https\:\/\/github\.com\/\.extraheader
2025-08-19T09:36:31.1196587Z [command]/usr/bin/git submodule foreach --recursive sh -c "git config --local --name-only --get-regexp 'http\.https\:\/\/github\.com\/\.extraheader' && git config --local --unset-all 'http.https://github.com/.extraheader' || :"
2025-08-19T09:36:31.1413578Z [command]/usr/bin/git config --local http.https://github.com/.extraheader AUTHORIZATION: basic ***
2025-08-19T09:36:31.1451073Z ##[endgroup]
2025-08-19T09:36:31.1451784Z ##[group]Fetching the repository
2025-08-19T09:36:31.1460613Z [command]/usr/bin/git -c protocol.version=2 fetch --prune --no-recurse-submodules origin +refs/heads/*:refs/remotes/origin/* +refs/tags/*:refs/tags/* +68392e87869ffce42a801cdc0aa0dc6070fb744d:refs/remotes/pull/271/merge
2025-08-19T09:36:32.7062793Z From https://github.com/AlexBomber12/AWA-App
2025-08-19T09:36:32.7063842Z  * [new branch]        codex/analyze-ci-logs-and-implement-fixes -> origin/codex/analyze-ci-logs-and-implement-fixes
2025-08-19T09:36:32.7070441Z  * [new branch]        codex/implement-ingest/etl-tests-pr#2    -> origin/codex/implement-ingest/etl-tests-pr#2
2025-08-19T09:36:32.7072588Z  * [new branch]        codex/implement-testing-infrastructure-updates -> origin/codex/implement-testing-infrastructure-updates
2025-08-19T09:36:32.7073362Z  * [new branch]        gh-pages                                 -> origin/gh-pages
2025-08-19T09:36:32.7073766Z  * [new branch]        main                                     -> origin/main
2025-08-19T09:36:32.7074109Z  * [new tag]           0.3.0                                    -> 0.3.0
2025-08-19T09:36:32.7074964Z  * [new ref]           68392e87869ffce42a801cdc0aa0dc6070fb744d -> pull/271/merge
2025-08-19T09:36:32.7109393Z ##[endgroup]
2025-08-19T09:36:32.7109952Z ##[group]Determining the checkout info
2025-08-19T09:36:32.7110743Z ##[endgroup]
2025-08-19T09:36:32.7115844Z [command]/usr/bin/git sparse-checkout disable
2025-08-19T09:36:32.7154304Z [command]/usr/bin/git config --local --unset-all extensions.worktreeConfig
2025-08-19T09:36:32.7180703Z ##[group]Checking out the ref
2025-08-19T09:36:32.7184451Z [command]/usr/bin/git checkout --progress --force refs/remotes/pull/271/merge
2025-08-19T09:36:32.7560082Z Note: switching to 'refs/remotes/pull/271/merge'.
2025-08-19T09:36:32.7560497Z 
2025-08-19T09:36:32.7560751Z You are in 'detached HEAD' state. You can look around, make experimental
2025-08-19T09:36:32.7561332Z changes and commit them, and you can discard any commits you make in this
2025-08-19T09:36:32.7561876Z state without impacting any branches by switching back to a branch.
2025-08-19T09:36:32.7562200Z 
2025-08-19T09:36:32.7562406Z If you want to create a new branch to retain commits you create, you may
2025-08-19T09:36:32.7562893Z do so (now or later) by using -c with the switch command. Example:
2025-08-19T09:36:32.7563295Z 
2025-08-19T09:36:32.7563506Z   git switch -c <new-branch-name>
2025-08-19T09:36:32.7563856Z 
2025-08-19T09:36:32.7564045Z Or undo this operation with:
2025-08-19T09:36:32.7564356Z 
2025-08-19T09:36:32.7564505Z   git switch -
2025-08-19T09:36:32.7564749Z 
2025-08-19T09:36:32.7565166Z Turn off this advice by setting config variable advice.detachedHead to false
2025-08-19T09:36:32.7565767Z 
2025-08-19T09:36:32.7566535Z HEAD is now at 68392e87 Merge 51c2ded20396ad64ae0e3f4b9e1529edc639e936 into 0b016847820815b63268bcc8abbdf83020fe13d1
2025-08-19T09:36:32.7572102Z ##[endgroup]
2025-08-19T09:36:32.7613718Z [command]/usr/bin/git log -1 --format=%H
2025-08-19T09:36:32.7638095Z 68392e87869ffce42a801cdc0aa0dc6070fb744d
2025-08-19T09:36:32.7793290Z ##[group]Run cat .env.ci >> "$GITHUB_ENV"
2025-08-19T09:36:32.7793661Z [36;1mcat .env.ci >> "$GITHUB_ENV"[0m
2025-08-19T09:36:32.7794359Z [36;1mecho "DATABASE_URL=***localhost:5432/awa" >> "$GITHUB_ENV"[0m
2025-08-19T09:36:32.7794707Z [36;1mecho "PG_HOST=localhost" >> "$GITHUB_ENV"[0m
2025-08-19T09:36:32.7795002Z [36;1mecho "PG_PORT=5432" >> "$GITHUB_ENV"[0m
2025-08-19T09:36:32.7795293Z [36;1mecho "PG_USER=postgres" >> "$GITHUB_ENV"[0m
2025-08-19T09:36:32.7795580Z [36;1mecho "PG_PASSWORD=pass" >> "$GITHUB_ENV"[0m
2025-08-19T09:36:32.7795877Z [36;1mecho "PG_DATABASE=awa" >> "$GITHUB_ENV"[0m
2025-08-19T09:36:32.7796165Z [36;1mecho "TESTING=1" >> "$GITHUB_ENV"[0m
2025-08-19T09:36:32.7840495Z shell: /usr/bin/bash -e {0}
2025-08-19T09:36:32.7840739Z ##[endgroup]
2025-08-19T09:36:32.8014037Z ##[group]Run actions/setup-python@v5
2025-08-19T09:36:32.8014299Z with:
2025-08-19T09:36:32.8014480Z   python-version: 3.11
2025-08-19T09:36:32.8014677Z   cache: pip
2025-08-19T09:36:32.8014895Z   cache-dependency-path: requirements-dev.txt

2025-08-19T09:36:32.8015167Z   check-latest: false
2025-08-19T09:36:32.8015487Z   token: ***
2025-08-19T09:36:32.8015681Z   update-environment: true
2025-08-19T09:36:32.8015899Z   allow-prereleases: false
2025-08-19T09:36:32.8016104Z   freethreaded: false
2025-08-19T09:36:32.8016286Z env:
2025-08-19T09:36:32.8016451Z   PG_USER: postgres
2025-08-19T09:36:32.8016634Z   PG_PASSWORD: pass
2025-08-19T09:36:32.8017027Z   PG_DATABASE: awa
2025-08-19T09:36:32.8017202Z   PG_HOST: localhost
2025-08-19T09:36:32.8017383Z   PG_PORT: 5432
2025-08-19T09:36:32.8017780Z   PG_SYNC_DSN: ***localhost:5432/awa
2025-08-19T09:36:32.8018189Z   PG_ASYNC_DSN: ***localhost:5432/awa
2025-08-19T09:36:32.8018587Z   DATABASE_URL: ***localhost:5432/awa
2025-08-19T09:36:32.8018841Z   DATA_DIR: /tmp/awa-data
2025-08-19T09:36:32.8019030Z   ENABLE_LIVE: 0
2025-08-19T09:36:32.8019202Z   TESTING: 1
2025-08-19T09:36:32.8019359Z ##[endgroup]
2025-08-19T09:36:32.9653748Z ##[group]Installed versions
2025-08-19T09:36:32.9735546Z Successfully set up CPython (3.11.13)
2025-08-19T09:36:32.9736546Z ##[endgroup]
2025-08-19T09:36:33.0036913Z [command]/opt/hostedtoolcache/Python/3.11.13/x64/bin/pip cache dir
2025-08-19T09:36:33.2071196Z /home/runner/.cache/pip
2025-08-19T09:36:33.3111516Z Cache hit for: setup-python-Linux-x64-24.04-Ubuntu-python-3.11.13-pip-5e711acf40f5252f84577ca397f83ab64fb9d7dad68b245c8525eecd4c9b10ee
2025-08-19T09:36:34.3720589Z Received 264241152 of 268026051 (98.6%), 251.7 MBs/sec
2025-08-19T09:36:34.4760409Z Received 268026051 of 268026051 (100.0%), 231.3 MBs/sec
2025-08-19T09:36:34.4763556Z Cache Size: ~256 MB (268026051 B)
2025-08-19T09:36:34.4801459Z [command]/usr/bin/tar -xf /home/runner/work/_temp/c200e316-2430-40ca-966a-b0487f0c4c68/cache.tzst -P -C /home/runner/work/AWA-App/AWA-App --use-compress-program unzstd
2025-08-19T09:36:34.9416270Z Cache restored successfully
2025-08-19T09:36:34.9979174Z Cache restored from key: setup-python-Linux-x64-24.04-Ubuntu-python-3.11.13-pip-5e711acf40f5252f84577ca397f83ab64fb9d7dad68b245c8525eecd4c9b10ee
2025-08-19T09:36:35.0795792Z ##[group]Run actions/cache@v4
2025-08-19T09:36:35.0796055Z with:
2025-08-19T09:36:35.0796284Z   path: ~/.cache/pip
.pytest_cache
~/.ruff_cache

2025-08-19T09:36:35.0796916Z   key: Linux-int-5e711acf40f5252f84577ca397f83ab64fb9d7dad68b245c8525eecd4c9b10ee
2025-08-19T09:36:35.0797407Z   restore-keys: Linux-int-
2025-08-19T09:36:35.0797638Z   enableCrossOsArchive: false
2025-08-19T09:36:35.0797868Z   fail-on-cache-miss: false
2025-08-19T09:36:35.0798087Z   lookup-only: false
2025-08-19T09:36:35.0798279Z   save-always: false
2025-08-19T09:36:35.0798466Z env:
2025-08-19T09:36:35.0798632Z   PG_USER: postgres
2025-08-19T09:36:35.0798823Z   PG_PASSWORD: pass
2025-08-19T09:36:35.0799005Z   PG_DATABASE: awa
2025-08-19T09:36:35.0799189Z   PG_HOST: localhost
2025-08-19T09:36:35.0799372Z   PG_PORT: 5432
2025-08-19T09:36:35.0800020Z   PG_SYNC_DSN: ***localhost:5432/awa
2025-08-19T09:36:35.0800473Z   PG_ASYNC_DSN: ***localhost:5432/awa
2025-08-19T09:36:35.0800905Z   DATABASE_URL: ***localhost:5432/awa
2025-08-19T09:36:35.0801154Z   DATA_DIR: /tmp/awa-data
2025-08-19T09:36:35.0801362Z   ENABLE_LIVE: 0
2025-08-19T09:36:35.0801534Z   TESTING: 1
2025-08-19T09:36:35.0801778Z   pythonLocation: /opt/hostedtoolcache/Python/3.11.13/x64
2025-08-19T09:36:35.0802189Z   PKG_CONFIG_PATH: /opt/hostedtoolcache/Python/3.11.13/x64/lib/pkgconfig
2025-08-19T09:36:35.0802584Z   Python_ROOT_DIR: /opt/hostedtoolcache/Python/3.11.13/x64
2025-08-19T09:36:35.0802930Z   Python2_ROOT_DIR: /opt/hostedtoolcache/Python/3.11.13/x64
2025-08-19T09:36:35.0803288Z   Python3_ROOT_DIR: /opt/hostedtoolcache/Python/3.11.13/x64
2025-08-19T09:36:35.0803659Z   LD_LIBRARY_PATH: /opt/hostedtoolcache/Python/3.11.13/x64/lib
2025-08-19T09:36:35.0803958Z ##[endgroup]
2025-08-19T09:36:35.3309153Z Cache hit for: Linux-int-5e711acf40f5252f84577ca397f83ab64fb9d7dad68b245c8525eecd4c9b10ee
2025-08-19T09:36:36.3887038Z Received 142606336 of 268030892 (53.2%), 136.0 MBs/sec
2025-08-19T09:36:36.9770004Z Received 268030892 of 268030892 (100.0%), 161.0 MBs/sec
2025-08-19T09:36:36.9772656Z Cache Size: ~256 MB (268030892 B)
2025-08-19T09:36:36.9898441Z [command]/usr/bin/tar -xf /home/runner/work/_temp/9d8491be-3478-464b-98f6-ff6d50769ed4/cache.tzst -P -C /home/runner/work/AWA-App/AWA-App --use-compress-program unzstd
2025-08-19T09:36:37.5224636Z Cache restored successfully
2025-08-19T09:36:37.5895092Z Cache restored from key: Linux-int-5e711acf40f5252f84577ca397f83ab64fb9d7dad68b245c8525eecd4c9b10ee
2025-08-19T09:36:37.6021359Z ##[group]Run pip install -r requirements-dev.txt
2025-08-19T09:36:37.6022013Z [36;1mpip install -r requirements-dev.txt[0m
2025-08-19T09:36:37.6022598Z [36;1mpip install keepa==1.3.15 minio==7.1.15[0m
2025-08-19T09:36:37.6083219Z shell: /usr/bin/bash -e {0}
2025-08-19T09:36:37.6083626Z env:
2025-08-19T09:36:37.6083936Z   PG_USER: postgres
2025-08-19T09:36:37.6084301Z   PG_PASSWORD: pass
2025-08-19T09:36:37.6084645Z   PG_DATABASE: awa
2025-08-19T09:36:37.6084980Z   PG_HOST: localhost
2025-08-19T09:36:37.6085315Z   PG_PORT: 5432
2025-08-19T09:36:37.6086032Z   PG_SYNC_DSN: ***localhost:5432/awa
2025-08-19T09:36:37.6086993Z   PG_ASYNC_DSN: ***localhost:5432/awa
2025-08-19T09:36:37.6087814Z   DATABASE_URL: ***localhost:5432/awa
2025-08-19T09:36:37.6088258Z   DATA_DIR: /tmp/awa-data
2025-08-19T09:36:37.6088627Z   ENABLE_LIVE: 0
2025-08-19T09:36:37.6088949Z   TESTING: 1
2025-08-19T09:36:37.6089381Z   pythonLocation: /opt/hostedtoolcache/Python/3.11.13/x64
2025-08-19T09:36:37.6090146Z   PKG_CONFIG_PATH: /opt/hostedtoolcache/Python/3.11.13/x64/lib/pkgconfig
2025-08-19T09:36:37.6090883Z   Python_ROOT_DIR: /opt/hostedtoolcache/Python/3.11.13/x64
2025-08-19T09:36:37.6091804Z   Python2_ROOT_DIR: /opt/hostedtoolcache/Python/3.11.13/x64
2025-08-19T09:36:37.6092467Z   Python3_ROOT_DIR: /opt/hostedtoolcache/Python/3.11.13/x64
2025-08-19T09:36:37.6093096Z   LD_LIBRARY_PATH: /opt/hostedtoolcache/Python/3.11.13/x64/lib
2025-08-19T09:36:37.6093620Z ##[endgroup]
2025-08-19T09:36:38.5414288Z Collecting Jinja2==3.1.6 (from -r requirements-dev.txt (line 2))
2025-08-19T09:36:38.5431524Z   Using cached jinja2-3.1.6-py3-none-any.whl.metadata (2.9 kB)
2025-08-19T09:36:38.5674511Z Collecting alembic==1.13.1 (from -r requirements-dev.txt (line 3))
2025-08-19T09:36:38.5689975Z   Using cached alembic-1.13.1-py3-none-any.whl.metadata (7.4 kB)
2025-08-19T09:36:38.5881440Z Collecting apscheduler==3.10.4 (from -r requirements-dev.txt (line 4))
2025-08-19T09:36:38.5895467Z   Using cached APScheduler-3.10.4-py3-none-any.whl.metadata (5.7 kB)
2025-08-19T09:36:38.6141095Z Collecting asgi-correlation-id==4.3.1 (from -r requirements-dev.txt (line 5))
2025-08-19T09:36:38.6155843Z   Using cached asgi_correlation_id-4.3.1-py3-none-any.whl.metadata (28 kB)
2025-08-19T09:36:38.6676941Z Collecting asyncpg==0.30.0 (from -r requirements-dev.txt (line 6))
2025-08-19T09:36:38.6692397Z   Using cached asyncpg-0.30.0-cp311-cp311-manylinux_2_17_x86_64.manylinux2014_x86_64.whl.metadata (5.0 kB)
2025-08-19T09:36:38.7145835Z Collecting black==25.1.0 (from -r requirements-dev.txt (line 7))
2025-08-19T09:36:38.7161890Z   Using cached black-25.1.0-cp311-cp311-manylinux_2_17_x86_64.manylinux2014_x86_64.manylinux_2_28_x86_64.whl.metadata (81 kB)
2025-08-19T09:36:39.0246163Z Collecting boto3 (from -r requirements-dev.txt (line 8))
2025-08-19T09:36:39.0262790Z   Using cached boto3-1.40.12-py3-none-any.whl.metadata (6.7 kB)
2025-08-19T09:36:39.0578410Z Collecting redis==5.* (from -r requirements-dev.txt (line 9))
2025-08-19T09:36:39.0594624Z   Using cached redis-5.3.1-py3-none-any.whl.metadata (9.2 kB)
2025-08-19T09:36:39.0925221Z Collecting minio==7.* (from -r requirements-dev.txt (line 10))
2025-08-19T09:36:39.0941095Z   Using cached minio-7.2.16-py3-none-any.whl.metadata (6.5 kB)
2025-08-19T09:36:39.1261238Z Collecting celery==5.5.3 (from -r requirements-dev.txt (line 11))
2025-08-19T09:36:39.1276339Z   Using cached celery-5.5.3-py3-none-any.whl.metadata (22 kB)
2025-08-19T09:36:39.1848934Z Collecting fastapi==0.116.1 (from -r requirements-dev.txt (line 12))
2025-08-19T09:36:39.1863943Z   Using cached fastapi-0.116.1-py3-none-any.whl.metadata (28 kB)
2025-08-19T09:36:39.2045906Z Collecting fastapi-limiter==0.1.6 (from -r requirements-dev.txt (line 14))
2025-08-19T09:36:39.2059927Z   Using cached fastapi_limiter-0.1.6-py3-none-any.whl.metadata (5.3 kB)
2025-08-19T09:36:39.2275242Z Collecting httpx<0.29,>=0.27 (from -r requirements-dev.txt (line 15))
2025-08-19T09:36:39.2289947Z   Using cached httpx-0.28.1-py3-none-any.whl.metadata (7.1 kB)
2025-08-19T09:36:39.2434721Z Collecting imapclient==3.0.1 (from -r requirements-dev.txt (line 16))
2025-08-19T09:36:39.2448961Z   Using cached IMAPClient-3.0.1-py2.py3-none-any.whl.metadata (1.7 kB)
2025-08-19T09:36:39.2574252Z Collecting itsdangerous (from -r requirements-dev.txt (line 17))
2025-08-19T09:36:39.2588342Z   Using cached itsdangerous-2.2.0-py3-none-any.whl.metadata (1.9 kB)
2025-08-19T09:36:39.3762474Z Collecting mypy==1.* (from -r requirements-dev.txt (line 18))
2025-08-19T09:36:39.3778232Z   Using cached mypy-1.17.1-cp311-cp311-manylinux2014_x86_64.manylinux_2_17_x86_64.manylinux_2_28_x86_64.whl.metadata (2.2 kB)
2025-08-19T09:36:39.3907221Z Collecting mypy-extensions==1.1.0 (from -r requirements-dev.txt (line 19))
2025-08-19T09:36:39.3921451Z   Using cached mypy_extensions-1.1.0-py3-none-any.whl.metadata (1.1 kB)
2025-08-19T09:36:39.5515866Z Collecting numpy<2 (from -r requirements-dev.txt (line 20))
2025-08-19T09:36:39.5531639Z   Using cached numpy-1.26.4-cp311-cp311-manylinux_2_17_x86_64.manylinux2014_x86_64.whl.metadata (61 kB)
2025-08-19T09:36:39.5789184Z Collecting openpyxl==3.1.5 (from -r requirements-dev.txt (line 21))
2025-08-19T09:36:39.5802925Z   Using cached openpyxl-3.1.5-py2.py3-none-any.whl.metadata (2.5 kB)
2025-08-19T09:36:39.6813074Z Collecting pandas==2.2.* (from -r requirements-dev.txt (line 22))
2025-08-19T09:36:39.6828282Z   Using cached pandas-2.2.3-cp311-cp311-manylinux_2_17_x86_64.manylinux2014_x86_64.whl.metadata (89 kB)
2025-08-19T09:36:39.7704675Z Collecting psycopg2-binary==2.9.10 (from -r requirements-dev.txt (line 23))
2025-08-19T09:36:39.7719229Z   Using cached psycopg2_binary-2.9.10-cp311-cp311-manylinux_2_17_x86_64.manylinux2014_x86_64.whl.metadata (4.9 kB)
2025-08-19T09:36:39.7885952Z Collecting psycopg==3.2.9 (from psycopg[binary]==3.2.9->-r requirements-dev.txt (line 24))
2025-08-19T09:36:39.7899634Z   Using cached psycopg-3.2.9-py3-none-any.whl.metadata (4.5 kB)
2025-08-19T09:36:39.9239904Z Collecting pydantic==2.11.7 (from -r requirements-dev.txt (line 25))
2025-08-19T09:36:39.9255206Z   Using cached pydantic-2.11.7-py3-none-any.whl.metadata (67 kB)
2025-08-19T09:36:39.9293870Z Requirement already satisfied: setuptools in /opt/hostedtoolcache/Python/3.11.13/x64/lib/python3.11/site-packages (from -r requirements-dev.txt (line 26)) (65.5.0)
2025-08-19T09:36:39.9482333Z Collecting pytest-asyncio==0.23.6 (from -r requirements-dev.txt (line 27))
2025-08-19T09:36:39.9505079Z   Using cached pytest_asyncio-0.23.6-py3-none-any.whl.metadata (3.9 kB)
2025-08-19T09:36:39.9675496Z Collecting pytest-cov==6.2.1 (from -r requirements-dev.txt (line 28))
2025-08-19T09:36:39.9689346Z   Using cached pytest_cov-6.2.1-py3-none-any.whl.metadata (30 kB)
2025-08-19T09:36:39.9879154Z Collecting pytest-postgresql==7.0.2 (from -r requirements-dev.txt (line 29))
2025-08-19T09:36:39.9892838Z   Using cached pytest_postgresql-7.0.2-py3-none-any.whl.metadata (18 kB)
2025-08-19T09:36:40.0078524Z Collecting python-dotenv (from -r requirements-dev.txt (line 30))
2025-08-19T09:36:40.0092086Z   Using cached python_dotenv-1.1.1-py3-none-any.whl.metadata (24 kB)
2025-08-19T09:36:40.0234893Z Collecting python-multipart (from -r requirements-dev.txt (line 31))
2025-08-19T09:36:40.0248416Z   Using cached python_multipart-0.0.20-py3-none-any.whl.metadata (1.8 kB)
2025-08-19T09:36:40.0539956Z Collecting python-telegram-bot==22.3 (from -r requirements-dev.txt (line 32))
2025-08-19T09:36:40.0553654Z   Using cached python_telegram_bot-22.3-py3-none-any.whl.metadata (17 kB)
2025-08-19T09:36:40.0846367Z Collecting requests==2.32.4 (from -r requirements-dev.txt (line 33))
2025-08-19T09:36:40.0860567Z   Using cached requests-2.32.4-py3-none-any.whl.metadata (4.9 kB)
2025-08-19T09:36:40.1031638Z Collecting respx==0.22.0 (from -r requirements-dev.txt (line 34))
2025-08-19T09:36:40.1044694Z   Using cached respx-0.22.0-py2.py3-none-any.whl.metadata (4.1 kB)
2025-08-19T09:36:40.4539443Z Collecting ruff==0.4.4 (from -r requirements-dev.txt (line 35))
2025-08-19T09:36:40.4556068Z   Using cached ruff-0.4.4-py3-none-manylinux_2_17_x86_64.manylinux2014_x86_64.whl.metadata (23 kB)
2025-08-19T09:36:40.7045650Z Collecting sqlalchemy==2.0.29 (from -r requirements-dev.txt (line 36))
2025-08-19T09:36:40.7061893Z   Using cached SQLAlchemy-2.0.29-cp311-cp311-manylinux_2_17_x86_64.manylinux2014_x86_64.whl.metadata (9.6 kB)
2025-08-19T09:36:40.7285213Z Collecting structlog==24.1.0 (from -r requirements-dev.txt (line 37))
2025-08-19T09:36:40.7298923Z   Using cached structlog-24.1.0-py3-none-any.whl.metadata (6.9 kB)
2025-08-19T09:36:40.7488456Z Collecting testcontainers==4.10.0 (from testcontainers[postgres]==4.10.0->-r requirements-dev.txt (line 38))
2025-08-19T09:36:40.7501578Z   Using cached testcontainers-4.10.0-py3-none-any.whl.metadata (7.8 kB)
2025-08-19T09:36:40.7851185Z Collecting types-requests==2.32.0.20240602 (from -r requirements-dev.txt (line 39))
2025-08-19T09:36:40.7864715Z   Using cached types_requests-2.32.0.20240602-py3-none-any.whl.metadata (1.8 kB)
2025-08-19T09:36:40.8102276Z Collecting docspec-python==2.2.2 (from -r requirements-dev.txt (line 40))
2025-08-19T09:36:40.8116097Z   Using cached docspec_python-2.2.2-py3-none-any.whl.metadata (1.0 kB)
2025-08-19T09:36:40.8288541Z Collecting pydoc-markdown==4.8.2 (from -r requirements-dev.txt (line 41))
2025-08-19T09:36:40.8301290Z   Using cached pydoc_markdown-4.8.2-py3-none-any.whl.metadata (5.9 kB)
2025-08-19T09:36:40.8589815Z Collecting pandera==0.19.* (from -r requirements-dev.txt (line 42))
2025-08-19T09:36:40.8603081Z   Using cached pandera-0.19.3-py3-none-any.whl.metadata (15 kB)
2025-08-19T09:36:40.9687258Z Collecting MarkupSafe>=2.0 (from Jinja2==3.1.6->-r requirements-dev.txt (line 2))
2025-08-19T09:36:40.9702042Z   Using cached MarkupSafe-3.0.2-cp311-cp311-manylinux_2_17_x86_64.manylinux2014_x86_64.whl.metadata (4.0 kB)
2025-08-19T09:36:40.9970391Z Collecting Mako (from alembic==1.13.1->-r requirements-dev.txt (line 3))
2025-08-19T09:36:40.9983593Z   Using cached mako-1.3.10-py3-none-any.whl.metadata (2.9 kB)
2025-08-19T09:36:41.0175265Z Collecting typing-extensions>=4 (from alembic==1.13.1->-r requirements-dev.txt (line 3))
2025-08-19T09:36:41.0188928Z   Using cached typing_extensions-4.14.1-py3-none-any.whl.metadata (3.0 kB)
2025-08-19T09:36:41.0344649Z Collecting six>=1.4.0 (from apscheduler==3.10.4->-r requirements-dev.txt (line 4))
2025-08-19T09:36:41.0357892Z   Using cached six-1.17.0-py2.py3-none-any.whl.metadata (1.7 kB)
2025-08-19T09:36:41.0710799Z Collecting pytz (from apscheduler==3.10.4->-r requirements-dev.txt (line 4))
2025-08-19T09:36:41.0724693Z   Using cached pytz-2025.2-py2.py3-none-any.whl.metadata (22 kB)
2025-08-19T09:36:41.0903673Z Collecting tzlocal!=3.*,>=2.0 (from apscheduler==3.10.4->-r requirements-dev.txt (line 4))
2025-08-19T09:36:41.0917301Z   Using cached tzlocal-5.3.1-py3-none-any.whl.metadata (7.6 kB)
2025-08-19T09:36:41.1231372Z Collecting starlette>=0.18 (from asgi-correlation-id==4.3.1->-r requirements-dev.txt (line 5))
2025-08-19T09:36:41.1244696Z   Using cached starlette-0.47.2-py3-none-any.whl.metadata (6.2 kB)
2025-08-19T09:36:41.1456956Z Collecting click>=8.0.0 (from black==25.1.0->-r requirements-dev.txt (line 7))
2025-08-19T09:36:41.1470263Z   Using cached click-8.2.1-py3-none-any.whl.metadata (2.5 kB)
2025-08-19T09:36:41.1641873Z Collecting packaging>=22.0 (from black==25.1.0->-r requirements-dev.txt (line 7))
2025-08-19T09:36:41.1655175Z   Using cached packaging-25.0-py3-none-any.whl.metadata (3.3 kB)
2025-08-19T09:36:41.1792988Z Collecting pathspec>=0.9.0 (from black==25.1.0->-r requirements-dev.txt (line 7))
2025-08-19T09:36:41.1807570Z   Using cached pathspec-0.12.1-py3-none-any.whl.metadata (21 kB)
2025-08-19T09:36:41.2013463Z Collecting platformdirs>=2 (from black==25.1.0->-r requirements-dev.txt (line 7))
2025-08-19T09:36:41.2027353Z   Using cached platformdirs-4.3.8-py3-none-any.whl.metadata (12 kB)
2025-08-19T09:36:41.2261231Z Collecting billiard<5.0,>=4.2.1 (from celery==5.5.3->-r requirements-dev.txt (line 11))
2025-08-19T09:36:41.2274874Z   Using cached billiard-4.2.1-py3-none-any.whl.metadata (4.4 kB)
2025-08-19T09:36:41.2578603Z Collecting kombu<5.6,>=5.5.2 (from celery==5.5.3->-r requirements-dev.txt (line 11))
2025-08-19T09:36:41.2592586Z   Using cached kombu-5.5.4-py3-none-any.whl.metadata (3.5 kB)
2025-08-19T09:36:41.2763789Z Collecting vine<6.0,>=5.1.0 (from celery==5.5.3->-r requirements-dev.txt (line 11))
2025-08-19T09:36:41.2777113Z   Using cached vine-5.1.0-py3-none-any.whl.metadata (2.7 kB)
2025-08-19T09:36:41.2941195Z Collecting click-didyoumean>=0.3.0 (from celery==5.5.3->-r requirements-dev.txt (line 11))
2025-08-19T09:36:41.2954494Z   Using cached click_didyoumean-0.3.1-py3-none-any.whl.metadata (3.9 kB)
2025-08-19T09:36:41.3073171Z Collecting click-repl>=0.2.0 (from celery==5.5.3->-r requirements-dev.txt (line 11))
2025-08-19T09:36:41.3086184Z   Using cached click_repl-0.3.0-py3-none-any.whl.metadata (3.6 kB)
2025-08-19T09:36:41.3202019Z Collecting click-plugins>=1.1.1 (from celery==5.5.3->-r requirements-dev.txt (line 11))
2025-08-19T09:36:41.3216054Z   Using cached click_plugins-1.1.1.2-py2.py3-none-any.whl.metadata (6.5 kB)
2025-08-19T09:36:41.3370973Z Collecting python-dateutil>=2.8.2 (from celery==5.5.3->-r requirements-dev.txt (line 11))
2025-08-19T09:36:41.3384192Z   Using cached python_dateutil-2.9.0.post0-py2.py3-none-any.whl.metadata (8.4 kB)
2025-08-19T09:36:41.3872682Z Collecting annotated-types>=0.6.0 (from pydantic==2.11.7->-r requirements-dev.txt (line 25))
2025-08-19T09:36:41.3885688Z   Using cached annotated_types-0.7.0-py3-none-any.whl.metadata (15 kB)
2025-08-19T09:36:42.0332036Z Collecting pydantic-core==2.33.2 (from pydantic==2.11.7->-r requirements-dev.txt (line 25))
2025-08-19T09:36:42.0347757Z   Using cached pydantic_core-2.33.2-cp311-cp311-manylinux_2_17_x86_64.manylinux2014_x86_64.whl.metadata (6.8 kB)
2025-08-19T09:36:42.0503991Z Collecting typing-inspection>=0.4.0 (from pydantic==2.11.7->-r requirements-dev.txt (line 25))
2025-08-19T09:36:42.0517950Z   Using cached typing_inspection-0.4.1-py3-none-any.whl.metadata (2.6 kB)
2025-08-19T09:36:42.0799912Z Collecting et-xmlfile (from openpyxl==3.1.5->-r requirements-dev.txt (line 21))
2025-08-19T09:36:42.0813265Z   Using cached et_xmlfile-2.0.0-py3-none-any.whl.metadata (2.7 kB)
2025-08-19T09:36:42.1249763Z Collecting pytest<9,>=7.0.0 (from pytest-asyncio==0.23.6->-r requirements-dev.txt (line 27))
2025-08-19T09:36:42.1263272Z   Using cached pytest-8.4.1-py3-none-any.whl.metadata (7.7 kB)
2025-08-19T09:36:42.4285387Z Collecting coverage>=7.5 (from coverage[toml]>=7.5->pytest-cov==6.2.1->-r requirements-dev.txt (line 28))
2025-08-19T09:36:42.4301881Z   Using cached coverage-7.10.4-cp311-cp311-manylinux1_x86_64.manylinux_2_28_x86_64.manylinux_2_5_x86_64.whl.metadata (8.9 kB)
2025-08-19T09:36:42.4455927Z Collecting pluggy>=1.2 (from pytest-cov==6.2.1->-r requirements-dev.txt (line 28))
2025-08-19T09:36:42.4470583Z   Using cached pluggy-1.6.0-py3-none-any.whl.metadata (4.8 kB)
2025-08-19T09:36:42.4743592Z Collecting port-for>=0.7.3 (from pytest-postgresql==7.0.2->-r requirements-dev.txt (line 29))
2025-08-19T09:36:42.4757013Z   Using cached port_for-0.7.4-py3-none-any.whl.metadata (7.1 kB)
2025-08-19T09:36:42.5706317Z Collecting mirakuru>=2.6.0 (from pytest-postgresql==7.0.2->-r requirements-dev.txt (line 29))
2025-08-19T09:36:42.5722594Z   Using cached mirakuru-2.6.1-py3-none-any.whl.metadata (10 kB)
2025-08-19T09:36:42.6565566Z Collecting charset_normalizer<4,>=2 (from requests==2.32.4->-r requirements-dev.txt (line 33))
2025-08-19T09:36:42.6581929Z   Using cached charset_normalizer-3.4.3-cp311-cp311-manylinux2014_x86_64.manylinux_2_17_x86_64.manylinux_2_28_x86_64.whl.metadata (36 kB)
2025-08-19T09:36:42.6754517Z Collecting idna<4,>=2.5 (from requests==2.32.4->-r requirements-dev.txt (line 33))
2025-08-19T09:36:42.6768707Z   Using cached idna-3.10-py3-none-any.whl.metadata (10 kB)
2025-08-19T09:36:42.7055089Z Collecting urllib3<3,>=1.21.1 (from requests==2.32.4->-r requirements-dev.txt (line 33))
2025-08-19T09:36:42.7069950Z   Using cached urllib3-2.5.0-py3-none-any.whl.metadata (6.5 kB)
2025-08-19T09:36:42.7296246Z Collecting certifi>=2017.4.17 (from requests==2.32.4->-r requirements-dev.txt (line 33))
2025-08-19T09:36:42.7310395Z   Using cached certifi-2025.8.3-py3-none-any.whl.metadata (2.4 kB)
2025-08-19T09:36:42.8578065Z Collecting greenlet!=0.4.17 (from sqlalchemy==2.0.29->-r requirements-dev.txt (line 36))
2025-08-19T09:36:42.8594978Z   Using cached greenlet-3.2.4-cp311-cp311-manylinux_2_24_x86_64.manylinux_2_28_x86_64.whl.metadata (4.1 kB)
2025-08-19T09:36:42.8850242Z Collecting docker (from testcontainers==4.10.0->testcontainers[postgres]==4.10.0->-r requirements-dev.txt (line 38))
2025-08-19T09:36:42.8864409Z   Using cached docker-7.1.0-py3-none-any.whl.metadata (3.8 kB)
2025-08-19T09:36:42.9843031Z Collecting wrapt (from testcontainers==4.10.0->testcontainers[postgres]==4.10.0->-r requirements-dev.txt (line 38))
2025-08-19T09:36:42.9858549Z   Using cached wrapt-1.17.3-cp311-cp311-manylinux1_x86_64.manylinux_2_28_x86_64.manylinux_2_5_x86_64.whl.metadata (6.4 kB)
2025-08-19T09:36:43.0111671Z Collecting docspec==2.2.1 (from docspec-python==2.2.2->-r requirements-dev.txt (line 40))
2025-08-19T09:36:43.0125990Z   Using cached docspec-2.2.1-py3-none-any.whl.metadata (1.5 kB)
2025-08-19T09:36:43.0303550Z Collecting nr-util>=0.8.12 (from docspec-python==2.2.2->-r requirements-dev.txt (line 40))
2025-08-19T09:36:43.0318552Z   Using cached nr.util-0.8.12-py3-none-any.whl.metadata (813 bytes)
2025-08-19T09:36:43.0684937Z Collecting PyYAML<7.0,>=5.0 (from pydoc-markdown==4.8.2->-r requirements-dev.txt (line 41))
2025-08-19T09:36:43.0700602Z   Using cached PyYAML-6.0.2-cp311-cp311-manylinux_2_17_x86_64.manylinux2014_x86_64.whl.metadata (2.1 kB)
2025-08-19T09:36:43.0982725Z Collecting databind.core<5.0.0,>=4.4.0 (from pydoc-markdown==4.8.2->-r requirements-dev.txt (line 41))
2025-08-19T09:36:43.0997848Z   Using cached databind.core-4.5.2-py3-none-any.whl.metadata (1.1 kB)
2025-08-19T09:36:43.1228798Z Collecting databind.json<5.0.0,>=4.4.0 (from pydoc-markdown==4.8.2->-r requirements-dev.txt (line 41))
2025-08-19T09:36:43.1243154Z   Using cached databind.json-4.5.2-py3-none-any.whl.metadata (1.1 kB)
2025-08-19T09:36:43.1410114Z Collecting docstring-parser<0.12,>=0.11 (from pydoc-markdown==4.8.2->-r requirements-dev.txt (line 41))
2025-08-19T09:36:43.1411251Z   Using cached docstring_parser-0.11-py3-none-any.whl
2025-08-19T09:36:43.1723241Z Collecting tomli<3.0.0,>=2.0.0 (from pydoc-markdown==4.8.2->-r requirements-dev.txt (line 41))
2025-08-19T09:36:43.1737003Z   Using cached tomli-2.2.1-cp311-cp311-manylinux_2_17_x86_64.manylinux2014_x86_64.whl.metadata (11 kB)
2025-08-19T09:36:43.1860497Z Collecting tomli_w<2.0.0,>=1.0.0 (from pydoc-markdown==4.8.2->-r requirements-dev.txt (line 41))
2025-08-19T09:36:43.1873600Z   Using cached tomli_w-1.2.0-py3-none-any.whl.metadata (5.7 kB)
2025-08-19T09:36:43.2340943Z Collecting watchdog (from pydoc-markdown==4.8.2->-r requirements-dev.txt (line 41))
2025-08-19T09:36:43.2356033Z   Using cached watchdog-6.0.0-py3-none-manylinux2014_x86_64.whl.metadata (44 kB)
2025-08-19T09:36:43.2585535Z Collecting yapf>=0.30.0 (from pydoc-markdown==4.8.2->-r requirements-dev.txt (line 41))
2025-08-19T09:36:43.2599561Z   Using cached yapf-0.43.0-py3-none-any.whl.metadata (46 kB)
2025-08-19T09:36:43.2845978Z Collecting Deprecated<2.0.0,>=1.2.12 (from docspec==2.2.1->docspec-python==2.2.2->-r requirements-dev.txt (line 40))
2025-08-19T09:36:43.2859070Z   Using cached Deprecated-1.2.18-py2.py3-none-any.whl.metadata (5.7 kB)
2025-08-19T09:36:43.4320437Z Collecting psycopg-binary==3.2.9 (from psycopg[binary]==3.2.9->-r requirements-dev.txt (line 24))
2025-08-19T09:36:43.4335865Z   Using cached psycopg_binary-3.2.9-cp311-cp311-manylinux_2_17_x86_64.manylinux2014_x86_64.whl.metadata (2.9 kB)
2025-08-19T09:36:43.4611664Z Collecting PyJWT>=2.9.0 (from redis==5.*->-r requirements-dev.txt (line 9))
2025-08-19T09:36:43.4625195Z   Using cached PyJWT-2.10.1-py3-none-any.whl.metadata (4.0 kB)
2025-08-19T09:36:43.4869569Z Collecting argon2-cffi (from minio==7.*->-r requirements-dev.txt (line 10))
2025-08-19T09:36:43.4883029Z   Using cached argon2_cffi-25.1.0-py3-none-any.whl.metadata (4.1 kB)
2025-08-19T09:36:43.5667801Z Collecting pycryptodome (from minio==7.*->-r requirements-dev.txt (line 10))
2025-08-19T09:36:43.5683690Z   Using cached pycryptodome-3.23.0-cp37-abi3-manylinux_2_17_x86_64.manylinux2014_x86_64.whl.metadata (3.4 kB)
2025-08-19T09:36:43.5900770Z Collecting anyio (from httpx<0.29,>=0.27->-r requirements-dev.txt (line 15))
2025-08-19T09:36:43.5914104Z   Using cached anyio-4.10.0-py3-none-any.whl.metadata (4.0 kB)
2025-08-19T09:36:43.6117609Z Collecting httpcore==1.* (from httpx<0.29,>=0.27->-r requirements-dev.txt (line 15))
2025-08-19T09:36:43.6130617Z   Using cached httpcore-1.0.9-py3-none-any.whl.metadata (21 kB)
2025-08-19T09:36:43.6459233Z Collecting tzdata>=2022.7 (from pandas==2.2.*->-r requirements-dev.txt (line 22))
2025-08-19T09:36:43.6472470Z   Using cached tzdata-2025.2-py2.py3-none-any.whl.metadata (1.4 kB)
2025-08-19T09:36:43.6639062Z Collecting multimethod<=1.10.0 (from pandera==0.19.*->-r requirements-dev.txt (line 42))
2025-08-19T09:36:43.6651893Z   Using cached multimethod-1.10-py3-none-any.whl.metadata (8.2 kB)
2025-08-19T09:36:43.7979531Z Collecting typeguard (from pandera==0.19.*->-r requirements-dev.txt (line 42))
2025-08-19T09:36:43.7995464Z   Using cached typeguard-4.4.4-py3-none-any.whl.metadata (3.3 kB)
2025-08-19T09:36:43.8122333Z Collecting typing-inspect>=0.6.0 (from pandera==0.19.*->-r requirements-dev.txt (line 42))
2025-08-19T09:36:43.8135342Z   Using cached typing_inspect-0.9.0-py3-none-any.whl.metadata (1.5 kB)
2025-08-19T09:36:43.8414907Z Collecting databind<5.0.0,>=4.5.2 (from databind.core<5.0.0,>=4.4.0->pydoc-markdown==4.8.2->-r requirements-dev.txt (line 41))
2025-08-19T09:36:43.8428039Z   Using cached databind-4.5.2-py3-none-any.whl.metadata (4.3 kB)
2025-08-19T09:36:43.8562114Z Collecting nr-date<3.0.0,>=2.0.0 (from databind<5.0.0,>=4.5.2->databind.core<5.0.0,>=4.4.0->pydoc-markdown==4.8.2->-r requirements-dev.txt (line 41))
2025-08-19T09:36:43.8574747Z   Using cached nr_date-2.1.0-py3-none-any.whl.metadata (746 bytes)
2025-08-19T09:36:43.8710521Z Collecting nr-stream<2.0.0,>=1.0.0 (from databind<5.0.0,>=4.5.2->databind.core<5.0.0,>=4.4.0->pydoc-markdown==4.8.2->-r requirements-dev.txt (line 41))
2025-08-19T09:36:43.8723160Z   Using cached nr_stream-1.1.5-py3-none-any.whl.metadata (3.6 kB)
2025-08-19T09:36:43.8903509Z Collecting typeapi<3,>=2.0.1 (from databind<5.0.0,>=4.5.2->databind.core<5.0.0,>=4.4.0->pydoc-markdown==4.8.2->-r requirements-dev.txt (line 41))
2025-08-19T09:36:43.8916361Z   Using cached typeapi-2.2.4-py3-none-any.whl.metadata (1.5 kB)
2025-08-19T09:36:43.9189899Z Collecting h11>=0.16 (from httpcore==1.*->httpx<0.29,>=0.27->-r requirements-dev.txt (line 15))
2025-08-19T09:36:43.9207975Z   Using cached h11-0.16.0-py3-none-any.whl.metadata (8.3 kB)
2025-08-19T09:36:43.9436611Z Collecting amqp<6.0.0,>=5.1.1 (from kombu<5.6,>=5.5.2->celery==5.5.3->-r requirements-dev.txt (line 11))
2025-08-19T09:36:43.9450145Z   Using cached amqp-5.3.1-py3-none-any.whl.metadata (8.9 kB)
2025-08-19T09:36:43.9805908Z Collecting iniconfig>=1 (from pytest<9,>=7.0.0->pytest-asyncio==0.23.6->-r requirements-dev.txt (line 27))
2025-08-19T09:36:43.9818965Z   Using cached iniconfig-2.1.0-py3-none-any.whl.metadata (2.7 kB)
2025-08-19T09:36:44.0042839Z Collecting pygments>=2.7.2 (from pytest<9,>=7.0.0->pytest-asyncio==0.23.6->-r requirements-dev.txt (line 27))
2025-08-19T09:36:44.0055902Z   Using cached pygments-2.19.2-py3-none-any.whl.metadata (2.5 kB)
2025-08-19T09:36:44.0377538Z Collecting sniffio>=1.1 (from anyio->httpx<0.29,>=0.27->-r requirements-dev.txt (line 15))
2025-08-19T09:36:44.0390679Z   Using cached sniffio-1.3.1-py3-none-any.whl.metadata (3.9 kB)
2025-08-19T09:36:44.3920480Z Collecting botocore<1.41.0,>=1.40.12 (from boto3->-r requirements-dev.txt (line 8))
2025-08-19T09:36:44.3935606Z   Using cached botocore-1.40.12-py3-none-any.whl.metadata (5.7 kB)
2025-08-19T09:36:44.4085391Z Collecting jmespath<2.0.0,>=0.7.1 (from boto3->-r requirements-dev.txt (line 8))
2025-08-19T09:36:44.4098823Z   Using cached jmespath-1.0.1-py3-none-any.whl.metadata (7.6 kB)
2025-08-19T09:36:44.4271663Z Collecting s3transfer<0.14.0,>=0.13.0 (from boto3->-r requirements-dev.txt (line 8))
2025-08-19T09:36:44.4284529Z   Using cached s3transfer-0.13.1-py3-none-any.whl.metadata (1.7 kB)
2025-08-19T09:36:44.6656024Z Collecting fastapi-cli>=0.0.8 (from fastapi-cli[standard]>=0.0.8; extra == "all"->fastapi[all]->-r requirements-dev.txt (line 13))
2025-08-19T09:36:44.6669125Z   Using cached fastapi_cli-0.0.8-py3-none-any.whl.metadata (6.3 kB)
2025-08-19T09:36:44.7401798Z Collecting ujson!=4.0.2,!=4.1.0,!=4.2.0,!=4.3.0,!=5.0.0,!=5.1.0,>=4.0.1 (from fastapi[all]->-r requirements-dev.txt (line 13))
2025-08-19T09:36:44.7416096Z   Using cached ujson-5.10.0-cp311-cp311-manylinux_2_17_x86_64.manylinux2014_x86_64.whl.metadata (9.3 kB)
2025-08-19T09:36:44.9715174Z Collecting orjson>=3.2.1 (from fastapi[all]->-r requirements-dev.txt (line 13))
2025-08-19T09:36:44.9730664Z   Using cached orjson-3.11.2-cp311-cp311-manylinux_2_17_x86_64.manylinux2014_x86_64.whl.metadata (1.2 kB)
2025-08-19T09:36:44.9902333Z Collecting email-validator>=2.0.0 (from fastapi[all]->-r requirements-dev.txt (line 13))
2025-08-19T09:36:44.9916899Z   Using cached email_validator-2.2.0-py3-none-any.whl.metadata (25 kB)
2025-08-19T09:36:45.0271884Z Collecting uvicorn>=0.12.0 (from uvicorn[standard]>=0.12.0; extra == "all"->fastapi[all]->-r requirements-dev.txt (line 13))
2025-08-19T09:36:45.0287176Z   Using cached uvicorn-0.35.0-py3-none-any.whl.metadata (6.5 kB)
2025-08-19T09:36:45.0489699Z Collecting pydantic-settings>=2.0.0 (from fastapi[all]->-r requirements-dev.txt (line 13))
2025-08-19T09:36:45.0503377Z   Using cached pydantic_settings-2.10.1-py3-none-any.whl.metadata (3.4 kB)
2025-08-19T09:36:45.0656988Z Collecting pydantic-extra-types>=2.0.0 (from fastapi[all]->-r requirements-dev.txt (line 13))
2025-08-19T09:36:45.0671226Z   Using cached pydantic_extra_types-2.10.5-py3-none-any.whl.metadata (3.9 kB)
2025-08-19T09:36:45.1325144Z Collecting prompt-toolkit>=3.0.36 (from click-repl>=0.2.0->celery==5.5.3->-r requirements-dev.txt (line 11))
2025-08-19T09:36:45.1338456Z   Using cached prompt_toolkit-3.0.51-py3-none-any.whl.metadata (6.4 kB)
2025-08-19T09:36:45.1576128Z Collecting dnspython>=2.0.0 (from email-validator>=2.0.0->fastapi[all]->-r requirements-dev.txt (line 13))
2025-08-19T09:36:45.1589046Z   Using cached dnspython-2.7.0-py3-none-any.whl.metadata (5.8 kB)
2025-08-19T09:36:45.1885105Z Collecting typer>=0.15.1 (from fastapi-cli>=0.0.8->fastapi-cli[standard]>=0.0.8; extra == "all"->fastapi[all]->-r requirements-dev.txt (line 13))
2025-08-19T09:36:45.1898225Z   Using cached typer-0.16.1-py3-none-any.whl.metadata (15 kB)
2025-08-19T09:36:45.2168550Z Collecting rich-toolkit>=0.14.8 (from fastapi-cli>=0.0.8->fastapi-cli[standard]>=0.0.8; extra == "all"->fastapi[all]->-r requirements-dev.txt (line 13))
2025-08-19T09:36:45.2182005Z   Using cached rich_toolkit-0.15.0-py3-none-any.whl.metadata (1.0 kB)
2025-08-19T09:36:45.2317686Z Collecting fastapi-cloud-cli>=0.1.1 (from fastapi-cli[standard]>=0.0.8; extra == "all"->fastapi[all]->-r requirements-dev.txt (line 13))
2025-08-19T09:36:45.2331203Z   Using cached fastapi_cloud_cli-0.1.5-py3-none-any.whl.metadata (3.2 kB)
2025-08-19T09:36:45.3055248Z Collecting rignore>=0.5.1 (from fastapi-cloud-cli>=0.1.1->fastapi-cli[standard]>=0.0.8; extra == "all"->fastapi[all]->-r requirements-dev.txt (line 13))
2025-08-19T09:36:45.3070992Z   Using cached rignore-0.6.4-cp311-cp311-manylinux_2_17_x86_64.manylinux2014_x86_64.whl.metadata (3.8 kB)
2025-08-19T09:36:45.3861662Z Collecting sentry-sdk>=2.20.0 (from fastapi-cloud-cli>=0.1.1->fastapi-cli[standard]>=0.0.8; extra == "all"->fastapi[all]->-r requirements-dev.txt (line 13))
2025-08-19T09:36:45.3876219Z   Using cached sentry_sdk-2.35.0-py2.py3-none-any.whl.metadata (10 kB)
2025-08-19T09:36:45.5923826Z Collecting psutil>=4.0.0 (from mirakuru>=2.6.0->pytest-postgresql==7.0.2->-r requirements-dev.txt (line 29))
2025-08-19T09:36:45.5939314Z   Using cached psutil-7.0.0-cp36-abi3-manylinux_2_12_x86_64.manylinux2010_x86_64.manylinux_2_17_x86_64.manylinux2014_x86_64.whl.metadata (22 kB)
2025-08-19T09:36:45.6268087Z Collecting wcwidth (from prompt-toolkit>=3.0.36->click-repl>=0.2.0->celery==5.5.3->-r requirements-dev.txt (line 11))
2025-08-19T09:36:45.6281571Z   Using cached wcwidth-0.2.13-py2.py3-none-any.whl.metadata (14 kB)
2025-08-19T09:36:45.7300466Z Collecting rich>=13.7.1 (from rich-toolkit>=0.14.8->fastapi-cli>=0.0.8->fastapi-cli[standard]>=0.0.8; extra == "all"->fastapi[all]->-r requirements-dev.txt (line 13))
2025-08-19T09:36:45.7314041Z   Using cached rich-14.1.0-py3-none-any.whl.metadata (18 kB)
2025-08-19T09:36:45.7523282Z Collecting markdown-it-py>=2.2.0 (from rich>=13.7.1->rich-toolkit>=0.14.8->fastapi-cli>=0.0.8->fastapi-cli[standard]>=0.0.8; extra == "all"->fastapi[all]->-r requirements-dev.txt (line 13))
2025-08-19T09:36:45.7537015Z   Using cached markdown_it_py-4.0.0-py3-none-any.whl.metadata (7.3 kB)
2025-08-19T09:36:45.7761743Z Collecting mdurl~=0.1 (from markdown-it-py>=2.2.0->rich>=13.7.1->rich-toolkit>=0.14.8->fastapi-cli>=0.0.8->fastapi-cli[standard]>=0.0.8; extra == "all"->fastapi[all]->-r requirements-dev.txt (line 13))
2025-08-19T09:36:45.7775081Z   Using cached mdurl-0.1.2-py3-none-any.whl.metadata (1.6 kB)
2025-08-19T09:36:45.8266644Z Collecting shellingham>=1.3.0 (from typer>=0.15.1->fastapi-cli>=0.0.8->fastapi-cli[standard]>=0.0.8; extra == "all"->fastapi[all]->-r requirements-dev.txt (line 13))
2025-08-19T09:36:45.8280038Z   Using cached shellingham-1.5.4-py2.py3-none-any.whl.metadata (3.5 kB)
2025-08-19T09:36:45.9005313Z Collecting httptools>=0.6.3 (from uvicorn[standard]>=0.12.0; extra == "all"->fastapi[all]->-r requirements-dev.txt (line 13))
2025-08-19T09:36:45.9020201Z   Using cached httptools-0.6.4-cp311-cp311-manylinux_2_5_x86_64.manylinux1_x86_64.manylinux_2_17_x86_64.manylinux2014_x86_64.whl.metadata (3.6 kB)
2025-08-19T09:36:45.9455666Z Collecting uvloop>=0.15.1 (from uvicorn[standard]>=0.12.0; extra == "all"->fastapi[all]->-r requirements-dev.txt (line 13))
2025-08-19T09:36:45.9470203Z   Using cached uvloop-0.21.0-cp311-cp311-manylinux_2_17_x86_64.manylinux2014_x86_64.whl.metadata (4.9 kB)
2025-08-19T09:36:46.0173623Z Collecting watchfiles>=0.13 (from uvicorn[standard]>=0.12.0; extra == "all"->fastapi[all]->-r requirements-dev.txt (line 13))
2025-08-19T09:36:46.0189422Z   Using cached watchfiles-1.1.0-cp311-cp311-manylinux_2_17_x86_64.manylinux2014_x86_64.whl.metadata (4.9 kB)
2025-08-19T09:36:46.1042668Z Collecting websockets>=10.4 (from uvicorn[standard]>=0.12.0; extra == "all"->fastapi[all]->-r requirements-dev.txt (line 13))
2025-08-19T09:36:46.1058653Z   Using cached websockets-15.0.1-cp311-cp311-manylinux_2_5_x86_64.manylinux1_x86_64.manylinux_2_17_x86_64.manylinux2014_x86_64.whl.metadata (6.8 kB)
2025-08-19T09:36:46.1492375Z Collecting argon2-cffi-bindings (from argon2-cffi->minio==7.*->-r requirements-dev.txt (line 10))
2025-08-19T09:36:46.1506539Z   Using cached argon2_cffi_bindings-25.1.0-cp39-abi3-manylinux_2_26_x86_64.manylinux_2_28_x86_64.whl.metadata (7.4 kB)
2025-08-19T09:36:46.2515748Z Collecting cffi>=1.0.1 (from argon2-cffi-bindings->argon2-cffi->minio==7.*->-r requirements-dev.txt (line 10))
2025-08-19T09:36:46.2531392Z   Using cached cffi-1.17.1-cp311-cp311-manylinux_2_17_x86_64.manylinux2014_x86_64.whl.metadata (1.5 kB)
2025-08-19T09:36:46.2715725Z Collecting pycparser (from cffi>=1.0.1->argon2-cffi-bindings->argon2-cffi->minio==7.*->-r requirements-dev.txt (line 10))
2025-08-19T09:36:46.2730508Z   Using cached pycparser-2.22-py3-none-any.whl.metadata (943 bytes)
2025-08-19T09:36:46.3283954Z Using cached jinja2-3.1.6-py3-none-any.whl (134 kB)
2025-08-19T09:36:46.3298453Z Using cached alembic-1.13.1-py3-none-any.whl (233 kB)
2025-08-19T09:36:46.3313571Z Using cached APScheduler-3.10.4-py3-none-any.whl (59 kB)
2025-08-19T09:36:46.3327513Z Using cached asgi_correlation_id-4.3.1-py3-none-any.whl (15 kB)
2025-08-19T09:36:46.3341441Z Using cached asyncpg-0.30.0-cp311-cp311-manylinux_2_17_x86_64.manylinux2014_x86_64.whl (3.1 MB)
2025-08-19T09:36:46.3377951Z Using cached black-25.1.0-cp311-cp311-manylinux_2_17_x86_64.manylinux2014_x86_64.manylinux_2_28_x86_64.whl (1.7 MB)
2025-08-19T09:36:46.3403767Z Using cached celery-5.5.3-py3-none-any.whl (438 kB)
2025-08-19T09:36:46.3420181Z Using cached fastapi-0.116.1-py3-none-any.whl (95 kB)
2025-08-19T09:36:46.3434112Z Using cached pydantic-2.11.7-py3-none-any.whl (444 kB)
2025-08-19T09:36:46.3450702Z Using cached fastapi_limiter-0.1.6-py3-none-any.whl (15 kB)
2025-08-19T09:36:46.3463950Z Using cached IMAPClient-3.0.1-py2.py3-none-any.whl (182 kB)
2025-08-19T09:36:46.3478823Z Using cached mypy_extensions-1.1.0-py3-none-any.whl (5.0 kB)
2025-08-19T09:36:46.3492353Z Using cached openpyxl-3.1.5-py2.py3-none-any.whl (250 kB)
2025-08-19T09:36:46.3507688Z Using cached psycopg2_binary-2.9.10-cp311-cp311-manylinux_2_17_x86_64.manylinux2014_x86_64.whl (3.0 MB)
2025-08-19T09:36:46.3543019Z Using cached psycopg-3.2.9-py3-none-any.whl (202 kB)
2025-08-19T09:36:46.3557805Z Using cached pytest_asyncio-0.23.6-py3-none-any.whl (17 kB)
2025-08-19T09:36:46.3571002Z Using cached pytest_cov-6.2.1-py3-none-any.whl (24 kB)
2025-08-19T09:36:46.3584440Z Using cached pytest_postgresql-7.0.2-py3-none-any.whl (41 kB)
2025-08-19T09:36:46.3598170Z Using cached python_telegram_bot-22.3-py3-none-any.whl (717 kB)
2025-08-19T09:36:46.3616591Z Using cached requests-2.32.4-py3-none-any.whl (64 kB)
2025-08-19T09:36:46.3630291Z Using cached respx-0.22.0-py2.py3-none-any.whl (25 kB)
2025-08-19T09:36:46.3643953Z Using cached ruff-0.4.4-py3-none-manylinux_2_17_x86_64.manylinux2014_x86_64.whl (8.7 MB)
2025-08-19T09:36:46.3721129Z Using cached SQLAlchemy-2.0.29-cp311-cp311-manylinux_2_17_x86_64.manylinux2014_x86_64.whl (3.2 MB)
2025-08-19T09:36:46.3756637Z Using cached structlog-24.1.0-py3-none-any.whl (65 kB)
2025-08-19T09:36:46.3770447Z Using cached testcontainers-4.10.0-py3-none-any.whl (107 kB)
2025-08-19T09:36:46.3784503Z Using cached types_requests-2.32.0.20240602-py3-none-any.whl (15 kB)
2025-08-19T09:36:46.3797927Z Using cached docspec_python-2.2.2-py3-none-any.whl (15 kB)
2025-08-19T09:36:46.3811273Z Using cached pydoc_markdown-4.8.2-py3-none-any.whl (67 kB)
2025-08-19T09:36:46.3824676Z Using cached docspec-2.2.1-py3-none-any.whl (9.8 kB)
2025-08-19T09:36:46.3838539Z Using cached psycopg_binary-3.2.9-cp311-cp311-manylinux_2_17_x86_64.manylinux2014_x86_64.whl (4.5 MB)
2025-08-19T09:36:46.3884425Z Using cached pydantic_core-2.33.2-cp311-cp311-manylinux_2_17_x86_64.manylinux2014_x86_64.whl (2.0 MB)
2025-08-19T09:36:46.3911456Z Using cached redis-5.3.1-py3-none-any.whl (272 kB)
2025-08-19T09:36:46.3926500Z Using cached minio-7.2.16-py3-none-any.whl (95 kB)
2025-08-19T09:36:46.3940410Z Using cached httpx-0.28.1-py3-none-any.whl (73 kB)
2025-08-19T09:36:46.3954638Z Using cached mypy-1.17.1-cp311-cp311-manylinux2014_x86_64.manylinux_2_17_x86_64.manylinux_2_28_x86_64.whl (12.6 MB)
2025-08-19T09:36:46.4057259Z Using cached numpy-1.26.4-cp311-cp311-manylinux_2_17_x86_64.manylinux2014_x86_64.whl (18.3 MB)
2025-08-19T09:36:46.4200767Z Using cached pandas-2.2.3-cp311-cp311-manylinux_2_17_x86_64.manylinux2014_x86_64.whl (13.1 MB)
2025-08-19T09:36:46.4304927Z Using cached pandera-0.19.3-py3-none-any.whl (251 kB)
2025-08-19T09:36:46.4320186Z Using cached billiard-4.2.1-py3-none-any.whl (86 kB)
2025-08-19T09:36:46.4334679Z Using cached charset_normalizer-3.4.3-cp311-cp311-manylinux2014_x86_64.manylinux_2_17_x86_64.manylinux_2_28_x86_64.whl (150 kB)
2025-08-19T09:36:46.4349294Z Using cached click-8.2.1-py3-none-any.whl (102 kB)
2025-08-19T09:36:46.4363324Z Using cached databind.core-4.5.2-py3-none-any.whl (1.5 kB)
2025-08-19T09:36:46.4376547Z Using cached databind-4.5.2-py3-none-any.whl (49 kB)
2025-08-19T09:36:46.4390298Z Using cached databind.json-4.5.2-py3-none-any.whl (1.5 kB)
2025-08-19T09:36:46.4403599Z Using cached Deprecated-1.2.18-py2.py3-none-any.whl (10.0 kB)
2025-08-19T09:36:46.4417007Z Using cached httpcore-1.0.9-py3-none-any.whl (78 kB)
2025-08-19T09:36:46.4430750Z Using cached idna-3.10-py3-none-any.whl (70 kB)
2025-08-19T09:36:46.4444354Z Using cached kombu-5.5.4-py3-none-any.whl (210 kB)
2025-08-19T09:36:46.4459220Z Using cached vine-5.1.0-py3-none-any.whl (9.6 kB)
2025-08-19T09:36:46.4472253Z Using cached amqp-5.3.1-py3-none-any.whl (50 kB)
2025-08-19T09:36:46.4485650Z Using cached multimethod-1.10-py3-none-any.whl (9.9 kB)
2025-08-19T09:36:46.4499016Z Using cached nr_date-2.1.0-py3-none-any.whl (10 kB)
2025-08-19T09:36:46.4512799Z Using cached nr_stream-1.1.5-py3-none-any.whl (10 kB)
2025-08-19T09:36:46.4526032Z Using cached nr.util-0.8.12-py3-none-any.whl (90 kB)
2025-08-19T09:36:46.4540072Z Using cached pytest-8.4.1-py3-none-any.whl (365 kB)
2025-08-19T09:36:46.4555933Z Using cached pluggy-1.6.0-py3-none-any.whl (20 kB)
2025-08-19T09:36:46.4569977Z Using cached PyYAML-6.0.2-cp311-cp311-manylinux_2_17_x86_64.manylinux2014_x86_64.whl (762 kB)
2025-08-19T09:36:46.4589233Z Using cached starlette-0.47.2-py3-none-any.whl (72 kB)
2025-08-19T09:36:46.4603007Z Using cached anyio-4.10.0-py3-none-any.whl (107 kB)
2025-08-19T09:36:46.4617426Z Using cached tomli-2.2.1-cp311-cp311-manylinux_2_17_x86_64.manylinux2014_x86_64.whl (236 kB)
2025-08-19T09:36:46.4632085Z Using cached tomli_w-1.2.0-py3-none-any.whl (6.7 kB)
2025-08-19T09:36:46.4645367Z Using cached typeapi-2.2.4-py3-none-any.whl (26 kB)
2025-08-19T09:36:46.4659088Z Using cached typing_extensions-4.14.1-py3-none-any.whl (43 kB)
2025-08-19T09:36:46.4672827Z Using cached urllib3-2.5.0-py3-none-any.whl (129 kB)
2025-08-19T09:36:46.4687440Z Using cached wrapt-1.17.3-cp311-cp311-manylinux1_x86_64.manylinux_2_28_x86_64.manylinux_2_5_x86_64.whl (82 kB)
2025-08-19T09:36:46.4701222Z Using cached boto3-1.40.12-py3-none-any.whl (140 kB)
2025-08-19T09:36:46.4715348Z Using cached botocore-1.40.12-py3-none-any.whl (14.0 MB)
2025-08-19T09:36:46.4833909Z Using cached jmespath-1.0.1-py3-none-any.whl (20 kB)
2025-08-19T09:36:46.4848174Z Using cached python_dateutil-2.9.0.post0-py2.py3-none-any.whl (229 kB)
2025-08-19T09:36:46.4863058Z Using cached s3transfer-0.13.1-py3-none-any.whl (85 kB)
2025-08-19T09:36:46.4877034Z Using cached itsdangerous-2.2.0-py3-none-any.whl (16 kB)
2025-08-19T09:36:46.4890546Z Using cached python_dotenv-1.1.1-py3-none-any.whl (20 kB)
2025-08-19T09:36:46.4904068Z Using cached python_multipart-0.0.20-py3-none-any.whl (24 kB)
2025-08-19T09:36:46.4917631Z Using cached annotated_types-0.7.0-py3-none-any.whl (13 kB)
2025-08-19T09:36:46.4931043Z Using cached certifi-2025.8.3-py3-none-any.whl (161 kB)
2025-08-19T09:36:46.4945652Z Using cached click_didyoumean-0.3.1-py3-none-any.whl (3.6 kB)
2025-08-19T09:36:46.4959215Z Using cached click_plugins-1.1.1.2-py2.py3-none-any.whl (11 kB)
2025-08-19T09:36:46.4972671Z Using cached click_repl-0.3.0-py3-none-any.whl (10 kB)
2025-08-19T09:36:46.4987511Z Using cached coverage-7.10.4-cp311-cp311-manylinux1_x86_64.manylinux_2_28_x86_64.manylinux_2_5_x86_64.whl (249 kB)
2025-08-19T09:36:46.5002181Z Using cached email_validator-2.2.0-py3-none-any.whl (33 kB)
2025-08-19T09:36:46.5015636Z Using cached dnspython-2.7.0-py3-none-any.whl (313 kB)
2025-08-19T09:36:46.5031271Z Using cached fastapi_cli-0.0.8-py3-none-any.whl (10 kB)
2025-08-19T09:36:46.5044714Z Using cached fastapi_cloud_cli-0.1.5-py3-none-any.whl (18 kB)
2025-08-19T09:36:46.5058783Z Using cached greenlet-3.2.4-cp311-cp311-manylinux_2_24_x86_64.manylinux_2_28_x86_64.whl (587 kB)
2025-08-19T09:36:46.5075917Z Using cached h11-0.16.0-py3-none-any.whl (37 kB)
2025-08-19T09:36:46.5089727Z Using cached iniconfig-2.1.0-py3-none-any.whl (6.0 kB)
2025-08-19T09:36:46.5103588Z Using cached MarkupSafe-3.0.2-cp311-cp311-manylinux_2_17_x86_64.manylinux2014_x86_64.whl (23 kB)
2025-08-19T09:36:46.5117086Z Using cached mirakuru-2.6.1-py3-none-any.whl (26 kB)
2025-08-19T09:36:46.5131006Z Using cached orjson-3.11.2-cp311-cp311-manylinux_2_17_x86_64.manylinux2014_x86_64.whl (121 kB)
2025-08-19T09:36:46.5145033Z Using cached packaging-25.0-py3-none-any.whl (66 kB)
2025-08-19T09:36:46.5158769Z Using cached pathspec-0.12.1-py3-none-any.whl (31 kB)
2025-08-19T09:36:46.5172143Z Using cached platformdirs-4.3.8-py3-none-any.whl (18 kB)
2025-08-19T09:36:46.5185277Z Using cached port_for-0.7.4-py3-none-any.whl (21 kB)
2025-08-19T09:36:46.5200155Z Using cached prompt_toolkit-3.0.51-py3-none-any.whl (387 kB)
2025-08-19T09:36:46.5217039Z Using cached psutil-7.0.0-cp36-abi3-manylinux_2_12_x86_64.manylinux2010_x86_64.manylinux_2_17_x86_64.manylinux2014_x86_64.whl (277 kB)
2025-08-19T09:36:46.5232176Z Using cached pydantic_extra_types-2.10.5-py3-none-any.whl (38 kB)
2025-08-19T09:36:46.5245668Z Using cached pydantic_settings-2.10.1-py3-none-any.whl (45 kB)
2025-08-19T09:36:46.5260133Z Using cached pygments-2.19.2-py3-none-any.whl (1.2 MB)
2025-08-19T09:36:46.5282160Z Using cached PyJWT-2.10.1-py3-none-any.whl (22 kB)
2025-08-19T09:36:46.5295527Z Using cached pytz-2025.2-py2.py3-none-any.whl (509 kB)
2025-08-19T09:36:46.5312388Z Using cached rich_toolkit-0.15.0-py3-none-any.whl (29 kB)
2025-08-19T09:36:46.5325701Z Using cached rich-14.1.0-py3-none-any.whl (243 kB)
2025-08-19T09:36:46.5341109Z Using cached markdown_it_py-4.0.0-py3-none-any.whl (87 kB)
2025-08-19T09:36:46.5354814Z Using cached mdurl-0.1.2-py3-none-any.whl (10.0 kB)
2025-08-19T09:36:46.5368469Z Using cached rignore-0.6.4-cp311-cp311-manylinux_2_17_x86_64.manylinux2014_x86_64.whl (950 kB)
2025-08-19T09:36:46.5388476Z Using cached sentry_sdk-2.35.0-py2.py3-none-any.whl (363 kB)
2025-08-19T09:36:46.5404126Z Using cached six-1.17.0-py2.py3-none-any.whl (11 kB)
2025-08-19T09:36:46.5417363Z Using cached sniffio-1.3.1-py3-none-any.whl (10 kB)
2025-08-19T09:36:46.5430834Z Using cached typer-0.16.1-py3-none-any.whl (46 kB)
2025-08-19T09:36:46.5444327Z Using cached shellingham-1.5.4-py2.py3-none-any.whl (9.8 kB)
2025-08-19T09:36:46.5457610Z Using cached typing_inspect-0.9.0-py3-none-any.whl (8.8 kB)
2025-08-19T09:36:46.5471114Z Using cached typing_inspection-0.4.1-py3-none-any.whl (14 kB)
2025-08-19T09:36:46.5484404Z Using cached tzdata-2025.2-py2.py3-none-any.whl (347 kB)
2025-08-19T09:36:46.5500302Z Using cached tzlocal-5.3.1-py3-none-any.whl (18 kB)
2025-08-19T09:36:46.5513845Z Using cached ujson-5.10.0-cp311-cp311-manylinux_2_17_x86_64.manylinux2014_x86_64.whl (53 kB)
2025-08-19T09:36:46.5527357Z Using cached uvicorn-0.35.0-py3-none-any.whl (66 kB)
2025-08-19T09:36:46.5541635Z Using cached httptools-0.6.4-cp311-cp311-manylinux_2_5_x86_64.manylinux1_x86_64.manylinux_2_17_x86_64.manylinux2014_x86_64.whl (459 kB)
2025-08-19T09:36:46.5558206Z Using cached uvloop-0.21.0-cp311-cp311-manylinux_2_17_x86_64.manylinux2014_x86_64.whl (4.0 MB)
2025-08-19T09:36:46.5599800Z Using cached watchfiles-1.1.0-cp311-cp311-manylinux_2_17_x86_64.manylinux2014_x86_64.whl (453 kB)
2025-08-19T09:36:46.5616475Z Using cached websockets-15.0.1-cp311-cp311-manylinux_2_5_x86_64.manylinux1_x86_64.manylinux_2_17_x86_64.manylinux2014_x86_64.whl (182 kB)
2025-08-19T09:36:46.5630831Z Using cached yapf-0.43.0-py3-none-any.whl (256 kB)
2025-08-19T09:36:46.5645883Z Using cached argon2_cffi-25.1.0-py3-none-any.whl (14 kB)
2025-08-19T09:36:46.5660102Z Using cached argon2_cffi_bindings-25.1.0-cp39-abi3-manylinux_2_26_x86_64.manylinux_2_28_x86_64.whl (87 kB)
2025-08-19T09:36:46.5674077Z Using cached cffi-1.17.1-cp311-cp311-manylinux_2_17_x86_64.manylinux2014_x86_64.whl (467 kB)
2025-08-19T09:36:46.5690685Z Using cached docker-7.1.0-py3-none-any.whl (147 kB)
2025-08-19T09:36:46.5704884Z Using cached et_xmlfile-2.0.0-py3-none-any.whl (18 kB)
2025-08-19T09:36:46.5718332Z Using cached mako-1.3.10-py3-none-any.whl (78 kB)
2025-08-19T09:36:46.5732081Z Using cached pycparser-2.22-py3-none-any.whl (117 kB)
2025-08-19T09:36:46.5746297Z Using cached pycryptodome-3.23.0-cp37-abi3-manylinux_2_17_x86_64.manylinux2014_x86_64.whl (2.3 MB)
2025-08-19T09:36:46.5775678Z Using cached typeguard-4.4.4-py3-none-any.whl (34 kB)
2025-08-19T09:36:46.5789520Z Using cached watchdog-6.0.0-py3-none-manylinux2014_x86_64.whl (79 kB)
2025-08-19T09:36:46.5803287Z Using cached wcwidth-0.2.13-py2.py3-none-any.whl (34 kB)
2025-08-19T09:36:46.9810299Z Installing collected packages: wcwidth, pytz, wrapt, websockets, watchdog, vine, uvloop, urllib3, ujson, tzlocal, tzdata, typing-extensions, tomli_w, tomli, structlog, sniffio, six, shellingham, ruff, rignore, PyYAML, python-multipart, python-dotenv, PyJWT, pygments, pycryptodome, pycparser, psycopg2-binary, psycopg-binary, psutil, prompt-toolkit, port-for, pluggy, platformdirs, pathspec, packaging, orjson, numpy, nr-stream, nr-date, mypy-extensions, multimethod, mdurl, MarkupSafe, jmespath, itsdangerous, iniconfig, imapclient, idna, httptools, h11, greenlet, et-xmlfile, docstring-parser, dnspython, coverage, click, charset_normalizer, certifi, billiard, asyncpg, annotated-types, yapf, uvicorn, typing-inspection, typing-inspect, types-requests, typeguard, typeapi, sqlalchemy, sentry-sdk, requests, redis, python-dateutil, pytest, pydantic-core, psycopg, openpyxl, mypy, mirakuru, markdown-it-py, Mako, Jinja2, httpcore, email-validator, Deprecated, click-repl, click-plugins, click-didyoumean, cffi, black, apscheduler, anyio, amqp, watchfiles, starlette, rich, pytest-postgresql, pytest-cov, pytest-asyncio, pydantic, pandas, nr-util, kombu, httpx, docker, databind, botocore, argon2-cffi-bindings, alembic, typer, testcontainers, s3transfer, rich-toolkit, respx, python-telegram-bot, pydantic-settings, pydantic-extra-types, pandera, fastapi, databind.json, databind.core, celery, asgi-correlation-id, argon2-cffi, minio, fastapi-limiter, fastapi-cloud-cli, fastapi-cli, docspec, boto3, docspec-python, pydoc-markdown
2025-08-19T09:37:03.5716992Z 
2025-08-19T09:37:03.5784970Z Successfully installed Deprecated-1.2.18 Jinja2-3.1.6 Mako-1.3.10 MarkupSafe-3.0.2 PyJWT-2.10.1 PyYAML-6.0.2 alembic-1.13.1 amqp-5.3.1 annotated-types-0.7.0 anyio-4.10.0 apscheduler-3.10.4 argon2-cffi-25.1.0 argon2-cffi-bindings-25.1.0 asgi-correlation-id-4.3.1 asyncpg-0.30.0 billiard-4.2.1 black-25.1.0 boto3-1.40.12 botocore-1.40.12 celery-5.5.3 certifi-2025.8.3 cffi-1.17.1 charset_normalizer-3.4.3 click-8.2.1 click-didyoumean-0.3.1 click-plugins-1.1.1.2 click-repl-0.3.0 coverage-7.10.4 databind-4.5.2 databind.core-4.5.2 databind.json-4.5.2 dnspython-2.7.0 docker-7.1.0 docspec-2.2.1 docspec-python-2.2.2 docstring-parser-0.11 email-validator-2.2.0 et-xmlfile-2.0.0 fastapi-0.116.1 fastapi-cli-0.0.8 fastapi-cloud-cli-0.1.5 fastapi-limiter-0.1.6 greenlet-3.2.4 h11-0.16.0 httpcore-1.0.9 httptools-0.6.4 httpx-0.28.1 idna-3.10 imapclient-3.0.1 iniconfig-2.1.0 itsdangerous-2.2.0 jmespath-1.0.1 kombu-5.5.4 markdown-it-py-4.0.0 mdurl-0.1.2 minio-7.2.16 mirakuru-2.6.1 multimethod-1.10 mypy-1.17.1 mypy-extensions-1.1.0 nr-date-2.1.0 nr-stream-1.1.5 nr-util-0.8.12 numpy-1.26.4 openpyxl-3.1.5 orjson-3.11.2 packaging-25.0 pandas-2.2.3 pandera-0.19.3 pathspec-0.12.1 platformdirs-4.3.8 pluggy-1.6.0 port-for-0.7.4 prompt-toolkit-3.0.51 psutil-7.0.0 psycopg-3.2.9 psycopg-binary-3.2.9 psycopg2-binary-2.9.10 pycparser-2.22 pycryptodome-3.23.0 pydantic-2.11.7 pydantic-core-2.33.2 pydantic-extra-types-2.10.5 pydantic-settings-2.10.1 pydoc-markdown-4.8.2 pygments-2.19.2 pytest-8.4.1 pytest-asyncio-0.23.6 pytest-cov-6.2.1 pytest-postgresql-7.0.2 python-dateutil-2.9.0.post0 python-dotenv-1.1.1 python-multipart-0.0.20 python-telegram-bot-22.3 pytz-2025.2 redis-5.3.1 requests-2.32.4 respx-0.22.0 rich-14.1.0 rich-toolkit-0.15.0 rignore-0.6.4 ruff-0.4.4 s3transfer-0.13.1 sentry-sdk-2.35.0 shellingham-1.5.4 six-1.17.0 sniffio-1.3.1 sqlalchemy-2.0.29 starlette-0.47.2 structlog-24.1.0 testcontainers-4.10.0 tomli-2.2.1 tomli_w-1.2.0 typeapi-2.2.4 typeguard-4.4.4 typer-0.16.1 types-requests-2.32.0.20240602 typing-extensions-4.14.1 typing-inspect-0.9.0 typing-inspection-0.4.1 tzdata-2025.2 tzlocal-5.3.1 ujson-5.10.0 urllib3-2.5.0 uvicorn-0.35.0 uvloop-0.21.0 vine-5.1.0 watchdog-6.0.0 watchfiles-1.1.0 wcwidth-0.2.13 websockets-15.0.1 wrapt-1.17.3 yapf-0.43.0
2025-08-19T09:37:05.3050318Z Collecting keepa==1.3.15
2025-08-19T09:37:05.3067138Z   Using cached keepa-1.3.15-py3-none-any.whl.metadata (11 kB)
2025-08-19T09:37:05.3376346Z Collecting minio==7.1.15
2025-08-19T09:37:05.3392695Z   Using cached minio-7.1.15-py3-none-any.whl.metadata (4.2 kB)
2025-08-19T09:37:05.3420546Z Requirement already satisfied: numpy>=1.9.3 in /opt/hostedtoolcache/Python/3.11.13/x64/lib/python3.11/site-packages (from keepa==1.3.15) (1.26.4)
2025-08-19T09:37:05.3426002Z Requirement already satisfied: requests>=2.2 in /opt/hostedtoolcache/Python/3.11.13/x64/lib/python3.11/site-packages (from keepa==1.3.15) (2.32.4)
2025-08-19T09:37:05.3765767Z Collecting tqdm (from keepa==1.3.15)
2025-08-19T09:37:05.3781912Z   Using cached tqdm-4.67.1-py3-none-any.whl.metadata (57 kB)
2025-08-19T09:37:05.8663712Z Collecting aiohttp (from keepa==1.3.15)
2025-08-19T09:37:05.8679924Z   Using cached aiohttp-3.12.15-cp311-cp311-manylinux_2_17_x86_64.manylinux2014_x86_64.whl.metadata (7.7 kB)
2025-08-19T09:37:05.8710326Z Requirement already satisfied: pandas<=3.0 in /opt/hostedtoolcache/Python/3.11.13/x64/lib/python3.11/site-packages (from keepa==1.3.15) (2.2.3)
2025-08-19T09:37:05.8714579Z Requirement already satisfied: pydantic in /opt/hostedtoolcache/Python/3.11.13/x64/lib/python3.11/site-packages (from keepa==1.3.15) (2.11.7)
2025-08-19T09:37:05.8722134Z Requirement already satisfied: certifi in /opt/hostedtoolcache/Python/3.11.13/x64/lib/python3.11/site-packages (from minio==7.1.15) (2025.8.3)
2025-08-19T09:37:05.8725479Z Requirement already satisfied: urllib3 in /opt/hostedtoolcache/Python/3.11.13/x64/lib/python3.11/site-packages (from minio==7.1.15) (2.5.0)
2025-08-19T09:37:05.8772647Z Requirement already satisfied: python-dateutil>=2.8.2 in /opt/hostedtoolcache/Python/3.11.13/x64/lib/python3.11/site-packages (from pandas<=3.0->keepa==1.3.15) (2.9.0.post0)
2025-08-19T09:37:05.8777899Z Requirement already satisfied: pytz>=2020.1 in /opt/hostedtoolcache/Python/3.11.13/x64/lib/python3.11/site-packages (from pandas<=3.0->keepa==1.3.15) (2025.2)
2025-08-19T09:37:05.8783135Z Requirement already satisfied: tzdata>=2022.7 in /opt/hostedtoolcache/Python/3.11.13/x64/lib/python3.11/site-packages (from pandas<=3.0->keepa==1.3.15) (2025.2)
2025-08-19T09:37:05.8895548Z Requirement already satisfied: six>=1.5 in /opt/hostedtoolcache/Python/3.11.13/x64/lib/python3.11/site-packages (from python-dateutil>=2.8.2->pandas<=3.0->keepa==1.3.15) (1.17.0)
2025-08-19T09:37:05.8913565Z Requirement already satisfied: charset_normalizer<4,>=2 in /opt/hostedtoolcache/Python/3.11.13/x64/lib/python3.11/site-packages (from requests>=2.2->keepa==1.3.15) (3.4.3)
2025-08-19T09:37:05.8919546Z Requirement already satisfied: idna<4,>=2.5 in /opt/hostedtoolcache/Python/3.11.13/x64/lib/python3.11/site-packages (from requests>=2.2->keepa==1.3.15) (3.10)
2025-08-19T09:37:05.9137305Z Collecting aiohappyeyeballs>=2.5.0 (from aiohttp->keepa==1.3.15)
2025-08-19T09:37:05.9151400Z   Using cached aiohappyeyeballs-2.6.1-py3-none-any.whl.metadata (5.9 kB)
2025-08-19T09:37:05.9275965Z Collecting aiosignal>=1.4.0 (from aiohttp->keepa==1.3.15)
2025-08-19T09:37:05.9289779Z   Using cached aiosignal-1.4.0-py3-none-any.whl.metadata (3.7 kB)
2025-08-19T09:37:05.9457407Z Collecting attrs>=17.3.0 (from aiohttp->keepa==1.3.15)
2025-08-19T09:37:05.9471585Z   Using cached attrs-25.3.0-py3-none-any.whl.metadata (10 kB)
2025-08-19T09:37:06.0130265Z Collecting frozenlist>=1.1.1 (from aiohttp->keepa==1.3.15)
2025-08-19T09:37:06.0146155Z   Using cached frozenlist-1.7.0-cp311-cp311-manylinux_2_5_x86_64.manylinux1_x86_64.manylinux_2_17_x86_64.manylinux2014_x86_64.whl.metadata (18 kB)
2025-08-19T09:37:06.2295755Z Collecting multidict<7.0,>=4.5 (from aiohttp->keepa==1.3.15)
2025-08-19T09:37:06.2311868Z   Using cached multidict-6.6.4-cp311-cp311-manylinux2014_x86_64.manylinux_2_17_x86_64.manylinux_2_28_x86_64.whl.metadata (5.3 kB)
2025-08-19T09:37:06.2735872Z Collecting propcache>=0.2.0 (from aiohttp->keepa==1.3.15)
2025-08-19T09:37:06.2751368Z   Using cached propcache-0.3.2-cp311-cp311-manylinux_2_17_x86_64.manylinux2014_x86_64.whl.metadata (12 kB)
2025-08-19T09:37:06.5277774Z Collecting yarl<2.0,>=1.17.0 (from aiohttp->keepa==1.3.15)
2025-08-19T09:37:06.5293733Z   Using cached yarl-1.20.1-cp311-cp311-manylinux_2_17_x86_64.manylinux2014_x86_64.whl.metadata (73 kB)
2025-08-19T09:37:06.5488575Z Requirement already satisfied: typing-extensions>=4.2 in /opt/hostedtoolcache/Python/3.11.13/x64/lib/python3.11/site-packages (from aiosignal>=1.4.0->aiohttp->keepa==1.3.15) (4.14.1)
2025-08-19T09:37:06.5533004Z Requirement already satisfied: annotated-types>=0.6.0 in /opt/hostedtoolcache/Python/3.11.13/x64/lib/python3.11/site-packages (from pydantic->keepa==1.3.15) (0.7.0)
2025-08-19T09:37:06.5538287Z Requirement already satisfied: pydantic-core==2.33.2 in /opt/hostedtoolcache/Python/3.11.13/x64/lib/python3.11/site-packages (from pydantic->keepa==1.3.15) (2.33.2)
2025-08-19T09:37:06.5545286Z Requirement already satisfied: typing-inspection>=0.4.0 in /opt/hostedtoolcache/Python/3.11.13/x64/lib/python3.11/site-packages (from pydantic->keepa==1.3.15) (0.4.1)
2025-08-19T09:37:06.5603917Z Using cached keepa-1.3.15-py3-none-any.whl (38 kB)
2025-08-19T09:37:06.5617282Z Using cached minio-7.1.15-py3-none-any.whl (77 kB)
2025-08-19T09:37:06.5631512Z Using cached aiohttp-3.12.15-cp311-cp311-manylinux_2_17_x86_64.manylinux2014_x86_64.whl (1.7 MB)
2025-08-19T09:37:06.5657737Z Using cached multidict-6.6.4-cp311-cp311-manylinux2014_x86_64.manylinux_2_17_x86_64.manylinux_2_28_x86_64.whl (246 kB)
2025-08-19T09:37:06.5672629Z Using cached yarl-1.20.1-cp311-cp311-manylinux_2_17_x86_64.manylinux2014_x86_64.whl (348 kB)
2025-08-19T09:37:06.5688616Z Using cached aiohappyeyeballs-2.6.1-py3-none-any.whl (15 kB)
2025-08-19T09:37:06.5701805Z Using cached aiosignal-1.4.0-py3-none-any.whl (7.5 kB)
2025-08-19T09:37:06.5714808Z Using cached attrs-25.3.0-py3-none-any.whl (63 kB)
2025-08-19T09:37:06.5729043Z Using cached frozenlist-1.7.0-cp311-cp311-manylinux_2_5_x86_64.manylinux1_x86_64.manylinux_2_17_x86_64.manylinux2014_x86_64.whl (235 kB)
2025-08-19T09:37:06.5743751Z Using cached propcache-0.3.2-cp311-cp311-manylinux_2_17_x86_64.manylinux2014_x86_64.whl (213 kB)
2025-08-19T09:37:06.5758405Z Using cached tqdm-4.67.1-py3-none-any.whl (78 kB)
2025-08-19T09:37:06.7268398Z Installing collected packages: tqdm, propcache, multidict, minio, frozenlist, attrs, aiohappyeyeballs, yarl, aiosignal, aiohttp, keepa
2025-08-19T09:37:06.7933907Z   Attempting uninstall: minio
2025-08-19T09:37:06.7966098Z     Found existing installation: minio 7.2.16
2025-08-19T09:37:06.8000036Z     Uninstalling minio-7.2.16:
2025-08-19T09:37:06.8009488Z       Successfully uninstalled minio-7.2.16
2025-08-19T09:37:07.1203486Z 
2025-08-19T09:37:07.1260763Z Successfully installed aiohappyeyeballs-2.6.1 aiohttp-3.12.15 aiosignal-1.4.0 attrs-25.3.0 frozenlist-1.7.0 keepa-1.3.15 minio-7.1.15 multidict-6.6.4 propcache-0.3.2 tqdm-4.67.1 yarl-1.20.1
2025-08-19T09:37:07.3042726Z ##[group]Run sudo apt-get update
2025-08-19T09:37:07.3043060Z [36;1msudo apt-get update[0m
2025-08-19T09:37:07.3043327Z [36;1msudo apt-get install -y postgresql[0m
2025-08-19T09:37:07.3043806Z [36;1mecho "/usr/lib/postgresql/$(pg_config --version | cut -d' ' -f2 | cut -d'.' -f1,2)/bin" >> $GITHUB_PATH[0m
2025-08-19T09:37:07.3083509Z shell: /usr/bin/bash -e {0}
2025-08-19T09:37:07.3083745Z env:
2025-08-19T09:37:07.3083921Z   PG_USER: postgres
2025-08-19T09:37:07.3084135Z   PG_PASSWORD: pass
2025-08-19T09:37:07.3084328Z   PG_DATABASE: awa
2025-08-19T09:37:07.3084518Z   PG_HOST: localhost
2025-08-19T09:37:07.3084720Z   PG_PORT: 5432
2025-08-19T09:37:07.3085162Z   PG_SYNC_DSN: ***localhost:5432/awa
2025-08-19T09:37:07.3085601Z   PG_ASYNC_DSN: ***localhost:5432/awa
2025-08-19T09:37:07.3085994Z   DATABASE_URL: ***localhost:5432/awa
2025-08-19T09:37:07.3086240Z   DATA_DIR: /tmp/awa-data
2025-08-19T09:37:07.3086451Z   ENABLE_LIVE: 0
2025-08-19T09:37:07.3086640Z   TESTING: 1
2025-08-19T09:37:07.3087154Z   pythonLocation: /opt/hostedtoolcache/Python/3.11.13/x64
2025-08-19T09:37:07.3087573Z   PKG_CONFIG_PATH: /opt/hostedtoolcache/Python/3.11.13/x64/lib/pkgconfig
2025-08-19T09:37:07.3087974Z   Python_ROOT_DIR: /opt/hostedtoolcache/Python/3.11.13/x64
2025-08-19T09:37:07.3088342Z   Python2_ROOT_DIR: /opt/hostedtoolcache/Python/3.11.13/x64
2025-08-19T09:37:07.3088703Z   Python3_ROOT_DIR: /opt/hostedtoolcache/Python/3.11.13/x64
2025-08-19T09:37:07.3089063Z   LD_LIBRARY_PATH: /opt/hostedtoolcache/Python/3.11.13/x64/lib
2025-08-19T09:37:07.3089364Z ##[endgroup]
2025-08-19T09:37:07.3822488Z Get:1 file:/etc/apt/apt-mirrors.txt Mirrorlist [144 B]
2025-08-19T09:37:07.4159603Z Hit:2 http://azure.archive.ubuntu.com/ubuntu noble InRelease
2025-08-19T09:37:07.4160608Z Hit:6 https://packages.microsoft.com/repos/azure-cli noble InRelease
2025-08-19T09:37:07.4170766Z Get:7 https://packages.microsoft.com/ubuntu/24.04/prod noble InRelease [3600 B]
2025-08-19T09:37:07.4177738Z Get:3 http://azure.archive.ubuntu.com/ubuntu noble-updates InRelease [126 kB]
2025-08-19T09:37:07.4290973Z Get:4 http://azure.archive.ubuntu.com/ubuntu noble-backports InRelease [126 kB]
2025-08-19T09:37:07.4327727Z Get:5 http://azure.archive.ubuntu.com/ubuntu noble-security InRelease [126 kB]
2025-08-19T09:37:07.5783107Z Get:8 https://packages.microsoft.com/ubuntu/24.04/prod noble/main arm64 Packages [33.1 kB]
2025-08-19T09:37:07.5901096Z Get:9 https://packages.microsoft.com/ubuntu/24.04/prod noble/main amd64 Packages [47.9 kB]
2025-08-19T09:37:07.6248647Z Get:10 http://azure.archive.ubuntu.com/ubuntu noble-updates/main amd64 Packages [1337 kB]
2025-08-19T09:37:07.6366386Z Get:11 http://azure.archive.ubuntu.com/ubuntu noble-updates/main Translation-en [267 kB]
2025-08-19T09:37:07.6394385Z Get:12 http://azure.archive.ubuntu.com/ubuntu noble-updates/main amd64 Components [175 kB]
2025-08-19T09:37:07.6415019Z Get:13 http://azure.archive.ubuntu.com/ubuntu noble-updates/universe amd64 Packages [1121 kB]
2025-08-19T09:37:07.6495233Z Get:14 http://azure.archive.ubuntu.com/ubuntu noble-updates/universe Translation-en [288 kB]
2025-08-19T09:37:07.6523220Z Get:15 http://azure.archive.ubuntu.com/ubuntu noble-updates/universe amd64 Components [377 kB]
2025-08-19T09:37:07.6587699Z Get:16 http://azure.archive.ubuntu.com/ubuntu noble-updates/restricted amd64 Packages [1700 kB]
2025-08-19T09:37:07.6666597Z Get:17 http://azure.archive.ubuntu.com/ubuntu noble-updates/restricted Translation-en [375 kB]
2025-08-19T09:37:07.6698273Z Get:18 http://azure.archive.ubuntu.com/ubuntu noble-updates/restricted amd64 Components [212 B]
2025-08-19T09:37:07.6705934Z Get:19 http://azure.archive.ubuntu.com/ubuntu noble-updates/multiverse amd64 Components [940 B]
2025-08-19T09:37:07.7238272Z Get:20 http://azure.archive.ubuntu.com/ubuntu noble-backports/main amd64 Components [7072 B]
2025-08-19T09:37:07.7250752Z Get:21 http://azure.archive.ubuntu.com/ubuntu noble-backports/universe amd64 Packages [30.2 kB]
2025-08-19T09:37:07.7289404Z Get:22 http://azure.archive.ubuntu.com/ubuntu noble-backports/universe Translation-en [17.4 kB]
2025-08-19T09:37:07.7292591Z Get:23 http://azure.archive.ubuntu.com/ubuntu noble-backports/universe amd64 Components [19.2 kB]
2025-08-19T09:37:07.7293721Z Get:24 http://azure.archive.ubuntu.com/ubuntu noble-backports/restricted amd64 Components [216 B]
2025-08-19T09:37:07.7294896Z Get:25 http://azure.archive.ubuntu.com/ubuntu noble-backports/multiverse amd64 Components [212 B]
2025-08-19T09:37:07.7304588Z Get:26 http://azure.archive.ubuntu.com/ubuntu noble-security/main amd64 Packages [1075 kB]
2025-08-19T09:37:07.7364780Z Get:27 http://azure.archive.ubuntu.com/ubuntu noble-security/main Translation-en [186 kB]
2025-08-19T09:37:07.7382208Z Get:28 http://azure.archive.ubuntu.com/ubuntu noble-security/main amd64 Components [21.6 kB]
2025-08-19T09:37:07.7392381Z Get:29 http://azure.archive.ubuntu.com/ubuntu noble-security/universe amd64 Packages [879 kB]
2025-08-19T09:37:07.7441819Z Get:30 http://azure.archive.ubuntu.com/ubuntu noble-security/universe Translation-en [195 kB]
2025-08-19T09:37:07.7465671Z Get:31 http://azure.archive.ubuntu.com/ubuntu noble-security/universe amd64 Components [52.2 kB]
2025-08-19T09:37:07.7480318Z Get:32 http://azure.archive.ubuntu.com/ubuntu noble-security/restricted amd64 Packages [1610 kB]
2025-08-19T09:37:07.7556052Z Get:33 http://azure.archive.ubuntu.com/ubuntu noble-security/restricted Translation-en [357 kB]
2025-08-19T09:37:07.7995128Z Get:34 http://azure.archive.ubuntu.com/ubuntu noble-security/restricted amd64 Components [212 B]
2025-08-19T09:37:07.8003614Z Get:35 http://azure.archive.ubuntu.com/ubuntu noble-security/multiverse amd64 Components [212 B]
2025-08-19T09:37:14.6567095Z Fetched 10.6 MB in 1s (8085 kB/s)
2025-08-19T09:37:15.4232664Z Reading package lists...
2025-08-19T09:37:15.4579108Z Reading package lists...
2025-08-19T09:37:15.6341805Z Building dependency tree...
2025-08-19T09:37:15.6348984Z Reading state information...
2025-08-19T09:37:15.7940517Z Suggested packages:
2025-08-19T09:37:15.7940916Z   postgresql-doc
2025-08-19T09:37:15.8108636Z The following NEW packages will be installed:
2025-08-19T09:37:15.8109221Z   postgresql
2025-08-19T09:37:15.8281079Z 0 upgraded, 1 newly installed, 0 to remove and 39 not upgraded.
2025-08-19T09:37:15.8281715Z Need to get 11.6 kB of archives.
2025-08-19T09:37:15.8282198Z After this operation, 17.4 kB of additional disk space will be used.
2025-08-19T09:37:15.8282602Z Get:1 file:/etc/apt/apt-mirrors.txt Mirrorlist [144 B]
2025-08-19T09:37:15.8601313Z Get:2 http://azure.archive.ubuntu.com/ubuntu noble-updates/main amd64 postgresql all 16+257build1.1 [11.6 kB]
2025-08-19T09:37:16.1177432Z Fetched 11.6 kB in 0s (274 kB/s)
2025-08-19T09:37:16.1377525Z Selecting previously unselected package postgresql.
2025-08-19T09:37:16.1564202Z (Reading database ... 
2025-08-19T09:37:16.1575383Z (Reading database ... 5%
2025-08-19T09:37:16.1576079Z (Reading database ... 10%
2025-08-19T09:37:16.1576653Z (Reading database ... 15%
2025-08-19T09:37:16.1577214Z (Reading database ... 20%
2025-08-19T09:37:16.1577478Z (Reading database ... 25%
2025-08-19T09:37:16.1577702Z (Reading database ... 30%
2025-08-19T09:37:16.1577913Z (Reading database ... 35%
2025-08-19T09:37:16.1578129Z (Reading database ... 40%
2025-08-19T09:37:16.1578344Z (Reading database ... 45%
2025-08-19T09:37:16.1578546Z (Reading database ... 50%
2025-08-19T09:37:16.1812605Z (Reading database ... 55%
2025-08-19T09:37:16.2023958Z (Reading database ... 60%
2025-08-19T09:37:16.2275348Z (Reading database ... 65%
2025-08-19T09:37:16.2533572Z (Reading database ... 70%
2025-08-19T09:37:16.2732276Z (Reading database ... 75%
2025-08-19T09:37:16.3052063Z (Reading database ... 80%
2025-08-19T09:37:16.3581880Z (Reading database ... 85%
2025-08-19T09:37:16.4248155Z (Reading database ... 90%
2025-08-19T09:37:16.4618550Z (Reading database ... 95%
2025-08-19T09:37:16.4619026Z (Reading database ... 100%
2025-08-19T09:37:16.4619611Z (Reading database ... 219881 files and directories currently installed.)
2025-08-19T09:37:16.4662960Z Preparing to unpack .../postgresql_16+257build1.1_all.deb ...
2025-08-19T09:37:16.4688189Z Unpacking postgresql (16+257build1.1) ...
2025-08-19T09:37:16.5063907Z Setting up postgresql (16+257build1.1) ...
2025-08-19T09:37:17.1242403Z 
2025-08-19T09:37:17.1243024Z Running kernel seems to be up-to-date.
2025-08-19T09:37:17.1243417Z 
2025-08-19T09:37:17.1243567Z Restarting services...
2025-08-19T09:37:17.1313846Z 
2025-08-19T09:37:17.1314300Z Service restarts being deferred:
2025-08-19T09:37:17.1315087Z  systemctl restart hosted-compute-agent.service
2025-08-19T09:37:17.1315474Z 
2025-08-19T09:37:17.1315690Z No containers need to be restarted.
2025-08-19T09:37:17.1315981Z 
2025-08-19T09:37:17.1316171Z No user sessions are running outdated binaries.
2025-08-19T09:37:17.1316540Z 
2025-08-19T09:37:17.1317013Z No VM guests are running outdated hypervisor (qemu) binaries on this host.
2025-08-19T09:37:18.0590780Z ##[group]Run pytest tests/db -q --cov=services --cov-append --cov-fail-under=0
2025-08-19T09:37:18.0591332Z [36;1mpytest tests/db -q --cov=services --cov-append --cov-fail-under=0[0m
2025-08-19T09:37:18.0631196Z shell: /usr/bin/bash -e {0}
2025-08-19T09:37:18.0631433Z env:
2025-08-19T09:37:18.0631615Z   PG_USER: postgres
2025-08-19T09:37:18.0631811Z   PG_PASSWORD: pass
2025-08-19T09:37:18.0631999Z   PG_DATABASE: awa
2025-08-19T09:37:18.0632191Z   PG_HOST: localhost
2025-08-19T09:37:18.0632385Z   PG_PORT: 5432
2025-08-19T09:37:18.0632839Z   PG_SYNC_DSN: ***localhost:5432/awa
2025-08-19T09:37:18.0633247Z   PG_ASYNC_DSN: ***localhost:5432/awa
2025-08-19T09:37:18.0633632Z   DATABASE_URL: ***localhost:5432/awa
2025-08-19T09:37:18.0633877Z   DATA_DIR: /tmp/awa-data
2025-08-19T09:37:18.0634090Z   ENABLE_LIVE: 0
2025-08-19T09:37:18.0634290Z   TESTING: 1
2025-08-19T09:37:18.0634534Z   pythonLocation: /opt/hostedtoolcache/Python/3.11.13/x64
2025-08-19T09:37:18.0634967Z   PKG_CONFIG_PATH: /opt/hostedtoolcache/Python/3.11.13/x64/lib/pkgconfig
2025-08-19T09:37:18.0635356Z   Python_ROOT_DIR: /opt/hostedtoolcache/Python/3.11.13/x64
2025-08-19T09:37:18.0635700Z   Python2_ROOT_DIR: /opt/hostedtoolcache/Python/3.11.13/x64
2025-08-19T09:37:18.0636052Z   Python3_ROOT_DIR: /opt/hostedtoolcache/Python/3.11.13/x64
2025-08-19T09:37:18.0636407Z   LD_LIBRARY_PATH: /opt/hostedtoolcache/Python/3.11.13/x64/lib
2025-08-19T09:37:18.0636868Z ##[endgroup]
2025-08-19T09:37:20.8622895Z /opt/hostedtoolcache/Python/3.11.13/x64/lib/python3.11/site-packages/coverage/report_core.py:118: CoverageWarning: Couldn't parse '/home/runner/work/AWA-App/AWA-App/C:\Users\Alexey\Documents\GitHub\AWA-App\services\__init__.py': No source for code: '/home/runner/work/AWA-App/AWA-App/C:\Users\Alexey\Documents\GitHub\AWA-App\services\__init__.py'. (couldnt-parse)
2025-08-19T09:37:20.8625787Z   coverage._warn(msg, slug="couldnt-parse")
2025-08-19T09:37:20.8628309Z /opt/hostedtoolcache/Python/3.11.13/x64/lib/python3.11/site-packages/coverage/report_core.py:118: CoverageWarning: Couldn't parse '/home/runner/work/AWA-App/AWA-App/C:\Users\Alexey\Documents\GitHub\AWA-App\services\alert_bot\__init__.py': No source for code: '/home/runner/work/AWA-App/AWA-App/C:\Users\Alexey\Documents\GitHub\AWA-App\services\alert_bot\__init__.py'. (couldnt-parse)
2025-08-19T09:37:20.8630847Z   coverage._warn(msg, slug="couldnt-parse")
2025-08-19T09:37:20.8633375Z /opt/hostedtoolcache/Python/3.11.13/x64/lib/python3.11/site-packages/coverage/report_core.py:118: CoverageWarning: Couldn't parse '/home/runner/work/AWA-App/AWA-App/C:\Users\Alexey\Documents\GitHub\AWA-App\services\alert_bot\alert_bot.py': No source for code: '/home/runner/work/AWA-App/AWA-App/C:\Users\Alexey\Documents\GitHub\AWA-App\services\alert_bot\alert_bot.py'. (couldnt-parse)
2025-08-19T09:37:20.8635896Z   coverage._warn(msg, slug="couldnt-parse")
2025-08-19T09:37:20.8638415Z /opt/hostedtoolcache/Python/3.11.13/x64/lib/python3.11/site-packages/coverage/report_core.py:118: CoverageWarning: Couldn't parse '/home/runner/work/AWA-App/AWA-App/C:\Users\Alexey\Documents\GitHub\AWA-App\services\alert_bot\rules\__init__.py': No source for code: '/home/runner/work/AWA-App/AWA-App/C:\Users\Alexey\Documents\GitHub\AWA-App\services\alert_bot\rules\__init__.py'. (couldnt-parse)
2025-08-19T09:37:20.8640852Z   coverage._warn(msg, slug="couldnt-parse")
2025-08-19T09:37:20.8643130Z /opt/hostedtoolcache/Python/3.11.13/x64/lib/python3.11/site-packages/coverage/report_core.py:118: CoverageWarning: Couldn't parse '/home/runner/work/AWA-App/AWA-App/C:\Users\Alexey\Documents\GitHub\AWA-App\services\api\__init__.py': No source for code: '/home/runner/work/AWA-App/AWA-App/C:\Users\Alexey\Documents\GitHub\AWA-App\services\api\__init__.py'. (couldnt-parse)
2025-08-19T09:37:20.8645393Z   coverage._warn(msg, slug="couldnt-parse")
2025-08-19T09:37:20.8648071Z /opt/hostedtoolcache/Python/3.11.13/x64/lib/python3.11/site-packages/coverage/report_core.py:118: CoverageWarning: Couldn't parse '/home/runner/work/AWA-App/AWA-App/C:\Users\Alexey\Documents\GitHub\AWA-App\services\api\config.py': No source for code: '/home/runner/work/AWA-App/AWA-App/C:\Users\Alexey\Documents\GitHub\AWA-App\services\api\config.py'. (couldnt-parse)
2025-08-19T09:37:20.8650362Z   coverage._warn(msg, slug="couldnt-parse")
2025-08-19T09:37:20.8652561Z /opt/hostedtoolcache/Python/3.11.13/x64/lib/python3.11/site-packages/coverage/report_core.py:118: CoverageWarning: Couldn't parse '/home/runner/work/AWA-App/AWA-App/C:\Users\Alexey\Documents\GitHub\AWA-App\services\api\db.py': No source for code: '/home/runner/work/AWA-App/AWA-App/C:\Users\Alexey\Documents\GitHub\AWA-App\services\api\db.py'. (couldnt-parse)
2025-08-19T09:37:20.8654791Z   coverage._warn(msg, slug="couldnt-parse")
2025-08-19T09:37:20.8656085Z /opt/hostedtoolcache/Python/3.11.13/x64/lib/python3.11/site-packages/coverage/report_core.py:118: CoverageWarning: Couldn't parse '/home/runner/work/AWA-App/AWA-App/C:\Users\Alexey\Documents\GitHub\AWA-App\services\api\main.py': No source for code: '/home/runner/work/AWA-App/AWA-App/C:\Users\Alexey\Documents\GitHub\AWA-App\services\api\main.py'. (couldnt-parse)
2025-08-19T09:37:20.8657604Z   coverage._warn(msg, slug="couldnt-parse")
2025-08-19T09:37:20.8658959Z /opt/hostedtoolcache/Python/3.11.13/x64/lib/python3.11/site-packages/coverage/report_core.py:118: CoverageWarning: Couldn't parse '/home/runner/work/AWA-App/AWA-App/C:\Users\Alexey\Documents\GitHub\AWA-App\services\api\models\__init__.py': No source for code: '/home/runner/work/AWA-App/AWA-App/C:\Users\Alexey\Documents\GitHub\AWA-App\services\api\models\__init__.py'. (couldnt-parse)
2025-08-19T09:37:20.8660299Z   coverage._warn(msg, slug="couldnt-parse")
2025-08-19T09:37:20.8661601Z /opt/hostedtoolcache/Python/3.11.13/x64/lib/python3.11/site-packages/coverage/report_core.py:118: CoverageWarning: Couldn't parse '/home/runner/work/AWA-App/AWA-App/C:\Users\Alexey\Documents\GitHub\AWA-App\services\api\models\fee.py': No source for code: '/home/runner/work/AWA-App/AWA-App/C:\Users\Alexey\Documents\GitHub\AWA-App\services\api\models\fee.py'. (couldnt-parse)
2025-08-19T09:37:20.8663058Z   coverage._warn(msg, slug="couldnt-parse")
2025-08-19T09:37:20.8664832Z /opt/hostedtoolcache/Python/3.11.13/x64/lib/python3.11/site-packages/coverage/report_core.py:118: CoverageWarning: Couldn't parse '/home/runner/work/AWA-App/AWA-App/C:\Users\Alexey\Documents\GitHub\AWA-App\services\api\roi_repository.py': No source for code: '/home/runner/work/AWA-App/AWA-App/C:\Users\Alexey\Documents\GitHub\AWA-App\services\api\roi_repository.py'. (couldnt-parse)
2025-08-19T09:37:20.8667375Z   coverage._warn(msg, slug="couldnt-parse")
2025-08-19T09:37:20.8669612Z /opt/hostedtoolcache/Python/3.11.13/x64/lib/python3.11/site-packages/coverage/report_core.py:118: CoverageWarning: Couldn't parse '/home/runner/work/AWA-App/AWA-App/C:\Users\Alexey\Documents\GitHub\AWA-App\services\api\routes\__init__.py': No source for code: '/home/runner/work/AWA-App/AWA-App/C:\Users\Alexey\Documents\GitHub\AWA-App\services\api\routes\__init__.py'. (couldnt-parse)
2025-08-19T09:37:20.8670947Z   coverage._warn(msg, slug="couldnt-parse")
2025-08-19T09:37:20.8672794Z /opt/hostedtoolcache/Python/3.11.13/x64/lib/python3.11/site-packages/coverage/report_core.py:118: CoverageWarning: Couldn't parse '/home/runner/work/AWA-App/AWA-App/C:\Users\Alexey\Documents\GitHub\AWA-App\services\api\routes\health.py': No source for code: '/home/runner/work/AWA-App/AWA-App/C:\Users\Alexey\Documents\GitHub\AWA-App\services\api\routes\health.py'. (couldnt-parse)
2025-08-19T09:37:20.8674124Z   coverage._warn(msg, slug="couldnt-parse")
2025-08-19T09:37:20.8676042Z /opt/hostedtoolcache/Python/3.11.13/x64/lib/python3.11/site-packages/coverage/report_core.py:118: CoverageWarning: Couldn't parse '/home/runner/work/AWA-App/AWA-App/C:\Users\Alexey\Documents\GitHub\AWA-App\services\api\routes\repository.py': No source for code: '/home/runner/work/AWA-App/AWA-App/C:\Users\Alexey\Documents\GitHub\AWA-App\services\api\routes\repository.py'. (couldnt-parse)
2025-08-19T09:37:20.8678153Z   coverage._warn(msg, slug="couldnt-parse")
2025-08-19T09:37:20.8679645Z /opt/hostedtoolcache/Python/3.11.13/x64/lib/python3.11/site-packages/coverage/report_core.py:118: CoverageWarning: Couldn't parse '/home/runner/work/AWA-App/AWA-App/C:\Users\Alexey\Documents\GitHub\AWA-App\services\api\routes\roi.py': No source for code: '/home/runner/work/AWA-App/AWA-App/C:\Users\Alexey\Documents\GitHub\AWA-App\services\api\routes\roi.py'. (couldnt-parse)
2025-08-19T09:37:20.8681428Z   coverage._warn(msg, slug="couldnt-parse")
2025-08-19T09:37:20.8682734Z /opt/hostedtoolcache/Python/3.11.13/x64/lib/python3.11/site-packages/coverage/report_core.py:118: CoverageWarning: Couldn't parse '/home/runner/work/AWA-App/AWA-App/C:\Users\Alexey\Documents\GitHub\AWA-App\services\api\routes\stats.py': No source for code: '/home/runner/work/AWA-App/AWA-App/C:\Users\Alexey\Documents\GitHub\AWA-App\services\api\routes\stats.py'. (couldnt-parse)
2025-08-19T09:37:20.8684543Z   coverage._warn(msg, slug="couldnt-parse")
2025-08-19T09:37:20.8686026Z /opt/hostedtoolcache/Python/3.11.13/x64/lib/python3.11/site-packages/coverage/report_core.py:118: CoverageWarning: Couldn't parse '/home/runner/work/AWA-App/AWA-App/C:\Users\Alexey\Documents\GitHub\AWA-App\services\common\__init__.py': No source for code: '/home/runner/work/AWA-App/AWA-App/C:\Users\Alexey\Documents\GitHub\AWA-App\services\common\__init__.py'. (couldnt-parse)
2025-08-19T09:37:20.8687743Z   coverage._warn(msg, slug="couldnt-parse")
2025-08-19T09:37:20.8689388Z /opt/hostedtoolcache/Python/3.11.13/x64/lib/python3.11/site-packages/coverage/report_core.py:118: CoverageWarning: Couldn't parse '/home/runner/work/AWA-App/AWA-App/C:\Users\Alexey\Documents\GitHub\AWA-App\services\common\base.py': No source for code: '/home/runner/work/AWA-App/AWA-App/C:\Users\Alexey\Documents\GitHub\AWA-App\services\common\base.py'. (couldnt-parse)
2025-08-19T09:37:20.8690773Z   coverage._warn(msg, slug="couldnt-parse")
2025-08-19T09:37:20.8692877Z /opt/hostedtoolcache/Python/3.11.13/x64/lib/python3.11/site-packages/coverage/report_core.py:118: CoverageWarning: Couldn't parse '/home/runner/work/AWA-App/AWA-App/C:\Users\Alexey\Documents\GitHub\AWA-App\services\common\config.py': No source for code: '/home/runner/work/AWA-App/AWA-App/C:\Users\Alexey\Documents\GitHub\AWA-App\services\common\config.py'. (couldnt-parse)
2025-08-19T09:37:20.8694361Z   coverage._warn(msg, slug="couldnt-parse")
2025-08-19T09:37:20.8695916Z /opt/hostedtoolcache/Python/3.11.13/x64/lib/python3.11/site-packages/coverage/report_core.py:118: CoverageWarning: Couldn't parse '/home/runner/work/AWA-App/AWA-App/C:\Users\Alexey\Documents\GitHub\AWA-App\services\common\db.py': No source for code: '/home/runner/work/AWA-App/AWA-App/C:\Users\Alexey\Documents\GitHub\AWA-App\services\common\db.py'. (couldnt-parse)
2025-08-19T09:37:20.8697740Z   coverage._warn(msg, slug="couldnt-parse")
2025-08-19T09:37:20.8699054Z /opt/hostedtoolcache/Python/3.11.13/x64/lib/python3.11/site-packages/coverage/report_core.py:118: CoverageWarning: Couldn't parse '/home/runner/work/AWA-App/AWA-App/C:\Users\Alexey\Documents\GitHub\AWA-App\services\common\db_url.py': No source for code: '/home/runner/work/AWA-App/AWA-App/C:\Users\Alexey\Documents\GitHub\AWA-App\services\common\db_url.py'. (couldnt-parse)
2025-08-19T09:37:20.8700812Z   coverage._warn(msg, slug="couldnt-parse")
2025-08-19T09:37:20.8702077Z /opt/hostedtoolcache/Python/3.11.13/x64/lib/python3.11/site-packages/coverage/report_core.py:118: CoverageWarning: Couldn't parse '/home/runner/work/AWA-App/AWA-App/C:\Users\Alexey\Documents\GitHub\AWA-App\services\common\dsn.py': No source for code: '/home/runner/work/AWA-App/AWA-App/C:\Users\Alexey\Documents\GitHub\AWA-App\services\common\dsn.py'. (couldnt-parse)
2025-08-19T09:37:20.8703856Z   coverage._warn(msg, slug="couldnt-parse")
2025-08-19T09:37:20.8705585Z /opt/hostedtoolcache/Python/3.11.13/x64/lib/python3.11/site-packages/coverage/report_core.py:118: CoverageWarning: Couldn't parse '/home/runner/work/AWA-App/AWA-App/C:\Users\Alexey\Documents\GitHub\AWA-App\services\common\keepa.py': No source for code: '/home/runner/work/AWA-App/AWA-App/C:\Users\Alexey\Documents\GitHub\AWA-App\services\common\keepa.py'. (couldnt-parse)
2025-08-19T09:37:20.8707137Z   coverage._warn(msg, slug="couldnt-parse")
2025-08-19T09:37:20.8708901Z /opt/hostedtoolcache/Python/3.11.13/x64/lib/python3.11/site-packages/coverage/report_core.py:118: CoverageWarning: Couldn't parse '/home/runner/work/AWA-App/AWA-App/C:\Users\Alexey\Documents\GitHub\AWA-App\services\common\llm.py': No source for code: '/home/runner/work/AWA-App/AWA-App/C:\Users\Alexey\Documents\GitHub\AWA-App\services\common\llm.py'. (couldnt-parse)
2025-08-19T09:37:20.8710374Z   coverage._warn(msg, slug="couldnt-parse")
2025-08-19T09:37:20.8712210Z /opt/hostedtoolcache/Python/3.11.13/x64/lib/python3.11/site-packages/coverage/report_core.py:118: CoverageWarning: Couldn't parse '/home/runner/work/AWA-App/AWA-App/C:\Users\Alexey\Documents\GitHub\AWA-App\services\common\models_vendor.py': No source for code: '/home/runner/work/AWA-App/AWA-App/C:\Users\Alexey\Documents\GitHub\AWA-App\services\common\models_vendor.py'. (couldnt-parse)
2025-08-19T09:37:20.8713870Z   coverage._warn(msg, slug="couldnt-parse")
2025-08-19T09:37:20.8715428Z /opt/hostedtoolcache/Python/3.11.13/x64/lib/python3.11/site-packages/coverage/report_core.py:118: CoverageWarning: Couldn't parse '/home/runner/work/AWA-App/AWA-App/C:\Users\Alexey\Documents\GitHub\AWA-App\services\common\settings.py': No source for code: '/home/runner/work/AWA-App/AWA-App/C:\Users\Alexey\Documents\GitHub\AWA-App\services\common\settings.py'. (couldnt-parse)
2025-08-19T09:37:20.8717338Z   coverage._warn(msg, slug="couldnt-parse")
2025-08-19T09:37:20.8718596Z /opt/hostedtoolcache/Python/3.11.13/x64/lib/python3.11/site-packages/coverage/report_core.py:118: CoverageWarning: Couldn't parse '/home/runner/work/AWA-App/AWA-App/C:\Users\Alexey\Documents\GitHub\AWA-App\services\db\__init__.py': No source for code: '/home/runner/work/AWA-App/AWA-App/C:\Users\Alexey\Documents\GitHub\AWA-App\services\db\__init__.py'. (couldnt-parse)
2025-08-19T09:37:20.8720616Z   coverage._warn(msg, slug="couldnt-parse")
2025-08-19T09:37:20.8722340Z /opt/hostedtoolcache/Python/3.11.13/x64/lib/python3.11/site-packages/coverage/report_core.py:118: CoverageWarning: Couldn't parse '/home/runner/work/AWA-App/AWA-App/C:\Users\Alexey\Documents\GitHub\AWA-App\services\db\utils\__init__.py': No source for code: '/home/runner/work/AWA-App/AWA-App/C:\Users\Alexey\Documents\GitHub\AWA-App\services\db\utils\__init__.py'. (couldnt-parse)
2025-08-19T09:37:20.8723691Z   coverage._warn(msg, slug="couldnt-parse")
2025-08-19T09:37:20.8725488Z /opt/hostedtoolcache/Python/3.11.13/x64/lib/python3.11/site-packages/coverage/report_core.py:118: CoverageWarning: Couldn't parse '/home/runner/work/AWA-App/AWA-App/C:\Users\Alexey\Documents\GitHub\AWA-App\services\db\utils\views.py': No source for code: '/home/runner/work/AWA-App/AWA-App/C:\Users\Alexey\Documents\GitHub\AWA-App\services\db\utils\views.py'. (couldnt-parse)
2025-08-19T09:37:20.8727017Z   coverage._warn(msg, slug="couldnt-parse")
2025-08-19T09:37:20.8728676Z /opt/hostedtoolcache/Python/3.11.13/x64/lib/python3.11/site-packages/coverage/report_core.py:118: CoverageWarning: Couldn't parse '/home/runner/work/AWA-App/AWA-App/C:\Users\Alexey\Documents\GitHub\AWA-App\services\emailer\__init__.py': No source for code: '/home/runner/work/AWA-App/AWA-App/C:\Users\Alexey\Documents\GitHub\AWA-App\services\emailer\__init__.py'. (couldnt-parse)
2025-08-19T09:37:20.8730356Z   coverage._warn(msg, slug="couldnt-parse")
2025-08-19T09:37:20.8731783Z /opt/hostedtoolcache/Python/3.11.13/x64/lib/python3.11/site-packages/coverage/report_core.py:118: CoverageWarning: Couldn't parse '/home/runner/work/AWA-App/AWA-App/C:\Users\Alexey\Documents\GitHub\AWA-App\services\emailer\generate_body.py': No source for code: '/home/runner/work/AWA-App/AWA-App/C:\Users\Alexey\Documents\GitHub\AWA-App\services\emailer\generate_body.py'. (couldnt-parse)
2025-08-19T09:37:20.8733637Z   coverage._warn(msg, slug="couldnt-parse")
2025-08-19T09:37:20.8735186Z /opt/hostedtoolcache/Python/3.11.13/x64/lib/python3.11/site-packages/coverage/report_core.py:118: CoverageWarning: Couldn't parse '/home/runner/work/AWA-App/AWA-App/C:\Users\Alexey\Documents\GitHub\AWA-App\services\etl\__init__.py': No source for code: '/home/runner/work/AWA-App/AWA-App/C:\Users\Alexey\Documents\GitHub\AWA-App\services\etl\__init__.py'. (couldnt-parse)
2025-08-19T09:37:20.8736926Z   coverage._warn(msg, slug="couldnt-parse")
2025-08-19T09:37:20.8738597Z /opt/hostedtoolcache/Python/3.11.13/x64/lib/python3.11/site-packages/coverage/report_core.py:118: CoverageWarning: Couldn't parse '/home/runner/work/AWA-App/AWA-App/C:\Users\Alexey\Documents\GitHub\AWA-App\services\etl\db.py': No source for code: '/home/runner/work/AWA-App/AWA-App/C:\Users\Alexey\Documents\GitHub\AWA-App\services\etl\db.py'. (couldnt-parse)
2025-08-19T09:37:20.8740028Z   coverage._warn(msg, slug="couldnt-parse")
2025-08-19T09:37:20.8741851Z /opt/hostedtoolcache/Python/3.11.13/x64/lib/python3.11/site-packages/coverage/report_core.py:118: CoverageWarning: Couldn't parse '/home/runner/work/AWA-App/AWA-App/C:\Users\Alexey\Documents\GitHub\AWA-App\services\etl\dialects\__init__.py': No source for code: '/home/runner/work/AWA-App/AWA-App/C:\Users\Alexey\Documents\GitHub\AWA-App\services\etl\dialects\__init__.py'. (couldnt-parse)
2025-08-19T09:37:20.8743259Z   coverage._warn(msg, slug="couldnt-parse")
2025-08-19T09:37:20.8745090Z /opt/hostedtoolcache/Python/3.11.13/x64/lib/python3.11/site-packages/coverage/report_core.py:118: CoverageWarning: Couldn't parse '/home/runner/work/AWA-App/AWA-App/C:\Users\Alexey\Documents\GitHub\AWA-App\services\etl\dialects\amazon_reimbursements.py': No source for code: '/home/runner/work/AWA-App/AWA-App/C:\Users\Alexey\Documents\GitHub\AWA-App\services\etl\dialects\amazon_reimbursements.py'. (couldnt-parse)
2025-08-19T09:37:20.8747163Z   coverage._warn(msg, slug="couldnt-parse")
2025-08-19T09:37:20.8748698Z /opt/hostedtoolcache/Python/3.11.13/x64/lib/python3.11/site-packages/coverage/report_core.py:118: CoverageWarning: Couldn't parse '/home/runner/work/AWA-App/AWA-App/C:\Users\Alexey\Documents\GitHub\AWA-App\services\etl\dialects\amazon_returns.py': No source for code: '/home/runner/work/AWA-App/AWA-App/C:\Users\Alexey\Documents\GitHub\AWA-App\services\etl\dialects\amazon_returns.py'. (couldnt-parse)
2025-08-19T09:37:20.8750606Z   coverage._warn(msg, slug="couldnt-parse")
2025-08-19T09:37:20.8752266Z /opt/hostedtoolcache/Python/3.11.13/x64/lib/python3.11/site-packages/coverage/report_core.py:118: CoverageWarning: Couldn't parse '/home/runner/work/AWA-App/AWA-App/C:\Users\Alexey\Documents\GitHub\AWA-App\services\etl\fba_fee_ingestor.py': No source for code: '/home/runner/work/AWA-App/AWA-App/C:\Users\Alexey\Documents\GitHub\AWA-App\services\etl\fba_fee_ingestor.py'. (couldnt-parse)
2025-08-19T09:37:20.8753733Z   coverage._warn(msg, slug="couldnt-parse")
2025-08-19T09:37:20.8755523Z /opt/hostedtoolcache/Python/3.11.13/x64/lib/python3.11/site-packages/coverage/report_core.py:118: CoverageWarning: Couldn't parse '/home/runner/work/AWA-App/AWA-App/C:\Users\Alexey\Documents\GitHub\AWA-App\services\etl\keepa_ingestor.py': No source for code: '/home/runner/work/AWA-App/AWA-App/C:\Users\Alexey\Documents\GitHub\AWA-App\services\etl\keepa_ingestor.py'. (couldnt-parse)
2025-08-19T09:37:20.8756987Z   coverage._warn(msg, slug="couldnt-parse")
2025-08-19T09:37:20.8758811Z /opt/hostedtoolcache/Python/3.11.13/x64/lib/python3.11/site-packages/coverage/report_core.py:118: CoverageWarning: Couldn't parse '/home/runner/work/AWA-App/AWA-App/C:\Users\Alexey\Documents\GitHub\AWA-App\services\etl\sp_fees_ingestor.py': No source for code: '/home/runner/work/AWA-App/AWA-App/C:\Users\Alexey\Documents\GitHub\AWA-App\services\etl\sp_fees_ingestor.py'. (couldnt-parse)
2025-08-19T09:37:20.8760328Z   coverage._warn(msg, slug="couldnt-parse")
2025-08-19T09:37:20.8762125Z /opt/hostedtoolcache/Python/3.11.13/x64/lib/python3.11/site-packages/coverage/report_core.py:118: CoverageWarning: Couldn't parse '/home/runner/work/AWA-App/AWA-App/C:\Users\Alexey\Documents\GitHub\AWA-App\services\fees_h10\__init__.py': No source for code: '/home/runner/work/AWA-App/AWA-App/C:\Users\Alexey\Documents\GitHub\AWA-App\services\fees_h10\__init__.py'. (couldnt-parse)
2025-08-19T09:37:20.8763920Z   coverage._warn(msg, slug="couldnt-parse")
2025-08-19T09:37:20.8765221Z /opt/hostedtoolcache/Python/3.11.13/x64/lib/python3.11/site-packages/coverage/report_core.py:118: CoverageWarning: Couldn't parse '/home/runner/work/AWA-App/AWA-App/C:\Users\Alexey\Documents\GitHub\AWA-App\services\fees_h10\client.py': No source for code: '/home/runner/work/AWA-App/AWA-App/C:\Users\Alexey\Documents\GitHub\AWA-App\services\fees_h10\client.py'. (couldnt-parse)
2025-08-19T09:37:20.8767144Z   coverage._warn(msg, slug="couldnt-parse")
2025-08-19T09:37:20.8768659Z /opt/hostedtoolcache/Python/3.11.13/x64/lib/python3.11/site-packages/coverage/report_core.py:118: CoverageWarning: Couldn't parse '/home/runner/work/AWA-App/AWA-App/C:\Users\Alexey\Documents\GitHub\AWA-App\services\fees_h10\repository.py': No source for code: '/home/runner/work/AWA-App/AWA-App/C:\Users\Alexey\Documents\GitHub\AWA-App\services\fees_h10\repository.py'. (couldnt-parse)
2025-08-19T09:37:20.8770395Z   coverage._warn(msg, slug="couldnt-parse")
2025-08-19T09:37:20.8772146Z /opt/hostedtoolcache/Python/3.11.13/x64/lib/python3.11/site-packages/coverage/report_core.py:118: CoverageWarning: Couldn't parse '/home/runner/work/AWA-App/AWA-App/C:\Users\Alexey\Documents\GitHub\AWA-App\services\fees_h10\worker.py': No source for code: '/home/runner/work/AWA-App/AWA-App/C:\Users\Alexey\Documents\GitHub\AWA-App\services\fees_h10\worker.py'. (couldnt-parse)
2025-08-19T09:37:20.8773445Z   coverage._warn(msg, slug="couldnt-parse")
2025-08-19T09:37:20.8775215Z /opt/hostedtoolcache/Python/3.11.13/x64/lib/python3.11/site-packages/coverage/report_core.py:118: CoverageWarning: Couldn't parse '/home/runner/work/AWA-App/AWA-App/C:\Users\Alexey\Documents\GitHub\AWA-App\services\ingest\__init__.py': No source for code: '/home/runner/work/AWA-App/AWA-App/C:\Users\Alexey\Documents\GitHub\AWA-App\services\ingest\__init__.py'. (couldnt-parse)
2025-08-19T09:37:20.8777095Z   coverage._warn(msg, slug="couldnt-parse")
2025-08-19T09:37:20.8778593Z /opt/hostedtoolcache/Python/3.11.13/x64/lib/python3.11/site-packages/coverage/report_core.py:118: CoverageWarning: Couldn't parse '/home/runner/work/AWA-App/AWA-App/C:\Users\Alexey\Documents\GitHub\AWA-App\services\ingest\email_watcher.py': No source for code: '/home/runner/work/AWA-App/AWA-App/C:\Users\Alexey\Documents\GitHub\AWA-App\services\ingest\email_watcher.py'. (couldnt-parse)
2025-08-19T09:37:20.8780406Z   coverage._warn(msg, slug="couldnt-parse")
2025-08-19T09:37:20.8781760Z /opt/hostedtoolcache/Python/3.11.13/x64/lib/python3.11/site-packages/coverage/report_core.py:118: CoverageWarning: Couldn't parse '/home/runner/work/AWA-App/AWA-App/C:\Users\Alexey\Documents\GitHub\AWA-App\services\ingest\ingest_router.py': No source for code: '/home/runner/work/AWA-App/AWA-App/C:\Users\Alexey\Documents\GitHub\AWA-App\services\ingest\ingest_router.py'. (couldnt-parse)
2025-08-19T09:37:20.8783569Z   coverage._warn(msg, slug="couldnt-parse")
2025-08-19T09:37:20.8785312Z /opt/hostedtoolcache/Python/3.11.13/x64/lib/python3.11/site-packages/coverage/report_core.py:118: CoverageWarning: Couldn't parse '/home/runner/work/AWA-App/AWA-App/C:\Users\Alexey\Documents\GitHub\AWA-App\services\ingest\upload_router.py': No source for code: '/home/runner/work/AWA-App/AWA-App/C:\Users\Alexey\Documents\GitHub\AWA-App\services\ingest\upload_router.py'. (couldnt-parse)
2025-08-19T09:37:20.8786685Z   coverage._warn(msg, slug="couldnt-parse")
2025-08-19T09:37:20.8788693Z /opt/hostedtoolcache/Python/3.11.13/x64/lib/python3.11/site-packages/coverage/report_core.py:118: CoverageWarning: Couldn't parse '/home/runner/work/AWA-App/AWA-App/C:\Users\Alexey\Documents\GitHub\AWA-App\services\llm_server\__init__.py': No source for code: '/home/runner/work/AWA-App/AWA-App/C:\Users\Alexey\Documents\GitHub\AWA-App\services\llm_server\__init__.py'. (couldnt-parse)
2025-08-19T09:37:20.8790345Z   coverage._warn(msg, slug="couldnt-parse")
2025-08-19T09:37:20.8791875Z /opt/hostedtoolcache/Python/3.11.13/x64/lib/python3.11/site-packages/coverage/report_core.py:118: CoverageWarning: Couldn't parse '/home/runner/work/AWA-App/AWA-App/C:\Users\Alexey\Documents\GitHub\AWA-App\services\llm_server\app.py': No source for code: '/home/runner/work/AWA-App/AWA-App/C:\Users\Alexey\Documents\GitHub\AWA-App\services\llm_server\app.py'. (couldnt-parse)
2025-08-19T09:37:20.8793643Z   coverage._warn(msg, slug="couldnt-parse")
2025-08-19T09:37:20.8794975Z /opt/hostedtoolcache/Python/3.11.13/x64/lib/python3.11/site-packages/coverage/report_core.py:118: CoverageWarning: Couldn't parse '/home/runner/work/AWA-App/AWA-App/C:\Users\Alexey\Documents\GitHub\AWA-App\services\logistics_etl\__init__.py': No source for code: '/home/runner/work/AWA-App/AWA-App/C:\Users\Alexey\Documents\GitHub\AWA-App\services\logistics_etl\__init__.py'. (couldnt-parse)
2025-08-19T09:37:20.8796923Z   coverage._warn(msg, slug="couldnt-parse")
2025-08-19T09:37:20.8798452Z /opt/hostedtoolcache/Python/3.11.13/x64/lib/python3.11/site-packages/coverage/report_core.py:118: CoverageWarning: Couldn't parse '/home/runner/work/AWA-App/AWA-App/C:\Users\Alexey\Documents\GitHub\AWA-App\services\logistics_etl\__main__.py': No source for code: '/home/runner/work/AWA-App/AWA-App/C:\Users\Alexey\Documents\GitHub\AWA-App\services\logistics_etl\__main__.py'. (couldnt-parse)
2025-08-19T09:37:20.8800046Z   coverage._warn(msg, slug="couldnt-parse")
2025-08-19T09:37:20.8801804Z /opt/hostedtoolcache/Python/3.11.13/x64/lib/python3.11/site-packages/coverage/report_core.py:118: CoverageWarning: Couldn't parse '/home/runner/work/AWA-App/AWA-App/C:\Users\Alexey\Documents\GitHub\AWA-App\services\logistics_etl\client.py': No source for code: '/home/runner/work/AWA-App/AWA-App/C:\Users\Alexey\Documents\GitHub\AWA-App\services\logistics_etl\client.py'. (couldnt-parse)
2025-08-19T09:37:20.8803380Z   coverage._warn(msg, slug="couldnt-parse")
2025-08-19T09:37:20.8805382Z /opt/hostedtoolcache/Python/3.11.13/x64/lib/python3.11/site-packages/coverage/report_core.py:118: CoverageWarning: Couldn't parse '/home/runner/work/AWA-App/AWA-App/C:\Users\Alexey\Documents\GitHub\AWA-App\services\logistics_etl\cron.py': No source for code: '/home/runner/work/AWA-App/AWA-App/C:\Users\Alexey\Documents\GitHub\AWA-App\services\logistics_etl\cron.py'. (couldnt-parse)
2025-08-19T09:37:20.8807419Z   coverage._warn(msg, slug="couldnt-parse")
2025-08-19T09:37:20.8808747Z /opt/hostedtoolcache/Python/3.11.13/x64/lib/python3.11/site-packages/coverage/report_core.py:118: CoverageWarning: Couldn't parse '/home/runner/work/AWA-App/AWA-App/C:\Users\Alexey\Documents\GitHub\AWA-App\services\logistics_etl\db.py': No source for code: '/home/runner/work/AWA-App/AWA-App/C:\Users\Alexey\Documents\GitHub\AWA-App\services\logistics_etl\db.py'. (couldnt-parse)
2025-08-19T09:37:20.8810575Z   coverage._warn(msg, slug="couldnt-parse")
2025-08-19T09:37:20.8812188Z /opt/hostedtoolcache/Python/3.11.13/x64/lib/python3.11/site-packages/coverage/report_core.py:118: CoverageWarning: Couldn't parse '/home/runner/work/AWA-App/AWA-App/C:\Users\Alexey\Documents\GitHub\AWA-App\services\logistics_etl\flow.py': No source for code: '/home/runner/work/AWA-App/AWA-App/C:\Users\Alexey\Documents\GitHub\AWA-App\services\logistics_etl\flow.py'. (couldnt-parse)
2025-08-19T09:37:20.8813697Z   coverage._warn(msg, slug="couldnt-parse")
2025-08-19T09:37:20.8815610Z /opt/hostedtoolcache/Python/3.11.13/x64/lib/python3.11/site-packages/coverage/report_core.py:118: CoverageWarning: Couldn't parse '/home/runner/work/AWA-App/AWA-App/C:\Users\Alexey\Documents\GitHub\AWA-App\services\logistics_etl\repository.py': No source for code: '/home/runner/work/AWA-App/AWA-App/C:\Users\Alexey\Documents\GitHub\AWA-App\services\logistics_etl\repository.py'. (couldnt-parse)
2025-08-19T09:37:20.8817314Z   coverage._warn(msg, slug="couldnt-parse")
2025-08-19T09:37:20.8819251Z /opt/hostedtoolcache/Python/3.11.13/x64/lib/python3.11/site-packages/coverage/report_core.py:118: CoverageWarning: Couldn't parse '/home/runner/work/AWA-App/AWA-App/C:\Users\Alexey\Documents\GitHub\AWA-App\services\price_importer\__init__.py': No source for code: '/home/runner/work/AWA-App/AWA-App/C:\Users\Alexey\Documents\GitHub\AWA-App\services\price_importer\__init__.py'. (couldnt-parse)
2025-08-19T09:37:20.8821084Z   coverage._warn(msg, slug="couldnt-parse")
2025-08-19T09:37:20.8822579Z /opt/hostedtoolcache/Python/3.11.13/x64/lib/python3.11/site-packages/coverage/report_core.py:118: CoverageWarning: Couldn't parse '/home/runner/work/AWA-App/AWA-App/C:\Users\Alexey\Documents\GitHub\AWA-App\services\price_importer\common\__init__.py': No source for code: '/home/runner/work/AWA-App/AWA-App/C:\Users\Alexey\Documents\GitHub\AWA-App\services\price_importer\common\__init__.py'. (couldnt-parse)
2025-08-19T09:37:20.8824317Z   coverage._warn(msg, slug="couldnt-parse")
2025-08-19T09:37:20.8826145Z /opt/hostedtoolcache/Python/3.11.13/x64/lib/python3.11/site-packages/coverage/report_core.py:118: CoverageWarning: Couldn't parse '/home/runner/work/AWA-App/AWA-App/C:\Users\Alexey\Documents\GitHub\AWA-App\services\price_importer\common\base.py': No source for code: '/home/runner/work/AWA-App/AWA-App/C:\Users\Alexey\Documents\GitHub\AWA-App\services\price_importer\common\base.py'. (couldnt-parse)
2025-08-19T09:37:20.8827680Z   coverage._warn(msg, slug="couldnt-parse")
2025-08-19T09:37:20.8829543Z /opt/hostedtoolcache/Python/3.11.13/x64/lib/python3.11/site-packages/coverage/report_core.py:118: CoverageWarning: Couldn't parse '/home/runner/work/AWA-App/AWA-App/C:\Users\Alexey\Documents\GitHub\AWA-App\services\price_importer\common\db_url.py': No source for code: '/home/runner/work/AWA-App/AWA-App/C:\Users\Alexey\Documents\GitHub\AWA-App\services\price_importer\common\db_url.py'. (couldnt-parse)
2025-08-19T09:37:20.8831358Z   coverage._warn(msg, slug="couldnt-parse")
2025-08-19T09:37:20.8832983Z /opt/hostedtoolcache/Python/3.11.13/x64/lib/python3.11/site-packages/coverage/report_core.py:118: CoverageWarning: Couldn't parse '/home/runner/work/AWA-App/AWA-App/C:\Users\Alexey\Documents\GitHub\AWA-App\services\price_importer\common\models_vendor.py': No source for code: '/home/runner/work/AWA-App/AWA-App/C:\Users\Alexey\Documents\GitHub\AWA-App\services\price_importer\common\models_vendor.py'. (couldnt-parse)
2025-08-19T09:37:20.8834857Z   coverage._warn(msg, slug="couldnt-parse")
2025-08-19T09:37:20.8836638Z /opt/hostedtoolcache/Python/3.11.13/x64/lib/python3.11/site-packages/coverage/report_core.py:118: CoverageWarning: Couldn't parse '/home/runner/work/AWA-App/AWA-App/C:\Users\Alexey\Documents\GitHub\AWA-App\services\price_importer\import.py': No source for code: '/home/runner/work/AWA-App/AWA-App/C:\Users\Alexey\Documents\GitHub\AWA-App\services\price_importer\import.py'. (couldnt-parse)
2025-08-19T09:37:20.8838079Z   coverage._warn(msg, slug="couldnt-parse")
2025-08-19T09:37:20.8839932Z /opt/hostedtoolcache/Python/3.11.13/x64/lib/python3.11/site-packages/coverage/report_core.py:118: CoverageWarning: Couldn't parse '/home/runner/work/AWA-App/AWA-App/C:\Users\Alexey\Documents\GitHub\AWA-App\services\price_importer\normaliser.py': No source for code: '/home/runner/work/AWA-App/AWA-App/C:\Users\Alexey\Documents\GitHub\AWA-App\services\price_importer\normaliser.py'. (couldnt-parse)
2025-08-19T09:37:20.8841756Z   coverage._warn(msg, slug="couldnt-parse")
2025-08-19T09:37:20.8843110Z /opt/hostedtoolcache/Python/3.11.13/x64/lib/python3.11/site-packages/coverage/report_core.py:118: CoverageWarning: Couldn't parse '/home/runner/work/AWA-App/AWA-App/C:\Users\Alexey\Documents\GitHub\AWA-App\services\price_importer\reader.py': No source for code: '/home/runner/work/AWA-App/AWA-App/C:\Users\Alexey\Documents\GitHub\AWA-App\services\price_importer\reader.py'. (couldnt-parse)
2025-08-19T09:37:20.8844921Z   coverage._warn(msg, slug="couldnt-parse")
2025-08-19T09:37:20.8846428Z /opt/hostedtoolcache/Python/3.11.13/x64/lib/python3.11/site-packages/coverage/report_core.py:118: CoverageWarning: Couldn't parse '/home/runner/work/AWA-App/AWA-App/C:\Users\Alexey\Documents\GitHub\AWA-App\services\price_importer\repository.py': No source for code: '/home/runner/work/AWA-App/AWA-App/C:\Users\Alexey\Documents\GitHub\AWA-App\services\price_importer\repository.py'. (couldnt-parse)
2025-08-19T09:37:20.8847980Z   coverage._warn(msg, slug="couldnt-parse")
2025-08-19T09:37:20.8849430Z /opt/hostedtoolcache/Python/3.11.13/x64/lib/python3.11/site-packages/coverage/report_core.py:118: CoverageWarning: Couldn't parse '/home/runner/work/AWA-App/AWA-App/C:\Users\Alexey\Documents\GitHub\AWA-App\services\price_importer\services_common\__init__.py': No source for code: '/home/runner/work/AWA-App/AWA-App/C:\Users\Alexey\Documents\GitHub\AWA-App\services\price_importer\services_common\__init__.py'. (couldnt-parse)
2025-08-19T09:37:20.8850877Z   coverage._warn(msg, slug="couldnt-parse")
2025-08-19T09:37:20.8852323Z /opt/hostedtoolcache/Python/3.11.13/x64/lib/python3.11/site-packages/coverage/report_core.py:118: CoverageWarning: Couldn't parse '/home/runner/work/AWA-App/AWA-App/C:\Users\Alexey\Documents\GitHub\AWA-App\services\price_importer\services_common\base.py': No source for code: '/home/runner/work/AWA-App/AWA-App/C:\Users\Alexey\Documents\GitHub\AWA-App\services\price_importer\services_common\base.py'. (couldnt-parse)
2025-08-19T09:37:20.8853749Z   coverage._warn(msg, slug="couldnt-parse")
2025-08-19T09:37:20.8855163Z /opt/hostedtoolcache/Python/3.11.13/x64/lib/python3.11/site-packages/coverage/report_core.py:118: CoverageWarning: Couldn't parse '/home/runner/work/AWA-App/AWA-App/C:\Users\Alexey\Documents\GitHub\AWA-App\services\price_importer\services_common\db.py': No source for code: '/home/runner/work/AWA-App/AWA-App/C:\Users\Alexey\Documents\GitHub\AWA-App\services\price_importer\services_common\db.py'. (couldnt-parse)
2025-08-19T09:37:20.8856577Z   coverage._warn(msg, slug="couldnt-parse")
2025-08-19T09:37:20.8858097Z /opt/hostedtoolcache/Python/3.11.13/x64/lib/python3.11/site-packages/coverage/report_core.py:118: CoverageWarning: Couldn't parse '/home/runner/work/AWA-App/AWA-App/C:\Users\Alexey\Documents\GitHub\AWA-App\services\price_importer\services_common\db_url.py': No source for code: '/home/runner/work/AWA-App/AWA-App/C:\Users\Alexey\Documents\GitHub\AWA-App\services\price_importer\services_common\db_url.py'. (couldnt-parse)
2025-08-19T09:37:20.8859666Z   coverage._warn(msg, slug="couldnt-parse")
2025-08-19T09:37:20.8861083Z /opt/hostedtoolcache/Python/3.11.13/x64/lib/python3.11/site-packages/coverage/report_core.py:118: CoverageWarning: Couldn't parse '/home/runner/work/AWA-App/AWA-App/C:\Users\Alexey\Documents\GitHub\AWA-App\services\price_importer\services_common\dsn.py': No source for code: '/home/runner/work/AWA-App/AWA-App/C:\Users\Alexey\Documents\GitHub\AWA-App\services\price_importer\services_common\dsn.py'. (couldnt-parse)
2025-08-19T09:37:20.8862499Z   coverage._warn(msg, slug="couldnt-parse")
2025-08-19T09:37:20.8863932Z /opt/hostedtoolcache/Python/3.11.13/x64/lib/python3.11/site-packages/coverage/report_core.py:118: CoverageWarning: Couldn't parse '/home/runner/work/AWA-App/AWA-App/C:\Users\Alexey\Documents\GitHub\AWA-App\services\price_importer\services_common\keepa.py': No source for code: '/home/runner/work/AWA-App/AWA-App/C:\Users\Alexey\Documents\GitHub\AWA-App\services\price_importer\services_common\keepa.py'. (couldnt-parse)
2025-08-19T09:37:20.8865372Z   coverage._warn(msg, slug="couldnt-parse")
2025-08-19T09:37:20.8866904Z /opt/hostedtoolcache/Python/3.11.13/x64/lib/python3.11/site-packages/coverage/report_core.py:118: CoverageWarning: Couldn't parse '/home/runner/work/AWA-App/AWA-App/C:\Users\Alexey\Documents\GitHub\AWA-App\services\price_importer\services_common\llm.py': No source for code: '/home/runner/work/AWA-App/AWA-App/C:\Users\Alexey\Documents\GitHub\AWA-App\services\price_importer\services_common\llm.py'. (couldnt-parse)
2025-08-19T09:37:20.8868331Z   coverage._warn(msg, slug="couldnt-parse")
2025-08-19T09:37:20.8869925Z /opt/hostedtoolcache/Python/3.11.13/x64/lib/python3.11/site-packages/coverage/report_core.py:118: CoverageWarning: Couldn't parse '/home/runner/work/AWA-App/AWA-App/C:\Users\Alexey\Documents\GitHub\AWA-App\services\price_importer\services_common\models_vendor.py': No source for code: '/home/runner/work/AWA-App/AWA-App/C:\Users\Alexey\Documents\GitHub\AWA-App\services\price_importer\services_common\models_vendor.py'. (couldnt-parse)
2025-08-19T09:37:20.8871417Z   coverage._warn(msg, slug="couldnt-parse")
2025-08-19T09:37:20.8872884Z /opt/hostedtoolcache/Python/3.11.13/x64/lib/python3.11/site-packages/coverage/report_core.py:118: CoverageWarning: Couldn't parse '/home/runner/work/AWA-App/AWA-App/C:\Users\Alexey\Documents\GitHub\AWA-App\services\price_importer\services_common\settings.py': No source for code: '/home/runner/work/AWA-App/AWA-App/C:\Users\Alexey\Documents\GitHub\AWA-App\services\price_importer\services_common\settings.py'. (couldnt-parse)
2025-08-19T09:37:20.8874341Z   coverage._warn(msg, slug="couldnt-parse")
2025-08-19T09:37:20.8875654Z /opt/hostedtoolcache/Python/3.11.13/x64/lib/python3.11/site-packages/coverage/report_core.py:118: CoverageWarning: Couldn't parse '/home/runner/work/AWA-App/AWA-App/C:\Users\Alexey\Documents\GitHub\AWA-App\services\repricer\__init__.py': No source for code: '/home/runner/work/AWA-App/AWA-App/C:\Users\Alexey\Documents\GitHub\AWA-App\services\repricer\__init__.py'. (couldnt-parse)
2025-08-19T09:37:20.8877042Z   coverage._warn(msg, slug="couldnt-parse")
2025-08-19T09:37:20.8878365Z /opt/hostedtoolcache/Python/3.11.13/x64/lib/python3.11/site-packages/coverage/report_core.py:118: CoverageWarning: Couldn't parse '/home/runner/work/AWA-App/AWA-App/C:\Users\Alexey\Documents\GitHub\AWA-App\services\repricer\app\__init__.py': No source for code: '/home/runner/work/AWA-App/AWA-App/C:\Users\Alexey\Documents\GitHub\AWA-App\services\repricer\app\__init__.py'. (couldnt-parse)
2025-08-19T09:37:20.8879685Z   coverage._warn(msg, slug="couldnt-parse")
2025-08-19T09:37:20.8881109Z /opt/hostedtoolcache/Python/3.11.13/x64/lib/python3.11/site-packages/coverage/report_core.py:118: CoverageWarning: Couldn't parse '/home/runner/work/AWA-App/AWA-App/C:\Users\Alexey\Documents\GitHub\AWA-App\services\repricer\app\deps.py': No source for code: '/home/runner/work/AWA-App/AWA-App/C:\Users\Alexey\Documents\GitHub\AWA-App\services\repricer\app\deps.py'. (couldnt-parse)
2025-08-19T09:37:20.8882413Z   coverage._warn(msg, slug="couldnt-parse")
2025-08-19T09:37:20.8883724Z /opt/hostedtoolcache/Python/3.11.13/x64/lib/python3.11/site-packages/coverage/report_core.py:118: CoverageWarning: Couldn't parse '/home/runner/work/AWA-App/AWA-App/C:\Users\Alexey\Documents\GitHub\AWA-App\services\repricer\app\logic.py': No source for code: '/home/runner/work/AWA-App/AWA-App/C:\Users\Alexey\Documents\GitHub\AWA-App\services\repricer\app\logic.py'. (couldnt-parse)
2025-08-19T09:37:20.8885040Z   coverage._warn(msg, slug="couldnt-parse")
2025-08-19T09:37:20.8886353Z /opt/hostedtoolcache/Python/3.11.13/x64/lib/python3.11/site-packages/coverage/report_core.py:118: CoverageWarning: Couldn't parse '/home/runner/work/AWA-App/AWA-App/C:\Users\Alexey\Documents\GitHub\AWA-App\services\repricer\app\main.py': No source for code: '/home/runner/work/AWA-App/AWA-App/C:\Users\Alexey\Documents\GitHub\AWA-App\services\repricer\app\main.py'. (couldnt-parse)
2025-08-19T09:37:20.8887780Z   coverage._warn(msg, slug="couldnt-parse")
2025-08-19T09:37:20.8889108Z /opt/hostedtoolcache/Python/3.11.13/x64/lib/python3.11/site-packages/coverage/report_core.py:118: CoverageWarning: Couldn't parse '/home/runner/work/AWA-App/AWA-App/C:\Users\Alexey\Documents\GitHub\AWA-App\services\repricer\app\schemas.py': No source for code: '/home/runner/work/AWA-App/AWA-App/C:\Users\Alexey\Documents\GitHub\AWA-App\services\repricer\app\schemas.py'. (couldnt-parse)
2025-08-19T09:37:20.8890443Z   coverage._warn(msg, slug="couldnt-parse")
2025-08-19T09:37:20.8891858Z /opt/hostedtoolcache/Python/3.11.13/x64/lib/python3.11/site-packages/coverage/report_core.py:118: CoverageWarning: Couldn't parse '/home/runner/work/AWA-App/AWA-App/C:\Users\Alexey\Documents\GitHub\AWA-App\services\returns_etl\loader.py': No source for code: '/home/runner/work/AWA-App/AWA-App/C:\Users\Alexey\Documents\GitHub\AWA-App\services\returns_etl\loader.py'. (couldnt-parse)
2025-08-19T09:37:20.8893196Z   coverage._warn(msg, slug="couldnt-parse")
2025-08-19T09:37:21.3118482Z ............                                                             [100%]
2025-08-19T09:37:21.3119046Z ================================ tests coverage ================================
2025-08-19T09:37:21.3119669Z _______________ coverage: platform linux, python 3.11.13-final-0 _______________
2025-08-19T09:37:21.3120140Z 
2025-08-19T09:37:21.3120338Z Coverage XML written to file coverage.xml
2025-08-19T09:37:21.5532847Z ##[group]Run actions/upload-artifact@v4
2025-08-19T09:37:21.5533326Z with:
2025-08-19T09:37:21.5533656Z   name: coverage.integration
2025-08-19T09:37:21.5534053Z   path: .coverage
2025-08-19T09:37:21.5534404Z   if-no-files-found: warn
2025-08-19T09:37:21.5534806Z   compression-level: 6
2025-08-19T09:37:21.5535148Z   overwrite: false
2025-08-19T09:37:21.5535483Z   include-hidden-files: false
2025-08-19T09:37:21.5535856Z env:
2025-08-19T09:37:21.5536127Z   PG_USER: postgres
2025-08-19T09:37:21.5536452Z   PG_PASSWORD: pass
2025-08-19T09:37:21.5536971Z   PG_DATABASE: awa
2025-08-19T09:37:21.5537298Z   PG_HOST: localhost
2025-08-19T09:37:21.5537643Z   PG_PORT: 5432
2025-08-19T09:37:21.5538363Z   PG_SYNC_DSN: ***localhost:5432/awa
2025-08-19T09:37:21.5539088Z   PG_ASYNC_DSN: ***localhost:5432/awa
2025-08-19T09:37:21.5539812Z   DATABASE_URL: ***localhost:5432/awa
2025-08-19T09:37:21.5540256Z   DATA_DIR: /tmp/awa-data
2025-08-19T09:37:21.5540626Z   ENABLE_LIVE: 0
2025-08-19T09:37:21.5541031Z   TESTING: 1
2025-08-19T09:37:21.5541476Z   pythonLocation: /opt/hostedtoolcache/Python/3.11.13/x64
2025-08-19T09:37:21.5542192Z   PKG_CONFIG_PATH: /opt/hostedtoolcache/Python/3.11.13/x64/lib/pkgconfig
2025-08-19T09:37:21.5542909Z   Python_ROOT_DIR: /opt/hostedtoolcache/Python/3.11.13/x64
2025-08-19T09:37:21.5543815Z   Python2_ROOT_DIR: /opt/hostedtoolcache/Python/3.11.13/x64
2025-08-19T09:37:21.5544507Z   Python3_ROOT_DIR: /opt/hostedtoolcache/Python/3.11.13/x64
2025-08-19T09:37:21.5545171Z   LD_LIBRARY_PATH: /opt/hostedtoolcache/Python/3.11.13/x64/lib
2025-08-19T09:37:21.5545706Z ##[endgroup]
2025-08-19T09:37:21.7710460Z ##[warning]No files were found with the provided path: .coverage. No artifacts will be uploaded.
2025-08-19T09:37:21.8338645Z Post job cleanup.
2025-08-19T09:37:21.9633424Z Cache hit occurred on the primary key Linux-int-5e711acf40f5252f84577ca397f83ab64fb9d7dad68b245c8525eecd4c9b10ee, not saving cache.
2025-08-19T09:37:21.9718473Z Post job cleanup.
2025-08-19T09:37:22.1353066Z Cache hit occurred on the primary key setup-python-Linux-x64-24.04-Ubuntu-python-3.11.13-pip-5e711acf40f5252f84577ca397f83ab64fb9d7dad68b245c8525eecd4c9b10ee, not saving cache.
2025-08-19T09:37:22.1542831Z Post job cleanup.
2025-08-19T09:37:22.2543181Z [command]/usr/bin/git version
2025-08-19T09:37:22.2581394Z git version 2.50.1
2025-08-19T09:37:22.2632226Z Temporarily overriding HOME='/home/runner/work/_temp/95840fb5-9788-45c2-8c94-81205015a266' before making global git config changes
2025-08-19T09:37:22.2633343Z Adding repository directory to the temporary git global config as a safe directory
2025-08-19T09:37:22.2637596Z [command]/usr/bin/git config --global --add safe.directory /home/runner/work/AWA-App/AWA-App
2025-08-19T09:37:22.2673257Z [command]/usr/bin/git config --local --name-only --get-regexp core\.sshCommand
2025-08-19T09:37:22.2706207Z [command]/usr/bin/git submodule foreach --recursive sh -c "git config --local --name-only --get-regexp 'core\.sshCommand' && git config --local --unset-all 'core.sshCommand' || :"
2025-08-19T09:37:22.2937310Z [command]/usr/bin/git config --local --name-only --get-regexp http\.https\:\/\/github\.com\/\.extraheader
2025-08-19T09:37:22.2959058Z http.https://github.com/.extraheader
2025-08-19T09:37:22.2971580Z [command]/usr/bin/git config --local --unset-all http.https://github.com/.extraheader
2025-08-19T09:37:22.3004164Z [command]/usr/bin/git submodule foreach --recursive sh -c "git config --local --name-only --get-regexp 'http\.https\:\/\/github\.com\/\.extraheader' && git config --local --unset-all 'http.https://github.com/.extraheader' || :"
2025-08-19T09:37:22.3323388Z Print service container logs: 914fb4b37c2144e3af62b27fa913220b_postgres15_c1c9eb
2025-08-19T09:37:22.3327976Z ##[command]/usr/bin/docker logs --details 8c1451e25d7663aa4a6e840a6558caf622323da2375f662e853d36e3320b4d4c
2025-08-19T09:37:22.3454242Z  The files belonging to this database system will be owned by user "postgres".
2025-08-19T09:37:22.3455039Z  This user must also own the server process.
2025-08-19T09:37:22.3455553Z  
2025-08-19T09:37:22.3456081Z  The database cluster will be initialized with locale "en_US.utf8".
2025-08-19T09:37:22.3457057Z  The default database encoding has accordingly been set to "UTF8".
2025-08-19T09:37:22.3457842Z  The default text search configuration will be set to "english".
2025-08-19T09:37:22.3458406Z  
2025-08-19T09:37:22.3458705Z  Data page checksums are disabled.
2025-08-19T09:37:22.3460981Z  initdb: warning: enabling "trust" authentication for local connections
2025-08-19T09:37:22.3462174Z  initdb: hint: You can change this by editing pg_hba.conf or using the option -A, or --auth-local and --auth-host, the next time you run initdb.
2025-08-19T09:37:22.3463643Z  2025-08-19 09:36:25.702 UTC [1] LOG:  starting PostgreSQL 15.14 (Debian 15.14-1.pgdg13+1) on x86_64-pc-linux-gnu, compiled by gcc (Debian 14.2.0-19) 14.2.0, 64-bit
2025-08-19T09:37:22.3464760Z  2025-08-19 09:36:25.702 UTC [1] LOG:  listening on IPv4 address "0.0.0.0", port 5432
2025-08-19T09:37:22.3465482Z  2025-08-19 09:36:25.702 UTC [1] LOG:  listening on IPv6 address "::", port 5432
2025-08-19T09:37:22.3466242Z  2025-08-19 09:36:25.704 UTC [1] LOG:  listening on Unix socket "/var/run/postgresql/.s.PGSQL.5432"
2025-08-19T09:37:22.3467281Z  2025-08-19 09:36:25.707 UTC [64] LOG:  database system was shut down at 2025-08-19 09:36:25 UTC
2025-08-19T09:37:22.3468418Z  2025-08-19 09:36:25.711 UTC [1] LOG:  database system is ready to accept connections
2025-08-19T09:37:22.3468962Z  
2025-08-19T09:37:22.3469416Z  fixing permissions on existing directory /var/lib/postgresql/data ... ok
2025-08-19T09:37:22.3470048Z  creating subdirectories ... ok
2025-08-19T09:37:22.3470540Z  selecting dynamic shared memory implementation ... posix
2025-08-19T09:37:22.3471097Z  selecting default max_connections ... 100
2025-08-19T09:37:22.3471583Z  selecting default shared_buffers ... 128MB
2025-08-19T09:37:22.3472050Z  selecting default time zone ... Etc/UTC
2025-08-19T09:37:22.3472502Z  creating configuration files ... ok
2025-08-19T09:37:22.3472956Z  running bootstrap script ... ok
2025-08-19T09:37:22.3473429Z  performing post-bootstrap initialization ... ok
2025-08-19T09:37:22.3473928Z  syncing data to disk ... ok
2025-08-19T09:37:22.3474273Z  
2025-08-19T09:37:22.3474517Z  
2025-08-19T09:37:22.3474904Z  Success. You can now start the database server using:
2025-08-19T09:37:22.3475387Z  
2025-08-19T09:37:22.3475947Z      pg_ctl -D /var/lib/postgresql/data -l logfile start
2025-08-19T09:37:22.3476420Z  
2025-08-19T09:37:22.3477485Z  waiting for server to start....2025-08-19 09:36:25.398 UTC [48] LOG:  starting PostgreSQL 15.14 (Debian 15.14-1.pgdg13+1) on x86_64-pc-linux-gnu, compiled by gcc (Debian 14.2.0-19) 14.2.0, 64-bit
2025-08-19T09:37:22.3478469Z  2025-08-19 09:36:25.398 UTC [48] LOG:  listening on Unix socket "/var/run/postgresql/.s.PGSQL.5432"
2025-08-19T09:37:22.3478991Z  2025-08-19 09:36:25.401 UTC [51] LOG:  database system was shut down at 2025-08-19 09:36:25 UTC
2025-08-19T09:37:22.3479453Z  2025-08-19 09:36:25.405 UTC [48] LOG:  database system is ready to accept connections
2025-08-19T09:37:22.3479784Z   done
2025-08-19T09:37:22.3479961Z  server started
2025-08-19T09:37:22.3480149Z  CREATE DATABASE
2025-08-19T09:37:22.3480328Z  
2025-08-19T09:37:22.3480481Z  
2025-08-19T09:37:22.3480829Z  /usr/local/bin/docker-entrypoint.sh: ignoring /docker-entrypoint-initdb.d/*
2025-08-19T09:37:22.3481195Z  
2025-08-19T09:37:22.3481422Z  2025-08-19 09:36:25.583 UTC [48] LOG:  received fast shutdown request
2025-08-19T09:37:22.3482141Z  waiting for server to shut down....2025-08-19 09:36:25.584 UTC [48] LOG:  aborting any active transactions
2025-08-19T09:37:22.3482753Z  2025-08-19 09:36:25.586 UTC [48] LOG:  background worker "logical replication launcher" (PID 54) exited with exit code 1
2025-08-19T09:37:22.3483225Z  2025-08-19 09:36:25.586 UTC [49] LOG:  shutting down
2025-08-19T09:37:22.3483567Z  2025-08-19 09:36:25.586 UTC [49] LOG:  checkpoint starting: shutdown immediate
2025-08-19T09:37:22.3484391Z  2025-08-19 09:36:25.604 UTC [49] LOG:  checkpoint complete: wrote 922 buffers (5.6%); 0 WAL file(s) added, 0 removed, 0 recycled; write=0.013 s, sync=0.003 s, total=0.018 s; sync files=301, longest=0.002 s, average=0.001 s; distance=4239 kB, estimate=4239 kB
2025-08-19T09:37:22.3485200Z  2025-08-19 09:36:25.610 UTC [48] LOG:  database system is shut down
2025-08-19T09:37:22.3485486Z   done
2025-08-19T09:37:22.3485652Z  server stopped
2025-08-19T09:37:22.3485827Z  
2025-08-19T09:37:22.3486046Z  PostgreSQL init process complete; ready for start up.
2025-08-19T09:37:22.3486318Z  
2025-08-19T09:37:22.3491959Z Stop and remove container: 914fb4b37c2144e3af62b27fa913220b_postgres15_c1c9eb
2025-08-19T09:37:22.3497444Z ##[command]/usr/bin/docker rm --force 8c1451e25d7663aa4a6e840a6558caf622323da2375f662e853d36e3320b4d4c
2025-08-19T09:37:23.4150054Z 8c1451e25d7663aa4a6e840a6558caf622323da2375f662e853d36e3320b4d4c
2025-08-19T09:37:23.4178038Z Remove container network: github_network_78a7ce781a474110a10990f9b36228bb
2025-08-19T09:37:23.4182259Z ##[command]/usr/bin/docker network rm github_network_78a7ce781a474110a10990f9b36228bb
2025-08-19T09:37:23.5447155Z github_network_78a7ce781a474110a10990f9b36228bb
2025-08-19T09:37:23.5504686Z Cleaning up orphan processes
