2025-08-16T22:34:00.0792887Z Current runner version: '2.327.1'
2025-08-16T22:34:00.0827205Z ##[group]Runner Image Provisioner
2025-08-16T22:34:00.0829026Z Hosted Compute Agent
2025-08-16T22:34:00.0830151Z Version: 20250812.370
2025-08-16T22:34:00.0831204Z Commit: 4a2b2bf7520004e3e907c2150c8cabe342a3da32
2025-08-16T22:34:00.0832342Z Build Date: 2025-08-12T16:08:14Z
2025-08-16T22:34:00.0833611Z ##[endgroup]
2025-08-16T22:34:00.0834487Z ##[group]Operating System
2025-08-16T22:34:00.0835631Z Ubuntu
2025-08-16T22:34:00.0836426Z 24.04.2
2025-08-16T22:34:00.0837205Z LTS
2025-08-16T22:34:00.0838073Z ##[endgroup]
2025-08-16T22:34:00.0838881Z ##[group]Runner Image
2025-08-16T22:34:00.0840129Z Image: ubuntu-24.04
2025-08-16T22:34:00.0841111Z Version: 20250810.1.0
2025-08-16T22:34:00.0842826Z Included Software: https://github.com/actions/runner-images/blob/ubuntu24/20250810.1/images/ubuntu/Ubuntu2404-Readme.md
2025-08-16T22:34:00.0845530Z Image Release: https://github.com/actions/runner-images/releases/tag/ubuntu24%2F20250810.1
2025-08-16T22:34:00.0847117Z ##[endgroup]
2025-08-16T22:34:00.0851711Z ##[group]GITHUB_TOKEN Permissions
2025-08-16T22:34:00.0855005Z Actions: write
2025-08-16T22:34:00.0855942Z Attestations: write
2025-08-16T22:34:00.0856812Z Checks: write
2025-08-16T22:34:00.0857587Z Contents: write
2025-08-16T22:34:00.0858483Z Deployments: write
2025-08-16T22:34:00.0859297Z Discussions: write
2025-08-16T22:34:00.0860403Z Issues: write
2025-08-16T22:34:00.0861219Z Metadata: read
2025-08-16T22:34:00.0862101Z Models: read
2025-08-16T22:34:00.0862982Z Packages: write
2025-08-16T22:34:00.0863896Z Pages: write
2025-08-16T22:34:00.0864770Z PullRequests: write
2025-08-16T22:34:00.0865649Z RepositoryProjects: write
2025-08-16T22:34:00.0866766Z SecurityEvents: write
2025-08-16T22:34:00.0867793Z Statuses: write
2025-08-16T22:34:00.0868669Z ##[endgroup]
2025-08-16T22:34:00.0872070Z Secret source: Actions
2025-08-16T22:34:00.0873179Z Prepare workflow directory
2025-08-16T22:34:00.1493977Z Prepare all required actions
2025-08-16T22:34:00.1550487Z Getting action download info
2025-08-16T22:34:00.3809086Z Download action repository 'actions/checkout@v4' (SHA:08eba0b27e820071cde6df949e0beb9ba4906955)
2025-08-16T22:34:00.7061028Z Download action repository 'actions/setup-python@v5' (SHA:a26af69be951a213d495a4c3e4e4022e16d87065)
2025-08-16T22:34:00.9613985Z Download action repository 'actions/cache@v4' (SHA:0400d5f644dc74513175e3cd8d07132dd4860809)
2025-08-16T22:34:01.2414513Z Download action repository 'actions/upload-artifact@v4' (SHA:ea165f8d65b6e75b540449e92b4886f43607fa02)
2025-08-16T22:34:01.5013040Z Complete job name: integration-db
2025-08-16T22:34:01.5502836Z ##[group]Checking docker version
2025-08-16T22:34:01.5515850Z ##[command]/usr/bin/docker version --format '{{.Server.APIVersion}}'
2025-08-16T22:34:01.6637639Z '1.48'
2025-08-16T22:34:01.6651279Z Docker daemon API version: '1.48'
2025-08-16T22:34:01.6652016Z ##[command]/usr/bin/docker version --format '{{.Client.APIVersion}}'
2025-08-16T22:34:01.6812311Z '1.48'
2025-08-16T22:34:01.6825742Z Docker client API version: '1.48'
2025-08-16T22:34:01.6831950Z ##[endgroup]
2025-08-16T22:34:01.6835364Z ##[group]Clean up resources from previous jobs
2025-08-16T22:34:01.6841215Z ##[command]/usr/bin/docker ps --all --quiet --no-trunc --filter "label=286eb8"
2025-08-16T22:34:01.6987494Z ##[command]/usr/bin/docker network prune --force --filter "label=286eb8"
2025-08-16T22:34:01.7124380Z ##[endgroup]
2025-08-16T22:34:01.7125164Z ##[group]Create local container network
2025-08-16T22:34:01.7136278Z ##[command]/usr/bin/docker network create --label 286eb8 github_network_bc3286bb16f34be7836197f0d1983f68
2025-08-16T22:34:01.7635226Z ce2b996ee912d4c82d289c002dcfda1cc58c12802d42419455e7e010233e2f45
2025-08-16T22:34:01.7654726Z ##[endgroup]
2025-08-16T22:34:01.7679274Z ##[group]Starting postgres service container
2025-08-16T22:34:01.7699327Z ##[command]/usr/bin/docker pull postgres:15
2025-08-16T22:34:02.0143699Z 15: Pulling from library/postgres
2025-08-16T22:34:02.0802636Z 396b1da7636e: Pulling fs layer
2025-08-16T22:34:02.0804594Z fca2566eba32: Pulling fs layer
2025-08-16T22:34:02.0805888Z 631fe8c6d606: Pulling fs layer
2025-08-16T22:34:02.0807180Z 77c7671c4414: Pulling fs layer
2025-08-16T22:34:02.0808430Z 2d9e29180a27: Pulling fs layer
2025-08-16T22:34:02.0810020Z c6bcc2c9a041: Pulling fs layer
2025-08-16T22:34:02.0811329Z ac4b721eb66f: Pulling fs layer
2025-08-16T22:34:02.0812684Z 606bd164980e: Pulling fs layer
2025-08-16T22:34:02.0814105Z f5dfd246bc6e: Pulling fs layer
2025-08-16T22:34:02.0815452Z ba7036bb0a60: Pulling fs layer
2025-08-16T22:34:02.0816774Z 799f859abbbd: Pulling fs layer
2025-08-16T22:34:02.0818217Z d903e777080c: Pulling fs layer
2025-08-16T22:34:02.0819802Z 04adcb462801: Pulling fs layer
2025-08-16T22:34:02.0821231Z 5c10925b29ff: Pulling fs layer
2025-08-16T22:34:02.0822588Z 77c7671c4414: Waiting
2025-08-16T22:34:02.0823864Z 2d9e29180a27: Waiting
2025-08-16T22:34:02.0825080Z c6bcc2c9a041: Waiting
2025-08-16T22:34:02.0826332Z ac4b721eb66f: Waiting
2025-08-16T22:34:02.0827615Z 606bd164980e: Waiting
2025-08-16T22:34:02.0828937Z f5dfd246bc6e: Waiting
2025-08-16T22:34:02.0830496Z ba7036bb0a60: Waiting
2025-08-16T22:34:02.0831843Z 799f859abbbd: Waiting
2025-08-16T22:34:02.0833325Z d903e777080c: Waiting
2025-08-16T22:34:02.0834839Z 5c10925b29ff: Waiting
2025-08-16T22:34:02.1631801Z fca2566eba32: Verifying Checksum
2025-08-16T22:34:02.1634154Z fca2566eba32: Download complete
2025-08-16T22:34:02.2037014Z 631fe8c6d606: Verifying Checksum
2025-08-16T22:34:02.2038999Z 631fe8c6d606: Download complete
2025-08-16T22:34:02.2947914Z 77c7671c4414: Verifying Checksum
2025-08-16T22:34:02.2951088Z 77c7671c4414: Download complete
2025-08-16T22:34:02.3506657Z 2d9e29180a27: Verifying Checksum
2025-08-16T22:34:02.3508456Z 2d9e29180a27: Download complete
2025-08-16T22:34:02.4174715Z 396b1da7636e: Verifying Checksum
2025-08-16T22:34:02.4176422Z 396b1da7636e: Download complete
2025-08-16T22:34:02.4229954Z ac4b721eb66f: Verifying Checksum
2025-08-16T22:34:02.4231917Z ac4b721eb66f: Download complete
2025-08-16T22:34:02.4464092Z c6bcc2c9a041: Verifying Checksum
2025-08-16T22:34:02.4466174Z c6bcc2c9a041: Download complete
2025-08-16T22:34:02.5093441Z 606bd164980e: Verifying Checksum
2025-08-16T22:34:02.5095383Z 606bd164980e: Download complete
2025-08-16T22:34:02.5429928Z ba7036bb0a60: Verifying Checksum
2025-08-16T22:34:02.5436694Z ba7036bb0a60: Download complete
2025-08-16T22:34:02.5873911Z 799f859abbbd: Verifying Checksum
2025-08-16T22:34:02.5875973Z 799f859abbbd: Download complete
2025-08-16T22:34:02.6311133Z d903e777080c: Verifying Checksum
2025-08-16T22:34:02.6313206Z d903e777080c: Download complete
2025-08-16T22:34:02.6628519Z 04adcb462801: Verifying Checksum
2025-08-16T22:34:02.6631647Z 04adcb462801: Download complete
2025-08-16T22:34:02.7146922Z 5c10925b29ff: Download complete
2025-08-16T22:34:03.4875826Z 396b1da7636e: Pull complete
2025-08-16T22:34:03.7472321Z fca2566eba32: Pull complete
2025-08-16T22:34:03.8172701Z f5dfd246bc6e: Verifying Checksum
2025-08-16T22:34:03.8173336Z f5dfd246bc6e: Download complete
2025-08-16T22:34:03.9371002Z 631fe8c6d606: Pull complete
2025-08-16T22:34:03.9857188Z 77c7671c4414: Pull complete
2025-08-16T22:34:04.3070432Z 2d9e29180a27: Pull complete
2025-08-16T22:34:04.3917887Z c6bcc2c9a041: Pull complete
2025-08-16T22:34:04.4013938Z ac4b721eb66f: Pull complete
2025-08-16T22:34:04.4145753Z 606bd164980e: Pull complete
2025-08-16T22:34:07.3487872Z f5dfd246bc6e: Pull complete
2025-08-16T22:34:07.3689490Z ba7036bb0a60: Pull complete
2025-08-16T22:34:07.3806919Z 799f859abbbd: Pull complete
2025-08-16T22:34:07.3956424Z d903e777080c: Pull complete
2025-08-16T22:34:07.4190404Z 04adcb462801: Pull complete
2025-08-16T22:34:07.4303765Z 5c10925b29ff: Pull complete
2025-08-16T22:34:07.4344773Z Digest: sha256:0de3e43bbb424d5fb7ca1889150f8e1b525d6c9fbaf9df6d853dcbc2ed5ffa1e
2025-08-16T22:34:07.4358626Z Status: Downloaded newer image for postgres:15
2025-08-16T22:34:07.4372041Z docker.io/library/postgres:15
2025-08-16T22:34:07.4444424Z ##[command]/usr/bin/docker create --name 7bd1b3f1da8a4162a5bb010ea1308113_postgres15_481dea --label 286eb8 --network github_network_bc3286bb16f34be7836197f0d1983f68 --network-alias postgres -p 5432:5432 --health-cmd="pg_isready -U postgres -d awa" --health-interval=5s --health-timeout=5s --health-retries=10 -e "POSTGRES_USER=postgres" -e "POSTGRES_PASSWORD=pass" -e "POSTGRES_DB=awa" -e GITHUB_ACTIONS=true -e CI=true postgres:15
2025-08-16T22:34:07.4699578Z 98b28de0d7a6e0e80ea76f8022aec368b0a89ddeb065d336ab2c993720c1b806
2025-08-16T22:34:07.4724574Z ##[command]/usr/bin/docker start 98b28de0d7a6e0e80ea76f8022aec368b0a89ddeb065d336ab2c993720c1b806
2025-08-16T22:34:07.7835320Z 98b28de0d7a6e0e80ea76f8022aec368b0a89ddeb065d336ab2c993720c1b806
2025-08-16T22:34:07.7872271Z ##[command]/usr/bin/docker ps --all --filter id=98b28de0d7a6e0e80ea76f8022aec368b0a89ddeb065d336ab2c993720c1b806 --filter status=running --no-trunc --format "{{.ID}} {{.Status}}"
2025-08-16T22:34:07.8000135Z 98b28de0d7a6e0e80ea76f8022aec368b0a89ddeb065d336ab2c993720c1b806 Up Less than a second (health: starting)
2025-08-16T22:34:07.8021076Z ##[command]/usr/bin/docker port 98b28de0d7a6e0e80ea76f8022aec368b0a89ddeb065d336ab2c993720c1b806
2025-08-16T22:34:07.8152788Z 5432/tcp -> 0.0.0.0:5432
2025-08-16T22:34:07.8153193Z 5432/tcp -> [::]:5432
2025-08-16T22:34:07.8201787Z ##[endgroup]
2025-08-16T22:34:07.8209971Z ##[group]Waiting for all services to be ready
2025-08-16T22:34:07.8223843Z ##[command]/usr/bin/docker inspect --format="{{if .Config.Healthcheck}}{{print .State.Health.Status}}{{end}}" 98b28de0d7a6e0e80ea76f8022aec368b0a89ddeb065d336ab2c993720c1b806
2025-08-16T22:34:07.8356411Z starting
2025-08-16T22:34:07.8381776Z postgres service is starting, waiting 2 seconds before checking again.
2025-08-16T22:34:09.8390856Z ##[command]/usr/bin/docker inspect --format="{{if .Config.Healthcheck}}{{print .State.Health.Status}}{{end}}" 98b28de0d7a6e0e80ea76f8022aec368b0a89ddeb065d336ab2c993720c1b806
2025-08-16T22:34:09.8511724Z starting
2025-08-16T22:34:09.8525066Z postgres service is starting, waiting 4 seconds before checking again.
2025-08-16T22:34:14.0287787Z ##[command]/usr/bin/docker inspect --format="{{if .Config.Healthcheck}}{{print .State.Health.Status}}{{end}}" 98b28de0d7a6e0e80ea76f8022aec368b0a89ddeb065d336ab2c993720c1b806
2025-08-16T22:34:14.0406887Z healthy
2025-08-16T22:34:14.0429096Z postgres service is healthy.
2025-08-16T22:34:14.0429990Z ##[endgroup]
2025-08-16T22:34:14.0672830Z ##[group]Run actions/checkout@v4
2025-08-16T22:34:14.0673361Z with:
2025-08-16T22:34:14.0673536Z   fetch-depth: 0
2025-08-16T22:34:14.0673736Z   repository: AlexBomber12/AWA-App
2025-08-16T22:34:14.0674108Z   token: ***
2025-08-16T22:34:14.0674285Z   ssh-strict: true
2025-08-16T22:34:14.0674460Z   ssh-user: git
2025-08-16T22:34:14.0674641Z   persist-credentials: true
2025-08-16T22:34:14.0674848Z   clean: true
2025-08-16T22:34:14.0675027Z   sparse-checkout-cone-mode: true
2025-08-16T22:34:14.0675252Z   fetch-tags: false
2025-08-16T22:34:14.0675430Z   show-progress: true
2025-08-16T22:34:14.0675604Z   lfs: false
2025-08-16T22:34:14.0675761Z   submodules: false
2025-08-16T22:34:14.0675950Z   set-safe-directory: true
2025-08-16T22:34:14.0676328Z ##[endgroup]
2025-08-16T22:34:14.1812508Z Syncing repository: AlexBomber12/AWA-App
2025-08-16T22:34:14.1813742Z ##[group]Getting Git version info
2025-08-16T22:34:14.1814095Z Working directory is '/home/runner/work/AWA-App/AWA-App'
2025-08-16T22:34:14.1814658Z [command]/usr/bin/git version
2025-08-16T22:34:14.1904202Z git version 2.50.1
2025-08-16T22:34:14.1931200Z ##[endgroup]
2025-08-16T22:34:14.1947515Z Temporarily overriding HOME='/home/runner/work/_temp/75a1a6e3-70c7-4883-8444-a29933b806a6' before making global git config changes
2025-08-16T22:34:14.1948805Z Adding repository directory to the temporary git global config as a safe directory
2025-08-16T22:34:14.1961975Z [command]/usr/bin/git config --global --add safe.directory /home/runner/work/AWA-App/AWA-App
2025-08-16T22:34:14.2004992Z Deleting the contents of '/home/runner/work/AWA-App/AWA-App'
2025-08-16T22:34:14.2009088Z ##[group]Initializing the repository
2025-08-16T22:34:14.2013884Z [command]/usr/bin/git init /home/runner/work/AWA-App/AWA-App
2025-08-16T22:34:14.2162477Z hint: Using 'master' as the name for the initial branch. This default branch name
2025-08-16T22:34:14.2163384Z hint: is subject to change. To configure the initial branch name to use in all
2025-08-16T22:34:14.2164033Z hint: of your new repositories, which will suppress this warning, call:
2025-08-16T22:34:14.2164374Z hint:
2025-08-16T22:34:14.2164663Z hint: 	git config --global init.defaultBranch <name>
2025-08-16T22:34:14.2164958Z hint:
2025-08-16T22:34:14.2165235Z hint: Names commonly chosen instead of 'master' are 'main', 'trunk' and
2025-08-16T22:34:14.2165710Z hint: 'development'. The just-created branch can be renamed via this command:
2025-08-16T22:34:14.2166053Z hint:
2025-08-16T22:34:14.2166237Z hint: 	git branch -m <name>
2025-08-16T22:34:14.2166441Z hint:
2025-08-16T22:34:14.2166825Z hint: Disable this message with "git config set advice.defaultBranchName false"
2025-08-16T22:34:14.2167988Z Initialized empty Git repository in /home/runner/work/AWA-App/AWA-App/.git/
2025-08-16T22:34:14.2180376Z [command]/usr/bin/git remote add origin https://github.com/AlexBomber12/AWA-App
2025-08-16T22:34:14.2221543Z ##[endgroup]
2025-08-16T22:34:14.2222149Z ##[group]Disabling automatic garbage collection
2025-08-16T22:34:14.2226595Z [command]/usr/bin/git config --local gc.auto 0
2025-08-16T22:34:14.2255874Z ##[endgroup]
2025-08-16T22:34:14.2256228Z ##[group]Setting up auth
2025-08-16T22:34:14.2263568Z [command]/usr/bin/git config --local --name-only --get-regexp core\.sshCommand
2025-08-16T22:34:14.2293755Z [command]/usr/bin/git submodule foreach --recursive sh -c "git config --local --name-only --get-regexp 'core\.sshCommand' && git config --local --unset-all 'core.sshCommand' || :"
2025-08-16T22:34:14.2697180Z [command]/usr/bin/git config --local --name-only --get-regexp http\.https\:\/\/github\.com\/\.extraheader
2025-08-16T22:34:14.2726336Z [command]/usr/bin/git submodule foreach --recursive sh -c "git config --local --name-only --get-regexp 'http\.https\:\/\/github\.com\/\.extraheader' && git config --local --unset-all 'http.https://github.com/.extraheader' || :"
2025-08-16T22:34:14.2952724Z [command]/usr/bin/git config --local http.https://github.com/.extraheader AUTHORIZATION: basic ***
2025-08-16T22:34:14.2989542Z ##[endgroup]
2025-08-16T22:34:14.2990512Z ##[group]Fetching the repository
2025-08-16T22:34:14.2998821Z [command]/usr/bin/git -c protocol.version=2 fetch --prune --no-recurse-submodules origin +refs/heads/*:refs/remotes/origin/* +refs/tags/*:refs/tags/*
2025-08-16T22:34:14.8643195Z From https://github.com/AlexBomber12/AWA-App
2025-08-16T22:34:14.8644570Z  * [new branch]      codex/check-ci-logs-for-errors-and-fix-them -> origin/codex/check-ci-logs-for-errors-and-fix-them
2025-08-16T22:34:14.8646192Z  * [new branch]      codex/check-logs-for-errors-and-fix-issues -> origin/codex/check-logs-for-errors-and-fix-issues
2025-08-16T22:34:14.8653086Z  * [new branch]      codex/fix-ci-workflows-until-all-pass -> origin/codex/fix-ci-workflows-until-all-pass
2025-08-16T22:34:14.8654577Z  * [new branch]      codex/implement-targeted-ci-fixes-until-green -> origin/codex/implement-targeted-ci-fixes-until-green
2025-08-16T22:34:14.8656179Z  * [new branch]      codex/replace-github-cli-with-python-rest-calls -> origin/codex/replace-github-cli-with-python-rest-calls
2025-08-16T22:34:14.8657262Z  * [new branch]      gh-pages   -> origin/gh-pages
2025-08-16T22:34:14.8658025Z  * [new branch]      main       -> origin/main
2025-08-16T22:34:14.8658638Z  * [new tag]         0.3.0      -> 0.3.0
2025-08-16T22:34:14.8704464Z [command]/usr/bin/git branch --list --remote origin/main
2025-08-16T22:34:14.8729153Z   origin/main
2025-08-16T22:34:14.8738625Z [command]/usr/bin/git rev-parse refs/remotes/origin/main
2025-08-16T22:34:14.8760575Z 570778b9684bfb9154aad48f21e9a8a11d814bb3
2025-08-16T22:34:14.8769511Z ##[endgroup]
2025-08-16T22:34:14.8771762Z ##[group]Determining the checkout info
2025-08-16T22:34:14.8772434Z ##[endgroup]
2025-08-16T22:34:14.8774392Z [command]/usr/bin/git sparse-checkout disable
2025-08-16T22:34:14.8831150Z [command]/usr/bin/git config --local --unset-all extensions.worktreeConfig
2025-08-16T22:34:14.8857789Z ##[group]Checking out the ref
2025-08-16T22:34:14.8862603Z [command]/usr/bin/git checkout --progress --force -B main refs/remotes/origin/main
2025-08-16T22:34:14.9246552Z Switched to a new branch 'main'
2025-08-16T22:34:14.9247295Z branch 'main' set up to track 'origin/main'.
2025-08-16T22:34:14.9258631Z ##[endgroup]
2025-08-16T22:34:14.9302350Z [command]/usr/bin/git log -1 --format=%H
2025-08-16T22:34:14.9324667Z 570778b9684bfb9154aad48f21e9a8a11d814bb3
2025-08-16T22:34:14.9483609Z ##[group]Run cat .env.ci >> "$GITHUB_ENV"
2025-08-16T22:34:14.9483986Z [36;1mcat .env.ci >> "$GITHUB_ENV"[0m
2025-08-16T22:34:14.9484701Z [36;1mecho "DATABASE_URL=***localhost:5432/awa" >> "$GITHUB_ENV"[0m
2025-08-16T22:34:14.9485058Z [36;1mecho "PG_HOST=localhost" >> "$GITHUB_ENV"[0m
2025-08-16T22:34:14.9485355Z [36;1mecho "PG_PORT=5432" >> "$GITHUB_ENV"[0m
2025-08-16T22:34:14.9485660Z [36;1mecho "PG_USER=postgres" >> "$GITHUB_ENV"[0m
2025-08-16T22:34:14.9485943Z [36;1mecho "PG_PASSWORD=pass" >> "$GITHUB_ENV"[0m
2025-08-16T22:34:14.9486215Z [36;1mecho "PG_DATABASE=awa" >> "$GITHUB_ENV"[0m
2025-08-16T22:34:14.9530920Z shell: /usr/bin/bash -e {0}
2025-08-16T22:34:14.9531161Z ##[endgroup]
2025-08-16T22:34:14.9712393Z ##[group]Run actions/setup-python@v5
2025-08-16T22:34:14.9712659Z with:
2025-08-16T22:34:14.9712833Z   python-version: 3.11
2025-08-16T22:34:14.9713026Z   cache: pip
2025-08-16T22:34:14.9713233Z   cache-dependency-path: requirements-dev.txt

2025-08-16T22:34:14.9713503Z   check-latest: false
2025-08-16T22:34:14.9713795Z   token: ***
2025-08-16T22:34:14.9713979Z   update-environment: true
2025-08-16T22:34:14.9714187Z   allow-prereleases: false
2025-08-16T22:34:14.9714386Z   freethreaded: false
2025-08-16T22:34:14.9714564Z env:
2025-08-16T22:34:14.9714720Z   PG_USER: postgres
2025-08-16T22:34:14.9714897Z   PG_PASSWORD: pass
2025-08-16T22:34:14.9715080Z   PG_DATABASE: awa
2025-08-16T22:34:14.9715254Z   PG_HOST: localhost
2025-08-16T22:34:14.9715425Z   PG_PORT: 5432
2025-08-16T22:34:14.9715798Z   PG_SYNC_DSN: ***localhost:5432/awa
2025-08-16T22:34:14.9716180Z   PG_ASYNC_DSN: ***localhost:5432/awa
2025-08-16T22:34:14.9716552Z   DATABASE_URL: ***localhost:5432/awa
2025-08-16T22:34:14.9716799Z   DATA_DIR: /tmp/awa-data
2025-08-16T22:34:14.9716989Z   ENABLE_LIVE: 0
2025-08-16T22:34:14.9717155Z   TESTING: 1
2025-08-16T22:34:14.9717312Z ##[endgroup]
2025-08-16T22:34:15.1388821Z ##[group]Installed versions
2025-08-16T22:34:15.1522262Z Successfully set up CPython (3.11.13)
2025-08-16T22:34:15.1523051Z ##[endgroup]
2025-08-16T22:34:15.1906995Z [command]/opt/hostedtoolcache/Python/3.11.13/x64/bin/pip cache dir
2025-08-16T22:34:17.3072284Z /home/runner/.cache/pip
2025-08-16T22:34:17.4112171Z Cache hit for: setup-python-Linux-x64-24.04-Ubuntu-python-3.11.13-pip-dee7c0c28332ec2ebb5d2650fb0d2cfddf025b3b0e96b0c826645ad2cb717961
2025-08-16T22:34:18.5540150Z Received 192937984 of 203535974 (94.8%), 183.8 MBs/sec
2025-08-16T22:34:18.6459362Z Received 203535974 of 203535974 (100.0%), 177.6 MBs/sec
2025-08-16T22:34:18.6461989Z Cache Size: ~194 MB (203535974 B)
2025-08-16T22:34:18.6579091Z [command]/usr/bin/tar -xf /home/runner/work/_temp/ca4a0717-fb10-40cf-8edb-4fede0cdf1e0/cache.tzst -P -C /home/runner/work/AWA-App/AWA-App --use-compress-program unzstd
2025-08-16T22:34:19.0237001Z Cache restored successfully
2025-08-16T22:34:19.0625982Z Cache restored from key: setup-python-Linux-x64-24.04-Ubuntu-python-3.11.13-pip-dee7c0c28332ec2ebb5d2650fb0d2cfddf025b3b0e96b0c826645ad2cb717961
2025-08-16T22:34:19.1324713Z ##[group]Run actions/cache@v4
2025-08-16T22:34:19.1324972Z with:
2025-08-16T22:34:19.1325187Z   path: ~/.cache/pip
.pytest_cache
~/.ruff_cache

2025-08-16T22:34:19.1325625Z   key: Linux-int-dee7c0c28332ec2ebb5d2650fb0d2cfddf025b3b0e96b0c826645ad2cb717961
2025-08-16T22:34:19.1326033Z   restore-keys: Linux-int-
2025-08-16T22:34:19.1326246Z   enableCrossOsArchive: false
2025-08-16T22:34:19.1326682Z   fail-on-cache-miss: false
2025-08-16T22:34:19.1326891Z   lookup-only: false
2025-08-16T22:34:19.1327077Z   save-always: false
2025-08-16T22:34:19.1327246Z env:
2025-08-16T22:34:19.1327407Z   PG_USER: postgres
2025-08-16T22:34:19.1327593Z   PG_PASSWORD: pass
2025-08-16T22:34:19.1327770Z   PG_DATABASE: awa
2025-08-16T22:34:19.1327947Z   PG_HOST: localhost
2025-08-16T22:34:19.1328128Z   PG_PORT: 5432
2025-08-16T22:34:19.1328600Z   PG_SYNC_DSN: ***localhost:5432/awa
2025-08-16T22:34:19.1329044Z   PG_ASYNC_DSN: ***localhost:5432/awa
2025-08-16T22:34:19.1329465Z   DATABASE_URL: ***localhost:5432/awa
2025-08-16T22:34:19.1329958Z   DATA_DIR: /tmp/awa-data
2025-08-16T22:34:19.1330163Z   ENABLE_LIVE: 0
2025-08-16T22:34:19.1330333Z   TESTING: 1
2025-08-16T22:34:19.1330568Z   pythonLocation: /opt/hostedtoolcache/Python/3.11.13/x64
2025-08-16T22:34:19.1330967Z   PKG_CONFIG_PATH: /opt/hostedtoolcache/Python/3.11.13/x64/lib/pkgconfig
2025-08-16T22:34:19.1331356Z   Python_ROOT_DIR: /opt/hostedtoolcache/Python/3.11.13/x64
2025-08-16T22:34:19.1331715Z   Python2_ROOT_DIR: /opt/hostedtoolcache/Python/3.11.13/x64
2025-08-16T22:34:19.1332060Z   Python3_ROOT_DIR: /opt/hostedtoolcache/Python/3.11.13/x64
2025-08-16T22:34:19.1332408Z   LD_LIBRARY_PATH: /opt/hostedtoolcache/Python/3.11.13/x64/lib
2025-08-16T22:34:19.1332707Z ##[endgroup]
2025-08-16T22:34:19.3493400Z Cache hit for: Linux-int-dee7c0c28332ec2ebb5d2650fb0d2cfddf025b3b0e96b0c826645ad2cb717961
2025-08-16T22:34:20.2838726Z Received 203537320 of 203537320 (100.0%), 219.3 MBs/sec
2025-08-16T22:34:20.2841250Z Cache Size: ~194 MB (203537320 B)
2025-08-16T22:34:20.2901806Z [command]/usr/bin/tar -xf /home/runner/work/_temp/b7ae81c9-1f4b-457e-87a9-6720f293340b/cache.tzst -P -C /home/runner/work/AWA-App/AWA-App --use-compress-program unzstd
2025-08-16T22:34:20.6498623Z Cache restored successfully
2025-08-16T22:34:20.6960623Z Cache restored from key: Linux-int-dee7c0c28332ec2ebb5d2650fb0d2cfddf025b3b0e96b0c826645ad2cb717961
2025-08-16T22:34:20.7088838Z ##[group]Run pip install -r requirements-dev.txt
2025-08-16T22:34:20.7089231Z [36;1mpip install -r requirements-dev.txt[0m
2025-08-16T22:34:20.7089541Z [36;1mpip install keepa==1.3.15 minio==7.1.15[0m
2025-08-16T22:34:20.7130747Z shell: /usr/bin/bash -e {0}
2025-08-16T22:34:20.7130983Z env:
2025-08-16T22:34:20.7131164Z   PG_USER: postgres
2025-08-16T22:34:20.7131361Z   PG_PASSWORD: pass
2025-08-16T22:34:20.7131553Z   PG_DATABASE: awa
2025-08-16T22:34:20.7131751Z   PG_HOST: localhost
2025-08-16T22:34:20.7131947Z   PG_PORT: 5432
2025-08-16T22:34:20.7132420Z   PG_SYNC_DSN: ***localhost:5432/awa
2025-08-16T22:34:20.7132826Z   PG_ASYNC_DSN: ***localhost:5432/awa
2025-08-16T22:34:20.7133206Z   DATABASE_URL: ***localhost:5432/awa
2025-08-16T22:34:20.7133445Z   DATA_DIR: /tmp/awa-data
2025-08-16T22:34:20.7133652Z   ENABLE_LIVE: 0
2025-08-16T22:34:20.7133833Z   TESTING: 1
2025-08-16T22:34:20.7134067Z   pythonLocation: /opt/hostedtoolcache/Python/3.11.13/x64
2025-08-16T22:34:20.7134503Z   PKG_CONFIG_PATH: /opt/hostedtoolcache/Python/3.11.13/x64/lib/pkgconfig
2025-08-16T22:34:20.7134935Z   Python_ROOT_DIR: /opt/hostedtoolcache/Python/3.11.13/x64
2025-08-16T22:34:20.7135290Z   Python2_ROOT_DIR: /opt/hostedtoolcache/Python/3.11.13/x64
2025-08-16T22:34:20.7135649Z   Python3_ROOT_DIR: /opt/hostedtoolcache/Python/3.11.13/x64
2025-08-16T22:34:20.7136010Z   LD_LIBRARY_PATH: /opt/hostedtoolcache/Python/3.11.13/x64/lib
2025-08-16T22:34:20.7136310Z ##[endgroup]
2025-08-16T22:34:22.3394055Z Collecting Jinja2==3.1.6 (from -r requirements-dev.txt (line 2))
2025-08-16T22:34:22.3411155Z   Using cached jinja2-3.1.6-py3-none-any.whl.metadata (2.9 kB)
2025-08-16T22:34:22.3974813Z Collecting alembic==1.13.1 (from -r requirements-dev.txt (line 3))
2025-08-16T22:34:22.3999772Z   Using cached alembic-1.13.1-py3-none-any.whl.metadata (7.4 kB)
2025-08-16T22:34:22.4234684Z Collecting apscheduler==3.10.4 (from -r requirements-dev.txt (line 4))
2025-08-16T22:34:22.4249120Z   Using cached APScheduler-3.10.4-py3-none-any.whl.metadata (5.7 kB)
2025-08-16T22:34:22.4787208Z Collecting asyncpg==0.30.0 (from -r requirements-dev.txt (line 5))
2025-08-16T22:34:22.4803906Z   Using cached asyncpg-0.30.0-cp311-cp311-manylinux_2_17_x86_64.manylinux2014_x86_64.whl.metadata (5.0 kB)
2025-08-16T22:34:22.5272905Z Collecting black==25.1.0 (from -r requirements-dev.txt (line 6))
2025-08-16T22:34:22.5288521Z   Using cached black-25.1.0-cp311-cp311-manylinux_2_17_x86_64.manylinux2014_x86_64.manylinux_2_28_x86_64.whl.metadata (81 kB)
2025-08-16T22:34:22.8828108Z Collecting boto3 (from -r requirements-dev.txt (line 7))
2025-08-16T22:34:22.9402580Z   Downloading boto3-1.40.11-py3-none-any.whl.metadata (6.7 kB)
2025-08-16T22:34:22.9832503Z Collecting celery==5.4.0 (from -r requirements-dev.txt (line 8))
2025-08-16T22:34:22.9853131Z   Using cached celery-5.4.0-py3-none-any.whl.metadata (21 kB)
2025-08-16T22:34:23.0563025Z Collecting fastapi==0.116.1 (from -r requirements-dev.txt (line 9))
2025-08-16T22:34:23.0579820Z   Using cached fastapi-0.116.1-py3-none-any.whl.metadata (28 kB)
2025-08-16T22:34:23.0846039Z Collecting httpx<0.29,>=0.27 (from -r requirements-dev.txt (line 11))
2025-08-16T22:34:23.0860696Z   Using cached httpx-0.28.1-py3-none-any.whl.metadata (7.1 kB)
2025-08-16T22:34:23.1040555Z Collecting imapclient==3.0.1 (from -r requirements-dev.txt (line 12))
2025-08-16T22:34:23.1054850Z   Using cached IMAPClient-3.0.1-py2.py3-none-any.whl.metadata (1.7 kB)
2025-08-16T22:34:23.1201396Z Collecting itsdangerous (from -r requirements-dev.txt (line 13))
2025-08-16T22:34:23.1216145Z   Using cached itsdangerous-2.2.0-py3-none-any.whl.metadata (1.9 kB)
2025-08-16T22:34:23.2404170Z Collecting mypy==1.* (from -r requirements-dev.txt (line 14))
2025-08-16T22:34:23.3816256Z   Using cached mypy-1.17.1-cp311-cp311-manylinux2014_x86_64.manylinux_2_17_x86_64.manylinux_2_28_x86_64.whl.metadata (2.2 kB)
2025-08-16T22:34:23.3957966Z Collecting mypy-extensions==1.1.0 (from -r requirements-dev.txt (line 15))
2025-08-16T22:34:23.3972309Z   Using cached mypy_extensions-1.1.0-py3-none-any.whl.metadata (1.1 kB)
2025-08-16T22:34:23.4146632Z Collecting openpyxl==3.1.5 (from -r requirements-dev.txt (line 16))
2025-08-16T22:34:23.4160924Z   Using cached openpyxl-3.1.5-py2.py3-none-any.whl.metadata (2.5 kB)
2025-08-16T22:34:23.5181253Z Collecting pandas==2.3.1 (from -r requirements-dev.txt (line 17))
2025-08-16T22:34:23.5196424Z   Using cached pandas-2.3.1-cp311-cp311-manylinux_2_17_x86_64.manylinux2014_x86_64.whl.metadata (91 kB)
2025-08-16T22:34:23.6091948Z Collecting psycopg2-binary==2.9.9 (from -r requirements-dev.txt (line 18))
2025-08-16T22:34:23.6106782Z   Using cached psycopg2_binary-2.9.9-cp311-cp311-manylinux_2_17_x86_64.manylinux2014_x86_64.whl.metadata (4.4 kB)
2025-08-16T22:34:23.6283347Z Collecting psycopg==3.2.9 (from psycopg[binary]==3.2.9->-r requirements-dev.txt (line 19))
2025-08-16T22:34:23.6296670Z   Using cached psycopg-3.2.9-py3-none-any.whl.metadata (4.5 kB)
2025-08-16T22:34:23.7388493Z Collecting pydantic==2.11.7 (from -r requirements-dev.txt (line 20))
2025-08-16T22:34:23.7404679Z   Using cached pydantic-2.11.7-py3-none-any.whl.metadata (67 kB)
2025-08-16T22:34:23.7443526Z Requirement already satisfied: setuptools in /opt/hostedtoolcache/Python/3.11.13/x64/lib/python3.11/site-packages (from -r requirements-dev.txt (line 21)) (65.5.0)
2025-08-16T22:34:23.7641403Z Collecting pytest-asyncio==0.23.6 (from -r requirements-dev.txt (line 22))
2025-08-16T22:34:23.7655414Z   Using cached pytest_asyncio-0.23.6-py3-none-any.whl.metadata (3.9 kB)
2025-08-16T22:34:23.7831940Z Collecting pytest-cov==6.2.1 (from -r requirements-dev.txt (line 23))
2025-08-16T22:34:23.7846322Z   Using cached pytest_cov-6.2.1-py3-none-any.whl.metadata (30 kB)
2025-08-16T22:34:23.8061629Z Collecting pytest-postgresql==7.0.2 (from -r requirements-dev.txt (line 24))
2025-08-16T22:34:23.8075314Z   Using cached pytest_postgresql-7.0.2-py3-none-any.whl.metadata (18 kB)
2025-08-16T22:34:23.8280493Z Collecting python-dotenv (from -r requirements-dev.txt (line 25))
2025-08-16T22:34:23.8293836Z   Using cached python_dotenv-1.1.1-py3-none-any.whl.metadata (24 kB)
2025-08-16T22:34:23.8457053Z Collecting python-multipart (from -r requirements-dev.txt (line 26))
2025-08-16T22:34:23.8470277Z   Using cached python_multipart-0.0.20-py3-none-any.whl.metadata (1.8 kB)
2025-08-16T22:34:23.8766694Z Collecting python-telegram-bot==22.2 (from -r requirements-dev.txt (line 27))
2025-08-16T22:34:23.8780966Z   Using cached python_telegram_bot-22.2-py3-none-any.whl.metadata (17 kB)
2025-08-16T22:34:23.9079058Z Collecting requests==2.32.4 (from -r requirements-dev.txt (line 28))
2025-08-16T22:34:23.9093259Z   Using cached requests-2.32.4-py3-none-any.whl.metadata (4.9 kB)
2025-08-16T22:34:23.9272852Z Collecting respx==0.22.0 (from -r requirements-dev.txt (line 29))
2025-08-16T22:34:23.9285953Z   Using cached respx-0.22.0-py2.py3-none-any.whl.metadata (4.1 kB)
2025-08-16T22:34:24.3146927Z Collecting ruff==0.4.4 (from -r requirements-dev.txt (line 30))
2025-08-16T22:34:24.3163352Z   Using cached ruff-0.4.4-py3-none-manylinux_2_17_x86_64.manylinux2014_x86_64.whl.metadata (23 kB)
2025-08-16T22:34:24.6201590Z Collecting sqlalchemy==2.0.29 (from -r requirements-dev.txt (line 31))
2025-08-16T22:34:24.6217562Z   Using cached SQLAlchemy-2.0.29-cp311-cp311-manylinux_2_17_x86_64.manylinux2014_x86_64.whl.metadata (9.6 kB)
2025-08-16T22:34:24.6464370Z Collecting testcontainers==4.10.0 (from testcontainers[postgres]==4.10.0->-r requirements-dev.txt (line 32))
2025-08-16T22:34:24.6478336Z   Using cached testcontainers-4.10.0-py3-none-any.whl.metadata (7.8 kB)
2025-08-16T22:34:24.6838916Z Collecting types-requests==2.32.0.20240602 (from -r requirements-dev.txt (line 33))
2025-08-16T22:34:24.6852899Z   Using cached types_requests-2.32.0.20240602-py3-none-any.whl.metadata (1.8 kB)
2025-08-16T22:34:24.7018106Z Collecting docspec-python==2.2.2 (from -r requirements-dev.txt (line 34))
2025-08-16T22:34:24.7031482Z   Using cached docspec_python-2.2.2-py3-none-any.whl.metadata (1.0 kB)
2025-08-16T22:34:24.7221351Z Collecting pydoc-markdown==4.8.2 (from -r requirements-dev.txt (line 35))
2025-08-16T22:34:24.7234424Z   Using cached pydoc_markdown-4.8.2-py3-none-any.whl.metadata (5.9 kB)
2025-08-16T22:34:24.7746084Z Collecting MarkupSafe>=2.0 (from Jinja2==3.1.6->-r requirements-dev.txt (line 2))
2025-08-16T22:34:24.7760830Z   Using cached MarkupSafe-3.0.2-cp311-cp311-manylinux_2_17_x86_64.manylinux2014_x86_64.whl.metadata (4.0 kB)
2025-08-16T22:34:24.8046013Z Collecting Mako (from alembic==1.13.1->-r requirements-dev.txt (line 3))
2025-08-16T22:34:24.8059423Z   Using cached mako-1.3.10-py3-none-any.whl.metadata (2.9 kB)
2025-08-16T22:34:24.8256678Z Collecting typing-extensions>=4 (from alembic==1.13.1->-r requirements-dev.txt (line 3))
2025-08-16T22:34:24.8270473Z   Using cached typing_extensions-4.14.1-py3-none-any.whl.metadata (3.0 kB)
2025-08-16T22:34:24.8441100Z Collecting six>=1.4.0 (from apscheduler==3.10.4->-r requirements-dev.txt (line 4))
2025-08-16T22:34:24.8455041Z   Using cached six-1.17.0-py2.py3-none-any.whl.metadata (1.7 kB)
2025-08-16T22:34:24.8808814Z Collecting pytz (from apscheduler==3.10.4->-r requirements-dev.txt (line 4))
2025-08-16T22:34:24.8823295Z   Using cached pytz-2025.2-py2.py3-none-any.whl.metadata (22 kB)
2025-08-16T22:34:24.9030543Z Collecting tzlocal!=3.*,>=2.0 (from apscheduler==3.10.4->-r requirements-dev.txt (line 4))
2025-08-16T22:34:24.9043780Z   Using cached tzlocal-5.3.1-py3-none-any.whl.metadata (7.6 kB)
2025-08-16T22:34:24.9264634Z Collecting click>=8.0.0 (from black==25.1.0->-r requirements-dev.txt (line 6))
2025-08-16T22:34:24.9278612Z   Using cached click-8.2.1-py3-none-any.whl.metadata (2.5 kB)
2025-08-16T22:34:24.9463703Z Collecting packaging>=22.0 (from black==25.1.0->-r requirements-dev.txt (line 6))
2025-08-16T22:34:24.9487163Z   Using cached packaging-25.0-py3-none-any.whl.metadata (3.3 kB)
2025-08-16T22:34:24.9621825Z Collecting pathspec>=0.9.0 (from black==25.1.0->-r requirements-dev.txt (line 6))
2025-08-16T22:34:24.9635339Z   Using cached pathspec-0.12.1-py3-none-any.whl.metadata (21 kB)
2025-08-16T22:34:24.9851037Z Collecting platformdirs>=2 (from black==25.1.0->-r requirements-dev.txt (line 6))
2025-08-16T22:34:24.9864314Z   Using cached platformdirs-4.3.8-py3-none-any.whl.metadata (12 kB)
2025-08-16T22:34:25.0082112Z Collecting billiard<5.0,>=4.2.0 (from celery==5.4.0->-r requirements-dev.txt (line 8))
2025-08-16T22:34:25.0095251Z   Using cached billiard-4.2.1-py3-none-any.whl.metadata (4.4 kB)
2025-08-16T22:34:25.0424997Z Collecting kombu<6.0,>=5.3.4 (from celery==5.4.0->-r requirements-dev.txt (line 8))
2025-08-16T22:34:25.0439948Z   Using cached kombu-5.5.4-py3-none-any.whl.metadata (3.5 kB)
2025-08-16T22:34:25.0667242Z Collecting vine<6.0,>=5.1.0 (from celery==5.4.0->-r requirements-dev.txt (line 8))
2025-08-16T22:34:25.0680808Z   Using cached vine-5.1.0-py3-none-any.whl.metadata (2.7 kB)
2025-08-16T22:34:25.0837932Z Collecting click-didyoumean>=0.3.0 (from celery==5.4.0->-r requirements-dev.txt (line 8))
2025-08-16T22:34:25.0851621Z   Using cached click_didyoumean-0.3.1-py3-none-any.whl.metadata (3.9 kB)
2025-08-16T22:34:25.0977460Z Collecting click-repl>=0.2.0 (from celery==5.4.0->-r requirements-dev.txt (line 8))
2025-08-16T22:34:25.0990681Z   Using cached click_repl-0.3.0-py3-none-any.whl.metadata (3.6 kB)
2025-08-16T22:34:25.1125802Z Collecting click-plugins>=1.1.1 (from celery==5.4.0->-r requirements-dev.txt (line 8))
2025-08-16T22:34:25.1139149Z   Using cached click_plugins-1.1.1.2-py2.py3-none-any.whl.metadata (6.5 kB)
2025-08-16T22:34:25.1302525Z Collecting tzdata>=2022.7 (from celery==5.4.0->-r requirements-dev.txt (line 8))
2025-08-16T22:34:25.1315720Z   Using cached tzdata-2025.2-py2.py3-none-any.whl.metadata (1.4 kB)
2025-08-16T22:34:25.1463624Z Collecting python-dateutil>=2.8.2 (from celery==5.4.0->-r requirements-dev.txt (line 8))
2025-08-16T22:34:25.1476659Z   Using cached python_dateutil-2.9.0.post0-py2.py3-none-any.whl.metadata (8.4 kB)
2025-08-16T22:34:25.1776071Z Collecting starlette<0.48.0,>=0.40.0 (from fastapi==0.116.1->-r requirements-dev.txt (line 9))
2025-08-16T22:34:25.1791259Z   Using cached starlette-0.47.2-py3-none-any.whl.metadata (6.2 kB)
2025-08-16T22:34:25.2053885Z Collecting annotated-types>=0.6.0 (from pydantic==2.11.7->-r requirements-dev.txt (line 20))
2025-08-16T22:34:25.2067485Z   Using cached annotated_types-0.7.0-py3-none-any.whl.metadata (15 kB)
2025-08-16T22:34:25.9490658Z Collecting pydantic-core==2.33.2 (from pydantic==2.11.7->-r requirements-dev.txt (line 20))
2025-08-16T22:34:25.9506094Z   Using cached pydantic_core-2.33.2-cp311-cp311-manylinux_2_17_x86_64.manylinux2014_x86_64.whl.metadata (6.8 kB)
2025-08-16T22:34:25.9672607Z Collecting typing-inspection>=0.4.0 (from pydantic==2.11.7->-r requirements-dev.txt (line 20))
2025-08-16T22:34:25.9686523Z   Using cached typing_inspection-0.4.1-py3-none-any.whl.metadata (2.6 kB)
2025-08-16T22:34:25.9845581Z Collecting et-xmlfile (from openpyxl==3.1.5->-r requirements-dev.txt (line 16))
2025-08-16T22:34:25.9858914Z   Using cached et_xmlfile-2.0.0-py3-none-any.whl.metadata (2.7 kB)
2025-08-16T22:34:26.1496340Z Collecting numpy>=1.23.2 (from pandas==2.3.1->-r requirements-dev.txt (line 17))
2025-08-16T22:34:26.1512626Z   Using cached numpy-2.3.2-cp311-cp311-manylinux_2_27_x86_64.manylinux_2_28_x86_64.whl.metadata (62 kB)
2025-08-16T22:34:26.2088025Z Collecting pytest<9,>=7.0.0 (from pytest-asyncio==0.23.6->-r requirements-dev.txt (line 22))
2025-08-16T22:34:26.2102683Z   Using cached pytest-8.4.1-py3-none-any.whl.metadata (7.7 kB)
2025-08-16T22:34:26.5152049Z Collecting coverage>=7.5 (from coverage[toml]>=7.5->pytest-cov==6.2.1->-r requirements-dev.txt (line 23))
2025-08-16T22:34:26.5168378Z   Using cached coverage-7.10.3-cp311-cp311-manylinux1_x86_64.manylinux_2_28_x86_64.manylinux_2_5_x86_64.whl.metadata (8.9 kB)
2025-08-16T22:34:26.5322267Z Collecting pluggy>=1.2 (from pytest-cov==6.2.1->-r requirements-dev.txt (line 23))
2025-08-16T22:34:26.5336409Z   Using cached pluggy-1.6.0-py3-none-any.whl.metadata (4.8 kB)
2025-08-16T22:34:26.5606756Z Collecting port-for>=0.7.3 (from pytest-postgresql==7.0.2->-r requirements-dev.txt (line 24))
2025-08-16T22:34:26.5620530Z   Using cached port_for-0.7.4-py3-none-any.whl.metadata (7.1 kB)
2025-08-16T22:34:26.5795717Z Collecting mirakuru>=2.6.0 (from pytest-postgresql==7.0.2->-r requirements-dev.txt (line 24))
2025-08-16T22:34:26.5809438Z   Using cached mirakuru-2.6.1-py3-none-any.whl.metadata (10 kB)
2025-08-16T22:34:26.7407692Z Collecting charset_normalizer<4,>=2 (from requests==2.32.4->-r requirements-dev.txt (line 28))
2025-08-16T22:34:26.7424760Z   Using cached charset_normalizer-3.4.3-cp311-cp311-manylinux2014_x86_64.manylinux_2_17_x86_64.manylinux_2_28_x86_64.whl.metadata (36 kB)
2025-08-16T22:34:26.7606229Z Collecting idna<4,>=2.5 (from requests==2.32.4->-r requirements-dev.txt (line 28))
2025-08-16T22:34:26.7620904Z   Using cached idna-3.10-py3-none-any.whl.metadata (10 kB)
2025-08-16T22:34:26.7908554Z Collecting urllib3<3,>=1.21.1 (from requests==2.32.4->-r requirements-dev.txt (line 28))
2025-08-16T22:34:26.7923445Z   Using cached urllib3-2.5.0-py3-none-any.whl.metadata (6.5 kB)
2025-08-16T22:34:26.8154204Z Collecting certifi>=2017.4.17 (from requests==2.32.4->-r requirements-dev.txt (line 28))
2025-08-16T22:34:26.8168333Z   Using cached certifi-2025.8.3-py3-none-any.whl.metadata (2.4 kB)
2025-08-16T22:34:26.9422059Z Collecting greenlet!=0.4.17 (from sqlalchemy==2.0.29->-r requirements-dev.txt (line 31))
2025-08-16T22:34:26.9438722Z   Using cached greenlet-3.2.4-cp311-cp311-manylinux_2_24_x86_64.manylinux_2_28_x86_64.whl.metadata (4.1 kB)
2025-08-16T22:34:26.9675002Z Collecting docker (from testcontainers==4.10.0->testcontainers[postgres]==4.10.0->-r requirements-dev.txt (line 32))
2025-08-16T22:34:26.9689934Z   Using cached docker-7.1.0-py3-none-any.whl.metadata (3.8 kB)
2025-08-16T22:34:27.0637318Z Collecting wrapt (from testcontainers==4.10.0->testcontainers[postgres]==4.10.0->-r requirements-dev.txt (line 32))
2025-08-16T22:34:27.0653626Z   Using cached wrapt-1.17.3-cp311-cp311-manylinux1_x86_64.manylinux_2_28_x86_64.manylinux_2_5_x86_64.whl.metadata (6.4 kB)
2025-08-16T22:34:27.0940317Z Collecting docspec==2.2.1 (from docspec-python==2.2.2->-r requirements-dev.txt (line 34))
2025-08-16T22:34:27.0955256Z   Using cached docspec-2.2.1-py3-none-any.whl.metadata (1.5 kB)
2025-08-16T22:34:27.1150448Z Collecting nr-util>=0.8.12 (from docspec-python==2.2.2->-r requirements-dev.txt (line 34))
2025-08-16T22:34:27.1165013Z   Using cached nr.util-0.8.12-py3-none-any.whl.metadata (813 bytes)
2025-08-16T22:34:27.1531693Z Collecting PyYAML<7.0,>=5.0 (from pydoc-markdown==4.8.2->-r requirements-dev.txt (line 35))
2025-08-16T22:34:27.1546952Z   Using cached PyYAML-6.0.2-cp311-cp311-manylinux_2_17_x86_64.manylinux2014_x86_64.whl.metadata (2.1 kB)
2025-08-16T22:34:27.1851851Z Collecting databind.core<5.0.0,>=4.4.0 (from pydoc-markdown==4.8.2->-r requirements-dev.txt (line 35))
2025-08-16T22:34:27.1866054Z   Using cached databind.core-4.5.2-py3-none-any.whl.metadata (1.1 kB)
2025-08-16T22:34:27.2095207Z Collecting databind.json<5.0.0,>=4.4.0 (from pydoc-markdown==4.8.2->-r requirements-dev.txt (line 35))
2025-08-16T22:34:27.2109876Z   Using cached databind.json-4.5.2-py3-none-any.whl.metadata (1.1 kB)
2025-08-16T22:34:27.2269816Z Collecting docstring-parser<0.12,>=0.11 (from pydoc-markdown==4.8.2->-r requirements-dev.txt (line 35))
2025-08-16T22:34:27.2271031Z   Using cached docstring_parser-0.11-py3-none-any.whl
2025-08-16T22:34:27.2653768Z Collecting tomli<3.0.0,>=2.0.0 (from pydoc-markdown==4.8.2->-r requirements-dev.txt (line 35))
2025-08-16T22:34:27.2668000Z   Using cached tomli-2.2.1-cp311-cp311-manylinux_2_17_x86_64.manylinux2014_x86_64.whl.metadata (11 kB)
2025-08-16T22:34:27.2801005Z Collecting tomli_w<2.0.0,>=1.0.0 (from pydoc-markdown==4.8.2->-r requirements-dev.txt (line 35))
2025-08-16T22:34:27.2814955Z   Using cached tomli_w-1.2.0-py3-none-any.whl.metadata (5.7 kB)
2025-08-16T22:34:27.3282028Z Collecting watchdog (from pydoc-markdown==4.8.2->-r requirements-dev.txt (line 35))
2025-08-16T22:34:27.3297205Z   Using cached watchdog-6.0.0-py3-none-manylinux2014_x86_64.whl.metadata (44 kB)
2025-08-16T22:34:27.3528354Z Collecting yapf>=0.30.0 (from pydoc-markdown==4.8.2->-r requirements-dev.txt (line 35))
2025-08-16T22:34:27.3544422Z   Using cached yapf-0.43.0-py3-none-any.whl.metadata (46 kB)
2025-08-16T22:34:27.3765236Z Collecting Deprecated<2.0.0,>=1.2.12 (from docspec==2.2.1->docspec-python==2.2.2->-r requirements-dev.txt (line 34))
2025-08-16T22:34:27.3780095Z   Using cached Deprecated-1.2.18-py2.py3-none-any.whl.metadata (5.7 kB)
2025-08-16T22:34:27.5270192Z Collecting psycopg-binary==3.2.9 (from psycopg[binary]==3.2.9->-r requirements-dev.txt (line 19))
2025-08-16T22:34:27.5285946Z   Using cached psycopg_binary-3.2.9-cp311-cp311-manylinux_2_17_x86_64.manylinux2014_x86_64.whl.metadata (2.9 kB)
2025-08-16T22:34:27.5604032Z Collecting anyio (from httpx<0.29,>=0.27->-r requirements-dev.txt (line 11))
2025-08-16T22:34:27.5618576Z   Using cached anyio-4.10.0-py3-none-any.whl.metadata (4.0 kB)
2025-08-16T22:34:27.5830213Z Collecting httpcore==1.* (from httpx<0.29,>=0.27->-r requirements-dev.txt (line 11))
2025-08-16T22:34:27.5843983Z   Using cached httpcore-1.0.9-py3-none-any.whl.metadata (21 kB)
2025-08-16T22:34:27.6150724Z Collecting databind<5.0.0,>=4.5.2 (from databind.core<5.0.0,>=4.4.0->pydoc-markdown==4.8.2->-r requirements-dev.txt (line 35))
2025-08-16T22:34:27.6164530Z   Using cached databind-4.5.2-py3-none-any.whl.metadata (4.3 kB)
2025-08-16T22:34:27.6310216Z Collecting nr-date<3.0.0,>=2.0.0 (from databind<5.0.0,>=4.5.2->databind.core<5.0.0,>=4.4.0->pydoc-markdown==4.8.2->-r requirements-dev.txt (line 35))
2025-08-16T22:34:27.6323304Z   Using cached nr_date-2.1.0-py3-none-any.whl.metadata (746 bytes)
2025-08-16T22:34:27.6472767Z Collecting nr-stream<2.0.0,>=1.0.0 (from databind<5.0.0,>=4.5.2->databind.core<5.0.0,>=4.4.0->pydoc-markdown==4.8.2->-r requirements-dev.txt (line 35))
2025-08-16T22:34:27.6485942Z   Using cached nr_stream-1.1.5-py3-none-any.whl.metadata (3.6 kB)
2025-08-16T22:34:27.6676436Z Collecting typeapi<3,>=2.0.1 (from databind<5.0.0,>=4.5.2->databind.core<5.0.0,>=4.4.0->pydoc-markdown==4.8.2->-r requirements-dev.txt (line 35))
2025-08-16T22:34:27.6689266Z   Using cached typeapi-2.2.4-py3-none-any.whl.metadata (1.5 kB)
2025-08-16T22:34:27.6981530Z Collecting h11>=0.16 (from httpcore==1.*->httpx<0.29,>=0.27->-r requirements-dev.txt (line 11))
2025-08-16T22:34:27.6994598Z   Using cached h11-0.16.0-py3-none-any.whl.metadata (8.3 kB)
2025-08-16T22:34:27.7218406Z Collecting amqp<6.0.0,>=5.1.1 (from kombu<6.0,>=5.3.4->celery==5.4.0->-r requirements-dev.txt (line 8))
2025-08-16T22:34:27.7232763Z   Using cached amqp-5.3.1-py3-none-any.whl.metadata (8.9 kB)
2025-08-16T22:34:27.7601847Z Collecting iniconfig>=1 (from pytest<9,>=7.0.0->pytest-asyncio==0.23.6->-r requirements-dev.txt (line 22))
2025-08-16T22:34:27.7615689Z   Using cached iniconfig-2.1.0-py3-none-any.whl.metadata (2.7 kB)
2025-08-16T22:34:27.7868490Z Collecting pygments>=2.7.2 (from pytest<9,>=7.0.0->pytest-asyncio==0.23.6->-r requirements-dev.txt (line 22))
2025-08-16T22:34:27.7882648Z   Using cached pygments-2.19.2-py3-none-any.whl.metadata (2.5 kB)
2025-08-16T22:34:27.8243448Z Collecting sniffio>=1.1 (from anyio->httpx<0.29,>=0.27->-r requirements-dev.txt (line 11))
2025-08-16T22:34:27.8257808Z   Using cached sniffio-1.3.1-py3-none-any.whl.metadata (3.9 kB)
2025-08-16T22:34:28.2618930Z Collecting botocore<1.41.0,>=1.40.11 (from boto3->-r requirements-dev.txt (line 7))
2025-08-16T22:34:28.2699440Z   Downloading botocore-1.40.11-py3-none-any.whl.metadata (5.7 kB)
2025-08-16T22:34:28.2872357Z Collecting jmespath<2.0.0,>=0.7.1 (from boto3->-r requirements-dev.txt (line 7))
2025-08-16T22:34:28.2886382Z   Using cached jmespath-1.0.1-py3-none-any.whl.metadata (7.6 kB)
2025-08-16T22:34:28.3088036Z Collecting s3transfer<0.14.0,>=0.13.0 (from boto3->-r requirements-dev.txt (line 7))
2025-08-16T22:34:28.3101880Z   Using cached s3transfer-0.13.1-py3-none-any.whl.metadata (1.7 kB)
2025-08-16T22:34:28.4399092Z Collecting fastapi-cli>=0.0.8 (from fastapi-cli[standard]>=0.0.8; extra == "all"->fastapi[all]->-r requirements-dev.txt (line 10))
2025-08-16T22:34:28.4412825Z   Using cached fastapi_cli-0.0.8-py3-none-any.whl.metadata (6.3 kB)
2025-08-16T22:34:28.5111541Z Collecting ujson!=4.0.2,!=4.1.0,!=4.2.0,!=4.3.0,!=5.0.0,!=5.1.0,>=4.0.1 (from fastapi[all]->-r requirements-dev.txt (line 10))
2025-08-16T22:34:28.5126785Z   Using cached ujson-5.10.0-cp311-cp311-manylinux_2_17_x86_64.manylinux2014_x86_64.whl.metadata (9.3 kB)
2025-08-16T22:34:28.7404704Z Collecting orjson>=3.2.1 (from fastapi[all]->-r requirements-dev.txt (line 10))
2025-08-16T22:34:28.7421053Z   Using cached orjson-3.11.2-cp311-cp311-manylinux_2_17_x86_64.manylinux2014_x86_64.whl.metadata (1.2 kB)
2025-08-16T22:34:28.7570857Z Collecting email-validator>=2.0.0 (from fastapi[all]->-r requirements-dev.txt (line 10))
2025-08-16T22:34:28.7584680Z   Using cached email_validator-2.2.0-py3-none-any.whl.metadata (25 kB)
2025-08-16T22:34:28.7880548Z Collecting uvicorn>=0.12.0 (from uvicorn[standard]>=0.12.0; extra == "all"->fastapi[all]->-r requirements-dev.txt (line 10))
2025-08-16T22:34:28.7894539Z   Using cached uvicorn-0.35.0-py3-none-any.whl.metadata (6.5 kB)
2025-08-16T22:34:28.8082659Z Collecting pydantic-settings>=2.0.0 (from fastapi[all]->-r requirements-dev.txt (line 10))
2025-08-16T22:34:28.8096435Z   Using cached pydantic_settings-2.10.1-py3-none-any.whl.metadata (3.4 kB)
2025-08-16T22:34:28.8249416Z Collecting pydantic-extra-types>=2.0.0 (from fastapi[all]->-r requirements-dev.txt (line 10))
2025-08-16T22:34:28.8264505Z   Using cached pydantic_extra_types-2.10.5-py3-none-any.whl.metadata (3.9 kB)
2025-08-16T22:34:28.8942449Z Collecting prompt-toolkit>=3.0.36 (from click-repl>=0.2.0->celery==5.4.0->-r requirements-dev.txt (line 8))
2025-08-16T22:34:28.8956242Z   Using cached prompt_toolkit-3.0.51-py3-none-any.whl.metadata (6.4 kB)
2025-08-16T22:34:28.9156281Z Collecting dnspython>=2.0.0 (from email-validator>=2.0.0->fastapi[all]->-r requirements-dev.txt (line 10))
2025-08-16T22:34:28.9170053Z   Using cached dnspython-2.7.0-py3-none-any.whl.metadata (5.8 kB)
2025-08-16T22:34:28.9453830Z Collecting typer>=0.15.1 (from fastapi-cli>=0.0.8->fastapi-cli[standard]>=0.0.8; extra == "all"->fastapi[all]->-r requirements-dev.txt (line 10))
2025-08-16T22:34:28.9466941Z   Using cached typer-0.16.0-py3-none-any.whl.metadata (15 kB)
2025-08-16T22:34:28.9739876Z Collecting rich-toolkit>=0.14.8 (from fastapi-cli>=0.0.8->fastapi-cli[standard]>=0.0.8; extra == "all"->fastapi[all]->-r requirements-dev.txt (line 10))
2025-08-16T22:34:28.9753463Z   Using cached rich_toolkit-0.15.0-py3-none-any.whl.metadata (1.0 kB)
2025-08-16T22:34:28.9888827Z Collecting fastapi-cloud-cli>=0.1.1 (from fastapi-cli[standard]>=0.0.8; extra == "all"->fastapi[all]->-r requirements-dev.txt (line 10))
2025-08-16T22:34:28.9903017Z   Using cached fastapi_cloud_cli-0.1.5-py3-none-any.whl.metadata (3.2 kB)
2025-08-16T22:34:29.0628922Z Collecting rignore>=0.5.1 (from fastapi-cloud-cli>=0.1.1->fastapi-cli[standard]>=0.0.8; extra == "all"->fastapi[all]->-r requirements-dev.txt (line 10))
2025-08-16T22:34:29.0643711Z   Using cached rignore-0.6.4-cp311-cp311-manylinux_2_17_x86_64.manylinux2014_x86_64.whl.metadata (3.8 kB)
2025-08-16T22:34:29.1290915Z Collecting sentry-sdk>=2.20.0 (from fastapi-cloud-cli>=0.1.1->fastapi-cli[standard]>=0.0.8; extra == "all"->fastapi[all]->-r requirements-dev.txt (line 10))
2025-08-16T22:34:29.1366864Z   Downloading sentry_sdk-2.35.0-py2.py3-none-any.whl.metadata (10 kB)
2025-08-16T22:34:29.2276454Z Collecting psutil>=4.0.0 (from mirakuru>=2.6.0->pytest-postgresql==7.0.2->-r requirements-dev.txt (line 24))
2025-08-16T22:34:29.2291493Z   Using cached psutil-7.0.0-cp36-abi3-manylinux_2_12_x86_64.manylinux2010_x86_64.manylinux_2_17_x86_64.manylinux2014_x86_64.whl.metadata (22 kB)
2025-08-16T22:34:29.2639008Z Collecting wcwidth (from prompt-toolkit>=3.0.36->click-repl>=0.2.0->celery==5.4.0->-r requirements-dev.txt (line 8))
2025-08-16T22:34:29.2652815Z   Using cached wcwidth-0.2.13-py2.py3-none-any.whl.metadata (14 kB)
2025-08-16T22:34:29.3414363Z Collecting rich>=13.7.1 (from rich-toolkit>=0.14.8->fastapi-cli>=0.0.8->fastapi-cli[standard]>=0.0.8; extra == "all"->fastapi[all]->-r requirements-dev.txt (line 10))
2025-08-16T22:34:29.3427845Z   Using cached rich-14.1.0-py3-none-any.whl.metadata (18 kB)
2025-08-16T22:34:29.3632448Z Collecting markdown-it-py>=2.2.0 (from rich>=13.7.1->rich-toolkit>=0.14.8->fastapi-cli>=0.0.8->fastapi-cli[standard]>=0.0.8; extra == "all"->fastapi[all]->-r requirements-dev.txt (line 10))
2025-08-16T22:34:29.3645704Z   Using cached markdown_it_py-4.0.0-py3-none-any.whl.metadata (7.3 kB)
2025-08-16T22:34:29.3897932Z Collecting mdurl~=0.1 (from markdown-it-py>=2.2.0->rich>=13.7.1->rich-toolkit>=0.14.8->fastapi-cli>=0.0.8->fastapi-cli[standard]>=0.0.8; extra == "all"->fastapi[all]->-r requirements-dev.txt (line 10))
2025-08-16T22:34:29.3911892Z   Using cached mdurl-0.1.2-py3-none-any.whl.metadata (1.6 kB)
2025-08-16T22:34:29.4428970Z Collecting shellingham>=1.3.0 (from typer>=0.15.1->fastapi-cli>=0.0.8->fastapi-cli[standard]>=0.0.8; extra == "all"->fastapi[all]->-r requirements-dev.txt (line 10))
2025-08-16T22:34:29.4443188Z   Using cached shellingham-1.5.4-py2.py3-none-any.whl.metadata (3.5 kB)
2025-08-16T22:34:29.6331430Z Collecting httptools>=0.6.3 (from uvicorn[standard]>=0.12.0; extra == "all"->fastapi[all]->-r requirements-dev.txt (line 10))
2025-08-16T22:34:29.6347782Z   Using cached httptools-0.6.4-cp311-cp311-manylinux_2_5_x86_64.manylinux1_x86_64.manylinux_2_17_x86_64.manylinux2014_x86_64.whl.metadata (3.6 kB)
2025-08-16T22:34:29.6791085Z Collecting uvloop>=0.15.1 (from uvicorn[standard]>=0.12.0; extra == "all"->fastapi[all]->-r requirements-dev.txt (line 10))
2025-08-16T22:34:29.6806901Z   Using cached uvloop-0.21.0-cp311-cp311-manylinux_2_17_x86_64.manylinux2014_x86_64.whl.metadata (4.9 kB)
2025-08-16T22:34:29.7519257Z Collecting watchfiles>=0.13 (from uvicorn[standard]>=0.12.0; extra == "all"->fastapi[all]->-r requirements-dev.txt (line 10))
2025-08-16T22:34:29.7535371Z   Using cached watchfiles-1.1.0-cp311-cp311-manylinux_2_17_x86_64.manylinux2014_x86_64.whl.metadata (4.9 kB)
2025-08-16T22:34:29.8377053Z Collecting websockets>=10.4 (from uvicorn[standard]>=0.12.0; extra == "all"->fastapi[all]->-r requirements-dev.txt (line 10))
2025-08-16T22:34:29.8391765Z   Using cached websockets-15.0.1-cp311-cp311-manylinux_2_5_x86_64.manylinux1_x86_64.manylinux_2_17_x86_64.manylinux2014_x86_64.whl.metadata (6.8 kB)
2025-08-16T22:34:29.9020234Z Using cached jinja2-3.1.6-py3-none-any.whl (134 kB)
2025-08-16T22:34:29.9034343Z Using cached alembic-1.13.1-py3-none-any.whl (233 kB)
2025-08-16T22:34:29.9048652Z Using cached APScheduler-3.10.4-py3-none-any.whl (59 kB)
2025-08-16T22:34:29.9062687Z Using cached asyncpg-0.30.0-cp311-cp311-manylinux_2_17_x86_64.manylinux2014_x86_64.whl (3.1 MB)
2025-08-16T22:34:29.9098880Z Using cached black-25.1.0-cp311-cp311-manylinux_2_17_x86_64.manylinux2014_x86_64.manylinux_2_28_x86_64.whl (1.7 MB)
2025-08-16T22:34:29.9124235Z Using cached celery-5.4.0-py3-none-any.whl (425 kB)
2025-08-16T22:34:29.9140379Z Using cached fastapi-0.116.1-py3-none-any.whl (95 kB)
2025-08-16T22:34:29.9153877Z Using cached pydantic-2.11.7-py3-none-any.whl (444 kB)
2025-08-16T22:34:29.9169838Z Using cached IMAPClient-3.0.1-py2.py3-none-any.whl (182 kB)
2025-08-16T22:34:29.9184771Z Using cached mypy_extensions-1.1.0-py3-none-any.whl (5.0 kB)
2025-08-16T22:34:29.9197624Z Using cached openpyxl-3.1.5-py2.py3-none-any.whl (250 kB)
2025-08-16T22:34:29.9212537Z Using cached pandas-2.3.1-cp311-cp311-manylinux_2_17_x86_64.manylinux2014_x86_64.whl (12.4 MB)
2025-08-16T22:34:29.9313279Z Using cached psycopg2_binary-2.9.9-cp311-cp311-manylinux_2_17_x86_64.manylinux2014_x86_64.whl (3.0 MB)
2025-08-16T22:34:29.9347274Z Using cached psycopg-3.2.9-py3-none-any.whl (202 kB)
2025-08-16T22:34:29.9361445Z Using cached pytest_asyncio-0.23.6-py3-none-any.whl (17 kB)
2025-08-16T22:34:29.9374282Z Using cached pytest_cov-6.2.1-py3-none-any.whl (24 kB)
2025-08-16T22:34:29.9387619Z Using cached pytest_postgresql-7.0.2-py3-none-any.whl (41 kB)
2025-08-16T22:34:29.9401051Z Using cached python_telegram_bot-22.2-py3-none-any.whl (708 kB)
2025-08-16T22:34:29.9419994Z Using cached requests-2.32.4-py3-none-any.whl (64 kB)
2025-08-16T22:34:29.9433293Z Using cached respx-0.22.0-py2.py3-none-any.whl (25 kB)
2025-08-16T22:34:29.9446597Z Using cached ruff-0.4.4-py3-none-manylinux_2_17_x86_64.manylinux2014_x86_64.whl (8.7 MB)
2025-08-16T22:34:29.9521840Z Using cached SQLAlchemy-2.0.29-cp311-cp311-manylinux_2_17_x86_64.manylinux2014_x86_64.whl (3.2 MB)
2025-08-16T22:34:29.9556948Z Using cached testcontainers-4.10.0-py3-none-any.whl (107 kB)
2025-08-16T22:34:29.9570607Z Using cached types_requests-2.32.0.20240602-py3-none-any.whl (15 kB)
2025-08-16T22:34:29.9583361Z Using cached docspec_python-2.2.2-py3-none-any.whl (15 kB)
2025-08-16T22:34:29.9596079Z Using cached pydoc_markdown-4.8.2-py3-none-any.whl (67 kB)
2025-08-16T22:34:29.9609214Z Using cached docspec-2.2.1-py3-none-any.whl (9.8 kB)
2025-08-16T22:34:29.9622748Z Using cached psycopg_binary-3.2.9-cp311-cp311-manylinux_2_17_x86_64.manylinux2014_x86_64.whl (4.5 MB)
2025-08-16T22:34:29.9667936Z Using cached pydantic_core-2.33.2-cp311-cp311-manylinux_2_17_x86_64.manylinux2014_x86_64.whl (2.0 MB)
2025-08-16T22:34:29.9694892Z Using cached httpx-0.28.1-py3-none-any.whl (73 kB)
2025-08-16T22:34:29.9708617Z Using cached mypy-1.17.1-cp311-cp311-manylinux2014_x86_64.manylinux_2_17_x86_64.manylinux_2_28_x86_64.whl (12.6 MB)
2025-08-16T22:34:29.9809915Z Using cached billiard-4.2.1-py3-none-any.whl (86 kB)
2025-08-16T22:34:29.9823994Z Using cached charset_normalizer-3.4.3-cp311-cp311-manylinux2014_x86_64.manylinux_2_17_x86_64.manylinux_2_28_x86_64.whl (150 kB)
2025-08-16T22:34:29.9837565Z Using cached click-8.2.1-py3-none-any.whl (102 kB)
2025-08-16T22:34:29.9851455Z Using cached databind.core-4.5.2-py3-none-any.whl (1.5 kB)
2025-08-16T22:34:29.9864298Z Using cached databind-4.5.2-py3-none-any.whl (49 kB)
2025-08-16T22:34:29.9877361Z Using cached databind.json-4.5.2-py3-none-any.whl (1.5 kB)
2025-08-16T22:34:29.9890256Z Using cached Deprecated-1.2.18-py2.py3-none-any.whl (10.0 kB)
2025-08-16T22:34:29.9903513Z Using cached httpcore-1.0.9-py3-none-any.whl (78 kB)
2025-08-16T22:34:29.9916694Z Using cached idna-3.10-py3-none-any.whl (70 kB)
2025-08-16T22:34:29.9930060Z Using cached kombu-5.5.4-py3-none-any.whl (210 kB)
2025-08-16T22:34:29.9944181Z Using cached vine-5.1.0-py3-none-any.whl (9.6 kB)
2025-08-16T22:34:29.9957033Z Using cached amqp-5.3.1-py3-none-any.whl (50 kB)
2025-08-16T22:34:29.9970031Z Using cached nr_date-2.1.0-py3-none-any.whl (10 kB)
2025-08-16T22:34:29.9983135Z Using cached nr_stream-1.1.5-py3-none-any.whl (10 kB)
2025-08-16T22:34:29.9996144Z Using cached nr.util-0.8.12-py3-none-any.whl (90 kB)
2025-08-16T22:34:30.0009883Z Using cached pytest-8.4.1-py3-none-any.whl (365 kB)
2025-08-16T22:34:30.0025601Z Using cached pluggy-1.6.0-py3-none-any.whl (20 kB)
2025-08-16T22:34:30.0039087Z Using cached PyYAML-6.0.2-cp311-cp311-manylinux_2_17_x86_64.manylinux2014_x86_64.whl (762 kB)
2025-08-16T22:34:30.0058212Z Using cached starlette-0.47.2-py3-none-any.whl (72 kB)
2025-08-16T22:34:30.0071759Z Using cached anyio-4.10.0-py3-none-any.whl (107 kB)
2025-08-16T22:34:30.0085704Z Using cached tomli-2.2.1-cp311-cp311-manylinux_2_17_x86_64.manylinux2014_x86_64.whl (236 kB)
2025-08-16T22:34:30.0099985Z Using cached tomli_w-1.2.0-py3-none-any.whl (6.7 kB)
2025-08-16T22:34:30.0112900Z Using cached typeapi-2.2.4-py3-none-any.whl (26 kB)
2025-08-16T22:34:30.0125814Z Using cached typing_extensions-4.14.1-py3-none-any.whl (43 kB)
2025-08-16T22:34:30.0138802Z Using cached urllib3-2.5.0-py3-none-any.whl (129 kB)
2025-08-16T22:34:30.0153318Z Using cached wrapt-1.17.3-cp311-cp311-manylinux1_x86_64.manylinux_2_28_x86_64.manylinux_2_5_x86_64.whl (82 kB)
2025-08-16T22:34:30.0239875Z Downloading boto3-1.40.11-py3-none-any.whl (140 kB)
2025-08-16T22:34:30.0458607Z Downloading botocore-1.40.11-py3-none-any.whl (14.0 MB)
2025-08-16T22:34:30.1157659Z    ━━━━━━━━━━━━━━━━━━━━━━━━━━━━━━━━━━━━━━━━ 14.0/14.0 MB 219.5 MB/s  0:00:00
2025-08-16T22:34:30.1173976Z Using cached jmespath-1.0.1-py3-none-any.whl (20 kB)
2025-08-16T22:34:30.1187973Z Using cached python_dateutil-2.9.0.post0-py2.py3-none-any.whl (229 kB)
2025-08-16T22:34:30.1202932Z Using cached s3transfer-0.13.1-py3-none-any.whl (85 kB)
2025-08-16T22:34:30.1216729Z Using cached itsdangerous-2.2.0-py3-none-any.whl (16 kB)
2025-08-16T22:34:30.1229953Z Using cached python_dotenv-1.1.1-py3-none-any.whl (20 kB)
2025-08-16T22:34:30.1243635Z Using cached python_multipart-0.0.20-py3-none-any.whl (24 kB)
2025-08-16T22:34:30.1256824Z Using cached annotated_types-0.7.0-py3-none-any.whl (13 kB)
2025-08-16T22:34:30.1269995Z Using cached certifi-2025.8.3-py3-none-any.whl (161 kB)
2025-08-16T22:34:30.1284313Z Using cached click_didyoumean-0.3.1-py3-none-any.whl (3.6 kB)
2025-08-16T22:34:30.1297169Z Using cached click_plugins-1.1.1.2-py2.py3-none-any.whl (11 kB)
2025-08-16T22:34:30.1310001Z Using cached click_repl-0.3.0-py3-none-any.whl (10 kB)
2025-08-16T22:34:30.1323616Z Using cached coverage-7.10.3-cp311-cp311-manylinux1_x86_64.manylinux_2_28_x86_64.manylinux_2_5_x86_64.whl (248 kB)
2025-08-16T22:34:30.1337876Z Using cached email_validator-2.2.0-py3-none-any.whl (33 kB)
2025-08-16T22:34:30.1351292Z Using cached dnspython-2.7.0-py3-none-any.whl (313 kB)
2025-08-16T22:34:30.1366244Z Using cached fastapi_cli-0.0.8-py3-none-any.whl (10 kB)
2025-08-16T22:34:30.1379199Z Using cached fastapi_cloud_cli-0.1.5-py3-none-any.whl (18 kB)
2025-08-16T22:34:30.1392912Z Using cached greenlet-3.2.4-cp311-cp311-manylinux_2_24_x86_64.manylinux_2_28_x86_64.whl (587 kB)
2025-08-16T22:34:30.1409887Z Using cached h11-0.16.0-py3-none-any.whl (37 kB)
2025-08-16T22:34:30.1423964Z Using cached iniconfig-2.1.0-py3-none-any.whl (6.0 kB)
2025-08-16T22:34:30.1437310Z Using cached MarkupSafe-3.0.2-cp311-cp311-manylinux_2_17_x86_64.manylinux2014_x86_64.whl (23 kB)
2025-08-16T22:34:30.1450185Z Using cached mirakuru-2.6.1-py3-none-any.whl (26 kB)
2025-08-16T22:34:30.1463722Z Using cached numpy-2.3.2-cp311-cp311-manylinux_2_27_x86_64.manylinux_2_28_x86_64.whl (16.9 MB)
2025-08-16T22:34:30.1599070Z Using cached orjson-3.11.2-cp311-cp311-manylinux_2_17_x86_64.manylinux2014_x86_64.whl (121 kB)
2025-08-16T22:34:30.1613073Z Using cached packaging-25.0-py3-none-any.whl (66 kB)
2025-08-16T22:34:30.1626541Z Using cached pathspec-0.12.1-py3-none-any.whl (31 kB)
2025-08-16T22:34:30.1639874Z Using cached platformdirs-4.3.8-py3-none-any.whl (18 kB)
2025-08-16T22:34:30.1653321Z Using cached port_for-0.7.4-py3-none-any.whl (21 kB)
2025-08-16T22:34:30.1666446Z Using cached prompt_toolkit-3.0.51-py3-none-any.whl (387 kB)
2025-08-16T22:34:30.1682915Z Using cached psutil-7.0.0-cp36-abi3-manylinux_2_12_x86_64.manylinux2010_x86_64.manylinux_2_17_x86_64.manylinux2014_x86_64.whl (277 kB)
2025-08-16T22:34:30.1698203Z Using cached pydantic_extra_types-2.10.5-py3-none-any.whl (38 kB)
2025-08-16T22:34:30.1711633Z Using cached pydantic_settings-2.10.1-py3-none-any.whl (45 kB)
2025-08-16T22:34:30.1724997Z Using cached pygments-2.19.2-py3-none-any.whl (1.2 MB)
2025-08-16T22:34:30.1746787Z Using cached pytz-2025.2-py2.py3-none-any.whl (509 kB)
2025-08-16T22:34:30.1763550Z Using cached rich_toolkit-0.15.0-py3-none-any.whl (29 kB)
2025-08-16T22:34:30.1776563Z Using cached rich-14.1.0-py3-none-any.whl (243 kB)
2025-08-16T22:34:30.1791309Z Using cached markdown_it_py-4.0.0-py3-none-any.whl (87 kB)
2025-08-16T22:34:30.1804947Z Using cached mdurl-0.1.2-py3-none-any.whl (10.0 kB)
2025-08-16T22:34:30.1818304Z Using cached rignore-0.6.4-cp311-cp311-manylinux_2_17_x86_64.manylinux2014_x86_64.whl (950 kB)
2025-08-16T22:34:30.1900167Z Downloading sentry_sdk-2.35.0-py2.py3-none-any.whl (363 kB)
2025-08-16T22:34:30.1949875Z Using cached six-1.17.0-py2.py3-none-any.whl (11 kB)
2025-08-16T22:34:30.1963379Z Using cached sniffio-1.3.1-py3-none-any.whl (10 kB)
2025-08-16T22:34:30.1976541Z Using cached typer-0.16.0-py3-none-any.whl (46 kB)
2025-08-16T22:34:30.1989940Z Using cached shellingham-1.5.4-py2.py3-none-any.whl (9.8 kB)
2025-08-16T22:34:30.2003242Z Using cached typing_inspection-0.4.1-py3-none-any.whl (14 kB)
2025-08-16T22:34:30.2016270Z Using cached tzdata-2025.2-py2.py3-none-any.whl (347 kB)
2025-08-16T22:34:30.2031961Z Using cached tzlocal-5.3.1-py3-none-any.whl (18 kB)
2025-08-16T22:34:30.2045275Z Using cached ujson-5.10.0-cp311-cp311-manylinux_2_17_x86_64.manylinux2014_x86_64.whl (53 kB)
2025-08-16T22:34:30.2058350Z Using cached uvicorn-0.35.0-py3-none-any.whl (66 kB)
2025-08-16T22:34:30.2072574Z Using cached httptools-0.6.4-cp311-cp311-manylinux_2_5_x86_64.manylinux1_x86_64.manylinux_2_17_x86_64.manylinux2014_x86_64.whl (459 kB)
2025-08-16T22:34:30.2088737Z Using cached uvloop-0.21.0-cp311-cp311-manylinux_2_17_x86_64.manylinux2014_x86_64.whl (4.0 MB)
2025-08-16T22:34:30.2130681Z Using cached watchfiles-1.1.0-cp311-cp311-manylinux_2_17_x86_64.manylinux2014_x86_64.whl (453 kB)
2025-08-16T22:34:30.2147071Z Using cached websockets-15.0.1-cp311-cp311-manylinux_2_5_x86_64.manylinux1_x86_64.manylinux_2_17_x86_64.manylinux2014_x86_64.whl (182 kB)
2025-08-16T22:34:30.2160745Z Using cached yapf-0.43.0-py3-none-any.whl (256 kB)
2025-08-16T22:34:30.2175569Z Using cached docker-7.1.0-py3-none-any.whl (147 kB)
2025-08-16T22:34:30.2192387Z Using cached et_xmlfile-2.0.0-py3-none-any.whl (18 kB)
2025-08-16T22:34:30.2205512Z Using cached mako-1.3.10-py3-none-any.whl (78 kB)
2025-08-16T22:34:30.2219248Z Using cached watchdog-6.0.0-py3-none-manylinux2014_x86_64.whl (79 kB)
2025-08-16T22:34:30.2233499Z Using cached wcwidth-0.2.13-py2.py3-none-any.whl (34 kB)
2025-08-16T22:34:30.5964251Z Installing collected packages: wcwidth, pytz, wrapt, websockets, watchdog, vine, uvloop, urllib3, ujson, tzlocal, tzdata, typing-extensions, tomli_w, tomli, sniffio, six, shellingham, ruff, rignore, PyYAML, python-multipart, python-dotenv, pygments, psycopg2-binary, psycopg-binary, psutil, prompt-toolkit, port-for, pluggy, platformdirs, pathspec, packaging, orjson, numpy, nr-stream, nr-date, mypy-extensions, mdurl, MarkupSafe, jmespath, itsdangerous, iniconfig, imapclient, idna, httptools, h11, greenlet, et-xmlfile, docstring-parser, dnspython, coverage, click, charset_normalizer, certifi, billiard, asyncpg, annotated-types, yapf, uvicorn, typing-inspection, types-requests, typeapi, sqlalchemy, sentry-sdk, requests, python-dateutil, pytest, pydantic-core, psycopg, openpyxl, mypy, mirakuru, markdown-it-py, Mako, Jinja2, httpcore, email-validator, Deprecated, click-repl, click-plugins, click-didyoumean, black, apscheduler, anyio, amqp, watchfiles, starlette, rich, pytest-postgresql, pytest-cov, pytest-asyncio, pydantic, pandas, nr-util, kombu, httpx, docker, databind, botocore, alembic, typer, testcontainers, s3transfer, rich-toolkit, respx, python-telegram-bot, pydantic-settings, pydantic-extra-types, fastapi, databind.json, databind.core, celery, fastapi-cloud-cli, fastapi-cli, docspec, boto3, docspec-python, pydoc-markdown
2025-08-16T22:34:45.9167386Z 
2025-08-16T22:34:45.9227110Z Successfully installed Deprecated-1.2.18 Jinja2-3.1.6 Mako-1.3.10 MarkupSafe-3.0.2 PyYAML-6.0.2 alembic-1.13.1 amqp-5.3.1 annotated-types-0.7.0 anyio-4.10.0 apscheduler-3.10.4 asyncpg-0.30.0 billiard-4.2.1 black-25.1.0 boto3-1.40.11 botocore-1.40.11 celery-5.4.0 certifi-2025.8.3 charset_normalizer-3.4.3 click-8.2.1 click-didyoumean-0.3.1 click-plugins-1.1.1.2 click-repl-0.3.0 coverage-7.10.3 databind-4.5.2 databind.core-4.5.2 databind.json-4.5.2 dnspython-2.7.0 docker-7.1.0 docspec-2.2.1 docspec-python-2.2.2 docstring-parser-0.11 email-validator-2.2.0 et-xmlfile-2.0.0 fastapi-0.116.1 fastapi-cli-0.0.8 fastapi-cloud-cli-0.1.5 greenlet-3.2.4 h11-0.16.0 httpcore-1.0.9 httptools-0.6.4 httpx-0.28.1 idna-3.10 imapclient-3.0.1 iniconfig-2.1.0 itsdangerous-2.2.0 jmespath-1.0.1 kombu-5.5.4 markdown-it-py-4.0.0 mdurl-0.1.2 mirakuru-2.6.1 mypy-1.17.1 mypy-extensions-1.1.0 nr-date-2.1.0 nr-stream-1.1.5 nr-util-0.8.12 numpy-2.3.2 openpyxl-3.1.5 orjson-3.11.2 packaging-25.0 pandas-2.3.1 pathspec-0.12.1 platformdirs-4.3.8 pluggy-1.6.0 port-for-0.7.4 prompt-toolkit-3.0.51 psutil-7.0.0 psycopg-3.2.9 psycopg-binary-3.2.9 psycopg2-binary-2.9.9 pydantic-2.11.7 pydantic-core-2.33.2 pydantic-extra-types-2.10.5 pydantic-settings-2.10.1 pydoc-markdown-4.8.2 pygments-2.19.2 pytest-8.4.1 pytest-asyncio-0.23.6 pytest-cov-6.2.1 pytest-postgresql-7.0.2 python-dateutil-2.9.0.post0 python-dotenv-1.1.1 python-multipart-0.0.20 python-telegram-bot-22.2 pytz-2025.2 requests-2.32.4 respx-0.22.0 rich-14.1.0 rich-toolkit-0.15.0 rignore-0.6.4 ruff-0.4.4 s3transfer-0.13.1 sentry-sdk-2.35.0 shellingham-1.5.4 six-1.17.0 sniffio-1.3.1 sqlalchemy-2.0.29 starlette-0.47.2 testcontainers-4.10.0 tomli-2.2.1 tomli_w-1.2.0 typeapi-2.2.4 typer-0.16.0 types-requests-2.32.0.20240602 typing-extensions-4.14.1 typing-inspection-0.4.1 tzdata-2025.2 tzlocal-5.3.1 ujson-5.10.0 urllib3-2.5.0 uvicorn-0.35.0 uvloop-0.21.0 vine-5.1.0 watchdog-6.0.0 watchfiles-1.1.0 wcwidth-0.2.13 websockets-15.0.1 wrapt-1.17.3 yapf-0.43.0
2025-08-16T22:34:47.3674294Z Collecting keepa==1.3.15
2025-08-16T22:34:47.3689784Z   Using cached keepa-1.3.15-py3-none-any.whl.metadata (11 kB)
2025-08-16T22:34:47.3990071Z Collecting minio==7.1.15
2025-08-16T22:34:47.4004420Z   Using cached minio-7.1.15-py3-none-any.whl.metadata (4.2 kB)
2025-08-16T22:34:47.4028934Z Requirement already satisfied: numpy>=1.9.3 in /opt/hostedtoolcache/Python/3.11.13/x64/lib/python3.11/site-packages (from keepa==1.3.15) (2.3.2)
2025-08-16T22:34:47.4034101Z Requirement already satisfied: requests>=2.2 in /opt/hostedtoolcache/Python/3.11.13/x64/lib/python3.11/site-packages (from keepa==1.3.15) (2.32.4)
2025-08-16T22:34:47.4397165Z Collecting tqdm (from keepa==1.3.15)
2025-08-16T22:34:47.4411676Z   Using cached tqdm-4.67.1-py3-none-any.whl.metadata (57 kB)
2025-08-16T22:34:47.9225864Z Collecting aiohttp (from keepa==1.3.15)
2025-08-16T22:34:47.9242796Z   Using cached aiohttp-3.12.15-cp311-cp311-manylinux_2_17_x86_64.manylinux2014_x86_64.whl.metadata (7.7 kB)
2025-08-16T22:34:47.9273373Z Requirement already satisfied: pandas<=3.0 in /opt/hostedtoolcache/Python/3.11.13/x64/lib/python3.11/site-packages (from keepa==1.3.15) (2.3.1)
2025-08-16T22:34:47.9278113Z Requirement already satisfied: pydantic in /opt/hostedtoolcache/Python/3.11.13/x64/lib/python3.11/site-packages (from keepa==1.3.15) (2.11.7)
2025-08-16T22:34:47.9285981Z Requirement already satisfied: certifi in /opt/hostedtoolcache/Python/3.11.13/x64/lib/python3.11/site-packages (from minio==7.1.15) (2025.8.3)
2025-08-16T22:34:47.9288901Z Requirement already satisfied: urllib3 in /opt/hostedtoolcache/Python/3.11.13/x64/lib/python3.11/site-packages (from minio==7.1.15) (2.5.0)
2025-08-16T22:34:47.9336896Z Requirement already satisfied: python-dateutil>=2.8.2 in /opt/hostedtoolcache/Python/3.11.13/x64/lib/python3.11/site-packages (from pandas<=3.0->keepa==1.3.15) (2.9.0.post0)
2025-08-16T22:34:47.9341561Z Requirement already satisfied: pytz>=2020.1 in /opt/hostedtoolcache/Python/3.11.13/x64/lib/python3.11/site-packages (from pandas<=3.0->keepa==1.3.15) (2025.2)
2025-08-16T22:34:47.9346716Z Requirement already satisfied: tzdata>=2022.7 in /opt/hostedtoolcache/Python/3.11.13/x64/lib/python3.11/site-packages (from pandas<=3.0->keepa==1.3.15) (2025.2)
2025-08-16T22:34:47.9458226Z Requirement already satisfied: six>=1.5 in /opt/hostedtoolcache/Python/3.11.13/x64/lib/python3.11/site-packages (from python-dateutil>=2.8.2->pandas<=3.0->keepa==1.3.15) (1.17.0)
2025-08-16T22:34:47.9475966Z Requirement already satisfied: charset_normalizer<4,>=2 in /opt/hostedtoolcache/Python/3.11.13/x64/lib/python3.11/site-packages (from requests>=2.2->keepa==1.3.15) (3.4.3)
2025-08-16T22:34:47.9481700Z Requirement already satisfied: idna<4,>=2.5 in /opt/hostedtoolcache/Python/3.11.13/x64/lib/python3.11/site-packages (from requests>=2.2->keepa==1.3.15) (3.10)
2025-08-16T22:34:47.9701209Z Collecting aiohappyeyeballs>=2.5.0 (from aiohttp->keepa==1.3.15)
2025-08-16T22:34:47.9715094Z   Using cached aiohappyeyeballs-2.6.1-py3-none-any.whl.metadata (5.9 kB)
2025-08-16T22:34:47.9840237Z Collecting aiosignal>=1.4.0 (from aiohttp->keepa==1.3.15)
2025-08-16T22:34:47.9854157Z   Using cached aiosignal-1.4.0-py3-none-any.whl.metadata (3.7 kB)
2025-08-16T22:34:48.0035483Z Collecting attrs>=17.3.0 (from aiohttp->keepa==1.3.15)
2025-08-16T22:34:48.0049200Z   Using cached attrs-25.3.0-py3-none-any.whl.metadata (10 kB)
2025-08-16T22:34:48.0712928Z Collecting frozenlist>=1.1.1 (from aiohttp->keepa==1.3.15)
2025-08-16T22:34:48.0728061Z   Using cached frozenlist-1.7.0-cp311-cp311-manylinux_2_5_x86_64.manylinux1_x86_64.manylinux_2_17_x86_64.manylinux2014_x86_64.whl.metadata (18 kB)
2025-08-16T22:34:48.2901052Z Collecting multidict<7.0,>=4.5 (from aiohttp->keepa==1.3.15)
2025-08-16T22:34:48.2917052Z   Using cached multidict-6.6.4-cp311-cp311-manylinux2014_x86_64.manylinux_2_17_x86_64.manylinux_2_28_x86_64.whl.metadata (5.3 kB)
2025-08-16T22:34:48.3410959Z Collecting propcache>=0.2.0 (from aiohttp->keepa==1.3.15)
2025-08-16T22:34:48.3426362Z   Using cached propcache-0.3.2-cp311-cp311-manylinux_2_17_x86_64.manylinux2014_x86_64.whl.metadata (12 kB)
2025-08-16T22:34:48.5990622Z Collecting yarl<2.0,>=1.17.0 (from aiohttp->keepa==1.3.15)
2025-08-16T22:34:48.6005490Z   Using cached yarl-1.20.1-cp311-cp311-manylinux_2_17_x86_64.manylinux2014_x86_64.whl.metadata (73 kB)
2025-08-16T22:34:48.6202521Z Requirement already satisfied: typing-extensions>=4.2 in /opt/hostedtoolcache/Python/3.11.13/x64/lib/python3.11/site-packages (from aiosignal>=1.4.0->aiohttp->keepa==1.3.15) (4.14.1)
2025-08-16T22:34:48.6245538Z Requirement already satisfied: annotated-types>=0.6.0 in /opt/hostedtoolcache/Python/3.11.13/x64/lib/python3.11/site-packages (from pydantic->keepa==1.3.15) (0.7.0)
2025-08-16T22:34:48.6250230Z Requirement already satisfied: pydantic-core==2.33.2 in /opt/hostedtoolcache/Python/3.11.13/x64/lib/python3.11/site-packages (from pydantic->keepa==1.3.15) (2.33.2)
2025-08-16T22:34:48.6256197Z Requirement already satisfied: typing-inspection>=0.4.0 in /opt/hostedtoolcache/Python/3.11.13/x64/lib/python3.11/site-packages (from pydantic->keepa==1.3.15) (0.4.1)
2025-08-16T22:34:48.6313700Z Using cached keepa-1.3.15-py3-none-any.whl (38 kB)
2025-08-16T22:34:48.6326417Z Using cached minio-7.1.15-py3-none-any.whl (77 kB)
2025-08-16T22:34:48.6340159Z Using cached aiohttp-3.12.15-cp311-cp311-manylinux_2_17_x86_64.manylinux2014_x86_64.whl (1.7 MB)
2025-08-16T22:34:48.6365063Z Using cached multidict-6.6.4-cp311-cp311-manylinux2014_x86_64.manylinux_2_17_x86_64.manylinux_2_28_x86_64.whl (246 kB)
2025-08-16T22:34:48.6379070Z Using cached yarl-1.20.1-cp311-cp311-manylinux_2_17_x86_64.manylinux2014_x86_64.whl (348 kB)
2025-08-16T22:34:48.6394060Z Using cached aiohappyeyeballs-2.6.1-py3-none-any.whl (15 kB)
2025-08-16T22:34:48.6406611Z Using cached aiosignal-1.4.0-py3-none-any.whl (7.5 kB)
2025-08-16T22:34:48.6419077Z Using cached attrs-25.3.0-py3-none-any.whl (63 kB)
2025-08-16T22:34:48.6432826Z Using cached frozenlist-1.7.0-cp311-cp311-manylinux_2_5_x86_64.manylinux1_x86_64.manylinux_2_17_x86_64.manylinux2014_x86_64.whl (235 kB)
2025-08-16T22:34:48.6446578Z Using cached propcache-0.3.2-cp311-cp311-manylinux_2_17_x86_64.manylinux2014_x86_64.whl (213 kB)
2025-08-16T22:34:48.6460166Z Using cached tqdm-4.67.1-py3-none-any.whl (78 kB)
2025-08-16T22:34:48.7862272Z Installing collected packages: tqdm, propcache, multidict, minio, frozenlist, attrs, aiohappyeyeballs, yarl, aiosignal, aiohttp, keepa
2025-08-16T22:34:49.1833516Z 
2025-08-16T22:34:49.1884497Z Successfully installed aiohappyeyeballs-2.6.1 aiohttp-3.12.15 aiosignal-1.4.0 attrs-25.3.0 frozenlist-1.7.0 keepa-1.3.15 minio-7.1.15 multidict-6.6.4 propcache-0.3.2 tqdm-4.67.1 yarl-1.20.1
2025-08-16T22:34:49.3412618Z ##[group]Run sudo apt-get update
2025-08-16T22:34:49.3412914Z [36;1msudo apt-get update[0m
2025-08-16T22:34:49.3413160Z [36;1msudo apt-get install -y postgresql[0m
2025-08-16T22:34:49.3413643Z [36;1mecho "/usr/lib/postgresql/$(pg_config --version | cut -d' ' -f2 | cut -d'.' -f1,2)/bin" >> $GITHUB_PATH[0m
2025-08-16T22:34:49.3454291Z shell: /usr/bin/bash -e {0}
2025-08-16T22:34:49.3454517Z env:
2025-08-16T22:34:49.3454694Z   PG_USER: postgres
2025-08-16T22:34:49.3454887Z   PG_PASSWORD: pass
2025-08-16T22:34:49.3455069Z   PG_DATABASE: awa
2025-08-16T22:34:49.3455247Z   PG_HOST: localhost
2025-08-16T22:34:49.3455429Z   PG_PORT: 5432
2025-08-16T22:34:49.3456031Z   PG_SYNC_DSN: ***localhost:5432/awa
2025-08-16T22:34:49.3456609Z   PG_ASYNC_DSN: ***localhost:5432/awa
2025-08-16T22:34:49.3457003Z   DATABASE_URL: ***localhost:5432/awa
2025-08-16T22:34:49.3457240Z   DATA_DIR: /tmp/awa-data
2025-08-16T22:34:49.3457442Z   ENABLE_LIVE: 0
2025-08-16T22:34:49.3457617Z   TESTING: 1
2025-08-16T22:34:49.3457886Z   pythonLocation: /opt/hostedtoolcache/Python/3.11.13/x64
2025-08-16T22:34:49.3458283Z   PKG_CONFIG_PATH: /opt/hostedtoolcache/Python/3.11.13/x64/lib/pkgconfig
2025-08-16T22:34:49.3458664Z   Python_ROOT_DIR: /opt/hostedtoolcache/Python/3.11.13/x64
2025-08-16T22:34:49.3459010Z   Python2_ROOT_DIR: /opt/hostedtoolcache/Python/3.11.13/x64
2025-08-16T22:34:49.3459360Z   Python3_ROOT_DIR: /opt/hostedtoolcache/Python/3.11.13/x64
2025-08-16T22:34:49.3459919Z   LD_LIBRARY_PATH: /opt/hostedtoolcache/Python/3.11.13/x64/lib
2025-08-16T22:34:49.3460218Z ##[endgroup]
2025-08-16T22:34:49.4697914Z Get:1 file:/etc/apt/apt-mirrors.txt Mirrorlist [144 B]
2025-08-16T22:34:49.5234057Z Hit:6 https://packages.microsoft.com/repos/azure-cli noble InRelease
2025-08-16T22:34:49.5237962Z Get:7 https://packages.microsoft.com/ubuntu/24.04/prod noble InRelease [3600 B]
2025-08-16T22:34:49.5825537Z Hit:2 http://azure.archive.ubuntu.com/ubuntu noble InRelease
2025-08-16T22:34:49.5840340Z Get:3 http://azure.archive.ubuntu.com/ubuntu noble-updates InRelease [126 kB]
2025-08-16T22:34:49.6059080Z Get:4 http://azure.archive.ubuntu.com/ubuntu noble-backports InRelease [126 kB]
2025-08-16T22:34:49.6109197Z Get:5 http://azure.archive.ubuntu.com/ubuntu noble-security InRelease [126 kB]
2025-08-16T22:34:49.6835889Z Get:8 https://packages.microsoft.com/ubuntu/24.04/prod noble/main amd64 Packages [47.9 kB]
2025-08-16T22:34:49.6958701Z Get:9 https://packages.microsoft.com/ubuntu/24.04/prod noble/main arm64 Packages [33.0 kB]
2025-08-16T22:34:49.7941737Z Get:10 http://azure.archive.ubuntu.com/ubuntu noble-updates/main amd64 Packages [1325 kB]
2025-08-16T22:34:49.8035964Z Get:11 http://azure.archive.ubuntu.com/ubuntu noble-updates/main Translation-en [265 kB]
2025-08-16T22:34:49.8075188Z Get:12 http://azure.archive.ubuntu.com/ubuntu noble-updates/main amd64 Components [175 kB]
2025-08-16T22:34:49.8113940Z Get:13 http://azure.archive.ubuntu.com/ubuntu noble-updates/universe amd64 Packages [1120 kB]
2025-08-16T22:34:49.8173984Z Get:14 http://azure.archive.ubuntu.com/ubuntu noble-updates/universe Translation-en [287 kB]
2025-08-16T22:34:49.8204045Z Get:15 http://azure.archive.ubuntu.com/ubuntu noble-updates/universe amd64 Components [377 kB]
2025-08-16T22:34:49.8262557Z Get:16 http://azure.archive.ubuntu.com/ubuntu noble-updates/restricted amd64 Packages [1672 kB]
2025-08-16T22:34:49.8413031Z Get:17 http://azure.archive.ubuntu.com/ubuntu noble-updates/restricted Translation-en [367 kB]
2025-08-16T22:34:49.8462149Z Get:18 http://azure.archive.ubuntu.com/ubuntu noble-updates/restricted amd64 Components [212 B]
2025-08-16T22:34:49.8476703Z Get:19 http://azure.archive.ubuntu.com/ubuntu noble-updates/multiverse amd64 Components [940 B]
2025-08-16T22:34:49.9007735Z Get:20 http://azure.archive.ubuntu.com/ubuntu noble-backports/main amd64 Components [7084 B]
2025-08-16T22:34:49.9034107Z Get:21 http://azure.archive.ubuntu.com/ubuntu noble-backports/universe amd64 Packages [30.2 kB]
2025-08-16T22:34:49.9097958Z Get:22 http://azure.archive.ubuntu.com/ubuntu noble-backports/universe Translation-en [17.4 kB]
2025-08-16T22:34:49.9099091Z Get:23 http://azure.archive.ubuntu.com/ubuntu noble-backports/universe amd64 Components [19.2 kB]
2025-08-16T22:34:49.9100588Z Get:24 http://azure.archive.ubuntu.com/ubuntu noble-backports/restricted amd64 Components [216 B]
2025-08-16T22:34:49.9101641Z Get:25 http://azure.archive.ubuntu.com/ubuntu noble-backports/multiverse amd64 Components [212 B]
2025-08-16T22:34:49.9115885Z Get:26 http://azure.archive.ubuntu.com/ubuntu noble-security/main amd64 Packages [1060 kB]
2025-08-16T22:34:49.9176805Z Get:27 http://azure.archive.ubuntu.com/ubuntu noble-security/main Translation-en [184 kB]
2025-08-16T22:34:49.9198316Z Get:28 http://azure.archive.ubuntu.com/ubuntu noble-security/main amd64 Components [21.6 kB]
2025-08-16T22:34:49.9210427Z Get:29 http://azure.archive.ubuntu.com/ubuntu noble-security/universe amd64 Packages [879 kB]
2025-08-16T22:34:49.9261428Z Get:30 http://azure.archive.ubuntu.com/ubuntu noble-security/universe Translation-en [194 kB]
2025-08-16T22:34:49.9283590Z Get:31 http://azure.archive.ubuntu.com/ubuntu noble-security/universe amd64 Components [52.3 kB]
2025-08-16T22:34:49.9295492Z Get:32 http://azure.archive.ubuntu.com/ubuntu noble-security/restricted amd64 Packages [1572 kB]
2025-08-16T22:34:49.9377231Z Get:33 http://azure.archive.ubuntu.com/ubuntu noble-security/restricted Translation-en [346 kB]
2025-08-16T22:34:49.9847545Z Get:34 http://azure.archive.ubuntu.com/ubuntu noble-security/restricted amd64 Components [212 B]
2025-08-16T22:34:49.9858168Z Get:35 http://azure.archive.ubuntu.com/ubuntu noble-security/multiverse amd64 Components [208 B]
2025-08-16T22:34:59.5508123Z Fetched 10.4 MB in 1s (7626 kB/s)
2025-08-16T22:35:00.2458596Z Reading package lists...
2025-08-16T22:35:00.2781928Z Reading package lists...
2025-08-16T22:35:00.4340839Z Building dependency tree...
2025-08-16T22:35:00.4348129Z Reading state information...
2025-08-16T22:35:00.5795311Z Suggested packages:
2025-08-16T22:35:00.5795664Z   postgresql-doc
2025-08-16T22:35:00.6077560Z The following NEW packages will be installed:
2025-08-16T22:35:00.6078008Z   postgresql
2025-08-16T22:35:00.6256309Z 0 upgraded, 1 newly installed, 0 to remove and 36 not upgraded.
2025-08-16T22:35:00.6256935Z Need to get 11.6 kB of archives.
2025-08-16T22:35:00.6257494Z After this operation, 17.4 kB of additional disk space will be used.
2025-08-16T22:35:00.6258177Z Get:1 file:/etc/apt/apt-mirrors.txt Mirrorlist [144 B]
2025-08-16T22:35:00.6612777Z Get:2 http://azure.archive.ubuntu.com/ubuntu noble-updates/main amd64 postgresql all 16+257build1.1 [11.6 kB]
2025-08-16T22:35:00.9387821Z Fetched 11.6 kB in 0s (250 kB/s)
2025-08-16T22:35:00.9692933Z Selecting previously unselected package postgresql.
2025-08-16T22:35:01.0374381Z (Reading database ... 
2025-08-16T22:35:01.0374872Z (Reading database ... 5%
2025-08-16T22:35:01.0375171Z (Reading database ... 10%
2025-08-16T22:35:01.0375450Z (Reading database ... 15%
2025-08-16T22:35:01.0375709Z (Reading database ... 20%
2025-08-16T22:35:01.0375994Z (Reading database ... 25%
2025-08-16T22:35:01.0376246Z (Reading database ... 30%
2025-08-16T22:35:01.0376487Z (Reading database ... 35%
2025-08-16T22:35:01.0376727Z (Reading database ... 40%
2025-08-16T22:35:01.0376968Z (Reading database ... 45%
2025-08-16T22:35:01.0377208Z (Reading database ... 50%
2025-08-16T22:35:01.1740630Z (Reading database ... 55%
2025-08-16T22:35:01.3865971Z (Reading database ... 60%
2025-08-16T22:35:01.5305481Z (Reading database ... 65%
2025-08-16T22:35:01.7620006Z (Reading database ... 70%
2025-08-16T22:35:01.8473827Z (Reading database ... 75%
2025-08-16T22:35:02.3825154Z (Reading database ... 80%
2025-08-16T22:35:03.1286649Z (Reading database ... 85%
2025-08-16T22:35:03.8788823Z (Reading database ... 90%
2025-08-16T22:35:04.4914619Z (Reading database ... 95%
2025-08-16T22:35:04.4915149Z (Reading database ... 100%
2025-08-16T22:35:04.4915773Z (Reading database ... 219881 files and directories currently installed.)
2025-08-16T22:35:04.4961575Z Preparing to unpack .../postgresql_16+257build1.1_all.deb ...
2025-08-16T22:35:04.4987233Z Unpacking postgresql (16+257build1.1) ...
2025-08-16T22:35:04.5363941Z Setting up postgresql (16+257build1.1) ...
2025-08-16T22:35:05.7967010Z 
2025-08-16T22:35:05.7967579Z Running kernel seems to be up-to-date.
2025-08-16T22:35:05.7967846Z 
2025-08-16T22:35:05.7967946Z Restarting services...
2025-08-16T22:35:05.8038132Z 
2025-08-16T22:35:05.8038453Z Service restarts being deferred:
2025-08-16T22:35:05.8041352Z  systemctl restart hosted-compute-agent.service
2025-08-16T22:35:05.8041709Z 
2025-08-16T22:35:05.8041885Z No containers need to be restarted.
2025-08-16T22:35:05.8042194Z 
2025-08-16T22:35:05.8042330Z No user sessions are running outdated binaries.
2025-08-16T22:35:05.8042816Z 
2025-08-16T22:35:05.8043016Z No VM guests are running outdated hypervisor (qemu) binaries on this host.
2025-08-16T22:35:06.6745068Z ##[group]Run pytest tests/db -q --cov=services --cov-append --cov-fail-under=0
2025-08-16T22:35:06.6745596Z [36;1mpytest tests/db -q --cov=services --cov-append --cov-fail-under=0[0m
2025-08-16T22:35:06.6785969Z shell: /usr/bin/bash -e {0}
2025-08-16T22:35:06.6786201Z env:
2025-08-16T22:35:06.6786374Z   PG_USER: postgres
2025-08-16T22:35:06.6786566Z   PG_PASSWORD: pass
2025-08-16T22:35:06.6786740Z   PG_DATABASE: awa
2025-08-16T22:35:06.6786923Z   PG_HOST: localhost
2025-08-16T22:35:06.6787108Z   PG_PORT: 5432
2025-08-16T22:35:06.6787601Z   PG_SYNC_DSN: ***localhost:5432/awa
2025-08-16T22:35:06.6788003Z   PG_ASYNC_DSN: ***localhost:5432/awa
2025-08-16T22:35:06.6788383Z   DATABASE_URL: ***localhost:5432/awa
2025-08-16T22:35:06.6788618Z   DATA_DIR: /tmp/awa-data
2025-08-16T22:35:06.6788822Z   ENABLE_LIVE: 0
2025-08-16T22:35:06.6789005Z   TESTING: 1
2025-08-16T22:35:06.6789255Z   pythonLocation: /opt/hostedtoolcache/Python/3.11.13/x64
2025-08-16T22:35:06.6789875Z   PKG_CONFIG_PATH: /opt/hostedtoolcache/Python/3.11.13/x64/lib/pkgconfig
2025-08-16T22:35:06.6790275Z   Python_ROOT_DIR: /opt/hostedtoolcache/Python/3.11.13/x64
2025-08-16T22:35:06.6790616Z   Python2_ROOT_DIR: /opt/hostedtoolcache/Python/3.11.13/x64
2025-08-16T22:35:06.6790966Z   Python3_ROOT_DIR: /opt/hostedtoolcache/Python/3.11.13/x64
2025-08-16T22:35:06.6791311Z   LD_LIBRARY_PATH: /opt/hostedtoolcache/Python/3.11.13/x64/lib
2025-08-16T22:35:06.6791600Z ##[endgroup]
2025-08-16T22:35:09.3613565Z /opt/hostedtoolcache/Python/3.11.13/x64/lib/python3.11/site-packages/coverage/report_core.py:118: CoverageWarning: Couldn't parse '/home/runner/work/AWA-App/AWA-App/C:\Users\Alexey\Documents\GitHub\AWA-App\services\__init__.py': No source for code: '/home/runner/work/AWA-App/AWA-App/C:\Users\Alexey\Documents\GitHub\AWA-App\services\__init__.py'. (couldnt-parse)
2025-08-16T22:35:09.3616400Z   coverage._warn(msg, slug="couldnt-parse")
2025-08-16T22:35:09.3619006Z /opt/hostedtoolcache/Python/3.11.13/x64/lib/python3.11/site-packages/coverage/report_core.py:118: CoverageWarning: Couldn't parse '/home/runner/work/AWA-App/AWA-App/C:\Users\Alexey\Documents\GitHub\AWA-App\services\alert_bot\__init__.py': No source for code: '/home/runner/work/AWA-App/AWA-App/C:\Users\Alexey\Documents\GitHub\AWA-App\services\alert_bot\__init__.py'. (couldnt-parse)
2025-08-16T22:35:09.3621808Z   coverage._warn(msg, slug="couldnt-parse")
2025-08-16T22:35:09.3623809Z /opt/hostedtoolcache/Python/3.11.13/x64/lib/python3.11/site-packages/coverage/report_core.py:118: CoverageWarning: Couldn't parse '/home/runner/work/AWA-App/AWA-App/C:\Users\Alexey\Documents\GitHub\AWA-App\services\alert_bot\alert_bot.py': No source for code: '/home/runner/work/AWA-App/AWA-App/C:\Users\Alexey\Documents\GitHub\AWA-App\services\alert_bot\alert_bot.py'. (couldnt-parse)
2025-08-16T22:35:09.3625852Z   coverage._warn(msg, slug="couldnt-parse")
2025-08-16T22:35:09.3627450Z /opt/hostedtoolcache/Python/3.11.13/x64/lib/python3.11/site-packages/coverage/report_core.py:118: CoverageWarning: Couldn't parse '/home/runner/work/AWA-App/AWA-App/C:\Users\Alexey\Documents\GitHub\AWA-App\services\alert_bot\rules\__init__.py': No source for code: '/home/runner/work/AWA-App/AWA-App/C:\Users\Alexey\Documents\GitHub\AWA-App\services\alert_bot\rules\__init__.py'. (couldnt-parse)
2025-08-16T22:35:09.3629307Z   coverage._warn(msg, slug="couldnt-parse")
2025-08-16T22:35:09.3630930Z /opt/hostedtoolcache/Python/3.11.13/x64/lib/python3.11/site-packages/coverage/report_core.py:118: CoverageWarning: Couldn't parse '/home/runner/work/AWA-App/AWA-App/C:\Users\Alexey\Documents\GitHub\AWA-App\services\api\__init__.py': No source for code: '/home/runner/work/AWA-App/AWA-App/C:\Users\Alexey\Documents\GitHub\AWA-App\services\api\__init__.py'. (couldnt-parse)
2025-08-16T22:35:09.3632470Z   coverage._warn(msg, slug="couldnt-parse")
2025-08-16T22:35:09.3634438Z /opt/hostedtoolcache/Python/3.11.13/x64/lib/python3.11/site-packages/coverage/report_core.py:118: CoverageWarning: Couldn't parse '/home/runner/work/AWA-App/AWA-App/C:\Users\Alexey\Documents\GitHub\AWA-App\services\api\config.py': No source for code: '/home/runner/work/AWA-App/AWA-App/C:\Users\Alexey\Documents\GitHub\AWA-App\services\api\config.py'. (couldnt-parse)
2025-08-16T22:35:09.3636003Z   coverage._warn(msg, slug="couldnt-parse")
2025-08-16T22:35:09.3637773Z /opt/hostedtoolcache/Python/3.11.13/x64/lib/python3.11/site-packages/coverage/report_core.py:118: CoverageWarning: Couldn't parse '/home/runner/work/AWA-App/AWA-App/C:\Users\Alexey\Documents\GitHub\AWA-App\services\api\db.py': No source for code: '/home/runner/work/AWA-App/AWA-App/C:\Users\Alexey\Documents\GitHub\AWA-App\services\api\db.py'. (couldnt-parse)
2025-08-16T22:35:09.3639347Z   coverage._warn(msg, slug="couldnt-parse")
2025-08-16T22:35:09.3641009Z /opt/hostedtoolcache/Python/3.11.13/x64/lib/python3.11/site-packages/coverage/report_core.py:118: CoverageWarning: Couldn't parse '/home/runner/work/AWA-App/AWA-App/C:\Users\Alexey\Documents\GitHub\AWA-App\services\api\main.py': No source for code: '/home/runner/work/AWA-App/AWA-App/C:\Users\Alexey\Documents\GitHub\AWA-App\services\api\main.py'. (couldnt-parse)
2025-08-16T22:35:09.3642737Z   coverage._warn(msg, slug="couldnt-parse")
2025-08-16T22:35:09.3644071Z /opt/hostedtoolcache/Python/3.11.13/x64/lib/python3.11/site-packages/coverage/report_core.py:118: CoverageWarning: Couldn't parse '/home/runner/work/AWA-App/AWA-App/C:\Users\Alexey\Documents\GitHub\AWA-App\services\api\models\__init__.py': No source for code: '/home/runner/work/AWA-App/AWA-App/C:\Users\Alexey\Documents\GitHub\AWA-App\services\api\models\__init__.py'. (couldnt-parse)
2025-08-16T22:35:09.3645868Z   coverage._warn(msg, slug="couldnt-parse")
2025-08-16T22:35:09.3647261Z /opt/hostedtoolcache/Python/3.11.13/x64/lib/python3.11/site-packages/coverage/report_core.py:118: CoverageWarning: Couldn't parse '/home/runner/work/AWA-App/AWA-App/C:\Users\Alexey\Documents\GitHub\AWA-App\services\api\models\fee.py': No source for code: '/home/runner/work/AWA-App/AWA-App/C:\Users\Alexey\Documents\GitHub\AWA-App\services\api\models\fee.py'. (couldnt-parse)
2025-08-16T22:35:09.3648987Z   coverage._warn(msg, slug="couldnt-parse")
2025-08-16T22:35:09.3650989Z /opt/hostedtoolcache/Python/3.11.13/x64/lib/python3.11/site-packages/coverage/report_core.py:118: CoverageWarning: Couldn't parse '/home/runner/work/AWA-App/AWA-App/C:\Users\Alexey\Documents\GitHub\AWA-App\services\api\roi_repository.py': No source for code: '/home/runner/work/AWA-App/AWA-App/C:\Users\Alexey\Documents\GitHub\AWA-App\services\api\roi_repository.py'. (couldnt-parse)
2025-08-16T22:35:09.3652452Z   coverage._warn(msg, slug="couldnt-parse")
2025-08-16T22:35:09.3654325Z /opt/hostedtoolcache/Python/3.11.13/x64/lib/python3.11/site-packages/coverage/report_core.py:118: CoverageWarning: Couldn't parse '/home/runner/work/AWA-App/AWA-App/C:\Users\Alexey\Documents\GitHub\AWA-App\services\api\routes\__init__.py': No source for code: '/home/runner/work/AWA-App/AWA-App/C:\Users\Alexey\Documents\GitHub\AWA-App\services\api\routes\__init__.py'. (couldnt-parse)
2025-08-16T22:35:09.3655692Z   coverage._warn(msg, slug="couldnt-parse")
2025-08-16T22:35:09.3657123Z /opt/hostedtoolcache/Python/3.11.13/x64/lib/python3.11/site-packages/coverage/report_core.py:118: CoverageWarning: Couldn't parse '/home/runner/work/AWA-App/AWA-App/C:\Users\Alexey\Documents\GitHub\AWA-App\services\api\routes\health.py': No source for code: '/home/runner/work/AWA-App/AWA-App/C:\Users\Alexey\Documents\GitHub\AWA-App\services\api\routes\health.py'. (couldnt-parse)
2025-08-16T22:35:09.3659487Z   coverage._warn(msg, slug="couldnt-parse")
2025-08-16T22:35:09.3661739Z /opt/hostedtoolcache/Python/3.11.13/x64/lib/python3.11/site-packages/coverage/report_core.py:118: CoverageWarning: Couldn't parse '/home/runner/work/AWA-App/AWA-App/C:\Users\Alexey\Documents\GitHub\AWA-App\services\api\routes\repository.py': No source for code: '/home/runner/work/AWA-App/AWA-App/C:\Users\Alexey\Documents\GitHub\AWA-App\services\api\routes\repository.py'. (couldnt-parse)
2025-08-16T22:35:09.3664517Z   coverage._warn(msg, slug="couldnt-parse")
2025-08-16T22:35:09.3666228Z /opt/hostedtoolcache/Python/3.11.13/x64/lib/python3.11/site-packages/coverage/report_core.py:118: CoverageWarning: Couldn't parse '/home/runner/work/AWA-App/AWA-App/C:\Users\Alexey\Documents\GitHub\AWA-App\services\api\routes\roi.py': No source for code: '/home/runner/work/AWA-App/AWA-App/C:\Users\Alexey\Documents\GitHub\AWA-App\services\api\routes\roi.py'. (couldnt-parse)
2025-08-16T22:35:09.3668042Z   coverage._warn(msg, slug="couldnt-parse")
2025-08-16T22:35:09.3670244Z /opt/hostedtoolcache/Python/3.11.13/x64/lib/python3.11/site-packages/coverage/report_core.py:118: CoverageWarning: Couldn't parse '/home/runner/work/AWA-App/AWA-App/C:\Users\Alexey\Documents\GitHub\AWA-App\services\api\routes\stats.py': No source for code: '/home/runner/work/AWA-App/AWA-App/C:\Users\Alexey\Documents\GitHub\AWA-App\services\api\routes\stats.py'. (couldnt-parse)
2025-08-16T22:35:09.3671992Z   coverage._warn(msg, slug="couldnt-parse")
2025-08-16T22:35:09.3673890Z /opt/hostedtoolcache/Python/3.11.13/x64/lib/python3.11/site-packages/coverage/report_core.py:118: CoverageWarning: Couldn't parse '/home/runner/work/AWA-App/AWA-App/C:\Users\Alexey\Documents\GitHub\AWA-App\services\common\__init__.py': No source for code: '/home/runner/work/AWA-App/AWA-App/C:\Users\Alexey\Documents\GitHub\AWA-App\services\common\__init__.py'. (couldnt-parse)
2025-08-16T22:35:09.3675409Z   coverage._warn(msg, slug="couldnt-parse")
2025-08-16T22:35:09.3677300Z /opt/hostedtoolcache/Python/3.11.13/x64/lib/python3.11/site-packages/coverage/report_core.py:118: CoverageWarning: Couldn't parse '/home/runner/work/AWA-App/AWA-App/C:\Users\Alexey\Documents\GitHub\AWA-App\services\common\base.py': No source for code: '/home/runner/work/AWA-App/AWA-App/C:\Users\Alexey\Documents\GitHub\AWA-App\services\common\base.py'. (couldnt-parse)
2025-08-16T22:35:09.3679200Z   coverage._warn(msg, slug="couldnt-parse")
2025-08-16T22:35:09.3680783Z /opt/hostedtoolcache/Python/3.11.13/x64/lib/python3.11/site-packages/coverage/report_core.py:118: CoverageWarning: Couldn't parse '/home/runner/work/AWA-App/AWA-App/C:\Users\Alexey\Documents\GitHub\AWA-App\services\common\config.py': No source for code: '/home/runner/work/AWA-App/AWA-App/C:\Users\Alexey\Documents\GitHub\AWA-App\services\common\config.py'. (couldnt-parse)
2025-08-16T22:35:09.3682641Z   coverage._warn(msg, slug="couldnt-parse")
2025-08-16T22:35:09.3684246Z /opt/hostedtoolcache/Python/3.11.13/x64/lib/python3.11/site-packages/coverage/report_core.py:118: CoverageWarning: Couldn't parse '/home/runner/work/AWA-App/AWA-App/C:\Users\Alexey\Documents\GitHub\AWA-App\services\common\db.py': No source for code: '/home/runner/work/AWA-App/AWA-App/C:\Users\Alexey\Documents\GitHub\AWA-App\services\common\db.py'. (couldnt-parse)
2025-08-16T22:35:09.3686077Z   coverage._warn(msg, slug="couldnt-parse")
2025-08-16T22:35:09.3688002Z /opt/hostedtoolcache/Python/3.11.13/x64/lib/python3.11/site-packages/coverage/report_core.py:118: CoverageWarning: Couldn't parse '/home/runner/work/AWA-App/AWA-App/C:\Users\Alexey\Documents\GitHub\AWA-App\services\common\db_url.py': No source for code: '/home/runner/work/AWA-App/AWA-App/C:\Users\Alexey\Documents\GitHub\AWA-App\services\common\db_url.py'. (couldnt-parse)
2025-08-16T22:35:09.3689525Z   coverage._warn(msg, slug="couldnt-parse")
2025-08-16T22:35:09.3702172Z /opt/hostedtoolcache/Python/3.11.13/x64/lib/python3.11/site-packages/coverage/report_core.py:118: CoverageWarning: Couldn't parse '/home/runner/work/AWA-App/AWA-App/C:\Users\Alexey\Documents\GitHub\AWA-App\services\common\dsn.py': No source for code: '/home/runner/work/AWA-App/AWA-App/C:\Users\Alexey\Documents\GitHub\AWA-App\services\common\dsn.py'. (couldnt-parse)
2025-08-16T22:35:09.3704399Z   coverage._warn(msg, slug="couldnt-parse")
2025-08-16T22:35:09.3706068Z /opt/hostedtoolcache/Python/3.11.13/x64/lib/python3.11/site-packages/coverage/report_core.py:118: CoverageWarning: Couldn't parse '/home/runner/work/AWA-App/AWA-App/C:\Users\Alexey\Documents\GitHub\AWA-App\services\common\keepa.py': No source for code: '/home/runner/work/AWA-App/AWA-App/C:\Users\Alexey\Documents\GitHub\AWA-App\services\common\keepa.py'. (couldnt-parse)
2025-08-16T22:35:09.3707611Z   coverage._warn(msg, slug="couldnt-parse")
2025-08-16T22:35:09.3708982Z /opt/hostedtoolcache/Python/3.11.13/x64/lib/python3.11/site-packages/coverage/report_core.py:118: CoverageWarning: Couldn't parse '/home/runner/work/AWA-App/AWA-App/C:\Users\Alexey\Documents\GitHub\AWA-App\services\common\llm.py': No source for code: '/home/runner/work/AWA-App/AWA-App/C:\Users\Alexey\Documents\GitHub\AWA-App\services\common\llm.py'. (couldnt-parse)
2025-08-16T22:35:09.3710604Z   coverage._warn(msg, slug="couldnt-parse")
2025-08-16T22:35:09.3711960Z /opt/hostedtoolcache/Python/3.11.13/x64/lib/python3.11/site-packages/coverage/report_core.py:118: CoverageWarning: Couldn't parse '/home/runner/work/AWA-App/AWA-App/C:\Users\Alexey\Documents\GitHub\AWA-App\services\common\models_vendor.py': No source for code: '/home/runner/work/AWA-App/AWA-App/C:\Users\Alexey\Documents\GitHub\AWA-App\services\common\models_vendor.py'. (couldnt-parse)
2025-08-16T22:35:09.3713657Z   coverage._warn(msg, slug="couldnt-parse")
2025-08-16T22:35:09.3715201Z /opt/hostedtoolcache/Python/3.11.13/x64/lib/python3.11/site-packages/coverage/report_core.py:118: CoverageWarning: Couldn't parse '/home/runner/work/AWA-App/AWA-App/C:\Users\Alexey\Documents\GitHub\AWA-App\services\common\settings.py': No source for code: '/home/runner/work/AWA-App/AWA-App/C:\Users\Alexey\Documents\GitHub\AWA-App\services\common\settings.py'. (couldnt-parse)
2025-08-16T22:35:09.3716809Z   coverage._warn(msg, slug="couldnt-parse")
2025-08-16T22:35:09.3718085Z /opt/hostedtoolcache/Python/3.11.13/x64/lib/python3.11/site-packages/coverage/report_core.py:118: CoverageWarning: Couldn't parse '/home/runner/work/AWA-App/AWA-App/C:\Users\Alexey\Documents\GitHub\AWA-App\services\db\__init__.py': No source for code: '/home/runner/work/AWA-App/AWA-App/C:\Users\Alexey\Documents\GitHub\AWA-App\services\db\__init__.py'. (couldnt-parse)
2025-08-16T22:35:09.3719490Z   coverage._warn(msg, slug="couldnt-parse")
2025-08-16T22:35:09.3721101Z /opt/hostedtoolcache/Python/3.11.13/x64/lib/python3.11/site-packages/coverage/report_core.py:118: CoverageWarning: Couldn't parse '/home/runner/work/AWA-App/AWA-App/C:\Users\Alexey\Documents\GitHub\AWA-App\services\db\utils\__init__.py': No source for code: '/home/runner/work/AWA-App/AWA-App/C:\Users\Alexey\Documents\GitHub\AWA-App\services\db\utils\__init__.py'. (couldnt-parse)
2025-08-16T22:35:09.3722535Z   coverage._warn(msg, slug="couldnt-parse")
2025-08-16T22:35:09.3723830Z /opt/hostedtoolcache/Python/3.11.13/x64/lib/python3.11/site-packages/coverage/report_core.py:118: CoverageWarning: Couldn't parse '/home/runner/work/AWA-App/AWA-App/C:\Users\Alexey\Documents\GitHub\AWA-App\services\db\utils\views.py': No source for code: '/home/runner/work/AWA-App/AWA-App/C:\Users\Alexey\Documents\GitHub\AWA-App\services\db\utils\views.py'. (couldnt-parse)
2025-08-16T22:35:09.3725243Z   coverage._warn(msg, slug="couldnt-parse")
2025-08-16T22:35:09.3726552Z /opt/hostedtoolcache/Python/3.11.13/x64/lib/python3.11/site-packages/coverage/report_core.py:118: CoverageWarning: Couldn't parse '/home/runner/work/AWA-App/AWA-App/C:\Users\Alexey\Documents\GitHub\AWA-App\services\emailer\__init__.py': No source for code: '/home/runner/work/AWA-App/AWA-App/C:\Users\Alexey\Documents\GitHub\AWA-App\services\emailer\__init__.py'. (couldnt-parse)
2025-08-16T22:35:09.3727965Z   coverage._warn(msg, slug="couldnt-parse")
2025-08-16T22:35:09.3729314Z /opt/hostedtoolcache/Python/3.11.13/x64/lib/python3.11/site-packages/coverage/report_core.py:118: CoverageWarning: Couldn't parse '/home/runner/work/AWA-App/AWA-App/C:\Users\Alexey\Documents\GitHub\AWA-App\services\emailer\generate_body.py': No source for code: '/home/runner/work/AWA-App/AWA-App/C:\Users\Alexey\Documents\GitHub\AWA-App\services\emailer\generate_body.py'. (couldnt-parse)
2025-08-16T22:35:09.3731298Z   coverage._warn(msg, slug="couldnt-parse")
2025-08-16T22:35:09.3732741Z /opt/hostedtoolcache/Python/3.11.13/x64/lib/python3.11/site-packages/coverage/report_core.py:118: CoverageWarning: Couldn't parse '/home/runner/work/AWA-App/AWA-App/C:\Users\Alexey\Documents\GitHub\AWA-App\services\etl\__init__.py': No source for code: '/home/runner/work/AWA-App/AWA-App/C:\Users\Alexey\Documents\GitHub\AWA-App\services\etl\__init__.py'. (couldnt-parse)
2025-08-16T22:35:09.3734223Z   coverage._warn(msg, slug="couldnt-parse")
2025-08-16T22:35:09.3735608Z /opt/hostedtoolcache/Python/3.11.13/x64/lib/python3.11/site-packages/coverage/report_core.py:118: CoverageWarning: Couldn't parse '/home/runner/work/AWA-App/AWA-App/C:\Users\Alexey\Documents\GitHub\AWA-App\services\etl\db.py': No source for code: '/home/runner/work/AWA-App/AWA-App/C:\Users\Alexey\Documents\GitHub\AWA-App\services\etl\db.py'. (couldnt-parse)
2025-08-16T22:35:09.3736958Z   coverage._warn(msg, slug="couldnt-parse")
2025-08-16T22:35:09.3738489Z /opt/hostedtoolcache/Python/3.11.13/x64/lib/python3.11/site-packages/coverage/report_core.py:118: CoverageWarning: Couldn't parse '/home/runner/work/AWA-App/AWA-App/C:\Users\Alexey\Documents\GitHub\AWA-App\services\etl\dialects\__init__.py': No source for code: '/home/runner/work/AWA-App/AWA-App/C:\Users\Alexey\Documents\GitHub\AWA-App\services\etl\dialects\__init__.py'. (couldnt-parse)
2025-08-16T22:35:09.3740009Z   coverage._warn(msg, slug="couldnt-parse")
2025-08-16T22:35:09.3741559Z /opt/hostedtoolcache/Python/3.11.13/x64/lib/python3.11/site-packages/coverage/report_core.py:118: CoverageWarning: Couldn't parse '/home/runner/work/AWA-App/AWA-App/C:\Users\Alexey\Documents\GitHub\AWA-App\services\etl\dialects\amazon_reimbursements.py': No source for code: '/home/runner/work/AWA-App/AWA-App/C:\Users\Alexey\Documents\GitHub\AWA-App\services\etl\dialects\amazon_reimbursements.py'. (couldnt-parse)
2025-08-16T22:35:09.3742996Z   coverage._warn(msg, slug="couldnt-parse")
2025-08-16T22:35:09.3744476Z /opt/hostedtoolcache/Python/3.11.13/x64/lib/python3.11/site-packages/coverage/report_core.py:118: CoverageWarning: Couldn't parse '/home/runner/work/AWA-App/AWA-App/C:\Users\Alexey\Documents\GitHub\AWA-App\services\etl\dialects\amazon_returns.py': No source for code: '/home/runner/work/AWA-App/AWA-App/C:\Users\Alexey\Documents\GitHub\AWA-App\services\etl\dialects\amazon_returns.py'. (couldnt-parse)
2025-08-16T22:35:09.3745865Z   coverage._warn(msg, slug="couldnt-parse")
2025-08-16T22:35:09.3747418Z /opt/hostedtoolcache/Python/3.11.13/x64/lib/python3.11/site-packages/coverage/report_core.py:118: CoverageWarning: Couldn't parse '/home/runner/work/AWA-App/AWA-App/C:\Users\Alexey\Documents\GitHub\AWA-App\services\etl\fba_fee_ingestor.py': No source for code: '/home/runner/work/AWA-App/AWA-App/C:\Users\Alexey\Documents\GitHub\AWA-App\services\etl\fba_fee_ingestor.py'. (couldnt-parse)
2025-08-16T22:35:09.3748803Z   coverage._warn(msg, slug="couldnt-parse")
2025-08-16T22:35:09.3750401Z /opt/hostedtoolcache/Python/3.11.13/x64/lib/python3.11/site-packages/coverage/report_core.py:118: CoverageWarning: Couldn't parse '/home/runner/work/AWA-App/AWA-App/C:\Users\Alexey\Documents\GitHub\AWA-App\services\etl\keepa_ingestor.py': No source for code: '/home/runner/work/AWA-App/AWA-App/C:\Users\Alexey\Documents\GitHub\AWA-App\services\etl\keepa_ingestor.py'. (couldnt-parse)
2025-08-16T22:35:09.3751744Z   coverage._warn(msg, slug="couldnt-parse")
2025-08-16T22:35:09.3753171Z /opt/hostedtoolcache/Python/3.11.13/x64/lib/python3.11/site-packages/coverage/report_core.py:118: CoverageWarning: Couldn't parse '/home/runner/work/AWA-App/AWA-App/C:\Users\Alexey\Documents\GitHub\AWA-App\services\etl\sp_fees_ingestor.py': No source for code: '/home/runner/work/AWA-App/AWA-App/C:\Users\Alexey\Documents\GitHub\AWA-App\services\etl\sp_fees_ingestor.py'. (couldnt-parse)
2025-08-16T22:35:09.3754954Z   coverage._warn(msg, slug="couldnt-parse")
2025-08-16T22:35:09.3756592Z /opt/hostedtoolcache/Python/3.11.13/x64/lib/python3.11/site-packages/coverage/report_core.py:118: CoverageWarning: Couldn't parse '/home/runner/work/AWA-App/AWA-App/C:\Users\Alexey\Documents\GitHub\AWA-App\services\fees_h10\__init__.py': No source for code: '/home/runner/work/AWA-App/AWA-App/C:\Users\Alexey\Documents\GitHub\AWA-App\services\fees_h10\__init__.py'. (couldnt-parse)
2025-08-16T22:35:09.3758063Z   coverage._warn(msg, slug="couldnt-parse")
2025-08-16T22:35:09.3759509Z /opt/hostedtoolcache/Python/3.11.13/x64/lib/python3.11/site-packages/coverage/report_core.py:118: CoverageWarning: Couldn't parse '/home/runner/work/AWA-App/AWA-App/C:\Users\Alexey\Documents\GitHub\AWA-App\services\fees_h10\client.py': No source for code: '/home/runner/work/AWA-App/AWA-App/C:\Users\Alexey\Documents\GitHub\AWA-App\services\fees_h10\client.py'. (couldnt-parse)
2025-08-16T22:35:09.3761045Z   coverage._warn(msg, slug="couldnt-parse")
2025-08-16T22:35:09.3762500Z /opt/hostedtoolcache/Python/3.11.13/x64/lib/python3.11/site-packages/coverage/report_core.py:118: CoverageWarning: Couldn't parse '/home/runner/work/AWA-App/AWA-App/C:\Users\Alexey\Documents\GitHub\AWA-App\services\fees_h10\repository.py': No source for code: '/home/runner/work/AWA-App/AWA-App/C:\Users\Alexey\Documents\GitHub\AWA-App\services\fees_h10\repository.py'. (couldnt-parse)
2025-08-16T22:35:09.3763860Z   coverage._warn(msg, slug="couldnt-parse")
2025-08-16T22:35:09.3765268Z /opt/hostedtoolcache/Python/3.11.13/x64/lib/python3.11/site-packages/coverage/report_core.py:118: CoverageWarning: Couldn't parse '/home/runner/work/AWA-App/AWA-App/C:\Users\Alexey\Documents\GitHub\AWA-App\services\fees_h10\worker.py': No source for code: '/home/runner/work/AWA-App/AWA-App/C:\Users\Alexey\Documents\GitHub\AWA-App\services\fees_h10\worker.py'. (couldnt-parse)
2025-08-16T22:35:09.3766589Z   coverage._warn(msg, slug="couldnt-parse")
2025-08-16T22:35:09.3767992Z /opt/hostedtoolcache/Python/3.11.13/x64/lib/python3.11/site-packages/coverage/report_core.py:118: CoverageWarning: Couldn't parse '/home/runner/work/AWA-App/AWA-App/C:\Users\Alexey\Documents\GitHub\AWA-App\services\ingest\__init__.py': No source for code: '/home/runner/work/AWA-App/AWA-App/C:\Users\Alexey\Documents\GitHub\AWA-App\services\ingest\__init__.py'. (couldnt-parse)
2025-08-16T22:35:09.3769312Z   coverage._warn(msg, slug="couldnt-parse")
2025-08-16T22:35:09.3770985Z /opt/hostedtoolcache/Python/3.11.13/x64/lib/python3.11/site-packages/coverage/report_core.py:118: CoverageWarning: Couldn't parse '/home/runner/work/AWA-App/AWA-App/C:\Users\Alexey\Documents\GitHub\AWA-App\services\ingest\email_watcher.py': No source for code: '/home/runner/work/AWA-App/AWA-App/C:\Users\Alexey\Documents\GitHub\AWA-App\services\ingest\email_watcher.py'. (couldnt-parse)
2025-08-16T22:35:09.3772345Z   coverage._warn(msg, slug="couldnt-parse")
2025-08-16T22:35:09.3773801Z /opt/hostedtoolcache/Python/3.11.13/x64/lib/python3.11/site-packages/coverage/report_core.py:118: CoverageWarning: Couldn't parse '/home/runner/work/AWA-App/AWA-App/C:\Users\Alexey\Documents\GitHub\AWA-App\services\ingest\ingest_router.py': No source for code: '/home/runner/work/AWA-App/AWA-App/C:\Users\Alexey\Documents\GitHub\AWA-App\services\ingest\ingest_router.py'. (couldnt-parse)
2025-08-16T22:35:09.3775154Z   coverage._warn(msg, slug="couldnt-parse")
2025-08-16T22:35:09.3776596Z /opt/hostedtoolcache/Python/3.11.13/x64/lib/python3.11/site-packages/coverage/report_core.py:118: CoverageWarning: Couldn't parse '/home/runner/work/AWA-App/AWA-App/C:\Users\Alexey\Documents\GitHub\AWA-App\services\ingest\upload_router.py': No source for code: '/home/runner/work/AWA-App/AWA-App/C:\Users\Alexey\Documents\GitHub\AWA-App\services\ingest\upload_router.py'. (couldnt-parse)
2025-08-16T22:35:09.3777942Z   coverage._warn(msg, slug="couldnt-parse")
2025-08-16T22:35:09.3779533Z /opt/hostedtoolcache/Python/3.11.13/x64/lib/python3.11/site-packages/coverage/report_core.py:118: CoverageWarning: Couldn't parse '/home/runner/work/AWA-App/AWA-App/C:\Users\Alexey\Documents\GitHub\AWA-App\services\llm_server\__init__.py': No source for code: '/home/runner/work/AWA-App/AWA-App/C:\Users\Alexey\Documents\GitHub\AWA-App\services\llm_server\__init__.py'. (couldnt-parse)
2025-08-16T22:35:09.3781463Z   coverage._warn(msg, slug="couldnt-parse")
2025-08-16T22:35:09.3782946Z /opt/hostedtoolcache/Python/3.11.13/x64/lib/python3.11/site-packages/coverage/report_core.py:118: CoverageWarning: Couldn't parse '/home/runner/work/AWA-App/AWA-App/C:\Users\Alexey\Documents\GitHub\AWA-App\services\llm_server\app.py': No source for code: '/home/runner/work/AWA-App/AWA-App/C:\Users\Alexey\Documents\GitHub\AWA-App\services\llm_server\app.py'. (couldnt-parse)
2025-08-16T22:35:09.3784339Z   coverage._warn(msg, slug="couldnt-parse")
2025-08-16T22:35:09.3785787Z /opt/hostedtoolcache/Python/3.11.13/x64/lib/python3.11/site-packages/coverage/report_core.py:118: CoverageWarning: Couldn't parse '/home/runner/work/AWA-App/AWA-App/C:\Users\Alexey\Documents\GitHub\AWA-App\services\logistics_etl\__init__.py': No source for code: '/home/runner/work/AWA-App/AWA-App/C:\Users\Alexey\Documents\GitHub\AWA-App\services\logistics_etl\__init__.py'. (couldnt-parse)
2025-08-16T22:35:09.3787298Z   coverage._warn(msg, slug="couldnt-parse")
2025-08-16T22:35:09.3788690Z /opt/hostedtoolcache/Python/3.11.13/x64/lib/python3.11/site-packages/coverage/report_core.py:118: CoverageWarning: Couldn't parse '/home/runner/work/AWA-App/AWA-App/C:\Users\Alexey\Documents\GitHub\AWA-App\services\logistics_etl\__main__.py': No source for code: '/home/runner/work/AWA-App/AWA-App/C:\Users\Alexey\Documents\GitHub\AWA-App\services\logistics_etl\__main__.py'. (couldnt-parse)
2025-08-16T22:35:09.3790321Z   coverage._warn(msg, slug="couldnt-parse")
2025-08-16T22:35:09.3791707Z /opt/hostedtoolcache/Python/3.11.13/x64/lib/python3.11/site-packages/coverage/report_core.py:118: CoverageWarning: Couldn't parse '/home/runner/work/AWA-App/AWA-App/C:\Users\Alexey\Documents\GitHub\AWA-App\services\logistics_etl\client.py': No source for code: '/home/runner/work/AWA-App/AWA-App/C:\Users\Alexey\Documents\GitHub\AWA-App\services\logistics_etl\client.py'. (couldnt-parse)
2025-08-16T22:35:09.3793220Z   coverage._warn(msg, slug="couldnt-parse")
2025-08-16T22:35:09.3794720Z /opt/hostedtoolcache/Python/3.11.13/x64/lib/python3.11/site-packages/coverage/report_core.py:118: CoverageWarning: Couldn't parse '/home/runner/work/AWA-App/AWA-App/C:\Users\Alexey\Documents\GitHub\AWA-App\services\logistics_etl\cron.py': No source for code: '/home/runner/work/AWA-App/AWA-App/C:\Users\Alexey\Documents\GitHub\AWA-App\services\logistics_etl\cron.py'. (couldnt-parse)
2025-08-16T22:35:09.3796225Z   coverage._warn(msg, slug="couldnt-parse")
2025-08-16T22:35:09.3797558Z /opt/hostedtoolcache/Python/3.11.13/x64/lib/python3.11/site-packages/coverage/report_core.py:118: CoverageWarning: Couldn't parse '/home/runner/work/AWA-App/AWA-App/C:\Users\Alexey\Documents\GitHub\AWA-App\services\logistics_etl\db.py': No source for code: '/home/runner/work/AWA-App/AWA-App/C:\Users\Alexey\Documents\GitHub\AWA-App\services\logistics_etl\db.py'. (couldnt-parse)
2025-08-16T22:35:09.3799017Z   coverage._warn(msg, slug="couldnt-parse")
2025-08-16T22:35:09.3800462Z /opt/hostedtoolcache/Python/3.11.13/x64/lib/python3.11/site-packages/coverage/report_core.py:118: CoverageWarning: Couldn't parse '/home/runner/work/AWA-App/AWA-App/C:\Users\Alexey\Documents\GitHub\AWA-App\services\logistics_etl\flow.py': No source for code: '/home/runner/work/AWA-App/AWA-App/C:\Users\Alexey\Documents\GitHub\AWA-App\services\logistics_etl\flow.py'. (couldnt-parse)
2025-08-16T22:35:09.3801937Z   coverage._warn(msg, slug="couldnt-parse")
2025-08-16T22:35:09.3803323Z /opt/hostedtoolcache/Python/3.11.13/x64/lib/python3.11/site-packages/coverage/report_core.py:118: CoverageWarning: Couldn't parse '/home/runner/work/AWA-App/AWA-App/C:\Users\Alexey\Documents\GitHub\AWA-App\services\logistics_etl\repository.py': No source for code: '/home/runner/work/AWA-App/AWA-App/C:\Users\Alexey\Documents\GitHub\AWA-App\services\logistics_etl\repository.py'. (couldnt-parse)
2025-08-16T22:35:09.3804833Z   coverage._warn(msg, slug="couldnt-parse")
2025-08-16T22:35:09.3806346Z /opt/hostedtoolcache/Python/3.11.13/x64/lib/python3.11/site-packages/coverage/report_core.py:118: CoverageWarning: Couldn't parse '/home/runner/work/AWA-App/AWA-App/C:\Users\Alexey\Documents\GitHub\AWA-App\services\price_importer\__init__.py': No source for code: '/home/runner/work/AWA-App/AWA-App/C:\Users\Alexey\Documents\GitHub\AWA-App\services\price_importer\__init__.py'. (couldnt-parse)
2025-08-16T22:35:09.3807981Z   coverage._warn(msg, slug="couldnt-parse")
2025-08-16T22:35:09.3809451Z /opt/hostedtoolcache/Python/3.11.13/x64/lib/python3.11/site-packages/coverage/report_core.py:118: CoverageWarning: Couldn't parse '/home/runner/work/AWA-App/AWA-App/C:\Users\Alexey\Documents\GitHub\AWA-App\services\price_importer\common\__init__.py': No source for code: '/home/runner/work/AWA-App/AWA-App/C:\Users\Alexey\Documents\GitHub\AWA-App\services\price_importer\common\__init__.py'. (couldnt-parse)
2025-08-16T22:35:09.3811071Z   coverage._warn(msg, slug="couldnt-parse")
2025-08-16T22:35:09.3812632Z /opt/hostedtoolcache/Python/3.11.13/x64/lib/python3.11/site-packages/coverage/report_core.py:118: CoverageWarning: Couldn't parse '/home/runner/work/AWA-App/AWA-App/C:\Users\Alexey\Documents\GitHub\AWA-App\services\price_importer\common\base.py': No source for code: '/home/runner/work/AWA-App/AWA-App/C:\Users\Alexey\Documents\GitHub\AWA-App\services\price_importer\common\base.py'. (couldnt-parse)
2025-08-16T22:35:09.3814166Z   coverage._warn(msg, slug="couldnt-parse")
2025-08-16T22:35:09.3815688Z /opt/hostedtoolcache/Python/3.11.13/x64/lib/python3.11/site-packages/coverage/report_core.py:118: CoverageWarning: Couldn't parse '/home/runner/work/AWA-App/AWA-App/C:\Users\Alexey\Documents\GitHub\AWA-App\services\price_importer\common\db_url.py': No source for code: '/home/runner/work/AWA-App/AWA-App/C:\Users\Alexey\Documents\GitHub\AWA-App\services\price_importer\common\db_url.py'. (couldnt-parse)
2025-08-16T22:35:09.3817086Z   coverage._warn(msg, slug="couldnt-parse")
2025-08-16T22:35:09.3818680Z /opt/hostedtoolcache/Python/3.11.13/x64/lib/python3.11/site-packages/coverage/report_core.py:118: CoverageWarning: Couldn't parse '/home/runner/work/AWA-App/AWA-App/C:\Users\Alexey\Documents\GitHub\AWA-App\services\price_importer\common\models_vendor.py': No source for code: '/home/runner/work/AWA-App/AWA-App/C:\Users\Alexey\Documents\GitHub\AWA-App\services\price_importer\common\models_vendor.py'. (couldnt-parse)
2025-08-16T22:35:09.3820250Z   coverage._warn(msg, slug="couldnt-parse")
2025-08-16T22:35:09.3821741Z /opt/hostedtoolcache/Python/3.11.13/x64/lib/python3.11/site-packages/coverage/report_core.py:118: CoverageWarning: Couldn't parse '/home/runner/work/AWA-App/AWA-App/C:\Users\Alexey\Documents\GitHub\AWA-App\services\price_importer\import.py': No source for code: '/home/runner/work/AWA-App/AWA-App/C:\Users\Alexey\Documents\GitHub\AWA-App\services\price_importer\import.py'. (couldnt-parse)
2025-08-16T22:35:09.3823138Z   coverage._warn(msg, slug="couldnt-parse")
2025-08-16T22:35:09.3824663Z /opt/hostedtoolcache/Python/3.11.13/x64/lib/python3.11/site-packages/coverage/report_core.py:118: CoverageWarning: Couldn't parse '/home/runner/work/AWA-App/AWA-App/C:\Users\Alexey\Documents\GitHub\AWA-App\services\price_importer\normaliser.py': No source for code: '/home/runner/work/AWA-App/AWA-App/C:\Users\Alexey\Documents\GitHub\AWA-App\services\price_importer\normaliser.py'. (couldnt-parse)
2025-08-16T22:35:09.3826075Z   coverage._warn(msg, slug="couldnt-parse")
2025-08-16T22:35:09.3827564Z /opt/hostedtoolcache/Python/3.11.13/x64/lib/python3.11/site-packages/coverage/report_core.py:118: CoverageWarning: Couldn't parse '/home/runner/work/AWA-App/AWA-App/C:\Users\Alexey\Documents\GitHub\AWA-App\services\price_importer\reader.py': No source for code: '/home/runner/work/AWA-App/AWA-App/C:\Users\Alexey\Documents\GitHub\AWA-App\services\price_importer\reader.py'. (couldnt-parse)
2025-08-16T22:35:09.3828919Z   coverage._warn(msg, slug="couldnt-parse")
2025-08-16T22:35:09.3830706Z /opt/hostedtoolcache/Python/3.11.13/x64/lib/python3.11/site-packages/coverage/report_core.py:118: CoverageWarning: Couldn't parse '/home/runner/work/AWA-App/AWA-App/C:\Users\Alexey\Documents\GitHub\AWA-App\services\price_importer\repository.py': No source for code: '/home/runner/work/AWA-App/AWA-App/C:\Users\Alexey\Documents\GitHub\AWA-App\services\price_importer\repository.py'. (couldnt-parse)
2025-08-16T22:35:09.3832417Z   coverage._warn(msg, slug="couldnt-parse")
2025-08-16T22:35:09.3833885Z /opt/hostedtoolcache/Python/3.11.13/x64/lib/python3.11/site-packages/coverage/report_core.py:118: CoverageWarning: Couldn't parse '/home/runner/work/AWA-App/AWA-App/C:\Users\Alexey\Documents\GitHub\AWA-App\services\price_importer\services_common\__init__.py': No source for code: '/home/runner/work/AWA-App/AWA-App/C:\Users\Alexey\Documents\GitHub\AWA-App\services\price_importer\services_common\__init__.py'. (couldnt-parse)
2025-08-16T22:35:09.3835483Z   coverage._warn(msg, slug="couldnt-parse")
2025-08-16T22:35:09.3836922Z /opt/hostedtoolcache/Python/3.11.13/x64/lib/python3.11/site-packages/coverage/report_core.py:118: CoverageWarning: Couldn't parse '/home/runner/work/AWA-App/AWA-App/C:\Users\Alexey\Documents\GitHub\AWA-App\services\price_importer\services_common\base.py': No source for code: '/home/runner/work/AWA-App/AWA-App/C:\Users\Alexey\Documents\GitHub\AWA-App\services\price_importer\services_common\base.py'. (couldnt-parse)
2025-08-16T22:35:09.3838508Z   coverage._warn(msg, slug="couldnt-parse")
2025-08-16T22:35:09.3840043Z /opt/hostedtoolcache/Python/3.11.13/x64/lib/python3.11/site-packages/coverage/report_core.py:118: CoverageWarning: Couldn't parse '/home/runner/work/AWA-App/AWA-App/C:\Users\Alexey\Documents\GitHub\AWA-App\services\price_importer\services_common\db.py': No source for code: '/home/runner/work/AWA-App/AWA-App/C:\Users\Alexey\Documents\GitHub\AWA-App\services\price_importer\services_common\db.py'. (couldnt-parse)
2025-08-16T22:35:09.3841620Z   coverage._warn(msg, slug="couldnt-parse")
2025-08-16T22:35:09.3843065Z /opt/hostedtoolcache/Python/3.11.13/x64/lib/python3.11/site-packages/coverage/report_core.py:118: CoverageWarning: Couldn't parse '/home/runner/work/AWA-App/AWA-App/C:\Users\Alexey\Documents\GitHub\AWA-App\services\price_importer\services_common\db_url.py': No source for code: '/home/runner/work/AWA-App/AWA-App/C:\Users\Alexey\Documents\GitHub\AWA-App\services\price_importer\services_common\db_url.py'. (couldnt-parse)
2025-08-16T22:35:09.3844512Z   coverage._warn(msg, slug="couldnt-parse")
2025-08-16T22:35:09.3845960Z /opt/hostedtoolcache/Python/3.11.13/x64/lib/python3.11/site-packages/coverage/report_core.py:118: CoverageWarning: Couldn't parse '/home/runner/work/AWA-App/AWA-App/C:\Users\Alexey\Documents\GitHub\AWA-App\services\price_importer\services_common\dsn.py': No source for code: '/home/runner/work/AWA-App/AWA-App/C:\Users\Alexey\Documents\GitHub\AWA-App\services\price_importer\services_common\dsn.py'. (couldnt-parse)
2025-08-16T22:35:09.3847399Z   coverage._warn(msg, slug="couldnt-parse")
2025-08-16T22:35:09.3848858Z /opt/hostedtoolcache/Python/3.11.13/x64/lib/python3.11/site-packages/coverage/report_core.py:118: CoverageWarning: Couldn't parse '/home/runner/work/AWA-App/AWA-App/C:\Users\Alexey\Documents\GitHub\AWA-App\services\price_importer\services_common\keepa.py': No source for code: '/home/runner/work/AWA-App/AWA-App/C:\Users\Alexey\Documents\GitHub\AWA-App\services\price_importer\services_common\keepa.py'. (couldnt-parse)
2025-08-16T22:35:09.3850395Z   coverage._warn(msg, slug="couldnt-parse")
2025-08-16T22:35:09.3851819Z /opt/hostedtoolcache/Python/3.11.13/x64/lib/python3.11/site-packages/coverage/report_core.py:118: CoverageWarning: Couldn't parse '/home/runner/work/AWA-App/AWA-App/C:\Users\Alexey\Documents\GitHub\AWA-App\services\price_importer\services_common\llm.py': No source for code: '/home/runner/work/AWA-App/AWA-App/C:\Users\Alexey\Documents\GitHub\AWA-App\services\price_importer\services_common\llm.py'. (couldnt-parse)
2025-08-16T22:35:09.3853240Z   coverage._warn(msg, slug="couldnt-parse")
2025-08-16T22:35:09.3854861Z /opt/hostedtoolcache/Python/3.11.13/x64/lib/python3.11/site-packages/coverage/report_core.py:118: CoverageWarning: Couldn't parse '/home/runner/work/AWA-App/AWA-App/C:\Users\Alexey\Documents\GitHub\AWA-App\services\price_importer\services_common\models_vendor.py': No source for code: '/home/runner/work/AWA-App/AWA-App/C:\Users\Alexey\Documents\GitHub\AWA-App\services\price_importer\services_common\models_vendor.py'. (couldnt-parse)
2025-08-16T22:35:09.3856495Z   coverage._warn(msg, slug="couldnt-parse")
2025-08-16T22:35:09.3857969Z /opt/hostedtoolcache/Python/3.11.13/x64/lib/python3.11/site-packages/coverage/report_core.py:118: CoverageWarning: Couldn't parse '/home/runner/work/AWA-App/AWA-App/C:\Users\Alexey\Documents\GitHub\AWA-App\services\price_importer\services_common\settings.py': No source for code: '/home/runner/work/AWA-App/AWA-App/C:\Users\Alexey\Documents\GitHub\AWA-App\services\price_importer\services_common\settings.py'. (couldnt-parse)
2025-08-16T22:35:09.3859441Z   coverage._warn(msg, slug="couldnt-parse")
2025-08-16T22:35:09.3860871Z /opt/hostedtoolcache/Python/3.11.13/x64/lib/python3.11/site-packages/coverage/report_core.py:118: CoverageWarning: Couldn't parse '/home/runner/work/AWA-App/AWA-App/C:\Users\Alexey\Documents\GitHub\AWA-App\services\repricer\__init__.py': No source for code: '/home/runner/work/AWA-App/AWA-App/C:\Users\Alexey\Documents\GitHub\AWA-App\services\repricer\__init__.py'. (couldnt-parse)
2025-08-16T22:35:09.3862182Z   coverage._warn(msg, slug="couldnt-parse")
2025-08-16T22:35:09.3863512Z /opt/hostedtoolcache/Python/3.11.13/x64/lib/python3.11/site-packages/coverage/report_core.py:118: CoverageWarning: Couldn't parse '/home/runner/work/AWA-App/AWA-App/C:\Users\Alexey\Documents\GitHub\AWA-App\services\repricer\app\__init__.py': No source for code: '/home/runner/work/AWA-App/AWA-App/C:\Users\Alexey\Documents\GitHub\AWA-App\services\repricer\app\__init__.py'. (couldnt-parse)
2025-08-16T22:35:09.3864841Z   coverage._warn(msg, slug="couldnt-parse")
2025-08-16T22:35:09.3866152Z /opt/hostedtoolcache/Python/3.11.13/x64/lib/python3.11/site-packages/coverage/report_core.py:118: CoverageWarning: Couldn't parse '/home/runner/work/AWA-App/AWA-App/C:\Users\Alexey\Documents\GitHub\AWA-App\services\repricer\app\deps.py': No source for code: '/home/runner/work/AWA-App/AWA-App/C:\Users\Alexey\Documents\GitHub\AWA-App\services\repricer\app\deps.py'. (couldnt-parse)
2025-08-16T22:35:09.3867468Z   coverage._warn(msg, slug="couldnt-parse")
2025-08-16T22:35:09.3868784Z /opt/hostedtoolcache/Python/3.11.13/x64/lib/python3.11/site-packages/coverage/report_core.py:118: CoverageWarning: Couldn't parse '/home/runner/work/AWA-App/AWA-App/C:\Users\Alexey\Documents\GitHub\AWA-App\services\repricer\app\logic.py': No source for code: '/home/runner/work/AWA-App/AWA-App/C:\Users\Alexey\Documents\GitHub\AWA-App\services\repricer\app\logic.py'. (couldnt-parse)
2025-08-16T22:35:09.3870186Z   coverage._warn(msg, slug="couldnt-parse")
2025-08-16T22:35:09.3871499Z /opt/hostedtoolcache/Python/3.11.13/x64/lib/python3.11/site-packages/coverage/report_core.py:118: CoverageWarning: Couldn't parse '/home/runner/work/AWA-App/AWA-App/C:\Users\Alexey\Documents\GitHub\AWA-App\services\repricer\app\main.py': No source for code: '/home/runner/work/AWA-App/AWA-App/C:\Users\Alexey\Documents\GitHub\AWA-App\services\repricer\app\main.py'. (couldnt-parse)
2025-08-16T22:35:09.3872810Z   coverage._warn(msg, slug="couldnt-parse")
2025-08-16T22:35:09.3874142Z /opt/hostedtoolcache/Python/3.11.13/x64/lib/python3.11/site-packages/coverage/report_core.py:118: CoverageWarning: Couldn't parse '/home/runner/work/AWA-App/AWA-App/C:\Users\Alexey\Documents\GitHub\AWA-App\services\repricer\app\schemas.py': No source for code: '/home/runner/work/AWA-App/AWA-App/C:\Users\Alexey\Documents\GitHub\AWA-App\services\repricer\app\schemas.py'. (couldnt-parse)
2025-08-16T22:35:09.3875481Z   coverage._warn(msg, slug="couldnt-parse")
2025-08-16T22:35:09.3876906Z /opt/hostedtoolcache/Python/3.11.13/x64/lib/python3.11/site-packages/coverage/report_core.py:118: CoverageWarning: Couldn't parse '/home/runner/work/AWA-App/AWA-App/C:\Users\Alexey\Documents\GitHub\AWA-App\services\returns_etl\loader.py': No source for code: '/home/runner/work/AWA-App/AWA-App/C:\Users\Alexey\Documents\GitHub\AWA-App\services\returns_etl\loader.py'. (couldnt-parse)
2025-08-16T22:35:09.3878337Z   coverage._warn(msg, slug="couldnt-parse")
2025-08-16T22:35:09.6648800Z ............                                                             [100%]
2025-08-16T22:35:09.6649365Z ================================ tests coverage ================================
2025-08-16T22:35:09.6650228Z _______________ coverage: platform linux, python 3.11.13-final-0 _______________
2025-08-16T22:35:09.6650745Z 
2025-08-16T22:35:09.6650977Z Coverage XML written to file coverage.xml
2025-08-16T22:35:09.8051110Z ##[group]Run actions/upload-artifact@v4
2025-08-16T22:35:09.8051594Z with:
2025-08-16T22:35:09.8051912Z   name: coverage.integration
2025-08-16T22:35:09.8052311Z   path: .coverage
2025-08-16T22:35:09.8052645Z   if-no-files-found: warn
2025-08-16T22:35:09.8053048Z   compression-level: 6
2025-08-16T22:35:09.8053403Z   overwrite: false
2025-08-16T22:35:09.8053749Z   include-hidden-files: false
2025-08-16T22:35:09.8054129Z env:
2025-08-16T22:35:09.8054413Z   PG_USER: postgres
2025-08-16T22:35:09.8054744Z   PG_PASSWORD: pass
2025-08-16T22:35:09.8055077Z   PG_DATABASE: awa
2025-08-16T22:35:09.8055412Z   PG_HOST: localhost
2025-08-16T22:35:09.8055734Z   PG_PORT: 5432
2025-08-16T22:35:09.8056443Z   PG_SYNC_DSN: ***localhost:5432/awa
2025-08-16T22:35:09.8057165Z   PG_ASYNC_DSN: ***localhost:5432/awa
2025-08-16T22:35:09.8057920Z   DATABASE_URL: ***localhost:5432/awa
2025-08-16T22:35:09.8058357Z   DATA_DIR: /tmp/awa-data
2025-08-16T22:35:09.8058718Z   ENABLE_LIVE: 0
2025-08-16T22:35:09.8059052Z   TESTING: 1
2025-08-16T22:35:09.8059478Z   pythonLocation: /opt/hostedtoolcache/Python/3.11.13/x64
2025-08-16T22:35:09.8060401Z   PKG_CONFIG_PATH: /opt/hostedtoolcache/Python/3.11.13/x64/lib/pkgconfig
2025-08-16T22:35:09.8061099Z   Python_ROOT_DIR: /opt/hostedtoolcache/Python/3.11.13/x64
2025-08-16T22:35:09.8061744Z   Python2_ROOT_DIR: /opt/hostedtoolcache/Python/3.11.13/x64
2025-08-16T22:35:09.8062372Z   Python3_ROOT_DIR: /opt/hostedtoolcache/Python/3.11.13/x64
2025-08-16T22:35:09.8063015Z   LD_LIBRARY_PATH: /opt/hostedtoolcache/Python/3.11.13/x64/lib
2025-08-16T22:35:09.8063529Z ##[endgroup]
2025-08-16T22:35:10.0184792Z ##[warning]No files were found with the provided path: .coverage. No artifacts will be uploaded.
2025-08-16T22:35:10.0779378Z Post job cleanup.
2025-08-16T22:35:10.2036758Z Cache hit occurred on the primary key Linux-int-dee7c0c28332ec2ebb5d2650fb0d2cfddf025b3b0e96b0c826645ad2cb717961, not saving cache.
2025-08-16T22:35:10.2118858Z Post job cleanup.
2025-08-16T22:35:10.3607415Z Cache hit occurred on the primary key setup-python-Linux-x64-24.04-Ubuntu-python-3.11.13-pip-dee7c0c28332ec2ebb5d2650fb0d2cfddf025b3b0e96b0c826645ad2cb717961, not saving cache.
2025-08-16T22:35:10.3702917Z Post job cleanup.
2025-08-16T22:35:10.4617304Z [command]/usr/bin/git version
2025-08-16T22:35:10.4653683Z git version 2.50.1
2025-08-16T22:35:10.4707764Z Temporarily overriding HOME='/home/runner/work/_temp/4c697054-1c8e-4ef5-b8e1-27067150d177' before making global git config changes
2025-08-16T22:35:10.4709105Z Adding repository directory to the temporary git global config as a safe directory
2025-08-16T22:35:10.4721877Z [command]/usr/bin/git config --global --add safe.directory /home/runner/work/AWA-App/AWA-App
2025-08-16T22:35:10.4759541Z [command]/usr/bin/git config --local --name-only --get-regexp core\.sshCommand
2025-08-16T22:35:10.4796183Z [command]/usr/bin/git submodule foreach --recursive sh -c "git config --local --name-only --get-regexp 'core\.sshCommand' && git config --local --unset-all 'core.sshCommand' || :"
2025-08-16T22:35:10.5033036Z [command]/usr/bin/git config --local --name-only --get-regexp http\.https\:\/\/github\.com\/\.extraheader
2025-08-16T22:35:10.5053652Z http.https://github.com/.extraheader
2025-08-16T22:35:10.5065908Z [command]/usr/bin/git config --local --unset-all http.https://github.com/.extraheader
2025-08-16T22:35:10.5096196Z [command]/usr/bin/git submodule foreach --recursive sh -c "git config --local --name-only --get-regexp 'http\.https\:\/\/github\.com\/\.extraheader' && git config --local --unset-all 'http.https://github.com/.extraheader' || :"
2025-08-16T22:35:10.5406152Z Print service container logs: 7bd1b3f1da8a4162a5bb010ea1308113_postgres15_481dea
2025-08-16T22:35:10.5411397Z ##[command]/usr/bin/docker logs --details 98b28de0d7a6e0e80ea76f8022aec368b0a89ddeb065d336ab2c993720c1b806
2025-08-16T22:35:10.5534158Z  The files belonging to this database system will be owned by user "postgres".
2025-08-16T22:35:10.5534885Z  This user must also own the server process.
2025-08-16T22:35:10.5535345Z  
2025-08-16T22:35:10.5536001Z  The database cluster will be initialized with locale "en_US.utf8".
2025-08-16T22:35:10.5537597Z  initdb: warning: enabling "trust" authentication for local connections
2025-08-16T22:35:10.5538733Z  initdb: hint: You can change this by editing pg_hba.conf or using the option -A, or --auth-local and --auth-host, the next time you run initdb.
2025-08-16T22:35:10.5539945Z  The default database encoding has accordingly been set to "UTF8".
2025-08-16T22:35:10.5540625Z  The default text search configuration will be set to "english".
2025-08-16T22:35:10.5541176Z  
2025-08-16T22:35:10.5541467Z  Data page checksums are disabled.
2025-08-16T22:35:10.5541851Z  
2025-08-16T22:35:10.5542309Z  fixing permissions on existing directory /var/lib/postgresql/data ... ok
2025-08-16T22:35:10.5542922Z  creating subdirectories ... ok
2025-08-16T22:35:10.5543416Z  selecting dynamic shared memory implementation ... posix
2025-08-16T22:35:10.5543958Z  selecting default max_connections ... 100
2025-08-16T22:35:10.5544419Z  selecting default shared_buffers ... 128MB
2025-08-16T22:35:10.5544861Z  selecting default time zone ... Etc/UTC
2025-08-16T22:35:10.5545289Z  creating configuration files ... ok
2025-08-16T22:35:10.5545692Z  running bootstrap script ... ok
2025-08-16T22:35:10.5546156Z  performing post-bootstrap initialization ... ok
2025-08-16T22:35:10.5546630Z  syncing data to disk ... ok
2025-08-16T22:35:10.5546972Z  
2025-08-16T22:35:10.5547219Z  
2025-08-16T22:35:10.5547560Z  Success. You can now start the database server using:
2025-08-16T22:35:10.5548019Z  
2025-08-16T22:35:10.5548356Z      pg_ctl -D /var/lib/postgresql/data -l logfile start
2025-08-16T22:35:10.5548805Z  
2025-08-16T22:35:10.5549744Z  2025-08-16 22:34:08.740 UTC [1] LOG:  starting PostgreSQL 15.14 (Debian 15.14-1.pgdg13+1) on x86_64-pc-linux-gnu, compiled by gcc (Debian 14.2.0-19) 14.2.0, 64-bit
2025-08-16T22:35:10.5550817Z  2025-08-16 22:34:08.740 UTC [1] LOG:  listening on IPv4 address "0.0.0.0", port 5432
2025-08-16T22:35:10.5551504Z  2025-08-16 22:34:08.740 UTC [1] LOG:  listening on IPv6 address "::", port 5432
2025-08-16T22:35:10.5552272Z  2025-08-16 22:34:08.743 UTC [1] LOG:  listening on Unix socket "/var/run/postgresql/.s.PGSQL.5432"
2025-08-16T22:35:10.5553099Z  2025-08-16 22:34:08.746 UTC [64] LOG:  database system was shut down at 2025-08-16 22:34:08 UTC
2025-08-16T22:35:10.5554054Z  2025-08-16 22:34:08.749 UTC [1] LOG:  database system is ready to accept connections
2025-08-16T22:35:10.5555274Z  waiting for server to start....2025-08-16 22:34:08.433 UTC [48] LOG:  starting PostgreSQL 15.14 (Debian 15.14-1.pgdg13+1) on x86_64-pc-linux-gnu, compiled by gcc (Debian 14.2.0-19) 14.2.0, 64-bit
2025-08-16T22:35:10.5556063Z  2025-08-16 22:34:08.434 UTC [48] LOG:  listening on Unix socket "/var/run/postgresql/.s.PGSQL.5432"
2025-08-16T22:35:10.5556585Z  2025-08-16 22:34:08.438 UTC [51] LOG:  database system was shut down at 2025-08-16 22:34:08 UTC
2025-08-16T22:35:10.5557049Z  2025-08-16 22:34:08.441 UTC [48] LOG:  database system is ready to accept connections
2025-08-16T22:35:10.5557379Z   done
2025-08-16T22:35:10.5557546Z  server started
2025-08-16T22:35:10.5557729Z  CREATE DATABASE
2025-08-16T22:35:10.5557903Z  
2025-08-16T22:35:10.5558052Z  
2025-08-16T22:35:10.5558363Z  /usr/local/bin/docker-entrypoint.sh: ignoring /docker-entrypoint-initdb.d/*
2025-08-16T22:35:10.5558942Z  
2025-08-16T22:35:10.5559185Z  2025-08-16 22:34:08.620 UTC [48] LOG:  received fast shutdown request
2025-08-16T22:35:10.5560062Z  waiting for server to shut down....2025-08-16 22:34:08.621 UTC [48] LOG:  aborting any active transactions
2025-08-16T22:35:10.5560728Z  2025-08-16 22:34:08.622 UTC [48] LOG:  background worker "logical replication launcher" (PID 54) exited with exit code 1
2025-08-16T22:35:10.5561220Z  2025-08-16 22:34:08.623 UTC [49] LOG:  shutting down
2025-08-16T22:35:10.5561573Z  2025-08-16 22:34:08.623 UTC [49] LOG:  checkpoint starting: shutdown immediate
2025-08-16T22:35:10.5562462Z  2025-08-16 22:34:08.640 UTC [49] LOG:  checkpoint complete: wrote 922 buffers (5.6%); 0 WAL file(s) added, 0 removed, 0 recycled; write=0.014 s, sync=0.002 s, total=0.017 s; sync files=301, longest=0.001 s, average=0.001 s; distance=4239 kB, estimate=4239 kB
2025-08-16T22:35:10.5563292Z  2025-08-16 22:34:08.646 UTC [48] LOG:  database system is shut down
2025-08-16T22:35:10.5563591Z   done
2025-08-16T22:35:10.5563755Z  server stopped
2025-08-16T22:35:10.5563930Z  
2025-08-16T22:35:10.5564149Z  PostgreSQL init process complete; ready for start up.
2025-08-16T22:35:10.5564425Z  
2025-08-16T22:35:10.5570058Z Stop and remove container: 7bd1b3f1da8a4162a5bb010ea1308113_postgres15_481dea
2025-08-16T22:35:10.5574678Z ##[command]/usr/bin/docker rm --force 98b28de0d7a6e0e80ea76f8022aec368b0a89ddeb065d336ab2c993720c1b806
2025-08-16T22:35:11.2531282Z 98b28de0d7a6e0e80ea76f8022aec368b0a89ddeb065d336ab2c993720c1b806
2025-08-16T22:35:11.2560874Z Remove container network: github_network_bc3286bb16f34be7836197f0d1983f68
2025-08-16T22:35:11.2565381Z ##[command]/usr/bin/docker network rm github_network_bc3286bb16f34be7836197f0d1983f68
2025-08-16T22:35:11.3786270Z github_network_bc3286bb16f34be7836197f0d1983f68
2025-08-16T22:35:11.3843389Z Cleaning up orphan processes
