2025-08-21T12:52:04.9972918Z Current runner version: '2.328.0'
2025-08-21T12:52:04.9998083Z ##[group]Runner Image Provisioner
2025-08-21T12:52:04.9998849Z Hosted Compute Agent
2025-08-21T12:52:04.9999392Z Version: 20250818.377
2025-08-21T12:52:05.0000064Z Commit: 3c593e9f75fe0b87e893bca80d6e12ba089c61fc
2025-08-21T12:52:05.0001058Z Build Date: 2025-08-18T14:52:18Z
2025-08-21T12:52:05.0001652Z ##[endgroup]
2025-08-21T12:52:05.0002218Z ##[group]Operating System
2025-08-21T12:52:05.0002797Z Ubuntu
2025-08-21T12:52:05.0003231Z 24.04.2
2025-08-21T12:52:05.0003723Z LTS
2025-08-21T12:52:05.0004157Z ##[endgroup]
2025-08-21T12:52:05.0004633Z ##[group]Runner Image
2025-08-21T12:52:05.0005236Z Image: ubuntu-24.04
2025-08-21T12:52:05.0005708Z Version: 20250818.1.0
2025-08-21T12:52:05.0006695Z Included Software: https://github.com/actions/runner-images/blob/ubuntu24/20250818.1/images/ubuntu/Ubuntu2404-Readme.md
2025-08-21T12:52:05.0008226Z Image Release: https://github.com/actions/runner-images/releases/tag/ubuntu24%2F20250818.1
2025-08-21T12:52:05.0009173Z ##[endgroup]
2025-08-21T12:52:05.0011933Z ##[group]GITHUB_TOKEN Permissions
2025-08-21T12:52:05.0014349Z Actions: write
2025-08-21T12:52:05.0014883Z Attestations: write
2025-08-21T12:52:05.0015453Z Checks: write
2025-08-21T12:52:05.0015936Z Contents: write
2025-08-21T12:52:05.0016411Z Deployments: write
2025-08-21T12:52:05.0016986Z Discussions: write
2025-08-21T12:52:05.0017508Z Issues: write
2025-08-21T12:52:05.0017939Z Metadata: read
2025-08-21T12:52:05.0018459Z Models: read
2025-08-21T12:52:05.0018904Z Packages: write
2025-08-21T12:52:05.0019384Z Pages: write
2025-08-21T12:52:05.0019864Z PullRequests: write
2025-08-21T12:52:05.0020612Z RepositoryProjects: write
2025-08-21T12:52:05.0021167Z SecurityEvents: write
2025-08-21T12:52:05.0021812Z Statuses: write
2025-08-21T12:52:05.0022331Z ##[endgroup]
2025-08-21T12:52:05.0024800Z Secret source: Actions
2025-08-21T12:52:05.0025888Z Prepare workflow directory
2025-08-21T12:52:05.0459954Z Prepare all required actions
2025-08-21T12:52:05.0498167Z Getting action download info
2025-08-21T12:52:05.3891860Z Download action repository 'actions/checkout@v5' (SHA:08c6903cd8c0fde910a37f88322edcfb5dd907a8)
2025-08-21T12:52:05.5018481Z Download action repository 'actions/setup-python@v5' (SHA:a26af69be951a213d495a4c3e4e4022e16d87065)
2025-08-21T12:52:05.5926430Z Download action repository 'actions/cache@v4' (SHA:0400d5f644dc74513175e3cd8d07132dd4860809)
2025-08-21T12:52:05.6942227Z Download action repository 'actions/upload-artifact@v4' (SHA:ea165f8d65b6e75b540449e92b4886f43607fa02)
2025-08-21T12:52:05.9244997Z Complete job name: integration-db
2025-08-21T12:52:05.9845408Z ##[group]Checking docker version
2025-08-21T12:52:05.9859472Z ##[command]/usr/bin/docker version --format '{{.Server.APIVersion}}'
2025-08-21T12:52:06.0785329Z '1.48'
2025-08-21T12:52:06.0800486Z Docker daemon API version: '1.48'
2025-08-21T12:52:06.0801936Z ##[command]/usr/bin/docker version --format '{{.Client.APIVersion}}'
2025-08-21T12:52:06.0977142Z '1.48'
2025-08-21T12:52:06.0993689Z Docker client API version: '1.48'
2025-08-21T12:52:06.1000802Z ##[endgroup]
2025-08-21T12:52:06.1004763Z ##[group]Clean up resources from previous jobs
2025-08-21T12:52:06.1011884Z ##[command]/usr/bin/docker ps --all --quiet --no-trunc --filter "label=fbcb48"
2025-08-21T12:52:06.1164781Z ##[command]/usr/bin/docker network prune --force --filter "label=fbcb48"
2025-08-21T12:52:06.1298080Z ##[endgroup]
2025-08-21T12:52:06.1299099Z ##[group]Create local container network
2025-08-21T12:52:06.1311799Z ##[command]/usr/bin/docker network create --label fbcb48 github_network_de2547e18c6f4207b328cd8fcc22a4f6
2025-08-21T12:52:06.1833490Z 2e8c02b9a942c5f4add0098a5e2fecb130835af6a5da79457d972b7551b38f9d
2025-08-21T12:52:06.1852426Z ##[endgroup]
2025-08-21T12:52:06.1878409Z ##[group]Starting postgres service container
2025-08-21T12:52:06.1898599Z ##[command]/usr/bin/docker pull postgres:15
2025-08-21T12:52:06.4563751Z 15: Pulling from library/postgres
2025-08-21T12:52:06.5355374Z 396b1da7636e: Pulling fs layer
2025-08-21T12:52:06.5357406Z fca2566eba32: Pulling fs layer
2025-08-21T12:52:06.5359712Z 631fe8c6d606: Pulling fs layer
2025-08-21T12:52:06.5361310Z 77c7671c4414: Pulling fs layer
2025-08-21T12:52:06.5362458Z 2d9e29180a27: Pulling fs layer
2025-08-21T12:52:06.5363650Z c6bcc2c9a041: Pulling fs layer
2025-08-21T12:52:06.5364857Z ac4b721eb66f: Pulling fs layer
2025-08-21T12:52:06.5365988Z 606bd164980e: Pulling fs layer
2025-08-21T12:52:06.5367121Z f5dfd246bc6e: Pulling fs layer
2025-08-21T12:52:06.5368275Z ba7036bb0a60: Pulling fs layer
2025-08-21T12:52:06.5369417Z 799f859abbbd: Pulling fs layer
2025-08-21T12:52:06.5370729Z d903e777080c: Pulling fs layer
2025-08-21T12:52:06.5371926Z 04adcb462801: Pulling fs layer
2025-08-21T12:52:06.5373105Z 5c10925b29ff: Pulling fs layer
2025-08-21T12:52:06.5374207Z 77c7671c4414: Waiting
2025-08-21T12:52:06.5375188Z 2d9e29180a27: Waiting
2025-08-21T12:52:06.5376191Z c6bcc2c9a041: Waiting
2025-08-21T12:52:06.5377198Z ac4b721eb66f: Waiting
2025-08-21T12:52:06.5378190Z 606bd164980e: Waiting
2025-08-21T12:52:06.5379271Z f5dfd246bc6e: Waiting
2025-08-21T12:52:06.5380706Z ba7036bb0a60: Waiting
2025-08-21T12:52:06.5381740Z 799f859abbbd: Waiting
2025-08-21T12:52:06.5382739Z d903e777080c: Waiting
2025-08-21T12:52:06.5383721Z 04adcb462801: Waiting
2025-08-21T12:52:06.5384720Z 5c10925b29ff: Waiting
2025-08-21T12:52:06.6273985Z fca2566eba32: Verifying Checksum
2025-08-21T12:52:06.6275679Z fca2566eba32: Download complete
2025-08-21T12:52:06.6866192Z 631fe8c6d606: Verifying Checksum
2025-08-21T12:52:06.6867968Z 631fe8c6d606: Download complete
2025-08-21T12:52:06.7432152Z 77c7671c4414: Verifying Checksum
2025-08-21T12:52:06.7433806Z 77c7671c4414: Download complete
2025-08-21T12:52:06.8409916Z c6bcc2c9a041: Verifying Checksum
2025-08-21T12:52:06.8411674Z c6bcc2c9a041: Download complete
2025-08-21T12:52:06.9272351Z ac4b721eb66f: Download complete
2025-08-21T12:52:07.0076035Z 606bd164980e: Verifying Checksum
2025-08-21T12:52:07.0077344Z 606bd164980e: Download complete
2025-08-21T12:52:07.0218390Z 396b1da7636e: Verifying Checksum
2025-08-21T12:52:07.0219226Z 396b1da7636e: Download complete
2025-08-21T12:52:07.0655731Z 2d9e29180a27: Verifying Checksum
2025-08-21T12:52:07.0656609Z 2d9e29180a27: Download complete
2025-08-21T12:52:07.1173505Z ba7036bb0a60: Verifying Checksum
2025-08-21T12:52:07.1174476Z ba7036bb0a60: Download complete
2025-08-21T12:52:07.1492849Z 799f859abbbd: Verifying Checksum
2025-08-21T12:52:07.1494038Z 799f859abbbd: Download complete
2025-08-21T12:52:07.2441834Z 04adcb462801: Download complete
2025-08-21T12:52:07.2506836Z d903e777080c: Verifying Checksum
2025-08-21T12:52:07.2509502Z d903e777080c: Download complete
2025-08-21T12:52:07.3505345Z 5c10925b29ff: Verifying Checksum
2025-08-21T12:52:07.3507189Z 5c10925b29ff: Download complete
2025-08-21T12:52:08.0442146Z 396b1da7636e: Pull complete
2025-08-21T12:52:08.2253467Z fca2566eba32: Pull complete
2025-08-21T12:52:08.4242419Z 631fe8c6d606: Pull complete
2025-08-21T12:52:08.4806635Z 77c7671c4414: Pull complete
2025-08-21T12:52:08.8035320Z 2d9e29180a27: Pull complete
2025-08-21T12:52:08.9043715Z c6bcc2c9a041: Pull complete
2025-08-21T12:52:08.9093310Z f5dfd246bc6e: Verifying Checksum
2025-08-21T12:52:08.9094528Z f5dfd246bc6e: Download complete
2025-08-21T12:52:08.9163105Z ac4b721eb66f: Pull complete
2025-08-21T12:52:08.9310075Z 606bd164980e: Pull complete
2025-08-21T12:52:11.8343817Z f5dfd246bc6e: Pull complete
2025-08-21T12:52:11.8550765Z ba7036bb0a60: Pull complete
2025-08-21T12:52:11.8679918Z 799f859abbbd: Pull complete
2025-08-21T12:52:11.8814273Z d903e777080c: Pull complete
2025-08-21T12:52:11.8991931Z 04adcb462801: Pull complete
2025-08-21T12:52:11.9110052Z 5c10925b29ff: Pull complete
2025-08-21T12:52:11.9150533Z Digest: sha256:bc51cf4f1fe02cce7ed2370b20128a9b00b4eb804573a77d2a0d877aaa9c82b1
2025-08-21T12:52:11.9176388Z Status: Downloaded newer image for postgres:15
2025-08-21T12:52:11.9189187Z docker.io/library/postgres:15
2025-08-21T12:52:11.9251460Z ##[command]/usr/bin/docker create --name 8fb807e720a246f6b40649a0b27d8e54_postgres15_c9bb18 --label fbcb48 --network github_network_de2547e18c6f4207b328cd8fcc22a4f6 --network-alias postgres -p 5432:5432 --health-cmd="pg_isready -U postgres -d awa" --health-interval=5s --health-timeout=5s --health-retries=10 -e "POSTGRES_USER=postgres" -e "POSTGRES_PASSWORD=pass" -e "POSTGRES_DB=awa" -e GITHUB_ACTIONS=true -e CI=true postgres:15
2025-08-21T12:52:11.9554940Z b5dda76f4b2ff9070a143e4cbd5f815db2a7ac9283a59720c021ed0a7ecf6930
2025-08-21T12:52:11.9577562Z ##[command]/usr/bin/docker start b5dda76f4b2ff9070a143e4cbd5f815db2a7ac9283a59720c021ed0a7ecf6930
2025-08-21T12:52:12.2626704Z b5dda76f4b2ff9070a143e4cbd5f815db2a7ac9283a59720c021ed0a7ecf6930
2025-08-21T12:52:12.2651902Z ##[command]/usr/bin/docker ps --all --filter id=b5dda76f4b2ff9070a143e4cbd5f815db2a7ac9283a59720c021ed0a7ecf6930 --filter status=running --no-trunc --format "{{.ID}} {{.Status}}"
2025-08-21T12:52:12.2784200Z b5dda76f4b2ff9070a143e4cbd5f815db2a7ac9283a59720c021ed0a7ecf6930 Up Less than a second (health: starting)
2025-08-21T12:52:12.2811370Z ##[command]/usr/bin/docker port b5dda76f4b2ff9070a143e4cbd5f815db2a7ac9283a59720c021ed0a7ecf6930
2025-08-21T12:52:12.2947942Z 5432/tcp -> 0.0.0.0:5432
2025-08-21T12:52:12.2948621Z 5432/tcp -> [::]:5432
2025-08-21T12:52:12.3009164Z ##[endgroup]
2025-08-21T12:52:12.3021146Z ##[group]Waiting for all services to be ready
2025-08-21T12:52:12.3039133Z ##[command]/usr/bin/docker inspect --format="{{if .Config.Healthcheck}}{{print .State.Health.Status}}{{end}}" b5dda76f4b2ff9070a143e4cbd5f815db2a7ac9283a59720c021ed0a7ecf6930
2025-08-21T12:52:12.3185185Z starting
2025-08-21T12:52:12.3214278Z postgres service is starting, waiting 2 seconds before checking again.
2025-08-21T12:52:14.3214355Z ##[command]/usr/bin/docker inspect --format="{{if .Config.Healthcheck}}{{print .State.Health.Status}}{{end}}" b5dda76f4b2ff9070a143e4cbd5f815db2a7ac9283a59720c021ed0a7ecf6930
2025-08-21T12:52:14.3333882Z starting
2025-08-21T12:52:14.3347514Z postgres service is starting, waiting 3 seconds before checking again.
2025-08-21T12:52:17.9555689Z ##[command]/usr/bin/docker inspect --format="{{if .Config.Healthcheck}}{{print .State.Health.Status}}{{end}}" b5dda76f4b2ff9070a143e4cbd5f815db2a7ac9283a59720c021ed0a7ecf6930
2025-08-21T12:52:17.9709725Z healthy
2025-08-21T12:52:17.9726486Z postgres service is healthy.
2025-08-21T12:52:17.9727384Z ##[endgroup]
2025-08-21T12:52:18.0048503Z ##[group]Run actions/checkout@v5
2025-08-21T12:52:18.0049030Z with:
2025-08-21T12:52:18.0049211Z   fetch-depth: 0
2025-08-21T12:52:18.0049412Z   repository: AlexBomber12/AWA-App
2025-08-21T12:52:18.0049780Z   token: ***
2025-08-21T12:52:18.0049966Z   ssh-strict: true
2025-08-21T12:52:18.0050390Z   ssh-user: git
2025-08-21T12:52:18.0050617Z   persist-credentials: true
2025-08-21T12:52:18.0050821Z   clean: true
2025-08-21T12:52:18.0051004Z   sparse-checkout-cone-mode: true
2025-08-21T12:52:18.0051224Z   fetch-tags: false
2025-08-21T12:52:18.0051407Z   show-progress: true
2025-08-21T12:52:18.0051580Z   lfs: false
2025-08-21T12:52:18.0051738Z   submodules: false
2025-08-21T12:52:18.0051927Z   set-safe-directory: true
2025-08-21T12:52:18.0052526Z ##[endgroup]
2025-08-21T12:52:18.0985943Z Syncing repository: AlexBomber12/AWA-App
2025-08-21T12:52:18.0987196Z ##[group]Getting Git version info
2025-08-21T12:52:18.0987570Z Working directory is '/home/runner/work/AWA-App/AWA-App'
2025-08-21T12:52:18.0988270Z [command]/usr/bin/git version
2025-08-21T12:52:18.1053501Z git version 2.51.0
2025-08-21T12:52:18.1075499Z ##[endgroup]
2025-08-21T12:52:18.1089381Z Temporarily overriding HOME='/home/runner/work/_temp/f23cdec2-59ee-4b1a-8b1b-8e8d61389bd4' before making global git config changes
2025-08-21T12:52:18.1090438Z Adding repository directory to the temporary git global config as a safe directory
2025-08-21T12:52:18.1094480Z [command]/usr/bin/git config --global --add safe.directory /home/runner/work/AWA-App/AWA-App
2025-08-21T12:52:18.1133606Z Deleting the contents of '/home/runner/work/AWA-App/AWA-App'
2025-08-21T12:52:18.1136796Z ##[group]Initializing the repository
2025-08-21T12:52:18.1141342Z [command]/usr/bin/git init /home/runner/work/AWA-App/AWA-App
2025-08-21T12:52:18.1227761Z hint: Using 'master' as the name for the initial branch. This default branch name
2025-08-21T12:52:18.1228393Z hint: is subject to change. To configure the initial branch name to use in all
2025-08-21T12:52:18.1228917Z hint: of your new repositories, which will suppress this warning, call:
2025-08-21T12:52:18.1229323Z hint:
2025-08-21T12:52:18.1229617Z hint: 	git config --global init.defaultBranch <name>
2025-08-21T12:52:18.1230074Z hint:
2025-08-21T12:52:18.1230764Z hint: Names commonly chosen instead of 'master' are 'main', 'trunk' and
2025-08-21T12:52:18.1231609Z hint: 'development'. The just-created branch can be renamed via this command:
2025-08-21T12:52:18.1232235Z hint:
2025-08-21T12:52:18.1232561Z hint: 	git branch -m <name>
2025-08-21T12:52:18.1232950Z hint:
2025-08-21T12:52:18.1233494Z hint: Disable this message with "git config set advice.defaultBranchName false"
2025-08-21T12:52:18.1234579Z Initialized empty Git repository in /home/runner/work/AWA-App/AWA-App/.git/
2025-08-21T12:52:18.1244913Z [command]/usr/bin/git remote add origin https://github.com/AlexBomber12/AWA-App
2025-08-21T12:52:18.1281818Z ##[endgroup]
2025-08-21T12:52:18.1282357Z ##[group]Disabling automatic garbage collection
2025-08-21T12:52:18.1285581Z [command]/usr/bin/git config --local gc.auto 0
2025-08-21T12:52:18.1313502Z ##[endgroup]
2025-08-21T12:52:18.1314089Z ##[group]Setting up auth
2025-08-21T12:52:18.1320680Z [command]/usr/bin/git config --local --name-only --get-regexp core\.sshCommand
2025-08-21T12:52:18.1352248Z [command]/usr/bin/git submodule foreach --recursive sh -c "git config --local --name-only --get-regexp 'core\.sshCommand' && git config --local --unset-all 'core.sshCommand' || :"
2025-08-21T12:52:18.1685042Z [command]/usr/bin/git config --local --name-only --get-regexp http\.https\:\/\/github\.com\/\.extraheader
2025-08-21T12:52:18.1714528Z [command]/usr/bin/git submodule foreach --recursive sh -c "git config --local --name-only --get-regexp 'http\.https\:\/\/github\.com\/\.extraheader' && git config --local --unset-all 'http.https://github.com/.extraheader' || :"
2025-08-21T12:52:18.1935973Z [command]/usr/bin/git config --local http.https://github.com/.extraheader AUTHORIZATION: basic ***
2025-08-21T12:52:18.1973047Z ##[endgroup]
2025-08-21T12:52:18.1973621Z ##[group]Fetching the repository
2025-08-21T12:52:18.1983637Z [command]/usr/bin/git -c protocol.version=2 fetch --prune --no-recurse-submodules origin +refs/heads/*:refs/remotes/origin/* +refs/tags/*:refs/tags/* +3bbd0da46cfbd99769ea5877c83adc9f462e1977:refs/remotes/pull/329/merge
2025-08-21T12:52:20.7550533Z From https://github.com/AlexBomber12/AWA-App
2025-08-21T12:52:20.7551879Z  * [new branch]        codex/analyze-ci-logs-and-implement-fixes -> origin/codex/analyze-ci-logs-and-implement-fixes
2025-08-21T12:52:20.7552651Z  * [new branch]        codex/fix-ci-workflows-based-on-logs     -> origin/codex/fix-ci-workflows-based-on-logs
2025-08-21T12:52:20.7553798Z  * [new branch]        codex/fix-ci-workflows-based-on-logs-qomtoh -> origin/codex/fix-ci-workflows-based-on-logs-qomtoh
2025-08-21T12:52:20.7554893Z  * [new branch]        codex/fix-ci-workflows-until-green       -> origin/codex/fix-ci-workflows-until-green
2025-08-21T12:52:20.7555676Z  * [new branch]        main                                     -> origin/main
2025-08-21T12:52:20.7556533Z  * [new tag]           0.3.0                                    -> 0.3.0
2025-08-21T12:52:20.7557168Z  * [new ref]           3bbd0da46cfbd99769ea5877c83adc9f462e1977 -> pull/329/merge
2025-08-21T12:52:20.7596154Z ##[endgroup]
2025-08-21T12:52:20.7596776Z ##[group]Determining the checkout info
2025-08-21T12:52:20.7597677Z ##[endgroup]
2025-08-21T12:52:20.7603663Z [command]/usr/bin/git sparse-checkout disable
2025-08-21T12:52:20.7645827Z [command]/usr/bin/git config --local --unset-all extensions.worktreeConfig
2025-08-21T12:52:20.7672762Z ##[group]Checking out the ref
2025-08-21T12:52:20.7677214Z [command]/usr/bin/git checkout --progress --force refs/remotes/pull/329/merge
2025-08-21T12:52:20.8056156Z Note: switching to 'refs/remotes/pull/329/merge'.
2025-08-21T12:52:20.8057464Z 
2025-08-21T12:52:20.8057763Z You are in 'detached HEAD' state. You can look around, make experimental
2025-08-21T12:52:20.8058511Z changes and commit them, and you can discard any commits you make in this
2025-08-21T12:52:20.8059248Z state without impacting any branches by switching back to a branch.
2025-08-21T12:52:20.8059677Z 
2025-08-21T12:52:20.8059963Z If you want to create a new branch to retain commits you create, you may
2025-08-21T12:52:20.8060814Z do so (now or later) by using -c with the switch command. Example:
2025-08-21T12:52:20.8061286Z 
2025-08-21T12:52:20.8061434Z   git switch -c <new-branch-name>
2025-08-21T12:52:20.8061696Z 
2025-08-21T12:52:20.8061835Z Or undo this operation with:
2025-08-21T12:52:20.8062079Z 
2025-08-21T12:52:20.8062191Z   git switch -
2025-08-21T12:52:20.8062363Z 
2025-08-21T12:52:20.8062730Z Turn off this advice by setting config variable advice.detachedHead to false
2025-08-21T12:52:20.8063216Z 
2025-08-21T12:52:20.8063777Z HEAD is now at 3bbd0da4 Merge 1ade95f2c3b4c9914c760929c1b7676cf9ee1a38 into 3eeaf774785736bbff2d326e762fdc6f25ca9f2f
2025-08-21T12:52:20.8075012Z ##[endgroup]
2025-08-21T12:52:20.8112387Z [command]/usr/bin/git log -1 --format=%H
2025-08-21T12:52:20.8142237Z 3bbd0da46cfbd99769ea5877c83adc9f462e1977
2025-08-21T12:52:20.8344280Z ##[group]Run cat .env.ci >> "$GITHUB_ENV"
2025-08-21T12:52:20.8344787Z [36;1mcat .env.ci >> "$GITHUB_ENV"[0m
2025-08-21T12:52:20.8345836Z [36;1mecho "DATABASE_URL=***localhost:5432/awa" >> "$GITHUB_ENV"[0m
2025-08-21T12:52:20.8346414Z [36;1mecho "PG_HOST=localhost" >> "$GITHUB_ENV"[0m
2025-08-21T12:52:20.8346904Z [36;1mecho "PG_PORT=5432" >> "$GITHUB_ENV"[0m
2025-08-21T12:52:20.8347368Z [36;1mecho "PG_USER=postgres" >> "$GITHUB_ENV"[0m
2025-08-21T12:52:20.8347853Z [36;1mecho "PG_PASSWORD=pass" >> "$GITHUB_ENV"[0m
2025-08-21T12:52:20.8348320Z [36;1mecho "PG_DATABASE=awa" >> "$GITHUB_ENV"[0m
2025-08-21T12:52:20.8348779Z [36;1mecho "TESTING=1" >> "$GITHUB_ENV"[0m
2025-08-21T12:52:20.8407537Z shell: /usr/bin/bash -e {0}
2025-08-21T12:52:20.8407897Z ##[endgroup]
2025-08-21T12:52:20.8601622Z ##[group]Run actions/setup-python@v5
2025-08-21T12:52:20.8601906Z with:
2025-08-21T12:52:20.8602080Z   python-version: 3.11
2025-08-21T12:52:20.8602284Z   cache: pip
2025-08-21T12:52:20.8602503Z   cache-dependency-path: requirements-dev.txt

2025-08-21T12:52:20.8602787Z   check-latest: false
2025-08-21T12:52:20.8603103Z   token: ***
2025-08-21T12:52:20.8603300Z   update-environment: true
2025-08-21T12:52:20.8603521Z   allow-prereleases: false
2025-08-21T12:52:20.8603715Z   freethreaded: false
2025-08-21T12:52:20.8603892Z env:
2025-08-21T12:52:20.8604041Z   PG_USER: postgres
2025-08-21T12:52:20.8604220Z   PG_PASSWORD: pass
2025-08-21T12:52:20.8604390Z   PG_DATABASE: awa
2025-08-21T12:52:20.8604561Z   PG_HOST: localhost
2025-08-21T12:52:20.8604733Z   PG_PORT: 5432
2025-08-21T12:52:20.8605138Z   PG_SYNC_DSN: ***localhost:5432/awa
2025-08-21T12:52:20.8605535Z   PG_ASYNC_DSN: ***localhost:5432/awa
2025-08-21T12:52:20.8605947Z   DATABASE_URL: ***localhost:5432/awa
2025-08-21T12:52:20.8606197Z   DATA_DIR: /tmp/awa-data
2025-08-21T12:52:20.8606381Z   ENABLE_LIVE: 0
2025-08-21T12:52:20.8606542Z   TESTING: 1
2025-08-21T12:52:20.8606695Z ##[endgroup]
2025-08-21T12:52:21.0239532Z ##[group]Installed versions
2025-08-21T12:52:21.0348471Z Successfully set up CPython (3.11.13)
2025-08-21T12:52:21.0349299Z ##[endgroup]
2025-08-21T12:52:21.0694562Z [command]/opt/hostedtoolcache/Python/3.11.13/x64/bin/pip cache dir
2025-08-21T12:52:21.7139706Z /home/runner/.cache/pip
2025-08-21T12:52:21.8529167Z Cache hit for: setup-python-Linux-x64-24.04-Ubuntu-python-3.11.13-pip-cc13ccef493b9f3a93ad5651164d9fb09282c1111f6f72ce20e0657de16de6b4
2025-08-21T12:52:22.9099568Z Received 184549376 of 309815432 (59.6%), 174.3 MBs/sec
2025-08-21T12:52:23.6708640Z Received 309815432 of 309815432 (100.0%), 166.8 MBs/sec
2025-08-21T12:52:23.6715747Z Cache Size: ~295 MB (309815432 B)
2025-08-21T12:52:23.6837956Z [command]/usr/bin/tar -xf /home/runner/work/_temp/4a9e6698-55b1-4f30-9d65-2d627f014beb/cache.tzst -P -C /home/runner/work/AWA-App/AWA-App --use-compress-program unzstd
2025-08-21T12:52:24.1534882Z Cache restored successfully
2025-08-21T12:52:24.2118247Z Cache restored from key: setup-python-Linux-x64-24.04-Ubuntu-python-3.11.13-pip-cc13ccef493b9f3a93ad5651164d9fb09282c1111f6f72ce20e0657de16de6b4
2025-08-21T12:52:24.2826289Z ##[group]Run actions/cache@v4
2025-08-21T12:52:24.2826540Z with:
2025-08-21T12:52:24.2826754Z   path: ~/.cache/pip
.pytest_cache
~/.ruff_cache

2025-08-21T12:52:24.2827184Z   key: Linux-int-cc13ccef493b9f3a93ad5651164d9fb09282c1111f6f72ce20e0657de16de6b4
2025-08-21T12:52:24.2827593Z   restore-keys: Linux-int-
2025-08-21T12:52:24.2827818Z   enableCrossOsArchive: false
2025-08-21T12:52:24.2828038Z   fail-on-cache-miss: false
2025-08-21T12:52:24.2828249Z   lookup-only: false
2025-08-21T12:52:24.2828435Z   save-always: false
2025-08-21T12:52:24.2828626Z env:
2025-08-21T12:52:24.2828788Z   PG_USER: postgres
2025-08-21T12:52:24.2828973Z   PG_PASSWORD: pass
2025-08-21T12:52:24.2829154Z   PG_DATABASE: awa
2025-08-21T12:52:24.2829333Z   PG_HOST: localhost
2025-08-21T12:52:24.2829512Z   PG_PORT: 5432
2025-08-21T12:52:24.2830370Z   PG_SYNC_DSN: ***localhost:5432/awa
2025-08-21T12:52:24.2830852Z   PG_ASYNC_DSN: ***localhost:5432/awa
2025-08-21T12:52:24.2831289Z   DATABASE_URL: ***localhost:5432/awa
2025-08-21T12:52:24.2831527Z   DATA_DIR: /tmp/awa-data
2025-08-21T12:52:24.2831730Z   ENABLE_LIVE: 0
2025-08-21T12:52:24.2831908Z   TESTING: 1
2025-08-21T12:52:24.2832145Z   pythonLocation: /opt/hostedtoolcache/Python/3.11.13/x64
2025-08-21T12:52:24.2832562Z   PKG_CONFIG_PATH: /opt/hostedtoolcache/Python/3.11.13/x64/lib/pkgconfig
2025-08-21T12:52:24.2832953Z   Python_ROOT_DIR: /opt/hostedtoolcache/Python/3.11.13/x64
2025-08-21T12:52:24.2833305Z   Python2_ROOT_DIR: /opt/hostedtoolcache/Python/3.11.13/x64
2025-08-21T12:52:24.2833644Z   Python3_ROOT_DIR: /opt/hostedtoolcache/Python/3.11.13/x64
2025-08-21T12:52:24.2833994Z   LD_LIBRARY_PATH: /opt/hostedtoolcache/Python/3.11.13/x64/lib
2025-08-21T12:52:24.2834291Z ##[endgroup]
2025-08-21T12:52:24.4959765Z Cache hit for: Linux-int-cc13ccef493b9f3a93ad5651164d9fb09282c1111f6f72ce20e0657de16de6b4
2025-08-21T12:52:25.5329048Z Received 213909504 of 309817358 (69.0%), 204.0 MBs/sec
2025-08-21T12:52:26.0400403Z Received 309817358 of 309817358 (100.0%), 196.1 MBs/sec
2025-08-21T12:52:26.0402862Z Cache Size: ~295 MB (309817358 B)
2025-08-21T12:52:26.0503150Z [command]/usr/bin/tar -xf /home/runner/work/_temp/c4caef93-f561-4713-a2fb-8f9dee415be9/cache.tzst -P -C /home/runner/work/AWA-App/AWA-App --use-compress-program unzstd
2025-08-21T12:52:26.6078330Z Cache restored successfully
2025-08-21T12:52:26.6746475Z Cache restored from key: Linux-int-cc13ccef493b9f3a93ad5651164d9fb09282c1111f6f72ce20e0657de16de6b4
2025-08-21T12:52:26.6880394Z ##[group]Run pip install --break-system-packages -r requirements-dev.txt
2025-08-21T12:52:26.6881335Z [36;1mpip install --break-system-packages -r requirements-dev.txt[0m
2025-08-21T12:52:26.6882140Z [36;1mpip install --break-system-packages keepa==1.3.15 minio==7.1.15[0m
2025-08-21T12:52:26.6942628Z shell: /usr/bin/bash -e {0}
2025-08-21T12:52:26.6943030Z env:
2025-08-21T12:52:26.6943332Z   PG_USER: postgres
2025-08-21T12:52:26.6943671Z   PG_PASSWORD: pass
2025-08-21T12:52:26.6944013Z   PG_DATABASE: awa
2025-08-21T12:52:26.6944366Z   PG_HOST: localhost
2025-08-21T12:52:26.6944710Z   PG_PORT: 5432
2025-08-21T12:52:26.6945440Z   PG_SYNC_DSN: ***localhost:5432/awa
2025-08-21T12:52:26.6946209Z   PG_ASYNC_DSN: ***localhost:5432/awa
2025-08-21T12:52:26.6946973Z   DATABASE_URL: ***localhost:5432/awa
2025-08-21T12:52:26.6947435Z   DATA_DIR: /tmp/awa-data
2025-08-21T12:52:26.6947821Z   ENABLE_LIVE: 0
2025-08-21T12:52:26.6948152Z   TESTING: 1
2025-08-21T12:52:26.6948639Z   pythonLocation: /opt/hostedtoolcache/Python/3.11.13/x64
2025-08-21T12:52:26.6949394Z   PKG_CONFIG_PATH: /opt/hostedtoolcache/Python/3.11.13/x64/lib/pkgconfig
2025-08-21T12:52:26.6950903Z   Python_ROOT_DIR: /opt/hostedtoolcache/Python/3.11.13/x64
2025-08-21T12:52:26.6951593Z   Python2_ROOT_DIR: /opt/hostedtoolcache/Python/3.11.13/x64
2025-08-21T12:52:26.6952267Z   Python3_ROOT_DIR: /opt/hostedtoolcache/Python/3.11.13/x64
2025-08-21T12:52:26.6952937Z   LD_LIBRARY_PATH: /opt/hostedtoolcache/Python/3.11.13/x64/lib
2025-08-21T12:52:26.6953484Z ##[endgroup]
2025-08-21T12:52:27.6141962Z Collecting Jinja2==3.1.6 (from -r requirements-dev.txt (line 2))
2025-08-21T12:52:27.6160976Z   Using cached jinja2-3.1.6-py3-none-any.whl.metadata (2.9 kB)
2025-08-21T12:52:27.6472740Z Collecting alembic==1.16.4 (from -r requirements-dev.txt (line 3))
2025-08-21T12:52:27.6491096Z   Using cached alembic-1.16.4-py3-none-any.whl.metadata (7.3 kB)
2025-08-21T12:52:27.6688785Z Collecting apscheduler==3.10.4 (from -r requirements-dev.txt (line 4))
2025-08-21T12:52:27.6705407Z   Using cached APScheduler-3.10.4-py3-none-any.whl.metadata (5.7 kB)
2025-08-21T12:52:27.6916265Z Collecting asgi-correlation-id==4.3.1 (from -r requirements-dev.txt (line 5))
2025-08-21T12:52:27.6934333Z   Using cached asgi_correlation_id-4.3.1-py3-none-any.whl.metadata (28 kB)
2025-08-21T12:52:27.7502857Z Collecting asyncpg==0.30.0 (from -r requirements-dev.txt (line 6))
2025-08-21T12:52:27.7517975Z   Using cached asyncpg-0.30.0-cp311-cp311-manylinux_2_17_x86_64.manylinux2014_x86_64.whl.metadata (5.0 kB)
2025-08-21T12:52:27.7972209Z Collecting black==25.1.0 (from -r requirements-dev.txt (line 7))
2025-08-21T12:52:27.7987707Z   Using cached black-25.1.0-cp311-cp311-manylinux_2_17_x86_64.manylinux2014_x86_64.manylinux_2_28_x86_64.whl.metadata (81 kB)
2025-08-21T12:52:28.0999083Z Collecting boto3 (from -r requirements-dev.txt (line 8))
2025-08-21T12:52:28.1014288Z   Using cached boto3-1.40.14-py3-none-any.whl.metadata (6.7 kB)
2025-08-21T12:52:28.1314013Z Collecting redis==6.* (from -r requirements-dev.txt (line 9))
2025-08-21T12:52:28.1327960Z   Using cached redis-6.4.0-py3-none-any.whl.metadata (10 kB)
2025-08-21T12:52:28.1649070Z Collecting minio==7.* (from -r requirements-dev.txt (line 10))
2025-08-21T12:52:28.1666978Z   Using cached minio-7.2.16-py3-none-any.whl.metadata (6.5 kB)
2025-08-21T12:52:28.1833254Z Collecting vulture==2.10 (from -r requirements-dev.txt (line 11))
2025-08-21T12:52:28.1846123Z   Using cached vulture-2.10-py2.py3-none-any.whl.metadata (23 kB)
2025-08-21T12:52:28.2178677Z Collecting celery==5.5.3 (from -r requirements-dev.txt (line 12))
2025-08-21T12:52:28.2192890Z   Using cached celery-5.5.3-py3-none-any.whl.metadata (22 kB)
2025-08-21T12:52:28.2762585Z Collecting fastapi==0.116.1 (from -r requirements-dev.txt (line 13))
2025-08-21T12:52:28.2776471Z   Using cached fastapi-0.116.1-py3-none-any.whl.metadata (28 kB)
2025-08-21T12:52:28.2942006Z Collecting fastapi-limiter==0.1.6 (from -r requirements-dev.txt (line 15))
2025-08-21T12:52:28.2955728Z   Using cached fastapi_limiter-0.1.6-py3-none-any.whl.metadata (5.3 kB)
2025-08-21T12:52:28.3156073Z Collecting httpx<0.29,>=0.27 (from -r requirements-dev.txt (line 16))
2025-08-21T12:52:28.3169492Z   Using cached httpx-0.28.1-py3-none-any.whl.metadata (7.1 kB)
2025-08-21T12:52:28.3327224Z Collecting imapclient==3.0.1 (from -r requirements-dev.txt (line 17))
2025-08-21T12:52:28.3340407Z   Using cached IMAPClient-3.0.1-py2.py3-none-any.whl.metadata (1.7 kB)
2025-08-21T12:52:28.3467638Z Collecting itsdangerous (from -r requirements-dev.txt (line 18))
2025-08-21T12:52:28.3480558Z   Using cached itsdangerous-2.2.0-py3-none-any.whl.metadata (1.9 kB)
2025-08-21T12:52:28.4639020Z Collecting mypy==1.* (from -r requirements-dev.txt (line 19))
2025-08-21T12:52:28.4654898Z   Using cached mypy-1.17.1-cp311-cp311-manylinux2014_x86_64.manylinux_2_17_x86_64.manylinux_2_28_x86_64.whl.metadata (2.2 kB)
2025-08-21T12:52:28.4797336Z Collecting mypy-extensions==1.1.0 (from -r requirements-dev.txt (line 20))
2025-08-21T12:52:28.4811681Z   Using cached mypy_extensions-1.1.0-py3-none-any.whl.metadata (1.1 kB)
2025-08-21T12:52:28.6397948Z Collecting numpy<2 (from -r requirements-dev.txt (line 21))
2025-08-21T12:52:28.6413247Z   Using cached numpy-1.26.4-cp311-cp311-manylinux_2_17_x86_64.manylinux2014_x86_64.whl.metadata (61 kB)
2025-08-21T12:52:28.6742188Z Collecting openpyxl==3.1.5 (from -r requirements-dev.txt (line 22))
2025-08-21T12:52:28.6755182Z   Using cached openpyxl-3.1.5-py2.py3-none-any.whl.metadata (2.5 kB)
2025-08-21T12:52:28.8053104Z Collecting pandas==2.2.* (from -r requirements-dev.txt (line 23))
2025-08-21T12:52:28.8067991Z   Using cached pandas-2.2.3-cp311-cp311-manylinux_2_17_x86_64.manylinux2014_x86_64.whl.metadata (89 kB)
2025-08-21T12:52:28.8963025Z Collecting psycopg2-binary==2.9.10 (from -r requirements-dev.txt (line 24))
2025-08-21T12:52:28.8977866Z   Using cached psycopg2_binary-2.9.10-cp311-cp311-manylinux_2_17_x86_64.manylinux2014_x86_64.whl.metadata (4.9 kB)
2025-08-21T12:52:28.9181443Z Collecting psycopg==3.2.9 (from psycopg[binary]==3.2.9->-r requirements-dev.txt (line 25))
2025-08-21T12:52:28.9505399Z   Using cached psycopg-3.2.9-py3-none-any.whl.metadata (4.5 kB)
2025-08-21T12:52:29.0575529Z Collecting pydantic==2.11.7 (from -r requirements-dev.txt (line 26))
2025-08-21T12:52:29.0590312Z   Using cached pydantic-2.11.7-py3-none-any.whl.metadata (67 kB)
2025-08-21T12:52:29.0627621Z Requirement already satisfied: setuptools in /opt/hostedtoolcache/Python/3.11.13/x64/lib/python3.11/site-packages (from -r requirements-dev.txt (line 27)) (65.5.0)
2025-08-21T12:52:29.0817625Z Collecting pytest-asyncio==1.1.0 (from -r requirements-dev.txt (line 28))
2025-08-21T12:52:29.0830842Z   Using cached pytest_asyncio-1.1.0-py3-none-any.whl.metadata (4.1 kB)
2025-08-21T12:52:29.1002922Z Collecting pytest-cov==6.2.1 (from -r requirements-dev.txt (line 29))
2025-08-21T12:52:29.1015971Z   Using cached pytest_cov-6.2.1-py3-none-any.whl.metadata (30 kB)
2025-08-21T12:52:29.1192401Z Collecting pytest-postgresql==7.0.2 (from -r requirements-dev.txt (line 30))
2025-08-21T12:52:29.1205209Z   Using cached pytest_postgresql-7.0.2-py3-none-any.whl.metadata (18 kB)
2025-08-21T12:52:29.1418056Z Collecting python-dotenv (from -r requirements-dev.txt (line 31))
2025-08-21T12:52:29.1431186Z   Using cached python_dotenv-1.1.1-py3-none-any.whl.metadata (24 kB)
2025-08-21T12:52:29.1580515Z Collecting python-multipart (from -r requirements-dev.txt (line 32))
2025-08-21T12:52:29.1593811Z   Using cached python_multipart-0.0.20-py3-none-any.whl.metadata (1.8 kB)
2025-08-21T12:52:29.1892831Z Collecting python-telegram-bot==22.3 (from -r requirements-dev.txt (line 33))
2025-08-21T12:52:29.1906158Z   Using cached python_telegram_bot-22.3-py3-none-any.whl.metadata (17 kB)
2025-08-21T12:52:29.2202553Z Collecting requests==2.32.4 (from -r requirements-dev.txt (line 34))
2025-08-21T12:52:29.2216903Z   Using cached requests-2.32.4-py3-none-any.whl.metadata (4.9 kB)
2025-08-21T12:52:29.2400764Z Collecting respx==0.22.0 (from -r requirements-dev.txt (line 35))
2025-08-21T12:52:29.2414415Z   Using cached respx-0.22.0-py2.py3-none-any.whl.metadata (4.1 kB)
2025-08-21T12:52:29.5967437Z Collecting ruff==0.9.9 (from -r requirements-dev.txt (line 36))
2025-08-21T12:52:29.5983557Z   Using cached ruff-0.9.9-py3-none-manylinux_2_17_x86_64.manylinux2014_x86_64.whl.metadata (25 kB)
2025-08-21T12:52:29.8438591Z Collecting sqlalchemy==2.0.43 (from -r requirements-dev.txt (line 37))
2025-08-21T12:52:29.8458658Z   Using cached sqlalchemy-2.0.43-cp311-cp311-manylinux_2_17_x86_64.manylinux2014_x86_64.whl.metadata (9.6 kB)
2025-08-21T12:52:29.8688133Z Collecting structlog==24.1.0 (from -r requirements-dev.txt (line 38))
2025-08-21T12:52:29.8701229Z   Using cached structlog-24.1.0-py3-none-any.whl.metadata (6.9 kB)
2025-08-21T12:52:29.8896958Z Collecting testcontainers==4.12.0 (from testcontainers[postgres]==4.12.0->-r requirements-dev.txt (line 39))
2025-08-21T12:52:29.8909969Z   Using cached testcontainers-4.12.0-py3-none-any.whl.metadata (8.3 kB)
2025-08-21T12:52:29.9275009Z Collecting types-requests==2.32.4.20250809 (from -r requirements-dev.txt (line 40))
2025-08-21T12:52:29.9288891Z   Using cached types_requests-2.32.4.20250809-py3-none-any.whl.metadata (2.0 kB)
2025-08-21T12:52:29.9428519Z Collecting docspec-python==2.2.2 (from -r requirements-dev.txt (line 41))
2025-08-21T12:52:29.9441255Z   Using cached docspec_python-2.2.2-py3-none-any.whl.metadata (1.0 kB)
2025-08-21T12:52:29.9631016Z Collecting pydoc-markdown==4.8.2 (from -r requirements-dev.txt (line 42))
2025-08-21T12:52:29.9644395Z   Using cached pydoc_markdown-4.8.2-py3-none-any.whl.metadata (5.9 kB)
2025-08-21T12:52:29.9922190Z Collecting pandera==0.19.* (from -r requirements-dev.txt (line 43))
2025-08-21T12:52:29.9935385Z   Using cached pandera-0.19.3-py3-none-any.whl.metadata (15 kB)
2025-08-21T12:52:30.1062465Z Collecting MarkupSafe>=2.0 (from Jinja2==3.1.6->-r requirements-dev.txt (line 2))
2025-08-21T12:52:30.1077913Z   Using cached MarkupSafe-3.0.2-cp311-cp311-manylinux_2_17_x86_64.manylinux2014_x86_64.whl.metadata (4.0 kB)
2025-08-21T12:52:30.1404617Z Collecting Mako (from alembic==1.16.4->-r requirements-dev.txt (line 3))
2025-08-21T12:52:30.1418790Z   Using cached mako-1.3.10-py3-none-any.whl.metadata (2.9 kB)
2025-08-21T12:52:30.1615103Z Collecting typing-extensions>=4.12 (from alembic==1.16.4->-r requirements-dev.txt (line 3))
2025-08-21T12:52:30.1630406Z   Using cached typing_extensions-4.14.1-py3-none-any.whl.metadata (3.0 kB)
2025-08-21T12:52:30.1795444Z Collecting six>=1.4.0 (from apscheduler==3.10.4->-r requirements-dev.txt (line 4))
2025-08-21T12:52:30.1808818Z   Using cached six-1.17.0-py2.py3-none-any.whl.metadata (1.7 kB)
2025-08-21T12:52:30.2163004Z Collecting pytz (from apscheduler==3.10.4->-r requirements-dev.txt (line 4))
2025-08-21T12:52:30.2181988Z   Using cached pytz-2025.2-py2.py3-none-any.whl.metadata (22 kB)
2025-08-21T12:52:30.2377228Z Collecting tzlocal!=3.*,>=2.0 (from apscheduler==3.10.4->-r requirements-dev.txt (line 4))
2025-08-21T12:52:30.2390311Z   Using cached tzlocal-5.3.1-py3-none-any.whl.metadata (7.6 kB)
2025-08-21T12:52:30.2712910Z Collecting starlette>=0.18 (from asgi-correlation-id==4.3.1->-r requirements-dev.txt (line 5))
2025-08-21T12:52:30.2725933Z   Using cached starlette-0.47.2-py3-none-any.whl.metadata (6.2 kB)
2025-08-21T12:52:30.2934509Z Collecting click>=8.0.0 (from black==25.1.0->-r requirements-dev.txt (line 7))
2025-08-21T12:52:30.2947145Z   Using cached click-8.2.1-py3-none-any.whl.metadata (2.5 kB)
2025-08-21T12:52:30.3133887Z Collecting packaging>=22.0 (from black==25.1.0->-r requirements-dev.txt (line 7))
2025-08-21T12:52:30.3146473Z   Using cached packaging-25.0-py3-none-any.whl.metadata (3.3 kB)
2025-08-21T12:52:30.3287088Z Collecting pathspec>=0.9.0 (from black==25.1.0->-r requirements-dev.txt (line 7))
2025-08-21T12:52:30.3299845Z   Using cached pathspec-0.12.1-py3-none-any.whl.metadata (21 kB)
2025-08-21T12:52:30.3498383Z Collecting platformdirs>=2 (from black==25.1.0->-r requirements-dev.txt (line 7))
2025-08-21T12:52:30.3511560Z   Using cached platformdirs-4.3.8-py3-none-any.whl.metadata (12 kB)
2025-08-21T12:52:30.3654171Z Collecting toml (from vulture==2.10->-r requirements-dev.txt (line 11))
2025-08-21T12:52:30.3666849Z   Using cached toml-0.10.2-py2.py3-none-any.whl.metadata (7.1 kB)
2025-08-21T12:52:30.3866133Z Collecting billiard<5.0,>=4.2.1 (from celery==5.5.3->-r requirements-dev.txt (line 12))
2025-08-21T12:52:30.3879130Z   Using cached billiard-4.2.1-py3-none-any.whl.metadata (4.4 kB)
2025-08-21T12:52:30.4185235Z Collecting kombu<5.6,>=5.5.2 (from celery==5.5.3->-r requirements-dev.txt (line 12))
2025-08-21T12:52:30.4198224Z   Using cached kombu-5.5.4-py3-none-any.whl.metadata (3.5 kB)
2025-08-21T12:52:30.4370997Z Collecting vine<6.0,>=5.1.0 (from celery==5.5.3->-r requirements-dev.txt (line 12))
2025-08-21T12:52:30.4383866Z   Using cached vine-5.1.0-py3-none-any.whl.metadata (2.7 kB)
2025-08-21T12:52:30.4581145Z Collecting click-didyoumean>=0.3.0 (from celery==5.5.3->-r requirements-dev.txt (line 12))
2025-08-21T12:52:30.4594026Z   Using cached click_didyoumean-0.3.1-py3-none-any.whl.metadata (3.9 kB)
2025-08-21T12:52:30.4712800Z Collecting click-repl>=0.2.0 (from celery==5.5.3->-r requirements-dev.txt (line 12))
2025-08-21T12:52:30.4725510Z   Using cached click_repl-0.3.0-py3-none-any.whl.metadata (3.6 kB)
2025-08-21T12:52:30.4853592Z Collecting click-plugins>=1.1.1 (from celery==5.5.3->-r requirements-dev.txt (line 12))
2025-08-21T12:52:30.4867175Z   Using cached click_plugins-1.1.1.2-py2.py3-none-any.whl.metadata (6.5 kB)
2025-08-21T12:52:30.5027189Z Collecting python-dateutil>=2.8.2 (from celery==5.5.3->-r requirements-dev.txt (line 12))
2025-08-21T12:52:30.5040868Z   Using cached python_dateutil-2.9.0.post0-py2.py3-none-any.whl.metadata (8.4 kB)
2025-08-21T12:52:30.5614214Z Collecting annotated-types>=0.6.0 (from pydantic==2.11.7->-r requirements-dev.txt (line 26))
2025-08-21T12:52:30.5627490Z   Using cached annotated_types-0.7.0-py3-none-any.whl.metadata (15 kB)
2025-08-21T12:52:31.2123421Z Collecting pydantic-core==2.33.2 (from pydantic==2.11.7->-r requirements-dev.txt (line 26))
2025-08-21T12:52:31.2138333Z   Using cached pydantic_core-2.33.2-cp311-cp311-manylinux_2_17_x86_64.manylinux2014_x86_64.whl.metadata (6.8 kB)
2025-08-21T12:52:31.2294170Z Collecting typing-inspection>=0.4.0 (from pydantic==2.11.7->-r requirements-dev.txt (line 26))
2025-08-21T12:52:31.2307472Z   Using cached typing_inspection-0.4.1-py3-none-any.whl.metadata (2.6 kB)
2025-08-21T12:52:31.2574652Z Collecting et-xmlfile (from openpyxl==3.1.5->-r requirements-dev.txt (line 22))
2025-08-21T12:52:31.2588028Z   Using cached et_xmlfile-2.0.0-py3-none-any.whl.metadata (2.7 kB)
2025-08-21T12:52:31.3060314Z Collecting pytest<9,>=8.2 (from pytest-asyncio==1.1.0->-r requirements-dev.txt (line 28))
2025-08-21T12:52:31.3074929Z   Using cached pytest-8.4.1-py3-none-any.whl.metadata (7.7 kB)
2025-08-21T12:52:31.6045386Z Collecting coverage>=7.5 (from coverage[toml]>=7.5->pytest-cov==6.2.1->-r requirements-dev.txt (line 29))
2025-08-21T12:52:31.6060617Z   Using cached coverage-7.10.4-cp311-cp311-manylinux1_x86_64.manylinux_2_28_x86_64.manylinux_2_5_x86_64.whl.metadata (8.9 kB)
2025-08-21T12:52:31.6217193Z Collecting pluggy>=1.2 (from pytest-cov==6.2.1->-r requirements-dev.txt (line 29))
2025-08-21T12:52:31.6229917Z   Using cached pluggy-1.6.0-py3-none-any.whl.metadata (4.8 kB)
2025-08-21T12:52:31.7200362Z Collecting port-for>=0.7.3 (from pytest-postgresql==7.0.2->-r requirements-dev.txt (line 30))
2025-08-21T12:52:31.7214596Z   Using cached port_for-0.7.4-py3-none-any.whl.metadata (7.1 kB)
2025-08-21T12:52:31.7387184Z Collecting mirakuru>=2.6.0 (from pytest-postgresql==7.0.2->-r requirements-dev.txt (line 30))
2025-08-21T12:52:31.7401182Z   Using cached mirakuru-2.6.1-py3-none-any.whl.metadata (10 kB)
2025-08-21T12:52:31.8234470Z Collecting charset_normalizer<4,>=2 (from requests==2.32.4->-r requirements-dev.txt (line 34))
2025-08-21T12:52:31.8249219Z   Using cached charset_normalizer-3.4.3-cp311-cp311-manylinux2014_x86_64.manylinux_2_17_x86_64.manylinux_2_28_x86_64.whl.metadata (36 kB)
2025-08-21T12:52:31.8425129Z Collecting idna<4,>=2.5 (from requests==2.32.4->-r requirements-dev.txt (line 34))
2025-08-21T12:52:31.8439951Z   Using cached idna-3.10-py3-none-any.whl.metadata (10 kB)
2025-08-21T12:52:31.8739068Z Collecting urllib3<3,>=1.21.1 (from requests==2.32.4->-r requirements-dev.txt (line 34))
2025-08-21T12:52:31.8754089Z   Using cached urllib3-2.5.0-py3-none-any.whl.metadata (6.5 kB)
2025-08-21T12:52:31.8980768Z Collecting certifi>=2017.4.17 (from requests==2.32.4->-r requirements-dev.txt (line 34))
2025-08-21T12:52:31.8995190Z   Using cached certifi-2025.8.3-py3-none-any.whl.metadata (2.4 kB)
2025-08-21T12:52:32.0276553Z Collecting greenlet>=1 (from sqlalchemy==2.0.43->-r requirements-dev.txt (line 37))
2025-08-21T12:52:32.0298072Z   Using cached greenlet-3.2.4-cp311-cp311-manylinux_2_24_x86_64.manylinux_2_28_x86_64.whl.metadata (4.1 kB)
2025-08-21T12:52:32.0544017Z Collecting docker (from testcontainers==4.12.0->testcontainers[postgres]==4.12.0->-r requirements-dev.txt (line 39))
2025-08-21T12:52:32.0557045Z   Using cached docker-7.1.0-py3-none-any.whl.metadata (3.8 kB)
2025-08-21T12:52:32.1518935Z Collecting wrapt (from testcontainers==4.12.0->testcontainers[postgres]==4.12.0->-r requirements-dev.txt (line 39))
2025-08-21T12:52:32.1533623Z   Using cached wrapt-1.17.3-cp311-cp311-manylinux1_x86_64.manylinux_2_28_x86_64.manylinux_2_5_x86_64.whl.metadata (6.4 kB)
2025-08-21T12:52:32.1825438Z Collecting docspec==2.2.1 (from docspec-python==2.2.2->-r requirements-dev.txt (line 41))
2025-08-21T12:52:32.1842847Z   Using cached docspec-2.2.1-py3-none-any.whl.metadata (1.5 kB)
2025-08-21T12:52:32.2039048Z Collecting nr-util>=0.8.12 (from docspec-python==2.2.2->-r requirements-dev.txt (line 41))
2025-08-21T12:52:32.2052070Z   Using cached nr.util-0.8.12-py3-none-any.whl.metadata (813 bytes)
2025-08-21T12:52:32.2412057Z Collecting PyYAML<7.0,>=5.0 (from pydoc-markdown==4.8.2->-r requirements-dev.txt (line 42))
2025-08-21T12:52:32.2425824Z   Using cached PyYAML-6.0.2-cp311-cp311-manylinux_2_17_x86_64.manylinux2014_x86_64.whl.metadata (2.1 kB)
2025-08-21T12:52:32.2724199Z Collecting databind.core<5.0.0,>=4.4.0 (from pydoc-markdown==4.8.2->-r requirements-dev.txt (line 42))
2025-08-21T12:52:32.2737340Z   Using cached databind.core-4.5.2-py3-none-any.whl.metadata (1.1 kB)
2025-08-21T12:52:32.2974490Z Collecting databind.json<5.0.0,>=4.4.0 (from pydoc-markdown==4.8.2->-r requirements-dev.txt (line 42))
2025-08-21T12:52:32.2988211Z   Using cached databind.json-4.5.2-py3-none-any.whl.metadata (1.1 kB)
2025-08-21T12:52:32.3154684Z Collecting docstring-parser<0.12,>=0.11 (from pydoc-markdown==4.8.2->-r requirements-dev.txt (line 42))
2025-08-21T12:52:32.3155541Z   Using cached docstring_parser-0.11-py3-none-any.whl
2025-08-21T12:52:32.3493456Z Collecting tomli<3.0.0,>=2.0.0 (from pydoc-markdown==4.8.2->-r requirements-dev.txt (line 42))
2025-08-21T12:52:32.3507604Z   Using cached tomli-2.2.1-cp311-cp311-manylinux_2_17_x86_64.manylinux2014_x86_64.whl.metadata (11 kB)
2025-08-21T12:52:32.3647302Z Collecting tomli_w<2.0.0,>=1.0.0 (from pydoc-markdown==4.8.2->-r requirements-dev.txt (line 42))
2025-08-21T12:52:32.3660535Z   Using cached tomli_w-1.2.0-py3-none-any.whl.metadata (5.7 kB)
2025-08-21T12:52:32.4131620Z Collecting watchdog (from pydoc-markdown==4.8.2->-r requirements-dev.txt (line 42))
2025-08-21T12:52:32.4146308Z   Using cached watchdog-6.0.0-py3-none-manylinux2014_x86_64.whl.metadata (44 kB)
2025-08-21T12:52:32.4404232Z Collecting yapf>=0.30.0 (from pydoc-markdown==4.8.2->-r requirements-dev.txt (line 42))
2025-08-21T12:52:32.4416893Z   Using cached yapf-0.43.0-py3-none-any.whl.metadata (46 kB)
2025-08-21T12:52:32.4626880Z Collecting Deprecated<2.0.0,>=1.2.12 (from docspec==2.2.1->docspec-python==2.2.2->-r requirements-dev.txt (line 41))
2025-08-21T12:52:32.4640581Z   Using cached Deprecated-1.2.18-py2.py3-none-any.whl.metadata (5.7 kB)
2025-08-21T12:52:32.6236892Z Collecting psycopg-binary==3.2.9 (from psycopg[binary]==3.2.9->-r requirements-dev.txt (line 25))
2025-08-21T12:52:32.6252115Z   Using cached psycopg_binary-3.2.9-cp311-cp311-manylinux_2_17_x86_64.manylinux2014_x86_64.whl.metadata (2.9 kB)
2025-08-21T12:52:32.6603480Z Collecting argon2-cffi (from minio==7.*->-r requirements-dev.txt (line 10))
2025-08-21T12:52:32.6617196Z   Using cached argon2_cffi-25.1.0-py3-none-any.whl.metadata (4.1 kB)
2025-08-21T12:52:32.7402846Z Collecting pycryptodome (from minio==7.*->-r requirements-dev.txt (line 10))
2025-08-21T12:52:32.7418921Z   Using cached pycryptodome-3.23.0-cp37-abi3-manylinux_2_17_x86_64.manylinux2014_x86_64.whl.metadata (3.4 kB)
2025-08-21T12:52:32.7639302Z Collecting anyio (from httpx<0.29,>=0.27->-r requirements-dev.txt (line 16))
2025-08-21T12:52:32.7653011Z   Using cached anyio-4.10.0-py3-none-any.whl.metadata (4.0 kB)
2025-08-21T12:52:32.7864427Z Collecting httpcore==1.* (from httpx<0.29,>=0.27->-r requirements-dev.txt (line 16))
2025-08-21T12:52:32.7878374Z   Using cached httpcore-1.0.9-py3-none-any.whl.metadata (21 kB)
2025-08-21T12:52:32.8240860Z Collecting tzdata>=2022.7 (from pandas==2.2.*->-r requirements-dev.txt (line 23))
2025-08-21T12:52:32.8254701Z   Using cached tzdata-2025.2-py2.py3-none-any.whl.metadata (1.4 kB)
2025-08-21T12:52:32.8421155Z Collecting multimethod<=1.10.0 (from pandera==0.19.*->-r requirements-dev.txt (line 43))
2025-08-21T12:52:32.8434452Z   Using cached multimethod-1.10-py3-none-any.whl.metadata (8.2 kB)
2025-08-21T12:52:32.8815411Z Collecting typeguard (from pandera==0.19.*->-r requirements-dev.txt (line 43))
2025-08-21T12:52:32.8828630Z   Using cached typeguard-4.4.4-py3-none-any.whl.metadata (3.3 kB)
2025-08-21T12:52:32.8957903Z Collecting typing-inspect>=0.6.0 (from pandera==0.19.*->-r requirements-dev.txt (line 43))
2025-08-21T12:52:32.8970906Z   Using cached typing_inspect-0.9.0-py3-none-any.whl.metadata (1.5 kB)
2025-08-21T12:52:32.9301869Z Collecting databind<5.0.0,>=4.5.2 (from databind.core<5.0.0,>=4.4.0->pydoc-markdown==4.8.2->-r requirements-dev.txt (line 42))
2025-08-21T12:52:32.9315612Z   Using cached databind-4.5.2-py3-none-any.whl.metadata (4.3 kB)
2025-08-21T12:52:32.9471210Z Collecting nr-date<3.0.0,>=2.0.0 (from databind<5.0.0,>=4.5.2->databind.core<5.0.0,>=4.4.0->pydoc-markdown==4.8.2->-r requirements-dev.txt (line 42))
2025-08-21T12:52:32.9484393Z   Using cached nr_date-2.1.0-py3-none-any.whl.metadata (746 bytes)
2025-08-21T12:52:32.9650909Z Collecting nr-stream<2.0.0,>=1.0.0 (from databind<5.0.0,>=4.5.2->databind.core<5.0.0,>=4.4.0->pydoc-markdown==4.8.2->-r requirements-dev.txt (line 42))
2025-08-21T12:52:32.9664630Z   Using cached nr_stream-1.1.5-py3-none-any.whl.metadata (3.6 kB)
2025-08-21T12:52:32.9862976Z Collecting typeapi<3,>=2.0.1 (from databind<5.0.0,>=4.5.2->databind.core<5.0.0,>=4.4.0->pydoc-markdown==4.8.2->-r requirements-dev.txt (line 42))
2025-08-21T12:52:32.9876295Z   Using cached typeapi-2.2.4-py3-none-any.whl.metadata (1.5 kB)
2025-08-21T12:52:33.0167331Z Collecting h11>=0.16 (from httpcore==1.*->httpx<0.29,>=0.27->-r requirements-dev.txt (line 16))
2025-08-21T12:52:33.0180079Z   Using cached h11-0.16.0-py3-none-any.whl.metadata (8.3 kB)
2025-08-21T12:52:33.0417829Z Collecting amqp<6.0.0,>=5.1.1 (from kombu<5.6,>=5.5.2->celery==5.5.3->-r requirements-dev.txt (line 12))
2025-08-21T12:52:33.0433349Z   Using cached amqp-5.3.1-py3-none-any.whl.metadata (8.9 kB)
2025-08-21T12:52:33.0848099Z Collecting iniconfig>=1 (from pytest<9,>=8.2->pytest-asyncio==1.1.0->-r requirements-dev.txt (line 28))
2025-08-21T12:52:33.0862021Z   Using cached iniconfig-2.1.0-py3-none-any.whl.metadata (2.7 kB)
2025-08-21T12:52:33.1988168Z Collecting pygments>=2.7.2 (from pytest<9,>=8.2->pytest-asyncio==1.1.0->-r requirements-dev.txt (line 28))
2025-08-21T12:52:33.2002718Z   Using cached pygments-2.19.2-py3-none-any.whl.metadata (2.5 kB)
2025-08-21T12:52:33.2325603Z Collecting sniffio>=1.1 (from anyio->httpx<0.29,>=0.27->-r requirements-dev.txt (line 16))
2025-08-21T12:52:33.2338675Z   Using cached sniffio-1.3.1-py3-none-any.whl.metadata (3.9 kB)
2025-08-21T12:52:33.5922308Z Collecting botocore<1.41.0,>=1.40.14 (from boto3->-r requirements-dev.txt (line 8))
2025-08-21T12:52:33.5937793Z   Using cached botocore-1.40.14-py3-none-any.whl.metadata (5.7 kB)
2025-08-21T12:52:33.6093982Z Collecting jmespath<2.0.0,>=0.7.1 (from boto3->-r requirements-dev.txt (line 8))
2025-08-21T12:52:33.6106976Z   Using cached jmespath-1.0.1-py3-none-any.whl.metadata (7.6 kB)
2025-08-21T12:52:33.6297539Z Collecting s3transfer<0.14.0,>=0.13.0 (from boto3->-r requirements-dev.txt (line 8))
2025-08-21T12:52:33.6310580Z   Using cached s3transfer-0.13.1-py3-none-any.whl.metadata (1.7 kB)
2025-08-21T12:52:33.7716779Z Collecting fastapi-cli>=0.0.8 (from fastapi-cli[standard]>=0.0.8; extra == "all"->fastapi[all]->-r requirements-dev.txt (line 14))
2025-08-21T12:52:33.7730029Z   Using cached fastapi_cli-0.0.8-py3-none-any.whl.metadata (6.3 kB)
2025-08-21T12:52:33.8456318Z Collecting ujson!=4.0.2,!=4.1.0,!=4.2.0,!=4.3.0,!=5.0.0,!=5.1.0,>=4.0.1 (from fastapi[all]->-r requirements-dev.txt (line 14))
2025-08-21T12:52:33.8469882Z   Using cached ujson-5.11.0-cp311-cp311-manylinux_2_24_x86_64.manylinux_2_28_x86_64.whl.metadata (9.4 kB)
2025-08-21T12:52:34.0737157Z Collecting orjson>=3.2.1 (from fastapi[all]->-r requirements-dev.txt (line 14))
2025-08-21T12:52:34.0752286Z   Using cached orjson-3.11.2-cp311-cp311-manylinux_2_17_x86_64.manylinux2014_x86_64.whl.metadata (1.2 kB)
2025-08-21T12:52:34.0908362Z Collecting email-validator>=2.0.0 (from fastapi[all]->-r requirements-dev.txt (line 14))
2025-08-21T12:52:34.0921714Z   Using cached email_validator-2.2.0-py3-none-any.whl.metadata (25 kB)
2025-08-21T12:52:34.1227477Z Collecting uvicorn>=0.12.0 (from uvicorn[standard]>=0.12.0; extra == "all"->fastapi[all]->-r requirements-dev.txt (line 14))
2025-08-21T12:52:34.1241664Z   Using cached uvicorn-0.35.0-py3-none-any.whl.metadata (6.5 kB)
2025-08-21T12:52:34.1436843Z Collecting pydantic-settings>=2.0.0 (from fastapi[all]->-r requirements-dev.txt (line 14))
2025-08-21T12:52:34.1450510Z   Using cached pydantic_settings-2.10.1-py3-none-any.whl.metadata (3.4 kB)
2025-08-21T12:52:34.1615438Z Collecting pydantic-extra-types>=2.0.0 (from fastapi[all]->-r requirements-dev.txt (line 14))
2025-08-21T12:52:34.1629663Z   Using cached pydantic_extra_types-2.10.5-py3-none-any.whl.metadata (3.9 kB)
2025-08-21T12:52:34.2365487Z Collecting prompt-toolkit>=3.0.36 (from click-repl>=0.2.0->celery==5.5.3->-r requirements-dev.txt (line 12))
2025-08-21T12:52:34.2379599Z   Using cached prompt_toolkit-3.0.51-py3-none-any.whl.metadata (6.4 kB)
2025-08-21T12:52:34.2593463Z Collecting dnspython>=2.0.0 (from email-validator>=2.0.0->fastapi[all]->-r requirements-dev.txt (line 14))
2025-08-21T12:52:34.2606015Z   Using cached dnspython-2.7.0-py3-none-any.whl.metadata (5.8 kB)
2025-08-21T12:52:34.2937763Z Collecting typer>=0.15.1 (from fastapi-cli>=0.0.8->fastapi-cli[standard]>=0.0.8; extra == "all"->fastapi[all]->-r requirements-dev.txt (line 14))
2025-08-21T12:52:34.2951256Z   Using cached typer-0.16.1-py3-none-any.whl.metadata (15 kB)
2025-08-21T12:52:34.3221424Z Collecting rich-toolkit>=0.14.8 (from fastapi-cli>=0.0.8->fastapi-cli[standard]>=0.0.8; extra == "all"->fastapi[all]->-r requirements-dev.txt (line 14))
2025-08-21T12:52:34.3234007Z   Using cached rich_toolkit-0.15.0-py3-none-any.whl.metadata (1.0 kB)
2025-08-21T12:52:34.3380556Z Collecting fastapi-cloud-cli>=0.1.1 (from fastapi-cli[standard]>=0.0.8; extra == "all"->fastapi[all]->-r requirements-dev.txt (line 14))
2025-08-21T12:52:34.3393334Z   Using cached fastapi_cloud_cli-0.1.5-py3-none-any.whl.metadata (3.2 kB)
2025-08-21T12:52:34.4108463Z Collecting rignore>=0.5.1 (from fastapi-cloud-cli>=0.1.1->fastapi-cli[standard]>=0.0.8; extra == "all"->fastapi[all]->-r requirements-dev.txt (line 14))
2025-08-21T12:52:34.4121415Z   Using cached rignore-0.6.4-cp311-cp311-manylinux_2_17_x86_64.manylinux2014_x86_64.whl.metadata (3.8 kB)
2025-08-21T12:52:34.4979662Z Collecting sentry-sdk>=2.20.0 (from fastapi-cloud-cli>=0.1.1->fastapi-cli[standard]>=0.0.8; extra == "all"->fastapi[all]->-r requirements-dev.txt (line 14))
2025-08-21T12:52:34.4993055Z   Using cached sentry_sdk-2.35.0-py2.py3-none-any.whl.metadata (10 kB)
2025-08-21T12:52:34.7043306Z Collecting psutil>=4.0.0 (from mirakuru>=2.6.0->pytest-postgresql==7.0.2->-r requirements-dev.txt (line 30))
2025-08-21T12:52:34.7059934Z   Using cached psutil-7.0.0-cp36-abi3-manylinux_2_12_x86_64.manylinux2010_x86_64.manylinux_2_17_x86_64.manylinux2014_x86_64.whl.metadata (22 kB)
2025-08-21T12:52:34.7394410Z Collecting wcwidth (from prompt-toolkit>=3.0.36->click-repl>=0.2.0->celery==5.5.3->-r requirements-dev.txt (line 12))
2025-08-21T12:52:34.7407224Z   Using cached wcwidth-0.2.13-py2.py3-none-any.whl.metadata (14 kB)
2025-08-21T12:52:34.8594083Z Collecting rich>=13.7.1 (from rich-toolkit>=0.14.8->fastapi-cli>=0.0.8->fastapi-cli[standard]>=0.0.8; extra == "all"->fastapi[all]->-r requirements-dev.txt (line 14))
2025-08-21T12:52:34.8608464Z   Using cached rich-14.1.0-py3-none-any.whl.metadata (18 kB)
2025-08-21T12:52:34.8824023Z Collecting markdown-it-py>=2.2.0 (from rich>=13.7.1->rich-toolkit>=0.14.8->fastapi-cli>=0.0.8->fastapi-cli[standard]>=0.0.8; extra == "all"->fastapi[all]->-r requirements-dev.txt (line 14))
2025-08-21T12:52:34.8837280Z   Using cached markdown_it_py-4.0.0-py3-none-any.whl.metadata (7.3 kB)
2025-08-21T12:52:34.9076442Z Collecting mdurl~=0.1 (from markdown-it-py>=2.2.0->rich>=13.7.1->rich-toolkit>=0.14.8->fastapi-cli>=0.0.8->fastapi-cli[standard]>=0.0.8; extra == "all"->fastapi[all]->-r requirements-dev.txt (line 14))
2025-08-21T12:52:34.9088880Z   Using cached mdurl-0.1.2-py3-none-any.whl.metadata (1.6 kB)
2025-08-21T12:52:34.9580529Z Collecting shellingham>=1.3.0 (from typer>=0.15.1->fastapi-cli>=0.0.8->fastapi-cli[standard]>=0.0.8; extra == "all"->fastapi[all]->-r requirements-dev.txt (line 14))
2025-08-21T12:52:34.9593662Z   Using cached shellingham-1.5.4-py2.py3-none-any.whl.metadata (3.5 kB)
2025-08-21T12:52:35.0294831Z Collecting httptools>=0.6.3 (from uvicorn[standard]>=0.12.0; extra == "all"->fastapi[all]->-r requirements-dev.txt (line 14))
2025-08-21T12:52:35.0308720Z   Using cached httptools-0.6.4-cp311-cp311-manylinux_2_5_x86_64.manylinux1_x86_64.manylinux_2_17_x86_64.manylinux2014_x86_64.whl.metadata (3.6 kB)
2025-08-21T12:52:35.0728645Z Collecting uvloop>=0.15.1 (from uvicorn[standard]>=0.12.0; extra == "all"->fastapi[all]->-r requirements-dev.txt (line 14))
2025-08-21T12:52:35.0742073Z   Using cached uvloop-0.21.0-cp311-cp311-manylinux_2_17_x86_64.manylinux2014_x86_64.whl.metadata (4.9 kB)
2025-08-21T12:52:35.1424554Z Collecting watchfiles>=0.13 (from uvicorn[standard]>=0.12.0; extra == "all"->fastapi[all]->-r requirements-dev.txt (line 14))
2025-08-21T12:52:35.1438105Z   Using cached watchfiles-1.1.0-cp311-cp311-manylinux_2_17_x86_64.manylinux2014_x86_64.whl.metadata (4.9 kB)
2025-08-21T12:52:35.2281247Z Collecting websockets>=10.4 (from uvicorn[standard]>=0.12.0; extra == "all"->fastapi[all]->-r requirements-dev.txt (line 14))
2025-08-21T12:52:35.2295925Z   Using cached websockets-15.0.1-cp311-cp311-manylinux_2_5_x86_64.manylinux1_x86_64.manylinux_2_17_x86_64.manylinux2014_x86_64.whl.metadata (6.8 kB)
2025-08-21T12:52:35.2745997Z Collecting argon2-cffi-bindings (from argon2-cffi->minio==7.*->-r requirements-dev.txt (line 10))
2025-08-21T12:52:35.2760920Z   Using cached argon2_cffi_bindings-25.1.0-cp39-abi3-manylinux_2_26_x86_64.manylinux_2_28_x86_64.whl.metadata (7.4 kB)
2025-08-21T12:52:35.3776752Z Collecting cffi>=1.0.1 (from argon2-cffi-bindings->argon2-cffi->minio==7.*->-r requirements-dev.txt (line 10))
2025-08-21T12:52:35.3791539Z   Using cached cffi-1.17.1-cp311-cp311-manylinux_2_17_x86_64.manylinux2014_x86_64.whl.metadata (1.5 kB)
2025-08-21T12:52:35.3949564Z Collecting pycparser (from cffi>=1.0.1->argon2-cffi-bindings->argon2-cffi->minio==7.*->-r requirements-dev.txt (line 10))
2025-08-21T12:52:35.3963687Z   Using cached pycparser-2.22-py3-none-any.whl.metadata (943 bytes)
2025-08-21T12:52:35.4596455Z Using cached jinja2-3.1.6-py3-none-any.whl (134 kB)
2025-08-21T12:52:35.4610451Z Using cached alembic-1.16.4-py3-none-any.whl (247 kB)
2025-08-21T12:52:35.4624959Z Using cached APScheduler-3.10.4-py3-none-any.whl (59 kB)
2025-08-21T12:52:35.4638191Z Using cached asgi_correlation_id-4.3.1-py3-none-any.whl (15 kB)
2025-08-21T12:52:35.4651021Z Using cached asyncpg-0.30.0-cp311-cp311-manylinux_2_17_x86_64.manylinux2014_x86_64.whl (3.1 MB)
2025-08-21T12:52:35.4686869Z Using cached black-25.1.0-cp311-cp311-manylinux_2_17_x86_64.manylinux2014_x86_64.manylinux_2_28_x86_64.whl (1.7 MB)
2025-08-21T12:52:35.4712278Z Using cached vulture-2.10-py2.py3-none-any.whl (27 kB)
2025-08-21T12:52:35.4725505Z Using cached celery-5.5.3-py3-none-any.whl (438 kB)
2025-08-21T12:52:35.4741238Z Using cached fastapi-0.116.1-py3-none-any.whl (95 kB)
2025-08-21T12:52:35.4755545Z Using cached pydantic-2.11.7-py3-none-any.whl (444 kB)
2025-08-21T12:52:35.4771639Z Using cached fastapi_limiter-0.1.6-py3-none-any.whl (15 kB)
2025-08-21T12:52:35.4784546Z Using cached IMAPClient-3.0.1-py2.py3-none-any.whl (182 kB)
2025-08-21T12:52:35.4798650Z Using cached mypy_extensions-1.1.0-py3-none-any.whl (5.0 kB)
2025-08-21T12:52:35.4811593Z Using cached openpyxl-3.1.5-py2.py3-none-any.whl (250 kB)
2025-08-21T12:52:35.4826231Z Using cached psycopg2_binary-2.9.10-cp311-cp311-manylinux_2_17_x86_64.manylinux2014_x86_64.whl (3.0 MB)
2025-08-21T12:52:35.4862076Z Using cached psycopg-3.2.9-py3-none-any.whl (202 kB)
2025-08-21T12:52:35.4876137Z Using cached pytest_asyncio-1.1.0-py3-none-any.whl (15 kB)
2025-08-21T12:52:35.4888724Z Using cached pytest_cov-6.2.1-py3-none-any.whl (24 kB)
2025-08-21T12:52:35.4901675Z Using cached pytest_postgresql-7.0.2-py3-none-any.whl (41 kB)
2025-08-21T12:52:35.4914481Z Using cached python_telegram_bot-22.3-py3-none-any.whl (717 kB)
2025-08-21T12:52:35.4933583Z Using cached requests-2.32.4-py3-none-any.whl (64 kB)
2025-08-21T12:52:35.4946673Z Using cached respx-0.22.0-py2.py3-none-any.whl (25 kB)
2025-08-21T12:52:35.4960473Z Using cached ruff-0.9.9-py3-none-manylinux_2_17_x86_64.manylinux2014_x86_64.whl (11.2 MB)
2025-08-21T12:52:35.5057917Z Using cached sqlalchemy-2.0.43-cp311-cp311-manylinux_2_17_x86_64.manylinux2014_x86_64.whl (3.3 MB)
2025-08-21T12:52:35.5095277Z Using cached structlog-24.1.0-py3-none-any.whl (65 kB)
2025-08-21T12:52:35.5108263Z Using cached testcontainers-4.12.0-py3-none-any.whl (111 kB)
2025-08-21T12:52:35.5121988Z Using cached types_requests-2.32.4.20250809-py3-none-any.whl (20 kB)
2025-08-21T12:52:35.5134740Z Using cached docspec_python-2.2.2-py3-none-any.whl (15 kB)
2025-08-21T12:52:35.5147336Z Using cached pydoc_markdown-4.8.2-py3-none-any.whl (67 kB)
2025-08-21T12:52:35.5160651Z Using cached docspec-2.2.1-py3-none-any.whl (9.8 kB)
2025-08-21T12:52:35.5173761Z Using cached psycopg_binary-3.2.9-cp311-cp311-manylinux_2_17_x86_64.manylinux2014_x86_64.whl (4.5 MB)
2025-08-21T12:52:35.5218132Z Using cached pydantic_core-2.33.2-cp311-cp311-manylinux_2_17_x86_64.manylinux2014_x86_64.whl (2.0 MB)
2025-08-21T12:52:35.5245284Z Using cached redis-6.4.0-py3-none-any.whl (279 kB)
2025-08-21T12:52:35.5260324Z Using cached minio-7.2.16-py3-none-any.whl (95 kB)
2025-08-21T12:52:35.5273569Z Using cached httpx-0.28.1-py3-none-any.whl (73 kB)
2025-08-21T12:52:35.5287173Z Using cached mypy-1.17.1-cp311-cp311-manylinux2014_x86_64.manylinux_2_17_x86_64.manylinux_2_28_x86_64.whl (12.6 MB)
2025-08-21T12:52:35.5390074Z Using cached numpy-1.26.4-cp311-cp311-manylinux_2_17_x86_64.manylinux2014_x86_64.whl (18.3 MB)
2025-08-21T12:52:35.5532018Z Using cached pandas-2.2.3-cp311-cp311-manylinux_2_17_x86_64.manylinux2014_x86_64.whl (13.1 MB)
2025-08-21T12:52:35.5635787Z Using cached pandera-0.19.3-py3-none-any.whl (251 kB)
2025-08-21T12:52:35.5649954Z Using cached billiard-4.2.1-py3-none-any.whl (86 kB)
2025-08-21T12:52:35.5663932Z Using cached charset_normalizer-3.4.3-cp311-cp311-manylinux2014_x86_64.manylinux_2_17_x86_64.manylinux_2_28_x86_64.whl (150 kB)
2025-08-21T12:52:35.5677112Z Using cached click-8.2.1-py3-none-any.whl (102 kB)
2025-08-21T12:52:35.5690551Z Using cached databind.core-4.5.2-py3-none-any.whl (1.5 kB)
2025-08-21T12:52:35.5703108Z Using cached databind-4.5.2-py3-none-any.whl (49 kB)
2025-08-21T12:52:35.5715852Z Using cached databind.json-4.5.2-py3-none-any.whl (1.5 kB)
2025-08-21T12:52:35.5728731Z Using cached Deprecated-1.2.18-py2.py3-none-any.whl (10.0 kB)
2025-08-21T12:52:35.5741137Z Using cached httpcore-1.0.9-py3-none-any.whl (78 kB)
2025-08-21T12:52:35.5753998Z Using cached idna-3.10-py3-none-any.whl (70 kB)
2025-08-21T12:52:35.5767019Z Using cached kombu-5.5.4-py3-none-any.whl (210 kB)
2025-08-21T12:52:35.5781191Z Using cached vine-5.1.0-py3-none-any.whl (9.6 kB)
2025-08-21T12:52:35.5793649Z Using cached amqp-5.3.1-py3-none-any.whl (50 kB)
2025-08-21T12:52:35.5806530Z Using cached multimethod-1.10-py3-none-any.whl (9.9 kB)
2025-08-21T12:52:35.5818932Z Using cached nr_date-2.1.0-py3-none-any.whl (10 kB)
2025-08-21T12:52:35.5831837Z Using cached nr_stream-1.1.5-py3-none-any.whl (10 kB)
2025-08-21T12:52:35.5844419Z Using cached nr.util-0.8.12-py3-none-any.whl (90 kB)
2025-08-21T12:52:35.5857545Z Using cached pytest-8.4.1-py3-none-any.whl (365 kB)
2025-08-21T12:52:35.5872708Z Using cached pluggy-1.6.0-py3-none-any.whl (20 kB)
2025-08-21T12:52:35.5885857Z Using cached PyYAML-6.0.2-cp311-cp311-manylinux_2_17_x86_64.manylinux2014_x86_64.whl (762 kB)
2025-08-21T12:52:35.5903742Z Using cached starlette-0.47.2-py3-none-any.whl (72 kB)
2025-08-21T12:52:35.5916918Z Using cached anyio-4.10.0-py3-none-any.whl (107 kB)
2025-08-21T12:52:35.5930712Z Using cached tomli-2.2.1-cp311-cp311-manylinux_2_17_x86_64.manylinux2014_x86_64.whl (236 kB)
2025-08-21T12:52:35.5944558Z Using cached tomli_w-1.2.0-py3-none-any.whl (6.7 kB)
2025-08-21T12:52:35.5957167Z Using cached typeapi-2.2.4-py3-none-any.whl (26 kB)
2025-08-21T12:52:35.5970046Z Using cached typing_extensions-4.14.1-py3-none-any.whl (43 kB)
2025-08-21T12:52:35.5983162Z Using cached urllib3-2.5.0-py3-none-any.whl (129 kB)
2025-08-21T12:52:35.5997009Z Using cached wrapt-1.17.3-cp311-cp311-manylinux1_x86_64.manylinux_2_28_x86_64.manylinux_2_5_x86_64.whl (82 kB)
2025-08-21T12:52:35.6009713Z Using cached boto3-1.40.14-py3-none-any.whl (140 kB)
2025-08-21T12:52:35.6023652Z Using cached botocore-1.40.14-py3-none-any.whl (14.0 MB)
2025-08-21T12:52:35.6136935Z Using cached jmespath-1.0.1-py3-none-any.whl (20 kB)
2025-08-21T12:52:35.6149825Z Using cached python_dateutil-2.9.0.post0-py2.py3-none-any.whl (229 kB)
2025-08-21T12:52:35.6164112Z Using cached s3transfer-0.13.1-py3-none-any.whl (85 kB)
2025-08-21T12:52:35.6177439Z Using cached itsdangerous-2.2.0-py3-none-any.whl (16 kB)
2025-08-21T12:52:35.6190021Z Using cached python_dotenv-1.1.1-py3-none-any.whl (20 kB)
2025-08-21T12:52:35.6202987Z Using cached python_multipart-0.0.20-py3-none-any.whl (24 kB)
2025-08-21T12:52:35.6215694Z Using cached annotated_types-0.7.0-py3-none-any.whl (13 kB)
2025-08-21T12:52:35.6228271Z Using cached certifi-2025.8.3-py3-none-any.whl (161 kB)
2025-08-21T12:52:35.6242067Z Using cached click_didyoumean-0.3.1-py3-none-any.whl (3.6 kB)
2025-08-21T12:52:35.6254669Z Using cached click_plugins-1.1.1.2-py2.py3-none-any.whl (11 kB)
2025-08-21T12:52:35.6267718Z Using cached click_repl-0.3.0-py3-none-any.whl (10 kB)
2025-08-21T12:52:35.6281045Z Using cached coverage-7.10.4-cp311-cp311-manylinux1_x86_64.manylinux_2_28_x86_64.manylinux_2_5_x86_64.whl (249 kB)
2025-08-21T12:52:35.6295065Z Using cached email_validator-2.2.0-py3-none-any.whl (33 kB)
2025-08-21T12:52:35.6307875Z Using cached dnspython-2.7.0-py3-none-any.whl (313 kB)
2025-08-21T12:52:35.6322575Z Using cached fastapi_cli-0.0.8-py3-none-any.whl (10 kB)
2025-08-21T12:52:35.6335256Z Using cached fastapi_cloud_cli-0.1.5-py3-none-any.whl (18 kB)
2025-08-21T12:52:35.6348331Z Using cached greenlet-3.2.4-cp311-cp311-manylinux_2_24_x86_64.manylinux_2_28_x86_64.whl (587 kB)
2025-08-21T12:52:35.6365029Z Using cached h11-0.16.0-py3-none-any.whl (37 kB)
2025-08-21T12:52:35.6377898Z Using cached iniconfig-2.1.0-py3-none-any.whl (6.0 kB)
2025-08-21T12:52:35.6390994Z Using cached MarkupSafe-3.0.2-cp311-cp311-manylinux_2_17_x86_64.manylinux2014_x86_64.whl (23 kB)
2025-08-21T12:52:35.6403532Z Using cached mirakuru-2.6.1-py3-none-any.whl (26 kB)
2025-08-21T12:52:35.6416529Z Using cached orjson-3.11.2-cp311-cp311-manylinux_2_17_x86_64.manylinux2014_x86_64.whl (121 kB)
2025-08-21T12:52:35.6429851Z Using cached packaging-25.0-py3-none-any.whl (66 kB)
2025-08-21T12:52:35.6442810Z Using cached pathspec-0.12.1-py3-none-any.whl (31 kB)
2025-08-21T12:52:35.6455697Z Using cached platformdirs-4.3.8-py3-none-any.whl (18 kB)
2025-08-21T12:52:35.6468128Z Using cached port_for-0.7.4-py3-none-any.whl (21 kB)
2025-08-21T12:52:35.6481475Z Using cached prompt_toolkit-3.0.51-py3-none-any.whl (387 kB)
2025-08-21T12:52:35.6497337Z Using cached psutil-7.0.0-cp36-abi3-manylinux_2_12_x86_64.manylinux2010_x86_64.manylinux_2_17_x86_64.manylinux2014_x86_64.whl (277 kB)
2025-08-21T12:52:35.6511716Z Using cached pydantic_extra_types-2.10.5-py3-none-any.whl (38 kB)
2025-08-21T12:52:35.6524975Z Using cached pydantic_settings-2.10.1-py3-none-any.whl (45 kB)
2025-08-21T12:52:35.6537824Z Using cached pygments-2.19.2-py3-none-any.whl (1.2 MB)
2025-08-21T12:52:35.6559416Z Using cached pytz-2025.2-py2.py3-none-any.whl (509 kB)
2025-08-21T12:52:35.6575997Z Using cached rich_toolkit-0.15.0-py3-none-any.whl (29 kB)
2025-08-21T12:52:35.6588883Z Using cached rich-14.1.0-py3-none-any.whl (243 kB)
2025-08-21T12:52:35.6603336Z Using cached markdown_it_py-4.0.0-py3-none-any.whl (87 kB)
2025-08-21T12:52:35.6616493Z Using cached mdurl-0.1.2-py3-none-any.whl (10.0 kB)
2025-08-21T12:52:35.6629467Z Using cached rignore-0.6.4-cp311-cp311-manylinux_2_17_x86_64.manylinux2014_x86_64.whl (950 kB)
2025-08-21T12:52:35.6649370Z Using cached sentry_sdk-2.35.0-py2.py3-none-any.whl (363 kB)
2025-08-21T12:52:35.6664617Z Using cached six-1.17.0-py2.py3-none-any.whl (11 kB)
2025-08-21T12:52:35.6677295Z Using cached sniffio-1.3.1-py3-none-any.whl (10 kB)
2025-08-21T12:52:35.6689843Z Using cached typer-0.16.1-py3-none-any.whl (46 kB)
2025-08-21T12:52:35.6703106Z Using cached shellingham-1.5.4-py2.py3-none-any.whl (9.8 kB)
2025-08-21T12:52:35.6715513Z Using cached typing_inspect-0.9.0-py3-none-any.whl (8.8 kB)
2025-08-21T12:52:35.6729712Z Using cached typing_inspection-0.4.1-py3-none-any.whl (14 kB)
2025-08-21T12:52:35.6742713Z Using cached tzdata-2025.2-py2.py3-none-any.whl (347 kB)
2025-08-21T12:52:35.6757684Z Using cached tzlocal-5.3.1-py3-none-any.whl (18 kB)
2025-08-21T12:52:35.6770653Z Using cached ujson-5.11.0-cp311-cp311-manylinux_2_24_x86_64.manylinux_2_28_x86_64.whl (57 kB)
2025-08-21T12:52:35.6783687Z Using cached uvicorn-0.35.0-py3-none-any.whl (66 kB)
2025-08-21T12:52:35.6797144Z Using cached httptools-0.6.4-cp311-cp311-manylinux_2_5_x86_64.manylinux1_x86_64.manylinux_2_17_x86_64.manylinux2014_x86_64.whl (459 kB)
2025-08-21T12:52:35.6812980Z Using cached uvloop-0.21.0-cp311-cp311-manylinux_2_17_x86_64.manylinux2014_x86_64.whl (4.0 MB)
2025-08-21T12:52:35.6854332Z Using cached watchfiles-1.1.0-cp311-cp311-manylinux_2_17_x86_64.manylinux2014_x86_64.whl (453 kB)
2025-08-21T12:52:35.6870482Z Using cached websockets-15.0.1-cp311-cp311-manylinux_2_5_x86_64.manylinux1_x86_64.manylinux_2_17_x86_64.manylinux2014_x86_64.whl (182 kB)
2025-08-21T12:52:35.6883958Z Using cached yapf-0.43.0-py3-none-any.whl (256 kB)
2025-08-21T12:52:35.6898346Z Using cached argon2_cffi-25.1.0-py3-none-any.whl (14 kB)
2025-08-21T12:52:35.6911743Z Using cached argon2_cffi_bindings-25.1.0-cp39-abi3-manylinux_2_26_x86_64.manylinux_2_28_x86_64.whl (87 kB)
2025-08-21T12:52:35.6924948Z Using cached cffi-1.17.1-cp311-cp311-manylinux_2_17_x86_64.manylinux2014_x86_64.whl (467 kB)
2025-08-21T12:52:35.6940691Z Using cached docker-7.1.0-py3-none-any.whl (147 kB)
2025-08-21T12:52:35.6954491Z Using cached et_xmlfile-2.0.0-py3-none-any.whl (18 kB)
2025-08-21T12:52:35.6967045Z Using cached mako-1.3.10-py3-none-any.whl (78 kB)
2025-08-21T12:52:35.6980255Z Using cached pycparser-2.22-py3-none-any.whl (117 kB)
2025-08-21T12:52:35.6994215Z Using cached pycryptodome-3.23.0-cp37-abi3-manylinux_2_17_x86_64.manylinux2014_x86_64.whl (2.3 MB)
2025-08-21T12:52:35.7023211Z Using cached toml-0.10.2-py2.py3-none-any.whl (16 kB)
2025-08-21T12:52:35.7036378Z Using cached typeguard-4.4.4-py3-none-any.whl (34 kB)
2025-08-21T12:52:35.7049595Z Using cached watchdog-6.0.0-py3-none-manylinux2014_x86_64.whl (79 kB)
2025-08-21T12:52:35.7062676Z Using cached wcwidth-0.2.13-py2.py3-none-any.whl (34 kB)
2025-08-21T12:52:36.1165370Z Installing collected packages: wcwidth, pytz, wrapt, websockets, watchdog, vine, uvloop, urllib3, ujson, tzlocal, tzdata, typing-extensions, tomli_w, tomli, toml, structlog, sniffio, six, shellingham, ruff, rignore, redis, PyYAML, python-multipart, python-dotenv, pygments, pycryptodome, pycparser, psycopg2-binary, psycopg-binary, psutil, prompt-toolkit, port-for, pluggy, platformdirs, pathspec, packaging, orjson, numpy, nr-stream, nr-date, mypy-extensions, multimethod, mdurl, MarkupSafe, jmespath, itsdangerous, iniconfig, imapclient, idna, httptools, h11, greenlet, et-xmlfile, docstring-parser, dnspython, coverage, click, charset_normalizer, certifi, billiard, asyncpg, annotated-types, yapf, vulture, uvicorn, typing-inspection, typing-inspect, types-requests, typeguard, typeapi, sqlalchemy, sentry-sdk, requests, python-dateutil, pytest, pydantic-core, psycopg, openpyxl, mypy, mirakuru, markdown-it-py, Mako, Jinja2, httpcore, email-validator, Deprecated, click-repl, click-plugins, click-didyoumean, cffi, black, apscheduler, anyio, amqp, watchfiles, starlette, rich, pytest-postgresql, pytest-cov, pytest-asyncio, pydantic, pandas, nr-util, kombu, httpx, docker, databind, botocore, argon2-cffi-bindings, alembic, typer, testcontainers, s3transfer, rich-toolkit, respx, python-telegram-bot, pydantic-settings, pydantic-extra-types, pandera, fastapi, databind.json, databind.core, celery, asgi-correlation-id, argon2-cffi, minio, fastapi-limiter, fastapi-cloud-cli, fastapi-cli, docspec, boto3, docspec-python, pydoc-markdown
2025-08-21T12:52:52.6660551Z 
2025-08-21T12:52:52.6726542Z Successfully installed Deprecated-1.2.18 Jinja2-3.1.6 Mako-1.3.10 MarkupSafe-3.0.2 PyYAML-6.0.2 alembic-1.16.4 amqp-5.3.1 annotated-types-0.7.0 anyio-4.10.0 apscheduler-3.10.4 argon2-cffi-25.1.0 argon2-cffi-bindings-25.1.0 asgi-correlation-id-4.3.1 asyncpg-0.30.0 billiard-4.2.1 black-25.1.0 boto3-1.40.14 botocore-1.40.14 celery-5.5.3 certifi-2025.8.3 cffi-1.17.1 charset_normalizer-3.4.3 click-8.2.1 click-didyoumean-0.3.1 click-plugins-1.1.1.2 click-repl-0.3.0 coverage-7.10.4 databind-4.5.2 databind.core-4.5.2 databind.json-4.5.2 dnspython-2.7.0 docker-7.1.0 docspec-2.2.1 docspec-python-2.2.2 docstring-parser-0.11 email-validator-2.2.0 et-xmlfile-2.0.0 fastapi-0.116.1 fastapi-cli-0.0.8 fastapi-cloud-cli-0.1.5 fastapi-limiter-0.1.6 greenlet-3.2.4 h11-0.16.0 httpcore-1.0.9 httptools-0.6.4 httpx-0.28.1 idna-3.10 imapclient-3.0.1 iniconfig-2.1.0 itsdangerous-2.2.0 jmespath-1.0.1 kombu-5.5.4 markdown-it-py-4.0.0 mdurl-0.1.2 minio-7.2.16 mirakuru-2.6.1 multimethod-1.10 mypy-1.17.1 mypy-extensions-1.1.0 nr-date-2.1.0 nr-stream-1.1.5 nr-util-0.8.12 numpy-1.26.4 openpyxl-3.1.5 orjson-3.11.2 packaging-25.0 pandas-2.2.3 pandera-0.19.3 pathspec-0.12.1 platformdirs-4.3.8 pluggy-1.6.0 port-for-0.7.4 prompt-toolkit-3.0.51 psutil-7.0.0 psycopg-3.2.9 psycopg-binary-3.2.9 psycopg2-binary-2.9.10 pycparser-2.22 pycryptodome-3.23.0 pydantic-2.11.7 pydantic-core-2.33.2 pydantic-extra-types-2.10.5 pydantic-settings-2.10.1 pydoc-markdown-4.8.2 pygments-2.19.2 pytest-8.4.1 pytest-asyncio-1.1.0 pytest-cov-6.2.1 pytest-postgresql-7.0.2 python-dateutil-2.9.0.post0 python-dotenv-1.1.1 python-multipart-0.0.20 python-telegram-bot-22.3 pytz-2025.2 redis-6.4.0 requests-2.32.4 respx-0.22.0 rich-14.1.0 rich-toolkit-0.15.0 rignore-0.6.4 ruff-0.9.9 s3transfer-0.13.1 sentry-sdk-2.35.0 shellingham-1.5.4 six-1.17.0 sniffio-1.3.1 sqlalchemy-2.0.43 starlette-0.47.2 structlog-24.1.0 testcontainers-4.12.0 toml-0.10.2 tomli-2.2.1 tomli_w-1.2.0 typeapi-2.2.4 typeguard-4.4.4 typer-0.16.1 types-requests-2.32.4.20250809 typing-extensions-4.14.1 typing-inspect-0.9.0 typing-inspection-0.4.1 tzdata-2025.2 tzlocal-5.3.1 ujson-5.11.0 urllib3-2.5.0 uvicorn-0.35.0 uvloop-0.21.0 vine-5.1.0 vulture-2.10 watchdog-6.0.0 watchfiles-1.1.0 wcwidth-0.2.13 websockets-15.0.1 wrapt-1.17.3 yapf-0.43.0
2025-08-21T12:52:54.2426179Z Collecting keepa==1.3.15
2025-08-21T12:52:54.2442856Z   Using cached keepa-1.3.15-py3-none-any.whl.metadata (11 kB)
2025-08-21T12:52:54.2753916Z Collecting minio==7.1.15
2025-08-21T12:52:54.2770957Z   Using cached minio-7.1.15-py3-none-any.whl.metadata (4.2 kB)
2025-08-21T12:52:54.2799690Z Requirement already satisfied: numpy>=1.9.3 in /opt/hostedtoolcache/Python/3.11.13/x64/lib/python3.11/site-packages (from keepa==1.3.15) (1.26.4)
2025-08-21T12:52:54.2804794Z Requirement already satisfied: requests>=2.2 in /opt/hostedtoolcache/Python/3.11.13/x64/lib/python3.11/site-packages (from keepa==1.3.15) (2.32.4)
2025-08-21T12:52:54.3149982Z Collecting tqdm (from keepa==1.3.15)
2025-08-21T12:52:54.3165865Z   Using cached tqdm-4.67.1-py3-none-any.whl.metadata (57 kB)
2025-08-21T12:52:54.7937688Z Collecting aiohttp (from keepa==1.3.15)
2025-08-21T12:52:54.7954156Z   Using cached aiohttp-3.12.15-cp311-cp311-manylinux_2_17_x86_64.manylinux2014_x86_64.whl.metadata (7.7 kB)
2025-08-21T12:52:54.7984337Z Requirement already satisfied: pandas<=3.0 in /opt/hostedtoolcache/Python/3.11.13/x64/lib/python3.11/site-packages (from keepa==1.3.15) (2.2.3)
2025-08-21T12:52:54.7988360Z Requirement already satisfied: pydantic in /opt/hostedtoolcache/Python/3.11.13/x64/lib/python3.11/site-packages (from keepa==1.3.15) (2.11.7)
2025-08-21T12:52:54.7995320Z Requirement already satisfied: certifi in /opt/hostedtoolcache/Python/3.11.13/x64/lib/python3.11/site-packages (from minio==7.1.15) (2025.8.3)
2025-08-21T12:52:54.7998473Z Requirement already satisfied: urllib3 in /opt/hostedtoolcache/Python/3.11.13/x64/lib/python3.11/site-packages (from minio==7.1.15) (2.5.0)
2025-08-21T12:52:54.8046125Z Requirement already satisfied: python-dateutil>=2.8.2 in /opt/hostedtoolcache/Python/3.11.13/x64/lib/python3.11/site-packages (from pandas<=3.0->keepa==1.3.15) (2.9.0.post0)
2025-08-21T12:52:54.8050669Z Requirement already satisfied: pytz>=2020.1 in /opt/hostedtoolcache/Python/3.11.13/x64/lib/python3.11/site-packages (from pandas<=3.0->keepa==1.3.15) (2025.2)
2025-08-21T12:52:54.8054902Z Requirement already satisfied: tzdata>=2022.7 in /opt/hostedtoolcache/Python/3.11.13/x64/lib/python3.11/site-packages (from pandas<=3.0->keepa==1.3.15) (2025.2)
2025-08-21T12:52:54.8167656Z Requirement already satisfied: six>=1.5 in /opt/hostedtoolcache/Python/3.11.13/x64/lib/python3.11/site-packages (from python-dateutil>=2.8.2->pandas<=3.0->keepa==1.3.15) (1.17.0)
2025-08-21T12:52:54.8184425Z Requirement already satisfied: charset_normalizer<4,>=2 in /opt/hostedtoolcache/Python/3.11.13/x64/lib/python3.11/site-packages (from requests>=2.2->keepa==1.3.15) (3.4.3)
2025-08-21T12:52:54.8189139Z Requirement already satisfied: idna<4,>=2.5 in /opt/hostedtoolcache/Python/3.11.13/x64/lib/python3.11/site-packages (from requests>=2.2->keepa==1.3.15) (3.10)
2025-08-21T12:52:54.8410543Z Collecting aiohappyeyeballs>=2.5.0 (from aiohttp->keepa==1.3.15)
2025-08-21T12:52:54.8424165Z   Using cached aiohappyeyeballs-2.6.1-py3-none-any.whl.metadata (5.9 kB)
2025-08-21T12:52:54.8549290Z Collecting aiosignal>=1.4.0 (from aiohttp->keepa==1.3.15)
2025-08-21T12:52:54.8562489Z   Using cached aiosignal-1.4.0-py3-none-any.whl.metadata (3.7 kB)
2025-08-21T12:52:54.8794473Z Collecting attrs>=17.3.0 (from aiohttp->keepa==1.3.15)
2025-08-21T12:52:54.8807692Z   Using cached attrs-25.3.0-py3-none-any.whl.metadata (10 kB)
2025-08-21T12:52:54.9477989Z Collecting frozenlist>=1.1.1 (from aiohttp->keepa==1.3.15)
2025-08-21T12:52:54.9494116Z   Using cached frozenlist-1.7.0-cp311-cp311-manylinux_2_5_x86_64.manylinux1_x86_64.manylinux_2_17_x86_64.manylinux2014_x86_64.whl.metadata (18 kB)
2025-08-21T12:52:55.1656268Z Collecting multidict<7.0,>=4.5 (from aiohttp->keepa==1.3.15)
2025-08-21T12:52:55.1671615Z   Using cached multidict-6.6.4-cp311-cp311-manylinux2014_x86_64.manylinux_2_17_x86_64.manylinux_2_28_x86_64.whl.metadata (5.3 kB)
2025-08-21T12:52:55.2091683Z Collecting propcache>=0.2.0 (from aiohttp->keepa==1.3.15)
2025-08-21T12:52:55.2105398Z   Using cached propcache-0.3.2-cp311-cp311-manylinux_2_17_x86_64.manylinux2014_x86_64.whl.metadata (12 kB)
2025-08-21T12:52:55.4596233Z Collecting yarl<2.0,>=1.17.0 (from aiohttp->keepa==1.3.15)
2025-08-21T12:52:55.4611378Z   Using cached yarl-1.20.1-cp311-cp311-manylinux_2_17_x86_64.manylinux2014_x86_64.whl.metadata (73 kB)
2025-08-21T12:52:55.4808559Z Requirement already satisfied: typing-extensions>=4.2 in /opt/hostedtoolcache/Python/3.11.13/x64/lib/python3.11/site-packages (from aiosignal>=1.4.0->aiohttp->keepa==1.3.15) (4.14.1)
2025-08-21T12:52:55.4852438Z Requirement already satisfied: annotated-types>=0.6.0 in /opt/hostedtoolcache/Python/3.11.13/x64/lib/python3.11/site-packages (from pydantic->keepa==1.3.15) (0.7.0)
2025-08-21T12:52:55.4856842Z Requirement already satisfied: pydantic-core==2.33.2 in /opt/hostedtoolcache/Python/3.11.13/x64/lib/python3.11/site-packages (from pydantic->keepa==1.3.15) (2.33.2)
2025-08-21T12:52:55.4863291Z Requirement already satisfied: typing-inspection>=0.4.0 in /opt/hostedtoolcache/Python/3.11.13/x64/lib/python3.11/site-packages (from pydantic->keepa==1.3.15) (0.4.1)
2025-08-21T12:52:55.4922348Z Using cached keepa-1.3.15-py3-none-any.whl (38 kB)
2025-08-21T12:52:55.4935605Z Using cached minio-7.1.15-py3-none-any.whl (77 kB)
2025-08-21T12:52:55.4949346Z Using cached aiohttp-3.12.15-cp311-cp311-manylinux_2_17_x86_64.manylinux2014_x86_64.whl (1.7 MB)
2025-08-21T12:52:55.4975377Z Using cached multidict-6.6.4-cp311-cp311-manylinux2014_x86_64.manylinux_2_17_x86_64.manylinux_2_28_x86_64.whl (246 kB)
2025-08-21T12:52:55.4989374Z Using cached yarl-1.20.1-cp311-cp311-manylinux_2_17_x86_64.manylinux2014_x86_64.whl (348 kB)
2025-08-21T12:52:55.5004544Z Using cached aiohappyeyeballs-2.6.1-py3-none-any.whl (15 kB)
2025-08-21T12:52:55.5017228Z Using cached aiosignal-1.4.0-py3-none-any.whl (7.5 kB)
2025-08-21T12:52:55.5030035Z Using cached attrs-25.3.0-py3-none-any.whl (63 kB)
2025-08-21T12:52:55.5044016Z Using cached frozenlist-1.7.0-cp311-cp311-manylinux_2_5_x86_64.manylinux1_x86_64.manylinux_2_17_x86_64.manylinux2014_x86_64.whl (235 kB)
2025-08-21T12:52:55.5058006Z Using cached propcache-0.3.2-cp311-cp311-manylinux_2_17_x86_64.manylinux2014_x86_64.whl (213 kB)
2025-08-21T12:52:55.5072031Z Using cached tqdm-4.67.1-py3-none-any.whl (78 kB)
2025-08-21T12:52:55.6587416Z Installing collected packages: tqdm, propcache, multidict, minio, frozenlist, attrs, aiohappyeyeballs, yarl, aiosignal, aiohttp, keepa
2025-08-21T12:52:55.7281878Z   Attempting uninstall: minio
2025-08-21T12:52:55.7313849Z     Found existing installation: minio 7.2.16
2025-08-21T12:52:55.7346515Z     Uninstalling minio-7.2.16:
2025-08-21T12:52:55.7356522Z       Successfully uninstalled minio-7.2.16
2025-08-21T12:52:56.0605658Z 
2025-08-21T12:52:56.0661819Z Successfully installed aiohappyeyeballs-2.6.1 aiohttp-3.12.15 aiosignal-1.4.0 attrs-25.3.0 frozenlist-1.7.0 keepa-1.3.15 minio-7.1.15 multidict-6.6.4 propcache-0.3.2 tqdm-4.67.1 yarl-1.20.1
2025-08-21T12:52:56.2431158Z ##[group]Run sudo apt-get update
2025-08-21T12:52:56.2431493Z [36;1msudo apt-get update[0m
2025-08-21T12:52:56.2431762Z [36;1msudo apt-get install -y postgresql[0m
2025-08-21T12:52:56.2432248Z [36;1mecho "/usr/lib/postgresql/$(pg_config --version | cut -d' ' -f2 | cut -d'.' -f1,2)/bin" >> $GITHUB_PATH[0m
2025-08-21T12:52:56.2472485Z shell: /usr/bin/bash -e {0}
2025-08-21T12:52:56.2472715Z env:
2025-08-21T12:52:56.2472888Z   PG_USER: postgres
2025-08-21T12:52:56.2473083Z   PG_PASSWORD: pass
2025-08-21T12:52:56.2473272Z   PG_DATABASE: awa
2025-08-21T12:52:56.2473458Z   PG_HOST: localhost
2025-08-21T12:52:56.2473647Z   PG_PORT: 5432
2025-08-21T12:52:56.2474095Z   PG_SYNC_DSN: ***localhost:5432/awa
2025-08-21T12:52:56.2474507Z   PG_ASYNC_DSN: ***localhost:5432/awa
2025-08-21T12:52:56.2474896Z   DATABASE_URL: ***localhost:5432/awa
2025-08-21T12:52:56.2475138Z   DATA_DIR: /tmp/awa-data
2025-08-21T12:52:56.2475351Z   ENABLE_LIVE: 0
2025-08-21T12:52:56.2475539Z   TESTING: 1
2025-08-21T12:52:56.2475820Z   pythonLocation: /opt/hostedtoolcache/Python/3.11.13/x64
2025-08-21T12:52:56.2476229Z   PKG_CONFIG_PATH: /opt/hostedtoolcache/Python/3.11.13/x64/lib/pkgconfig
2025-08-21T12:52:56.2476618Z   Python_ROOT_DIR: /opt/hostedtoolcache/Python/3.11.13/x64
2025-08-21T12:52:56.2476978Z   Python2_ROOT_DIR: /opt/hostedtoolcache/Python/3.11.13/x64
2025-08-21T12:52:56.2477346Z   Python3_ROOT_DIR: /opt/hostedtoolcache/Python/3.11.13/x64
2025-08-21T12:52:56.2477708Z   LD_LIBRARY_PATH: /opt/hostedtoolcache/Python/3.11.13/x64/lib
2025-08-21T12:52:56.2478009Z ##[endgroup]
2025-08-21T12:52:56.3436870Z Get:1 file:/etc/apt/apt-mirrors.txt Mirrorlist [144 B]
2025-08-21T12:52:56.3806548Z Hit:2 http://azure.archive.ubuntu.com/ubuntu noble InRelease
2025-08-21T12:52:56.3824883Z Get:3 http://azure.archive.ubuntu.com/ubuntu noble-updates InRelease [126 kB]
2025-08-21T12:52:56.3901961Z Get:4 http://azure.archive.ubuntu.com/ubuntu noble-backports InRelease [126 kB]
2025-08-21T12:52:56.3955210Z Get:5 http://azure.archive.ubuntu.com/ubuntu noble-security InRelease [126 kB]
2025-08-21T12:52:56.4007494Z Hit:6 https://packages.microsoft.com/repos/azure-cli noble InRelease
2025-08-21T12:52:56.4008593Z Get:7 https://packages.microsoft.com/ubuntu/24.04/prod noble InRelease [3600 B]
2025-08-21T12:52:56.5334086Z Get:8 http://azure.archive.ubuntu.com/ubuntu noble-updates/main amd64 Packages [1350 kB]
2025-08-21T12:52:56.5518885Z Get:9 http://azure.archive.ubuntu.com/ubuntu noble-updates/main Translation-en [268 kB]
2025-08-21T12:52:56.5554316Z Get:10 http://azure.archive.ubuntu.com/ubuntu noble-updates/main amd64 Components [175 kB]
2025-08-21T12:52:56.5574535Z Get:11 http://azure.archive.ubuntu.com/ubuntu noble-updates/universe amd64 Packages [1124 kB]
2025-08-21T12:52:56.5651184Z Get:12 http://azure.archive.ubuntu.com/ubuntu noble-updates/universe Translation-en [288 kB]
2025-08-21T12:52:56.5683165Z Get:13 http://azure.archive.ubuntu.com/ubuntu noble-updates/universe amd64 Components [377 kB]
2025-08-21T12:52:56.5721968Z Get:14 http://azure.archive.ubuntu.com/ubuntu noble-updates/restricted amd64 Packages [1728 kB]
2025-08-21T12:52:56.5853192Z Get:15 http://azure.archive.ubuntu.com/ubuntu noble-updates/restricted Translation-en [382 kB]
2025-08-21T12:52:56.5872903Z Get:16 http://azure.archive.ubuntu.com/ubuntu noble-updates/restricted amd64 Components [212 B]
2025-08-21T12:52:56.5882412Z Get:17 http://azure.archive.ubuntu.com/ubuntu noble-updates/multiverse amd64 Components [940 B]
2025-08-21T12:52:56.6336726Z Get:18 http://azure.archive.ubuntu.com/ubuntu noble-backports/main amd64 Components [7068 B]
2025-08-21T12:52:56.6338886Z Get:19 http://azure.archive.ubuntu.com/ubuntu noble-backports/universe amd64 Components [19.2 kB]
2025-08-21T12:52:56.6339985Z Get:20 http://azure.archive.ubuntu.com/ubuntu noble-backports/restricted amd64 Components [216 B]
2025-08-21T12:52:56.6347039Z Get:21 http://azure.archive.ubuntu.com/ubuntu noble-backports/multiverse amd64 Components [212 B]
2025-08-21T12:52:56.6365539Z Get:22 http://azure.archive.ubuntu.com/ubuntu noble-security/main amd64 Packages [1083 kB]
2025-08-21T12:52:56.6441039Z Get:23 http://azure.archive.ubuntu.com/ubuntu noble-security/main Translation-en [187 kB]
2025-08-21T12:52:56.6465515Z Get:24 http://azure.archive.ubuntu.com/ubuntu noble-security/main amd64 Components [21.6 kB]
2025-08-21T12:52:56.6474111Z Get:25 http://azure.archive.ubuntu.com/ubuntu noble-security/universe amd64 Packages [881 kB]
2025-08-21T12:52:56.6538121Z Get:26 http://azure.archive.ubuntu.com/ubuntu noble-security/universe Translation-en [195 kB]
2025-08-21T12:52:56.6563241Z Get:27 http://azure.archive.ubuntu.com/ubuntu noble-security/universe amd64 Components [52.2 kB]
2025-08-21T12:52:56.6574693Z Get:28 http://azure.archive.ubuntu.com/ubuntu noble-security/restricted amd64 Packages [1631 kB]
2025-08-21T12:52:56.6680680Z Get:29 http://azure.archive.ubuntu.com/ubuntu noble-security/restricted Translation-en [361 kB]
2025-08-21T12:52:56.6710495Z Get:30 http://azure.archive.ubuntu.com/ubuntu noble-security/restricted amd64 Components [212 B]
2025-08-21T12:52:56.6717119Z Get:31 http://azure.archive.ubuntu.com/ubuntu noble-security/multiverse amd64 Components [212 B]
2025-08-21T12:52:56.7636707Z Get:32 https://packages.microsoft.com/ubuntu/24.04/prod noble/main amd64 Packages [48.6 kB]
2025-08-21T12:52:56.7795786Z Get:33 https://packages.microsoft.com/ubuntu/24.04/prod noble/main arm64 Packages [33.2 kB]
2025-08-21T12:52:56.7887619Z Get:34 https://packages.microsoft.com/ubuntu/24.04/prod noble/main armhf Packages [9870 B]
2025-08-21T12:53:06.1381200Z Fetched 10.6 MB in 1s (8375 kB/s)
2025-08-21T12:53:06.8498096Z Reading package lists...
2025-08-21T12:53:06.8815450Z Reading package lists...
2025-08-21T12:53:07.0512307Z Building dependency tree...
2025-08-21T12:53:07.0519718Z Reading state information...
2025-08-21T12:53:07.2066841Z Suggested packages:
2025-08-21T12:53:07.2067127Z   postgresql-doc
2025-08-21T12:53:07.2212569Z The following NEW packages will be installed:
2025-08-21T12:53:07.2213247Z   postgresql
2025-08-21T12:53:07.2381606Z 0 upgraded, 1 newly installed, 0 to remove and 21 not upgraded.
2025-08-21T12:53:07.2382375Z Need to get 11.6 kB of archives.
2025-08-21T12:53:07.2383230Z After this operation, 17.4 kB of additional disk space will be used.
2025-08-21T12:53:07.2383753Z Get:1 file:/etc/apt/apt-mirrors.txt Mirrorlist [144 B]
2025-08-21T12:53:07.2738098Z Get:2 http://azure.archive.ubuntu.com/ubuntu noble-updates/main amd64 postgresql all 16+257build1.1 [11.6 kB]
2025-08-21T12:53:07.5306190Z Fetched 11.6 kB in 0s (253 kB/s)
2025-08-21T12:53:07.5662881Z Selecting previously unselected package postgresql.
2025-08-21T12:53:07.6352743Z (Reading database ... 
2025-08-21T12:53:07.6353429Z (Reading database ... 5%
2025-08-21T12:53:07.6354019Z (Reading database ... 10%
2025-08-21T12:53:07.6354807Z (Reading database ... 15%
2025-08-21T12:53:07.6355209Z (Reading database ... 20%
2025-08-21T12:53:07.6355698Z (Reading database ... 25%
2025-08-21T12:53:07.6356104Z (Reading database ... 30%
2025-08-21T12:53:07.6356459Z (Reading database ... 35%
2025-08-21T12:53:07.6356866Z (Reading database ... 40%
2025-08-21T12:53:07.6371518Z (Reading database ... 45%
2025-08-21T12:53:07.6371824Z (Reading database ... 50%
2025-08-21T12:53:07.7211469Z (Reading database ... 55%
2025-08-21T12:53:07.8666927Z (Reading database ... 60%
2025-08-21T12:53:08.0653404Z (Reading database ... 65%
2025-08-21T12:53:08.2018721Z (Reading database ... 70%
2025-08-21T12:53:08.3950799Z (Reading database ... 75%
2025-08-21T12:53:08.7381645Z (Reading database ... 80%
2025-08-21T12:53:09.3486233Z (Reading database ... 85%
2025-08-21T12:53:09.9645527Z (Reading database ... 90%
2025-08-21T12:53:10.5034363Z (Reading database ... 95%
2025-08-21T12:53:10.5034852Z (Reading database ... 100%
2025-08-21T12:53:10.5035226Z (Reading database ... 219830 files and directories currently installed.)
2025-08-21T12:53:10.5080623Z Preparing to unpack .../postgresql_16+257build1.1_all.deb ...
2025-08-21T12:53:10.5112360Z Unpacking postgresql (16+257build1.1) ...
2025-08-21T12:53:10.5540581Z Setting up postgresql (16+257build1.1) ...
2025-08-21T12:53:11.6275466Z 
2025-08-21T12:53:11.6276021Z Running kernel seems to be up-to-date.
2025-08-21T12:53:11.6276288Z 
2025-08-21T12:53:11.6276434Z Restarting services...
2025-08-21T12:53:11.6345978Z 
2025-08-21T12:53:11.6346364Z Service restarts being deferred:
2025-08-21T12:53:11.6347434Z  systemctl restart hosted-compute-agent.service
2025-08-21T12:53:11.6347717Z 
2025-08-21T12:53:11.6348186Z No containers need to be restarted.
2025-08-21T12:53:11.6348518Z 
2025-08-21T12:53:11.6348728Z No user sessions are running outdated binaries.
2025-08-21T12:53:11.6349058Z 
2025-08-21T12:53:11.6349383Z No VM guests are running outdated hypervisor (qemu) binaries on this host.
2025-08-21T12:53:12.5203881Z ##[group]Run pytest tests/migrations/test_migration_roundtrip.py -q -m integration --cov=services --cov-append --cov-fail-under=0 -o addopts=''
2025-08-21T12:53:12.5204884Z [36;1mpytest tests/migrations/test_migration_roundtrip.py -q -m integration --cov=services --cov-append --cov-fail-under=0 -o addopts=''[0m
2025-08-21T12:53:12.5245298Z shell: /usr/bin/bash -e {0}
2025-08-21T12:53:12.5245540Z env:
2025-08-21T12:53:12.5245722Z   PG_USER: postgres
2025-08-21T12:53:12.5245930Z   PG_PASSWORD: pass
2025-08-21T12:53:12.5246116Z   PG_DATABASE: awa
2025-08-21T12:53:12.5246312Z   PG_HOST: localhost
2025-08-21T12:53:12.5246521Z   PG_PORT: 5432
2025-08-21T12:53:12.5246969Z   PG_SYNC_DSN: ***localhost:5432/awa
2025-08-21T12:53:12.5247390Z   PG_ASYNC_DSN: ***localhost:5432/awa
2025-08-21T12:53:12.5247790Z   DATABASE_URL: ***localhost:5432/awa
2025-08-21T12:53:12.5248034Z   DATA_DIR: /tmp/awa-data
2025-08-21T12:53:12.5248244Z   ENABLE_LIVE: 0
2025-08-21T12:53:12.5248429Z   TESTING: 1
2025-08-21T12:53:12.5248698Z   pythonLocation: /opt/hostedtoolcache/Python/3.11.13/x64
2025-08-21T12:53:12.5249111Z   PKG_CONFIG_PATH: /opt/hostedtoolcache/Python/3.11.13/x64/lib/pkgconfig
2025-08-21T12:53:12.5249527Z   Python_ROOT_DIR: /opt/hostedtoolcache/Python/3.11.13/x64
2025-08-21T12:53:12.5249876Z   Python2_ROOT_DIR: /opt/hostedtoolcache/Python/3.11.13/x64
2025-08-21T12:53:12.5250434Z   Python3_ROOT_DIR: /opt/hostedtoolcache/Python/3.11.13/x64
2025-08-21T12:53:12.5250799Z   LD_LIBRARY_PATH: /opt/hostedtoolcache/Python/3.11.13/x64/lib
2025-08-21T12:53:12.5251105Z ##[endgroup]
2025-08-21T12:53:14.5973013Z s                                                                        [100%]
2025-08-21T12:53:14.5974037Z ================================ tests coverage ================================
2025-08-21T12:53:14.5974681Z _______________ coverage: platform linux, python 3.11.13-final-0 _______________
2025-08-21T12:53:14.5975132Z 
2025-08-21T12:53:14.5975344Z Name                                                       Stmts   Miss  Cover
2025-08-21T12:53:14.5975872Z ------------------------------------------------------------------------------
2025-08-21T12:53:14.5976434Z services/__init__.py                                           0      0   100%
2025-08-21T12:53:14.5977052Z services/alert_bot/__init__.py                                 0      0   100%
2025-08-21T12:53:14.5977714Z services/alert_bot/alert_bot.py                               22     22     0%
2025-08-21T12:53:14.5978407Z services/alert_bot/rules/__init__.py                          63     63     0%
2025-08-21T12:53:14.5979047Z services/api/__init__.py                                       0      0   100%
2025-08-21T12:53:14.5979650Z services/api/config.py                                        24     24     0%
2025-08-21T12:53:14.5980507Z services/api/db.py                                            16     16     0%
2025-08-21T12:53:14.5981108Z services/api/errors.py                                        39     39     0%
2025-08-21T12:53:14.5981782Z services/api/logging_config.py                                15     15     0%
2025-08-21T12:53:14.5982402Z services/api/main.py                                         112    112     0%
2025-08-21T12:53:14.5983027Z services/api/models/__init__.py                                0      0   100%
2025-08-21T12:53:14.5983666Z services/api/models/fee.py                                    11     11     0%
2025-08-21T12:53:14.5984326Z services/api/roi_repository.py                                21     21     0%
2025-08-21T12:53:14.5984986Z services/api/routes/__init__.py                                0      0   100%
2025-08-21T12:53:14.5985659Z services/api/routes/health.py                                 19     19     0%
2025-08-21T12:53:14.5986346Z services/api/routes/repository.py                             16     16     0%
2025-08-21T12:53:14.5987038Z services/api/routes/roi.py                                    77     77     0%
2025-08-21T12:53:14.5987952Z services/api/routes/score.py                                  56     56     0%
2025-08-21T12:53:14.5988665Z services/api/routes/stats.py                                  49     49     0%
2025-08-21T12:53:14.5989318Z services/api/security.py                                      10     10     0%
2025-08-21T12:53:14.5989951Z services/api/sentry_config.py                                 65     65     0%
2025-08-21T12:53:14.5990742Z services/common/__init__.py                                    4      0   100%
2025-08-21T12:53:14.5991345Z services/common/base.py                                        3      0   100%
2025-08-21T12:53:14.5991970Z services/common/config.py                                      4      4     0%
2025-08-21T12:53:14.5992590Z services/common/db.py                                         34     34     0%
2025-08-21T12:53:14.5993187Z services/common/db_url.py                                      4      4     0%
2025-08-21T12:53:14.5993801Z services/common/dsn.py                                        31     25    19%
2025-08-21T12:53:14.5994412Z services/common/keepa.py                                       7      4    43%
2025-08-21T12:53:14.5995019Z services/common/llm.py                                        65     65     0%
2025-08-21T12:53:14.5995639Z services/common/models_vendor.py                              24      0   100%
2025-08-21T12:53:14.5996286Z services/common/settings.py                                   20     20     0%
2025-08-21T12:53:14.5996891Z services/db/__init__.py                                        0      0   100%
2025-08-21T12:53:14.5997490Z services/db/utils/__init__.py                                  0      0   100%
2025-08-21T12:53:14.5998319Z services/db/utils/views.py                                     5      5     0%
2025-08-21T12:53:14.5998941Z services/emailer/__init__.py                                   4      4     0%
2025-08-21T12:53:14.5999600Z services/emailer/generate_body.py                              3      3     0%
2025-08-21T12:53:14.6000383Z services/etl/__init__.py                                       9      9     0%
2025-08-21T12:53:14.6000954Z services/etl/db.py                                             2      2     0%
2025-08-21T12:53:14.6001602Z services/etl/dialects/__init__.py                              9      9     0%
2025-08-21T12:53:14.6002326Z services/etl/dialects/amazon_ads_sp_cost.py                   31     31     0%
2025-08-21T12:53:14.6003060Z services/etl/dialects/amazon_fee_preview.py                   30     30     0%
2025-08-21T12:53:14.6003797Z services/etl/dialects/amazon_inventory_ledger.py              28     28     0%
2025-08-21T12:53:14.6004557Z services/etl/dialects/amazon_reimbursements.py                16     16     0%
2025-08-21T12:53:14.6005339Z services/etl/dialects/amazon_returns.py                       16     16     0%
2025-08-21T12:53:14.6006127Z services/etl/dialects/amazon_settlements.py                   27     27     0%
2025-08-21T12:53:14.6006854Z services/etl/dialects/schemas.py                              25     25     0%
2025-08-21T12:53:14.6007567Z services/etl/dialects/test_generic.py                         15     15     0%
2025-08-21T12:53:14.6008282Z services/etl/fba_fee_ingestor.py                              33     33     0%
2025-08-21T12:53:14.6008956Z services/etl/healthcheck.py                                   27     27     0%
2025-08-21T12:53:14.6009635Z services/etl/keepa_ingestor.py                                47     47     0%
2025-08-21T12:53:14.6010451Z services/etl/sp_fees_ingestor.py                              39     39     0%
2025-08-21T12:53:14.6011090Z services/fees_h10/__init__.py                                  0      0   100%
2025-08-21T12:53:14.6011710Z services/fees_h10/client.py                                   12     12     0%
2025-08-21T12:53:14.6012374Z services/fees_h10/repository.py                               39     39     0%
2025-08-21T12:53:14.6013015Z services/fees_h10/worker.py                                   47     47     0%
2025-08-21T12:53:14.6013849Z services/ingest/__init__.py                                    0      0   100%
2025-08-21T12:53:14.6014508Z services/ingest/celery_app.py                                 29     29     0%
2025-08-21T12:53:14.6015164Z services/ingest/copy_loader.py                                57     57     0%
2025-08-21T12:53:14.6015841Z services/ingest/email_watcher.py                              50     50     0%
2025-08-21T12:53:14.6016534Z services/ingest/healthcheck.py                                42     42     0%
2025-08-21T12:53:14.6017232Z services/ingest/ingest_router.py                               8      8     0%
2025-08-21T12:53:14.6017928Z services/ingest/maintenance.py                                31     31     0%
2025-08-21T12:53:14.6018583Z services/ingest/tasks.py                                      56     56     0%
2025-08-21T12:53:14.6019239Z services/ingest/upload_router.py                              22     22     0%
2025-08-21T12:53:14.6019893Z services/llm_server/__init__.py                                0      0   100%
2025-08-21T12:53:14.6020735Z services/llm_server/app.py                                    22     22     0%
2025-08-21T12:53:14.6021387Z services/logistics_etl/__init__.py                             0      0   100%
2025-08-21T12:53:14.6022043Z services/logistics_etl/__main__.py                             7      7     0%
2025-08-21T12:53:14.6022713Z services/logistics_etl/client.py                              20     20     0%
2025-08-21T12:53:14.6023374Z services/logistics_etl/cron.py                                11     11     0%
2025-08-21T12:53:14.6024042Z services/logistics_etl/db.py                                  13     13     0%
2025-08-21T12:53:14.6024872Z services/logistics_etl/dsn.py                                 33     33     0%
2025-08-21T12:53:14.6025527Z services/logistics_etl/flow.py                                14     14     0%
2025-08-21T12:53:14.6026212Z services/logistics_etl/repository.py                          50     50     0%
2025-08-21T12:53:14.6026918Z services/price_importer/__init__.py                            1      1     0%
2025-08-21T12:53:14.6027622Z services/price_importer/common/__init__.py                     2      2     0%
2025-08-21T12:53:14.6028362Z services/price_importer/common/base.py                         2      2     0%
2025-08-21T12:53:14.6029116Z services/price_importer/common/db_url.py                       6      6     0%
2025-08-21T12:53:14.6029929Z services/price_importer/common/models_vendor.py               22     22     0%
2025-08-21T12:53:14.6030800Z services/price_importer/import.py                             21     21     0%
2025-08-21T12:53:14.6031519Z services/price_importer/normaliser.py                         20     20     0%
2025-08-21T12:53:14.6032256Z services/price_importer/reader.py                             30     30     0%
2025-08-21T12:53:14.6033003Z services/price_importer/repository.py                         38     38     0%
2025-08-21T12:53:14.6033739Z services/price_importer/services_common/__init__.py            4      4     0%
2025-08-21T12:53:14.6034490Z services/price_importer/services_common/base.py                3      3     0%
2025-08-21T12:53:14.6035236Z services/price_importer/services_common/db.py                 34     34     0%
2025-08-21T12:53:14.6035974Z services/price_importer/services_common/db_url.py              4      4     0%
2025-08-21T12:53:14.6036715Z services/price_importer/services_common/dsn.py                27     27     0%
2025-08-21T12:53:14.6037455Z services/price_importer/services_common/keepa.py               7      7     0%
2025-08-21T12:53:14.6038180Z services/price_importer/services_common/llm.py                36     36     0%
2025-08-21T12:53:14.6038918Z services/price_importer/services_common/models_vendor.py      22     22     0%
2025-08-21T12:53:14.6039668Z services/price_importer/services_common/settings.py           19     19     0%
2025-08-21T12:53:14.6040515Z services/repricer/__init__.py                                  0      0   100%
2025-08-21T12:53:14.6041319Z services/repricer/app/__init__.py                              0      0   100%
2025-08-21T12:53:14.6041983Z services/repricer/app/deps.py                                  0      0   100%
2025-08-21T12:53:14.6042703Z services/repricer/app/logic.py                                 5      5     0%
2025-08-21T12:53:14.6043369Z services/repricer/app/main.py                                 20     20     0%
2025-08-21T12:53:14.6044041Z services/repricer/app/schemas.py                              10     10     0%
2025-08-21T12:53:14.6044649Z ------------------------------------------------------------------------------
2025-08-21T12:53:14.6045182Z TOTAL                                                       2073   2033     2%
2025-08-21T12:53:14.7185973Z 1 skipped in 0.43s
2025-08-21T12:53:14.8593111Z ##[group]Run actions/upload-artifact@v4
2025-08-21T12:53:14.8593615Z with:
2025-08-21T12:53:14.8593940Z   name: coverage.integration
2025-08-21T12:53:14.8594352Z   path: .coverage
2025-08-21T12:53:14.8594705Z   if-no-files-found: warn
2025-08-21T12:53:14.8595105Z   compression-level: 6
2025-08-21T12:53:14.8595487Z   overwrite: false
2025-08-21T12:53:14.8595840Z   include-hidden-files: false
2025-08-21T12:53:14.8596226Z env:
2025-08-21T12:53:14.8596534Z   PG_USER: postgres
2025-08-21T12:53:14.8596877Z   PG_PASSWORD: pass
2025-08-21T12:53:14.8597226Z   PG_DATABASE: awa
2025-08-21T12:53:14.8597568Z   PG_HOST: localhost
2025-08-21T12:53:14.8597915Z   PG_PORT: 5432
2025-08-21T12:53:14.8598648Z   PG_SYNC_DSN: ***localhost:5432/awa
2025-08-21T12:53:14.8599388Z   PG_ASYNC_DSN: ***localhost:5432/awa
2025-08-21T12:53:14.8600352Z   DATABASE_URL: ***localhost:5432/awa
2025-08-21T12:53:14.8601133Z   DATA_DIR: /tmp/awa-data
2025-08-21T12:53:14.8601586Z   ENABLE_LIVE: 0
2025-08-21T12:53:14.8601963Z   TESTING: 1
2025-08-21T12:53:14.8602414Z   pythonLocation: /opt/hostedtoolcache/Python/3.11.13/x64
2025-08-21T12:53:14.8603204Z   PKG_CONFIG_PATH: /opt/hostedtoolcache/Python/3.11.13/x64/lib/pkgconfig
2025-08-21T12:53:14.8603917Z   Python_ROOT_DIR: /opt/hostedtoolcache/Python/3.11.13/x64
2025-08-21T12:53:14.8604560Z   Python2_ROOT_DIR: /opt/hostedtoolcache/Python/3.11.13/x64
2025-08-21T12:53:14.8605196Z   Python3_ROOT_DIR: /opt/hostedtoolcache/Python/3.11.13/x64
2025-08-21T12:53:14.8605845Z   LD_LIBRARY_PATH: /opt/hostedtoolcache/Python/3.11.13/x64/lib
2025-08-21T12:53:14.8606403Z ##[endgroup]
2025-08-21T12:53:15.0725362Z ##[warning]No files were found with the provided path: .coverage. No artifacts will be uploaded.
2025-08-21T12:53:15.1323842Z Post job cleanup.
2025-08-21T12:53:15.2603352Z Cache hit occurred on the primary key Linux-int-cc13ccef493b9f3a93ad5651164d9fb09282c1111f6f72ce20e0657de16de6b4, not saving cache.
2025-08-21T12:53:15.2689052Z Post job cleanup.
2025-08-21T12:53:15.4183494Z Cache hit occurred on the primary key setup-python-Linux-x64-24.04-Ubuntu-python-3.11.13-pip-cc13ccef493b9f3a93ad5651164d9fb09282c1111f6f72ce20e0657de16de6b4, not saving cache.
2025-08-21T12:53:15.4285067Z Post job cleanup.
2025-08-21T12:53:15.5067296Z [command]/usr/bin/git version
2025-08-21T12:53:15.5102775Z git version 2.51.0
2025-08-21T12:53:15.5141304Z Temporarily overriding HOME='/home/runner/work/_temp/2dfb4f4a-9229-48c2-8b61-fd4517460956' before making global git config changes
2025-08-21T12:53:15.5142610Z Adding repository directory to the temporary git global config as a safe directory
2025-08-21T12:53:15.5147418Z [command]/usr/bin/git config --global --add safe.directory /home/runner/work/AWA-App/AWA-App
2025-08-21T12:53:15.5182695Z [command]/usr/bin/git config --local --name-only --get-regexp core\.sshCommand
2025-08-21T12:53:15.5215530Z [command]/usr/bin/git submodule foreach --recursive sh -c "git config --local --name-only --get-regexp 'core\.sshCommand' && git config --local --unset-all 'core.sshCommand' || :"
2025-08-21T12:53:15.5439389Z [command]/usr/bin/git config --local --name-only --get-regexp http\.https\:\/\/github\.com\/\.extraheader
2025-08-21T12:53:15.5460792Z http.https://github.com/.extraheader
2025-08-21T12:53:15.5470765Z [command]/usr/bin/git config --local --unset-all http.https://github.com/.extraheader
2025-08-21T12:53:15.5501873Z [command]/usr/bin/git submodule foreach --recursive sh -c "git config --local --name-only --get-regexp 'http\.https\:\/\/github\.com\/\.extraheader' && git config --local --unset-all 'http.https://github.com/.extraheader' || :"
2025-08-21T12:53:15.5844261Z Print service container logs: 8fb807e720a246f6b40649a0b27d8e54_postgres15_c9bb18
2025-08-21T12:53:15.5848720Z ##[command]/usr/bin/docker logs --details b5dda76f4b2ff9070a143e4cbd5f815db2a7ac9283a59720c021ed0a7ecf6930
2025-08-21T12:53:15.5968186Z  The files belonging to this database system will be owned by user "postgres".
2025-08-21T12:53:15.5968935Z  This user must also own the server process.
2025-08-21T12:53:15.5969382Z  
2025-08-21T12:53:15.5969870Z  The database cluster will be initialized with locale "en_US.utf8".
2025-08-21T12:53:15.5971662Z  initdb: warning: enabling "trust" authentication for local connections
2025-08-21T12:53:15.5972753Z  initdb: hint: You can change this by editing pg_hba.conf or using the option -A, or --auth-local and --auth-host, the next time you run initdb.
2025-08-21T12:53:15.5974201Z  2025-08-21 12:52:13.214 UTC [1] LOG:  starting PostgreSQL 15.14 (Debian 15.14-1.pgdg13+1) on x86_64-pc-linux-gnu, compiled by gcc (Debian 14.2.0-19) 14.2.0, 64-bit
2025-08-21T12:53:15.5975278Z  2025-08-21 12:52:13.214 UTC [1] LOG:  listening on IPv4 address "0.0.0.0", port 5432
2025-08-21T12:53:15.5976000Z  2025-08-21 12:52:13.214 UTC [1] LOG:  listening on IPv6 address "::", port 5432
2025-08-21T12:53:15.5976775Z  2025-08-21 12:52:13.215 UTC [1] LOG:  listening on Unix socket "/var/run/postgresql/.s.PGSQL.5432"
2025-08-21T12:53:15.5977867Z  2025-08-21 12:52:13.218 UTC [64] LOG:  database system was shut down at 2025-08-21 12:52:13 UTC
2025-08-21T12:53:15.5978624Z  2025-08-21 12:52:13.224 UTC [1] LOG:  database system is ready to accept connections
2025-08-21T12:53:15.5979781Z  The default database encoding has accordingly been set to "UTF8".
2025-08-21T12:53:15.5980826Z  The default text search configuration will be set to "english".
2025-08-21T12:53:15.5981189Z  
2025-08-21T12:53:15.5981381Z  Data page checksums are disabled.
2025-08-21T12:53:15.5981622Z  
2025-08-21T12:53:15.5981912Z  fixing permissions on existing directory /var/lib/postgresql/data ... ok
2025-08-21T12:53:15.5982297Z  creating subdirectories ... ok
2025-08-21T12:53:15.5982614Z  selecting dynamic shared memory implementation ... posix
2025-08-21T12:53:15.5982941Z  selecting default max_connections ... 100
2025-08-21T12:53:15.5983217Z  selecting default shared_buffers ... 128MB
2025-08-21T12:53:15.5983484Z  selecting default time zone ... Etc/UTC
2025-08-21T12:53:15.5983749Z  creating configuration files ... ok
2025-08-21T12:53:15.5984011Z  running bootstrap script ... ok
2025-08-21T12:53:15.5984289Z  performing post-bootstrap initialization ... ok
2025-08-21T12:53:15.5984575Z  syncing data to disk ... ok
2025-08-21T12:53:15.5984784Z  
2025-08-21T12:53:15.5984927Z  
2025-08-21T12:53:15.5985270Z  Success. You can now start the database server using:
2025-08-21T12:53:15.5985755Z  
2025-08-21T12:53:15.5986107Z      pg_ctl -D /var/lib/postgresql/data -l logfile start
2025-08-21T12:53:15.5986578Z  
2025-08-21T12:53:15.5987436Z  waiting for server to start....2025-08-21 12:52:12.911 UTC [48] LOG:  starting PostgreSQL 15.14 (Debian 15.14-1.pgdg13+1) on x86_64-pc-linux-gnu, compiled by gcc (Debian 14.2.0-19) 14.2.0, 64-bit
2025-08-21T12:53:15.5988222Z  2025-08-21 12:52:12.912 UTC [48] LOG:  listening on Unix socket "/var/run/postgresql/.s.PGSQL.5432"
2025-08-21T12:53:15.5988732Z  2025-08-21 12:52:12.918 UTC [51] LOG:  database system was shut down at 2025-08-21 12:52:12 UTC
2025-08-21T12:53:15.5989192Z  2025-08-21 12:52:12.922 UTC [48] LOG:  database system is ready to accept connections
2025-08-21T12:53:15.5989517Z   done
2025-08-21T12:53:15.5989685Z  server started
2025-08-21T12:53:15.5989859Z  CREATE DATABASE
2025-08-21T12:53:15.5990031Z  
2025-08-21T12:53:15.5990356Z  
2025-08-21T12:53:15.5990665Z  /usr/local/bin/docker-entrypoint.sh: ignoring /docker-entrypoint-initdb.d/*
2025-08-21T12:53:15.5991032Z  
2025-08-21T12:53:15.5991256Z  2025-08-21 12:52:13.094 UTC [48] LOG:  received fast shutdown request
2025-08-21T12:53:15.5992033Z  waiting for server to shut down....2025-08-21 12:52:13.095 UTC [48] LOG:  aborting any active transactions
2025-08-21T12:53:15.5992682Z  2025-08-21 12:52:13.097 UTC [48] LOG:  background worker "logical replication launcher" (PID 54) exited with exit code 1
2025-08-21T12:53:15.5993153Z  2025-08-21 12:52:13.097 UTC [49] LOG:  shutting down
2025-08-21T12:53:15.5993504Z  2025-08-21 12:52:13.098 UTC [49] LOG:  checkpoint starting: shutdown immediate
2025-08-21T12:53:15.5994356Z  2025-08-21 12:52:13.117 UTC [49] LOG:  checkpoint complete: wrote 922 buffers (5.6%); 0 WAL file(s) added, 0 removed, 0 recycled; write=0.014 s, sync=0.003 s, total=0.021 s; sync files=301, longest=0.001 s, average=0.001 s; distance=4239 kB, estimate=4239 kB
2025-08-21T12:53:15.5995173Z  2025-08-21 12:52:13.123 UTC [48] LOG:  database system is shut down
2025-08-21T12:53:15.5995457Z   done
2025-08-21T12:53:15.5995617Z  server stopped
2025-08-21T12:53:15.5995791Z  
2025-08-21T12:53:15.5996008Z  PostgreSQL init process complete; ready for start up.
2025-08-21T12:53:15.5996283Z  
2025-08-21T12:53:15.6001751Z Stop and remove container: 8fb807e720a246f6b40649a0b27d8e54_postgres15_c9bb18
2025-08-21T12:53:15.6006225Z ##[command]/usr/bin/docker rm --force b5dda76f4b2ff9070a143e4cbd5f815db2a7ac9283a59720c021ed0a7ecf6930
2025-08-21T12:53:16.4721042Z b5dda76f4b2ff9070a143e4cbd5f815db2a7ac9283a59720c021ed0a7ecf6930
2025-08-21T12:53:16.4749080Z Remove container network: github_network_de2547e18c6f4207b328cd8fcc22a4f6
2025-08-21T12:53:16.4753995Z ##[command]/usr/bin/docker network rm github_network_de2547e18c6f4207b328cd8fcc22a4f6
2025-08-21T12:53:16.6017659Z github_network_de2547e18c6f4207b328cd8fcc22a4f6
2025-08-21T12:53:16.6077194Z Cleaning up orphan processes
