2025-08-20T13:29:58.9526712Z Current runner version: '2.327.1'
2025-08-20T13:29:58.9560973Z ##[group]Runner Image Provisioner
2025-08-20T13:29:58.9562130Z Hosted Compute Agent
2025-08-20T13:29:58.9563188Z Version: 20250818.377
2025-08-20T13:29:58.9564392Z Commit: 3c593e9f75fe0b87e893bca80d6e12ba089c61fc
2025-08-20T13:29:58.9565644Z Build Date: 2025-08-18T14:52:18Z
2025-08-20T13:29:58.9566717Z ##[endgroup]
2025-08-20T13:29:58.9567524Z ##[group]Operating System
2025-08-20T13:29:58.9568438Z Ubuntu
2025-08-20T13:29:58.9569250Z 24.04.2
2025-08-20T13:29:58.9570109Z LTS
2025-08-20T13:29:58.9570866Z ##[endgroup]
2025-08-20T13:29:58.9571874Z ##[group]Runner Image
2025-08-20T13:29:58.9572781Z Image: ubuntu-24.04
2025-08-20T13:29:58.9573671Z Version: 20250810.1.0
2025-08-20T13:29:58.9575783Z Included Software: https://github.com/actions/runner-images/blob/ubuntu24/20250810.1/images/ubuntu/Ubuntu2404-Readme.md
2025-08-20T13:29:58.9578412Z Image Release: https://github.com/actions/runner-images/releases/tag/ubuntu24%2F20250810.1
2025-08-20T13:29:58.9580129Z ##[endgroup]
2025-08-20T13:29:58.9584675Z ##[group]GITHUB_TOKEN Permissions
2025-08-20T13:29:58.9587435Z Actions: write
2025-08-20T13:29:58.9588340Z Attestations: write
2025-08-20T13:29:58.9589420Z Checks: write
2025-08-20T13:29:58.9590239Z Contents: write
2025-08-20T13:29:58.9591106Z Deployments: write
2025-08-20T13:29:58.9592095Z Discussions: write
2025-08-20T13:29:58.9592992Z Issues: write
2025-08-20T13:29:58.9594189Z Metadata: read
2025-08-20T13:29:58.9595033Z Models: read
2025-08-20T13:29:58.9595820Z Packages: write
2025-08-20T13:29:58.9596546Z Pages: write
2025-08-20T13:29:58.9597501Z PullRequests: write
2025-08-20T13:29:58.9598306Z RepositoryProjects: write
2025-08-20T13:29:58.9599351Z SecurityEvents: write
2025-08-20T13:29:58.9600360Z Statuses: write
2025-08-20T13:29:58.9601141Z ##[endgroup]
2025-08-20T13:29:58.9604354Z Secret source: Actions
2025-08-20T13:29:58.9605472Z Prepare workflow directory
2025-08-20T13:29:59.0241978Z Prepare all required actions
2025-08-20T13:29:59.0302167Z Getting action download info
2025-08-20T13:29:59.3253172Z Download action repository 'actions/checkout@v4' (SHA:08eba0b27e820071cde6df949e0beb9ba4906955)
2025-08-20T13:29:59.6330347Z Download action repository 'actions/setup-python@v5' (SHA:a26af69be951a213d495a4c3e4e4022e16d87065)
2025-08-20T13:29:59.9236913Z Download action repository 'actions/cache@v4' (SHA:0400d5f644dc74513175e3cd8d07132dd4860809)
2025-08-20T13:30:00.2469632Z Download action repository 'actions/setup-node@v4' (SHA:49933ea5288caeca8642d1e84afbd3f7d6820020)
2025-08-20T13:30:00.3728730Z Download action repository 'codecov/codecov-action@v4' (SHA:b9fd7d16f6d7d1b5d2bec1a2887e65ceed900238)
2025-08-20T13:30:00.7971235Z Complete job name: test
2025-08-20T13:30:00.8570777Z ##[group]Checking docker version
2025-08-20T13:30:00.8584844Z ##[command]/usr/bin/docker version --format '{{.Server.APIVersion}}'
2025-08-20T13:30:02.0983212Z '1.48'
2025-08-20T13:30:02.1001554Z Docker daemon API version: '1.48'
2025-08-20T13:30:02.1002045Z ##[command]/usr/bin/docker version --format '{{.Client.APIVersion}}'
2025-08-20T13:30:02.1204547Z '1.48'
2025-08-20T13:30:02.1218155Z Docker client API version: '1.48'
2025-08-20T13:30:02.1225086Z ##[endgroup]
2025-08-20T13:30:02.1227943Z ##[group]Clean up resources from previous jobs
2025-08-20T13:30:02.1233245Z ##[command]/usr/bin/docker ps --all --quiet --no-trunc --filter "label=c13c05"
2025-08-20T13:30:02.1381133Z ##[command]/usr/bin/docker network prune --force --filter "label=c13c05"
2025-08-20T13:30:02.1520736Z ##[endgroup]
2025-08-20T13:30:02.1521077Z ##[group]Create local container network
2025-08-20T13:30:02.1531294Z ##[command]/usr/bin/docker network create --label c13c05 github_network_6843e76717b844838efc060d60a5e7e0
2025-08-20T13:30:02.2136374Z d48c198814bce06b40c94d014726a9062aa8b8f90b524d0ea0ce50ce676fffd6
2025-08-20T13:30:02.2154771Z ##[endgroup]
2025-08-20T13:30:02.2178287Z ##[group]Starting postgres service container
2025-08-20T13:30:02.2197770Z ##[command]/usr/bin/docker pull postgres:15
2025-08-20T13:30:02.6206443Z 15: Pulling from library/postgres
2025-08-20T13:30:02.6830941Z 396b1da7636e: Pulling fs layer
2025-08-20T13:30:02.6832062Z fca2566eba32: Pulling fs layer
2025-08-20T13:30:02.6832615Z 631fe8c6d606: Pulling fs layer
2025-08-20T13:30:02.6833095Z 77c7671c4414: Pulling fs layer
2025-08-20T13:30:02.6833601Z 2d9e29180a27: Pulling fs layer
2025-08-20T13:30:02.6834335Z c6bcc2c9a041: Pulling fs layer
2025-08-20T13:30:02.6834831Z ac4b721eb66f: Pulling fs layer
2025-08-20T13:30:02.6835317Z 606bd164980e: Pulling fs layer
2025-08-20T13:30:02.6835802Z f5dfd246bc6e: Pulling fs layer
2025-08-20T13:30:02.6836276Z ba7036bb0a60: Pulling fs layer
2025-08-20T13:30:02.6836732Z 799f859abbbd: Pulling fs layer
2025-08-20T13:30:02.6837253Z d903e777080c: Pulling fs layer
2025-08-20T13:30:02.6837573Z 04adcb462801: Pulling fs layer
2025-08-20T13:30:02.6837888Z 5c10925b29ff: Pulling fs layer
2025-08-20T13:30:02.6838170Z 77c7671c4414: Waiting
2025-08-20T13:30:02.6838519Z 2d9e29180a27: Waiting
2025-08-20T13:30:02.6838776Z c6bcc2c9a041: Waiting
2025-08-20T13:30:02.6839056Z ac4b721eb66f: Waiting
2025-08-20T13:30:02.6839305Z 606bd164980e: Waiting
2025-08-20T13:30:02.6839561Z d903e777080c: Waiting
2025-08-20T13:30:02.6839819Z f5dfd246bc6e: Waiting
2025-08-20T13:30:02.6840075Z 04adcb462801: Waiting
2025-08-20T13:30:02.6840333Z ba7036bb0a60: Waiting
2025-08-20T13:30:02.6840594Z 5c10925b29ff: Waiting
2025-08-20T13:30:02.6840848Z 799f859abbbd: Waiting
2025-08-20T13:30:02.8416386Z fca2566eba32: Verifying Checksum
2025-08-20T13:30:02.8417231Z fca2566eba32: Download complete
2025-08-20T13:30:02.8595298Z 631fe8c6d606: Verifying Checksum
2025-08-20T13:30:02.8596026Z 631fe8c6d606: Download complete
2025-08-20T13:30:02.9972229Z 77c7671c4414: Verifying Checksum
2025-08-20T13:30:02.9972840Z 77c7671c4414: Download complete
2025-08-20T13:30:03.0979175Z c6bcc2c9a041: Verifying Checksum
2025-08-20T13:30:03.0979769Z c6bcc2c9a041: Download complete
2025-08-20T13:30:03.1298309Z 2d9e29180a27: Verifying Checksum
2025-08-20T13:30:03.1298944Z 2d9e29180a27: Download complete
2025-08-20T13:30:03.1926452Z ac4b721eb66f: Download complete
2025-08-20T13:30:03.2079756Z 606bd164980e: Verifying Checksum
2025-08-20T13:30:03.2080523Z 606bd164980e: Download complete
2025-08-20T13:30:03.2932240Z ba7036bb0a60: Verifying Checksum
2025-08-20T13:30:03.2934306Z ba7036bb0a60: Download complete
2025-08-20T13:30:03.2934837Z 396b1da7636e: Download complete
2025-08-20T13:30:03.3790152Z d903e777080c: Verifying Checksum
2025-08-20T13:30:03.3791254Z d903e777080c: Download complete
2025-08-20T13:30:03.3990871Z 799f859abbbd: Verifying Checksum
2025-08-20T13:30:03.3993078Z 799f859abbbd: Download complete
2025-08-20T13:30:03.4650904Z 04adcb462801: Verifying Checksum
2025-08-20T13:30:03.4651763Z 04adcb462801: Download complete
2025-08-20T13:30:03.5016403Z 5c10925b29ff: Verifying Checksum
2025-08-20T13:30:03.5016967Z 5c10925b29ff: Download complete
2025-08-20T13:30:04.2981420Z 396b1da7636e: Pull complete
2025-08-20T13:30:04.5502694Z fca2566eba32: Pull complete
2025-08-20T13:30:04.7477889Z 631fe8c6d606: Pull complete
2025-08-20T13:30:04.7965482Z 77c7671c4414: Pull complete
2025-08-20T13:30:04.8283584Z f5dfd246bc6e: Verifying Checksum
2025-08-20T13:30:04.8284575Z f5dfd246bc6e: Download complete
2025-08-20T13:30:05.1276486Z 2d9e29180a27: Pull complete
2025-08-20T13:30:05.2246341Z c6bcc2c9a041: Pull complete
2025-08-20T13:30:05.2349196Z ac4b721eb66f: Pull complete
2025-08-20T13:30:05.2482207Z 606bd164980e: Pull complete
2025-08-20T13:30:08.4724964Z f5dfd246bc6e: Pull complete
2025-08-20T13:30:08.4905987Z ba7036bb0a60: Pull complete
2025-08-20T13:30:08.5023919Z 799f859abbbd: Pull complete
2025-08-20T13:30:08.5151052Z d903e777080c: Pull complete
2025-08-20T13:30:08.5412288Z 04adcb462801: Pull complete
2025-08-20T13:30:08.5550142Z 5c10925b29ff: Pull complete
2025-08-20T13:30:08.5601548Z Digest: sha256:bc51cf4f1fe02cce7ed2370b20128a9b00b4eb804573a77d2a0d877aaa9c82b1
2025-08-20T13:30:08.5618906Z Status: Downloaded newer image for postgres:15
2025-08-20T13:30:08.5631157Z docker.io/library/postgres:15
2025-08-20T13:30:08.5692704Z ##[command]/usr/bin/docker create --name f00959051c8c42db8c0f551654e0b57d_postgres15_fa6087 --label c13c05 --network github_network_6843e76717b844838efc060d60a5e7e0 --network-alias postgres -p 5432:5432 --health-cmd="pg_isready -U postgres -d awa" --health-interval=5s --health-timeout=5s --health-retries=10 -e "POSTGRES_USER=postgres" -e "POSTGRES_PASSWORD=pass" -e "POSTGRES_DB=awa" -e GITHUB_ACTIONS=true -e CI=true postgres:15
2025-08-20T13:30:08.6051289Z be3a18d2e0270ad057b545ec961ae1687593034a124bbeed34c71e7d231ccd72
2025-08-20T13:30:08.6075903Z ##[command]/usr/bin/docker start be3a18d2e0270ad057b545ec961ae1687593034a124bbeed34c71e7d231ccd72
2025-08-20T13:30:09.8018230Z be3a18d2e0270ad057b545ec961ae1687593034a124bbeed34c71e7d231ccd72
2025-08-20T13:30:09.8040083Z ##[command]/usr/bin/docker ps --all --filter id=be3a18d2e0270ad057b545ec961ae1687593034a124bbeed34c71e7d231ccd72 --filter status=running --no-trunc --format "{{.ID}} {{.Status}}"
2025-08-20T13:30:09.8169736Z be3a18d2e0270ad057b545ec961ae1687593034a124bbeed34c71e7d231ccd72 Up 1 second (health: starting)
2025-08-20T13:30:09.8191856Z ##[command]/usr/bin/docker port be3a18d2e0270ad057b545ec961ae1687593034a124bbeed34c71e7d231ccd72
2025-08-20T13:30:09.8328121Z 5432/tcp -> 0.0.0.0:5432
2025-08-20T13:30:09.8328782Z 5432/tcp -> [::]:5432
2025-08-20T13:30:09.8385664Z ##[endgroup]
2025-08-20T13:30:09.8387029Z ##[group]Starting redis service container
2025-08-20T13:30:09.8388471Z ##[command]/usr/bin/docker pull redis:7-alpine
2025-08-20T13:30:10.0667906Z 7-alpine: Pulling from library/redis
2025-08-20T13:30:10.1499158Z 0368fd46e3c6: Pulling fs layer
2025-08-20T13:30:10.1499730Z 4c55286bbede: Pulling fs layer
2025-08-20T13:30:10.1500178Z 5e28347af205: Pulling fs layer
2025-08-20T13:30:10.1500576Z 311eca34042e: Pulling fs layer
2025-08-20T13:30:10.1500957Z e6fe6f07e192: Pulling fs layer
2025-08-20T13:30:10.1501371Z a2cadbfeca72: Pulling fs layer
2025-08-20T13:30:10.1501751Z 4f4fb700ef54: Pulling fs layer
2025-08-20T13:30:10.1502105Z a976ed7e7808: Pulling fs layer
2025-08-20T13:30:10.1502507Z e6fe6f07e192: Waiting
2025-08-20T13:30:10.1502785Z a2cadbfeca72: Waiting
2025-08-20T13:30:10.1502972Z 4f4fb700ef54: Waiting
2025-08-20T13:30:10.1503144Z a976ed7e7808: Waiting
2025-08-20T13:30:10.1503402Z 311eca34042e: Waiting
2025-08-20T13:30:10.2424099Z 4c55286bbede: Verifying Checksum
2025-08-20T13:30:10.2425256Z 4c55286bbede: Download complete
2025-08-20T13:30:10.2449830Z 0368fd46e3c6: Verifying Checksum
2025-08-20T13:30:10.2451409Z 0368fd46e3c6: Download complete
2025-08-20T13:30:10.2471709Z 5e28347af205: Verifying Checksum
2025-08-20T13:30:10.2475483Z 5e28347af205: Download complete
2025-08-20T13:30:10.3337684Z a2cadbfeca72: Verifying Checksum
2025-08-20T13:30:10.3338595Z a2cadbfeca72: Download complete
2025-08-20T13:30:10.3538803Z 311eca34042e: Verifying Checksum
2025-08-20T13:30:10.3539537Z 311eca34042e: Download complete
2025-08-20T13:30:10.3632985Z 0368fd46e3c6: Pull complete
2025-08-20T13:30:10.4082413Z 4f4fb700ef54: Verifying Checksum
2025-08-20T13:30:10.4086558Z 4f4fb700ef54: Download complete
2025-08-20T13:30:10.4105021Z 4c55286bbede: Pull complete
2025-08-20T13:30:10.4110363Z e6fe6f07e192: Verifying Checksum
2025-08-20T13:30:10.4110795Z e6fe6f07e192: Download complete
2025-08-20T13:30:10.4323729Z a976ed7e7808: Download complete
2025-08-20T13:30:10.6219918Z 5e28347af205: Pull complete
2025-08-20T13:30:10.6505360Z 311eca34042e: Pull complete
2025-08-20T13:30:10.8578597Z e6fe6f07e192: Pull complete
2025-08-20T13:30:10.8692802Z a2cadbfeca72: Pull complete
2025-08-20T13:30:10.8784954Z 4f4fb700ef54: Pull complete
2025-08-20T13:30:10.8886124Z a976ed7e7808: Pull complete
2025-08-20T13:30:10.8927623Z Digest: sha256:bb186d083732f669da90be8b0f975a37812b15e913465bb14d845db72a4e3e08
2025-08-20T13:30:10.8939308Z Status: Downloaded newer image for redis:7-alpine
2025-08-20T13:30:10.8949524Z docker.io/library/redis:7-alpine
2025-08-20T13:30:10.8966798Z ##[command]/usr/bin/docker create --name dbd92cd9b6024a6c909bb5a1bd3601ce_redis7alpine_f5a176 --label c13c05 --network github_network_6843e76717b844838efc060d60a5e7e0 --network-alias redis -p 6379:6379  -e GITHUB_ACTIONS=true -e CI=true redis:7-alpine
2025-08-20T13:30:10.9238467Z 1b6f03f7e7c1dd027f9c1c9a0d15ac6c5fbdefbe09aa72aeee5e03d0f4a07675
2025-08-20T13:30:10.9255412Z ##[command]/usr/bin/docker start 1b6f03f7e7c1dd027f9c1c9a0d15ac6c5fbdefbe09aa72aeee5e03d0f4a07675
2025-08-20T13:30:11.0644275Z 1b6f03f7e7c1dd027f9c1c9a0d15ac6c5fbdefbe09aa72aeee5e03d0f4a07675
2025-08-20T13:30:11.0663342Z ##[command]/usr/bin/docker ps --all --filter id=1b6f03f7e7c1dd027f9c1c9a0d15ac6c5fbdefbe09aa72aeee5e03d0f4a07675 --filter status=running --no-trunc --format "{{.ID}} {{.Status}}"
2025-08-20T13:30:11.0786326Z 1b6f03f7e7c1dd027f9c1c9a0d15ac6c5fbdefbe09aa72aeee5e03d0f4a07675 Up Less than a second
2025-08-20T13:30:11.0800188Z ##[command]/usr/bin/docker port 1b6f03f7e7c1dd027f9c1c9a0d15ac6c5fbdefbe09aa72aeee5e03d0f4a07675
2025-08-20T13:30:11.0915121Z 6379/tcp -> 0.0.0.0:6379
2025-08-20T13:30:11.0915550Z 6379/tcp -> [::]:6379
2025-08-20T13:30:11.0931170Z ##[endgroup]
2025-08-20T13:30:11.0940789Z ##[group]Waiting for all services to be ready
2025-08-20T13:30:11.0954387Z ##[command]/usr/bin/docker inspect --format="{{if .Config.Healthcheck}}{{print .State.Health.Status}}{{end}}" be3a18d2e0270ad057b545ec961ae1687593034a124bbeed34c71e7d231ccd72
2025-08-20T13:30:11.1070574Z starting
2025-08-20T13:30:11.1093709Z postgres service is starting, waiting 2 seconds before checking again.
2025-08-20T13:30:13.1096763Z ##[command]/usr/bin/docker inspect --format="{{if .Config.Healthcheck}}{{print .State.Health.Status}}{{end}}" be3a18d2e0270ad057b545ec961ae1687593034a124bbeed34c71e7d231ccd72
2025-08-20T13:30:13.1213508Z starting
2025-08-20T13:30:13.1227717Z postgres service is starting, waiting 4 seconds before checking again.
2025-08-20T13:30:17.4830354Z ##[command]/usr/bin/docker inspect --format="{{if .Config.Healthcheck}}{{print .State.Health.Status}}{{end}}" be3a18d2e0270ad057b545ec961ae1687593034a124bbeed34c71e7d231ccd72
2025-08-20T13:30:17.4954238Z healthy
2025-08-20T13:30:17.4972172Z postgres service is healthy.
2025-08-20T13:30:17.4972977Z ##[command]/usr/bin/docker inspect --format="{{if .Config.Healthcheck}}{{print .State.Health.Status}}{{end}}" 1b6f03f7e7c1dd027f9c1c9a0d15ac6c5fbdefbe09aa72aeee5e03d0f4a07675
2025-08-20T13:30:17.5100560Z redis service is healthy.
2025-08-20T13:30:17.5101241Z ##[endgroup]
2025-08-20T13:30:17.5340470Z ##[group]Run actions/checkout@v4
2025-08-20T13:30:17.5341004Z with:
2025-08-20T13:30:17.5341184Z   fetch-depth: 0
2025-08-20T13:30:17.5341398Z   repository: AlexBomber12/AWA-App
2025-08-20T13:30:17.5341783Z   token: ***
2025-08-20T13:30:17.5341971Z   ssh-strict: true
2025-08-20T13:30:17.5342147Z   ssh-user: git
2025-08-20T13:30:17.5342332Z   persist-credentials: true
2025-08-20T13:30:17.5342542Z   clean: true
2025-08-20T13:30:17.5342728Z   sparse-checkout-cone-mode: true
2025-08-20T13:30:17.5342951Z   fetch-tags: false
2025-08-20T13:30:17.5343134Z   show-progress: true
2025-08-20T13:30:17.5343312Z   lfs: false
2025-08-20T13:30:17.5343469Z   submodules: false
2025-08-20T13:30:17.5343672Z   set-safe-directory: true
2025-08-20T13:30:17.5344458Z env:
2025-08-20T13:30:17.5344692Z   REDIS_URL: redis://localhost:6379/0
2025-08-20T13:30:17.5344952Z   RATE_LIMIT_DEFAULT: 100/minute
2025-08-20T13:30:17.5345172Z   TRUST_X_FORWARDED: 1
2025-08-20T13:30:17.5345356Z ##[endgroup]
2025-08-20T13:30:17.6416167Z Syncing repository: AlexBomber12/AWA-App
2025-08-20T13:30:17.6417421Z ##[group]Getting Git version info
2025-08-20T13:30:17.6417790Z Working directory is '/home/runner/work/AWA-App/AWA-App'
2025-08-20T13:30:17.6418285Z [command]/usr/bin/git version
2025-08-20T13:30:17.6466889Z git version 2.50.1
2025-08-20T13:30:17.6492906Z ##[endgroup]
2025-08-20T13:30:17.6507099Z Temporarily overriding HOME='/home/runner/work/_temp/a44c692f-63dd-4084-ae29-ceecc4b6a4df' before making global git config changes
2025-08-20T13:30:17.6507940Z Adding repository directory to the temporary git global config as a safe directory
2025-08-20T13:30:17.6512359Z [command]/usr/bin/git config --global --add safe.directory /home/runner/work/AWA-App/AWA-App
2025-08-20T13:30:17.6547684Z Deleting the contents of '/home/runner/work/AWA-App/AWA-App'
2025-08-20T13:30:17.6551405Z ##[group]Initializing the repository
2025-08-20T13:30:17.6555996Z [command]/usr/bin/git init /home/runner/work/AWA-App/AWA-App
2025-08-20T13:30:17.6657105Z hint: Using 'master' as the name for the initial branch. This default branch name
2025-08-20T13:30:17.6658055Z hint: is subject to change. To configure the initial branch name to use in all
2025-08-20T13:30:17.6658706Z hint: of your new repositories, which will suppress this warning, call:
2025-08-20T13:30:17.6659056Z hint:
2025-08-20T13:30:17.6659421Z hint: 	git config --global init.defaultBranch <name>
2025-08-20T13:30:17.6659947Z hint:
2025-08-20T13:30:17.6660463Z hint: Names commonly chosen instead of 'master' are 'main', 'trunk' and
2025-08-20T13:30:17.6660965Z hint: 'development'. The just-created branch can be renamed via this command:
2025-08-20T13:30:17.6661334Z hint:
2025-08-20T13:30:17.6661679Z hint: 	git branch -m <name>
2025-08-20T13:30:17.6662063Z hint:
2025-08-20T13:30:17.6662628Z hint: Disable this message with "git config set advice.defaultBranchName false"
2025-08-20T13:30:17.6663616Z Initialized empty Git repository in /home/runner/work/AWA-App/AWA-App/.git/
2025-08-20T13:30:17.6672890Z [command]/usr/bin/git remote add origin https://github.com/AlexBomber12/AWA-App
2025-08-20T13:30:17.6703683Z ##[endgroup]
2025-08-20T13:30:17.6704486Z ##[group]Disabling automatic garbage collection
2025-08-20T13:30:17.6708756Z [command]/usr/bin/git config --local gc.auto 0
2025-08-20T13:30:17.6736510Z ##[endgroup]
2025-08-20T13:30:17.6737096Z ##[group]Setting up auth
2025-08-20T13:30:17.6744201Z [command]/usr/bin/git config --local --name-only --get-regexp core\.sshCommand
2025-08-20T13:30:17.6773597Z [command]/usr/bin/git submodule foreach --recursive sh -c "git config --local --name-only --get-regexp 'core\.sshCommand' && git config --local --unset-all 'core.sshCommand' || :"
2025-08-20T13:30:17.7058610Z [command]/usr/bin/git config --local --name-only --get-regexp http\.https\:\/\/github\.com\/\.extraheader
2025-08-20T13:30:17.7088885Z [command]/usr/bin/git submodule foreach --recursive sh -c "git config --local --name-only --get-regexp 'http\.https\:\/\/github\.com\/\.extraheader' && git config --local --unset-all 'http.https://github.com/.extraheader' || :"
2025-08-20T13:30:17.7320265Z [command]/usr/bin/git config --local http.https://github.com/.extraheader AUTHORIZATION: basic ***
2025-08-20T13:30:17.7355236Z ##[endgroup]
2025-08-20T13:30:17.7355888Z ##[group]Fetching the repository
2025-08-20T13:30:17.7365127Z [command]/usr/bin/git -c protocol.version=2 fetch --prune --no-recurse-submodules origin +refs/heads/*:refs/remotes/origin/* +refs/tags/*:refs/tags/* +f59b4d75c09a96734224a12112fac9cc5deb00c3:refs/remotes/pull/299/merge
2025-08-20T13:30:19.9344421Z From https://github.com/AlexBomber12/AWA-App
2025-08-20T13:30:19.9346197Z  * [new branch]        codex/create-branch-and-enforce-coverage-requirements -> origin/codex/create-branch-and-enforce-coverage-requirements
2025-08-20T13:30:19.9348686Z  * [new branch]        gh-pages                                 -> origin/gh-pages
2025-08-20T13:30:19.9349418Z  * [new branch]        main                                     -> origin/main
2025-08-20T13:30:19.9353164Z  * [new tag]           0.3.0                                    -> 0.3.0
2025-08-20T13:30:19.9354346Z  * [new ref]           f59b4d75c09a96734224a12112fac9cc5deb00c3 -> pull/299/merge
2025-08-20T13:30:19.9386226Z ##[endgroup]
2025-08-20T13:30:19.9386865Z ##[group]Determining the checkout info
2025-08-20T13:30:19.9387586Z ##[endgroup]
2025-08-20T13:30:19.9394258Z [command]/usr/bin/git sparse-checkout disable
2025-08-20T13:30:19.9445219Z [command]/usr/bin/git config --local --unset-all extensions.worktreeConfig
2025-08-20T13:30:19.9472327Z ##[group]Checking out the ref
2025-08-20T13:30:19.9476860Z [command]/usr/bin/git checkout --progress --force refs/remotes/pull/299/merge
2025-08-20T13:30:19.9896468Z Note: switching to 'refs/remotes/pull/299/merge'.
2025-08-20T13:30:19.9897463Z 
2025-08-20T13:30:19.9897965Z You are in 'detached HEAD' state. You can look around, make experimental
2025-08-20T13:30:19.9898740Z changes and commit them, and you can discard any commits you make in this
2025-08-20T13:30:19.9899561Z state without impacting any branches by switching back to a branch.
2025-08-20T13:30:19.9900044Z 
2025-08-20T13:30:19.9900337Z If you want to create a new branch to retain commits you create, you may
2025-08-20T13:30:19.9900996Z do so (now or later) by using -c with the switch command. Example:
2025-08-20T13:30:19.9901378Z 
2025-08-20T13:30:19.9901534Z   git switch -c <new-branch-name>
2025-08-20T13:30:19.9901919Z 
2025-08-20T13:30:19.9902074Z Or undo this operation with:
2025-08-20T13:30:19.9902326Z 
2025-08-20T13:30:19.9902448Z   git switch -
2025-08-20T13:30:19.9902627Z 
2025-08-20T13:30:19.9902965Z Turn off this advice by setting config variable advice.detachedHead to false
2025-08-20T13:30:19.9903472Z 
2025-08-20T13:30:19.9904246Z HEAD is now at f59b4d75 Merge b5276b8af346b5a1cf1e36868c5282daf0a854df into 1908121dac9dc4eb7994da12e2ac85bc1b7903cd
2025-08-20T13:30:19.9911209Z ##[endgroup]
2025-08-20T13:30:19.9951314Z [command]/usr/bin/git log -1 --format=%H
2025-08-20T13:30:19.9975281Z f59b4d75c09a96734224a12112fac9cc5deb00c3
2025-08-20T13:30:20.0139792Z ##[group]Run cat .env.ci >> "$GITHUB_ENV"
2025-08-20T13:30:20.0140139Z [36;1mcat .env.ci >> "$GITHUB_ENV"[0m
2025-08-20T13:30:20.0140847Z [36;1mecho "DATABASE_URL=***localhost:5432/awa" >> "$GITHUB_ENV"[0m
2025-08-20T13:30:20.0141202Z [36;1mecho "PG_HOST=localhost" >> "$GITHUB_ENV"[0m
2025-08-20T13:30:20.0141496Z [36;1mecho "PG_PORT=5432" >> "$GITHUB_ENV"[0m
2025-08-20T13:30:20.0141778Z [36;1mecho "PG_USER=postgres" >> "$GITHUB_ENV"[0m
2025-08-20T13:30:20.0142059Z [36;1mecho "PG_PASSWORD=pass" >> "$GITHUB_ENV"[0m
2025-08-20T13:30:20.0142327Z [36;1mecho "PG_DATABASE=awa" >> "$GITHUB_ENV"[0m
2025-08-20T13:30:20.0142614Z [36;1mecho "TESTING=1" >> "$GITHUB_ENV"[0m
2025-08-20T13:30:20.0186754Z shell: /usr/bin/bash -e {0}
2025-08-20T13:30:20.0186979Z env:
2025-08-20T13:30:20.0187183Z   REDIS_URL: redis://localhost:6379/0
2025-08-20T13:30:20.0187442Z   RATE_LIMIT_DEFAULT: 100/minute
2025-08-20T13:30:20.0187666Z   TRUST_X_FORWARDED: 1
2025-08-20T13:30:20.0187889Z ##[endgroup]
2025-08-20T13:30:20.0363661Z ##[group]Run actions/setup-python@v5
2025-08-20T13:30:20.0364168Z with:
2025-08-20T13:30:20.0364351Z   python-version: 3.12
2025-08-20T13:30:20.0364550Z   cache: pip
2025-08-20T13:30:20.0365338Z   cache-dependency-path: requirements-dev.txt
services/etl/requirements.txt
services/api/requirements.txt
services/repricer/requirements.txt
services/fees_h10/requirements.txt
services/alert_bot/requirements.txt

2025-08-20T13:30:20.0366182Z   check-latest: false
2025-08-20T13:30:20.0366500Z   token: ***
2025-08-20T13:30:20.0366689Z   update-environment: true
2025-08-20T13:30:20.0366905Z   allow-prereleases: false
2025-08-20T13:30:20.0367129Z   freethreaded: false
2025-08-20T13:30:20.0367319Z env:
2025-08-20T13:30:20.0367500Z   REDIS_URL: redis://localhost:6379/0
2025-08-20T13:30:20.0367755Z   RATE_LIMIT_DEFAULT: 100/minute
2025-08-20T13:30:20.0367967Z   TRUST_X_FORWARDED: 1
2025-08-20T13:30:20.0368158Z   PG_USER: postgres
2025-08-20T13:30:20.0368339Z   PG_PASSWORD: pass
2025-08-20T13:30:20.0368565Z   PG_DATABASE: awa
2025-08-20T13:30:20.0368740Z   PG_HOST: localhost
2025-08-20T13:30:20.0368923Z   PG_PORT: 5432
2025-08-20T13:30:20.0369291Z   PG_SYNC_DSN: ***localhost:5432/awa
2025-08-20T13:30:20.0369710Z   PG_ASYNC_DSN: ***localhost:5432/awa
2025-08-20T13:30:20.0370088Z   DATABASE_URL: ***localhost:5432/awa
2025-08-20T13:30:20.0370319Z   DATA_DIR: /tmp/awa-data
2025-08-20T13:30:20.0370509Z   ENABLE_LIVE: 0
2025-08-20T13:30:20.0370680Z   TESTING: 1
2025-08-20T13:30:20.0370837Z ##[endgroup]
2025-08-20T13:30:20.2040620Z ##[group]Installed versions
2025-08-20T13:30:20.3552152Z Successfully set up CPython (3.12.11)
2025-08-20T13:30:20.3553296Z ##[endgroup]
2025-08-20T13:30:20.3991901Z [command]/opt/hostedtoolcache/Python/3.12.11/x64/bin/pip cache dir
2025-08-20T13:30:23.0066778Z /home/runner/.cache/pip
2025-08-20T13:30:23.2601992Z Cache hit for: setup-python-Linux-x64-24.04-Ubuntu-python-3.12.11-pip-edce5793189406e0b5b9cd9ea574e3bf8289359be80b5a6fe61ed71104e9dd3a
2025-08-20T13:30:24.2965259Z Received 205520896 of 337359228 (60.9%), 195.8 MBs/sec
2025-08-20T13:30:24.8909457Z Received 337359228 of 337359228 (100.0%), 201.7 MBs/sec
2025-08-20T13:30:24.8911140Z Cache Size: ~322 MB (337359228 B)
2025-08-20T13:30:24.9030196Z [command]/usr/bin/tar -xf /home/runner/work/_temp/dc0a05c1-0845-4e9c-92a0-27e19f5e19d2/cache.tzst -P -C /home/runner/work/AWA-App/AWA-App --use-compress-program unzstd
2025-08-20T13:30:25.5033400Z Cache restored successfully
2025-08-20T13:30:25.5670958Z Cache restored from key: setup-python-Linux-x64-24.04-Ubuntu-python-3.12.11-pip-edce5793189406e0b5b9cd9ea574e3bf8289359be80b5a6fe61ed71104e9dd3a
2025-08-20T13:30:25.6401779Z ##[group]Run actions/cache@v4
2025-08-20T13:30:25.6402071Z with:
2025-08-20T13:30:25.6402304Z   path: ~/.cache/pip
.pytest_cache
~/.ruff_cache

2025-08-20T13:30:25.6402746Z   key: Linux-test-29fc3204f837bce43d81586a404709764a9accd1f738d0c33a52a32bf7a0c312
2025-08-20T13:30:25.6403169Z   restore-keys: Linux-test-
2025-08-20T13:30:25.6403414Z   enableCrossOsArchive: false
2025-08-20T13:30:25.6403652Z   fail-on-cache-miss: false
2025-08-20T13:30:25.6404156Z   lookup-only: false
2025-08-20T13:30:25.6404364Z   save-always: false
2025-08-20T13:30:25.6404541Z env:
2025-08-20T13:30:25.6404756Z   REDIS_URL: redis://localhost:6379/0
2025-08-20T13:30:25.6405036Z   RATE_LIMIT_DEFAULT: 100/minute
2025-08-20T13:30:25.6405269Z   TRUST_X_FORWARDED: 1
2025-08-20T13:30:25.6405469Z   PG_USER: postgres
2025-08-20T13:30:25.6405664Z   PG_PASSWORD: pass
2025-08-20T13:30:25.6405855Z   PG_DATABASE: awa
2025-08-20T13:30:25.6406039Z   PG_HOST: localhost
2025-08-20T13:30:25.6406235Z   PG_PORT: 5432
2025-08-20T13:30:25.6407002Z   PG_SYNC_DSN: ***localhost:5432/awa
2025-08-20T13:30:25.6407500Z   PG_ASYNC_DSN: ***localhost:5432/awa
2025-08-20T13:30:25.6407924Z   DATABASE_URL: ***localhost:5432/awa
2025-08-20T13:30:25.6408168Z   DATA_DIR: /tmp/awa-data
2025-08-20T13:30:25.6408392Z   ENABLE_LIVE: 0
2025-08-20T13:30:25.6408574Z   TESTING: 1
2025-08-20T13:30:25.6408821Z   pythonLocation: /opt/hostedtoolcache/Python/3.12.11/x64
2025-08-20T13:30:25.6409244Z   PKG_CONFIG_PATH: /opt/hostedtoolcache/Python/3.12.11/x64/lib/pkgconfig
2025-08-20T13:30:25.6409656Z   Python_ROOT_DIR: /opt/hostedtoolcache/Python/3.12.11/x64
2025-08-20T13:30:25.6410030Z   Python2_ROOT_DIR: /opt/hostedtoolcache/Python/3.12.11/x64
2025-08-20T13:30:25.6410394Z   Python3_ROOT_DIR: /opt/hostedtoolcache/Python/3.12.11/x64
2025-08-20T13:30:25.6410760Z   LD_LIBRARY_PATH: /opt/hostedtoolcache/Python/3.12.11/x64/lib
2025-08-20T13:30:25.6411062Z ##[endgroup]
2025-08-20T13:30:25.8771074Z Cache hit for: Linux-test-29fc3204f837bce43d81586a404709764a9accd1f738d0c33a52a32bf7a0c312
2025-08-20T13:30:26.9317062Z Received 260046848 of 337364167 (77.1%), 248.0 MBs/sec
2025-08-20T13:30:27.3792017Z Received 337364167 of 337364167 (100.0%), 221.7 MBs/sec
2025-08-20T13:30:27.3794904Z Cache Size: ~322 MB (337364167 B)
2025-08-20T13:30:27.3915511Z [command]/usr/bin/tar -xf /home/runner/work/_temp/f8acb070-4c06-4538-b33e-aab3df2f0641/cache.tzst -P -C /home/runner/work/AWA-App/AWA-App --use-compress-program unzstd
2025-08-20T13:30:27.9847721Z Cache restored successfully
2025-08-20T13:30:28.0562034Z Cache restored from key: Linux-test-29fc3204f837bce43d81586a404709764a9accd1f738d0c33a52a32bf7a0c312
2025-08-20T13:30:28.0699797Z ##[group]Run pip install -r services/etl/requirements.txt
2025-08-20T13:30:28.0700258Z [36;1mpip install -r services/etl/requirements.txt[0m
2025-08-20T13:30:28.0700617Z [36;1mpip install -r services/api/requirements.txt[0m
2025-08-20T13:30:28.0700990Z [36;1mpip install -r services/repricer/requirements.txt[0m
2025-08-20T13:30:28.0701345Z [36;1mpip install -r services/fees_h10/requirements.txt[0m
2025-08-20T13:30:28.0701894Z [36;1mpip install -r services/alert_bot/requirements.txt[0m
2025-08-20T13:30:28.0702229Z [36;1mpip install -r requirements-dev.txt[0m
2025-08-20T13:30:28.0702504Z [36;1mpip install asyncpg[0m
2025-08-20T13:30:28.0702735Z [36;1mpip install pytest[0m
2025-08-20T13:30:28.0702985Z [36;1mpip install keepa==1.3.15 minio==7.1.15[0m
2025-08-20T13:30:28.0744782Z shell: /usr/bin/bash -e {0}
2025-08-20T13:30:28.0745026Z env:
2025-08-20T13:30:28.0745250Z   REDIS_URL: redis://localhost:6379/0
2025-08-20T13:30:28.0745536Z   RATE_LIMIT_DEFAULT: 100/minute
2025-08-20T13:30:28.0745800Z   TRUST_X_FORWARDED: 1
2025-08-20T13:30:28.0746008Z   PG_USER: postgres
2025-08-20T13:30:28.0746208Z   PG_PASSWORD: pass
2025-08-20T13:30:28.0746384Z   PG_DATABASE: awa
2025-08-20T13:30:28.0746575Z   PG_HOST: localhost
2025-08-20T13:30:28.0746766Z   PG_PORT: 5432
2025-08-20T13:30:28.0747218Z   PG_SYNC_DSN: ***localhost:5432/awa
2025-08-20T13:30:28.0747639Z   PG_ASYNC_DSN: ***localhost:5432/awa
2025-08-20T13:30:28.0748043Z   DATABASE_URL: ***localhost:5432/awa
2025-08-20T13:30:28.0748289Z   DATA_DIR: /tmp/awa-data
2025-08-20T13:30:28.0748506Z   ENABLE_LIVE: 0
2025-08-20T13:30:28.0748691Z   TESTING: 1
2025-08-20T13:30:28.0748931Z   pythonLocation: /opt/hostedtoolcache/Python/3.12.11/x64
2025-08-20T13:30:28.0749347Z   PKG_CONFIG_PATH: /opt/hostedtoolcache/Python/3.12.11/x64/lib/pkgconfig
2025-08-20T13:30:28.0749750Z   Python_ROOT_DIR: /opt/hostedtoolcache/Python/3.12.11/x64
2025-08-20T13:30:28.0750112Z   Python2_ROOT_DIR: /opt/hostedtoolcache/Python/3.12.11/x64
2025-08-20T13:30:28.0750469Z   Python3_ROOT_DIR: /opt/hostedtoolcache/Python/3.12.11/x64
2025-08-20T13:30:28.0750835Z   LD_LIBRARY_PATH: /opt/hostedtoolcache/Python/3.12.11/x64/lib
2025-08-20T13:30:28.0751136Z ##[endgroup]
2025-08-20T13:30:29.9807295Z Collecting keepa==1.3.14 (from -r services/etl/requirements.txt (line 1))
2025-08-20T13:30:29.9822117Z   Using cached keepa-1.3.14-py3-none-any.whl.metadata (10 kB)
2025-08-20T13:30:30.0127797Z Collecting minio==7.1.15 (from -r services/etl/requirements.txt (line 2))
2025-08-20T13:30:30.0140719Z   Using cached minio-7.1.15-py3-none-any.whl.metadata (4.2 kB)
2025-08-20T13:30:30.0584265Z Collecting celery==5.3.* (from -r services/etl/requirements.txt (line 3))
2025-08-20T13:30:30.0597569Z   Using cached celery-5.3.6-py3-none-any.whl.metadata (21 kB)
2025-08-20T13:30:30.1142802Z Collecting redis==5.* (from -r services/etl/requirements.txt (line 4))
2025-08-20T13:30:30.1156193Z   Using cached redis-5.3.1-py3-none-any.whl.metadata (9.2 kB)
2025-08-20T13:30:30.1781490Z Collecting python-amazon-sp-api==0.8.0 (from -r services/etl/requirements.txt (line 5))
2025-08-20T13:30:30.1794749Z   Using cached python_amazon_sp_api-0.8.0-py3-none-any.whl.metadata (3.2 kB)
2025-08-20T13:30:30.2079229Z Collecting pydantic-settings==2.2.1 (from -r services/etl/requirements.txt (line 6))
2025-08-20T13:30:30.2091809Z   Using cached pydantic_settings-2.2.1-py3-none-any.whl.metadata (3.1 kB)
2025-08-20T13:30:30.3825031Z Collecting numpy<2 (from -r services/etl/requirements.txt (line 7))
2025-08-20T13:30:30.3840455Z   Using cached numpy-1.26.4-cp312-cp312-manylinux_2_17_x86_64.manylinux2014_x86_64.whl.metadata (61 kB)
2025-08-20T13:30:30.5044310Z Collecting pandas==2.2.* (from -r services/etl/requirements.txt (line 8))
2025-08-20T13:30:30.5058352Z   Using cached pandas-2.2.3-cp312-cp312-manylinux_2_17_x86_64.manylinux2014_x86_64.whl.metadata (89 kB)
2025-08-20T13:30:30.5693270Z Collecting pandera==0.19.* (from -r services/etl/requirements.txt (line 9))
2025-08-20T13:30:30.5707036Z   Using cached pandera-0.19.3-py3-none-any.whl.metadata (15 kB)
2025-08-20T13:30:30.6022985Z Collecting openpyxl==3.1.* (from -r services/etl/requirements.txt (line 10))
2025-08-20T13:30:30.6037989Z   Using cached openpyxl-3.1.5-py2.py3-none-any.whl.metadata (2.5 kB)
2025-08-20T13:30:30.6698618Z Collecting psycopg2-binary==2.9.* (from -r services/etl/requirements.txt (line 11))
2025-08-20T13:30:30.6713036Z   Using cached psycopg2_binary-2.9.10-cp312-cp312-manylinux_2_17_x86_64.manylinux2014_x86_64.whl.metadata (4.9 kB)
2025-08-20T13:30:30.7155000Z Collecting requests>=2.2 (from keepa==1.3.14->-r services/etl/requirements.txt (line 1))
2025-08-20T13:30:30.7169343Z   Using cached requests-2.32.5-py3-none-any.whl.metadata (4.9 kB)
2025-08-20T13:30:30.7545521Z Collecting tqdm (from keepa==1.3.14->-r services/etl/requirements.txt (line 1))
2025-08-20T13:30:30.7559176Z   Using cached tqdm-4.67.1-py3-none-any.whl.metadata (57 kB)
2025-08-20T13:30:31.2662215Z Collecting aiohttp (from keepa==1.3.14->-r services/etl/requirements.txt (line 1))
2025-08-20T13:30:31.2676834Z   Using cached aiohttp-3.12.15-cp312-cp312-manylinux_2_17_x86_64.manylinux2014_x86_64.whl.metadata (7.7 kB)
2025-08-20T13:30:31.3918539Z Collecting pydantic (from keepa==1.3.14->-r services/etl/requirements.txt (line 1))
2025-08-20T13:30:31.3932766Z   Using cached pydantic-2.11.7-py3-none-any.whl.metadata (67 kB)
2025-08-20T13:30:31.4186458Z Collecting certifi (from minio==7.1.15->-r services/etl/requirements.txt (line 2))
2025-08-20T13:30:31.4199802Z   Using cached certifi-2025.8.3-py3-none-any.whl.metadata (2.4 kB)
2025-08-20T13:30:31.4474437Z Collecting urllib3 (from minio==7.1.15->-r services/etl/requirements.txt (line 2))
2025-08-20T13:30:31.4488132Z   Using cached urllib3-2.5.0-py3-none-any.whl.metadata (6.5 kB)
2025-08-20T13:30:31.4662950Z Collecting six<2,>=1.15 (from python-amazon-sp-api==0.8.0->-r services/etl/requirements.txt (line 5))
2025-08-20T13:30:31.4676295Z   Using cached six-1.17.0-py2.py3-none-any.whl.metadata (1.7 kB)
2025-08-20T13:30:31.9044320Z Collecting boto3<2,>=1.16.39 (from python-amazon-sp-api==0.8.0->-r services/etl/requirements.txt (line 5))
2025-08-20T13:30:31.9583256Z   Downloading boto3-1.40.13-py3-none-any.whl.metadata (6.7 kB)
2025-08-20T13:30:31.9820757Z Collecting cachetools~=4.2.0 (from python-amazon-sp-api==0.8.0->-r services/etl/requirements.txt (line 5))
2025-08-20T13:30:31.9832955Z   Using cached cachetools-4.2.4-py3-none-any.whl.metadata (4.8 kB)
2025-08-20T13:30:32.0660785Z Collecting pycryptodome (from python-amazon-sp-api==0.8.0->-r services/etl/requirements.txt (line 5))
2025-08-20T13:30:32.0675338Z   Using cached pycryptodome-3.23.0-cp37-abi3-manylinux_2_17_x86_64.manylinux2014_x86_64.whl.metadata (3.4 kB)
2025-08-20T13:30:32.1099788Z Collecting pytz (from python-amazon-sp-api==0.8.0->-r services/etl/requirements.txt (line 5))
2025-08-20T13:30:32.1114124Z   Using cached pytz-2025.2-py2.py3-none-any.whl.metadata (22 kB)
2025-08-20T13:30:32.1274779Z Collecting confuse~=1.4.0 (from python-amazon-sp-api==0.8.0->-r services/etl/requirements.txt (line 5))
2025-08-20T13:30:32.1287276Z   Using cached confuse-1.4.0-py2.py3-none-any.whl.metadata (3.8 kB)
2025-08-20T13:30:32.1596441Z Collecting python-dotenv>=0.21.0 (from pydantic-settings==2.2.1->-r services/etl/requirements.txt (line 6))
2025-08-20T13:30:32.1609107Z   Using cached python_dotenv-1.1.1-py3-none-any.whl.metadata (24 kB)
2025-08-20T13:30:32.1831182Z Collecting billiard<5.0,>=4.2.0 (from celery==5.3.*->-r services/etl/requirements.txt (line 3))
2025-08-20T13:30:32.1842517Z   Using cached billiard-4.2.1-py3-none-any.whl.metadata (4.4 kB)
2025-08-20T13:30:32.1975471Z Collecting click-didyoumean>=0.3.0 (from celery==5.3.*->-r services/etl/requirements.txt (line 3))
2025-08-20T13:30:32.1986457Z   Using cached click_didyoumean-0.3.1-py3-none-any.whl.metadata (3.9 kB)
2025-08-20T13:30:32.2106786Z Collecting click-plugins>=1.1.1 (from celery==5.3.*->-r services/etl/requirements.txt (line 3))
2025-08-20T13:30:32.2118002Z   Using cached click_plugins-1.1.1.2-py2.py3-none-any.whl.metadata (6.5 kB)
2025-08-20T13:30:32.2279834Z Collecting click-repl>=0.2.0 (from celery==5.3.*->-r services/etl/requirements.txt (line 3))
2025-08-20T13:30:32.2295440Z   Using cached click_repl-0.3.0-py3-none-any.whl.metadata (3.6 kB)
2025-08-20T13:30:32.2527763Z Collecting click<9.0,>=8.1.2 (from celery==5.3.*->-r services/etl/requirements.txt (line 3))
2025-08-20T13:30:32.2539354Z   Using cached click-8.2.1-py3-none-any.whl.metadata (2.5 kB)
2025-08-20T13:30:32.2870507Z Collecting kombu<6.0,>=5.3.4 (from celery==5.3.*->-r services/etl/requirements.txt (line 3))
2025-08-20T13:30:32.2882266Z   Using cached kombu-5.5.4-py3-none-any.whl.metadata (3.5 kB)
2025-08-20T13:30:32.3084670Z Collecting python-dateutil>=2.8.2 (from celery==5.3.*->-r services/etl/requirements.txt (line 3))
2025-08-20T13:30:32.3096444Z   Using cached python_dateutil-2.9.0.post0-py2.py3-none-any.whl.metadata (8.4 kB)
2025-08-20T13:30:32.3260856Z Collecting tzdata>=2022.7 (from celery==5.3.*->-r services/etl/requirements.txt (line 3))
2025-08-20T13:30:32.3272461Z   Using cached tzdata-2025.2-py2.py3-none-any.whl.metadata (1.4 kB)
2025-08-20T13:30:32.3405310Z Collecting vine<6.0,>=5.1.0 (from celery==5.3.*->-r services/etl/requirements.txt (line 3))
2025-08-20T13:30:32.3416813Z   Using cached vine-5.1.0-py3-none-any.whl.metadata (2.7 kB)
2025-08-20T13:30:32.3608819Z Collecting PyJWT>=2.9.0 (from redis==5.*->-r services/etl/requirements.txt (line 4))
2025-08-20T13:30:32.3620341Z   Using cached PyJWT-2.10.1-py3-none-any.whl.metadata (4.0 kB)
2025-08-20T13:30:32.3935715Z Collecting multimethod<=1.10.0 (from pandera==0.19.*->-r services/etl/requirements.txt (line 9))
2025-08-20T13:30:32.3947107Z   Using cached multimethod-1.10-py3-none-any.whl.metadata (8.2 kB)
2025-08-20T13:30:32.4202453Z Collecting packaging>=20.0 (from pandera==0.19.*->-r services/etl/requirements.txt (line 9))
2025-08-20T13:30:32.4214550Z   Using cached packaging-25.0-py3-none-any.whl.metadata (3.3 kB)
2025-08-20T13:30:32.4508259Z Collecting typeguard (from pandera==0.19.*->-r services/etl/requirements.txt (line 9))
2025-08-20T13:30:32.4519869Z   Using cached typeguard-4.4.4-py3-none-any.whl.metadata (3.3 kB)
2025-08-20T13:30:32.4649259Z Collecting typing-inspect>=0.6.0 (from pandera==0.19.*->-r services/etl/requirements.txt (line 9))
2025-08-20T13:30:32.4661568Z   Using cached typing_inspect-0.9.0-py3-none-any.whl.metadata (1.5 kB)
2025-08-20T13:30:32.5660663Z Collecting wrapt (from pandera==0.19.*->-r services/etl/requirements.txt (line 9))
2025-08-20T13:30:32.5674415Z   Using cached wrapt-1.17.3-cp312-cp312-manylinux1_x86_64.manylinux_2_28_x86_64.manylinux_2_5_x86_64.whl.metadata (6.4 kB)
2025-08-20T13:30:32.5800144Z Collecting et-xmlfile (from openpyxl==3.1.*->-r services/etl/requirements.txt (line 10))
2025-08-20T13:30:32.5811760Z   Using cached et_xmlfile-2.0.0-py3-none-any.whl.metadata (2.7 kB)
2025-08-20T13:30:32.9414784Z Collecting botocore<1.41.0,>=1.40.13 (from boto3<2,>=1.16.39->python-amazon-sp-api==0.8.0->-r services/etl/requirements.txt (line 5))
2025-08-20T13:30:32.9489540Z   Downloading botocore-1.40.13-py3-none-any.whl.metadata (5.7 kB)
2025-08-20T13:30:32.9678847Z Collecting jmespath<2.0.0,>=0.7.1 (from boto3<2,>=1.16.39->python-amazon-sp-api==0.8.0->-r services/etl/requirements.txt (line 5))
2025-08-20T13:30:32.9693115Z   Using cached jmespath-1.0.1-py3-none-any.whl.metadata (7.6 kB)
2025-08-20T13:30:32.9897362Z Collecting s3transfer<0.14.0,>=0.13.0 (from boto3<2,>=1.16.39->python-amazon-sp-api==0.8.0->-r services/etl/requirements.txt (line 5))
2025-08-20T13:30:32.9909986Z   Using cached s3transfer-0.13.1-py3-none-any.whl.metadata (1.7 kB)
2025-08-20T13:30:33.0446850Z Collecting pyyaml (from confuse~=1.4.0->python-amazon-sp-api==0.8.0->-r services/etl/requirements.txt (line 5))
2025-08-20T13:30:33.0460201Z   Using cached PyYAML-6.0.2-cp312-cp312-manylinux_2_17_x86_64.manylinux2014_x86_64.whl.metadata (2.1 kB)
2025-08-20T13:30:33.0693628Z Collecting amqp<6.0.0,>=5.1.1 (from kombu<6.0,>=5.3.4->celery==5.3.*->-r services/etl/requirements.txt (line 3))
2025-08-20T13:30:33.0705721Z   Using cached amqp-5.3.1-py3-none-any.whl.metadata (8.9 kB)
2025-08-20T13:30:33.2983986Z Collecting prompt-toolkit>=3.0.36 (from click-repl>=0.2.0->celery==5.3.*->-r services/etl/requirements.txt (line 3))
2025-08-20T13:30:33.2995476Z   Using cached prompt_toolkit-3.0.51-py3-none-any.whl.metadata (6.4 kB)
2025-08-20T13:30:33.3172326Z Collecting wcwidth (from prompt-toolkit>=3.0.36->click-repl>=0.2.0->celery==5.3.*->-r services/etl/requirements.txt (line 3))
2025-08-20T13:30:33.3184067Z   Using cached wcwidth-0.2.13-py2.py3-none-any.whl.metadata (14 kB)
2025-08-20T13:30:33.3331853Z Collecting annotated-types>=0.6.0 (from pydantic->keepa==1.3.14->-r services/etl/requirements.txt (line 1))
2025-08-20T13:30:33.3343010Z   Using cached annotated_types-0.7.0-py3-none-any.whl.metadata (15 kB)
2025-08-20T13:30:34.0099855Z Collecting pydantic-core==2.33.2 (from pydantic->keepa==1.3.14->-r services/etl/requirements.txt (line 1))
2025-08-20T13:30:34.0114194Z   Using cached pydantic_core-2.33.2-cp312-cp312-manylinux_2_17_x86_64.manylinux2014_x86_64.whl.metadata (6.8 kB)
2025-08-20T13:30:34.0309359Z Collecting typing-extensions>=4.12.2 (from pydantic->keepa==1.3.14->-r services/etl/requirements.txt (line 1))
2025-08-20T13:30:34.0321500Z   Using cached typing_extensions-4.14.1-py3-none-any.whl.metadata (3.0 kB)
2025-08-20T13:30:34.0437718Z Collecting typing-inspection>=0.4.0 (from pydantic->keepa==1.3.14->-r services/etl/requirements.txt (line 1))
2025-08-20T13:30:34.0449609Z   Using cached typing_inspection-0.4.1-py3-none-any.whl.metadata (2.6 kB)
2025-08-20T13:30:34.1354281Z Collecting charset_normalizer<4,>=2 (from requests>=2.2->keepa==1.3.14->-r services/etl/requirements.txt (line 1))
2025-08-20T13:30:34.1368022Z   Using cached charset_normalizer-3.4.3-cp312-cp312-manylinux2014_x86_64.manylinux_2_17_x86_64.manylinux_2_28_x86_64.whl.metadata (36 kB)
2025-08-20T13:30:34.1547049Z Collecting idna<4,>=2.5 (from requests>=2.2->keepa==1.3.14->-r services/etl/requirements.txt (line 1))
2025-08-20T13:30:34.1558927Z   Using cached idna-3.10-py3-none-any.whl.metadata (10 kB)
2025-08-20T13:30:34.1942559Z Collecting mypy-extensions>=0.3.0 (from typing-inspect>=0.6.0->pandera==0.19.*->-r services/etl/requirements.txt (line 9))
2025-08-20T13:30:34.1954155Z   Using cached mypy_extensions-1.1.0-py3-none-any.whl.metadata (1.1 kB)
2025-08-20T13:30:34.2303662Z Collecting aiohappyeyeballs>=2.5.0 (from aiohttp->keepa==1.3.14->-r services/etl/requirements.txt (line 1))
2025-08-20T13:30:34.2315095Z   Using cached aiohappyeyeballs-2.6.1-py3-none-any.whl.metadata (5.9 kB)
2025-08-20T13:30:34.2436579Z Collecting aiosignal>=1.4.0 (from aiohttp->keepa==1.3.14->-r services/etl/requirements.txt (line 1))
2025-08-20T13:30:34.2448035Z   Using cached aiosignal-1.4.0-py3-none-any.whl.metadata (3.7 kB)
2025-08-20T13:30:34.2625071Z Collecting attrs>=17.3.0 (from aiohttp->keepa==1.3.14->-r services/etl/requirements.txt (line 1))
2025-08-20T13:30:34.2636083Z   Using cached attrs-25.3.0-py3-none-any.whl.metadata (10 kB)
2025-08-20T13:30:34.3336449Z Collecting frozenlist>=1.1.1 (from aiohttp->keepa==1.3.14->-r services/etl/requirements.txt (line 1))
2025-08-20T13:30:34.3349981Z   Using cached frozenlist-1.7.0-cp312-cp312-manylinux_2_5_x86_64.manylinux1_x86_64.manylinux_2_17_x86_64.manylinux2014_x86_64.whl.metadata (18 kB)
2025-08-20T13:30:34.5609506Z Collecting multidict<7.0,>=4.5 (from aiohttp->keepa==1.3.14->-r services/etl/requirements.txt (line 1))
2025-08-20T13:30:34.5623445Z   Using cached multidict-6.6.4-cp312-cp312-manylinux2014_x86_64.manylinux_2_17_x86_64.manylinux_2_28_x86_64.whl.metadata (5.3 kB)
2025-08-20T13:30:34.6093341Z Collecting propcache>=0.2.0 (from aiohttp->keepa==1.3.14->-r services/etl/requirements.txt (line 1))
2025-08-20T13:30:34.6107122Z   Using cached propcache-0.3.2-cp312-cp312-manylinux_2_17_x86_64.manylinux2014_x86_64.whl.metadata (12 kB)
2025-08-20T13:30:34.9445997Z Collecting yarl<2.0,>=1.17.0 (from aiohttp->keepa==1.3.14->-r services/etl/requirements.txt (line 1))
2025-08-20T13:30:34.9460342Z   Using cached yarl-1.20.1-cp312-cp312-manylinux_2_17_x86_64.manylinux2014_x86_64.whl.metadata (73 kB)
2025-08-20T13:30:35.0094163Z Using cached keepa-1.3.14-py3-none-any.whl (33 kB)
2025-08-20T13:30:35.0104523Z Using cached minio-7.1.15-py3-none-any.whl (77 kB)
2025-08-20T13:30:35.0116281Z Using cached python_amazon_sp_api-0.8.0-py3-none-any.whl (93 kB)
2025-08-20T13:30:35.0127783Z Using cached pydantic_settings-2.2.1-py3-none-any.whl (13 kB)
2025-08-20T13:30:35.0138736Z Using cached celery-5.3.6-py3-none-any.whl (422 kB)
2025-08-20T13:30:35.0152050Z Using cached redis-5.3.1-py3-none-any.whl (272 kB)
2025-08-20T13:30:35.0165205Z Using cached numpy-1.26.4-cp312-cp312-manylinux_2_17_x86_64.manylinux2014_x86_64.whl (18.0 MB)
2025-08-20T13:30:35.0307880Z Using cached pandas-2.2.3-cp312-cp312-manylinux_2_17_x86_64.manylinux2014_x86_64.whl (12.7 MB)
2025-08-20T13:30:35.0412342Z Using cached pandera-0.19.3-py3-none-any.whl (251 kB)
2025-08-20T13:30:35.0424873Z Using cached openpyxl-3.1.5-py2.py3-none-any.whl (250 kB)
2025-08-20T13:30:35.0438142Z Using cached psycopg2_binary-2.9.10-cp312-cp312-manylinux_2_17_x86_64.manylinux2014_x86_64.whl (3.0 MB)
2025-08-20T13:30:35.0470680Z Using cached billiard-4.2.1-py3-none-any.whl (86 kB)
2025-08-20T13:30:35.0541943Z Downloading boto3-1.40.13-py3-none-any.whl (140 kB)
2025-08-20T13:30:35.0808082Z Downloading botocore-1.40.13-py3-none-any.whl (14.0 MB)
2025-08-20T13:30:35.3821416Z    ━━━━━━━━━━━━━━━━━━━━━━━━━━━━━━━━━━━━━━━━ 14.0/14.0 MB 48.5 MB/s  0:00:00
2025-08-20T13:30:35.3834418Z Using cached cachetools-4.2.4-py3-none-any.whl (10 kB)
2025-08-20T13:30:35.3845984Z Using cached click-8.2.1-py3-none-any.whl (102 kB)
2025-08-20T13:30:35.3858414Z Using cached confuse-1.4.0-py2.py3-none-any.whl (21 kB)
2025-08-20T13:30:35.3869843Z Using cached jmespath-1.0.1-py3-none-any.whl (20 kB)
2025-08-20T13:30:35.3881093Z Using cached kombu-5.5.4-py3-none-any.whl (210 kB)
2025-08-20T13:30:35.3893577Z Using cached vine-5.1.0-py3-none-any.whl (9.6 kB)
2025-08-20T13:30:35.3904923Z Using cached amqp-5.3.1-py3-none-any.whl (50 kB)
2025-08-20T13:30:35.3916436Z Using cached multimethod-1.10-py3-none-any.whl (9.9 kB)
2025-08-20T13:30:35.3927843Z Using cached python_dateutil-2.9.0.post0-py2.py3-none-any.whl (229 kB)
2025-08-20T13:30:35.3940557Z Using cached s3transfer-0.13.1-py3-none-any.whl (85 kB)
2025-08-20T13:30:35.3952209Z Using cached six-1.17.0-py2.py3-none-any.whl (11 kB)
2025-08-20T13:30:35.3963710Z Using cached urllib3-2.5.0-py3-none-any.whl (129 kB)
2025-08-20T13:30:35.3975961Z Using cached click_didyoumean-0.3.1-py3-none-any.whl (3.6 kB)
2025-08-20T13:30:35.3987062Z Using cached click_plugins-1.1.1.2-py2.py3-none-any.whl (11 kB)
2025-08-20T13:30:35.3998091Z Using cached click_repl-0.3.0-py3-none-any.whl (10 kB)
2025-08-20T13:30:35.4009461Z Using cached packaging-25.0-py3-none-any.whl (66 kB)
2025-08-20T13:30:35.4021118Z Using cached prompt_toolkit-3.0.51-py3-none-any.whl (387 kB)
2025-08-20T13:30:35.4035442Z Using cached pydantic-2.11.7-py3-none-any.whl (444 kB)
2025-08-20T13:30:35.4050113Z Using cached pydantic_core-2.33.2-cp312-cp312-manylinux_2_17_x86_64.manylinux2014_x86_64.whl (2.0 MB)
2025-08-20T13:30:35.4075789Z Using cached annotated_types-0.7.0-py3-none-any.whl (13 kB)
2025-08-20T13:30:35.4086991Z Using cached PyJWT-2.10.1-py3-none-any.whl (22 kB)
2025-08-20T13:30:35.4098368Z Using cached python_dotenv-1.1.1-py3-none-any.whl (20 kB)
2025-08-20T13:30:35.4109718Z Using cached pytz-2025.2-py2.py3-none-any.whl (509 kB)
2025-08-20T13:30:35.4124398Z Using cached requests-2.32.5-py3-none-any.whl (64 kB)
2025-08-20T13:30:35.4136838Z Using cached charset_normalizer-3.4.3-cp312-cp312-manylinux2014_x86_64.manylinux_2_17_x86_64.manylinux_2_28_x86_64.whl (151 kB)
2025-08-20T13:30:35.4148631Z Using cached idna-3.10-py3-none-any.whl (70 kB)
2025-08-20T13:30:35.4160271Z Using cached certifi-2025.8.3-py3-none-any.whl (161 kB)
2025-08-20T13:30:35.4172467Z Using cached typing_extensions-4.14.1-py3-none-any.whl (43 kB)
2025-08-20T13:30:35.4183729Z Using cached typing_inspect-0.9.0-py3-none-any.whl (8.8 kB)
2025-08-20T13:30:35.4195560Z Using cached mypy_extensions-1.1.0-py3-none-any.whl (5.0 kB)
2025-08-20T13:30:35.4206675Z Using cached typing_inspection-0.4.1-py3-none-any.whl (14 kB)
2025-08-20T13:30:35.4218116Z Using cached tzdata-2025.2-py2.py3-none-any.whl (347 kB)
2025-08-20T13:30:35.4232031Z Using cached aiohttp-3.12.15-cp312-cp312-manylinux_2_17_x86_64.manylinux2014_x86_64.whl (1.7 MB)
2025-08-20T13:30:35.4256301Z Using cached multidict-6.6.4-cp312-cp312-manylinux2014_x86_64.manylinux_2_17_x86_64.manylinux_2_28_x86_64.whl (256 kB)
2025-08-20T13:30:35.4269303Z Using cached yarl-1.20.1-cp312-cp312-manylinux_2_17_x86_64.manylinux2014_x86_64.whl (355 kB)
2025-08-20T13:30:35.4282969Z Using cached aiohappyeyeballs-2.6.1-py3-none-any.whl (15 kB)
2025-08-20T13:30:35.4294384Z Using cached aiosignal-1.4.0-py3-none-any.whl (7.5 kB)
2025-08-20T13:30:35.4305745Z Using cached attrs-25.3.0-py3-none-any.whl (63 kB)
2025-08-20T13:30:35.4318275Z Using cached frozenlist-1.7.0-cp312-cp312-manylinux_2_5_x86_64.manylinux1_x86_64.manylinux_2_17_x86_64.manylinux2014_x86_64.whl (241 kB)
2025-08-20T13:30:35.4331334Z Using cached propcache-0.3.2-cp312-cp312-manylinux_2_17_x86_64.manylinux2014_x86_64.whl (224 kB)
2025-08-20T13:30:35.4343954Z Using cached et_xmlfile-2.0.0-py3-none-any.whl (18 kB)
2025-08-20T13:30:35.4355825Z Using cached pycryptodome-3.23.0-cp37-abi3-manylinux_2_17_x86_64.manylinux2014_x86_64.whl (2.3 MB)
2025-08-20T13:30:35.4384024Z Using cached PyYAML-6.0.2-cp312-cp312-manylinux_2_17_x86_64.manylinux2014_x86_64.whl (767 kB)
2025-08-20T13:30:35.4400855Z Using cached tqdm-4.67.1-py3-none-any.whl (78 kB)
2025-08-20T13:30:35.4412423Z Using cached typeguard-4.4.4-py3-none-any.whl (34 kB)
2025-08-20T13:30:35.4424033Z Using cached wcwidth-0.2.13-py2.py3-none-any.whl (34 kB)
2025-08-20T13:30:35.4435900Z Using cached wrapt-1.17.3-cp312-cp312-manylinux1_x86_64.manylinux_2_28_x86_64.manylinux_2_5_x86_64.whl (88 kB)
2025-08-20T13:30:35.7131924Z Installing collected packages: wcwidth, pytz, wrapt, vine, urllib3, tzdata, typing-extensions, tqdm, six, pyyaml, python-dotenv, PyJWT, pycryptodome, psycopg2-binary, propcache, prompt-toolkit, packaging, numpy, mypy-extensions, multimethod, multidict, jmespath, idna, frozenlist, et-xmlfile, click, charset_normalizer, certifi, cachetools, billiard, attrs, annotated-types, aiohappyeyeballs, yarl, typing-inspection, typing-inspect, typeguard, requests, redis, python-dateutil, pydantic-core, openpyxl, minio, confuse, click-repl, click-plugins, click-didyoumean, amqp, aiosignal, pydantic, pandas, kombu, botocore, aiohttp, s3transfer, pydantic-settings, pandera, keepa, celery, boto3, python-amazon-sp-api
2025-08-20T13:30:47.1314731Z 
2025-08-20T13:30:47.1376860Z Successfully installed PyJWT-2.10.1 aiohappyeyeballs-2.6.1 aiohttp-3.12.15 aiosignal-1.4.0 amqp-5.3.1 annotated-types-0.7.0 attrs-25.3.0 billiard-4.2.1 boto3-1.40.13 botocore-1.40.13 cachetools-4.2.4 celery-5.3.6 certifi-2025.8.3 charset_normalizer-3.4.3 click-8.2.1 click-didyoumean-0.3.1 click-plugins-1.1.1.2 click-repl-0.3.0 confuse-1.4.0 et-xmlfile-2.0.0 frozenlist-1.7.0 idna-3.10 jmespath-1.0.1 keepa-1.3.14 kombu-5.5.4 minio-7.1.15 multidict-6.6.4 multimethod-1.10 mypy-extensions-1.1.0 numpy-1.26.4 openpyxl-3.1.5 packaging-25.0 pandas-2.2.3 pandera-0.19.3 prompt-toolkit-3.0.51 propcache-0.3.2 psycopg2-binary-2.9.10 pycryptodome-3.23.0 pydantic-2.11.7 pydantic-core-2.33.2 pydantic-settings-2.2.1 python-amazon-sp-api-0.8.0 python-dateutil-2.9.0.post0 python-dotenv-1.1.1 pytz-2025.2 pyyaml-6.0.2 redis-5.3.1 requests-2.32.5 s3transfer-0.13.1 six-1.17.0 tqdm-4.67.1 typeguard-4.4.4 typing-extensions-4.14.1 typing-inspect-0.9.0 typing-inspection-0.4.1 tzdata-2025.2 urllib3-2.5.0 vine-5.1.0 wcwidth-0.2.13 wrapt-1.17.3 yarl-1.20.1
2025-08-20T13:30:48.7111969Z Collecting uvicorn==0.29.0 (from -r services/api/requirements.txt (line 1))
2025-08-20T13:30:48.7127360Z   Using cached uvicorn-0.29.0-py3-none-any.whl.metadata (6.3 kB)
2025-08-20T13:30:48.7166653Z Requirement already satisfied: pydantic-settings==2.2.1 in /opt/hostedtoolcache/Python/3.12.11/x64/lib/python3.12/site-packages (from -r services/api/requirements.txt (line 2)) (2.2.1)
2025-08-20T13:30:48.7615194Z Collecting fastapi==0.111.0 (from -r services/api/requirements.txt (line 3))
2025-08-20T13:30:48.7629542Z   Using cached fastapi-0.111.0-py3-none-any.whl.metadata (25 kB)
2025-08-20T13:30:49.0425758Z Collecting sqlalchemy==2.0.29 (from -r services/api/requirements.txt (line 4))
2025-08-20T13:30:49.0439617Z   Using cached SQLAlchemy-2.0.29-cp312-cp312-manylinux_2_17_x86_64.manylinux2014_x86_64.whl.metadata (9.6 kB)
2025-08-20T13:30:49.0749009Z Collecting alembic==1.13.1 (from -r services/api/requirements.txt (line 5))
2025-08-20T13:30:49.0760703Z   Using cached alembic-1.13.1-py3-none-any.whl.metadata (7.4 kB)
2025-08-20T13:30:49.0959219Z Collecting psycopg==3.2.9 (from psycopg[binary]==3.2.9->-r services/api/requirements.txt (line 6))
2025-08-20T13:30:49.0971664Z   Using cached psycopg-3.2.9-py3-none-any.whl.metadata (4.5 kB)
2025-08-20T13:30:49.1226503Z Collecting httpx==0.27.2 (from -r services/api/requirements.txt (line 7))
2025-08-20T13:30:49.1239936Z   Using cached httpx-0.27.2-py3-none-any.whl.metadata (7.1 kB)
2025-08-20T13:30:49.1764937Z Collecting asyncpg==0.29.0 (from -r services/api/requirements.txt (line 8))
2025-08-20T13:30:49.1777177Z   Using cached asyncpg-0.29.0-cp312-cp312-manylinux_2_17_x86_64.manylinux2014_x86_64.whl.metadata (4.4 kB)
2025-08-20T13:30:49.4437260Z Collecting boto3==1.34.162 (from -r services/api/requirements.txt (line 9))
2025-08-20T13:30:49.4449598Z   Using cached boto3-1.34.162-py3-none-any.whl.metadata (6.6 kB)
2025-08-20T13:30:49.4633657Z Collecting Jinja2==3.1.5 (from -r services/api/requirements.txt (line 10))
2025-08-20T13:30:49.4645132Z   Using cached jinja2-3.1.5-py3-none-any.whl.metadata (2.6 kB)
2025-08-20T13:30:49.4663552Z Requirement already satisfied: celery==5.3.* in /opt/hostedtoolcache/Python/3.12.11/x64/lib/python3.12/site-packages (from -r services/api/requirements.txt (line 11)) (5.3.6)
2025-08-20T13:30:49.4815558Z Collecting structlog==24.1.0 (from -r services/api/requirements.txt (line 12))
2025-08-20T13:30:49.4826498Z   Using cached structlog-24.1.0-py3-none-any.whl.metadata (6.9 kB)
2025-08-20T13:30:49.4999795Z Collecting asgi-correlation-id==4.3.1 (from -r services/api/requirements.txt (line 13))
2025-08-20T13:30:49.5010894Z   Using cached asgi_correlation_id-4.3.1-py3-none-any.whl.metadata (28 kB)
2025-08-20T13:30:49.5148452Z Collecting fastapi-limiter==0.1.6 (from -r services/api/requirements.txt (line 14))
2025-08-20T13:30:49.5164676Z   Using cached fastapi_limiter-0.1.6-py3-none-any.whl.metadata (5.3 kB)
2025-08-20T13:30:49.5652404Z Collecting redis==5.0.8 (from -r services/api/requirements.txt (line 15))
2025-08-20T13:30:49.5664890Z   Using cached redis-5.0.8-py3-none-any.whl.metadata (9.2 kB)
2025-08-20T13:30:49.6190222Z Collecting sentry-sdk==2.9.0 (from sentry-sdk[celery,fastapi,sqlalchemy]==2.9.0->-r services/api/requirements.txt (line 16))
2025-08-20T13:30:49.6202648Z   Using cached sentry_sdk-2.9.0-py2.py3-none-any.whl.metadata (14 kB)
2025-08-20T13:30:49.6483727Z Requirement already satisfied: click>=7.0 in /opt/hostedtoolcache/Python/3.12.11/x64/lib/python3.12/site-packages (from uvicorn==0.29.0->-r services/api/requirements.txt (line 1)) (8.2.1)
2025-08-20T13:30:49.6605764Z Collecting h11>=0.8 (from uvicorn==0.29.0->-r services/api/requirements.txt (line 1))
2025-08-20T13:30:49.6616901Z   Using cached h11-0.16.0-py3-none-any.whl.metadata (8.3 kB)
2025-08-20T13:30:49.6645986Z Requirement already satisfied: pydantic>=2.3.0 in /opt/hostedtoolcache/Python/3.12.11/x64/lib/python3.12/site-packages (from pydantic-settings==2.2.1->-r services/api/requirements.txt (line 2)) (2.11.7)
2025-08-20T13:30:49.6651150Z Requirement already satisfied: python-dotenv>=0.21.0 in /opt/hostedtoolcache/Python/3.12.11/x64/lib/python3.12/site-packages (from pydantic-settings==2.2.1->-r services/api/requirements.txt (line 2)) (1.1.1)
2025-08-20T13:30:49.6925564Z Collecting starlette<0.38.0,>=0.37.2 (from fastapi==0.111.0->-r services/api/requirements.txt (line 3))
2025-08-20T13:30:49.6937534Z   Using cached starlette-0.37.2-py3-none-any.whl.metadata (5.9 kB)
2025-08-20T13:30:49.6967251Z Requirement already satisfied: typing-extensions>=4.8.0 in /opt/hostedtoolcache/Python/3.12.11/x64/lib/python3.12/site-packages (from fastapi==0.111.0->-r services/api/requirements.txt (line 3)) (4.14.1)
2025-08-20T13:30:49.7083557Z Collecting fastapi-cli>=0.0.2 (from fastapi==0.111.0->-r services/api/requirements.txt (line 3))
2025-08-20T13:30:49.7094999Z   Using cached fastapi_cli-0.0.8-py3-none-any.whl.metadata (6.3 kB)
2025-08-20T13:30:49.7314574Z Collecting python-multipart>=0.0.7 (from fastapi==0.111.0->-r services/api/requirements.txt (line 3))
2025-08-20T13:30:49.7326161Z   Using cached python_multipart-0.0.20-py3-none-any.whl.metadata (1.8 kB)
2025-08-20T13:30:49.8095012Z Collecting ujson!=4.0.2,!=4.1.0,!=4.2.0,!=4.3.0,!=5.0.0,!=5.1.0,>=4.0.1 (from fastapi==0.111.0->-r services/api/requirements.txt (line 3))
2025-08-20T13:30:49.8525602Z   Downloading ujson-5.11.0-cp312-cp312-manylinux_2_24_x86_64.manylinux_2_28_x86_64.whl.metadata (9.4 kB)
2025-08-20T13:30:50.0877899Z Collecting orjson>=3.2.1 (from fastapi==0.111.0->-r services/api/requirements.txt (line 3))
2025-08-20T13:30:50.0891315Z   Using cached orjson-3.11.2-cp312-cp312-manylinux_2_17_x86_64.manylinux2014_x86_64.whl.metadata (1.2 kB)
2025-08-20T13:30:50.1042118Z Collecting email_validator>=2.0.0 (from fastapi==0.111.0->-r services/api/requirements.txt (line 3))
2025-08-20T13:30:50.1053728Z   Using cached email_validator-2.2.0-py3-none-any.whl.metadata (25 kB)
2025-08-20T13:30:50.2343060Z Collecting greenlet!=0.4.17 (from sqlalchemy==2.0.29->-r services/api/requirements.txt (line 4))
2025-08-20T13:30:50.2357948Z   Using cached greenlet-3.2.4-cp312-cp312-manylinux_2_24_x86_64.manylinux_2_28_x86_64.whl.metadata (4.1 kB)
2025-08-20T13:30:50.2643094Z Collecting Mako (from alembic==1.13.1->-r services/api/requirements.txt (line 5))
2025-08-20T13:30:50.2654730Z   Using cached mako-1.3.10-py3-none-any.whl.metadata (2.9 kB)
2025-08-20T13:30:50.2886052Z Collecting anyio (from httpx==0.27.2->-r services/api/requirements.txt (line 7))
2025-08-20T13:30:50.2897604Z   Using cached anyio-4.10.0-py3-none-any.whl.metadata (4.0 kB)
2025-08-20T13:30:50.2920722Z Requirement already satisfied: certifi in /opt/hostedtoolcache/Python/3.12.11/x64/lib/python3.12/site-packages (from httpx==0.27.2->-r services/api/requirements.txt (line 7)) (2025.8.3)
2025-08-20T13:30:50.3167450Z Collecting httpcore==1.* (from httpx==0.27.2->-r services/api/requirements.txt (line 7))
2025-08-20T13:30:50.3179749Z   Using cached httpcore-1.0.9-py3-none-any.whl.metadata (21 kB)
2025-08-20T13:30:50.3214572Z Requirement already satisfied: idna in /opt/hostedtoolcache/Python/3.12.11/x64/lib/python3.12/site-packages (from httpx==0.27.2->-r services/api/requirements.txt (line 7)) (3.10)
2025-08-20T13:30:50.3326817Z Collecting sniffio (from httpx==0.27.2->-r services/api/requirements.txt (line 7))
2025-08-20T13:30:50.3343413Z   Using cached sniffio-1.3.1-py3-none-any.whl.metadata (3.9 kB)
2025-08-20T13:30:50.7333266Z Collecting botocore<1.35.0,>=1.34.162 (from boto3==1.34.162->-r services/api/requirements.txt (line 9))
2025-08-20T13:30:50.7346700Z   Using cached botocore-1.34.162-py3-none-any.whl.metadata (5.7 kB)
2025-08-20T13:30:50.7376307Z Requirement already satisfied: jmespath<2.0.0,>=0.7.1 in /opt/hostedtoolcache/Python/3.12.11/x64/lib/python3.12/site-packages (from boto3==1.34.162->-r services/api/requirements.txt (line 9)) (1.0.1)
2025-08-20T13:30:50.7555402Z Collecting s3transfer<0.11.0,>=0.10.0 (from boto3==1.34.162->-r services/api/requirements.txt (line 9))
2025-08-20T13:30:50.7567518Z   Using cached s3transfer-0.10.4-py3-none-any.whl.metadata (1.7 kB)
2025-08-20T13:30:50.8069424Z Collecting MarkupSafe>=2.0 (from Jinja2==3.1.5->-r services/api/requirements.txt (line 10))
2025-08-20T13:30:50.8082417Z   Using cached MarkupSafe-3.0.2-cp312-cp312-manylinux_2_17_x86_64.manylinux2014_x86_64.whl.metadata (4.0 kB)
2025-08-20T13:30:50.8336932Z Requirement already satisfied: urllib3>=1.26.11 in /opt/hostedtoolcache/Python/3.12.11/x64/lib/python3.12/site-packages (from sentry-sdk==2.9.0->sentry-sdk[celery,fastapi,sqlalchemy]==2.9.0->-r services/api/requirements.txt (line 16)) (2.5.0)
2025-08-20T13:30:50.9795047Z Collecting psycopg-binary==3.2.9 (from psycopg[binary]==3.2.9->-r services/api/requirements.txt (line 6))
2025-08-20T13:30:50.9807913Z   Using cached psycopg_binary-3.2.9-cp312-cp312-manylinux_2_17_x86_64.manylinux2014_x86_64.whl.metadata (2.9 kB)
2025-08-20T13:30:51.0127174Z Requirement already satisfied: billiard<5.0,>=4.2.0 in /opt/hostedtoolcache/Python/3.12.11/x64/lib/python3.12/site-packages (from celery==5.3.*->-r services/api/requirements.txt (line 11)) (4.2.1)
2025-08-20T13:30:51.0132454Z Requirement already satisfied: click-didyoumean>=0.3.0 in /opt/hostedtoolcache/Python/3.12.11/x64/lib/python3.12/site-packages (from celery==5.3.*->-r services/api/requirements.txt (line 11)) (0.3.1)
2025-08-20T13:30:51.0138255Z Requirement already satisfied: click-plugins>=1.1.1 in /opt/hostedtoolcache/Python/3.12.11/x64/lib/python3.12/site-packages (from celery==5.3.*->-r services/api/requirements.txt (line 11)) (1.1.1.2)
2025-08-20T13:30:51.0143256Z Requirement already satisfied: click-repl>=0.2.0 in /opt/hostedtoolcache/Python/3.12.11/x64/lib/python3.12/site-packages (from celery==5.3.*->-r services/api/requirements.txt (line 11)) (0.3.0)
2025-08-20T13:30:51.0152651Z Requirement already satisfied: kombu<6.0,>=5.3.4 in /opt/hostedtoolcache/Python/3.12.11/x64/lib/python3.12/site-packages (from celery==5.3.*->-r services/api/requirements.txt (line 11)) (5.5.4)
2025-08-20T13:30:51.0158473Z Requirement already satisfied: python-dateutil>=2.8.2 in /opt/hostedtoolcache/Python/3.12.11/x64/lib/python3.12/site-packages (from celery==5.3.*->-r services/api/requirements.txt (line 11)) (2.9.0.post0)
2025-08-20T13:30:51.0163660Z Requirement already satisfied: tzdata>=2022.7 in /opt/hostedtoolcache/Python/3.12.11/x64/lib/python3.12/site-packages (from celery==5.3.*->-r services/api/requirements.txt (line 11)) (2025.2)
2025-08-20T13:30:51.0170138Z Requirement already satisfied: vine<6.0,>=5.1.0 in /opt/hostedtoolcache/Python/3.12.11/x64/lib/python3.12/site-packages (from celery==5.3.*->-r services/api/requirements.txt (line 11)) (5.1.0)
2025-08-20T13:30:51.0308614Z Requirement already satisfied: amqp<6.0.0,>=5.1.1 in /opt/hostedtoolcache/Python/3.12.11/x64/lib/python3.12/site-packages (from kombu<6.0,>=5.3.4->celery==5.3.*->-r services/api/requirements.txt (line 11)) (5.3.1)
2025-08-20T13:30:51.0318640Z Requirement already satisfied: packaging in /opt/hostedtoolcache/Python/3.12.11/x64/lib/python3.12/site-packages (from kombu<6.0,>=5.3.4->celery==5.3.*->-r services/api/requirements.txt (line 11)) (25.0)
2025-08-20T13:30:51.0384327Z Requirement already satisfied: annotated-types>=0.6.0 in /opt/hostedtoolcache/Python/3.12.11/x64/lib/python3.12/site-packages (from pydantic>=2.3.0->pydantic-settings==2.2.1->-r services/api/requirements.txt (line 2)) (0.7.0)
2025-08-20T13:30:51.0389351Z Requirement already satisfied: pydantic-core==2.33.2 in /opt/hostedtoolcache/Python/3.12.11/x64/lib/python3.12/site-packages (from pydantic>=2.3.0->pydantic-settings==2.2.1->-r services/api/requirements.txt (line 2)) (2.33.2)
2025-08-20T13:30:51.0397642Z Requirement already satisfied: typing-inspection>=0.4.0 in /opt/hostedtoolcache/Python/3.12.11/x64/lib/python3.12/site-packages (from pydantic>=2.3.0->pydantic-settings==2.2.1->-r services/api/requirements.txt (line 2)) (0.4.1)
2025-08-20T13:30:51.0431085Z Requirement already satisfied: six>=1.5 in /opt/hostedtoolcache/Python/3.12.11/x64/lib/python3.12/site-packages (from python-dateutil>=2.8.2->celery==5.3.*->-r services/api/requirements.txt (line 11)) (1.17.0)
2025-08-20T13:30:51.2751748Z Requirement already satisfied: prompt-toolkit>=3.0.36 in /opt/hostedtoolcache/Python/3.12.11/x64/lib/python3.12/site-packages (from click-repl>=0.2.0->celery==5.3.*->-r services/api/requirements.txt (line 11)) (3.0.51)
2025-08-20T13:30:51.2905514Z Collecting dnspython>=2.0.0 (from email_validator>=2.0.0->fastapi==0.111.0->-r services/api/requirements.txt (line 3))
2025-08-20T13:30:51.2916557Z   Using cached dnspython-2.7.0-py3-none-any.whl.metadata (5.8 kB)
2025-08-20T13:30:51.3155388Z Collecting typer>=0.15.1 (from fastapi-cli>=0.0.2->fastapi==0.111.0->-r services/api/requirements.txt (line 3))
2025-08-20T13:30:51.3167173Z   Using cached typer-0.16.1-py3-none-any.whl.metadata (15 kB)
2025-08-20T13:30:51.3432296Z Collecting rich-toolkit>=0.14.8 (from fastapi-cli>=0.0.2->fastapi==0.111.0->-r services/api/requirements.txt (line 3))
2025-08-20T13:30:51.3444222Z   Using cached rich_toolkit-0.15.0-py3-none-any.whl.metadata (1.0 kB)
2025-08-20T13:30:51.3539223Z Requirement already satisfied: wcwidth in /opt/hostedtoolcache/Python/3.12.11/x64/lib/python3.12/site-packages (from prompt-toolkit>=3.0.36->click-repl>=0.2.0->celery==5.3.*->-r services/api/requirements.txt (line 11)) (0.2.13)
2025-08-20T13:30:51.3957049Z Collecting rich>=13.7.1 (from rich-toolkit>=0.14.8->fastapi-cli>=0.0.2->fastapi==0.111.0->-r services/api/requirements.txt (line 3))
2025-08-20T13:30:51.3969335Z   Using cached rich-14.1.0-py3-none-any.whl.metadata (18 kB)
2025-08-20T13:30:51.4175318Z Collecting markdown-it-py>=2.2.0 (from rich>=13.7.1->rich-toolkit>=0.14.8->fastapi-cli>=0.0.2->fastapi==0.111.0->-r services/api/requirements.txt (line 3))
2025-08-20T13:30:51.4186396Z   Using cached markdown_it_py-4.0.0-py3-none-any.whl.metadata (7.3 kB)
2025-08-20T13:30:51.4477437Z Collecting pygments<3.0.0,>=2.13.0 (from rich>=13.7.1->rich-toolkit>=0.14.8->fastapi-cli>=0.0.2->fastapi==0.111.0->-r services/api/requirements.txt (line 3))
2025-08-20T13:30:51.4489150Z   Using cached pygments-2.19.2-py3-none-any.whl.metadata (2.5 kB)
2025-08-20T13:30:51.4639439Z Collecting mdurl~=0.1 (from markdown-it-py>=2.2.0->rich>=13.7.1->rich-toolkit>=0.14.8->fastapi-cli>=0.0.2->fastapi==0.111.0->-r services/api/requirements.txt (line 3))
2025-08-20T13:30:51.4651069Z   Using cached mdurl-0.1.2-py3-none-any.whl.metadata (1.6 kB)
2025-08-20T13:30:51.4878280Z Collecting shellingham>=1.3.0 (from typer>=0.15.1->fastapi-cli>=0.0.2->fastapi==0.111.0->-r services/api/requirements.txt (line 3))
2025-08-20T13:30:51.4890280Z   Using cached shellingham-1.5.4-py2.py3-none-any.whl.metadata (3.5 kB)
2025-08-20T13:30:51.5915578Z Collecting httptools>=0.5.0 (from uvicorn[standard]>=0.12.0->fastapi==0.111.0->-r services/api/requirements.txt (line 3))
2025-08-20T13:30:51.5929256Z   Using cached httptools-0.6.4-cp312-cp312-manylinux_2_5_x86_64.manylinux1_x86_64.manylinux_2_17_x86_64.manylinux2014_x86_64.whl.metadata (3.6 kB)
2025-08-20T13:30:51.5956035Z Requirement already satisfied: pyyaml>=5.1 in /opt/hostedtoolcache/Python/3.12.11/x64/lib/python3.12/site-packages (from uvicorn[standard]>=0.12.0->fastapi==0.111.0->-r services/api/requirements.txt (line 3)) (6.0.2)
2025-08-20T13:30:51.6379644Z Collecting uvloop!=0.15.0,!=0.15.1,>=0.14.0 (from uvicorn[standard]>=0.12.0->fastapi==0.111.0->-r services/api/requirements.txt (line 3))
2025-08-20T13:30:51.6392876Z   Using cached uvloop-0.21.0-cp312-cp312-manylinux_2_17_x86_64.manylinux2014_x86_64.whl.metadata (4.9 kB)
2025-08-20T13:30:51.7155680Z Collecting watchfiles>=0.13 (from uvicorn[standard]>=0.12.0->fastapi==0.111.0->-r services/api/requirements.txt (line 3))
2025-08-20T13:30:51.7169167Z   Using cached watchfiles-1.1.0-cp312-cp312-manylinux_2_17_x86_64.manylinux2014_x86_64.whl.metadata (4.9 kB)
2025-08-20T13:30:51.8063009Z Collecting websockets>=10.4 (from uvicorn[standard]>=0.12.0->fastapi==0.111.0->-r services/api/requirements.txt (line 3))
2025-08-20T13:30:51.8076874Z   Using cached websockets-15.0.1-cp312-cp312-manylinux_2_5_x86_64.manylinux1_x86_64.manylinux_2_17_x86_64.manylinux2014_x86_64.whl.metadata (6.8 kB)
2025-08-20T13:30:51.8355326Z Using cached uvicorn-0.29.0-py3-none-any.whl (60 kB)
2025-08-20T13:30:51.8366298Z Using cached fastapi-0.111.0-py3-none-any.whl (91 kB)
2025-08-20T13:30:51.8378111Z Using cached SQLAlchemy-2.0.29-cp312-cp312-manylinux_2_17_x86_64.manylinux2014_x86_64.whl (3.2 MB)
2025-08-20T13:30:51.8413460Z Using cached alembic-1.13.1-py3-none-any.whl (233 kB)
2025-08-20T13:30:51.8426255Z Using cached psycopg-3.2.9-py3-none-any.whl (202 kB)
2025-08-20T13:30:51.8437879Z Using cached httpx-0.27.2-py3-none-any.whl (76 kB)
2025-08-20T13:30:51.8449260Z Using cached asyncpg-0.29.0-cp312-cp312-manylinux_2_17_x86_64.manylinux2014_x86_64.whl (3.3 MB)
2025-08-20T13:30:51.8483971Z Using cached boto3-1.34.162-py3-none-any.whl (139 kB)
2025-08-20T13:30:51.8495694Z Using cached jinja2-3.1.5-py3-none-any.whl (134 kB)
2025-08-20T13:30:51.8507177Z Using cached structlog-24.1.0-py3-none-any.whl (65 kB)
2025-08-20T13:30:51.8518194Z Using cached asgi_correlation_id-4.3.1-py3-none-any.whl (15 kB)
2025-08-20T13:30:51.8528679Z Using cached fastapi_limiter-0.1.6-py3-none-any.whl (15 kB)
2025-08-20T13:30:51.8539023Z Using cached redis-5.0.8-py3-none-any.whl (255 kB)
2025-08-20T13:30:51.8551248Z Using cached sentry_sdk-2.9.0-py2.py3-none-any.whl (301 kB)
2025-08-20T13:30:51.8564413Z Using cached psycopg_binary-3.2.9-cp312-cp312-manylinux_2_17_x86_64.manylinux2014_x86_64.whl (4.4 MB)
2025-08-20T13:30:51.8606899Z Using cached botocore-1.34.162-py3-none-any.whl (12.5 MB)
2025-08-20T13:30:51.8712649Z Using cached httpcore-1.0.9-py3-none-any.whl (78 kB)
2025-08-20T13:30:51.8724110Z Using cached s3transfer-0.10.4-py3-none-any.whl (83 kB)
2025-08-20T13:30:51.8735233Z Using cached starlette-0.37.2-py3-none-any.whl (71 kB)
2025-08-20T13:30:51.8746197Z Using cached anyio-4.10.0-py3-none-any.whl (107 kB)
2025-08-20T13:30:51.8757503Z Using cached email_validator-2.2.0-py3-none-any.whl (33 kB)
2025-08-20T13:30:51.8768205Z Using cached dnspython-2.7.0-py3-none-any.whl (313 kB)
2025-08-20T13:30:51.8781026Z Using cached fastapi_cli-0.0.8-py3-none-any.whl (10 kB)
2025-08-20T13:30:51.8792038Z Using cached greenlet-3.2.4-cp312-cp312-manylinux_2_24_x86_64.manylinux_2_28_x86_64.whl (607 kB)
2025-08-20T13:30:51.8806837Z Using cached h11-0.16.0-py3-none-any.whl (37 kB)
2025-08-20T13:30:51.8818189Z Using cached MarkupSafe-3.0.2-cp312-cp312-manylinux_2_17_x86_64.manylinux2014_x86_64.whl (23 kB)
2025-08-20T13:30:51.8828986Z Using cached orjson-3.11.2-cp312-cp312-manylinux_2_17_x86_64.manylinux2014_x86_64.whl (121 kB)
2025-08-20T13:30:51.8840188Z Using cached python_multipart-0.0.20-py3-none-any.whl (24 kB)
2025-08-20T13:30:51.8850606Z Using cached rich_toolkit-0.15.0-py3-none-any.whl (29 kB)
2025-08-20T13:30:51.8861192Z Using cached rich-14.1.0-py3-none-any.whl (243 kB)
2025-08-20T13:30:51.8873529Z Using cached pygments-2.19.2-py3-none-any.whl (1.2 MB)
2025-08-20T13:30:51.8893313Z Using cached markdown_it_py-4.0.0-py3-none-any.whl (87 kB)
2025-08-20T13:30:51.8905073Z Using cached mdurl-0.1.2-py3-none-any.whl (10.0 kB)
2025-08-20T13:30:51.8915821Z Using cached sniffio-1.3.1-py3-none-any.whl (10 kB)
2025-08-20T13:30:51.8926487Z Using cached typer-0.16.1-py3-none-any.whl (46 kB)
2025-08-20T13:30:51.8937385Z Using cached shellingham-1.5.4-py2.py3-none-any.whl (9.8 kB)
2025-08-20T13:30:51.9009392Z Downloading ujson-5.11.0-cp312-cp312-manylinux_2_24_x86_64.manylinux_2_28_x86_64.whl (57 kB)
2025-08-20T13:30:51.9141600Z Using cached httptools-0.6.4-cp312-cp312-manylinux_2_5_x86_64.manylinux1_x86_64.manylinux_2_17_x86_64.manylinux2014_x86_64.whl (510 kB)
2025-08-20T13:30:51.9155805Z Using cached uvloop-0.21.0-cp312-cp312-manylinux_2_17_x86_64.manylinux2014_x86_64.whl (4.7 MB)
2025-08-20T13:30:51.9201639Z Using cached watchfiles-1.1.0-cp312-cp312-manylinux_2_17_x86_64.manylinux2014_x86_64.whl (452 kB)
2025-08-20T13:30:51.9216243Z Using cached websockets-15.0.1-cp312-cp312-manylinux_2_5_x86_64.manylinux1_x86_64.manylinux_2_17_x86_64.manylinux2014_x86_64.whl (182 kB)
2025-08-20T13:30:51.9227641Z Using cached mako-1.3.10-py3-none-any.whl (78 kB)
2025-08-20T13:30:52.1260090Z Installing collected packages: websockets, uvloop, ujson, structlog, sniffio, shellingham, sentry-sdk, redis, python-multipart, pygments, psycopg-binary, psycopg, orjson, mdurl, MarkupSafe, httptools, h11, greenlet, dnspython, asyncpg, uvicorn, sqlalchemy, markdown-it-py, Mako, Jinja2, httpcore, email_validator, botocore, anyio, watchfiles, starlette, s3transfer, rich, httpx, alembic, typer, rich-toolkit, boto3, asgi-correlation-id, fastapi-cli, fastapi, fastapi-limiter
2025-08-20T13:30:52.6049642Z   Attempting uninstall: redis
2025-08-20T13:30:52.6098353Z     Found existing installation: redis 5.3.1
2025-08-20T13:30:52.6179082Z     Uninstalling redis-5.3.1:
2025-08-20T13:30:52.6197614Z       Successfully uninstalled redis-5.3.1
2025-08-20T13:30:56.0398678Z   Attempting uninstall: botocore
2025-08-20T13:30:56.0432397Z     Found existing installation: botocore 1.40.13
2025-08-20T13:30:56.1046720Z     Uninstalling botocore-1.40.13:
2025-08-20T13:30:56.1290421Z       Successfully uninstalled botocore-1.40.13
2025-08-20T13:30:56.9183202Z   Attempting uninstall: s3transfer
2025-08-20T13:30:56.9230321Z     Found existing installation: s3transfer 0.13.1
2025-08-20T13:30:56.9257143Z     Uninstalling s3transfer-0.13.1:
2025-08-20T13:30:56.9265734Z       Successfully uninstalled s3transfer-0.13.1
2025-08-20T13:30:57.4401372Z   Attempting uninstall: boto3
2025-08-20T13:30:57.4435650Z     Found existing installation: boto3 1.40.13
2025-08-20T13:30:57.4495731Z     Uninstalling boto3-1.40.13:
2025-08-20T13:30:57.4514262Z       Successfully uninstalled boto3-1.40.13
2025-08-20T13:30:57.6123141Z 
2025-08-20T13:30:57.6210781Z Successfully installed Jinja2-3.1.5 Mako-1.3.10 MarkupSafe-3.0.2 alembic-1.13.1 anyio-4.10.0 asgi-correlation-id-4.3.1 asyncpg-0.29.0 boto3-1.34.162 botocore-1.34.162 dnspython-2.7.0 email_validator-2.2.0 fastapi-0.111.0 fastapi-cli-0.0.8 fastapi-limiter-0.1.6 greenlet-3.2.4 h11-0.16.0 httpcore-1.0.9 httptools-0.6.4 httpx-0.27.2 markdown-it-py-4.0.0 mdurl-0.1.2 orjson-3.11.2 psycopg-3.2.9 psycopg-binary-3.2.9 pygments-2.19.2 python-multipart-0.0.20 redis-5.0.8 rich-14.1.0 rich-toolkit-0.15.0 s3transfer-0.10.4 sentry-sdk-2.9.0 shellingham-1.5.4 sniffio-1.3.1 sqlalchemy-2.0.29 starlette-0.37.2 structlog-24.1.0 typer-0.16.1 ujson-5.11.0 uvicorn-0.29.0 uvloop-0.21.0 watchfiles-1.1.0 websockets-15.0.1
2025-08-20T13:30:58.8416903Z Requirement already satisfied: uvicorn==0.29.0 in /opt/hostedtoolcache/Python/3.12.11/x64/lib/python3.12/site-packages (from -r services/repricer/requirements.txt (line 1)) (0.29.0)
2025-08-20T13:30:58.8421939Z Requirement already satisfied: pydantic-settings==2.2.1 in /opt/hostedtoolcache/Python/3.12.11/x64/lib/python3.12/site-packages (from -r services/repricer/requirements.txt (line 2)) (2.2.1)
2025-08-20T13:30:58.8446583Z Requirement already satisfied: python-amazon-sp-api==0.8.0 in /opt/hostedtoolcache/Python/3.12.11/x64/lib/python3.12/site-packages (from -r services/repricer/requirements.txt (line 3)) (0.8.0)
2025-08-20T13:30:58.8449310Z Requirement already satisfied: fastapi==0.111.0 in /opt/hostedtoolcache/Python/3.12.11/x64/lib/python3.12/site-packages (from -r services/repricer/requirements.txt (line 4)) (0.111.0)
2025-08-20T13:30:58.8455854Z Requirement already satisfied: sqlalchemy==2.0.29 in /opt/hostedtoolcache/Python/3.12.11/x64/lib/python3.12/site-packages (from -r services/repricer/requirements.txt (line 5)) (2.0.29)
2025-08-20T13:30:58.8458549Z Requirement already satisfied: click>=7.0 in /opt/hostedtoolcache/Python/3.12.11/x64/lib/python3.12/site-packages (from uvicorn==0.29.0->-r services/repricer/requirements.txt (line 1)) (8.2.1)
2025-08-20T13:30:58.8462006Z Requirement already satisfied: h11>=0.8 in /opt/hostedtoolcache/Python/3.12.11/x64/lib/python3.12/site-packages (from uvicorn==0.29.0->-r services/repricer/requirements.txt (line 1)) (0.16.0)
2025-08-20T13:30:58.8485355Z Requirement already satisfied: pydantic>=2.3.0 in /opt/hostedtoolcache/Python/3.12.11/x64/lib/python3.12/site-packages (from pydantic-settings==2.2.1->-r services/repricer/requirements.txt (line 2)) (2.11.7)
2025-08-20T13:30:58.8490171Z Requirement already satisfied: python-dotenv>=0.21.0 in /opt/hostedtoolcache/Python/3.12.11/x64/lib/python3.12/site-packages (from pydantic-settings==2.2.1->-r services/repricer/requirements.txt (line 2)) (1.1.1)
2025-08-20T13:30:58.8501408Z Requirement already satisfied: requests in /opt/hostedtoolcache/Python/3.12.11/x64/lib/python3.12/site-packages (from python-amazon-sp-api==0.8.0->-r services/repricer/requirements.txt (line 3)) (2.32.5)
2025-08-20T13:30:58.8507871Z Requirement already satisfied: six<2,>=1.15 in /opt/hostedtoolcache/Python/3.12.11/x64/lib/python3.12/site-packages (from python-amazon-sp-api==0.8.0->-r services/repricer/requirements.txt (line 3)) (1.17.0)
2025-08-20T13:30:58.8516514Z Requirement already satisfied: boto3<2,>=1.16.39 in /opt/hostedtoolcache/Python/3.12.11/x64/lib/python3.12/site-packages (from python-amazon-sp-api==0.8.0->-r services/repricer/requirements.txt (line 3)) (1.34.162)
2025-08-20T13:30:58.8522707Z Requirement already satisfied: cachetools~=4.2.0 in /opt/hostedtoolcache/Python/3.12.11/x64/lib/python3.12/site-packages (from python-amazon-sp-api==0.8.0->-r services/repricer/requirements.txt (line 3)) (4.2.4)
2025-08-20T13:30:58.8526636Z Requirement already satisfied: pycryptodome in /opt/hostedtoolcache/Python/3.12.11/x64/lib/python3.12/site-packages (from python-amazon-sp-api==0.8.0->-r services/repricer/requirements.txt (line 3)) (3.23.0)
2025-08-20T13:30:58.8530202Z Requirement already satisfied: pytz in /opt/hostedtoolcache/Python/3.12.11/x64/lib/python3.12/site-packages (from python-amazon-sp-api==0.8.0->-r services/repricer/requirements.txt (line 3)) (2025.2)
2025-08-20T13:30:58.8536104Z Requirement already satisfied: confuse~=1.4.0 in /opt/hostedtoolcache/Python/3.12.11/x64/lib/python3.12/site-packages (from python-amazon-sp-api==0.8.0->-r services/repricer/requirements.txt (line 3)) (1.4.0)
2025-08-20T13:30:58.8551446Z Requirement already satisfied: starlette<0.38.0,>=0.37.2 in /opt/hostedtoolcache/Python/3.12.11/x64/lib/python3.12/site-packages (from fastapi==0.111.0->-r services/repricer/requirements.txt (line 4)) (0.37.2)
2025-08-20T13:30:58.8561223Z Requirement already satisfied: typing-extensions>=4.8.0 in /opt/hostedtoolcache/Python/3.12.11/x64/lib/python3.12/site-packages (from fastapi==0.111.0->-r services/repricer/requirements.txt (line 4)) (4.14.1)
2025-08-20T13:30:58.8566143Z Requirement already satisfied: fastapi-cli>=0.0.2 in /opt/hostedtoolcache/Python/3.12.11/x64/lib/python3.12/site-packages (from fastapi==0.111.0->-r services/repricer/requirements.txt (line 4)) (0.0.8)
2025-08-20T13:30:58.8570790Z Requirement already satisfied: httpx>=0.23.0 in /opt/hostedtoolcache/Python/3.12.11/x64/lib/python3.12/site-packages (from fastapi==0.111.0->-r services/repricer/requirements.txt (line 4)) (0.27.2)
2025-08-20T13:30:58.8576203Z Requirement already satisfied: jinja2>=2.11.2 in /opt/hostedtoolcache/Python/3.12.11/x64/lib/python3.12/site-packages (from fastapi==0.111.0->-r services/repricer/requirements.txt (line 4)) (3.1.5)
2025-08-20T13:30:58.8580898Z Requirement already satisfied: python-multipart>=0.0.7 in /opt/hostedtoolcache/Python/3.12.11/x64/lib/python3.12/site-packages (from fastapi==0.111.0->-r services/repricer/requirements.txt (line 4)) (0.0.20)
2025-08-20T13:30:58.8588789Z Requirement already satisfied: ujson!=4.0.2,!=4.1.0,!=4.2.0,!=4.3.0,!=5.0.0,!=5.1.0,>=4.0.1 in /opt/hostedtoolcache/Python/3.12.11/x64/lib/python3.12/site-packages (from fastapi==0.111.0->-r services/repricer/requirements.txt (line 4)) (5.11.0)
2025-08-20T13:30:58.8593389Z Requirement already satisfied: orjson>=3.2.1 in /opt/hostedtoolcache/Python/3.12.11/x64/lib/python3.12/site-packages (from fastapi==0.111.0->-r services/repricer/requirements.txt (line 4)) (3.11.2)
2025-08-20T13:30:58.8598423Z Requirement already satisfied: email_validator>=2.0.0 in /opt/hostedtoolcache/Python/3.12.11/x64/lib/python3.12/site-packages (from fastapi==0.111.0->-r services/repricer/requirements.txt (line 4)) (2.2.0)
2025-08-20T13:30:58.8645564Z Requirement already satisfied: greenlet!=0.4.17 in /opt/hostedtoolcache/Python/3.12.11/x64/lib/python3.12/site-packages (from sqlalchemy==2.0.29->-r services/repricer/requirements.txt (line 5)) (3.2.4)
2025-08-20T13:30:58.8690401Z Requirement already satisfied: botocore<1.35.0,>=1.34.162 in /opt/hostedtoolcache/Python/3.12.11/x64/lib/python3.12/site-packages (from boto3<2,>=1.16.39->python-amazon-sp-api==0.8.0->-r services/repricer/requirements.txt (line 3)) (1.34.162)
2025-08-20T13:30:58.8696816Z Requirement already satisfied: jmespath<2.0.0,>=0.7.1 in /opt/hostedtoolcache/Python/3.12.11/x64/lib/python3.12/site-packages (from boto3<2,>=1.16.39->python-amazon-sp-api==0.8.0->-r services/repricer/requirements.txt (line 3)) (1.0.1)
2025-08-20T13:30:58.8703167Z Requirement already satisfied: s3transfer<0.11.0,>=0.10.0 in /opt/hostedtoolcache/Python/3.12.11/x64/lib/python3.12/site-packages (from boto3<2,>=1.16.39->python-amazon-sp-api==0.8.0->-r services/repricer/requirements.txt (line 3)) (0.10.4)
2025-08-20T13:30:58.8720402Z Requirement already satisfied: python-dateutil<3.0.0,>=2.1 in /opt/hostedtoolcache/Python/3.12.11/x64/lib/python3.12/site-packages (from botocore<1.35.0,>=1.34.162->boto3<2,>=1.16.39->python-amazon-sp-api==0.8.0->-r services/repricer/requirements.txt (line 3)) (2.9.0.post0)
2025-08-20T13:30:58.8732927Z Requirement already satisfied: urllib3!=2.2.0,<3,>=1.25.4 in /opt/hostedtoolcache/Python/3.12.11/x64/lib/python3.12/site-packages (from botocore<1.35.0,>=1.34.162->boto3<2,>=1.16.39->python-amazon-sp-api==0.8.0->-r services/repricer/requirements.txt (line 3)) (2.5.0)
2025-08-20T13:30:58.8752129Z Requirement already satisfied: pyyaml in /opt/hostedtoolcache/Python/3.12.11/x64/lib/python3.12/site-packages (from confuse~=1.4.0->python-amazon-sp-api==0.8.0->-r services/repricer/requirements.txt (line 3)) (6.0.2)
2025-08-20T13:30:58.8785659Z Requirement already satisfied: annotated-types>=0.6.0 in /opt/hostedtoolcache/Python/3.12.11/x64/lib/python3.12/site-packages (from pydantic>=2.3.0->pydantic-settings==2.2.1->-r services/repricer/requirements.txt (line 2)) (0.7.0)
2025-08-20T13:30:58.8790647Z Requirement already satisfied: pydantic-core==2.33.2 in /opt/hostedtoolcache/Python/3.12.11/x64/lib/python3.12/site-packages (from pydantic>=2.3.0->pydantic-settings==2.2.1->-r services/repricer/requirements.txt (line 2)) (2.33.2)
2025-08-20T13:30:58.8797838Z Requirement already satisfied: typing-inspection>=0.4.0 in /opt/hostedtoolcache/Python/3.12.11/x64/lib/python3.12/site-packages (from pydantic>=2.3.0->pydantic-settings==2.2.1->-r services/repricer/requirements.txt (line 2)) (0.4.1)
2025-08-20T13:30:58.8857831Z Requirement already satisfied: anyio<5,>=3.4.0 in /opt/hostedtoolcache/Python/3.12.11/x64/lib/python3.12/site-packages (from starlette<0.38.0,>=0.37.2->fastapi==0.111.0->-r services/repricer/requirements.txt (line 4)) (4.10.0)
2025-08-20T13:30:58.8877566Z Requirement already satisfied: idna>=2.8 in /opt/hostedtoolcache/Python/3.12.11/x64/lib/python3.12/site-packages (from anyio<5,>=3.4.0->starlette<0.38.0,>=0.37.2->fastapi==0.111.0->-r services/repricer/requirements.txt (line 4)) (3.10)
2025-08-20T13:30:58.8882510Z Requirement already satisfied: sniffio>=1.1 in /opt/hostedtoolcache/Python/3.12.11/x64/lib/python3.12/site-packages (from anyio<5,>=3.4.0->starlette<0.38.0,>=0.37.2->fastapi==0.111.0->-r services/repricer/requirements.txt (line 4)) (1.3.1)
2025-08-20T13:30:58.8939109Z Requirement already satisfied: dnspython>=2.0.0 in /opt/hostedtoolcache/Python/3.12.11/x64/lib/python3.12/site-packages (from email_validator>=2.0.0->fastapi==0.111.0->-r services/repricer/requirements.txt (line 4)) (2.7.0)
2025-08-20T13:30:58.8987182Z Requirement already satisfied: typer>=0.15.1 in /opt/hostedtoolcache/Python/3.12.11/x64/lib/python3.12/site-packages (from fastapi-cli>=0.0.2->fastapi==0.111.0->-r services/repricer/requirements.txt (line 4)) (0.16.1)
2025-08-20T13:30:58.8997650Z Requirement already satisfied: rich-toolkit>=0.14.8 in /opt/hostedtoolcache/Python/3.12.11/x64/lib/python3.12/site-packages (from fastapi-cli>=0.0.2->fastapi==0.111.0->-r services/repricer/requirements.txt (line 4)) (0.15.0)
2025-08-20T13:30:58.9038296Z Requirement already satisfied: certifi in /opt/hostedtoolcache/Python/3.12.11/x64/lib/python3.12/site-packages (from httpx>=0.23.0->fastapi==0.111.0->-r services/repricer/requirements.txt (line 4)) (2025.8.3)
2025-08-20T13:30:58.9043543Z Requirement already satisfied: httpcore==1.* in /opt/hostedtoolcache/Python/3.12.11/x64/lib/python3.12/site-packages (from httpx>=0.23.0->fastapi==0.111.0->-r services/repricer/requirements.txt (line 4)) (1.0.9)
2025-08-20T13:30:58.9100773Z Requirement already satisfied: MarkupSafe>=2.0 in /opt/hostedtoolcache/Python/3.12.11/x64/lib/python3.12/site-packages (from jinja2>=2.11.2->fastapi==0.111.0->-r services/repricer/requirements.txt (line 4)) (3.0.2)
2025-08-20T13:30:58.9158319Z Requirement already satisfied: rich>=13.7.1 in /opt/hostedtoolcache/Python/3.12.11/x64/lib/python3.12/site-packages (from rich-toolkit>=0.14.8->fastapi-cli>=0.0.2->fastapi==0.111.0->-r services/repricer/requirements.txt (line 4)) (14.1.0)
2025-08-20T13:30:58.9180809Z Requirement already satisfied: markdown-it-py>=2.2.0 in /opt/hostedtoolcache/Python/3.12.11/x64/lib/python3.12/site-packages (from rich>=13.7.1->rich-toolkit>=0.14.8->fastapi-cli>=0.0.2->fastapi==0.111.0->-r services/repricer/requirements.txt (line 4)) (4.0.0)
2025-08-20T13:30:58.9187493Z Requirement already satisfied: pygments<3.0.0,>=2.13.0 in /opt/hostedtoolcache/Python/3.12.11/x64/lib/python3.12/site-packages (from rich>=13.7.1->rich-toolkit>=0.14.8->fastapi-cli>=0.0.2->fastapi==0.111.0->-r services/repricer/requirements.txt (line 4)) (2.19.2)
2025-08-20T13:30:58.9214213Z Requirement already satisfied: mdurl~=0.1 in /opt/hostedtoolcache/Python/3.12.11/x64/lib/python3.12/site-packages (from markdown-it-py>=2.2.0->rich>=13.7.1->rich-toolkit>=0.14.8->fastapi-cli>=0.0.2->fastapi==0.111.0->-r services/repricer/requirements.txt (line 4)) (0.1.2)
2025-08-20T13:30:58.9280696Z Requirement already satisfied: shellingham>=1.3.0 in /opt/hostedtoolcache/Python/3.12.11/x64/lib/python3.12/site-packages (from typer>=0.15.1->fastapi-cli>=0.0.2->fastapi==0.111.0->-r services/repricer/requirements.txt (line 4)) (1.5.4)
2025-08-20T13:30:58.9352222Z Requirement already satisfied: httptools>=0.5.0 in /opt/hostedtoolcache/Python/3.12.11/x64/lib/python3.12/site-packages (from uvicorn[standard]>=0.12.0->fastapi==0.111.0->-r services/repricer/requirements.txt (line 4)) (0.6.4)
2025-08-20T13:30:58.9368276Z Requirement already satisfied: uvloop!=0.15.0,!=0.15.1,>=0.14.0 in /opt/hostedtoolcache/Python/3.12.11/x64/lib/python3.12/site-packages (from uvicorn[standard]>=0.12.0->fastapi==0.111.0->-r services/repricer/requirements.txt (line 4)) (0.21.0)
2025-08-20T13:30:58.9376219Z Requirement already satisfied: watchfiles>=0.13 in /opt/hostedtoolcache/Python/3.12.11/x64/lib/python3.12/site-packages (from uvicorn[standard]>=0.12.0->fastapi==0.111.0->-r services/repricer/requirements.txt (line 4)) (1.1.0)
2025-08-20T13:30:58.9383138Z Requirement already satisfied: websockets>=10.4 in /opt/hostedtoolcache/Python/3.12.11/x64/lib/python3.12/site-packages (from uvicorn[standard]>=0.12.0->fastapi==0.111.0->-r services/repricer/requirements.txt (line 4)) (15.0.1)
2025-08-20T13:30:58.9514079Z Requirement already satisfied: charset_normalizer<4,>=2 in /opt/hostedtoolcache/Python/3.12.11/x64/lib/python3.12/site-packages (from requests->python-amazon-sp-api==0.8.0->-r services/repricer/requirements.txt (line 3)) (3.4.3)
2025-08-20T13:31:00.0492586Z Collecting celery==5.4.* (from celery[redis]==5.4.*->-r services/fees_h10/requirements.txt (line 1))
2025-08-20T13:31:00.0507063Z   Using cached celery-5.4.0-py3-none-any.whl.metadata (21 kB)
2025-08-20T13:31:00.0725549Z Requirement already satisfied: asyncpg in /opt/hostedtoolcache/Python/3.12.11/x64/lib/python3.12/site-packages (from -r services/fees_h10/requirements.txt (line 2)) (0.29.0)
2025-08-20T13:31:00.0728068Z Requirement already satisfied: httpx in /opt/hostedtoolcache/Python/3.12.11/x64/lib/python3.12/site-packages (from -r services/fees_h10/requirements.txt (line 3)) (0.27.2)
2025-08-20T13:31:00.0731363Z Requirement already satisfied: sqlalchemy in /opt/hostedtoolcache/Python/3.12.11/x64/lib/python3.12/site-packages (from -r services/fees_h10/requirements.txt (line 4)) (2.0.29)
2025-08-20T13:31:00.0745411Z Requirement already satisfied: billiard<5.0,>=4.2.0 in /opt/hostedtoolcache/Python/3.12.11/x64/lib/python3.12/site-packages (from celery==5.4.*->celery[redis]==5.4.*->-r services/fees_h10/requirements.txt (line 1)) (4.2.1)
2025-08-20T13:31:00.0750469Z Requirement already satisfied: kombu<6.0,>=5.3.4 in /opt/hostedtoolcache/Python/3.12.11/x64/lib/python3.12/site-packages (from celery==5.4.*->celery[redis]==5.4.*->-r services/fees_h10/requirements.txt (line 1)) (5.5.4)
2025-08-20T13:31:00.0755980Z Requirement already satisfied: vine<6.0,>=5.1.0 in /opt/hostedtoolcache/Python/3.12.11/x64/lib/python3.12/site-packages (from celery==5.4.*->celery[redis]==5.4.*->-r services/fees_h10/requirements.txt (line 1)) (5.1.0)
2025-08-20T13:31:00.0761302Z Requirement already satisfied: click<9.0,>=8.1.2 in /opt/hostedtoolcache/Python/3.12.11/x64/lib/python3.12/site-packages (from celery==5.4.*->celery[redis]==5.4.*->-r services/fees_h10/requirements.txt (line 1)) (8.2.1)
2025-08-20T13:31:00.0766284Z Requirement already satisfied: click-didyoumean>=0.3.0 in /opt/hostedtoolcache/Python/3.12.11/x64/lib/python3.12/site-packages (from celery==5.4.*->celery[redis]==5.4.*->-r services/fees_h10/requirements.txt (line 1)) (0.3.1)
2025-08-20T13:31:00.0771242Z Requirement already satisfied: click-repl>=0.2.0 in /opt/hostedtoolcache/Python/3.12.11/x64/lib/python3.12/site-packages (from celery==5.4.*->celery[redis]==5.4.*->-r services/fees_h10/requirements.txt (line 1)) (0.3.0)
2025-08-20T13:31:00.0776650Z Requirement already satisfied: click-plugins>=1.1.1 in /opt/hostedtoolcache/Python/3.12.11/x64/lib/python3.12/site-packages (from celery==5.4.*->celery[redis]==5.4.*->-r services/fees_h10/requirements.txt (line 1)) (1.1.1.2)
2025-08-20T13:31:00.0781380Z Requirement already satisfied: tzdata>=2022.7 in /opt/hostedtoolcache/Python/3.12.11/x64/lib/python3.12/site-packages (from celery==5.4.*->celery[redis]==5.4.*->-r services/fees_h10/requirements.txt (line 1)) (2025.2)
2025-08-20T13:31:00.0786627Z Requirement already satisfied: python-dateutil>=2.8.2 in /opt/hostedtoolcache/Python/3.12.11/x64/lib/python3.12/site-packages (from celery==5.4.*->celery[redis]==5.4.*->-r services/fees_h10/requirements.txt (line 1)) (2.9.0.post0)
2025-08-20T13:31:00.0826401Z Requirement already satisfied: redis!=4.5.5,<6.0.0,>=4.5.2 in /opt/hostedtoolcache/Python/3.12.11/x64/lib/python3.12/site-packages (from celery[redis]==5.4.*->-r services/fees_h10/requirements.txt (line 1)) (5.0.8)
2025-08-20T13:31:00.0847468Z Requirement already satisfied: amqp<6.0.0,>=5.1.1 in /opt/hostedtoolcache/Python/3.12.11/x64/lib/python3.12/site-packages (from kombu<6.0,>=5.3.4->celery==5.4.*->celery[redis]==5.4.*->-r services/fees_h10/requirements.txt (line 1)) (5.3.1)
2025-08-20T13:31:00.0858299Z Requirement already satisfied: packaging in /opt/hostedtoolcache/Python/3.12.11/x64/lib/python3.12/site-packages (from kombu<6.0,>=5.3.4->celery==5.4.*->celery[redis]==5.4.*->-r services/fees_h10/requirements.txt (line 1)) (25.0)
2025-08-20T13:31:00.0942552Z Requirement already satisfied: anyio in /opt/hostedtoolcache/Python/3.12.11/x64/lib/python3.12/site-packages (from httpx->-r services/fees_h10/requirements.txt (line 3)) (4.10.0)
2025-08-20T13:31:00.0946610Z Requirement already satisfied: certifi in /opt/hostedtoolcache/Python/3.12.11/x64/lib/python3.12/site-packages (from httpx->-r services/fees_h10/requirements.txt (line 3)) (2025.8.3)
2025-08-20T13:31:00.0951310Z Requirement already satisfied: httpcore==1.* in /opt/hostedtoolcache/Python/3.12.11/x64/lib/python3.12/site-packages (from httpx->-r services/fees_h10/requirements.txt (line 3)) (1.0.9)
2025-08-20T13:31:00.0954985Z Requirement already satisfied: idna in /opt/hostedtoolcache/Python/3.12.11/x64/lib/python3.12/site-packages (from httpx->-r services/fees_h10/requirements.txt (line 3)) (3.10)
2025-08-20T13:31:00.0958887Z Requirement already satisfied: sniffio in /opt/hostedtoolcache/Python/3.12.11/x64/lib/python3.12/site-packages (from httpx->-r services/fees_h10/requirements.txt (line 3)) (1.3.1)
2025-08-20T13:31:00.0983053Z Requirement already satisfied: h11>=0.16 in /opt/hostedtoolcache/Python/3.12.11/x64/lib/python3.12/site-packages (from httpcore==1.*->httpx->-r services/fees_h10/requirements.txt (line 3)) (0.16.0)
2025-08-20T13:31:00.1001507Z Requirement already satisfied: typing-extensions>=4.6.0 in /opt/hostedtoolcache/Python/3.12.11/x64/lib/python3.12/site-packages (from sqlalchemy->-r services/fees_h10/requirements.txt (line 4)) (4.14.1)
2025-08-20T13:31:00.1014968Z Requirement already satisfied: greenlet!=0.4.17 in /opt/hostedtoolcache/Python/3.12.11/x64/lib/python3.12/site-packages (from sqlalchemy->-r services/fees_h10/requirements.txt (line 4)) (3.2.4)
2025-08-20T13:31:00.1086141Z Requirement already satisfied: prompt-toolkit>=3.0.36 in /opt/hostedtoolcache/Python/3.12.11/x64/lib/python3.12/site-packages (from click-repl>=0.2.0->celery==5.4.*->celery[redis]==5.4.*->-r services/fees_h10/requirements.txt (line 1)) (3.0.51)
2025-08-20T13:31:00.1123588Z Requirement already satisfied: wcwidth in /opt/hostedtoolcache/Python/3.12.11/x64/lib/python3.12/site-packages (from prompt-toolkit>=3.0.36->click-repl>=0.2.0->celery==5.4.*->celery[redis]==5.4.*->-r services/fees_h10/requirements.txt (line 1)) (0.2.13)
2025-08-20T13:31:00.1137670Z Requirement already satisfied: six>=1.5 in /opt/hostedtoolcache/Python/3.12.11/x64/lib/python3.12/site-packages (from python-dateutil>=2.8.2->celery==5.4.*->celery[redis]==5.4.*->-r services/fees_h10/requirements.txt (line 1)) (1.17.0)
2025-08-20T13:31:00.1252377Z Using cached celery-5.4.0-py3-none-any.whl (425 kB)
2025-08-20T13:31:00.2650465Z Installing collected packages: celery
2025-08-20T13:31:00.2651707Z   Attempting uninstall: celery
2025-08-20T13:31:00.2698407Z     Found existing installation: celery 5.3.6
2025-08-20T13:31:00.2846320Z     Uninstalling celery-5.3.6:
2025-08-20T13:31:00.2874681Z       Successfully uninstalled celery-5.3.6
2025-08-20T13:31:00.6253419Z Successfully installed celery-5.4.0
2025-08-20T13:31:01.5124121Z Collecting python-telegram-bot==20.8 (from -r services/alert_bot/requirements.txt (line 1))
2025-08-20T13:31:01.5138240Z   Using cached python_telegram_bot-20.8-py3-none-any.whl.metadata (15 kB)
2025-08-20T13:31:01.5365194Z Collecting APScheduler==3.10.4 (from -r services/alert_bot/requirements.txt (line 2))
2025-08-20T13:31:01.5377341Z   Using cached APScheduler-3.10.4-py3-none-any.whl.metadata (5.7 kB)
2025-08-20T13:31:01.5423408Z Requirement already satisfied: asyncpg in /opt/hostedtoolcache/Python/3.12.11/x64/lib/python3.12/site-packages (from -r services/alert_bot/requirements.txt (line 3)) (0.29.0)
2025-08-20T13:31:01.5637053Z Collecting httpx~=0.26.0 (from python-telegram-bot==20.8->-r services/alert_bot/requirements.txt (line 1))
2025-08-20T13:31:01.5649773Z   Using cached httpx-0.26.0-py3-none-any.whl.metadata (7.6 kB)
2025-08-20T13:31:01.5691779Z Requirement already satisfied: six>=1.4.0 in /opt/hostedtoolcache/Python/3.12.11/x64/lib/python3.12/site-packages (from APScheduler==3.10.4->-r services/alert_bot/requirements.txt (line 2)) (1.17.0)
2025-08-20T13:31:01.5695567Z Requirement already satisfied: pytz in /opt/hostedtoolcache/Python/3.12.11/x64/lib/python3.12/site-packages (from APScheduler==3.10.4->-r services/alert_bot/requirements.txt (line 2)) (2025.2)
2025-08-20T13:31:01.5872841Z Collecting tzlocal!=3.*,>=2.0 (from APScheduler==3.10.4->-r services/alert_bot/requirements.txt (line 2))
2025-08-20T13:31:01.5886011Z   Using cached tzlocal-5.3.1-py3-none-any.whl.metadata (7.6 kB)
2025-08-20T13:31:01.5920760Z Requirement already satisfied: anyio in /opt/hostedtoolcache/Python/3.12.11/x64/lib/python3.12/site-packages (from httpx~=0.26.0->python-telegram-bot==20.8->-r services/alert_bot/requirements.txt (line 1)) (4.10.0)
2025-08-20T13:31:01.5924674Z Requirement already satisfied: certifi in /opt/hostedtoolcache/Python/3.12.11/x64/lib/python3.12/site-packages (from httpx~=0.26.0->python-telegram-bot==20.8->-r services/alert_bot/requirements.txt (line 1)) (2025.8.3)
2025-08-20T13:31:01.5929937Z Requirement already satisfied: httpcore==1.* in /opt/hostedtoolcache/Python/3.12.11/x64/lib/python3.12/site-packages (from httpx~=0.26.0->python-telegram-bot==20.8->-r services/alert_bot/requirements.txt (line 1)) (1.0.9)
2025-08-20T13:31:01.5933263Z Requirement already satisfied: idna in /opt/hostedtoolcache/Python/3.12.11/x64/lib/python3.12/site-packages (from httpx~=0.26.0->python-telegram-bot==20.8->-r services/alert_bot/requirements.txt (line 1)) (3.10)
2025-08-20T13:31:01.5937388Z Requirement already satisfied: sniffio in /opt/hostedtoolcache/Python/3.12.11/x64/lib/python3.12/site-packages (from httpx~=0.26.0->python-telegram-bot==20.8->-r services/alert_bot/requirements.txt (line 1)) (1.3.1)
2025-08-20T13:31:01.5952812Z Requirement already satisfied: h11>=0.16 in /opt/hostedtoolcache/Python/3.12.11/x64/lib/python3.12/site-packages (from httpcore==1.*->httpx~=0.26.0->python-telegram-bot==20.8->-r services/alert_bot/requirements.txt (line 1)) (0.16.0)
2025-08-20T13:31:01.6003632Z Requirement already satisfied: typing_extensions>=4.5 in /opt/hostedtoolcache/Python/3.12.11/x64/lib/python3.12/site-packages (from anyio->httpx~=0.26.0->python-telegram-bot==20.8->-r services/alert_bot/requirements.txt (line 1)) (4.14.1)
2025-08-20T13:31:01.6056507Z Using cached python_telegram_bot-20.8-py3-none-any.whl (604 kB)
2025-08-20T13:31:01.6073208Z Using cached APScheduler-3.10.4-py3-none-any.whl (59 kB)
2025-08-20T13:31:01.6084077Z Using cached httpx-0.26.0-py3-none-any.whl (75 kB)
2025-08-20T13:31:01.6095285Z Using cached tzlocal-5.3.1-py3-none-any.whl (18 kB)
2025-08-20T13:31:01.7581476Z Installing collected packages: tzlocal, httpx, APScheduler, python-telegram-bot
2025-08-20T13:31:01.7706534Z   Attempting uninstall: httpx
2025-08-20T13:31:01.7741536Z     Found existing installation: httpx 0.27.2
2025-08-20T13:31:01.7780868Z     Uninstalling httpx-0.27.2:
2025-08-20T13:31:01.7794185Z       Successfully uninstalled httpx-0.27.2
2025-08-20T13:31:02.2030463Z 
2025-08-20T13:31:02.2115020Z Successfully installed APScheduler-3.10.4 httpx-0.26.0 python-telegram-bot-20.8 tzlocal-5.3.1
2025-08-20T13:31:02.7340633Z Collecting Jinja2==3.1.6 (from -r requirements-dev.txt (line 2))
2025-08-20T13:31:02.7353966Z   Using cached jinja2-3.1.6-py3-none-any.whl.metadata (2.9 kB)
2025-08-20T13:31:02.7376136Z Requirement already satisfied: alembic==1.13.1 in /opt/hostedtoolcache/Python/3.12.11/x64/lib/python3.12/site-packages (from -r requirements-dev.txt (line 3)) (1.13.1)
2025-08-20T13:31:02.7380365Z Requirement already satisfied: apscheduler==3.10.4 in /opt/hostedtoolcache/Python/3.12.11/x64/lib/python3.12/site-packages (from -r requirements-dev.txt (line 4)) (3.10.4)
2025-08-20T13:31:02.7384636Z Requirement already satisfied: asgi-correlation-id==4.3.1 in /opt/hostedtoolcache/Python/3.12.11/x64/lib/python3.12/site-packages (from -r requirements-dev.txt (line 5)) (4.3.1)
2025-08-20T13:31:02.7790155Z Collecting asyncpg==0.30.0 (from -r requirements-dev.txt (line 6))
2025-08-20T13:31:02.7803440Z   Using cached asyncpg-0.30.0-cp312-cp312-manylinux_2_17_x86_64.manylinux2014_x86_64.whl.metadata (5.0 kB)
2025-08-20T13:31:02.8288569Z Collecting black==25.1.0 (from -r requirements-dev.txt (line 7))
2025-08-20T13:31:02.8302111Z   Using cached black-25.1.0-cp312-cp312-manylinux_2_17_x86_64.manylinux2014_x86_64.manylinux_2_28_x86_64.whl.metadata (81 kB)
2025-08-20T13:31:02.8389309Z Requirement already satisfied: boto3 in /opt/hostedtoolcache/Python/3.12.11/x64/lib/python3.12/site-packages (from -r requirements-dev.txt (line 8)) (1.34.162)
2025-08-20T13:31:02.8827529Z Collecting redis==6.* (from -r requirements-dev.txt (line 9))
2025-08-20T13:31:02.8839610Z   Using cached redis-6.4.0-py3-none-any.whl.metadata (10 kB)
2025-08-20T13:31:02.8872229Z Requirement already satisfied: minio==7.* in /opt/hostedtoolcache/Python/3.12.11/x64/lib/python3.12/site-packages (from -r requirements-dev.txt (line 10)) (7.1.15)
2025-08-20T13:31:02.9206392Z Collecting celery==5.5.3 (from -r requirements-dev.txt (line 11))
2025-08-20T13:31:02.9218260Z   Using cached celery-5.5.3-py3-none-any.whl.metadata (22 kB)
2025-08-20T13:31:02.9864282Z Collecting fastapi==0.116.1 (from -r requirements-dev.txt (line 12))
2025-08-20T13:31:02.9876216Z   Using cached fastapi-0.116.1-py3-none-any.whl.metadata (28 kB)
2025-08-20T13:31:02.9945963Z Requirement already satisfied: fastapi-limiter==0.1.6 in /opt/hostedtoolcache/Python/3.12.11/x64/lib/python3.12/site-packages (from -r requirements-dev.txt (line 14)) (0.1.6)
2025-08-20T13:31:03.0141750Z Collecting httpx<0.29,>=0.27 (from -r requirements-dev.txt (line 15))
2025-08-20T13:31:03.0153280Z   Using cached httpx-0.28.1-py3-none-any.whl.metadata (7.1 kB)
2025-08-20T13:31:03.0318074Z Collecting imapclient==3.0.1 (from -r requirements-dev.txt (line 16))
2025-08-20T13:31:03.0329104Z   Using cached IMAPClient-3.0.1-py2.py3-none-any.whl.metadata (1.7 kB)
2025-08-20T13:31:03.0462009Z Collecting itsdangerous (from -r requirements-dev.txt (line 17))
2025-08-20T13:31:03.0473422Z   Using cached itsdangerous-2.2.0-py3-none-any.whl.metadata (1.9 kB)
2025-08-20T13:31:03.1471273Z Collecting mypy==1.* (from -r requirements-dev.txt (line 18))
2025-08-20T13:31:03.1484570Z   Using cached mypy-1.17.1-cp312-cp312-manylinux2014_x86_64.manylinux_2_17_x86_64.manylinux_2_28_x86_64.whl.metadata (2.2 kB)
2025-08-20T13:31:03.1513624Z Requirement already satisfied: mypy-extensions==1.1.0 in /opt/hostedtoolcache/Python/3.12.11/x64/lib/python3.12/site-packages (from -r requirements-dev.txt (line 19)) (1.1.0)
2025-08-20T13:31:03.1517631Z Requirement already satisfied: numpy<2 in /opt/hostedtoolcache/Python/3.12.11/x64/lib/python3.12/site-packages (from -r requirements-dev.txt (line 20)) (1.26.4)
2025-08-20T13:31:03.1521720Z Requirement already satisfied: openpyxl==3.1.5 in /opt/hostedtoolcache/Python/3.12.11/x64/lib/python3.12/site-packages (from -r requirements-dev.txt (line 21)) (3.1.5)
2025-08-20T13:31:03.1526357Z Requirement already satisfied: pandas==2.2.* in /opt/hostedtoolcache/Python/3.12.11/x64/lib/python3.12/site-packages (from -r requirements-dev.txt (line 22)) (2.2.3)
2025-08-20T13:31:03.1530303Z Requirement already satisfied: psycopg2-binary==2.9.10 in /opt/hostedtoolcache/Python/3.12.11/x64/lib/python3.12/site-packages (from -r requirements-dev.txt (line 23)) (2.9.10)
2025-08-20T13:31:03.1535492Z Requirement already satisfied: psycopg==3.2.9 in /opt/hostedtoolcache/Python/3.12.11/x64/lib/python3.12/site-packages (from psycopg[binary]==3.2.9->-r requirements-dev.txt (line 24)) (3.2.9)
2025-08-20T13:31:03.1539341Z Requirement already satisfied: pydantic==2.11.7 in /opt/hostedtoolcache/Python/3.12.11/x64/lib/python3.12/site-packages (from -r requirements-dev.txt (line 25)) (2.11.7)
2025-08-20T13:31:03.2776486Z Collecting setuptools (from -r requirements-dev.txt (line 26))
2025-08-20T13:31:03.2789813Z   Using cached setuptools-80.9.0-py3-none-any.whl.metadata (6.6 kB)
2025-08-20T13:31:03.3078814Z Collecting pytest-asyncio==0.23.6 (from -r requirements-dev.txt (line 27))
2025-08-20T13:31:03.3091984Z   Using cached pytest_asyncio-0.23.6-py3-none-any.whl.metadata (3.9 kB)
2025-08-20T13:31:03.3265618Z Collecting pytest-cov==6.2.1 (from -r requirements-dev.txt (line 28))
2025-08-20T13:31:03.3277371Z   Using cached pytest_cov-6.2.1-py3-none-any.whl.metadata (30 kB)
2025-08-20T13:31:03.3478606Z Collecting pytest-postgresql==7.0.2 (from -r requirements-dev.txt (line 29))
2025-08-20T13:31:03.3490892Z   Using cached pytest_postgresql-7.0.2-py3-none-any.whl.metadata (18 kB)
2025-08-20T13:31:03.3522241Z Requirement already satisfied: python-dotenv in /opt/hostedtoolcache/Python/3.12.11/x64/lib/python3.12/site-packages (from -r requirements-dev.txt (line 30)) (1.1.1)
2025-08-20T13:31:03.3526878Z Requirement already satisfied: python-multipart in /opt/hostedtoolcache/Python/3.12.11/x64/lib/python3.12/site-packages (from -r requirements-dev.txt (line 31)) (0.0.20)
2025-08-20T13:31:03.3835160Z Collecting python-telegram-bot==22.3 (from -r requirements-dev.txt (line 32))
2025-08-20T13:31:03.3848615Z   Using cached python_telegram_bot-22.3-py3-none-any.whl.metadata (17 kB)
2025-08-20T13:31:03.4179181Z Collecting requests==2.32.4 (from -r requirements-dev.txt (line 33))
2025-08-20T13:31:03.4191819Z   Using cached requests-2.32.4-py3-none-any.whl.metadata (4.9 kB)
2025-08-20T13:31:03.4390904Z Collecting respx==0.22.0 (from -r requirements-dev.txt (line 34))
2025-08-20T13:31:03.4402809Z   Using cached respx-0.22.0-py2.py3-none-any.whl.metadata (4.1 kB)
2025-08-20T13:31:03.8030534Z Collecting ruff==0.4.4 (from -r requirements-dev.txt (line 35))
2025-08-20T13:31:03.8044223Z   Using cached ruff-0.4.4-py3-none-manylinux_2_17_x86_64.manylinux2014_x86_64.whl.metadata (23 kB)
2025-08-20T13:31:04.0597724Z Collecting sqlalchemy==2.0.43 (from -r requirements-dev.txt (line 36))
2025-08-20T13:31:04.0611359Z   Using cached sqlalchemy-2.0.43-cp312-cp312-manylinux_2_17_x86_64.manylinux2014_x86_64.whl.metadata (9.6 kB)
2025-08-20T13:31:04.0708654Z Requirement already satisfied: structlog==24.1.0 in /opt/hostedtoolcache/Python/3.12.11/x64/lib/python3.12/site-packages (from -r requirements-dev.txt (line 37)) (24.1.0)
2025-08-20T13:31:04.0884389Z Collecting testcontainers==4.10.0 (from testcontainers[postgres]==4.10.0->-r requirements-dev.txt (line 38))
2025-08-20T13:31:04.0897489Z   Using cached testcontainers-4.10.0-py3-none-any.whl.metadata (7.8 kB)
2025-08-20T13:31:04.1292845Z Collecting types-requests==2.32.4.20250809 (from -r requirements-dev.txt (line 39))
2025-08-20T13:31:04.1306242Z   Using cached types_requests-2.32.4.20250809-py3-none-any.whl.metadata (2.0 kB)
2025-08-20T13:31:04.1483243Z Collecting docspec-python==2.2.2 (from -r requirements-dev.txt (line 40))
2025-08-20T13:31:04.1494535Z   Using cached docspec_python-2.2.2-py3-none-any.whl.metadata (1.0 kB)
2025-08-20T13:31:04.1678690Z Collecting pydoc-markdown==4.8.2 (from -r requirements-dev.txt (line 41))
2025-08-20T13:31:04.1690034Z   Using cached pydoc_markdown-4.8.2-py3-none-any.whl.metadata (5.9 kB)
2025-08-20T13:31:04.1721839Z Requirement already satisfied: pandera==0.19.* in /opt/hostedtoolcache/Python/3.12.11/x64/lib/python3.12/site-packages (from -r requirements-dev.txt (line 42)) (0.19.3)
2025-08-20T13:31:04.1740043Z Requirement already satisfied: MarkupSafe>=2.0 in /opt/hostedtoolcache/Python/3.12.11/x64/lib/python3.12/site-packages (from Jinja2==3.1.6->-r requirements-dev.txt (line 2)) (3.0.2)
2025-08-20T13:31:04.1848722Z Requirement already satisfied: Mako in /opt/hostedtoolcache/Python/3.12.11/x64/lib/python3.12/site-packages (from alembic==1.13.1->-r requirements-dev.txt (line 3)) (1.3.10)
2025-08-20T13:31:04.1855074Z Requirement already satisfied: typing-extensions>=4 in /opt/hostedtoolcache/Python/3.12.11/x64/lib/python3.12/site-packages (from alembic==1.13.1->-r requirements-dev.txt (line 3)) (4.14.1)
2025-08-20T13:31:04.1873503Z Requirement already satisfied: six>=1.4.0 in /opt/hostedtoolcache/Python/3.12.11/x64/lib/python3.12/site-packages (from apscheduler==3.10.4->-r requirements-dev.txt (line 4)) (1.17.0)
2025-08-20T13:31:04.1878347Z Requirement already satisfied: pytz in /opt/hostedtoolcache/Python/3.12.11/x64/lib/python3.12/site-packages (from apscheduler==3.10.4->-r requirements-dev.txt (line 4)) (2025.2)
2025-08-20T13:31:04.1885893Z Requirement already satisfied: tzlocal!=3.*,>=2.0 in /opt/hostedtoolcache/Python/3.12.11/x64/lib/python3.12/site-packages (from apscheduler==3.10.4->-r requirements-dev.txt (line 4)) (5.3.1)
2025-08-20T13:31:04.1918490Z Requirement already satisfied: starlette>=0.18 in /opt/hostedtoolcache/Python/3.12.11/x64/lib/python3.12/site-packages (from asgi-correlation-id==4.3.1->-r requirements-dev.txt (line 5)) (0.37.2)
2025-08-20T13:31:04.1940035Z Requirement already satisfied: click>=8.0.0 in /opt/hostedtoolcache/Python/3.12.11/x64/lib/python3.12/site-packages (from black==25.1.0->-r requirements-dev.txt (line 7)) (8.2.1)
2025-08-20T13:31:04.1945905Z Requirement already satisfied: packaging>=22.0 in /opt/hostedtoolcache/Python/3.12.11/x64/lib/python3.12/site-packages (from black==25.1.0->-r requirements-dev.txt (line 7)) (25.0)
2025-08-20T13:31:04.2073663Z Collecting pathspec>=0.9.0 (from black==25.1.0->-r requirements-dev.txt (line 7))
2025-08-20T13:31:04.2085191Z   Using cached pathspec-0.12.1-py3-none-any.whl.metadata (21 kB)
2025-08-20T13:31:04.2297266Z Collecting platformdirs>=2 (from black==25.1.0->-r requirements-dev.txt (line 7))
2025-08-20T13:31:04.2308064Z   Using cached platformdirs-4.3.8-py3-none-any.whl.metadata (12 kB)
2025-08-20T13:31:04.2352806Z Requirement already satisfied: billiard<5.0,>=4.2.1 in /opt/hostedtoolcache/Python/3.12.11/x64/lib/python3.12/site-packages (from celery==5.5.3->-r requirements-dev.txt (line 11)) (4.2.1)
2025-08-20T13:31:04.2357380Z Requirement already satisfied: kombu<5.6,>=5.5.2 in /opt/hostedtoolcache/Python/3.12.11/x64/lib/python3.12/site-packages (from celery==5.5.3->-r requirements-dev.txt (line 11)) (5.5.4)
2025-08-20T13:31:04.2361735Z Requirement already satisfied: vine<6.0,>=5.1.0 in /opt/hostedtoolcache/Python/3.12.11/x64/lib/python3.12/site-packages (from celery==5.5.3->-r requirements-dev.txt (line 11)) (5.1.0)
2025-08-20T13:31:04.2367316Z Requirement already satisfied: click-didyoumean>=0.3.0 in /opt/hostedtoolcache/Python/3.12.11/x64/lib/python3.12/site-packages (from celery==5.5.3->-r requirements-dev.txt (line 11)) (0.3.1)
2025-08-20T13:31:04.2371620Z Requirement already satisfied: click-repl>=0.2.0 in /opt/hostedtoolcache/Python/3.12.11/x64/lib/python3.12/site-packages (from celery==5.5.3->-r requirements-dev.txt (line 11)) (0.3.0)
2025-08-20T13:31:04.2375853Z Requirement already satisfied: click-plugins>=1.1.1 in /opt/hostedtoolcache/Python/3.12.11/x64/lib/python3.12/site-packages (from celery==5.5.3->-r requirements-dev.txt (line 11)) (1.1.1.2)
2025-08-20T13:31:04.2380532Z Requirement already satisfied: python-dateutil>=2.8.2 in /opt/hostedtoolcache/Python/3.12.11/x64/lib/python3.12/site-packages (from celery==5.5.3->-r requirements-dev.txt (line 11)) (2.9.0.post0)
2025-08-20T13:31:04.2751149Z Collecting starlette>=0.18 (from asgi-correlation-id==4.3.1->-r requirements-dev.txt (line 5))
2025-08-20T13:31:04.2763008Z   Using cached starlette-0.47.2-py3-none-any.whl.metadata (6.2 kB)
2025-08-20T13:31:04.2809608Z Requirement already satisfied: annotated-types>=0.6.0 in /opt/hostedtoolcache/Python/3.12.11/x64/lib/python3.12/site-packages (from pydantic==2.11.7->-r requirements-dev.txt (line 25)) (0.7.0)
2025-08-20T13:31:04.2814848Z Requirement already satisfied: pydantic-core==2.33.2 in /opt/hostedtoolcache/Python/3.12.11/x64/lib/python3.12/site-packages (from pydantic==2.11.7->-r requirements-dev.txt (line 25)) (2.33.2)
2025-08-20T13:31:04.2821677Z Requirement already satisfied: typing-inspection>=0.4.0 in /opt/hostedtoolcache/Python/3.12.11/x64/lib/python3.12/site-packages (from pydantic==2.11.7->-r requirements-dev.txt (line 25)) (0.4.1)
2025-08-20T13:31:04.2994886Z Requirement already satisfied: et-xmlfile in /opt/hostedtoolcache/Python/3.12.11/x64/lib/python3.12/site-packages (from openpyxl==3.1.5->-r requirements-dev.txt (line 21)) (2.0.0)
2025-08-20T13:31:04.3446411Z Collecting pytest<9,>=7.0.0 (from pytest-asyncio==0.23.6->-r requirements-dev.txt (line 27))
2025-08-20T13:31:04.3463307Z   Using cached pytest-8.4.1-py3-none-any.whl.metadata (7.7 kB)
2025-08-20T13:31:04.7068490Z Collecting coverage>=7.5 (from coverage[toml]>=7.5->pytest-cov==6.2.1->-r requirements-dev.txt (line 28))
2025-08-20T13:31:04.7081788Z   Using cached coverage-7.10.4-cp312-cp312-manylinux1_x86_64.manylinux_2_28_x86_64.manylinux_2_5_x86_64.whl.metadata (8.9 kB)
2025-08-20T13:31:04.7243159Z Collecting pluggy>=1.2 (from pytest-cov==6.2.1->-r requirements-dev.txt (line 28))
2025-08-20T13:31:04.7254567Z   Using cached pluggy-1.6.0-py3-none-any.whl.metadata (4.8 kB)
2025-08-20T13:31:04.7551256Z Collecting port-for>=0.7.3 (from pytest-postgresql==7.0.2->-r requirements-dev.txt (line 29))
2025-08-20T13:31:04.7562582Z   Using cached port_for-0.7.4-py3-none-any.whl.metadata (7.1 kB)
2025-08-20T13:31:04.7748522Z Collecting mirakuru>=2.6.0 (from pytest-postgresql==7.0.2->-r requirements-dev.txt (line 29))
2025-08-20T13:31:04.7760695Z   Using cached mirakuru-2.6.1-py3-none-any.whl.metadata (10 kB)
2025-08-20T13:31:04.7815183Z Requirement already satisfied: charset_normalizer<4,>=2 in /opt/hostedtoolcache/Python/3.12.11/x64/lib/python3.12/site-packages (from requests==2.32.4->-r requirements-dev.txt (line 33)) (3.4.3)
2025-08-20T13:31:04.7819508Z Requirement already satisfied: idna<4,>=2.5 in /opt/hostedtoolcache/Python/3.12.11/x64/lib/python3.12/site-packages (from requests==2.32.4->-r requirements-dev.txt (line 33)) (3.10)
2025-08-20T13:31:04.7823181Z Requirement already satisfied: urllib3<3,>=1.21.1 in /opt/hostedtoolcache/Python/3.12.11/x64/lib/python3.12/site-packages (from requests==2.32.4->-r requirements-dev.txt (line 33)) (2.5.0)
2025-08-20T13:31:04.7827210Z Requirement already satisfied: certifi>=2017.4.17 in /opt/hostedtoolcache/Python/3.12.11/x64/lib/python3.12/site-packages (from requests==2.32.4->-r requirements-dev.txt (line 33)) (2025.8.3)
2025-08-20T13:31:04.7914666Z Requirement already satisfied: greenlet>=1 in /opt/hostedtoolcache/Python/3.12.11/x64/lib/python3.12/site-packages (from sqlalchemy==2.0.43->-r requirements-dev.txt (line 36)) (3.2.4)
2025-08-20T13:31:04.8187578Z Collecting docker (from testcontainers==4.10.0->testcontainers[postgres]==4.10.0->-r requirements-dev.txt (line 38))
2025-08-20T13:31:04.8199586Z   Using cached docker-7.1.0-py3-none-any.whl.metadata (3.8 kB)
2025-08-20T13:31:04.8240854Z Requirement already satisfied: wrapt in /opt/hostedtoolcache/Python/3.12.11/x64/lib/python3.12/site-packages (from testcontainers==4.10.0->testcontainers[postgres]==4.10.0->-r requirements-dev.txt (line 38)) (1.17.3)
2025-08-20T13:31:04.8441310Z Collecting docspec==2.2.1 (from docspec-python==2.2.2->-r requirements-dev.txt (line 40))
2025-08-20T13:31:04.8452978Z   Using cached docspec-2.2.1-py3-none-any.whl.metadata (1.5 kB)
2025-08-20T13:31:04.8685350Z Collecting nr-util>=0.8.12 (from docspec-python==2.2.2->-r requirements-dev.txt (line 40))
2025-08-20T13:31:04.8698322Z   Using cached nr.util-0.8.12-py3-none-any.whl.metadata (813 bytes)
2025-08-20T13:31:04.8733442Z Requirement already satisfied: PyYAML<7.0,>=5.0 in /opt/hostedtoolcache/Python/3.12.11/x64/lib/python3.12/site-packages (from pydoc-markdown==4.8.2->-r requirements-dev.txt (line 41)) (6.0.2)
2025-08-20T13:31:04.8981734Z Collecting databind.core<5.0.0,>=4.4.0 (from pydoc-markdown==4.8.2->-r requirements-dev.txt (line 41))
2025-08-20T13:31:04.8994231Z   Using cached databind.core-4.5.2-py3-none-any.whl.metadata (1.1 kB)
2025-08-20T13:31:04.9247701Z Collecting databind.json<5.0.0,>=4.4.0 (from pydoc-markdown==4.8.2->-r requirements-dev.txt (line 41))
2025-08-20T13:31:04.9260109Z   Using cached databind.json-4.5.2-py3-none-any.whl.metadata (1.1 kB)
2025-08-20T13:31:04.9435262Z Collecting docstring-parser<0.12,>=0.11 (from pydoc-markdown==4.8.2->-r requirements-dev.txt (line 41))
2025-08-20T13:31:04.9436310Z   Using cached docstring_parser-0.11-py3-none-any.whl
2025-08-20T13:31:04.9768987Z Collecting tomli<3.0.0,>=2.0.0 (from pydoc-markdown==4.8.2->-r requirements-dev.txt (line 41))
2025-08-20T13:31:04.9781252Z   Using cached tomli-2.2.1-cp312-cp312-manylinux_2_17_x86_64.manylinux2014_x86_64.whl.metadata (11 kB)
2025-08-20T13:31:04.9917041Z Collecting tomli_w<2.0.0,>=1.0.0 (from pydoc-markdown==4.8.2->-r requirements-dev.txt (line 41))
2025-08-20T13:31:04.9928894Z   Using cached tomli_w-1.2.0-py3-none-any.whl.metadata (5.7 kB)
2025-08-20T13:31:05.0397760Z Collecting watchdog (from pydoc-markdown==4.8.2->-r requirements-dev.txt (line 41))
2025-08-20T13:31:05.0410792Z   Using cached watchdog-6.0.0-py3-none-manylinux2014_x86_64.whl.metadata (44 kB)
2025-08-20T13:31:05.0660793Z Collecting yapf>=0.30.0 (from pydoc-markdown==4.8.2->-r requirements-dev.txt (line 41))
2025-08-20T13:31:05.0673585Z   Using cached yapf-0.43.0-py3-none-any.whl.metadata (46 kB)
2025-08-20T13:31:05.0904837Z Collecting Deprecated<2.0.0,>=1.2.12 (from docspec==2.2.1->docspec-python==2.2.2->-r requirements-dev.txt (line 40))
2025-08-20T13:31:05.0917272Z   Using cached Deprecated-1.2.18-py2.py3-none-any.whl.metadata (5.7 kB)
2025-08-20T13:31:05.1095737Z Requirement already satisfied: psycopg-binary==3.2.9 in /opt/hostedtoolcache/Python/3.12.11/x64/lib/python3.12/site-packages (from psycopg[binary]==3.2.9->-r requirements-dev.txt (line 24)) (3.2.9)
2025-08-20T13:31:05.1195945Z Requirement already satisfied: anyio in /opt/hostedtoolcache/Python/3.12.11/x64/lib/python3.12/site-packages (from httpx<0.29,>=0.27->-r requirements-dev.txt (line 15)) (4.10.0)
2025-08-20T13:31:05.1201891Z Requirement already satisfied: httpcore==1.* in /opt/hostedtoolcache/Python/3.12.11/x64/lib/python3.12/site-packages (from httpx<0.29,>=0.27->-r requirements-dev.txt (line 15)) (1.0.9)
2025-08-20T13:31:05.1323107Z Requirement already satisfied: tzdata>=2022.7 in /opt/hostedtoolcache/Python/3.12.11/x64/lib/python3.12/site-packages (from pandas==2.2.*->-r requirements-dev.txt (line 22)) (2025.2)
2025-08-20T13:31:05.1431854Z Requirement already satisfied: multimethod<=1.10.0 in /opt/hostedtoolcache/Python/3.12.11/x64/lib/python3.12/site-packages (from pandera==0.19.*->-r requirements-dev.txt (line 42)) (1.10)
2025-08-20T13:31:05.1446873Z Requirement already satisfied: typeguard in /opt/hostedtoolcache/Python/3.12.11/x64/lib/python3.12/site-packages (from pandera==0.19.*->-r requirements-dev.txt (line 42)) (4.4.4)
2025-08-20T13:31:05.1453622Z Requirement already satisfied: typing-inspect>=0.6.0 in /opt/hostedtoolcache/Python/3.12.11/x64/lib/python3.12/site-packages (from pandera==0.19.*->-r requirements-dev.txt (line 42)) (0.9.0)
2025-08-20T13:31:05.1794900Z Collecting databind<5.0.0,>=4.5.2 (from databind.core<5.0.0,>=4.4.0->pydoc-markdown==4.8.2->-r requirements-dev.txt (line 41))
2025-08-20T13:31:05.1807201Z   Using cached databind-4.5.2-py3-none-any.whl.metadata (4.3 kB)
2025-08-20T13:31:05.1970559Z Collecting nr-date<3.0.0,>=2.0.0 (from databind<5.0.0,>=4.5.2->databind.core<5.0.0,>=4.4.0->pydoc-markdown==4.8.2->-r requirements-dev.txt (line 41))
2025-08-20T13:31:05.1982214Z   Using cached nr_date-2.1.0-py3-none-any.whl.metadata (746 bytes)
2025-08-20T13:31:05.2143403Z Collecting nr-stream<2.0.0,>=1.0.0 (from databind<5.0.0,>=4.5.2->databind.core<5.0.0,>=4.4.0->pydoc-markdown==4.8.2->-r requirements-dev.txt (line 41))
2025-08-20T13:31:05.2155626Z   Using cached nr_stream-1.1.5-py3-none-any.whl.metadata (3.6 kB)
2025-08-20T13:31:05.2377021Z Collecting typeapi<3,>=2.0.1 (from databind<5.0.0,>=4.5.2->databind.core<5.0.0,>=4.4.0->pydoc-markdown==4.8.2->-r requirements-dev.txt (line 41))
2025-08-20T13:31:05.2389071Z   Using cached typeapi-2.2.4-py3-none-any.whl.metadata (1.5 kB)
2025-08-20T13:31:05.2489703Z Requirement already satisfied: h11>=0.16 in /opt/hostedtoolcache/Python/3.12.11/x64/lib/python3.12/site-packages (from httpcore==1.*->httpx<0.29,>=0.27->-r requirements-dev.txt (line 15)) (0.16.0)
2025-08-20T13:31:05.2532176Z Requirement already satisfied: amqp<6.0.0,>=5.1.1 in /opt/hostedtoolcache/Python/3.12.11/x64/lib/python3.12/site-packages (from kombu<5.6,>=5.5.2->celery==5.5.3->-r requirements-dev.txt (line 11)) (5.3.1)
2025-08-20T13:31:05.2828558Z Collecting iniconfig>=1 (from pytest<9,>=7.0.0->pytest-asyncio==0.23.6->-r requirements-dev.txt (line 27))
2025-08-20T13:31:05.2840411Z   Using cached iniconfig-2.1.0-py3-none-any.whl.metadata (2.7 kB)
2025-08-20T13:31:05.2882441Z Requirement already satisfied: pygments>=2.7.2 in /opt/hostedtoolcache/Python/3.12.11/x64/lib/python3.12/site-packages (from pytest<9,>=7.0.0->pytest-asyncio==0.23.6->-r requirements-dev.txt (line 27)) (2.19.2)
2025-08-20T13:31:05.2969403Z Requirement already satisfied: sniffio>=1.1 in /opt/hostedtoolcache/Python/3.12.11/x64/lib/python3.12/site-packages (from anyio->httpx<0.29,>=0.27->-r requirements-dev.txt (line 15)) (1.3.1)
2025-08-20T13:31:05.3118876Z Requirement already satisfied: botocore<1.35.0,>=1.34.162 in /opt/hostedtoolcache/Python/3.12.11/x64/lib/python3.12/site-packages (from boto3->-r requirements-dev.txt (line 8)) (1.34.162)
2025-08-20T13:31:05.3126178Z Requirement already satisfied: jmespath<2.0.0,>=0.7.1 in /opt/hostedtoolcache/Python/3.12.11/x64/lib/python3.12/site-packages (from boto3->-r requirements-dev.txt (line 8)) (1.0.1)
2025-08-20T13:31:05.3133335Z Requirement already satisfied: s3transfer<0.11.0,>=0.10.0 in /opt/hostedtoolcache/Python/3.12.11/x64/lib/python3.12/site-packages (from boto3->-r requirements-dev.txt (line 8)) (0.10.4)
2025-08-20T13:31:05.3254812Z Requirement already satisfied: fastapi-cli>=0.0.8 in /opt/hostedtoolcache/Python/3.12.11/x64/lib/python3.12/site-packages (from fastapi-cli[standard]>=0.0.8; extra == "all"->fastapi[all]->-r requirements-dev.txt (line 13)) (0.0.8)
2025-08-20T13:31:05.3353402Z Requirement already satisfied: ujson!=4.0.2,!=4.1.0,!=4.2.0,!=4.3.0,!=5.0.0,!=5.1.0,>=4.0.1 in /opt/hostedtoolcache/Python/3.12.11/x64/lib/python3.12/site-packages (from fastapi[all]->-r requirements-dev.txt (line 13)) (5.11.0)
2025-08-20T13:31:05.3360851Z Requirement already satisfied: orjson>=3.2.1 in /opt/hostedtoolcache/Python/3.12.11/x64/lib/python3.12/site-packages (from fastapi[all]->-r requirements-dev.txt (line 13)) (3.11.2)
2025-08-20T13:31:05.3367267Z Requirement already satisfied: email-validator>=2.0.0 in /opt/hostedtoolcache/Python/3.12.11/x64/lib/python3.12/site-packages (from fastapi[all]->-r requirements-dev.txt (line 13)) (2.2.0)
2025-08-20T13:31:05.3374801Z Requirement already satisfied: uvicorn>=0.12.0 in /opt/hostedtoolcache/Python/3.12.11/x64/lib/python3.12/site-packages (from uvicorn[standard]>=0.12.0; extra == "all"->fastapi[all]->-r requirements-dev.txt (line 13)) (0.29.0)
2025-08-20T13:31:05.3382500Z Requirement already satisfied: pydantic-settings>=2.0.0 in /opt/hostedtoolcache/Python/3.12.11/x64/lib/python3.12/site-packages (from fastapi[all]->-r requirements-dev.txt (line 13)) (2.2.1)
2025-08-20T13:31:05.3537002Z Collecting pydantic-extra-types>=2.0.0 (from fastapi[all]->-r requirements-dev.txt (line 13))
2025-08-20T13:31:05.3548414Z   Using cached pydantic_extra_types-2.10.5-py3-none-any.whl.metadata (3.9 kB)
2025-08-20T13:31:05.3798908Z Requirement already satisfied: prompt-toolkit>=3.0.36 in /opt/hostedtoolcache/Python/3.12.11/x64/lib/python3.12/site-packages (from click-repl>=0.2.0->celery==5.5.3->-r requirements-dev.txt (line 11)) (3.0.51)
2025-08-20T13:31:05.3870425Z Requirement already satisfied: dnspython>=2.0.0 in /opt/hostedtoolcache/Python/3.12.11/x64/lib/python3.12/site-packages (from email-validator>=2.0.0->fastapi[all]->-r requirements-dev.txt (line 13)) (2.7.0)
2025-08-20T13:31:05.3947440Z Requirement already satisfied: typer>=0.15.1 in /opt/hostedtoolcache/Python/3.12.11/x64/lib/python3.12/site-packages (from fastapi-cli>=0.0.8->fastapi-cli[standard]>=0.0.8; extra == "all"->fastapi[all]->-r requirements-dev.txt (line 13)) (0.16.1)
2025-08-20T13:31:05.3957902Z Requirement already satisfied: rich-toolkit>=0.14.8 in /opt/hostedtoolcache/Python/3.12.11/x64/lib/python3.12/site-packages (from fastapi-cli>=0.0.8->fastapi-cli[standard]>=0.0.8; extra == "all"->fastapi[all]->-r requirements-dev.txt (line 13)) (0.15.0)
2025-08-20T13:31:05.4105556Z Collecting fastapi-cloud-cli>=0.1.1 (from fastapi-cli[standard]>=0.0.8; extra == "all"->fastapi[all]->-r requirements-dev.txt (line 13))
2025-08-20T13:31:05.4118281Z   Using cached fastapi_cloud_cli-0.1.5-py3-none-any.whl.metadata (3.2 kB)
2025-08-20T13:31:05.4875539Z Collecting rignore>=0.5.1 (from fastapi-cloud-cli>=0.1.1->fastapi-cli[standard]>=0.0.8; extra == "all"->fastapi[all]->-r requirements-dev.txt (line 13))
2025-08-20T13:31:05.4890250Z   Using cached rignore-0.6.4-cp312-cp312-manylinux_2_17_x86_64.manylinux2014_x86_64.whl.metadata (3.8 kB)
2025-08-20T13:31:05.5443451Z Collecting sentry-sdk>=2.20.0 (from fastapi-cloud-cli>=0.1.1->fastapi-cli[standard]>=0.0.8; extra == "all"->fastapi[all]->-r requirements-dev.txt (line 13))
2025-08-20T13:31:05.5464637Z   Using cached sentry_sdk-2.35.0-py2.py3-none-any.whl.metadata (10 kB)
2025-08-20T13:31:05.7027254Z Collecting psutil>=4.0.0 (from mirakuru>=2.6.0->pytest-postgresql==7.0.2->-r requirements-dev.txt (line 29))
2025-08-20T13:31:05.7040520Z   Using cached psutil-7.0.0-cp36-abi3-manylinux_2_12_x86_64.manylinux2010_x86_64.manylinux_2_17_x86_64.manylinux2014_x86_64.whl.metadata (22 kB)
2025-08-20T13:31:05.7233305Z Requirement already satisfied: wcwidth in /opt/hostedtoolcache/Python/3.12.11/x64/lib/python3.12/site-packages (from prompt-toolkit>=3.0.36->click-repl>=0.2.0->celery==5.5.3->-r requirements-dev.txt (line 11)) (0.2.13)
2025-08-20T13:31:05.7432143Z Requirement already satisfied: rich>=13.7.1 in /opt/hostedtoolcache/Python/3.12.11/x64/lib/python3.12/site-packages (from rich-toolkit>=0.14.8->fastapi-cli>=0.0.8->fastapi-cli[standard]>=0.0.8; extra == "all"->fastapi[all]->-r requirements-dev.txt (line 13)) (14.1.0)
2025-08-20T13:31:05.7468722Z Requirement already satisfied: markdown-it-py>=2.2.0 in /opt/hostedtoolcache/Python/3.12.11/x64/lib/python3.12/site-packages (from rich>=13.7.1->rich-toolkit>=0.14.8->fastapi-cli>=0.0.8->fastapi-cli[standard]>=0.0.8; extra == "all"->fastapi[all]->-r requirements-dev.txt (line 13)) (4.0.0)
2025-08-20T13:31:05.7499821Z Requirement already satisfied: mdurl~=0.1 in /opt/hostedtoolcache/Python/3.12.11/x64/lib/python3.12/site-packages (from markdown-it-py>=2.2.0->rich>=13.7.1->rich-toolkit>=0.14.8->fastapi-cli>=0.0.8->fastapi-cli[standard]>=0.0.8; extra == "all"->fastapi[all]->-r requirements-dev.txt (line 13)) (0.1.2)
2025-08-20T13:31:05.7687162Z Requirement already satisfied: shellingham>=1.3.0 in /opt/hostedtoolcache/Python/3.12.11/x64/lib/python3.12/site-packages (from typer>=0.15.1->fastapi-cli>=0.0.8->fastapi-cli[standard]>=0.0.8; extra == "all"->fastapi[all]->-r requirements-dev.txt (line 13)) (1.5.4)
2025-08-20T13:31:05.7923648Z Requirement already satisfied: httptools>=0.5.0 in /opt/hostedtoolcache/Python/3.12.11/x64/lib/python3.12/site-packages (from uvicorn[standard]>=0.12.0; extra == "all"->fastapi[all]->-r requirements-dev.txt (line 13)) (0.6.4)
2025-08-20T13:31:05.7941224Z Requirement already satisfied: uvloop!=0.15.0,!=0.15.1,>=0.14.0 in /opt/hostedtoolcache/Python/3.12.11/x64/lib/python3.12/site-packages (from uvicorn[standard]>=0.12.0; extra == "all"->fastapi[all]->-r requirements-dev.txt (line 13)) (0.21.0)
2025-08-20T13:31:05.7948752Z Requirement already satisfied: watchfiles>=0.13 in /opt/hostedtoolcache/Python/3.12.11/x64/lib/python3.12/site-packages (from uvicorn[standard]>=0.12.0; extra == "all"->fastapi[all]->-r requirements-dev.txt (line 13)) (1.1.0)
2025-08-20T13:31:05.7956231Z Requirement already satisfied: websockets>=10.4 in /opt/hostedtoolcache/Python/3.12.11/x64/lib/python3.12/site-packages (from uvicorn[standard]>=0.12.0; extra == "all"->fastapi[all]->-r requirements-dev.txt (line 13)) (15.0.1)
2025-08-20T13:31:05.8459155Z Using cached jinja2-3.1.6-py3-none-any.whl (134 kB)
2025-08-20T13:31:05.8471465Z Using cached asyncpg-0.30.0-cp312-cp312-manylinux_2_17_x86_64.manylinux2014_x86_64.whl (3.6 MB)
2025-08-20T13:31:05.8509291Z Using cached black-25.1.0-cp312-cp312-manylinux_2_17_x86_64.manylinux2014_x86_64.manylinux_2_28_x86_64.whl (1.8 MB)
2025-08-20T13:31:05.8532341Z Using cached celery-5.5.3-py3-none-any.whl (438 kB)
2025-08-20T13:31:05.8546040Z Using cached fastapi-0.116.1-py3-none-any.whl (95 kB)
2025-08-20T13:31:05.8557281Z Using cached IMAPClient-3.0.1-py2.py3-none-any.whl (182 kB)
2025-08-20T13:31:05.8569566Z Using cached pytest_asyncio-0.23.6-py3-none-any.whl (17 kB)
2025-08-20T13:31:05.8581208Z Using cached pytest_cov-6.2.1-py3-none-any.whl (24 kB)
2025-08-20T13:31:05.8591984Z Using cached pytest_postgresql-7.0.2-py3-none-any.whl (41 kB)
2025-08-20T13:31:05.8603084Z Using cached python_telegram_bot-22.3-py3-none-any.whl (717 kB)
2025-08-20T13:31:05.8619112Z Using cached requests-2.32.4-py3-none-any.whl (64 kB)
2025-08-20T13:31:05.8629936Z Using cached respx-0.22.0-py2.py3-none-any.whl (25 kB)
2025-08-20T13:31:05.8640949Z Using cached ruff-0.4.4-py3-none-manylinux_2_17_x86_64.manylinux2014_x86_64.whl (8.7 MB)
2025-08-20T13:31:05.8714375Z Using cached sqlalchemy-2.0.43-cp312-cp312-manylinux_2_17_x86_64.manylinux2014_x86_64.whl (3.3 MB)
2025-08-20T13:31:05.8749478Z Using cached testcontainers-4.10.0-py3-none-any.whl (107 kB)
2025-08-20T13:31:05.8760909Z Using cached types_requests-2.32.4.20250809-py3-none-any.whl (20 kB)
2025-08-20T13:31:05.8771808Z Using cached docspec_python-2.2.2-py3-none-any.whl (15 kB)
2025-08-20T13:31:05.8782456Z Using cached pydoc_markdown-4.8.2-py3-none-any.whl (67 kB)
2025-08-20T13:31:05.8793575Z Using cached docspec-2.2.1-py3-none-any.whl (9.8 kB)
2025-08-20T13:31:05.8804199Z Using cached redis-6.4.0-py3-none-any.whl (279 kB)
2025-08-20T13:31:05.8817187Z Using cached httpx-0.28.1-py3-none-any.whl (73 kB)
2025-08-20T13:31:05.8828777Z Using cached mypy-1.17.1-cp312-cp312-manylinux2014_x86_64.manylinux_2_17_x86_64.manylinux_2_28_x86_64.whl (12.7 MB)
2025-08-20T13:31:05.8932793Z Using cached databind.core-4.5.2-py3-none-any.whl (1.5 kB)
2025-08-20T13:31:05.8943407Z Using cached databind-4.5.2-py3-none-any.whl (49 kB)
2025-08-20T13:31:05.8954606Z Using cached databind.json-4.5.2-py3-none-any.whl (1.5 kB)
2025-08-20T13:31:05.8965323Z Using cached Deprecated-1.2.18-py2.py3-none-any.whl (10.0 kB)
2025-08-20T13:31:05.8975927Z Using cached nr_date-2.1.0-py3-none-any.whl (10 kB)
2025-08-20T13:31:05.8986690Z Using cached nr_stream-1.1.5-py3-none-any.whl (10 kB)
2025-08-20T13:31:05.8997427Z Using cached nr.util-0.8.12-py3-none-any.whl (90 kB)
2025-08-20T13:31:05.9008705Z Using cached pytest-8.4.1-py3-none-any.whl (365 kB)
2025-08-20T13:31:05.9022061Z Using cached pluggy-1.6.0-py3-none-any.whl (20 kB)
2025-08-20T13:31:05.9032789Z Using cached starlette-0.47.2-py3-none-any.whl (72 kB)
2025-08-20T13:31:05.9044270Z Using cached tomli-2.2.1-cp312-cp312-manylinux_2_17_x86_64.manylinux2014_x86_64.whl (242 kB)
2025-08-20T13:31:05.9056555Z Using cached tomli_w-1.2.0-py3-none-any.whl (6.7 kB)
2025-08-20T13:31:05.9067192Z Using cached typeapi-2.2.4-py3-none-any.whl (26 kB)
2025-08-20T13:31:05.9078053Z Using cached itsdangerous-2.2.0-py3-none-any.whl (16 kB)
2025-08-20T13:31:05.9088863Z Using cached setuptools-80.9.0-py3-none-any.whl (1.2 MB)
2025-08-20T13:31:05.9108657Z Using cached coverage-7.10.4-cp312-cp312-manylinux1_x86_64.manylinux_2_28_x86_64.manylinux_2_5_x86_64.whl (251 kB)
2025-08-20T13:31:05.9120686Z Using cached fastapi_cloud_cli-0.1.5-py3-none-any.whl (18 kB)
2025-08-20T13:31:05.9131428Z Using cached iniconfig-2.1.0-py3-none-any.whl (6.0 kB)
2025-08-20T13:31:05.9142136Z Using cached mirakuru-2.6.1-py3-none-any.whl (26 kB)
2025-08-20T13:31:05.9153004Z Using cached pathspec-0.12.1-py3-none-any.whl (31 kB)
2025-08-20T13:31:05.9163953Z Using cached platformdirs-4.3.8-py3-none-any.whl (18 kB)
2025-08-20T13:31:05.9174549Z Using cached port_for-0.7.4-py3-none-any.whl (21 kB)
2025-08-20T13:31:05.9186553Z Using cached psutil-7.0.0-cp36-abi3-manylinux_2_12_x86_64.manylinux2010_x86_64.manylinux_2_17_x86_64.manylinux2014_x86_64.whl (277 kB)
2025-08-20T13:31:05.9198924Z Using cached pydantic_extra_types-2.10.5-py3-none-any.whl (38 kB)
2025-08-20T13:31:05.9210048Z Using cached rignore-0.6.4-cp312-cp312-manylinux_2_17_x86_64.manylinux2014_x86_64.whl (949 kB)
2025-08-20T13:31:05.9227546Z Using cached sentry_sdk-2.35.0-py2.py3-none-any.whl (363 kB)
2025-08-20T13:31:05.9240768Z Using cached yapf-0.43.0-py3-none-any.whl (256 kB)
2025-08-20T13:31:05.9253912Z Using cached docker-7.1.0-py3-none-any.whl (147 kB)
2025-08-20T13:31:05.9266082Z Using cached watchdog-6.0.0-py3-none-manylinux2014_x86_64.whl (79 kB)
2025-08-20T13:31:06.1899054Z Installing collected packages: watchdog, types-requests, typeapi, tomli_w, tomli, sqlalchemy, setuptools, sentry-sdk, ruff, rignore, requests, redis, psutil, port-for, pluggy, platformdirs, pathspec, nr-stream, nr-date, Jinja2, itsdangerous, iniconfig, imapclient, docstring-parser, Deprecated, coverage, asyncpg, yapf, starlette, pytest, nr-util, mypy, mirakuru, httpx, docker, databind, black, testcontainers, respx, python-telegram-bot, pytest-postgresql, pytest-cov, pytest-asyncio, pydantic-extra-types, fastapi, databind.json, databind.core, celery, fastapi-cloud-cli, docspec, docspec-python, pydoc-markdown
2025-08-20T13:31:06.2906867Z   Attempting uninstall: sqlalchemy
2025-08-20T13:31:06.2939086Z     Found existing installation: SQLAlchemy 2.0.29
2025-08-20T13:31:06.3155532Z     Uninstalling SQLAlchemy-2.0.29:
2025-08-20T13:31:06.3188976Z       Successfully uninstalled SQLAlchemy-2.0.29
2025-08-20T13:31:08.2379125Z   Attempting uninstall: sentry-sdk
2025-08-20T13:31:08.2412572Z     Found existing installation: sentry-sdk 2.9.0
2025-08-20T13:31:08.2548128Z     Uninstalling sentry-sdk-2.9.0:
2025-08-20T13:31:08.2573293Z       Successfully uninstalled sentry-sdk-2.9.0
2025-08-20T13:31:08.6373360Z   Attempting uninstall: requests
2025-08-20T13:31:08.6418471Z     Found existing installation: requests 2.32.5
2025-08-20T13:31:08.6448137Z     Uninstalling requests-2.32.5:
2025-08-20T13:31:08.6457427Z       Successfully uninstalled requests-2.32.5
2025-08-20T13:31:08.6840598Z   Attempting uninstall: redis
2025-08-20T13:31:08.6872710Z     Found existing installation: redis 5.0.8
2025-08-20T13:31:08.6945691Z     Uninstalling redis-5.0.8:
2025-08-20T13:31:08.6961300Z       Successfully uninstalled redis-5.0.8
2025-08-20T13:31:09.1548995Z   Attempting uninstall: Jinja2
2025-08-20T13:31:09.1598968Z     Found existing installation: Jinja2 3.1.5
2025-08-20T13:31:09.1633126Z     Uninstalling Jinja2-3.1.5:
2025-08-20T13:31:09.1642113Z       Successfully uninstalled Jinja2-3.1.5
2025-08-20T13:31:09.5085235Z   Attempting uninstall: asyncpg
2025-08-20T13:31:09.5140138Z     Found existing installation: asyncpg 0.29.0
2025-08-20T13:31:09.5188006Z     Uninstalling asyncpg-0.29.0:
2025-08-20T13:31:09.5201780Z       Successfully uninstalled asyncpg-0.29.0
2025-08-20T13:31:09.7984488Z   Attempting uninstall: starlette
2025-08-20T13:31:09.8035191Z     Found existing installation: starlette 0.37.2
2025-08-20T13:31:09.8077454Z     Uninstalling starlette-0.37.2:
2025-08-20T13:31:09.8088215Z       Successfully uninstalled starlette-0.37.2
2025-08-20T13:31:11.6080611Z   Attempting uninstall: httpx
2025-08-20T13:31:11.6131403Z     Found existing installation: httpx 0.26.0
2025-08-20T13:31:11.6168076Z     Uninstalling httpx-0.26.0:
2025-08-20T13:31:11.6181223Z       Successfully uninstalled httpx-0.26.0
2025-08-20T13:31:12.0607312Z   Attempting uninstall: python-telegram-bot
2025-08-20T13:31:12.0658007Z     Found existing installation: python-telegram-bot 20.8
2025-08-20T13:31:12.0817451Z     Uninstalling python-telegram-bot-20.8:
2025-08-20T13:31:12.0841412Z       Successfully uninstalled python-telegram-bot-20.8
2025-08-20T13:31:12.5351772Z   Attempting uninstall: fastapi
2025-08-20T13:31:12.5398897Z     Found existing installation: fastapi 0.111.0
2025-08-20T13:31:12.5450288Z     Uninstalling fastapi-0.111.0:
2025-08-20T13:31:12.5462133Z       Successfully uninstalled fastapi-0.111.0
2025-08-20T13:31:12.6338277Z   Attempting uninstall: celery
2025-08-20T13:31:12.6380523Z     Found existing installation: celery 5.4.0
2025-08-20T13:31:12.6530828Z     Uninstalling celery-5.4.0:
2025-08-20T13:31:12.6560233Z       Successfully uninstalled celery-5.4.0
2025-08-20T13:31:13.0656867Z 
2025-08-20T13:31:13.0779523Z Successfully installed Deprecated-1.2.18 Jinja2-3.1.6 asyncpg-0.30.0 black-25.1.0 celery-5.5.3 coverage-7.10.4 databind-4.5.2 databind.core-4.5.2 databind.json-4.5.2 docker-7.1.0 docspec-2.2.1 docspec-python-2.2.2 docstring-parser-0.11 fastapi-0.116.1 fastapi-cloud-cli-0.1.5 httpx-0.28.1 imapclient-3.0.1 iniconfig-2.1.0 itsdangerous-2.2.0 mirakuru-2.6.1 mypy-1.17.1 nr-date-2.1.0 nr-stream-1.1.5 nr-util-0.8.12 pathspec-0.12.1 platformdirs-4.3.8 pluggy-1.6.0 port-for-0.7.4 psutil-7.0.0 pydantic-extra-types-2.10.5 pydoc-markdown-4.8.2 pytest-8.4.1 pytest-asyncio-0.23.6 pytest-cov-6.2.1 pytest-postgresql-7.0.2 python-telegram-bot-22.3 redis-6.4.0 requests-2.32.4 respx-0.22.0 rignore-0.6.4 ruff-0.4.4 sentry-sdk-2.35.0 setuptools-80.9.0 sqlalchemy-2.0.43 starlette-0.47.2 testcontainers-4.10.0 tomli-2.2.1 tomli_w-1.2.0 typeapi-2.2.4 types-requests-2.32.4.20250809 watchdog-6.0.0 yapf-0.43.0
2025-08-20T13:31:13.8352154Z Requirement already satisfied: asyncpg in /opt/hostedtoolcache/Python/3.12.11/x64/lib/python3.12/site-packages (0.30.0)
2025-08-20T13:31:14.4600903Z Requirement already satisfied: pytest in /opt/hostedtoolcache/Python/3.12.11/x64/lib/python3.12/site-packages (8.4.1)
2025-08-20T13:31:14.4615071Z Requirement already satisfied: iniconfig>=1 in /opt/hostedtoolcache/Python/3.12.11/x64/lib/python3.12/site-packages (from pytest) (2.1.0)
2025-08-20T13:31:14.4621095Z Requirement already satisfied: packaging>=20 in /opt/hostedtoolcache/Python/3.12.11/x64/lib/python3.12/site-packages (from pytest) (25.0)
2025-08-20T13:31:14.4626858Z Requirement already satisfied: pluggy<2,>=1.5 in /opt/hostedtoolcache/Python/3.12.11/x64/lib/python3.12/site-packages (from pytest) (1.6.0)
2025-08-20T13:31:14.4631997Z Requirement already satisfied: pygments>=2.7.2 in /opt/hostedtoolcache/Python/3.12.11/x64/lib/python3.12/site-packages (from pytest) (2.19.2)
2025-08-20T13:31:15.1623262Z Collecting keepa==1.3.15
2025-08-20T13:31:15.1637628Z   Using cached keepa-1.3.15-py3-none-any.whl.metadata (11 kB)
2025-08-20T13:31:15.1676707Z Requirement already satisfied: minio==7.1.15 in /opt/hostedtoolcache/Python/3.12.11/x64/lib/python3.12/site-packages (7.1.15)
2025-08-20T13:31:15.1685463Z Requirement already satisfied: numpy>=1.9.3 in /opt/hostedtoolcache/Python/3.12.11/x64/lib/python3.12/site-packages (from keepa==1.3.15) (1.26.4)
2025-08-20T13:31:15.1691435Z Requirement already satisfied: requests>=2.2 in /opt/hostedtoolcache/Python/3.12.11/x64/lib/python3.12/site-packages (from keepa==1.3.15) (2.32.4)
2025-08-20T13:31:15.1695758Z Requirement already satisfied: tqdm in /opt/hostedtoolcache/Python/3.12.11/x64/lib/python3.12/site-packages (from keepa==1.3.15) (4.67.1)
2025-08-20T13:31:15.1699771Z Requirement already satisfied: aiohttp in /opt/hostedtoolcache/Python/3.12.11/x64/lib/python3.12/site-packages (from keepa==1.3.15) (3.12.15)
2025-08-20T13:31:15.1705757Z Requirement already satisfied: pandas<=3.0 in /opt/hostedtoolcache/Python/3.12.11/x64/lib/python3.12/site-packages (from keepa==1.3.15) (2.2.3)
2025-08-20T13:31:15.1709806Z Requirement already satisfied: pydantic in /opt/hostedtoolcache/Python/3.12.11/x64/lib/python3.12/site-packages (from keepa==1.3.15) (2.11.7)
2025-08-20T13:31:15.1720699Z Requirement already satisfied: certifi in /opt/hostedtoolcache/Python/3.12.11/x64/lib/python3.12/site-packages (from minio==7.1.15) (2025.8.3)
2025-08-20T13:31:15.1725461Z Requirement already satisfied: urllib3 in /opt/hostedtoolcache/Python/3.12.11/x64/lib/python3.12/site-packages (from minio==7.1.15) (2.5.0)
2025-08-20T13:31:15.1780315Z Requirement already satisfied: python-dateutil>=2.8.2 in /opt/hostedtoolcache/Python/3.12.11/x64/lib/python3.12/site-packages (from pandas<=3.0->keepa==1.3.15) (2.9.0.post0)
2025-08-20T13:31:15.1786486Z Requirement already satisfied: pytz>=2020.1 in /opt/hostedtoolcache/Python/3.12.11/x64/lib/python3.12/site-packages (from pandas<=3.0->keepa==1.3.15) (2025.2)
2025-08-20T13:31:15.1792279Z Requirement already satisfied: tzdata>=2022.7 in /opt/hostedtoolcache/Python/3.12.11/x64/lib/python3.12/site-packages (from pandas<=3.0->keepa==1.3.15) (2025.2)
2025-08-20T13:31:15.1932371Z Requirement already satisfied: six>=1.5 in /opt/hostedtoolcache/Python/3.12.11/x64/lib/python3.12/site-packages (from python-dateutil>=2.8.2->pandas<=3.0->keepa==1.3.15) (1.17.0)
2025-08-20T13:31:15.1952080Z Requirement already satisfied: charset_normalizer<4,>=2 in /opt/hostedtoolcache/Python/3.12.11/x64/lib/python3.12/site-packages (from requests>=2.2->keepa==1.3.15) (3.4.3)
2025-08-20T13:31:15.1958540Z Requirement already satisfied: idna<4,>=2.5 in /opt/hostedtoolcache/Python/3.12.11/x64/lib/python3.12/site-packages (from requests>=2.2->keepa==1.3.15) (3.10)
2025-08-20T13:31:15.2028934Z Requirement already satisfied: aiohappyeyeballs>=2.5.0 in /opt/hostedtoolcache/Python/3.12.11/x64/lib/python3.12/site-packages (from aiohttp->keepa==1.3.15) (2.6.1)
2025-08-20T13:31:15.2034687Z Requirement already satisfied: aiosignal>=1.4.0 in /opt/hostedtoolcache/Python/3.12.11/x64/lib/python3.12/site-packages (from aiohttp->keepa==1.3.15) (1.4.0)
2025-08-20T13:31:15.2042440Z Requirement already satisfied: attrs>=17.3.0 in /opt/hostedtoolcache/Python/3.12.11/x64/lib/python3.12/site-packages (from aiohttp->keepa==1.3.15) (25.3.0)
2025-08-20T13:31:15.2048323Z Requirement already satisfied: frozenlist>=1.1.1 in /opt/hostedtoolcache/Python/3.12.11/x64/lib/python3.12/site-packages (from aiohttp->keepa==1.3.15) (1.7.0)
2025-08-20T13:31:15.2055055Z Requirement already satisfied: multidict<7.0,>=4.5 in /opt/hostedtoolcache/Python/3.12.11/x64/lib/python3.12/site-packages (from aiohttp->keepa==1.3.15) (6.6.4)
2025-08-20T13:31:15.2061203Z Requirement already satisfied: propcache>=0.2.0 in /opt/hostedtoolcache/Python/3.12.11/x64/lib/python3.12/site-packages (from aiohttp->keepa==1.3.15) (0.3.2)
2025-08-20T13:31:15.2067594Z Requirement already satisfied: yarl<2.0,>=1.17.0 in /opt/hostedtoolcache/Python/3.12.11/x64/lib/python3.12/site-packages (from aiohttp->keepa==1.3.15) (1.20.1)
2025-08-20T13:31:15.2130260Z Requirement already satisfied: typing-extensions>=4.2 in /opt/hostedtoolcache/Python/3.12.11/x64/lib/python3.12/site-packages (from aiosignal>=1.4.0->aiohttp->keepa==1.3.15) (4.14.1)
2025-08-20T13:31:15.2227143Z Requirement already satisfied: annotated-types>=0.6.0 in /opt/hostedtoolcache/Python/3.12.11/x64/lib/python3.12/site-packages (from pydantic->keepa==1.3.15) (0.7.0)
2025-08-20T13:31:15.2232959Z Requirement already satisfied: pydantic-core==2.33.2 in /opt/hostedtoolcache/Python/3.12.11/x64/lib/python3.12/site-packages (from pydantic->keepa==1.3.15) (2.33.2)
2025-08-20T13:31:15.2241644Z Requirement already satisfied: typing-inspection>=0.4.0 in /opt/hostedtoolcache/Python/3.12.11/x64/lib/python3.12/site-packages (from pydantic->keepa==1.3.15) (0.4.1)
2025-08-20T13:31:15.2323253Z Using cached keepa-1.3.15-py3-none-any.whl (38 kB)
2025-08-20T13:31:15.3994822Z Installing collected packages: keepa
2025-08-20T13:31:15.3995508Z   Attempting uninstall: keepa
2025-08-20T13:31:15.4029666Z     Found existing installation: keepa 1.3.14
2025-08-20T13:31:15.4052420Z     Uninstalling keepa-1.3.14:
2025-08-20T13:31:15.4061001Z       Successfully uninstalled keepa-1.3.14
2025-08-20T13:31:15.4480272Z Successfully installed keepa-1.3.15
2025-08-20T13:31:15.5100709Z ##[group]Run actions/setup-node@v4
2025-08-20T13:31:15.5100986Z with:
2025-08-20T13:31:15.5101163Z   node-version: 20.19.0
2025-08-20T13:31:15.5101375Z   always-auth: false
2025-08-20T13:31:15.5101570Z   check-latest: false
2025-08-20T13:31:15.5101915Z   token: ***
2025-08-20T13:31:15.5102093Z env:
2025-08-20T13:31:15.5102288Z   REDIS_URL: redis://localhost:6379/0
2025-08-20T13:31:15.5102550Z   RATE_LIMIT_DEFAULT: 100/minute
2025-08-20T13:31:15.5102777Z   TRUST_X_FORWARDED: 1
2025-08-20T13:31:15.5102980Z   PG_USER: postgres
2025-08-20T13:31:15.5103168Z   PG_PASSWORD: pass
2025-08-20T13:31:15.5103358Z   PG_DATABASE: awa
2025-08-20T13:31:15.5103561Z   PG_HOST: localhost
2025-08-20T13:31:15.5103970Z   PG_PORT: 5432
2025-08-20T13:31:15.5104544Z   PG_SYNC_DSN: ***localhost:5432/awa
2025-08-20T13:31:15.5104936Z   PG_ASYNC_DSN: ***localhost:5432/awa
2025-08-20T13:31:15.5105326Z   DATABASE_URL: ***localhost:5432/awa
2025-08-20T13:31:15.5105569Z   DATA_DIR: /tmp/awa-data
2025-08-20T13:31:15.5105797Z   ENABLE_LIVE: 0
2025-08-20T13:31:15.5105984Z   TESTING: 1
2025-08-20T13:31:15.5106227Z   pythonLocation: /opt/hostedtoolcache/Python/3.12.11/x64
2025-08-20T13:31:15.5106633Z   PKG_CONFIG_PATH: /opt/hostedtoolcache/Python/3.12.11/x64/lib/pkgconfig
2025-08-20T13:31:15.5107024Z   Python_ROOT_DIR: /opt/hostedtoolcache/Python/3.12.11/x64
2025-08-20T13:31:15.5107378Z   Python2_ROOT_DIR: /opt/hostedtoolcache/Python/3.12.11/x64
2025-08-20T13:31:15.5107730Z   Python3_ROOT_DIR: /opt/hostedtoolcache/Python/3.12.11/x64
2025-08-20T13:31:15.5108080Z   LD_LIBRARY_PATH: /opt/hostedtoolcache/Python/3.12.11/x64/lib
2025-08-20T13:31:15.5108379Z ##[endgroup]
2025-08-20T13:31:15.7009330Z Attempting to download 20.19.0...
2025-08-20T13:31:16.0841722Z Acquiring 20.19.0 - x64 from https://github.com/actions/node-versions/releases/download/20.19.0-13838090974/node-20.19.0-linux-x64.tar.gz
2025-08-20T13:31:16.5140193Z Extracting ...
2025-08-20T13:31:16.5251985Z [command]/usr/bin/tar xz --strip 1 --warning=no-unknown-keyword --overwrite -C /home/runner/work/_temp/f087bdc6-5655-4311-8014-f6ca7f21204d -f /home/runner/work/_temp/30ae698d-4f94-4220-97bc-3d8a422dfdf6
2025-08-20T13:31:17.5118558Z Adding to the cache ...
2025-08-20T13:31:19.1809799Z ##[group]Environment details
2025-08-20T13:31:19.4893232Z node: v20.19.0
2025-08-20T13:31:19.4893574Z npm: 10.8.2
2025-08-20T13:31:19.4894048Z yarn: 1.22.22
2025-08-20T13:31:19.4894959Z ##[endgroup]
2025-08-20T13:31:19.5059201Z ##[group]Run npm ci
2025-08-20T13:31:19.5059447Z [36;1mnpm ci[0m
2025-08-20T13:31:19.5101592Z shell: /usr/bin/bash -e {0}
2025-08-20T13:31:19.5101830Z env:
2025-08-20T13:31:19.5102056Z   REDIS_URL: redis://localhost:6379/0
2025-08-20T13:31:19.5102516Z   RATE_LIMIT_DEFAULT: 100/minute
2025-08-20T13:31:19.5102750Z   TRUST_X_FORWARDED: 1
2025-08-20T13:31:19.5102957Z   PG_USER: postgres
2025-08-20T13:31:19.5103156Z   PG_PASSWORD: pass
2025-08-20T13:31:19.5103344Z   PG_DATABASE: awa
2025-08-20T13:31:19.5103527Z   PG_HOST: localhost
2025-08-20T13:31:19.5103722Z   PG_PORT: 5432
2025-08-20T13:31:19.5104408Z   PG_SYNC_DSN: ***localhost:5432/awa
2025-08-20T13:31:19.5104837Z   PG_ASYNC_DSN: ***localhost:5432/awa
2025-08-20T13:31:19.5105240Z   DATABASE_URL: ***localhost:5432/awa
2025-08-20T13:31:19.5105493Z   DATA_DIR: /tmp/awa-data
2025-08-20T13:31:19.5105710Z   ENABLE_LIVE: 0
2025-08-20T13:31:19.5105895Z   TESTING: 1
2025-08-20T13:31:19.5106175Z   pythonLocation: /opt/hostedtoolcache/Python/3.12.11/x64
2025-08-20T13:31:19.5106600Z   PKG_CONFIG_PATH: /opt/hostedtoolcache/Python/3.12.11/x64/lib/pkgconfig
2025-08-20T13:31:19.5107008Z   Python_ROOT_DIR: /opt/hostedtoolcache/Python/3.12.11/x64
2025-08-20T13:31:19.5107380Z   Python2_ROOT_DIR: /opt/hostedtoolcache/Python/3.12.11/x64
2025-08-20T13:31:19.5107757Z   Python3_ROOT_DIR: /opt/hostedtoolcache/Python/3.12.11/x64
2025-08-20T13:31:19.5108129Z   LD_LIBRARY_PATH: /opt/hostedtoolcache/Python/3.12.11/x64/lib
2025-08-20T13:31:19.5108439Z ##[endgroup]
2025-08-20T13:31:22.2463561Z npm warn deprecated node-domexception@1.0.0: Use your platform's native DOMException instead
2025-08-20T13:31:25.5777300Z 
2025-08-20T13:31:25.5778443Z added 432 packages, and audited 433 packages in 6s
2025-08-20T13:31:25.5779756Z 
2025-08-20T13:31:25.5780123Z 112 packages are looking for funding
2025-08-20T13:31:25.5780446Z   run `npm fund` for details
2025-08-20T13:31:25.5801707Z 
2025-08-20T13:31:25.5802157Z 2 vulnerabilities (1 low, 1 critical)
2025-08-20T13:31:25.5802405Z 
2025-08-20T13:31:25.5802721Z To address all issues, run:
2025-08-20T13:31:25.5803163Z   npm audit fix
2025-08-20T13:31:25.5803392Z 
2025-08-20T13:31:25.5803617Z Run `npm audit` for details.
2025-08-20T13:31:25.6090651Z ##[group]Run npm run build --if-present
2025-08-20T13:31:25.6091012Z [36;1mnpm run build --if-present[0m
2025-08-20T13:31:25.6133474Z shell: /usr/bin/bash -e {0}
2025-08-20T13:31:25.6133721Z env:
2025-08-20T13:31:25.6134113Z   REDIS_URL: redis://localhost:6379/0
2025-08-20T13:31:25.6134406Z   RATE_LIMIT_DEFAULT: 100/minute
2025-08-20T13:31:25.6134654Z   TRUST_X_FORWARDED: 1
2025-08-20T13:31:25.6134868Z   PG_USER: postgres
2025-08-20T13:31:25.6135078Z   PG_PASSWORD: pass
2025-08-20T13:31:25.6135275Z   PG_DATABASE: awa
2025-08-20T13:31:25.6135470Z   PG_HOST: localhost
2025-08-20T13:31:25.6135675Z   PG_PORT: 5432
2025-08-20T13:31:25.6136194Z   PG_SYNC_DSN: ***localhost:5432/awa
2025-08-20T13:31:25.6136639Z   PG_ASYNC_DSN: ***localhost:5432/awa
2025-08-20T13:31:25.6137057Z   DATABASE_URL: ***localhost:5432/awa
2025-08-20T13:31:25.6137316Z   DATA_DIR: /tmp/awa-data
2025-08-20T13:31:25.6137551Z   ENABLE_LIVE: 0
2025-08-20T13:31:25.6137751Z   TESTING: 1
2025-08-20T13:31:25.6138052Z   pythonLocation: /opt/hostedtoolcache/Python/3.12.11/x64
2025-08-20T13:31:25.6138519Z   PKG_CONFIG_PATH: /opt/hostedtoolcache/Python/3.12.11/x64/lib/pkgconfig
2025-08-20T13:31:25.6138962Z   Python_ROOT_DIR: /opt/hostedtoolcache/Python/3.12.11/x64
2025-08-20T13:31:25.6139361Z   Python2_ROOT_DIR: /opt/hostedtoolcache/Python/3.12.11/x64
2025-08-20T13:31:25.6139781Z   Python3_ROOT_DIR: /opt/hostedtoolcache/Python/3.12.11/x64
2025-08-20T13:31:25.6140204Z   LD_LIBRARY_PATH: /opt/hostedtoolcache/Python/3.12.11/x64/lib
2025-08-20T13:31:25.6140539Z ##[endgroup]
2025-08-20T13:31:25.7262822Z 
2025-08-20T13:31:25.7263423Z > web@0.0.0 build
2025-08-20T13:31:25.7264248Z > tsc -b && vite build
2025-08-20T13:31:25.7264552Z 
2025-08-20T13:31:28.2628763Z [36mvite v7.0.4 [32mbuilding for production...[36m[39m
2025-08-20T13:31:28.4412788Z transforming...
2025-08-20T13:31:31.9214057Z [32m✓[39m 687 modules transformed.
2025-08-20T13:31:32.3461689Z rendering chunks...
2025-08-20T13:31:32.3548416Z computing gzip size...
2025-08-20T13:31:32.3740347Z [2mdist/[22m[32mindex.html                 [39m[1m[2m  0.46 kB[22m[1m[22m[2m │ gzip:   0.30 kB[22m
2025-08-20T13:31:32.3742379Z [2mdist/[22m[2massets/[22m[35mindex-5IA1gRGW.css  [39m[1m[2m  0.84 kB[22m[1m[22m[2m │ gzip:   0.45 kB[22m
2025-08-20T13:31:32.3744225Z [2mdist/[22m[2massets/[22m[36mindex-CIqpArhq.js   [39m[1m[33m613.66 kB[39m[22m[2m │ gzip: 193.69 kB[22m
2025-08-20T13:31:32.3745233Z [33m
2025-08-20T13:31:32.3745973Z (!) Some chunks are larger than 500 kB after minification. Consider:
2025-08-20T13:31:32.3746839Z - Using dynamic import() to code-split the application
2025-08-20T13:31:32.3747944Z - Use build.rollupOptions.output.manualChunks to improve chunking: https://rollupjs.org/configuration-options/#output-manualchunks
2025-08-20T13:31:32.3748867Z - Adjust chunk size limit for this warning via build.chunkSizeWarningLimit.[39m
2025-08-20T13:31:32.3749358Z [32m✓ built in 4.09s[39m
2025-08-20T13:31:32.4232557Z ##[group]Run sudo apt-get update
2025-08-20T13:31:32.4232898Z [36;1msudo apt-get update[0m
2025-08-20T13:31:32.4233176Z [36;1msudo apt-get install -y postgresql[0m
2025-08-20T13:31:32.4233669Z [36;1mecho "/usr/lib/postgresql/$(pg_config --version | cut -d' ' -f2 | cut -d'.' -f1,2)/bin" >> $GITHUB_PATH[0m
2025-08-20T13:31:32.4275229Z shell: /usr/bin/bash -e {0}
2025-08-20T13:31:32.4275471Z env:
2025-08-20T13:31:32.4275681Z   REDIS_URL: redis://localhost:6379/0
2025-08-20T13:31:32.4275953Z   RATE_LIMIT_DEFAULT: 100/minute
2025-08-20T13:31:32.4276185Z   TRUST_X_FORWARDED: 1
2025-08-20T13:31:32.4276391Z   PG_USER: postgres
2025-08-20T13:31:32.4276590Z   PG_PASSWORD: pass
2025-08-20T13:31:32.4276776Z   PG_DATABASE: awa
2025-08-20T13:31:32.4276960Z   PG_HOST: localhost
2025-08-20T13:31:32.4277157Z   PG_PORT: 5432
2025-08-20T13:31:32.4277591Z   PG_SYNC_DSN: ***localhost:5432/awa
2025-08-20T13:31:32.4278105Z   PG_ASYNC_DSN: ***localhost:5432/awa
2025-08-20T13:31:32.4278538Z   DATABASE_URL: ***localhost:5432/awa
2025-08-20T13:31:32.4278785Z   DATA_DIR: /tmp/awa-data
2025-08-20T13:31:32.4278997Z   ENABLE_LIVE: 0
2025-08-20T13:31:32.4279179Z   TESTING: 1
2025-08-20T13:31:32.4279423Z   pythonLocation: /opt/hostedtoolcache/Python/3.12.11/x64
2025-08-20T13:31:32.4279851Z   PKG_CONFIG_PATH: /opt/hostedtoolcache/Python/3.12.11/x64/lib/pkgconfig
2025-08-20T13:31:32.4280258Z   Python_ROOT_DIR: /opt/hostedtoolcache/Python/3.12.11/x64
2025-08-20T13:31:32.4280619Z   Python2_ROOT_DIR: /opt/hostedtoolcache/Python/3.12.11/x64
2025-08-20T13:31:32.4280973Z   Python3_ROOT_DIR: /opt/hostedtoolcache/Python/3.12.11/x64
2025-08-20T13:31:32.4281329Z   LD_LIBRARY_PATH: /opt/hostedtoolcache/Python/3.12.11/x64/lib
2025-08-20T13:31:32.4281635Z ##[endgroup]
2025-08-20T13:31:32.5625409Z Get:1 file:/etc/apt/apt-mirrors.txt Mirrorlist [144 B]
2025-08-20T13:31:32.6038214Z Hit:2 http://azure.archive.ubuntu.com/ubuntu noble InRelease
2025-08-20T13:31:32.6116455Z Get:3 http://azure.archive.ubuntu.com/ubuntu noble-updates InRelease [126 kB]
2025-08-20T13:31:32.6168492Z Get:4 http://azure.archive.ubuntu.com/ubuntu noble-backports InRelease [126 kB]
2025-08-20T13:31:32.6219394Z Get:5 http://azure.archive.ubuntu.com/ubuntu noble-security InRelease [126 kB]
2025-08-20T13:31:32.6278436Z Hit:6 https://packages.microsoft.com/repos/azure-cli noble InRelease
2025-08-20T13:31:32.6284665Z Get:7 https://packages.microsoft.com/ubuntu/24.04/prod noble InRelease [3600 B]
2025-08-20T13:31:32.8020101Z Get:8 http://azure.archive.ubuntu.com/ubuntu noble-updates/main amd64 Packages [1349 kB]
2025-08-20T13:31:32.8169633Z Get:9 http://azure.archive.ubuntu.com/ubuntu noble-updates/main Translation-en [268 kB]
2025-08-20T13:31:32.8198060Z Get:10 http://azure.archive.ubuntu.com/ubuntu noble-updates/main amd64 Components [175 kB]
2025-08-20T13:31:32.8225123Z Get:11 http://azure.archive.ubuntu.com/ubuntu noble-updates/universe amd64 Packages [1124 kB]
2025-08-20T13:31:32.8307975Z Get:12 http://azure.archive.ubuntu.com/ubuntu noble-updates/universe Translation-en [288 kB]
2025-08-20T13:31:32.8355187Z Get:13 http://azure.archive.ubuntu.com/ubuntu noble-updates/universe amd64 Components [377 kB]
2025-08-20T13:31:32.8363405Z Get:14 http://azure.archive.ubuntu.com/ubuntu noble-updates/restricted amd64 Packages [1728 kB]
2025-08-20T13:31:32.8748890Z Get:15 http://azure.archive.ubuntu.com/ubuntu noble-updates/restricted Translation-en [382 kB]
2025-08-20T13:31:32.8771138Z Get:16 http://azure.archive.ubuntu.com/ubuntu noble-updates/restricted amd64 Components [212 B]
2025-08-20T13:31:32.8786181Z Get:17 http://azure.archive.ubuntu.com/ubuntu noble-updates/multiverse amd64 Components [940 B]
2025-08-20T13:31:32.9218432Z Get:18 http://azure.archive.ubuntu.com/ubuntu noble-backports/main amd64 Components [7072 B]
2025-08-20T13:31:32.9406048Z Get:19 http://azure.archive.ubuntu.com/ubuntu noble-backports/universe amd64 Packages [30.2 kB]
2025-08-20T13:31:32.9412239Z Get:20 http://azure.archive.ubuntu.com/ubuntu noble-backports/universe Translation-en [17.4 kB]
2025-08-20T13:31:32.9429931Z Get:21 http://azure.archive.ubuntu.com/ubuntu noble-backports/universe amd64 Components [19.2 kB]
2025-08-20T13:31:32.9437673Z Get:22 http://azure.archive.ubuntu.com/ubuntu noble-backports/restricted amd64 Components [216 B]
2025-08-20T13:31:32.9499317Z Get:23 http://azure.archive.ubuntu.com/ubuntu noble-backports/multiverse amd64 Components [212 B]
2025-08-20T13:31:32.9516785Z Get:24 http://azure.archive.ubuntu.com/ubuntu noble-security/main amd64 Packages [1081 kB]
2025-08-20T13:31:32.9588302Z Get:25 http://azure.archive.ubuntu.com/ubuntu noble-security/main Translation-en [187 kB]
2025-08-20T13:31:32.9609714Z Get:26 http://azure.archive.ubuntu.com/ubuntu noble-security/main amd64 Components [21.6 kB]
2025-08-20T13:31:32.9617682Z Get:27 http://azure.archive.ubuntu.com/ubuntu noble-security/universe amd64 Packages [881 kB]
2025-08-20T13:31:32.9678206Z Get:28 http://azure.archive.ubuntu.com/ubuntu noble-security/universe Translation-en [195 kB]
2025-08-20T13:31:32.9699370Z Get:29 http://azure.archive.ubuntu.com/ubuntu noble-security/universe amd64 Components [52.2 kB]
2025-08-20T13:31:32.9710370Z Get:30 http://azure.archive.ubuntu.com/ubuntu noble-security/restricted amd64 Packages [1625 kB]
2025-08-20T13:31:32.9821001Z Get:31 http://azure.archive.ubuntu.com/ubuntu noble-security/restricted Translation-en [359 kB]
2025-08-20T13:31:33.0289984Z Get:32 http://azure.archive.ubuntu.com/ubuntu noble-security/restricted amd64 Components [212 B]
2025-08-20T13:31:33.0297693Z Get:33 http://azure.archive.ubuntu.com/ubuntu noble-security/multiverse amd64 Components [208 B]
2025-08-20T13:31:33.0773061Z Get:34 https://packages.microsoft.com/ubuntu/24.04/prod noble/main amd64 Packages [47.9 kB]
2025-08-20T13:31:33.0831388Z Get:35 https://packages.microsoft.com/ubuntu/24.04/prod noble/main arm64 Packages [33.1 kB]
2025-08-20T13:31:40.1124918Z Fetched 10.6 MB in 1s (7884 kB/s)
2025-08-20T13:31:40.8682352Z Reading package lists...
2025-08-20T13:31:40.9025658Z Reading package lists...
2025-08-20T13:31:41.1008626Z Building dependency tree...
2025-08-20T13:31:41.1017892Z Reading state information...
2025-08-20T13:31:41.2777546Z Suggested packages:
2025-08-20T13:31:41.2777843Z   postgresql-doc
2025-08-20T13:31:41.3062370Z The following NEW packages will be installed:
2025-08-20T13:31:41.3063048Z   postgresql
2025-08-20T13:31:41.3243174Z 0 upgraded, 1 newly installed, 0 to remove and 46 not upgraded.
2025-08-20T13:31:41.3243664Z Need to get 11.6 kB of archives.
2025-08-20T13:31:41.3244351Z After this operation, 17.4 kB of additional disk space will be used.
2025-08-20T13:31:41.3244820Z Get:1 file:/etc/apt/apt-mirrors.txt Mirrorlist [144 B]
2025-08-20T13:31:41.3567373Z Get:2 http://azure.archive.ubuntu.com/ubuntu noble-updates/main amd64 postgresql all 16+257build1.1 [11.6 kB]
2025-08-20T13:31:41.6228723Z Fetched 11.6 kB in 0s (269 kB/s)
2025-08-20T13:31:41.6579456Z Selecting previously unselected package postgresql.
2025-08-20T13:31:41.7353324Z (Reading database ... 
2025-08-20T13:31:41.7354088Z (Reading database ... 5%
2025-08-20T13:31:41.7354594Z (Reading database ... 10%
2025-08-20T13:31:41.7355226Z (Reading database ... 15%
2025-08-20T13:31:41.7356102Z (Reading database ... 20%
2025-08-20T13:31:41.7356647Z (Reading database ... 25%
2025-08-20T13:31:41.7357129Z (Reading database ... 30%
2025-08-20T13:31:41.7357611Z (Reading database ... 35%
2025-08-20T13:31:41.7358076Z (Reading database ... 40%
2025-08-20T13:31:41.7358595Z (Reading database ... 45%
2025-08-20T13:31:41.7358966Z (Reading database ... 50%
2025-08-20T13:31:41.9090795Z (Reading database ... 55%
2025-08-20T13:31:42.1208265Z (Reading database ... 60%
2025-08-20T13:31:42.4237715Z (Reading database ... 65%
2025-08-20T13:31:42.5467870Z (Reading database ... 70%
2025-08-20T13:31:42.6264364Z (Reading database ... 75%
2025-08-20T13:31:43.0836651Z (Reading database ... 80%
2025-08-20T13:31:43.7567843Z (Reading database ... 85%
2025-08-20T13:31:44.2936523Z (Reading database ... 90%
2025-08-20T13:31:44.8697494Z (Reading database ... 95%
2025-08-20T13:31:44.8698358Z (Reading database ... 100%
2025-08-20T13:31:44.8698974Z (Reading database ... 219881 files and directories currently installed.)
2025-08-20T13:31:44.8745604Z Preparing to unpack .../postgresql_16+257build1.1_all.deb ...
2025-08-20T13:31:44.8781988Z Unpacking postgresql (16+257build1.1) ...
2025-08-20T13:31:44.9282124Z Setting up postgresql (16+257build1.1) ...
2025-08-20T13:31:45.8651945Z 
2025-08-20T13:31:45.8652592Z Running kernel seems to be up-to-date.
2025-08-20T13:31:45.8652936Z 
2025-08-20T13:31:45.8653085Z Restarting services...
2025-08-20T13:31:45.8726704Z 
2025-08-20T13:31:45.8727336Z Service restarts being deferred:
2025-08-20T13:31:45.8729195Z  systemctl restart hosted-compute-agent.service
2025-08-20T13:31:45.8729587Z 
2025-08-20T13:31:45.8729883Z No containers need to be restarted.
2025-08-20T13:31:45.8730180Z 
2025-08-20T13:31:45.8730479Z No user sessions are running outdated binaries.
2025-08-20T13:31:45.8730819Z 
2025-08-20T13:31:45.8731338Z No VM guests are running outdated hypervisor (qemu) binaries on this host.
2025-08-20T13:31:46.8385370Z ##[group]Run for i in {1..30}; do pg_isready -h localhost -p 5432 -U postgres -d awa && break; sleep 1; done
2025-08-20T13:31:46.8386031Z [36;1mfor i in {1..30}; do pg_isready -h localhost -p 5432 -U postgres -d awa && break; sleep 1; done[0m
2025-08-20T13:31:46.8427108Z shell: /usr/bin/bash -e {0}
2025-08-20T13:31:46.8427346Z env:
2025-08-20T13:31:46.8427558Z   REDIS_URL: redis://localhost:6379/0
2025-08-20T13:31:46.8427869Z   RATE_LIMIT_DEFAULT: 100/minute
2025-08-20T13:31:46.8428099Z   TRUST_X_FORWARDED: 1
2025-08-20T13:31:46.8428298Z   PG_USER: postgres
2025-08-20T13:31:46.8428492Z   PG_PASSWORD: pass
2025-08-20T13:31:46.8428676Z   PG_DATABASE: awa
2025-08-20T13:31:46.8428854Z   PG_HOST: localhost
2025-08-20T13:31:46.8429045Z   PG_PORT: 5432
2025-08-20T13:31:46.8429470Z   PG_SYNC_DSN: ***localhost:5432/awa
2025-08-20T13:31:46.8429883Z   PG_ASYNC_DSN: ***localhost:5432/awa
2025-08-20T13:31:46.8430271Z   DATABASE_URL: ***localhost:5432/awa
2025-08-20T13:31:46.8430545Z   DATA_DIR: /tmp/awa-data
2025-08-20T13:31:46.8430759Z   ENABLE_LIVE: 0
2025-08-20T13:31:46.8430945Z   TESTING: 1
2025-08-20T13:31:46.8431190Z   pythonLocation: /opt/hostedtoolcache/Python/3.12.11/x64
2025-08-20T13:31:46.8431596Z   PKG_CONFIG_PATH: /opt/hostedtoolcache/Python/3.12.11/x64/lib/pkgconfig
2025-08-20T13:31:46.8431993Z   Python_ROOT_DIR: /opt/hostedtoolcache/Python/3.12.11/x64
2025-08-20T13:31:46.8432351Z   Python2_ROOT_DIR: /opt/hostedtoolcache/Python/3.12.11/x64
2025-08-20T13:31:46.8432724Z   Python3_ROOT_DIR: /opt/hostedtoolcache/Python/3.12.11/x64
2025-08-20T13:31:46.8433502Z   LD_LIBRARY_PATH: /opt/hostedtoolcache/Python/3.12.11/x64/lib
2025-08-20T13:31:46.8434022Z ##[endgroup]
2025-08-20T13:31:46.9124887Z localhost:5432 - accepting connections
2025-08-20T13:31:46.9157826Z ##[group]Run alembic -c services/api/alembic.ini upgrade head
2025-08-20T13:31:46.9158261Z [36;1malembic -c services/api/alembic.ini upgrade head[0m
2025-08-20T13:31:46.9198792Z shell: /usr/bin/bash -e {0}
2025-08-20T13:31:46.9199035Z env:
2025-08-20T13:31:46.9199248Z   REDIS_URL: redis://localhost:6379/0
2025-08-20T13:31:46.9199710Z   RATE_LIMIT_DEFAULT: 100/minute
2025-08-20T13:31:46.9199961Z   TRUST_X_FORWARDED: 1
2025-08-20T13:31:46.9200171Z   PG_USER: postgres
2025-08-20T13:31:46.9200377Z   PG_PASSWORD: pass
2025-08-20T13:31:46.9200572Z   PG_DATABASE: awa
2025-08-20T13:31:46.9200767Z   PG_HOST: localhost
2025-08-20T13:31:46.9200965Z   PG_PORT: 5432
2025-08-20T13:31:46.9201397Z   PG_SYNC_DSN: ***localhost:5432/awa
2025-08-20T13:31:46.9201826Z   PG_ASYNC_DSN: ***localhost:5432/awa
2025-08-20T13:31:46.9202246Z   DATABASE_URL: ***localhost:5432/awa
2025-08-20T13:31:46.9202501Z   DATA_DIR: /tmp/awa-data
2025-08-20T13:31:46.9202720Z   ENABLE_LIVE: 0
2025-08-20T13:31:46.9202932Z   TESTING: 1
2025-08-20T13:31:46.9203187Z   pythonLocation: /opt/hostedtoolcache/Python/3.12.11/x64
2025-08-20T13:31:46.9203610Z   PKG_CONFIG_PATH: /opt/hostedtoolcache/Python/3.12.11/x64/lib/pkgconfig
2025-08-20T13:31:46.9204256Z   Python_ROOT_DIR: /opt/hostedtoolcache/Python/3.12.11/x64
2025-08-20T13:31:46.9204637Z   Python2_ROOT_DIR: /opt/hostedtoolcache/Python/3.12.11/x64
2025-08-20T13:31:46.9205017Z   Python3_ROOT_DIR: /opt/hostedtoolcache/Python/3.12.11/x64
2025-08-20T13:31:46.9205394Z   LD_LIBRARY_PATH: /opt/hostedtoolcache/Python/3.12.11/x64/lib
2025-08-20T13:31:46.9205719Z   POSTGRES_USER: postgres
2025-08-20T13:31:46.9205949Z   POSTGRES_PASSWORD: pass
2025-08-20T13:31:46.9206159Z   POSTGRES_DB: awa
2025-08-20T13:31:46.9206357Z ##[endgroup]
2025-08-20T13:31:48.1670660Z INFO  [alembic.runtime.migration] Context impl PostgresqlImpl.
2025-08-20T13:31:48.1671250Z INFO  [alembic.runtime.migration] Will assume transactional DDL.
2025-08-20T13:31:48.1856789Z INFO  [alembic.runtime.migration] Running upgrade  -> 0001_baseline
2025-08-20T13:31:48.2023255Z INFO  [alembic.runtime.migration] Running upgrade 0001_baseline -> 0002_create_roi_view
2025-08-20T13:31:48.2050716Z INFO  [alembic.runtime.migration] Running upgrade 0002_create_roi_view -> 3e9d5c5aff2c
2025-08-20T13:31:48.2232912Z INFO  [alembic.runtime.migration] Running upgrade 3e9d5c5aff2c -> 0003_vendor_prices
2025-08-20T13:31:48.2388588Z INFO  [alembic.runtime.migration] Running upgrade 0003_vendor_prices -> 0004_fee_cron
2025-08-20T13:31:48.2467421Z INFO  [alembic.runtime.migration] Running upgrade 0004_fee_cron -> 0006_fix_roi_views
2025-08-20T13:31:48.2501432Z INFO  [alembic.runtime.migration] Running upgrade 0006_fix_roi_views -> 0020_unified_schema
2025-08-20T13:31:48.2628646Z INFO  [alembic.runtime.migration] Running upgrade 0020_unified_schema -> 0022_fix_roi_view
2025-08-20T13:31:48.2703960Z INFO  [alembic.runtime.migration] Running upgrade 0022_fix_roi_view -> 0023_add_storage_fee
2025-08-20T13:31:48.2746644Z INFO  [alembic.runtime.migration] Running upgrade 0023_add_storage_fee -> 0024_create_buybox
2025-08-20T13:31:48.2777575Z INFO  [alembic.runtime.migration] Running upgrade 0024_create_buybox -> 0025_pr4_indexes_loadlog
2025-08-20T13:31:48.3021662Z INFO  [alembic.runtime.migration] Running upgrade 0025_pr4_indexes_loadlog -> 0026_amazon_new_reports
2025-08-20T13:31:48.4136525Z ##[group]Run pytest -q --cov=services --cov-report=xml --cov-fail-under=75
2025-08-20T13:31:48.4137438Z [36;1mpytest -q --cov=services --cov-report=xml --cov-fail-under=75[0m
2025-08-20T13:31:48.4197849Z shell: /usr/bin/bash -e {0}
2025-08-20T13:31:48.4198272Z env:
2025-08-20T13:31:48.4198593Z   REDIS_URL: redis://localhost:6379/0
2025-08-20T13:31:48.4198998Z   RATE_LIMIT_DEFAULT: 100/minute
2025-08-20T13:31:48.4199244Z   TRUST_X_FORWARDED: 1
2025-08-20T13:31:48.4199452Z   PG_USER: postgres
2025-08-20T13:31:48.4199654Z   PG_PASSWORD: pass
2025-08-20T13:31:48.4199838Z   PG_DATABASE: awa
2025-08-20T13:31:48.4200028Z   PG_HOST: localhost
2025-08-20T13:31:48.4200218Z   PG_PORT: 5432
2025-08-20T13:31:48.4200666Z   PG_SYNC_DSN: ***localhost:5432/awa
2025-08-20T13:31:48.4201092Z   PG_ASYNC_DSN: ***localhost:5432/awa
2025-08-20T13:31:48.4201648Z   DATABASE_URL: ***localhost:5432/awa
2025-08-20T13:31:48.4202105Z   DATA_DIR: /home/runner/work/_temp/awa-data
2025-08-20T13:31:48.4202603Z   ENABLE_LIVE: 0
2025-08-20T13:31:48.4203253Z   TESTING: 1
2025-08-20T13:31:48.4203688Z   pythonLocation: /opt/hostedtoolcache/Python/3.12.11/x64
2025-08-20T13:31:48.4204674Z   PKG_CONFIG_PATH: /opt/hostedtoolcache/Python/3.12.11/x64/lib/pkgconfig
2025-08-20T13:31:48.4205408Z   Python_ROOT_DIR: /opt/hostedtoolcache/Python/3.12.11/x64
2025-08-20T13:31:48.4206076Z   Python2_ROOT_DIR: /opt/hostedtoolcache/Python/3.12.11/x64
2025-08-20T13:31:48.4206711Z   Python3_ROOT_DIR: /opt/hostedtoolcache/Python/3.12.11/x64
2025-08-20T13:31:48.4207393Z   LD_LIBRARY_PATH: /opt/hostedtoolcache/Python/3.12.11/x64/lib
2025-08-20T13:31:48.4207962Z   POSTGRES_USER: postgres
2025-08-20T13:31:48.4208368Z   POSTGRES_PASSWORD: pass
2025-08-20T13:31:48.4208756Z   POSTGRES_DB: awa
2025-08-20T13:31:48.4209089Z   LLM_PROVIDER: lan
2025-08-20T13:31:48.4209481Z   LLM_BASE_URL: http://localhost:8000
2025-08-20T13:31:48.4209924Z ##[endgroup]
2025-08-20T13:32:22.0828481Z ........s.............................sssssss........................... [ 41%]
2025-08-20T13:32:54.0383320Z ........................................................................ [ 83%]
2025-08-20T13:32:54.8425016Z .............................
2025-08-20T13:32:54.8427440Z ERROR: Coverage failure: total of 65 is less than fail-under=75
2025-08-20T13:32:55.4327225Z                                                                          [100%]
2025-08-20T13:32:55.4328040Z =============================== warnings summary ===============================
2025-08-20T13:32:55.4328655Z services/alert_bot/tests/test_smoke.py:5
2025-08-20T13:32:55.4331168Z   /home/runner/work/AWA-App/AWA-App/services/alert_bot/tests/test_smoke.py:5: UserWarning: pkg_resources is deprecated as an API. See https://setuptools.pypa.io/en/latest/pkg_resources.html. The pkg_resources package is slated for removal as early as 2025-11-30. Refrain from using this package or pin to Setuptools<81.
2025-08-20T13:32:55.4333156Z     import pkg_resources  # noqa: F401
2025-08-20T13:32:55.4333449Z 
2025-08-20T13:32:55.4333996Z tests/api/test_ingest_endpoints.py: 12 warnings
2025-08-20T13:32:55.4334733Z tests/ingest/test_tasks_eager.py: 3 warnings
2025-08-20T13:32:55.4335192Z tests/test_api_fast.py: 1 warning
2025-08-20T13:32:55.4335567Z tests/test_health.py: 5 warnings
2025-08-20T13:32:55.4335931Z tests/test_smoke.py: 5 warnings
2025-08-20T13:32:55.4336324Z services/api/tests/test_cors.py: 1 warning
2025-08-20T13:32:55.4336811Z services/api/tests/test_errors_json.py: 2 warnings
2025-08-20T13:32:55.4337283Z services/api/tests/test_health.py: 1 warning
2025-08-20T13:32:55.4337831Z services/api/tests/test_rate_limit.py: 122 warnings
2025-08-20T13:32:55.4338428Z services/api/tests/test_roi_basic_auth.py: 4 warnings
2025-08-20T13:32:55.4338934Z services/api/tests/test_sentry_event.py: 1 warning
2025-08-20T13:32:55.4339445Z services/api/tests/test_stats_contracts.py: 3 warnings
2025-08-20T13:32:55.4340029Z services/api/tests/test_stats_future_contracts.py: 3 warnings
2025-08-20T13:32:55.4342575Z   /opt/hostedtoolcache/Python/3.12.11/x64/lib/python3.12/site-packages/asgi_correlation_id/extensions/sentry.py:27: DeprecationWarning: sentry_sdk.configure_scope is deprecated and will be removed in the next major version. Please consult our migration guide to learn how to migrate to the new API: https://docs.sentry.io/platforms/python/migration/1.x-to-2.x#scope-configuring
2025-08-20T13:32:55.4344602Z     with configure_scope() as scope:
2025-08-20T13:32:55.4344826Z 
2025-08-20T13:32:55.4345057Z tests/api/test_ingest_endpoints.py: 3 warnings
2025-08-20T13:32:55.4345444Z tests/test_api_fast.py: 1 warning
2025-08-20T13:32:55.4345726Z tests/test_health.py: 5 warnings
2025-08-20T13:32:55.4345995Z tests/test_smoke.py: 5 warnings
2025-08-20T13:32:55.4346302Z services/api/tests/test_cors.py: 3 warnings
2025-08-20T13:32:55.4346654Z services/api/tests/test_errors_json.py: 2 warnings
2025-08-20T13:32:55.4347099Z Sentry is attempting to send 0 pending events
2025-08-20T13:32:55.4347405Z Waiting up to True seconds
2025-08-20T13:32:55.4347648Z Press Ctrl-C to quit
2025-08-20T13:32:55.4348126Z services/api/tests/test_health.py: 1 warning
2025-08-20T13:32:55.4348482Z services/api/tests/test_rate_limit.py: 2 warnings
2025-08-20T13:32:55.4349145Z services/api/tests/test_sentry_event.py: 1 warning
2025-08-20T13:32:55.4349552Z services/api/tests/test_stats_contracts.py: 3 warnings
2025-08-20T13:32:55.4349984Z services/api/tests/test_stats_future_contracts.py: 1 warning
2025-08-20T13:32:55.4350964Z   /opt/hostedtoolcache/Python/3.12.11/x64/lib/python3.12/site-packages/fastapi_limiter/__init__.py:89: DeprecationWarning: Call to deprecated close. (Use aclose() instead) -- Deprecated since version 5.0.1.
2025-08-20T13:32:55.4351785Z     await cls.redis.close()
2025-08-20T13:32:55.4351940Z 
2025-08-20T13:32:55.4352180Z tests/test_api_fast.py::test_health_endpoint
2025-08-20T13:32:55.4353339Z   /home/runner/work/AWA-App/AWA-App/tests/test_api_fast.py:13: DeprecationWarning: datetime.datetime.utcnow() is deprecated and scheduled for removal in a future version. Use timezone-aware objects to represent datetimes in UTC: datetime.datetime.now(datetime.UTC).
2025-08-20T13:32:55.4354495Z     return datetime.datetime.utcnow()
2025-08-20T13:32:55.4354675Z 
2025-08-20T13:32:55.4354803Z tests/test_api_fast.py: 1 warning
2025-08-20T13:32:55.4355086Z tests/test_health.py: 5 warnings
2025-08-20T13:32:55.4355357Z tests/test_smoke.py: 5 warnings
2025-08-20T13:32:55.4355649Z services/api/tests/test_cors.py: 1 warning
2025-08-20T13:32:55.4355980Z services/api/tests/test_health.py: 1 warning
2025-08-20T13:32:55.4356336Z services/api/tests/test_rate_limit.py: 102 warnings
2025-08-20T13:32:55.4357530Z   /home/runner/work/AWA-App/AWA-App/services/api/routes/health.py:24: DeprecationWarning: datetime.datetime.utcnow() is deprecated and scheduled for removal in a future version. Use timezone-aware objects to represent datetimes in UTC: datetime.datetime.now(datetime.UTC).
2025-08-20T13:32:55.4358638Z     app_now = datetime.utcnow().replace(tzinfo=timezone.utc)
2025-08-20T13:32:55.4358869Z 
2025-08-20T13:32:55.4359012Z tests/test_health.py::test_health[0]
2025-08-20T13:32:55.4359317Z tests/test_health.py::test_health[1]
2025-08-20T13:32:55.4359602Z tests/test_health.py::test_health[2]
2025-08-20T13:32:55.4359883Z tests/test_health.py::test_health[3]
2025-08-20T13:32:55.4360169Z tests/test_health.py::test_health[4]
2025-08-20T13:32:55.4361266Z   /home/runner/work/AWA-App/AWA-App/tests/test_health.py:22: DeprecationWarning: datetime.datetime.utcnow() is deprecated and scheduled for removal in a future version. Use timezone-aware objects to represent datetimes in UTC: datetime.datetime.now(datetime.UTC).
2025-08-20T13:32:55.4362281Z     return datetime.datetime.utcnow()
2025-08-20T13:32:55.4362454Z 
2025-08-20T13:32:55.4362590Z tests/test_smoke.py::test_health[0]
2025-08-20T13:32:55.4362877Z tests/test_smoke.py::test_health[1]
2025-08-20T13:32:55.4363155Z tests/test_smoke.py::test_health[2]
2025-08-20T13:32:55.4363432Z tests/test_smoke.py::test_health[3]
2025-08-20T13:32:55.4364002Z tests/test_smoke.py::test_health[4]
2025-08-20T13:32:55.4365108Z   /home/runner/work/AWA-App/AWA-App/tests/test_smoke.py:32: DeprecationWarning: datetime.datetime.utcnow() is deprecated and scheduled for removal in a future version. Use timezone-aware objects to represent datetimes in UTC: datetime.datetime.now(datetime.UTC).
2025-08-20T13:32:55.4366113Z     return datetime.datetime.utcnow()
2025-08-20T13:32:55.4366290Z 
2025-08-20T13:32:55.4366520Z services/api/tests/test_cors.py::test_cors_simple_get_allowed
2025-08-20T13:32:55.4367777Z   /home/runner/work/AWA-App/AWA-App/services/api/tests/test_cors.py:27: DeprecationWarning: datetime.datetime.utcnow() is deprecated and scheduled for removal in a future version. Use timezone-aware objects to represent datetimes in UTC: datetime.datetime.now(datetime.UTC).
2025-08-20T13:32:55.4368827Z     return datetime.datetime.utcnow()
2025-08-20T13:32:55.4369000Z 
2025-08-20T13:32:55.4369187Z services/api/tests/test_health.py::test_health_route
2025-08-20T13:32:55.4370545Z   /home/runner/work/AWA-App/AWA-App/services/api/tests/test_health.py:14: DeprecationWarning: datetime.datetime.utcnow() is deprecated and scheduled for removal in a future version. Use timezone-aware objects to represent datetimes in UTC: datetime.datetime.now(datetime.UTC).
2025-08-20T13:32:55.4371783Z     return datetime.datetime.utcnow()
2025-08-20T13:32:55.4371953Z 
2025-08-20T13:32:55.4372132Z services/api/tests/test_rate_limit.py: 102 warnings
2025-08-20T13:32:55.4373339Z   /home/runner/work/AWA-App/AWA-App/services/api/tests/test_rate_limit.py:33: DeprecationWarning: datetime.datetime.utcnow() is deprecated and scheduled for removal in a future version. Use timezone-aware objects to represent datetimes in UTC: datetime.datetime.now(datetime.UTC).
2025-08-20T13:32:55.4374578Z     return datetime.datetime.utcnow()
2025-08-20T13:32:55.4374755Z 
2025-08-20T13:32:55.4375092Z services/api/tests/test_sentry_event.py::test_unhandled_exception_is_captured_and_tagged
2025-08-20T13:32:55.4376647Z   /home/runner/work/AWA-App/AWA-App/services/api/tests/test_sentry_event.py:47: SentryHubDeprecationWarning: `sentry_sdk.Hub` is deprecated and will be removed in a future major release. Please consult our 1.x to 2.x migration guide for details on how to migrate `Hub` usage to the new API: https://docs.sentry.io/platforms/python/migration/1.x-to-2.x
2025-08-20T13:32:55.4377872Z     hub = sentry_sdk.Hub.current
2025-08-20T13:32:55.4378026Z 
2025-08-20T13:32:55.4378291Z -- Docs: https://docs.pytest.org/en/stable/how-to/capture-warnings.html
2025-08-20T13:32:55.4378767Z ================================ tests coverage ================================
2025-08-20T13:32:55.4379228Z _______________ coverage: platform linux, python 3.12.11-final-0 _______________
2025-08-20T13:32:55.4379486Z 
2025-08-20T13:32:55.4379636Z Coverage XML written to file coverage.xml
2025-08-20T13:32:55.4380065Z FAIL Required test coverage of 75% not reached. Total coverage: 65.37%
2025-08-20T13:32:55.9918938Z ##[error]Process completed with exit code 1.
2025-08-20T13:32:55.9972704Z ##[group]Run echo "::group::postgres container logs"
2025-08-20T13:32:55.9973092Z [36;1mecho "::group::postgres container logs"[0m
2025-08-20T13:32:55.9973566Z [36;1mdocker logs be3a18d2e0270ad057b545ec961ae1687593034a124bbeed34c71e7d231ccd72 --tail 200[0m
2025-08-20T13:32:55.9974294Z [36;1mecho "::endgroup::"[0m
2025-08-20T13:32:56.0016427Z shell: /usr/bin/bash -e {0}
2025-08-20T13:32:56.0016660Z env:
2025-08-20T13:32:56.0016878Z   REDIS_URL: redis://localhost:6379/0
2025-08-20T13:32:56.0017157Z   RATE_LIMIT_DEFAULT: 100/minute
2025-08-20T13:32:56.0017384Z   TRUST_X_FORWARDED: 1
2025-08-20T13:32:56.0017599Z   PG_USER: postgres
2025-08-20T13:32:56.0017794Z   PG_PASSWORD: pass
2025-08-20T13:32:56.0017975Z   PG_DATABASE: awa
2025-08-20T13:32:56.0018160Z   PG_HOST: localhost
2025-08-20T13:32:56.0018347Z   PG_PORT: 5432
2025-08-20T13:32:56.0018771Z   PG_SYNC_DSN: ***localhost:5432/awa
2025-08-20T13:32:56.0019189Z   PG_ASYNC_DSN: ***localhost:5432/awa
2025-08-20T13:32:56.0019604Z   DATABASE_URL: ***localhost:5432/awa
2025-08-20T13:32:56.0019861Z   DATA_DIR: /tmp/awa-data
2025-08-20T13:32:56.0020071Z   ENABLE_LIVE: 0
2025-08-20T13:32:56.0020255Z   TESTING: 1
2025-08-20T13:32:56.0020501Z   pythonLocation: /opt/hostedtoolcache/Python/3.12.11/x64
2025-08-20T13:32:56.0020928Z   PKG_CONFIG_PATH: /opt/hostedtoolcache/Python/3.12.11/x64/lib/pkgconfig
2025-08-20T13:32:56.0021320Z   Python_ROOT_DIR: /opt/hostedtoolcache/Python/3.12.11/x64
2025-08-20T13:32:56.0021685Z   Python2_ROOT_DIR: /opt/hostedtoolcache/Python/3.12.11/x64
2025-08-20T13:32:56.0022040Z   Python3_ROOT_DIR: /opt/hostedtoolcache/Python/3.12.11/x64
2025-08-20T13:32:56.0022394Z   LD_LIBRARY_PATH: /opt/hostedtoolcache/Python/3.12.11/x64/lib
2025-08-20T13:32:56.0022697Z ##[endgroup]
2025-08-20T13:32:56.0083131Z ##[group]postgres container logs
2025-08-20T13:32:56.0205727Z initdb: warning: enabling "trust" authentication for local connections
2025-08-20T13:32:56.0206837Z The files belonging to this database system will be owned by user "postgres".
2025-08-20T13:32:56.0208010Z This user must also own the server process.
2025-08-20T13:32:56.0208353Z 
2025-08-20T13:32:56.0208800Z The database cluster will be initialized with locale "en_US.utf8".
2025-08-20T13:32:56.0209706Z The default database encoding has accordingly been set to "UTF8".
2025-08-20T13:32:56.0210574Z The default text search configuration will be set to "english".
2025-08-20T13:32:56.0211026Z 
2025-08-20T13:32:56.0211267Z Data page checksums are disabled.
2025-08-20T13:32:56.0211567Z 
2025-08-20T13:32:56.0212064Z fixing permissions on existing directory /var/lib/postgresql/data ... ok
2025-08-20T13:32:56.0212809Z creating subdirectories ... ok
2025-08-20T13:32:56.0213460Z selecting dynamic shared memory implementation ... posix
2025-08-20T13:32:56.0214360Z selecting default max_connections ... 100
2025-08-20T13:32:56.0214960Z selecting default shared_buffers ... 128MB
2025-08-20T13:32:56.0215516Z selecting default time zone ... Etc/UTC
2025-08-20T13:32:56.0216049Z creating configuration files ... ok
2025-08-20T13:32:56.0216563Z running bootstrap script ... ok
2025-08-20T13:32:56.0217153Z performing post-bootstrap initialization ... ok
2025-08-20T13:32:56.0217696Z syncing data to disk ... ok
2025-08-20T13:32:56.0217950Z 
2025-08-20T13:32:56.0217959Z 
2025-08-20T13:32:56.0218298Z Success. You can now start the database server using:
2025-08-20T13:32:56.0218682Z 
2025-08-20T13:32:56.0218963Z     pg_ctl -D /var/lib/postgresql/data -l logfile start
2025-08-20T13:32:56.0220319Z initdb: hint: You can change this by editing pg_hba.conf or using the option -A, or --auth-local and --auth-host, the next time you run initdb.
2025-08-20T13:32:56.0222186Z 2025-08-20 13:30:10.921 UTC [1] LOG:  starting PostgreSQL 15.14 (Debian 15.14-1.pgdg13+1) on x86_64-pc-linux-gnu, compiled by gcc (Debian 14.2.0-19) 14.2.0, 64-bit
2025-08-20T13:32:56.0223496Z 2025-08-20 13:30:10.921 UTC [1] LOG:  listening on IPv4 address "0.0.0.0", port 5432
2025-08-20T13:32:56.0224902Z 2025-08-20 13:30:10.921 UTC [1] LOG:  listening on IPv6 address "::", port 5432
2025-08-20T13:32:56.0226026Z 2025-08-20 13:30:10.922 UTC [1] LOG:  listening on Unix socket "/var/run/postgresql/.s.PGSQL.5432"
2025-08-20T13:32:56.0227133Z 2025-08-20 13:30:10.925 UTC [64] LOG:  database system was shut down at 2025-08-20 13:30:10 UTC
2025-08-20T13:32:56.0228318Z 2025-08-20 13:30:10.930 UTC [1] LOG:  database system is ready to accept connections
2025-08-20T13:32:56.0228611Z 
2025-08-20T13:32:56.0229321Z waiting for server to start....2025-08-20 13:30:10.572 UTC [48] LOG:  starting PostgreSQL 15.14 (Debian 15.14-1.pgdg13+1) on x86_64-pc-linux-gnu, compiled by gcc (Debian 14.2.0-19) 14.2.0, 64-bit
2025-08-20T13:32:56.0230210Z 2025-08-20 13:30:10.572 UTC [48] LOG:  listening on Unix socket "/var/run/postgresql/.s.PGSQL.5432"
2025-08-20T13:32:56.0230824Z 2025-08-20 13:30:10.576 UTC [51] LOG:  database system was shut down at 2025-08-20 13:30:10 UTC
2025-08-20T13:32:56.0231376Z 2025-08-20 13:30:10.580 UTC [48] LOG:  database system is ready to accept connections
2025-08-20T13:32:56.0231713Z  done
2025-08-20T13:32:56.0231887Z server started
2025-08-20T13:32:56.0232072Z CREATE DATABASE
2025-08-20T13:32:56.0232188Z 
2025-08-20T13:32:56.0232195Z 
2025-08-20T13:32:56.0232499Z /usr/local/bin/docker-entrypoint.sh: ignoring /docker-entrypoint-initdb.d/*
2025-08-20T13:32:56.0232819Z 
2025-08-20T13:32:56.0233165Z waiting for server to shut down...2025-08-20 13:30:10.797 UTC [48] LOG:  received fast shutdown request
2025-08-20T13:32:56.0233725Z .2025-08-20 13:30:10.798 UTC [48] LOG:  aborting any active transactions
2025-08-20T13:32:56.0234659Z 2025-08-20 13:30:10.800 UTC [48] LOG:  background worker "logical replication launcher" (PID 54) exited with exit code 1
2025-08-20T13:32:56.0235215Z 2025-08-20 13:30:10.801 UTC [49] LOG:  shutting down
2025-08-20T13:32:56.0235663Z 2025-08-20 13:30:10.801 UTC [49] LOG:  checkpoint starting: shutdown immediate
2025-08-20T13:32:56.0236771Z 2025-08-20 13:30:10.826 UTC [49] LOG:  checkpoint complete: wrote 922 buffers (5.6%); 0 WAL file(s) added, 0 removed, 0 recycled; write=0.018 s, sync=0.003 s, total=0.026 s; sync files=301, longest=0.001 s, average=0.001 s; distance=4239 kB, estimate=4239 kB
2025-08-20T13:32:56.0237874Z 2025-08-20 13:30:10.835 UTC [48] LOG:  database system is shut down
2025-08-20T13:32:56.0238172Z  done
2025-08-20T13:32:56.0238345Z server stopped
2025-08-20T13:32:56.0238459Z 
2025-08-20T13:32:56.0238673Z PostgreSQL init process complete; ready for start up.
2025-08-20T13:32:56.0238894Z 
2025-08-20T13:32:56.0239225Z ##[endgroup]
2025-08-20T13:32:56.0299138Z Post job cleanup.
2025-08-20T13:32:56.1257637Z [command]/usr/bin/git version
2025-08-20T13:32:56.1301816Z git version 2.50.1
2025-08-20T13:32:56.1344587Z Temporarily overriding HOME='/home/runner/work/_temp/2d77411c-4b50-4db3-92f5-fd879dde1d80' before making global git config changes
2025-08-20T13:32:56.1345875Z Adding repository directory to the temporary git global config as a safe directory
2025-08-20T13:32:56.1349813Z [command]/usr/bin/git config --global --add safe.directory /home/runner/work/AWA-App/AWA-App
2025-08-20T13:32:56.1385033Z [command]/usr/bin/git config --local --name-only --get-regexp core\.sshCommand
2025-08-20T13:32:56.1416632Z [command]/usr/bin/git submodule foreach --recursive sh -c "git config --local --name-only --get-regexp 'core\.sshCommand' && git config --local --unset-all 'core.sshCommand' || :"
2025-08-20T13:32:56.1643384Z [command]/usr/bin/git config --local --name-only --get-regexp http\.https\:\/\/github\.com\/\.extraheader
2025-08-20T13:32:56.1665087Z http.https://github.com/.extraheader
2025-08-20T13:32:56.1678287Z [command]/usr/bin/git config --local --unset-all http.https://github.com/.extraheader
2025-08-20T13:32:56.1710189Z [command]/usr/bin/git submodule foreach --recursive sh -c "git config --local --name-only --get-regexp 'http\.https\:\/\/github\.com\/\.extraheader' && git config --local --unset-all 'http.https://github.com/.extraheader' || :"
2025-08-20T13:32:56.2069253Z Print service container logs: f00959051c8c42db8c0f551654e0b57d_postgres15_fa6087
2025-08-20T13:32:56.2075338Z ##[command]/usr/bin/docker logs --details be3a18d2e0270ad057b545ec961ae1687593034a124bbeed34c71e7d231ccd72
2025-08-20T13:32:56.2200538Z  The files belonging to this database system will be owned by user "postgres".
2025-08-20T13:32:56.2201322Z  This user must also own the server process.
2025-08-20T13:32:56.2201848Z  
2025-08-20T13:32:56.2202358Z  The database cluster will be initialized with locale "en_US.utf8".
2025-08-20T13:32:56.2203169Z  The default database encoding has accordingly been set to "UTF8".
2025-08-20T13:32:56.2204102Z  The default text search configuration will be set to "english".
2025-08-20T13:32:56.2204663Z  
2025-08-20T13:32:56.2204962Z  Data page checksums are disabled.
2025-08-20T13:32:56.2205388Z  
2025-08-20T13:32:56.2205885Z  fixing permissions on existing directory /var/lib/postgresql/data ... ok
2025-08-20T13:32:56.2206648Z  creating subdirectories ... ok
2025-08-20T13:32:56.2207171Z  selecting dynamic shared memory implementation ... posix
2025-08-20T13:32:56.2209564Z  initdb: warning: enabling "trust" authentication for local connections
2025-08-20T13:32:56.2210324Z  initdb: hint: You can change this by editing pg_hba.conf or using the option -A, or --auth-local and --auth-host, the next time you run initdb.
2025-08-20T13:32:56.2211175Z  2025-08-20 13:30:10.921 UTC [1] LOG:  starting PostgreSQL 15.14 (Debian 15.14-1.pgdg13+1) on x86_64-pc-linux-gnu, compiled by gcc (Debian 14.2.0-19) 14.2.0, 64-bit
2025-08-20T13:32:56.2211830Z  2025-08-20 13:30:10.921 UTC [1] LOG:  listening on IPv4 address "0.0.0.0", port 5432
2025-08-20T13:32:56.2212255Z  2025-08-20 13:30:10.921 UTC [1] LOG:  listening on IPv6 address "::", port 5432
2025-08-20T13:32:56.2212707Z  2025-08-20 13:30:10.922 UTC [1] LOG:  listening on Unix socket "/var/run/postgresql/.s.PGSQL.5432"
2025-08-20T13:32:56.2213235Z  2025-08-20 13:30:10.925 UTC [64] LOG:  database system was shut down at 2025-08-20 13:30:10 UTC
2025-08-20T13:32:56.2213687Z  2025-08-20 13:30:10.930 UTC [1] LOG:  database system is ready to accept connections
2025-08-20T13:32:56.2214720Z  selecting default max_connections ... 100
2025-08-20T13:32:56.2215006Z  selecting default shared_buffers ... 128MB
2025-08-20T13:32:56.2215277Z  selecting default time zone ... Etc/UTC
2025-08-20T13:32:56.2215541Z  creating configuration files ... ok
2025-08-20T13:32:56.2215797Z  running bootstrap script ... ok
2025-08-20T13:32:56.2216075Z  performing post-bootstrap initialization ... ok
2025-08-20T13:32:56.2216358Z  syncing data to disk ... ok
2025-08-20T13:32:56.2216633Z  
2025-08-20T13:32:56.2217137Z  
2025-08-20T13:32:56.2217497Z  Success. You can now start the database server using:
2025-08-20T13:32:56.2217991Z  
2025-08-20T13:32:56.2218296Z      pg_ctl -D /var/lib/postgresql/data -l logfile start
2025-08-20T13:32:56.2218589Z  
2025-08-20T13:32:56.2219164Z  waiting for server to start....2025-08-20 13:30:10.572 UTC [48] LOG:  starting PostgreSQL 15.14 (Debian 15.14-1.pgdg13+1) on x86_64-pc-linux-gnu, compiled by gcc (Debian 14.2.0-19) 14.2.0, 64-bit
2025-08-20T13:32:56.2219968Z  2025-08-20 13:30:10.572 UTC [48] LOG:  listening on Unix socket "/var/run/postgresql/.s.PGSQL.5432"
2025-08-20T13:32:56.2220479Z  2025-08-20 13:30:10.576 UTC [51] LOG:  database system was shut down at 2025-08-20 13:30:10 UTC
2025-08-20T13:32:56.2220926Z  2025-08-20 13:30:10.580 UTC [48] LOG:  database system is ready to accept connections
2025-08-20T13:32:56.2221256Z   done
2025-08-20T13:32:56.2221419Z  server started
2025-08-20T13:32:56.2221605Z  CREATE DATABASE
2025-08-20T13:32:56.2221780Z  
2025-08-20T13:32:56.2221930Z  
2025-08-20T13:32:56.2222275Z  /usr/local/bin/docker-entrypoint.sh: ignoring /docker-entrypoint-initdb.d/*
2025-08-20T13:32:56.2222651Z  
2025-08-20T13:32:56.2222970Z  waiting for server to shut down...2025-08-20 13:30:10.797 UTC [48] LOG:  received fast shutdown request
2025-08-20T13:32:56.2223700Z  .2025-08-20 13:30:10.798 UTC [48] LOG:  aborting any active transactions
2025-08-20T13:32:56.2224519Z  2025-08-20 13:30:10.800 UTC [48] LOG:  background worker "logical replication launcher" (PID 54) exited with exit code 1
2025-08-20T13:32:56.2225004Z  2025-08-20 13:30:10.801 UTC [49] LOG:  shutting down
2025-08-20T13:32:56.2225345Z  2025-08-20 13:30:10.801 UTC [49] LOG:  checkpoint starting: shutdown immediate
2025-08-20T13:32:56.2226166Z  2025-08-20 13:30:10.826 UTC [49] LOG:  checkpoint complete: wrote 922 buffers (5.6%); 0 WAL file(s) added, 0 removed, 0 recycled; write=0.018 s, sync=0.003 s, total=0.026 s; sync files=301, longest=0.001 s, average=0.001 s; distance=4239 kB, estimate=4239 kB
2025-08-20T13:32:56.2226977Z  2025-08-20 13:30:10.835 UTC [48] LOG:  database system is shut down
2025-08-20T13:32:56.2227266Z   done
2025-08-20T13:32:56.2227433Z  server stopped
2025-08-20T13:32:56.2227608Z  
2025-08-20T13:32:56.2227824Z  PostgreSQL init process complete; ready for start up.
2025-08-20T13:32:56.2228099Z  
2025-08-20T13:32:56.2234235Z Stop and remove container: f00959051c8c42db8c0f551654e0b57d_postgres15_fa6087
2025-08-20T13:32:56.2239400Z ##[command]/usr/bin/docker rm --force be3a18d2e0270ad057b545ec961ae1687593034a124bbeed34c71e7d231ccd72
2025-08-20T13:32:56.3466811Z be3a18d2e0270ad057b545ec961ae1687593034a124bbeed34c71e7d231ccd72
2025-08-20T13:32:56.3487911Z Print service container logs: dbd92cd9b6024a6c909bb5a1bd3601ce_redis7alpine_f5a176
2025-08-20T13:32:56.3489193Z ##[command]/usr/bin/docker logs --details 1b6f03f7e7c1dd027f9c1c9a0d15ac6c5fbdefbe09aa72aeee5e03d0f4a07675
2025-08-20T13:32:56.3614032Z  1:C 20 Aug 2025 13:30:11.071 # WARNING Memory overcommit must be enabled! Without it, a background save or replication may fail under low memory condition. Being disabled, it can also cause failures without low memory condition, see https://github.com/jemalloc/jemalloc/issues/1328. To fix this issue add 'vm.overcommit_memory = 1' to /etc/sysctl.conf and then reboot or run the command 'sysctl vm.overcommit_memory=1' for this to take effect.
2025-08-20T13:32:56.3615806Z  1:C 20 Aug 2025 13:30:11.072 * oO0OoO0OoO0Oo Redis is starting oO0OoO0OoO0Oo
2025-08-20T13:32:56.3616613Z  1:C 20 Aug 2025 13:30:11.072 * Redis version=7.4.5, bits=64, commit=00000000, modified=0, pid=1, just started
2025-08-20T13:32:56.3617317Z  1:C 20 Aug 2025 13:30:11.072 # Warning: no config file specified, using the default config. In order to specify a config file use redis-server /path/to/redis.conf
2025-08-20T13:32:56.3617926Z  1:M 20 Aug 2025 13:30:11.072 * monotonic clock: POSIX clock_gettime
2025-08-20T13:32:56.3618279Z  1:M 20 Aug 2025 13:30:11.072 * Running mode=standalone, port=6379.
2025-08-20T13:32:56.3618599Z  1:M 20 Aug 2025 13:30:11.073 * Server initialized
2025-08-20T13:32:56.3618927Z  1:M 20 Aug 2025 13:30:11.073 * Ready to accept connections tcp
2025-08-20T13:32:56.3628800Z Stop and remove container: dbd92cd9b6024a6c909bb5a1bd3601ce_redis7alpine_f5a176
2025-08-20T13:32:56.3629710Z ##[command]/usr/bin/docker rm --force 1b6f03f7e7c1dd027f9c1c9a0d15ac6c5fbdefbe09aa72aeee5e03d0f4a07675
2025-08-20T13:32:56.4671235Z 1b6f03f7e7c1dd027f9c1c9a0d15ac6c5fbdefbe09aa72aeee5e03d0f4a07675
2025-08-20T13:32:56.4696672Z Remove container network: github_network_6843e76717b844838efc060d60a5e7e0
2025-08-20T13:32:56.4700926Z ##[command]/usr/bin/docker network rm github_network_6843e76717b844838efc060d60a5e7e0
2025-08-20T13:32:56.6146330Z github_network_6843e76717b844838efc060d60a5e7e0
2025-08-20T13:32:56.6206349Z Cleaning up orphan processes
