2025-08-24T21:16:28.9365286Z Current runner version: '2.328.0'
2025-08-24T21:16:28.9388226Z ##[group]Runner Image Provisioner
2025-08-24T21:16:28.9389140Z Hosted Compute Agent
2025-08-24T21:16:28.9389670Z Version: 20250818.377
2025-08-24T21:16:28.9390251Z Commit: 3c593e9f75fe0b87e893bca80d6e12ba089c61fc
2025-08-24T21:16:28.9391062Z Build Date: 2025-08-18T14:52:18Z
2025-08-24T21:16:28.9391613Z ##[endgroup]
2025-08-24T21:16:28.9392130Z ##[group]Operating System
2025-08-24T21:16:28.9392836Z Ubuntu
2025-08-24T21:16:28.9393316Z 24.04.2
2025-08-24T21:16:28.9393746Z LTS
2025-08-24T21:16:28.9394282Z ##[endgroup]
2025-08-24T21:16:28.9394732Z ##[group]Runner Image
2025-08-24T21:16:28.9395271Z Image: ubuntu-24.04
2025-08-24T21:16:28.9395997Z Version: 20250818.1.0
2025-08-24T21:16:28.9397049Z Included Software: https://github.com/actions/runner-images/blob/ubuntu24/20250818.1/images/ubuntu/Ubuntu2404-Readme.md
2025-08-24T21:16:28.9398552Z Image Release: https://github.com/actions/runner-images/releases/tag/ubuntu24%2F20250818.1
2025-08-24T21:16:28.9399640Z ##[endgroup]
2025-08-24T21:16:28.9402124Z ##[group]GITHUB_TOKEN Permissions
2025-08-24T21:16:28.9404048Z Actions: write
2025-08-24T21:16:28.9404577Z Attestations: write
2025-08-24T21:16:28.9405198Z Checks: write
2025-08-24T21:16:28.9406048Z Contents: write
2025-08-24T21:16:28.9406559Z Deployments: write
2025-08-24T21:16:28.9407119Z Discussions: write
2025-08-24T21:16:28.9407602Z Issues: write
2025-08-24T21:16:28.9408089Z Metadata: read
2025-08-24T21:16:28.9408557Z Models: read
2025-08-24T21:16:28.9409116Z Packages: write
2025-08-24T21:16:28.9409588Z Pages: write
2025-08-24T21:16:28.9410066Z PullRequests: write
2025-08-24T21:16:28.9410628Z RepositoryProjects: write
2025-08-24T21:16:28.9411196Z SecurityEvents: write
2025-08-24T21:16:28.9411853Z Statuses: write
2025-08-24T21:16:28.9412387Z ##[endgroup]
2025-08-24T21:16:28.9414379Z Secret source: Actions
2025-08-24T21:16:28.9415049Z Prepare workflow directory
2025-08-24T21:16:28.9846413Z Prepare all required actions
2025-08-24T21:16:28.9883291Z Getting action download info
2025-08-24T21:16:29.4491823Z Download action repository 'actions/checkout@v5' (SHA:08c6903cd8c0fde910a37f88322edcfb5dd907a8)
2025-08-24T21:16:29.6311978Z Download action repository 'actions/setup-python@v5' (SHA:a26af69be951a213d495a4c3e4e4022e16d87065)
2025-08-24T21:16:29.7088914Z Download action repository 'actions/cache@v4' (SHA:0400d5f644dc74513175e3cd8d07132dd4860809)
2025-08-24T21:16:29.8706698Z Download action repository 'actions/setup-node@v4' (SHA:49933ea5288caeca8642d1e84afbd3f7d6820020)
2025-08-24T21:16:29.9954629Z Download action repository 'codecov/codecov-action@v5' (SHA:fdcc8476540edceab3de004e990f80d881c6cc00)
2025-08-24T21:16:30.6238458Z Getting action download info
2025-08-24T21:16:30.7827438Z Download action repository 'actions/github-script@60a0d83039c74a4aee543508d2ffcb1c3799cdea' (SHA:60a0d83039c74a4aee543508d2ffcb1c3799cdea)
2025-08-24T21:16:31.6311874Z Complete job name: test
2025-08-24T21:16:31.6874850Z ##[group]Checking docker version
2025-08-24T21:16:31.6887530Z ##[command]/usr/bin/docker version --format '{{.Server.APIVersion}}'
2025-08-24T21:16:31.8026508Z '1.48'
2025-08-24T21:16:31.8038601Z Docker daemon API version: '1.48'
2025-08-24T21:16:31.8039157Z ##[command]/usr/bin/docker version --format '{{.Client.APIVersion}}'
2025-08-24T21:16:31.8189421Z '1.48'
2025-08-24T21:16:31.8202018Z Docker client API version: '1.48'
2025-08-24T21:16:31.8208009Z ##[endgroup]
2025-08-24T21:16:31.8210641Z ##[group]Clean up resources from previous jobs
2025-08-24T21:16:31.8215929Z ##[command]/usr/bin/docker ps --all --quiet --no-trunc --filter "label=deb965"
2025-08-24T21:16:31.8347979Z ##[command]/usr/bin/docker network prune --force --filter "label=deb965"
2025-08-24T21:16:31.8504862Z ##[endgroup]
2025-08-24T21:16:31.8505257Z ##[group]Create local container network
2025-08-24T21:16:31.8515263Z ##[command]/usr/bin/docker network create --label deb965 github_network_d13ffa6c06214458948fca868e7b18db
2025-08-24T21:16:31.9023705Z 3f8ec6e2dbdf34f23223fdb3400e602466912ccd209941064571ffe8c93f7bc4
2025-08-24T21:16:31.9042293Z ##[endgroup]
2025-08-24T21:16:31.9066494Z ##[group]Starting postgres service container
2025-08-24T21:16:31.9084799Z ##[command]/usr/bin/docker pull postgres:15
2025-08-24T21:16:32.7509072Z 15: Pulling from library/postgres
2025-08-24T21:16:32.9733474Z 396b1da7636e: Pulling fs layer
2025-08-24T21:16:32.9734995Z fca2566eba32: Pulling fs layer
2025-08-24T21:16:32.9735843Z 631fe8c6d606: Pulling fs layer
2025-08-24T21:16:32.9736338Z 77c7671c4414: Pulling fs layer
2025-08-24T21:16:32.9736703Z 2d9e29180a27: Pulling fs layer
2025-08-24T21:16:32.9736936Z c6bcc2c9a041: Pulling fs layer
2025-08-24T21:16:32.9737211Z ac4b721eb66f: Pulling fs layer
2025-08-24T21:16:32.9737587Z 606bd164980e: Pulling fs layer
2025-08-24T21:16:32.9738073Z f5dfd246bc6e: Pulling fs layer
2025-08-24T21:16:32.9738453Z ba7036bb0a60: Pulling fs layer
2025-08-24T21:16:32.9738841Z 799f859abbbd: Pulling fs layer
2025-08-24T21:16:32.9739263Z d903e777080c: Pulling fs layer
2025-08-24T21:16:32.9739643Z 04adcb462801: Pulling fs layer
2025-08-24T21:16:32.9740031Z 5c10925b29ff: Pulling fs layer
2025-08-24T21:16:32.9740375Z 77c7671c4414: Waiting
2025-08-24T21:16:32.9740677Z 2d9e29180a27: Waiting
2025-08-24T21:16:32.9740978Z c6bcc2c9a041: Waiting
2025-08-24T21:16:32.9741271Z ac4b721eb66f: Waiting
2025-08-24T21:16:32.9741568Z 606bd164980e: Waiting
2025-08-24T21:16:32.9741863Z f5dfd246bc6e: Waiting
2025-08-24T21:16:32.9742164Z ba7036bb0a60: Waiting
2025-08-24T21:16:32.9742422Z 799f859abbbd: Waiting
2025-08-24T21:16:32.9742598Z d903e777080c: Waiting
2025-08-24T21:16:32.9742768Z 04adcb462801: Waiting
2025-08-24T21:16:32.9742941Z 5c10925b29ff: Waiting
2025-08-24T21:16:33.4490764Z fca2566eba32: Verifying Checksum
2025-08-24T21:16:33.4491413Z fca2566eba32: Download complete
2025-08-24T21:16:33.7788505Z 631fe8c6d606: Verifying Checksum
2025-08-24T21:16:33.7789201Z 631fe8c6d606: Download complete
2025-08-24T21:16:33.9136184Z 396b1da7636e: Download complete
2025-08-24T21:16:34.1201087Z 77c7671c4414: Verifying Checksum
2025-08-24T21:16:34.1201647Z 77c7671c4414: Download complete
2025-08-24T21:16:34.3068467Z 2d9e29180a27: Download complete
2025-08-24T21:16:34.5383583Z ac4b721eb66f: Verifying Checksum
2025-08-24T21:16:34.5386607Z ac4b721eb66f: Download complete
2025-08-24T21:16:34.6334958Z c6bcc2c9a041: Verifying Checksum
2025-08-24T21:16:34.6335717Z c6bcc2c9a041: Download complete
2025-08-24T21:16:34.7521450Z 606bd164980e: Verifying Checksum
2025-08-24T21:16:34.7523190Z 606bd164980e: Download complete
2025-08-24T21:16:34.8375827Z 396b1da7636e: Pull complete
2025-08-24T21:16:34.9414220Z fca2566eba32: Pull complete
2025-08-24T21:16:35.0602975Z ba7036bb0a60: Verifying Checksum
2025-08-24T21:16:35.0603437Z ba7036bb0a60: Download complete
2025-08-24T21:16:35.0812195Z 799f859abbbd: Download complete
2025-08-24T21:16:35.1307858Z 631fe8c6d606: Pull complete
2025-08-24T21:16:35.1816476Z 77c7671c4414: Pull complete
2025-08-24T21:16:35.4531848Z d903e777080c: Verifying Checksum
2025-08-24T21:16:35.4533598Z d903e777080c: Download complete
2025-08-24T21:16:35.5255229Z 2d9e29180a27: Pull complete
2025-08-24T21:16:35.5522080Z 04adcb462801: Verifying Checksum
2025-08-24T21:16:35.5523052Z 04adcb462801: Download complete
2025-08-24T21:16:35.6452726Z c6bcc2c9a041: Pull complete
2025-08-24T21:16:35.6597996Z ac4b721eb66f: Pull complete
2025-08-24T21:16:35.6762022Z 606bd164980e: Pull complete
2025-08-24T21:16:35.8841209Z 5c10925b29ff: Verifying Checksum
2025-08-24T21:16:35.8841836Z 5c10925b29ff: Download complete
2025-08-24T21:16:36.7944211Z f5dfd246bc6e: Verifying Checksum
2025-08-24T21:16:36.7944717Z f5dfd246bc6e: Download complete
2025-08-24T21:16:39.7275702Z f5dfd246bc6e: Pull complete
2025-08-24T21:16:39.7452049Z ba7036bb0a60: Pull complete
2025-08-24T21:16:39.7592998Z 799f859abbbd: Pull complete
2025-08-24T21:16:39.7746948Z d903e777080c: Pull complete
2025-08-24T21:16:39.7871285Z 04adcb462801: Pull complete
2025-08-24T21:16:39.7991958Z 5c10925b29ff: Pull complete
2025-08-24T21:16:39.8034939Z Digest: sha256:bc51cf4f1fe02cce7ed2370b20128a9b00b4eb804573a77d2a0d877aaa9c82b1
2025-08-24T21:16:39.8051424Z Status: Downloaded newer image for postgres:15
2025-08-24T21:16:39.8063162Z docker.io/library/postgres:15
2025-08-24T21:16:39.8123737Z ##[command]/usr/bin/docker create --name f0a4559f331f40cf8679d8d34eb6e082_postgres15_469b5a --label deb965 --network github_network_d13ffa6c06214458948fca868e7b18db --network-alias postgres -p 5432:5432 --health-cmd="pg_isready -U postgres -d awa" --health-interval=5s --health-timeout=5s --health-retries=10 -e "POSTGRES_USER=postgres" -e "POSTGRES_PASSWORD=pass" -e "POSTGRES_DB=awa" -e GITHUB_ACTIONS=true -e CI=true postgres:15
2025-08-24T21:16:39.8403264Z a6e716ab5259503ef3cd2a1a19725095412dcd885b619a20c9a120e6df403fce
2025-08-24T21:16:39.8424636Z ##[command]/usr/bin/docker start a6e716ab5259503ef3cd2a1a19725095412dcd885b619a20c9a120e6df403fce
2025-08-24T21:16:40.1530370Z a6e716ab5259503ef3cd2a1a19725095412dcd885b619a20c9a120e6df403fce
2025-08-24T21:16:40.1551505Z ##[command]/usr/bin/docker ps --all --filter id=a6e716ab5259503ef3cd2a1a19725095412dcd885b619a20c9a120e6df403fce --filter status=running --no-trunc --format "{{.ID}} {{.Status}}"
2025-08-24T21:16:40.1680772Z a6e716ab5259503ef3cd2a1a19725095412dcd885b619a20c9a120e6df403fce Up Less than a second (health: starting)
2025-08-24T21:16:40.1703605Z ##[command]/usr/bin/docker port a6e716ab5259503ef3cd2a1a19725095412dcd885b619a20c9a120e6df403fce
2025-08-24T21:16:40.1871159Z 5432/tcp -> 0.0.0.0:5432
2025-08-24T21:16:40.1871690Z 5432/tcp -> [::]:5432
2025-08-24T21:16:40.1924292Z ##[endgroup]
2025-08-24T21:16:40.1925156Z ##[group]Starting redis service container
2025-08-24T21:16:40.1926420Z ##[command]/usr/bin/docker pull redis:7-alpine
2025-08-24T21:16:40.9999215Z 7-alpine: Pulling from library/redis
2025-08-24T21:16:41.2185161Z 0368fd46e3c6: Pulling fs layer
2025-08-24T21:16:41.2185784Z 4c55286bbede: Pulling fs layer
2025-08-24T21:16:41.2186176Z 5e28347af205: Pulling fs layer
2025-08-24T21:16:41.2186493Z 311eca34042e: Pulling fs layer
2025-08-24T21:16:41.2186761Z e6fe6f07e192: Pulling fs layer
2025-08-24T21:16:41.2187070Z a2cadbfeca72: Pulling fs layer
2025-08-24T21:16:41.2187437Z 4f4fb700ef54: Pulling fs layer
2025-08-24T21:16:41.2187754Z a976ed7e7808: Pulling fs layer
2025-08-24T21:16:41.2188123Z e6fe6f07e192: Waiting
2025-08-24T21:16:41.2188409Z a2cadbfeca72: Waiting
2025-08-24T21:16:41.2188737Z 4f4fb700ef54: Waiting
2025-08-24T21:16:41.2188998Z a976ed7e7808: Waiting
2025-08-24T21:16:41.2189200Z 311eca34042e: Waiting
2025-08-24T21:16:41.5670187Z 5e28347af205: Verifying Checksum
2025-08-24T21:16:41.5670743Z 5e28347af205: Download complete
2025-08-24T21:16:41.5916486Z 4c55286bbede: Verifying Checksum
2025-08-24T21:16:41.5917046Z 4c55286bbede: Download complete
2025-08-24T21:16:41.9659908Z 311eca34042e: Verifying Checksum
2025-08-24T21:16:41.9660402Z 311eca34042e: Download complete
2025-08-24T21:16:41.9940110Z 0368fd46e3c6: Verifying Checksum
2025-08-24T21:16:41.9941007Z 0368fd46e3c6: Download complete
2025-08-24T21:16:42.0936237Z 0368fd46e3c6: Pull complete
2025-08-24T21:16:42.1194741Z 4c55286bbede: Pull complete
2025-08-24T21:16:42.2566683Z 5e28347af205: Pull complete
2025-08-24T21:16:42.2660988Z 4f4fb700ef54: Verifying Checksum
2025-08-24T21:16:42.2661586Z 4f4fb700ef54: Download complete
2025-08-24T21:16:42.2888094Z 311eca34042e: Pull complete
2025-08-24T21:16:42.4117510Z a2cadbfeca72: Download complete
2025-08-24T21:16:42.5668499Z a976ed7e7808: Verifying Checksum
2025-08-24T21:16:42.5669022Z a976ed7e7808: Download complete
2025-08-24T21:16:42.5763913Z e6fe6f07e192: Verifying Checksum
2025-08-24T21:16:42.5764416Z e6fe6f07e192: Download complete
2025-08-24T21:16:42.7589828Z e6fe6f07e192: Pull complete
2025-08-24T21:16:42.7704239Z a2cadbfeca72: Pull complete
2025-08-24T21:16:42.7813658Z 4f4fb700ef54: Pull complete
2025-08-24T21:16:42.7963740Z a976ed7e7808: Pull complete
2025-08-24T21:16:42.8001477Z Digest: sha256:bb186d083732f669da90be8b0f975a37812b15e913465bb14d845db72a4e3e08
2025-08-24T21:16:42.8012895Z Status: Downloaded newer image for redis:7-alpine
2025-08-24T21:16:42.8023428Z docker.io/library/redis:7-alpine
2025-08-24T21:16:42.8039656Z ##[command]/usr/bin/docker create --name 74c8e5e457cb45a1b2c3d29432ce821e_redis7alpine_5a5245 --label deb965 --network github_network_d13ffa6c06214458948fca868e7b18db --network-alias redis -p 6379:6379  -e GITHUB_ACTIONS=true -e CI=true redis:7-alpine
2025-08-24T21:16:42.8296884Z 297ee8e152d85fb3a7148ebbd59588fbf08ba9e8ef043a69e65daebab0aa4575
2025-08-24T21:16:42.8311437Z ##[command]/usr/bin/docker start 297ee8e152d85fb3a7148ebbd59588fbf08ba9e8ef043a69e65daebab0aa4575
2025-08-24T21:16:42.9624501Z 297ee8e152d85fb3a7148ebbd59588fbf08ba9e8ef043a69e65daebab0aa4575
2025-08-24T21:16:42.9641515Z ##[command]/usr/bin/docker ps --all --filter id=297ee8e152d85fb3a7148ebbd59588fbf08ba9e8ef043a69e65daebab0aa4575 --filter status=running --no-trunc --format "{{.ID}} {{.Status}}"
2025-08-24T21:16:42.9761869Z 297ee8e152d85fb3a7148ebbd59588fbf08ba9e8ef043a69e65daebab0aa4575 Up Less than a second
2025-08-24T21:16:42.9776438Z ##[command]/usr/bin/docker port 297ee8e152d85fb3a7148ebbd59588fbf08ba9e8ef043a69e65daebab0aa4575
2025-08-24T21:16:42.9881998Z 6379/tcp -> 0.0.0.0:6379
2025-08-24T21:16:42.9882352Z 6379/tcp -> [::]:6379
2025-08-24T21:16:42.9894816Z ##[endgroup]
2025-08-24T21:16:42.9905353Z ##[group]Waiting for all services to be ready
2025-08-24T21:16:42.9918754Z ##[command]/usr/bin/docker inspect --format="{{if .Config.Healthcheck}}{{print .State.Health.Status}}{{end}}" a6e716ab5259503ef3cd2a1a19725095412dcd885b619a20c9a120e6df403fce
2025-08-24T21:16:43.0024167Z starting
2025-08-24T21:16:43.0044006Z postgres service is starting, waiting 2 seconds before checking again.
2025-08-24T21:16:45.0039579Z ##[command]/usr/bin/docker inspect --format="{{if .Config.Healthcheck}}{{print .State.Health.Status}}{{end}}" a6e716ab5259503ef3cd2a1a19725095412dcd885b619a20c9a120e6df403fce
2025-08-24T21:16:45.0157787Z starting
2025-08-24T21:16:45.0171439Z postgres service is starting, waiting 4 seconds before checking again.
2025-08-24T21:16:49.3430710Z ##[command]/usr/bin/docker inspect --format="{{if .Config.Healthcheck}}{{print .State.Health.Status}}{{end}}" a6e716ab5259503ef3cd2a1a19725095412dcd885b619a20c9a120e6df403fce
2025-08-24T21:16:49.3561089Z healthy
2025-08-24T21:16:49.3578944Z postgres service is healthy.
2025-08-24T21:16:49.3579708Z ##[command]/usr/bin/docker inspect --format="{{if .Config.Healthcheck}}{{print .State.Health.Status}}{{end}}" 297ee8e152d85fb3a7148ebbd59588fbf08ba9e8ef043a69e65daebab0aa4575
2025-08-24T21:16:49.3741854Z redis service is healthy.
2025-08-24T21:16:49.3742526Z ##[endgroup]
2025-08-24T21:16:49.3984123Z ##[group]Run actions/checkout@v5
2025-08-24T21:16:49.3984652Z with:
2025-08-24T21:16:49.3984830Z   fetch-depth: 0
2025-08-24T21:16:49.3985046Z   repository: AlexBomber12/AWA-App
2025-08-24T21:16:49.3985565Z   token: ***
2025-08-24T21:16:49.3985846Z   ssh-strict: true
2025-08-24T21:16:49.3986027Z   ssh-user: git
2025-08-24T21:16:49.3986212Z   persist-credentials: true
2025-08-24T21:16:49.3986424Z   clean: true
2025-08-24T21:16:49.3986605Z   sparse-checkout-cone-mode: true
2025-08-24T21:16:49.3986847Z   fetch-tags: false
2025-08-24T21:16:49.3987025Z   show-progress: true
2025-08-24T21:16:49.3987212Z   lfs: false
2025-08-24T21:16:49.3987373Z   submodules: false
2025-08-24T21:16:49.3987561Z   set-safe-directory: true
2025-08-24T21:16:49.3987978Z env:
2025-08-24T21:16:49.3988190Z   REDIS_URL: redis://localhost:6379/0
2025-08-24T21:16:49.3988445Z   RATE_LIMIT_DEFAULT: 100/minute
2025-08-24T21:16:49.3988654Z   TRUST_X_FORWARDED: 1
2025-08-24T21:16:49.3988839Z ##[endgroup]
2025-08-24T21:16:49.4901651Z Syncing repository: AlexBomber12/AWA-App
2025-08-24T21:16:49.4902877Z ##[group]Getting Git version info
2025-08-24T21:16:49.4903247Z Working directory is '/home/runner/work/AWA-App/AWA-App'
2025-08-24T21:16:49.4903740Z [command]/usr/bin/git version
2025-08-24T21:16:49.5021383Z git version 2.51.0
2025-08-24T21:16:49.5042139Z ##[endgroup]
2025-08-24T21:16:49.5057922Z Temporarily overriding HOME='/home/runner/work/_temp/fe85f932-1cd2-42c8-8bbe-5fd033e66d4d' before making global git config changes
2025-08-24T21:16:49.5059543Z Adding repository directory to the temporary git global config as a safe directory
2025-08-24T21:16:49.5063525Z [command]/usr/bin/git config --global --add safe.directory /home/runner/work/AWA-App/AWA-App
2025-08-24T21:16:49.5101387Z Deleting the contents of '/home/runner/work/AWA-App/AWA-App'
2025-08-24T21:16:49.5104896Z ##[group]Initializing the repository
2025-08-24T21:16:49.5109873Z [command]/usr/bin/git init /home/runner/work/AWA-App/AWA-App
2025-08-24T21:16:49.5260766Z hint: Using 'master' as the name for the initial branch. This default branch name
2025-08-24T21:16:49.5261528Z hint: is subject to change. To configure the initial branch name to use in all
2025-08-24T21:16:49.5261979Z hint: of your new repositories, which will suppress this warning, call:
2025-08-24T21:16:49.5262300Z hint:
2025-08-24T21:16:49.5262737Z hint: 	git config --global init.defaultBranch <name>
2025-08-24T21:16:49.5263013Z hint:
2025-08-24T21:16:49.5263273Z hint: Names commonly chosen instead of 'master' are 'main', 'trunk' and
2025-08-24T21:16:49.5263719Z hint: 'development'. The just-created branch can be renamed via this command:
2025-08-24T21:16:49.5264038Z hint:
2025-08-24T21:16:49.5264211Z hint: 	git branch -m <name>
2025-08-24T21:16:49.5264455Z hint:
2025-08-24T21:16:49.5264992Z hint: Disable this message with "git config set advice.defaultBranchName false"
2025-08-24T21:16:49.5266269Z Initialized empty Git repository in /home/runner/work/AWA-App/AWA-App/.git/
2025-08-24T21:16:49.5275837Z [command]/usr/bin/git remote add origin https://github.com/AlexBomber12/AWA-App
2025-08-24T21:16:49.5313873Z ##[endgroup]
2025-08-24T21:16:49.5314315Z ##[group]Disabling automatic garbage collection
2025-08-24T21:16:49.5318878Z [command]/usr/bin/git config --local gc.auto 0
2025-08-24T21:16:49.5347192Z ##[endgroup]
2025-08-24T21:16:49.5347785Z ##[group]Setting up auth
2025-08-24T21:16:49.5353929Z [command]/usr/bin/git config --local --name-only --get-regexp core\.sshCommand
2025-08-24T21:16:49.5383476Z [command]/usr/bin/git submodule foreach --recursive sh -c "git config --local --name-only --get-regexp 'core\.sshCommand' && git config --local --unset-all 'core.sshCommand' || :"
2025-08-24T21:16:49.5756841Z [command]/usr/bin/git config --local --name-only --get-regexp http\.https\:\/\/github\.com\/\.extraheader
2025-08-24T21:16:49.5787352Z [command]/usr/bin/git submodule foreach --recursive sh -c "git config --local --name-only --get-regexp 'http\.https\:\/\/github\.com\/\.extraheader' && git config --local --unset-all 'http.https://github.com/.extraheader' || :"
2025-08-24T21:16:49.6003484Z [command]/usr/bin/git config --local http.https://github.com/.extraheader AUTHORIZATION: basic ***
2025-08-24T21:16:49.6037483Z ##[endgroup]
2025-08-24T21:16:49.6037847Z ##[group]Fetching the repository
2025-08-24T21:16:49.6047030Z [command]/usr/bin/git -c protocol.version=2 fetch --prune --no-recurse-submodules origin +refs/heads/*:refs/remotes/origin/* +refs/tags/*:refs/tags/* +335b261bb97e98cf4540e4bc4b89608c0cc1bea7:refs/remotes/pull/360/merge
2025-08-24T21:16:53.4031839Z From https://github.com/AlexBomber12/AWA-App
2025-08-24T21:16:53.4032955Z  * [new branch]        codex/analyze-ci-logs-and-fix-failures   -> origin/codex/analyze-ci-logs-and-fix-failures
2025-08-24T21:16:53.4046581Z  * [new branch]        codex/fix-ci-workflows-to-pass-all-tests -> origin/codex/fix-ci-workflows-to-pass-all-tests
2025-08-24T21:16:53.4047807Z  * [new branch]        codex/fix-ci-workflows-to-pass-tests     -> origin/codex/fix-ci-workflows-to-pass-tests
2025-08-24T21:16:53.4048878Z  * [new branch]        codex/fix-ci-workflows-until-green       -> origin/codex/fix-ci-workflows-until-green
2025-08-24T21:16:53.4050006Z  * [new branch]        codex/harden-docker-compose-health-checks -> origin/codex/harden-docker-compose-health-checks
2025-08-24T21:16:53.4050897Z  * [new branch]        codex/harden-microservice-startup-and-fix-health-checks -> origin/codex/harden-microservice-startup-and-fix-health-checks
2025-08-24T21:16:53.4051696Z  * [new branch]        codex/implement-targeted-ci-fixes        -> origin/codex/implement-targeted-ci-fixes
2025-08-24T21:16:53.4052635Z  * [new branch]        codex/implement-targeted-ci-fixes-for-success -> origin/codex/implement-targeted-ci-fixes-for-success
2025-08-24T21:16:53.4053433Z  * [new branch]        codex/improve-service-reliability-in-gh-actions -> origin/codex/improve-service-reliability-in-gh-actions
2025-08-24T21:16:53.4054308Z  * [new branch]        codex/improve-service-reliability-in-gh-actions-jeu4m3 -> origin/codex/improve-service-reliability-in-gh-actions-jeu4m3
2025-08-24T21:16:53.4054967Z  * [new branch]        main                                     -> origin/main
2025-08-24T21:16:53.4055312Z  * [new tag]           0.3.0                                    -> 0.3.0
2025-08-24T21:16:53.4055845Z  * [new ref]           335b261bb97e98cf4540e4bc4b89608c0cc1bea7 -> pull/360/merge
2025-08-24T21:16:53.4093822Z ##[endgroup]
2025-08-24T21:16:53.4094455Z ##[group]Determining the checkout info
2025-08-24T21:16:53.4095820Z ##[endgroup]
2025-08-24T21:16:53.4102585Z [command]/usr/bin/git sparse-checkout disable
2025-08-24T21:16:53.4148070Z [command]/usr/bin/git config --local --unset-all extensions.worktreeConfig
2025-08-24T21:16:53.4173253Z ##[group]Checking out the ref
2025-08-24T21:16:53.4178235Z [command]/usr/bin/git checkout --progress --force refs/remotes/pull/360/merge
2025-08-24T21:16:53.4485344Z Note: switching to 'refs/remotes/pull/360/merge'.
2025-08-24T21:16:53.4486026Z 
2025-08-24T21:16:53.4486604Z You are in 'detached HEAD' state. You can look around, make experimental
2025-08-24T21:16:53.4487175Z changes and commit them, and you can discard any commits you make in this
2025-08-24T21:16:53.4487702Z state without impacting any branches by switching back to a branch.
2025-08-24T21:16:53.4488017Z 
2025-08-24T21:16:53.4488231Z If you want to create a new branch to retain commits you create, you may
2025-08-24T21:16:53.4488746Z do so (now or later) by using -c with the switch command. Example:
2025-08-24T21:16:53.4489042Z 
2025-08-24T21:16:53.4489160Z   git switch -c <new-branch-name>
2025-08-24T21:16:53.4489358Z 
2025-08-24T21:16:53.4489473Z Or undo this operation with:
2025-08-24T21:16:53.4489714Z 
2025-08-24T21:16:53.4489805Z   git switch -
2025-08-24T21:16:53.4489942Z 
2025-08-24T21:16:53.4490181Z Turn off this advice by setting config variable advice.detachedHead to false
2025-08-24T21:16:53.4490519Z 
2025-08-24T21:16:53.4491394Z HEAD is now at 335b261b Merge 52476a92a76829af1d670226b555d7b1ea7c56b7 into dfca26bf636c1c66afdcb41e7ce08d93c6ae02db
2025-08-24T21:16:53.4496576Z ##[endgroup]
2025-08-24T21:16:53.4532026Z [command]/usr/bin/git log -1 --format=%H
2025-08-24T21:16:53.4554372Z 335b261bb97e98cf4540e4bc4b89608c0cc1bea7
2025-08-24T21:16:53.4741108Z ##[group]Run cat .env.ci >> "$GITHUB_ENV"
2025-08-24T21:16:53.4741453Z [36;1mcat .env.ci >> "$GITHUB_ENV"[0m
2025-08-24T21:16:53.4742116Z [36;1mecho "DATABASE_URL=***localhost:5432/awa" >> "$GITHUB_ENV"[0m
2025-08-24T21:16:53.4742468Z [36;1mecho "PG_HOST=localhost" >> "$GITHUB_ENV"[0m
2025-08-24T21:16:53.4742763Z [36;1mecho "PG_PORT=5432" >> "$GITHUB_ENV"[0m
2025-08-24T21:16:53.4743042Z [36;1mecho "PG_USER=postgres" >> "$GITHUB_ENV"[0m
2025-08-24T21:16:53.4743319Z [36;1mecho "PG_PASSWORD=pass" >> "$GITHUB_ENV"[0m
2025-08-24T21:16:53.4743584Z [36;1mecho "PG_DATABASE=awa" >> "$GITHUB_ENV"[0m
2025-08-24T21:16:53.4743844Z [36;1mecho "TESTING=1" >> "$GITHUB_ENV"[0m
2025-08-24T21:16:53.4785676Z shell: /usr/bin/bash -e {0}
2025-08-24T21:16:53.4785910Z env:
2025-08-24T21:16:53.4786113Z   REDIS_URL: redis://localhost:6379/0
2025-08-24T21:16:53.4786363Z   RATE_LIMIT_DEFAULT: 100/minute
2025-08-24T21:16:53.4786575Z   TRUST_X_FORWARDED: 1
2025-08-24T21:16:53.4786806Z ##[endgroup]
2025-08-24T21:16:53.4940337Z ##[group]Run actions/setup-python@v5
2025-08-24T21:16:53.4940621Z with:
2025-08-24T21:16:53.4940800Z   python-version: 3.12
2025-08-24T21:16:53.4940993Z   cache: pip
2025-08-24T21:16:53.4941779Z   cache-dependency-path: requirements-dev.txt
services/etl/requirements.txt
services/api/requirements.txt
services/repricer/requirements.txt
services/fees_h10/requirements.txt
services/alert_bot/requirements.txt

2025-08-24T21:16:53.4942797Z   check-latest: false
2025-08-24T21:16:53.4943143Z   token: ***
2025-08-24T21:16:53.4943333Z   update-environment: true
2025-08-24T21:16:53.4943546Z   allow-prereleases: false
2025-08-24T21:16:53.4943752Z   freethreaded: false
2025-08-24T21:16:53.4943930Z env:
2025-08-24T21:16:53.4944121Z   REDIS_URL: redis://localhost:6379/0
2025-08-24T21:16:53.4944367Z   RATE_LIMIT_DEFAULT: 100/minute
2025-08-24T21:16:53.4944587Z   TRUST_X_FORWARDED: 1
2025-08-24T21:16:53.4944778Z   PG_USER: postgres
2025-08-24T21:16:53.4945025Z   PG_PASSWORD: pass
2025-08-24T21:16:53.4945248Z   PG_DATABASE: awa
2025-08-24T21:16:53.4945644Z   PG_HOST: localhost
2025-08-24T21:16:53.4945828Z   PG_PORT: 5432
2025-08-24T21:16:53.4946216Z   PG_SYNC_DSN: ***localhost:5432/awa
2025-08-24T21:16:53.4946598Z   PG_ASYNC_DSN: ***localhost:5432/awa
2025-08-24T21:16:53.4946999Z   DATABASE_URL: ***localhost:5432/awa
2025-08-24T21:16:53.4947226Z   DATA_DIR: /tmp/awa-data
2025-08-24T21:16:53.4947422Z   ENABLE_LIVE: 0
2025-08-24T21:16:53.4947591Z   TESTING: 1
2025-08-24T21:16:53.4947748Z ##[endgroup]
2025-08-24T21:16:53.6577384Z ##[group]Installed versions
2025-08-24T21:16:53.6681484Z Successfully set up CPython (3.12.11)
2025-08-24T21:16:53.6681927Z ##[endgroup]
2025-08-24T21:16:53.7153807Z [command]/opt/hostedtoolcache/Python/3.12.11/x64/bin/pip cache dir
2025-08-24T21:16:55.8806897Z /home/runner/.cache/pip
2025-08-24T21:16:56.1307636Z Cache hit for: setup-python-Linux-x64-24.04-Ubuntu-python-3.12.11-pip-b5b6d1c49e5c2b3f48d0c0d757e5ca86260a9628cadb47cfb996cbe1a8fdf115
2025-08-24T21:16:57.4115315Z Received 4194304 of 389895199 (1.1%), 4.0 MBs/sec
2025-08-24T21:16:58.4118652Z Received 125829120 of 389895199 (32.3%), 60.0 MBs/sec
2025-08-24T21:16:59.4130327Z Received 234881024 of 389895199 (60.2%), 74.6 MBs/sec
2025-08-24T21:17:00.4215810Z Received 364904448 of 389895199 (93.6%), 87.0 MBs/sec
2025-08-24T21:17:00.6399614Z Received 389895199 of 389895199 (100.0%), 87.9 MBs/sec
2025-08-24T21:17:00.6400913Z Cache Size: ~372 MB (389895199 B)
2025-08-24T21:17:00.6440137Z [command]/usr/bin/tar -xf /home/runner/work/_temp/452befd2-4b6f-48d5-80c1-936751b8f02f/cache.tzst -P -C /home/runner/work/AWA-App/AWA-App --use-compress-program unzstd
2025-08-24T21:17:01.2550971Z Cache restored successfully
2025-08-24T21:17:01.3283794Z Cache restored from key: setup-python-Linux-x64-24.04-Ubuntu-python-3.12.11-pip-b5b6d1c49e5c2b3f48d0c0d757e5ca86260a9628cadb47cfb996cbe1a8fdf115
2025-08-24T21:17:01.3990249Z ##[group]Run actions/cache@v4
2025-08-24T21:17:01.3990584Z with:
2025-08-24T21:17:01.3990816Z   path: ~/.cache/pip
.pytest_cache
~/.ruff_cache

2025-08-24T21:17:01.3991247Z   key: Linux-test-cc13ccef493b9f3a93ad5651164d9fb09282c1111f6f72ce20e0657de16de6b4
2025-08-24T21:17:01.3991651Z   restore-keys: Linux-test-
2025-08-24T21:17:01.3991882Z   enableCrossOsArchive: false
2025-08-24T21:17:01.3992110Z   fail-on-cache-miss: false
2025-08-24T21:17:01.3992339Z   lookup-only: false
2025-08-24T21:17:01.3992551Z   save-always: false
2025-08-24T21:17:01.3992735Z env:
2025-08-24T21:17:01.3992938Z   REDIS_URL: redis://localhost:6379/0
2025-08-24T21:17:01.3993193Z   RATE_LIMIT_DEFAULT: 100/minute
2025-08-24T21:17:01.3993414Z   TRUST_X_FORWARDED: 1
2025-08-24T21:17:01.3993611Z   PG_USER: postgres
2025-08-24T21:17:01.3993793Z   PG_PASSWORD: pass
2025-08-24T21:17:01.3993974Z   PG_DATABASE: awa
2025-08-24T21:17:01.3994157Z   PG_HOST: localhost
2025-08-24T21:17:01.3994334Z   PG_PORT: 5432
2025-08-24T21:17:01.3995017Z   PG_SYNC_DSN: ***localhost:5432/awa
2025-08-24T21:17:01.3995716Z   PG_ASYNC_DSN: ***localhost:5432/awa
2025-08-24T21:17:01.3996117Z   DATABASE_URL: ***localhost:5432/awa
2025-08-24T21:17:01.3996351Z   DATA_DIR: /tmp/awa-data
2025-08-24T21:17:01.3996554Z   ENABLE_LIVE: 0
2025-08-24T21:17:01.3996732Z   TESTING: 1
2025-08-24T21:17:01.3996971Z   pythonLocation: /opt/hostedtoolcache/Python/3.12.11/x64
2025-08-24T21:17:01.3998093Z   PKG_CONFIG_PATH: /opt/hostedtoolcache/Python/3.12.11/x64/lib/pkgconfig
2025-08-24T21:17:01.3998485Z   Python_ROOT_DIR: /opt/hostedtoolcache/Python/3.12.11/x64
2025-08-24T21:17:01.3998847Z   Python2_ROOT_DIR: /opt/hostedtoolcache/Python/3.12.11/x64
2025-08-24T21:17:01.3999197Z   Python3_ROOT_DIR: /opt/hostedtoolcache/Python/3.12.11/x64
2025-08-24T21:17:01.3999538Z   LD_LIBRARY_PATH: /opt/hostedtoolcache/Python/3.12.11/x64/lib
2025-08-24T21:17:01.3999826Z ##[endgroup]
2025-08-24T21:17:01.7499358Z Cache hit for: Linux-test-cc13ccef493b9f3a93ad5651164d9fb09282c1111f6f72ce20e0657de16de6b4
2025-08-24T21:17:03.4154695Z Received 0 of 376058925 (0.0%), 0.0 MBs/sec
2025-08-24T21:17:04.4158383Z Received 75497472 of 376058925 (20.1%), 36.0 MBs/sec
2025-08-24T21:17:05.4160868Z Received 188743680 of 376058925 (50.2%), 60.0 MBs/sec
2025-08-24T21:17:06.4172190Z Received 264241152 of 376058925 (70.3%), 63.0 MBs/sec
2025-08-24T21:17:07.4171000Z Received 335544320 of 376058925 (89.2%), 64.0 MBs/sec
2025-08-24T21:17:08.4174758Z Received 371864621 of 376058925 (98.9%), 59.1 MBs/sec
2025-08-24T21:17:08.6110245Z Received 376058925 of 376058925 (100.0%), 57.9 MBs/sec
2025-08-24T21:17:08.6112381Z Cache Size: ~359 MB (376058925 B)
2025-08-24T21:17:08.6156241Z [command]/usr/bin/tar -xf /home/runner/work/_temp/0b81b695-6fa3-4e2b-a5db-b6da0f8a11c2/cache.tzst -P -C /home/runner/work/AWA-App/AWA-App --use-compress-program unzstd
2025-08-24T21:17:09.2528816Z Cache restored successfully
2025-08-24T21:17:09.3318253Z Cache restored from key: Linux-test-cc13ccef493b9f3a93ad5651164d9fb09282c1111f6f72ce20e0657de16de6b4
2025-08-24T21:17:09.3442494Z ##[group]Run pip install --break-system-packages -r services/etl/requirements.txt
2025-08-24T21:17:09.3443078Z [36;1mpip install --break-system-packages -r services/etl/requirements.txt[0m
2025-08-24T21:17:09.3443561Z [36;1mpip install --break-system-packages -r services/api/requirements.txt[0m
2025-08-24T21:17:09.3444053Z [36;1mpip install --break-system-packages -r services/repricer/requirements.txt[0m
2025-08-24T21:17:09.3444606Z [36;1mpip install --break-system-packages -r services/fees_h10/requirements.txt[0m
2025-08-24T21:17:09.3445096Z [36;1mpip install --break-system-packages -r services/alert_bot/requirements.txt[0m
2025-08-24T21:17:09.3445785Z [36;1mpip install --break-system-packages -r requirements-dev.txt[0m
2025-08-24T21:17:09.3446162Z [36;1mpip install --break-system-packages asyncpg[0m
2025-08-24T21:17:09.3446483Z [36;1mpip install --break-system-packages pytest[0m
2025-08-24T21:17:09.3446880Z [36;1mpip install --break-system-packages keepa==1.3.15 minio==7.1.15[0m
2025-08-24T21:17:09.3487676Z shell: /usr/bin/bash -e {0}
2025-08-24T21:17:09.3487915Z env:
2025-08-24T21:17:09.3488130Z   REDIS_URL: redis://localhost:6379/0
2025-08-24T21:17:09.3488403Z   RATE_LIMIT_DEFAULT: 100/minute
2025-08-24T21:17:09.3488637Z   TRUST_X_FORWARDED: 1
2025-08-24T21:17:09.3488835Z   PG_USER: postgres
2025-08-24T21:17:09.3489034Z   PG_PASSWORD: pass
2025-08-24T21:17:09.3489221Z   PG_DATABASE: awa
2025-08-24T21:17:09.3489419Z   PG_HOST: localhost
2025-08-24T21:17:09.3489610Z   PG_PORT: 5432
2025-08-24T21:17:09.3490053Z   PG_SYNC_DSN: ***localhost:5432/awa
2025-08-24T21:17:09.3490508Z   PG_ASYNC_DSN: ***localhost:5432/awa
2025-08-24T21:17:09.3490892Z   DATABASE_URL: ***localhost:5432/awa
2025-08-24T21:17:09.3491131Z   DATA_DIR: /tmp/awa-data
2025-08-24T21:17:09.3491339Z   ENABLE_LIVE: 0
2025-08-24T21:17:09.3491518Z   TESTING: 1
2025-08-24T21:17:09.3491758Z   pythonLocation: /opt/hostedtoolcache/Python/3.12.11/x64
2025-08-24T21:17:09.3492163Z   PKG_CONFIG_PATH: /opt/hostedtoolcache/Python/3.12.11/x64/lib/pkgconfig
2025-08-24T21:17:09.3492550Z   Python_ROOT_DIR: /opt/hostedtoolcache/Python/3.12.11/x64
2025-08-24T21:17:09.3492902Z   Python2_ROOT_DIR: /opt/hostedtoolcache/Python/3.12.11/x64
2025-08-24T21:17:09.3493249Z   Python3_ROOT_DIR: /opt/hostedtoolcache/Python/3.12.11/x64
2025-08-24T21:17:09.3493601Z   LD_LIBRARY_PATH: /opt/hostedtoolcache/Python/3.12.11/x64/lib
2025-08-24T21:17:09.3494075Z ##[endgroup]
2025-08-24T21:17:11.3032879Z Collecting keepa==1.3.14 (from -r services/etl/requirements.txt (line 1))
2025-08-24T21:17:11.3046028Z   Using cached keepa-1.3.14-py3-none-any.whl.metadata (10 kB)
2025-08-24T21:17:11.3687396Z Collecting minio==7.1.15 (from -r services/etl/requirements.txt (line 2))
2025-08-24T21:17:11.3699504Z   Using cached minio-7.1.15-py3-none-any.whl.metadata (4.2 kB)
2025-08-24T21:17:11.4407330Z Collecting celery==5.3.* (from -r services/etl/requirements.txt (line 3))
2025-08-24T21:17:11.4419090Z   Using cached celery-5.3.6-py3-none-any.whl.metadata (21 kB)
2025-08-24T21:17:11.5231395Z Collecting redis==5.* (from -r services/etl/requirements.txt (line 4))
2025-08-24T21:17:11.5243054Z   Using cached redis-5.3.1-py3-none-any.whl.metadata (9.2 kB)
2025-08-24T21:17:11.6662318Z Collecting python-amazon-sp-api==0.8.0 (from -r services/etl/requirements.txt (line 5))
2025-08-24T21:17:11.6674372Z   Using cached python_amazon_sp_api-0.8.0-py3-none-any.whl.metadata (3.2 kB)
2025-08-24T21:17:11.7251273Z Collecting pydantic-settings==2.2.1 (from -r services/etl/requirements.txt (line 6))
2025-08-24T21:17:11.7262964Z   Using cached pydantic_settings-2.2.1-py3-none-any.whl.metadata (3.1 kB)
2025-08-24T21:17:11.9277945Z Collecting numpy<2 (from -r services/etl/requirements.txt (line 7))
2025-08-24T21:17:11.9291248Z   Using cached numpy-1.26.4-cp312-cp312-manylinux_2_17_x86_64.manylinux2014_x86_64.whl.metadata (61 kB)
2025-08-24T21:17:12.1713937Z Collecting pandas==2.2.* (from -r services/etl/requirements.txt (line 8))
2025-08-24T21:17:12.1727659Z   Using cached pandas-2.2.3-cp312-cp312-manylinux_2_17_x86_64.manylinux2014_x86_64.whl.metadata (89 kB)
2025-08-24T21:17:12.2688927Z Collecting pandera==0.19.* (from -r services/etl/requirements.txt (line 9))
2025-08-24T21:17:12.2700793Z   Using cached pandera-0.19.3-py3-none-any.whl.metadata (15 kB)
2025-08-24T21:17:12.3275198Z Collecting openpyxl==3.1.* (from -r services/etl/requirements.txt (line 10))
2025-08-24T21:17:12.3287055Z   Using cached openpyxl-3.1.5-py2.py3-none-any.whl.metadata (2.5 kB)
2025-08-24T21:17:12.3829631Z Collecting psycopg==3.2.9 (from psycopg[binary]==3.2.9->-r services/etl/requirements.txt (line 11))
2025-08-24T21:17:12.3841356Z   Using cached psycopg-3.2.9-py3-none-any.whl.metadata (4.5 kB)
2025-08-24T21:17:12.4824228Z Collecting psycopg2-binary==2.9.* (from -r services/etl/requirements.txt (line 12))
2025-08-24T21:17:12.4836303Z   Using cached psycopg2_binary-2.9.10-cp312-cp312-manylinux_2_17_x86_64.manylinux2014_x86_64.whl.metadata (4.9 kB)
2025-08-24T21:17:12.5677294Z Collecting sentry-sdk==2.9.0 (from -r services/etl/requirements.txt (line 13))
2025-08-24T21:17:12.5688886Z   Using cached sentry_sdk-2.9.0-py2.py3-none-any.whl.metadata (14 kB)
2025-08-24T21:17:12.6661805Z Collecting requests>=2.2 (from keepa==1.3.14->-r services/etl/requirements.txt (line 1))
2025-08-24T21:17:12.6672953Z   Using cached requests-2.32.5-py3-none-any.whl.metadata (4.9 kB)
2025-08-24T21:17:12.7360930Z Collecting tqdm (from keepa==1.3.14->-r services/etl/requirements.txt (line 1))
2025-08-24T21:17:12.7372320Z   Using cached tqdm-4.67.1-py3-none-any.whl.metadata (57 kB)
2025-08-24T21:17:13.2606469Z Collecting aiohttp (from keepa==1.3.14->-r services/etl/requirements.txt (line 1))
2025-08-24T21:17:13.2620115Z   Using cached aiohttp-3.12.15-cp312-cp312-manylinux_2_17_x86_64.manylinux2014_x86_64.whl.metadata (7.7 kB)
2025-08-24T21:17:13.4126449Z Collecting pydantic (from keepa==1.3.14->-r services/etl/requirements.txt (line 1))
2025-08-24T21:17:13.4138231Z   Using cached pydantic-2.11.7-py3-none-any.whl.metadata (67 kB)
2025-08-24T21:17:13.4706161Z Collecting certifi (from minio==7.1.15->-r services/etl/requirements.txt (line 2))
2025-08-24T21:17:13.4717446Z   Using cached certifi-2025.8.3-py3-none-any.whl.metadata (2.4 kB)
2025-08-24T21:17:13.5298135Z Collecting urllib3 (from minio==7.1.15->-r services/etl/requirements.txt (line 2))
2025-08-24T21:17:13.5309340Z   Using cached urllib3-2.5.0-py3-none-any.whl.metadata (6.5 kB)
2025-08-24T21:17:13.5790572Z Collecting six<2,>=1.15 (from python-amazon-sp-api==0.8.0->-r services/etl/requirements.txt (line 5))
2025-08-24T21:17:13.5801282Z   Using cached six-1.17.0-py2.py3-none-any.whl.metadata (1.7 kB)
2025-08-24T21:17:14.0394532Z Collecting boto3<2,>=1.16.39 (from python-amazon-sp-api==0.8.0->-r services/etl/requirements.txt (line 5))
2025-08-24T21:17:14.0407649Z   Using cached boto3-1.40.16-py3-none-any.whl.metadata (6.7 kB)
2025-08-24T21:17:14.0931261Z Collecting cachetools~=4.2.0 (from python-amazon-sp-api==0.8.0->-r services/etl/requirements.txt (line 5))
2025-08-24T21:17:14.0943508Z   Using cached cachetools-4.2.4-py3-none-any.whl.metadata (4.8 kB)
2025-08-24T21:17:14.2095166Z Collecting pycryptodome (from python-amazon-sp-api==0.8.0->-r services/etl/requirements.txt (line 5))
2025-08-24T21:17:14.2109576Z   Using cached pycryptodome-3.23.0-cp37-abi3-manylinux_2_17_x86_64.manylinux2014_x86_64.whl.metadata (3.4 kB)
2025-08-24T21:17:14.2796518Z Collecting pytz (from python-amazon-sp-api==0.8.0->-r services/etl/requirements.txt (line 5))
2025-08-24T21:17:14.2807864Z   Using cached pytz-2025.2-py2.py3-none-any.whl.metadata (22 kB)
2025-08-24T21:17:14.3273093Z Collecting confuse~=1.4.0 (from python-amazon-sp-api==0.8.0->-r services/etl/requirements.txt (line 5))
2025-08-24T21:17:14.3284531Z   Using cached confuse-1.4.0-py2.py3-none-any.whl.metadata (3.8 kB)
2025-08-24T21:17:14.3891506Z Collecting python-dotenv>=0.21.0 (from pydantic-settings==2.2.1->-r services/etl/requirements.txt (line 6))
2025-08-24T21:17:14.3902952Z   Using cached python_dotenv-1.1.1-py3-none-any.whl.metadata (24 kB)
2025-08-24T21:17:14.4434623Z Collecting typing-extensions>=4.6 (from psycopg==3.2.9->psycopg[binary]==3.2.9->-r services/etl/requirements.txt (line 11))
2025-08-24T21:17:14.4446234Z   Using cached typing_extensions-4.14.1-py3-none-any.whl.metadata (3.0 kB)
2025-08-24T21:17:14.6267934Z Collecting psycopg-binary==3.2.9 (from psycopg[binary]==3.2.9->-r services/etl/requirements.txt (line 11))
2025-08-24T21:17:14.6281153Z   Using cached psycopg_binary-3.2.9-cp312-cp312-manylinux_2_17_x86_64.manylinux2014_x86_64.whl.metadata (2.9 kB)
2025-08-24T21:17:14.6825200Z Collecting billiard<5.0,>=4.2.0 (from celery==5.3.*->-r services/etl/requirements.txt (line 3))
2025-08-24T21:17:14.6837020Z   Using cached billiard-4.2.1-py3-none-any.whl.metadata (4.4 kB)
2025-08-24T21:17:14.7280481Z Collecting click-didyoumean>=0.3.0 (from celery==5.3.*->-r services/etl/requirements.txt (line 3))
2025-08-24T21:17:14.7292069Z   Using cached click_didyoumean-0.3.1-py3-none-any.whl.metadata (3.9 kB)
2025-08-24T21:17:14.7749906Z Collecting click-plugins>=1.1.1 (from celery==5.3.*->-r services/etl/requirements.txt (line 3))
2025-08-24T21:17:14.7761439Z   Using cached click_plugins-1.1.1.2-py2.py3-none-any.whl.metadata (6.5 kB)
2025-08-24T21:17:14.8217438Z Collecting click-repl>=0.2.0 (from celery==5.3.*->-r services/etl/requirements.txt (line 3))
2025-08-24T21:17:14.8228925Z   Using cached click_repl-0.3.0-py3-none-any.whl.metadata (3.6 kB)
2025-08-24T21:17:14.8784639Z Collecting click<9.0,>=8.1.2 (from celery==5.3.*->-r services/etl/requirements.txt (line 3))
2025-08-24T21:17:14.8796523Z   Using cached click-8.2.1-py3-none-any.whl.metadata (2.5 kB)
2025-08-24T21:17:14.9422392Z Collecting kombu<6.0,>=5.3.4 (from celery==5.3.*->-r services/etl/requirements.txt (line 3))
2025-08-24T21:17:14.9433871Z   Using cached kombu-5.5.4-py3-none-any.whl.metadata (3.5 kB)
2025-08-24T21:17:14.9965026Z Collecting python-dateutil>=2.8.2 (from celery==5.3.*->-r services/etl/requirements.txt (line 3))
2025-08-24T21:17:14.9977076Z   Using cached python_dateutil-2.9.0.post0-py2.py3-none-any.whl.metadata (8.4 kB)
2025-08-24T21:17:15.0449620Z Collecting tzdata>=2022.7 (from celery==5.3.*->-r services/etl/requirements.txt (line 3))
2025-08-24T21:17:15.0461422Z   Using cached tzdata-2025.2-py2.py3-none-any.whl.metadata (1.4 kB)
2025-08-24T21:17:15.0918630Z Collecting vine<6.0,>=5.1.0 (from celery==5.3.*->-r services/etl/requirements.txt (line 3))
2025-08-24T21:17:15.0930321Z   Using cached vine-5.1.0-py3-none-any.whl.metadata (2.7 kB)
2025-08-24T21:17:15.1449156Z Collecting PyJWT>=2.9.0 (from redis==5.*->-r services/etl/requirements.txt (line 4))
2025-08-24T21:17:15.1460755Z   Using cached PyJWT-2.10.1-py3-none-any.whl.metadata (4.0 kB)
2025-08-24T21:17:15.2672487Z Collecting multimethod<=1.10.0 (from pandera==0.19.*->-r services/etl/requirements.txt (line 9))
2025-08-24T21:17:15.2684103Z   Using cached multimethod-1.10-py3-none-any.whl.metadata (8.2 kB)
2025-08-24T21:17:15.3284429Z Collecting packaging>=20.0 (from pandera==0.19.*->-r services/etl/requirements.txt (line 9))
2025-08-24T21:17:15.3296029Z   Using cached packaging-25.0-py3-none-any.whl.metadata (3.3 kB)
2025-08-24T21:17:15.3944213Z Collecting typeguard (from pandera==0.19.*->-r services/etl/requirements.txt (line 9))
2025-08-24T21:17:15.3956073Z   Using cached typeguard-4.4.4-py3-none-any.whl.metadata (3.3 kB)
2025-08-24T21:17:15.4434090Z Collecting typing-inspect>=0.6.0 (from pandera==0.19.*->-r services/etl/requirements.txt (line 9))
2025-08-24T21:17:15.4445811Z   Using cached typing_inspect-0.9.0-py3-none-any.whl.metadata (1.5 kB)
2025-08-24T21:17:15.5787792Z Collecting wrapt (from pandera==0.19.*->-r services/etl/requirements.txt (line 9))
2025-08-24T21:17:15.5801356Z   Using cached wrapt-1.17.3-cp312-cp312-manylinux1_x86_64.manylinux_2_28_x86_64.manylinux_2_5_x86_64.whl.metadata (6.4 kB)
2025-08-24T21:17:15.6278950Z Collecting et-xmlfile (from openpyxl==3.1.*->-r services/etl/requirements.txt (line 10))
2025-08-24T21:17:15.6291362Z   Using cached et_xmlfile-2.0.0-py3-none-any.whl.metadata (2.7 kB)
2025-08-24T21:17:16.0316674Z Collecting botocore<1.41.0,>=1.40.16 (from boto3<2,>=1.16.39->python-amazon-sp-api==0.8.0->-r services/etl/requirements.txt (line 5))
2025-08-24T21:17:16.0329048Z   Using cached botocore-1.40.16-py3-none-any.whl.metadata (5.7 kB)
2025-08-24T21:17:16.0806970Z Collecting jmespath<2.0.0,>=0.7.1 (from boto3<2,>=1.16.39->python-amazon-sp-api==0.8.0->-r services/etl/requirements.txt (line 5))
2025-08-24T21:17:16.0817840Z   Using cached jmespath-1.0.1-py3-none-any.whl.metadata (7.6 kB)
2025-08-24T21:17:16.1368748Z Collecting s3transfer<0.14.0,>=0.13.0 (from boto3<2,>=1.16.39->python-amazon-sp-api==0.8.0->-r services/etl/requirements.txt (line 5))
2025-08-24T21:17:16.1380361Z   Using cached s3transfer-0.13.1-py3-none-any.whl.metadata (1.7 kB)
2025-08-24T21:17:16.2222681Z Collecting pyyaml (from confuse~=1.4.0->python-amazon-sp-api==0.8.0->-r services/etl/requirements.txt (line 5))
2025-08-24T21:17:16.2235600Z   Using cached PyYAML-6.0.2-cp312-cp312-manylinux_2_17_x86_64.manylinux2014_x86_64.whl.metadata (2.1 kB)
2025-08-24T21:17:16.2798662Z Collecting amqp<6.0.0,>=5.1.1 (from kombu<6.0,>=5.3.4->celery==5.3.*->-r services/etl/requirements.txt (line 3))
2025-08-24T21:17:16.2810113Z   Using cached amqp-5.3.1-py3-none-any.whl.metadata (8.9 kB)
2025-08-24T21:17:16.5343694Z Collecting prompt-toolkit>=3.0.36 (from click-repl>=0.2.0->celery==5.3.*->-r services/etl/requirements.txt (line 3))
2025-08-24T21:17:16.5355590Z   Using cached prompt_toolkit-3.0.51-py3-none-any.whl.metadata (6.4 kB)
2025-08-24T21:17:16.5859943Z Collecting wcwidth (from prompt-toolkit>=3.0.36->click-repl>=0.2.0->celery==5.3.*->-r services/etl/requirements.txt (line 3))
2025-08-24T21:17:16.5871066Z   Using cached wcwidth-0.2.13-py2.py3-none-any.whl.metadata (14 kB)
2025-08-24T21:17:16.6339751Z Collecting annotated-types>=0.6.0 (from pydantic->keepa==1.3.14->-r services/etl/requirements.txt (line 1))
2025-08-24T21:17:16.6351090Z   Using cached annotated_types-0.7.0-py3-none-any.whl.metadata (15 kB)
2025-08-24T21:17:17.3246553Z Collecting pydantic-core==2.33.2 (from pydantic->keepa==1.3.14->-r services/etl/requirements.txt (line 1))
2025-08-24T21:17:17.3259767Z   Using cached pydantic_core-2.33.2-cp312-cp312-manylinux_2_17_x86_64.manylinux2014_x86_64.whl.metadata (6.8 kB)
2025-08-24T21:17:17.3776700Z Collecting typing-inspection>=0.4.0 (from pydantic->keepa==1.3.14->-r services/etl/requirements.txt (line 1))
2025-08-24T21:17:17.3788058Z   Using cached typing_inspection-0.4.1-py3-none-any.whl.metadata (2.6 kB)
2025-08-24T21:17:17.5003470Z Collecting charset_normalizer<4,>=2 (from requests>=2.2->keepa==1.3.14->-r services/etl/requirements.txt (line 1))
2025-08-24T21:17:17.5015087Z   Using cached charset_normalizer-3.4.3-cp312-cp312-manylinux2014_x86_64.manylinux_2_17_x86_64.manylinux_2_28_x86_64.whl.metadata (36 kB)
2025-08-24T21:17:17.5523863Z Collecting idna<4,>=2.5 (from requests>=2.2->keepa==1.3.14->-r services/etl/requirements.txt (line 1))
2025-08-24T21:17:17.5535167Z   Using cached idna-3.10-py3-none-any.whl.metadata (10 kB)
2025-08-24T21:17:17.6259158Z Collecting mypy-extensions>=0.3.0 (from typing-inspect>=0.6.0->pandera==0.19.*->-r services/etl/requirements.txt (line 9))
2025-08-24T21:17:17.6270229Z   Using cached mypy_extensions-1.1.0-py3-none-any.whl.metadata (1.1 kB)
2025-08-24T21:17:17.6913599Z Collecting aiohappyeyeballs>=2.5.0 (from aiohttp->keepa==1.3.14->-r services/etl/requirements.txt (line 1))
2025-08-24T21:17:17.6925598Z   Using cached aiohappyeyeballs-2.6.1-py3-none-any.whl.metadata (5.9 kB)
2025-08-24T21:17:17.7360576Z Collecting aiosignal>=1.4.0 (from aiohttp->keepa==1.3.14->-r services/etl/requirements.txt (line 1))
2025-08-24T21:17:17.7372218Z   Using cached aiosignal-1.4.0-py3-none-any.whl.metadata (3.7 kB)
2025-08-24T21:17:17.7898436Z Collecting attrs>=17.3.0 (from aiohttp->keepa==1.3.14->-r services/etl/requirements.txt (line 1))
2025-08-24T21:17:17.7909559Z   Using cached attrs-25.3.0-py3-none-any.whl.metadata (10 kB)
2025-08-24T21:17:17.8919486Z Collecting frozenlist>=1.1.1 (from aiohttp->keepa==1.3.14->-r services/etl/requirements.txt (line 1))
2025-08-24T21:17:17.8931466Z   Using cached frozenlist-1.7.0-cp312-cp312-manylinux_2_5_x86_64.manylinux1_x86_64.manylinux_2_17_x86_64.manylinux2014_x86_64.whl.metadata (18 kB)
2025-08-24T21:17:18.2211402Z Collecting multidict<7.0,>=4.5 (from aiohttp->keepa==1.3.14->-r services/etl/requirements.txt (line 1))
2025-08-24T21:17:18.2224349Z   Using cached multidict-6.6.4-cp312-cp312-manylinux2014_x86_64.manylinux_2_17_x86_64.manylinux_2_28_x86_64.whl.metadata (5.3 kB)
2025-08-24T21:17:18.2993357Z Collecting propcache>=0.2.0 (from aiohttp->keepa==1.3.14->-r services/etl/requirements.txt (line 1))
2025-08-24T21:17:18.3004850Z   Using cached propcache-0.3.2-cp312-cp312-manylinux_2_17_x86_64.manylinux2014_x86_64.whl.metadata (12 kB)
2025-08-24T21:17:18.5672904Z Collecting yarl<2.0,>=1.17.0 (from aiohttp->keepa==1.3.14->-r services/etl/requirements.txt (line 1))
2025-08-24T21:17:18.5685241Z   Using cached yarl-1.20.1-cp312-cp312-manylinux_2_17_x86_64.manylinux2014_x86_64.whl.metadata (73 kB)
2025-08-24T21:17:18.6307652Z Using cached keepa-1.3.14-py3-none-any.whl (33 kB)
2025-08-24T21:17:18.6319168Z Using cached minio-7.1.15-py3-none-any.whl (77 kB)
2025-08-24T21:17:18.6332283Z Using cached python_amazon_sp_api-0.8.0-py3-none-any.whl (93 kB)
2025-08-24T21:17:18.6343684Z Using cached pydantic_settings-2.2.1-py3-none-any.whl (13 kB)
2025-08-24T21:17:18.6355714Z Using cached psycopg-3.2.9-py3-none-any.whl (202 kB)
2025-08-24T21:17:18.6369600Z Using cached sentry_sdk-2.9.0-py2.py3-none-any.whl (301 kB)
2025-08-24T21:17:18.6384007Z Using cached psycopg_binary-3.2.9-cp312-cp312-manylinux_2_17_x86_64.manylinux2014_x86_64.whl (4.4 MB)
2025-08-24T21:17:18.6427814Z Using cached celery-5.3.6-py3-none-any.whl (422 kB)
2025-08-24T21:17:18.6442663Z Using cached redis-5.3.1-py3-none-any.whl (272 kB)
2025-08-24T21:17:18.6455788Z Using cached numpy-1.26.4-cp312-cp312-manylinux_2_17_x86_64.manylinux2014_x86_64.whl (18.0 MB)
2025-08-24T21:17:18.6597483Z Using cached pandas-2.2.3-cp312-cp312-manylinux_2_17_x86_64.manylinux2014_x86_64.whl (12.7 MB)
2025-08-24T21:17:18.6699721Z Using cached pandera-0.19.3-py3-none-any.whl (251 kB)
2025-08-24T21:17:18.6711902Z Using cached openpyxl-3.1.5-py2.py3-none-any.whl (250 kB)
2025-08-24T21:17:18.6725545Z Using cached psycopg2_binary-2.9.10-cp312-cp312-manylinux_2_17_x86_64.manylinux2014_x86_64.whl (3.0 MB)
2025-08-24T21:17:18.6758383Z Using cached billiard-4.2.1-py3-none-any.whl (86 kB)
2025-08-24T21:17:18.6770427Z Using cached boto3-1.40.16-py3-none-any.whl (140 kB)
2025-08-24T21:17:18.6782473Z Using cached botocore-1.40.16-py3-none-any.whl (14.0 MB)
2025-08-24T21:17:18.6892596Z Using cached cachetools-4.2.4-py3-none-any.whl (10 kB)
2025-08-24T21:17:18.6904540Z Using cached click-8.2.1-py3-none-any.whl (102 kB)
2025-08-24T21:17:18.6916325Z Using cached confuse-1.4.0-py2.py3-none-any.whl (21 kB)
2025-08-24T21:17:18.6927649Z Using cached jmespath-1.0.1-py3-none-any.whl (20 kB)
2025-08-24T21:17:18.6954119Z Using cached kombu-5.5.4-py3-none-any.whl (210 kB)
2025-08-24T21:17:18.6954789Z Using cached vine-5.1.0-py3-none-any.whl (9.6 kB)
2025-08-24T21:17:18.6962375Z Using cached amqp-5.3.1-py3-none-any.whl (50 kB)
2025-08-24T21:17:18.6973528Z Using cached multimethod-1.10-py3-none-any.whl (9.9 kB)
2025-08-24T21:17:18.6984861Z Using cached python_dateutil-2.9.0.post0-py2.py3-none-any.whl (229 kB)
2025-08-24T21:17:18.6997703Z Using cached s3transfer-0.13.1-py3-none-any.whl (85 kB)
2025-08-24T21:17:18.7009266Z Using cached six-1.17.0-py2.py3-none-any.whl (11 kB)
2025-08-24T21:17:18.7020492Z Using cached urllib3-2.5.0-py3-none-any.whl (129 kB)
2025-08-24T21:17:18.7032268Z Using cached click_didyoumean-0.3.1-py3-none-any.whl (3.6 kB)
2025-08-24T21:17:18.7043300Z Using cached click_plugins-1.1.1.2-py2.py3-none-any.whl (11 kB)
2025-08-24T21:17:18.7054178Z Using cached click_repl-0.3.0-py3-none-any.whl (10 kB)
2025-08-24T21:17:18.7065318Z Using cached packaging-25.0-py3-none-any.whl (66 kB)
2025-08-24T21:17:18.7077141Z Using cached prompt_toolkit-3.0.51-py3-none-any.whl (387 kB)
2025-08-24T21:17:18.7091087Z Using cached pydantic-2.11.7-py3-none-any.whl (444 kB)
2025-08-24T21:17:18.7105306Z Using cached pydantic_core-2.33.2-cp312-cp312-manylinux_2_17_x86_64.manylinux2014_x86_64.whl (2.0 MB)
2025-08-24T21:17:18.7130939Z Using cached annotated_types-0.7.0-py3-none-any.whl (13 kB)
2025-08-24T21:17:18.7142187Z Using cached PyJWT-2.10.1-py3-none-any.whl (22 kB)
2025-08-24T21:17:18.7153343Z Using cached python_dotenv-1.1.1-py3-none-any.whl (20 kB)
2025-08-24T21:17:18.7164493Z Using cached pytz-2025.2-py2.py3-none-any.whl (509 kB)
2025-08-24T21:17:18.7179385Z Using cached requests-2.32.5-py3-none-any.whl (64 kB)
2025-08-24T21:17:18.7191558Z Using cached charset_normalizer-3.4.3-cp312-cp312-manylinux2014_x86_64.manylinux_2_17_x86_64.manylinux_2_28_x86_64.whl (151 kB)
2025-08-24T21:17:18.7203277Z Using cached idna-3.10-py3-none-any.whl (70 kB)
2025-08-24T21:17:18.7214697Z Using cached certifi-2025.8.3-py3-none-any.whl (161 kB)
2025-08-24T21:17:18.7227020Z Using cached typing_extensions-4.14.1-py3-none-any.whl (43 kB)
2025-08-24T21:17:18.7238272Z Using cached typing_inspect-0.9.0-py3-none-any.whl (8.8 kB)
2025-08-24T21:17:18.7249326Z Using cached mypy_extensions-1.1.0-py3-none-any.whl (5.0 kB)
2025-08-24T21:17:18.7260352Z Using cached typing_inspection-0.4.1-py3-none-any.whl (14 kB)
2025-08-24T21:17:18.7271325Z Using cached tzdata-2025.2-py2.py3-none-any.whl (347 kB)
2025-08-24T21:17:18.7285043Z Using cached aiohttp-3.12.15-cp312-cp312-manylinux_2_17_x86_64.manylinux2014_x86_64.whl (1.7 MB)
2025-08-24T21:17:18.7309702Z Using cached multidict-6.6.4-cp312-cp312-manylinux2014_x86_64.manylinux_2_17_x86_64.manylinux_2_28_x86_64.whl (256 kB)
2025-08-24T21:17:18.7322018Z Using cached yarl-1.20.1-cp312-cp312-manylinux_2_17_x86_64.manylinux2014_x86_64.whl (355 kB)
2025-08-24T21:17:18.7335338Z Using cached aiohappyeyeballs-2.6.1-py3-none-any.whl (15 kB)
2025-08-24T21:17:18.7346295Z Using cached aiosignal-1.4.0-py3-none-any.whl (7.5 kB)
2025-08-24T21:17:18.7356803Z Using cached attrs-25.3.0-py3-none-any.whl (63 kB)
2025-08-24T21:17:18.7368414Z Using cached frozenlist-1.7.0-cp312-cp312-manylinux_2_5_x86_64.manylinux1_x86_64.manylinux_2_17_x86_64.manylinux2014_x86_64.whl (241 kB)
2025-08-24T21:17:18.7380531Z Using cached propcache-0.3.2-cp312-cp312-manylinux_2_17_x86_64.manylinux2014_x86_64.whl (224 kB)
2025-08-24T21:17:18.7392372Z Using cached et_xmlfile-2.0.0-py3-none-any.whl (18 kB)
2025-08-24T21:17:18.7403396Z Using cached pycryptodome-3.23.0-cp37-abi3-manylinux_2_17_x86_64.manylinux2014_x86_64.whl (2.3 MB)
2025-08-24T21:17:18.7430437Z Using cached PyYAML-6.0.2-cp312-cp312-manylinux_2_17_x86_64.manylinux2014_x86_64.whl (767 kB)
2025-08-24T21:17:18.7446071Z Using cached tqdm-4.67.1-py3-none-any.whl (78 kB)
2025-08-24T21:17:18.7457028Z Using cached typeguard-4.4.4-py3-none-any.whl (34 kB)
2025-08-24T21:17:18.7467657Z Using cached wcwidth-0.2.13-py2.py3-none-any.whl (34 kB)
2025-08-24T21:17:18.7479283Z Using cached wrapt-1.17.3-cp312-cp312-manylinux1_x86_64.manylinux_2_28_x86_64.manylinux_2_5_x86_64.whl (88 kB)
2025-08-24T21:17:19.2090268Z Installing collected packages: wcwidth, pytz, wrapt, vine, urllib3, tzdata, typing-extensions, tqdm, six, pyyaml, python-dotenv, PyJWT, pycryptodome, psycopg2-binary, psycopg-binary, propcache, prompt-toolkit, packaging, numpy, mypy-extensions, multimethod, multidict, jmespath, idna, frozenlist, et-xmlfile, click, charset_normalizer, certifi, cachetools, billiard, attrs, annotated-types, aiohappyeyeballs, yarl, typing-inspection, typing-inspect, typeguard, sentry-sdk, requests, redis, python-dateutil, pydantic-core, psycopg, openpyxl, minio, confuse, click-repl, click-plugins, click-didyoumean, amqp, aiosignal, pydantic, pandas, kombu, botocore, aiohttp, s3transfer, pydantic-settings, pandera, keepa, celery, boto3, python-amazon-sp-api
2025-08-24T21:17:30.3877690Z 
2025-08-24T21:17:30.3940744Z Successfully installed PyJWT-2.10.1 aiohappyeyeballs-2.6.1 aiohttp-3.12.15 aiosignal-1.4.0 amqp-5.3.1 annotated-types-0.7.0 attrs-25.3.0 billiard-4.2.1 boto3-1.40.16 botocore-1.40.16 cachetools-4.2.4 celery-5.3.6 certifi-2025.8.3 charset_normalizer-3.4.3 click-8.2.1 click-didyoumean-0.3.1 click-plugins-1.1.1.2 click-repl-0.3.0 confuse-1.4.0 et-xmlfile-2.0.0 frozenlist-1.7.0 idna-3.10 jmespath-1.0.1 keepa-1.3.14 kombu-5.5.4 minio-7.1.15 multidict-6.6.4 multimethod-1.10 mypy-extensions-1.1.0 numpy-1.26.4 openpyxl-3.1.5 packaging-25.0 pandas-2.2.3 pandera-0.19.3 prompt-toolkit-3.0.51 propcache-0.3.2 psycopg-3.2.9 psycopg-binary-3.2.9 psycopg2-binary-2.9.10 pycryptodome-3.23.0 pydantic-2.11.7 pydantic-core-2.33.2 pydantic-settings-2.2.1 python-amazon-sp-api-0.8.0 python-dateutil-2.9.0.post0 python-dotenv-1.1.1 pytz-2025.2 pyyaml-6.0.2 redis-5.3.1 requests-2.32.5 s3transfer-0.13.1 sentry-sdk-2.9.0 six-1.17.0 tqdm-4.67.1 typeguard-4.4.4 typing-extensions-4.14.1 typing-inspect-0.9.0 typing-inspection-0.4.1 tzdata-2025.2 urllib3-2.5.0 vine-5.1.0 wcwidth-0.2.13 wrapt-1.17.3 yarl-1.20.1
2025-08-24T21:17:31.4432863Z Collecting uvicorn==0.29.0 (from -r services/api/requirements.txt (line 1))
2025-08-24T21:17:31.4445871Z   Using cached uvicorn-0.29.0-py3-none-any.whl.metadata (6.3 kB)
2025-08-24T21:17:31.4482061Z Requirement already satisfied: pydantic-settings==2.2.1 in /opt/hostedtoolcache/Python/3.12.11/x64/lib/python3.12/site-packages (from -r services/api/requirements.txt (line 2)) (2.2.1)
2025-08-24T21:17:31.4994868Z Collecting fastapi==0.111.0 (from -r services/api/requirements.txt (line 3))
2025-08-24T21:17:31.5006342Z   Using cached fastapi-0.111.0-py3-none-any.whl.metadata (25 kB)
2025-08-24T21:17:31.7846832Z Collecting sqlalchemy==2.0.29 (from -r services/api/requirements.txt (line 4))
2025-08-24T21:17:31.7859686Z   Using cached SQLAlchemy-2.0.29-cp312-cp312-manylinux_2_17_x86_64.manylinux2014_x86_64.whl.metadata (9.6 kB)
2025-08-24T21:17:31.8243426Z Collecting alembic==1.13.1 (from -r services/api/requirements.txt (line 5))
2025-08-24T21:17:31.8254564Z   Using cached alembic-1.13.1-py3-none-any.whl.metadata (7.4 kB)
2025-08-24T21:17:31.8280255Z Requirement already satisfied: psycopg==3.2.9 in /opt/hostedtoolcache/Python/3.12.11/x64/lib/python3.12/site-packages (from psycopg[binary]==3.2.9->-r services/api/requirements.txt (line 6)) (3.2.9)
2025-08-24T21:17:31.8537411Z Collecting httpx==0.27.2 (from -r services/api/requirements.txt (line 7))
2025-08-24T21:17:31.8548928Z   Using cached httpx-0.27.2-py3-none-any.whl.metadata (7.1 kB)
2025-08-24T21:17:31.9051047Z Collecting asyncpg==0.29.0 (from -r services/api/requirements.txt (line 8))
2025-08-24T21:17:31.9062538Z   Using cached asyncpg-0.29.0-cp312-cp312-manylinux_2_17_x86_64.manylinux2014_x86_64.whl.metadata (4.4 kB)
2025-08-24T21:17:32.1878505Z Collecting boto3==1.34.162 (from -r services/api/requirements.txt (line 9))
2025-08-24T21:17:32.1891196Z   Using cached boto3-1.34.162-py3-none-any.whl.metadata (6.6 kB)
2025-08-24T21:17:32.2157472Z Collecting Jinja2==3.1.5 (from -r services/api/requirements.txt (line 10))
2025-08-24T21:17:32.2168966Z   Using cached jinja2-3.1.5-py3-none-any.whl.metadata (2.6 kB)
2025-08-24T21:17:32.2188043Z Requirement already satisfied: celery==5.3.* in /opt/hostedtoolcache/Python/3.12.11/x64/lib/python3.12/site-packages (from -r services/api/requirements.txt (line 11)) (5.3.6)
2025-08-24T21:17:32.2481648Z Collecting structlog==24.1.0 (from -r services/api/requirements.txt (line 12))
2025-08-24T21:17:32.2492594Z   Using cached structlog-24.1.0-py3-none-any.whl.metadata (6.9 kB)
2025-08-24T21:17:32.2733631Z Collecting asgi-correlation-id==4.3.1 (from -r services/api/requirements.txt (line 13))
2025-08-24T21:17:32.2745027Z   Using cached asgi_correlation_id-4.3.1-py3-none-any.whl.metadata (28 kB)
2025-08-24T21:17:32.2959830Z Collecting fastapi-limiter==0.1.6 (from -r services/api/requirements.txt (line 14))
2025-08-24T21:17:32.2970628Z   Using cached fastapi_limiter-0.1.6-py3-none-any.whl.metadata (5.3 kB)
2025-08-24T21:17:32.3318581Z Collecting redis==5.0.8 (from -r services/api/requirements.txt (line 15))
2025-08-24T21:17:32.3329590Z   Using cached redis-5.0.8-py3-none-any.whl.metadata (9.2 kB)
2025-08-24T21:17:32.3361432Z Requirement already satisfied: sentry-sdk==2.9.0 in /opt/hostedtoolcache/Python/3.12.11/x64/lib/python3.12/site-packages (from sentry-sdk[celery,fastapi,sqlalchemy]==2.9.0->-r services/api/requirements.txt (line 16)) (2.9.0)
2025-08-24T21:17:32.3543410Z Collecting imapclient==3.0.1 (from -r services/api/requirements.txt (line 17))
2025-08-24T21:17:32.3738922Z   Using cached IMAPClient-3.0.1-py2.py3-none-any.whl.metadata (1.7 kB)
2025-08-24T21:17:32.3767564Z Requirement already satisfied: click>=7.0 in /opt/hostedtoolcache/Python/3.12.11/x64/lib/python3.12/site-packages (from uvicorn==0.29.0->-r services/api/requirements.txt (line 1)) (8.2.1)
2025-08-24T21:17:32.3958463Z Collecting h11>=0.8 (from uvicorn==0.29.0->-r services/api/requirements.txt (line 1))
2025-08-24T21:17:32.3969194Z   Using cached h11-0.16.0-py3-none-any.whl.metadata (8.3 kB)
2025-08-24T21:17:32.3998128Z Requirement already satisfied: pydantic>=2.3.0 in /opt/hostedtoolcache/Python/3.12.11/x64/lib/python3.12/site-packages (from pydantic-settings==2.2.1->-r services/api/requirements.txt (line 2)) (2.11.7)
2025-08-24T21:17:32.4003315Z Requirement already satisfied: python-dotenv>=0.21.0 in /opt/hostedtoolcache/Python/3.12.11/x64/lib/python3.12/site-packages (from pydantic-settings==2.2.1->-r services/api/requirements.txt (line 2)) (1.1.1)
2025-08-24T21:17:32.4473744Z Collecting starlette<0.38.0,>=0.37.2 (from fastapi==0.111.0->-r services/api/requirements.txt (line 3))
2025-08-24T21:17:32.4484666Z   Using cached starlette-0.37.2-py3-none-any.whl.metadata (5.9 kB)
2025-08-24T21:17:32.4514063Z Requirement already satisfied: typing-extensions>=4.8.0 in /opt/hostedtoolcache/Python/3.12.11/x64/lib/python3.12/site-packages (from fastapi==0.111.0->-r services/api/requirements.txt (line 3)) (4.14.1)
2025-08-24T21:17:32.4707516Z Collecting fastapi-cli>=0.0.2 (from fastapi==0.111.0->-r services/api/requirements.txt (line 3))
2025-08-24T21:17:32.4718652Z   Using cached fastapi_cli-0.0.8-py3-none-any.whl.metadata (6.3 kB)
2025-08-24T21:17:32.5016187Z Collecting python-multipart>=0.0.7 (from fastapi==0.111.0->-r services/api/requirements.txt (line 3))
2025-08-24T21:17:32.5027260Z   Using cached python_multipart-0.0.20-py3-none-any.whl.metadata (1.8 kB)
2025-08-24T21:17:32.5748093Z Collecting ujson!=4.0.2,!=4.1.0,!=4.2.0,!=4.3.0,!=5.0.0,!=5.1.0,>=4.0.1 (from fastapi==0.111.0->-r services/api/requirements.txt (line 3))
2025-08-24T21:17:32.5760139Z   Using cached ujson-5.11.0-cp312-cp312-manylinux_2_24_x86_64.manylinux_2_28_x86_64.whl.metadata (9.4 kB)
2025-08-24T21:17:32.8224394Z Collecting orjson>=3.2.1 (from fastapi==0.111.0->-r services/api/requirements.txt (line 3))
2025-08-24T21:17:32.8238174Z   Using cached orjson-3.11.2-cp312-cp312-manylinux_2_17_x86_64.manylinux2014_x86_64.whl.metadata (1.2 kB)
2025-08-24T21:17:32.8473635Z Collecting email_validator>=2.0.0 (from fastapi==0.111.0->-r services/api/requirements.txt (line 3))
2025-08-24T21:17:32.8485056Z   Using cached email_validator-2.2.0-py3-none-any.whl.metadata (25 kB)
2025-08-24T21:17:32.9865708Z Collecting greenlet!=0.4.17 (from sqlalchemy==2.0.29->-r services/api/requirements.txt (line 4))
2025-08-24T21:17:32.9878733Z   Using cached greenlet-3.2.4-cp312-cp312-manylinux_2_24_x86_64.manylinux_2_28_x86_64.whl.metadata (4.1 kB)
2025-08-24T21:17:33.0246747Z Collecting Mako (from alembic==1.13.1->-r services/api/requirements.txt (line 5))
2025-08-24T21:17:33.0258327Z   Using cached mako-1.3.10-py3-none-any.whl.metadata (2.9 kB)
2025-08-24T21:17:33.0580153Z Collecting anyio (from httpx==0.27.2->-r services/api/requirements.txt (line 7))
2025-08-24T21:17:33.0591350Z   Using cached anyio-4.10.0-py3-none-any.whl.metadata (4.0 kB)
2025-08-24T21:17:33.0614309Z Requirement already satisfied: certifi in /opt/hostedtoolcache/Python/3.12.11/x64/lib/python3.12/site-packages (from httpx==0.27.2->-r services/api/requirements.txt (line 7)) (2025.8.3)
2025-08-24T21:17:33.0875594Z Collecting httpcore==1.* (from httpx==0.27.2->-r services/api/requirements.txt (line 7))
2025-08-24T21:17:33.0886846Z   Using cached httpcore-1.0.9-py3-none-any.whl.metadata (21 kB)
2025-08-24T21:17:33.0922050Z Requirement already satisfied: idna in /opt/hostedtoolcache/Python/3.12.11/x64/lib/python3.12/site-packages (from httpx==0.27.2->-r services/api/requirements.txt (line 7)) (3.10)
2025-08-24T21:17:33.1090389Z Collecting sniffio (from httpx==0.27.2->-r services/api/requirements.txt (line 7))
2025-08-24T21:17:33.1102569Z   Using cached sniffio-1.3.1-py3-none-any.whl.metadata (3.9 kB)
2025-08-24T21:17:33.4821526Z Collecting botocore<1.35.0,>=1.34.162 (from boto3==1.34.162->-r services/api/requirements.txt (line 9))
2025-08-24T21:17:33.4834425Z   Using cached botocore-1.34.162-py3-none-any.whl.metadata (5.7 kB)
2025-08-24T21:17:33.4862360Z Requirement already satisfied: jmespath<2.0.0,>=0.7.1 in /opt/hostedtoolcache/Python/3.12.11/x64/lib/python3.12/site-packages (from boto3==1.34.162->-r services/api/requirements.txt (line 9)) (1.0.1)
2025-08-24T21:17:33.5140425Z Collecting s3transfer<0.11.0,>=0.10.0 (from boto3==1.34.162->-r services/api/requirements.txt (line 9))
2025-08-24T21:17:33.5151492Z   Using cached s3transfer-0.10.4-py3-none-any.whl.metadata (1.7 kB)
2025-08-24T21:17:33.5736891Z Collecting MarkupSafe>=2.0 (from Jinja2==3.1.5->-r services/api/requirements.txt (line 10))
2025-08-24T21:17:33.5749647Z   Using cached MarkupSafe-3.0.2-cp312-cp312-manylinux_2_17_x86_64.manylinux2014_x86_64.whl.metadata (4.0 kB)
2025-08-24T21:17:33.6038782Z Requirement already satisfied: urllib3>=1.26.11 in /opt/hostedtoolcache/Python/3.12.11/x64/lib/python3.12/site-packages (from sentry-sdk==2.9.0->sentry-sdk[celery,fastapi,sqlalchemy]==2.9.0->-r services/api/requirements.txt (line 16)) (2.5.0)
2025-08-24T21:17:33.6163206Z Requirement already satisfied: psycopg-binary==3.2.9 in /opt/hostedtoolcache/Python/3.12.11/x64/lib/python3.12/site-packages (from psycopg[binary]==3.2.9->-r services/api/requirements.txt (line 6)) (3.2.9)
2025-08-24T21:17:33.6442071Z Requirement already satisfied: billiard<5.0,>=4.2.0 in /opt/hostedtoolcache/Python/3.12.11/x64/lib/python3.12/site-packages (from celery==5.3.*->-r services/api/requirements.txt (line 11)) (4.2.1)
2025-08-24T21:17:33.6449130Z Requirement already satisfied: click-didyoumean>=0.3.0 in /opt/hostedtoolcache/Python/3.12.11/x64/lib/python3.12/site-packages (from celery==5.3.*->-r services/api/requirements.txt (line 11)) (0.3.1)
2025-08-24T21:17:33.6457469Z Requirement already satisfied: click-plugins>=1.1.1 in /opt/hostedtoolcache/Python/3.12.11/x64/lib/python3.12/site-packages (from celery==5.3.*->-r services/api/requirements.txt (line 11)) (1.1.1.2)
2025-08-24T21:17:33.6463572Z Requirement already satisfied: click-repl>=0.2.0 in /opt/hostedtoolcache/Python/3.12.11/x64/lib/python3.12/site-packages (from celery==5.3.*->-r services/api/requirements.txt (line 11)) (0.3.0)
2025-08-24T21:17:33.6474067Z Requirement already satisfied: kombu<6.0,>=5.3.4 in /opt/hostedtoolcache/Python/3.12.11/x64/lib/python3.12/site-packages (from celery==5.3.*->-r services/api/requirements.txt (line 11)) (5.5.4)
2025-08-24T21:17:33.6481036Z Requirement already satisfied: python-dateutil>=2.8.2 in /opt/hostedtoolcache/Python/3.12.11/x64/lib/python3.12/site-packages (from celery==5.3.*->-r services/api/requirements.txt (line 11)) (2.9.0.post0)
2025-08-24T21:17:33.6487572Z Requirement already satisfied: tzdata>=2022.7 in /opt/hostedtoolcache/Python/3.12.11/x64/lib/python3.12/site-packages (from celery==5.3.*->-r services/api/requirements.txt (line 11)) (2025.2)
2025-08-24T21:17:33.6494705Z Requirement already satisfied: vine<6.0,>=5.1.0 in /opt/hostedtoolcache/Python/3.12.11/x64/lib/python3.12/site-packages (from celery==5.3.*->-r services/api/requirements.txt (line 11)) (5.1.0)
2025-08-24T21:17:33.6633243Z Requirement already satisfied: amqp<6.0.0,>=5.1.1 in /opt/hostedtoolcache/Python/3.12.11/x64/lib/python3.12/site-packages (from kombu<6.0,>=5.3.4->celery==5.3.*->-r services/api/requirements.txt (line 11)) (5.3.1)
2025-08-24T21:17:33.6644807Z Requirement already satisfied: packaging in /opt/hostedtoolcache/Python/3.12.11/x64/lib/python3.12/site-packages (from kombu<6.0,>=5.3.4->celery==5.3.*->-r services/api/requirements.txt (line 11)) (25.0)
2025-08-24T21:17:33.6712286Z Requirement already satisfied: annotated-types>=0.6.0 in /opt/hostedtoolcache/Python/3.12.11/x64/lib/python3.12/site-packages (from pydantic>=2.3.0->pydantic-settings==2.2.1->-r services/api/requirements.txt (line 2)) (0.7.0)
2025-08-24T21:17:33.6718326Z Requirement already satisfied: pydantic-core==2.33.2 in /opt/hostedtoolcache/Python/3.12.11/x64/lib/python3.12/site-packages (from pydantic>=2.3.0->pydantic-settings==2.2.1->-r services/api/requirements.txt (line 2)) (2.33.2)
2025-08-24T21:17:33.6728564Z Requirement already satisfied: typing-inspection>=0.4.0 in /opt/hostedtoolcache/Python/3.12.11/x64/lib/python3.12/site-packages (from pydantic>=2.3.0->pydantic-settings==2.2.1->-r services/api/requirements.txt (line 2)) (0.4.1)
2025-08-24T21:17:33.6764390Z Requirement already satisfied: six>=1.5 in /opt/hostedtoolcache/Python/3.12.11/x64/lib/python3.12/site-packages (from python-dateutil>=2.8.2->celery==5.3.*->-r services/api/requirements.txt (line 11)) (1.17.0)
2025-08-24T21:17:33.8096561Z Requirement already satisfied: prompt-toolkit>=3.0.36 in /opt/hostedtoolcache/Python/3.12.11/x64/lib/python3.12/site-packages (from click-repl>=0.2.0->celery==5.3.*->-r services/api/requirements.txt (line 11)) (3.0.51)
2025-08-24T21:17:33.8377870Z Collecting dnspython>=2.0.0 (from email_validator>=2.0.0->fastapi==0.111.0->-r services/api/requirements.txt (line 3))
2025-08-24T21:17:33.8388907Z   Using cached dnspython-2.7.0-py3-none-any.whl.metadata (5.8 kB)
2025-08-24T21:17:33.8699227Z Collecting typer>=0.15.1 (from fastapi-cli>=0.0.2->fastapi==0.111.0->-r services/api/requirements.txt (line 3))
2025-08-24T21:17:33.8711009Z   Using cached typer-0.16.1-py3-none-any.whl.metadata (15 kB)
2025-08-24T21:17:33.9100879Z Collecting rich-toolkit>=0.14.8 (from fastapi-cli>=0.0.2->fastapi==0.111.0->-r services/api/requirements.txt (line 3))
2025-08-24T21:17:33.9111488Z   Using cached rich_toolkit-0.15.0-py3-none-any.whl.metadata (1.0 kB)
2025-08-24T21:17:33.9207118Z Requirement already satisfied: wcwidth in /opt/hostedtoolcache/Python/3.12.11/x64/lib/python3.12/site-packages (from prompt-toolkit>=3.0.36->click-repl>=0.2.0->celery==5.3.*->-r services/api/requirements.txt (line 11)) (0.2.13)
2025-08-24T21:17:33.9709438Z Collecting rich>=13.7.1 (from rich-toolkit>=0.14.8->fastapi-cli>=0.0.2->fastapi==0.111.0->-r services/api/requirements.txt (line 3))
2025-08-24T21:17:33.9720195Z   Using cached rich-14.1.0-py3-none-any.whl.metadata (18 kB)
2025-08-24T21:17:33.9994976Z Collecting markdown-it-py>=2.2.0 (from rich>=13.7.1->rich-toolkit>=0.14.8->fastapi-cli>=0.0.2->fastapi==0.111.0->-r services/api/requirements.txt (line 3))
2025-08-24T21:17:34.0005840Z   Using cached markdown_it_py-4.0.0-py3-none-any.whl.metadata (7.3 kB)
2025-08-24T21:17:34.0322278Z Collecting pygments<3.0.0,>=2.13.0 (from rich>=13.7.1->rich-toolkit>=0.14.8->fastapi-cli>=0.0.2->fastapi==0.111.0->-r services/api/requirements.txt (line 3))
2025-08-24T21:17:34.0333136Z   Using cached pygments-2.19.2-py3-none-any.whl.metadata (2.5 kB)
2025-08-24T21:17:34.0548804Z Collecting mdurl~=0.1 (from markdown-it-py>=2.2.0->rich>=13.7.1->rich-toolkit>=0.14.8->fastapi-cli>=0.0.2->fastapi==0.111.0->-r services/api/requirements.txt (line 3))
2025-08-24T21:17:34.0559257Z   Using cached mdurl-0.1.2-py3-none-any.whl.metadata (1.6 kB)
2025-08-24T21:17:34.0841408Z Collecting shellingham>=1.3.0 (from typer>=0.15.1->fastapi-cli>=0.0.2->fastapi==0.111.0->-r services/api/requirements.txt (line 3))
2025-08-24T21:17:34.0852376Z   Using cached shellingham-1.5.4-py2.py3-none-any.whl.metadata (3.5 kB)
2025-08-24T21:17:34.1458920Z Collecting httptools>=0.5.0 (from uvicorn[standard]>=0.12.0->fastapi==0.111.0->-r services/api/requirements.txt (line 3))
2025-08-24T21:17:34.1470977Z   Using cached httptools-0.6.4-cp312-cp312-manylinux_2_5_x86_64.manylinux1_x86_64.manylinux_2_17_x86_64.manylinux2014_x86_64.whl.metadata (3.6 kB)
2025-08-24T21:17:34.1502376Z Requirement already satisfied: pyyaml>=5.1 in /opt/hostedtoolcache/Python/3.12.11/x64/lib/python3.12/site-packages (from uvicorn[standard]>=0.12.0->fastapi==0.111.0->-r services/api/requirements.txt (line 3)) (6.0.2)
2025-08-24T21:17:34.2000335Z Collecting uvloop!=0.15.0,!=0.15.1,>=0.14.0 (from uvicorn[standard]>=0.12.0->fastapi==0.111.0->-r services/api/requirements.txt (line 3))
2025-08-24T21:17:34.2012424Z   Using cached uvloop-0.21.0-cp312-cp312-manylinux_2_17_x86_64.manylinux2014_x86_64.whl.metadata (4.9 kB)
2025-08-24T21:17:34.2819801Z Collecting watchfiles>=0.13 (from uvicorn[standard]>=0.12.0->fastapi==0.111.0->-r services/api/requirements.txt (line 3))
2025-08-24T21:17:34.2831276Z   Using cached watchfiles-1.1.0-cp312-cp312-manylinux_2_17_x86_64.manylinux2014_x86_64.whl.metadata (4.9 kB)
2025-08-24T21:17:34.3818920Z Collecting websockets>=10.4 (from uvicorn[standard]>=0.12.0->fastapi==0.111.0->-r services/api/requirements.txt (line 3))
2025-08-24T21:17:34.3831061Z   Using cached websockets-15.0.1-cp312-cp312-manylinux_2_5_x86_64.manylinux1_x86_64.manylinux_2_17_x86_64.manylinux2014_x86_64.whl.metadata (6.8 kB)
2025-08-24T21:17:34.4540944Z Using cached uvicorn-0.29.0-py3-none-any.whl (60 kB)
2025-08-24T21:17:34.4551981Z Using cached fastapi-0.111.0-py3-none-any.whl (91 kB)
2025-08-24T21:17:34.4564497Z Using cached SQLAlchemy-2.0.29-cp312-cp312-manylinux_2_17_x86_64.manylinux2014_x86_64.whl (3.2 MB)
2025-08-24T21:17:34.4599700Z Using cached alembic-1.13.1-py3-none-any.whl (233 kB)
2025-08-24T21:17:34.4611737Z Using cached httpx-0.27.2-py3-none-any.whl (76 kB)
2025-08-24T21:17:34.4623193Z Using cached asyncpg-0.29.0-cp312-cp312-manylinux_2_17_x86_64.manylinux2014_x86_64.whl (3.3 MB)
2025-08-24T21:17:34.4657821Z Using cached boto3-1.34.162-py3-none-any.whl (139 kB)
2025-08-24T21:17:34.4669332Z Using cached jinja2-3.1.5-py3-none-any.whl (134 kB)
2025-08-24T21:17:34.4680692Z Using cached structlog-24.1.0-py3-none-any.whl (65 kB)
2025-08-24T21:17:34.4691747Z Using cached asgi_correlation_id-4.3.1-py3-none-any.whl (15 kB)
2025-08-24T21:17:34.4702259Z Using cached fastapi_limiter-0.1.6-py3-none-any.whl (15 kB)
2025-08-24T21:17:34.4712788Z Using cached redis-5.0.8-py3-none-any.whl (255 kB)
2025-08-24T21:17:34.4725114Z Using cached IMAPClient-3.0.1-py2.py3-none-any.whl (182 kB)
2025-08-24T21:17:34.4737001Z Using cached botocore-1.34.162-py3-none-any.whl (12.5 MB)
2025-08-24T21:17:34.4838496Z Using cached httpcore-1.0.9-py3-none-any.whl (78 kB)
2025-08-24T21:17:34.4850092Z Using cached s3transfer-0.10.4-py3-none-any.whl (83 kB)
2025-08-24T21:17:34.4861179Z Using cached starlette-0.37.2-py3-none-any.whl (71 kB)
2025-08-24T21:17:34.4872448Z Using cached anyio-4.10.0-py3-none-any.whl (107 kB)
2025-08-24T21:17:34.4884036Z Using cached email_validator-2.2.0-py3-none-any.whl (33 kB)
2025-08-24T21:17:34.4894783Z Using cached dnspython-2.7.0-py3-none-any.whl (313 kB)
2025-08-24T21:17:34.4907792Z Using cached fastapi_cli-0.0.8-py3-none-any.whl (10 kB)
2025-08-24T21:17:34.4919171Z Using cached greenlet-3.2.4-cp312-cp312-manylinux_2_24_x86_64.manylinux_2_28_x86_64.whl (607 kB)
2025-08-24T21:17:34.4933784Z Using cached h11-0.16.0-py3-none-any.whl (37 kB)
2025-08-24T21:17:34.4945302Z Using cached MarkupSafe-3.0.2-cp312-cp312-manylinux_2_17_x86_64.manylinux2014_x86_64.whl (23 kB)
2025-08-24T21:17:34.4956262Z Using cached orjson-3.11.2-cp312-cp312-manylinux_2_17_x86_64.manylinux2014_x86_64.whl (121 kB)
2025-08-24T21:17:34.4967559Z Using cached python_multipart-0.0.20-py3-none-any.whl (24 kB)
2025-08-24T21:17:34.4978147Z Using cached rich_toolkit-0.15.0-py3-none-any.whl (29 kB)
2025-08-24T21:17:34.4989527Z Using cached rich-14.1.0-py3-none-any.whl (243 kB)
2025-08-24T21:17:34.5001796Z Using cached pygments-2.19.2-py3-none-any.whl (1.2 MB)
2025-08-24T21:17:34.5021183Z Using cached markdown_it_py-4.0.0-py3-none-any.whl (87 kB)
2025-08-24T21:17:34.5032442Z Using cached mdurl-0.1.2-py3-none-any.whl (10.0 kB)
2025-08-24T21:17:34.5043226Z Using cached sniffio-1.3.1-py3-none-any.whl (10 kB)
2025-08-24T21:17:34.5053707Z Using cached typer-0.16.1-py3-none-any.whl (46 kB)
2025-08-24T21:17:34.5064786Z Using cached shellingham-1.5.4-py2.py3-none-any.whl (9.8 kB)
2025-08-24T21:17:34.5075530Z Using cached ujson-5.11.0-cp312-cp312-manylinux_2_24_x86_64.manylinux_2_28_x86_64.whl (57 kB)
2025-08-24T21:17:34.5087147Z Using cached httptools-0.6.4-cp312-cp312-manylinux_2_5_x86_64.manylinux1_x86_64.manylinux_2_17_x86_64.manylinux2014_x86_64.whl (510 kB)
2025-08-24T21:17:34.5101504Z Using cached uvloop-0.21.0-cp312-cp312-manylinux_2_17_x86_64.manylinux2014_x86_64.whl (4.7 MB)
2025-08-24T21:17:34.5145987Z Using cached watchfiles-1.1.0-cp312-cp312-manylinux_2_17_x86_64.manylinux2014_x86_64.whl (452 kB)
2025-08-24T21:17:34.5160247Z Using cached websockets-15.0.1-cp312-cp312-manylinux_2_5_x86_64.manylinux1_x86_64.manylinux_2_17_x86_64.manylinux2014_x86_64.whl (182 kB)
2025-08-24T21:17:34.5171926Z Using cached mako-1.3.10-py3-none-any.whl (78 kB)
2025-08-24T21:17:34.7126813Z Installing collected packages: websockets, uvloop, ujson, structlog, sniffio, shellingham, redis, python-multipart, pygments, orjson, mdurl, MarkupSafe, imapclient, httptools, h11, greenlet, dnspython, asyncpg, uvicorn, sqlalchemy, markdown-it-py, Mako, Jinja2, httpcore, email_validator, botocore, anyio, watchfiles, starlette, s3transfer, rich, httpx, alembic, typer, rich-toolkit, boto3, asgi-correlation-id, fastapi-cli, fastapi, fastapi-limiter
2025-08-24T21:17:34.9536691Z   Attempting uninstall: redis
2025-08-24T21:17:34.9568159Z     Found existing installation: redis 5.3.1
2025-08-24T21:17:34.9647918Z     Uninstalling redis-5.3.1:
2025-08-24T21:17:34.9664141Z       Successfully uninstalled redis-5.3.1
2025-08-24T21:17:37.7873170Z   Attempting uninstall: botocore
2025-08-24T21:17:37.7905789Z     Found existing installation: botocore 1.40.16
2025-08-24T21:17:37.8530437Z     Uninstalling botocore-1.40.16:
2025-08-24T21:17:37.8774109Z       Successfully uninstalled botocore-1.40.16
2025-08-24T21:17:38.6428447Z   Attempting uninstall: s3transfer
2025-08-24T21:17:38.6473234Z     Found existing installation: s3transfer 0.13.1
2025-08-24T21:17:38.6499766Z     Uninstalling s3transfer-0.13.1:
2025-08-24T21:17:38.6508568Z       Successfully uninstalled s3transfer-0.13.1
2025-08-24T21:17:39.1543797Z   Attempting uninstall: boto3
2025-08-24T21:17:39.1574986Z     Found existing installation: boto3 1.40.16
2025-08-24T21:17:39.1636402Z     Uninstalling boto3-1.40.16:
2025-08-24T21:17:39.1654467Z       Successfully uninstalled boto3-1.40.16
2025-08-24T21:17:39.3240087Z 
2025-08-24T21:17:39.3326735Z Successfully installed Jinja2-3.1.5 Mako-1.3.10 MarkupSafe-3.0.2 alembic-1.13.1 anyio-4.10.0 asgi-correlation-id-4.3.1 asyncpg-0.29.0 boto3-1.34.162 botocore-1.34.162 dnspython-2.7.0 email_validator-2.2.0 fastapi-0.111.0 fastapi-cli-0.0.8 fastapi-limiter-0.1.6 greenlet-3.2.4 h11-0.16.0 httpcore-1.0.9 httptools-0.6.4 httpx-0.27.2 imapclient-3.0.1 markdown-it-py-4.0.0 mdurl-0.1.2 orjson-3.11.2 pygments-2.19.2 python-multipart-0.0.20 redis-5.0.8 rich-14.1.0 rich-toolkit-0.15.0 s3transfer-0.10.4 shellingham-1.5.4 sniffio-1.3.1 sqlalchemy-2.0.29 starlette-0.37.2 structlog-24.1.0 typer-0.16.1 ujson-5.11.0 uvicorn-0.29.0 uvloop-0.21.0 watchfiles-1.1.0 websockets-15.0.1
2025-08-24T21:17:39.9317430Z Requirement already satisfied: uvicorn==0.29.0 in /opt/hostedtoolcache/Python/3.12.11/x64/lib/python3.12/site-packages (from -r services/repricer/requirements.txt (line 1)) (0.29.0)
2025-08-24T21:17:39.9321520Z Requirement already satisfied: pydantic-settings==2.2.1 in /opt/hostedtoolcache/Python/3.12.11/x64/lib/python3.12/site-packages (from -r services/repricer/requirements.txt (line 2)) (2.2.1)
2025-08-24T21:17:39.9325852Z Requirement already satisfied: python-amazon-sp-api==0.8.0 in /opt/hostedtoolcache/Python/3.12.11/x64/lib/python3.12/site-packages (from -r services/repricer/requirements.txt (line 3)) (0.8.0)
2025-08-24T21:17:39.9330012Z Requirement already satisfied: fastapi==0.111.0 in /opt/hostedtoolcache/Python/3.12.11/x64/lib/python3.12/site-packages (from -r services/repricer/requirements.txt (line 4)) (0.111.0)
2025-08-24T21:17:39.9334100Z Requirement already satisfied: sqlalchemy==2.0.29 in /opt/hostedtoolcache/Python/3.12.11/x64/lib/python3.12/site-packages (from -r services/repricer/requirements.txt (line 5)) (2.0.29)
2025-08-24T21:17:39.9344757Z Requirement already satisfied: click>=7.0 in /opt/hostedtoolcache/Python/3.12.11/x64/lib/python3.12/site-packages (from uvicorn==0.29.0->-r services/repricer/requirements.txt (line 1)) (8.2.1)
2025-08-24T21:17:39.9350420Z Requirement already satisfied: h11>=0.8 in /opt/hostedtoolcache/Python/3.12.11/x64/lib/python3.12/site-packages (from uvicorn==0.29.0->-r services/repricer/requirements.txt (line 1)) (0.16.0)
2025-08-24T21:17:39.9372723Z Requirement already satisfied: pydantic>=2.3.0 in /opt/hostedtoolcache/Python/3.12.11/x64/lib/python3.12/site-packages (from pydantic-settings==2.2.1->-r services/repricer/requirements.txt (line 2)) (2.11.7)
2025-08-24T21:17:39.9377876Z Requirement already satisfied: python-dotenv>=0.21.0 in /opt/hostedtoolcache/Python/3.12.11/x64/lib/python3.12/site-packages (from pydantic-settings==2.2.1->-r services/repricer/requirements.txt (line 2)) (1.1.1)
2025-08-24T21:17:39.9389086Z Requirement already satisfied: requests in /opt/hostedtoolcache/Python/3.12.11/x64/lib/python3.12/site-packages (from python-amazon-sp-api==0.8.0->-r services/repricer/requirements.txt (line 3)) (2.32.5)
2025-08-24T21:17:39.9395785Z Requirement already satisfied: six<2,>=1.15 in /opt/hostedtoolcache/Python/3.12.11/x64/lib/python3.12/site-packages (from python-amazon-sp-api==0.8.0->-r services/repricer/requirements.txt (line 3)) (1.17.0)
2025-08-24T21:17:39.9402914Z Requirement already satisfied: boto3<2,>=1.16.39 in /opt/hostedtoolcache/Python/3.12.11/x64/lib/python3.12/site-packages (from python-amazon-sp-api==0.8.0->-r services/repricer/requirements.txt (line 3)) (1.34.162)
2025-08-24T21:17:39.9409076Z Requirement already satisfied: cachetools~=4.2.0 in /opt/hostedtoolcache/Python/3.12.11/x64/lib/python3.12/site-packages (from python-amazon-sp-api==0.8.0->-r services/repricer/requirements.txt (line 3)) (4.2.4)
2025-08-24T21:17:39.9412862Z Requirement already satisfied: pycryptodome in /opt/hostedtoolcache/Python/3.12.11/x64/lib/python3.12/site-packages (from python-amazon-sp-api==0.8.0->-r services/repricer/requirements.txt (line 3)) (3.23.0)
2025-08-24T21:17:39.9416520Z Requirement already satisfied: pytz in /opt/hostedtoolcache/Python/3.12.11/x64/lib/python3.12/site-packages (from python-amazon-sp-api==0.8.0->-r services/repricer/requirements.txt (line 3)) (2025.2)
2025-08-24T21:17:39.9422481Z Requirement already satisfied: confuse~=1.4.0 in /opt/hostedtoolcache/Python/3.12.11/x64/lib/python3.12/site-packages (from python-amazon-sp-api==0.8.0->-r services/repricer/requirements.txt (line 3)) (1.4.0)
2025-08-24T21:17:39.9438147Z Requirement already satisfied: starlette<0.38.0,>=0.37.2 in /opt/hostedtoolcache/Python/3.12.11/x64/lib/python3.12/site-packages (from fastapi==0.111.0->-r services/repricer/requirements.txt (line 4)) (0.37.2)
2025-08-24T21:17:39.9447695Z Requirement already satisfied: typing-extensions>=4.8.0 in /opt/hostedtoolcache/Python/3.12.11/x64/lib/python3.12/site-packages (from fastapi==0.111.0->-r services/repricer/requirements.txt (line 4)) (4.14.1)
2025-08-24T21:17:39.9452467Z Requirement already satisfied: fastapi-cli>=0.0.2 in /opt/hostedtoolcache/Python/3.12.11/x64/lib/python3.12/site-packages (from fastapi==0.111.0->-r services/repricer/requirements.txt (line 4)) (0.0.8)
2025-08-24T21:17:39.9457247Z Requirement already satisfied: httpx>=0.23.0 in /opt/hostedtoolcache/Python/3.12.11/x64/lib/python3.12/site-packages (from fastapi==0.111.0->-r services/repricer/requirements.txt (line 4)) (0.27.2)
2025-08-24T21:17:39.9462432Z Requirement already satisfied: jinja2>=2.11.2 in /opt/hostedtoolcache/Python/3.12.11/x64/lib/python3.12/site-packages (from fastapi==0.111.0->-r services/repricer/requirements.txt (line 4)) (3.1.5)
2025-08-24T21:17:39.9467300Z Requirement already satisfied: python-multipart>=0.0.7 in /opt/hostedtoolcache/Python/3.12.11/x64/lib/python3.12/site-packages (from fastapi==0.111.0->-r services/repricer/requirements.txt (line 4)) (0.0.20)
2025-08-24T21:17:39.9475045Z Requirement already satisfied: ujson!=4.0.2,!=4.1.0,!=4.2.0,!=4.3.0,!=5.0.0,!=5.1.0,>=4.0.1 in /opt/hostedtoolcache/Python/3.12.11/x64/lib/python3.12/site-packages (from fastapi==0.111.0->-r services/repricer/requirements.txt (line 4)) (5.11.0)
2025-08-24T21:17:39.9479779Z Requirement already satisfied: orjson>=3.2.1 in /opt/hostedtoolcache/Python/3.12.11/x64/lib/python3.12/site-packages (from fastapi==0.111.0->-r services/repricer/requirements.txt (line 4)) (3.11.2)
2025-08-24T21:17:39.9484497Z Requirement already satisfied: email_validator>=2.0.0 in /opt/hostedtoolcache/Python/3.12.11/x64/lib/python3.12/site-packages (from fastapi==0.111.0->-r services/repricer/requirements.txt (line 4)) (2.2.0)
2025-08-24T21:17:39.9532033Z Requirement already satisfied: greenlet!=0.4.17 in /opt/hostedtoolcache/Python/3.12.11/x64/lib/python3.12/site-packages (from sqlalchemy==2.0.29->-r services/repricer/requirements.txt (line 5)) (3.2.4)
2025-08-24T21:17:39.9577214Z Requirement already satisfied: botocore<1.35.0,>=1.34.162 in /opt/hostedtoolcache/Python/3.12.11/x64/lib/python3.12/site-packages (from boto3<2,>=1.16.39->python-amazon-sp-api==0.8.0->-r services/repricer/requirements.txt (line 3)) (1.34.162)
2025-08-24T21:17:39.9583810Z Requirement already satisfied: jmespath<2.0.0,>=0.7.1 in /opt/hostedtoolcache/Python/3.12.11/x64/lib/python3.12/site-packages (from boto3<2,>=1.16.39->python-amazon-sp-api==0.8.0->-r services/repricer/requirements.txt (line 3)) (1.0.1)
2025-08-24T21:17:39.9590289Z Requirement already satisfied: s3transfer<0.11.0,>=0.10.0 in /opt/hostedtoolcache/Python/3.12.11/x64/lib/python3.12/site-packages (from boto3<2,>=1.16.39->python-amazon-sp-api==0.8.0->-r services/repricer/requirements.txt (line 3)) (0.10.4)
2025-08-24T21:17:39.9607447Z Requirement already satisfied: python-dateutil<3.0.0,>=2.1 in /opt/hostedtoolcache/Python/3.12.11/x64/lib/python3.12/site-packages (from botocore<1.35.0,>=1.34.162->boto3<2,>=1.16.39->python-amazon-sp-api==0.8.0->-r services/repricer/requirements.txt (line 3)) (2.9.0.post0)
2025-08-24T21:17:39.9619937Z Requirement already satisfied: urllib3!=2.2.0,<3,>=1.25.4 in /opt/hostedtoolcache/Python/3.12.11/x64/lib/python3.12/site-packages (from botocore<1.35.0,>=1.34.162->boto3<2,>=1.16.39->python-amazon-sp-api==0.8.0->-r services/repricer/requirements.txt (line 3)) (2.5.0)
2025-08-24T21:17:39.9638946Z Requirement already satisfied: pyyaml in /opt/hostedtoolcache/Python/3.12.11/x64/lib/python3.12/site-packages (from confuse~=1.4.0->python-amazon-sp-api==0.8.0->-r services/repricer/requirements.txt (line 3)) (6.0.2)
2025-08-24T21:17:39.9671563Z Requirement already satisfied: annotated-types>=0.6.0 in /opt/hostedtoolcache/Python/3.12.11/x64/lib/python3.12/site-packages (from pydantic>=2.3.0->pydantic-settings==2.2.1->-r services/repricer/requirements.txt (line 2)) (0.7.0)
2025-08-24T21:17:39.9676739Z Requirement already satisfied: pydantic-core==2.33.2 in /opt/hostedtoolcache/Python/3.12.11/x64/lib/python3.12/site-packages (from pydantic>=2.3.0->pydantic-settings==2.2.1->-r services/repricer/requirements.txt (line 2)) (2.33.2)
2025-08-24T21:17:39.9684352Z Requirement already satisfied: typing-inspection>=0.4.0 in /opt/hostedtoolcache/Python/3.12.11/x64/lib/python3.12/site-packages (from pydantic>=2.3.0->pydantic-settings==2.2.1->-r services/repricer/requirements.txt (line 2)) (0.4.1)
2025-08-24T21:17:39.9746888Z Requirement already satisfied: anyio<5,>=3.4.0 in /opt/hostedtoolcache/Python/3.12.11/x64/lib/python3.12/site-packages (from starlette<0.38.0,>=0.37.2->fastapi==0.111.0->-r services/repricer/requirements.txt (line 4)) (4.10.0)
2025-08-24T21:17:39.9766904Z Requirement already satisfied: idna>=2.8 in /opt/hostedtoolcache/Python/3.12.11/x64/lib/python3.12/site-packages (from anyio<5,>=3.4.0->starlette<0.38.0,>=0.37.2->fastapi==0.111.0->-r services/repricer/requirements.txt (line 4)) (3.10)
2025-08-24T21:17:39.9772161Z Requirement already satisfied: sniffio>=1.1 in /opt/hostedtoolcache/Python/3.12.11/x64/lib/python3.12/site-packages (from anyio<5,>=3.4.0->starlette<0.38.0,>=0.37.2->fastapi==0.111.0->-r services/repricer/requirements.txt (line 4)) (1.3.1)
2025-08-24T21:17:39.9829972Z Requirement already satisfied: dnspython>=2.0.0 in /opt/hostedtoolcache/Python/3.12.11/x64/lib/python3.12/site-packages (from email_validator>=2.0.0->fastapi==0.111.0->-r services/repricer/requirements.txt (line 4)) (2.7.0)
2025-08-24T21:17:39.9880413Z Requirement already satisfied: typer>=0.15.1 in /opt/hostedtoolcache/Python/3.12.11/x64/lib/python3.12/site-packages (from fastapi-cli>=0.0.2->fastapi==0.111.0->-r services/repricer/requirements.txt (line 4)) (0.16.1)
2025-08-24T21:17:39.9892120Z Requirement already satisfied: rich-toolkit>=0.14.8 in /opt/hostedtoolcache/Python/3.12.11/x64/lib/python3.12/site-packages (from fastapi-cli>=0.0.2->fastapi==0.111.0->-r services/repricer/requirements.txt (line 4)) (0.15.0)
2025-08-24T21:17:39.9934346Z Requirement already satisfied: certifi in /opt/hostedtoolcache/Python/3.12.11/x64/lib/python3.12/site-packages (from httpx>=0.23.0->fastapi==0.111.0->-r services/repricer/requirements.txt (line 4)) (2025.8.3)
2025-08-24T21:17:39.9940601Z Requirement already satisfied: httpcore==1.* in /opt/hostedtoolcache/Python/3.12.11/x64/lib/python3.12/site-packages (from httpx>=0.23.0->fastapi==0.111.0->-r services/repricer/requirements.txt (line 4)) (1.0.9)
2025-08-24T21:17:39.9999288Z Requirement already satisfied: MarkupSafe>=2.0 in /opt/hostedtoolcache/Python/3.12.11/x64/lib/python3.12/site-packages (from jinja2>=2.11.2->fastapi==0.111.0->-r services/repricer/requirements.txt (line 4)) (3.0.2)
2025-08-24T21:17:40.0058609Z Requirement already satisfied: rich>=13.7.1 in /opt/hostedtoolcache/Python/3.12.11/x64/lib/python3.12/site-packages (from rich-toolkit>=0.14.8->fastapi-cli>=0.0.2->fastapi==0.111.0->-r services/repricer/requirements.txt (line 4)) (14.1.0)
2025-08-24T21:17:40.0082615Z Requirement already satisfied: markdown-it-py>=2.2.0 in /opt/hostedtoolcache/Python/3.12.11/x64/lib/python3.12/site-packages (from rich>=13.7.1->rich-toolkit>=0.14.8->fastapi-cli>=0.0.2->fastapi==0.111.0->-r services/repricer/requirements.txt (line 4)) (4.0.0)
2025-08-24T21:17:40.0090551Z Requirement already satisfied: pygments<3.0.0,>=2.13.0 in /opt/hostedtoolcache/Python/3.12.11/x64/lib/python3.12/site-packages (from rich>=13.7.1->rich-toolkit>=0.14.8->fastapi-cli>=0.0.2->fastapi==0.111.0->-r services/repricer/requirements.txt (line 4)) (2.19.2)
2025-08-24T21:17:40.0118884Z Requirement already satisfied: mdurl~=0.1 in /opt/hostedtoolcache/Python/3.12.11/x64/lib/python3.12/site-packages (from markdown-it-py>=2.2.0->rich>=13.7.1->rich-toolkit>=0.14.8->fastapi-cli>=0.0.2->fastapi==0.111.0->-r services/repricer/requirements.txt (line 4)) (0.1.2)
2025-08-24T21:17:40.0185627Z Requirement already satisfied: shellingham>=1.3.0 in /opt/hostedtoolcache/Python/3.12.11/x64/lib/python3.12/site-packages (from typer>=0.15.1->fastapi-cli>=0.0.2->fastapi==0.111.0->-r services/repricer/requirements.txt (line 4)) (1.5.4)
2025-08-24T21:17:40.0259393Z Requirement already satisfied: httptools>=0.5.0 in /opt/hostedtoolcache/Python/3.12.11/x64/lib/python3.12/site-packages (from uvicorn[standard]>=0.12.0->fastapi==0.111.0->-r services/repricer/requirements.txt (line 4)) (0.6.4)
2025-08-24T21:17:40.0276382Z Requirement already satisfied: uvloop!=0.15.0,!=0.15.1,>=0.14.0 in /opt/hostedtoolcache/Python/3.12.11/x64/lib/python3.12/site-packages (from uvicorn[standard]>=0.12.0->fastapi==0.111.0->-r services/repricer/requirements.txt (line 4)) (0.21.0)
2025-08-24T21:17:40.0285200Z Requirement already satisfied: watchfiles>=0.13 in /opt/hostedtoolcache/Python/3.12.11/x64/lib/python3.12/site-packages (from uvicorn[standard]>=0.12.0->fastapi==0.111.0->-r services/repricer/requirements.txt (line 4)) (1.1.0)
2025-08-24T21:17:40.0293684Z Requirement already satisfied: websockets>=10.4 in /opt/hostedtoolcache/Python/3.12.11/x64/lib/python3.12/site-packages (from uvicorn[standard]>=0.12.0->fastapi==0.111.0->-r services/repricer/requirements.txt (line 4)) (15.0.1)
2025-08-24T21:17:40.0426726Z Requirement already satisfied: charset_normalizer<4,>=2 in /opt/hostedtoolcache/Python/3.12.11/x64/lib/python3.12/site-packages (from requests->python-amazon-sp-api==0.8.0->-r services/repricer/requirements.txt (line 3)) (3.4.3)
2025-08-24T21:17:40.7551942Z Collecting celery==5.4.* (from celery[redis]==5.4.*->-r services/fees_h10/requirements.txt (line 1))
2025-08-24T21:17:40.7564867Z   Using cached celery-5.4.0-py3-none-any.whl.metadata (21 kB)
2025-08-24T21:17:40.7774397Z Requirement already satisfied: asyncpg in /opt/hostedtoolcache/Python/3.12.11/x64/lib/python3.12/site-packages (from -r services/fees_h10/requirements.txt (line 2)) (0.29.0)
2025-08-24T21:17:40.7778139Z Requirement already satisfied: httpx in /opt/hostedtoolcache/Python/3.12.11/x64/lib/python3.12/site-packages (from -r services/fees_h10/requirements.txt (line 3)) (0.27.2)
2025-08-24T21:17:40.7781588Z Requirement already satisfied: sqlalchemy in /opt/hostedtoolcache/Python/3.12.11/x64/lib/python3.12/site-packages (from -r services/fees_h10/requirements.txt (line 4)) (2.0.29)
2025-08-24T21:17:40.7793773Z Requirement already satisfied: billiard<5.0,>=4.2.0 in /opt/hostedtoolcache/Python/3.12.11/x64/lib/python3.12/site-packages (from celery==5.4.*->celery[redis]==5.4.*->-r services/fees_h10/requirements.txt (line 1)) (4.2.1)
2025-08-24T21:17:40.7799336Z Requirement already satisfied: kombu<6.0,>=5.3.4 in /opt/hostedtoolcache/Python/3.12.11/x64/lib/python3.12/site-packages (from celery==5.4.*->celery[redis]==5.4.*->-r services/fees_h10/requirements.txt (line 1)) (5.5.4)
2025-08-24T21:17:40.7804591Z Requirement already satisfied: vine<6.0,>=5.1.0 in /opt/hostedtoolcache/Python/3.12.11/x64/lib/python3.12/site-packages (from celery==5.4.*->celery[redis]==5.4.*->-r services/fees_h10/requirements.txt (line 1)) (5.1.0)
2025-08-24T21:17:40.7810030Z Requirement already satisfied: click<9.0,>=8.1.2 in /opt/hostedtoolcache/Python/3.12.11/x64/lib/python3.12/site-packages (from celery==5.4.*->celery[redis]==5.4.*->-r services/fees_h10/requirements.txt (line 1)) (8.2.1)
2025-08-24T21:17:40.7814895Z Requirement already satisfied: click-didyoumean>=0.3.0 in /opt/hostedtoolcache/Python/3.12.11/x64/lib/python3.12/site-packages (from celery==5.4.*->celery[redis]==5.4.*->-r services/fees_h10/requirements.txt (line 1)) (0.3.1)
2025-08-24T21:17:40.7819970Z Requirement already satisfied: click-repl>=0.2.0 in /opt/hostedtoolcache/Python/3.12.11/x64/lib/python3.12/site-packages (from celery==5.4.*->celery[redis]==5.4.*->-r services/fees_h10/requirements.txt (line 1)) (0.3.0)
2025-08-24T21:17:40.7824751Z Requirement already satisfied: click-plugins>=1.1.1 in /opt/hostedtoolcache/Python/3.12.11/x64/lib/python3.12/site-packages (from celery==5.4.*->celery[redis]==5.4.*->-r services/fees_h10/requirements.txt (line 1)) (1.1.1.2)
2025-08-24T21:17:40.7829744Z Requirement already satisfied: tzdata>=2022.7 in /opt/hostedtoolcache/Python/3.12.11/x64/lib/python3.12/site-packages (from celery==5.4.*->celery[redis]==5.4.*->-r services/fees_h10/requirements.txt (line 1)) (2025.2)
2025-08-24T21:17:40.7834699Z Requirement already satisfied: python-dateutil>=2.8.2 in /opt/hostedtoolcache/Python/3.12.11/x64/lib/python3.12/site-packages (from celery==5.4.*->celery[redis]==5.4.*->-r services/fees_h10/requirements.txt (line 1)) (2.9.0.post0)
2025-08-24T21:17:40.7873970Z Requirement already satisfied: redis!=4.5.5,<6.0.0,>=4.5.2 in /opt/hostedtoolcache/Python/3.12.11/x64/lib/python3.12/site-packages (from celery[redis]==5.4.*->-r services/fees_h10/requirements.txt (line 1)) (5.0.8)
2025-08-24T21:17:40.7895062Z Requirement already satisfied: amqp<6.0.0,>=5.1.1 in /opt/hostedtoolcache/Python/3.12.11/x64/lib/python3.12/site-packages (from kombu<6.0,>=5.3.4->celery==5.4.*->celery[redis]==5.4.*->-r services/fees_h10/requirements.txt (line 1)) (5.3.1)
2025-08-24T21:17:40.7906272Z Requirement already satisfied: packaging in /opt/hostedtoolcache/Python/3.12.11/x64/lib/python3.12/site-packages (from kombu<6.0,>=5.3.4->celery==5.4.*->celery[redis]==5.4.*->-r services/fees_h10/requirements.txt (line 1)) (25.0)
2025-08-24T21:17:40.7989153Z Requirement already satisfied: anyio in /opt/hostedtoolcache/Python/3.12.11/x64/lib/python3.12/site-packages (from httpx->-r services/fees_h10/requirements.txt (line 3)) (4.10.0)
2025-08-24T21:17:40.7992748Z Requirement already satisfied: certifi in /opt/hostedtoolcache/Python/3.12.11/x64/lib/python3.12/site-packages (from httpx->-r services/fees_h10/requirements.txt (line 3)) (2025.8.3)
2025-08-24T21:17:40.7997582Z Requirement already satisfied: httpcore==1.* in /opt/hostedtoolcache/Python/3.12.11/x64/lib/python3.12/site-packages (from httpx->-r services/fees_h10/requirements.txt (line 3)) (1.0.9)
2025-08-24T21:17:40.8001228Z Requirement already satisfied: idna in /opt/hostedtoolcache/Python/3.12.11/x64/lib/python3.12/site-packages (from httpx->-r services/fees_h10/requirements.txt (line 3)) (3.10)
2025-08-24T21:17:40.8004874Z Requirement already satisfied: sniffio in /opt/hostedtoolcache/Python/3.12.11/x64/lib/python3.12/site-packages (from httpx->-r services/fees_h10/requirements.txt (line 3)) (1.3.1)
2025-08-24T21:17:40.8029002Z Requirement already satisfied: h11>=0.16 in /opt/hostedtoolcache/Python/3.12.11/x64/lib/python3.12/site-packages (from httpcore==1.*->httpx->-r services/fees_h10/requirements.txt (line 3)) (0.16.0)
2025-08-24T21:17:40.8047132Z Requirement already satisfied: typing-extensions>=4.6.0 in /opt/hostedtoolcache/Python/3.12.11/x64/lib/python3.12/site-packages (from sqlalchemy->-r services/fees_h10/requirements.txt (line 4)) (4.14.1)
2025-08-24T21:17:40.8060421Z Requirement already satisfied: greenlet!=0.4.17 in /opt/hostedtoolcache/Python/3.12.11/x64/lib/python3.12/site-packages (from sqlalchemy->-r services/fees_h10/requirements.txt (line 4)) (3.2.4)
2025-08-24T21:17:40.8130640Z Requirement already satisfied: prompt-toolkit>=3.0.36 in /opt/hostedtoolcache/Python/3.12.11/x64/lib/python3.12/site-packages (from click-repl>=0.2.0->celery==5.4.*->celery[redis]==5.4.*->-r services/fees_h10/requirements.txt (line 1)) (3.0.51)
2025-08-24T21:17:40.8167495Z Requirement already satisfied: wcwidth in /opt/hostedtoolcache/Python/3.12.11/x64/lib/python3.12/site-packages (from prompt-toolkit>=3.0.36->click-repl>=0.2.0->celery==5.4.*->celery[redis]==5.4.*->-r services/fees_h10/requirements.txt (line 1)) (0.2.13)
2025-08-24T21:17:40.8180957Z Requirement already satisfied: six>=1.5 in /opt/hostedtoolcache/Python/3.12.11/x64/lib/python3.12/site-packages (from python-dateutil>=2.8.2->celery==5.4.*->celery[redis]==5.4.*->-r services/fees_h10/requirements.txt (line 1)) (1.17.0)
2025-08-24T21:17:40.8291253Z Using cached celery-5.4.0-py3-none-any.whl (425 kB)
2025-08-24T21:17:40.9651040Z Installing collected packages: celery
2025-08-24T21:17:40.9652273Z   Attempting uninstall: celery
2025-08-24T21:17:40.9711340Z     Found existing installation: celery 5.3.6
2025-08-24T21:17:40.9858191Z     Uninstalling celery-5.3.6:
2025-08-24T21:17:40.9885903Z       Successfully uninstalled celery-5.3.6
2025-08-24T21:17:41.3099180Z Successfully installed celery-5.4.0
2025-08-24T21:17:41.8318048Z Collecting python-telegram-bot==20.8 (from -r services/alert_bot/requirements.txt (line 1))
2025-08-24T21:17:41.8331060Z   Using cached python_telegram_bot-20.8-py3-none-any.whl.metadata (15 kB)
2025-08-24T21:17:41.8647789Z Collecting APScheduler==3.10.4 (from -r services/alert_bot/requirements.txt (line 2))
2025-08-24T21:17:41.8658982Z   Using cached APScheduler-3.10.4-py3-none-any.whl.metadata (5.7 kB)
2025-08-24T21:17:41.8701757Z Requirement already satisfied: asyncpg in /opt/hostedtoolcache/Python/3.12.11/x64/lib/python3.12/site-packages (from -r services/alert_bot/requirements.txt (line 3)) (0.29.0)
2025-08-24T21:17:41.8975731Z Collecting httpx~=0.26.0 (from python-telegram-bot==20.8->-r services/alert_bot/requirements.txt (line 1))
2025-08-24T21:17:41.8987885Z   Using cached httpx-0.26.0-py3-none-any.whl.metadata (7.6 kB)
2025-08-24T21:17:41.9027209Z Requirement already satisfied: six>=1.4.0 in /opt/hostedtoolcache/Python/3.12.11/x64/lib/python3.12/site-packages (from APScheduler==3.10.4->-r services/alert_bot/requirements.txt (line 2)) (1.17.0)
2025-08-24T21:17:41.9030667Z Requirement already satisfied: pytz in /opt/hostedtoolcache/Python/3.12.11/x64/lib/python3.12/site-packages (from APScheduler==3.10.4->-r services/alert_bot/requirements.txt (line 2)) (2025.2)
2025-08-24T21:17:41.9268833Z Collecting tzlocal!=3.*,>=2.0 (from APScheduler==3.10.4->-r services/alert_bot/requirements.txt (line 2))
2025-08-24T21:17:41.9279895Z   Using cached tzlocal-5.3.1-py3-none-any.whl.metadata (7.6 kB)
2025-08-24T21:17:41.9310666Z Requirement already satisfied: anyio in /opt/hostedtoolcache/Python/3.12.11/x64/lib/python3.12/site-packages (from httpx~=0.26.0->python-telegram-bot==20.8->-r services/alert_bot/requirements.txt (line 1)) (4.10.0)
2025-08-24T21:17:41.9313848Z Requirement already satisfied: certifi in /opt/hostedtoolcache/Python/3.12.11/x64/lib/python3.12/site-packages (from httpx~=0.26.0->python-telegram-bot==20.8->-r services/alert_bot/requirements.txt (line 1)) (2025.8.3)
2025-08-24T21:17:41.9318960Z Requirement already satisfied: httpcore==1.* in /opt/hostedtoolcache/Python/3.12.11/x64/lib/python3.12/site-packages (from httpx~=0.26.0->python-telegram-bot==20.8->-r services/alert_bot/requirements.txt (line 1)) (1.0.9)
2025-08-24T21:17:41.9322034Z Requirement already satisfied: idna in /opt/hostedtoolcache/Python/3.12.11/x64/lib/python3.12/site-packages (from httpx~=0.26.0->python-telegram-bot==20.8->-r services/alert_bot/requirements.txt (line 1)) (3.10)
2025-08-24T21:17:41.9325659Z Requirement already satisfied: sniffio in /opt/hostedtoolcache/Python/3.12.11/x64/lib/python3.12/site-packages (from httpx~=0.26.0->python-telegram-bot==20.8->-r services/alert_bot/requirements.txt (line 1)) (1.3.1)
2025-08-24T21:17:41.9340644Z Requirement already satisfied: h11>=0.16 in /opt/hostedtoolcache/Python/3.12.11/x64/lib/python3.12/site-packages (from httpcore==1.*->httpx~=0.26.0->python-telegram-bot==20.8->-r services/alert_bot/requirements.txt (line 1)) (0.16.0)
2025-08-24T21:17:41.9390311Z Requirement already satisfied: typing_extensions>=4.5 in /opt/hostedtoolcache/Python/3.12.11/x64/lib/python3.12/site-packages (from anyio->httpx~=0.26.0->python-telegram-bot==20.8->-r services/alert_bot/requirements.txt (line 1)) (4.14.1)
2025-08-24T21:17:41.9440752Z Using cached python_telegram_bot-20.8-py3-none-any.whl (604 kB)
2025-08-24T21:17:41.9457174Z Using cached APScheduler-3.10.4-py3-none-any.whl (59 kB)
2025-08-24T21:17:41.9467957Z Using cached httpx-0.26.0-py3-none-any.whl (75 kB)
2025-08-24T21:17:41.9479101Z Using cached tzlocal-5.3.1-py3-none-any.whl (18 kB)
2025-08-24T21:17:42.0933092Z Installing collected packages: tzlocal, httpx, APScheduler, python-telegram-bot
2025-08-24T21:17:42.1062055Z   Attempting uninstall: httpx
2025-08-24T21:17:42.1093480Z     Found existing installation: httpx 0.27.2
2025-08-24T21:17:42.1131853Z     Uninstalling httpx-0.27.2:
2025-08-24T21:17:42.1145183Z       Successfully uninstalled httpx-0.27.2
2025-08-24T21:17:42.5257314Z 
2025-08-24T21:17:42.5341196Z Successfully installed APScheduler-3.10.4 httpx-0.26.0 python-telegram-bot-20.8 tzlocal-5.3.1
2025-08-24T21:17:43.1313808Z Collecting Jinja2==3.1.6 (from -r requirements-dev.txt (line 2))
2025-08-24T21:17:43.1326951Z   Using cached jinja2-3.1.6-py3-none-any.whl.metadata (2.9 kB)
2025-08-24T21:17:43.1900727Z Collecting alembic==1.16.4 (from -r requirements-dev.txt (line 3))
2025-08-24T21:17:43.1912115Z   Using cached alembic-1.16.4-py3-none-any.whl.metadata (7.3 kB)
2025-08-24T21:17:43.1935343Z Requirement already satisfied: apscheduler==3.10.4 in /opt/hostedtoolcache/Python/3.12.11/x64/lib/python3.12/site-packages (from -r requirements-dev.txt (line 4)) (3.10.4)
2025-08-24T21:17:43.1940172Z Requirement already satisfied: asgi-correlation-id==4.3.1 in /opt/hostedtoolcache/Python/3.12.11/x64/lib/python3.12/site-packages (from -r requirements-dev.txt (line 5)) (4.3.1)
2025-08-24T21:17:43.2684579Z Collecting asyncpg==0.30.0 (from -r requirements-dev.txt (line 6))
2025-08-24T21:17:43.2696876Z   Using cached asyncpg-0.30.0-cp312-cp312-manylinux_2_17_x86_64.manylinux2014_x86_64.whl.metadata (5.0 kB)
2025-08-24T21:17:43.3496269Z Collecting black==25.1.0 (from -r requirements-dev.txt (line 7))
2025-08-24T21:17:43.3507522Z   Using cached black-25.1.0-cp312-cp312-manylinux_2_17_x86_64.manylinux2014_x86_64.manylinux_2_28_x86_64.whl.metadata (81 kB)
2025-08-24T21:17:43.3592332Z Requirement already satisfied: boto3 in /opt/hostedtoolcache/Python/3.12.11/x64/lib/python3.12/site-packages (from -r requirements-dev.txt (line 8)) (1.34.162)
2025-08-24T21:17:43.4304661Z Collecting redis==6.* (from -r requirements-dev.txt (line 9))
2025-08-24T21:17:43.4316697Z   Using cached redis-6.4.0-py3-none-any.whl.metadata (10 kB)
2025-08-24T21:17:43.4348132Z Requirement already satisfied: minio==7.* in /opt/hostedtoolcache/Python/3.12.11/x64/lib/python3.12/site-packages (from -r requirements-dev.txt (line 10)) (7.1.15)
2025-08-24T21:17:43.4885634Z Collecting vulture==2.10 (from -r requirements-dev.txt (line 11))
2025-08-24T21:17:43.4897095Z   Using cached vulture-2.10-py2.py3-none-any.whl.metadata (23 kB)
2025-08-24T21:17:43.5563291Z Collecting celery==5.5.3 (from -r requirements-dev.txt (line 12))
2025-08-24T21:17:43.5574723Z   Using cached celery-5.5.3-py3-none-any.whl.metadata (22 kB)
2025-08-24T21:17:43.6514329Z Collecting fastapi==0.116.1 (from -r requirements-dev.txt (line 13))
2025-08-24T21:17:43.6526688Z   Using cached fastapi-0.116.1-py3-none-any.whl.metadata (28 kB)
2025-08-24T21:17:43.6597206Z Requirement already satisfied: fastapi-limiter==0.1.6 in /opt/hostedtoolcache/Python/3.12.11/x64/lib/python3.12/site-packages (from -r requirements-dev.txt (line 15)) (0.1.6)
2025-08-24T21:17:43.7124322Z Collecting httpx<0.29,>=0.27 (from -r requirements-dev.txt (line 16))
2025-08-24T21:17:43.7136381Z   Using cached httpx-0.28.1-py3-none-any.whl.metadata (7.1 kB)
2025-08-24T21:17:43.7170455Z Requirement already satisfied: imapclient==3.0.1 in /opt/hostedtoolcache/Python/3.12.11/x64/lib/python3.12/site-packages (from -r requirements-dev.txt (line 17)) (3.0.1)
2025-08-24T21:17:43.7616880Z Collecting itsdangerous (from -r requirements-dev.txt (line 18))
2025-08-24T21:17:43.7628917Z   Using cached itsdangerous-2.2.0-py3-none-any.whl.metadata (1.9 kB)
2025-08-24T21:17:43.8965647Z Collecting mypy==1.* (from -r requirements-dev.txt (line 19))
2025-08-24T21:17:43.8978827Z   Using cached mypy-1.17.1-cp312-cp312-manylinux2014_x86_64.manylinux_2_17_x86_64.manylinux_2_28_x86_64.whl.metadata (2.2 kB)
2025-08-24T21:17:43.9008098Z Requirement already satisfied: mypy-extensions==1.1.0 in /opt/hostedtoolcache/Python/3.12.11/x64/lib/python3.12/site-packages (from -r requirements-dev.txt (line 20)) (1.1.0)
2025-08-24T21:17:43.9012966Z Requirement already satisfied: numpy<2 in /opt/hostedtoolcache/Python/3.12.11/x64/lib/python3.12/site-packages (from -r requirements-dev.txt (line 21)) (1.26.4)
2025-08-24T21:17:43.9017738Z Requirement already satisfied: openpyxl==3.1.5 in /opt/hostedtoolcache/Python/3.12.11/x64/lib/python3.12/site-packages (from -r requirements-dev.txt (line 22)) (3.1.5)
2025-08-24T21:17:43.9022754Z Requirement already satisfied: pandas==2.2.* in /opt/hostedtoolcache/Python/3.12.11/x64/lib/python3.12/site-packages (from -r requirements-dev.txt (line 23)) (2.2.3)
2025-08-24T21:17:43.9027777Z Requirement already satisfied: psycopg2-binary==2.9.10 in /opt/hostedtoolcache/Python/3.12.11/x64/lib/python3.12/site-packages (from -r requirements-dev.txt (line 24)) (2.9.10)
2025-08-24T21:17:43.9033566Z Requirement already satisfied: psycopg==3.2.9 in /opt/hostedtoolcache/Python/3.12.11/x64/lib/python3.12/site-packages (from psycopg[binary]==3.2.9->-r requirements-dev.txt (line 25)) (3.2.9)
2025-08-24T21:17:43.9038429Z Requirement already satisfied: pydantic==2.11.7 in /opt/hostedtoolcache/Python/3.12.11/x64/lib/python3.12/site-packages (from -r requirements-dev.txt (line 26)) (2.11.7)
2025-08-24T21:17:44.0558556Z Collecting setuptools (from -r requirements-dev.txt (line 27))
2025-08-24T21:17:44.0570492Z   Using cached setuptools-80.9.0-py3-none-any.whl.metadata (6.6 kB)
2025-08-24T21:17:44.1175992Z Collecting pytest-asyncio==1.1.0 (from -r requirements-dev.txt (line 28))
2025-08-24T21:17:44.1188252Z   Using cached pytest_asyncio-1.1.0-py3-none-any.whl.metadata (4.1 kB)
2025-08-24T21:17:44.1692636Z Collecting pytest-cov==6.2.1 (from -r requirements-dev.txt (line 29))
2025-08-24T21:17:44.1703843Z   Using cached pytest_cov-6.2.1-py3-none-any.whl.metadata (30 kB)
2025-08-24T21:17:44.2224124Z Collecting pytest-postgresql==7.0.2 (from -r requirements-dev.txt (line 30))
2025-08-24T21:17:44.2234985Z   Using cached pytest_postgresql-7.0.2-py3-none-any.whl.metadata (18 kB)
2025-08-24T21:17:44.2265934Z Requirement already satisfied: python-dotenv in /opt/hostedtoolcache/Python/3.12.11/x64/lib/python3.12/site-packages (from -r requirements-dev.txt (line 31)) (1.1.1)
2025-08-24T21:17:44.2269399Z Requirement already satisfied: python-multipart in /opt/hostedtoolcache/Python/3.12.11/x64/lib/python3.12/site-packages (from -r requirements-dev.txt (line 32)) (0.0.20)
2025-08-24T21:17:44.2909037Z Collecting python-telegram-bot==22.3 (from -r requirements-dev.txt (line 33))
2025-08-24T21:17:44.2920275Z   Using cached python_telegram_bot-22.3-py3-none-any.whl.metadata (17 kB)
2025-08-24T21:17:44.3551190Z Collecting requests==2.32.4 (from -r requirements-dev.txt (line 34))
2025-08-24T21:17:44.3562716Z   Using cached requests-2.32.4-py3-none-any.whl.metadata (4.9 kB)
2025-08-24T21:17:44.4067100Z Collecting respx==0.22.0 (from -r requirements-dev.txt (line 35))
2025-08-24T21:17:44.4078370Z   Using cached respx-0.22.0-py2.py3-none-any.whl.metadata (4.1 kB)
2025-08-24T21:17:44.9410487Z Collecting ruff==0.9.9 (from -r requirements-dev.txt (line 36))
2025-08-24T21:17:44.9423659Z   Using cached ruff-0.9.9-py3-none-manylinux_2_17_x86_64.manylinux2014_x86_64.whl.metadata (25 kB)
2025-08-24T21:17:45.2299683Z Collecting sqlalchemy==2.0.43 (from -r requirements-dev.txt (line 37))
2025-08-24T21:17:45.2312899Z   Using cached sqlalchemy-2.0.43-cp312-cp312-manylinux_2_17_x86_64.manylinux2014_x86_64.whl.metadata (9.6 kB)
2025-08-24T21:17:45.2412027Z Requirement already satisfied: structlog==24.1.0 in /opt/hostedtoolcache/Python/3.12.11/x64/lib/python3.12/site-packages (from -r requirements-dev.txt (line 38)) (24.1.0)
2025-08-24T21:17:45.2926503Z Collecting testcontainers==4.12.0 (from testcontainers[postgres]==4.12.0->-r requirements-dev.txt (line 39))
2025-08-24T21:17:45.2937654Z   Using cached testcontainers-4.12.0-py3-none-any.whl.metadata (8.3 kB)
2025-08-24T21:17:45.3679976Z Collecting types-requests==2.32.4.20250809 (from -r requirements-dev.txt (line 40))
2025-08-24T21:17:45.3691321Z   Using cached types_requests-2.32.4.20250809-py3-none-any.whl.metadata (2.0 kB)
2025-08-24T21:17:45.4772256Z Collecting docspec-python==2.2.2 (from -r requirements-dev.txt (line 41))
2025-08-24T21:17:45.4783314Z   Using cached docspec_python-2.2.2-py3-none-any.whl.metadata (1.0 kB)
2025-08-24T21:17:45.5858585Z Collecting pydoc-markdown==4.8.2 (from -r requirements-dev.txt (line 42))
2025-08-24T21:17:45.5869634Z   Using cached pydoc_markdown-4.8.2-py3-none-any.whl.metadata (5.9 kB)
2025-08-24T21:17:45.5901270Z Requirement already satisfied: pandera==0.19.* in /opt/hostedtoolcache/Python/3.12.11/x64/lib/python3.12/site-packages (from -r requirements-dev.txt (line 43)) (0.19.3)
2025-08-24T21:17:45.5918110Z Requirement already satisfied: MarkupSafe>=2.0 in /opt/hostedtoolcache/Python/3.12.11/x64/lib/python3.12/site-packages (from Jinja2==3.1.6->-r requirements-dev.txt (line 2)) (3.0.2)
2025-08-24T21:17:45.6059057Z Requirement already satisfied: Mako in /opt/hostedtoolcache/Python/3.12.11/x64/lib/python3.12/site-packages (from alembic==1.16.4->-r requirements-dev.txt (line 3)) (1.3.10)
2025-08-24T21:17:45.6063629Z Requirement already satisfied: typing-extensions>=4.12 in /opt/hostedtoolcache/Python/3.12.11/x64/lib/python3.12/site-packages (from alembic==1.16.4->-r requirements-dev.txt (line 3)) (4.14.1)
2025-08-24T21:17:45.6079055Z Requirement already satisfied: six>=1.4.0 in /opt/hostedtoolcache/Python/3.12.11/x64/lib/python3.12/site-packages (from apscheduler==3.10.4->-r requirements-dev.txt (line 4)) (1.17.0)
2025-08-24T21:17:45.6083968Z Requirement already satisfied: pytz in /opt/hostedtoolcache/Python/3.12.11/x64/lib/python3.12/site-packages (from apscheduler==3.10.4->-r requirements-dev.txt (line 4)) (2025.2)
2025-08-24T21:17:45.6091548Z Requirement already satisfied: tzlocal!=3.*,>=2.0 in /opt/hostedtoolcache/Python/3.12.11/x64/lib/python3.12/site-packages (from apscheduler==3.10.4->-r requirements-dev.txt (line 4)) (5.3.1)
2025-08-24T21:17:45.6125964Z Requirement already satisfied: starlette>=0.18 in /opt/hostedtoolcache/Python/3.12.11/x64/lib/python3.12/site-packages (from asgi-correlation-id==4.3.1->-r requirements-dev.txt (line 5)) (0.37.2)
2025-08-24T21:17:45.6146816Z Requirement already satisfied: click>=8.0.0 in /opt/hostedtoolcache/Python/3.12.11/x64/lib/python3.12/site-packages (from black==25.1.0->-r requirements-dev.txt (line 7)) (8.2.1)
2025-08-24T21:17:45.6151705Z Requirement already satisfied: packaging>=22.0 in /opt/hostedtoolcache/Python/3.12.11/x64/lib/python3.12/site-packages (from black==25.1.0->-r requirements-dev.txt (line 7)) (25.0)
2025-08-24T21:17:45.6604771Z Collecting pathspec>=0.9.0 (from black==25.1.0->-r requirements-dev.txt (line 7))
2025-08-24T21:17:45.6616515Z   Using cached pathspec-0.12.1-py3-none-any.whl.metadata (21 kB)
2025-08-24T21:17:45.7142733Z Collecting platformdirs>=2 (from black==25.1.0->-r requirements-dev.txt (line 7))
2025-08-24T21:17:45.7154375Z   Using cached platformdirs-4.3.8-py3-none-any.whl.metadata (12 kB)
2025-08-24T21:17:45.7627851Z Collecting toml (from vulture==2.10->-r requirements-dev.txt (line 11))
2025-08-24T21:17:45.7639323Z   Using cached toml-0.10.2-py2.py3-none-any.whl.metadata (7.1 kB)
2025-08-24T21:17:45.7668780Z Requirement already satisfied: billiard<5.0,>=4.2.1 in /opt/hostedtoolcache/Python/3.12.11/x64/lib/python3.12/site-packages (from celery==5.5.3->-r requirements-dev.txt (line 12)) (4.2.1)
2025-08-24T21:17:45.7673875Z Requirement already satisfied: kombu<5.6,>=5.5.2 in /opt/hostedtoolcache/Python/3.12.11/x64/lib/python3.12/site-packages (from celery==5.5.3->-r requirements-dev.txt (line 12)) (5.5.4)
2025-08-24T21:17:45.7679053Z Requirement already satisfied: vine<6.0,>=5.1.0 in /opt/hostedtoolcache/Python/3.12.11/x64/lib/python3.12/site-packages (from celery==5.5.3->-r requirements-dev.txt (line 12)) (5.1.0)
2025-08-24T21:17:45.7685335Z Requirement already satisfied: click-didyoumean>=0.3.0 in /opt/hostedtoolcache/Python/3.12.11/x64/lib/python3.12/site-packages (from celery==5.5.3->-r requirements-dev.txt (line 12)) (0.3.1)
2025-08-24T21:17:45.7690528Z Requirement already satisfied: click-repl>=0.2.0 in /opt/hostedtoolcache/Python/3.12.11/x64/lib/python3.12/site-packages (from celery==5.5.3->-r requirements-dev.txt (line 12)) (0.3.0)
2025-08-24T21:17:45.7695343Z Requirement already satisfied: click-plugins>=1.1.1 in /opt/hostedtoolcache/Python/3.12.11/x64/lib/python3.12/site-packages (from celery==5.5.3->-r requirements-dev.txt (line 12)) (1.1.1.2)
2025-08-24T21:17:45.7700978Z Requirement already satisfied: python-dateutil>=2.8.2 in /opt/hostedtoolcache/Python/3.12.11/x64/lib/python3.12/site-packages (from celery==5.5.3->-r requirements-dev.txt (line 12)) (2.9.0.post0)
2025-08-24T21:17:45.8370356Z Collecting starlette>=0.18 (from asgi-correlation-id==4.3.1->-r requirements-dev.txt (line 5))
2025-08-24T21:17:45.9001733Z   Downloading starlette-0.47.3-py3-none-any.whl.metadata (6.2 kB)
2025-08-24T21:17:45.9080546Z Requirement already satisfied: annotated-types>=0.6.0 in /opt/hostedtoolcache/Python/3.12.11/x64/lib/python3.12/site-packages (from pydantic==2.11.7->-r requirements-dev.txt (line 26)) (0.7.0)
2025-08-24T21:17:45.9086537Z Requirement already satisfied: pydantic-core==2.33.2 in /opt/hostedtoolcache/Python/3.12.11/x64/lib/python3.12/site-packages (from pydantic==2.11.7->-r requirements-dev.txt (line 26)) (2.33.2)
2025-08-24T21:17:45.9094551Z Requirement already satisfied: typing-inspection>=0.4.0 in /opt/hostedtoolcache/Python/3.12.11/x64/lib/python3.12/site-packages (from pydantic==2.11.7->-r requirements-dev.txt (line 26)) (0.4.1)
2025-08-24T21:17:45.9259257Z Requirement already satisfied: et-xmlfile in /opt/hostedtoolcache/Python/3.12.11/x64/lib/python3.12/site-packages (from openpyxl==3.1.5->-r requirements-dev.txt (line 22)) (2.0.0)
2025-08-24T21:17:46.0017987Z Collecting pytest<9,>=8.2 (from pytest-asyncio==1.1.0->-r requirements-dev.txt (line 28))
2025-08-24T21:17:46.0030666Z   Using cached pytest-8.4.1-py3-none-any.whl.metadata (7.7 kB)
2025-08-24T21:17:46.4053659Z Collecting coverage>=7.5 (from coverage[toml]>=7.5->pytest-cov==6.2.1->-r requirements-dev.txt (line 29))
2025-08-24T21:17:46.4066431Z   Using cached coverage-7.10.5-cp312-cp312-manylinux1_x86_64.manylinux_2_28_x86_64.manylinux_2_5_x86_64.whl.metadata (8.9 kB)
2025-08-24T21:17:46.4565059Z Collecting pluggy>=1.2 (from pytest-cov==6.2.1->-r requirements-dev.txt (line 29))
2025-08-24T21:17:46.4576425Z   Using cached pluggy-1.6.0-py3-none-any.whl.metadata (4.8 kB)
2025-08-24T21:17:46.5145189Z Collecting port-for>=0.7.3 (from pytest-postgresql==7.0.2->-r requirements-dev.txt (line 30))
2025-08-24T21:17:46.5156223Z   Using cached port_for-0.7.4-py3-none-any.whl.metadata (7.1 kB)
2025-08-24T21:17:46.5650076Z Collecting mirakuru>=2.6.0 (from pytest-postgresql==7.0.2->-r requirements-dev.txt (line 30))
2025-08-24T21:17:46.5661101Z   Using cached mirakuru-2.6.1-py3-none-any.whl.metadata (10 kB)
2025-08-24T21:17:46.5713851Z Requirement already satisfied: charset_normalizer<4,>=2 in /opt/hostedtoolcache/Python/3.12.11/x64/lib/python3.12/site-packages (from requests==2.32.4->-r requirements-dev.txt (line 34)) (3.4.3)
2025-08-24T21:17:46.5718300Z Requirement already satisfied: idna<4,>=2.5 in /opt/hostedtoolcache/Python/3.12.11/x64/lib/python3.12/site-packages (from requests==2.32.4->-r requirements-dev.txt (line 34)) (3.10)
2025-08-24T21:17:46.5721821Z Requirement already satisfied: urllib3<3,>=1.21.1 in /opt/hostedtoolcache/Python/3.12.11/x64/lib/python3.12/site-packages (from requests==2.32.4->-r requirements-dev.txt (line 34)) (2.5.0)
2025-08-24T21:17:46.5725509Z Requirement already satisfied: certifi>=2017.4.17 in /opt/hostedtoolcache/Python/3.12.11/x64/lib/python3.12/site-packages (from requests==2.32.4->-r requirements-dev.txt (line 34)) (2025.8.3)
2025-08-24T21:17:46.5809395Z Requirement already satisfied: greenlet>=1 in /opt/hostedtoolcache/Python/3.12.11/x64/lib/python3.12/site-packages (from sqlalchemy==2.0.43->-r requirements-dev.txt (line 37)) (3.2.4)
2025-08-24T21:17:46.6389858Z Collecting docker (from testcontainers==4.12.0->testcontainers[postgres]==4.12.0->-r requirements-dev.txt (line 39))
2025-08-24T21:17:46.6400309Z   Using cached docker-7.1.0-py3-none-any.whl.metadata (3.8 kB)
2025-08-24T21:17:46.6440437Z Requirement already satisfied: wrapt in /opt/hostedtoolcache/Python/3.12.11/x64/lib/python3.12/site-packages (from testcontainers==4.12.0->testcontainers[postgres]==4.12.0->-r requirements-dev.txt (line 39)) (1.17.3)
2025-08-24T21:17:46.7474948Z Collecting docspec==2.2.1 (from docspec-python==2.2.2->-r requirements-dev.txt (line 41))
2025-08-24T21:17:46.7485929Z   Using cached docspec-2.2.1-py3-none-any.whl.metadata (1.5 kB)
2025-08-24T21:17:46.8525568Z Collecting nr-util>=0.8.12 (from docspec-python==2.2.2->-r requirements-dev.txt (line 41))
2025-08-24T21:17:46.8536120Z   Using cached nr.util-0.8.12-py3-none-any.whl.metadata (813 bytes)
2025-08-24T21:17:46.8573525Z Requirement already satisfied: PyYAML<7.0,>=5.0 in /opt/hostedtoolcache/Python/3.12.11/x64/lib/python3.12/site-packages (from pydoc-markdown==4.8.2->-r requirements-dev.txt (line 42)) (6.0.2)
2025-08-24T21:17:46.9681719Z Collecting databind.core<5.0.0,>=4.4.0 (from pydoc-markdown==4.8.2->-r requirements-dev.txt (line 42))
2025-08-24T21:17:46.9693236Z   Using cached databind.core-4.5.2-py3-none-any.whl.metadata (1.1 kB)
2025-08-24T21:17:47.0771917Z Collecting databind.json<5.0.0,>=4.4.0 (from pydoc-markdown==4.8.2->-r requirements-dev.txt (line 42))
2025-08-24T21:17:47.0783562Z   Using cached databind.json-4.5.2-py3-none-any.whl.metadata (1.1 kB)
2025-08-24T21:17:47.1280224Z Collecting docstring-parser<0.12,>=0.11 (from pydoc-markdown==4.8.2->-r requirements-dev.txt (line 42))
2025-08-24T21:17:47.1281416Z   Using cached docstring_parser-0.11-py3-none-any.whl
2025-08-24T21:17:47.1932022Z Collecting tomli<3.0.0,>=2.0.0 (from pydoc-markdown==4.8.2->-r requirements-dev.txt (line 42))
2025-08-24T21:17:47.1943096Z   Using cached tomli-2.2.1-cp312-cp312-manylinux_2_17_x86_64.manylinux2014_x86_64.whl.metadata (11 kB)
2025-08-24T21:17:47.2404907Z Collecting tomli_w<2.0.0,>=1.0.0 (from pydoc-markdown==4.8.2->-r requirements-dev.txt (line 42))
2025-08-24T21:17:47.2416040Z   Using cached tomli_w-1.2.0-py3-none-any.whl.metadata (5.7 kB)
2025-08-24T21:17:47.3232932Z Collecting watchdog (from pydoc-markdown==4.8.2->-r requirements-dev.txt (line 42))
2025-08-24T21:17:47.3244706Z   Using cached watchdog-6.0.0-py3-none-manylinux2014_x86_64.whl.metadata (44 kB)
2025-08-24T21:17:47.3814484Z Collecting yapf>=0.30.0 (from pydoc-markdown==4.8.2->-r requirements-dev.txt (line 42))
2025-08-24T21:17:47.3825975Z   Using cached yapf-0.43.0-py3-none-any.whl.metadata (46 kB)
2025-08-24T21:17:47.4392315Z Collecting Deprecated<2.0.0,>=1.2.12 (from docspec==2.2.1->docspec-python==2.2.2->-r requirements-dev.txt (line 41))
2025-08-24T21:17:47.4403636Z   Using cached Deprecated-1.2.18-py2.py3-none-any.whl.metadata (5.7 kB)
2025-08-24T21:17:47.4543785Z Requirement already satisfied: psycopg-binary==3.2.9 in /opt/hostedtoolcache/Python/3.12.11/x64/lib/python3.12/site-packages (from psycopg[binary]==3.2.9->-r requirements-dev.txt (line 25)) (3.2.9)
2025-08-24T21:17:47.4642744Z Requirement already satisfied: anyio in /opt/hostedtoolcache/Python/3.12.11/x64/lib/python3.12/site-packages (from httpx<0.29,>=0.27->-r requirements-dev.txt (line 16)) (4.10.0)
2025-08-24T21:17:47.4648523Z Requirement already satisfied: httpcore==1.* in /opt/hostedtoolcache/Python/3.12.11/x64/lib/python3.12/site-packages (from httpx<0.29,>=0.27->-r requirements-dev.txt (line 16)) (1.0.9)
2025-08-24T21:17:47.4767818Z Requirement already satisfied: tzdata>=2022.7 in /opt/hostedtoolcache/Python/3.12.11/x64/lib/python3.12/site-packages (from pandas==2.2.*->-r requirements-dev.txt (line 23)) (2025.2)
2025-08-24T21:17:47.4881415Z Requirement already satisfied: multimethod<=1.10.0 in /opt/hostedtoolcache/Python/3.12.11/x64/lib/python3.12/site-packages (from pandera==0.19.*->-r requirements-dev.txt (line 43)) (1.10)
2025-08-24T21:17:47.4895815Z Requirement already satisfied: typeguard in /opt/hostedtoolcache/Python/3.12.11/x64/lib/python3.12/site-packages (from pandera==0.19.*->-r requirements-dev.txt (line 43)) (4.4.4)
2025-08-24T21:17:47.4901751Z Requirement already satisfied: typing-inspect>=0.6.0 in /opt/hostedtoolcache/Python/3.12.11/x64/lib/python3.12/site-packages (from pandera==0.19.*->-r requirements-dev.txt (line 43)) (0.9.0)
2025-08-24T21:17:47.6083270Z Collecting databind<5.0.0,>=4.5.2 (from databind.core<5.0.0,>=4.4.0->pydoc-markdown==4.8.2->-r requirements-dev.txt (line 42))
2025-08-24T21:17:47.6095169Z   Using cached databind-4.5.2-py3-none-any.whl.metadata (4.3 kB)
2025-08-24T21:17:47.7117310Z Collecting nr-date<3.0.0,>=2.0.0 (from databind<5.0.0,>=4.5.2->databind.core<5.0.0,>=4.4.0->pydoc-markdown==4.8.2->-r requirements-dev.txt (line 42))
2025-08-24T21:17:47.7128810Z   Using cached nr_date-2.1.0-py3-none-any.whl.metadata (746 bytes)
2025-08-24T21:17:47.8152497Z Collecting nr-stream<2.0.0,>=1.0.0 (from databind<5.0.0,>=4.5.2->databind.core<5.0.0,>=4.4.0->pydoc-markdown==4.8.2->-r requirements-dev.txt (line 42))
2025-08-24T21:17:47.8164021Z   Using cached nr_stream-1.1.5-py3-none-any.whl.metadata (3.6 kB)
2025-08-24T21:17:47.9312770Z Collecting typeapi<3,>=2.0.1 (from databind<5.0.0,>=4.5.2->databind.core<5.0.0,>=4.4.0->pydoc-markdown==4.8.2->-r requirements-dev.txt (line 42))
2025-08-24T21:17:47.9324178Z   Using cached typeapi-2.2.4-py3-none-any.whl.metadata (1.5 kB)
2025-08-24T21:17:47.9424155Z Requirement already satisfied: h11>=0.16 in /opt/hostedtoolcache/Python/3.12.11/x64/lib/python3.12/site-packages (from httpcore==1.*->httpx<0.29,>=0.27->-r requirements-dev.txt (line 16)) (0.16.0)
2025-08-24T21:17:47.9467076Z Requirement already satisfied: amqp<6.0.0,>=5.1.1 in /opt/hostedtoolcache/Python/3.12.11/x64/lib/python3.12/site-packages (from kombu<5.6,>=5.5.2->celery==5.5.3->-r requirements-dev.txt (line 12)) (5.3.1)
2025-08-24T21:17:48.0093262Z Collecting iniconfig>=1 (from pytest<9,>=8.2->pytest-asyncio==1.1.0->-r requirements-dev.txt (line 28))
2025-08-24T21:17:48.0104965Z   Using cached iniconfig-2.1.0-py3-none-any.whl.metadata (2.7 kB)
2025-08-24T21:17:48.0142648Z Requirement already satisfied: pygments>=2.7.2 in /opt/hostedtoolcache/Python/3.12.11/x64/lib/python3.12/site-packages (from pytest<9,>=8.2->pytest-asyncio==1.1.0->-r requirements-dev.txt (line 28)) (2.19.2)
2025-08-24T21:17:48.0227804Z Requirement already satisfied: sniffio>=1.1 in /opt/hostedtoolcache/Python/3.12.11/x64/lib/python3.12/site-packages (from anyio->httpx<0.29,>=0.27->-r requirements-dev.txt (line 16)) (1.3.1)
2025-08-24T21:17:48.0390274Z Requirement already satisfied: botocore<1.35.0,>=1.34.162 in /opt/hostedtoolcache/Python/3.12.11/x64/lib/python3.12/site-packages (from boto3->-r requirements-dev.txt (line 8)) (1.34.162)
2025-08-24T21:17:48.0397832Z Requirement already satisfied: jmespath<2.0.0,>=0.7.1 in /opt/hostedtoolcache/Python/3.12.11/x64/lib/python3.12/site-packages (from boto3->-r requirements-dev.txt (line 8)) (1.0.1)
2025-08-24T21:17:48.0405168Z Requirement already satisfied: s3transfer<0.11.0,>=0.10.0 in /opt/hostedtoolcache/Python/3.12.11/x64/lib/python3.12/site-packages (from boto3->-r requirements-dev.txt (line 8)) (0.10.4)
2025-08-24T21:17:48.0525624Z Requirement already satisfied: fastapi-cli>=0.0.8 in /opt/hostedtoolcache/Python/3.12.11/x64/lib/python3.12/site-packages (from fastapi-cli[standard]>=0.0.8; extra == "all"->fastapi[all]->-r requirements-dev.txt (line 14)) (0.0.8)
2025-08-24T21:17:48.0636516Z Requirement already satisfied: ujson!=4.0.2,!=4.1.0,!=4.2.0,!=4.3.0,!=5.0.0,!=5.1.0,>=4.0.1 in /opt/hostedtoolcache/Python/3.12.11/x64/lib/python3.12/site-packages (from fastapi[all]->-r requirements-dev.txt (line 14)) (5.11.0)
2025-08-24T21:17:48.0643340Z Requirement already satisfied: orjson>=3.2.1 in /opt/hostedtoolcache/Python/3.12.11/x64/lib/python3.12/site-packages (from fastapi[all]->-r requirements-dev.txt (line 14)) (3.11.2)
2025-08-24T21:17:48.0650666Z Requirement already satisfied: email-validator>=2.0.0 in /opt/hostedtoolcache/Python/3.12.11/x64/lib/python3.12/site-packages (from fastapi[all]->-r requirements-dev.txt (line 14)) (2.2.0)
2025-08-24T21:17:48.0659393Z Requirement already satisfied: uvicorn>=0.12.0 in /opt/hostedtoolcache/Python/3.12.11/x64/lib/python3.12/site-packages (from uvicorn[standard]>=0.12.0; extra == "all"->fastapi[all]->-r requirements-dev.txt (line 14)) (0.29.0)
2025-08-24T21:17:48.0668139Z Requirement already satisfied: pydantic-settings>=2.0.0 in /opt/hostedtoolcache/Python/3.12.11/x64/lib/python3.12/site-packages (from fastapi[all]->-r requirements-dev.txt (line 14)) (2.2.1)
2025-08-24T21:17:48.1156240Z Collecting pydantic-extra-types>=2.0.0 (from fastapi[all]->-r requirements-dev.txt (line 14))
2025-08-24T21:17:48.1167761Z   Using cached pydantic_extra_types-2.10.5-py3-none-any.whl.metadata (3.9 kB)
2025-08-24T21:17:48.1416658Z Requirement already satisfied: prompt-toolkit>=3.0.36 in /opt/hostedtoolcache/Python/3.12.11/x64/lib/python3.12/site-packages (from click-repl>=0.2.0->celery==5.5.3->-r requirements-dev.txt (line 12)) (3.0.51)
2025-08-24T21:17:48.1488285Z Requirement already satisfied: dnspython>=2.0.0 in /opt/hostedtoolcache/Python/3.12.11/x64/lib/python3.12/site-packages (from email-validator>=2.0.0->fastapi[all]->-r requirements-dev.txt (line 14)) (2.7.0)
2025-08-24T21:17:48.1557248Z Requirement already satisfied: typer>=0.15.1 in /opt/hostedtoolcache/Python/3.12.11/x64/lib/python3.12/site-packages (from fastapi-cli>=0.0.8->fastapi-cli[standard]>=0.0.8; extra == "all"->fastapi[all]->-r requirements-dev.txt (line 14)) (0.16.1)
2025-08-24T21:17:48.1567804Z Requirement already satisfied: rich-toolkit>=0.14.8 in /opt/hostedtoolcache/Python/3.12.11/x64/lib/python3.12/site-packages (from fastapi-cli>=0.0.8->fastapi-cli[standard]>=0.0.8; extra == "all"->fastapi[all]->-r requirements-dev.txt (line 14)) (0.15.0)
2025-08-24T21:17:48.2037381Z Collecting fastapi-cloud-cli>=0.1.1 (from fastapi-cli[standard]>=0.0.8; extra == "all"->fastapi[all]->-r requirements-dev.txt (line 14))
2025-08-24T21:17:48.2048234Z   Using cached fastapi_cloud_cli-0.1.5-py3-none-any.whl.metadata (3.2 kB)
2025-08-24T21:17:48.3107313Z Collecting rignore>=0.5.1 (from fastapi-cloud-cli>=0.1.1->fastapi-cli[standard]>=0.0.8; extra == "all"->fastapi[all]->-r requirements-dev.txt (line 14))
2025-08-24T21:17:48.3119302Z   Using cached rignore-0.6.4-cp312-cp312-manylinux_2_17_x86_64.manylinux2014_x86_64.whl.metadata (3.8 kB)
2025-08-24T21:17:48.3983267Z Collecting sentry-sdk>=2.20.0 (from fastapi-cloud-cli>=0.1.1->fastapi-cli[standard]>=0.0.8; extra == "all"->fastapi[all]->-r requirements-dev.txt (line 14))
2025-08-24T21:17:48.3994480Z   Using cached sentry_sdk-2.35.0-py2.py3-none-any.whl.metadata (10 kB)
2025-08-24T21:17:48.5717763Z Collecting psutil>=4.0.0 (from mirakuru>=2.6.0->pytest-postgresql==7.0.2->-r requirements-dev.txt (line 30))
2025-08-24T21:17:48.5730438Z   Using cached psutil-7.0.0-cp36-abi3-manylinux_2_12_x86_64.manylinux2010_x86_64.manylinux_2_17_x86_64.manylinux2014_x86_64.whl.metadata (22 kB)
2025-08-24T21:17:48.5921806Z Requirement already satisfied: wcwidth in /opt/hostedtoolcache/Python/3.12.11/x64/lib/python3.12/site-packages (from prompt-toolkit>=3.0.36->click-repl>=0.2.0->celery==5.5.3->-r requirements-dev.txt (line 12)) (0.2.13)
2025-08-24T21:17:48.6121101Z Requirement already satisfied: rich>=13.7.1 in /opt/hostedtoolcache/Python/3.12.11/x64/lib/python3.12/site-packages (from rich-toolkit>=0.14.8->fastapi-cli>=0.0.8->fastapi-cli[standard]>=0.0.8; extra == "all"->fastapi[all]->-r requirements-dev.txt (line 14)) (14.1.0)
2025-08-24T21:17:48.6159557Z Requirement already satisfied: markdown-it-py>=2.2.0 in /opt/hostedtoolcache/Python/3.12.11/x64/lib/python3.12/site-packages (from rich>=13.7.1->rich-toolkit>=0.14.8->fastapi-cli>=0.0.8->fastapi-cli[standard]>=0.0.8; extra == "all"->fastapi[all]->-r requirements-dev.txt (line 14)) (4.0.0)
2025-08-24T21:17:48.6191051Z Requirement already satisfied: mdurl~=0.1 in /opt/hostedtoolcache/Python/3.12.11/x64/lib/python3.12/site-packages (from markdown-it-py>=2.2.0->rich>=13.7.1->rich-toolkit>=0.14.8->fastapi-cli>=0.0.8->fastapi-cli[standard]>=0.0.8; extra == "all"->fastapi[all]->-r requirements-dev.txt (line 14)) (0.1.2)
2025-08-24T21:17:48.6383943Z Requirement already satisfied: shellingham>=1.3.0 in /opt/hostedtoolcache/Python/3.12.11/x64/lib/python3.12/site-packages (from typer>=0.15.1->fastapi-cli>=0.0.8->fastapi-cli[standard]>=0.0.8; extra == "all"->fastapi[all]->-r requirements-dev.txt (line 14)) (1.5.4)
2025-08-24T21:17:48.6620886Z Requirement already satisfied: httptools>=0.5.0 in /opt/hostedtoolcache/Python/3.12.11/x64/lib/python3.12/site-packages (from uvicorn[standard]>=0.12.0; extra == "all"->fastapi[all]->-r requirements-dev.txt (line 14)) (0.6.4)
2025-08-24T21:17:48.6639255Z Requirement already satisfied: uvloop!=0.15.0,!=0.15.1,>=0.14.0 in /opt/hostedtoolcache/Python/3.12.11/x64/lib/python3.12/site-packages (from uvicorn[standard]>=0.12.0; extra == "all"->fastapi[all]->-r requirements-dev.txt (line 14)) (0.21.0)
2025-08-24T21:17:48.6647404Z Requirement already satisfied: watchfiles>=0.13 in /opt/hostedtoolcache/Python/3.12.11/x64/lib/python3.12/site-packages (from uvicorn[standard]>=0.12.0; extra == "all"->fastapi[all]->-r requirements-dev.txt (line 14)) (1.1.0)
2025-08-24T21:17:48.6656088Z Requirement already satisfied: websockets>=10.4 in /opt/hostedtoolcache/Python/3.12.11/x64/lib/python3.12/site-packages (from uvicorn[standard]>=0.12.0; extra == "all"->fastapi[all]->-r requirements-dev.txt (line 14)) (15.0.1)
2025-08-24T21:17:48.7190215Z Using cached jinja2-3.1.6-py3-none-any.whl (134 kB)
2025-08-24T21:17:48.7202653Z Using cached alembic-1.16.4-py3-none-any.whl (247 kB)
2025-08-24T21:17:48.7216328Z Using cached asyncpg-0.30.0-cp312-cp312-manylinux_2_17_x86_64.manylinux2014_x86_64.whl (3.6 MB)
2025-08-24T21:17:48.7254284Z Using cached black-25.1.0-cp312-cp312-manylinux_2_17_x86_64.manylinux2014_x86_64.manylinux_2_28_x86_64.whl (1.8 MB)
2025-08-24T21:17:48.7279001Z Using cached vulture-2.10-py2.py3-none-any.whl (27 kB)
2025-08-24T21:17:48.7290119Z Using cached celery-5.5.3-py3-none-any.whl (438 kB)
2025-08-24T21:17:48.7304134Z Using cached fastapi-0.116.1-py3-none-any.whl (95 kB)
2025-08-24T21:17:48.7315934Z Using cached pytest_asyncio-1.1.0-py3-none-any.whl (15 kB)
2025-08-24T21:17:48.7327049Z Using cached pytest_cov-6.2.1-py3-none-any.whl (24 kB)
2025-08-24T21:17:48.7338293Z Using cached pytest_postgresql-7.0.2-py3-none-any.whl (41 kB)
2025-08-24T21:17:48.7349604Z Using cached python_telegram_bot-22.3-py3-none-any.whl (717 kB)
2025-08-24T21:17:48.7365975Z Using cached requests-2.32.4-py3-none-any.whl (64 kB)
2025-08-24T21:17:48.7377614Z Using cached respx-0.22.0-py2.py3-none-any.whl (25 kB)
2025-08-24T21:17:48.7389133Z Using cached ruff-0.9.9-py3-none-manylinux_2_17_x86_64.manylinux2014_x86_64.whl (11.2 MB)
2025-08-24T21:17:48.7481507Z Using cached sqlalchemy-2.0.43-cp312-cp312-manylinux_2_17_x86_64.manylinux2014_x86_64.whl (3.3 MB)
2025-08-24T21:17:48.7517603Z Using cached testcontainers-4.12.0-py3-none-any.whl (111 kB)
2025-08-24T21:17:48.7529579Z Using cached types_requests-2.32.4.20250809-py3-none-any.whl (20 kB)
2025-08-24T21:17:48.7540849Z Using cached docspec_python-2.2.2-py3-none-any.whl (15 kB)
2025-08-24T21:17:48.7552010Z Using cached pydoc_markdown-4.8.2-py3-none-any.whl (67 kB)
2025-08-24T21:17:48.7563322Z Using cached docspec-2.2.1-py3-none-any.whl (9.8 kB)
2025-08-24T21:17:48.7574968Z Using cached redis-6.4.0-py3-none-any.whl (279 kB)
2025-08-24T21:17:48.7588462Z Using cached httpx-0.28.1-py3-none-any.whl (73 kB)
2025-08-24T21:17:48.7600922Z Using cached mypy-1.17.1-cp312-cp312-manylinux2014_x86_64.manylinux_2_17_x86_64.manylinux_2_28_x86_64.whl (12.7 MB)
2025-08-24T21:17:48.7703806Z Using cached databind.core-4.5.2-py3-none-any.whl (1.5 kB)
2025-08-24T21:17:48.7715021Z Using cached databind-4.5.2-py3-none-any.whl (49 kB)
2025-08-24T21:17:48.7726891Z Using cached databind.json-4.5.2-py3-none-any.whl (1.5 kB)
2025-08-24T21:17:48.7738347Z Using cached Deprecated-1.2.18-py2.py3-none-any.whl (10.0 kB)
2025-08-24T21:17:48.7749500Z Using cached nr_date-2.1.0-py3-none-any.whl (10 kB)
2025-08-24T21:17:48.7760688Z Using cached nr_stream-1.1.5-py3-none-any.whl (10 kB)
2025-08-24T21:17:48.7771905Z Using cached nr.util-0.8.12-py3-none-any.whl (90 kB)
2025-08-24T21:17:48.7783824Z Using cached pytest-8.4.1-py3-none-any.whl (365 kB)
2025-08-24T21:17:48.7797693Z Using cached pluggy-1.6.0-py3-none-any.whl (20 kB)
2025-08-24T21:17:48.7931223Z Downloading starlette-0.47.3-py3-none-any.whl (72 kB)
2025-08-24T21:17:48.8140499Z Using cached tomli-2.2.1-cp312-cp312-manylinux_2_17_x86_64.manylinux2014_x86_64.whl (242 kB)
2025-08-24T21:17:48.8153062Z Using cached tomli_w-1.2.0-py3-none-any.whl (6.7 kB)
2025-08-24T21:17:48.8164049Z Using cached typeapi-2.2.4-py3-none-any.whl (26 kB)
2025-08-24T21:17:48.8175017Z Using cached itsdangerous-2.2.0-py3-none-any.whl (16 kB)
2025-08-24T21:17:48.8186147Z Using cached setuptools-80.9.0-py3-none-any.whl (1.2 MB)
2025-08-24T21:17:48.8206198Z Using cached coverage-7.10.5-cp312-cp312-manylinux1_x86_64.manylinux_2_28_x86_64.manylinux_2_5_x86_64.whl (251 kB)
2025-08-24T21:17:48.8218732Z Using cached fastapi_cloud_cli-0.1.5-py3-none-any.whl (18 kB)
2025-08-24T21:17:48.8229673Z Using cached iniconfig-2.1.0-py3-none-any.whl (6.0 kB)
2025-08-24T21:17:48.8240507Z Using cached mirakuru-2.6.1-py3-none-any.whl (26 kB)
2025-08-24T21:17:48.8251405Z Using cached pathspec-0.12.1-py3-none-any.whl (31 kB)
2025-08-24T21:17:48.8262659Z Using cached platformdirs-4.3.8-py3-none-any.whl (18 kB)
2025-08-24T21:17:48.8273298Z Using cached port_for-0.7.4-py3-none-any.whl (21 kB)
2025-08-24T21:17:48.8285271Z Using cached psutil-7.0.0-cp36-abi3-manylinux_2_12_x86_64.manylinux2010_x86_64.manylinux_2_17_x86_64.manylinux2014_x86_64.whl (277 kB)
2025-08-24T21:17:48.8298984Z Using cached pydantic_extra_types-2.10.5-py3-none-any.whl (38 kB)
2025-08-24T21:17:48.8310657Z Using cached rignore-0.6.4-cp312-cp312-manylinux_2_17_x86_64.manylinux2014_x86_64.whl (949 kB)
2025-08-24T21:17:48.8329138Z Using cached sentry_sdk-2.35.0-py2.py3-none-any.whl (363 kB)
2025-08-24T21:17:48.8342755Z Using cached yapf-0.43.0-py3-none-any.whl (256 kB)
2025-08-24T21:17:48.8355565Z Using cached docker-7.1.0-py3-none-any.whl (147 kB)
2025-08-24T21:17:48.8367855Z Using cached toml-0.10.2-py2.py3-none-any.whl (16 kB)
2025-08-24T21:17:48.8379133Z Using cached watchdog-6.0.0-py3-none-manylinux2014_x86_64.whl (79 kB)
2025-08-24T21:17:49.1078008Z Installing collected packages: watchdog, types-requests, typeapi, tomli_w, tomli, toml, sqlalchemy, setuptools, sentry-sdk, ruff, rignore, requests, redis, psutil, port-for, pluggy, platformdirs, pathspec, nr-stream, nr-date, Jinja2, itsdangerous, iniconfig, docstring-parser, Deprecated, coverage, asyncpg, yapf, vulture, starlette, pytest, nr-util, mypy, mirakuru, httpx, docker, databind, black, alembic, testcontainers, respx, python-telegram-bot, pytest-postgresql, pytest-cov, pytest-asyncio, pydantic-extra-types, fastapi, databind.json, databind.core, celery, fastapi-cloud-cli, docspec, docspec-python, pydoc-markdown
2025-08-24T21:17:49.2277686Z   Attempting uninstall: sqlalchemy
2025-08-24T21:17:49.2309440Z     Found existing installation: SQLAlchemy 2.0.29
2025-08-24T21:17:49.2521562Z     Uninstalling SQLAlchemy-2.0.29:
2025-08-24T21:17:49.2554559Z       Successfully uninstalled SQLAlchemy-2.0.29
2025-08-24T21:17:51.1334510Z   Attempting uninstall: sentry-sdk
2025-08-24T21:17:51.1368648Z     Found existing installation: sentry-sdk 2.9.0
2025-08-24T21:17:51.1498080Z     Uninstalling sentry-sdk-2.9.0:
2025-08-24T21:17:51.1521731Z       Successfully uninstalled sentry-sdk-2.9.0
2025-08-24T21:17:51.5594699Z   Attempting uninstall: requests
2025-08-24T21:17:51.5639158Z     Found existing installation: requests 2.32.5
2025-08-24T21:17:51.5668681Z     Uninstalling requests-2.32.5:
2025-08-24T21:17:51.5677289Z       Successfully uninstalled requests-2.32.5
2025-08-24T21:17:51.6064372Z   Attempting uninstall: redis
2025-08-24T21:17:51.6095887Z     Found existing installation: redis 5.0.8
2025-08-24T21:17:51.6169816Z     Uninstalling redis-5.0.8:
2025-08-24T21:17:51.6184352Z       Successfully uninstalled redis-5.0.8
2025-08-24T21:17:52.0766407Z   Attempting uninstall: Jinja2
2025-08-24T21:17:52.0816538Z     Found existing installation: Jinja2 3.1.5
2025-08-24T21:17:52.0849986Z     Uninstalling Jinja2-3.1.5:
2025-08-24T21:17:52.0858886Z       Successfully uninstalled Jinja2-3.1.5
2025-08-24T21:17:52.3630892Z   Attempting uninstall: asyncpg
2025-08-24T21:17:52.3684616Z     Found existing installation: asyncpg 0.29.0
2025-08-24T21:17:52.3732880Z     Uninstalling asyncpg-0.29.0:
2025-08-24T21:17:52.3746073Z       Successfully uninstalled asyncpg-0.29.0
2025-08-24T21:17:52.6674315Z   Attempting uninstall: starlette
2025-08-24T21:17:52.6726591Z     Found existing installation: starlette 0.37.2
2025-08-24T21:17:52.6769252Z     Uninstalling starlette-0.37.2:
2025-08-24T21:17:52.6779327Z       Successfully uninstalled starlette-0.37.2
2025-08-24T21:17:54.4308257Z   Attempting uninstall: httpx
2025-08-24T21:17:54.4358360Z     Found existing installation: httpx 0.26.0
2025-08-24T21:17:54.4393804Z     Uninstalling httpx-0.26.0:
2025-08-24T21:17:54.4406550Z       Successfully uninstalled httpx-0.26.0
2025-08-24T21:17:54.7721577Z   Attempting uninstall: alembic
2025-08-24T21:17:54.7756077Z     Found existing installation: alembic 1.13.1
2025-08-24T21:17:54.7832162Z     Uninstalling alembic-1.13.1:
2025-08-24T21:17:54.7852344Z       Successfully uninstalled alembic-1.13.1
2025-08-24T21:17:55.0536333Z   Attempting uninstall: python-telegram-bot
2025-08-24T21:17:55.0584666Z     Found existing installation: python-telegram-bot 20.8
2025-08-24T21:17:55.0740242Z     Uninstalling python-telegram-bot-20.8:
2025-08-24T21:17:55.0763784Z       Successfully uninstalled python-telegram-bot-20.8
2025-08-24T21:17:55.5277628Z   Attempting uninstall: fastapi
2025-08-24T21:17:55.5322070Z     Found existing installation: fastapi 0.111.0
2025-08-24T21:17:55.5373693Z     Uninstalling fastapi-0.111.0:
2025-08-24T21:17:55.5386274Z       Successfully uninstalled fastapi-0.111.0
2025-08-24T21:17:55.6249343Z   Attempting uninstall: celery
2025-08-24T21:17:55.6291336Z     Found existing installation: celery 5.4.0
2025-08-24T21:17:55.6436312Z     Uninstalling celery-5.4.0:
2025-08-24T21:17:55.6463116Z       Successfully uninstalled celery-5.4.0
2025-08-24T21:17:56.0506670Z 
2025-08-24T21:17:56.0623041Z Successfully installed Deprecated-1.2.18 Jinja2-3.1.6 alembic-1.16.4 asyncpg-0.30.0 black-25.1.0 celery-5.5.3 coverage-7.10.5 databind-4.5.2 databind.core-4.5.2 databind.json-4.5.2 docker-7.1.0 docspec-2.2.1 docspec-python-2.2.2 docstring-parser-0.11 fastapi-0.116.1 fastapi-cloud-cli-0.1.5 httpx-0.28.1 iniconfig-2.1.0 itsdangerous-2.2.0 mirakuru-2.6.1 mypy-1.17.1 nr-date-2.1.0 nr-stream-1.1.5 nr-util-0.8.12 pathspec-0.12.1 platformdirs-4.3.8 pluggy-1.6.0 port-for-0.7.4 psutil-7.0.0 pydantic-extra-types-2.10.5 pydoc-markdown-4.8.2 pytest-8.4.1 pytest-asyncio-1.1.0 pytest-cov-6.2.1 pytest-postgresql-7.0.2 python-telegram-bot-22.3 redis-6.4.0 requests-2.32.4 respx-0.22.0 rignore-0.6.4 ruff-0.9.9 sentry-sdk-2.35.0 setuptools-80.9.0 sqlalchemy-2.0.43 starlette-0.47.3 testcontainers-4.12.0 toml-0.10.2 tomli-2.2.1 tomli_w-1.2.0 typeapi-2.2.4 types-requests-2.32.4.20250809 vulture-2.10 watchdog-6.0.0 yapf-0.43.0
2025-08-24T21:17:56.7417161Z Requirement already satisfied: asyncpg in /opt/hostedtoolcache/Python/3.12.11/x64/lib/python3.12/site-packages (0.30.0)
2025-08-24T21:17:57.3534198Z Requirement already satisfied: pytest in /opt/hostedtoolcache/Python/3.12.11/x64/lib/python3.12/site-packages (8.4.1)
2025-08-24T21:17:57.3549089Z Requirement already satisfied: iniconfig>=1 in /opt/hostedtoolcache/Python/3.12.11/x64/lib/python3.12/site-packages (from pytest) (2.1.0)
2025-08-24T21:17:57.3555816Z Requirement already satisfied: packaging>=20 in /opt/hostedtoolcache/Python/3.12.11/x64/lib/python3.12/site-packages (from pytest) (25.0)
2025-08-24T21:17:57.3580848Z Requirement already satisfied: pluggy<2,>=1.5 in /opt/hostedtoolcache/Python/3.12.11/x64/lib/python3.12/site-packages (from pytest) (1.6.0)
2025-08-24T21:17:57.3582589Z Requirement already satisfied: pygments>=2.7.2 in /opt/hostedtoolcache/Python/3.12.11/x64/lib/python3.12/site-packages (from pytest) (2.19.2)
2025-08-24T21:17:58.0462589Z Collecting keepa==1.3.15
2025-08-24T21:17:58.0475523Z   Using cached keepa-1.3.15-py3-none-any.whl.metadata (11 kB)
2025-08-24T21:17:58.0514191Z Requirement already satisfied: minio==7.1.15 in /opt/hostedtoolcache/Python/3.12.11/x64/lib/python3.12/site-packages (7.1.15)
2025-08-24T21:17:58.0522706Z Requirement already satisfied: numpy>=1.9.3 in /opt/hostedtoolcache/Python/3.12.11/x64/lib/python3.12/site-packages (from keepa==1.3.15) (1.26.4)
2025-08-24T21:17:58.0528080Z Requirement already satisfied: requests>=2.2 in /opt/hostedtoolcache/Python/3.12.11/x64/lib/python3.12/site-packages (from keepa==1.3.15) (2.32.4)
2025-08-24T21:17:58.0531589Z Requirement already satisfied: tqdm in /opt/hostedtoolcache/Python/3.12.11/x64/lib/python3.12/site-packages (from keepa==1.3.15) (4.67.1)
2025-08-24T21:17:58.0535001Z Requirement already satisfied: aiohttp in /opt/hostedtoolcache/Python/3.12.11/x64/lib/python3.12/site-packages (from keepa==1.3.15) (3.12.15)
2025-08-24T21:17:58.0540347Z Requirement already satisfied: pandas<=3.0 in /opt/hostedtoolcache/Python/3.12.11/x64/lib/python3.12/site-packages (from keepa==1.3.15) (2.2.3)
2025-08-24T21:17:58.0543662Z Requirement already satisfied: pydantic in /opt/hostedtoolcache/Python/3.12.11/x64/lib/python3.12/site-packages (from keepa==1.3.15) (2.11.7)
2025-08-24T21:17:58.0553834Z Requirement already satisfied: certifi in /opt/hostedtoolcache/Python/3.12.11/x64/lib/python3.12/site-packages (from minio==7.1.15) (2025.8.3)
2025-08-24T21:17:58.0558131Z Requirement already satisfied: urllib3 in /opt/hostedtoolcache/Python/3.12.11/x64/lib/python3.12/site-packages (from minio==7.1.15) (2.5.0)
2025-08-24T21:17:58.0613677Z Requirement already satisfied: python-dateutil>=2.8.2 in /opt/hostedtoolcache/Python/3.12.11/x64/lib/python3.12/site-packages (from pandas<=3.0->keepa==1.3.15) (2.9.0.post0)
2025-08-24T21:17:58.0618852Z Requirement already satisfied: pytz>=2020.1 in /opt/hostedtoolcache/Python/3.12.11/x64/lib/python3.12/site-packages (from pandas<=3.0->keepa==1.3.15) (2025.2)
2025-08-24T21:17:58.0623551Z Requirement already satisfied: tzdata>=2022.7 in /opt/hostedtoolcache/Python/3.12.11/x64/lib/python3.12/site-packages (from pandas<=3.0->keepa==1.3.15) (2025.2)
2025-08-24T21:17:58.0758304Z Requirement already satisfied: six>=1.5 in /opt/hostedtoolcache/Python/3.12.11/x64/lib/python3.12/site-packages (from python-dateutil>=2.8.2->pandas<=3.0->keepa==1.3.15) (1.17.0)
2025-08-24T21:17:58.0777247Z Requirement already satisfied: charset_normalizer<4,>=2 in /opt/hostedtoolcache/Python/3.12.11/x64/lib/python3.12/site-packages (from requests>=2.2->keepa==1.3.15) (3.4.3)
2025-08-24T21:17:58.0782973Z Requirement already satisfied: idna<4,>=2.5 in /opt/hostedtoolcache/Python/3.12.11/x64/lib/python3.12/site-packages (from requests>=2.2->keepa==1.3.15) (3.10)
2025-08-24T21:17:58.0852860Z Requirement already satisfied: aiohappyeyeballs>=2.5.0 in /opt/hostedtoolcache/Python/3.12.11/x64/lib/python3.12/site-packages (from aiohttp->keepa==1.3.15) (2.6.1)
2025-08-24T21:17:58.0857844Z Requirement already satisfied: aiosignal>=1.4.0 in /opt/hostedtoolcache/Python/3.12.11/x64/lib/python3.12/site-packages (from aiohttp->keepa==1.3.15) (1.4.0)
2025-08-24T21:17:58.0864256Z Requirement already satisfied: attrs>=17.3.0 in /opt/hostedtoolcache/Python/3.12.11/x64/lib/python3.12/site-packages (from aiohttp->keepa==1.3.15) (25.3.0)
2025-08-24T21:17:58.0869444Z Requirement already satisfied: frozenlist>=1.1.1 in /opt/hostedtoolcache/Python/3.12.11/x64/lib/python3.12/site-packages (from aiohttp->keepa==1.3.15) (1.7.0)
2025-08-24T21:17:58.0874592Z Requirement already satisfied: multidict<7.0,>=4.5 in /opt/hostedtoolcache/Python/3.12.11/x64/lib/python3.12/site-packages (from aiohttp->keepa==1.3.15) (6.6.4)
2025-08-24T21:17:58.0880388Z Requirement already satisfied: propcache>=0.2.0 in /opt/hostedtoolcache/Python/3.12.11/x64/lib/python3.12/site-packages (from aiohttp->keepa==1.3.15) (0.3.2)
2025-08-24T21:17:58.0885688Z Requirement already satisfied: yarl<2.0,>=1.17.0 in /opt/hostedtoolcache/Python/3.12.11/x64/lib/python3.12/site-packages (from aiohttp->keepa==1.3.15) (1.20.1)
2025-08-24T21:17:58.0946607Z Requirement already satisfied: typing-extensions>=4.2 in /opt/hostedtoolcache/Python/3.12.11/x64/lib/python3.12/site-packages (from aiosignal>=1.4.0->aiohttp->keepa==1.3.15) (4.14.1)
2025-08-24T21:17:58.1041900Z Requirement already satisfied: annotated-types>=0.6.0 in /opt/hostedtoolcache/Python/3.12.11/x64/lib/python3.12/site-packages (from pydantic->keepa==1.3.15) (0.7.0)
2025-08-24T21:17:58.1046871Z Requirement already satisfied: pydantic-core==2.33.2 in /opt/hostedtoolcache/Python/3.12.11/x64/lib/python3.12/site-packages (from pydantic->keepa==1.3.15) (2.33.2)
2025-08-24T21:17:58.1054409Z Requirement already satisfied: typing-inspection>=0.4.0 in /opt/hostedtoolcache/Python/3.12.11/x64/lib/python3.12/site-packages (from pydantic->keepa==1.3.15) (0.4.1)
2025-08-24T21:17:58.1134218Z Using cached keepa-1.3.15-py3-none-any.whl (38 kB)
2025-08-24T21:17:58.2822828Z Installing collected packages: keepa
2025-08-24T21:17:58.2823696Z   Attempting uninstall: keepa
2025-08-24T21:17:58.2858038Z     Found existing installation: keepa 1.3.14
2025-08-24T21:17:58.2880502Z     Uninstalling keepa-1.3.14:
2025-08-24T21:17:58.2889416Z       Successfully uninstalled keepa-1.3.14
2025-08-24T21:17:58.3316457Z Successfully installed keepa-1.3.15
2025-08-24T21:17:58.3888642Z ##[group]Run actions/setup-node@v4
2025-08-24T21:17:58.3888920Z with:
2025-08-24T21:17:58.3889106Z   node-version: 20.19.0
2025-08-24T21:17:58.3889313Z   always-auth: false
2025-08-24T21:17:58.3889514Z   check-latest: false
2025-08-24T21:17:58.3889795Z   token: ***
2025-08-24T21:17:58.3889971Z env:
2025-08-24T21:17:58.3890160Z   REDIS_URL: redis://localhost:6379/0
2025-08-24T21:17:58.3890420Z   RATE_LIMIT_DEFAULT: 100/minute
2025-08-24T21:17:58.3890649Z   TRUST_X_FORWARDED: 1
2025-08-24T21:17:58.3890857Z   PG_USER: postgres
2025-08-24T21:17:58.3891053Z   PG_PASSWORD: pass
2025-08-24T21:17:58.3891235Z   PG_DATABASE: awa
2025-08-24T21:17:58.3891421Z   PG_HOST: localhost
2025-08-24T21:17:58.3891626Z   PG_PORT: 5432
2025-08-24T21:17:58.3891995Z   PG_SYNC_DSN: ***localhost:5432/awa
2025-08-24T21:17:58.3892380Z   PG_ASYNC_DSN: ***localhost:5432/awa
2025-08-24T21:17:58.3892756Z   DATABASE_URL: ***localhost:5432/awa
2025-08-24T21:17:58.3892992Z   DATA_DIR: /tmp/awa-data
2025-08-24T21:17:58.3893218Z   ENABLE_LIVE: 0
2025-08-24T21:17:58.3893395Z   TESTING: 1
2025-08-24T21:17:58.3893625Z   pythonLocation: /opt/hostedtoolcache/Python/3.12.11/x64
2025-08-24T21:17:58.3894017Z   PKG_CONFIG_PATH: /opt/hostedtoolcache/Python/3.12.11/x64/lib/pkgconfig
2025-08-24T21:17:58.3894399Z   Python_ROOT_DIR: /opt/hostedtoolcache/Python/3.12.11/x64
2025-08-24T21:17:58.3894743Z   Python2_ROOT_DIR: /opt/hostedtoolcache/Python/3.12.11/x64
2025-08-24T21:17:58.3895090Z   Python3_ROOT_DIR: /opt/hostedtoolcache/Python/3.12.11/x64
2025-08-24T21:17:58.3895735Z   LD_LIBRARY_PATH: /opt/hostedtoolcache/Python/3.12.11/x64/lib
2025-08-24T21:17:58.3896043Z ##[endgroup]
2025-08-24T21:17:58.5699109Z Attempting to download 20.19.0...
2025-08-24T21:17:59.3786406Z Acquiring 20.19.0 - x64 from https://github.com/actions/node-versions/releases/download/20.19.0-13838090974/node-20.19.0-linux-x64.tar.gz
2025-08-24T21:17:59.9663578Z Extracting ...
2025-08-24T21:17:59.9771714Z [command]/usr/bin/tar xz --strip 1 --warning=no-unknown-keyword --overwrite -C /home/runner/work/_temp/ada425b0-8589-4577-90d6-6d6f95105e8f -f /home/runner/work/_temp/ac4612bc-f7df-4194-9b76-730d32753278
2025-08-24T21:18:00.9753416Z Adding to the cache ...
2025-08-24T21:18:02.5999669Z ##[group]Environment details
2025-08-24T21:18:02.9260188Z node: v20.19.0
2025-08-24T21:18:02.9260623Z npm: 10.8.2
2025-08-24T21:18:02.9260924Z yarn: 1.22.22
2025-08-24T21:18:02.9261607Z ##[endgroup]
2025-08-24T21:18:02.9397387Z ##[group]Run npm ci
2025-08-24T21:18:02.9397630Z [36;1mnpm ci[0m
2025-08-24T21:18:02.9437739Z shell: /usr/bin/bash -e {0}
2025-08-24T21:18:02.9437975Z env:
2025-08-24T21:18:02.9438184Z   REDIS_URL: redis://localhost:6379/0
2025-08-24T21:18:02.9438454Z   RATE_LIMIT_DEFAULT: 100/minute
2025-08-24T21:18:02.9438858Z   TRUST_X_FORWARDED: 1
2025-08-24T21:18:02.9439052Z   PG_USER: postgres
2025-08-24T21:18:02.9439245Z   PG_PASSWORD: pass
2025-08-24T21:18:02.9439429Z   PG_DATABASE: awa
2025-08-24T21:18:02.9439614Z   PG_HOST: localhost
2025-08-24T21:18:02.9439800Z   PG_PORT: 5432
2025-08-24T21:18:02.9440212Z   PG_SYNC_DSN: ***localhost:5432/awa
2025-08-24T21:18:02.9440620Z   PG_ASYNC_DSN: ***localhost:5432/awa
2025-08-24T21:18:02.9440998Z   DATABASE_URL: ***localhost:5432/awa
2025-08-24T21:18:02.9441237Z   DATA_DIR: /tmp/awa-data
2025-08-24T21:18:02.9441452Z   ENABLE_LIVE: 0
2025-08-24T21:18:02.9441627Z   TESTING: 1
2025-08-24T21:18:02.9441905Z   pythonLocation: /opt/hostedtoolcache/Python/3.12.11/x64
2025-08-24T21:18:02.9442306Z   PKG_CONFIG_PATH: /opt/hostedtoolcache/Python/3.12.11/x64/lib/pkgconfig
2025-08-24T21:18:02.9442692Z   Python_ROOT_DIR: /opt/hostedtoolcache/Python/3.12.11/x64
2025-08-24T21:18:02.9443038Z   Python2_ROOT_DIR: /opt/hostedtoolcache/Python/3.12.11/x64
2025-08-24T21:18:02.9443392Z   Python3_ROOT_DIR: /opt/hostedtoolcache/Python/3.12.11/x64
2025-08-24T21:18:02.9443744Z   LD_LIBRARY_PATH: /opt/hostedtoolcache/Python/3.12.11/x64/lib
2025-08-24T21:18:02.9444038Z ##[endgroup]
2025-08-24T21:18:05.1643162Z npm warn deprecated node-domexception@1.0.0: Use your platform's native DOMException instead
2025-08-24T21:18:08.8819131Z 
2025-08-24T21:18:08.8820285Z added 432 packages, and audited 433 packages in 6s
2025-08-24T21:18:08.8821051Z 
2025-08-24T21:18:08.8821470Z 112 packages are looking for funding
2025-08-24T21:18:08.8822985Z   run `npm fund` for details
2025-08-24T21:18:08.8842389Z 
2025-08-24T21:18:08.8842922Z 2 vulnerabilities (1 low, 1 critical)
2025-08-24T21:18:08.8843298Z 
2025-08-24T21:18:08.8843864Z To address all issues, run:
2025-08-24T21:18:08.8844335Z   npm audit fix
2025-08-24T21:18:08.8844536Z 
2025-08-24T21:18:08.8844723Z Run `npm audit` for details.
2025-08-24T21:18:08.9171927Z ##[group]Run npm run build --if-present
2025-08-24T21:18:08.9172261Z [36;1mnpm run build --if-present[0m
2025-08-24T21:18:08.9212328Z shell: /usr/bin/bash -e {0}
2025-08-24T21:18:08.9212558Z env:
2025-08-24T21:18:08.9212771Z   REDIS_URL: redis://localhost:6379/0
2025-08-24T21:18:08.9213041Z   RATE_LIMIT_DEFAULT: 100/minute
2025-08-24T21:18:08.9213271Z   TRUST_X_FORWARDED: 1
2025-08-24T21:18:08.9213469Z   PG_USER: postgres
2025-08-24T21:18:08.9213678Z   PG_PASSWORD: pass
2025-08-24T21:18:08.9213865Z   PG_DATABASE: awa
2025-08-24T21:18:08.9214054Z   PG_HOST: localhost
2025-08-24T21:18:08.9214245Z   PG_PORT: 5432
2025-08-24T21:18:08.9214659Z   PG_SYNC_DSN: ***localhost:5432/awa
2025-08-24T21:18:08.9215057Z   PG_ASYNC_DSN: ***localhost:5432/awa
2025-08-24T21:18:08.9215586Z   DATABASE_URL: ***localhost:5432/awa
2025-08-24T21:18:08.9215829Z   DATA_DIR: /tmp/awa-data
2025-08-24T21:18:08.9216036Z   ENABLE_LIVE: 0
2025-08-24T21:18:08.9216215Z   TESTING: 1
2025-08-24T21:18:08.9216481Z   pythonLocation: /opt/hostedtoolcache/Python/3.12.11/x64
2025-08-24T21:18:08.9216885Z   PKG_CONFIG_PATH: /opt/hostedtoolcache/Python/3.12.11/x64/lib/pkgconfig
2025-08-24T21:18:08.9217291Z   Python_ROOT_DIR: /opt/hostedtoolcache/Python/3.12.11/x64
2025-08-24T21:18:08.9217645Z   Python2_ROOT_DIR: /opt/hostedtoolcache/Python/3.12.11/x64
2025-08-24T21:18:08.9217998Z   Python3_ROOT_DIR: /opt/hostedtoolcache/Python/3.12.11/x64
2025-08-24T21:18:08.9218357Z   LD_LIBRARY_PATH: /opt/hostedtoolcache/Python/3.12.11/x64/lib
2025-08-24T21:18:08.9218652Z ##[endgroup]
2025-08-24T21:18:09.0338662Z 
2025-08-24T21:18:09.0339248Z > web@0.0.0 build
2025-08-24T21:18:09.0340174Z > tsc -b && vite build
2025-08-24T21:18:09.0340462Z 
2025-08-24T21:18:11.8035735Z [36mvite v7.0.4 [32mbuilding for production...[36m[39m
2025-08-24T21:18:11.9796466Z transforming...
2025-08-24T21:18:14.9761759Z [32m✓[39m 687 modules transformed.
2025-08-24T21:18:15.3801163Z rendering chunks...
2025-08-24T21:18:15.4080622Z computing gzip size...
2025-08-24T21:18:15.4403352Z [2mdist/[22m[32mindex.html                 [39m[1m[2m  0.46 kB[22m[1m[22m[2m │ gzip:   0.30 kB[22m
2025-08-24T21:18:15.4406324Z [2mdist/[22m[2massets/[22m[35mindex-5IA1gRGW.css  [39m[1m[2m  0.84 kB[22m[1m[22m[2m │ gzip:   0.45 kB[22m
2025-08-24T21:18:15.4408773Z [2mdist/[22m[2massets/[22m[36mindex-CIqpArhq.js   [39m[1m[33m613.66 kB[39m[22m[2m │ gzip: 193.69 kB[22m
2025-08-24T21:18:15.4411880Z [33m
2025-08-24T21:18:15.4413019Z (!) Some chunks are larger than 500 kB after minification. Consider:
2025-08-24T21:18:15.4413777Z - Using dynamic import() to code-split the application
2025-08-24T21:18:15.4414863Z - Use build.rollupOptions.output.manualChunks to improve chunking: https://rollupjs.org/configuration-options/#output-manualchunks
2025-08-24T21:18:15.4416590Z - Adjust chunk size limit for this warning via build.chunkSizeWarningLimit.[39m
2025-08-24T21:18:15.4417405Z [32m✓ built in 3.62s[39m
2025-08-24T21:18:15.4880191Z ##[group]Run sudo apt-get update
2025-08-24T21:18:15.4880506Z [36;1msudo apt-get update[0m
2025-08-24T21:18:15.4880762Z [36;1msudo apt-get install -y postgresql[0m
2025-08-24T21:18:15.4881274Z [36;1mecho "/usr/lib/postgresql/$(pg_config --version | cut -d' ' -f2 | cut -d'.' -f1,2)/bin" >> $GITHUB_PATH[0m
2025-08-24T21:18:15.4922797Z shell: /usr/bin/bash -e {0}
2025-08-24T21:18:15.4923031Z env:
2025-08-24T21:18:15.4923241Z   REDIS_URL: redis://localhost:6379/0
2025-08-24T21:18:15.4923511Z   RATE_LIMIT_DEFAULT: 100/minute
2025-08-24T21:18:15.4923733Z   TRUST_X_FORWARDED: 1
2025-08-24T21:18:15.4923934Z   PG_USER: postgres
2025-08-24T21:18:15.4924133Z   PG_PASSWORD: pass
2025-08-24T21:18:15.4924320Z   PG_DATABASE: awa
2025-08-24T21:18:15.4924506Z   PG_HOST: localhost
2025-08-24T21:18:15.4924698Z   PG_PORT: 5432
2025-08-24T21:18:15.4925116Z   PG_SYNC_DSN: ***localhost:5432/awa
2025-08-24T21:18:15.4925742Z   PG_ASYNC_DSN: ***localhost:5432/awa
2025-08-24T21:18:15.4926160Z   DATABASE_URL: ***localhost:5432/awa
2025-08-24T21:18:15.4926404Z   DATA_DIR: /tmp/awa-data
2025-08-24T21:18:15.4926615Z   ENABLE_LIVE: 0
2025-08-24T21:18:15.4926795Z   TESTING: 1
2025-08-24T21:18:15.4927038Z   pythonLocation: /opt/hostedtoolcache/Python/3.12.11/x64
2025-08-24T21:18:15.4927436Z   PKG_CONFIG_PATH: /opt/hostedtoolcache/Python/3.12.11/x64/lib/pkgconfig
2025-08-24T21:18:15.4927824Z   Python_ROOT_DIR: /opt/hostedtoolcache/Python/3.12.11/x64
2025-08-24T21:18:15.4928167Z   Python2_ROOT_DIR: /opt/hostedtoolcache/Python/3.12.11/x64
2025-08-24T21:18:15.4928523Z   Python3_ROOT_DIR: /opt/hostedtoolcache/Python/3.12.11/x64
2025-08-24T21:18:15.4928878Z   LD_LIBRARY_PATH: /opt/hostedtoolcache/Python/3.12.11/x64/lib
2025-08-24T21:18:15.4929177Z ##[endgroup]
2025-08-24T21:18:15.5736214Z Get:1 file:/etc/apt/apt-mirrors.txt Mirrorlist [144 B]
2025-08-24T21:18:15.6111419Z Hit:6 https://packages.microsoft.com/repos/azure-cli noble InRelease
2025-08-24T21:18:15.6113091Z Get:7 https://packages.microsoft.com/ubuntu/24.04/prod noble InRelease [3600 B]
2025-08-24T21:18:15.6121069Z Hit:2 http://azure.archive.ubuntu.com/ubuntu noble InRelease
2025-08-24T21:18:15.6137468Z Get:3 http://azure.archive.ubuntu.com/ubuntu noble-updates InRelease [126 kB]
2025-08-24T21:18:15.6195904Z Get:4 http://azure.archive.ubuntu.com/ubuntu noble-backports InRelease [126 kB]
2025-08-24T21:18:15.6213352Z Get:5 http://azure.archive.ubuntu.com/ubuntu noble-security InRelease [126 kB]
2025-08-24T21:18:15.7349061Z Get:8 https://packages.microsoft.com/ubuntu/24.04/prod noble/main arm64 Packages [33.3 kB]
2025-08-24T21:18:15.7483026Z Get:9 https://packages.microsoft.com/ubuntu/24.04/prod noble/main armhf Packages [9870 B]
2025-08-24T21:18:15.7547036Z Get:10 https://packages.microsoft.com/ubuntu/24.04/prod noble/main amd64 Packages [49.2 kB]
2025-08-24T21:18:15.8338268Z Get:11 http://azure.archive.ubuntu.com/ubuntu noble-updates/main amd64 Packages [1352 kB]
2025-08-24T21:18:15.8409997Z Get:12 http://azure.archive.ubuntu.com/ubuntu noble-updates/main Translation-en [269 kB]
2025-08-24T21:18:15.8436727Z Get:13 http://azure.archive.ubuntu.com/ubuntu noble-updates/main amd64 Components [175 kB]
2025-08-24T21:18:15.8462335Z Get:14 http://azure.archive.ubuntu.com/ubuntu noble-updates/universe amd64 Packages [1123 kB]
2025-08-24T21:18:15.8531487Z Get:15 http://azure.archive.ubuntu.com/ubuntu noble-updates/universe Translation-en [288 kB]
2025-08-24T21:18:15.8566669Z Get:16 http://azure.archive.ubuntu.com/ubuntu noble-updates/universe amd64 Components [377 kB]
2025-08-24T21:18:15.8599660Z Get:17 http://azure.archive.ubuntu.com/ubuntu noble-updates/restricted amd64 Packages [1731 kB]
2025-08-24T21:18:15.8692131Z Get:18 http://azure.archive.ubuntu.com/ubuntu noble-updates/restricted Translation-en [384 kB]
2025-08-24T21:18:15.8725591Z Get:19 http://azure.archive.ubuntu.com/ubuntu noble-updates/restricted amd64 Components [212 B]
2025-08-24T21:18:15.8742681Z Get:20 http://azure.archive.ubuntu.com/ubuntu noble-updates/multiverse amd64 Components [940 B]
2025-08-24T21:18:15.9359926Z Get:21 http://azure.archive.ubuntu.com/ubuntu noble-backports/main amd64 Components [7088 B]
2025-08-24T21:18:15.9378942Z Get:22 http://azure.archive.ubuntu.com/ubuntu noble-backports/universe amd64 Components [19.2 kB]
2025-08-24T21:18:15.9390466Z Get:23 http://azure.archive.ubuntu.com/ubuntu noble-backports/restricted amd64 Components [216 B]
2025-08-24T21:18:15.9431901Z Get:24 http://azure.archive.ubuntu.com/ubuntu noble-backports/multiverse amd64 Components [212 B]
2025-08-24T21:18:15.9448065Z Get:25 http://azure.archive.ubuntu.com/ubuntu noble-security/main amd64 Packages [1083 kB]
2025-08-24T21:18:15.9514212Z Get:26 http://azure.archive.ubuntu.com/ubuntu noble-security/main Translation-en [187 kB]
2025-08-24T21:18:15.9534941Z Get:27 http://azure.archive.ubuntu.com/ubuntu noble-security/main amd64 Components [21.5 kB]
2025-08-24T21:18:15.9549678Z Get:28 http://azure.archive.ubuntu.com/ubuntu noble-security/universe amd64 Packages [881 kB]
2025-08-24T21:18:15.9605015Z Get:29 http://azure.archive.ubuntu.com/ubuntu noble-security/universe Translation-en [195 kB]
2025-08-24T21:18:15.9628102Z Get:30 http://azure.archive.ubuntu.com/ubuntu noble-security/universe amd64 Components [52.2 kB]
2025-08-24T21:18:15.9644660Z Get:31 http://azure.archive.ubuntu.com/ubuntu noble-security/restricted amd64 Packages [1631 kB]
2025-08-24T21:18:15.9736908Z Get:32 http://azure.archive.ubuntu.com/ubuntu noble-security/restricted Translation-en [361 kB]
2025-08-24T21:18:15.9765544Z Get:33 http://azure.archive.ubuntu.com/ubuntu noble-security/restricted amd64 Components [212 B]
2025-08-24T21:18:15.9776316Z Get:34 http://azure.archive.ubuntu.com/ubuntu noble-security/multiverse amd64 Components [208 B]
2025-08-24T21:18:22.8836135Z Fetched 10.6 MB in 1s (8045 kB/s)
2025-08-24T21:18:23.5710908Z Reading package lists...
2025-08-24T21:18:23.6020869Z Reading package lists...
2025-08-24T21:18:23.7664165Z Building dependency tree...
2025-08-24T21:18:23.7671563Z Reading state information...
2025-08-24T21:18:23.9194159Z Suggested packages:
2025-08-24T21:18:23.9194520Z   postgresql-doc
2025-08-24T21:18:23.9351962Z The following NEW packages will be installed:
2025-08-24T21:18:23.9352430Z   postgresql
2025-08-24T21:18:23.9530743Z 0 upgraded, 1 newly installed, 0 to remove and 25 not upgraded.
2025-08-24T21:18:23.9531486Z Need to get 11.6 kB of archives.
2025-08-24T21:18:23.9532081Z After this operation, 17.4 kB of additional disk space will be used.
2025-08-24T21:18:23.9532545Z Get:1 file:/etc/apt/apt-mirrors.txt Mirrorlist [144 B]
2025-08-24T21:18:24.0337056Z Get:2 http://azure.archive.ubuntu.com/ubuntu noble-updates/main amd64 postgresql all 16+257build1.1 [11.6 kB]
2025-08-24T21:18:24.2896312Z Fetched 11.6 kB in 0s (127 kB/s)
2025-08-24T21:18:24.3136027Z Selecting previously unselected package postgresql.
2025-08-24T21:18:24.3506726Z (Reading database ... 
2025-08-24T21:18:24.3507450Z (Reading database ... 5%
2025-08-24T21:18:24.3507794Z (Reading database ... 10%
2025-08-24T21:18:24.3508063Z (Reading database ... 15%
2025-08-24T21:18:24.3508351Z (Reading database ... 20%
2025-08-24T21:18:24.3508584Z (Reading database ... 25%
2025-08-24T21:18:24.3508820Z (Reading database ... 30%
2025-08-24T21:18:24.3509693Z (Reading database ... 35%
2025-08-24T21:18:24.3510086Z (Reading database ... 40%
2025-08-24T21:18:24.3510314Z (Reading database ... 45%
2025-08-24T21:18:24.3510539Z (Reading database ... 50%
2025-08-24T21:18:24.3746087Z (Reading database ... 55%
2025-08-24T21:18:24.5260103Z (Reading database ... 60%
2025-08-24T21:18:24.7158814Z (Reading database ... 65%
2025-08-24T21:18:24.9166990Z (Reading database ... 70%
2025-08-24T21:18:25.1278954Z (Reading database ... 75%
2025-08-24T21:18:25.3527715Z (Reading database ... 80%
2025-08-24T21:18:25.6128195Z (Reading database ... 85%
2025-08-24T21:18:25.8686219Z (Reading database ... 90%
2025-08-24T21:18:26.1030248Z (Reading database ... 95%
2025-08-24T21:18:26.1030870Z (Reading database ... 100%
2025-08-24T21:18:26.1031544Z (Reading database ... 219830 files and directories currently installed.)
2025-08-24T21:18:26.1076238Z Preparing to unpack .../postgresql_16+257build1.1_all.deb ...
2025-08-24T21:18:26.1126978Z Unpacking postgresql (16+257build1.1) ...
2025-08-24T21:18:26.1535065Z Setting up postgresql (16+257build1.1) ...
2025-08-24T21:18:26.8978827Z 
2025-08-24T21:18:26.8979401Z Running kernel seems to be up-to-date.
2025-08-24T21:18:26.8979672Z 
2025-08-24T21:18:26.8979789Z Restarting services...
2025-08-24T21:18:26.9049083Z 
2025-08-24T21:18:26.9049619Z Service restarts being deferred:
2025-08-24T21:18:26.9054109Z  systemctl restart hosted-compute-agent.service
2025-08-24T21:18:26.9054522Z 
2025-08-24T21:18:26.9054793Z No containers need to be restarted.
2025-08-24T21:18:26.9055100Z 
2025-08-24T21:18:26.9055575Z No user sessions are running outdated binaries.
2025-08-24T21:18:26.9055934Z 
2025-08-24T21:18:26.9056416Z No VM guests are running outdated hypervisor (qemu) binaries on this host.
2025-08-24T21:18:27.7434494Z ##[group]Run for i in {1..30}; do pg_isready -h localhost -p 5432 -U postgres -d awa && break; sleep 1; done
2025-08-24T21:18:27.7435113Z [36;1mfor i in {1..30}; do pg_isready -h localhost -p 5432 -U postgres -d awa && break; sleep 1; done[0m
2025-08-24T21:18:27.7475313Z shell: /usr/bin/bash -e {0}
2025-08-24T21:18:27.7475737Z env:
2025-08-24T21:18:27.7475946Z   REDIS_URL: redis://localhost:6379/0
2025-08-24T21:18:27.7476215Z   RATE_LIMIT_DEFAULT: 100/minute
2025-08-24T21:18:27.7476446Z   TRUST_X_FORWARDED: 1
2025-08-24T21:18:27.7476647Z   PG_USER: postgres
2025-08-24T21:18:27.7476838Z   PG_PASSWORD: pass
2025-08-24T21:18:27.7477017Z   PG_DATABASE: awa
2025-08-24T21:18:27.7477203Z   PG_HOST: localhost
2025-08-24T21:18:27.7477388Z   PG_PORT: 5432
2025-08-24T21:18:27.7477802Z   PG_SYNC_DSN: ***localhost:5432/awa
2025-08-24T21:18:27.7478214Z   PG_ASYNC_DSN: ***localhost:5432/awa
2025-08-24T21:18:27.7478596Z   DATABASE_URL: ***localhost:5432/awa
2025-08-24T21:18:27.7478861Z   DATA_DIR: /tmp/awa-data
2025-08-24T21:18:27.7479069Z   ENABLE_LIVE: 0
2025-08-24T21:18:27.7479244Z   TESTING: 1
2025-08-24T21:18:27.7479482Z   pythonLocation: /opt/hostedtoolcache/Python/3.12.11/x64
2025-08-24T21:18:27.7479878Z   PKG_CONFIG_PATH: /opt/hostedtoolcache/Python/3.12.11/x64/lib/pkgconfig
2025-08-24T21:18:27.7480268Z   Python_ROOT_DIR: /opt/hostedtoolcache/Python/3.12.11/x64
2025-08-24T21:18:27.7480617Z   Python2_ROOT_DIR: /opt/hostedtoolcache/Python/3.12.11/x64
2025-08-24T21:18:27.7480966Z   Python3_ROOT_DIR: /opt/hostedtoolcache/Python/3.12.11/x64
2025-08-24T21:18:27.7481317Z   LD_LIBRARY_PATH: /opt/hostedtoolcache/Python/3.12.11/x64/lib
2025-08-24T21:18:27.7481607Z ##[endgroup]
2025-08-24T21:18:27.8504155Z localhost:5432 - accepting connections
2025-08-24T21:18:27.8538767Z ##[group]Run alembic -c services/api/alembic.ini upgrade head
2025-08-24T21:18:27.8539195Z [36;1malembic -c services/api/alembic.ini upgrade head[0m
2025-08-24T21:18:27.8579229Z shell: /usr/bin/bash -e {0}
2025-08-24T21:18:27.8579456Z env:
2025-08-24T21:18:27.8579660Z   REDIS_URL: redis://localhost:6379/0
2025-08-24T21:18:27.8579926Z   RATE_LIMIT_DEFAULT: 100/minute
2025-08-24T21:18:27.8580158Z   TRUST_X_FORWARDED: 1
2025-08-24T21:18:27.8580364Z   PG_USER: postgres
2025-08-24T21:18:27.8580557Z   PG_PASSWORD: pass
2025-08-24T21:18:27.8580921Z   PG_DATABASE: awa
2025-08-24T21:18:27.8581099Z   PG_HOST: localhost
2025-08-24T21:18:27.8581288Z   PG_PORT: 5432
2025-08-24T21:18:27.8581697Z   PG_SYNC_DSN: ***localhost:5432/awa
2025-08-24T21:18:27.8582106Z   PG_ASYNC_DSN: ***localhost:5432/awa
2025-08-24T21:18:27.8582488Z   DATABASE_URL: ***localhost:5432/awa
2025-08-24T21:18:27.8582726Z   DATA_DIR: /tmp/awa-data
2025-08-24T21:18:27.8582937Z   ENABLE_LIVE: 0
2025-08-24T21:18:27.8583147Z   TESTING: 1
2025-08-24T21:18:27.8583383Z   pythonLocation: /opt/hostedtoolcache/Python/3.12.11/x64
2025-08-24T21:18:27.8583776Z   PKG_CONFIG_PATH: /opt/hostedtoolcache/Python/3.12.11/x64/lib/pkgconfig
2025-08-24T21:18:27.8584159Z   Python_ROOT_DIR: /opt/hostedtoolcache/Python/3.12.11/x64
2025-08-24T21:18:27.8584509Z   Python2_ROOT_DIR: /opt/hostedtoolcache/Python/3.12.11/x64
2025-08-24T21:18:27.8584859Z   Python3_ROOT_DIR: /opt/hostedtoolcache/Python/3.12.11/x64
2025-08-24T21:18:27.8585210Z   LD_LIBRARY_PATH: /opt/hostedtoolcache/Python/3.12.11/x64/lib
2025-08-24T21:18:27.8585744Z   POSTGRES_USER: postgres
2025-08-24T21:18:27.8585964Z   POSTGRES_PASSWORD: pass
2025-08-24T21:18:27.8586167Z   POSTGRES_DB: awa
2025-08-24T21:18:27.8586355Z ##[endgroup]
2025-08-24T21:18:28.8513965Z INFO  [alembic.runtime.migration] Context impl PostgresqlImpl.
2025-08-24T21:18:28.8514921Z INFO  [alembic.runtime.migration] Will assume transactional DDL.
2025-08-24T21:18:28.8722529Z INFO  [alembic.runtime.migration] Running upgrade  -> 0001_baseline
2025-08-24T21:18:28.8896955Z INFO  [alembic.runtime.migration] Running upgrade 0001_baseline -> 0002_create_roi_view
2025-08-24T21:18:28.8923176Z INFO  [alembic.runtime.migration] Running upgrade 0002_create_roi_view -> 3e9d5c5aff2c
2025-08-24T21:18:28.9087006Z INFO  [alembic.runtime.migration] Running upgrade 3e9d5c5aff2c -> 0003_vendor_prices
2025-08-24T21:18:28.9253949Z INFO  [alembic.runtime.migration] Running upgrade 0003_vendor_prices -> 0004_fee_cron
2025-08-24T21:18:28.9324568Z INFO  [alembic.runtime.migration] Running upgrade 0004_fee_cron -> 0006_fix_roi_views
2025-08-24T21:18:28.9357642Z INFO  [alembic.runtime.migration] Running upgrade 0006_fix_roi_views -> 0020_unified_schema
2025-08-24T21:18:28.9492331Z INFO  [alembic.runtime.migration] Running upgrade 0020_unified_schema -> 0022_fix_roi_view
2025-08-24T21:18:28.9577160Z INFO  [alembic.runtime.migration] Running upgrade 0022_fix_roi_view -> 0023_add_storage_fee
2025-08-24T21:18:28.9613059Z INFO  [alembic.runtime.migration] Running upgrade 0023_add_storage_fee -> 0024_create_buybox
2025-08-24T21:18:28.9646489Z INFO  [alembic.runtime.migration] Running upgrade 0024_create_buybox -> 0025_pr4_indexes_loadlog
2025-08-24T21:18:28.9894115Z INFO  [alembic.runtime.migration] Running upgrade 0025_pr4_indexes_loadlog -> 0026_fix_refund_views
2025-08-24T21:18:28.9951043Z INFO  [alembic.runtime.migration] Running upgrade 0025_pr4_indexes_loadlog -> 0026_amazon_new_reports
2025-08-24T21:18:29.0229659Z INFO  [alembic.runtime.migration] Running upgrade 0026_amazon_new_reports, 0026_fix_refund_views -> 0027_merge_reports_refund_heads
2025-08-24T21:18:29.0981084Z ##[group]Run pytest -q --cov=services --cov-report=xml
2025-08-24T21:18:29.0981483Z [36;1mpytest -q --cov=services --cov-report=xml[0m
2025-08-24T21:18:29.1021916Z shell: /usr/bin/bash -e {0}
2025-08-24T21:18:29.1022150Z env:
2025-08-24T21:18:29.1022364Z   REDIS_URL: redis://localhost:6379/0
2025-08-24T21:18:29.1022635Z   RATE_LIMIT_DEFAULT: 100/minute
2025-08-24T21:18:29.1022867Z   TRUST_X_FORWARDED: 1
2025-08-24T21:18:29.1023063Z   PG_USER: postgres
2025-08-24T21:18:29.1023254Z   PG_PASSWORD: pass
2025-08-24T21:18:29.1023438Z   PG_DATABASE: awa
2025-08-24T21:18:29.1023624Z   PG_HOST: localhost
2025-08-24T21:18:29.1023815Z   PG_PORT: 5432
2025-08-24T21:18:29.1024226Z   PG_SYNC_DSN: ***localhost:5432/awa
2025-08-24T21:18:29.1024641Z   PG_ASYNC_DSN: ***localhost:5432/awa
2025-08-24T21:18:29.1025144Z   DATABASE_URL: ***localhost:5432/awa
2025-08-24T21:18:29.1025623Z   DATA_DIR: /home/runner/work/_temp/awa-data
2025-08-24T21:18:29.1026071Z   ENABLE_LIVE: 0
2025-08-24T21:18:29.1026274Z   TESTING: 1
2025-08-24T21:18:29.1026516Z   pythonLocation: /opt/hostedtoolcache/Python/3.12.11/x64
2025-08-24T21:18:29.1026906Z   PKG_CONFIG_PATH: /opt/hostedtoolcache/Python/3.12.11/x64/lib/pkgconfig
2025-08-24T21:18:29.1027295Z   Python_ROOT_DIR: /opt/hostedtoolcache/Python/3.12.11/x64
2025-08-24T21:18:29.1027641Z   Python2_ROOT_DIR: /opt/hostedtoolcache/Python/3.12.11/x64
2025-08-24T21:18:29.1027996Z   Python3_ROOT_DIR: /opt/hostedtoolcache/Python/3.12.11/x64
2025-08-24T21:18:29.1028352Z   LD_LIBRARY_PATH: /opt/hostedtoolcache/Python/3.12.11/x64/lib
2025-08-24T21:18:29.1028660Z   POSTGRES_USER: postgres
2025-08-24T21:18:29.1028884Z   POSTGRES_PASSWORD: pass
2025-08-24T21:18:29.1029084Z   POSTGRES_DB: awa
2025-08-24T21:18:29.1029275Z   LLM_PROVIDER: lan
2025-08-24T21:18:29.1029488Z   LLM_BASE_URL: http://localhost:8000
2025-08-24T21:18:29.1029734Z ##[endgroup]
2025-08-24T21:19:07.7648305Z ........s.............................sssssss........................... [ 41%]
2025-08-24T21:19:39.7802500Z ........................................................................ [ 83%]
2025-08-24T21:19:40.9031704Z .............................                                            [100%]
2025-08-24T21:19:40.9032663Z =============================== warnings summary ===============================
2025-08-24T21:19:40.9033559Z ../../../../../opt/hostedtoolcache/Python/3.12.11/x64/lib/python3.12/site-packages/pydantic/fields.py:1093
2025-08-24T21:19:40.9037350Z   /opt/hostedtoolcache/Python/3.12.11/x64/lib/python3.12/site-packages/pydantic/fields.py:1093: PydanticDeprecatedSince20: Using extra keyword arguments on `Field` is deprecated and will be removed. Use `json_schema_extra` instead. (Extra keys: 'strip_whitespace'). Deprecated in Pydantic V2.0 to be removed in V3.0. See Pydantic V2 Migration Guide at https://errors.pydantic.dev/2.11/migration/
2025-08-24T21:19:40.9039642Z     warn(
2025-08-24T21:19:40.9039789Z 
2025-08-24T21:19:40.9039989Z services/alert_bot/tests/test_smoke.py:5
2025-08-24T21:19:40.9041548Z   /home/runner/work/AWA-App/AWA-App/services/alert_bot/tests/test_smoke.py:5: UserWarning: pkg_resources is deprecated as an API. See https://setuptools.pypa.io/en/latest/pkg_resources.html. The pkg_resources package is slated for removal as early as 2025-11-30. Refrain from using this package or pin to Setuptools<81.
2025-08-24T21:19:40.9042742Z     import pkg_resources  # noqa: F401
2025-08-24T21:19:40.9042929Z 
2025-08-24T21:19:40.9043110Z tests/api/test_ingest_endpoints.py: 12 warnings
2025-08-24T21:19:40.9043484Z tests/ingest/test_tasks_eager.py: 3 warnings
2025-08-24T21:19:40.9043811Z tests/test_api_fast.py: 1 warning
2025-08-24T21:19:40.9044110Z tests/test_health.py: 5 warnings
2025-08-24T21:19:40.9044403Z tests/test_smoke.py: 5 warnings
2025-08-24T21:19:40.9044717Z services/api/tests/test_cors.py: 1 warning
2025-08-24T21:19:40.9045087Z services/api/tests/test_errors_json.py: 2 warnings
2025-08-24T21:19:40.9045690Z services/api/tests/test_health.py: 1 warning
2025-08-24T21:19:40.9046382Z services/api/tests/test_rate_limit.py: 122 warnings
2025-08-24T21:19:40.9046801Z services/api/tests/test_roi_basic_auth.py: 4 warnings
2025-08-24T21:19:40.9047197Z services/api/tests/test_sentry_event.py: 1 warning
2025-08-24T21:19:40.9047611Z services/api/tests/test_stats_contracts.py: 3 warnings
2025-08-24T21:19:40.9048075Z services/api/tests/test_stats_future_contracts.py: 3 warnings
2025-08-24T21:19:40.9049751Z   /opt/hostedtoolcache/Python/3.12.11/x64/lib/python3.12/site-packages/asgi_correlation_id/extensions/sentry.py:27: DeprecationWarning: sentry_sdk.configure_scope is deprecated and will be removed in the next major version. Please consult our migration guide to learn how to migrate to the new API: https://docs.sentry.io/platforms/python/migration/1.x-to-2.x#scope-configuring
2025-08-24T21:19:40.9051153Z     with configure_scope() as scope:
2025-08-24T21:19:40.9051325Z 
2025-08-24T21:19:40.9051487Z tests/api/test_ingest_endpoints.py: 3 warnings
2025-08-24T21:19:40.9052002Z tests/test_api_fast.py: 1 warning
2025-08-24T21:19:40.9052318Z tests/test_health.py: 5 warnings
2025-08-24T21:19:40.9052586Z tests/test_smoke.py: 5 warnings
2025-08-24T21:19:40.9052871Z services/api/tests/test_cors.py: 3 warnings
2025-08-24T21:19:40.9053217Z services/api/tests/test_errors_json.py: 2 warnings
2025-08-24T21:19:40.9053566Z services/api/tests/test_health.py: 1 warning
2025-08-24T21:19:40.9053928Z services/api/tests/test_rate_limit.py: 2 warnings
2025-08-24T21:19:40.9054297Z services/api/tests/test_sentry_event.py: 1 warning
2025-08-24T21:19:40.9054670Z services/api/tests/test_stats_contracts.py: 3 warnings
2025-08-24T21:19:40.9055101Z services/api/tests/test_stats_future_contracts.py: 1 warning
2025-08-24T21:19:40.9056332Z   /opt/hostedtoolcache/Python/3.12.11/x64/lib/python3.12/site-packages/fastapi_limiter/__init__.py:89: DeprecationWarning: Call to deprecated close. (Use aclose() instead) -- Deprecated since version 5.0.1.
2025-08-24T21:19:40.9057100Z     await cls.redis.close()
2025-08-24T21:19:40.9057257Z 
2025-08-24T21:19:40.9057456Z tests/test_api_fast.py::test_health_endpoint
2025-08-24T21:19:40.9058553Z   /home/runner/work/AWA-App/AWA-App/tests/test_api_fast.py:13: DeprecationWarning: datetime.datetime.utcnow() is deprecated and scheduled for removal in a future version. Use timezone-aware objects to represent datetimes in UTC: datetime.datetime.now(datetime.UTC).
2025-08-24T21:19:40.9059533Z     return datetime.datetime.utcnow()
2025-08-24T21:19:40.9059707Z 
2025-08-24T21:19:40.9059835Z tests/test_api_fast.py: 1 warning
2025-08-24T21:19:40.9060116Z tests/test_health.py: 5 warnings
2025-08-24T21:19:40.9060387Z tests/test_smoke.py: 5 warnings
2025-08-24T21:19:40.9060689Z services/api/tests/test_cors.py: 1 warning
2025-08-24T21:19:40.9061013Z services/api/tests/test_health.py: 1 warning
2025-08-24T21:19:40.9061366Z services/api/tests/test_rate_limit.py: 102 warnings
2025-08-24T21:19:40.9062521Z   /home/runner/work/AWA-App/AWA-App/services/api/routes/health.py:24: DeprecationWarning: datetime.datetime.utcnow() is deprecated and scheduled for removal in a future version. Use timezone-aware objects to represent datetimes in UTC: datetime.datetime.now(datetime.UTC).
2025-08-24T21:19:40.9063589Z     app_now = datetime.utcnow().replace(tzinfo=timezone.utc)
2025-08-24T21:19:40.9063814Z 
2025-08-24T21:19:40.9063949Z tests/test_health.py::test_health[0]
2025-08-24T21:19:40.9064241Z tests/test_health.py::test_health[1]
2025-08-24T21:19:40.9064525Z tests/test_health.py::test_health[2]
2025-08-24T21:19:40.9064800Z tests/test_health.py::test_health[3]
2025-08-24T21:19:40.9065078Z tests/test_health.py::test_health[4]
2025-08-24T21:19:40.9066309Z   /home/runner/work/AWA-App/AWA-App/tests/test_health.py:22: DeprecationWarning: datetime.datetime.utcnow() is deprecated and scheduled for removal in a future version. Use timezone-aware objects to represent datetimes in UTC: datetime.datetime.now(datetime.UTC).
2025-08-24T21:19:40.9067272Z     return datetime.datetime.utcnow()
2025-08-24T21:19:40.9067446Z 
2025-08-24T21:19:40.9067728Z tests/test_smoke.py::test_health[0]
2025-08-24T21:19:40.9068023Z tests/test_smoke.py::test_health[1]
2025-08-24T21:19:40.9068296Z tests/test_smoke.py::test_health[2]
2025-08-24T21:19:40.9068573Z tests/test_smoke.py::test_health[3]
2025-08-24T21:19:40.9068852Z tests/test_smoke.py::test_health[4]
2025-08-24T21:19:40.9069922Z   /home/runner/work/AWA-App/AWA-App/tests/test_smoke.py:32: DeprecationWarning: datetime.datetime.utcnow() is deprecated and scheduled for removal in a future version. Use timezone-aware objects to represent datetimes in UTC: datetime.datetime.now(datetime.UTC).
2025-08-24T21:19:40.9070883Z     return datetime.datetime.utcnow()
2025-08-24T21:19:40.9071057Z 
2025-08-24T21:19:40.9071280Z services/api/tests/test_cors.py::test_cors_simple_get_allowed
2025-08-24T21:19:40.9072459Z   /home/runner/work/AWA-App/AWA-App/services/api/tests/test_cors.py:27: DeprecationWarning: datetime.datetime.utcnow() is deprecated and scheduled for removal in a future version. Use timezone-aware objects to represent datetimes in UTC: datetime.datetime.now(datetime.UTC).
2025-08-24T21:19:40.9073585Z     return datetime.datetime.utcnow()
2025-08-24T21:19:40.9073756Z 
2025-08-24T21:19:40.9073942Z services/api/tests/test_health.py::test_health_route
2025-08-24T21:19:40.9075089Z   /home/runner/work/AWA-App/AWA-App/services/api/tests/test_health.py:14: DeprecationWarning: datetime.datetime.utcnow() is deprecated and scheduled for removal in a future version. Use timezone-aware objects to represent datetimes in UTC: datetime.datetime.now(datetime.UTC).
2025-08-24T21:19:40.9076311Z     return datetime.datetime.utcnow()
2025-08-24T21:19:40.9076482Z 
2025-08-24T21:19:40.9076654Z services/api/tests/test_rate_limit.py: 102 warnings
2025-08-24T21:19:40.9077807Z   /home/runner/work/AWA-App/AWA-App/services/api/tests/test_rate_limit.py:33: DeprecationWarning: datetime.datetime.utcnow() is deprecated and scheduled for removal in a future version. Use timezone-aware objects to represent datetimes in UTC: datetime.datetime.now(datetime.UTC).
2025-08-24T21:19:40.9078832Z     return datetime.datetime.utcnow()
2025-08-24T21:19:40.9079001Z 
2025-08-24T21:19:40.9079323Z services/api/tests/test_sentry_event.py::test_unhandled_exception_is_captured_and_tagged
2025-08-24T21:19:40.9080802Z   /home/runner/work/AWA-App/AWA-App/services/api/tests/test_sentry_event.py:47: SentryHubDeprecationWarning: `sentry_sdk.Hub` is deprecated and will be removed in a future major release. Please consult our 1.x to 2.x migration guide for details on how to migrate `Hub` usage to the new API: https://docs.sentry.io/platforms/python/migration/1.x-to-2.x
2025-08-24T21:19:40.9081967Z     hub = sentry_sdk.Hub.current
2025-08-24T21:19:40.9082120Z 
2025-08-24T21:19:40.9082378Z -- Docs: https://docs.pytest.org/en/stable/how-to/capture-warnings.html
2025-08-24T21:19:40.9082845Z ================================ tests coverage ================================
2025-08-24T21:19:40.9083301Z _______________ coverage: platform linux, python 3.12.11-final-0 _______________
2025-08-24T21:19:40.9083564Z 
2025-08-24T21:19:40.9083712Z Coverage XML written to file coverage.xml
2025-08-24T21:19:40.9084112Z Sentry is attempting to send 0 pending events
2025-08-24T21:19:40.9084412Z Waiting up to True seconds
2025-08-24T21:19:40.9084648Z Press Ctrl-C to quit
2025-08-24T21:19:41.3419161Z ##[group]Run echo "::group::postgres container logs"
2025-08-24T21:19:41.3419556Z [36;1mecho "::group::postgres container logs"[0m
2025-08-24T21:19:41.3420024Z [36;1mdocker logs a6e716ab5259503ef3cd2a1a19725095412dcd885b619a20c9a120e6df403fce --tail 200[0m
2025-08-24T21:19:41.3420469Z [36;1mecho "::endgroup::"[0m
2025-08-24T21:19:41.3460616Z shell: /usr/bin/bash -e {0}
2025-08-24T21:19:41.3460845Z env:
2025-08-24T21:19:41.3461055Z   REDIS_URL: redis://localhost:6379/0
2025-08-24T21:19:41.3461321Z   RATE_LIMIT_DEFAULT: 100/minute
2025-08-24T21:19:41.3461578Z   TRUST_X_FORWARDED: 1
2025-08-24T21:19:41.3461780Z   PG_USER: postgres
2025-08-24T21:19:41.3461977Z   PG_PASSWORD: pass
2025-08-24T21:19:41.3462171Z   PG_DATABASE: awa
2025-08-24T21:19:41.3462357Z   PG_HOST: localhost
2025-08-24T21:19:41.3462552Z   PG_PORT: 5432
2025-08-24T21:19:41.3462944Z   PG_SYNC_DSN: ***localhost:5432/awa
2025-08-24T21:19:41.3463349Z   PG_ASYNC_DSN: ***localhost:5432/awa
2025-08-24T21:19:41.3463785Z   DATABASE_URL: ***localhost:5432/awa
2025-08-24T21:19:41.3464026Z   DATA_DIR: /tmp/awa-data
2025-08-24T21:19:41.3464226Z   ENABLE_LIVE: 0
2025-08-24T21:19:41.3464408Z   TESTING: 1
2025-08-24T21:19:41.3464652Z   pythonLocation: /opt/hostedtoolcache/Python/3.12.11/x64
2025-08-24T21:19:41.3465053Z   PKG_CONFIG_PATH: /opt/hostedtoolcache/Python/3.12.11/x64/lib/pkgconfig
2025-08-24T21:19:41.3465649Z   Python_ROOT_DIR: /opt/hostedtoolcache/Python/3.12.11/x64
2025-08-24T21:19:41.3466004Z   Python2_ROOT_DIR: /opt/hostedtoolcache/Python/3.12.11/x64
2025-08-24T21:19:41.3466356Z   Python3_ROOT_DIR: /opt/hostedtoolcache/Python/3.12.11/x64
2025-08-24T21:19:41.3466699Z   LD_LIBRARY_PATH: /opt/hostedtoolcache/Python/3.12.11/x64/lib
2025-08-24T21:19:41.3467165Z ##[endgroup]
2025-08-24T21:19:41.3526116Z ##[group]postgres container logs
2025-08-24T21:19:41.3638780Z The files belonging to this database system will be owned by user "postgres".
2025-08-24T21:19:41.3639616Z This user must also own the server process.
2025-08-24T21:19:41.3640488Z initdb: warning: enabling "trust" authentication for local connections
2025-08-24T21:19:41.3640954Z 
2025-08-24T21:19:41.3641386Z The database cluster will be initialized with locale "en_US.utf8".
2025-08-24T21:19:41.3642250Z The default database encoding has accordingly been set to "UTF8".
2025-08-24T21:19:41.3642765Z The default text search configuration will be set to "english".
2025-08-24T21:19:41.3642997Z 
2025-08-24T21:19:41.3643141Z Data page checksums are disabled.
2025-08-24T21:19:41.3643313Z 
2025-08-24T21:19:41.3643595Z fixing permissions on existing directory /var/lib/postgresql/data ... ok
2025-08-24T21:19:41.3644018Z creating subdirectories ... ok
2025-08-24T21:19:41.3644391Z selecting dynamic shared memory implementation ... posix
2025-08-24T21:19:41.3644770Z selecting default max_connections ... 100
2025-08-24T21:19:41.3645092Z selecting default shared_buffers ... 128MB
2025-08-24T21:19:41.3645604Z selecting default time zone ... Etc/UTC
2025-08-24T21:19:41.3645965Z creating configuration files ... ok
2025-08-24T21:19:41.3646270Z running bootstrap script ... ok
2025-08-24T21:19:41.3646605Z performing post-bootstrap initialization ... ok
2025-08-24T21:19:41.3646908Z syncing data to disk ... ok
2025-08-24T21:19:41.3647050Z 
2025-08-24T21:19:41.3647056Z 
2025-08-24T21:19:41.3647252Z Success. You can now start the database server using:
2025-08-24T21:19:41.3647458Z 
2025-08-24T21:19:41.3647623Z     pg_ctl -D /var/lib/postgresql/data -l logfile start
2025-08-24T21:19:41.3647826Z 
2025-08-24T21:19:41.3648509Z waiting for server to start....2025-08-24 21:16:40.769 UTC [48] LOG:  starting PostgreSQL 15.14 (Debian 15.14-1.pgdg13+1) on x86_64-pc-linux-gnu, compiled by gcc (Debian 14.2.0-19) 14.2.0, 64-bit
2025-08-24T21:19:41.3649367Z 2025-08-24 21:16:40.771 UTC [48] LOG:  listening on Unix socket "/var/run/postgresql/.s.PGSQL.5432"
2025-08-24T21:19:41.3649967Z 2025-08-24 21:16:40.775 UTC [51] LOG:  database system was shut down at 2025-08-24 21:16:40 UTC
2025-08-24T21:19:41.3650963Z 2025-08-24 21:16:40.779 UTC [48] LOG:  database system is ready to accept connections
2025-08-24T21:19:41.3651310Z  done
2025-08-24T21:19:41.3651479Z server started
2025-08-24T21:19:41.3651658Z CREATE DATABASE
2025-08-24T21:19:41.3651770Z 
2025-08-24T21:19:41.3651777Z 
2025-08-24T21:19:41.3652069Z /usr/local/bin/docker-entrypoint.sh: ignoring /docker-entrypoint-initdb.d/*
2025-08-24T21:19:41.3652383Z 
2025-08-24T21:19:41.3652838Z waiting for server to shut down...2025-08-24 21:16:40.955 UTC [48] LOG:  received fast shutdown request
2025-08-24T21:19:41.3654546Z initdb: hint: You can change this by editing pg_hba.conf or using the option -A, or --auth-local and --auth-host, the next time you run initdb.
2025-08-24T21:19:41.3656818Z 2025-08-24 21:16:41.074 UTC [1] LOG:  starting PostgreSQL 15.14 (Debian 15.14-1.pgdg13+1) on x86_64-pc-linux-gnu, compiled by gcc (Debian 14.2.0-19) 14.2.0, 64-bit
2025-08-24T21:19:41.3658054Z 2025-08-24 21:16:41.074 UTC [1] LOG:  listening on IPv4 address "0.0.0.0", port 5432
2025-08-24T21:19:41.3658606Z 2025-08-24 21:16:41.075 UTC [1] LOG:  listening on IPv6 address "::", port 5432
2025-08-24T21:19:41.3659176Z 2025-08-24 21:16:41.076 UTC [1] LOG:  listening on Unix socket "/var/run/postgresql/.s.PGSQL.5432"
2025-08-24T21:19:41.3659764Z 2025-08-24 21:16:41.079 UTC [64] LOG:  database system was shut down at 2025-08-24 21:16:40 UTC
2025-08-24T21:19:41.3660300Z 2025-08-24 21:16:41.083 UTC [1] LOG:  database system is ready to accept connections
2025-08-24T21:19:41.3660915Z .2025-08-24 21:16:40.956 UTC [48] LOG:  aborting any active transactions
2025-08-24T21:19:41.3661545Z 2025-08-24 21:16:40.957 UTC [48] LOG:  background worker "logical replication launcher" (PID 54) exited with exit code 1
2025-08-24T21:19:41.3662262Z 2025-08-24 21:16:40.958 UTC [49] LOG:  shutting down
2025-08-24T21:19:41.3662693Z 2025-08-24 21:16:40.958 UTC [49] LOG:  checkpoint starting: shutdown immediate
2025-08-24T21:19:41.3663782Z 2025-08-24 21:16:40.979 UTC [49] LOG:  checkpoint complete: wrote 922 buffers (5.6%); 0 WAL file(s) added, 0 removed, 0 recycled; write=0.014 s, sync=0.003 s, total=0.022 s; sync files=301, longest=0.001 s, average=0.001 s; distance=4239 kB, estimate=4239 kB
2025-08-24T21:19:41.3664657Z 2025-08-24 21:16:40.985 UTC [48] LOG:  database system is shut down
2025-08-24T21:19:41.3664949Z  done
2025-08-24T21:19:41.3665118Z server stopped
2025-08-24T21:19:41.3665231Z 
2025-08-24T21:19:41.3665626Z PostgreSQL init process complete; ready for start up.
2025-08-24T21:19:41.3665848Z 
2025-08-24T21:19:41.3666111Z ##[endgroup]
2025-08-24T21:19:41.3703545Z Post job cleanup.
2025-08-24T21:19:41.5879293Z Post job cleanup.
2025-08-24T21:19:41.7154278Z Cache hit occurred on the primary key Linux-test-cc13ccef493b9f3a93ad5651164d9fb09282c1111f6f72ce20e0657de16de6b4, not saving cache.
2025-08-24T21:19:41.7234224Z Post job cleanup.
2025-08-24T21:19:41.8727988Z Cache hit occurred on the primary key setup-python-Linux-x64-24.04-Ubuntu-python-3.12.11-pip-b5b6d1c49e5c2b3f48d0c0d757e5ca86260a9628cadb47cfb996cbe1a8fdf115, not saving cache.
2025-08-24T21:19:41.8847014Z Post job cleanup.
2025-08-24T21:19:41.9611220Z [command]/usr/bin/git version
2025-08-24T21:19:41.9646847Z git version 2.51.0
2025-08-24T21:19:41.9684189Z Temporarily overriding HOME='/home/runner/work/_temp/47d37a9d-54ec-4de6-82ac-5f7604a133b4' before making global git config changes
2025-08-24T21:19:41.9685740Z Adding repository directory to the temporary git global config as a safe directory
2025-08-24T21:19:41.9689419Z [command]/usr/bin/git config --global --add safe.directory /home/runner/work/AWA-App/AWA-App
2025-08-24T21:19:41.9723584Z [command]/usr/bin/git config --local --name-only --get-regexp core\.sshCommand
2025-08-24T21:19:41.9754967Z [command]/usr/bin/git submodule foreach --recursive sh -c "git config --local --name-only --get-regexp 'core\.sshCommand' && git config --local --unset-all 'core.sshCommand' || :"
2025-08-24T21:19:41.9985577Z [command]/usr/bin/git config --local --name-only --get-regexp http\.https\:\/\/github\.com\/\.extraheader
2025-08-24T21:19:42.0006818Z http.https://github.com/.extraheader
2025-08-24T21:19:42.0017014Z [command]/usr/bin/git config --local --unset-all http.https://github.com/.extraheader
2025-08-24T21:19:42.0047072Z [command]/usr/bin/git submodule foreach --recursive sh -c "git config --local --name-only --get-regexp 'http\.https\:\/\/github\.com\/\.extraheader' && git config --local --unset-all 'http.https://github.com/.extraheader' || :"
2025-08-24T21:19:42.0359336Z Print service container logs: f0a4559f331f40cf8679d8d34eb6e082_postgres15_469b5a
2025-08-24T21:19:42.0364004Z ##[command]/usr/bin/docker logs --details a6e716ab5259503ef3cd2a1a19725095412dcd885b619a20c9a120e6df403fce
2025-08-24T21:19:42.0481157Z  The files belonging to this database system will be owned by user "postgres".
2025-08-24T21:19:42.0482871Z  initdb: warning: enabling "trust" authentication for local connections
2025-08-24T21:19:42.0484021Z  initdb: hint: You can change this by editing pg_hba.conf or using the option -A, or --auth-local and --auth-host, the next time you run initdb.
2025-08-24T21:19:42.0485568Z  2025-08-24 21:16:41.074 UTC [1] LOG:  starting PostgreSQL 15.14 (Debian 15.14-1.pgdg13+1) on x86_64-pc-linux-gnu, compiled by gcc (Debian 14.2.0-19) 14.2.0, 64-bit
2025-08-24T21:19:42.0486645Z  2025-08-24 21:16:41.074 UTC [1] LOG:  listening on IPv4 address "0.0.0.0", port 5432
2025-08-24T21:19:42.0487319Z  2025-08-24 21:16:41.075 UTC [1] LOG:  listening on IPv6 address "::", port 5432
2025-08-24T21:19:42.0487822Z  2025-08-24 21:16:41.076 UTC [1] LOG:  listening on Unix socket "/var/run/postgresql/.s.PGSQL.5432"
2025-08-24T21:19:42.0488327Z  2025-08-24 21:16:41.079 UTC [64] LOG:  database system was shut down at 2025-08-24 21:16:40 UTC
2025-08-24T21:19:42.0489027Z  2025-08-24 21:16:41.083 UTC [1] LOG:  database system is ready to accept connections
2025-08-24T21:19:42.0489379Z  This user must also own the server process.
2025-08-24T21:19:42.0489652Z  
2025-08-24T21:19:42.0489904Z  The database cluster will be initialized with locale "en_US.utf8".
2025-08-24T21:19:42.0490304Z  The default database encoding has accordingly been set to "UTF8".
2025-08-24T21:19:42.0490716Z  The default text search configuration will be set to "english".
2025-08-24T21:19:42.0491019Z  
2025-08-24T21:19:42.0491194Z  Data page checksums are disabled.
2025-08-24T21:19:42.0491451Z  
2025-08-24T21:19:42.0491729Z  fixing permissions on existing directory /var/lib/postgresql/data ... ok
2025-08-24T21:19:42.0492097Z  creating subdirectories ... ok
2025-08-24T21:19:42.0492393Z  selecting dynamic shared memory implementation ... posix
2025-08-24T21:19:42.0492708Z  selecting default max_connections ... 100
2025-08-24T21:19:42.0492980Z  selecting default shared_buffers ... 128MB
2025-08-24T21:19:42.0493254Z  selecting default time zone ... Etc/UTC
2025-08-24T21:19:42.0493513Z  creating configuration files ... ok
2025-08-24T21:19:42.0493764Z  running bootstrap script ... ok
2025-08-24T21:19:42.0494039Z  performing post-bootstrap initialization ... ok
2025-08-24T21:19:42.0494317Z  syncing data to disk ... ok
2025-08-24T21:19:42.0494524Z  
2025-08-24T21:19:42.0494674Z  
2025-08-24T21:19:42.0494879Z  Success. You can now start the database server using:
2025-08-24T21:19:42.0495674Z  
2025-08-24T21:19:42.0496058Z      pg_ctl -D /var/lib/postgresql/data -l logfile start
2025-08-24T21:19:42.0496359Z  
2025-08-24T21:19:42.0496916Z  waiting for server to start....2025-08-24 21:16:40.769 UTC [48] LOG:  starting PostgreSQL 15.14 (Debian 15.14-1.pgdg13+1) on x86_64-pc-linux-gnu, compiled by gcc (Debian 14.2.0-19) 14.2.0, 64-bit
2025-08-24T21:19:42.0497658Z  2025-08-24 21:16:40.771 UTC [48] LOG:  listening on Unix socket "/var/run/postgresql/.s.PGSQL.5432"
2025-08-24T21:19:42.0498144Z  2025-08-24 21:16:40.775 UTC [51] LOG:  database system was shut down at 2025-08-24 21:16:40 UTC
2025-08-24T21:19:42.0498588Z  2025-08-24 21:16:40.779 UTC [48] LOG:  database system is ready to accept connections
2025-08-24T21:19:42.0498911Z   done
2025-08-24T21:19:42.0499081Z  server started
2025-08-24T21:19:42.0499264Z  CREATE DATABASE
2025-08-24T21:19:42.0499438Z  
2025-08-24T21:19:42.0499581Z  
2025-08-24T21:19:42.0499878Z  /usr/local/bin/docker-entrypoint.sh: ignoring /docker-entrypoint-initdb.d/*
2025-08-24T21:19:42.0500238Z  
2025-08-24T21:19:42.0500549Z  waiting for server to shut down...2025-08-24 21:16:40.955 UTC [48] LOG:  received fast shutdown request
2025-08-24T21:19:42.0501221Z  .2025-08-24 21:16:40.956 UTC [48] LOG:  aborting any active transactions
2025-08-24T21:19:42.0501744Z  2025-08-24 21:16:40.957 UTC [48] LOG:  background worker "logical replication launcher" (PID 54) exited with exit code 1
2025-08-24T21:19:42.0502214Z  2025-08-24 21:16:40.958 UTC [49] LOG:  shutting down
2025-08-24T21:19:42.0502565Z  2025-08-24 21:16:40.958 UTC [49] LOG:  checkpoint starting: shutdown immediate
2025-08-24T21:19:42.0503368Z  2025-08-24 21:16:40.979 UTC [49] LOG:  checkpoint complete: wrote 922 buffers (5.6%); 0 WAL file(s) added, 0 removed, 0 recycled; write=0.014 s, sync=0.003 s, total=0.022 s; sync files=301, longest=0.001 s, average=0.001 s; distance=4239 kB, estimate=4239 kB
2025-08-24T21:19:42.0504145Z  2025-08-24 21:16:40.985 UTC [48] LOG:  database system is shut down
2025-08-24T21:19:42.0504431Z   done
2025-08-24T21:19:42.0504595Z  server stopped
2025-08-24T21:19:42.0504765Z  
2025-08-24T21:19:42.0504978Z  PostgreSQL init process complete; ready for start up.
2025-08-24T21:19:42.0505249Z  
2025-08-24T21:19:42.0510888Z Stop and remove container: f0a4559f331f40cf8679d8d34eb6e082_postgres15_469b5a
2025-08-24T21:19:42.0515190Z ##[command]/usr/bin/docker rm --force a6e716ab5259503ef3cd2a1a19725095412dcd885b619a20c9a120e6df403fce
2025-08-24T21:19:42.1737226Z a6e716ab5259503ef3cd2a1a19725095412dcd885b619a20c9a120e6df403fce
2025-08-24T21:19:42.1758140Z Print service container logs: 74c8e5e457cb45a1b2c3d29432ce821e_redis7alpine_5a5245
2025-08-24T21:19:42.1759315Z ##[command]/usr/bin/docker logs --details 297ee8e152d85fb3a7148ebbd59588fbf08ba9e8ef043a69e65daebab0aa4575
2025-08-24T21:19:42.1883238Z  1:C 24 Aug 2025 21:16:42.970 # WARNING Memory overcommit must be enabled! Without it, a background save or replication may fail under low memory condition. Being disabled, it can also cause failures without low memory condition, see https://github.com/jemalloc/jemalloc/issues/1328. To fix this issue add 'vm.overcommit_memory = 1' to /etc/sysctl.conf and then reboot or run the command 'sysctl vm.overcommit_memory=1' for this to take effect.
2025-08-24T21:19:42.1886189Z  1:C 24 Aug 2025 21:16:42.970 * oO0OoO0OoO0Oo Redis is starting oO0OoO0OoO0Oo
2025-08-24T21:19:42.1887006Z  1:C 24 Aug 2025 21:16:42.970 * Redis version=7.4.5, bits=64, commit=00000000, modified=0, pid=1, just started
2025-08-24T21:19:42.1888203Z  1:C 24 Aug 2025 21:16:42.970 # Warning: no config file specified, using the default config. In order to specify a config file use redis-server /path/to/redis.conf
2025-08-24T21:19:42.1889267Z  1:M 24 Aug 2025 21:16:42.970 * monotonic clock: POSIX clock_gettime
2025-08-24T21:19:42.1889885Z  1:M 24 Aug 2025 21:16:42.971 * Running mode=standalone, port=6379.
2025-08-24T21:19:42.1890425Z  1:M 24 Aug 2025 21:16:42.971 * Server initialized
2025-08-24T21:19:42.1890954Z  1:M 24 Aug 2025 21:16:42.971 * Ready to accept connections tcp
2025-08-24T21:19:42.1896830Z Stop and remove container: 74c8e5e457cb45a1b2c3d29432ce821e_redis7alpine_5a5245
2025-08-24T21:19:42.1897558Z ##[command]/usr/bin/docker rm --force 297ee8e152d85fb3a7148ebbd59588fbf08ba9e8ef043a69e65daebab0aa4575
2025-08-24T21:19:42.3047238Z 297ee8e152d85fb3a7148ebbd59588fbf08ba9e8ef043a69e65daebab0aa4575
2025-08-24T21:19:42.3070582Z Remove container network: github_network_d13ffa6c06214458948fca868e7b18db
2025-08-24T21:19:42.3074763Z ##[command]/usr/bin/docker network rm github_network_d13ffa6c06214458948fca868e7b18db
2025-08-24T21:19:42.4189389Z github_network_d13ffa6c06214458948fca868e7b18db
2025-08-24T21:19:42.4243863Z Cleaning up orphan processes
