2025-08-17T01:42:22.2352083Z Current runner version: '2.327.1'
2025-08-17T01:42:22.2374632Z ##[group]Runner Image Provisioner
2025-08-17T01:42:22.2375578Z Hosted Compute Agent
2025-08-17T01:42:22.2376140Z Version: 20250812.370
2025-08-17T01:42:22.2376710Z Commit: 4a2b2bf7520004e3e907c2150c8cabe342a3da32
2025-08-17T01:42:22.2377572Z Build Date: 2025-08-12T16:08:14Z
2025-08-17T01:42:22.2378133Z ##[endgroup]
2025-08-17T01:42:22.2378671Z ##[group]Operating System
2025-08-17T01:42:22.2379299Z Ubuntu
2025-08-17T01:42:22.2379756Z 24.04.2
2025-08-17T01:42:22.2380225Z LTS
2025-08-17T01:42:22.2380676Z ##[endgroup]
2025-08-17T01:42:22.2381212Z ##[group]Runner Image
2025-08-17T01:42:22.2381718Z Image: ubuntu-24.04
2025-08-17T01:42:22.2382449Z Version: 20250810.1.0
2025-08-17T01:42:22.2383454Z Included Software: https://github.com/actions/runner-images/blob/ubuntu24/20250810.1/images/ubuntu/Ubuntu2404-Readme.md
2025-08-17T01:42:22.2384952Z Image Release: https://github.com/actions/runner-images/releases/tag/ubuntu24%2F20250810.1
2025-08-17T01:42:22.2386012Z ##[endgroup]
2025-08-17T01:42:22.2388325Z ##[group]GITHUB_TOKEN Permissions
2025-08-17T01:42:22.2390254Z Actions: write
2025-08-17T01:42:22.2390809Z Attestations: write
2025-08-17T01:42:22.2391278Z Checks: write
2025-08-17T01:42:22.2391908Z Contents: write
2025-08-17T01:42:22.2392545Z Deployments: write
2025-08-17T01:42:22.2393055Z Discussions: write
2025-08-17T01:42:22.2393598Z Issues: write
2025-08-17T01:42:22.2394083Z Metadata: read
2025-08-17T01:42:22.2394589Z Models: read
2025-08-17T01:42:22.2395110Z Packages: write
2025-08-17T01:42:22.2395622Z Pages: write
2025-08-17T01:42:22.2396090Z PullRequests: write
2025-08-17T01:42:22.2396680Z RepositoryProjects: write
2025-08-17T01:42:22.2397219Z SecurityEvents: write
2025-08-17T01:42:22.2397865Z Statuses: write
2025-08-17T01:42:22.2398445Z ##[endgroup]
2025-08-17T01:42:22.2400400Z Secret source: Actions
2025-08-17T01:42:22.2401090Z Prepare workflow directory
2025-08-17T01:42:22.2870817Z Prepare all required actions
2025-08-17T01:42:22.2912109Z Getting action download info
2025-08-17T01:42:22.8226047Z Download action repository 'actions/checkout@v4' (SHA:08eba0b27e820071cde6df949e0beb9ba4906955)
2025-08-17T01:42:23.5633496Z Download action repository 'actions/setup-python@v5' (SHA:a26af69be951a213d495a4c3e4e4022e16d87065)
2025-08-17T01:42:24.4099745Z Download action repository 'actions/cache@v4' (SHA:0400d5f644dc74513175e3cd8d07132dd4860809)
2025-08-17T01:42:25.3013001Z Download action repository 'actions/setup-node@v4' (SHA:49933ea5288caeca8642d1e84afbd3f7d6820020)
2025-08-17T01:42:25.3882409Z Download action repository 'codecov/codecov-action@v4' (SHA:b9fd7d16f6d7d1b5d2bec1a2887e65ceed900238)
2025-08-17T01:42:26.2150668Z Complete job name: test
2025-08-17T01:42:26.2611503Z ##[group]Checking docker version
2025-08-17T01:42:26.2624168Z ##[command]/usr/bin/docker version --format '{{.Server.APIVersion}}'
2025-08-17T01:42:26.3174580Z '1.48'
2025-08-17T01:42:26.3188425Z Docker daemon API version: '1.48'
2025-08-17T01:42:26.3188866Z ##[command]/usr/bin/docker version --format '{{.Client.APIVersion}}'
2025-08-17T01:42:26.3337052Z '1.48'
2025-08-17T01:42:26.3349697Z Docker client API version: '1.48'
2025-08-17T01:42:26.3354685Z ##[endgroup]
2025-08-17T01:42:26.3357142Z ##[group]Clean up resources from previous jobs
2025-08-17T01:42:26.3361739Z ##[command]/usr/bin/docker ps --all --quiet --no-trunc --filter "label=bb226b"
2025-08-17T01:42:26.3496415Z ##[command]/usr/bin/docker network prune --force --filter "label=bb226b"
2025-08-17T01:42:26.3615947Z ##[endgroup]
2025-08-17T01:42:26.3616211Z ##[group]Create local container network
2025-08-17T01:42:26.3625834Z ##[command]/usr/bin/docker network create --label bb226b github_network_d000870dfaff47c68cde973af260bbf9
2025-08-17T01:42:26.4105163Z ce9866c238f9cf6a45e4ebf52d3b3194655e828645483b13eb28bdb1e4071722
2025-08-17T01:42:26.4124769Z ##[endgroup]
2025-08-17T01:42:26.4147495Z ##[group]Starting postgres service container
2025-08-17T01:42:26.4166666Z ##[command]/usr/bin/docker pull postgres:15
2025-08-17T01:42:27.2354742Z 15: Pulling from library/postgres
2025-08-17T01:42:27.4504657Z 396b1da7636e: Pulling fs layer
2025-08-17T01:42:27.4505153Z fca2566eba32: Pulling fs layer
2025-08-17T01:42:27.4505548Z 631fe8c6d606: Pulling fs layer
2025-08-17T01:42:27.4505951Z 77c7671c4414: Pulling fs layer
2025-08-17T01:42:27.4506579Z 2d9e29180a27: Pulling fs layer
2025-08-17T01:42:27.4506993Z c6bcc2c9a041: Pulling fs layer
2025-08-17T01:42:27.4507356Z 77c7671c4414: Waiting
2025-08-17T01:42:27.4507700Z 2d9e29180a27: Waiting
2025-08-17T01:42:27.4508003Z ac4b721eb66f: Pulling fs layer
2025-08-17T01:42:27.4508413Z 606bd164980e: Pulling fs layer
2025-08-17T01:42:27.4508886Z f5dfd246bc6e: Pulling fs layer
2025-08-17T01:42:27.4509392Z ba7036bb0a60: Pulling fs layer
2025-08-17T01:42:27.4509849Z 799f859abbbd: Pulling fs layer
2025-08-17T01:42:27.4510231Z d903e777080c: Pulling fs layer
2025-08-17T01:42:27.4510667Z 04adcb462801: Pulling fs layer
2025-08-17T01:42:27.4511032Z 5c10925b29ff: Pulling fs layer
2025-08-17T01:42:27.4511380Z c6bcc2c9a041: Waiting
2025-08-17T01:42:27.4511787Z ac4b721eb66f: Waiting
2025-08-17T01:42:27.4512093Z 606bd164980e: Waiting
2025-08-17T01:42:27.4512581Z f5dfd246bc6e: Waiting
2025-08-17T01:42:27.4512887Z ba7036bb0a60: Waiting
2025-08-17T01:42:27.4513186Z 799f859abbbd: Waiting
2025-08-17T01:42:27.4513487Z d903e777080c: Waiting
2025-08-17T01:42:27.4513788Z 04adcb462801: Waiting
2025-08-17T01:42:27.4514089Z 5c10925b29ff: Waiting
2025-08-17T01:42:27.7467159Z fca2566eba32: Verifying Checksum
2025-08-17T01:42:27.7467837Z fca2566eba32: Download complete
2025-08-17T01:42:27.8773803Z 631fe8c6d606: Verifying Checksum
2025-08-17T01:42:27.8774406Z 631fe8c6d606: Download complete
2025-08-17T01:42:28.1013885Z 77c7671c4414: Verifying Checksum
2025-08-17T01:42:28.1014416Z 77c7671c4414: Download complete
2025-08-17T01:42:28.2130181Z 396b1da7636e: Verifying Checksum
2025-08-17T01:42:28.2130662Z 396b1da7636e: Download complete
2025-08-17T01:42:28.3850459Z 2d9e29180a27: Download complete
2025-08-17T01:42:28.4413914Z c6bcc2c9a041: Verifying Checksum
2025-08-17T01:42:28.4415943Z c6bcc2c9a041: Download complete
2025-08-17T01:42:28.5104353Z ac4b721eb66f: Verifying Checksum
2025-08-17T01:42:28.5104964Z ac4b721eb66f: Download complete
2025-08-17T01:42:28.6575292Z 606bd164980e: Verifying Checksum
2025-08-17T01:42:28.6577669Z 606bd164980e: Download complete
2025-08-17T01:42:28.8033990Z ba7036bb0a60: Verifying Checksum
2025-08-17T01:42:28.8037316Z ba7036bb0a60: Download complete
2025-08-17T01:42:28.9292602Z 799f859abbbd: Verifying Checksum
2025-08-17T01:42:28.9293124Z 799f859abbbd: Download complete
2025-08-17T01:42:29.0997063Z d903e777080c: Verifying Checksum
2025-08-17T01:42:29.0997579Z d903e777080c: Download complete
2025-08-17T01:42:29.1521743Z 396b1da7636e: Pull complete
2025-08-17T01:42:29.1963033Z 04adcb462801: Verifying Checksum
2025-08-17T01:42:29.1963706Z 04adcb462801: Download complete
2025-08-17T01:42:29.2323157Z fca2566eba32: Pull complete
2025-08-17T01:42:29.3814432Z 5c10925b29ff: Verifying Checksum
2025-08-17T01:42:29.3814917Z 5c10925b29ff: Download complete
2025-08-17T01:42:29.4127029Z 631fe8c6d606: Pull complete
2025-08-17T01:42:29.4567320Z 77c7671c4414: Pull complete
2025-08-17T01:42:29.7664485Z 2d9e29180a27: Pull complete
2025-08-17T01:42:29.8506286Z c6bcc2c9a041: Pull complete
2025-08-17T01:42:29.8612992Z ac4b721eb66f: Pull complete
2025-08-17T01:42:29.8725504Z 606bd164980e: Pull complete
2025-08-17T01:42:31.1903480Z f5dfd246bc6e: Verifying Checksum
2025-08-17T01:42:31.1904047Z f5dfd246bc6e: Download complete
2025-08-17T01:42:34.0747885Z f5dfd246bc6e: Pull complete
2025-08-17T01:42:34.0900503Z ba7036bb0a60: Pull complete
2025-08-17T01:42:34.1032377Z 799f859abbbd: Pull complete
2025-08-17T01:42:34.1145505Z d903e777080c: Pull complete
2025-08-17T01:42:34.1280239Z 04adcb462801: Pull complete
2025-08-17T01:42:34.1397673Z 5c10925b29ff: Pull complete
2025-08-17T01:42:34.1451885Z Digest: sha256:bc51cf4f1fe02cce7ed2370b20128a9b00b4eb804573a77d2a0d877aaa9c82b1
2025-08-17T01:42:34.1467230Z Status: Downloaded newer image for postgres:15
2025-08-17T01:42:34.1478882Z docker.io/library/postgres:15
2025-08-17T01:42:34.1538994Z ##[command]/usr/bin/docker create --name 364a395ab58944b7834aeb9dd87ad263_postgres15_f87f6d --label bb226b --network github_network_d000870dfaff47c68cde973af260bbf9 --network-alias postgres -p 5432:5432 --health-cmd="pg_isready -U postgres -d awa" --health-interval=5s --health-timeout=5s --health-retries=10 -e "POSTGRES_USER=postgres" -e "POSTGRES_PASSWORD=pass" -e "POSTGRES_DB=awa" -e GITHUB_ACTIONS=true -e CI=true postgres:15
2025-08-17T01:42:34.1794111Z f18b3ca92e837af8eae2246e7409b8f741f902f47b14b4d17eeaaadf21697434
2025-08-17T01:42:34.1815656Z ##[command]/usr/bin/docker start f18b3ca92e837af8eae2246e7409b8f741f902f47b14b4d17eeaaadf21697434
2025-08-17T01:42:34.3632684Z f18b3ca92e837af8eae2246e7409b8f741f902f47b14b4d17eeaaadf21697434
2025-08-17T01:42:34.3656274Z ##[command]/usr/bin/docker ps --all --filter id=f18b3ca92e837af8eae2246e7409b8f741f902f47b14b4d17eeaaadf21697434 --filter status=running --no-trunc --format "{{.ID}} {{.Status}}"
2025-08-17T01:42:34.3853544Z f18b3ca92e837af8eae2246e7409b8f741f902f47b14b4d17eeaaadf21697434 Up Less than a second (health: starting)
2025-08-17T01:42:34.3877324Z ##[command]/usr/bin/docker port f18b3ca92e837af8eae2246e7409b8f741f902f47b14b4d17eeaaadf21697434
2025-08-17T01:42:34.4007623Z 5432/tcp -> 0.0.0.0:5432
2025-08-17T01:42:34.4008091Z 5432/tcp -> [::]:5432
2025-08-17T01:42:34.4054793Z ##[endgroup]
2025-08-17T01:42:34.4064810Z ##[group]Waiting for all services to be ready
2025-08-17T01:42:34.4078418Z ##[command]/usr/bin/docker inspect --format="{{if .Config.Healthcheck}}{{print .State.Health.Status}}{{end}}" f18b3ca92e837af8eae2246e7409b8f741f902f47b14b4d17eeaaadf21697434
2025-08-17T01:42:34.4208942Z starting
2025-08-17T01:42:34.4230474Z postgres service is starting, waiting 2 seconds before checking again.
2025-08-17T01:42:36.4227470Z ##[command]/usr/bin/docker inspect --format="{{if .Config.Healthcheck}}{{print .State.Health.Status}}{{end}}" f18b3ca92e837af8eae2246e7409b8f741f902f47b14b4d17eeaaadf21697434
2025-08-17T01:42:36.4344228Z starting
2025-08-17T01:42:36.4357524Z postgres service is starting, waiting 4 seconds before checking again.
2025-08-17T01:42:40.6516424Z ##[command]/usr/bin/docker inspect --format="{{if .Config.Healthcheck}}{{print .State.Health.Status}}{{end}}" f18b3ca92e837af8eae2246e7409b8f741f902f47b14b4d17eeaaadf21697434
2025-08-17T01:42:40.6641149Z healthy
2025-08-17T01:42:40.6657511Z postgres service is healthy.
2025-08-17T01:42:40.6658283Z ##[endgroup]
2025-08-17T01:42:40.6895764Z ##[group]Run actions/checkout@v4
2025-08-17T01:42:40.6896286Z with:
2025-08-17T01:42:40.6896468Z   fetch-depth: 0
2025-08-17T01:42:40.6896679Z   repository: AlexBomber12/AWA-App
2025-08-17T01:42:40.6897064Z   token: ***
2025-08-17T01:42:40.6897250Z   ssh-strict: true
2025-08-17T01:42:40.6897436Z   ssh-user: git
2025-08-17T01:42:40.6897630Z   persist-credentials: true
2025-08-17T01:42:40.6897851Z   clean: true
2025-08-17T01:42:40.6898040Z   sparse-checkout-cone-mode: true
2025-08-17T01:42:40.6898280Z   fetch-tags: false
2025-08-17T01:42:40.6898484Z   show-progress: true
2025-08-17T01:42:40.6898667Z   lfs: false
2025-08-17T01:42:40.6898834Z   submodules: false
2025-08-17T01:42:40.6899023Z   set-safe-directory: true
2025-08-17T01:42:40.6899400Z ##[endgroup]
2025-08-17T01:42:40.7974286Z Syncing repository: AlexBomber12/AWA-App
2025-08-17T01:42:40.7975483Z ##[group]Getting Git version info
2025-08-17T01:42:40.7975855Z Working directory is '/home/runner/work/AWA-App/AWA-App'
2025-08-17T01:42:40.7976406Z [command]/usr/bin/git version
2025-08-17T01:42:40.8019010Z git version 2.50.1
2025-08-17T01:42:40.8044738Z ##[endgroup]
2025-08-17T01:42:40.8057387Z Temporarily overriding HOME='/home/runner/work/_temp/80ff3bf8-8233-491f-a879-44cf9cde2a83' before making global git config changes
2025-08-17T01:42:40.8058242Z Adding repository directory to the temporary git global config as a safe directory
2025-08-17T01:42:40.8062345Z [command]/usr/bin/git config --global --add safe.directory /home/runner/work/AWA-App/AWA-App
2025-08-17T01:42:40.8094535Z Deleting the contents of '/home/runner/work/AWA-App/AWA-App'
2025-08-17T01:42:40.8097962Z ##[group]Initializing the repository
2025-08-17T01:42:40.8101578Z [command]/usr/bin/git init /home/runner/work/AWA-App/AWA-App
2025-08-17T01:42:40.8166881Z hint: Using 'master' as the name for the initial branch. This default branch name
2025-08-17T01:42:40.8167628Z hint: is subject to change. To configure the initial branch name to use in all
2025-08-17T01:42:40.8168144Z hint: of your new repositories, which will suppress this warning, call:
2025-08-17T01:42:40.8168502Z hint:
2025-08-17T01:42:40.8168764Z hint: 	git config --global init.defaultBranch <name>
2025-08-17T01:42:40.8169057Z hint:
2025-08-17T01:42:40.8169347Z hint: Names commonly chosen instead of 'master' are 'main', 'trunk' and
2025-08-17T01:42:40.8169842Z hint: 'development'. The just-created branch can be renamed via this command:
2025-08-17T01:42:40.8170370Z hint:
2025-08-17T01:42:40.8170678Z hint: 	git branch -m <name>
2025-08-17T01:42:40.8171039Z hint:
2025-08-17T01:42:40.8171492Z hint: Disable this message with "git config set advice.defaultBranchName false"
2025-08-17T01:42:40.8172062Z Initialized empty Git repository in /home/runner/work/AWA-App/AWA-App/.git/
2025-08-17T01:42:40.8181444Z [command]/usr/bin/git remote add origin https://github.com/AlexBomber12/AWA-App
2025-08-17T01:42:40.8211289Z ##[endgroup]
2025-08-17T01:42:40.8211833Z ##[group]Disabling automatic garbage collection
2025-08-17T01:42:40.8216899Z [command]/usr/bin/git config --local gc.auto 0
2025-08-17T01:42:40.8244650Z ##[endgroup]
2025-08-17T01:42:40.8245236Z ##[group]Setting up auth
2025-08-17T01:42:40.8251823Z [command]/usr/bin/git config --local --name-only --get-regexp core\.sshCommand
2025-08-17T01:42:40.8281237Z [command]/usr/bin/git submodule foreach --recursive sh -c "git config --local --name-only --get-regexp 'core\.sshCommand' && git config --local --unset-all 'core.sshCommand' || :"
2025-08-17T01:42:40.8556678Z [command]/usr/bin/git config --local --name-only --get-regexp http\.https\:\/\/github\.com\/\.extraheader
2025-08-17T01:42:40.8586228Z [command]/usr/bin/git submodule foreach --recursive sh -c "git config --local --name-only --get-regexp 'http\.https\:\/\/github\.com\/\.extraheader' && git config --local --unset-all 'http.https://github.com/.extraheader' || :"
2025-08-17T01:42:40.8800858Z [command]/usr/bin/git config --local http.https://github.com/.extraheader AUTHORIZATION: basic ***
2025-08-17T01:42:40.8835426Z ##[endgroup]
2025-08-17T01:42:40.8836028Z ##[group]Fetching the repository
2025-08-17T01:42:40.8844392Z [command]/usr/bin/git -c protocol.version=2 fetch --prune --no-recurse-submodules origin +refs/heads/*:refs/remotes/origin/* +refs/tags/*:refs/tags/* +de08747566a3d28e0b074d731c493827256929e4:refs/remotes/pull/218/merge
2025-08-17T01:42:42.3885931Z From https://github.com/AlexBomber12/AWA-App
2025-08-17T01:42:42.3886885Z  * [new branch]      codex/check-ci-logs-for-errors-and-fix-them -> origin/codex/check-ci-logs-for-errors-and-fix-them
2025-08-17T01:42:42.3888063Z  * [new branch]      codex/check-logs-for-errors-and-fix-issues -> origin/codex/check-logs-for-errors-and-fix-issues
2025-08-17T01:42:42.3889384Z  * [new branch]      codex/fix-ci-workflows-based-on-logs     -> origin/codex/fix-ci-workflows-based-on-logs
2025-08-17T01:42:42.3890373Z  * [new branch]      codex/fix-ci-workflows-based-on-logs-sca1uo -> origin/codex/fix-ci-workflows-based-on-logs-sca1uo
2025-08-17T01:42:42.3891914Z  * [new branch]      codex/fix-ci-workflows-to-pass-tests     -> origin/codex/fix-ci-workflows-to-pass-tests
2025-08-17T01:42:42.3894799Z  * [new branch]      codex/fix-ci-workflows-until-all-pass    -> origin/codex/fix-ci-workflows-until-all-pass
2025-08-17T01:42:42.3896414Z  * [new branch]      codex/fix-ci-workflows-until-passing     -> origin/codex/fix-ci-workflows-until-passing
2025-08-17T01:42:42.3898680Z  * [new branch]      codex/implement-targeted-ci-fixes-until-green -> origin/codex/implement-targeted-ci-fixes-until-green
2025-08-17T01:42:42.3901154Z  * [new branch]      codex/implement-targeted-ci-fixes-until-green-g91k8p -> origin/codex/implement-targeted-ci-fixes-until-green-g91k8p
2025-08-17T01:42:42.3903490Z  * [new branch]      codex/replace-github-cli-with-python-rest-calls -> origin/codex/replace-github-cli-with-python-rest-calls
2025-08-17T01:42:42.3904958Z  * [new branch]      gh-pages                                 -> origin/gh-pages
2025-08-17T01:42:42.3906981Z  * [new branch]      main                                     -> origin/main
2025-08-17T01:42:42.3908504Z  * [new tag]         0.3.0                                    -> 0.3.0
2025-08-17T01:42:42.3911727Z  * [new ref]         de08747566a3d28e0b074d731c493827256929e4 -> pull/218/merge
2025-08-17T01:42:42.3944285Z ##[endgroup]
2025-08-17T01:42:42.3945257Z ##[group]Determining the checkout info
2025-08-17T01:42:42.3945959Z ##[endgroup]
2025-08-17T01:42:42.3951248Z [command]/usr/bin/git sparse-checkout disable
2025-08-17T01:42:42.3997866Z [command]/usr/bin/git config --local --unset-all extensions.worktreeConfig
2025-08-17T01:42:42.4023541Z ##[group]Checking out the ref
2025-08-17T01:42:42.4027108Z [command]/usr/bin/git checkout --progress --force refs/remotes/pull/218/merge
2025-08-17T01:42:42.4484484Z Note: switching to 'refs/remotes/pull/218/merge'.
2025-08-17T01:42:42.4485144Z 
2025-08-17T01:42:42.4485595Z You are in 'detached HEAD' state. You can look around, make experimental
2025-08-17T01:42:42.4486711Z changes and commit them, and you can discard any commits you make in this
2025-08-17T01:42:42.4487802Z state without impacting any branches by switching back to a branch.
2025-08-17T01:42:42.4488466Z 
2025-08-17T01:42:42.4488885Z If you want to create a new branch to retain commits you create, you may
2025-08-17T01:42:42.4489864Z do so (now or later) by using -c with the switch command. Example:
2025-08-17T01:42:42.4490413Z 
2025-08-17T01:42:42.4490560Z   git switch -c <new-branch-name>
2025-08-17T01:42:42.4490807Z 
2025-08-17T01:42:42.4491085Z Or undo this operation with:
2025-08-17T01:42:42.4491342Z 
2025-08-17T01:42:42.4491472Z   git switch -
2025-08-17T01:42:42.4491650Z 
2025-08-17T01:42:42.4491991Z Turn off this advice by setting config variable advice.detachedHead to false
2025-08-17T01:42:42.4492800Z 
2025-08-17T01:42:42.4493434Z HEAD is now at de08747 Merge 84c8358272342badaa199cb34e38de9ab654d51c into 8627efd052811a1ca92af64ada9ad05d4c7cd043
2025-08-17T01:42:42.4499674Z ##[endgroup]
2025-08-17T01:42:42.4539794Z [command]/usr/bin/git log -1 --format=%H
2025-08-17T01:42:42.4561447Z de08747566a3d28e0b074d731c493827256929e4
2025-08-17T01:42:42.4722707Z ##[group]Run cat .env.ci >> "$GITHUB_ENV"
2025-08-17T01:42:42.4723081Z [36;1mcat .env.ci >> "$GITHUB_ENV"[0m
2025-08-17T01:42:42.4723775Z [36;1mecho "DATABASE_URL=***localhost:5432/awa" >> "$GITHUB_ENV"[0m
2025-08-17T01:42:42.4724145Z [36;1mecho "PG_HOST=localhost" >> "$GITHUB_ENV"[0m
2025-08-17T01:42:42.4724435Z [36;1mecho "PG_PORT=5432" >> "$GITHUB_ENV"[0m
2025-08-17T01:42:42.4724723Z [36;1mecho "PG_USER=postgres" >> "$GITHUB_ENV"[0m
2025-08-17T01:42:42.4725027Z [36;1mecho "PG_PASSWORD=pass" >> "$GITHUB_ENV"[0m
2025-08-17T01:42:42.4725310Z [36;1mecho "PG_DATABASE=awa" >> "$GITHUB_ENV"[0m
2025-08-17T01:42:42.4767718Z shell: /usr/bin/bash -e {0}
2025-08-17T01:42:42.4767963Z ##[endgroup]
2025-08-17T01:42:42.4938201Z ##[group]Run actions/setup-python@v5
2025-08-17T01:42:42.4938548Z with:
2025-08-17T01:42:42.4938756Z   python-version: 3.12
2025-08-17T01:42:42.4938993Z   cache: pip
2025-08-17T01:42:42.4939855Z   cache-dependency-path: requirements-dev.txt
services/etl/requirements.txt
services/api/requirements.txt
services/repricer/requirements.txt
services/fees_h10/requirements.txt
services/alert_bot/requirements.txt

2025-08-17T01:42:42.4940755Z   check-latest: false
2025-08-17T01:42:42.4941101Z   token: ***
2025-08-17T01:42:42.4941307Z   update-environment: true
2025-08-17T01:42:42.4941536Z   allow-prereleases: false
2025-08-17T01:42:42.4941740Z   freethreaded: false
2025-08-17T01:42:42.4941929Z env:
2025-08-17T01:42:42.4942548Z   PG_USER: postgres
2025-08-17T01:42:42.4942844Z   PG_PASSWORD: pass
2025-08-17T01:42:42.4943032Z   PG_DATABASE: awa
2025-08-17T01:42:42.4943214Z   PG_HOST: localhost
2025-08-17T01:42:42.4943395Z   PG_PORT: 5432
2025-08-17T01:42:42.4943848Z   PG_SYNC_DSN: ***localhost:5432/awa
2025-08-17T01:42:42.4944273Z   PG_ASYNC_DSN: ***localhost:5432/awa
2025-08-17T01:42:42.4944660Z   DATABASE_URL: ***localhost:5432/awa
2025-08-17T01:42:42.4944975Z   DATA_DIR: /tmp/awa-data
2025-08-17T01:42:42.4945213Z   ENABLE_LIVE: 0
2025-08-17T01:42:42.4945386Z   TESTING: 1
2025-08-17T01:42:42.4945553Z ##[endgroup]
2025-08-17T01:42:42.6576573Z ##[group]Installed versions
2025-08-17T01:42:42.6673010Z Successfully set up CPython (3.12.11)
2025-08-17T01:42:42.6673799Z ##[endgroup]
2025-08-17T01:42:42.7035875Z [command]/opt/hostedtoolcache/Python/3.12.11/x64/bin/pip cache dir
2025-08-17T01:42:42.9710107Z /home/runner/.cache/pip
2025-08-17T01:42:43.2204746Z Cache hit for: setup-python-Linux-x64-24.04-Ubuntu-python-3.12.11-pip-9525a18cbbcaa34454f82be46fd5f414e3d4f6f801e5813edc74c4f8e6d130d0
2025-08-17T01:42:44.4491623Z Received 16777216 of 285572209 (5.9%), 16.0 MBs/sec
2025-08-17T01:42:45.4554123Z Received 134217728 of 285572209 (47.0%), 63.7 MBs/sec
2025-08-17T01:42:46.4556404Z Received 277183601 of 285572209 (97.1%), 87.9 MBs/sec
2025-08-17T01:42:46.5258201Z Received 285572209 of 285572209 (100.0%), 88.5 MBs/sec
2025-08-17T01:42:46.5259879Z Cache Size: ~272 MB (285572209 B)
2025-08-17T01:42:46.5297824Z [command]/usr/bin/tar -xf /home/runner/work/_temp/ac055c20-cef5-46b9-ae47-8701944e619f/cache.tzst -P -C /home/runner/work/AWA-App/AWA-App --use-compress-program unzstd
2025-08-17T01:42:47.0052625Z Cache restored successfully
2025-08-17T01:42:47.0607136Z Cache restored from key: setup-python-Linux-x64-24.04-Ubuntu-python-3.12.11-pip-9525a18cbbcaa34454f82be46fd5f414e3d4f6f801e5813edc74c4f8e6d130d0
2025-08-17T01:42:47.1306291Z ##[group]Run actions/cache@v4
2025-08-17T01:42:47.1306568Z with:
2025-08-17T01:42:47.1306797Z   path: ~/.cache/pip
.pytest_cache
~/.ruff_cache

2025-08-17T01:42:47.1307265Z   key: Linux-test-dee7c0c28332ec2ebb5d2650fb0d2cfddf025b3b0e96b0c826645ad2cb717961
2025-08-17T01:42:47.1307681Z   restore-keys: Linux-test-
2025-08-17T01:42:47.1307909Z   enableCrossOsArchive: false
2025-08-17T01:42:47.1308150Z   fail-on-cache-miss: false
2025-08-17T01:42:47.1308411Z   lookup-only: false
2025-08-17T01:42:47.1308749Z   save-always: false
2025-08-17T01:42:47.1308933Z env:
2025-08-17T01:42:47.1309101Z   PG_USER: postgres
2025-08-17T01:42:47.1309306Z   PG_PASSWORD: pass
2025-08-17T01:42:47.1309575Z   PG_DATABASE: awa
2025-08-17T01:42:47.1309767Z   PG_HOST: localhost
2025-08-17T01:42:47.1309958Z   PG_PORT: 5432
2025-08-17T01:42:47.1310588Z   PG_SYNC_DSN: ***localhost:5432/awa
2025-08-17T01:42:47.1311090Z   PG_ASYNC_DSN: ***localhost:5432/awa
2025-08-17T01:42:47.1311511Z   DATABASE_URL: ***localhost:5432/awa
2025-08-17T01:42:47.1311752Z   DATA_DIR: /tmp/awa-data
2025-08-17T01:42:47.1327182Z   ENABLE_LIVE: 0
2025-08-17T01:42:47.1327400Z   TESTING: 1
2025-08-17T01:42:47.1327681Z   pythonLocation: /opt/hostedtoolcache/Python/3.12.11/x64
2025-08-17T01:42:47.1328125Z   PKG_CONFIG_PATH: /opt/hostedtoolcache/Python/3.12.11/x64/lib/pkgconfig
2025-08-17T01:42:47.1328544Z   Python_ROOT_DIR: /opt/hostedtoolcache/Python/3.12.11/x64
2025-08-17T01:42:47.1328907Z   Python2_ROOT_DIR: /opt/hostedtoolcache/Python/3.12.11/x64
2025-08-17T01:42:47.1329273Z   Python3_ROOT_DIR: /opt/hostedtoolcache/Python/3.12.11/x64
2025-08-17T01:42:47.1329636Z   LD_LIBRARY_PATH: /opt/hostedtoolcache/Python/3.12.11/x64/lib
2025-08-17T01:42:47.1329959Z ##[endgroup]
2025-08-17T01:42:47.4786153Z Cache hit for: Linux-test-dee7c0c28332ec2ebb5d2650fb0d2cfddf025b3b0e96b0c826645ad2cb717961
2025-08-17T01:42:48.7406097Z Received 20971520 of 271707212 (7.7%), 19.9 MBs/sec
2025-08-17T01:42:49.7433752Z Received 138412032 of 271707212 (50.9%), 65.9 MBs/sec
2025-08-17T01:42:50.7425745Z Received 264241152 of 271707212 (97.3%), 83.9 MBs/sec
2025-08-17T01:42:51.7427261Z Received 268435456 of 271707212 (98.8%), 63.9 MBs/sec
2025-08-17T01:42:51.8547050Z Received 271707212 of 271707212 (100.0%), 62.9 MBs/sec
2025-08-17T01:42:51.8550513Z Cache Size: ~259 MB (271707212 B)
2025-08-17T01:42:51.8613836Z [command]/usr/bin/tar -xf /home/runner/work/_temp/c7f40e66-9288-4ce7-962e-b71d82909dbe/cache.tzst -P -C /home/runner/work/AWA-App/AWA-App --use-compress-program unzstd
2025-08-17T01:42:52.3547482Z Cache restored successfully
2025-08-17T01:42:52.4137195Z Cache restored from key: Linux-test-dee7c0c28332ec2ebb5d2650fb0d2cfddf025b3b0e96b0c826645ad2cb717961
2025-08-17T01:42:52.4245669Z ##[group]Run pip install -r services/etl/requirements.txt
2025-08-17T01:42:52.4246137Z [36;1mpip install -r services/etl/requirements.txt[0m
2025-08-17T01:42:52.4246503Z [36;1mpip install -r services/api/requirements.txt[0m
2025-08-17T01:42:52.4246860Z [36;1mpip install -r services/repricer/requirements.txt[0m
2025-08-17T01:42:52.4247217Z [36;1mpip install -r services/fees_h10/requirements.txt[0m
2025-08-17T01:42:52.4247575Z [36;1mpip install -r services/alert_bot/requirements.txt[0m
2025-08-17T01:42:52.4247925Z [36;1mpip install -r requirements-dev.txt[0m
2025-08-17T01:42:52.4248204Z [36;1mpip install asyncpg[0m
2025-08-17T01:42:52.4248441Z [36;1mpip install pytest[0m
2025-08-17T01:42:52.4248698Z [36;1mpip install keepa==1.3.15 minio==7.1.15[0m
2025-08-17T01:42:52.4289598Z shell: /usr/bin/bash -e {0}
2025-08-17T01:42:52.4289839Z env:
2025-08-17T01:42:52.4290028Z   PG_USER: postgres
2025-08-17T01:42:52.4290244Z   PG_PASSWORD: pass
2025-08-17T01:42:52.4290469Z   PG_DATABASE: awa
2025-08-17T01:42:52.4290667Z   PG_HOST: localhost
2025-08-17T01:42:52.4290864Z   PG_PORT: 5432
2025-08-17T01:42:52.4291330Z   PG_SYNC_DSN: ***localhost:5432/awa
2025-08-17T01:42:52.4291752Z   PG_ASYNC_DSN: ***localhost:5432/awa
2025-08-17T01:42:52.4292151Z   DATABASE_URL: ***localhost:5432/awa
2025-08-17T01:42:52.4292604Z   DATA_DIR: /tmp/awa-data
2025-08-17T01:42:52.4292851Z   ENABLE_LIVE: 0
2025-08-17T01:42:52.4293036Z   TESTING: 1
2025-08-17T01:42:52.4293287Z   pythonLocation: /opt/hostedtoolcache/Python/3.12.11/x64
2025-08-17T01:42:52.4293693Z   PKG_CONFIG_PATH: /opt/hostedtoolcache/Python/3.12.11/x64/lib/pkgconfig
2025-08-17T01:42:52.4294093Z   Python_ROOT_DIR: /opt/hostedtoolcache/Python/3.12.11/x64
2025-08-17T01:42:52.4294445Z   Python2_ROOT_DIR: /opt/hostedtoolcache/Python/3.12.11/x64
2025-08-17T01:42:52.4294806Z   Python3_ROOT_DIR: /opt/hostedtoolcache/Python/3.12.11/x64
2025-08-17T01:42:52.4295169Z   LD_LIBRARY_PATH: /opt/hostedtoolcache/Python/3.12.11/x64/lib
2025-08-17T01:42:52.4295477Z ##[endgroup]
2025-08-17T01:42:53.0112399Z Collecting keepa==1.3.14 (from -r services/etl/requirements.txt (line 1))
2025-08-17T01:42:53.0125594Z   Using cached keepa-1.3.14-py3-none-any.whl.metadata (10 kB)
2025-08-17T01:42:53.0461208Z Collecting minio==7.1.15 (from -r services/etl/requirements.txt (line 2))
2025-08-17T01:42:53.0473174Z   Using cached minio-7.1.15-py3-none-any.whl.metadata (4.2 kB)
2025-08-17T01:42:53.1051890Z Collecting python-amazon-sp-api==0.8.0 (from -r services/etl/requirements.txt (line 3))
2025-08-17T01:42:53.1064337Z   Using cached python_amazon_sp_api-0.8.0-py3-none-any.whl.metadata (3.2 kB)
2025-08-17T01:42:53.1259056Z Collecting pydantic-settings==2.2.1 (from -r services/etl/requirements.txt (line 4))
2025-08-17T01:42:53.1270808Z   Using cached pydantic_settings-2.2.1-py3-none-any.whl.metadata (3.1 kB)
2025-08-17T01:42:53.3101986Z Collecting numpy>=1.9.3 (from keepa==1.3.14->-r services/etl/requirements.txt (line 1))
2025-08-17T01:42:53.3115900Z   Using cached numpy-2.3.2-cp312-cp312-manylinux_2_27_x86_64.manylinux_2_28_x86_64.whl.metadata (62 kB)
2025-08-17T01:42:53.3558131Z Collecting requests>=2.2 (from keepa==1.3.14->-r services/etl/requirements.txt (line 1))
2025-08-17T01:42:53.3570235Z   Using cached requests-2.32.4-py3-none-any.whl.metadata (4.9 kB)
2025-08-17T01:42:53.3963563Z Collecting tqdm (from keepa==1.3.14->-r services/etl/requirements.txt (line 1))
2025-08-17T01:42:53.3975469Z   Using cached tqdm-4.67.1-py3-none-any.whl.metadata (57 kB)
2025-08-17T01:42:53.8752030Z Collecting aiohttp (from keepa==1.3.14->-r services/etl/requirements.txt (line 1))
2025-08-17T01:42:53.8766805Z   Using cached aiohttp-3.12.15-cp312-cp312-manylinux_2_17_x86_64.manylinux2014_x86_64.whl.metadata (7.7 kB)
2025-08-17T01:42:54.0093434Z Collecting pandas<=3.0 (from keepa==1.3.14->-r services/etl/requirements.txt (line 1))
2025-08-17T01:42:54.0107093Z   Using cached pandas-2.3.1-cp312-cp312-manylinux_2_17_x86_64.manylinux2014_x86_64.whl.metadata (91 kB)
2025-08-17T01:42:54.1560073Z Collecting pydantic (from keepa==1.3.14->-r services/etl/requirements.txt (line 1))
2025-08-17T01:42:54.1572940Z   Using cached pydantic-2.11.7-py3-none-any.whl.metadata (67 kB)
2025-08-17T01:42:54.1885118Z Collecting certifi (from minio==7.1.15->-r services/etl/requirements.txt (line 2))
2025-08-17T01:42:54.1897117Z   Using cached certifi-2025.8.3-py3-none-any.whl.metadata (2.4 kB)
2025-08-17T01:42:54.2201792Z Collecting urllib3 (from minio==7.1.15->-r services/etl/requirements.txt (line 2))
2025-08-17T01:42:54.2213697Z   Using cached urllib3-2.5.0-py3-none-any.whl.metadata (6.5 kB)
2025-08-17T01:42:54.2429604Z Collecting six<2,>=1.15 (from python-amazon-sp-api==0.8.0->-r services/etl/requirements.txt (line 3))
2025-08-17T01:42:54.2441237Z   Using cached six-1.17.0-py2.py3-none-any.whl.metadata (1.7 kB)
2025-08-17T01:42:54.6719863Z Collecting boto3<2,>=1.16.39 (from python-amazon-sp-api==0.8.0->-r services/etl/requirements.txt (line 3))
2025-08-17T01:42:54.6734561Z   Using cached boto3-1.40.11-py3-none-any.whl.metadata (6.7 kB)
2025-08-17T01:42:54.7005270Z Collecting cachetools~=4.2.0 (from python-amazon-sp-api==0.8.0->-r services/etl/requirements.txt (line 3))
2025-08-17T01:42:54.7017210Z   Using cached cachetools-4.2.4-py3-none-any.whl.metadata (4.8 kB)
2025-08-17T01:42:54.8149997Z Collecting pycryptodome (from python-amazon-sp-api==0.8.0->-r services/etl/requirements.txt (line 3))
2025-08-17T01:42:54.8162685Z   Using cached pycryptodome-3.23.0-cp37-abi3-manylinux_2_17_x86_64.manylinux2014_x86_64.whl.metadata (3.4 kB)
2025-08-17T01:42:54.8574319Z Collecting pytz (from python-amazon-sp-api==0.8.0->-r services/etl/requirements.txt (line 3))
2025-08-17T01:42:54.8586260Z   Using cached pytz-2025.2-py2.py3-none-any.whl.metadata (22 kB)
2025-08-17T01:42:54.8764956Z Collecting confuse~=1.4.0 (from python-amazon-sp-api==0.8.0->-r services/etl/requirements.txt (line 3))
2025-08-17T01:42:54.8776458Z   Using cached confuse-1.4.0-py2.py3-none-any.whl.metadata (3.8 kB)
2025-08-17T01:42:54.9090959Z Collecting python-dotenv>=0.21.0 (from pydantic-settings==2.2.1->-r services/etl/requirements.txt (line 4))
2025-08-17T01:42:54.9102172Z   Using cached python_dotenv-1.1.1-py3-none-any.whl.metadata (24 kB)
2025-08-17T01:42:55.3253165Z Collecting botocore<1.41.0,>=1.40.11 (from boto3<2,>=1.16.39->python-amazon-sp-api==0.8.0->-r services/etl/requirements.txt (line 3))
2025-08-17T01:42:55.3266940Z   Using cached botocore-1.40.11-py3-none-any.whl.metadata (5.7 kB)
2025-08-17T01:42:55.3450918Z Collecting jmespath<2.0.0,>=0.7.1 (from boto3<2,>=1.16.39->python-amazon-sp-api==0.8.0->-r services/etl/requirements.txt (line 3))
2025-08-17T01:42:55.3462929Z   Using cached jmespath-1.0.1-py3-none-any.whl.metadata (7.6 kB)
2025-08-17T01:42:55.3678089Z Collecting s3transfer<0.14.0,>=0.13.0 (from boto3<2,>=1.16.39->python-amazon-sp-api==0.8.0->-r services/etl/requirements.txt (line 3))
2025-08-17T01:42:55.3689672Z   Using cached s3transfer-0.13.1-py3-none-any.whl.metadata (1.7 kB)
2025-08-17T01:42:55.3899042Z Collecting python-dateutil<3.0.0,>=2.1 (from botocore<1.41.0,>=1.40.11->boto3<2,>=1.16.39->python-amazon-sp-api==0.8.0->-r services/etl/requirements.txt (line 3))
2025-08-17T01:42:55.3910559Z   Using cached python_dateutil-2.9.0.post0-py2.py3-none-any.whl.metadata (8.4 kB)
2025-08-17T01:42:55.4398952Z Collecting pyyaml (from confuse~=1.4.0->python-amazon-sp-api==0.8.0->-r services/etl/requirements.txt (line 3))
2025-08-17T01:42:55.4411726Z   Using cached PyYAML-6.0.2-cp312-cp312-manylinux_2_17_x86_64.manylinux2014_x86_64.whl.metadata (2.1 kB)
2025-08-17T01:42:55.4775008Z Collecting tzdata>=2022.7 (from pandas<=3.0->keepa==1.3.14->-r services/etl/requirements.txt (line 1))
2025-08-17T01:42:55.4787287Z   Using cached tzdata-2025.2-py2.py3-none-any.whl.metadata (1.4 kB)
2025-08-17T01:42:55.7299051Z Collecting annotated-types>=0.6.0 (from pydantic->keepa==1.3.14->-r services/etl/requirements.txt (line 1))
2025-08-17T01:42:55.7311061Z   Using cached annotated_types-0.7.0-py3-none-any.whl.metadata (15 kB)
2025-08-17T01:42:56.3823343Z Collecting pydantic-core==2.33.2 (from pydantic->keepa==1.3.14->-r services/etl/requirements.txt (line 1))
2025-08-17T01:42:56.3837334Z   Using cached pydantic_core-2.33.2-cp312-cp312-manylinux_2_17_x86_64.manylinux2014_x86_64.whl.metadata (6.8 kB)
2025-08-17T01:42:56.4055706Z Collecting typing-extensions>=4.12.2 (from pydantic->keepa==1.3.14->-r services/etl/requirements.txt (line 1))
2025-08-17T01:42:56.4067767Z   Using cached typing_extensions-4.14.1-py3-none-any.whl.metadata (3.0 kB)
2025-08-17T01:42:56.4214618Z Collecting typing-inspection>=0.4.0 (from pydantic->keepa==1.3.14->-r services/etl/requirements.txt (line 1))
2025-08-17T01:42:56.4226230Z   Using cached typing_inspection-0.4.1-py3-none-any.whl.metadata (2.6 kB)
2025-08-17T01:42:56.5122181Z Collecting charset_normalizer<4,>=2 (from requests>=2.2->keepa==1.3.14->-r services/etl/requirements.txt (line 1))
2025-08-17T01:42:56.5135245Z   Using cached charset_normalizer-3.4.3-cp312-cp312-manylinux2014_x86_64.manylinux_2_17_x86_64.manylinux_2_28_x86_64.whl.metadata (36 kB)
2025-08-17T01:42:56.5359579Z Collecting idna<4,>=2.5 (from requests>=2.2->keepa==1.3.14->-r services/etl/requirements.txt (line 1))
2025-08-17T01:42:56.5371736Z   Using cached idna-3.10-py3-none-any.whl.metadata (10 kB)
2025-08-17T01:42:56.5891933Z Collecting aiohappyeyeballs>=2.5.0 (from aiohttp->keepa==1.3.14->-r services/etl/requirements.txt (line 1))
2025-08-17T01:42:56.5904357Z   Using cached aiohappyeyeballs-2.6.1-py3-none-any.whl.metadata (5.9 kB)
2025-08-17T01:42:56.6056228Z Collecting aiosignal>=1.4.0 (from aiohttp->keepa==1.3.14->-r services/etl/requirements.txt (line 1))
2025-08-17T01:42:56.6067885Z   Using cached aiosignal-1.4.0-py3-none-any.whl.metadata (3.7 kB)
2025-08-17T01:42:56.6273227Z Collecting attrs>=17.3.0 (from aiohttp->keepa==1.3.14->-r services/etl/requirements.txt (line 1))
2025-08-17T01:42:56.6284185Z   Using cached attrs-25.3.0-py3-none-any.whl.metadata (10 kB)
2025-08-17T01:42:56.7556588Z Collecting frozenlist>=1.1.1 (from aiohttp->keepa==1.3.14->-r services/etl/requirements.txt (line 1))
2025-08-17T01:42:56.7570126Z   Using cached frozenlist-1.7.0-cp312-cp312-manylinux_2_5_x86_64.manylinux1_x86_64.manylinux_2_17_x86_64.manylinux2014_x86_64.whl.metadata (18 kB)
2025-08-17T01:42:56.9824007Z Collecting multidict<7.0,>=4.5 (from aiohttp->keepa==1.3.14->-r services/etl/requirements.txt (line 1))
2025-08-17T01:42:56.9838040Z   Using cached multidict-6.6.4-cp312-cp312-manylinux2014_x86_64.manylinux_2_17_x86_64.manylinux_2_28_x86_64.whl.metadata (5.3 kB)
2025-08-17T01:42:57.0311889Z Collecting propcache>=0.2.0 (from aiohttp->keepa==1.3.14->-r services/etl/requirements.txt (line 1))
2025-08-17T01:42:57.0324635Z   Using cached propcache-0.3.2-cp312-cp312-manylinux_2_17_x86_64.manylinux2014_x86_64.whl.metadata (12 kB)
2025-08-17T01:42:57.2747390Z Collecting yarl<2.0,>=1.17.0 (from aiohttp->keepa==1.3.14->-r services/etl/requirements.txt (line 1))
2025-08-17T01:42:57.2761245Z   Using cached yarl-1.20.1-cp312-cp312-manylinux_2_17_x86_64.manylinux2014_x86_64.whl.metadata (73 kB)
2025-08-17T01:42:57.3204915Z Using cached keepa-1.3.14-py3-none-any.whl (33 kB)
2025-08-17T01:42:57.3216437Z Using cached minio-7.1.15-py3-none-any.whl (77 kB)
2025-08-17T01:42:57.3228490Z Using cached python_amazon_sp_api-0.8.0-py3-none-any.whl (93 kB)
2025-08-17T01:42:57.3241683Z Using cached pydantic_settings-2.2.1-py3-none-any.whl (13 kB)
2025-08-17T01:42:57.3252794Z Using cached boto3-1.40.11-py3-none-any.whl (140 kB)
2025-08-17T01:42:57.3264911Z Using cached botocore-1.40.11-py3-none-any.whl (14.0 MB)
2025-08-17T01:42:57.3374186Z Using cached cachetools-4.2.4-py3-none-any.whl (10 kB)
2025-08-17T01:42:57.3385347Z Using cached confuse-1.4.0-py2.py3-none-any.whl (21 kB)
2025-08-17T01:42:57.3396534Z Using cached jmespath-1.0.1-py3-none-any.whl (20 kB)
2025-08-17T01:42:57.3408124Z Using cached pandas-2.3.1-cp312-cp312-manylinux_2_17_x86_64.manylinux2014_x86_64.whl (12.0 MB)
2025-08-17T01:42:57.3506485Z Using cached python_dateutil-2.9.0.post0-py2.py3-none-any.whl (229 kB)
2025-08-17T01:42:57.3519291Z Using cached s3transfer-0.13.1-py3-none-any.whl (85 kB)
2025-08-17T01:42:57.3530727Z Using cached six-1.17.0-py2.py3-none-any.whl (11 kB)
2025-08-17T01:42:57.3541627Z Using cached urllib3-2.5.0-py3-none-any.whl (129 kB)
2025-08-17T01:42:57.3553855Z Using cached numpy-2.3.2-cp312-cp312-manylinux_2_27_x86_64.manylinux_2_28_x86_64.whl (16.6 MB)
2025-08-17T01:42:57.3683687Z Using cached pydantic-2.11.7-py3-none-any.whl (444 kB)
2025-08-17T01:42:57.3698066Z Using cached pydantic_core-2.33.2-cp312-cp312-manylinux_2_17_x86_64.manylinux2014_x86_64.whl (2.0 MB)
2025-08-17T01:42:57.3723423Z Using cached annotated_types-0.7.0-py3-none-any.whl (13 kB)
2025-08-17T01:42:57.3734674Z Using cached python_dotenv-1.1.1-py3-none-any.whl (20 kB)
2025-08-17T01:42:57.3746082Z Using cached pytz-2025.2-py2.py3-none-any.whl (509 kB)
2025-08-17T01:42:57.3761072Z Using cached requests-2.32.4-py3-none-any.whl (64 kB)
2025-08-17T01:42:57.3773183Z Using cached charset_normalizer-3.4.3-cp312-cp312-manylinux2014_x86_64.manylinux_2_17_x86_64.manylinux_2_28_x86_64.whl (151 kB)
2025-08-17T01:42:57.3785197Z Using cached idna-3.10-py3-none-any.whl (70 kB)
2025-08-17T01:42:57.3796772Z Using cached certifi-2025.8.3-py3-none-any.whl (161 kB)
2025-08-17T01:42:57.3809058Z Using cached typing_extensions-4.14.1-py3-none-any.whl (43 kB)
2025-08-17T01:42:57.3820399Z Using cached typing_inspection-0.4.1-py3-none-any.whl (14 kB)
2025-08-17T01:42:57.3831586Z Using cached tzdata-2025.2-py2.py3-none-any.whl (347 kB)
2025-08-17T01:42:57.3845745Z Using cached aiohttp-3.12.15-cp312-cp312-manylinux_2_17_x86_64.manylinux2014_x86_64.whl (1.7 MB)
2025-08-17T01:42:57.3869947Z Using cached multidict-6.6.4-cp312-cp312-manylinux2014_x86_64.manylinux_2_17_x86_64.manylinux_2_28_x86_64.whl (256 kB)
2025-08-17T01:42:57.3882801Z Using cached yarl-1.20.1-cp312-cp312-manylinux_2_17_x86_64.manylinux2014_x86_64.whl (355 kB)
2025-08-17T01:42:57.3896600Z Using cached aiohappyeyeballs-2.6.1-py3-none-any.whl (15 kB)
2025-08-17T01:42:57.3907840Z Using cached aiosignal-1.4.0-py3-none-any.whl (7.5 kB)
2025-08-17T01:42:57.3918946Z Using cached attrs-25.3.0-py3-none-any.whl (63 kB)
2025-08-17T01:42:57.3930919Z Using cached frozenlist-1.7.0-cp312-cp312-manylinux_2_5_x86_64.manylinux1_x86_64.manylinux_2_17_x86_64.manylinux2014_x86_64.whl (241 kB)
2025-08-17T01:42:57.3943617Z Using cached propcache-0.3.2-cp312-cp312-manylinux_2_17_x86_64.manylinux2014_x86_64.whl (224 kB)
2025-08-17T01:42:57.3955972Z Using cached pycryptodome-3.23.0-cp37-abi3-manylinux_2_17_x86_64.manylinux2014_x86_64.whl (2.3 MB)
2025-08-17T01:42:57.3982779Z Using cached PyYAML-6.0.2-cp312-cp312-manylinux_2_17_x86_64.manylinux2014_x86_64.whl (767 kB)
2025-08-17T01:42:57.3998828Z Using cached tqdm-4.67.1-py3-none-any.whl (78 kB)
2025-08-17T01:42:57.5984738Z Installing collected packages: pytz, urllib3, tzdata, typing-extensions, tqdm, six, pyyaml, python-dotenv, pycryptodome, propcache, numpy, multidict, jmespath, idna, frozenlist, charset_normalizer, certifi, cachetools, attrs, annotated-types, aiohappyeyeballs, yarl, typing-inspection, requests, python-dateutil, pydantic-core, minio, confuse, aiosignal, pydantic, pandas, botocore, aiohttp, s3transfer, pydantic-settings, keepa, boto3, python-amazon-sp-api
2025-08-17T01:43:06.9235538Z 
2025-08-17T01:43:06.9278021Z Successfully installed aiohappyeyeballs-2.6.1 aiohttp-3.12.15 aiosignal-1.4.0 annotated-types-0.7.0 attrs-25.3.0 boto3-1.40.11 botocore-1.40.11 cachetools-4.2.4 certifi-2025.8.3 charset_normalizer-3.4.3 confuse-1.4.0 frozenlist-1.7.0 idna-3.10 jmespath-1.0.1 keepa-1.3.14 minio-7.1.15 multidict-6.6.4 numpy-2.3.2 pandas-2.3.1 propcache-0.3.2 pycryptodome-3.23.0 pydantic-2.11.7 pydantic-core-2.33.2 pydantic-settings-2.2.1 python-amazon-sp-api-0.8.0 python-dateutil-2.9.0.post0 python-dotenv-1.1.1 pytz-2025.2 pyyaml-6.0.2 requests-2.32.4 s3transfer-0.13.1 six-1.17.0 tqdm-4.67.1 typing-extensions-4.14.1 typing-inspection-0.4.1 tzdata-2025.2 urllib3-2.5.0 yarl-1.20.1
2025-08-17T01:43:07.8030791Z Collecting uvicorn==0.29.0 (from -r services/api/requirements.txt (line 1))
2025-08-17T01:43:07.8044001Z   Using cached uvicorn-0.29.0-py3-none-any.whl.metadata (6.3 kB)
2025-08-17T01:43:07.8079747Z Requirement already satisfied: pydantic-settings==2.2.1 in /opt/hostedtoolcache/Python/3.12.11/x64/lib/python3.12/site-packages (from -r services/api/requirements.txt (line 2)) (2.2.1)
2025-08-17T01:43:07.8560141Z Collecting fastapi==0.111.0 (from -r services/api/requirements.txt (line 3))
2025-08-17T01:43:07.8571502Z   Using cached fastapi-0.111.0-py3-none-any.whl.metadata (25 kB)
2025-08-17T01:43:08.1863111Z Collecting sqlalchemy==2.0.29 (from -r services/api/requirements.txt (line 4))
2025-08-17T01:43:08.1876378Z   Using cached SQLAlchemy-2.0.29-cp312-cp312-manylinux_2_17_x86_64.manylinux2014_x86_64.whl.metadata (9.6 kB)
2025-08-17T01:43:08.2216965Z Collecting alembic==1.13.1 (from -r services/api/requirements.txt (line 5))
2025-08-17T01:43:08.2228314Z   Using cached alembic-1.13.1-py3-none-any.whl.metadata (7.4 kB)
2025-08-17T01:43:08.2446734Z Collecting psycopg==3.2.9 (from psycopg[binary]==3.2.9->-r services/api/requirements.txt (line 6))
2025-08-17T01:43:08.2458073Z   Using cached psycopg-3.2.9-py3-none-any.whl.metadata (4.5 kB)
2025-08-17T01:43:08.2737388Z Collecting httpx==0.27.2 (from -r services/api/requirements.txt (line 7))
2025-08-17T01:43:08.2749170Z   Using cached httpx-0.27.2-py3-none-any.whl.metadata (7.1 kB)
2025-08-17T01:43:08.3246129Z Collecting asyncpg==0.29.0 (from -r services/api/requirements.txt (line 8))
2025-08-17T01:43:08.3257966Z   Using cached asyncpg-0.29.0-cp312-cp312-manylinux_2_17_x86_64.manylinux2014_x86_64.whl.metadata (4.4 kB)
2025-08-17T01:43:08.5928364Z Collecting boto3==1.34.162 (from -r services/api/requirements.txt (line 9))
2025-08-17T01:43:08.5941444Z   Using cached boto3-1.34.162-py3-none-any.whl.metadata (6.6 kB)
2025-08-17T01:43:08.6149999Z Collecting Jinja2==3.1.5 (from -r services/api/requirements.txt (line 10))
2025-08-17T01:43:08.6161610Z   Using cached jinja2-3.1.5-py3-none-any.whl.metadata (2.6 kB)
2025-08-17T01:43:08.6396620Z Collecting click>=7.0 (from uvicorn==0.29.0->-r services/api/requirements.txt (line 1))
2025-08-17T01:43:08.6408211Z   Using cached click-8.2.1-py3-none-any.whl.metadata (2.5 kB)
2025-08-17T01:43:08.6570200Z Collecting h11>=0.8 (from uvicorn==0.29.0->-r services/api/requirements.txt (line 1))
2025-08-17T01:43:08.6581609Z   Using cached h11-0.16.0-py3-none-any.whl.metadata (8.3 kB)
2025-08-17T01:43:08.6609892Z Requirement already satisfied: pydantic>=2.3.0 in /opt/hostedtoolcache/Python/3.12.11/x64/lib/python3.12/site-packages (from pydantic-settings==2.2.1->-r services/api/requirements.txt (line 2)) (2.11.7)
2025-08-17T01:43:08.6616039Z Requirement already satisfied: python-dotenv>=0.21.0 in /opt/hostedtoolcache/Python/3.12.11/x64/lib/python3.12/site-packages (from pydantic-settings==2.2.1->-r services/api/requirements.txt (line 2)) (1.1.1)
2025-08-17T01:43:08.7105799Z Collecting starlette<0.38.0,>=0.37.2 (from fastapi==0.111.0->-r services/api/requirements.txt (line 3))
2025-08-17T01:43:08.7118051Z   Using cached starlette-0.37.2-py3-none-any.whl.metadata (5.9 kB)
2025-08-17T01:43:08.7148802Z Requirement already satisfied: typing-extensions>=4.8.0 in /opt/hostedtoolcache/Python/3.12.11/x64/lib/python3.12/site-packages (from fastapi==0.111.0->-r services/api/requirements.txt (line 3)) (4.14.1)
2025-08-17T01:43:08.7304870Z Collecting fastapi-cli>=0.0.2 (from fastapi==0.111.0->-r services/api/requirements.txt (line 3))
2025-08-17T01:43:08.7316734Z   Using cached fastapi_cli-0.0.8-py3-none-any.whl.metadata (6.3 kB)
2025-08-17T01:43:08.7567962Z Collecting python-multipart>=0.0.7 (from fastapi==0.111.0->-r services/api/requirements.txt (line 3))
2025-08-17T01:43:08.7579330Z   Using cached python_multipart-0.0.20-py3-none-any.whl.metadata (1.8 kB)
2025-08-17T01:43:08.8249262Z Collecting ujson!=4.0.2,!=4.1.0,!=4.2.0,!=4.3.0,!=5.0.0,!=5.1.0,>=4.0.1 (from fastapi==0.111.0->-r services/api/requirements.txt (line 3))
2025-08-17T01:43:08.8261399Z   Using cached ujson-5.10.0-cp312-cp312-manylinux_2_17_x86_64.manylinux2014_x86_64.whl.metadata (9.3 kB)
2025-08-17T01:43:09.1149644Z Collecting orjson>=3.2.1 (from fastapi==0.111.0->-r services/api/requirements.txt (line 3))
2025-08-17T01:43:09.1162944Z   Using cached orjson-3.11.2-cp312-cp312-manylinux_2_17_x86_64.manylinux2014_x86_64.whl.metadata (1.2 kB)
2025-08-17T01:43:09.1362101Z Collecting email_validator>=2.0.0 (from fastapi==0.111.0->-r services/api/requirements.txt (line 3))
2025-08-17T01:43:09.1374056Z   Using cached email_validator-2.2.0-py3-none-any.whl.metadata (25 kB)
2025-08-17T01:43:09.2745070Z Collecting greenlet!=0.4.17 (from sqlalchemy==2.0.29->-r services/api/requirements.txt (line 4))
2025-08-17T01:43:09.2758763Z   Using cached greenlet-3.2.4-cp312-cp312-manylinux_2_24_x86_64.manylinux_2_28_x86_64.whl.metadata (4.1 kB)
2025-08-17T01:43:09.3092910Z Collecting Mako (from alembic==1.13.1->-r services/api/requirements.txt (line 5))
2025-08-17T01:43:09.3104451Z   Using cached mako-1.3.10-py3-none-any.whl.metadata (2.9 kB)
2025-08-17T01:43:09.3360846Z Collecting anyio (from httpx==0.27.2->-r services/api/requirements.txt (line 7))
2025-08-17T01:43:09.3372626Z   Using cached anyio-4.10.0-py3-none-any.whl.metadata (4.0 kB)
2025-08-17T01:43:09.3395784Z Requirement already satisfied: certifi in /opt/hostedtoolcache/Python/3.12.11/x64/lib/python3.12/site-packages (from httpx==0.27.2->-r services/api/requirements.txt (line 7)) (2025.8.3)
2025-08-17T01:43:09.3627639Z Collecting httpcore==1.* (from httpx==0.27.2->-r services/api/requirements.txt (line 7))
2025-08-17T01:43:09.3639066Z   Using cached httpcore-1.0.9-py3-none-any.whl.metadata (21 kB)
2025-08-17T01:43:09.3672456Z Requirement already satisfied: idna in /opt/hostedtoolcache/Python/3.12.11/x64/lib/python3.12/site-packages (from httpx==0.27.2->-r services/api/requirements.txt (line 7)) (3.10)
2025-08-17T01:43:09.3808942Z Collecting sniffio (from httpx==0.27.2->-r services/api/requirements.txt (line 7))
2025-08-17T01:43:09.3820363Z   Using cached sniffio-1.3.1-py3-none-any.whl.metadata (3.9 kB)
2025-08-17T01:43:09.7724748Z Collecting botocore<1.35.0,>=1.34.162 (from boto3==1.34.162->-r services/api/requirements.txt (line 9))
2025-08-17T01:43:09.7737510Z   Using cached botocore-1.34.162-py3-none-any.whl.metadata (5.7 kB)
2025-08-17T01:43:09.7764436Z Requirement already satisfied: jmespath<2.0.0,>=0.7.1 in /opt/hostedtoolcache/Python/3.12.11/x64/lib/python3.12/site-packages (from boto3==1.34.162->-r services/api/requirements.txt (line 9)) (1.0.1)
2025-08-17T01:43:09.7982601Z Collecting s3transfer<0.11.0,>=0.10.0 (from boto3==1.34.162->-r services/api/requirements.txt (line 9))
2025-08-17T01:43:09.7993767Z   Using cached s3transfer-0.10.4-py3-none-any.whl.metadata (1.7 kB)
2025-08-17T01:43:09.8576372Z Collecting MarkupSafe>=2.0 (from Jinja2==3.1.5->-r services/api/requirements.txt (line 10))
2025-08-17T01:43:09.8589541Z   Using cached MarkupSafe-3.0.2-cp312-cp312-manylinux_2_17_x86_64.manylinux2014_x86_64.whl.metadata (4.0 kB)
2025-08-17T01:43:10.0063032Z Collecting psycopg-binary==3.2.9 (from psycopg[binary]==3.2.9->-r services/api/requirements.txt (line 6))
2025-08-17T01:43:10.0075432Z   Using cached psycopg_binary-3.2.9-cp312-cp312-manylinux_2_17_x86_64.manylinux2014_x86_64.whl.metadata (2.9 kB)
2025-08-17T01:43:10.0112803Z Requirement already satisfied: python-dateutil<3.0.0,>=2.1 in /opt/hostedtoolcache/Python/3.12.11/x64/lib/python3.12/site-packages (from botocore<1.35.0,>=1.34.162->boto3==1.34.162->-r services/api/requirements.txt (line 9)) (2.9.0.post0)
2025-08-17T01:43:10.0122581Z Requirement already satisfied: urllib3!=2.2.0,<3,>=1.25.4 in /opt/hostedtoolcache/Python/3.12.11/x64/lib/python3.12/site-packages (from botocore<1.35.0,>=1.34.162->boto3==1.34.162->-r services/api/requirements.txt (line 9)) (2.5.0)
2025-08-17T01:43:10.0165096Z Requirement already satisfied: annotated-types>=0.6.0 in /opt/hostedtoolcache/Python/3.12.11/x64/lib/python3.12/site-packages (from pydantic>=2.3.0->pydantic-settings==2.2.1->-r services/api/requirements.txt (line 2)) (0.7.0)
2025-08-17T01:43:10.0170962Z Requirement already satisfied: pydantic-core==2.33.2 in /opt/hostedtoolcache/Python/3.12.11/x64/lib/python3.12/site-packages (from pydantic>=2.3.0->pydantic-settings==2.2.1->-r services/api/requirements.txt (line 2)) (2.33.2)
2025-08-17T01:43:10.0179573Z Requirement already satisfied: typing-inspection>=0.4.0 in /opt/hostedtoolcache/Python/3.12.11/x64/lib/python3.12/site-packages (from pydantic>=2.3.0->pydantic-settings==2.2.1->-r services/api/requirements.txt (line 2)) (0.4.1)
2025-08-17T01:43:10.0210317Z Requirement already satisfied: six>=1.5 in /opt/hostedtoolcache/Python/3.12.11/x64/lib/python3.12/site-packages (from python-dateutil<3.0.0,>=2.1->botocore<1.35.0,>=1.34.162->boto3==1.34.162->-r services/api/requirements.txt (line 9)) (1.17.0)
2025-08-17T01:43:10.1810600Z Collecting dnspython>=2.0.0 (from email_validator>=2.0.0->fastapi==0.111.0->-r services/api/requirements.txt (line 3))
2025-08-17T01:43:10.1821527Z   Using cached dnspython-2.7.0-py3-none-any.whl.metadata (5.8 kB)
2025-08-17T01:43:10.2080889Z Collecting typer>=0.15.1 (from fastapi-cli>=0.0.2->fastapi==0.111.0->-r services/api/requirements.txt (line 3))
2025-08-17T01:43:10.2092039Z   Using cached typer-0.16.0-py3-none-any.whl.metadata (15 kB)
2025-08-17T01:43:10.2393724Z Collecting rich-toolkit>=0.14.8 (from fastapi-cli>=0.0.2->fastapi==0.111.0->-r services/api/requirements.txt (line 3))
2025-08-17T01:43:10.2405246Z   Using cached rich_toolkit-0.15.0-py3-none-any.whl.metadata (1.0 kB)
2025-08-17T01:43:10.2960125Z Collecting rich>=13.7.1 (from rich-toolkit>=0.14.8->fastapi-cli>=0.0.2->fastapi==0.111.0->-r services/api/requirements.txt (line 3))
2025-08-17T01:43:10.2971662Z   Using cached rich-14.1.0-py3-none-any.whl.metadata (18 kB)
2025-08-17T01:43:10.3204251Z Collecting markdown-it-py>=2.2.0 (from rich>=13.7.1->rich-toolkit>=0.14.8->fastapi-cli>=0.0.2->fastapi==0.111.0->-r services/api/requirements.txt (line 3))
2025-08-17T01:43:10.3216002Z   Using cached markdown_it_py-4.0.0-py3-none-any.whl.metadata (7.3 kB)
2025-08-17T01:43:10.3538285Z Collecting pygments<3.0.0,>=2.13.0 (from rich>=13.7.1->rich-toolkit>=0.14.8->fastapi-cli>=0.0.2->fastapi==0.111.0->-r services/api/requirements.txt (line 3))
2025-08-17T01:43:10.3549571Z   Using cached pygments-2.19.2-py3-none-any.whl.metadata (2.5 kB)
2025-08-17T01:43:10.3730641Z Collecting mdurl~=0.1 (from markdown-it-py>=2.2.0->rich>=13.7.1->rich-toolkit>=0.14.8->fastapi-cli>=0.0.2->fastapi==0.111.0->-r services/api/requirements.txt (line 3))
2025-08-17T01:43:10.3741751Z   Using cached mdurl-0.1.2-py3-none-any.whl.metadata (1.6 kB)
2025-08-17T01:43:10.4098298Z Collecting shellingham>=1.3.0 (from typer>=0.15.1->fastapi-cli>=0.0.2->fastapi==0.111.0->-r services/api/requirements.txt (line 3))
2025-08-17T01:43:10.4109009Z   Using cached shellingham-1.5.4-py2.py3-none-any.whl.metadata (3.5 kB)
2025-08-17T01:43:10.4627464Z Collecting httptools>=0.5.0 (from uvicorn[standard]>=0.12.0->fastapi==0.111.0->-r services/api/requirements.txt (line 3))
2025-08-17T01:43:10.4638853Z   Using cached httptools-0.6.4-cp312-cp312-manylinux_2_5_x86_64.manylinux1_x86_64.manylinux_2_17_x86_64.manylinux2014_x86_64.whl.metadata (3.6 kB)
2025-08-17T01:43:10.4663121Z Requirement already satisfied: pyyaml>=5.1 in /opt/hostedtoolcache/Python/3.12.11/x64/lib/python3.12/site-packages (from uvicorn[standard]>=0.12.0->fastapi==0.111.0->-r services/api/requirements.txt (line 3)) (6.0.2)
2025-08-17T01:43:10.5107899Z Collecting uvloop!=0.15.0,!=0.15.1,>=0.14.0 (from uvicorn[standard]>=0.12.0->fastapi==0.111.0->-r services/api/requirements.txt (line 3))
2025-08-17T01:43:10.5118928Z   Using cached uvloop-0.21.0-cp312-cp312-manylinux_2_17_x86_64.manylinux2014_x86_64.whl.metadata (4.9 kB)
2025-08-17T01:43:10.5867340Z Collecting watchfiles>=0.13 (from uvicorn[standard]>=0.12.0->fastapi==0.111.0->-r services/api/requirements.txt (line 3))
2025-08-17T01:43:10.5880126Z   Using cached watchfiles-1.1.0-cp312-cp312-manylinux_2_17_x86_64.manylinux2014_x86_64.whl.metadata (4.9 kB)
2025-08-17T01:43:10.7227444Z Collecting websockets>=10.4 (from uvicorn[standard]>=0.12.0->fastapi==0.111.0->-r services/api/requirements.txt (line 3))
2025-08-17T01:43:10.7240498Z   Using cached websockets-15.0.1-cp312-cp312-manylinux_2_5_x86_64.manylinux1_x86_64.manylinux_2_17_x86_64.manylinux2014_x86_64.whl.metadata (6.8 kB)
2025-08-17T01:43:10.7445314Z Using cached uvicorn-0.29.0-py3-none-any.whl (60 kB)
2025-08-17T01:43:10.7456498Z Using cached fastapi-0.111.0-py3-none-any.whl (91 kB)
2025-08-17T01:43:10.7468330Z Using cached SQLAlchemy-2.0.29-cp312-cp312-manylinux_2_17_x86_64.manylinux2014_x86_64.whl (3.2 MB)
2025-08-17T01:43:10.7503149Z Using cached alembic-1.13.1-py3-none-any.whl (233 kB)
2025-08-17T01:43:10.7515614Z Using cached psycopg-3.2.9-py3-none-any.whl (202 kB)
2025-08-17T01:43:10.7527375Z Using cached httpx-0.27.2-py3-none-any.whl (76 kB)
2025-08-17T01:43:10.7538983Z Using cached asyncpg-0.29.0-cp312-cp312-manylinux_2_17_x86_64.manylinux2014_x86_64.whl (3.3 MB)
2025-08-17T01:43:10.7572790Z Using cached boto3-1.34.162-py3-none-any.whl (139 kB)
2025-08-17T01:43:10.7584340Z Using cached jinja2-3.1.5-py3-none-any.whl (134 kB)
2025-08-17T01:43:10.7596102Z Using cached psycopg_binary-3.2.9-cp312-cp312-manylinux_2_17_x86_64.manylinux2014_x86_64.whl (4.4 MB)
2025-08-17T01:43:10.7639812Z Using cached botocore-1.34.162-py3-none-any.whl (12.5 MB)
2025-08-17T01:43:10.7740598Z Using cached httpcore-1.0.9-py3-none-any.whl (78 kB)
2025-08-17T01:43:10.7751676Z Using cached s3transfer-0.10.4-py3-none-any.whl (83 kB)
2025-08-17T01:43:10.7762658Z Using cached starlette-0.37.2-py3-none-any.whl (71 kB)
2025-08-17T01:43:10.7773615Z Using cached anyio-4.10.0-py3-none-any.whl (107 kB)
2025-08-17T01:43:10.7784700Z Using cached click-8.2.1-py3-none-any.whl (102 kB)
2025-08-17T01:43:10.7795716Z Using cached email_validator-2.2.0-py3-none-any.whl (33 kB)
2025-08-17T01:43:10.7806376Z Using cached dnspython-2.7.0-py3-none-any.whl (313 kB)
2025-08-17T01:43:10.7819066Z Using cached fastapi_cli-0.0.8-py3-none-any.whl (10 kB)
2025-08-17T01:43:10.7830115Z Using cached greenlet-3.2.4-cp312-cp312-manylinux_2_24_x86_64.manylinux_2_28_x86_64.whl (607 kB)
2025-08-17T01:43:10.7844532Z Using cached h11-0.16.0-py3-none-any.whl (37 kB)
2025-08-17T01:43:10.7855649Z Using cached MarkupSafe-3.0.2-cp312-cp312-manylinux_2_17_x86_64.manylinux2014_x86_64.whl (23 kB)
2025-08-17T01:43:10.7866232Z Using cached orjson-3.11.2-cp312-cp312-manylinux_2_17_x86_64.manylinux2014_x86_64.whl (121 kB)
2025-08-17T01:43:10.7877263Z Using cached python_multipart-0.0.20-py3-none-any.whl (24 kB)
2025-08-17T01:43:10.7887643Z Using cached rich_toolkit-0.15.0-py3-none-any.whl (29 kB)
2025-08-17T01:43:10.7898071Z Using cached rich-14.1.0-py3-none-any.whl (243 kB)
2025-08-17T01:43:10.7910190Z Using cached pygments-2.19.2-py3-none-any.whl (1.2 MB)
2025-08-17T01:43:10.7929982Z Using cached markdown_it_py-4.0.0-py3-none-any.whl (87 kB)
2025-08-17T01:43:10.7941217Z Using cached mdurl-0.1.2-py3-none-any.whl (10.0 kB)
2025-08-17T01:43:10.7951718Z Using cached sniffio-1.3.1-py3-none-any.whl (10 kB)
2025-08-17T01:43:10.7962835Z Using cached typer-0.16.0-py3-none-any.whl (46 kB)
2025-08-17T01:43:10.7973681Z Using cached shellingham-1.5.4-py2.py3-none-any.whl (9.8 kB)
2025-08-17T01:43:10.7984451Z Using cached ujson-5.10.0-cp312-cp312-manylinux_2_17_x86_64.manylinux2014_x86_64.whl (53 kB)
2025-08-17T01:43:10.7995836Z Using cached httptools-0.6.4-cp312-cp312-manylinux_2_5_x86_64.manylinux1_x86_64.manylinux_2_17_x86_64.manylinux2014_x86_64.whl (510 kB)
2025-08-17T01:43:10.8009753Z Using cached uvloop-0.21.0-cp312-cp312-manylinux_2_17_x86_64.manylinux2014_x86_64.whl (4.7 MB)
2025-08-17T01:43:10.8054707Z Using cached watchfiles-1.1.0-cp312-cp312-manylinux_2_17_x86_64.manylinux2014_x86_64.whl (452 kB)
2025-08-17T01:43:10.8068758Z Using cached websockets-15.0.1-cp312-cp312-manylinux_2_5_x86_64.manylinux1_x86_64.manylinux_2_17_x86_64.manylinux2014_x86_64.whl (182 kB)
2025-08-17T01:43:10.8079861Z Using cached mako-1.3.10-py3-none-any.whl (78 kB)
2025-08-17T01:43:10.9808270Z Installing collected packages: websockets, uvloop, ujson, sniffio, shellingham, python-multipart, pygments, psycopg-binary, psycopg, orjson, mdurl, MarkupSafe, httptools, h11, greenlet, dnspython, click, asyncpg, uvicorn, sqlalchemy, markdown-it-py, Mako, Jinja2, httpcore, email_validator, botocore, anyio, watchfiles, starlette, s3transfer, rich, httpx, alembic, typer, rich-toolkit, boto3, fastapi-cli, fastapi
2025-08-17T01:43:14.0861658Z   Attempting uninstall: botocore
2025-08-17T01:43:14.0905529Z     Found existing installation: botocore 1.40.11
2025-08-17T01:43:14.1569224Z     Uninstalling botocore-1.40.11:
2025-08-17T01:43:14.1819134Z       Successfully uninstalled botocore-1.40.11
2025-08-17T01:43:14.9664017Z   Attempting uninstall: s3transfer
2025-08-17T01:43:14.9737962Z     Found existing installation: s3transfer 0.13.1
2025-08-17T01:43:14.9765227Z     Uninstalling s3transfer-0.13.1:
2025-08-17T01:43:14.9774048Z       Successfully uninstalled s3transfer-0.13.1
2025-08-17T01:43:15.4926618Z   Attempting uninstall: boto3
2025-08-17T01:43:15.4957454Z     Found existing installation: boto3 1.40.11
2025-08-17T01:43:15.5016303Z     Uninstalling boto3-1.40.11:
2025-08-17T01:43:15.5034372Z       Successfully uninstalled boto3-1.40.11
2025-08-17T01:43:15.6495255Z 
2025-08-17T01:43:15.6561212Z Successfully installed Jinja2-3.1.5 Mako-1.3.10 MarkupSafe-3.0.2 alembic-1.13.1 anyio-4.10.0 asyncpg-0.29.0 boto3-1.34.162 botocore-1.34.162 click-8.2.1 dnspython-2.7.0 email_validator-2.2.0 fastapi-0.111.0 fastapi-cli-0.0.8 greenlet-3.2.4 h11-0.16.0 httpcore-1.0.9 httptools-0.6.4 httpx-0.27.2 markdown-it-py-4.0.0 mdurl-0.1.2 orjson-3.11.2 psycopg-3.2.9 psycopg-binary-3.2.9 pygments-2.19.2 python-multipart-0.0.20 rich-14.1.0 rich-toolkit-0.15.0 s3transfer-0.10.4 shellingham-1.5.4 sniffio-1.3.1 sqlalchemy-2.0.29 starlette-0.37.2 typer-0.16.0 ujson-5.10.0 uvicorn-0.29.0 uvloop-0.21.0 watchfiles-1.1.0 websockets-15.0.1
2025-08-17T01:43:16.2687553Z Requirement already satisfied: uvicorn==0.29.0 in /opt/hostedtoolcache/Python/3.12.11/x64/lib/python3.12/site-packages (from -r services/repricer/requirements.txt (line 1)) (0.29.0)
2025-08-17T01:43:16.2691935Z Requirement already satisfied: pydantic-settings==2.2.1 in /opt/hostedtoolcache/Python/3.12.11/x64/lib/python3.12/site-packages (from -r services/repricer/requirements.txt (line 2)) (2.2.1)
2025-08-17T01:43:16.2696148Z Requirement already satisfied: python-amazon-sp-api==0.8.0 in /opt/hostedtoolcache/Python/3.12.11/x64/lib/python3.12/site-packages (from -r services/repricer/requirements.txt (line 3)) (0.8.0)
2025-08-17T01:43:16.2707628Z Requirement already satisfied: click>=7.0 in /opt/hostedtoolcache/Python/3.12.11/x64/lib/python3.12/site-packages (from uvicorn==0.29.0->-r services/repricer/requirements.txt (line 1)) (8.2.1)
2025-08-17T01:43:16.2712953Z Requirement already satisfied: h11>=0.8 in /opt/hostedtoolcache/Python/3.12.11/x64/lib/python3.12/site-packages (from uvicorn==0.29.0->-r services/repricer/requirements.txt (line 1)) (0.16.0)
2025-08-17T01:43:16.2735408Z Requirement already satisfied: pydantic>=2.3.0 in /opt/hostedtoolcache/Python/3.12.11/x64/lib/python3.12/site-packages (from pydantic-settings==2.2.1->-r services/repricer/requirements.txt (line 2)) (2.11.7)
2025-08-17T01:43:16.2740549Z Requirement already satisfied: python-dotenv>=0.21.0 in /opt/hostedtoolcache/Python/3.12.11/x64/lib/python3.12/site-packages (from pydantic-settings==2.2.1->-r services/repricer/requirements.txt (line 2)) (1.1.1)
2025-08-17T01:43:16.2751654Z Requirement already satisfied: requests in /opt/hostedtoolcache/Python/3.12.11/x64/lib/python3.12/site-packages (from python-amazon-sp-api==0.8.0->-r services/repricer/requirements.txt (line 3)) (2.32.4)
2025-08-17T01:43:16.2759164Z Requirement already satisfied: six<2,>=1.15 in /opt/hostedtoolcache/Python/3.12.11/x64/lib/python3.12/site-packages (from python-amazon-sp-api==0.8.0->-r services/repricer/requirements.txt (line 3)) (1.17.0)
2025-08-17T01:43:16.2765842Z Requirement already satisfied: boto3<2,>=1.16.39 in /opt/hostedtoolcache/Python/3.12.11/x64/lib/python3.12/site-packages (from python-amazon-sp-api==0.8.0->-r services/repricer/requirements.txt (line 3)) (1.34.162)
2025-08-17T01:43:16.2771943Z Requirement already satisfied: cachetools~=4.2.0 in /opt/hostedtoolcache/Python/3.12.11/x64/lib/python3.12/site-packages (from python-amazon-sp-api==0.8.0->-r services/repricer/requirements.txt (line 3)) (4.2.4)
2025-08-17T01:43:16.2775772Z Requirement already satisfied: pycryptodome in /opt/hostedtoolcache/Python/3.12.11/x64/lib/python3.12/site-packages (from python-amazon-sp-api==0.8.0->-r services/repricer/requirements.txt (line 3)) (3.23.0)
2025-08-17T01:43:16.2779351Z Requirement already satisfied: pytz in /opt/hostedtoolcache/Python/3.12.11/x64/lib/python3.12/site-packages (from python-amazon-sp-api==0.8.0->-r services/repricer/requirements.txt (line 3)) (2025.2)
2025-08-17T01:43:16.2785520Z Requirement already satisfied: confuse~=1.4.0 in /opt/hostedtoolcache/Python/3.12.11/x64/lib/python3.12/site-packages (from python-amazon-sp-api==0.8.0->-r services/repricer/requirements.txt (line 3)) (1.4.0)
2025-08-17T01:43:16.2797322Z Requirement already satisfied: botocore<1.35.0,>=1.34.162 in /opt/hostedtoolcache/Python/3.12.11/x64/lib/python3.12/site-packages (from boto3<2,>=1.16.39->python-amazon-sp-api==0.8.0->-r services/repricer/requirements.txt (line 3)) (1.34.162)
2025-08-17T01:43:16.2803758Z Requirement already satisfied: jmespath<2.0.0,>=0.7.1 in /opt/hostedtoolcache/Python/3.12.11/x64/lib/python3.12/site-packages (from boto3<2,>=1.16.39->python-amazon-sp-api==0.8.0->-r services/repricer/requirements.txt (line 3)) (1.0.1)
2025-08-17T01:43:16.2810479Z Requirement already satisfied: s3transfer<0.11.0,>=0.10.0 in /opt/hostedtoolcache/Python/3.12.11/x64/lib/python3.12/site-packages (from boto3<2,>=1.16.39->python-amazon-sp-api==0.8.0->-r services/repricer/requirements.txt (line 3)) (0.10.4)
2025-08-17T01:43:16.2826612Z Requirement already satisfied: python-dateutil<3.0.0,>=2.1 in /opt/hostedtoolcache/Python/3.12.11/x64/lib/python3.12/site-packages (from botocore<1.35.0,>=1.34.162->boto3<2,>=1.16.39->python-amazon-sp-api==0.8.0->-r services/repricer/requirements.txt (line 3)) (2.9.0.post0)
2025-08-17T01:43:16.2839500Z Requirement already satisfied: urllib3!=2.2.0,<3,>=1.25.4 in /opt/hostedtoolcache/Python/3.12.11/x64/lib/python3.12/site-packages (from botocore<1.35.0,>=1.34.162->boto3<2,>=1.16.39->python-amazon-sp-api==0.8.0->-r services/repricer/requirements.txt (line 3)) (2.5.0)
2025-08-17T01:43:16.2856692Z Requirement already satisfied: pyyaml in /opt/hostedtoolcache/Python/3.12.11/x64/lib/python3.12/site-packages (from confuse~=1.4.0->python-amazon-sp-api==0.8.0->-r services/repricer/requirements.txt (line 3)) (6.0.2)
2025-08-17T01:43:16.2938086Z Requirement already satisfied: annotated-types>=0.6.0 in /opt/hostedtoolcache/Python/3.12.11/x64/lib/python3.12/site-packages (from pydantic>=2.3.0->pydantic-settings==2.2.1->-r services/repricer/requirements.txt (line 2)) (0.7.0)
2025-08-17T01:43:16.2943295Z Requirement already satisfied: pydantic-core==2.33.2 in /opt/hostedtoolcache/Python/3.12.11/x64/lib/python3.12/site-packages (from pydantic>=2.3.0->pydantic-settings==2.2.1->-r services/repricer/requirements.txt (line 2)) (2.33.2)
2025-08-17T01:43:16.2947936Z Requirement already satisfied: typing-extensions>=4.12.2 in /opt/hostedtoolcache/Python/3.12.11/x64/lib/python3.12/site-packages (from pydantic>=2.3.0->pydantic-settings==2.2.1->-r services/repricer/requirements.txt (line 2)) (4.14.1)
2025-08-17T01:43:16.2953570Z Requirement already satisfied: typing-inspection>=0.4.0 in /opt/hostedtoolcache/Python/3.12.11/x64/lib/python3.12/site-packages (from pydantic>=2.3.0->pydantic-settings==2.2.1->-r services/repricer/requirements.txt (line 2)) (0.4.1)
2025-08-17T01:43:16.3036939Z Requirement already satisfied: charset_normalizer<4,>=2 in /opt/hostedtoolcache/Python/3.12.11/x64/lib/python3.12/site-packages (from requests->python-amazon-sp-api==0.8.0->-r services/repricer/requirements.txt (line 3)) (3.4.3)
2025-08-17T01:43:16.3042517Z Requirement already satisfied: idna<4,>=2.5 in /opt/hostedtoolcache/Python/3.12.11/x64/lib/python3.12/site-packages (from requests->python-amazon-sp-api==0.8.0->-r services/repricer/requirements.txt (line 3)) (3.10)
2025-08-17T01:43:16.3050432Z Requirement already satisfied: certifi>=2017.4.17 in /opt/hostedtoolcache/Python/3.12.11/x64/lib/python3.12/site-packages (from requests->python-amazon-sp-api==0.8.0->-r services/repricer/requirements.txt (line 3)) (2025.8.3)
2025-08-17T01:43:16.9071441Z Collecting celery==5.4.* (from celery[redis]==5.4.*->-r services/fees_h10/requirements.txt (line 1))
2025-08-17T01:43:16.9084049Z   Using cached celery-5.4.0-py3-none-any.whl.metadata (21 kB)
2025-08-17T01:43:16.9294177Z Requirement already satisfied: asyncpg in /opt/hostedtoolcache/Python/3.12.11/x64/lib/python3.12/site-packages (from -r services/fees_h10/requirements.txt (line 2)) (0.29.0)
2025-08-17T01:43:16.9297693Z Requirement already satisfied: httpx in /opt/hostedtoolcache/Python/3.12.11/x64/lib/python3.12/site-packages (from -r services/fees_h10/requirements.txt (line 3)) (0.27.2)
2025-08-17T01:43:16.9300858Z Requirement already satisfied: sqlalchemy in /opt/hostedtoolcache/Python/3.12.11/x64/lib/python3.12/site-packages (from -r services/fees_h10/requirements.txt (line 4)) (2.0.29)
2025-08-17T01:43:16.9545062Z Collecting billiard<5.0,>=4.2.0 (from celery==5.4.*->celery[redis]==5.4.*->-r services/fees_h10/requirements.txt (line 1))
2025-08-17T01:43:16.9556459Z   Using cached billiard-4.2.1-py3-none-any.whl.metadata (4.4 kB)
2025-08-17T01:43:16.9937953Z Collecting kombu<6.0,>=5.3.4 (from celery==5.4.*->celery[redis]==5.4.*->-r services/fees_h10/requirements.txt (line 1))
2025-08-17T01:43:16.9949215Z   Using cached kombu-5.5.4-py3-none-any.whl.metadata (3.5 kB)
2025-08-17T01:43:17.0174338Z Collecting vine<6.0,>=5.1.0 (from celery==5.4.*->celery[redis]==5.4.*->-r services/fees_h10/requirements.txt (line 1))
2025-08-17T01:43:17.0184914Z   Using cached vine-5.1.0-py3-none-any.whl.metadata (2.7 kB)
2025-08-17T01:43:17.0203384Z Requirement already satisfied: click<9.0,>=8.1.2 in /opt/hostedtoolcache/Python/3.12.11/x64/lib/python3.12/site-packages (from celery==5.4.*->celery[redis]==5.4.*->-r services/fees_h10/requirements.txt (line 1)) (8.2.1)
2025-08-17T01:43:17.0349103Z Collecting click-didyoumean>=0.3.0 (from celery==5.4.*->celery[redis]==5.4.*->-r services/fees_h10/requirements.txt (line 1))
2025-08-17T01:43:17.0359890Z   Using cached click_didyoumean-0.3.1-py3-none-any.whl.metadata (3.9 kB)
2025-08-17T01:43:17.0524198Z Collecting click-repl>=0.2.0 (from celery==5.4.*->celery[redis]==5.4.*->-r services/fees_h10/requirements.txt (line 1))
2025-08-17T01:43:17.0534921Z   Using cached click_repl-0.3.0-py3-none-any.whl.metadata (3.6 kB)
2025-08-17T01:43:17.0704149Z Collecting click-plugins>=1.1.1 (from celery==5.4.*->celery[redis]==5.4.*->-r services/fees_h10/requirements.txt (line 1))
2025-08-17T01:43:17.0714946Z   Using cached click_plugins-1.1.1.2-py2.py3-none-any.whl.metadata (6.5 kB)
2025-08-17T01:43:17.0739872Z Requirement already satisfied: tzdata>=2022.7 in /opt/hostedtoolcache/Python/3.12.11/x64/lib/python3.12/site-packages (from celery==5.4.*->celery[redis]==5.4.*->-r services/fees_h10/requirements.txt (line 1)) (2025.2)
2025-08-17T01:43:17.0745353Z Requirement already satisfied: python-dateutil>=2.8.2 in /opt/hostedtoolcache/Python/3.12.11/x64/lib/python3.12/site-packages (from celery==5.4.*->celery[redis]==5.4.*->-r services/fees_h10/requirements.txt (line 1)) (2.9.0.post0)
2025-08-17T01:43:17.1108466Z Collecting redis!=4.5.5,<6.0.0,>=4.5.2 (from celery[redis]==5.4.*->-r services/fees_h10/requirements.txt (line 1))
2025-08-17T01:43:17.1119734Z   Using cached redis-5.3.1-py3-none-any.whl.metadata (9.2 kB)
2025-08-17T01:43:17.1411875Z Collecting amqp<6.0.0,>=5.1.1 (from kombu<6.0,>=5.3.4->celery==5.4.*->celery[redis]==5.4.*->-r services/fees_h10/requirements.txt (line 1))
2025-08-17T01:43:17.1422650Z   Using cached amqp-5.3.1-py3-none-any.whl.metadata (8.9 kB)
2025-08-17T01:43:17.1750771Z Collecting packaging (from kombu<6.0,>=5.3.4->celery==5.4.*->celery[redis]==5.4.*->-r services/fees_h10/requirements.txt (line 1))
2025-08-17T01:43:17.1761563Z   Using cached packaging-25.0-py3-none-any.whl.metadata (3.3 kB)
2025-08-17T01:43:17.2001068Z Collecting PyJWT>=2.9.0 (from redis!=4.5.5,<6.0.0,>=4.5.2->celery[redis]==5.4.*->-r services/fees_h10/requirements.txt (line 1))
2025-08-17T01:43:17.2011617Z   Using cached PyJWT-2.10.1-py3-none-any.whl.metadata (4.0 kB)
2025-08-17T01:43:17.2065079Z Requirement already satisfied: anyio in /opt/hostedtoolcache/Python/3.12.11/x64/lib/python3.12/site-packages (from httpx->-r services/fees_h10/requirements.txt (line 3)) (4.10.0)
2025-08-17T01:43:17.2069060Z Requirement already satisfied: certifi in /opt/hostedtoolcache/Python/3.12.11/x64/lib/python3.12/site-packages (from httpx->-r services/fees_h10/requirements.txt (line 3)) (2025.8.3)
2025-08-17T01:43:17.2074014Z Requirement already satisfied: httpcore==1.* in /opt/hostedtoolcache/Python/3.12.11/x64/lib/python3.12/site-packages (from httpx->-r services/fees_h10/requirements.txt (line 3)) (1.0.9)
2025-08-17T01:43:17.2077648Z Requirement already satisfied: idna in /opt/hostedtoolcache/Python/3.12.11/x64/lib/python3.12/site-packages (from httpx->-r services/fees_h10/requirements.txt (line 3)) (3.10)
2025-08-17T01:43:17.2081403Z Requirement already satisfied: sniffio in /opt/hostedtoolcache/Python/3.12.11/x64/lib/python3.12/site-packages (from httpx->-r services/fees_h10/requirements.txt (line 3)) (1.3.1)
2025-08-17T01:43:17.2104505Z Requirement already satisfied: h11>=0.16 in /opt/hostedtoolcache/Python/3.12.11/x64/lib/python3.12/site-packages (from httpcore==1.*->httpx->-r services/fees_h10/requirements.txt (line 3)) (0.16.0)
2025-08-17T01:43:17.2122124Z Requirement already satisfied: typing-extensions>=4.6.0 in /opt/hostedtoolcache/Python/3.12.11/x64/lib/python3.12/site-packages (from sqlalchemy->-r services/fees_h10/requirements.txt (line 4)) (4.14.1)
2025-08-17T01:43:17.2135654Z Requirement already satisfied: greenlet!=0.4.17 in /opt/hostedtoolcache/Python/3.12.11/x64/lib/python3.12/site-packages (from sqlalchemy->-r services/fees_h10/requirements.txt (line 4)) (3.2.4)
2025-08-17T01:43:17.2523935Z Collecting prompt-toolkit>=3.0.36 (from click-repl>=0.2.0->celery==5.4.*->celery[redis]==5.4.*->-r services/fees_h10/requirements.txt (line 1))
2025-08-17T01:43:17.2534778Z   Using cached prompt_toolkit-3.0.51-py3-none-any.whl.metadata (6.4 kB)
2025-08-17T01:43:17.2735802Z Collecting wcwidth (from prompt-toolkit>=3.0.36->click-repl>=0.2.0->celery==5.4.*->celery[redis]==5.4.*->-r services/fees_h10/requirements.txt (line 1))
2025-08-17T01:43:17.2746160Z   Using cached wcwidth-0.2.13-py2.py3-none-any.whl.metadata (14 kB)
2025-08-17T01:43:17.2789934Z Requirement already satisfied: six>=1.5 in /opt/hostedtoolcache/Python/3.12.11/x64/lib/python3.12/site-packages (from python-dateutil>=2.8.2->celery==5.4.*->celery[redis]==5.4.*->-r services/fees_h10/requirements.txt (line 1)) (1.17.0)
2025-08-17T01:43:17.2880466Z Using cached celery-5.4.0-py3-none-any.whl (425 kB)
2025-08-17T01:43:17.2895085Z Using cached billiard-4.2.1-py3-none-any.whl (86 kB)
2025-08-17T01:43:17.2906193Z Using cached kombu-5.5.4-py3-none-any.whl (210 kB)
2025-08-17T01:43:17.2918066Z Using cached vine-5.1.0-py3-none-any.whl (9.6 kB)
2025-08-17T01:43:17.2928547Z Using cached amqp-5.3.1-py3-none-any.whl (50 kB)
2025-08-17T01:43:17.2939317Z Using cached redis-5.3.1-py3-none-any.whl (272 kB)
2025-08-17T01:43:17.2951732Z Using cached click_didyoumean-0.3.1-py3-none-any.whl (3.6 kB)
2025-08-17T01:43:17.2962383Z Using cached click_plugins-1.1.1.2-py2.py3-none-any.whl (11 kB)
2025-08-17T01:43:17.2972557Z Using cached click_repl-0.3.0-py3-none-any.whl (10 kB)
2025-08-17T01:43:17.2983279Z Using cached prompt_toolkit-3.0.51-py3-none-any.whl (387 kB)
2025-08-17T01:43:17.2996551Z Using cached PyJWT-2.10.1-py3-none-any.whl (22 kB)
2025-08-17T01:43:17.3007180Z Using cached packaging-25.0-py3-none-any.whl (66 kB)
2025-08-17T01:43:17.3018095Z Using cached wcwidth-0.2.13-py2.py3-none-any.whl (34 kB)
2025-08-17T01:43:17.4147826Z Installing collected packages: wcwidth, vine, PyJWT, prompt-toolkit, packaging, click-plugins, click-didyoumean, billiard, redis, click-repl, amqp, kombu, celery
2025-08-17T01:43:18.6265484Z 
2025-08-17T01:43:18.6338453Z Successfully installed PyJWT-2.10.1 amqp-5.3.1 billiard-4.2.1 celery-5.4.0 click-didyoumean-0.3.1 click-plugins-1.1.1.2 click-repl-0.3.0 kombu-5.5.4 packaging-25.0 prompt-toolkit-3.0.51 redis-5.3.1 vine-5.1.0 wcwidth-0.2.13
2025-08-17T01:43:19.1585299Z Collecting python-telegram-bot==20.8 (from -r services/alert_bot/requirements.txt (line 1))
2025-08-17T01:43:19.1598968Z   Using cached python_telegram_bot-20.8-py3-none-any.whl.metadata (15 kB)
2025-08-17T01:43:19.1859302Z Collecting APScheduler==3.10.4 (from -r services/alert_bot/requirements.txt (line 2))
2025-08-17T01:43:19.1871190Z   Using cached APScheduler-3.10.4-py3-none-any.whl.metadata (5.7 kB)
2025-08-17T01:43:19.1915618Z Requirement already satisfied: asyncpg in /opt/hostedtoolcache/Python/3.12.11/x64/lib/python3.12/site-packages (from -r services/alert_bot/requirements.txt (line 3)) (0.29.0)
2025-08-17T01:43:19.2157214Z Collecting httpx~=0.26.0 (from python-telegram-bot==20.8->-r services/alert_bot/requirements.txt (line 1))
2025-08-17T01:43:19.2169027Z   Using cached httpx-0.26.0-py3-none-any.whl.metadata (7.6 kB)
2025-08-17T01:43:19.2210315Z Requirement already satisfied: six>=1.4.0 in /opt/hostedtoolcache/Python/3.12.11/x64/lib/python3.12/site-packages (from APScheduler==3.10.4->-r services/alert_bot/requirements.txt (line 2)) (1.17.0)
2025-08-17T01:43:19.2214908Z Requirement already satisfied: pytz in /opt/hostedtoolcache/Python/3.12.11/x64/lib/python3.12/site-packages (from APScheduler==3.10.4->-r services/alert_bot/requirements.txt (line 2)) (2025.2)
2025-08-17T01:43:19.2420927Z Collecting tzlocal!=3.*,>=2.0 (from APScheduler==3.10.4->-r services/alert_bot/requirements.txt (line 2))
2025-08-17T01:43:19.2432670Z   Using cached tzlocal-5.3.1-py3-none-any.whl.metadata (7.6 kB)
2025-08-17T01:43:19.2464974Z Requirement already satisfied: anyio in /opt/hostedtoolcache/Python/3.12.11/x64/lib/python3.12/site-packages (from httpx~=0.26.0->python-telegram-bot==20.8->-r services/alert_bot/requirements.txt (line 1)) (4.10.0)
2025-08-17T01:43:19.2469456Z Requirement already satisfied: certifi in /opt/hostedtoolcache/Python/3.12.11/x64/lib/python3.12/site-packages (from httpx~=0.26.0->python-telegram-bot==20.8->-r services/alert_bot/requirements.txt (line 1)) (2025.8.3)
2025-08-17T01:43:19.2475032Z Requirement already satisfied: httpcore==1.* in /opt/hostedtoolcache/Python/3.12.11/x64/lib/python3.12/site-packages (from httpx~=0.26.0->python-telegram-bot==20.8->-r services/alert_bot/requirements.txt (line 1)) (1.0.9)
2025-08-17T01:43:19.2479324Z Requirement already satisfied: idna in /opt/hostedtoolcache/Python/3.12.11/x64/lib/python3.12/site-packages (from httpx~=0.26.0->python-telegram-bot==20.8->-r services/alert_bot/requirements.txt (line 1)) (3.10)
2025-08-17T01:43:19.2483637Z Requirement already satisfied: sniffio in /opt/hostedtoolcache/Python/3.12.11/x64/lib/python3.12/site-packages (from httpx~=0.26.0->python-telegram-bot==20.8->-r services/alert_bot/requirements.txt (line 1)) (1.3.1)
2025-08-17T01:43:19.2499941Z Requirement already satisfied: h11>=0.16 in /opt/hostedtoolcache/Python/3.12.11/x64/lib/python3.12/site-packages (from httpcore==1.*->httpx~=0.26.0->python-telegram-bot==20.8->-r services/alert_bot/requirements.txt (line 1)) (0.16.0)
2025-08-17T01:43:19.2551957Z Requirement already satisfied: typing_extensions>=4.5 in /opt/hostedtoolcache/Python/3.12.11/x64/lib/python3.12/site-packages (from anyio->httpx~=0.26.0->python-telegram-bot==20.8->-r services/alert_bot/requirements.txt (line 1)) (4.14.1)
2025-08-17T01:43:19.2604380Z Using cached python_telegram_bot-20.8-py3-none-any.whl (604 kB)
2025-08-17T01:43:19.2621374Z Using cached APScheduler-3.10.4-py3-none-any.whl (59 kB)
2025-08-17T01:43:19.2632620Z Using cached httpx-0.26.0-py3-none-any.whl (75 kB)
2025-08-17T01:43:19.2644233Z Using cached tzlocal-5.3.1-py3-none-any.whl (18 kB)
2025-08-17T01:43:19.3928028Z Installing collected packages: tzlocal, httpx, APScheduler, python-telegram-bot
2025-08-17T01:43:19.4052642Z   Attempting uninstall: httpx
2025-08-17T01:43:19.4083300Z     Found existing installation: httpx 0.27.2
2025-08-17T01:43:19.4121540Z     Uninstalling httpx-0.27.2:
2025-08-17T01:43:19.4134696Z       Successfully uninstalled httpx-0.27.2
2025-08-17T01:43:19.8421875Z 
2025-08-17T01:43:19.8494496Z Successfully installed APScheduler-3.10.4 httpx-0.26.0 python-telegram-bot-20.8 tzlocal-5.3.1
2025-08-17T01:43:20.3719110Z Collecting Jinja2==3.1.6 (from -r requirements-dev.txt (line 2))
2025-08-17T01:43:20.3731640Z   Using cached jinja2-3.1.6-py3-none-any.whl.metadata (2.9 kB)
2025-08-17T01:43:20.3753228Z Requirement already satisfied: alembic==1.13.1 in /opt/hostedtoolcache/Python/3.12.11/x64/lib/python3.12/site-packages (from -r requirements-dev.txt (line 3)) (1.13.1)
2025-08-17T01:43:20.3757768Z Requirement already satisfied: apscheduler==3.10.4 in /opt/hostedtoolcache/Python/3.12.11/x64/lib/python3.12/site-packages (from -r requirements-dev.txt (line 4)) (3.10.4)
2025-08-17T01:43:20.4202114Z Collecting asyncpg==0.30.0 (from -r requirements-dev.txt (line 5))
2025-08-17T01:43:20.4215244Z   Using cached asyncpg-0.30.0-cp312-cp312-manylinux_2_17_x86_64.manylinux2014_x86_64.whl.metadata (5.0 kB)
2025-08-17T01:43:20.4748895Z Collecting black==25.1.0 (from -r requirements-dev.txt (line 6))
2025-08-17T01:43:20.4760816Z   Using cached black-25.1.0-cp312-cp312-manylinux_2_17_x86_64.manylinux2014_x86_64.manylinux_2_28_x86_64.whl.metadata (81 kB)
2025-08-17T01:43:20.4840481Z Requirement already satisfied: boto3 in /opt/hostedtoolcache/Python/3.12.11/x64/lib/python3.12/site-packages (from -r requirements-dev.txt (line 7)) (1.34.162)
2025-08-17T01:43:20.4845046Z Requirement already satisfied: celery==5.4.0 in /opt/hostedtoolcache/Python/3.12.11/x64/lib/python3.12/site-packages (from -r requirements-dev.txt (line 8)) (5.4.0)
2025-08-17T01:43:20.5380724Z Collecting fastapi==0.116.1 (from -r requirements-dev.txt (line 9))
2025-08-17T01:43:20.5392111Z   Using cached fastapi-0.116.1-py3-none-any.whl.metadata (28 kB)
2025-08-17T01:43:20.5696646Z Collecting httpx<0.29,>=0.27 (from -r requirements-dev.txt (line 11))
2025-08-17T01:43:20.5708255Z   Using cached httpx-0.28.1-py3-none-any.whl.metadata (7.1 kB)
2025-08-17T01:43:20.5889709Z Collecting imapclient==3.0.1 (from -r requirements-dev.txt (line 12))
2025-08-17T01:43:20.5901215Z   Using cached IMAPClient-3.0.1-py2.py3-none-any.whl.metadata (1.7 kB)
2025-08-17T01:43:20.6086812Z Collecting itsdangerous (from -r requirements-dev.txt (line 13))
2025-08-17T01:43:20.6098635Z   Using cached itsdangerous-2.2.0-py3-none-any.whl.metadata (1.9 kB)
2025-08-17T01:43:20.7123095Z Collecting mypy==1.* (from -r requirements-dev.txt (line 14))
2025-08-17T01:43:20.7135708Z   Using cached mypy-1.17.1-cp312-cp312-manylinux2014_x86_64.manylinux_2_17_x86_64.manylinux_2_28_x86_64.whl.metadata (2.2 kB)
2025-08-17T01:43:20.7300001Z Collecting mypy-extensions==1.1.0 (from -r requirements-dev.txt (line 15))
2025-08-17T01:43:20.7311490Z   Using cached mypy_extensions-1.1.0-py3-none-any.whl.metadata (1.1 kB)
2025-08-17T01:43:20.7519793Z Collecting openpyxl==3.1.5 (from -r requirements-dev.txt (line 16))
2025-08-17T01:43:20.7531544Z   Using cached openpyxl-3.1.5-py2.py3-none-any.whl.metadata (2.5 kB)
2025-08-17T01:43:20.7548511Z Requirement already satisfied: pandas==2.3.1 in /opt/hostedtoolcache/Python/3.12.11/x64/lib/python3.12/site-packages (from -r requirements-dev.txt (line 17)) (2.3.1)
2025-08-17T01:43:20.8161106Z Collecting psycopg2-binary==2.9.9 (from -r requirements-dev.txt (line 18))
2025-08-17T01:43:20.8172866Z   Using cached psycopg2_binary-2.9.9-cp312-cp312-manylinux_2_17_x86_64.manylinux2014_x86_64.whl.metadata (4.4 kB)
2025-08-17T01:43:20.8191818Z Requirement already satisfied: psycopg==3.2.9 in /opt/hostedtoolcache/Python/3.12.11/x64/lib/python3.12/site-packages (from psycopg[binary]==3.2.9->-r requirements-dev.txt (line 19)) (3.2.9)
2025-08-17T01:43:20.8195753Z Requirement already satisfied: pydantic==2.11.7 in /opt/hostedtoolcache/Python/3.12.11/x64/lib/python3.12/site-packages (from -r requirements-dev.txt (line 20)) (2.11.7)
2025-08-17T01:43:20.9444695Z Collecting setuptools (from -r requirements-dev.txt (line 21))
2025-08-17T01:43:20.9456942Z   Using cached setuptools-80.9.0-py3-none-any.whl.metadata (6.6 kB)
2025-08-17T01:43:20.9769993Z Collecting pytest-asyncio==0.23.6 (from -r requirements-dev.txt (line 22))
2025-08-17T01:43:20.9781334Z   Using cached pytest_asyncio-0.23.6-py3-none-any.whl.metadata (3.9 kB)
2025-08-17T01:43:20.9986973Z Collecting pytest-cov==6.2.1 (from -r requirements-dev.txt (line 23))
2025-08-17T01:43:20.9998639Z   Using cached pytest_cov-6.2.1-py3-none-any.whl.metadata (30 kB)
2025-08-17T01:43:21.0217186Z Collecting pytest-postgresql==7.0.2 (from -r requirements-dev.txt (line 24))
2025-08-17T01:43:21.0228633Z   Using cached pytest_postgresql-7.0.2-py3-none-any.whl.metadata (18 kB)
2025-08-17T01:43:21.0258747Z Requirement already satisfied: python-dotenv in /opt/hostedtoolcache/Python/3.12.11/x64/lib/python3.12/site-packages (from -r requirements-dev.txt (line 25)) (1.1.1)
2025-08-17T01:43:21.0263092Z Requirement already satisfied: python-multipart in /opt/hostedtoolcache/Python/3.12.11/x64/lib/python3.12/site-packages (from -r requirements-dev.txt (line 26)) (0.0.20)
2025-08-17T01:43:21.0593334Z Collecting python-telegram-bot==22.2 (from -r requirements-dev.txt (line 27))
2025-08-17T01:43:21.0605239Z   Using cached python_telegram_bot-22.2-py3-none-any.whl.metadata (17 kB)
2025-08-17T01:43:21.0667257Z Requirement already satisfied: requests==2.32.4 in /opt/hostedtoolcache/Python/3.12.11/x64/lib/python3.12/site-packages (from -r requirements-dev.txt (line 28)) (2.32.4)
2025-08-17T01:43:21.0870144Z Collecting respx==0.22.0 (from -r requirements-dev.txt (line 29))
2025-08-17T01:43:21.0881638Z   Using cached respx-0.22.0-py2.py3-none-any.whl.metadata (4.1 kB)
2025-08-17T01:43:21.4976913Z Collecting ruff==0.4.4 (from -r requirements-dev.txt (line 30))
2025-08-17T01:43:21.4990372Z   Using cached ruff-0.4.4-py3-none-manylinux_2_17_x86_64.manylinux2014_x86_64.whl.metadata (23 kB)
2025-08-17T01:43:21.5022577Z Requirement already satisfied: sqlalchemy==2.0.29 in /opt/hostedtoolcache/Python/3.12.11/x64/lib/python3.12/site-packages (from -r requirements-dev.txt (line 31)) (2.0.29)
2025-08-17T01:43:21.5237885Z Collecting testcontainers==4.10.0 (from testcontainers[postgres]==4.10.0->-r requirements-dev.txt (line 32))
2025-08-17T01:43:21.5250127Z   Using cached testcontainers-4.10.0-py3-none-any.whl.metadata (7.8 kB)
2025-08-17T01:43:21.5663355Z Collecting types-requests==2.32.0.20240602 (from -r requirements-dev.txt (line 33))
2025-08-17T01:43:21.5675014Z   Using cached types_requests-2.32.0.20240602-py3-none-any.whl.metadata (1.8 kB)
2025-08-17T01:43:21.5858316Z Collecting docspec-python==2.2.2 (from -r requirements-dev.txt (line 34))
2025-08-17T01:43:21.5869705Z   Using cached docspec_python-2.2.2-py3-none-any.whl.metadata (1.0 kB)
2025-08-17T01:43:21.6087498Z Collecting pydoc-markdown==4.8.2 (from -r requirements-dev.txt (line 35))
2025-08-17T01:43:21.6099586Z   Using cached pydoc_markdown-4.8.2-py3-none-any.whl.metadata (5.9 kB)
2025-08-17T01:43:21.6143633Z Requirement already satisfied: MarkupSafe>=2.0 in /opt/hostedtoolcache/Python/3.12.11/x64/lib/python3.12/site-packages (from Jinja2==3.1.6->-r requirements-dev.txt (line 2)) (3.0.2)
2025-08-17T01:43:21.6160150Z Requirement already satisfied: Mako in /opt/hostedtoolcache/Python/3.12.11/x64/lib/python3.12/site-packages (from alembic==1.13.1->-r requirements-dev.txt (line 3)) (1.3.10)
2025-08-17T01:43:21.6166695Z Requirement already satisfied: typing-extensions>=4 in /opt/hostedtoolcache/Python/3.12.11/x64/lib/python3.12/site-packages (from alembic==1.13.1->-r requirements-dev.txt (line 3)) (4.14.1)
2025-08-17T01:43:21.6184520Z Requirement already satisfied: six>=1.4.0 in /opt/hostedtoolcache/Python/3.12.11/x64/lib/python3.12/site-packages (from apscheduler==3.10.4->-r requirements-dev.txt (line 4)) (1.17.0)
2025-08-17T01:43:21.6189127Z Requirement already satisfied: pytz in /opt/hostedtoolcache/Python/3.12.11/x64/lib/python3.12/site-packages (from apscheduler==3.10.4->-r requirements-dev.txt (line 4)) (2025.2)
2025-08-17T01:43:21.6197109Z Requirement already satisfied: tzlocal!=3.*,>=2.0 in /opt/hostedtoolcache/Python/3.12.11/x64/lib/python3.12/site-packages (from apscheduler==3.10.4->-r requirements-dev.txt (line 4)) (5.3.1)
2025-08-17T01:43:21.6230908Z Requirement already satisfied: click>=8.0.0 in /opt/hostedtoolcache/Python/3.12.11/x64/lib/python3.12/site-packages (from black==25.1.0->-r requirements-dev.txt (line 6)) (8.2.1)
2025-08-17T01:43:21.6244918Z Requirement already satisfied: packaging>=22.0 in /opt/hostedtoolcache/Python/3.12.11/x64/lib/python3.12/site-packages (from black==25.1.0->-r requirements-dev.txt (line 6)) (25.0)
2025-08-17T01:43:21.6412926Z Collecting pathspec>=0.9.0 (from black==25.1.0->-r requirements-dev.txt (line 6))
2025-08-17T01:43:21.6424321Z   Using cached pathspec-0.12.1-py3-none-any.whl.metadata (21 kB)
2025-08-17T01:43:21.6708720Z Collecting platformdirs>=2 (from black==25.1.0->-r requirements-dev.txt (line 6))
2025-08-17T01:43:21.6720225Z   Using cached platformdirs-4.3.8-py3-none-any.whl.metadata (12 kB)
2025-08-17T01:43:21.6772556Z Requirement already satisfied: billiard<5.0,>=4.2.0 in /opt/hostedtoolcache/Python/3.12.11/x64/lib/python3.12/site-packages (from celery==5.4.0->-r requirements-dev.txt (line 8)) (4.2.1)
2025-08-17T01:43:21.6779987Z Requirement already satisfied: kombu<6.0,>=5.3.4 in /opt/hostedtoolcache/Python/3.12.11/x64/lib/python3.12/site-packages (from celery==5.4.0->-r requirements-dev.txt (line 8)) (5.5.4)
2025-08-17T01:43:21.6787568Z Requirement already satisfied: vine<6.0,>=5.1.0 in /opt/hostedtoolcache/Python/3.12.11/x64/lib/python3.12/site-packages (from celery==5.4.0->-r requirements-dev.txt (line 8)) (5.1.0)
2025-08-17T01:43:21.6797517Z Requirement already satisfied: click-didyoumean>=0.3.0 in /opt/hostedtoolcache/Python/3.12.11/x64/lib/python3.12/site-packages (from celery==5.4.0->-r requirements-dev.txt (line 8)) (0.3.1)
2025-08-17T01:43:21.6804077Z Requirement already satisfied: click-repl>=0.2.0 in /opt/hostedtoolcache/Python/3.12.11/x64/lib/python3.12/site-packages (from celery==5.4.0->-r requirements-dev.txt (line 8)) (0.3.0)
2025-08-17T01:43:21.6810544Z Requirement already satisfied: click-plugins>=1.1.1 in /opt/hostedtoolcache/Python/3.12.11/x64/lib/python3.12/site-packages (from celery==5.4.0->-r requirements-dev.txt (line 8)) (1.1.1.2)
2025-08-17T01:43:21.6817146Z Requirement already satisfied: tzdata>=2022.7 in /opt/hostedtoolcache/Python/3.12.11/x64/lib/python3.12/site-packages (from celery==5.4.0->-r requirements-dev.txt (line 8)) (2025.2)
2025-08-17T01:43:21.6823740Z Requirement already satisfied: python-dateutil>=2.8.2 in /opt/hostedtoolcache/Python/3.12.11/x64/lib/python3.12/site-packages (from celery==5.4.0->-r requirements-dev.txt (line 8)) (2.9.0.post0)
2025-08-17T01:43:21.7202413Z Collecting starlette<0.48.0,>=0.40.0 (from fastapi==0.116.1->-r requirements-dev.txt (line 9))
2025-08-17T01:43:21.7213610Z   Using cached starlette-0.47.2-py3-none-any.whl.metadata (6.2 kB)
2025-08-17T01:43:21.7259589Z Requirement already satisfied: annotated-types>=0.6.0 in /opt/hostedtoolcache/Python/3.12.11/x64/lib/python3.12/site-packages (from pydantic==2.11.7->-r requirements-dev.txt (line 20)) (0.7.0)
2025-08-17T01:43:21.7265677Z Requirement already satisfied: pydantic-core==2.33.2 in /opt/hostedtoolcache/Python/3.12.11/x64/lib/python3.12/site-packages (from pydantic==2.11.7->-r requirements-dev.txt (line 20)) (2.33.2)
2025-08-17T01:43:21.7273726Z Requirement already satisfied: typing-inspection>=0.4.0 in /opt/hostedtoolcache/Python/3.12.11/x64/lib/python3.12/site-packages (from pydantic==2.11.7->-r requirements-dev.txt (line 20)) (0.4.1)
2025-08-17T01:43:21.7430456Z Collecting et-xmlfile (from openpyxl==3.1.5->-r requirements-dev.txt (line 16))
2025-08-17T01:43:21.7441817Z   Using cached et_xmlfile-2.0.0-py3-none-any.whl.metadata (2.7 kB)
2025-08-17T01:43:21.7507928Z Requirement already satisfied: numpy>=1.26.0 in /opt/hostedtoolcache/Python/3.12.11/x64/lib/python3.12/site-packages (from pandas==2.3.1->-r requirements-dev.txt (line 17)) (2.3.2)
2025-08-17T01:43:21.8152990Z Collecting pytest<9,>=7.0.0 (from pytest-asyncio==0.23.6->-r requirements-dev.txt (line 22))
2025-08-17T01:43:21.8164771Z   Using cached pytest-8.4.1-py3-none-any.whl.metadata (7.7 kB)
2025-08-17T01:43:22.1722103Z Collecting coverage>=7.5 (from coverage[toml]>=7.5->pytest-cov==6.2.1->-r requirements-dev.txt (line 23))
2025-08-17T01:43:22.2282773Z   Downloading coverage-7.10.4-cp312-cp312-manylinux1_x86_64.manylinux_2_28_x86_64.manylinux_2_5_x86_64.whl.metadata (8.9 kB)
2025-08-17T01:43:22.2486919Z Collecting pluggy>=1.2 (from pytest-cov==6.2.1->-r requirements-dev.txt (line 23))
2025-08-17T01:43:22.2498813Z   Using cached pluggy-1.6.0-py3-none-any.whl.metadata (4.8 kB)
2025-08-17T01:43:22.2814417Z Collecting port-for>=0.7.3 (from pytest-postgresql==7.0.2->-r requirements-dev.txt (line 24))
2025-08-17T01:43:22.2825777Z   Using cached port_for-0.7.4-py3-none-any.whl.metadata (7.1 kB)
2025-08-17T01:43:22.3032956Z Collecting mirakuru>=2.6.0 (from pytest-postgresql==7.0.2->-r requirements-dev.txt (line 24))
2025-08-17T01:43:22.3044584Z   Using cached mirakuru-2.6.1-py3-none-any.whl.metadata (10 kB)
2025-08-17T01:43:22.3097909Z Requirement already satisfied: charset_normalizer<4,>=2 in /opt/hostedtoolcache/Python/3.12.11/x64/lib/python3.12/site-packages (from requests==2.32.4->-r requirements-dev.txt (line 28)) (3.4.3)
2025-08-17T01:43:22.3103904Z Requirement already satisfied: idna<4,>=2.5 in /opt/hostedtoolcache/Python/3.12.11/x64/lib/python3.12/site-packages (from requests==2.32.4->-r requirements-dev.txt (line 28)) (3.10)
2025-08-17T01:43:22.3110032Z Requirement already satisfied: urllib3<3,>=1.21.1 in /opt/hostedtoolcache/Python/3.12.11/x64/lib/python3.12/site-packages (from requests==2.32.4->-r requirements-dev.txt (line 28)) (2.5.0)
2025-08-17T01:43:22.3115557Z Requirement already satisfied: certifi>=2017.4.17 in /opt/hostedtoolcache/Python/3.12.11/x64/lib/python3.12/site-packages (from requests==2.32.4->-r requirements-dev.txt (line 28)) (2025.8.3)
2025-08-17T01:43:22.3231976Z Requirement already satisfied: greenlet!=0.4.17 in /opt/hostedtoolcache/Python/3.12.11/x64/lib/python3.12/site-packages (from sqlalchemy==2.0.29->-r requirements-dev.txt (line 31)) (3.2.4)
2025-08-17T01:43:22.3524379Z Collecting docker (from testcontainers==4.10.0->testcontainers[postgres]==4.10.0->-r requirements-dev.txt (line 32))
2025-08-17T01:43:22.3536063Z   Using cached docker-7.1.0-py3-none-any.whl.metadata (3.8 kB)
2025-08-17T01:43:22.4850078Z Collecting wrapt (from testcontainers==4.10.0->testcontainers[postgres]==4.10.0->-r requirements-dev.txt (line 32))
2025-08-17T01:43:22.4863164Z   Using cached wrapt-1.17.3-cp312-cp312-manylinux1_x86_64.manylinux_2_28_x86_64.manylinux_2_5_x86_64.whl.metadata (6.4 kB)
2025-08-17T01:43:22.5092978Z Collecting docspec==2.2.1 (from docspec-python==2.2.2->-r requirements-dev.txt (line 34))
2025-08-17T01:43:22.5104294Z   Using cached docspec-2.2.1-py3-none-any.whl.metadata (1.5 kB)
2025-08-17T01:43:22.5319962Z Collecting nr-util>=0.8.12 (from docspec-python==2.2.2->-r requirements-dev.txt (line 34))
2025-08-17T01:43:22.5331367Z   Using cached nr.util-0.8.12-py3-none-any.whl.metadata (813 bytes)
2025-08-17T01:43:22.5361676Z Requirement already satisfied: PyYAML<7.0,>=5.0 in /opt/hostedtoolcache/Python/3.12.11/x64/lib/python3.12/site-packages (from pydoc-markdown==4.8.2->-r requirements-dev.txt (line 35)) (6.0.2)
2025-08-17T01:43:22.5637370Z Collecting databind.core<5.0.0,>=4.4.0 (from pydoc-markdown==4.8.2->-r requirements-dev.txt (line 35))
2025-08-17T01:43:22.5649081Z   Using cached databind.core-4.5.2-py3-none-any.whl.metadata (1.1 kB)
2025-08-17T01:43:22.5923984Z Collecting databind.json<5.0.0,>=4.4.0 (from pydoc-markdown==4.8.2->-r requirements-dev.txt (line 35))
2025-08-17T01:43:22.5935690Z   Using cached databind.json-4.5.2-py3-none-any.whl.metadata (1.1 kB)
2025-08-17T01:43:22.6137549Z Collecting docstring-parser<0.12,>=0.11 (from pydoc-markdown==4.8.2->-r requirements-dev.txt (line 35))
2025-08-17T01:43:22.6138939Z   Using cached docstring_parser-0.11-py3-none-any.whl
2025-08-17T01:43:22.6423635Z Collecting tomli<3.0.0,>=2.0.0 (from pydoc-markdown==4.8.2->-r requirements-dev.txt (line 35))
2025-08-17T01:43:22.6435349Z   Using cached tomli-2.2.1-cp312-cp312-manylinux_2_17_x86_64.manylinux2014_x86_64.whl.metadata (11 kB)
2025-08-17T01:43:22.6599533Z Collecting tomli_w<2.0.0,>=1.0.0 (from pydoc-markdown==4.8.2->-r requirements-dev.txt (line 35))
2025-08-17T01:43:22.6610780Z   Using cached tomli_w-1.2.0-py3-none-any.whl.metadata (5.7 kB)
2025-08-17T01:43:22.7102646Z Collecting watchdog (from pydoc-markdown==4.8.2->-r requirements-dev.txt (line 35))
2025-08-17T01:43:22.7114065Z   Using cached watchdog-6.0.0-py3-none-manylinux2014_x86_64.whl.metadata (44 kB)
2025-08-17T01:43:22.7394661Z Collecting yapf>=0.30.0 (from pydoc-markdown==4.8.2->-r requirements-dev.txt (line 35))
2025-08-17T01:43:22.7406098Z   Using cached yapf-0.43.0-py3-none-any.whl.metadata (46 kB)
2025-08-17T01:43:22.7679847Z Collecting Deprecated<2.0.0,>=1.2.12 (from docspec==2.2.1->docspec-python==2.2.2->-r requirements-dev.txt (line 34))
2025-08-17T01:43:22.7690819Z   Using cached Deprecated-1.2.18-py2.py3-none-any.whl.metadata (5.7 kB)
2025-08-17T01:43:22.7832730Z Requirement already satisfied: psycopg-binary==3.2.9 in /opt/hostedtoolcache/Python/3.12.11/x64/lib/python3.12/site-packages (from psycopg[binary]==3.2.9->-r requirements-dev.txt (line 19)) (3.2.9)
2025-08-17T01:43:22.7899512Z Requirement already satisfied: anyio in /opt/hostedtoolcache/Python/3.12.11/x64/lib/python3.12/site-packages (from httpx<0.29,>=0.27->-r requirements-dev.txt (line 11)) (4.10.0)
2025-08-17T01:43:22.7905859Z Requirement already satisfied: httpcore==1.* in /opt/hostedtoolcache/Python/3.12.11/x64/lib/python3.12/site-packages (from httpx<0.29,>=0.27->-r requirements-dev.txt (line 11)) (1.0.9)
2025-08-17T01:43:22.8218328Z Collecting databind<5.0.0,>=4.5.2 (from databind.core<5.0.0,>=4.4.0->pydoc-markdown==4.8.2->-r requirements-dev.txt (line 35))
2025-08-17T01:43:22.8229136Z   Using cached databind-4.5.2-py3-none-any.whl.metadata (4.3 kB)
2025-08-17T01:43:22.8402144Z Collecting nr-date<3.0.0,>=2.0.0 (from databind<5.0.0,>=4.5.2->databind.core<5.0.0,>=4.4.0->pydoc-markdown==4.8.2->-r requirements-dev.txt (line 35))
2025-08-17T01:43:22.8413226Z   Using cached nr_date-2.1.0-py3-none-any.whl.metadata (746 bytes)
2025-08-17T01:43:22.8591247Z Collecting nr-stream<2.0.0,>=1.0.0 (from databind<5.0.0,>=4.5.2->databind.core<5.0.0,>=4.4.0->pydoc-markdown==4.8.2->-r requirements-dev.txt (line 35))
2025-08-17T01:43:22.8601934Z   Using cached nr_stream-1.1.5-py3-none-any.whl.metadata (3.6 kB)
2025-08-17T01:43:22.8819558Z Collecting typeapi<3,>=2.0.1 (from databind<5.0.0,>=4.5.2->databind.core<5.0.0,>=4.4.0->pydoc-markdown==4.8.2->-r requirements-dev.txt (line 35))
2025-08-17T01:43:22.8830336Z   Using cached typeapi-2.2.4-py3-none-any.whl.metadata (1.5 kB)
2025-08-17T01:43:22.8959074Z Requirement already satisfied: h11>=0.16 in /opt/hostedtoolcache/Python/3.12.11/x64/lib/python3.12/site-packages (from httpcore==1.*->httpx<0.29,>=0.27->-r requirements-dev.txt (line 11)) (0.16.0)
2025-08-17T01:43:22.8998489Z Requirement already satisfied: amqp<6.0.0,>=5.1.1 in /opt/hostedtoolcache/Python/3.12.11/x64/lib/python3.12/site-packages (from kombu<6.0,>=5.3.4->celery==5.4.0->-r requirements-dev.txt (line 8)) (5.3.1)
2025-08-17T01:43:22.9319936Z Collecting iniconfig>=1 (from pytest<9,>=7.0.0->pytest-asyncio==0.23.6->-r requirements-dev.txt (line 22))
2025-08-17T01:43:22.9330833Z   Using cached iniconfig-2.1.0-py3-none-any.whl.metadata (2.7 kB)
2025-08-17T01:43:22.9365300Z Requirement already satisfied: pygments>=2.7.2 in /opt/hostedtoolcache/Python/3.12.11/x64/lib/python3.12/site-packages (from pytest<9,>=7.0.0->pytest-asyncio==0.23.6->-r requirements-dev.txt (line 22)) (2.19.2)
2025-08-17T01:43:22.9450932Z Requirement already satisfied: sniffio>=1.1 in /opt/hostedtoolcache/Python/3.12.11/x64/lib/python3.12/site-packages (from anyio->httpx<0.29,>=0.27->-r requirements-dev.txt (line 11)) (1.3.1)
2025-08-17T01:43:22.9596566Z Requirement already satisfied: botocore<1.35.0,>=1.34.162 in /opt/hostedtoolcache/Python/3.12.11/x64/lib/python3.12/site-packages (from boto3->-r requirements-dev.txt (line 7)) (1.34.162)
2025-08-17T01:43:22.9602482Z Requirement already satisfied: jmespath<2.0.0,>=0.7.1 in /opt/hostedtoolcache/Python/3.12.11/x64/lib/python3.12/site-packages (from boto3->-r requirements-dev.txt (line 7)) (1.0.1)
2025-08-17T01:43:22.9609010Z Requirement already satisfied: s3transfer<0.11.0,>=0.10.0 in /opt/hostedtoolcache/Python/3.12.11/x64/lib/python3.12/site-packages (from boto3->-r requirements-dev.txt (line 7)) (0.10.4)
2025-08-17T01:43:22.9720854Z Requirement already satisfied: fastapi-cli>=0.0.8 in /opt/hostedtoolcache/Python/3.12.11/x64/lib/python3.12/site-packages (from fastapi-cli[standard]>=0.0.8; extra == "all"->fastapi[all]->-r requirements-dev.txt (line 10)) (0.0.8)
2025-08-17T01:43:22.9839926Z Requirement already satisfied: ujson!=4.0.2,!=4.1.0,!=4.2.0,!=4.3.0,!=5.0.0,!=5.1.0,>=4.0.1 in /opt/hostedtoolcache/Python/3.12.11/x64/lib/python3.12/site-packages (from fastapi[all]->-r requirements-dev.txt (line 10)) (5.10.0)
2025-08-17T01:43:22.9846391Z Requirement already satisfied: orjson>=3.2.1 in /opt/hostedtoolcache/Python/3.12.11/x64/lib/python3.12/site-packages (from fastapi[all]->-r requirements-dev.txt (line 10)) (3.11.2)
2025-08-17T01:43:22.9852461Z Requirement already satisfied: email-validator>=2.0.0 in /opt/hostedtoolcache/Python/3.12.11/x64/lib/python3.12/site-packages (from fastapi[all]->-r requirements-dev.txt (line 10)) (2.2.0)
2025-08-17T01:43:22.9860053Z Requirement already satisfied: uvicorn>=0.12.0 in /opt/hostedtoolcache/Python/3.12.11/x64/lib/python3.12/site-packages (from uvicorn[standard]>=0.12.0; extra == "all"->fastapi[all]->-r requirements-dev.txt (line 10)) (0.29.0)
2025-08-17T01:43:22.9868637Z Requirement already satisfied: pydantic-settings>=2.0.0 in /opt/hostedtoolcache/Python/3.12.11/x64/lib/python3.12/site-packages (from fastapi[all]->-r requirements-dev.txt (line 10)) (2.2.1)
2025-08-17T01:43:23.0046759Z Collecting pydantic-extra-types>=2.0.0 (from fastapi[all]->-r requirements-dev.txt (line 10))
2025-08-17T01:43:23.0058459Z   Using cached pydantic_extra_types-2.10.5-py3-none-any.whl.metadata (3.9 kB)
2025-08-17T01:43:23.0290946Z Requirement already satisfied: prompt-toolkit>=3.0.36 in /opt/hostedtoolcache/Python/3.12.11/x64/lib/python3.12/site-packages (from click-repl>=0.2.0->celery==5.4.0->-r requirements-dev.txt (line 8)) (3.0.51)
2025-08-17T01:43:23.0359073Z Requirement already satisfied: dnspython>=2.0.0 in /opt/hostedtoolcache/Python/3.12.11/x64/lib/python3.12/site-packages (from email-validator>=2.0.0->fastapi[all]->-r requirements-dev.txt (line 10)) (2.7.0)
2025-08-17T01:43:23.0425247Z Requirement already satisfied: typer>=0.15.1 in /opt/hostedtoolcache/Python/3.12.11/x64/lib/python3.12/site-packages (from fastapi-cli>=0.0.8->fastapi-cli[standard]>=0.0.8; extra == "all"->fastapi[all]->-r requirements-dev.txt (line 10)) (0.16.0)
2025-08-17T01:43:23.0435363Z Requirement already satisfied: rich-toolkit>=0.14.8 in /opt/hostedtoolcache/Python/3.12.11/x64/lib/python3.12/site-packages (from fastapi-cli>=0.0.8->fastapi-cli[standard]>=0.0.8; extra == "all"->fastapi[all]->-r requirements-dev.txt (line 10)) (0.15.0)
2025-08-17T01:43:23.0615349Z Collecting fastapi-cloud-cli>=0.1.1 (from fastapi-cli[standard]>=0.0.8; extra == "all"->fastapi[all]->-r requirements-dev.txt (line 10))
2025-08-17T01:43:23.0627032Z   Using cached fastapi_cloud_cli-0.1.5-py3-none-any.whl.metadata (3.2 kB)
2025-08-17T01:43:23.1385938Z Collecting rignore>=0.5.1 (from fastapi-cloud-cli>=0.1.1->fastapi-cli[standard]>=0.0.8; extra == "all"->fastapi[all]->-r requirements-dev.txt (line 10))
2025-08-17T01:43:23.1399316Z   Using cached rignore-0.6.4-cp312-cp312-manylinux_2_17_x86_64.manylinux2014_x86_64.whl.metadata (3.8 kB)
2025-08-17T01:43:23.2089154Z Collecting sentry-sdk>=2.20.0 (from fastapi-cloud-cli>=0.1.1->fastapi-cli[standard]>=0.0.8; extra == "all"->fastapi[all]->-r requirements-dev.txt (line 10))
2025-08-17T01:43:23.2101277Z   Using cached sentry_sdk-2.35.0-py2.py3-none-any.whl.metadata (10 kB)
2025-08-17T01:43:23.3043853Z Collecting psutil>=4.0.0 (from mirakuru>=2.6.0->pytest-postgresql==7.0.2->-r requirements-dev.txt (line 24))
2025-08-17T01:43:23.3055719Z   Using cached psutil-7.0.0-cp36-abi3-manylinux_2_12_x86_64.manylinux2010_x86_64.manylinux_2_17_x86_64.manylinux2014_x86_64.whl.metadata (22 kB)
2025-08-17T01:43:23.3273121Z Requirement already satisfied: wcwidth in /opt/hostedtoolcache/Python/3.12.11/x64/lib/python3.12/site-packages (from prompt-toolkit>=3.0.36->click-repl>=0.2.0->celery==5.4.0->-r requirements-dev.txt (line 8)) (0.2.13)
2025-08-17T01:43:23.3457100Z Requirement already satisfied: rich>=13.7.1 in /opt/hostedtoolcache/Python/3.12.11/x64/lib/python3.12/site-packages (from rich-toolkit>=0.14.8->fastapi-cli>=0.0.8->fastapi-cli[standard]>=0.0.8; extra == "all"->fastapi[all]->-r requirements-dev.txt (line 10)) (14.1.0)
2025-08-17T01:43:23.3491643Z Requirement already satisfied: markdown-it-py>=2.2.0 in /opt/hostedtoolcache/Python/3.12.11/x64/lib/python3.12/site-packages (from rich>=13.7.1->rich-toolkit>=0.14.8->fastapi-cli>=0.0.8->fastapi-cli[standard]>=0.0.8; extra == "all"->fastapi[all]->-r requirements-dev.txt (line 10)) (4.0.0)
2025-08-17T01:43:23.3520838Z Requirement already satisfied: mdurl~=0.1 in /opt/hostedtoolcache/Python/3.12.11/x64/lib/python3.12/site-packages (from markdown-it-py>=2.2.0->rich>=13.7.1->rich-toolkit>=0.14.8->fastapi-cli>=0.0.8->fastapi-cli[standard]>=0.0.8; extra == "all"->fastapi[all]->-r requirements-dev.txt (line 10)) (0.1.2)
2025-08-17T01:43:23.3699334Z Requirement already satisfied: shellingham>=1.3.0 in /opt/hostedtoolcache/Python/3.12.11/x64/lib/python3.12/site-packages (from typer>=0.15.1->fastapi-cli>=0.0.8->fastapi-cli[standard]>=0.0.8; extra == "all"->fastapi[all]->-r requirements-dev.txt (line 10)) (1.5.4)
2025-08-17T01:43:23.3888289Z Requirement already satisfied: httptools>=0.5.0 in /opt/hostedtoolcache/Python/3.12.11/x64/lib/python3.12/site-packages (from uvicorn[standard]>=0.12.0; extra == "all"->fastapi[all]->-r requirements-dev.txt (line 10)) (0.6.4)
2025-08-17T01:43:23.3905016Z Requirement already satisfied: uvloop!=0.15.0,!=0.15.1,>=0.14.0 in /opt/hostedtoolcache/Python/3.12.11/x64/lib/python3.12/site-packages (from uvicorn[standard]>=0.12.0; extra == "all"->fastapi[all]->-r requirements-dev.txt (line 10)) (0.21.0)
2025-08-17T01:43:23.3912466Z Requirement already satisfied: watchfiles>=0.13 in /opt/hostedtoolcache/Python/3.12.11/x64/lib/python3.12/site-packages (from uvicorn[standard]>=0.12.0; extra == "all"->fastapi[all]->-r requirements-dev.txt (line 10)) (1.1.0)
2025-08-17T01:43:23.3919708Z Requirement already satisfied: websockets>=10.4 in /opt/hostedtoolcache/Python/3.12.11/x64/lib/python3.12/site-packages (from uvicorn[standard]>=0.12.0; extra == "all"->fastapi[all]->-r requirements-dev.txt (line 10)) (15.0.1)
2025-08-17T01:43:23.4314785Z Using cached jinja2-3.1.6-py3-none-any.whl (134 kB)
2025-08-17T01:43:23.4327613Z Using cached asyncpg-0.30.0-cp312-cp312-manylinux_2_17_x86_64.manylinux2014_x86_64.whl (3.6 MB)
2025-08-17T01:43:23.4366103Z Using cached black-25.1.0-cp312-cp312-manylinux_2_17_x86_64.manylinux2014_x86_64.manylinux_2_28_x86_64.whl (1.8 MB)
2025-08-17T01:43:23.4390187Z Using cached fastapi-0.116.1-py3-none-any.whl (95 kB)
2025-08-17T01:43:23.4401189Z Using cached IMAPClient-3.0.1-py2.py3-none-any.whl (182 kB)
2025-08-17T01:43:23.4414184Z Using cached mypy_extensions-1.1.0-py3-none-any.whl (5.0 kB)
2025-08-17T01:43:23.4425015Z Using cached openpyxl-3.1.5-py2.py3-none-any.whl (250 kB)
2025-08-17T01:43:23.4437700Z Using cached psycopg2_binary-2.9.9-cp312-cp312-manylinux_2_17_x86_64.manylinux2014_x86_64.whl (3.0 MB)
2025-08-17T01:43:23.4470176Z Using cached pytest_asyncio-0.23.6-py3-none-any.whl (17 kB)
2025-08-17T01:43:23.4480924Z Using cached pytest_cov-6.2.1-py3-none-any.whl (24 kB)
2025-08-17T01:43:23.4491685Z Using cached pytest_postgresql-7.0.2-py3-none-any.whl (41 kB)
2025-08-17T01:43:23.4503029Z Using cached python_telegram_bot-22.2-py3-none-any.whl (708 kB)
2025-08-17T01:43:23.4518714Z Using cached respx-0.22.0-py2.py3-none-any.whl (25 kB)
2025-08-17T01:43:23.4530291Z Using cached ruff-0.4.4-py3-none-manylinux_2_17_x86_64.manylinux2014_x86_64.whl (8.7 MB)
2025-08-17T01:43:23.4603765Z Using cached testcontainers-4.10.0-py3-none-any.whl (107 kB)
2025-08-17T01:43:23.4615276Z Using cached types_requests-2.32.0.20240602-py3-none-any.whl (15 kB)
2025-08-17T01:43:23.4626250Z Using cached docspec_python-2.2.2-py3-none-any.whl (15 kB)
2025-08-17T01:43:23.4636920Z Using cached pydoc_markdown-4.8.2-py3-none-any.whl (67 kB)
2025-08-17T01:43:23.4647959Z Using cached docspec-2.2.1-py3-none-any.whl (9.8 kB)
2025-08-17T01:43:23.4658796Z Using cached httpx-0.28.1-py3-none-any.whl (73 kB)
2025-08-17T01:43:23.4670907Z Using cached mypy-1.17.1-cp312-cp312-manylinux2014_x86_64.manylinux_2_17_x86_64.manylinux_2_28_x86_64.whl (12.7 MB)
2025-08-17T01:43:23.4772678Z Using cached databind.core-4.5.2-py3-none-any.whl (1.5 kB)
2025-08-17T01:43:23.4783344Z Using cached databind-4.5.2-py3-none-any.whl (49 kB)
2025-08-17T01:43:23.4794331Z Using cached databind.json-4.5.2-py3-none-any.whl (1.5 kB)
2025-08-17T01:43:23.4805106Z Using cached Deprecated-1.2.18-py2.py3-none-any.whl (10.0 kB)
2025-08-17T01:43:23.4815720Z Using cached nr_date-2.1.0-py3-none-any.whl (10 kB)
2025-08-17T01:43:23.4826410Z Using cached nr_stream-1.1.5-py3-none-any.whl (10 kB)
2025-08-17T01:43:23.4837086Z Using cached nr.util-0.8.12-py3-none-any.whl (90 kB)
2025-08-17T01:43:23.4848446Z Using cached pytest-8.4.1-py3-none-any.whl (365 kB)
2025-08-17T01:43:23.4861683Z Using cached pluggy-1.6.0-py3-none-any.whl (20 kB)
2025-08-17T01:43:23.4872585Z Using cached starlette-0.47.2-py3-none-any.whl (72 kB)
2025-08-17T01:43:23.4884004Z Using cached tomli-2.2.1-cp312-cp312-manylinux_2_17_x86_64.manylinux2014_x86_64.whl (242 kB)
2025-08-17T01:43:23.4896100Z Using cached tomli_w-1.2.0-py3-none-any.whl (6.7 kB)
2025-08-17T01:43:23.4906726Z Using cached typeapi-2.2.4-py3-none-any.whl (26 kB)
2025-08-17T01:43:23.4917799Z Using cached wrapt-1.17.3-cp312-cp312-manylinux1_x86_64.manylinux_2_28_x86_64.manylinux_2_5_x86_64.whl (88 kB)
2025-08-17T01:43:23.4928912Z Using cached itsdangerous-2.2.0-py3-none-any.whl (16 kB)
2025-08-17T01:43:23.4939762Z Using cached setuptools-80.9.0-py3-none-any.whl (1.2 MB)
2025-08-17T01:43:23.5059134Z Downloading coverage-7.10.4-cp312-cp312-manylinux1_x86_64.manylinux_2_28_x86_64.manylinux_2_5_x86_64.whl (251 kB)
2025-08-17T01:43:23.5416843Z Using cached fastapi_cloud_cli-0.1.5-py3-none-any.whl (18 kB)
2025-08-17T01:43:23.5427775Z Using cached iniconfig-2.1.0-py3-none-any.whl (6.0 kB)
2025-08-17T01:43:23.5438575Z Using cached mirakuru-2.6.1-py3-none-any.whl (26 kB)
2025-08-17T01:43:23.5449431Z Using cached pathspec-0.12.1-py3-none-any.whl (31 kB)
2025-08-17T01:43:23.5460391Z Using cached platformdirs-4.3.8-py3-none-any.whl (18 kB)
2025-08-17T01:43:23.5471154Z Using cached port_for-0.7.4-py3-none-any.whl (21 kB)
2025-08-17T01:43:23.5482638Z Using cached psutil-7.0.0-cp36-abi3-manylinux_2_12_x86_64.manylinux2010_x86_64.manylinux_2_17_x86_64.manylinux2014_x86_64.whl (277 kB)
2025-08-17T01:43:23.5495066Z Using cached pydantic_extra_types-2.10.5-py3-none-any.whl (38 kB)
2025-08-17T01:43:23.5506201Z Using cached rignore-0.6.4-cp312-cp312-manylinux_2_17_x86_64.manylinux2014_x86_64.whl (949 kB)
2025-08-17T01:43:23.5523848Z Using cached sentry_sdk-2.35.0-py2.py3-none-any.whl (363 kB)
2025-08-17T01:43:23.5536850Z Using cached yapf-0.43.0-py3-none-any.whl (256 kB)
2025-08-17T01:43:23.5549217Z Using cached docker-7.1.0-py3-none-any.whl (147 kB)
2025-08-17T01:43:23.5560984Z Using cached et_xmlfile-2.0.0-py3-none-any.whl (18 kB)
2025-08-17T01:43:23.5571884Z Using cached watchdog-6.0.0-py3-none-manylinux2014_x86_64.whl (79 kB)
2025-08-17T01:43:23.7871162Z Installing collected packages: wrapt, watchdog, types-requests, typeapi, tomli_w, tomli, setuptools, sentry-sdk, ruff, rignore, psycopg2-binary, psutil, port-for, pluggy, platformdirs, pathspec, nr-stream, nr-date, mypy-extensions, Jinja2, itsdangerous, iniconfig, imapclient, et-xmlfile, docstring-parser, coverage, asyncpg, yapf, starlette, pytest, openpyxl, mypy, mirakuru, httpx, docker, Deprecated, black, testcontainers, respx, python-telegram-bot, pytest-postgresql, pytest-cov, pytest-asyncio, pydantic-extra-types, nr-util, fastapi, databind, fastapi-cloud-cli, databind.json, databind.core, docspec, docspec-python, pydoc-markdown
2025-08-17T01:43:25.3466550Z   Attempting uninstall: Jinja2
2025-08-17T01:43:25.3517232Z     Found existing installation: Jinja2 3.1.5
2025-08-17T01:43:25.3552601Z     Uninstalling Jinja2-3.1.5:
2025-08-17T01:43:25.3561548Z       Successfully uninstalled Jinja2-3.1.5
2025-08-17T01:43:26.1016398Z   Attempting uninstall: asyncpg
2025-08-17T01:43:26.1068322Z     Found existing installation: asyncpg 0.29.0
2025-08-17T01:43:26.1117324Z     Uninstalling asyncpg-0.29.0:
2025-08-17T01:43:26.1130196Z       Successfully uninstalled asyncpg-0.29.0
2025-08-17T01:43:26.3866290Z   Attempting uninstall: starlette
2025-08-17T01:43:26.3915597Z     Found existing installation: starlette 0.37.2
2025-08-17T01:43:26.3957234Z     Uninstalling starlette-0.37.2:
2025-08-17T01:43:26.3967106Z       Successfully uninstalled starlette-0.37.2
2025-08-17T01:43:28.3697210Z   Attempting uninstall: httpx
2025-08-17T01:43:28.3748497Z     Found existing installation: httpx 0.26.0
2025-08-17T01:43:28.3784775Z     Uninstalling httpx-0.26.0:
2025-08-17T01:43:28.3800300Z       Successfully uninstalled httpx-0.26.0
2025-08-17T01:43:28.7820266Z   Attempting uninstall: python-telegram-bot
2025-08-17T01:43:28.7867507Z     Found existing installation: python-telegram-bot 20.8
2025-08-17T01:43:28.8024885Z     Uninstalling python-telegram-bot-20.8:
2025-08-17T01:43:28.8048506Z       Successfully uninstalled python-telegram-bot-20.8
2025-08-17T01:43:29.3463456Z   Attempting uninstall: fastapi
2025-08-17T01:43:29.3508106Z     Found existing installation: fastapi 0.111.0
2025-08-17T01:43:29.3560932Z     Uninstalling fastapi-0.111.0:
2025-08-17T01:43:29.3572914Z       Successfully uninstalled fastapi-0.111.0
2025-08-17T01:43:29.5668718Z 
2025-08-17T01:43:29.5780733Z Successfully installed Deprecated-1.2.18 Jinja2-3.1.6 asyncpg-0.30.0 black-25.1.0 coverage-7.10.4 databind-4.5.2 databind.core-4.5.2 databind.json-4.5.2 docker-7.1.0 docspec-2.2.1 docspec-python-2.2.2 docstring-parser-0.11 et-xmlfile-2.0.0 fastapi-0.116.1 fastapi-cloud-cli-0.1.5 httpx-0.28.1 imapclient-3.0.1 iniconfig-2.1.0 itsdangerous-2.2.0 mirakuru-2.6.1 mypy-1.17.1 mypy-extensions-1.1.0 nr-date-2.1.0 nr-stream-1.1.5 nr-util-0.8.12 openpyxl-3.1.5 pathspec-0.12.1 platformdirs-4.3.8 pluggy-1.6.0 port-for-0.7.4 psutil-7.0.0 psycopg2-binary-2.9.9 pydantic-extra-types-2.10.5 pydoc-markdown-4.8.2 pytest-8.4.1 pytest-asyncio-0.23.6 pytest-cov-6.2.1 pytest-postgresql-7.0.2 python-telegram-bot-22.2 respx-0.22.0 rignore-0.6.4 ruff-0.4.4 sentry-sdk-2.35.0 setuptools-80.9.0 starlette-0.47.2 testcontainers-4.10.0 tomli-2.2.1 tomli_w-1.2.0 typeapi-2.2.4 types-requests-2.32.0.20240602 watchdog-6.0.0 wrapt-1.17.3 yapf-0.43.0
2025-08-17T01:43:30.2013960Z Requirement already satisfied: asyncpg in /opt/hostedtoolcache/Python/3.12.11/x64/lib/python3.12/site-packages (0.30.0)
2025-08-17T01:43:30.8028386Z Requirement already satisfied: pytest in /opt/hostedtoolcache/Python/3.12.11/x64/lib/python3.12/site-packages (8.4.1)
2025-08-17T01:43:30.8043509Z Requirement already satisfied: iniconfig>=1 in /opt/hostedtoolcache/Python/3.12.11/x64/lib/python3.12/site-packages (from pytest) (2.1.0)
2025-08-17T01:43:30.8048741Z Requirement already satisfied: packaging>=20 in /opt/hostedtoolcache/Python/3.12.11/x64/lib/python3.12/site-packages (from pytest) (25.0)
2025-08-17T01:43:30.8055041Z Requirement already satisfied: pluggy<2,>=1.5 in /opt/hostedtoolcache/Python/3.12.11/x64/lib/python3.12/site-packages (from pytest) (1.6.0)
2025-08-17T01:43:30.8059976Z Requirement already satisfied: pygments>=2.7.2 in /opt/hostedtoolcache/Python/3.12.11/x64/lib/python3.12/site-packages (from pytest) (2.19.2)
2025-08-17T01:43:31.5089711Z Collecting keepa==1.3.15
2025-08-17T01:43:31.5102556Z   Using cached keepa-1.3.15-py3-none-any.whl.metadata (11 kB)
2025-08-17T01:43:31.5140844Z Requirement already satisfied: minio==7.1.15 in /opt/hostedtoolcache/Python/3.12.11/x64/lib/python3.12/site-packages (7.1.15)
2025-08-17T01:43:31.5149300Z Requirement already satisfied: numpy>=1.9.3 in /opt/hostedtoolcache/Python/3.12.11/x64/lib/python3.12/site-packages (from keepa==1.3.15) (2.3.2)
2025-08-17T01:43:31.5154748Z Requirement already satisfied: requests>=2.2 in /opt/hostedtoolcache/Python/3.12.11/x64/lib/python3.12/site-packages (from keepa==1.3.15) (2.32.4)
2025-08-17T01:43:31.5158238Z Requirement already satisfied: tqdm in /opt/hostedtoolcache/Python/3.12.11/x64/lib/python3.12/site-packages (from keepa==1.3.15) (4.67.1)
2025-08-17T01:43:31.5161586Z Requirement already satisfied: aiohttp in /opt/hostedtoolcache/Python/3.12.11/x64/lib/python3.12/site-packages (from keepa==1.3.15) (3.12.15)
2025-08-17T01:43:31.5166759Z Requirement already satisfied: pandas<=3.0 in /opt/hostedtoolcache/Python/3.12.11/x64/lib/python3.12/site-packages (from keepa==1.3.15) (2.3.1)
2025-08-17T01:43:31.5170048Z Requirement already satisfied: pydantic in /opt/hostedtoolcache/Python/3.12.11/x64/lib/python3.12/site-packages (from keepa==1.3.15) (2.11.7)
2025-08-17T01:43:31.5180008Z Requirement already satisfied: certifi in /opt/hostedtoolcache/Python/3.12.11/x64/lib/python3.12/site-packages (from minio==7.1.15) (2025.8.3)
2025-08-17T01:43:31.5184176Z Requirement already satisfied: urllib3 in /opt/hostedtoolcache/Python/3.12.11/x64/lib/python3.12/site-packages (from minio==7.1.15) (2.5.0)
2025-08-17T01:43:31.5239047Z Requirement already satisfied: python-dateutil>=2.8.2 in /opt/hostedtoolcache/Python/3.12.11/x64/lib/python3.12/site-packages (from pandas<=3.0->keepa==1.3.15) (2.9.0.post0)
2025-08-17T01:43:31.5244061Z Requirement already satisfied: pytz>=2020.1 in /opt/hostedtoolcache/Python/3.12.11/x64/lib/python3.12/site-packages (from pandas<=3.0->keepa==1.3.15) (2025.2)
2025-08-17T01:43:31.5248935Z Requirement already satisfied: tzdata>=2022.7 in /opt/hostedtoolcache/Python/3.12.11/x64/lib/python3.12/site-packages (from pandas<=3.0->keepa==1.3.15) (2025.2)
2025-08-17T01:43:31.5382948Z Requirement already satisfied: six>=1.5 in /opt/hostedtoolcache/Python/3.12.11/x64/lib/python3.12/site-packages (from python-dateutil>=2.8.2->pandas<=3.0->keepa==1.3.15) (1.17.0)
2025-08-17T01:43:31.5401859Z Requirement already satisfied: charset_normalizer<4,>=2 in /opt/hostedtoolcache/Python/3.12.11/x64/lib/python3.12/site-packages (from requests>=2.2->keepa==1.3.15) (3.4.3)
2025-08-17T01:43:31.5407320Z Requirement already satisfied: idna<4,>=2.5 in /opt/hostedtoolcache/Python/3.12.11/x64/lib/python3.12/site-packages (from requests>=2.2->keepa==1.3.15) (3.10)
2025-08-17T01:43:31.5477835Z Requirement already satisfied: aiohappyeyeballs>=2.5.0 in /opt/hostedtoolcache/Python/3.12.11/x64/lib/python3.12/site-packages (from aiohttp->keepa==1.3.15) (2.6.1)
2025-08-17T01:43:31.5482626Z Requirement already satisfied: aiosignal>=1.4.0 in /opt/hostedtoolcache/Python/3.12.11/x64/lib/python3.12/site-packages (from aiohttp->keepa==1.3.15) (1.4.0)
2025-08-17T01:43:31.5489456Z Requirement already satisfied: attrs>=17.3.0 in /opt/hostedtoolcache/Python/3.12.11/x64/lib/python3.12/site-packages (from aiohttp->keepa==1.3.15) (25.3.0)
2025-08-17T01:43:31.5494617Z Requirement already satisfied: frozenlist>=1.1.1 in /opt/hostedtoolcache/Python/3.12.11/x64/lib/python3.12/site-packages (from aiohttp->keepa==1.3.15) (1.7.0)
2025-08-17T01:43:31.5499814Z Requirement already satisfied: multidict<7.0,>=4.5 in /opt/hostedtoolcache/Python/3.12.11/x64/lib/python3.12/site-packages (from aiohttp->keepa==1.3.15) (6.6.4)
2025-08-17T01:43:31.5504839Z Requirement already satisfied: propcache>=0.2.0 in /opt/hostedtoolcache/Python/3.12.11/x64/lib/python3.12/site-packages (from aiohttp->keepa==1.3.15) (0.3.2)
2025-08-17T01:43:31.5510586Z Requirement already satisfied: yarl<2.0,>=1.17.0 in /opt/hostedtoolcache/Python/3.12.11/x64/lib/python3.12/site-packages (from aiohttp->keepa==1.3.15) (1.20.1)
2025-08-17T01:43:31.5570631Z Requirement already satisfied: typing-extensions>=4.2 in /opt/hostedtoolcache/Python/3.12.11/x64/lib/python3.12/site-packages (from aiosignal>=1.4.0->aiohttp->keepa==1.3.15) (4.14.1)
2025-08-17T01:43:31.5664501Z Requirement already satisfied: annotated-types>=0.6.0 in /opt/hostedtoolcache/Python/3.12.11/x64/lib/python3.12/site-packages (from pydantic->keepa==1.3.15) (0.7.0)
2025-08-17T01:43:31.5669559Z Requirement already satisfied: pydantic-core==2.33.2 in /opt/hostedtoolcache/Python/3.12.11/x64/lib/python3.12/site-packages (from pydantic->keepa==1.3.15) (2.33.2)
2025-08-17T01:43:31.5677206Z Requirement already satisfied: typing-inspection>=0.4.0 in /opt/hostedtoolcache/Python/3.12.11/x64/lib/python3.12/site-packages (from pydantic->keepa==1.3.15) (0.4.1)
2025-08-17T01:43:31.5756144Z Using cached keepa-1.3.15-py3-none-any.whl (38 kB)
2025-08-17T01:43:31.7365501Z Installing collected packages: keepa
2025-08-17T01:43:31.7366314Z   Attempting uninstall: keepa
2025-08-17T01:43:31.7398626Z     Found existing installation: keepa 1.3.14
2025-08-17T01:43:31.7420772Z     Uninstalling keepa-1.3.14:
2025-08-17T01:43:31.7429360Z       Successfully uninstalled keepa-1.3.14
2025-08-17T01:43:31.7849181Z Successfully installed keepa-1.3.15
2025-08-17T01:43:31.8399943Z ##[group]Run actions/setup-node@v4
2025-08-17T01:43:31.8400246Z with:
2025-08-17T01:43:31.8400440Z   node-version: 20.19.0
2025-08-17T01:43:31.8400659Z   always-auth: false
2025-08-17T01:43:31.8400870Z   check-latest: false
2025-08-17T01:43:31.8401174Z   token: ***
2025-08-17T01:43:31.8401359Z env:
2025-08-17T01:43:31.8401555Z   PG_USER: postgres
2025-08-17T01:43:31.8401762Z   PG_PASSWORD: pass
2025-08-17T01:43:31.8401962Z   PG_DATABASE: awa
2025-08-17T01:43:31.8402155Z   PG_HOST: localhost
2025-08-17T01:43:31.8402676Z   PG_PORT: 5432
2025-08-17T01:43:31.8403058Z   PG_SYNC_DSN: ***localhost:5432/awa
2025-08-17T01:43:31.8403468Z   PG_ASYNC_DSN: ***localhost:5432/awa
2025-08-17T01:43:31.8403868Z   DATABASE_URL: ***localhost:5432/awa
2025-08-17T01:43:31.8404118Z   DATA_DIR: /tmp/awa-data
2025-08-17T01:43:31.8404326Z   ENABLE_LIVE: 0
2025-08-17T01:43:31.8404514Z   TESTING: 1
2025-08-17T01:43:31.8404762Z   pythonLocation: /opt/hostedtoolcache/Python/3.12.11/x64
2025-08-17T01:43:31.8405204Z   PKG_CONFIG_PATH: /opt/hostedtoolcache/Python/3.12.11/x64/lib/pkgconfig
2025-08-17T01:43:31.8405604Z   Python_ROOT_DIR: /opt/hostedtoolcache/Python/3.12.11/x64
2025-08-17T01:43:31.8405970Z   Python2_ROOT_DIR: /opt/hostedtoolcache/Python/3.12.11/x64
2025-08-17T01:43:31.8406329Z   Python3_ROOT_DIR: /opt/hostedtoolcache/Python/3.12.11/x64
2025-08-17T01:43:31.8406697Z   LD_LIBRARY_PATH: /opt/hostedtoolcache/Python/3.12.11/x64/lib
2025-08-17T01:43:31.8407007Z ##[endgroup]
2025-08-17T01:43:32.0086295Z Attempting to download 20.19.0...
2025-08-17T01:43:32.7922077Z Acquiring 20.19.0 - x64 from https://github.com/actions/node-versions/releases/download/20.19.0-13838090974/node-20.19.0-linux-x64.tar.gz
2025-08-17T01:43:33.3548705Z Extracting ...
2025-08-17T01:43:33.3658181Z [command]/usr/bin/tar xz --strip 1 --warning=no-unknown-keyword --overwrite -C /home/runner/work/_temp/346561b6-b7d1-4b1c-800a-901186c37549 -f /home/runner/work/_temp/368f7aa3-ef44-4f9f-9468-81f086c2d72e
2025-08-17T01:43:34.3443858Z Adding to the cache ...
2025-08-17T01:43:35.9518368Z ##[group]Environment details
2025-08-17T01:43:36.1879798Z node: v20.19.0
2025-08-17T01:43:36.1880183Z npm: 10.8.2
2025-08-17T01:43:36.1880482Z yarn: 1.22.22
2025-08-17T01:43:36.1881118Z ##[endgroup]
2025-08-17T01:43:36.2018430Z ##[group]Run npm ci
2025-08-17T01:43:36.2018682Z [36;1mnpm ci[0m
2025-08-17T01:43:36.2059786Z shell: /usr/bin/bash -e {0}
2025-08-17T01:43:36.2060038Z env:
2025-08-17T01:43:36.2060233Z   PG_USER: postgres
2025-08-17T01:43:36.2060456Z   PG_PASSWORD: pass
2025-08-17T01:43:36.2060660Z   PG_DATABASE: awa
2025-08-17T01:43:36.2060866Z   PG_HOST: localhost
2025-08-17T01:43:36.2061071Z   PG_PORT: 5432
2025-08-17T01:43:36.2061538Z   PG_SYNC_DSN: ***localhost:5432/awa
2025-08-17T01:43:36.2061973Z   PG_ASYNC_DSN: ***localhost:5432/awa
2025-08-17T01:43:36.2062517Z   DATABASE_URL: ***localhost:5432/awa
2025-08-17T01:43:36.2062790Z   DATA_DIR: /tmp/awa-data
2025-08-17T01:43:36.2063016Z   ENABLE_LIVE: 0
2025-08-17T01:43:36.2063210Z   TESTING: 1
2025-08-17T01:43:36.2063472Z   pythonLocation: /opt/hostedtoolcache/Python/3.12.11/x64
2025-08-17T01:43:36.2063901Z   PKG_CONFIG_PATH: /opt/hostedtoolcache/Python/3.12.11/x64/lib/pkgconfig
2025-08-17T01:43:36.2064389Z   Python_ROOT_DIR: /opt/hostedtoolcache/Python/3.12.11/x64
2025-08-17T01:43:36.2064781Z   Python2_ROOT_DIR: /opt/hostedtoolcache/Python/3.12.11/x64
2025-08-17T01:43:36.2065165Z   Python3_ROOT_DIR: /opt/hostedtoolcache/Python/3.12.11/x64
2025-08-17T01:43:36.2065548Z   LD_LIBRARY_PATH: /opt/hostedtoolcache/Python/3.12.11/x64/lib
2025-08-17T01:43:36.2065868Z ##[endgroup]
2025-08-17T01:43:38.4518742Z npm warn deprecated node-domexception@1.0.0: Use your platform's native DOMException instead
2025-08-17T01:43:42.0592504Z 
2025-08-17T01:43:42.0593360Z added 432 packages, and audited 433 packages in 6s
2025-08-17T01:43:42.0596056Z 
2025-08-17T01:43:42.0596577Z 112 packages are looking for funding
2025-08-17T01:43:42.0597220Z   run `npm fund` for details
2025-08-17T01:43:42.0612812Z 
2025-08-17T01:43:42.0613181Z 2 vulnerabilities (1 low, 1 critical)
2025-08-17T01:43:42.0613541Z 
2025-08-17T01:43:42.0613867Z To address all issues, run:
2025-08-17T01:43:42.0614322Z   npm audit fix
2025-08-17T01:43:42.0614543Z 
2025-08-17T01:43:42.0614812Z Run `npm audit` for details.
2025-08-17T01:43:42.0867498Z ##[group]Run npm run build --if-present
2025-08-17T01:43:42.0867864Z [36;1mnpm run build --if-present[0m
2025-08-17T01:43:42.0909327Z shell: /usr/bin/bash -e {0}
2025-08-17T01:43:42.0909571Z env:
2025-08-17T01:43:42.0909758Z   PG_USER: postgres
2025-08-17T01:43:42.0909976Z   PG_PASSWORD: pass
2025-08-17T01:43:42.0910178Z   PG_DATABASE: awa
2025-08-17T01:43:42.0910384Z   PG_HOST: localhost
2025-08-17T01:43:42.0910589Z   PG_PORT: 5432
2025-08-17T01:43:42.0911049Z   PG_SYNC_DSN: ***localhost:5432/awa
2025-08-17T01:43:42.0911473Z   PG_ASYNC_DSN: ***localhost:5432/awa
2025-08-17T01:43:42.0911871Z   DATABASE_URL: ***localhost:5432/awa
2025-08-17T01:43:42.0912130Z   DATA_DIR: /tmp/awa-data
2025-08-17T01:43:42.0912526Z   ENABLE_LIVE: 0
2025-08-17T01:43:42.0912720Z   TESTING: 1
2025-08-17T01:43:42.0912973Z   pythonLocation: /opt/hostedtoolcache/Python/3.12.11/x64
2025-08-17T01:43:42.0913394Z   PKG_CONFIG_PATH: /opt/hostedtoolcache/Python/3.12.11/x64/lib/pkgconfig
2025-08-17T01:43:42.0913848Z   Python_ROOT_DIR: /opt/hostedtoolcache/Python/3.12.11/x64
2025-08-17T01:43:42.0914232Z   Python2_ROOT_DIR: /opt/hostedtoolcache/Python/3.12.11/x64
2025-08-17T01:43:42.0914597Z   Python3_ROOT_DIR: /opt/hostedtoolcache/Python/3.12.11/x64
2025-08-17T01:43:42.0914964Z   LD_LIBRARY_PATH: /opt/hostedtoolcache/Python/3.12.11/x64/lib
2025-08-17T01:43:42.0915274Z ##[endgroup]
2025-08-17T01:43:42.2013978Z 
2025-08-17T01:43:42.2014511Z > web@0.0.0 build
2025-08-17T01:43:42.2015060Z > tsc -b && vite build
2025-08-17T01:43:42.2015344Z 
2025-08-17T01:43:44.5816761Z [36mvite v7.0.4 [32mbuilding for production...[36m[39m
2025-08-17T01:43:44.6452582Z transforming...
2025-08-17T01:43:47.8528060Z [32m✓[39m 687 modules transformed.
2025-08-17T01:43:48.2115641Z rendering chunks...
2025-08-17T01:43:48.2207202Z computing gzip size...
2025-08-17T01:43:48.2391806Z [2mdist/[22m[32mindex.html                 [39m[1m[2m  0.46 kB[22m[1m[22m[2m │ gzip:   0.30 kB[22m
2025-08-17T01:43:48.2393478Z [2mdist/[22m[2massets/[22m[35mindex-5IA1gRGW.css  [39m[1m[2m  0.84 kB[22m[1m[22m[2m │ gzip:   0.45 kB[22m
2025-08-17T01:43:48.2395300Z [2mdist/[22m[2massets/[22m[36mindex-CIqpArhq.js   [39m[1m[33m613.66 kB[39m[22m[2m │ gzip: 193.69 kB[22m
2025-08-17T01:43:48.2396158Z [33m
2025-08-17T01:43:48.2396782Z (!) Some chunks are larger than 500 kB after minification. Consider:
2025-08-17T01:43:48.2397572Z - Using dynamic import() to code-split the application
2025-08-17T01:43:48.2398803Z - Use build.rollupOptions.output.manualChunks to improve chunking: https://rollupjs.org/configuration-options/#output-manualchunks
2025-08-17T01:43:48.2400203Z - Adjust chunk size limit for this warning via build.chunkSizeWarningLimit.[39m
2025-08-17T01:43:48.2400974Z [32m✓ built in 3.64s[39m
2025-08-17T01:43:48.2867372Z ##[group]Run sudo apt-get update
2025-08-17T01:43:48.2867774Z [36;1msudo apt-get update[0m
2025-08-17T01:43:48.2868057Z [36;1msudo apt-get install -y postgresql[0m
2025-08-17T01:43:48.2868605Z [36;1mecho "/usr/lib/postgresql/$(pg_config --version | cut -d' ' -f2 | cut -d'.' -f1,2)/bin" >> $GITHUB_PATH[0m
2025-08-17T01:43:48.2910012Z shell: /usr/bin/bash -e {0}
2025-08-17T01:43:48.2910261Z env:
2025-08-17T01:43:48.2910448Z   PG_USER: postgres
2025-08-17T01:43:48.2910666Z   PG_PASSWORD: pass
2025-08-17T01:43:48.2910868Z   PG_DATABASE: awa
2025-08-17T01:43:48.2911071Z   PG_HOST: localhost
2025-08-17T01:43:48.2911273Z   PG_PORT: 5432
2025-08-17T01:43:48.2911738Z   PG_SYNC_DSN: ***localhost:5432/awa
2025-08-17T01:43:48.2912174Z   PG_ASYNC_DSN: ***localhost:5432/awa
2025-08-17T01:43:48.2912827Z   DATABASE_URL: ***localhost:5432/awa
2025-08-17T01:43:48.2913089Z   DATA_DIR: /tmp/awa-data
2025-08-17T01:43:48.2913307Z   ENABLE_LIVE: 0
2025-08-17T01:43:48.2913497Z   TESTING: 1
2025-08-17T01:43:48.2913778Z   pythonLocation: /opt/hostedtoolcache/Python/3.12.11/x64
2025-08-17T01:43:48.2914194Z   PKG_CONFIG_PATH: /opt/hostedtoolcache/Python/3.12.11/x64/lib/pkgconfig
2025-08-17T01:43:48.2914603Z   Python_ROOT_DIR: /opt/hostedtoolcache/Python/3.12.11/x64
2025-08-17T01:43:48.2914964Z   Python2_ROOT_DIR: /opt/hostedtoolcache/Python/3.12.11/x64
2025-08-17T01:43:48.2915342Z   Python3_ROOT_DIR: /opt/hostedtoolcache/Python/3.12.11/x64
2025-08-17T01:43:48.2915710Z   LD_LIBRARY_PATH: /opt/hostedtoolcache/Python/3.12.11/x64/lib
2025-08-17T01:43:48.2916017Z ##[endgroup]
2025-08-17T01:43:48.3711436Z Get:1 file:/etc/apt/apt-mirrors.txt Mirrorlist [144 B]
2025-08-17T01:43:48.4073291Z Hit:2 http://azure.archive.ubuntu.com/ubuntu noble InRelease
2025-08-17T01:43:48.4086590Z Get:3 http://azure.archive.ubuntu.com/ubuntu noble-updates InRelease [126 kB]
2025-08-17T01:43:48.4113353Z Hit:6 https://packages.microsoft.com/repos/azure-cli noble InRelease
2025-08-17T01:43:48.4150243Z Get:4 http://azure.archive.ubuntu.com/ubuntu noble-backports InRelease [126 kB]
2025-08-17T01:43:48.4166228Z Get:5 http://azure.archive.ubuntu.com/ubuntu noble-security InRelease [126 kB]
2025-08-17T01:43:48.4202925Z Get:7 https://packages.microsoft.com/ubuntu/24.04/prod noble InRelease [3600 B]
2025-08-17T01:43:48.5815577Z Get:8 http://azure.archive.ubuntu.com/ubuntu noble-updates/main amd64 Packages [1325 kB]
2025-08-17T01:43:48.5958869Z Get:9 http://azure.archive.ubuntu.com/ubuntu noble-updates/main Translation-en [265 kB]
2025-08-17T01:43:48.6033016Z Get:10 http://azure.archive.ubuntu.com/ubuntu noble-updates/main amd64 Components [175 kB]
2025-08-17T01:43:48.6053258Z Get:11 http://azure.archive.ubuntu.com/ubuntu noble-updates/universe amd64 Packages [1120 kB]
2025-08-17T01:43:48.6119805Z Get:12 http://azure.archive.ubuntu.com/ubuntu noble-updates/universe Translation-en [287 kB]
2025-08-17T01:43:48.6148113Z Get:13 http://azure.archive.ubuntu.com/ubuntu noble-updates/universe amd64 Components [377 kB]
2025-08-17T01:43:48.6186801Z Get:14 http://azure.archive.ubuntu.com/ubuntu noble-updates/restricted amd64 Packages [1672 kB]
2025-08-17T01:43:48.6277403Z Get:15 http://azure.archive.ubuntu.com/ubuntu noble-updates/restricted Translation-en [367 kB]
2025-08-17T01:43:48.6331817Z Get:16 http://azure.archive.ubuntu.com/ubuntu noble-updates/restricted amd64 Components [212 B]
2025-08-17T01:43:48.6333617Z Get:17 http://azure.archive.ubuntu.com/ubuntu noble-updates/multiverse amd64 Components [940 B]
2025-08-17T01:43:48.6783776Z Get:18 http://azure.archive.ubuntu.com/ubuntu noble-backports/main amd64 Components [7084 B]
2025-08-17T01:43:48.6801068Z Get:19 http://azure.archive.ubuntu.com/ubuntu noble-backports/universe amd64 Packages [30.2 kB]
2025-08-17T01:43:48.6813602Z Get:20 http://azure.archive.ubuntu.com/ubuntu noble-backports/universe Translation-en [17.4 kB]
2025-08-17T01:43:48.6864638Z Get:21 http://azure.archive.ubuntu.com/ubuntu noble-backports/universe amd64 Components [19.2 kB]
2025-08-17T01:43:48.6869309Z Get:22 http://azure.archive.ubuntu.com/ubuntu noble-backports/restricted amd64 Components [216 B]
2025-08-17T01:43:48.6870688Z Get:23 http://azure.archive.ubuntu.com/ubuntu noble-backports/multiverse amd64 Components [212 B]
2025-08-17T01:43:48.6888914Z Get:24 http://azure.archive.ubuntu.com/ubuntu noble-security/main amd64 Packages [1060 kB]
2025-08-17T01:43:48.6959306Z Get:25 http://azure.archive.ubuntu.com/ubuntu noble-security/main Translation-en [184 kB]
2025-08-17T01:43:48.6986899Z Get:26 http://azure.archive.ubuntu.com/ubuntu noble-security/main amd64 Components [21.6 kB]
2025-08-17T01:43:48.7002709Z Get:27 http://azure.archive.ubuntu.com/ubuntu noble-security/universe amd64 Packages [879 kB]
2025-08-17T01:43:48.7054975Z Get:28 http://azure.archive.ubuntu.com/ubuntu noble-security/universe Translation-en [194 kB]
2025-08-17T01:43:48.7078020Z Get:29 http://azure.archive.ubuntu.com/ubuntu noble-security/universe amd64 Components [52.3 kB]
2025-08-17T01:43:48.7100139Z Get:30 http://azure.archive.ubuntu.com/ubuntu noble-security/restricted amd64 Packages [1572 kB]
2025-08-17T01:43:48.7230882Z Get:31 http://azure.archive.ubuntu.com/ubuntu noble-security/restricted Translation-en [346 kB]
2025-08-17T01:43:48.7486761Z Get:34 https://packages.microsoft.com/ubuntu/24.04/prod noble/main amd64 Packages [47.9 kB]
2025-08-17T01:43:48.7561769Z Get:35 https://packages.microsoft.com/ubuntu/24.04/prod noble/main arm64 Packages [33.0 kB]
2025-08-17T01:43:48.7657599Z Get:32 http://azure.archive.ubuntu.com/ubuntu noble-security/restricted amd64 Components [212 B]
2025-08-17T01:43:48.7670800Z Get:33 http://azure.archive.ubuntu.com/ubuntu noble-security/multiverse amd64 Components [208 B]
2025-08-17T01:43:52.6396874Z Fetched 10.4 MB in 1s (8188 kB/s)
2025-08-17T01:43:53.3143302Z Reading package lists...
2025-08-17T01:43:53.3463921Z Reading package lists...
2025-08-17T01:43:53.4943353Z Building dependency tree...
2025-08-17T01:43:53.4950915Z Reading state information...
2025-08-17T01:43:53.6360010Z Suggested packages:
2025-08-17T01:43:53.6360369Z   postgresql-doc
2025-08-17T01:43:53.6501931Z The following NEW packages will be installed:
2025-08-17T01:43:53.6502643Z   postgresql
2025-08-17T01:43:53.6664762Z 0 upgraded, 1 newly installed, 0 to remove and 36 not upgraded.
2025-08-17T01:43:53.6665376Z Need to get 11.6 kB of archives.
2025-08-17T01:43:53.6665837Z After this operation, 17.4 kB of additional disk space will be used.
2025-08-17T01:43:53.6666340Z Get:1 file:/etc/apt/apt-mirrors.txt Mirrorlist [144 B]
2025-08-17T01:43:53.8098800Z Get:2 http://azure.archive.ubuntu.com/ubuntu noble-updates/main amd64 postgresql all 16+257build1.1 [11.6 kB]
2025-08-17T01:43:54.0554748Z Fetched 11.6 kB in 0s (75.5 kB/s)
2025-08-17T01:43:54.0769685Z Selecting previously unselected package postgresql.
2025-08-17T01:43:54.0992025Z (Reading database ... 
2025-08-17T01:43:54.0993101Z (Reading database ... 5%
2025-08-17T01:43:54.0993485Z (Reading database ... 10%
2025-08-17T01:43:54.0993762Z (Reading database ... 15%
2025-08-17T01:43:54.0994013Z (Reading database ... 20%
2025-08-17T01:43:54.0994272Z (Reading database ... 25%
2025-08-17T01:43:54.0994507Z (Reading database ... 30%
2025-08-17T01:43:54.0994736Z (Reading database ... 35%
2025-08-17T01:43:54.0994965Z (Reading database ... 40%
2025-08-17T01:43:54.0995190Z (Reading database ... 45%
2025-08-17T01:43:54.0995419Z (Reading database ... 50%
2025-08-17T01:43:54.1183849Z (Reading database ... 55%
2025-08-17T01:43:54.1356657Z (Reading database ... 60%
2025-08-17T01:43:54.1569140Z (Reading database ... 65%
2025-08-17T01:43:54.1836968Z (Reading database ... 70%
2025-08-17T01:43:54.2033237Z (Reading database ... 75%
2025-08-17T01:43:54.2309265Z (Reading database ... 80%
2025-08-17T01:43:54.2779907Z (Reading database ... 85%
2025-08-17T01:43:54.3384686Z (Reading database ... 90%
2025-08-17T01:43:54.3740426Z (Reading database ... 95%
2025-08-17T01:43:54.3740843Z (Reading database ... 100%
2025-08-17T01:43:54.3741428Z (Reading database ... 219881 files and directories currently installed.)
2025-08-17T01:43:54.3784062Z Preparing to unpack .../postgresql_16+257build1.1_all.deb ...
2025-08-17T01:43:54.3804298Z Unpacking postgresql (16+257build1.1) ...
2025-08-17T01:43:54.4170166Z Setting up postgresql (16+257build1.1) ...
2025-08-17T01:43:55.0227291Z 
2025-08-17T01:43:55.0227847Z Running kernel seems to be up-to-date.
2025-08-17T01:43:55.0228152Z 
2025-08-17T01:43:55.0228327Z Restarting services...
2025-08-17T01:43:55.0296281Z 
2025-08-17T01:43:55.0296761Z Service restarts being deferred:
2025-08-17T01:43:55.0298794Z  systemctl restart hosted-compute-agent.service
2025-08-17T01:43:55.0299098Z 
2025-08-17T01:43:55.0299497Z No containers need to be restarted.
2025-08-17T01:43:55.0299845Z 
2025-08-17T01:43:55.0300156Z No user sessions are running outdated binaries.
2025-08-17T01:43:55.0300505Z 
2025-08-17T01:43:55.0300805Z No VM guests are running outdated hypervisor (qemu) binaries on this host.
2025-08-17T01:43:55.9149736Z ##[group]Run for i in {1..30}; do pg_isready -h localhost -p 5432 -U postgres -d awa && break; sleep 1; done
2025-08-17T01:43:55.9150380Z [36;1mfor i in {1..30}; do pg_isready -h localhost -p 5432 -U postgres -d awa && break; sleep 1; done[0m
2025-08-17T01:43:55.9191430Z shell: /usr/bin/bash -e {0}
2025-08-17T01:43:55.9191677Z env:
2025-08-17T01:43:55.9191873Z   PG_USER: postgres
2025-08-17T01:43:55.9192099Z   PG_PASSWORD: pass
2025-08-17T01:43:55.9192465Z   PG_DATABASE: awa
2025-08-17T01:43:55.9192676Z   PG_HOST: localhost
2025-08-17T01:43:55.9192879Z   PG_PORT: 5432
2025-08-17T01:43:55.9193337Z   PG_SYNC_DSN: ***localhost:5432/awa
2025-08-17T01:43:55.9193766Z   PG_ASYNC_DSN: ***localhost:5432/awa
2025-08-17T01:43:55.9194270Z   DATABASE_URL: ***localhost:5432/awa
2025-08-17T01:43:55.9194718Z   DATA_DIR: /tmp/awa-data
2025-08-17T01:43:55.9195102Z   ENABLE_LIVE: 0
2025-08-17T01:43:55.9195426Z   TESTING: 1
2025-08-17T01:43:55.9195909Z   pythonLocation: /opt/hostedtoolcache/Python/3.12.11/x64
2025-08-17T01:43:55.9196623Z   PKG_CONFIG_PATH: /opt/hostedtoolcache/Python/3.12.11/x64/lib/pkgconfig
2025-08-17T01:43:55.9197350Z   Python_ROOT_DIR: /opt/hostedtoolcache/Python/3.12.11/x64
2025-08-17T01:43:55.9198030Z   Python2_ROOT_DIR: /opt/hostedtoolcache/Python/3.12.11/x64
2025-08-17T01:43:55.9198706Z   Python3_ROOT_DIR: /opt/hostedtoolcache/Python/3.12.11/x64
2025-08-17T01:43:55.9199410Z   LD_LIBRARY_PATH: /opt/hostedtoolcache/Python/3.12.11/x64/lib
2025-08-17T01:43:55.9199967Z ##[endgroup]
2025-08-17T01:43:55.9711168Z localhost:5432 - accepting connections
2025-08-17T01:43:55.9748870Z ##[group]Run alembic -c services/api/alembic.ini upgrade head
2025-08-17T01:43:55.9749347Z [36;1malembic -c services/api/alembic.ini upgrade head[0m
2025-08-17T01:43:55.9789298Z shell: /usr/bin/bash -e {0}
2025-08-17T01:43:55.9789546Z env:
2025-08-17T01:43:55.9789729Z   PG_USER: postgres
2025-08-17T01:43:55.9789936Z   PG_PASSWORD: pass
2025-08-17T01:43:55.9790140Z   PG_DATABASE: awa
2025-08-17T01:43:55.9790335Z   PG_HOST: localhost
2025-08-17T01:43:55.9790535Z   PG_PORT: 5432
2025-08-17T01:43:55.9790958Z   PG_SYNC_DSN: ***localhost:5432/awa
2025-08-17T01:43:55.9791374Z   PG_ASYNC_DSN: ***localhost:5432/awa
2025-08-17T01:43:55.9791773Z   DATABASE_URL: ***localhost:5432/awa
2025-08-17T01:43:55.9792032Z   DATA_DIR: /tmp/awa-data
2025-08-17T01:43:55.9792485Z   ENABLE_LIVE: 0
2025-08-17T01:43:55.9792691Z   TESTING: 1
2025-08-17T01:43:55.9792961Z   pythonLocation: /opt/hostedtoolcache/Python/3.12.11/x64
2025-08-17T01:43:55.9793591Z   PKG_CONFIG_PATH: /opt/hostedtoolcache/Python/3.12.11/x64/lib/pkgconfig
2025-08-17T01:43:55.9793995Z   Python_ROOT_DIR: /opt/hostedtoolcache/Python/3.12.11/x64
2025-08-17T01:43:55.9794348Z   Python2_ROOT_DIR: /opt/hostedtoolcache/Python/3.12.11/x64
2025-08-17T01:43:55.9794712Z   Python3_ROOT_DIR: /opt/hostedtoolcache/Python/3.12.11/x64
2025-08-17T01:43:55.9795076Z   LD_LIBRARY_PATH: /opt/hostedtoolcache/Python/3.12.11/x64/lib
2025-08-17T01:43:55.9795391Z   POSTGRES_USER: postgres
2025-08-17T01:43:55.9795619Z   POSTGRES_PASSWORD: pass
2025-08-17T01:43:55.9795832Z   POSTGRES_DB: awa
2025-08-17T01:43:55.9796028Z ##[endgroup]
2025-08-17T01:43:56.5899072Z INFO  [alembic.runtime.migration] Context impl PostgresqlImpl.
2025-08-17T01:43:56.5899658Z INFO  [alembic.runtime.migration] Will assume transactional DDL.
2025-08-17T01:43:56.6057200Z INFO  [alembic.runtime.migration] Running upgrade  -> 0001_baseline
2025-08-17T01:43:56.6210138Z INFO  [alembic.runtime.migration] Running upgrade 0001_baseline -> 0002_create_roi_view
2025-08-17T01:43:56.6236075Z INFO  [alembic.runtime.migration] Running upgrade 0002_create_roi_view -> 3e9d5c5aff2c
2025-08-17T01:43:56.6400041Z INFO  [alembic.runtime.migration] Running upgrade 3e9d5c5aff2c -> 0003_vendor_prices
2025-08-17T01:43:56.6547997Z INFO  [alembic.runtime.migration] Running upgrade 0003_vendor_prices -> 0004_fee_cron
2025-08-17T01:43:56.6617788Z INFO  [alembic.runtime.migration] Running upgrade 0004_fee_cron -> 0006_fix_roi_views
2025-08-17T01:43:56.6649298Z INFO  [alembic.runtime.migration] Running upgrade 0006_fix_roi_views -> 0020_unified_schema
2025-08-17T01:43:56.6760502Z INFO  [alembic.runtime.migration] Running upgrade 0020_unified_schema -> 0022_fix_roi_view
2025-08-17T01:43:56.6824250Z INFO  [alembic.runtime.migration] Running upgrade 0022_fix_roi_view -> 0023_add_storage_fee
2025-08-17T01:43:56.6860131Z INFO  [alembic.runtime.migration] Running upgrade 0023_add_storage_fee -> 0024_create_buybox
2025-08-17T01:43:56.7615135Z ##[group]Run pytest -q --cov=services
2025-08-17T01:43:56.7615703Z [36;1mpytest -q --cov=services[0m
2025-08-17T01:43:56.7675164Z shell: /usr/bin/bash -e {0}
2025-08-17T01:43:56.7675556Z env:
2025-08-17T01:43:56.7675858Z   PG_USER: postgres
2025-08-17T01:43:56.7676207Z   PG_PASSWORD: pass
2025-08-17T01:43:56.7676542Z   PG_DATABASE: awa
2025-08-17T01:43:56.7676880Z   PG_HOST: localhost
2025-08-17T01:43:56.7677236Z   PG_PORT: 5432
2025-08-17T01:43:56.7677965Z   PG_SYNC_DSN: ***localhost:5432/awa
2025-08-17T01:43:56.7678718Z   PG_ASYNC_DSN: ***localhost:5432/awa
2025-08-17T01:43:56.7679500Z   DATABASE_URL: ***localhost:5432/awa
2025-08-17T01:43:56.7680009Z   DATA_DIR: /home/runner/work/_temp/awa-data
2025-08-17T01:43:56.7680466Z   ENABLE_LIVE: 0
2025-08-17T01:43:56.7680786Z   TESTING: 1
2025-08-17T01:43:56.7681234Z   pythonLocation: /opt/hostedtoolcache/Python/3.12.11/x64
2025-08-17T01:43:56.7681957Z   PKG_CONFIG_PATH: /opt/hostedtoolcache/Python/3.12.11/x64/lib/pkgconfig
2025-08-17T01:43:56.7683009Z   Python_ROOT_DIR: /opt/hostedtoolcache/Python/3.12.11/x64
2025-08-17T01:43:56.7683682Z   Python2_ROOT_DIR: /opt/hostedtoolcache/Python/3.12.11/x64
2025-08-17T01:43:56.7684345Z   Python3_ROOT_DIR: /opt/hostedtoolcache/Python/3.12.11/x64
2025-08-17T01:43:56.7685030Z   LD_LIBRARY_PATH: /opt/hostedtoolcache/Python/3.12.11/x64/lib
2025-08-17T01:43:56.7685591Z   POSTGRES_USER: postgres
2025-08-17T01:43:56.7685982Z   POSTGRES_PASSWORD: pass
2025-08-17T01:43:56.7686360Z   POSTGRES_DB: awa
2025-08-17T01:43:56.7686707Z   LLM_PROVIDER: lan
2025-08-17T01:43:56.7687091Z   LLM_BASE_URL: http://localhost:8000
2025-08-17T01:43:56.7687522Z ##[endgroup]
2025-08-17T01:44:23.4464702Z .....s.................................................................. [ 58%]
2025-08-17T01:44:54.6799712Z ...................................................                      [100%]
2025-08-17T01:44:54.6800564Z =============================== warnings summary ===============================
2025-08-17T01:44:54.6801397Z services/alert_bot/tests/test_smoke.py:5
2025-08-17T01:44:54.6804721Z   /home/runner/work/AWA-App/AWA-App/services/alert_bot/tests/test_smoke.py:5: UserWarning: pkg_resources is deprecated as an API. See https://setuptools.pypa.io/en/latest/pkg_resources.html. The pkg_resources package is slated for removal as early as 2025-11-30. Refrain from using this package or pin to Setuptools<81.
2025-08-17T01:44:54.6806671Z     import pkg_resources  # noqa: F401
2025-08-17T01:44:54.6806897Z 
2025-08-17T01:44:54.6807135Z tests/test_api_fast.py::test_health_endpoint
2025-08-17T01:44:54.6808552Z   /home/runner/work/AWA-App/AWA-App/tests/test_api_fast.py:13: DeprecationWarning: datetime.datetime.utcnow() is deprecated and scheduled for removal in a future version. Use timezone-aware objects to represent datetimes in UTC: datetime.datetime.now(datetime.UTC).
2025-08-17T01:44:54.6809809Z     return datetime.datetime.utcnow()
2025-08-17T01:44:54.6810025Z 
2025-08-17T01:44:54.6810182Z tests/test_api_fast.py: 1 warning
2025-08-17T01:44:54.6810531Z tests/test_health.py: 5 warnings
2025-08-17T01:44:54.6810869Z tests/test_smoke.py: 5 warnings
2025-08-17T01:44:54.6811243Z services/api/tests/test_health.py: 1 warning
2025-08-17T01:44:54.6812890Z   /home/runner/work/AWA-App/AWA-App/services/api/routes/health.py:24: DeprecationWarning: datetime.datetime.utcnow() is deprecated and scheduled for removal in a future version. Use timezone-aware objects to represent datetimes in UTC: datetime.datetime.now(datetime.UTC).
2025-08-17T01:44:54.6814256Z     app_now = datetime.utcnow().replace(tzinfo=timezone.utc)
2025-08-17T01:44:54.6814527Z 
2025-08-17T01:44:54.6814703Z tests/test_health.py::test_health[0]
2025-08-17T01:44:54.6815074Z tests/test_health.py::test_health[1]
2025-08-17T01:44:54.6815458Z tests/test_health.py::test_health[2]
2025-08-17T01:44:54.6815969Z tests/test_health.py::test_health[3]
2025-08-17T01:44:54.6816393Z tests/test_health.py::test_health[4]
2025-08-17T01:44:54.6818023Z   /home/runner/work/AWA-App/AWA-App/tests/test_health.py:22: DeprecationWarning: datetime.datetime.utcnow() is deprecated and scheduled for removal in a future version. Use timezone-aware objects to represent datetimes in UTC: datetime.datetime.now(datetime.UTC).
2025-08-17T01:44:54.6819287Z     return datetime.datetime.utcnow()
2025-08-17T01:44:54.6819499Z 
2025-08-17T01:44:54.6819660Z tests/test_smoke.py::test_health[0]
2025-08-17T01:44:54.6820015Z tests/test_smoke.py::test_health[1]
2025-08-17T01:44:54.6820359Z tests/test_smoke.py::test_health[2]
2025-08-17T01:44:54.6820699Z tests/test_smoke.py::test_health[3]
2025-08-17T01:44:54.6821042Z tests/test_smoke.py::test_health[4]
2025-08-17T01:44:54.6822641Z   /home/runner/work/AWA-App/AWA-App/tests/test_smoke.py:32: DeprecationWarning: datetime.datetime.utcnow() is deprecated and scheduled for removal in a future version. Use timezone-aware objects to represent datetimes in UTC: datetime.datetime.now(datetime.UTC).
2025-08-17T01:44:54.6823726Z     return datetime.datetime.utcnow()
2025-08-17T01:44:54.6823917Z 
2025-08-17T01:44:54.6824144Z services/api/tests/test_health.py::test_health_route
2025-08-17T01:44:54.6825380Z   /home/runner/work/AWA-App/AWA-App/services/api/tests/test_health.py:14: DeprecationWarning: datetime.datetime.utcnow() is deprecated and scheduled for removal in a future version. Use timezone-aware objects to represent datetimes in UTC: datetime.datetime.now(datetime.UTC).
2025-08-17T01:44:54.6826436Z     return datetime.datetime.utcnow()
2025-08-17T01:44:54.6826622Z 
2025-08-17T01:44:54.6826913Z -- Docs: https://docs.pytest.org/en/stable/how-to/capture-warnings.html
2025-08-17T01:44:54.6827412Z ================================ tests coverage ================================
2025-08-17T01:44:54.6827888Z _______________ coverage: platform linux, python 3.12.11-final-0 _______________
2025-08-17T01:44:54.6828157Z 
2025-08-17T01:44:54.6828323Z Coverage XML written to file coverage.xml
2025-08-17T01:44:54.6828746Z Required test coverage of 45% reached. Total coverage: 58.08%
2025-08-17T01:44:55.0090602Z ##[group]Run echo "::group::postgres container logs"
2025-08-17T01:44:55.0091176Z [36;1mecho "::group::postgres container logs"[0m
2025-08-17T01:44:55.0091658Z [36;1mdocker logs f18b3ca92e837af8eae2246e7409b8f741f902f47b14b4d17eeaaadf21697434 --tail 200[0m
2025-08-17T01:44:55.0092122Z [36;1mecho "::endgroup::"[0m
2025-08-17T01:44:55.0133455Z shell: /usr/bin/bash -e {0}
2025-08-17T01:44:55.0133701Z env:
2025-08-17T01:44:55.0133885Z   PG_USER: postgres
2025-08-17T01:44:55.0134101Z   PG_PASSWORD: pass
2025-08-17T01:44:55.0134300Z   PG_DATABASE: awa
2025-08-17T01:44:55.0134494Z   PG_HOST: localhost
2025-08-17T01:44:55.0134693Z   PG_PORT: 5432
2025-08-17T01:44:55.0135105Z   PG_SYNC_DSN: ***localhost:5432/awa
2025-08-17T01:44:55.0135523Z   PG_ASYNC_DSN: ***localhost:5432/awa
2025-08-17T01:44:55.0135914Z   DATABASE_URL: ***localhost:5432/awa
2025-08-17T01:44:55.0136172Z   DATA_DIR: /tmp/awa-data
2025-08-17T01:44:55.0136399Z   ENABLE_LIVE: 0
2025-08-17T01:44:55.0136614Z   TESTING: 1
2025-08-17T01:44:55.0136866Z   pythonLocation: /opt/hostedtoolcache/Python/3.12.11/x64
2025-08-17T01:44:55.0137286Z   PKG_CONFIG_PATH: /opt/hostedtoolcache/Python/3.12.11/x64/lib/pkgconfig
2025-08-17T01:44:55.0137699Z   Python_ROOT_DIR: /opt/hostedtoolcache/Python/3.12.11/x64
2025-08-17T01:44:55.0138066Z   Python2_ROOT_DIR: /opt/hostedtoolcache/Python/3.12.11/x64
2025-08-17T01:44:55.0138432Z   Python3_ROOT_DIR: /opt/hostedtoolcache/Python/3.12.11/x64
2025-08-17T01:44:55.0138800Z   LD_LIBRARY_PATH: /opt/hostedtoolcache/Python/3.12.11/x64/lib
2025-08-17T01:44:55.0139107Z ##[endgroup]
2025-08-17T01:44:55.0197614Z ##[group]postgres container logs
2025-08-17T01:44:55.0319037Z The files belonging to this database system will be owned by user "postgres".
2025-08-17T01:44:55.0320334Z This user must also own the server process.
2025-08-17T01:44:55.0320697Z 
2025-08-17T01:44:55.0321457Z initdb: warning: enabling "trust" authentication for local connections
2025-08-17T01:44:55.0323024Z initdb: hint: You can change this by editing pg_hba.conf or using the option -A, or --auth-local and --auth-host, the next time you run initdb.
2025-08-17T01:44:55.0324852Z 2025-08-17 01:42:35.300 UTC [1] LOG:  starting PostgreSQL 15.14 (Debian 15.14-1.pgdg13+1) on x86_64-pc-linux-gnu, compiled by gcc (Debian 14.2.0-19) 14.2.0, 64-bit
2025-08-17T01:44:55.0326146Z 2025-08-17 01:42:35.300 UTC [1] LOG:  listening on IPv4 address "0.0.0.0", port 5432
2025-08-17T01:44:55.0327068Z 2025-08-17 01:42:35.300 UTC [1] LOG:  listening on IPv6 address "::", port 5432
2025-08-17T01:44:55.0328049Z 2025-08-17 01:42:35.301 UTC [1] LOG:  listening on Unix socket "/var/run/postgresql/.s.PGSQL.5432"
2025-08-17T01:44:55.0329130Z 2025-08-17 01:42:35.304 UTC [64] LOG:  database system was shut down at 2025-08-17 01:42:35 UTC
2025-08-17T01:44:55.0330086Z 2025-08-17 01:42:35.307 UTC [1] LOG:  database system is ready to accept connections
2025-08-17T01:44:55.0330972Z The database cluster will be initialized with locale "en_US.utf8".
2025-08-17T01:44:55.0331832Z The default database encoding has accordingly been set to "UTF8".
2025-08-17T01:44:55.0332818Z The default text search configuration will be set to "english".
2025-08-17T01:44:55.0333242Z 
2025-08-17T01:44:55.0333476Z Data page checksums are disabled.
2025-08-17T01:44:55.0333756Z 
2025-08-17T01:44:55.0334234Z fixing permissions on existing directory /var/lib/postgresql/data ... ok
2025-08-17T01:44:55.0334936Z creating subdirectories ... ok
2025-08-17T01:44:55.0335565Z selecting dynamic shared memory implementation ... posix
2025-08-17T01:44:55.0336248Z selecting default max_connections ... 100
2025-08-17T01:44:55.0336836Z selecting default shared_buffers ... 128MB
2025-08-17T01:44:55.0337394Z selecting default time zone ... Etc/UTC
2025-08-17T01:44:55.0337918Z creating configuration files ... ok
2025-08-17T01:44:55.0338429Z running bootstrap script ... ok
2025-08-17T01:44:55.0339192Z performing post-bootstrap initialization ... ok
2025-08-17T01:44:55.0339754Z syncing data to disk ... ok
2025-08-17T01:44:55.0340269Z 
2025-08-17T01:44:55.0340280Z 
2025-08-17T01:44:55.0340502Z Success. You can now start the database server using:
2025-08-17T01:44:55.0340955Z 
2025-08-17T01:44:55.0341147Z     pg_ctl -D /var/lib/postgresql/data -l logfile start
2025-08-17T01:44:55.0341365Z 
2025-08-17T01:44:55.0342078Z waiting for server to start....2025-08-17 01:42:34.996 UTC [48] LOG:  starting PostgreSQL 15.14 (Debian 15.14-1.pgdg13+1) on x86_64-pc-linux-gnu, compiled by gcc (Debian 14.2.0-19) 14.2.0, 64-bit
2025-08-17T01:44:55.0343253Z 2025-08-17 01:42:34.997 UTC [48] LOG:  listening on Unix socket "/var/run/postgresql/.s.PGSQL.5432"
2025-08-17T01:44:55.0343891Z 2025-08-17 01:42:35.000 UTC [51] LOG:  database system was shut down at 2025-08-17 01:42:34 UTC
2025-08-17T01:44:55.0344457Z 2025-08-17 01:42:35.004 UTC [48] LOG:  database system is ready to accept connections
2025-08-17T01:44:55.0344803Z  done
2025-08-17T01:44:55.0344979Z server started
2025-08-17T01:44:55.0345172Z CREATE DATABASE
2025-08-17T01:44:55.0345285Z 
2025-08-17T01:44:55.0345297Z 
2025-08-17T01:44:55.0345611Z /usr/local/bin/docker-entrypoint.sh: ignoring /docker-entrypoint-initdb.d/*
2025-08-17T01:44:55.0345926Z 
2025-08-17T01:44:55.0346164Z 2025-08-17 01:42:35.181 UTC [48] LOG:  received fast shutdown request
2025-08-17T01:44:55.0346766Z waiting for server to shut down....2025-08-17 01:42:35.182 UTC [48] LOG:  aborting any active transactions
2025-08-17T01:44:55.0347506Z 2025-08-17 01:42:35.185 UTC [48] LOG:  background worker "logical replication launcher" (PID 54) exited with exit code 1
2025-08-17T01:44:55.0348053Z 2025-08-17 01:42:35.185 UTC [49] LOG:  shutting down
2025-08-17T01:44:55.0348527Z 2025-08-17 01:42:35.185 UTC [49] LOG:  checkpoint starting: shutdown immediate
2025-08-17T01:44:55.0349671Z 2025-08-17 01:42:35.200 UTC [49] LOG:  checkpoint complete: wrote 922 buffers (5.6%); 0 WAL file(s) added, 0 removed, 0 recycled; write=0.013 s, sync=0.002 s, total=0.016 s; sync files=301, longest=0.001 s, average=0.001 s; distance=4239 kB, estimate=4239 kB
2025-08-17T01:44:55.0350592Z 2025-08-17 01:42:35.207 UTC [48] LOG:  database system is shut down
2025-08-17T01:44:55.0350905Z  done
2025-08-17T01:44:55.0351082Z server stopped
2025-08-17T01:44:55.0351203Z 
2025-08-17T01:44:55.0351407Z PostgreSQL init process complete; ready for start up.
2025-08-17T01:44:55.0351632Z 
2025-08-17T01:44:55.0351925Z ##[endgroup]
2025-08-17T01:44:55.0402131Z Post job cleanup.
2025-08-17T01:44:55.2678775Z Post job cleanup.
2025-08-17T01:44:55.3963020Z Cache hit occurred on the primary key Linux-test-dee7c0c28332ec2ebb5d2650fb0d2cfddf025b3b0e96b0c826645ad2cb717961, not saving cache.
2025-08-17T01:44:55.4045574Z Post job cleanup.
2025-08-17T01:44:55.5531926Z Cache hit occurred on the primary key setup-python-Linux-x64-24.04-Ubuntu-python-3.12.11-pip-9525a18cbbcaa34454f82be46fd5f414e3d4f6f801e5813edc74c4f8e6d130d0, not saving cache.
2025-08-17T01:44:55.5645429Z Post job cleanup.
2025-08-17T01:44:55.6569009Z [command]/usr/bin/git version
2025-08-17T01:44:55.6605691Z git version 2.50.1
2025-08-17T01:44:55.6670964Z Temporarily overriding HOME='/home/runner/work/_temp/e1b29232-bd38-4695-b12a-f4cb99b5757d' before making global git config changes
2025-08-17T01:44:55.6672926Z Adding repository directory to the temporary git global config as a safe directory
2025-08-17T01:44:55.6679056Z [command]/usr/bin/git config --global --add safe.directory /home/runner/work/AWA-App/AWA-App
2025-08-17T01:44:55.6719855Z [command]/usr/bin/git config --local --name-only --get-regexp core\.sshCommand
2025-08-17T01:44:55.6754360Z [command]/usr/bin/git submodule foreach --recursive sh -c "git config --local --name-only --get-regexp 'core\.sshCommand' && git config --local --unset-all 'core.sshCommand' || :"
2025-08-17T01:44:55.6981038Z [command]/usr/bin/git config --local --name-only --get-regexp http\.https\:\/\/github\.com\/\.extraheader
2025-08-17T01:44:55.7000954Z http.https://github.com/.extraheader
2025-08-17T01:44:55.7013011Z [command]/usr/bin/git config --local --unset-all http.https://github.com/.extraheader
2025-08-17T01:44:55.7043552Z [command]/usr/bin/git submodule foreach --recursive sh -c "git config --local --name-only --get-regexp 'http\.https\:\/\/github\.com\/\.extraheader' && git config --local --unset-all 'http.https://github.com/.extraheader' || :"
2025-08-17T01:44:55.7348563Z Print service container logs: 364a395ab58944b7834aeb9dd87ad263_postgres15_f87f6d
2025-08-17T01:44:55.7353518Z ##[command]/usr/bin/docker logs --details f18b3ca92e837af8eae2246e7409b8f741f902f47b14b4d17eeaaadf21697434
2025-08-17T01:44:55.7470838Z  initdb: warning: enabling "trust" authentication for local connections
2025-08-17T01:44:55.7471988Z  initdb: hint: You can change this by editing pg_hba.conf or using the option -A, or --auth-local and --auth-host, the next time you run initdb.
2025-08-17T01:44:55.7473330Z  The files belonging to this database system will be owned by user "postgres".
2025-08-17T01:44:55.7474503Z  2025-08-17 01:42:35.300 UTC [1] LOG:  starting PostgreSQL 15.14 (Debian 15.14-1.pgdg13+1) on x86_64-pc-linux-gnu, compiled by gcc (Debian 14.2.0-19) 14.2.0, 64-bit
2025-08-17T01:44:55.7475605Z  2025-08-17 01:42:35.300 UTC [1] LOG:  listening on IPv4 address "0.0.0.0", port 5432
2025-08-17T01:44:55.7476343Z  2025-08-17 01:42:35.300 UTC [1] LOG:  listening on IPv6 address "::", port 5432
2025-08-17T01:44:55.7477126Z  2025-08-17 01:42:35.301 UTC [1] LOG:  listening on Unix socket "/var/run/postgresql/.s.PGSQL.5432"
2025-08-17T01:44:55.7477979Z  2025-08-17 01:42:35.304 UTC [64] LOG:  database system was shut down at 2025-08-17 01:42:35 UTC
2025-08-17T01:44:55.7478743Z  2025-08-17 01:42:35.307 UTC [1] LOG:  database system is ready to accept connections
2025-08-17T01:44:55.7479335Z  This user must also own the server process.
2025-08-17T01:44:55.7479775Z  
2025-08-17T01:44:55.7480215Z  The database cluster will be initialized with locale "en_US.utf8".
2025-08-17T01:44:55.7480924Z  The default database encoding has accordingly been set to "UTF8".
2025-08-17T01:44:55.7481607Z  The default text search configuration will be set to "english".
2025-08-17T01:44:55.7482126Z  
2025-08-17T01:44:55.7482573Z  Data page checksums are disabled.
2025-08-17T01:44:55.7482960Z  
2025-08-17T01:44:55.7483433Z  fixing permissions on existing directory /var/lib/postgresql/data ... ok
2025-08-17T01:44:55.7484070Z  creating subdirectories ... ok
2025-08-17T01:44:55.7484540Z  selecting dynamic shared memory implementation ... posix
2025-08-17T01:44:55.7485057Z  selecting default max_connections ... 100
2025-08-17T01:44:55.7485472Z  selecting default shared_buffers ... 128MB
2025-08-17T01:44:55.7485873Z  selecting default time zone ... Etc/UTC
2025-08-17T01:44:55.7486268Z  creating configuration files ... ok
2025-08-17T01:44:55.7486679Z  running bootstrap script ... ok
2025-08-17T01:44:55.7487149Z  performing post-bootstrap initialization ... ok
2025-08-17T01:44:55.7487638Z  syncing data to disk ... ok
2025-08-17T01:44:55.7487995Z  
2025-08-17T01:44:55.7488240Z  
2025-08-17T01:44:55.7488597Z  Success. You can now start the database server using:
2025-08-17T01:44:55.7489091Z  
2025-08-17T01:44:55.7489580Z      pg_ctl -D /var/lib/postgresql/data -l logfile start
2025-08-17T01:44:55.7489902Z  
2025-08-17T01:44:55.7490481Z  waiting for server to start....2025-08-17 01:42:34.996 UTC [48] LOG:  starting PostgreSQL 15.14 (Debian 15.14-1.pgdg13+1) on x86_64-pc-linux-gnu, compiled by gcc (Debian 14.2.0-19) 14.2.0, 64-bit
2025-08-17T01:44:55.7491437Z  2025-08-17 01:42:34.997 UTC [48] LOG:  listening on Unix socket "/var/run/postgresql/.s.PGSQL.5432"
2025-08-17T01:44:55.7491945Z  2025-08-17 01:42:35.000 UTC [51] LOG:  database system was shut down at 2025-08-17 01:42:34 UTC
2025-08-17T01:44:55.7492618Z  2025-08-17 01:42:35.004 UTC [48] LOG:  database system is ready to accept connections
2025-08-17T01:44:55.7492960Z   done
2025-08-17T01:44:55.7493132Z  server started
2025-08-17T01:44:55.7493316Z  CREATE DATABASE
2025-08-17T01:44:55.7493496Z  
2025-08-17T01:44:55.7493653Z  
2025-08-17T01:44:55.7493957Z  /usr/local/bin/docker-entrypoint.sh: ignoring /docker-entrypoint-initdb.d/*
2025-08-17T01:44:55.7494332Z  
2025-08-17T01:44:55.7494780Z  2025-08-17 01:42:35.181 UTC [48] LOG:  received fast shutdown request
2025-08-17T01:44:55.7495442Z  waiting for server to shut down....2025-08-17 01:42:35.182 UTC [48] LOG:  aborting any active transactions
2025-08-17T01:44:55.7496058Z  2025-08-17 01:42:35.185 UTC [48] LOG:  background worker "logical replication launcher" (PID 54) exited with exit code 1
2025-08-17T01:44:55.7496533Z  2025-08-17 01:42:35.185 UTC [49] LOG:  shutting down
2025-08-17T01:44:55.7496887Z  2025-08-17 01:42:35.185 UTC [49] LOG:  checkpoint starting: shutdown immediate
2025-08-17T01:44:55.7497719Z  2025-08-17 01:42:35.200 UTC [49] LOG:  checkpoint complete: wrote 922 buffers (5.6%); 0 WAL file(s) added, 0 removed, 0 recycled; write=0.013 s, sync=0.002 s, total=0.016 s; sync files=301, longest=0.001 s, average=0.001 s; distance=4239 kB, estimate=4239 kB
2025-08-17T01:44:55.7498524Z  2025-08-17 01:42:35.207 UTC [48] LOG:  database system is shut down
2025-08-17T01:44:55.7498810Z   done
2025-08-17T01:44:55.7498979Z  server stopped
2025-08-17T01:44:55.7499166Z  
2025-08-17T01:44:55.7499387Z  PostgreSQL init process complete; ready for start up.
2025-08-17T01:44:55.7499664Z  
2025-08-17T01:44:55.7505601Z Stop and remove container: 364a395ab58944b7834aeb9dd87ad263_postgres15_f87f6d
2025-08-17T01:44:55.7509990Z ##[command]/usr/bin/docker rm --force f18b3ca92e837af8eae2246e7409b8f741f902f47b14b4d17eeaaadf21697434
2025-08-17T01:44:55.8589542Z f18b3ca92e837af8eae2246e7409b8f741f902f47b14b4d17eeaaadf21697434
2025-08-17T01:44:55.8620143Z Remove container network: github_network_d000870dfaff47c68cde973af260bbf9
2025-08-17T01:44:55.8625343Z ##[command]/usr/bin/docker network rm github_network_d000870dfaff47c68cde973af260bbf9
2025-08-17T01:44:56.0185690Z github_network_d000870dfaff47c68cde973af260bbf9
2025-08-17T01:44:56.0243575Z Cleaning up orphan processes
