2025-08-19T08:54:51.3253937Z Current runner version: '2.327.1'
2025-08-19T08:54:51.3275222Z ##[group]Runner Image Provisioner
2025-08-19T08:54:51.3275963Z Hosted Compute Agent
2025-08-19T08:54:51.3276504Z Version: 20250818.377
2025-08-19T08:54:51.3277116Z Commit: 3c593e9f75fe0b87e893bca80d6e12ba089c61fc
2025-08-19T08:54:51.3277858Z Build Date: 2025-08-18T14:52:18Z
2025-08-19T08:54:51.3278434Z ##[endgroup]
2025-08-19T08:54:51.3278940Z ##[group]Operating System
2025-08-19T08:54:51.3279509Z Ubuntu
2025-08-19T08:54:51.3279941Z 24.04.2
2025-08-19T08:54:51.3280431Z LTS
2025-08-19T08:54:51.3280899Z ##[endgroup]
2025-08-19T08:54:51.3281382Z ##[group]Runner Image
2025-08-19T08:54:51.3281866Z Image: ubuntu-24.04
2025-08-19T08:54:51.3282424Z Version: 20250810.1.0
2025-08-19T08:54:51.3283588Z Included Software: https://github.com/actions/runner-images/blob/ubuntu24/20250810.1/images/ubuntu/Ubuntu2404-Readme.md
2025-08-19T08:54:51.3285181Z Image Release: https://github.com/actions/runner-images/releases/tag/ubuntu24%2F20250810.1
2025-08-19T08:54:51.3286118Z ##[endgroup]
2025-08-19T08:54:51.3288545Z ##[group]GITHUB_TOKEN Permissions
2025-08-19T08:54:51.3290382Z Actions: write
2025-08-19T08:54:51.3290911Z Attestations: write
2025-08-19T08:54:51.3291528Z Checks: write
2025-08-19T08:54:51.3292008Z Contents: write
2025-08-19T08:54:51.3292464Z Deployments: write
2025-08-19T08:54:51.3293010Z Discussions: write
2025-08-19T08:54:51.3293718Z Issues: write
2025-08-19T08:54:51.3294155Z Metadata: read
2025-08-19T08:54:51.3294712Z Models: read
2025-08-19T08:54:51.3295148Z Packages: write
2025-08-19T08:54:51.3295636Z Pages: write
2025-08-19T08:54:51.3296111Z PullRequests: write
2025-08-19T08:54:51.3296646Z RepositoryProjects: write
2025-08-19T08:54:51.3297162Z SecurityEvents: write
2025-08-19T08:54:51.3297817Z Statuses: write
2025-08-19T08:54:51.3298318Z ##[endgroup]
2025-08-19T08:54:51.3300198Z Secret source: Actions
2025-08-19T08:54:51.3300942Z Prepare workflow directory
2025-08-19T08:54:51.3718356Z Prepare all required actions
2025-08-19T08:54:51.3754828Z Getting action download info
2025-08-19T08:54:51.7967253Z Download action repository 'actions/checkout@v4' (SHA:08eba0b27e820071cde6df949e0beb9ba4906955)
2025-08-19T08:54:52.7263244Z Download action repository 'actions/setup-python@v5' (SHA:a26af69be951a213d495a4c3e4e4022e16d87065)
2025-08-19T08:54:53.5605403Z Download action repository 'actions/cache@v4' (SHA:0400d5f644dc74513175e3cd8d07132dd4860809)
2025-08-19T08:54:54.4168432Z Download action repository 'actions/setup-node@v4' (SHA:49933ea5288caeca8642d1e84afbd3f7d6820020)
2025-08-19T08:54:54.5364142Z Download action repository 'codecov/codecov-action@v4' (SHA:b9fd7d16f6d7d1b5d2bec1a2887e65ceed900238)
2025-08-19T08:54:55.3614914Z Complete job name: test
2025-08-19T08:54:55.4075892Z ##[group]Checking docker version
2025-08-19T08:54:55.4088243Z ##[command]/usr/bin/docker version --format '{{.Server.APIVersion}}'
2025-08-19T08:54:55.4497063Z '1.48'
2025-08-19T08:54:55.4508375Z Docker daemon API version: '1.48'
2025-08-19T08:54:55.4508799Z ##[command]/usr/bin/docker version --format '{{.Client.APIVersion}}'
2025-08-19T08:54:55.4653020Z '1.48'
2025-08-19T08:54:55.4666559Z Docker client API version: '1.48'
2025-08-19T08:54:55.4671683Z ##[endgroup]
2025-08-19T08:54:55.4674747Z ##[group]Clean up resources from previous jobs
2025-08-19T08:54:55.4679398Z ##[command]/usr/bin/docker ps --all --quiet --no-trunc --filter "label=38a6fb"
2025-08-19T08:54:55.4807795Z ##[command]/usr/bin/docker network prune --force --filter "label=38a6fb"
2025-08-19T08:54:55.4924793Z ##[endgroup]
2025-08-19T08:54:55.4925045Z ##[group]Create local container network
2025-08-19T08:54:55.4934444Z ##[command]/usr/bin/docker network create --label 38a6fb github_network_6faff6939e274f46964fff249122f825
2025-08-19T08:54:55.5429374Z e9541b0b0ade751cc81075e6df2d5f29bcff54ab771828398db78d82a5f4f135
2025-08-19T08:54:55.5447531Z ##[endgroup]
2025-08-19T08:54:55.5470264Z ##[group]Starting postgres service container
2025-08-19T08:54:55.5489086Z ##[command]/usr/bin/docker pull postgres:15
2025-08-19T08:54:56.4012731Z 15: Pulling from library/postgres
2025-08-19T08:54:56.6228572Z 396b1da7636e: Pulling fs layer
2025-08-19T08:54:56.6229222Z fca2566eba32: Pulling fs layer
2025-08-19T08:54:56.6229644Z 631fe8c6d606: Pulling fs layer
2025-08-19T08:54:56.6230058Z 77c7671c4414: Pulling fs layer
2025-08-19T08:54:56.6230470Z 2d9e29180a27: Pulling fs layer
2025-08-19T08:54:56.6230892Z c6bcc2c9a041: Pulling fs layer
2025-08-19T08:54:56.6231320Z ac4b721eb66f: Pulling fs layer
2025-08-19T08:54:56.6231695Z 606bd164980e: Pulling fs layer
2025-08-19T08:54:56.6232075Z f5dfd246bc6e: Pulling fs layer
2025-08-19T08:54:56.6232449Z ba7036bb0a60: Pulling fs layer
2025-08-19T08:54:56.6232852Z 799f859abbbd: Pulling fs layer
2025-08-19T08:54:56.6233449Z d903e777080c: Pulling fs layer
2025-08-19T08:54:56.6233839Z 04adcb462801: Pulling fs layer
2025-08-19T08:54:56.6234231Z 5c10925b29ff: Pulling fs layer
2025-08-19T08:54:56.6234600Z 606bd164980e: Waiting
2025-08-19T08:54:56.6234908Z f5dfd246bc6e: Waiting
2025-08-19T08:54:56.6235128Z ba7036bb0a60: Waiting
2025-08-19T08:54:56.6235322Z 799f859abbbd: Waiting
2025-08-19T08:54:56.6235562Z d903e777080c: Waiting
2025-08-19T08:54:56.6235735Z 2d9e29180a27: Waiting
2025-08-19T08:54:56.6235899Z 04adcb462801: Waiting
2025-08-19T08:54:56.6236069Z 5c10925b29ff: Waiting
2025-08-19T08:54:56.6236237Z c6bcc2c9a041: Waiting
2025-08-19T08:54:56.6236410Z ac4b721eb66f: Waiting
2025-08-19T08:54:56.6236575Z 77c7671c4414: Waiting
2025-08-19T08:54:56.9029320Z fca2566eba32: Download complete
2025-08-19T08:54:57.0497472Z 631fe8c6d606: Verifying Checksum
2025-08-19T08:54:57.0499517Z 631fe8c6d606: Download complete
2025-08-19T08:54:57.1051928Z 396b1da7636e: Verifying Checksum
2025-08-19T08:54:57.1052803Z 396b1da7636e: Download complete
2025-08-19T08:54:57.2690211Z 77c7671c4414: Verifying Checksum
2025-08-19T08:54:57.2691616Z 77c7671c4414: Download complete
2025-08-19T08:54:57.4344599Z c6bcc2c9a041: Verifying Checksum
2025-08-19T08:54:57.4345066Z c6bcc2c9a041: Download complete
2025-08-19T08:54:57.4587499Z 2d9e29180a27: Verifying Checksum
2025-08-19T08:54:57.4587975Z 2d9e29180a27: Download complete
2025-08-19T08:54:57.5363533Z ac4b721eb66f: Verifying Checksum
2025-08-19T08:54:57.5364024Z ac4b721eb66f: Download complete
2025-08-19T08:54:57.7148971Z 606bd164980e: Verifying Checksum
2025-08-19T08:54:57.7149461Z 606bd164980e: Download complete
2025-08-19T08:54:57.8339720Z ba7036bb0a60: Verifying Checksum
2025-08-19T08:54:57.8340203Z ba7036bb0a60: Download complete
2025-08-19T08:54:57.9957652Z 799f859abbbd: Verifying Checksum
2025-08-19T08:54:57.9958155Z 799f859abbbd: Download complete
2025-08-19T08:54:58.0638266Z 396b1da7636e: Pull complete
2025-08-19T08:54:58.1085243Z d903e777080c: Verifying Checksum
2025-08-19T08:54:58.1086553Z d903e777080c: Download complete
2025-08-19T08:54:58.2885170Z 04adcb462801: Verifying Checksum
2025-08-19T08:54:58.2885517Z 04adcb462801: Download complete
2025-08-19T08:54:58.3835542Z 5c10925b29ff: Verifying Checksum
2025-08-19T08:54:58.3835988Z 5c10925b29ff: Download complete
2025-08-19T08:54:58.6257557Z fca2566eba32: Pull complete
2025-08-19T08:54:58.7483358Z f5dfd246bc6e: Verifying Checksum
2025-08-19T08:54:58.7483977Z f5dfd246bc6e: Download complete
2025-08-19T08:54:58.8261737Z 631fe8c6d606: Pull complete
2025-08-19T08:54:58.8707516Z 77c7671c4414: Pull complete
2025-08-19T08:54:59.1859442Z 2d9e29180a27: Pull complete
2025-08-19T08:54:59.2706712Z c6bcc2c9a041: Pull complete
2025-08-19T08:54:59.2799041Z ac4b721eb66f: Pull complete
2025-08-19T08:54:59.2902397Z 606bd164980e: Pull complete
2025-08-19T08:55:02.2337312Z f5dfd246bc6e: Pull complete
2025-08-19T08:55:02.2504043Z ba7036bb0a60: Pull complete
2025-08-19T08:55:02.2612331Z 799f859abbbd: Pull complete
2025-08-19T08:55:02.2727479Z d903e777080c: Pull complete
2025-08-19T08:55:02.2835877Z 04adcb462801: Pull complete
2025-08-19T08:55:02.2944555Z 5c10925b29ff: Pull complete
2025-08-19T08:55:02.2983620Z Digest: sha256:bc51cf4f1fe02cce7ed2370b20128a9b00b4eb804573a77d2a0d877aaa9c82b1
2025-08-19T08:55:02.2996408Z Status: Downloaded newer image for postgres:15
2025-08-19T08:55:02.3007366Z docker.io/library/postgres:15
2025-08-19T08:55:02.3067856Z ##[command]/usr/bin/docker create --name 33b2f7f76c4747189d0cfd387c2cd996_postgres15_dfae29 --label 38a6fb --network github_network_6faff6939e274f46964fff249122f825 --network-alias postgres -p 5432:5432 --health-cmd="pg_isready -U postgres -d awa" --health-interval=5s --health-timeout=5s --health-retries=10 -e "POSTGRES_USER=postgres" -e "POSTGRES_PASSWORD=pass" -e "POSTGRES_DB=awa" -e GITHUB_ACTIONS=true -e CI=true postgres:15
2025-08-19T08:55:02.3335804Z 79cea971f570de8c3f7371dd45ad51fe185125ca95d1918848f255891ec2e94b
2025-08-19T08:55:02.3357550Z ##[command]/usr/bin/docker start 79cea971f570de8c3f7371dd45ad51fe185125ca95d1918848f255891ec2e94b
2025-08-19T08:55:02.5038536Z 79cea971f570de8c3f7371dd45ad51fe185125ca95d1918848f255891ec2e94b
2025-08-19T08:55:02.5085523Z ##[command]/usr/bin/docker ps --all --filter id=79cea971f570de8c3f7371dd45ad51fe185125ca95d1918848f255891ec2e94b --filter status=running --no-trunc --format "{{.ID}} {{.Status}}"
2025-08-19T08:55:02.5210167Z 79cea971f570de8c3f7371dd45ad51fe185125ca95d1918848f255891ec2e94b Up Less than a second (health: starting)
2025-08-19T08:55:02.5230171Z ##[command]/usr/bin/docker port 79cea971f570de8c3f7371dd45ad51fe185125ca95d1918848f255891ec2e94b
2025-08-19T08:55:02.5352573Z 5432/tcp -> 0.0.0.0:5432
2025-08-19T08:55:02.5352942Z 5432/tcp -> [::]:5432
2025-08-19T08:55:02.5405338Z ##[endgroup]
2025-08-19T08:55:02.5406210Z ##[group]Starting redis service container
2025-08-19T08:55:02.5407477Z ##[command]/usr/bin/docker pull redis:7-alpine
2025-08-19T08:55:03.3792565Z 7-alpine: Pulling from library/redis
2025-08-19T08:55:03.6093318Z 0368fd46e3c6: Pulling fs layer
2025-08-19T08:55:03.6093763Z 4c55286bbede: Pulling fs layer
2025-08-19T08:55:03.6094129Z 5e28347af205: Pulling fs layer
2025-08-19T08:55:03.6094495Z 311eca34042e: Pulling fs layer
2025-08-19T08:55:03.6094822Z e6fe6f07e192: Pulling fs layer
2025-08-19T08:55:03.6095138Z a2cadbfeca72: Pulling fs layer
2025-08-19T08:55:03.6095446Z 4f4fb700ef54: Pulling fs layer
2025-08-19T08:55:03.6095800Z a976ed7e7808: Pulling fs layer
2025-08-19T08:55:03.6096124Z e6fe6f07e192: Waiting
2025-08-19T08:55:03.6096429Z a2cadbfeca72: Waiting
2025-08-19T08:55:03.6096721Z 4f4fb700ef54: Waiting
2025-08-19T08:55:03.6097029Z a976ed7e7808: Waiting
2025-08-19T08:55:03.6097324Z 311eca34042e: Waiting
2025-08-19T08:55:03.8764804Z 4c55286bbede: Verifying Checksum
2025-08-19T08:55:03.8765505Z 4c55286bbede: Download complete
2025-08-19T08:55:03.9287868Z 5e28347af205: Verifying Checksum
2025-08-19T08:55:03.9288507Z 5e28347af205: Download complete
2025-08-19T08:55:03.9607276Z 0368fd46e3c6: Verifying Checksum
2025-08-19T08:55:03.9607667Z 0368fd46e3c6: Download complete
2025-08-19T08:55:04.0618570Z 0368fd46e3c6: Pull complete
2025-08-19T08:55:04.0827803Z 4c55286bbede: Pull complete
2025-08-19T08:55:04.2120913Z 311eca34042e: Verifying Checksum
2025-08-19T08:55:04.2121371Z 311eca34042e: Download complete
2025-08-19T08:55:04.2147629Z 5e28347af205: Pull complete
2025-08-19T08:55:04.2416500Z 311eca34042e: Pull complete
2025-08-19T08:55:04.2512663Z a2cadbfeca72: Verifying Checksum
2025-08-19T08:55:04.2513325Z a2cadbfeca72: Download complete
2025-08-19T08:55:04.4019666Z e6fe6f07e192: Verifying Checksum
2025-08-19T08:55:04.4020622Z e6fe6f07e192: Download complete
2025-08-19T08:55:04.4985796Z 4f4fb700ef54: Verifying Checksum
2025-08-19T08:55:04.4986941Z 4f4fb700ef54: Download complete
2025-08-19T08:55:04.5338332Z a976ed7e7808: Verifying Checksum
2025-08-19T08:55:04.5339212Z a976ed7e7808: Download complete
2025-08-19T08:55:04.5816355Z e6fe6f07e192: Pull complete
2025-08-19T08:55:04.5901574Z a2cadbfeca72: Pull complete
2025-08-19T08:55:04.5975289Z 4f4fb700ef54: Pull complete
2025-08-19T08:55:04.6087067Z a976ed7e7808: Pull complete
2025-08-19T08:55:04.6124747Z Digest: sha256:bb186d083732f669da90be8b0f975a37812b15e913465bb14d845db72a4e3e08
2025-08-19T08:55:04.6135842Z Status: Downloaded newer image for redis:7-alpine
2025-08-19T08:55:04.6143620Z docker.io/library/redis:7-alpine
2025-08-19T08:55:04.6159879Z ##[command]/usr/bin/docker create --name 21f0b910ba734ba3a5865b75109cdd67_redis7alpine_f6c411 --label 38a6fb --network github_network_6faff6939e274f46964fff249122f825 --network-alias redis -p 6379:6379  -e GITHUB_ACTIONS=true -e CI=true redis:7-alpine
2025-08-19T08:55:04.6393895Z 815c0d8d281317379ab44590e294a7c95d3d78a580d34ca45e81d09e1fbc1cea
2025-08-19T08:55:04.6407439Z ##[command]/usr/bin/docker start 815c0d8d281317379ab44590e294a7c95d3d78a580d34ca45e81d09e1fbc1cea
2025-08-19T08:55:04.7685609Z 815c0d8d281317379ab44590e294a7c95d3d78a580d34ca45e81d09e1fbc1cea
2025-08-19T08:55:04.7701699Z ##[command]/usr/bin/docker ps --all --filter id=815c0d8d281317379ab44590e294a7c95d3d78a580d34ca45e81d09e1fbc1cea --filter status=running --no-trunc --format "{{.ID}} {{.Status}}"
2025-08-19T08:55:04.7819914Z 815c0d8d281317379ab44590e294a7c95d3d78a580d34ca45e81d09e1fbc1cea Up Less than a second
2025-08-19T08:55:04.7832475Z ##[command]/usr/bin/docker port 815c0d8d281317379ab44590e294a7c95d3d78a580d34ca45e81d09e1fbc1cea
2025-08-19T08:55:04.7941362Z 6379/tcp -> 0.0.0.0:6379
2025-08-19T08:55:04.7941717Z 6379/tcp -> [::]:6379
2025-08-19T08:55:04.7954695Z ##[endgroup]
2025-08-19T08:55:04.7965772Z ##[group]Waiting for all services to be ready
2025-08-19T08:55:04.7978790Z ##[command]/usr/bin/docker inspect --format="{{if .Config.Healthcheck}}{{print .State.Health.Status}}{{end}}" 79cea971f570de8c3f7371dd45ad51fe185125ca95d1918848f255891ec2e94b
2025-08-19T08:55:04.8091478Z starting
2025-08-19T08:55:04.8116918Z postgres service is starting, waiting 2 seconds before checking again.
2025-08-19T08:55:06.8111667Z ##[command]/usr/bin/docker inspect --format="{{if .Config.Healthcheck}}{{print .State.Health.Status}}{{end}}" 79cea971f570de8c3f7371dd45ad51fe185125ca95d1918848f255891ec2e94b
2025-08-19T08:55:06.8228532Z starting
2025-08-19T08:55:06.8245200Z postgres service is starting, waiting 3 seconds before checking again.
2025-08-19T08:55:10.6013679Z ##[command]/usr/bin/docker inspect --format="{{if .Config.Healthcheck}}{{print .State.Health.Status}}{{end}}" 79cea971f570de8c3f7371dd45ad51fe185125ca95d1918848f255891ec2e94b
2025-08-19T08:55:10.6131730Z healthy
2025-08-19T08:55:10.6148170Z postgres service is healthy.
2025-08-19T08:55:10.6148978Z ##[command]/usr/bin/docker inspect --format="{{if .Config.Healthcheck}}{{print .State.Health.Status}}{{end}}" 815c0d8d281317379ab44590e294a7c95d3d78a580d34ca45e81d09e1fbc1cea
2025-08-19T08:55:10.6271491Z redis service is healthy.
2025-08-19T08:55:10.6272132Z ##[endgroup]
2025-08-19T08:55:10.6508389Z ##[group]Run actions/checkout@v4
2025-08-19T08:55:10.6508899Z with:
2025-08-19T08:55:10.6509068Z   fetch-depth: 0
2025-08-19T08:55:10.6509281Z   repository: AlexBomber12/AWA-App
2025-08-19T08:55:10.6509645Z   token: ***
2025-08-19T08:55:10.6509818Z   ssh-strict: true
2025-08-19T08:55:10.6509994Z   ssh-user: git
2025-08-19T08:55:10.6510172Z   persist-credentials: true
2025-08-19T08:55:10.6510381Z   clean: true
2025-08-19T08:55:10.6510560Z   sparse-checkout-cone-mode: true
2025-08-19T08:55:10.6510779Z   fetch-tags: false
2025-08-19T08:55:10.6510968Z   show-progress: true
2025-08-19T08:55:10.6511148Z   lfs: false
2025-08-19T08:55:10.6511299Z   submodules: false
2025-08-19T08:55:10.6511480Z   set-safe-directory: true
2025-08-19T08:55:10.6511839Z env:
2025-08-19T08:55:10.6512026Z   REDIS_URL: redis://localhost:6379/0
2025-08-19T08:55:10.6512274Z   RATE_LIMIT_DEFAULT: 100/minute
2025-08-19T08:55:10.6512478Z   TRUST_X_FORWARDED: 1
2025-08-19T08:55:10.6512660Z ##[endgroup]
2025-08-19T08:55:10.7550545Z Syncing repository: AlexBomber12/AWA-App
2025-08-19T08:55:10.7551725Z ##[group]Getting Git version info
2025-08-19T08:55:10.7552084Z Working directory is '/home/runner/work/AWA-App/AWA-App'
2025-08-19T08:55:10.7552583Z [command]/usr/bin/git version
2025-08-19T08:55:10.7591535Z git version 2.50.1
2025-08-19T08:55:10.7616797Z ##[endgroup]
2025-08-19T08:55:10.7629983Z Temporarily overriding HOME='/home/runner/work/_temp/b3f314b1-bd5a-4e6c-b996-7586b6861840' before making global git config changes
2025-08-19T08:55:10.7630880Z Adding repository directory to the temporary git global config as a safe directory
2025-08-19T08:55:10.7635283Z [command]/usr/bin/git config --global --add safe.directory /home/runner/work/AWA-App/AWA-App
2025-08-19T08:55:10.7666879Z Deleting the contents of '/home/runner/work/AWA-App/AWA-App'
2025-08-19T08:55:10.7670191Z ##[group]Initializing the repository
2025-08-19T08:55:10.7674306Z [command]/usr/bin/git init /home/runner/work/AWA-App/AWA-App
2025-08-19T08:55:10.7731004Z hint: Using 'master' as the name for the initial branch. This default branch name
2025-08-19T08:55:10.7731915Z hint: is subject to change. To configure the initial branch name to use in all
2025-08-19T08:55:10.7732724Z hint: of your new repositories, which will suppress this warning, call:
2025-08-19T08:55:10.7733656Z hint:
2025-08-19T08:55:10.7734071Z hint: 	git config --global init.defaultBranch <name>
2025-08-19T08:55:10.7734361Z hint:
2025-08-19T08:55:10.7734647Z hint: Names commonly chosen instead of 'master' are 'main', 'trunk' and
2025-08-19T08:55:10.7735327Z hint: 'development'. The just-created branch can be renamed via this command:
2025-08-19T08:55:10.7736006Z hint:
2025-08-19T08:55:10.7736350Z hint: 	git branch -m <name>
2025-08-19T08:55:10.7736742Z hint:
2025-08-19T08:55:10.7737372Z hint: Disable this message with "git config set advice.defaultBranchName false"
2025-08-19T08:55:10.7738425Z Initialized empty Git repository in /home/runner/work/AWA-App/AWA-App/.git/
2025-08-19T08:55:10.7747332Z [command]/usr/bin/git remote add origin https://github.com/AlexBomber12/AWA-App
2025-08-19T08:55:10.7777598Z ##[endgroup]
2025-08-19T08:55:10.7778193Z ##[group]Disabling automatic garbage collection
2025-08-19T08:55:10.7782474Z [command]/usr/bin/git config --local gc.auto 0
2025-08-19T08:55:10.7809566Z ##[endgroup]
2025-08-19T08:55:10.7810148Z ##[group]Setting up auth
2025-08-19T08:55:10.7817046Z [command]/usr/bin/git config --local --name-only --get-regexp core\.sshCommand
2025-08-19T08:55:10.7846326Z [command]/usr/bin/git submodule foreach --recursive sh -c "git config --local --name-only --get-regexp 'core\.sshCommand' && git config --local --unset-all 'core.sshCommand' || :"
2025-08-19T08:55:10.8101413Z [command]/usr/bin/git config --local --name-only --get-regexp http\.https\:\/\/github\.com\/\.extraheader
2025-08-19T08:55:10.8128770Z [command]/usr/bin/git submodule foreach --recursive sh -c "git config --local --name-only --get-regexp 'http\.https\:\/\/github\.com\/\.extraheader' && git config --local --unset-all 'http.https://github.com/.extraheader' || :"
2025-08-19T08:55:10.8342104Z [command]/usr/bin/git config --local http.https://github.com/.extraheader AUTHORIZATION: basic ***
2025-08-19T08:55:10.8384012Z ##[endgroup]
2025-08-19T08:55:10.8384545Z ##[group]Fetching the repository
2025-08-19T08:55:10.8392517Z [command]/usr/bin/git -c protocol.version=2 fetch --prune --no-recurse-submodules origin +refs/heads/*:refs/remotes/origin/* +refs/tags/*:refs/tags/* +f5a73aa0758da2bd00f6f4770948d849f0a6b638:refs/remotes/pull/270/merge
2025-08-19T08:55:12.8509114Z From https://github.com/AlexBomber12/AWA-App
2025-08-19T08:55:12.8510334Z  * [new branch]        codex/analyze-ci-logs-and-implement-fixes -> origin/codex/analyze-ci-logs-and-implement-fixes
2025-08-19T08:55:12.8511392Z  * [new branch]        codex/implement-testing-infrastructure-updates -> origin/codex/implement-testing-infrastructure-updates
2025-08-19T08:55:12.8512462Z  * [new branch]        gh-pages                                 -> origin/gh-pages
2025-08-19T08:55:12.8512908Z  * [new branch]        main                                     -> origin/main
2025-08-19T08:55:12.8514067Z  * [new tag]           0.3.0                                    -> 0.3.0
2025-08-19T08:55:12.8517749Z  * [new ref]           f5a73aa0758da2bd00f6f4770948d849f0a6b638 -> pull/270/merge
2025-08-19T08:55:12.8547994Z ##[endgroup]
2025-08-19T08:55:12.8548606Z ##[group]Determining the checkout info
2025-08-19T08:55:12.8549658Z ##[endgroup]
2025-08-19T08:55:12.8555308Z [command]/usr/bin/git sparse-checkout disable
2025-08-19T08:55:12.8592838Z [command]/usr/bin/git config --local --unset-all extensions.worktreeConfig
2025-08-19T08:55:12.8618621Z ##[group]Checking out the ref
2025-08-19T08:55:12.8622992Z [command]/usr/bin/git checkout --progress --force refs/remotes/pull/270/merge
2025-08-19T08:55:12.8989280Z Note: switching to 'refs/remotes/pull/270/merge'.
2025-08-19T08:55:12.8989714Z 
2025-08-19T08:55:12.8990017Z You are in 'detached HEAD' state. You can look around, make experimental
2025-08-19T08:55:12.8990571Z changes and commit them, and you can discard any commits you make in this
2025-08-19T08:55:12.8991092Z state without impacting any branches by switching back to a branch.
2025-08-19T08:55:12.8991396Z 
2025-08-19T08:55:12.8991604Z If you want to create a new branch to retain commits you create, you may
2025-08-19T08:55:12.8992076Z do so (now or later) by using -c with the switch command. Example:
2025-08-19T08:55:12.8992353Z 
2025-08-19T08:55:12.8992477Z   git switch -c <new-branch-name>
2025-08-19T08:55:12.8992680Z 
2025-08-19T08:55:12.8992788Z Or undo this operation with:
2025-08-19T08:55:12.8992965Z 
2025-08-19T08:55:12.8993431Z   git switch -
2025-08-19T08:55:12.8993642Z 
2025-08-19T08:55:12.8993905Z Turn off this advice by setting config variable advice.detachedHead to false
2025-08-19T08:55:12.8994252Z 
2025-08-19T08:55:12.8994651Z HEAD is now at f5a73aa0 Merge 0bb57ca6b17fe99844039fd60e1b59c7312b3d0f into 85292d149e45d52b13050e36eabdfbba9ddc6fc7
2025-08-19T08:55:12.9001967Z ##[endgroup]
2025-08-19T08:55:12.9037045Z [command]/usr/bin/git log -1 --format=%H
2025-08-19T08:55:12.9058932Z f5a73aa0758da2bd00f6f4770948d849f0a6b638
2025-08-19T08:55:12.9218647Z ##[group]Run cat .env.ci >> "$GITHUB_ENV"
2025-08-19T08:55:12.9219000Z [36;1mcat .env.ci >> "$GITHUB_ENV"[0m
2025-08-19T08:55:12.9219675Z [36;1mecho "DATABASE_URL=***localhost:5432/awa" >> "$GITHUB_ENV"[0m
2025-08-19T08:55:12.9220028Z [36;1mecho "PG_HOST=localhost" >> "$GITHUB_ENV"[0m
2025-08-19T08:55:12.9220317Z [36;1mecho "PG_PORT=5432" >> "$GITHUB_ENV"[0m
2025-08-19T08:55:12.9220607Z [36;1mecho "PG_USER=postgres" >> "$GITHUB_ENV"[0m
2025-08-19T08:55:12.9220893Z [36;1mecho "PG_PASSWORD=pass" >> "$GITHUB_ENV"[0m
2025-08-19T08:55:12.9221173Z [36;1mecho "PG_DATABASE=awa" >> "$GITHUB_ENV"[0m
2025-08-19T08:55:12.9221441Z [36;1mecho "TESTING=1" >> "$GITHUB_ENV"[0m
2025-08-19T08:55:12.9263797Z shell: /usr/bin/bash -e {0}
2025-08-19T08:55:12.9264043Z env:
2025-08-19T08:55:12.9264248Z   REDIS_URL: redis://localhost:6379/0
2025-08-19T08:55:12.9264509Z   RATE_LIMIT_DEFAULT: 100/minute
2025-08-19T08:55:12.9264727Z   TRUST_X_FORWARDED: 1
2025-08-19T08:55:12.9264950Z ##[endgroup]
2025-08-19T08:55:12.9424645Z ##[group]Run actions/setup-python@v5
2025-08-19T08:55:12.9424900Z with:
2025-08-19T08:55:12.9425070Z   python-version: 3.12
2025-08-19T08:55:12.9425261Z   cache: pip
2025-08-19T08:55:12.9426037Z   cache-dependency-path: requirements-dev.txt
services/etl/requirements.txt
services/api/requirements.txt
services/repricer/requirements.txt
services/fees_h10/requirements.txt
services/alert_bot/requirements.txt

2025-08-19T08:55:12.9426869Z   check-latest: false
2025-08-19T08:55:12.9427157Z   token: ***
2025-08-19T08:55:12.9427338Z   update-environment: true
2025-08-19T08:55:12.9427549Z   allow-prereleases: false
2025-08-19T08:55:12.9427742Z   freethreaded: false
2025-08-19T08:55:12.9427916Z env:
2025-08-19T08:55:12.9428091Z   REDIS_URL: redis://localhost:6379/0
2025-08-19T08:55:12.9428337Z   RATE_LIMIT_DEFAULT: 100/minute
2025-08-19T08:55:12.9428545Z   TRUST_X_FORWARDED: 1
2025-08-19T08:55:12.9428728Z   PG_USER: postgres
2025-08-19T08:55:12.9428898Z   PG_PASSWORD: pass
2025-08-19T08:55:12.9429105Z   PG_DATABASE: awa
2025-08-19T08:55:12.9429275Z   PG_HOST: localhost
2025-08-19T08:55:12.9429447Z   PG_PORT: 5432
2025-08-19T08:55:12.9429799Z   PG_SYNC_DSN: ***localhost:5432/awa
2025-08-19T08:55:12.9430176Z   PG_ASYNC_DSN: ***localhost:5432/awa
2025-08-19T08:55:12.9430538Z   DATABASE_URL: ***localhost:5432/awa
2025-08-19T08:55:12.9430761Z   DATA_DIR: /tmp/awa-data
2025-08-19T08:55:12.9431104Z   ENABLE_LIVE: 0
2025-08-19T08:55:12.9431269Z   TESTING: 1
2025-08-19T08:55:12.9431421Z ##[endgroup]
2025-08-19T08:55:13.1060959Z ##[group]Installed versions
2025-08-19T08:55:13.1166640Z Successfully set up CPython (3.12.11)
2025-08-19T08:55:13.1167299Z ##[endgroup]
2025-08-19T08:55:13.1576634Z [command]/opt/hostedtoolcache/Python/3.12.11/x64/bin/pip cache dir
2025-08-19T08:55:13.3854217Z /home/runner/.cache/pip
2025-08-19T08:55:13.6426219Z Cache hit for: setup-python-Linux-x64-24.04-Ubuntu-python-3.12.11-pip-1e3bc7ba25bac47764d864e42cbf81e77f47563fc643eff52b873091f8e10ecf
2025-08-19T08:55:14.9652642Z Received 8388608 of 332576824 (2.5%), 8.0 MBs/sec
2025-08-19T08:55:15.9662617Z Received 134217728 of 332576824 (40.4%), 63.9 MBs/sec
2025-08-19T08:55:16.9664122Z Received 260046848 of 332576824 (78.2%), 82.6 MBs/sec
2025-08-19T08:55:17.8153756Z Received 332576824 of 332576824 (100.0%), 82.4 MBs/sec
2025-08-19T08:55:17.8155386Z Cache Size: ~317 MB (332576824 B)
2025-08-19T08:55:17.8277715Z [command]/usr/bin/tar -xf /home/runner/work/_temp/c6532e48-1adc-4553-b589-f8087608ae5e/cache.tzst -P -C /home/runner/work/AWA-App/AWA-App --use-compress-program unzstd
2025-08-19T08:55:18.3612251Z Cache restored successfully
2025-08-19T08:55:18.4236479Z Cache restored from key: setup-python-Linux-x64-24.04-Ubuntu-python-3.12.11-pip-c172802cd17d95f4a21a1dfb3b09a2f596596a7a71e9a723868dcbd7ca2b709e
2025-08-19T08:55:18.4921452Z ##[group]Run actions/cache@v4
2025-08-19T08:55:18.4921729Z with:
2025-08-19T08:55:18.4921962Z   path: ~/.cache/pip
.pytest_cache
~/.ruff_cache

2025-08-19T08:55:18.4922438Z   key: Linux-test-5e711acf40f5252f84577ca397f83ab64fb9d7dad68b245c8525eecd4c9b10ee
2025-08-19T08:55:18.4922895Z   restore-keys: Linux-test-
2025-08-19T08:55:18.4923368Z   enableCrossOsArchive: false
2025-08-19T08:55:18.4923622Z   fail-on-cache-miss: false
2025-08-19T08:55:18.4923869Z   lookup-only: false
2025-08-19T08:55:18.4924097Z   save-always: false
2025-08-19T08:55:18.4924305Z env:
2025-08-19T08:55:18.4924524Z   REDIS_URL: redis://localhost:6379/0
2025-08-19T08:55:18.4924849Z   RATE_LIMIT_DEFAULT: 100/minute
2025-08-19T08:55:18.4925092Z   TRUST_X_FORWARDED: 1
2025-08-19T08:55:18.4925315Z   PG_USER: postgres
2025-08-19T08:55:18.4925524Z   PG_PASSWORD: pass
2025-08-19T08:55:18.4925730Z   PG_DATABASE: awa
2025-08-19T08:55:18.4925923Z   PG_HOST: localhost
2025-08-19T08:55:18.4926129Z   PG_PORT: 5432
2025-08-19T08:55:18.4926665Z   PG_SYNC_DSN: ***localhost:5432/awa
2025-08-19T08:55:18.4927159Z   PG_ASYNC_DSN: ***localhost:5432/awa
2025-08-19T08:55:18.4927608Z   DATABASE_URL: ***localhost:5432/awa
2025-08-19T08:55:18.4927869Z   DATA_DIR: /tmp/awa-data
2025-08-19T08:55:18.4928089Z   ENABLE_LIVE: 0
2025-08-19T08:55:18.4928282Z   TESTING: 1
2025-08-19T08:55:18.4928544Z   pythonLocation: /opt/hostedtoolcache/Python/3.12.11/x64
2025-08-19T08:55:18.4928997Z   PKG_CONFIG_PATH: /opt/hostedtoolcache/Python/3.12.11/x64/lib/pkgconfig
2025-08-19T08:55:18.4929448Z   Python_ROOT_DIR: /opt/hostedtoolcache/Python/3.12.11/x64
2025-08-19T08:55:18.4929852Z   Python2_ROOT_DIR: /opt/hostedtoolcache/Python/3.12.11/x64
2025-08-19T08:55:18.4930244Z   Python3_ROOT_DIR: /opt/hostedtoolcache/Python/3.12.11/x64
2025-08-19T08:55:18.4930633Z   LD_LIBRARY_PATH: /opt/hostedtoolcache/Python/3.12.11/x64/lib
2025-08-19T08:55:18.4930957Z ##[endgroup]
2025-08-19T08:55:18.8637450Z Cache hit for restore-key: Linux-test-5e718741e550cec7917fae13efe91a31293d04a98c3c0932315e8f58598cbd2c
2025-08-19T08:55:20.1684537Z Received 16777216 of 318449380 (5.3%), 16.0 MBs/sec
2025-08-19T08:55:21.1714274Z Received 134217728 of 318449380 (42.1%), 63.9 MBs/sec
2025-08-19T08:55:22.1714170Z Received 268435456 of 318449380 (84.3%), 85.2 MBs/sec
2025-08-19T08:55:22.5110334Z Received 318449380 of 318449380 (100.0%), 90.8 MBs/sec
2025-08-19T08:55:22.5113618Z Cache Size: ~304 MB (318449380 B)
2025-08-19T08:55:22.5194184Z [command]/usr/bin/tar -xf /home/runner/work/_temp/225fc334-a311-4bff-a371-7f6af5006910/cache.tzst -P -C /home/runner/work/AWA-App/AWA-App --use-compress-program unzstd
2025-08-19T08:55:23.0876473Z Cache restored successfully
2025-08-19T08:55:23.1556230Z Cache restored from key: Linux-test-5e718741e550cec7917fae13efe91a31293d04a98c3c0932315e8f58598cbd2c
2025-08-19T08:55:23.1677381Z ##[group]Run pip install -r services/etl/requirements.txt
2025-08-19T08:55:23.1678168Z [36;1mpip install -r services/etl/requirements.txt[0m
2025-08-19T08:55:23.1678784Z [36;1mpip install -r services/api/requirements.txt[0m
2025-08-19T08:55:23.1679415Z [36;1mpip install -r services/repricer/requirements.txt[0m
2025-08-19T08:55:23.1680074Z [36;1mpip install -r services/fees_h10/requirements.txt[0m
2025-08-19T08:55:23.1680707Z [36;1mpip install -r services/alert_bot/requirements.txt[0m
2025-08-19T08:55:23.1681349Z [36;1mpip install -r requirements-dev.txt[0m
2025-08-19T08:55:23.1681849Z [36;1mpip install asyncpg[0m
2025-08-19T08:55:23.1682255Z [36;1mpip install pytest[0m
2025-08-19T08:55:23.1682699Z [36;1mpip install keepa==1.3.15 minio==7.1.15[0m
2025-08-19T08:55:23.1743486Z shell: /usr/bin/bash -e {0}
2025-08-19T08:55:23.1743910Z env:
2025-08-19T08:55:23.1744351Z   REDIS_URL: redis://localhost:6379/0
2025-08-19T08:55:23.1744822Z   RATE_LIMIT_DEFAULT: 100/minute
2025-08-19T08:55:23.1745277Z   TRUST_X_FORWARDED: 1
2025-08-19T08:55:23.1745643Z   PG_USER: postgres
2025-08-19T08:55:23.1745986Z   PG_PASSWORD: pass
2025-08-19T08:55:23.1746333Z   PG_DATABASE: awa
2025-08-19T08:55:23.1746672Z   PG_HOST: localhost
2025-08-19T08:55:23.1747020Z   PG_PORT: 5432
2025-08-19T08:55:23.1747928Z   PG_SYNC_DSN: ***localhost:5432/awa
2025-08-19T08:55:23.1748705Z   PG_ASYNC_DSN: ***localhost:5432/awa
2025-08-19T08:55:23.1749424Z   DATABASE_URL: ***localhost:5432/awa
2025-08-19T08:55:23.1749864Z   DATA_DIR: /tmp/awa-data
2025-08-19T08:55:23.1750234Z   ENABLE_LIVE: 0
2025-08-19T08:55:23.1750567Z   TESTING: 1
2025-08-19T08:55:23.1750990Z   pythonLocation: /opt/hostedtoolcache/Python/3.12.11/x64
2025-08-19T08:55:23.1751725Z   PKG_CONFIG_PATH: /opt/hostedtoolcache/Python/3.12.11/x64/lib/pkgconfig
2025-08-19T08:55:23.1752535Z   Python_ROOT_DIR: /opt/hostedtoolcache/Python/3.12.11/x64
2025-08-19T08:55:23.1753405Z   Python2_ROOT_DIR: /opt/hostedtoolcache/Python/3.12.11/x64
2025-08-19T08:55:23.1754083Z   Python3_ROOT_DIR: /opt/hostedtoolcache/Python/3.12.11/x64
2025-08-19T08:55:23.1754738Z   LD_LIBRARY_PATH: /opt/hostedtoolcache/Python/3.12.11/x64/lib
2025-08-19T08:55:23.1755274Z ##[endgroup]
2025-08-19T08:55:23.7583469Z Collecting keepa==1.3.14 (from -r services/etl/requirements.txt (line 1))
2025-08-19T08:55:23.7596589Z   Using cached keepa-1.3.14-py3-none-any.whl.metadata (10 kB)
2025-08-19T08:55:23.7928981Z Collecting minio==7.1.15 (from -r services/etl/requirements.txt (line 2))
2025-08-19T08:55:23.7940214Z   Using cached minio-7.1.15-py3-none-any.whl.metadata (4.2 kB)
2025-08-19T08:55:23.8334054Z Collecting celery==5.3.* (from -r services/etl/requirements.txt (line 3))
2025-08-19T08:55:23.8344940Z   Using cached celery-5.3.6-py3-none-any.whl.metadata (21 kB)
2025-08-19T08:55:23.8867781Z Collecting redis==5.* (from -r services/etl/requirements.txt (line 4))
2025-08-19T08:55:23.8878817Z   Using cached redis-5.3.1-py3-none-any.whl.metadata (9.2 kB)
2025-08-19T08:55:23.9479768Z Collecting python-amazon-sp-api==0.8.0 (from -r services/etl/requirements.txt (line 5))
2025-08-19T08:55:23.9490788Z   Using cached python_amazon_sp_api-0.8.0-py3-none-any.whl.metadata (3.2 kB)
2025-08-19T08:55:23.9770843Z Collecting pydantic-settings==2.2.1 (from -r services/etl/requirements.txt (line 6))
2025-08-19T08:55:23.9782021Z   Using cached pydantic_settings-2.2.1-py3-none-any.whl.metadata (3.1 kB)
2025-08-19T08:55:24.1509448Z Collecting numpy<2 (from -r services/etl/requirements.txt (line 7))
2025-08-19T08:55:24.1523021Z   Using cached numpy-1.26.4-cp312-cp312-manylinux_2_17_x86_64.manylinux2014_x86_64.whl.metadata (61 kB)
2025-08-19T08:55:24.2701946Z Collecting pandas==2.2.* (from -r services/etl/requirements.txt (line 8))
2025-08-19T08:55:24.2714792Z   Using cached pandas-2.2.3-cp312-cp312-manylinux_2_17_x86_64.manylinux2014_x86_64.whl.metadata (89 kB)
2025-08-19T08:55:24.3372173Z Collecting pandera==0.19.* (from -r services/etl/requirements.txt (line 9))
2025-08-19T08:55:24.3384011Z   Using cached pandera-0.19.3-py3-none-any.whl.metadata (15 kB)
2025-08-19T08:55:24.3666438Z Collecting openpyxl==3.1.* (from -r services/etl/requirements.txt (line 10))
2025-08-19T08:55:24.3678223Z   Using cached openpyxl-3.1.5-py2.py3-none-any.whl.metadata (2.5 kB)
2025-08-19T08:55:24.4294239Z Collecting psycopg2-binary==2.9.* (from -r services/etl/requirements.txt (line 11))
2025-08-19T08:55:24.4306466Z   Using cached psycopg2_binary-2.9.10-cp312-cp312-manylinux_2_17_x86_64.manylinux2014_x86_64.whl.metadata (4.9 kB)
2025-08-19T08:55:24.4804597Z Collecting requests>=2.2 (from keepa==1.3.14->-r services/etl/requirements.txt (line 1))
2025-08-19T08:55:24.4816146Z   Using cached requests-2.32.5-py3-none-any.whl.metadata (4.9 kB)
2025-08-19T08:55:24.5204351Z Collecting tqdm (from keepa==1.3.14->-r services/etl/requirements.txt (line 1))
2025-08-19T08:55:24.5216071Z   Using cached tqdm-4.67.1-py3-none-any.whl.metadata (57 kB)
2025-08-19T08:55:25.0115187Z Collecting aiohttp (from keepa==1.3.14->-r services/etl/requirements.txt (line 1))
2025-08-19T08:55:25.0128732Z   Using cached aiohttp-3.12.15-cp312-cp312-manylinux_2_17_x86_64.manylinux2014_x86_64.whl.metadata (7.7 kB)
2025-08-19T08:55:25.1328648Z Collecting pydantic (from keepa==1.3.14->-r services/etl/requirements.txt (line 1))
2025-08-19T08:55:25.1341472Z   Using cached pydantic-2.11.7-py3-none-any.whl.metadata (67 kB)
2025-08-19T08:55:25.1605054Z Collecting certifi (from minio==7.1.15->-r services/etl/requirements.txt (line 2))
2025-08-19T08:55:25.1616927Z   Using cached certifi-2025.8.3-py3-none-any.whl.metadata (2.4 kB)
2025-08-19T08:55:25.1904354Z Collecting urllib3 (from minio==7.1.15->-r services/etl/requirements.txt (line 2))
2025-08-19T08:55:25.1915957Z   Using cached urllib3-2.5.0-py3-none-any.whl.metadata (6.5 kB)
2025-08-19T08:55:25.2102742Z Collecting six<2,>=1.15 (from python-amazon-sp-api==0.8.0->-r services/etl/requirements.txt (line 5))
2025-08-19T08:55:25.2114631Z   Using cached six-1.17.0-py2.py3-none-any.whl.metadata (1.7 kB)
2025-08-19T08:55:25.6389930Z Collecting boto3<2,>=1.16.39 (from python-amazon-sp-api==0.8.0->-r services/etl/requirements.txt (line 5))
2025-08-19T08:55:25.6402358Z   Using cached boto3-1.40.12-py3-none-any.whl.metadata (6.7 kB)
2025-08-19T08:55:25.6646331Z Collecting cachetools~=4.2.0 (from python-amazon-sp-api==0.8.0->-r services/etl/requirements.txt (line 5))
2025-08-19T08:55:25.6657386Z   Using cached cachetools-4.2.4-py3-none-any.whl.metadata (4.8 kB)
2025-08-19T08:55:25.7479079Z Collecting pycryptodome (from python-amazon-sp-api==0.8.0->-r services/etl/requirements.txt (line 5))
2025-08-19T08:55:25.7490365Z   Using cached pycryptodome-3.23.0-cp37-abi3-manylinux_2_17_x86_64.manylinux2014_x86_64.whl.metadata (3.4 kB)
2025-08-19T08:55:25.7874647Z Collecting pytz (from python-amazon-sp-api==0.8.0->-r services/etl/requirements.txt (line 5))
2025-08-19T08:55:25.7885662Z   Using cached pytz-2025.2-py2.py3-none-any.whl.metadata (22 kB)
2025-08-19T08:55:25.8055748Z Collecting confuse~=1.4.0 (from python-amazon-sp-api==0.8.0->-r services/etl/requirements.txt (line 5))
2025-08-19T08:55:25.8066792Z   Using cached confuse-1.4.0-py2.py3-none-any.whl.metadata (3.8 kB)
2025-08-19T08:55:25.8382012Z Collecting python-dotenv>=0.21.0 (from pydantic-settings==2.2.1->-r services/etl/requirements.txt (line 6))
2025-08-19T08:55:25.8392804Z   Using cached python_dotenv-1.1.1-py3-none-any.whl.metadata (24 kB)
2025-08-19T08:55:25.8627480Z Collecting billiard<5.0,>=4.2.0 (from celery==5.3.*->-r services/etl/requirements.txt (line 3))
2025-08-19T08:55:25.8638107Z   Using cached billiard-4.2.1-py3-none-any.whl.metadata (4.4 kB)
2025-08-19T08:55:25.8778379Z Collecting click-didyoumean>=0.3.0 (from celery==5.3.*->-r services/etl/requirements.txt (line 3))
2025-08-19T08:55:25.8789240Z   Using cached click_didyoumean-0.3.1-py3-none-any.whl.metadata (3.9 kB)
2025-08-19T08:55:25.8932623Z Collecting click-plugins>=1.1.1 (from celery==5.3.*->-r services/etl/requirements.txt (line 3))
2025-08-19T08:55:25.8943515Z   Using cached click_plugins-1.1.1.2-py2.py3-none-any.whl.metadata (6.5 kB)
2025-08-19T08:55:25.9095482Z Collecting click-repl>=0.2.0 (from celery==5.3.*->-r services/etl/requirements.txt (line 3))
2025-08-19T08:55:25.9106037Z   Using cached click_repl-0.3.0-py3-none-any.whl.metadata (3.6 kB)
2025-08-19T08:55:25.9334515Z Collecting click<9.0,>=8.1.2 (from celery==5.3.*->-r services/etl/requirements.txt (line 3))
2025-08-19T08:55:25.9345449Z   Using cached click-8.2.1-py3-none-any.whl.metadata (2.5 kB)
2025-08-19T08:55:25.9699542Z Collecting kombu<6.0,>=5.3.4 (from celery==5.3.*->-r services/etl/requirements.txt (line 3))
2025-08-19T08:55:25.9710448Z   Using cached kombu-5.5.4-py3-none-any.whl.metadata (3.5 kB)
2025-08-19T08:55:25.9938855Z Collecting python-dateutil>=2.8.2 (from celery==5.3.*->-r services/etl/requirements.txt (line 3))
2025-08-19T08:55:25.9949825Z   Using cached python_dateutil-2.9.0.post0-py2.py3-none-any.whl.metadata (8.4 kB)
2025-08-19T08:55:26.0141656Z Collecting tzdata>=2022.7 (from celery==5.3.*->-r services/etl/requirements.txt (line 3))
2025-08-19T08:55:26.0152824Z   Using cached tzdata-2025.2-py2.py3-none-any.whl.metadata (1.4 kB)
2025-08-19T08:55:26.0310522Z Collecting vine<6.0,>=5.1.0 (from celery==5.3.*->-r services/etl/requirements.txt (line 3))
2025-08-19T08:55:26.0321232Z   Using cached vine-5.1.0-py3-none-any.whl.metadata (2.7 kB)
2025-08-19T08:55:26.0534929Z Collecting PyJWT>=2.9.0 (from redis==5.*->-r services/etl/requirements.txt (line 4))
2025-08-19T08:55:26.0545760Z   Using cached PyJWT-2.10.1-py3-none-any.whl.metadata (4.0 kB)
2025-08-19T08:55:26.0900849Z Collecting multimethod<=1.10.0 (from pandera==0.19.*->-r services/etl/requirements.txt (line 9))
2025-08-19T08:55:26.0912373Z   Using cached multimethod-1.10-py3-none-any.whl.metadata (8.2 kB)
2025-08-19T08:55:26.1192994Z Collecting packaging>=20.0 (from pandera==0.19.*->-r services/etl/requirements.txt (line 9))
2025-08-19T08:55:26.1204680Z   Using cached packaging-25.0-py3-none-any.whl.metadata (3.3 kB)
2025-08-19T08:55:26.1540722Z Collecting typeguard (from pandera==0.19.*->-r services/etl/requirements.txt (line 9))
2025-08-19T08:55:26.1551432Z   Using cached typeguard-4.4.4-py3-none-any.whl.metadata (3.3 kB)
2025-08-19T08:55:26.1707244Z Collecting typing-inspect>=0.6.0 (from pandera==0.19.*->-r services/etl/requirements.txt (line 9))
2025-08-19T08:55:26.1717971Z   Using cached typing_inspect-0.9.0-py3-none-any.whl.metadata (1.5 kB)
2025-08-19T08:55:26.2946540Z Collecting wrapt (from pandera==0.19.*->-r services/etl/requirements.txt (line 9))
2025-08-19T08:55:26.2958527Z   Using cached wrapt-1.17.3-cp312-cp312-manylinux1_x86_64.manylinux_2_28_x86_64.manylinux_2_5_x86_64.whl.metadata (6.4 kB)
2025-08-19T08:55:26.3111295Z Collecting et-xmlfile (from openpyxl==3.1.*->-r services/etl/requirements.txt (line 10))
2025-08-19T08:55:26.3122286Z   Using cached et_xmlfile-2.0.0-py3-none-any.whl.metadata (2.7 kB)
2025-08-19T08:55:26.7558450Z Collecting botocore<1.41.0,>=1.40.12 (from boto3<2,>=1.16.39->python-amazon-sp-api==0.8.0->-r services/etl/requirements.txt (line 5))
2025-08-19T08:55:26.7572045Z   Using cached botocore-1.40.12-py3-none-any.whl.metadata (5.7 kB)
2025-08-19T08:55:26.7759439Z Collecting jmespath<2.0.0,>=0.7.1 (from boto3<2,>=1.16.39->python-amazon-sp-api==0.8.0->-r services/etl/requirements.txt (line 5))
2025-08-19T08:55:26.7771411Z   Using cached jmespath-1.0.1-py3-none-any.whl.metadata (7.6 kB)
2025-08-19T08:55:26.7997767Z Collecting s3transfer<0.14.0,>=0.13.0 (from boto3<2,>=1.16.39->python-amazon-sp-api==0.8.0->-r services/etl/requirements.txt (line 5))
2025-08-19T08:55:26.8009397Z   Using cached s3transfer-0.13.1-py3-none-any.whl.metadata (1.7 kB)
2025-08-19T08:55:26.8543969Z Collecting pyyaml (from confuse~=1.4.0->python-amazon-sp-api==0.8.0->-r services/etl/requirements.txt (line 5))
2025-08-19T08:55:26.8556702Z   Using cached PyYAML-6.0.2-cp312-cp312-manylinux_2_17_x86_64.manylinux2014_x86_64.whl.metadata (2.1 kB)
2025-08-19T08:55:26.8802175Z Collecting amqp<6.0.0,>=5.1.1 (from kombu<6.0,>=5.3.4->celery==5.3.*->-r services/etl/requirements.txt (line 3))
2025-08-19T08:55:26.8813605Z   Using cached amqp-5.3.1-py3-none-any.whl.metadata (8.9 kB)
2025-08-19T08:55:27.1680602Z Collecting prompt-toolkit>=3.0.36 (from click-repl>=0.2.0->celery==5.3.*->-r services/etl/requirements.txt (line 3))
2025-08-19T08:55:27.1691880Z   Using cached prompt_toolkit-3.0.51-py3-none-any.whl.metadata (6.4 kB)
2025-08-19T08:55:27.1889332Z Collecting wcwidth (from prompt-toolkit>=3.0.36->click-repl>=0.2.0->celery==5.3.*->-r services/etl/requirements.txt (line 3))
2025-08-19T08:55:27.1900115Z   Using cached wcwidth-0.2.13-py2.py3-none-any.whl.metadata (14 kB)
2025-08-19T08:55:27.2067884Z Collecting annotated-types>=0.6.0 (from pydantic->keepa==1.3.14->-r services/etl/requirements.txt (line 1))
2025-08-19T08:55:27.2078915Z   Using cached annotated_types-0.7.0-py3-none-any.whl.metadata (15 kB)
2025-08-19T08:55:27.8850035Z Collecting pydantic-core==2.33.2 (from pydantic->keepa==1.3.14->-r services/etl/requirements.txt (line 1))
2025-08-19T08:55:27.8863948Z   Using cached pydantic_core-2.33.2-cp312-cp312-manylinux_2_17_x86_64.manylinux2014_x86_64.whl.metadata (6.8 kB)
2025-08-19T08:55:27.9087052Z Collecting typing-extensions>=4.12.2 (from pydantic->keepa==1.3.14->-r services/etl/requirements.txt (line 1))
2025-08-19T08:55:27.9098942Z   Using cached typing_extensions-4.14.1-py3-none-any.whl.metadata (3.0 kB)
2025-08-19T08:55:27.9239205Z Collecting typing-inspection>=0.4.0 (from pydantic->keepa==1.3.14->-r services/etl/requirements.txt (line 1))
2025-08-19T08:55:27.9251192Z   Using cached typing_inspection-0.4.1-py3-none-any.whl.metadata (2.6 kB)
2025-08-19T08:55:28.0166805Z Collecting charset_normalizer<4,>=2 (from requests>=2.2->keepa==1.3.14->-r services/etl/requirements.txt (line 1))
2025-08-19T08:55:28.0179084Z   Using cached charset_normalizer-3.4.3-cp312-cp312-manylinux2014_x86_64.manylinux_2_17_x86_64.manylinux_2_28_x86_64.whl.metadata (36 kB)
2025-08-19T08:55:28.0383580Z Collecting idna<4,>=2.5 (from requests>=2.2->keepa==1.3.14->-r services/etl/requirements.txt (line 1))
2025-08-19T08:55:28.0395464Z   Using cached idna-3.10-py3-none-any.whl.metadata (10 kB)
2025-08-19T08:55:28.0806813Z Collecting mypy-extensions>=0.3.0 (from typing-inspect>=0.6.0->pandera==0.19.*->-r services/etl/requirements.txt (line 9))
2025-08-19T08:55:28.0818210Z   Using cached mypy_extensions-1.1.0-py3-none-any.whl.metadata (1.1 kB)
2025-08-19T08:55:28.1210387Z Collecting aiohappyeyeballs>=2.5.0 (from aiohttp->keepa==1.3.14->-r services/etl/requirements.txt (line 1))
2025-08-19T08:55:28.1222152Z   Using cached aiohappyeyeballs-2.6.1-py3-none-any.whl.metadata (5.9 kB)
2025-08-19T08:55:28.1368633Z Collecting aiosignal>=1.4.0 (from aiohttp->keepa==1.3.14->-r services/etl/requirements.txt (line 1))
2025-08-19T08:55:28.1380089Z   Using cached aiosignal-1.4.0-py3-none-any.whl.metadata (3.7 kB)
2025-08-19T08:55:28.1578099Z Collecting attrs>=17.3.0 (from aiohttp->keepa==1.3.14->-r services/etl/requirements.txt (line 1))
2025-08-19T08:55:28.1589600Z   Using cached attrs-25.3.0-py3-none-any.whl.metadata (10 kB)
2025-08-19T08:55:28.2290066Z Collecting frozenlist>=1.1.1 (from aiohttp->keepa==1.3.14->-r services/etl/requirements.txt (line 1))
2025-08-19T08:55:28.2302490Z   Using cached frozenlist-1.7.0-cp312-cp312-manylinux_2_5_x86_64.manylinux1_x86_64.manylinux_2_17_x86_64.manylinux2014_x86_64.whl.metadata (18 kB)
2025-08-19T08:55:28.4477432Z Collecting multidict<7.0,>=4.5 (from aiohttp->keepa==1.3.14->-r services/etl/requirements.txt (line 1))
2025-08-19T08:55:28.4491179Z   Using cached multidict-6.6.4-cp312-cp312-manylinux2014_x86_64.manylinux_2_17_x86_64.manylinux_2_28_x86_64.whl.metadata (5.3 kB)
2025-08-19T08:55:28.4954257Z Collecting propcache>=0.2.0 (from aiohttp->keepa==1.3.14->-r services/etl/requirements.txt (line 1))
2025-08-19T08:55:28.4966416Z   Using cached propcache-0.3.2-cp312-cp312-manylinux_2_17_x86_64.manylinux2014_x86_64.whl.metadata (12 kB)
2025-08-19T08:55:28.8078912Z Collecting yarl<2.0,>=1.17.0 (from aiohttp->keepa==1.3.14->-r services/etl/requirements.txt (line 1))
2025-08-19T08:55:28.8092659Z   Using cached yarl-1.20.1-cp312-cp312-manylinux_2_17_x86_64.manylinux2014_x86_64.whl.metadata (73 kB)
2025-08-19T08:55:28.8737330Z Using cached keepa-1.3.14-py3-none-any.whl (33 kB)
2025-08-19T08:55:28.8748426Z Using cached minio-7.1.15-py3-none-any.whl (77 kB)
2025-08-19T08:55:28.8760088Z Using cached python_amazon_sp_api-0.8.0-py3-none-any.whl (93 kB)
2025-08-19T08:55:28.8771511Z Using cached pydantic_settings-2.2.1-py3-none-any.whl (13 kB)
2025-08-19T08:55:28.8782234Z Using cached celery-5.3.6-py3-none-any.whl (422 kB)
2025-08-19T08:55:28.8795918Z Using cached redis-5.3.1-py3-none-any.whl (272 kB)
2025-08-19T08:55:28.8808675Z Using cached numpy-1.26.4-cp312-cp312-manylinux_2_17_x86_64.manylinux2014_x86_64.whl (18.0 MB)
2025-08-19T08:55:28.8950439Z Using cached pandas-2.2.3-cp312-cp312-manylinux_2_17_x86_64.manylinux2014_x86_64.whl (12.7 MB)
2025-08-19T08:55:28.9053493Z Using cached pandera-0.19.3-py3-none-any.whl (251 kB)
2025-08-19T08:55:28.9066022Z Using cached openpyxl-3.1.5-py2.py3-none-any.whl (250 kB)
2025-08-19T08:55:28.9078801Z Using cached psycopg2_binary-2.9.10-cp312-cp312-manylinux_2_17_x86_64.manylinux2014_x86_64.whl (3.0 MB)
2025-08-19T08:55:28.9111055Z Using cached billiard-4.2.1-py3-none-any.whl (86 kB)
2025-08-19T08:55:28.9122289Z Using cached boto3-1.40.12-py3-none-any.whl (140 kB)
2025-08-19T08:55:28.9134311Z Using cached botocore-1.40.12-py3-none-any.whl (14.0 MB)
2025-08-19T08:55:28.9242989Z Using cached cachetools-4.2.4-py3-none-any.whl (10 kB)
2025-08-19T08:55:28.9254042Z Using cached click-8.2.1-py3-none-any.whl (102 kB)
2025-08-19T08:55:28.9265529Z Using cached confuse-1.4.0-py2.py3-none-any.whl (21 kB)
2025-08-19T08:55:28.9276589Z Using cached jmespath-1.0.1-py3-none-any.whl (20 kB)
2025-08-19T08:55:28.9287703Z Using cached kombu-5.5.4-py3-none-any.whl (210 kB)
2025-08-19T08:55:28.9300337Z Using cached vine-5.1.0-py3-none-any.whl (9.6 kB)
2025-08-19T08:55:28.9311143Z Using cached amqp-5.3.1-py3-none-any.whl (50 kB)
2025-08-19T08:55:28.9321999Z Using cached multimethod-1.10-py3-none-any.whl (9.9 kB)
2025-08-19T08:55:28.9332917Z Using cached python_dateutil-2.9.0.post0-py2.py3-none-any.whl (229 kB)
2025-08-19T08:55:28.9345454Z Using cached s3transfer-0.13.1-py3-none-any.whl (85 kB)
2025-08-19T08:55:28.9356800Z Using cached six-1.17.0-py2.py3-none-any.whl (11 kB)
2025-08-19T08:55:28.9367540Z Using cached urllib3-2.5.0-py3-none-any.whl (129 kB)
2025-08-19T08:55:28.9379197Z Using cached click_didyoumean-0.3.1-py3-none-any.whl (3.6 kB)
2025-08-19T08:55:28.9389804Z Using cached click_plugins-1.1.1.2-py2.py3-none-any.whl (11 kB)
2025-08-19T08:55:28.9400343Z Using cached click_repl-0.3.0-py3-none-any.whl (10 kB)
2025-08-19T08:55:28.9411173Z Using cached packaging-25.0-py3-none-any.whl (66 kB)
2025-08-19T08:55:28.9422461Z Using cached prompt_toolkit-3.0.51-py3-none-any.whl (387 kB)
2025-08-19T08:55:28.9436350Z Using cached pydantic-2.11.7-py3-none-any.whl (444 kB)
2025-08-19T08:55:28.9450549Z Using cached pydantic_core-2.33.2-cp312-cp312-manylinux_2_17_x86_64.manylinux2014_x86_64.whl (2.0 MB)
2025-08-19T08:55:28.9476113Z Using cached annotated_types-0.7.0-py3-none-any.whl (13 kB)
2025-08-19T08:55:28.9487017Z Using cached PyJWT-2.10.1-py3-none-any.whl (22 kB)
2025-08-19T08:55:28.9497824Z Using cached python_dotenv-1.1.1-py3-none-any.whl (20 kB)
2025-08-19T08:55:28.9508710Z Using cached pytz-2025.2-py2.py3-none-any.whl (509 kB)
2025-08-19T08:55:28.9522926Z Using cached requests-2.32.5-py3-none-any.whl (64 kB)
2025-08-19T08:55:28.9534872Z Using cached charset_normalizer-3.4.3-cp312-cp312-manylinux2014_x86_64.manylinux_2_17_x86_64.manylinux_2_28_x86_64.whl (151 kB)
2025-08-19T08:55:28.9546310Z Using cached idna-3.10-py3-none-any.whl (70 kB)
2025-08-19T08:55:28.9557633Z Using cached certifi-2025.8.3-py3-none-any.whl (161 kB)
2025-08-19T08:55:28.9569525Z Using cached typing_extensions-4.14.1-py3-none-any.whl (43 kB)
2025-08-19T08:55:28.9580514Z Using cached typing_inspect-0.9.0-py3-none-any.whl (8.8 kB)
2025-08-19T08:55:28.9591352Z Using cached mypy_extensions-1.1.0-py3-none-any.whl (5.0 kB)
2025-08-19T08:55:28.9602264Z Using cached typing_inspection-0.4.1-py3-none-any.whl (14 kB)
2025-08-19T08:55:28.9613277Z Using cached tzdata-2025.2-py2.py3-none-any.whl (347 kB)
2025-08-19T08:55:28.9626953Z Using cached aiohttp-3.12.15-cp312-cp312-manylinux_2_17_x86_64.manylinux2014_x86_64.whl (1.7 MB)
2025-08-19T08:55:28.9650905Z Using cached multidict-6.6.4-cp312-cp312-manylinux2014_x86_64.manylinux_2_17_x86_64.manylinux_2_28_x86_64.whl (256 kB)
2025-08-19T08:55:28.9663324Z Using cached yarl-1.20.1-cp312-cp312-manylinux_2_17_x86_64.manylinux2014_x86_64.whl (355 kB)
2025-08-19T08:55:28.9676805Z Using cached aiohappyeyeballs-2.6.1-py3-none-any.whl (15 kB)
2025-08-19T08:55:28.9687664Z Using cached aiosignal-1.4.0-py3-none-any.whl (7.5 kB)
2025-08-19T08:55:28.9698395Z Using cached attrs-25.3.0-py3-none-any.whl (63 kB)
2025-08-19T08:55:28.9710026Z Using cached frozenlist-1.7.0-cp312-cp312-manylinux_2_5_x86_64.manylinux1_x86_64.manylinux_2_17_x86_64.manylinux2014_x86_64.whl (241 kB)
2025-08-19T08:55:28.9722496Z Using cached propcache-0.3.2-cp312-cp312-manylinux_2_17_x86_64.manylinux2014_x86_64.whl (224 kB)
2025-08-19T08:55:28.9734893Z Using cached et_xmlfile-2.0.0-py3-none-any.whl (18 kB)
2025-08-19T08:55:28.9746429Z Using cached pycryptodome-3.23.0-cp37-abi3-manylinux_2_17_x86_64.manylinux2014_x86_64.whl (2.3 MB)
2025-08-19T08:55:28.9773866Z Using cached PyYAML-6.0.2-cp312-cp312-manylinux_2_17_x86_64.manylinux2014_x86_64.whl (767 kB)
2025-08-19T08:55:28.9789812Z Using cached tqdm-4.67.1-py3-none-any.whl (78 kB)
2025-08-19T08:55:28.9800959Z Using cached typeguard-4.4.4-py3-none-any.whl (34 kB)
2025-08-19T08:55:28.9811932Z Using cached wcwidth-0.2.13-py2.py3-none-any.whl (34 kB)
2025-08-19T08:55:28.9823283Z Using cached wrapt-1.17.3-cp312-cp312-manylinux1_x86_64.manylinux_2_28_x86_64.manylinux_2_5_x86_64.whl (88 kB)
2025-08-19T08:55:29.2342051Z Installing collected packages: wcwidth, pytz, wrapt, vine, urllib3, tzdata, typing-extensions, tqdm, six, pyyaml, python-dotenv, PyJWT, pycryptodome, psycopg2-binary, propcache, prompt-toolkit, packaging, numpy, mypy-extensions, multimethod, multidict, jmespath, idna, frozenlist, et-xmlfile, click, charset_normalizer, certifi, cachetools, billiard, attrs, annotated-types, aiohappyeyeballs, yarl, typing-inspection, typing-inspect, typeguard, requests, redis, python-dateutil, pydantic-core, openpyxl, minio, confuse, click-repl, click-plugins, click-didyoumean, amqp, aiosignal, pydantic, pandas, kombu, botocore, aiohttp, s3transfer, pydantic-settings, pandera, keepa, celery, boto3, python-amazon-sp-api
2025-08-19T08:55:40.0499346Z 
2025-08-19T08:55:40.0559260Z Successfully installed PyJWT-2.10.1 aiohappyeyeballs-2.6.1 aiohttp-3.12.15 aiosignal-1.4.0 amqp-5.3.1 annotated-types-0.7.0 attrs-25.3.0 billiard-4.2.1 boto3-1.40.12 botocore-1.40.12 cachetools-4.2.4 celery-5.3.6 certifi-2025.8.3 charset_normalizer-3.4.3 click-8.2.1 click-didyoumean-0.3.1 click-plugins-1.1.1.2 click-repl-0.3.0 confuse-1.4.0 et-xmlfile-2.0.0 frozenlist-1.7.0 idna-3.10 jmespath-1.0.1 keepa-1.3.14 kombu-5.5.4 minio-7.1.15 multidict-6.6.4 multimethod-1.10 mypy-extensions-1.1.0 numpy-1.26.4 openpyxl-3.1.5 packaging-25.0 pandas-2.2.3 pandera-0.19.3 prompt-toolkit-3.0.51 propcache-0.3.2 psycopg2-binary-2.9.10 pycryptodome-3.23.0 pydantic-2.11.7 pydantic-core-2.33.2 pydantic-settings-2.2.1 python-amazon-sp-api-0.8.0 python-dateutil-2.9.0.post0 python-dotenv-1.1.1 pytz-2025.2 pyyaml-6.0.2 redis-5.3.1 requests-2.32.5 s3transfer-0.13.1 six-1.17.0 tqdm-4.67.1 typeguard-4.4.4 typing-extensions-4.14.1 typing-inspect-0.9.0 typing-inspection-0.4.1 tzdata-2025.2 urllib3-2.5.0 vine-5.1.0 wcwidth-0.2.13 wrapt-1.17.3 yarl-1.20.1
2025-08-19T08:55:41.0127398Z Collecting uvicorn==0.29.0 (from -r services/api/requirements.txt (line 1))
2025-08-19T08:55:41.0140645Z   Using cached uvicorn-0.29.0-py3-none-any.whl.metadata (6.3 kB)
2025-08-19T08:55:41.0177152Z Requirement already satisfied: pydantic-settings==2.2.1 in /opt/hostedtoolcache/Python/3.12.11/x64/lib/python3.12/site-packages (from -r services/api/requirements.txt (line 2)) (2.2.1)
2025-08-19T08:55:41.0616805Z Collecting fastapi==0.111.0 (from -r services/api/requirements.txt (line 3))
2025-08-19T08:55:41.0627891Z   Using cached fastapi-0.111.0-py3-none-any.whl.metadata (25 kB)
2025-08-19T08:55:41.3329028Z Collecting sqlalchemy==2.0.29 (from -r services/api/requirements.txt (line 4))
2025-08-19T08:55:41.3342160Z   Using cached SQLAlchemy-2.0.29-cp312-cp312-manylinux_2_17_x86_64.manylinux2014_x86_64.whl.metadata (9.6 kB)
2025-08-19T08:55:41.3669901Z Collecting alembic==1.13.1 (from -r services/api/requirements.txt (line 5))
2025-08-19T08:55:41.3681518Z   Using cached alembic-1.13.1-py3-none-any.whl.metadata (7.4 kB)
2025-08-19T08:55:41.3897747Z Collecting psycopg==3.2.9 (from psycopg[binary]==3.2.9->-r services/api/requirements.txt (line 6))
2025-08-19T08:55:41.3908687Z   Using cached psycopg-3.2.9-py3-none-any.whl.metadata (4.5 kB)
2025-08-19T08:55:41.4180267Z Collecting httpx==0.27.2 (from -r services/api/requirements.txt (line 7))
2025-08-19T08:55:41.4192196Z   Using cached httpx-0.27.2-py3-none-any.whl.metadata (7.1 kB)
2025-08-19T08:55:41.4640108Z Collecting asyncpg==0.29.0 (from -r services/api/requirements.txt (line 8))
2025-08-19T08:55:41.4651732Z   Using cached asyncpg-0.29.0-cp312-cp312-manylinux_2_17_x86_64.manylinux2014_x86_64.whl.metadata (4.4 kB)
2025-08-19T08:55:41.7294139Z Collecting boto3==1.34.162 (from -r services/api/requirements.txt (line 9))
2025-08-19T08:55:41.7307377Z   Using cached boto3-1.34.162-py3-none-any.whl.metadata (6.6 kB)
2025-08-19T08:55:41.7514177Z Collecting Jinja2==3.1.5 (from -r services/api/requirements.txt (line 10))
2025-08-19T08:55:41.7526061Z   Using cached jinja2-3.1.5-py3-none-any.whl.metadata (2.6 kB)
2025-08-19T08:55:41.7544608Z Requirement already satisfied: celery==5.3.* in /opt/hostedtoolcache/Python/3.12.11/x64/lib/python3.12/site-packages (from -r services/api/requirements.txt (line 11)) (5.3.6)
2025-08-19T08:55:41.7724655Z Collecting structlog==24.1.0 (from -r services/api/requirements.txt (line 12))
2025-08-19T08:55:41.7736092Z   Using cached structlog-24.1.0-py3-none-any.whl.metadata (6.9 kB)
2025-08-19T08:55:41.7950383Z Collecting asgi-correlation-id==4.3.1 (from -r services/api/requirements.txt (line 13))
2025-08-19T08:55:41.7961847Z   Using cached asgi_correlation_id-4.3.1-py3-none-any.whl.metadata (28 kB)
2025-08-19T08:55:41.8132286Z Collecting fastapi-limiter==0.1.6 (from -r services/api/requirements.txt (line 14))
2025-08-19T08:55:41.8143891Z   Using cached fastapi_limiter-0.1.6-py3-none-any.whl.metadata (5.3 kB)
2025-08-19T08:55:41.8627782Z Collecting redis==5.0.8 (from -r services/api/requirements.txt (line 15))
2025-08-19T08:55:41.8640076Z   Using cached redis-5.0.8-py3-none-any.whl.metadata (9.2 kB)
2025-08-19T08:55:41.9184705Z Collecting sentry-sdk==2.9.0 (from sentry-sdk[celery,fastapi,sqlalchemy]==2.9.0->-r services/api/requirements.txt (line 16))
2025-08-19T08:55:41.9196453Z   Using cached sentry_sdk-2.9.0-py2.py3-none-any.whl.metadata (14 kB)
2025-08-19T08:55:41.9476889Z Requirement already satisfied: click>=7.0 in /opt/hostedtoolcache/Python/3.12.11/x64/lib/python3.12/site-packages (from uvicorn==0.29.0->-r services/api/requirements.txt (line 1)) (8.2.1)
2025-08-19T08:55:41.9623354Z Collecting h11>=0.8 (from uvicorn==0.29.0->-r services/api/requirements.txt (line 1))
2025-08-19T08:55:41.9634900Z   Using cached h11-0.16.0-py3-none-any.whl.metadata (8.3 kB)
2025-08-19T08:55:41.9663505Z Requirement already satisfied: pydantic>=2.3.0 in /opt/hostedtoolcache/Python/3.12.11/x64/lib/python3.12/site-packages (from pydantic-settings==2.2.1->-r services/api/requirements.txt (line 2)) (2.11.7)
2025-08-19T08:55:41.9669490Z Requirement already satisfied: python-dotenv>=0.21.0 in /opt/hostedtoolcache/Python/3.12.11/x64/lib/python3.12/site-packages (from pydantic-settings==2.2.1->-r services/api/requirements.txt (line 2)) (1.1.1)
2025-08-19T08:55:41.9984037Z Collecting starlette<0.38.0,>=0.37.2 (from fastapi==0.111.0->-r services/api/requirements.txt (line 3))
2025-08-19T08:55:41.9995687Z   Using cached starlette-0.37.2-py3-none-any.whl.metadata (5.9 kB)
2025-08-19T08:55:42.0025094Z Requirement already satisfied: typing-extensions>=4.8.0 in /opt/hostedtoolcache/Python/3.12.11/x64/lib/python3.12/site-packages (from fastapi==0.111.0->-r services/api/requirements.txt (line 3)) (4.14.1)
2025-08-19T08:55:42.0168262Z Collecting fastapi-cli>=0.0.2 (from fastapi==0.111.0->-r services/api/requirements.txt (line 3))
2025-08-19T08:55:42.0179827Z   Using cached fastapi_cli-0.0.8-py3-none-any.whl.metadata (6.3 kB)
2025-08-19T08:55:42.0429008Z Collecting python-multipart>=0.0.7 (from fastapi==0.111.0->-r services/api/requirements.txt (line 3))
2025-08-19T08:55:42.0440495Z   Using cached python_multipart-0.0.20-py3-none-any.whl.metadata (1.8 kB)
2025-08-19T08:55:42.1053362Z Collecting ujson!=4.0.2,!=4.1.0,!=4.2.0,!=4.3.0,!=5.0.0,!=5.1.0,>=4.0.1 (from fastapi==0.111.0->-r services/api/requirements.txt (line 3))
2025-08-19T08:55:42.1065475Z   Using cached ujson-5.10.0-cp312-cp312-manylinux_2_17_x86_64.manylinux2014_x86_64.whl.metadata (9.3 kB)
2025-08-19T08:55:42.3373266Z Collecting orjson>=3.2.1 (from fastapi==0.111.0->-r services/api/requirements.txt (line 3))
2025-08-19T08:55:42.3387308Z   Using cached orjson-3.11.2-cp312-cp312-manylinux_2_17_x86_64.manylinux2014_x86_64.whl.metadata (1.2 kB)
2025-08-19T08:55:42.3569728Z Collecting email_validator>=2.0.0 (from fastapi==0.111.0->-r services/api/requirements.txt (line 3))
2025-08-19T08:55:42.3581435Z   Using cached email_validator-2.2.0-py3-none-any.whl.metadata (25 kB)
2025-08-19T08:55:42.4873707Z Collecting greenlet!=0.4.17 (from sqlalchemy==2.0.29->-r services/api/requirements.txt (line 4))
2025-08-19T08:55:42.4885612Z   Using cached greenlet-3.2.4-cp312-cp312-manylinux_2_24_x86_64.manylinux_2_28_x86_64.whl.metadata (4.1 kB)
2025-08-19T08:55:42.5236209Z Collecting Mako (from alembic==1.13.1->-r services/api/requirements.txt (line 5))
2025-08-19T08:55:42.5247705Z   Using cached mako-1.3.10-py3-none-any.whl.metadata (2.9 kB)
2025-08-19T08:55:42.5503509Z Collecting anyio (from httpx==0.27.2->-r services/api/requirements.txt (line 7))
2025-08-19T08:55:42.5514438Z   Using cached anyio-4.10.0-py3-none-any.whl.metadata (4.0 kB)
2025-08-19T08:55:42.5536523Z Requirement already satisfied: certifi in /opt/hostedtoolcache/Python/3.12.11/x64/lib/python3.12/site-packages (from httpx==0.27.2->-r services/api/requirements.txt (line 7)) (2025.8.3)
2025-08-19T08:55:42.5755432Z Collecting httpcore==1.* (from httpx==0.27.2->-r services/api/requirements.txt (line 7))
2025-08-19T08:55:42.5766464Z   Using cached httpcore-1.0.9-py3-none-any.whl.metadata (21 kB)
2025-08-19T08:55:42.5799210Z Requirement already satisfied: idna in /opt/hostedtoolcache/Python/3.12.11/x64/lib/python3.12/site-packages (from httpx==0.27.2->-r services/api/requirements.txt (line 7)) (3.10)
2025-08-19T08:55:42.5926151Z Collecting sniffio (from httpx==0.27.2->-r services/api/requirements.txt (line 7))
2025-08-19T08:55:42.5937267Z   Using cached sniffio-1.3.1-py3-none-any.whl.metadata (3.9 kB)
2025-08-19T08:55:42.9812813Z Collecting botocore<1.35.0,>=1.34.162 (from boto3==1.34.162->-r services/api/requirements.txt (line 9))
2025-08-19T08:55:42.9826526Z   Using cached botocore-1.34.162-py3-none-any.whl.metadata (5.7 kB)
2025-08-19T08:55:42.9854510Z Requirement already satisfied: jmespath<2.0.0,>=0.7.1 in /opt/hostedtoolcache/Python/3.12.11/x64/lib/python3.12/site-packages (from boto3==1.34.162->-r services/api/requirements.txt (line 9)) (1.0.1)
2025-08-19T08:55:43.0068338Z Collecting s3transfer<0.11.0,>=0.10.0 (from boto3==1.34.162->-r services/api/requirements.txt (line 9))
2025-08-19T08:55:43.0079542Z   Using cached s3transfer-0.10.4-py3-none-any.whl.metadata (1.7 kB)
2025-08-19T08:55:43.0664154Z Collecting MarkupSafe>=2.0 (from Jinja2==3.1.5->-r services/api/requirements.txt (line 10))
2025-08-19T08:55:43.0677246Z   Using cached MarkupSafe-3.0.2-cp312-cp312-manylinux_2_17_x86_64.manylinux2014_x86_64.whl.metadata (4.0 kB)
2025-08-19T08:55:43.0948819Z Requirement already satisfied: urllib3>=1.26.11 in /opt/hostedtoolcache/Python/3.12.11/x64/lib/python3.12/site-packages (from sentry-sdk==2.9.0->sentry-sdk[celery,fastapi,sqlalchemy]==2.9.0->-r services/api/requirements.txt (line 16)) (2.5.0)
2025-08-19T08:55:43.2369684Z Collecting psycopg-binary==3.2.9 (from psycopg[binary]==3.2.9->-r services/api/requirements.txt (line 6))
2025-08-19T08:55:43.2381958Z   Using cached psycopg_binary-3.2.9-cp312-cp312-manylinux_2_17_x86_64.manylinux2014_x86_64.whl.metadata (2.9 kB)
2025-08-19T08:55:43.2747054Z Requirement already satisfied: billiard<5.0,>=4.2.0 in /opt/hostedtoolcache/Python/3.12.11/x64/lib/python3.12/site-packages (from celery==5.3.*->-r services/api/requirements.txt (line 11)) (4.2.1)
2025-08-19T08:55:43.2752997Z Requirement already satisfied: click-didyoumean>=0.3.0 in /opt/hostedtoolcache/Python/3.12.11/x64/lib/python3.12/site-packages (from celery==5.3.*->-r services/api/requirements.txt (line 11)) (0.3.1)
2025-08-19T08:55:43.2758667Z Requirement already satisfied: click-plugins>=1.1.1 in /opt/hostedtoolcache/Python/3.12.11/x64/lib/python3.12/site-packages (from celery==5.3.*->-r services/api/requirements.txt (line 11)) (1.1.1.2)
2025-08-19T08:55:43.2765042Z Requirement already satisfied: click-repl>=0.2.0 in /opt/hostedtoolcache/Python/3.12.11/x64/lib/python3.12/site-packages (from celery==5.3.*->-r services/api/requirements.txt (line 11)) (0.3.0)
2025-08-19T08:55:43.2774755Z Requirement already satisfied: kombu<6.0,>=5.3.4 in /opt/hostedtoolcache/Python/3.12.11/x64/lib/python3.12/site-packages (from celery==5.3.*->-r services/api/requirements.txt (line 11)) (5.5.4)
2025-08-19T08:55:43.2780598Z Requirement already satisfied: python-dateutil>=2.8.2 in /opt/hostedtoolcache/Python/3.12.11/x64/lib/python3.12/site-packages (from celery==5.3.*->-r services/api/requirements.txt (line 11)) (2.9.0.post0)
2025-08-19T08:55:43.2786337Z Requirement already satisfied: tzdata>=2022.7 in /opt/hostedtoolcache/Python/3.12.11/x64/lib/python3.12/site-packages (from celery==5.3.*->-r services/api/requirements.txt (line 11)) (2025.2)
2025-08-19T08:55:43.2792632Z Requirement already satisfied: vine<6.0,>=5.1.0 in /opt/hostedtoolcache/Python/3.12.11/x64/lib/python3.12/site-packages (from celery==5.3.*->-r services/api/requirements.txt (line 11)) (5.1.0)
2025-08-19T08:55:43.2922128Z Requirement already satisfied: amqp<6.0.0,>=5.1.1 in /opt/hostedtoolcache/Python/3.12.11/x64/lib/python3.12/site-packages (from kombu<6.0,>=5.3.4->celery==5.3.*->-r services/api/requirements.txt (line 11)) (5.3.1)
2025-08-19T08:55:43.2932725Z Requirement already satisfied: packaging in /opt/hostedtoolcache/Python/3.12.11/x64/lib/python3.12/site-packages (from kombu<6.0,>=5.3.4->celery==5.3.*->-r services/api/requirements.txt (line 11)) (25.0)
2025-08-19T08:55:43.2997623Z Requirement already satisfied: annotated-types>=0.6.0 in /opt/hostedtoolcache/Python/3.12.11/x64/lib/python3.12/site-packages (from pydantic>=2.3.0->pydantic-settings==2.2.1->-r services/api/requirements.txt (line 2)) (0.7.0)
2025-08-19T08:55:43.3002864Z Requirement already satisfied: pydantic-core==2.33.2 in /opt/hostedtoolcache/Python/3.12.11/x64/lib/python3.12/site-packages (from pydantic>=2.3.0->pydantic-settings==2.2.1->-r services/api/requirements.txt (line 2)) (2.33.2)
2025-08-19T08:55:43.3012078Z Requirement already satisfied: typing-inspection>=0.4.0 in /opt/hostedtoolcache/Python/3.12.11/x64/lib/python3.12/site-packages (from pydantic>=2.3.0->pydantic-settings==2.2.1->-r services/api/requirements.txt (line 2)) (0.4.1)
2025-08-19T08:55:43.3046384Z Requirement already satisfied: six>=1.5 in /opt/hostedtoolcache/Python/3.12.11/x64/lib/python3.12/site-packages (from python-dateutil>=2.8.2->celery==5.3.*->-r services/api/requirements.txt (line 11)) (1.17.0)
2025-08-19T08:55:43.5396128Z Requirement already satisfied: prompt-toolkit>=3.0.36 in /opt/hostedtoolcache/Python/3.12.11/x64/lib/python3.12/site-packages (from click-repl>=0.2.0->celery==5.3.*->-r services/api/requirements.txt (line 11)) (3.0.51)
2025-08-19T08:55:43.5580322Z Collecting dnspython>=2.0.0 (from email_validator>=2.0.0->fastapi==0.111.0->-r services/api/requirements.txt (line 3))
2025-08-19T08:55:43.5591951Z   Using cached dnspython-2.7.0-py3-none-any.whl.metadata (5.8 kB)
2025-08-19T08:55:43.5901467Z Collecting typer>=0.15.1 (from fastapi-cli>=0.0.2->fastapi==0.111.0->-r services/api/requirements.txt (line 3))
2025-08-19T08:55:43.5912373Z   Using cached typer-0.16.1-py3-none-any.whl.metadata (15 kB)
2025-08-19T08:55:43.6179568Z Collecting rich-toolkit>=0.14.8 (from fastapi-cli>=0.0.2->fastapi==0.111.0->-r services/api/requirements.txt (line 3))
2025-08-19T08:55:43.6190525Z   Using cached rich_toolkit-0.15.0-py3-none-any.whl.metadata (1.0 kB)
2025-08-19T08:55:43.6284172Z Requirement already satisfied: wcwidth in /opt/hostedtoolcache/Python/3.12.11/x64/lib/python3.12/site-packages (from prompt-toolkit>=3.0.36->click-repl>=0.2.0->celery==5.3.*->-r services/api/requirements.txt (line 11)) (0.2.13)
2025-08-19T08:55:43.6745048Z Collecting rich>=13.7.1 (from rich-toolkit>=0.14.8->fastapi-cli>=0.0.2->fastapi==0.111.0->-r services/api/requirements.txt (line 3))
2025-08-19T08:55:43.6756155Z   Using cached rich-14.1.0-py3-none-any.whl.metadata (18 kB)
2025-08-19T08:55:43.6981393Z Collecting markdown-it-py>=2.2.0 (from rich>=13.7.1->rich-toolkit>=0.14.8->fastapi-cli>=0.0.2->fastapi==0.111.0->-r services/api/requirements.txt (line 3))
2025-08-19T08:55:43.6992123Z   Using cached markdown_it_py-4.0.0-py3-none-any.whl.metadata (7.3 kB)
2025-08-19T08:55:43.7284236Z Collecting pygments<3.0.0,>=2.13.0 (from rich>=13.7.1->rich-toolkit>=0.14.8->fastapi-cli>=0.0.2->fastapi==0.111.0->-r services/api/requirements.txt (line 3))
2025-08-19T08:55:43.7295400Z   Using cached pygments-2.19.2-py3-none-any.whl.metadata (2.5 kB)
2025-08-19T08:55:43.7470840Z Collecting mdurl~=0.1 (from markdown-it-py>=2.2.0->rich>=13.7.1->rich-toolkit>=0.14.8->fastapi-cli>=0.0.2->fastapi==0.111.0->-r services/api/requirements.txt (line 3))
2025-08-19T08:55:43.7481615Z   Using cached mdurl-0.1.2-py3-none-any.whl.metadata (1.6 kB)
2025-08-19T08:55:43.7724040Z Collecting shellingham>=1.3.0 (from typer>=0.15.1->fastapi-cli>=0.0.2->fastapi==0.111.0->-r services/api/requirements.txt (line 3))
2025-08-19T08:55:43.7735153Z   Using cached shellingham-1.5.4-py2.py3-none-any.whl.metadata (3.5 kB)
2025-08-19T08:55:43.8646160Z Collecting httptools>=0.5.0 (from uvicorn[standard]>=0.12.0->fastapi==0.111.0->-r services/api/requirements.txt (line 3))
2025-08-19T08:55:43.8658862Z   Using cached httptools-0.6.4-cp312-cp312-manylinux_2_5_x86_64.manylinux1_x86_64.manylinux_2_17_x86_64.manylinux2014_x86_64.whl.metadata (3.6 kB)
2025-08-19T08:55:43.8684208Z Requirement already satisfied: pyyaml>=5.1 in /opt/hostedtoolcache/Python/3.12.11/x64/lib/python3.12/site-packages (from uvicorn[standard]>=0.12.0->fastapi==0.111.0->-r services/api/requirements.txt (line 3)) (6.0.2)
2025-08-19T08:55:43.9092776Z Collecting uvloop!=0.15.0,!=0.15.1,>=0.14.0 (from uvicorn[standard]>=0.12.0->fastapi==0.111.0->-r services/api/requirements.txt (line 3))
2025-08-19T08:55:43.9104416Z   Using cached uvloop-0.21.0-cp312-cp312-manylinux_2_17_x86_64.manylinux2014_x86_64.whl.metadata (4.9 kB)
2025-08-19T08:55:43.9857338Z Collecting watchfiles>=0.13 (from uvicorn[standard]>=0.12.0->fastapi==0.111.0->-r services/api/requirements.txt (line 3))
2025-08-19T08:55:43.9868889Z   Using cached watchfiles-1.1.0-cp312-cp312-manylinux_2_17_x86_64.manylinux2014_x86_64.whl.metadata (4.9 kB)
2025-08-19T08:55:44.0763447Z Collecting websockets>=10.4 (from uvicorn[standard]>=0.12.0->fastapi==0.111.0->-r services/api/requirements.txt (line 3))
2025-08-19T08:55:44.0775339Z   Using cached websockets-15.0.1-cp312-cp312-manylinux_2_5_x86_64.manylinux1_x86_64.manylinux_2_17_x86_64.manylinux2014_x86_64.whl.metadata (6.8 kB)
2025-08-19T08:55:44.1043509Z Using cached uvicorn-0.29.0-py3-none-any.whl (60 kB)
2025-08-19T08:55:44.1054973Z Using cached fastapi-0.111.0-py3-none-any.whl (91 kB)
2025-08-19T08:55:44.1066873Z Using cached SQLAlchemy-2.0.29-cp312-cp312-manylinux_2_17_x86_64.manylinux2014_x86_64.whl (3.2 MB)
2025-08-19T08:55:44.1101535Z Using cached alembic-1.13.1-py3-none-any.whl (233 kB)
2025-08-19T08:55:44.1113939Z Using cached psycopg-3.2.9-py3-none-any.whl (202 kB)
2025-08-19T08:55:44.1128159Z Using cached httpx-0.27.2-py3-none-any.whl (76 kB)
2025-08-19T08:55:44.1137731Z Using cached asyncpg-0.29.0-cp312-cp312-manylinux_2_17_x86_64.manylinux2014_x86_64.whl (3.3 MB)
2025-08-19T08:55:44.1172681Z Using cached boto3-1.34.162-py3-none-any.whl (139 kB)
2025-08-19T08:55:44.1185336Z Using cached jinja2-3.1.5-py3-none-any.whl (134 kB)
2025-08-19T08:55:44.1196835Z Using cached structlog-24.1.0-py3-none-any.whl (65 kB)
2025-08-19T08:55:44.1207993Z Using cached asgi_correlation_id-4.3.1-py3-none-any.whl (15 kB)
2025-08-19T08:55:44.1218661Z Using cached fastapi_limiter-0.1.6-py3-none-any.whl (15 kB)
2025-08-19T08:55:44.1229308Z Using cached redis-5.0.8-py3-none-any.whl (255 kB)
2025-08-19T08:55:44.1242512Z Using cached sentry_sdk-2.9.0-py2.py3-none-any.whl (301 kB)
2025-08-19T08:55:44.1256204Z Using cached psycopg_binary-3.2.9-cp312-cp312-manylinux_2_17_x86_64.manylinux2014_x86_64.whl (4.4 MB)
2025-08-19T08:55:44.1300081Z Using cached botocore-1.34.162-py3-none-any.whl (12.5 MB)
2025-08-19T08:55:44.1400642Z Using cached httpcore-1.0.9-py3-none-any.whl (78 kB)
2025-08-19T08:55:44.1412284Z Using cached s3transfer-0.10.4-py3-none-any.whl (83 kB)
2025-08-19T08:55:44.1423894Z Using cached starlette-0.37.2-py3-none-any.whl (71 kB)
2025-08-19T08:55:44.1435658Z Using cached anyio-4.10.0-py3-none-any.whl (107 kB)
2025-08-19T08:55:44.1447423Z Using cached email_validator-2.2.0-py3-none-any.whl (33 kB)
2025-08-19T08:55:44.1458768Z Using cached dnspython-2.7.0-py3-none-any.whl (313 kB)
2025-08-19T08:55:44.1471990Z Using cached fastapi_cli-0.0.8-py3-none-any.whl (10 kB)
2025-08-19T08:55:44.1483810Z Using cached greenlet-3.2.4-cp312-cp312-manylinux_2_24_x86_64.manylinux_2_28_x86_64.whl (607 kB)
2025-08-19T08:55:44.1499248Z Using cached h11-0.16.0-py3-none-any.whl (37 kB)
2025-08-19T08:55:44.1511010Z Using cached MarkupSafe-3.0.2-cp312-cp312-manylinux_2_17_x86_64.manylinux2014_x86_64.whl (23 kB)
2025-08-19T08:55:44.1522460Z Using cached orjson-3.11.2-cp312-cp312-manylinux_2_17_x86_64.manylinux2014_x86_64.whl (121 kB)
2025-08-19T08:55:44.1534594Z Using cached python_multipart-0.0.20-py3-none-any.whl (24 kB)
2025-08-19T08:55:44.1545805Z Using cached rich_toolkit-0.15.0-py3-none-any.whl (29 kB)
2025-08-19T08:55:44.1557034Z Using cached rich-14.1.0-py3-none-any.whl (243 kB)
2025-08-19T08:55:44.1569741Z Using cached pygments-2.19.2-py3-none-any.whl (1.2 MB)
2025-08-19T08:55:44.1590394Z Using cached markdown_it_py-4.0.0-py3-none-any.whl (87 kB)
2025-08-19T08:55:44.1601938Z Using cached mdurl-0.1.2-py3-none-any.whl (10.0 kB)
2025-08-19T08:55:44.1613329Z Using cached sniffio-1.3.1-py3-none-any.whl (10 kB)
2025-08-19T08:55:44.1624320Z Using cached typer-0.16.1-py3-none-any.whl (46 kB)
2025-08-19T08:55:44.1635782Z Using cached shellingham-1.5.4-py2.py3-none-any.whl (9.8 kB)
2025-08-19T08:55:44.1647414Z Using cached ujson-5.10.0-cp312-cp312-manylinux_2_17_x86_64.manylinux2014_x86_64.whl (53 kB)
2025-08-19T08:55:44.1659536Z Using cached httptools-0.6.4-cp312-cp312-manylinux_2_5_x86_64.manylinux1_x86_64.manylinux_2_17_x86_64.manylinux2014_x86_64.whl (510 kB)
2025-08-19T08:55:44.1674080Z Using cached uvloop-0.21.0-cp312-cp312-manylinux_2_17_x86_64.manylinux2014_x86_64.whl (4.7 MB)
2025-08-19T08:55:44.1718763Z Using cached watchfiles-1.1.0-cp312-cp312-manylinux_2_17_x86_64.manylinux2014_x86_64.whl (452 kB)
2025-08-19T08:55:44.1733938Z Using cached websockets-15.0.1-cp312-cp312-manylinux_2_5_x86_64.manylinux1_x86_64.manylinux_2_17_x86_64.manylinux2014_x86_64.whl (182 kB)
2025-08-19T08:55:44.1746070Z Using cached mako-1.3.10-py3-none-any.whl (78 kB)
2025-08-19T08:55:44.3764435Z Installing collected packages: websockets, uvloop, ujson, structlog, sniffio, shellingham, sentry-sdk, redis, python-multipart, pygments, psycopg-binary, psycopg, orjson, mdurl, MarkupSafe, httptools, h11, greenlet, dnspython, asyncpg, uvicorn, sqlalchemy, markdown-it-py, Mako, Jinja2, httpcore, email_validator, botocore, anyio, watchfiles, starlette, s3transfer, rich, httpx, alembic, typer, rich-toolkit, boto3, asgi-correlation-id, fastapi-cli, fastapi, fastapi-limiter
2025-08-19T08:55:44.8153035Z   Attempting uninstall: redis
2025-08-19T08:55:44.8184083Z     Found existing installation: redis 5.3.1
2025-08-19T08:55:44.8263314Z     Uninstalling redis-5.3.1:
2025-08-19T08:55:44.8280205Z       Successfully uninstalled redis-5.3.1
2025-08-19T08:55:47.8142127Z   Attempting uninstall: botocore
2025-08-19T08:55:47.8186128Z     Found existing installation: botocore 1.40.12
2025-08-19T08:55:47.8807514Z     Uninstalling botocore-1.40.12:
2025-08-19T08:55:47.9047536Z       Successfully uninstalled botocore-1.40.12
2025-08-19T08:55:48.6837115Z   Attempting uninstall: s3transfer
2025-08-19T08:55:48.6882330Z     Found existing installation: s3transfer 0.13.1
2025-08-19T08:55:48.6909006Z     Uninstalling s3transfer-0.13.1:
2025-08-19T08:55:48.6917642Z       Successfully uninstalled s3transfer-0.13.1
2025-08-19T08:55:49.1984136Z   Attempting uninstall: boto3
2025-08-19T08:55:49.2014303Z     Found existing installation: boto3 1.40.12
2025-08-19T08:55:49.2074714Z     Uninstalling boto3-1.40.12:
2025-08-19T08:55:49.2092377Z       Successfully uninstalled boto3-1.40.12
2025-08-19T08:55:49.3662912Z 
2025-08-19T08:55:49.3749280Z Successfully installed Jinja2-3.1.5 Mako-1.3.10 MarkupSafe-3.0.2 alembic-1.13.1 anyio-4.10.0 asgi-correlation-id-4.3.1 asyncpg-0.29.0 boto3-1.34.162 botocore-1.34.162 dnspython-2.7.0 email_validator-2.2.0 fastapi-0.111.0 fastapi-cli-0.0.8 fastapi-limiter-0.1.6 greenlet-3.2.4 h11-0.16.0 httpcore-1.0.9 httptools-0.6.4 httpx-0.27.2 markdown-it-py-4.0.0 mdurl-0.1.2 orjson-3.11.2 psycopg-3.2.9 psycopg-binary-3.2.9 pygments-2.19.2 python-multipart-0.0.20 redis-5.0.8 rich-14.1.0 rich-toolkit-0.15.0 s3transfer-0.10.4 sentry-sdk-2.9.0 shellingham-1.5.4 sniffio-1.3.1 sqlalchemy-2.0.29 starlette-0.37.2 structlog-24.1.0 typer-0.16.1 ujson-5.10.0 uvicorn-0.29.0 uvloop-0.21.0 watchfiles-1.1.0 websockets-15.0.1
2025-08-19T08:55:50.0034001Z Requirement already satisfied: uvicorn==0.29.0 in /opt/hostedtoolcache/Python/3.12.11/x64/lib/python3.12/site-packages (from -r services/repricer/requirements.txt (line 1)) (0.29.0)
2025-08-19T08:55:50.0038255Z Requirement already satisfied: pydantic-settings==2.2.1 in /opt/hostedtoolcache/Python/3.12.11/x64/lib/python3.12/site-packages (from -r services/repricer/requirements.txt (line 2)) (2.2.1)
2025-08-19T08:55:50.0042380Z Requirement already satisfied: python-amazon-sp-api==0.8.0 in /opt/hostedtoolcache/Python/3.12.11/x64/lib/python3.12/site-packages (from -r services/repricer/requirements.txt (line 3)) (0.8.0)
2025-08-19T08:55:50.0046465Z Requirement already satisfied: fastapi==0.111.0 in /opt/hostedtoolcache/Python/3.12.11/x64/lib/python3.12/site-packages (from -r services/repricer/requirements.txt (line 4)) (0.111.0)
2025-08-19T08:55:50.0050325Z Requirement already satisfied: sqlalchemy==2.0.29 in /opt/hostedtoolcache/Python/3.12.11/x64/lib/python3.12/site-packages (from -r services/repricer/requirements.txt (line 5)) (2.0.29)
2025-08-19T08:55:50.0061167Z Requirement already satisfied: click>=7.0 in /opt/hostedtoolcache/Python/3.12.11/x64/lib/python3.12/site-packages (from uvicorn==0.29.0->-r services/repricer/requirements.txt (line 1)) (8.2.1)
2025-08-19T08:55:50.0066756Z Requirement already satisfied: h11>=0.8 in /opt/hostedtoolcache/Python/3.12.11/x64/lib/python3.12/site-packages (from uvicorn==0.29.0->-r services/repricer/requirements.txt (line 1)) (0.16.0)
2025-08-19T08:55:50.0089315Z Requirement already satisfied: pydantic>=2.3.0 in /opt/hostedtoolcache/Python/3.12.11/x64/lib/python3.12/site-packages (from pydantic-settings==2.2.1->-r services/repricer/requirements.txt (line 2)) (2.11.7)
2025-08-19T08:55:50.0094569Z Requirement already satisfied: python-dotenv>=0.21.0 in /opt/hostedtoolcache/Python/3.12.11/x64/lib/python3.12/site-packages (from pydantic-settings==2.2.1->-r services/repricer/requirements.txt (line 2)) (1.1.1)
2025-08-19T08:55:50.0105563Z Requirement already satisfied: requests in /opt/hostedtoolcache/Python/3.12.11/x64/lib/python3.12/site-packages (from python-amazon-sp-api==0.8.0->-r services/repricer/requirements.txt (line 3)) (2.32.5)
2025-08-19T08:55:50.0112196Z Requirement already satisfied: six<2,>=1.15 in /opt/hostedtoolcache/Python/3.12.11/x64/lib/python3.12/site-packages (from python-amazon-sp-api==0.8.0->-r services/repricer/requirements.txt (line 3)) (1.17.0)
2025-08-19T08:55:50.0119268Z Requirement already satisfied: boto3<2,>=1.16.39 in /opt/hostedtoolcache/Python/3.12.11/x64/lib/python3.12/site-packages (from python-amazon-sp-api==0.8.0->-r services/repricer/requirements.txt (line 3)) (1.34.162)
2025-08-19T08:55:50.0125604Z Requirement already satisfied: cachetools~=4.2.0 in /opt/hostedtoolcache/Python/3.12.11/x64/lib/python3.12/site-packages (from python-amazon-sp-api==0.8.0->-r services/repricer/requirements.txt (line 3)) (4.2.4)
2025-08-19T08:55:50.0129245Z Requirement already satisfied: pycryptodome in /opt/hostedtoolcache/Python/3.12.11/x64/lib/python3.12/site-packages (from python-amazon-sp-api==0.8.0->-r services/repricer/requirements.txt (line 3)) (3.23.0)
2025-08-19T08:55:50.0132828Z Requirement already satisfied: pytz in /opt/hostedtoolcache/Python/3.12.11/x64/lib/python3.12/site-packages (from python-amazon-sp-api==0.8.0->-r services/repricer/requirements.txt (line 3)) (2025.2)
2025-08-19T08:55:50.0138804Z Requirement already satisfied: confuse~=1.4.0 in /opt/hostedtoolcache/Python/3.12.11/x64/lib/python3.12/site-packages (from python-amazon-sp-api==0.8.0->-r services/repricer/requirements.txt (line 3)) (1.4.0)
2025-08-19T08:55:50.0154006Z Requirement already satisfied: starlette<0.38.0,>=0.37.2 in /opt/hostedtoolcache/Python/3.12.11/x64/lib/python3.12/site-packages (from fastapi==0.111.0->-r services/repricer/requirements.txt (line 4)) (0.37.2)
2025-08-19T08:55:50.0163576Z Requirement already satisfied: typing-extensions>=4.8.0 in /opt/hostedtoolcache/Python/3.12.11/x64/lib/python3.12/site-packages (from fastapi==0.111.0->-r services/repricer/requirements.txt (line 4)) (4.14.1)
2025-08-19T08:55:50.0168473Z Requirement already satisfied: fastapi-cli>=0.0.2 in /opt/hostedtoolcache/Python/3.12.11/x64/lib/python3.12/site-packages (from fastapi==0.111.0->-r services/repricer/requirements.txt (line 4)) (0.0.8)
2025-08-19T08:55:50.0173275Z Requirement already satisfied: httpx>=0.23.0 in /opt/hostedtoolcache/Python/3.12.11/x64/lib/python3.12/site-packages (from fastapi==0.111.0->-r services/repricer/requirements.txt (line 4)) (0.27.2)
2025-08-19T08:55:50.0178415Z Requirement already satisfied: jinja2>=2.11.2 in /opt/hostedtoolcache/Python/3.12.11/x64/lib/python3.12/site-packages (from fastapi==0.111.0->-r services/repricer/requirements.txt (line 4)) (3.1.5)
2025-08-19T08:55:50.0183283Z Requirement already satisfied: python-multipart>=0.0.7 in /opt/hostedtoolcache/Python/3.12.11/x64/lib/python3.12/site-packages (from fastapi==0.111.0->-r services/repricer/requirements.txt (line 4)) (0.0.20)
2025-08-19T08:55:50.0190758Z Requirement already satisfied: ujson!=4.0.2,!=4.1.0,!=4.2.0,!=4.3.0,!=5.0.0,!=5.1.0,>=4.0.1 in /opt/hostedtoolcache/Python/3.12.11/x64/lib/python3.12/site-packages (from fastapi==0.111.0->-r services/repricer/requirements.txt (line 4)) (5.10.0)
2025-08-19T08:55:50.0195622Z Requirement already satisfied: orjson>=3.2.1 in /opt/hostedtoolcache/Python/3.12.11/x64/lib/python3.12/site-packages (from fastapi==0.111.0->-r services/repricer/requirements.txt (line 4)) (3.11.2)
2025-08-19T08:55:50.0200239Z Requirement already satisfied: email_validator>=2.0.0 in /opt/hostedtoolcache/Python/3.12.11/x64/lib/python3.12/site-packages (from fastapi==0.111.0->-r services/repricer/requirements.txt (line 4)) (2.2.0)
2025-08-19T08:55:50.0246692Z Requirement already satisfied: greenlet!=0.4.17 in /opt/hostedtoolcache/Python/3.12.11/x64/lib/python3.12/site-packages (from sqlalchemy==2.0.29->-r services/repricer/requirements.txt (line 5)) (3.2.4)
2025-08-19T08:55:50.0292018Z Requirement already satisfied: botocore<1.35.0,>=1.34.162 in /opt/hostedtoolcache/Python/3.12.11/x64/lib/python3.12/site-packages (from boto3<2,>=1.16.39->python-amazon-sp-api==0.8.0->-r services/repricer/requirements.txt (line 3)) (1.34.162)
2025-08-19T08:55:50.0298519Z Requirement already satisfied: jmespath<2.0.0,>=0.7.1 in /opt/hostedtoolcache/Python/3.12.11/x64/lib/python3.12/site-packages (from boto3<2,>=1.16.39->python-amazon-sp-api==0.8.0->-r services/repricer/requirements.txt (line 3)) (1.0.1)
2025-08-19T08:55:50.0304939Z Requirement already satisfied: s3transfer<0.11.0,>=0.10.0 in /opt/hostedtoolcache/Python/3.12.11/x64/lib/python3.12/site-packages (from boto3<2,>=1.16.39->python-amazon-sp-api==0.8.0->-r services/repricer/requirements.txt (line 3)) (0.10.4)
2025-08-19T08:55:50.0321557Z Requirement already satisfied: python-dateutil<3.0.0,>=2.1 in /opt/hostedtoolcache/Python/3.12.11/x64/lib/python3.12/site-packages (from botocore<1.35.0,>=1.34.162->boto3<2,>=1.16.39->python-amazon-sp-api==0.8.0->-r services/repricer/requirements.txt (line 3)) (2.9.0.post0)
2025-08-19T08:55:50.0334168Z Requirement already satisfied: urllib3!=2.2.0,<3,>=1.25.4 in /opt/hostedtoolcache/Python/3.12.11/x64/lib/python3.12/site-packages (from botocore<1.35.0,>=1.34.162->boto3<2,>=1.16.39->python-amazon-sp-api==0.8.0->-r services/repricer/requirements.txt (line 3)) (2.5.0)
2025-08-19T08:55:50.0352938Z Requirement already satisfied: pyyaml in /opt/hostedtoolcache/Python/3.12.11/x64/lib/python3.12/site-packages (from confuse~=1.4.0->python-amazon-sp-api==0.8.0->-r services/repricer/requirements.txt (line 3)) (6.0.2)
2025-08-19T08:55:50.0387507Z Requirement already satisfied: annotated-types>=0.6.0 in /opt/hostedtoolcache/Python/3.12.11/x64/lib/python3.12/site-packages (from pydantic>=2.3.0->pydantic-settings==2.2.1->-r services/repricer/requirements.txt (line 2)) (0.7.0)
2025-08-19T08:55:50.0392497Z Requirement already satisfied: pydantic-core==2.33.2 in /opt/hostedtoolcache/Python/3.12.11/x64/lib/python3.12/site-packages (from pydantic>=2.3.0->pydantic-settings==2.2.1->-r services/repricer/requirements.txt (line 2)) (2.33.2)
2025-08-19T08:55:50.0399336Z Requirement already satisfied: typing-inspection>=0.4.0 in /opt/hostedtoolcache/Python/3.12.11/x64/lib/python3.12/site-packages (from pydantic>=2.3.0->pydantic-settings==2.2.1->-r services/repricer/requirements.txt (line 2)) (0.4.1)
2025-08-19T08:55:50.0459599Z Requirement already satisfied: anyio<5,>=3.4.0 in /opt/hostedtoolcache/Python/3.12.11/x64/lib/python3.12/site-packages (from starlette<0.38.0,>=0.37.2->fastapi==0.111.0->-r services/repricer/requirements.txt (line 4)) (4.10.0)
2025-08-19T08:55:50.0479300Z Requirement already satisfied: idna>=2.8 in /opt/hostedtoolcache/Python/3.12.11/x64/lib/python3.12/site-packages (from anyio<5,>=3.4.0->starlette<0.38.0,>=0.37.2->fastapi==0.111.0->-r services/repricer/requirements.txt (line 4)) (3.10)
2025-08-19T08:55:50.0484351Z Requirement already satisfied: sniffio>=1.1 in /opt/hostedtoolcache/Python/3.12.11/x64/lib/python3.12/site-packages (from anyio<5,>=3.4.0->starlette<0.38.0,>=0.37.2->fastapi==0.111.0->-r services/repricer/requirements.txt (line 4)) (1.3.1)
2025-08-19T08:55:50.0544968Z Requirement already satisfied: dnspython>=2.0.0 in /opt/hostedtoolcache/Python/3.12.11/x64/lib/python3.12/site-packages (from email_validator>=2.0.0->fastapi==0.111.0->-r services/repricer/requirements.txt (line 4)) (2.7.0)
2025-08-19T08:55:50.0592803Z Requirement already satisfied: typer>=0.15.1 in /opt/hostedtoolcache/Python/3.12.11/x64/lib/python3.12/site-packages (from fastapi-cli>=0.0.2->fastapi==0.111.0->-r services/repricer/requirements.txt (line 4)) (0.16.1)
2025-08-19T08:55:50.0603016Z Requirement already satisfied: rich-toolkit>=0.14.8 in /opt/hostedtoolcache/Python/3.12.11/x64/lib/python3.12/site-packages (from fastapi-cli>=0.0.2->fastapi==0.111.0->-r services/repricer/requirements.txt (line 4)) (0.15.0)
2025-08-19T08:55:50.0643726Z Requirement already satisfied: certifi in /opt/hostedtoolcache/Python/3.12.11/x64/lib/python3.12/site-packages (from httpx>=0.23.0->fastapi==0.111.0->-r services/repricer/requirements.txt (line 4)) (2025.8.3)
2025-08-19T08:55:50.0649044Z Requirement already satisfied: httpcore==1.* in /opt/hostedtoolcache/Python/3.12.11/x64/lib/python3.12/site-packages (from httpx>=0.23.0->fastapi==0.111.0->-r services/repricer/requirements.txt (line 4)) (1.0.9)
2025-08-19T08:55:50.0705718Z Requirement already satisfied: MarkupSafe>=2.0 in /opt/hostedtoolcache/Python/3.12.11/x64/lib/python3.12/site-packages (from jinja2>=2.11.2->fastapi==0.111.0->-r services/repricer/requirements.txt (line 4)) (3.0.2)
2025-08-19T08:55:50.0762787Z Requirement already satisfied: rich>=13.7.1 in /opt/hostedtoolcache/Python/3.12.11/x64/lib/python3.12/site-packages (from rich-toolkit>=0.14.8->fastapi-cli>=0.0.2->fastapi==0.111.0->-r services/repricer/requirements.txt (line 4)) (14.1.0)
2025-08-19T08:55:50.0785067Z Requirement already satisfied: markdown-it-py>=2.2.0 in /opt/hostedtoolcache/Python/3.12.11/x64/lib/python3.12/site-packages (from rich>=13.7.1->rich-toolkit>=0.14.8->fastapi-cli>=0.0.2->fastapi==0.111.0->-r services/repricer/requirements.txt (line 4)) (4.0.0)
2025-08-19T08:55:50.0791617Z Requirement already satisfied: pygments<3.0.0,>=2.13.0 in /opt/hostedtoolcache/Python/3.12.11/x64/lib/python3.12/site-packages (from rich>=13.7.1->rich-toolkit>=0.14.8->fastapi-cli>=0.0.2->fastapi==0.111.0->-r services/repricer/requirements.txt (line 4)) (2.19.2)
2025-08-19T08:55:50.0818476Z Requirement already satisfied: mdurl~=0.1 in /opt/hostedtoolcache/Python/3.12.11/x64/lib/python3.12/site-packages (from markdown-it-py>=2.2.0->rich>=13.7.1->rich-toolkit>=0.14.8->fastapi-cli>=0.0.2->fastapi==0.111.0->-r services/repricer/requirements.txt (line 4)) (0.1.2)
2025-08-19T08:55:50.0883702Z Requirement already satisfied: shellingham>=1.3.0 in /opt/hostedtoolcache/Python/3.12.11/x64/lib/python3.12/site-packages (from typer>=0.15.1->fastapi-cli>=0.0.2->fastapi==0.111.0->-r services/repricer/requirements.txt (line 4)) (1.5.4)
2025-08-19T08:55:50.0955623Z Requirement already satisfied: httptools>=0.5.0 in /opt/hostedtoolcache/Python/3.12.11/x64/lib/python3.12/site-packages (from uvicorn[standard]>=0.12.0->fastapi==0.111.0->-r services/repricer/requirements.txt (line 4)) (0.6.4)
2025-08-19T08:55:50.0971156Z Requirement already satisfied: uvloop!=0.15.0,!=0.15.1,>=0.14.0 in /opt/hostedtoolcache/Python/3.12.11/x64/lib/python3.12/site-packages (from uvicorn[standard]>=0.12.0->fastapi==0.111.0->-r services/repricer/requirements.txt (line 4)) (0.21.0)
2025-08-19T08:55:50.0978966Z Requirement already satisfied: watchfiles>=0.13 in /opt/hostedtoolcache/Python/3.12.11/x64/lib/python3.12/site-packages (from uvicorn[standard]>=0.12.0->fastapi==0.111.0->-r services/repricer/requirements.txt (line 4)) (1.1.0)
2025-08-19T08:55:50.0986077Z Requirement already satisfied: websockets>=10.4 in /opt/hostedtoolcache/Python/3.12.11/x64/lib/python3.12/site-packages (from uvicorn[standard]>=0.12.0->fastapi==0.111.0->-r services/repricer/requirements.txt (line 4)) (15.0.1)
2025-08-19T08:55:50.1116537Z Requirement already satisfied: charset_normalizer<4,>=2 in /opt/hostedtoolcache/Python/3.12.11/x64/lib/python3.12/site-packages (from requests->python-amazon-sp-api==0.8.0->-r services/repricer/requirements.txt (line 3)) (3.4.3)
2025-08-19T08:55:50.7329733Z Collecting celery==5.4.* (from celery[redis]==5.4.*->-r services/fees_h10/requirements.txt (line 1))
2025-08-19T08:55:50.7341693Z   Using cached celery-5.4.0-py3-none-any.whl.metadata (21 kB)
2025-08-19T08:55:50.7553901Z Requirement already satisfied: asyncpg in /opt/hostedtoolcache/Python/3.12.11/x64/lib/python3.12/site-packages (from -r services/fees_h10/requirements.txt (line 2)) (0.29.0)
2025-08-19T08:55:50.7557399Z Requirement already satisfied: httpx in /opt/hostedtoolcache/Python/3.12.11/x64/lib/python3.12/site-packages (from -r services/fees_h10/requirements.txt (line 3)) (0.27.2)
2025-08-19T08:55:50.7560496Z Requirement already satisfied: sqlalchemy in /opt/hostedtoolcache/Python/3.12.11/x64/lib/python3.12/site-packages (from -r services/fees_h10/requirements.txt (line 4)) (2.0.29)
2025-08-19T08:55:50.7572649Z Requirement already satisfied: billiard<5.0,>=4.2.0 in /opt/hostedtoolcache/Python/3.12.11/x64/lib/python3.12/site-packages (from celery==5.4.*->celery[redis]==5.4.*->-r services/fees_h10/requirements.txt (line 1)) (4.2.1)
2025-08-19T08:55:50.7578457Z Requirement already satisfied: kombu<6.0,>=5.3.4 in /opt/hostedtoolcache/Python/3.12.11/x64/lib/python3.12/site-packages (from celery==5.4.*->celery[redis]==5.4.*->-r services/fees_h10/requirements.txt (line 1)) (5.5.4)
2025-08-19T08:55:50.7583795Z Requirement already satisfied: vine<6.0,>=5.1.0 in /opt/hostedtoolcache/Python/3.12.11/x64/lib/python3.12/site-packages (from celery==5.4.*->celery[redis]==5.4.*->-r services/fees_h10/requirements.txt (line 1)) (5.1.0)
2025-08-19T08:55:50.7589229Z Requirement already satisfied: click<9.0,>=8.1.2 in /opt/hostedtoolcache/Python/3.12.11/x64/lib/python3.12/site-packages (from celery==5.4.*->celery[redis]==5.4.*->-r services/fees_h10/requirements.txt (line 1)) (8.2.1)
2025-08-19T08:55:50.7594415Z Requirement already satisfied: click-didyoumean>=0.3.0 in /opt/hostedtoolcache/Python/3.12.11/x64/lib/python3.12/site-packages (from celery==5.4.*->celery[redis]==5.4.*->-r services/fees_h10/requirements.txt (line 1)) (0.3.1)
2025-08-19T08:55:50.7599456Z Requirement already satisfied: click-repl>=0.2.0 in /opt/hostedtoolcache/Python/3.12.11/x64/lib/python3.12/site-packages (from celery==5.4.*->celery[redis]==5.4.*->-r services/fees_h10/requirements.txt (line 1)) (0.3.0)
2025-08-19T08:55:50.7604292Z Requirement already satisfied: click-plugins>=1.1.1 in /opt/hostedtoolcache/Python/3.12.11/x64/lib/python3.12/site-packages (from celery==5.4.*->celery[redis]==5.4.*->-r services/fees_h10/requirements.txt (line 1)) (1.1.1.2)
2025-08-19T08:55:50.7609264Z Requirement already satisfied: tzdata>=2022.7 in /opt/hostedtoolcache/Python/3.12.11/x64/lib/python3.12/site-packages (from celery==5.4.*->celery[redis]==5.4.*->-r services/fees_h10/requirements.txt (line 1)) (2025.2)
2025-08-19T08:55:50.7614419Z Requirement already satisfied: python-dateutil>=2.8.2 in /opt/hostedtoolcache/Python/3.12.11/x64/lib/python3.12/site-packages (from celery==5.4.*->celery[redis]==5.4.*->-r services/fees_h10/requirements.txt (line 1)) (2.9.0.post0)
2025-08-19T08:55:50.7653325Z Requirement already satisfied: redis!=4.5.5,<6.0.0,>=4.5.2 in /opt/hostedtoolcache/Python/3.12.11/x64/lib/python3.12/site-packages (from celery[redis]==5.4.*->-r services/fees_h10/requirements.txt (line 1)) (5.0.8)
2025-08-19T08:55:50.7674009Z Requirement already satisfied: amqp<6.0.0,>=5.1.1 in /opt/hostedtoolcache/Python/3.12.11/x64/lib/python3.12/site-packages (from kombu<6.0,>=5.3.4->celery==5.4.*->celery[redis]==5.4.*->-r services/fees_h10/requirements.txt (line 1)) (5.3.1)
2025-08-19T08:55:50.7684557Z Requirement already satisfied: packaging in /opt/hostedtoolcache/Python/3.12.11/x64/lib/python3.12/site-packages (from kombu<6.0,>=5.3.4->celery==5.4.*->celery[redis]==5.4.*->-r services/fees_h10/requirements.txt (line 1)) (25.0)
2025-08-19T08:55:50.7767889Z Requirement already satisfied: anyio in /opt/hostedtoolcache/Python/3.12.11/x64/lib/python3.12/site-packages (from httpx->-r services/fees_h10/requirements.txt (line 3)) (4.10.0)
2025-08-19T08:55:50.7771718Z Requirement already satisfied: certifi in /opt/hostedtoolcache/Python/3.12.11/x64/lib/python3.12/site-packages (from httpx->-r services/fees_h10/requirements.txt (line 3)) (2025.8.3)
2025-08-19T08:55:50.7776826Z Requirement already satisfied: httpcore==1.* in /opt/hostedtoolcache/Python/3.12.11/x64/lib/python3.12/site-packages (from httpx->-r services/fees_h10/requirements.txt (line 3)) (1.0.9)
2025-08-19T08:55:50.7780384Z Requirement already satisfied: idna in /opt/hostedtoolcache/Python/3.12.11/x64/lib/python3.12/site-packages (from httpx->-r services/fees_h10/requirements.txt (line 3)) (3.10)
2025-08-19T08:55:50.7784240Z Requirement already satisfied: sniffio in /opt/hostedtoolcache/Python/3.12.11/x64/lib/python3.12/site-packages (from httpx->-r services/fees_h10/requirements.txt (line 3)) (1.3.1)
2025-08-19T08:55:50.7807609Z Requirement already satisfied: h11>=0.16 in /opt/hostedtoolcache/Python/3.12.11/x64/lib/python3.12/site-packages (from httpcore==1.*->httpx->-r services/fees_h10/requirements.txt (line 3)) (0.16.0)
2025-08-19T08:55:50.7825939Z Requirement already satisfied: typing-extensions>=4.6.0 in /opt/hostedtoolcache/Python/3.12.11/x64/lib/python3.12/site-packages (from sqlalchemy->-r services/fees_h10/requirements.txt (line 4)) (4.14.1)
2025-08-19T08:55:50.7839324Z Requirement already satisfied: greenlet!=0.4.17 in /opt/hostedtoolcache/Python/3.12.11/x64/lib/python3.12/site-packages (from sqlalchemy->-r services/fees_h10/requirements.txt (line 4)) (3.2.4)
2025-08-19T08:55:50.7910512Z Requirement already satisfied: prompt-toolkit>=3.0.36 in /opt/hostedtoolcache/Python/3.12.11/x64/lib/python3.12/site-packages (from click-repl>=0.2.0->celery==5.4.*->celery[redis]==5.4.*->-r services/fees_h10/requirements.txt (line 1)) (3.0.51)
2025-08-19T08:55:50.7946461Z Requirement already satisfied: wcwidth in /opt/hostedtoolcache/Python/3.12.11/x64/lib/python3.12/site-packages (from prompt-toolkit>=3.0.36->click-repl>=0.2.0->celery==5.4.*->celery[redis]==5.4.*->-r services/fees_h10/requirements.txt (line 1)) (0.2.13)
2025-08-19T08:55:50.7959910Z Requirement already satisfied: six>=1.5 in /opt/hostedtoolcache/Python/3.12.11/x64/lib/python3.12/site-packages (from python-dateutil>=2.8.2->celery==5.4.*->celery[redis]==5.4.*->-r services/fees_h10/requirements.txt (line 1)) (1.17.0)
2025-08-19T08:55:50.8070104Z Using cached celery-5.4.0-py3-none-any.whl (425 kB)
2025-08-19T08:55:50.9396753Z Installing collected packages: celery
2025-08-19T08:55:50.9397457Z   Attempting uninstall: celery
2025-08-19T08:55:50.9442749Z     Found existing installation: celery 5.3.6
2025-08-19T08:55:50.9590161Z     Uninstalling celery-5.3.6:
2025-08-19T08:55:50.9617536Z       Successfully uninstalled celery-5.3.6
2025-08-19T08:55:51.2838794Z Successfully installed celery-5.4.0
2025-08-19T08:55:51.7942654Z Collecting python-telegram-bot==20.8 (from -r services/alert_bot/requirements.txt (line 1))
2025-08-19T08:55:51.7956113Z   Using cached python_telegram_bot-20.8-py3-none-any.whl.metadata (15 kB)
2025-08-19T08:55:51.8213507Z Collecting APScheduler==3.10.4 (from -r services/alert_bot/requirements.txt (line 2))
2025-08-19T08:55:51.8225981Z   Using cached APScheduler-3.10.4-py3-none-any.whl.metadata (5.7 kB)
2025-08-19T08:55:51.8269897Z Requirement already satisfied: asyncpg in /opt/hostedtoolcache/Python/3.12.11/x64/lib/python3.12/site-packages (from -r services/alert_bot/requirements.txt (line 3)) (0.29.0)
2025-08-19T08:55:51.8506770Z Collecting httpx~=0.26.0 (from python-telegram-bot==20.8->-r services/alert_bot/requirements.txt (line 1))
2025-08-19T08:55:51.8518613Z   Using cached httpx-0.26.0-py3-none-any.whl.metadata (7.6 kB)
2025-08-19T08:55:51.8558991Z Requirement already satisfied: six>=1.4.0 in /opt/hostedtoolcache/Python/3.12.11/x64/lib/python3.12/site-packages (from APScheduler==3.10.4->-r services/alert_bot/requirements.txt (line 2)) (1.17.0)
2025-08-19T08:55:51.8563522Z Requirement already satisfied: pytz in /opt/hostedtoolcache/Python/3.12.11/x64/lib/python3.12/site-packages (from APScheduler==3.10.4->-r services/alert_bot/requirements.txt (line 2)) (2025.2)
2025-08-19T08:55:51.8758530Z Collecting tzlocal!=3.*,>=2.0 (from APScheduler==3.10.4->-r services/alert_bot/requirements.txt (line 2))
2025-08-19T08:55:51.8769986Z   Using cached tzlocal-5.3.1-py3-none-any.whl.metadata (7.6 kB)
2025-08-19T08:55:51.8801519Z Requirement already satisfied: anyio in /opt/hostedtoolcache/Python/3.12.11/x64/lib/python3.12/site-packages (from httpx~=0.26.0->python-telegram-bot==20.8->-r services/alert_bot/requirements.txt (line 1)) (4.10.0)
2025-08-19T08:55:51.8806135Z Requirement already satisfied: certifi in /opt/hostedtoolcache/Python/3.12.11/x64/lib/python3.12/site-packages (from httpx~=0.26.0->python-telegram-bot==20.8->-r services/alert_bot/requirements.txt (line 1)) (2025.8.3)
2025-08-19T08:55:51.8811432Z Requirement already satisfied: httpcore==1.* in /opt/hostedtoolcache/Python/3.12.11/x64/lib/python3.12/site-packages (from httpx~=0.26.0->python-telegram-bot==20.8->-r services/alert_bot/requirements.txt (line 1)) (1.0.9)
2025-08-19T08:55:51.8816294Z Requirement already satisfied: idna in /opt/hostedtoolcache/Python/3.12.11/x64/lib/python3.12/site-packages (from httpx~=0.26.0->python-telegram-bot==20.8->-r services/alert_bot/requirements.txt (line 1)) (3.10)
2025-08-19T08:55:51.8820471Z Requirement already satisfied: sniffio in /opt/hostedtoolcache/Python/3.12.11/x64/lib/python3.12/site-packages (from httpx~=0.26.0->python-telegram-bot==20.8->-r services/alert_bot/requirements.txt (line 1)) (1.3.1)
2025-08-19T08:55:51.8836742Z Requirement already satisfied: h11>=0.16 in /opt/hostedtoolcache/Python/3.12.11/x64/lib/python3.12/site-packages (from httpcore==1.*->httpx~=0.26.0->python-telegram-bot==20.8->-r services/alert_bot/requirements.txt (line 1)) (0.16.0)
2025-08-19T08:55:51.8887573Z Requirement already satisfied: typing_extensions>=4.5 in /opt/hostedtoolcache/Python/3.12.11/x64/lib/python3.12/site-packages (from anyio->httpx~=0.26.0->python-telegram-bot==20.8->-r services/alert_bot/requirements.txt (line 1)) (4.14.1)
2025-08-19T08:55:51.8938720Z Using cached python_telegram_bot-20.8-py3-none-any.whl (604 kB)
2025-08-19T08:55:51.8955623Z Using cached APScheduler-3.10.4-py3-none-any.whl (59 kB)
2025-08-19T08:55:51.8966892Z Using cached httpx-0.26.0-py3-none-any.whl (75 kB)
2025-08-19T08:55:51.8978314Z Using cached tzlocal-5.3.1-py3-none-any.whl (18 kB)
2025-08-19T08:55:52.0456111Z Installing collected packages: tzlocal, httpx, APScheduler, python-telegram-bot
2025-08-19T08:55:52.0579488Z   Attempting uninstall: httpx
2025-08-19T08:55:52.0610935Z     Found existing installation: httpx 0.27.2
2025-08-19T08:55:52.0649609Z     Uninstalling httpx-0.27.2:
2025-08-19T08:55:52.0663305Z       Successfully uninstalled httpx-0.27.2
2025-08-19T08:55:52.4847462Z 
2025-08-19T08:55:52.4932353Z Successfully installed APScheduler-3.10.4 httpx-0.26.0 python-telegram-bot-20.8 tzlocal-5.3.1
2025-08-19T08:55:53.0046333Z Collecting Jinja2==3.1.6 (from -r requirements-dev.txt (line 2))
2025-08-19T08:55:53.0058994Z   Using cached jinja2-3.1.6-py3-none-any.whl.metadata (2.9 kB)
2025-08-19T08:55:53.0079866Z Requirement already satisfied: alembic==1.13.1 in /opt/hostedtoolcache/Python/3.12.11/x64/lib/python3.12/site-packages (from -r requirements-dev.txt (line 3)) (1.13.1)
2025-08-19T08:55:53.0084497Z Requirement already satisfied: apscheduler==3.10.4 in /opt/hostedtoolcache/Python/3.12.11/x64/lib/python3.12/site-packages (from -r requirements-dev.txt (line 4)) (3.10.4)
2025-08-19T08:55:53.0088448Z Requirement already satisfied: asgi-correlation-id==4.3.1 in /opt/hostedtoolcache/Python/3.12.11/x64/lib/python3.12/site-packages (from -r requirements-dev.txt (line 5)) (4.3.1)
2025-08-19T08:55:53.0515472Z Collecting asyncpg==0.30.0 (from -r requirements-dev.txt (line 6))
2025-08-19T08:55:53.0527091Z   Using cached asyncpg-0.30.0-cp312-cp312-manylinux_2_17_x86_64.manylinux2014_x86_64.whl.metadata (5.0 kB)
2025-08-19T08:55:53.1020132Z Collecting black==25.1.0 (from -r requirements-dev.txt (line 7))
2025-08-19T08:55:53.1031946Z   Using cached black-25.1.0-cp312-cp312-manylinux_2_17_x86_64.manylinux2014_x86_64.manylinux_2_28_x86_64.whl.metadata (81 kB)
2025-08-19T08:55:53.1112046Z Requirement already satisfied: boto3 in /opt/hostedtoolcache/Python/3.12.11/x64/lib/python3.12/site-packages (from -r requirements-dev.txt (line 8)) (1.34.162)
2025-08-19T08:55:53.1116481Z Requirement already satisfied: redis==5.* in /opt/hostedtoolcache/Python/3.12.11/x64/lib/python3.12/site-packages (from -r requirements-dev.txt (line 9)) (5.0.8)
2025-08-19T08:55:53.1120634Z Requirement already satisfied: minio==7.* in /opt/hostedtoolcache/Python/3.12.11/x64/lib/python3.12/site-packages (from -r requirements-dev.txt (line 10)) (7.1.15)
2025-08-19T08:55:53.1543963Z Collecting celery==5.5.3 (from -r requirements-dev.txt (line 11))
2025-08-19T08:55:53.2117561Z   Downloading celery-5.5.3-py3-none-any.whl.metadata (22 kB)
2025-08-19T08:55:53.2922403Z Collecting fastapi==0.116.1 (from -r requirements-dev.txt (line 12))
2025-08-19T08:55:53.2934402Z   Using cached fastapi-0.116.1-py3-none-any.whl.metadata (28 kB)
2025-08-19T08:55:53.3005038Z Requirement already satisfied: fastapi-limiter==0.1.6 in /opt/hostedtoolcache/Python/3.12.11/x64/lib/python3.12/site-packages (from -r requirements-dev.txt (line 14)) (0.1.6)
2025-08-19T08:55:53.3227464Z Collecting httpx<0.29,>=0.27 (from -r requirements-dev.txt (line 15))
2025-08-19T08:55:53.3239386Z   Using cached httpx-0.28.1-py3-none-any.whl.metadata (7.1 kB)
2025-08-19T08:55:53.3416681Z Collecting imapclient==3.0.1 (from -r requirements-dev.txt (line 16))
2025-08-19T08:55:53.3428220Z   Using cached IMAPClient-3.0.1-py2.py3-none-any.whl.metadata (1.7 kB)
2025-08-19T08:55:53.3590306Z Collecting itsdangerous (from -r requirements-dev.txt (line 17))
2025-08-19T08:55:53.3601847Z   Using cached itsdangerous-2.2.0-py3-none-any.whl.metadata (1.9 kB)
2025-08-19T08:55:53.4632504Z Collecting mypy==1.* (from -r requirements-dev.txt (line 18))
2025-08-19T08:55:53.4645177Z   Using cached mypy-1.17.1-cp312-cp312-manylinux2014_x86_64.manylinux_2_17_x86_64.manylinux_2_28_x86_64.whl.metadata (2.2 kB)
2025-08-19T08:55:53.4673476Z Requirement already satisfied: mypy-extensions==1.1.0 in /opt/hostedtoolcache/Python/3.12.11/x64/lib/python3.12/site-packages (from -r requirements-dev.txt (line 19)) (1.1.0)
2025-08-19T08:55:53.4678093Z Requirement already satisfied: numpy<2 in /opt/hostedtoolcache/Python/3.12.11/x64/lib/python3.12/site-packages (from -r requirements-dev.txt (line 20)) (1.26.4)
2025-08-19T08:55:53.4682850Z Requirement already satisfied: openpyxl==3.1.5 in /opt/hostedtoolcache/Python/3.12.11/x64/lib/python3.12/site-packages (from -r requirements-dev.txt (line 21)) (3.1.5)
2025-08-19T08:55:53.4687983Z Requirement already satisfied: pandas==2.2.* in /opt/hostedtoolcache/Python/3.12.11/x64/lib/python3.12/site-packages (from -r requirements-dev.txt (line 22)) (2.2.3)
2025-08-19T08:55:53.4692754Z Requirement already satisfied: psycopg2-binary==2.9.10 in /opt/hostedtoolcache/Python/3.12.11/x64/lib/python3.12/site-packages (from -r requirements-dev.txt (line 23)) (2.9.10)
2025-08-19T08:55:53.4698835Z Requirement already satisfied: psycopg==3.2.9 in /opt/hostedtoolcache/Python/3.12.11/x64/lib/python3.12/site-packages (from psycopg[binary]==3.2.9->-r requirements-dev.txt (line 24)) (3.2.9)
2025-08-19T08:55:53.4703793Z Requirement already satisfied: pydantic==2.11.7 in /opt/hostedtoolcache/Python/3.12.11/x64/lib/python3.12/site-packages (from -r requirements-dev.txt (line 25)) (2.11.7)
2025-08-19T08:55:53.6101618Z Collecting setuptools (from -r requirements-dev.txt (line 26))
2025-08-19T08:55:53.6113782Z   Using cached setuptools-80.9.0-py3-none-any.whl.metadata (6.6 kB)
2025-08-19T08:55:53.6948910Z Collecting pytest-asyncio==0.23.6 (from -r requirements-dev.txt (line 27))
2025-08-19T08:55:53.6960665Z   Using cached pytest_asyncio-0.23.6-py3-none-any.whl.metadata (3.9 kB)
2025-08-19T08:55:53.7158263Z Collecting pytest-cov==6.2.1 (from -r requirements-dev.txt (line 28))
2025-08-19T08:55:53.7169150Z   Using cached pytest_cov-6.2.1-py3-none-any.whl.metadata (30 kB)
2025-08-19T08:55:53.7388083Z Collecting pytest-postgresql==7.0.2 (from -r requirements-dev.txt (line 29))
2025-08-19T08:55:53.7399430Z   Using cached pytest_postgresql-7.0.2-py3-none-any.whl.metadata (18 kB)
2025-08-19T08:55:53.7429252Z Requirement already satisfied: python-dotenv in /opt/hostedtoolcache/Python/3.12.11/x64/lib/python3.12/site-packages (from -r requirements-dev.txt (line 30)) (1.1.1)
2025-08-19T08:55:53.7432651Z Requirement already satisfied: python-multipart in /opt/hostedtoolcache/Python/3.12.11/x64/lib/python3.12/site-packages (from -r requirements-dev.txt (line 31)) (0.0.20)
2025-08-19T08:55:53.7766164Z Collecting python-telegram-bot==22.3 (from -r requirements-dev.txt (line 32))
2025-08-19T08:55:53.7869737Z   Downloading python_telegram_bot-22.3-py3-none-any.whl.metadata (17 kB)
2025-08-19T08:55:53.8258167Z Collecting requests==2.32.4 (from -r requirements-dev.txt (line 33))
2025-08-19T08:55:53.8269070Z   Using cached requests-2.32.4-py3-none-any.whl.metadata (4.9 kB)
2025-08-19T08:55:53.8498913Z Collecting respx==0.22.0 (from -r requirements-dev.txt (line 34))
2025-08-19T08:55:53.8509906Z   Using cached respx-0.22.0-py2.py3-none-any.whl.metadata (4.1 kB)
2025-08-19T08:55:54.2097976Z Collecting ruff==0.4.4 (from -r requirements-dev.txt (line 35))
2025-08-19T08:55:54.2112141Z   Using cached ruff-0.4.4-py3-none-manylinux_2_17_x86_64.manylinux2014_x86_64.whl.metadata (23 kB)
2025-08-19T08:55:54.2144673Z Requirement already satisfied: sqlalchemy==2.0.29 in /opt/hostedtoolcache/Python/3.12.11/x64/lib/python3.12/site-packages (from -r requirements-dev.txt (line 36)) (2.0.29)
2025-08-19T08:55:54.2149794Z Requirement already satisfied: structlog==24.1.0 in /opt/hostedtoolcache/Python/3.12.11/x64/lib/python3.12/site-packages (from -r requirements-dev.txt (line 37)) (24.1.0)
2025-08-19T08:55:54.2355912Z Collecting testcontainers==4.10.0 (from testcontainers[postgres]==4.10.0->-r requirements-dev.txt (line 38))
2025-08-19T08:55:54.2367502Z   Using cached testcontainers-4.10.0-py3-none-any.whl.metadata (7.8 kB)
2025-08-19T08:55:54.2777728Z Collecting types-requests==2.32.0.20240602 (from -r requirements-dev.txt (line 39))
2025-08-19T08:55:54.2789068Z   Using cached types_requests-2.32.0.20240602-py3-none-any.whl.metadata (1.8 kB)
2025-08-19T08:55:54.2971677Z Collecting docspec-python==2.2.2 (from -r requirements-dev.txt (line 40))
2025-08-19T08:55:54.2982683Z   Using cached docspec_python-2.2.2-py3-none-any.whl.metadata (1.0 kB)
2025-08-19T08:55:54.3198944Z Collecting pydoc-markdown==4.8.2 (from -r requirements-dev.txt (line 41))
2025-08-19T08:55:54.3209907Z   Using cached pydoc_markdown-4.8.2-py3-none-any.whl.metadata (5.9 kB)
2025-08-19T08:55:54.3241411Z Requirement already satisfied: pandera==0.19.* in /opt/hostedtoolcache/Python/3.12.11/x64/lib/python3.12/site-packages (from -r requirements-dev.txt (line 42)) (0.19.3)
2025-08-19T08:55:54.3258666Z Requirement already satisfied: MarkupSafe>=2.0 in /opt/hostedtoolcache/Python/3.12.11/x64/lib/python3.12/site-packages (from Jinja2==3.1.6->-r requirements-dev.txt (line 2)) (3.0.2)
2025-08-19T08:55:54.3274816Z Requirement already satisfied: Mako in /opt/hostedtoolcache/Python/3.12.11/x64/lib/python3.12/site-packages (from alembic==1.13.1->-r requirements-dev.txt (line 3)) (1.3.10)
2025-08-19T08:55:54.3280513Z Requirement already satisfied: typing-extensions>=4 in /opt/hostedtoolcache/Python/3.12.11/x64/lib/python3.12/site-packages (from alembic==1.13.1->-r requirements-dev.txt (line 3)) (4.14.1)
2025-08-19T08:55:54.3297615Z Requirement already satisfied: six>=1.4.0 in /opt/hostedtoolcache/Python/3.12.11/x64/lib/python3.12/site-packages (from apscheduler==3.10.4->-r requirements-dev.txt (line 4)) (1.17.0)
2025-08-19T08:55:54.3301618Z Requirement already satisfied: pytz in /opt/hostedtoolcache/Python/3.12.11/x64/lib/python3.12/site-packages (from apscheduler==3.10.4->-r requirements-dev.txt (line 4)) (2025.2)
2025-08-19T08:55:54.3308218Z Requirement already satisfied: tzlocal!=3.*,>=2.0 in /opt/hostedtoolcache/Python/3.12.11/x64/lib/python3.12/site-packages (from apscheduler==3.10.4->-r requirements-dev.txt (line 4)) (5.3.1)
2025-08-19T08:55:54.3339806Z Requirement already satisfied: starlette>=0.18 in /opt/hostedtoolcache/Python/3.12.11/x64/lib/python3.12/site-packages (from asgi-correlation-id==4.3.1->-r requirements-dev.txt (line 5)) (0.37.2)
2025-08-19T08:55:54.3360244Z Requirement already satisfied: click>=8.0.0 in /opt/hostedtoolcache/Python/3.12.11/x64/lib/python3.12/site-packages (from black==25.1.0->-r requirements-dev.txt (line 7)) (8.2.1)
2025-08-19T08:55:54.3365471Z Requirement already satisfied: packaging>=22.0 in /opt/hostedtoolcache/Python/3.12.11/x64/lib/python3.12/site-packages (from black==25.1.0->-r requirements-dev.txt (line 7)) (25.0)
2025-08-19T08:55:54.3526098Z Collecting pathspec>=0.9.0 (from black==25.1.0->-r requirements-dev.txt (line 7))
2025-08-19T08:55:54.3537065Z   Using cached pathspec-0.12.1-py3-none-any.whl.metadata (21 kB)
2025-08-19T08:55:54.3772466Z Collecting platformdirs>=2 (from black==25.1.0->-r requirements-dev.txt (line 7))
2025-08-19T08:55:54.3783638Z   Using cached platformdirs-4.3.8-py3-none-any.whl.metadata (12 kB)
2025-08-19T08:55:54.3829558Z Requirement already satisfied: billiard<5.0,>=4.2.1 in /opt/hostedtoolcache/Python/3.12.11/x64/lib/python3.12/site-packages (from celery==5.5.3->-r requirements-dev.txt (line 11)) (4.2.1)
2025-08-19T08:55:54.3833970Z Requirement already satisfied: kombu<5.6,>=5.5.2 in /opt/hostedtoolcache/Python/3.12.11/x64/lib/python3.12/site-packages (from celery==5.5.3->-r requirements-dev.txt (line 11)) (5.5.4)
2025-08-19T08:55:54.3838116Z Requirement already satisfied: vine<6.0,>=5.1.0 in /opt/hostedtoolcache/Python/3.12.11/x64/lib/python3.12/site-packages (from celery==5.5.3->-r requirements-dev.txt (line 11)) (5.1.0)
2025-08-19T08:55:54.3843686Z Requirement already satisfied: click-didyoumean>=0.3.0 in /opt/hostedtoolcache/Python/3.12.11/x64/lib/python3.12/site-packages (from celery==5.5.3->-r requirements-dev.txt (line 11)) (0.3.1)
2025-08-19T08:55:54.3847879Z Requirement already satisfied: click-repl>=0.2.0 in /opt/hostedtoolcache/Python/3.12.11/x64/lib/python3.12/site-packages (from celery==5.5.3->-r requirements-dev.txt (line 11)) (0.3.0)
2025-08-19T08:55:54.3851972Z Requirement already satisfied: click-plugins>=1.1.1 in /opt/hostedtoolcache/Python/3.12.11/x64/lib/python3.12/site-packages (from celery==5.5.3->-r requirements-dev.txt (line 11)) (1.1.1.2)
2025-08-19T08:55:54.3856894Z Requirement already satisfied: python-dateutil>=2.8.2 in /opt/hostedtoolcache/Python/3.12.11/x64/lib/python3.12/site-packages (from celery==5.5.3->-r requirements-dev.txt (line 11)) (2.9.0.post0)
2025-08-19T08:55:54.4244768Z Collecting starlette>=0.18 (from asgi-correlation-id==4.3.1->-r requirements-dev.txt (line 5))
2025-08-19T08:55:54.4256240Z   Using cached starlette-0.47.2-py3-none-any.whl.metadata (6.2 kB)
2025-08-19T08:55:54.4301604Z Requirement already satisfied: annotated-types>=0.6.0 in /opt/hostedtoolcache/Python/3.12.11/x64/lib/python3.12/site-packages (from pydantic==2.11.7->-r requirements-dev.txt (line 25)) (0.7.0)
2025-08-19T08:55:54.4306502Z Requirement already satisfied: pydantic-core==2.33.2 in /opt/hostedtoolcache/Python/3.12.11/x64/lib/python3.12/site-packages (from pydantic==2.11.7->-r requirements-dev.txt (line 25)) (2.33.2)
2025-08-19T08:55:54.4313361Z Requirement already satisfied: typing-inspection>=0.4.0 in /opt/hostedtoolcache/Python/3.12.11/x64/lib/python3.12/site-packages (from pydantic==2.11.7->-r requirements-dev.txt (line 25)) (0.4.1)
2025-08-19T08:55:54.4361175Z Requirement already satisfied: et-xmlfile in /opt/hostedtoolcache/Python/3.12.11/x64/lib/python3.12/site-packages (from openpyxl==3.1.5->-r requirements-dev.txt (line 21)) (2.0.0)
2025-08-19T08:55:54.4881272Z Collecting pytest<9,>=7.0.0 (from pytest-asyncio==0.23.6->-r requirements-dev.txt (line 27))
2025-08-19T08:55:54.4892093Z   Using cached pytest-8.4.1-py3-none-any.whl.metadata (7.7 kB)
2025-08-19T08:55:54.8034813Z Collecting coverage>=7.5 (from coverage[toml]>=7.5->pytest-cov==6.2.1->-r requirements-dev.txt (line 28))
2025-08-19T08:55:54.8048265Z   Using cached coverage-7.10.4-cp312-cp312-manylinux1_x86_64.manylinux_2_28_x86_64.manylinux_2_5_x86_64.whl.metadata (8.9 kB)
2025-08-19T08:55:54.8231793Z Collecting pluggy>=1.2 (from pytest-cov==6.2.1->-r requirements-dev.txt (line 28))
2025-08-19T08:55:54.8242758Z   Using cached pluggy-1.6.0-py3-none-any.whl.metadata (4.8 kB)
2025-08-19T08:55:54.8547008Z Collecting port-for>=0.7.3 (from pytest-postgresql==7.0.2->-r requirements-dev.txt (line 29))
2025-08-19T08:55:54.8558359Z   Using cached port_for-0.7.4-py3-none-any.whl.metadata (7.1 kB)
2025-08-19T08:55:54.8750484Z Collecting mirakuru>=2.6.0 (from pytest-postgresql==7.0.2->-r requirements-dev.txt (line 29))
2025-08-19T08:55:54.8761790Z   Using cached mirakuru-2.6.1-py3-none-any.whl.metadata (10 kB)
2025-08-19T08:55:54.8812962Z Requirement already satisfied: charset_normalizer<4,>=2 in /opt/hostedtoolcache/Python/3.12.11/x64/lib/python3.12/site-packages (from requests==2.32.4->-r requirements-dev.txt (line 33)) (3.4.3)
2025-08-19T08:55:54.8818239Z Requirement already satisfied: idna<4,>=2.5 in /opt/hostedtoolcache/Python/3.12.11/x64/lib/python3.12/site-packages (from requests==2.32.4->-r requirements-dev.txt (line 33)) (3.10)
2025-08-19T08:55:54.8822737Z Requirement already satisfied: urllib3<3,>=1.21.1 in /opt/hostedtoolcache/Python/3.12.11/x64/lib/python3.12/site-packages (from requests==2.32.4->-r requirements-dev.txt (line 33)) (2.5.0)
2025-08-19T08:55:54.8827577Z Requirement already satisfied: certifi>=2017.4.17 in /opt/hostedtoolcache/Python/3.12.11/x64/lib/python3.12/site-packages (from requests==2.32.4->-r requirements-dev.txt (line 33)) (2025.8.3)
2025-08-19T08:55:54.8921849Z Requirement already satisfied: greenlet!=0.4.17 in /opt/hostedtoolcache/Python/3.12.11/x64/lib/python3.12/site-packages (from sqlalchemy==2.0.29->-r requirements-dev.txt (line 36)) (3.2.4)
2025-08-19T08:55:54.9241802Z Collecting docker (from testcontainers==4.10.0->testcontainers[postgres]==4.10.0->-r requirements-dev.txt (line 38))
2025-08-19T08:55:54.9254039Z   Using cached docker-7.1.0-py3-none-any.whl.metadata (3.8 kB)
2025-08-19T08:55:54.9295126Z Requirement already satisfied: wrapt in /opt/hostedtoolcache/Python/3.12.11/x64/lib/python3.12/site-packages (from testcontainers==4.10.0->testcontainers[postgres]==4.10.0->-r requirements-dev.txt (line 38)) (1.17.3)
2025-08-19T08:55:54.9500443Z Collecting docspec==2.2.1 (from docspec-python==2.2.2->-r requirements-dev.txt (line 40))
2025-08-19T08:55:54.9511771Z   Using cached docspec-2.2.1-py3-none-any.whl.metadata (1.5 kB)
2025-08-19T08:55:54.9719771Z Collecting nr-util>=0.8.12 (from docspec-python==2.2.2->-r requirements-dev.txt (line 40))
2025-08-19T08:55:54.9731118Z   Using cached nr.util-0.8.12-py3-none-any.whl.metadata (813 bytes)
2025-08-19T08:55:54.9762908Z Requirement already satisfied: PyYAML<7.0,>=5.0 in /opt/hostedtoolcache/Python/3.12.11/x64/lib/python3.12/site-packages (from pydoc-markdown==4.8.2->-r requirements-dev.txt (line 41)) (6.0.2)
2025-08-19T08:55:55.0028930Z Collecting databind.core<5.0.0,>=4.4.0 (from pydoc-markdown==4.8.2->-r requirements-dev.txt (line 41))
2025-08-19T08:55:55.0040390Z   Using cached databind.core-4.5.2-py3-none-any.whl.metadata (1.1 kB)
2025-08-19T08:55:55.0305407Z Collecting databind.json<5.0.0,>=4.4.0 (from pydoc-markdown==4.8.2->-r requirements-dev.txt (line 41))
2025-08-19T08:55:55.0316893Z   Using cached databind.json-4.5.2-py3-none-any.whl.metadata (1.1 kB)
2025-08-19T08:55:55.0506474Z Collecting docstring-parser<0.12,>=0.11 (from pydoc-markdown==4.8.2->-r requirements-dev.txt (line 41))
2025-08-19T08:55:55.0507876Z   Using cached docstring_parser-0.11-py3-none-any.whl
2025-08-19T08:55:55.0865954Z Collecting tomli<3.0.0,>=2.0.0 (from pydoc-markdown==4.8.2->-r requirements-dev.txt (line 41))
2025-08-19T08:55:55.0877574Z   Using cached tomli-2.2.1-cp312-cp312-manylinux_2_17_x86_64.manylinux2014_x86_64.whl.metadata (11 kB)
2025-08-19T08:55:55.1037842Z Collecting tomli_w<2.0.0,>=1.0.0 (from pydoc-markdown==4.8.2->-r requirements-dev.txt (line 41))
2025-08-19T08:55:55.1049164Z   Using cached tomli_w-1.2.0-py3-none-any.whl.metadata (5.7 kB)
2025-08-19T08:55:55.1841705Z Collecting watchdog (from pydoc-markdown==4.8.2->-r requirements-dev.txt (line 41))
2025-08-19T08:55:55.1853972Z   Using cached watchdog-6.0.0-py3-none-manylinux2014_x86_64.whl.metadata (44 kB)
2025-08-19T08:55:55.2123818Z Collecting yapf>=0.30.0 (from pydoc-markdown==4.8.2->-r requirements-dev.txt (line 41))
2025-08-19T08:55:55.2135079Z   Using cached yapf-0.43.0-py3-none-any.whl.metadata (46 kB)
2025-08-19T08:55:55.2379043Z Collecting Deprecated<2.0.0,>=1.2.12 (from docspec==2.2.1->docspec-python==2.2.2->-r requirements-dev.txt (line 40))
2025-08-19T08:55:55.2390596Z   Using cached Deprecated-1.2.18-py2.py3-none-any.whl.metadata (5.7 kB)
2025-08-19T08:55:55.2568848Z Requirement already satisfied: psycopg-binary==3.2.9 in /opt/hostedtoolcache/Python/3.12.11/x64/lib/python3.12/site-packages (from psycopg[binary]==3.2.9->-r requirements-dev.txt (line 24)) (3.2.9)
2025-08-19T08:55:55.2675066Z Requirement already satisfied: anyio in /opt/hostedtoolcache/Python/3.12.11/x64/lib/python3.12/site-packages (from httpx<0.29,>=0.27->-r requirements-dev.txt (line 15)) (4.10.0)
2025-08-19T08:55:55.2681086Z Requirement already satisfied: httpcore==1.* in /opt/hostedtoolcache/Python/3.12.11/x64/lib/python3.12/site-packages (from httpx<0.29,>=0.27->-r requirements-dev.txt (line 15)) (1.0.9)
2025-08-19T08:55:55.2799891Z Requirement already satisfied: tzdata>=2022.7 in /opt/hostedtoolcache/Python/3.12.11/x64/lib/python3.12/site-packages (from pandas==2.2.*->-r requirements-dev.txt (line 22)) (2025.2)
2025-08-19T08:55:55.2908171Z Requirement already satisfied: multimethod<=1.10.0 in /opt/hostedtoolcache/Python/3.12.11/x64/lib/python3.12/site-packages (from pandera==0.19.*->-r requirements-dev.txt (line 42)) (1.10)
2025-08-19T08:55:55.2922706Z Requirement already satisfied: typeguard in /opt/hostedtoolcache/Python/3.12.11/x64/lib/python3.12/site-packages (from pandera==0.19.*->-r requirements-dev.txt (line 42)) (4.4.4)
2025-08-19T08:55:55.2929631Z Requirement already satisfied: typing-inspect>=0.6.0 in /opt/hostedtoolcache/Python/3.12.11/x64/lib/python3.12/site-packages (from pandera==0.19.*->-r requirements-dev.txt (line 42)) (0.9.0)
2025-08-19T08:55:55.3273398Z Collecting databind<5.0.0,>=4.5.2 (from databind.core<5.0.0,>=4.4.0->pydoc-markdown==4.8.2->-r requirements-dev.txt (line 41))
2025-08-19T08:55:55.3283794Z   Using cached databind-4.5.2-py3-none-any.whl.metadata (4.3 kB)
2025-08-19T08:55:55.3451983Z Collecting nr-date<3.0.0,>=2.0.0 (from databind<5.0.0,>=4.5.2->databind.core<5.0.0,>=4.4.0->pydoc-markdown==4.8.2->-r requirements-dev.txt (line 41))
2025-08-19T08:55:55.3462667Z   Using cached nr_date-2.1.0-py3-none-any.whl.metadata (746 bytes)
2025-08-19T08:55:55.3668006Z Collecting nr-stream<2.0.0,>=1.0.0 (from databind<5.0.0,>=4.5.2->databind.core<5.0.0,>=4.4.0->pydoc-markdown==4.8.2->-r requirements-dev.txt (line 41))
2025-08-19T08:55:55.3682529Z   Using cached nr_stream-1.1.5-py3-none-any.whl.metadata (3.6 kB)
2025-08-19T08:55:55.3904014Z Collecting typeapi<3,>=2.0.1 (from databind<5.0.0,>=4.5.2->databind.core<5.0.0,>=4.4.0->pydoc-markdown==4.8.2->-r requirements-dev.txt (line 41))
2025-08-19T08:55:55.3914986Z   Using cached typeapi-2.2.4-py3-none-any.whl.metadata (1.5 kB)
2025-08-19T08:55:55.4010893Z Requirement already satisfied: h11>=0.16 in /opt/hostedtoolcache/Python/3.12.11/x64/lib/python3.12/site-packages (from httpcore==1.*->httpx<0.29,>=0.27->-r requirements-dev.txt (line 15)) (0.16.0)
2025-08-19T08:55:55.4053762Z Requirement already satisfied: amqp<6.0.0,>=5.1.1 in /opt/hostedtoolcache/Python/3.12.11/x64/lib/python3.12/site-packages (from kombu<5.6,>=5.5.2->celery==5.5.3->-r requirements-dev.txt (line 11)) (5.3.1)
2025-08-19T08:55:55.4369107Z Collecting iniconfig>=1 (from pytest<9,>=7.0.0->pytest-asyncio==0.23.6->-r requirements-dev.txt (line 27))
2025-08-19T08:55:55.4379850Z   Using cached iniconfig-2.1.0-py3-none-any.whl.metadata (2.7 kB)
2025-08-19T08:55:55.4420921Z Requirement already satisfied: pygments>=2.7.2 in /opt/hostedtoolcache/Python/3.12.11/x64/lib/python3.12/site-packages (from pytest<9,>=7.0.0->pytest-asyncio==0.23.6->-r requirements-dev.txt (line 27)) (2.19.2)
2025-08-19T08:55:55.4505611Z Requirement already satisfied: sniffio>=1.1 in /opt/hostedtoolcache/Python/3.12.11/x64/lib/python3.12/site-packages (from anyio->httpx<0.29,>=0.27->-r requirements-dev.txt (line 15)) (1.3.1)
2025-08-19T08:55:55.4655807Z Requirement already satisfied: botocore<1.35.0,>=1.34.162 in /opt/hostedtoolcache/Python/3.12.11/x64/lib/python3.12/site-packages (from boto3->-r requirements-dev.txt (line 8)) (1.34.162)
2025-08-19T08:55:55.4662122Z Requirement already satisfied: jmespath<2.0.0,>=0.7.1 in /opt/hostedtoolcache/Python/3.12.11/x64/lib/python3.12/site-packages (from boto3->-r requirements-dev.txt (line 8)) (1.0.1)
2025-08-19T08:55:55.4668618Z Requirement already satisfied: s3transfer<0.11.0,>=0.10.0 in /opt/hostedtoolcache/Python/3.12.11/x64/lib/python3.12/site-packages (from boto3->-r requirements-dev.txt (line 8)) (0.10.4)
2025-08-19T08:55:55.4790637Z Requirement already satisfied: fastapi-cli>=0.0.8 in /opt/hostedtoolcache/Python/3.12.11/x64/lib/python3.12/site-packages (from fastapi-cli[standard]>=0.0.8; extra == "all"->fastapi[all]->-r requirements-dev.txt (line 13)) (0.0.8)
2025-08-19T08:55:55.4903427Z Requirement already satisfied: ujson!=4.0.2,!=4.1.0,!=4.2.0,!=4.3.0,!=5.0.0,!=5.1.0,>=4.0.1 in /opt/hostedtoolcache/Python/3.12.11/x64/lib/python3.12/site-packages (from fastapi[all]->-r requirements-dev.txt (line 13)) (5.10.0)
2025-08-19T08:55:55.4909173Z Requirement already satisfied: orjson>=3.2.1 in /opt/hostedtoolcache/Python/3.12.11/x64/lib/python3.12/site-packages (from fastapi[all]->-r requirements-dev.txt (line 13)) (3.11.2)
2025-08-19T08:55:55.4915432Z Requirement already satisfied: email-validator>=2.0.0 in /opt/hostedtoolcache/Python/3.12.11/x64/lib/python3.12/site-packages (from fastapi[all]->-r requirements-dev.txt (line 13)) (2.2.0)
2025-08-19T08:55:55.4922881Z Requirement already satisfied: uvicorn>=0.12.0 in /opt/hostedtoolcache/Python/3.12.11/x64/lib/python3.12/site-packages (from uvicorn[standard]>=0.12.0; extra == "all"->fastapi[all]->-r requirements-dev.txt (line 13)) (0.29.0)
2025-08-19T08:55:55.4930789Z Requirement already satisfied: pydantic-settings>=2.0.0 in /opt/hostedtoolcache/Python/3.12.11/x64/lib/python3.12/site-packages (from fastapi[all]->-r requirements-dev.txt (line 13)) (2.2.1)
2025-08-19T08:55:55.5101836Z Collecting pydantic-extra-types>=2.0.0 (from fastapi[all]->-r requirements-dev.txt (line 13))
2025-08-19T08:55:55.5112795Z   Using cached pydantic_extra_types-2.10.5-py3-none-any.whl.metadata (3.9 kB)
2025-08-19T08:55:55.5366688Z Requirement already satisfied: prompt-toolkit>=3.0.36 in /opt/hostedtoolcache/Python/3.12.11/x64/lib/python3.12/site-packages (from click-repl>=0.2.0->celery==5.5.3->-r requirements-dev.txt (line 11)) (3.0.51)
2025-08-19T08:55:55.5438818Z Requirement already satisfied: dnspython>=2.0.0 in /opt/hostedtoolcache/Python/3.12.11/x64/lib/python3.12/site-packages (from email-validator>=2.0.0->fastapi[all]->-r requirements-dev.txt (line 13)) (2.7.0)
2025-08-19T08:55:55.5507974Z Requirement already satisfied: typer>=0.15.1 in /opt/hostedtoolcache/Python/3.12.11/x64/lib/python3.12/site-packages (from fastapi-cli>=0.0.8->fastapi-cli[standard]>=0.0.8; extra == "all"->fastapi[all]->-r requirements-dev.txt (line 13)) (0.16.1)
2025-08-19T08:55:55.5518540Z Requirement already satisfied: rich-toolkit>=0.14.8 in /opt/hostedtoolcache/Python/3.12.11/x64/lib/python3.12/site-packages (from fastapi-cli>=0.0.8->fastapi-cli[standard]>=0.0.8; extra == "all"->fastapi[all]->-r requirements-dev.txt (line 13)) (0.15.0)
2025-08-19T08:55:55.5689084Z Collecting fastapi-cloud-cli>=0.1.1 (from fastapi-cli[standard]>=0.0.8; extra == "all"->fastapi[all]->-r requirements-dev.txt (line 13))
2025-08-19T08:55:55.5700927Z   Using cached fastapi_cloud_cli-0.1.5-py3-none-any.whl.metadata (3.2 kB)
2025-08-19T08:55:55.6464521Z Collecting rignore>=0.5.1 (from fastapi-cloud-cli>=0.1.1->fastapi-cli[standard]>=0.0.8; extra == "all"->fastapi[all]->-r requirements-dev.txt (line 13))
2025-08-19T08:55:55.6476532Z   Using cached rignore-0.6.4-cp312-cp312-manylinux_2_17_x86_64.manylinux2014_x86_64.whl.metadata (3.8 kB)
2025-08-19T08:55:55.7042884Z Collecting sentry-sdk>=2.20.0 (from fastapi-cloud-cli>=0.1.1->fastapi-cli[standard]>=0.0.8; extra == "all"->fastapi[all]->-r requirements-dev.txt (line 13))
2025-08-19T08:55:55.7054072Z   Using cached sentry_sdk-2.35.0-py2.py3-none-any.whl.metadata (10 kB)
2025-08-19T08:55:55.7992596Z Collecting psutil>=4.0.0 (from mirakuru>=2.6.0->pytest-postgresql==7.0.2->-r requirements-dev.txt (line 29))
2025-08-19T08:55:55.8004413Z   Using cached psutil-7.0.0-cp36-abi3-manylinux_2_12_x86_64.manylinux2010_x86_64.manylinux_2_17_x86_64.manylinux2014_x86_64.whl.metadata (22 kB)
2025-08-19T08:55:55.8193313Z Requirement already satisfied: wcwidth in /opt/hostedtoolcache/Python/3.12.11/x64/lib/python3.12/site-packages (from prompt-toolkit>=3.0.36->click-repl>=0.2.0->celery==5.5.3->-r requirements-dev.txt (line 11)) (0.2.13)
2025-08-19T08:55:55.8395041Z Requirement already satisfied: rich>=13.7.1 in /opt/hostedtoolcache/Python/3.12.11/x64/lib/python3.12/site-packages (from rich-toolkit>=0.14.8->fastapi-cli>=0.0.8->fastapi-cli[standard]>=0.0.8; extra == "all"->fastapi[all]->-r requirements-dev.txt (line 13)) (14.1.0)
2025-08-19T08:55:55.8431357Z Requirement already satisfied: markdown-it-py>=2.2.0 in /opt/hostedtoolcache/Python/3.12.11/x64/lib/python3.12/site-packages (from rich>=13.7.1->rich-toolkit>=0.14.8->fastapi-cli>=0.0.8->fastapi-cli[standard]>=0.0.8; extra == "all"->fastapi[all]->-r requirements-dev.txt (line 13)) (4.0.0)
2025-08-19T08:55:55.8463597Z Requirement already satisfied: mdurl~=0.1 in /opt/hostedtoolcache/Python/3.12.11/x64/lib/python3.12/site-packages (from markdown-it-py>=2.2.0->rich>=13.7.1->rich-toolkit>=0.14.8->fastapi-cli>=0.0.8->fastapi-cli[standard]>=0.0.8; extra == "all"->fastapi[all]->-r requirements-dev.txt (line 13)) (0.1.2)
2025-08-19T08:55:55.8653668Z Requirement already satisfied: shellingham>=1.3.0 in /opt/hostedtoolcache/Python/3.12.11/x64/lib/python3.12/site-packages (from typer>=0.15.1->fastapi-cli>=0.0.8->fastapi-cli[standard]>=0.0.8; extra == "all"->fastapi[all]->-r requirements-dev.txt (line 13)) (1.5.4)
2025-08-19T08:55:55.8895333Z Requirement already satisfied: httptools>=0.5.0 in /opt/hostedtoolcache/Python/3.12.11/x64/lib/python3.12/site-packages (from uvicorn[standard]>=0.12.0; extra == "all"->fastapi[all]->-r requirements-dev.txt (line 13)) (0.6.4)
2025-08-19T08:55:55.8912787Z Requirement already satisfied: uvloop!=0.15.0,!=0.15.1,>=0.14.0 in /opt/hostedtoolcache/Python/3.12.11/x64/lib/python3.12/site-packages (from uvicorn[standard]>=0.12.0; extra == "all"->fastapi[all]->-r requirements-dev.txt (line 13)) (0.21.0)
2025-08-19T08:55:55.8920497Z Requirement already satisfied: watchfiles>=0.13 in /opt/hostedtoolcache/Python/3.12.11/x64/lib/python3.12/site-packages (from uvicorn[standard]>=0.12.0; extra == "all"->fastapi[all]->-r requirements-dev.txt (line 13)) (1.1.0)
2025-08-19T08:55:55.8928540Z Requirement already satisfied: websockets>=10.4 in /opt/hostedtoolcache/Python/3.12.11/x64/lib/python3.12/site-packages (from uvicorn[standard]>=0.12.0; extra == "all"->fastapi[all]->-r requirements-dev.txt (line 13)) (15.0.1)
2025-08-19T08:55:55.9456017Z Using cached jinja2-3.1.6-py3-none-any.whl (134 kB)
2025-08-19T08:55:55.9468226Z Using cached asyncpg-0.30.0-cp312-cp312-manylinux_2_17_x86_64.manylinux2014_x86_64.whl (3.6 MB)
2025-08-19T08:55:55.9505897Z Using cached black-25.1.0-cp312-cp312-manylinux_2_17_x86_64.manylinux2014_x86_64.manylinux_2_28_x86_64.whl (1.8 MB)
2025-08-19T08:55:55.9625131Z Downloading celery-5.5.3-py3-none-any.whl (438 kB)
2025-08-19T08:55:55.9901926Z Using cached fastapi-0.116.1-py3-none-any.whl (95 kB)
2025-08-19T08:55:55.9913341Z Using cached IMAPClient-3.0.1-py2.py3-none-any.whl (182 kB)
2025-08-19T08:55:55.9925341Z Using cached pytest_asyncio-0.23.6-py3-none-any.whl (17 kB)
2025-08-19T08:55:55.9936262Z Using cached pytest_cov-6.2.1-py3-none-any.whl (24 kB)
2025-08-19T08:55:55.9947085Z Using cached pytest_postgresql-7.0.2-py3-none-any.whl (41 kB)
2025-08-19T08:55:56.0049789Z Downloading python_telegram_bot-22.3-py3-none-any.whl (717 kB)
2025-08-19T08:55:56.0182696Z    ━━━━━━━━━━━━━━━━━━━━━━━━━━━━━━━━━━━━━━━━ 717.1/717.1 kB 45.0 MB/s  0:00:00
2025-08-19T08:55:56.0194819Z Using cached requests-2.32.4-py3-none-any.whl (64 kB)
2025-08-19T08:55:56.0206167Z Using cached respx-0.22.0-py2.py3-none-any.whl (25 kB)
2025-08-19T08:55:56.0217305Z Using cached ruff-0.4.4-py3-none-manylinux_2_17_x86_64.manylinux2014_x86_64.whl (8.7 MB)
2025-08-19T08:55:56.0290885Z Using cached testcontainers-4.10.0-py3-none-any.whl (107 kB)
2025-08-19T08:55:56.0302655Z Using cached types_requests-2.32.0.20240602-py3-none-any.whl (15 kB)
2025-08-19T08:55:56.0313826Z Using cached docspec_python-2.2.2-py3-none-any.whl (15 kB)
2025-08-19T08:55:56.0324539Z Using cached pydoc_markdown-4.8.2-py3-none-any.whl (67 kB)
2025-08-19T08:55:56.0335495Z Using cached docspec-2.2.1-py3-none-any.whl (9.8 kB)
2025-08-19T08:55:56.0346143Z Using cached httpx-0.28.1-py3-none-any.whl (73 kB)
2025-08-19T08:55:56.0357831Z Using cached mypy-1.17.1-cp312-cp312-manylinux2014_x86_64.manylinux_2_17_x86_64.manylinux_2_28_x86_64.whl (12.7 MB)
2025-08-19T08:55:56.0458631Z Using cached databind.core-4.5.2-py3-none-any.whl (1.5 kB)
2025-08-19T08:55:56.0469086Z Using cached databind-4.5.2-py3-none-any.whl (49 kB)
2025-08-19T08:55:56.0480033Z Using cached databind.json-4.5.2-py3-none-any.whl (1.5 kB)
2025-08-19T08:55:56.0490718Z Using cached Deprecated-1.2.18-py2.py3-none-any.whl (10.0 kB)
2025-08-19T08:55:56.0501244Z Using cached nr_date-2.1.0-py3-none-any.whl (10 kB)
2025-08-19T08:55:56.0511908Z Using cached nr_stream-1.1.5-py3-none-any.whl (10 kB)
2025-08-19T08:55:56.0522682Z Using cached nr.util-0.8.12-py3-none-any.whl (90 kB)
2025-08-19T08:55:56.0534163Z Using cached pytest-8.4.1-py3-none-any.whl (365 kB)
2025-08-19T08:55:56.0547891Z Using cached pluggy-1.6.0-py3-none-any.whl (20 kB)
2025-08-19T08:55:56.0558705Z Using cached starlette-0.47.2-py3-none-any.whl (72 kB)
2025-08-19T08:55:56.0569993Z Using cached tomli-2.2.1-cp312-cp312-manylinux_2_17_x86_64.manylinux2014_x86_64.whl (242 kB)
2025-08-19T08:55:56.0582068Z Using cached tomli_w-1.2.0-py3-none-any.whl (6.7 kB)
2025-08-19T08:55:56.0592941Z Using cached typeapi-2.2.4-py3-none-any.whl (26 kB)
2025-08-19T08:55:56.0603919Z Using cached itsdangerous-2.2.0-py3-none-any.whl (16 kB)
2025-08-19T08:55:56.0614958Z Using cached setuptools-80.9.0-py3-none-any.whl (1.2 MB)
2025-08-19T08:55:56.0634843Z Using cached coverage-7.10.4-cp312-cp312-manylinux1_x86_64.manylinux_2_28_x86_64.manylinux_2_5_x86_64.whl (251 kB)
2025-08-19T08:55:56.0647070Z Using cached fastapi_cloud_cli-0.1.5-py3-none-any.whl (18 kB)
2025-08-19T08:55:56.0657680Z Using cached iniconfig-2.1.0-py3-none-any.whl (6.0 kB)
2025-08-19T08:55:56.0668458Z Using cached mirakuru-2.6.1-py3-none-any.whl (26 kB)
2025-08-19T08:55:56.0679166Z Using cached pathspec-0.12.1-py3-none-any.whl (31 kB)
2025-08-19T08:55:56.0690060Z Using cached platformdirs-4.3.8-py3-none-any.whl (18 kB)
2025-08-19T08:55:56.0700644Z Using cached port_for-0.7.4-py3-none-any.whl (21 kB)
2025-08-19T08:55:56.0712113Z Using cached psutil-7.0.0-cp36-abi3-manylinux_2_12_x86_64.manylinux2010_x86_64.manylinux_2_17_x86_64.manylinux2014_x86_64.whl (277 kB)
2025-08-19T08:55:56.0724655Z Using cached pydantic_extra_types-2.10.5-py3-none-any.whl (38 kB)
2025-08-19T08:55:56.0735819Z Using cached rignore-0.6.4-cp312-cp312-manylinux_2_17_x86_64.manylinux2014_x86_64.whl (949 kB)
2025-08-19T08:55:56.0753024Z Using cached sentry_sdk-2.35.0-py2.py3-none-any.whl (363 kB)
2025-08-19T08:55:56.0766458Z Using cached yapf-0.43.0-py3-none-any.whl (256 kB)
2025-08-19T08:55:56.0778882Z Using cached docker-7.1.0-py3-none-any.whl (147 kB)
2025-08-19T08:55:56.0791663Z Using cached watchdog-6.0.0-py3-none-manylinux2014_x86_64.whl (79 kB)
2025-08-19T08:55:56.3268574Z Installing collected packages: watchdog, types-requests, typeapi, tomli_w, tomli, setuptools, sentry-sdk, ruff, rignore, requests, psutil, port-for, pluggy, platformdirs, pathspec, nr-stream, nr-date, Jinja2, itsdangerous, iniconfig, imapclient, docstring-parser, Deprecated, coverage, asyncpg, yapf, starlette, pytest, nr-util, mypy, mirakuru, httpx, docker, databind, black, testcontainers, respx, python-telegram-bot, pytest-postgresql, pytest-cov, pytest-asyncio, pydantic-extra-types, fastapi, databind.json, databind.core, celery, fastapi-cloud-cli, docspec, docspec-python, pydoc-markdown
2025-08-19T08:55:57.1729749Z   Attempting uninstall: sentry-sdk
2025-08-19T08:55:57.1763628Z     Found existing installation: sentry-sdk 2.9.0
2025-08-19T08:55:57.1894586Z     Uninstalling sentry-sdk-2.9.0:
2025-08-19T08:55:57.1917283Z       Successfully uninstalled sentry-sdk-2.9.0
2025-08-19T08:55:57.5704019Z   Attempting uninstall: requests
2025-08-19T08:55:57.5747359Z     Found existing installation: requests 2.32.5
2025-08-19T08:55:57.5776491Z     Uninstalling requests-2.32.5:
2025-08-19T08:55:57.5785200Z       Successfully uninstalled requests-2.32.5
2025-08-19T08:55:57.8652926Z   Attempting uninstall: Jinja2
2025-08-19T08:55:57.8702368Z     Found existing installation: Jinja2 3.1.5
2025-08-19T08:55:57.8735738Z     Uninstalling Jinja2-3.1.5:
2025-08-19T08:55:57.8744614Z       Successfully uninstalled Jinja2-3.1.5
2025-08-19T08:55:58.2095746Z   Attempting uninstall: asyncpg
2025-08-19T08:55:58.2149221Z     Found existing installation: asyncpg 0.29.0
2025-08-19T08:55:58.2197989Z     Uninstalling asyncpg-0.29.0:
2025-08-19T08:55:58.2210937Z       Successfully uninstalled asyncpg-0.29.0
2025-08-19T08:55:58.5035068Z   Attempting uninstall: starlette
2025-08-19T08:55:58.5085374Z     Found existing installation: starlette 0.37.2
2025-08-19T08:55:58.5128031Z     Uninstalling starlette-0.37.2:
2025-08-19T08:55:58.5138626Z       Successfully uninstalled starlette-0.37.2
2025-08-19T08:56:00.3378315Z   Attempting uninstall: httpx
2025-08-19T08:56:00.3427748Z     Found existing installation: httpx 0.26.0
2025-08-19T08:56:00.3463781Z     Uninstalling httpx-0.26.0:
2025-08-19T08:56:00.3477110Z       Successfully uninstalled httpx-0.26.0
2025-08-19T08:56:00.7768460Z   Attempting uninstall: python-telegram-bot
2025-08-19T08:56:00.7816615Z     Found existing installation: python-telegram-bot 20.8
2025-08-19T08:56:00.7975382Z     Uninstalling python-telegram-bot-20.8:
2025-08-19T08:56:00.7998985Z       Successfully uninstalled python-telegram-bot-20.8
2025-08-19T08:56:01.2448449Z   Attempting uninstall: fastapi
2025-08-19T08:56:01.2492277Z     Found existing installation: fastapi 0.111.0
2025-08-19T08:56:01.2544249Z     Uninstalling fastapi-0.111.0:
2025-08-19T08:56:01.2556038Z       Successfully uninstalled fastapi-0.111.0
2025-08-19T08:56:01.3411005Z   Attempting uninstall: celery
2025-08-19T08:56:01.3452467Z     Found existing installation: celery 5.4.0
2025-08-19T08:56:01.3601306Z     Uninstalling celery-5.4.0:
2025-08-19T08:56:01.3629185Z       Successfully uninstalled celery-5.4.0
2025-08-19T08:56:01.7681240Z 
2025-08-19T08:56:01.7799558Z Successfully installed Deprecated-1.2.18 Jinja2-3.1.6 asyncpg-0.30.0 black-25.1.0 celery-5.5.3 coverage-7.10.4 databind-4.5.2 databind.core-4.5.2 databind.json-4.5.2 docker-7.1.0 docspec-2.2.1 docspec-python-2.2.2 docstring-parser-0.11 fastapi-0.116.1 fastapi-cloud-cli-0.1.5 httpx-0.28.1 imapclient-3.0.1 iniconfig-2.1.0 itsdangerous-2.2.0 mirakuru-2.6.1 mypy-1.17.1 nr-date-2.1.0 nr-stream-1.1.5 nr-util-0.8.12 pathspec-0.12.1 platformdirs-4.3.8 pluggy-1.6.0 port-for-0.7.4 psutil-7.0.0 pydantic-extra-types-2.10.5 pydoc-markdown-4.8.2 pytest-8.4.1 pytest-asyncio-0.23.6 pytest-cov-6.2.1 pytest-postgresql-7.0.2 python-telegram-bot-22.3 requests-2.32.4 respx-0.22.0 rignore-0.6.4 ruff-0.4.4 sentry-sdk-2.35.0 setuptools-80.9.0 starlette-0.47.2 testcontainers-4.10.0 tomli-2.2.1 tomli_w-1.2.0 typeapi-2.2.4 types-requests-2.32.0.20240602 watchdog-6.0.0 yapf-0.43.0
2025-08-19T08:56:02.3792345Z Requirement already satisfied: asyncpg in /opt/hostedtoolcache/Python/3.12.11/x64/lib/python3.12/site-packages (0.30.0)
2025-08-19T08:56:02.9849515Z Requirement already satisfied: pytest in /opt/hostedtoolcache/Python/3.12.11/x64/lib/python3.12/site-packages (8.4.1)
2025-08-19T08:56:02.9864680Z Requirement already satisfied: iniconfig>=1 in /opt/hostedtoolcache/Python/3.12.11/x64/lib/python3.12/site-packages (from pytest) (2.1.0)
2025-08-19T08:56:02.9871196Z Requirement already satisfied: packaging>=20 in /opt/hostedtoolcache/Python/3.12.11/x64/lib/python3.12/site-packages (from pytest) (25.0)
2025-08-19T08:56:02.9877702Z Requirement already satisfied: pluggy<2,>=1.5 in /opt/hostedtoolcache/Python/3.12.11/x64/lib/python3.12/site-packages (from pytest) (1.6.0)
2025-08-19T08:56:02.9883560Z Requirement already satisfied: pygments>=2.7.2 in /opt/hostedtoolcache/Python/3.12.11/x64/lib/python3.12/site-packages (from pytest) (2.19.2)
2025-08-19T08:56:03.6677581Z Collecting keepa==1.3.15
2025-08-19T08:56:03.6690512Z   Using cached keepa-1.3.15-py3-none-any.whl.metadata (11 kB)
2025-08-19T08:56:03.6728179Z Requirement already satisfied: minio==7.1.15 in /opt/hostedtoolcache/Python/3.12.11/x64/lib/python3.12/site-packages (7.1.15)
2025-08-19T08:56:03.6736667Z Requirement already satisfied: numpy>=1.9.3 in /opt/hostedtoolcache/Python/3.12.11/x64/lib/python3.12/site-packages (from keepa==1.3.15) (1.26.4)
2025-08-19T08:56:03.6741424Z Requirement already satisfied: requests>=2.2 in /opt/hostedtoolcache/Python/3.12.11/x64/lib/python3.12/site-packages (from keepa==1.3.15) (2.32.4)
2025-08-19T08:56:03.6745082Z Requirement already satisfied: tqdm in /opt/hostedtoolcache/Python/3.12.11/x64/lib/python3.12/site-packages (from keepa==1.3.15) (4.67.1)
2025-08-19T08:56:03.6748432Z Requirement already satisfied: aiohttp in /opt/hostedtoolcache/Python/3.12.11/x64/lib/python3.12/site-packages (from keepa==1.3.15) (3.12.15)
2025-08-19T08:56:03.6753435Z Requirement already satisfied: pandas<=3.0 in /opt/hostedtoolcache/Python/3.12.11/x64/lib/python3.12/site-packages (from keepa==1.3.15) (2.2.3)
2025-08-19T08:56:03.6756904Z Requirement already satisfied: pydantic in /opt/hostedtoolcache/Python/3.12.11/x64/lib/python3.12/site-packages (from keepa==1.3.15) (2.11.7)
2025-08-19T08:56:03.6766833Z Requirement already satisfied: certifi in /opt/hostedtoolcache/Python/3.12.11/x64/lib/python3.12/site-packages (from minio==7.1.15) (2025.8.3)
2025-08-19T08:56:03.6770632Z Requirement already satisfied: urllib3 in /opt/hostedtoolcache/Python/3.12.11/x64/lib/python3.12/site-packages (from minio==7.1.15) (2.5.0)
2025-08-19T08:56:03.6825018Z Requirement already satisfied: python-dateutil>=2.8.2 in /opt/hostedtoolcache/Python/3.12.11/x64/lib/python3.12/site-packages (from pandas<=3.0->keepa==1.3.15) (2.9.0.post0)
2025-08-19T08:56:03.6829752Z Requirement already satisfied: pytz>=2020.1 in /opt/hostedtoolcache/Python/3.12.11/x64/lib/python3.12/site-packages (from pandas<=3.0->keepa==1.3.15) (2025.2)
2025-08-19T08:56:03.6834713Z Requirement already satisfied: tzdata>=2022.7 in /opt/hostedtoolcache/Python/3.12.11/x64/lib/python3.12/site-packages (from pandas<=3.0->keepa==1.3.15) (2025.2)
2025-08-19T08:56:03.6965962Z Requirement already satisfied: six>=1.5 in /opt/hostedtoolcache/Python/3.12.11/x64/lib/python3.12/site-packages (from python-dateutil>=2.8.2->pandas<=3.0->keepa==1.3.15) (1.17.0)
2025-08-19T08:56:03.6986224Z Requirement already satisfied: charset_normalizer<4,>=2 in /opt/hostedtoolcache/Python/3.12.11/x64/lib/python3.12/site-packages (from requests>=2.2->keepa==1.3.15) (3.4.3)
2025-08-19T08:56:03.6991450Z Requirement already satisfied: idna<4,>=2.5 in /opt/hostedtoolcache/Python/3.12.11/x64/lib/python3.12/site-packages (from requests>=2.2->keepa==1.3.15) (3.10)
2025-08-19T08:56:03.7061312Z Requirement already satisfied: aiohappyeyeballs>=2.5.0 in /opt/hostedtoolcache/Python/3.12.11/x64/lib/python3.12/site-packages (from aiohttp->keepa==1.3.15) (2.6.1)
2025-08-19T08:56:03.7066232Z Requirement already satisfied: aiosignal>=1.4.0 in /opt/hostedtoolcache/Python/3.12.11/x64/lib/python3.12/site-packages (from aiohttp->keepa==1.3.15) (1.4.0)
2025-08-19T08:56:03.7072562Z Requirement already satisfied: attrs>=17.3.0 in /opt/hostedtoolcache/Python/3.12.11/x64/lib/python3.12/site-packages (from aiohttp->keepa==1.3.15) (25.3.0)
2025-08-19T08:56:03.7077444Z Requirement already satisfied: frozenlist>=1.1.1 in /opt/hostedtoolcache/Python/3.12.11/x64/lib/python3.12/site-packages (from aiohttp->keepa==1.3.15) (1.7.0)
2025-08-19T08:56:03.7082536Z Requirement already satisfied: multidict<7.0,>=4.5 in /opt/hostedtoolcache/Python/3.12.11/x64/lib/python3.12/site-packages (from aiohttp->keepa==1.3.15) (6.6.4)
2025-08-19T08:56:03.7088078Z Requirement already satisfied: propcache>=0.2.0 in /opt/hostedtoolcache/Python/3.12.11/x64/lib/python3.12/site-packages (from aiohttp->keepa==1.3.15) (0.3.2)
2025-08-19T08:56:03.7093411Z Requirement already satisfied: yarl<2.0,>=1.17.0 in /opt/hostedtoolcache/Python/3.12.11/x64/lib/python3.12/site-packages (from aiohttp->keepa==1.3.15) (1.20.1)
2025-08-19T08:56:03.7152287Z Requirement already satisfied: typing-extensions>=4.2 in /opt/hostedtoolcache/Python/3.12.11/x64/lib/python3.12/site-packages (from aiosignal>=1.4.0->aiohttp->keepa==1.3.15) (4.14.1)
2025-08-19T08:56:03.7246981Z Requirement already satisfied: annotated-types>=0.6.0 in /opt/hostedtoolcache/Python/3.12.11/x64/lib/python3.12/site-packages (from pydantic->keepa==1.3.15) (0.7.0)
2025-08-19T08:56:03.7251766Z Requirement already satisfied: pydantic-core==2.33.2 in /opt/hostedtoolcache/Python/3.12.11/x64/lib/python3.12/site-packages (from pydantic->keepa==1.3.15) (2.33.2)
2025-08-19T08:56:03.7259303Z Requirement already satisfied: typing-inspection>=0.4.0 in /opt/hostedtoolcache/Python/3.12.11/x64/lib/python3.12/site-packages (from pydantic->keepa==1.3.15) (0.4.1)
2025-08-19T08:56:03.7338478Z Using cached keepa-1.3.15-py3-none-any.whl (38 kB)
2025-08-19T08:56:03.8982687Z Installing collected packages: keepa
2025-08-19T08:56:03.8984012Z   Attempting uninstall: keepa
2025-08-19T08:56:03.9016863Z     Found existing installation: keepa 1.3.14
2025-08-19T08:56:03.9038783Z     Uninstalling keepa-1.3.14:
2025-08-19T08:56:03.9047142Z       Successfully uninstalled keepa-1.3.14
2025-08-19T08:56:03.9462179Z Successfully installed keepa-1.3.15
2025-08-19T08:56:03.9997001Z ##[group]Run actions/setup-node@v4
2025-08-19T08:56:03.9997278Z with:
2025-08-19T08:56:03.9997454Z   node-version: 20.19.0
2025-08-19T08:56:03.9997656Z   always-auth: false
2025-08-19T08:56:03.9997842Z   check-latest: false
2025-08-19T08:56:03.9998138Z   token: ***
2025-08-19T08:56:03.9998314Z env:
2025-08-19T08:56:03.9998510Z   REDIS_URL: redis://localhost:6379/0
2025-08-19T08:56:03.9998770Z   RATE_LIMIT_DEFAULT: 100/minute
2025-08-19T08:56:03.9998990Z   TRUST_X_FORWARDED: 1
2025-08-19T08:56:03.9999190Z   PG_USER: postgres
2025-08-19T08:56:03.9999374Z   PG_PASSWORD: pass
2025-08-19T08:56:03.9999563Z   PG_DATABASE: awa
2025-08-19T08:56:03.9999747Z   PG_HOST: localhost
2025-08-19T08:56:03.9999931Z   PG_PORT: 5432
2025-08-19T08:56:04.0000290Z   PG_SYNC_DSN: ***localhost:5432/awa
2025-08-19T08:56:04.0000697Z   PG_ASYNC_DSN: ***localhost:5432/awa
2025-08-19T08:56:04.0001105Z   DATABASE_URL: ***localhost:5432/awa
2025-08-19T08:56:04.0001336Z   DATA_DIR: /tmp/awa-data
2025-08-19T08:56:04.0001573Z   ENABLE_LIVE: 0
2025-08-19T08:56:04.0001751Z   TESTING: 1
2025-08-19T08:56:04.0001992Z   pythonLocation: /opt/hostedtoolcache/Python/3.12.11/x64
2025-08-19T08:56:04.0002384Z   PKG_CONFIG_PATH: /opt/hostedtoolcache/Python/3.12.11/x64/lib/pkgconfig
2025-08-19T08:56:04.0002772Z   Python_ROOT_DIR: /opt/hostedtoolcache/Python/3.12.11/x64
2025-08-19T08:56:04.0003311Z   Python2_ROOT_DIR: /opt/hostedtoolcache/Python/3.12.11/x64
2025-08-19T08:56:04.0003684Z   Python3_ROOT_DIR: /opt/hostedtoolcache/Python/3.12.11/x64
2025-08-19T08:56:04.0004029Z   LD_LIBRARY_PATH: /opt/hostedtoolcache/Python/3.12.11/x64/lib
2025-08-19T08:56:04.0004319Z ##[endgroup]
2025-08-19T08:56:04.1869103Z Attempting to download 20.19.0...
2025-08-19T08:56:05.0755652Z Acquiring 20.19.0 - x64 from https://github.com/actions/node-versions/releases/download/20.19.0-13838090974/node-20.19.0-linux-x64.tar.gz
2025-08-19T08:56:05.6428230Z Extracting ...
2025-08-19T08:56:05.6540214Z [command]/usr/bin/tar xz --strip 1 --warning=no-unknown-keyword --overwrite -C /home/runner/work/_temp/1c1a0e59-2f72-465d-9404-8e43b3e21819 -f /home/runner/work/_temp/c6cdf7ff-8c52-407c-8547-ebb8bfff3cad
2025-08-19T08:56:06.6363380Z Adding to the cache ...
2025-08-19T08:56:08.2841613Z ##[group]Environment details
2025-08-19T08:56:08.5934702Z node: v20.19.0
2025-08-19T08:56:08.5935112Z npm: 10.8.2
2025-08-19T08:56:08.5935437Z yarn: 1.22.22
2025-08-19T08:56:08.5936170Z ##[endgroup]
2025-08-19T08:56:08.6101212Z ##[group]Run npm ci
2025-08-19T08:56:08.6101437Z [36;1mnpm ci[0m
2025-08-19T08:56:08.6142408Z shell: /usr/bin/bash -e {0}
2025-08-19T08:56:08.6142639Z env:
2025-08-19T08:56:08.6142851Z   REDIS_URL: redis://localhost:6379/0
2025-08-19T08:56:08.6143339Z   RATE_LIMIT_DEFAULT: 100/minute
2025-08-19T08:56:08.6143575Z   TRUST_X_FORWARDED: 1
2025-08-19T08:56:08.6143779Z   PG_USER: postgres
2025-08-19T08:56:08.6143979Z   PG_PASSWORD: pass
2025-08-19T08:56:08.6144353Z   PG_DATABASE: awa
2025-08-19T08:56:08.6144543Z   PG_HOST: localhost
2025-08-19T08:56:08.6144735Z   PG_PORT: 5432
2025-08-19T08:56:08.6145155Z   PG_SYNC_DSN: ***localhost:5432/awa
2025-08-19T08:56:08.6145553Z   PG_ASYNC_DSN: ***localhost:5432/awa
2025-08-19T08:56:08.6145945Z   DATABASE_URL: ***localhost:5432/awa
2025-08-19T08:56:08.6146185Z   DATA_DIR: /tmp/awa-data
2025-08-19T08:56:08.6146387Z   ENABLE_LIVE: 0
2025-08-19T08:56:08.6146576Z   TESTING: 1
2025-08-19T08:56:08.6146850Z   pythonLocation: /opt/hostedtoolcache/Python/3.12.11/x64
2025-08-19T08:56:08.6147248Z   PKG_CONFIG_PATH: /opt/hostedtoolcache/Python/3.12.11/x64/lib/pkgconfig
2025-08-19T08:56:08.6147624Z   Python_ROOT_DIR: /opt/hostedtoolcache/Python/3.12.11/x64
2025-08-19T08:56:08.6147977Z   Python2_ROOT_DIR: /opt/hostedtoolcache/Python/3.12.11/x64
2025-08-19T08:56:08.6148326Z   Python3_ROOT_DIR: /opt/hostedtoolcache/Python/3.12.11/x64
2025-08-19T08:56:08.6148677Z   LD_LIBRARY_PATH: /opt/hostedtoolcache/Python/3.12.11/x64/lib
2025-08-19T08:56:08.6148972Z ##[endgroup]
2025-08-19T08:56:11.1044322Z npm warn deprecated node-domexception@1.0.0: Use your platform's native DOMException instead
2025-08-19T08:56:14.4832358Z 
2025-08-19T08:56:14.4833296Z added 432 packages, and audited 433 packages in 6s
2025-08-19T08:56:14.4833740Z 
2025-08-19T08:56:14.4834004Z 112 packages are looking for funding
2025-08-19T08:56:14.4834473Z   run `npm fund` for details
2025-08-19T08:56:14.4853234Z 
2025-08-19T08:56:14.4853685Z 2 vulnerabilities (1 low, 1 critical)
2025-08-19T08:56:14.4853931Z 
2025-08-19T08:56:14.4854229Z To address all issues, run:
2025-08-19T08:56:14.4854681Z   npm audit fix
2025-08-19T08:56:14.4854903Z 
2025-08-19T08:56:14.4855122Z Run `npm audit` for details.
2025-08-19T08:56:14.5123930Z ##[group]Run npm run build --if-present
2025-08-19T08:56:14.5124271Z [36;1mnpm run build --if-present[0m
2025-08-19T08:56:14.5165106Z shell: /usr/bin/bash -e {0}
2025-08-19T08:56:14.5165340Z env:
2025-08-19T08:56:14.5165547Z   REDIS_URL: redis://localhost:6379/0
2025-08-19T08:56:14.5165832Z   RATE_LIMIT_DEFAULT: 100/minute
2025-08-19T08:56:14.5166063Z   TRUST_X_FORWARDED: 1
2025-08-19T08:56:14.5166256Z   PG_USER: postgres
2025-08-19T08:56:14.5166446Z   PG_PASSWORD: pass
2025-08-19T08:56:14.5166631Z   PG_DATABASE: awa
2025-08-19T08:56:14.5166816Z   PG_HOST: localhost
2025-08-19T08:56:14.5167003Z   PG_PORT: 5432
2025-08-19T08:56:14.5167427Z   PG_SYNC_DSN: ***localhost:5432/awa
2025-08-19T08:56:14.5167841Z   PG_ASYNC_DSN: ***localhost:5432/awa
2025-08-19T08:56:14.5168227Z   DATABASE_URL: ***localhost:5432/awa
2025-08-19T08:56:14.5168462Z   DATA_DIR: /tmp/awa-data
2025-08-19T08:56:14.5168663Z   ENABLE_LIVE: 0
2025-08-19T08:56:14.5168834Z   TESTING: 1
2025-08-19T08:56:14.5169105Z   pythonLocation: /opt/hostedtoolcache/Python/3.12.11/x64
2025-08-19T08:56:14.5169499Z   PKG_CONFIG_PATH: /opt/hostedtoolcache/Python/3.12.11/x64/lib/pkgconfig
2025-08-19T08:56:14.5169874Z   Python_ROOT_DIR: /opt/hostedtoolcache/Python/3.12.11/x64
2025-08-19T08:56:14.5170226Z   Python2_ROOT_DIR: /opt/hostedtoolcache/Python/3.12.11/x64
2025-08-19T08:56:14.5170568Z   Python3_ROOT_DIR: /opt/hostedtoolcache/Python/3.12.11/x64
2025-08-19T08:56:14.5170916Z   LD_LIBRARY_PATH: /opt/hostedtoolcache/Python/3.12.11/x64/lib
2025-08-19T08:56:14.5171210Z ##[endgroup]
2025-08-19T08:56:14.6266696Z 
2025-08-19T08:56:14.6267030Z > web@0.0.0 build
2025-08-19T08:56:14.6267451Z > tsc -b && vite build
2025-08-19T08:56:14.6267746Z 
2025-08-19T08:56:16.9987277Z [36mvite v7.0.4 [32mbuilding for production...[36m[39m
2025-08-19T08:56:17.1669130Z transforming...
2025-08-19T08:56:20.1621719Z [32m✓[39m 687 modules transformed.
2025-08-19T08:56:20.5312413Z rendering chunks...
2025-08-19T08:56:20.5524233Z computing gzip size...
2025-08-19T08:56:20.5914385Z [2mdist/[22m[32mindex.html                 [39m[1m[2m  0.46 kB[22m[1m[22m[2m │ gzip:   0.30 kB[22m
2025-08-19T08:56:20.5915832Z [2mdist/[22m[2massets/[22m[35mindex-5IA1gRGW.css  [39m[1m[2m  0.84 kB[22m[1m[22m[2m │ gzip:   0.45 kB[22m
2025-08-19T08:56:20.5944844Z [2mdist/[22m[2massets/[22m[36mindex-CIqpArhq.js   [39m[1m[33m613.66 kB[39m[22m[2m │ gzip: 193.69 kB[22m
2025-08-19T08:56:20.5950074Z [32m✓ built in 3.57s[39m
2025-08-19T08:56:20.5953477Z [33m
2025-08-19T08:56:20.5954122Z (!) Some chunks are larger than 500 kB after minification. Consider:
2025-08-19T08:56:20.5954900Z - Using dynamic import() to code-split the application
2025-08-19T08:56:20.5956253Z - Use build.rollupOptions.output.manualChunks to improve chunking: https://rollupjs.org/configuration-options/#output-manualchunks
2025-08-19T08:56:20.5957665Z - Adjust chunk size limit for this warning via build.chunkSizeWarningLimit.[39m
2025-08-19T08:56:20.6817449Z ##[group]Run sudo apt-get update
2025-08-19T08:56:20.6817759Z [36;1msudo apt-get update[0m
2025-08-19T08:56:20.6818015Z [36;1msudo apt-get install -y postgresql[0m
2025-08-19T08:56:20.6818500Z [36;1mecho "/usr/lib/postgresql/$(pg_config --version | cut -d' ' -f2 | cut -d'.' -f1,2)/bin" >> $GITHUB_PATH[0m
2025-08-19T08:56:20.6859898Z shell: /usr/bin/bash -e {0}
2025-08-19T08:56:20.6860132Z env:
2025-08-19T08:56:20.6860345Z   REDIS_URL: redis://localhost:6379/0
2025-08-19T08:56:20.6860617Z   RATE_LIMIT_DEFAULT: 100/minute
2025-08-19T08:56:20.6860839Z   TRUST_X_FORWARDED: 1
2025-08-19T08:56:20.6861040Z   PG_USER: postgres
2025-08-19T08:56:20.6861240Z   PG_PASSWORD: pass
2025-08-19T08:56:20.6861422Z   PG_DATABASE: awa
2025-08-19T08:56:20.6861603Z   PG_HOST: localhost
2025-08-19T08:56:20.6861787Z   PG_PORT: 5432
2025-08-19T08:56:20.6862205Z   PG_SYNC_DSN: ***localhost:5432/awa
2025-08-19T08:56:20.6862708Z   PG_ASYNC_DSN: ***localhost:5432/awa
2025-08-19T08:56:20.6863391Z   DATABASE_URL: ***localhost:5432/awa
2025-08-19T08:56:20.6863669Z   DATA_DIR: /tmp/awa-data
2025-08-19T08:56:20.6863877Z   ENABLE_LIVE: 0
2025-08-19T08:56:20.6864052Z   TESTING: 1
2025-08-19T08:56:20.6864296Z   pythonLocation: /opt/hostedtoolcache/Python/3.12.11/x64
2025-08-19T08:56:20.6864703Z   PKG_CONFIG_PATH: /opt/hostedtoolcache/Python/3.12.11/x64/lib/pkgconfig
2025-08-19T08:56:20.6865099Z   Python_ROOT_DIR: /opt/hostedtoolcache/Python/3.12.11/x64
2025-08-19T08:56:20.6865449Z   Python2_ROOT_DIR: /opt/hostedtoolcache/Python/3.12.11/x64
2025-08-19T08:56:20.6865802Z   Python3_ROOT_DIR: /opt/hostedtoolcache/Python/3.12.11/x64
2025-08-19T08:56:20.6866156Z   LD_LIBRARY_PATH: /opt/hostedtoolcache/Python/3.12.11/x64/lib
2025-08-19T08:56:20.6866451Z ##[endgroup]
2025-08-19T08:56:20.7846652Z Get:1 file:/etc/apt/apt-mirrors.txt Mirrorlist [144 B]
2025-08-19T08:56:20.8239239Z Hit:2 http://azure.archive.ubuntu.com/ubuntu noble InRelease
2025-08-19T08:56:20.8241446Z Hit:6 https://packages.microsoft.com/repos/azure-cli noble InRelease
2025-08-19T08:56:20.8260935Z Get:3 http://azure.archive.ubuntu.com/ubuntu noble-updates InRelease [126 kB]
2025-08-19T08:56:20.8342932Z Get:4 http://azure.archive.ubuntu.com/ubuntu noble-backports InRelease [126 kB]
2025-08-19T08:56:20.8409817Z Get:5 http://azure.archive.ubuntu.com/ubuntu noble-security InRelease [126 kB]
2025-08-19T08:56:20.8461600Z Get:7 https://packages.microsoft.com/ubuntu/24.04/prod noble InRelease [3600 B]
2025-08-19T08:56:21.0234244Z Get:8 http://azure.archive.ubuntu.com/ubuntu noble-updates/main amd64 Packages [1337 kB]
2025-08-19T08:56:21.0371775Z Get:9 http://azure.archive.ubuntu.com/ubuntu noble-updates/main Translation-en [267 kB]
2025-08-19T08:56:21.0399946Z Get:10 http://azure.archive.ubuntu.com/ubuntu noble-updates/main amd64 Components [175 kB]
2025-08-19T08:56:21.0423001Z Get:11 http://azure.archive.ubuntu.com/ubuntu noble-updates/universe amd64 Packages [1121 kB]
2025-08-19T08:56:21.0504162Z Get:12 http://azure.archive.ubuntu.com/ubuntu noble-updates/universe Translation-en [288 kB]
2025-08-19T08:56:21.0550707Z Get:13 http://azure.archive.ubuntu.com/ubuntu noble-updates/universe amd64 Components [377 kB]
2025-08-19T08:56:21.0590750Z Get:14 http://azure.archive.ubuntu.com/ubuntu noble-updates/restricted amd64 Packages [1700 kB]
2025-08-19T08:56:21.0701191Z Get:15 http://azure.archive.ubuntu.com/ubuntu noble-updates/restricted Translation-en [375 kB]
2025-08-19T08:56:21.0752280Z Get:16 http://azure.archive.ubuntu.com/ubuntu noble-updates/restricted amd64 Components [212 B]
2025-08-19T08:56:21.0753889Z Get:17 http://azure.archive.ubuntu.com/ubuntu noble-updates/multiverse amd64 Components [940 B]
2025-08-19T08:56:21.1243733Z Get:18 http://azure.archive.ubuntu.com/ubuntu noble-backports/main amd64 Components [7072 B]
2025-08-19T08:56:21.1260746Z Get:19 http://azure.archive.ubuntu.com/ubuntu noble-backports/universe amd64 Packages [30.2 kB]
2025-08-19T08:56:21.1279079Z Get:20 http://azure.archive.ubuntu.com/ubuntu noble-backports/universe Translation-en [17.4 kB]
2025-08-19T08:56:21.1297308Z Get:21 http://azure.archive.ubuntu.com/ubuntu noble-backports/universe amd64 Components [19.2 kB]
2025-08-19T08:56:21.1310849Z Get:22 http://azure.archive.ubuntu.com/ubuntu noble-backports/restricted amd64 Components [216 B]
2025-08-19T08:56:21.1326680Z Get:23 http://azure.archive.ubuntu.com/ubuntu noble-backports/multiverse amd64 Components [212 B]
2025-08-19T08:56:21.1344279Z Get:24 http://azure.archive.ubuntu.com/ubuntu noble-security/main amd64 Packages [1075 kB]
2025-08-19T08:56:21.1422686Z Get:25 http://azure.archive.ubuntu.com/ubuntu noble-security/main Translation-en [186 kB]
2025-08-19T08:56:21.1450462Z Get:26 http://azure.archive.ubuntu.com/ubuntu noble-security/main amd64 Components [21.6 kB]
2025-08-19T08:56:21.1469049Z Get:27 http://azure.archive.ubuntu.com/ubuntu noble-security/universe amd64 Packages [879 kB]
2025-08-19T08:56:21.1530855Z Get:28 http://azure.archive.ubuntu.com/ubuntu noble-security/universe Translation-en [195 kB]
2025-08-19T08:56:21.1560943Z Get:29 http://azure.archive.ubuntu.com/ubuntu noble-security/universe amd64 Components [52.2 kB]
2025-08-19T08:56:21.1579739Z Get:30 http://azure.archive.ubuntu.com/ubuntu noble-security/restricted amd64 Packages [1610 kB]
2025-08-19T08:56:21.1691023Z Get:31 http://azure.archive.ubuntu.com/ubuntu noble-security/restricted Translation-en [357 kB]
2025-08-19T08:56:21.1772854Z Get:34 https://packages.microsoft.com/ubuntu/24.04/prod noble/main amd64 Packages [47.9 kB]
2025-08-19T08:56:21.1822326Z Get:35 https://packages.microsoft.com/ubuntu/24.04/prod noble/main arm64 Packages [33.1 kB]
2025-08-19T08:56:21.2240302Z Get:32 http://azure.archive.ubuntu.com/ubuntu noble-security/restricted amd64 Components [212 B]
2025-08-19T08:56:21.2255055Z Get:33 http://azure.archive.ubuntu.com/ubuntu noble-security/multiverse amd64 Components [212 B]
2025-08-19T08:56:29.6751560Z Fetched 10.6 MB in 1s (7955 kB/s)
2025-08-19T08:56:30.3510113Z Reading package lists...
2025-08-19T08:56:30.3830619Z Reading package lists...
2025-08-19T08:56:30.5393882Z Building dependency tree...
2025-08-19T08:56:30.5401651Z Reading state information...
2025-08-19T08:56:30.6867507Z Suggested packages:
2025-08-19T08:56:30.6867831Z   postgresql-doc
2025-08-19T08:56:30.7109588Z The following NEW packages will be installed:
2025-08-19T08:56:30.7110332Z   postgresql
2025-08-19T08:56:30.7274197Z 0 upgraded, 1 newly installed, 0 to remove and 39 not upgraded.
2025-08-19T08:56:30.7274923Z Need to get 11.6 kB of archives.
2025-08-19T08:56:30.7275654Z After this operation, 17.4 kB of additional disk space will be used.
2025-08-19T08:56:30.7276158Z Get:1 file:/etc/apt/apt-mirrors.txt Mirrorlist [144 B]
2025-08-19T08:56:30.8081292Z Get:2 http://azure.archive.ubuntu.com/ubuntu noble-updates/main amd64 postgresql all 16+257build1.1 [11.6 kB]
2025-08-19T08:56:31.0524245Z Fetched 11.6 kB in 0s (128 kB/s)
2025-08-19T08:56:31.0780569Z Selecting previously unselected package postgresql.
2025-08-19T08:56:31.1223383Z (Reading database ... 
2025-08-19T08:56:31.1223972Z (Reading database ... 5%
2025-08-19T08:56:31.1224455Z (Reading database ... 10%
2025-08-19T08:56:31.1224852Z (Reading database ... 15%
2025-08-19T08:56:31.1225186Z (Reading database ... 20%
2025-08-19T08:56:31.1225441Z (Reading database ... 25%
2025-08-19T08:56:31.1225673Z (Reading database ... 30%
2025-08-19T08:56:31.1225893Z (Reading database ... 35%
2025-08-19T08:56:31.1226365Z (Reading database ... 40%
2025-08-19T08:56:31.1226591Z (Reading database ... 45%
2025-08-19T08:56:31.1226808Z (Reading database ... 50%
2025-08-19T08:56:31.2080845Z (Reading database ... 55%
2025-08-19T08:56:31.3670671Z (Reading database ... 60%
2025-08-19T08:56:31.5829464Z (Reading database ... 65%
2025-08-19T08:56:31.6951667Z (Reading database ... 70%
2025-08-19T08:56:31.7670584Z (Reading database ... 75%
2025-08-19T08:56:32.1196914Z (Reading database ... 80%
2025-08-19T08:56:32.5932227Z (Reading database ... 85%
2025-08-19T08:56:33.1096232Z (Reading database ... 90%
2025-08-19T08:56:33.5609053Z (Reading database ... 95%
2025-08-19T08:56:33.5610019Z (Reading database ... 100%
2025-08-19T08:56:33.5610608Z (Reading database ... 219881 files and directories currently installed.)
2025-08-19T08:56:33.5654327Z Preparing to unpack .../postgresql_16+257build1.1_all.deb ...
2025-08-19T08:56:33.5689899Z Unpacking postgresql (16+257build1.1) ...
2025-08-19T08:56:33.6054827Z Setting up postgresql (16+257build1.1) ...
2025-08-19T08:56:34.5807835Z 
2025-08-19T08:56:34.5808454Z Running kernel seems to be up-to-date.
2025-08-19T08:56:34.5808831Z 
2025-08-19T08:56:34.5809014Z Restarting services...
2025-08-19T08:56:34.5875372Z 
2025-08-19T08:56:34.5875832Z Service restarts being deferred:
2025-08-19T08:56:34.5877890Z  systemctl restart hosted-compute-agent.service
2025-08-19T08:56:34.5878292Z 
2025-08-19T08:56:34.5878524Z No containers need to be restarted.
2025-08-19T08:56:34.5878725Z 
2025-08-19T08:56:34.5878912Z No user sessions are running outdated binaries.
2025-08-19T08:56:34.5879122Z 
2025-08-19T08:56:34.5879423Z No VM guests are running outdated hypervisor (qemu) binaries on this host.
2025-08-19T08:56:35.3967756Z ##[group]Run for i in {1..30}; do pg_isready -h localhost -p 5432 -U postgres -d awa && break; sleep 1; done
2025-08-19T08:56:35.3968818Z [36;1mfor i in {1..30}; do pg_isready -h localhost -p 5432 -U postgres -d awa && break; sleep 1; done[0m
2025-08-19T08:56:35.4010291Z shell: /usr/bin/bash -e {0}
2025-08-19T08:56:35.4010547Z env:
2025-08-19T08:56:35.4010758Z   REDIS_URL: redis://localhost:6379/0
2025-08-19T08:56:35.4011034Z   RATE_LIMIT_DEFAULT: 100/minute
2025-08-19T08:56:35.4011265Z   TRUST_X_FORWARDED: 1
2025-08-19T08:56:35.4011464Z   PG_USER: postgres
2025-08-19T08:56:35.4011648Z   PG_PASSWORD: pass
2025-08-19T08:56:35.4011830Z   PG_DATABASE: awa
2025-08-19T08:56:35.4012016Z   PG_HOST: localhost
2025-08-19T08:56:35.4012202Z   PG_PORT: 5432
2025-08-19T08:56:35.4012616Z   PG_SYNC_DSN: ***localhost:5432/awa
2025-08-19T08:56:35.4013008Z   PG_ASYNC_DSN: ***localhost:5432/awa
2025-08-19T08:56:35.4013793Z   DATABASE_URL: ***localhost:5432/awa
2025-08-19T08:56:35.4014278Z   DATA_DIR: /tmp/awa-data
2025-08-19T08:56:35.4014635Z   ENABLE_LIVE: 0
2025-08-19T08:56:35.4014952Z   TESTING: 1
2025-08-19T08:56:35.4015380Z   pythonLocation: /opt/hostedtoolcache/Python/3.12.11/x64
2025-08-19T08:56:35.4016063Z   PKG_CONFIG_PATH: /opt/hostedtoolcache/Python/3.12.11/x64/lib/pkgconfig
2025-08-19T08:56:35.4016787Z   Python_ROOT_DIR: /opt/hostedtoolcache/Python/3.12.11/x64
2025-08-19T08:56:35.4017442Z   Python2_ROOT_DIR: /opt/hostedtoolcache/Python/3.12.11/x64
2025-08-19T08:56:35.4018103Z   Python3_ROOT_DIR: /opt/hostedtoolcache/Python/3.12.11/x64
2025-08-19T08:56:35.4018766Z   LD_LIBRARY_PATH: /opt/hostedtoolcache/Python/3.12.11/x64/lib
2025-08-19T08:56:35.4019302Z ##[endgroup]
2025-08-19T08:56:35.4594075Z localhost:5432 - accepting connections
2025-08-19T08:56:35.4627703Z ##[group]Run alembic -c services/api/alembic.ini upgrade head
2025-08-19T08:56:35.4628137Z [36;1malembic -c services/api/alembic.ini upgrade head[0m
2025-08-19T08:56:35.4666529Z shell: /usr/bin/bash -e {0}
2025-08-19T08:56:35.4666756Z env:
2025-08-19T08:56:35.4666956Z   REDIS_URL: redis://localhost:6379/0
2025-08-19T08:56:35.4667225Z   RATE_LIMIT_DEFAULT: 100/minute
2025-08-19T08:56:35.4667453Z   TRUST_X_FORWARDED: 1
2025-08-19T08:56:35.4667650Z   PG_USER: postgres
2025-08-19T08:56:35.4667839Z   PG_PASSWORD: pass
2025-08-19T08:56:35.4668184Z   PG_DATABASE: awa
2025-08-19T08:56:35.4668359Z   PG_HOST: localhost
2025-08-19T08:56:35.4668541Z   PG_PORT: 5432
2025-08-19T08:56:35.4668947Z   PG_SYNC_DSN: ***localhost:5432/awa
2025-08-19T08:56:35.4669358Z   PG_ASYNC_DSN: ***localhost:5432/awa
2025-08-19T08:56:35.4669738Z   DATABASE_URL: ***localhost:5432/awa
2025-08-19T08:56:35.4669972Z   DATA_DIR: /tmp/awa-data
2025-08-19T08:56:35.4670183Z   ENABLE_LIVE: 0
2025-08-19T08:56:35.4670385Z   TESTING: 1
2025-08-19T08:56:35.4670621Z   pythonLocation: /opt/hostedtoolcache/Python/3.12.11/x64
2025-08-19T08:56:35.4671015Z   PKG_CONFIG_PATH: /opt/hostedtoolcache/Python/3.12.11/x64/lib/pkgconfig
2025-08-19T08:56:35.4671407Z   Python_ROOT_DIR: /opt/hostedtoolcache/Python/3.12.11/x64
2025-08-19T08:56:35.4671757Z   Python2_ROOT_DIR: /opt/hostedtoolcache/Python/3.12.11/x64
2025-08-19T08:56:35.4672105Z   Python3_ROOT_DIR: /opt/hostedtoolcache/Python/3.12.11/x64
2025-08-19T08:56:35.4672457Z   LD_LIBRARY_PATH: /opt/hostedtoolcache/Python/3.12.11/x64/lib
2025-08-19T08:56:35.4672762Z   POSTGRES_USER: postgres
2025-08-19T08:56:35.4672968Z   POSTGRES_PASSWORD: pass
2025-08-19T08:56:35.4673394Z   POSTGRES_DB: awa
2025-08-19T08:56:35.4673581Z ##[endgroup]
2025-08-19T08:56:36.0679096Z INFO  [alembic.runtime.migration] Context impl PostgresqlImpl.
2025-08-19T08:56:36.0679694Z INFO  [alembic.runtime.migration] Will assume transactional DDL.
2025-08-19T08:56:36.0851798Z INFO  [alembic.runtime.migration] Running upgrade  -> 0001_baseline
2025-08-19T08:56:36.0993638Z INFO  [alembic.runtime.migration] Running upgrade 0001_baseline -> 0002_create_roi_view
2025-08-19T08:56:36.1019920Z INFO  [alembic.runtime.migration] Running upgrade 0002_create_roi_view -> 3e9d5c5aff2c
2025-08-19T08:56:36.1183616Z INFO  [alembic.runtime.migration] Running upgrade 3e9d5c5aff2c -> 0003_vendor_prices
2025-08-19T08:56:36.1323852Z INFO  [alembic.runtime.migration] Running upgrade 0003_vendor_prices -> 0004_fee_cron
2025-08-19T08:56:36.1396284Z INFO  [alembic.runtime.migration] Running upgrade 0004_fee_cron -> 0006_fix_roi_views
2025-08-19T08:56:36.1429932Z INFO  [alembic.runtime.migration] Running upgrade 0006_fix_roi_views -> 0020_unified_schema
2025-08-19T08:56:36.1538776Z INFO  [alembic.runtime.migration] Running upgrade 0020_unified_schema -> 0022_fix_roi_view
2025-08-19T08:56:36.1608328Z INFO  [alembic.runtime.migration] Running upgrade 0022_fix_roi_view -> 0023_add_storage_fee
2025-08-19T08:56:36.1646009Z INFO  [alembic.runtime.migration] Running upgrade 0023_add_storage_fee -> 0024_create_buybox
2025-08-19T08:56:36.1669158Z INFO  [alembic.runtime.migration] Running upgrade 0024_create_buybox -> 0025_pr4_indexes_loadlog
2025-08-19T08:56:36.1872558Z INFO  [alembic.runtime.migration] Running upgrade 0025_pr4_indexes_loadlog -> 0026_amazon_new_reports
2025-08-19T08:56:36.2808282Z ##[group]Run pytest -q --cov=services
2025-08-19T08:56:36.2808622Z [36;1mpytest -q --cov=services[0m
2025-08-19T08:56:36.2849541Z shell: /usr/bin/bash -e {0}
2025-08-19T08:56:36.2849769Z env:
2025-08-19T08:56:36.2849979Z   REDIS_URL: redis://localhost:6379/0
2025-08-19T08:56:36.2850258Z   RATE_LIMIT_DEFAULT: 100/minute
2025-08-19T08:56:36.2850486Z   TRUST_X_FORWARDED: 1
2025-08-19T08:56:36.2850681Z   PG_USER: postgres
2025-08-19T08:56:36.2850873Z   PG_PASSWORD: pass
2025-08-19T08:56:36.2851058Z   PG_DATABASE: awa
2025-08-19T08:56:36.2851242Z   PG_HOST: localhost
2025-08-19T08:56:36.2851428Z   PG_PORT: 5432
2025-08-19T08:56:36.2851834Z   PG_SYNC_DSN: ***localhost:5432/awa
2025-08-19T08:56:36.2852235Z   PG_ASYNC_DSN: ***localhost:5432/awa
2025-08-19T08:56:36.2852613Z   DATABASE_URL: ***localhost:5432/awa
2025-08-19T08:56:36.2852867Z   DATA_DIR: /home/runner/work/_temp/awa-data
2025-08-19T08:56:36.2853346Z   ENABLE_LIVE: 0
2025-08-19T08:56:36.2853573Z   TESTING: 1
2025-08-19T08:56:36.2853854Z   pythonLocation: /opt/hostedtoolcache/Python/3.12.11/x64
2025-08-19T08:56:36.2854251Z   PKG_CONFIG_PATH: /opt/hostedtoolcache/Python/3.12.11/x64/lib/pkgconfig
2025-08-19T08:56:36.2854640Z   Python_ROOT_DIR: /opt/hostedtoolcache/Python/3.12.11/x64
2025-08-19T08:56:36.2855235Z   Python2_ROOT_DIR: /opt/hostedtoolcache/Python/3.12.11/x64
2025-08-19T08:56:36.2855613Z   Python3_ROOT_DIR: /opt/hostedtoolcache/Python/3.12.11/x64
2025-08-19T08:56:36.2855972Z   LD_LIBRARY_PATH: /opt/hostedtoolcache/Python/3.12.11/x64/lib
2025-08-19T08:56:36.2856274Z   POSTGRES_USER: postgres
2025-08-19T08:56:36.2856489Z   POSTGRES_PASSWORD: pass
2025-08-19T08:56:36.2856688Z   POSTGRES_DB: awa
2025-08-19T08:56:36.2856866Z   LLM_PROVIDER: lan
2025-08-19T08:56:36.2857078Z   LLM_BASE_URL: http://localhost:8000
2025-08-19T08:56:36.2857319Z ##[endgroup]
2025-08-19T08:57:06.2160653Z ........s.............................sssssss........................... [ 45%]
2025-08-19T08:57:38.2227040Z ........................................................................ [ 91%]
2025-08-19T08:57:39.2781507Z .............                                                            [100%]
2025-08-19T08:57:39.2782443Z =============================== warnings summary ===============================
2025-08-19T08:57:39.2782991Z services/alert_bot/tests/test_smoke.py:5
2025-08-19T08:57:39.2785544Z   /home/runner/work/AWA-App/AWA-App/services/alert_bot/tests/test_smoke.py:5: UserWarning: pkg_resources is deprecated as an API. See https://setuptools.pypa.io/en/latest/pkg_resources.html. The pkg_resources package is slated for removal as early as 2025-11-30. Refrain from using this package or pin to Setuptools<81.
2025-08-19T08:57:39.2787090Z     import pkg_resources  # noqa: F401
2025-08-19T08:57:39.2787323Z 
2025-08-19T08:57:39.2787551Z tests/api/test_ingest_endpoints.py: 12 warnings
2025-08-19T08:57:39.2788016Z tests/ingest/test_tasks_eager.py: 3 warnings
2025-08-19T08:57:39.2788423Z tests/test_api_fast.py: 1 warning
2025-08-19T08:57:39.2788824Z tests/test_health.py: 5 warnings
2025-08-19T08:57:39.2789192Z tests/test_smoke.py: 5 warnings
2025-08-19T08:57:39.2789571Z services/api/tests/test_cors.py: 1 warning
2025-08-19T08:57:39.2789941Z services/api/tests/test_errors_json.py: 2 warnings
2025-08-19T08:57:39.2790319Z services/api/tests/test_health.py: 1 warning
2025-08-19T08:57:39.2790685Z services/api/tests/test_rate_limit.py: 122 warnings
2025-08-19T08:57:39.2791049Z services/api/tests/test_sentry_event.py: 1 warning
2025-08-19T08:57:39.2791486Z Sentry is attempting to send 0 pending events
2025-08-19T08:57:39.2791791Z Waiting up to True seconds
2025-08-19T08:57:39.2792021Z Press Ctrl-C to quit
2025-08-19T08:57:39.2794074Z   /opt/hostedtoolcache/Python/3.12.11/x64/lib/python3.12/site-packages/asgi_correlation_id/extensions/sentry.py:27: DeprecationWarning: sentry_sdk.configure_scope is deprecated and will be removed in the next major version. Please consult our migration guide to learn how to migrate to the new API: https://docs.sentry.io/platforms/python/migration/1.x-to-2.x#scope-configuring
2025-08-19T08:57:39.2795463Z     with configure_scope() as scope:
2025-08-19T08:57:39.2795637Z 
2025-08-19T08:57:39.2795811Z tests/api/test_ingest_endpoints.py: 3 warnings
2025-08-19T08:57:39.2796129Z tests/test_api_fast.py: 1 warning
2025-08-19T08:57:39.2796416Z tests/test_health.py: 5 warnings
2025-08-19T08:57:39.2796690Z tests/test_smoke.py: 5 warnings
2025-08-19T08:57:39.2796983Z services/api/tests/test_cors.py: 3 warnings
2025-08-19T08:57:39.2797328Z services/api/tests/test_errors_json.py: 2 warnings
2025-08-19T08:57:39.2797675Z services/api/tests/test_health.py: 1 warning
2025-08-19T08:57:39.2798021Z services/api/tests/test_rate_limit.py: 2 warnings
2025-08-19T08:57:39.2798379Z services/api/tests/test_sentry_event.py: 1 warning
2025-08-19T08:57:39.2799307Z   /opt/hostedtoolcache/Python/3.12.11/x64/lib/python3.12/site-packages/fastapi_limiter/__init__.py:89: DeprecationWarning: Call to deprecated close. (Use aclose() instead) -- Deprecated since version 5.0.1.
2025-08-19T08:57:39.2800091Z     await cls.redis.close()
2025-08-19T08:57:39.2800233Z 
2025-08-19T08:57:39.2800430Z tests/test_api_fast.py::test_health_endpoint
2025-08-19T08:57:39.2801528Z   /home/runner/work/AWA-App/AWA-App/tests/test_api_fast.py:13: DeprecationWarning: datetime.datetime.utcnow() is deprecated and scheduled for removal in a future version. Use timezone-aware objects to represent datetimes in UTC: datetime.datetime.now(datetime.UTC).
2025-08-19T08:57:39.2802691Z     return datetime.datetime.utcnow()
2025-08-19T08:57:39.2802870Z 
2025-08-19T08:57:39.2803003Z tests/test_api_fast.py: 1 warning
2025-08-19T08:57:39.2803416Z tests/test_health.py: 5 warnings
2025-08-19T08:57:39.2803689Z tests/test_smoke.py: 5 warnings
2025-08-19T08:57:39.2803972Z services/api/tests/test_cors.py: 1 warning
2025-08-19T08:57:39.2804315Z services/api/tests/test_health.py: 1 warning
2025-08-19T08:57:39.2804669Z services/api/tests/test_rate_limit.py: 102 warnings
2025-08-19T08:57:39.2805824Z   /home/runner/work/AWA-App/AWA-App/services/api/routes/health.py:24: DeprecationWarning: datetime.datetime.utcnow() is deprecated and scheduled for removal in a future version. Use timezone-aware objects to represent datetimes in UTC: datetime.datetime.now(datetime.UTC).
2025-08-19T08:57:39.2806898Z     app_now = datetime.utcnow().replace(tzinfo=timezone.utc)
2025-08-19T08:57:39.2807127Z 
2025-08-19T08:57:39.2807263Z tests/test_health.py::test_health[0]
2025-08-19T08:57:39.2807558Z tests/test_health.py::test_health[1]
2025-08-19T08:57:39.2807842Z tests/test_health.py::test_health[2]
2025-08-19T08:57:39.2808121Z tests/test_health.py::test_health[3]
2025-08-19T08:57:39.2808420Z tests/test_health.py::test_health[4]
2025-08-19T08:57:39.2809487Z   /home/runner/work/AWA-App/AWA-App/tests/test_health.py:22: DeprecationWarning: datetime.datetime.utcnow() is deprecated and scheduled for removal in a future version. Use timezone-aware objects to represent datetimes in UTC: datetime.datetime.now(datetime.UTC).
2025-08-19T08:57:39.2810473Z     return datetime.datetime.utcnow()
2025-08-19T08:57:39.2810643Z 
2025-08-19T08:57:39.2810779Z tests/test_smoke.py::test_health[0]
2025-08-19T08:57:39.2811067Z tests/test_smoke.py::test_health[1]
2025-08-19T08:57:39.2811347Z tests/test_smoke.py::test_health[2]
2025-08-19T08:57:39.2811627Z tests/test_smoke.py::test_health[3]
2025-08-19T08:57:39.2811893Z tests/test_smoke.py::test_health[4]
2025-08-19T08:57:39.2812944Z   /home/runner/work/AWA-App/AWA-App/tests/test_smoke.py:32: DeprecationWarning: datetime.datetime.utcnow() is deprecated and scheduled for removal in a future version. Use timezone-aware objects to represent datetimes in UTC: datetime.datetime.now(datetime.UTC).
2025-08-19T08:57:39.2814011Z     return datetime.datetime.utcnow()
2025-08-19T08:57:39.2814186Z 
2025-08-19T08:57:39.2814409Z services/api/tests/test_cors.py::test_cors_simple_get_allowed
2025-08-19T08:57:39.2815747Z   /home/runner/work/AWA-App/AWA-App/services/api/tests/test_cors.py:27: DeprecationWarning: datetime.datetime.utcnow() is deprecated and scheduled for removal in a future version. Use timezone-aware objects to represent datetimes in UTC: datetime.datetime.now(datetime.UTC).
2025-08-19T08:57:39.2816783Z     return datetime.datetime.utcnow()
2025-08-19T08:57:39.2816956Z 
2025-08-19T08:57:39.2817154Z services/api/tests/test_health.py::test_health_route
2025-08-19T08:57:39.2818322Z   /home/runner/work/AWA-App/AWA-App/services/api/tests/test_health.py:14: DeprecationWarning: datetime.datetime.utcnow() is deprecated and scheduled for removal in a future version. Use timezone-aware objects to represent datetimes in UTC: datetime.datetime.now(datetime.UTC).
2025-08-19T08:57:39.2819349Z     return datetime.datetime.utcnow()
2025-08-19T08:57:39.2819518Z 
2025-08-19T08:57:39.2819698Z services/api/tests/test_rate_limit.py: 102 warnings
2025-08-19T08:57:39.2820875Z   /home/runner/work/AWA-App/AWA-App/services/api/tests/test_rate_limit.py:33: DeprecationWarning: datetime.datetime.utcnow() is deprecated and scheduled for removal in a future version. Use timezone-aware objects to represent datetimes in UTC: datetime.datetime.now(datetime.UTC).
2025-08-19T08:57:39.2821905Z     return datetime.datetime.utcnow()
2025-08-19T08:57:39.2822203Z 
2025-08-19T08:57:39.2822538Z services/api/tests/test_sentry_event.py::test_unhandled_exception_is_captured_and_tagged
2025-08-19T08:57:39.2824436Z   /home/runner/work/AWA-App/AWA-App/services/api/tests/test_sentry_event.py:47: SentryHubDeprecationWarning: `sentry_sdk.Hub` is deprecated and will be removed in a future major release. Please consult our 1.x to 2.x migration guide for details on how to migrate `Hub` usage to the new API: https://docs.sentry.io/platforms/python/migration/1.x-to-2.x
2025-08-19T08:57:39.2825632Z     hub = sentry_sdk.Hub.current
2025-08-19T08:57:39.2825792Z 
2025-08-19T08:57:39.2826056Z -- Docs: https://docs.pytest.org/en/stable/how-to/capture-warnings.html
2025-08-19T08:57:39.2826528Z ================================ tests coverage ================================
2025-08-19T08:57:39.2826989Z _______________ coverage: platform linux, python 3.12.11-final-0 _______________
2025-08-19T08:57:39.2827247Z 
2025-08-19T08:57:39.2827401Z Coverage XML written to file coverage.xml
2025-08-19T08:57:39.2827830Z FAIL Required test coverage of 65% not reached. Total coverage: 64.84%
2025-08-19T08:57:39.6708610Z ##[group]Run echo "::group::postgres container logs"
2025-08-19T08:57:39.6708989Z [36;1mecho "::group::postgres container logs"[0m
2025-08-19T08:57:39.6709449Z [36;1mdocker logs 79cea971f570de8c3f7371dd45ad51fe185125ca95d1918848f255891ec2e94b --tail 200[0m
2025-08-19T08:57:39.6709894Z [36;1mecho "::endgroup::"[0m
2025-08-19T08:57:39.6751444Z shell: /usr/bin/bash -e {0}
2025-08-19T08:57:39.6751674Z env:
2025-08-19T08:57:39.6751881Z   REDIS_URL: redis://localhost:6379/0
2025-08-19T08:57:39.6752141Z   RATE_LIMIT_DEFAULT: 100/minute
2025-08-19T08:57:39.6752360Z   TRUST_X_FORWARDED: 1
2025-08-19T08:57:39.6752557Z   PG_USER: postgres
2025-08-19T08:57:39.6752751Z   PG_PASSWORD: pass
2025-08-19T08:57:39.6752936Z   PG_DATABASE: awa
2025-08-19T08:57:39.6753519Z   PG_HOST: localhost
2025-08-19T08:57:39.6753716Z   PG_PORT: 5432
2025-08-19T08:57:39.6754144Z   PG_SYNC_DSN: ***localhost:5432/awa
2025-08-19T08:57:39.6754563Z   PG_ASYNC_DSN: ***localhost:5432/awa
2025-08-19T08:57:39.6754998Z   DATABASE_URL: ***localhost:5432/awa
2025-08-19T08:57:39.6755239Z   DATA_DIR: /tmp/awa-data
2025-08-19T08:57:39.6755446Z   ENABLE_LIVE: 0
2025-08-19T08:57:39.6755628Z   TESTING: 1
2025-08-19T08:57:39.6755874Z   pythonLocation: /opt/hostedtoolcache/Python/3.12.11/x64
2025-08-19T08:57:39.6756282Z   PKG_CONFIG_PATH: /opt/hostedtoolcache/Python/3.12.11/x64/lib/pkgconfig
2025-08-19T08:57:39.6756675Z   Python_ROOT_DIR: /opt/hostedtoolcache/Python/3.12.11/x64
2025-08-19T08:57:39.6757025Z   Python2_ROOT_DIR: /opt/hostedtoolcache/Python/3.12.11/x64
2025-08-19T08:57:39.6757380Z   Python3_ROOT_DIR: /opt/hostedtoolcache/Python/3.12.11/x64
2025-08-19T08:57:39.6757739Z   LD_LIBRARY_PATH: /opt/hostedtoolcache/Python/3.12.11/x64/lib
2025-08-19T08:57:39.6758034Z ##[endgroup]
2025-08-19T08:57:39.6815974Z ##[group]postgres container logs
2025-08-19T08:57:39.6930817Z The files belonging to this database system will be owned by user "postgres".
2025-08-19T08:57:39.6931630Z This user must also own the server process.
2025-08-19T08:57:39.6932011Z 
2025-08-19T08:57:39.6932462Z The database cluster will be initialized with locale "en_US.utf8".
2025-08-19T08:57:39.6933486Z The default database encoding has accordingly been set to "UTF8".
2025-08-19T08:57:39.6934347Z The default text search configuration will be set to "english".
2025-08-19T08:57:39.6934623Z 
2025-08-19T08:57:39.6934775Z Data page checksums are disabled.
2025-08-19T08:57:39.6934954Z 
2025-08-19T08:57:39.6935230Z fixing permissions on existing directory /var/lib/postgresql/data ... ok
2025-08-19T08:57:39.6935637Z creating subdirectories ... ok
2025-08-19T08:57:39.6936007Z selecting dynamic shared memory implementation ... posix
2025-08-19T08:57:39.6936382Z selecting default max_connections ... 100
2025-08-19T08:57:39.6936706Z selecting default shared_buffers ... 128MB
2025-08-19T08:57:39.6937019Z selecting default time zone ... Etc/UTC
2025-08-19T08:57:39.6937517Z initdb: warning: enabling "trust" authentication for local connections
2025-08-19T08:57:39.6938561Z initdb: hint: You can change this by editing pg_hba.conf or using the option -A, or --auth-local and --auth-host, the next time you run initdb.
2025-08-19T08:57:39.6939596Z 2025-08-19 08:55:03.420 UTC [1] LOG:  starting PostgreSQL 15.14 (Debian 15.14-1.pgdg13+1) on x86_64-pc-linux-gnu, compiled by gcc (Debian 14.2.0-19) 14.2.0, 64-bit
2025-08-19T08:57:39.6940322Z 2025-08-19 08:55:03.420 UTC [1] LOG:  listening on IPv4 address "0.0.0.0", port 5432
2025-08-19T08:57:39.6940853Z 2025-08-19 08:55:03.420 UTC [1] LOG:  listening on IPv6 address "::", port 5432
2025-08-19T08:57:39.6941412Z 2025-08-19 08:55:03.421 UTC [1] LOG:  listening on Unix socket "/var/run/postgresql/.s.PGSQL.5432"
2025-08-19T08:57:39.6942009Z 2025-08-19 08:55:03.424 UTC [65] LOG:  database system was shut down at 2025-08-19 08:55:03 UTC
2025-08-19T08:57:39.6942542Z 2025-08-19 08:55:03.428 UTC [1] LOG:  database system is ready to accept connections
2025-08-19T08:57:39.6942928Z creating configuration files ... ok
2025-08-19T08:57:39.6943655Z running bootstrap script ... ok
2025-08-19T08:57:39.6944028Z performing post-bootstrap initialization ... ok
2025-08-19T08:57:39.6944387Z syncing data to disk ... ok
2025-08-19T08:57:39.6944657Z 
2025-08-19T08:57:39.6944667Z 
2025-08-19T08:57:39.6945028Z Success. You can now start the database server using:
2025-08-19T08:57:39.6945435Z 
2025-08-19T08:57:39.6945724Z     pg_ctl -D /var/lib/postgresql/data -l logfile start
2025-08-19T08:57:39.6946140Z 
2025-08-19T08:57:39.6947401Z waiting for server to start....2025-08-19 08:55:03.117 UTC [49] LOG:  starting PostgreSQL 15.14 (Debian 15.14-1.pgdg13+1) on x86_64-pc-linux-gnu, compiled by gcc (Debian 14.2.0-19) 14.2.0, 64-bit
2025-08-19T08:57:39.6948798Z 2025-08-19 08:55:03.118 UTC [49] LOG:  listening on Unix socket "/var/run/postgresql/.s.PGSQL.5432"
2025-08-19T08:57:39.6949429Z 2025-08-19 08:55:03.121 UTC [52] LOG:  database system was shut down at 2025-08-19 08:55:03 UTC
2025-08-19T08:57:39.6949995Z 2025-08-19 08:55:03.124 UTC [49] LOG:  database system is ready to accept connections
2025-08-19T08:57:39.6950348Z  done
2025-08-19T08:57:39.6950519Z server started
2025-08-19T08:57:39.6950703Z CREATE DATABASE
2025-08-19T08:57:39.6950812Z 
2025-08-19T08:57:39.6950824Z 
2025-08-19T08:57:39.6951127Z /usr/local/bin/docker-entrypoint.sh: ignoring /docker-entrypoint-initdb.d/*
2025-08-19T08:57:39.6951437Z 
2025-08-19T08:57:39.6951661Z 2025-08-19 08:55:03.301 UTC [49] LOG:  received fast shutdown request
2025-08-19T08:57:39.6952240Z waiting for server to shut down....2025-08-19 08:55:03.302 UTC [49] LOG:  aborting any active transactions
2025-08-19T08:57:39.6952967Z 2025-08-19 08:55:03.304 UTC [49] LOG:  background worker "logical replication launcher" (PID 55) exited with exit code 1
2025-08-19T08:57:39.6953720Z 2025-08-19 08:55:03.304 UTC [50] LOG:  shutting down
2025-08-19T08:57:39.6954163Z 2025-08-19 08:55:03.304 UTC [50] LOG:  checkpoint starting: shutdown immediate
2025-08-19T08:57:39.6955252Z 2025-08-19 08:55:03.321 UTC [50] LOG:  checkpoint complete: wrote 922 buffers (5.6%); 0 WAL file(s) added, 0 removed, 0 recycled; write=0.013 s, sync=0.003 s, total=0.018 s; sync files=301, longest=0.001 s, average=0.001 s; distance=4239 kB, estimate=4239 kB
2025-08-19T08:57:39.6956127Z 2025-08-19 08:55:03.327 UTC [49] LOG:  database system is shut down
2025-08-19T08:57:39.6956421Z  done
2025-08-19T08:57:39.6956587Z server stopped
2025-08-19T08:57:39.6956695Z 
2025-08-19T08:57:39.6956893Z PostgreSQL init process complete; ready for start up.
2025-08-19T08:57:39.6957103Z 
2025-08-19T08:57:39.6957367Z ##[endgroup]
2025-08-19T08:57:39.6994568Z Post job cleanup.
2025-08-19T08:57:39.9266451Z Post job cleanup.
2025-08-19T08:57:40.0734243Z [command]/usr/bin/tar --posix -cf cache.tzst --exclude cache.tzst -P -C /home/runner/work/AWA-App/AWA-App --files-from manifest.txt --use-compress-program zstdmt
2025-08-19T08:57:41.8904781Z Sent 0 of 333753991 (0.0%), 0.0 MBs/sec
2025-08-19T08:57:42.8914821Z Sent 199536263 of 333753991 (59.8%), 95.1 MBs/sec
2025-08-19T08:57:43.2280335Z Sent 333753991 of 333753991 (100.0%), 136.1 MBs/sec
2025-08-19T08:57:43.3792249Z Cache saved with key: Linux-test-5e711acf40f5252f84577ca397f83ab64fb9d7dad68b245c8525eecd4c9b10ee
2025-08-19T08:57:43.3909159Z Post job cleanup.
2025-08-19T08:57:43.5589632Z [command]/usr/bin/tar --posix -cf cache.tzst --exclude cache.tzst -P -C /home/runner/work/AWA-App/AWA-App --files-from manifest.txt --use-compress-program zstdmt
2025-08-19T08:57:45.3284309Z Sent 0 of 333749074 (0.0%), 0.0 MBs/sec
2025-08-19T08:57:46.3278392Z Sent 132422482 of 333749074 (39.7%), 63.2 MBs/sec
2025-08-19T08:57:46.7430264Z Sent 333749074 of 333749074 (100.0%), 131.9 MBs/sec
2025-08-19T08:57:47.0022318Z Cache saved with the key: setup-python-Linux-x64-24.04-Ubuntu-python-3.12.11-pip-1e3bc7ba25bac47764d864e42cbf81e77f47563fc643eff52b873091f8e10ecf
2025-08-19T08:57:47.0154713Z Post job cleanup.
2025-08-19T08:57:47.1099470Z [command]/usr/bin/git version
2025-08-19T08:57:47.1139471Z git version 2.50.1
2025-08-19T08:57:47.1191081Z Temporarily overriding HOME='/home/runner/work/_temp/5e2b7ace-6582-4e44-9d03-a7e964af0fcc' before making global git config changes
2025-08-19T08:57:47.1192612Z Adding repository directory to the temporary git global config as a safe directory
2025-08-19T08:57:47.1196961Z [command]/usr/bin/git config --global --add safe.directory /home/runner/work/AWA-App/AWA-App
2025-08-19T08:57:47.1232458Z [command]/usr/bin/git config --local --name-only --get-regexp core\.sshCommand
2025-08-19T08:57:47.1268454Z [command]/usr/bin/git submodule foreach --recursive sh -c "git config --local --name-only --get-regexp 'core\.sshCommand' && git config --local --unset-all 'core.sshCommand' || :"
2025-08-19T08:57:47.1501164Z [command]/usr/bin/git config --local --name-only --get-regexp http\.https\:\/\/github\.com\/\.extraheader
2025-08-19T08:57:47.1521354Z http.https://github.com/.extraheader
2025-08-19T08:57:47.1533960Z [command]/usr/bin/git config --local --unset-all http.https://github.com/.extraheader
2025-08-19T08:57:47.1564613Z [command]/usr/bin/git submodule foreach --recursive sh -c "git config --local --name-only --get-regexp 'http\.https\:\/\/github\.com\/\.extraheader' && git config --local --unset-all 'http.https://github.com/.extraheader' || :"
2025-08-19T08:57:47.1873630Z Print service container logs: 33b2f7f76c4747189d0cfd387c2cd996_postgres15_dfae29
2025-08-19T08:57:47.1877980Z ##[command]/usr/bin/docker logs --details 79cea971f570de8c3f7371dd45ad51fe185125ca95d1918848f255891ec2e94b
2025-08-19T08:57:47.2008315Z  The files belonging to this database system will be owned by user "postgres".
2025-08-19T08:57:47.2009976Z  initdb: warning: enabling "trust" authentication for local connections
2025-08-19T08:57:47.2011103Z  initdb: hint: You can change this by editing pg_hba.conf or using the option -A, or --auth-local and --auth-host, the next time you run initdb.
2025-08-19T08:57:47.2012093Z  This user must also own the server process.
2025-08-19T08:57:47.2012542Z  
2025-08-19T08:57:47.2012992Z  The database cluster will be initialized with locale "en_US.utf8".
2025-08-19T08:57:47.2013911Z  The default database encoding has accordingly been set to "UTF8".
2025-08-19T08:57:47.2014619Z  The default text search configuration will be set to "english".
2025-08-19T08:57:47.2015182Z  
2025-08-19T08:57:47.2015497Z  Data page checksums are disabled.
2025-08-19T08:57:47.2015892Z  
2025-08-19T08:57:47.2016373Z  fixing permissions on existing directory /var/lib/postgresql/data ... ok
2025-08-19T08:57:47.2017013Z  creating subdirectories ... ok
2025-08-19T08:57:47.2017527Z  selecting dynamic shared memory implementation ... posix
2025-08-19T08:57:47.2018086Z  selecting default max_connections ... 100
2025-08-19T08:57:47.2018575Z  selecting default shared_buffers ... 128MB
2025-08-19T08:57:47.2019047Z  selecting default time zone ... Etc/UTC
2025-08-19T08:57:47.2019504Z  creating configuration files ... ok
2025-08-19T08:57:47.2019954Z  running bootstrap script ... ok
2025-08-19T08:57:47.2020432Z  performing post-bootstrap initialization ... ok
2025-08-19T08:57:47.2020929Z  syncing data to disk ... ok
2025-08-19T08:57:47.2021582Z  
2025-08-19T08:57:47.2021853Z  
2025-08-19T08:57:47.2022219Z  Success. You can now start the database server using:
2025-08-19T08:57:47.2022712Z  
2025-08-19T08:57:47.2023224Z      pg_ctl -D /var/lib/postgresql/data -l logfile start
2025-08-19T08:57:47.2023711Z  
2025-08-19T08:57:47.2024594Z  waiting for server to start....2025-08-19 08:55:03.117 UTC [49] LOG:  starting PostgreSQL 15.14 (Debian 15.14-1.pgdg13+1) on x86_64-pc-linux-gnu, compiled by gcc (Debian 14.2.0-19) 14.2.0, 64-bit
2025-08-19T08:57:47.2025797Z  2025-08-19 08:55:03.118 UTC [49] LOG:  listening on Unix socket "/var/run/postgresql/.s.PGSQL.5432"
2025-08-19T08:57:47.2026661Z  2025-08-19 08:55:03.121 UTC [52] LOG:  database system was shut down at 2025-08-19 08:55:03 UTC
2025-08-19T08:57:47.2027438Z  2025-08-19 08:55:03.124 UTC [49] LOG:  database system is ready to accept connections
2025-08-19T08:57:47.2028189Z   done
2025-08-19T08:57:47.2028496Z  server started
2025-08-19T08:57:47.2028821Z  CREATE DATABASE
2025-08-19T08:57:47.2029124Z  
2025-08-19T08:57:47.2029382Z  
2025-08-19T08:57:47.2029807Z  /usr/local/bin/docker-entrypoint.sh: ignoring /docker-entrypoint-initdb.d/*
2025-08-19T08:57:47.2030211Z  
2025-08-19T08:57:47.2030456Z  2025-08-19 08:55:03.301 UTC [49] LOG:  received fast shutdown request
2025-08-19T08:57:47.2031084Z  2025-08-19 08:55:03.420 UTC [1] LOG:  starting PostgreSQL 15.14 (Debian 15.14-1.pgdg13+1) on x86_64-pc-linux-gnu, compiled by gcc (Debian 14.2.0-19) 14.2.0, 64-bit
2025-08-19T08:57:47.2031717Z  2025-08-19 08:55:03.420 UTC [1] LOG:  listening on IPv4 address "0.0.0.0", port 5432
2025-08-19T08:57:47.2032140Z  2025-08-19 08:55:03.420 UTC [1] LOG:  listening on IPv6 address "::", port 5432
2025-08-19T08:57:47.2032602Z  2025-08-19 08:55:03.421 UTC [1] LOG:  listening on Unix socket "/var/run/postgresql/.s.PGSQL.5432"
2025-08-19T08:57:47.2033294Z  2025-08-19 08:55:03.424 UTC [65] LOG:  database system was shut down at 2025-08-19 08:55:03 UTC
2025-08-19T08:57:47.2033775Z  2025-08-19 08:55:03.428 UTC [1] LOG:  database system is ready to accept connections
2025-08-19T08:57:47.2034476Z  waiting for server to shut down....2025-08-19 08:55:03.302 UTC [49] LOG:  aborting any active transactions
2025-08-19T08:57:47.2035103Z  2025-08-19 08:55:03.304 UTC [49] LOG:  background worker "logical replication launcher" (PID 55) exited with exit code 1
2025-08-19T08:57:47.2035575Z  2025-08-19 08:55:03.304 UTC [50] LOG:  shutting down
2025-08-19T08:57:47.2035933Z  2025-08-19 08:55:03.304 UTC [50] LOG:  checkpoint starting: shutdown immediate
2025-08-19T08:57:47.2036751Z  2025-08-19 08:55:03.321 UTC [50] LOG:  checkpoint complete: wrote 922 buffers (5.6%); 0 WAL file(s) added, 0 removed, 0 recycled; write=0.013 s, sync=0.003 s, total=0.018 s; sync files=301, longest=0.001 s, average=0.001 s; distance=4239 kB, estimate=4239 kB
2025-08-19T08:57:47.2037551Z  2025-08-19 08:55:03.327 UTC [49] LOG:  database system is shut down
2025-08-19T08:57:47.2037844Z   done
2025-08-19T08:57:47.2038026Z  server stopped
2025-08-19T08:57:47.2038225Z  
2025-08-19T08:57:47.2038452Z  PostgreSQL init process complete; ready for start up.
2025-08-19T08:57:47.2038733Z  
2025-08-19T08:57:47.2044427Z Stop and remove container: 33b2f7f76c4747189d0cfd387c2cd996_postgres15_dfae29
2025-08-19T08:57:47.2048782Z ##[command]/usr/bin/docker rm --force 79cea971f570de8c3f7371dd45ad51fe185125ca95d1918848f255891ec2e94b
2025-08-19T08:57:47.3262224Z 79cea971f570de8c3f7371dd45ad51fe185125ca95d1918848f255891ec2e94b
2025-08-19T08:57:47.3284331Z Print service container logs: 21f0b910ba734ba3a5865b75109cdd67_redis7alpine_f6c411
2025-08-19T08:57:47.3285371Z ##[command]/usr/bin/docker logs --details 815c0d8d281317379ab44590e294a7c95d3d78a580d34ca45e81d09e1fbc1cea
2025-08-19T08:57:47.3403761Z  1:C 19 Aug 2025 08:55:04.775 # WARNING Memory overcommit must be enabled! Without it, a background save or replication may fail under low memory condition. Being disabled, it can also cause failures without low memory condition, see https://github.com/jemalloc/jemalloc/issues/1328. To fix this issue add 'vm.overcommit_memory = 1' to /etc/sysctl.conf and then reboot or run the command 'sysctl vm.overcommit_memory=1' for this to take effect.
2025-08-19T08:57:47.3405566Z  1:C 19 Aug 2025 08:55:04.775 * oO0OoO0OoO0Oo Redis is starting oO0OoO0OoO0Oo
2025-08-19T08:57:47.3406069Z  1:C 19 Aug 2025 08:55:04.775 * Redis version=7.4.5, bits=64, commit=00000000, modified=0, pid=1, just started
2025-08-19T08:57:47.3406784Z  1:C 19 Aug 2025 08:55:04.775 # Warning: no config file specified, using the default config. In order to specify a config file use redis-server /path/to/redis.conf
2025-08-19T08:57:47.3407395Z  1:M 19 Aug 2025 08:55:04.776 * monotonic clock: POSIX clock_gettime
2025-08-19T08:57:47.3407761Z  1:M 19 Aug 2025 08:55:04.776 * Running mode=standalone, port=6379.
2025-08-19T08:57:47.3408101Z  1:M 19 Aug 2025 08:55:04.776 * Server initialized
2025-08-19T08:57:47.3408424Z  1:M 19 Aug 2025 08:55:04.776 * Ready to accept connections tcp
2025-08-19T08:57:47.3416351Z Stop and remove container: 21f0b910ba734ba3a5865b75109cdd67_redis7alpine_f6c411
2025-08-19T08:57:47.3417098Z ##[command]/usr/bin/docker rm --force 815c0d8d281317379ab44590e294a7c95d3d78a580d34ca45e81d09e1fbc1cea
2025-08-19T08:57:47.4555836Z 815c0d8d281317379ab44590e294a7c95d3d78a580d34ca45e81d09e1fbc1cea
2025-08-19T08:57:47.4576773Z Remove container network: github_network_6faff6939e274f46964fff249122f825
2025-08-19T08:57:47.4581069Z ##[command]/usr/bin/docker network rm github_network_6faff6939e274f46964fff249122f825
2025-08-19T08:57:47.5607082Z github_network_6faff6939e274f46964fff249122f825
2025-08-19T08:57:47.5662374Z Cleaning up orphan processes
