2025-08-19T22:46:59.0315293Z Current runner version: '2.327.1'
2025-08-19T22:46:59.0337085Z ##[group]Runner Image Provisioner
2025-08-19T22:46:59.0338322Z Hosted Compute Agent
2025-08-19T22:46:59.0338997Z Version: 20250818.377
2025-08-19T22:46:59.0339574Z Commit: 3c593e9f75fe0b87e893bca80d6e12ba089c61fc
2025-08-19T22:46:59.0340307Z Build Date: 2025-08-18T14:52:18Z
2025-08-19T22:46:59.0340909Z ##[endgroup]
2025-08-19T22:46:59.0341460Z ##[group]Operating System
2025-08-19T22:46:59.0341990Z Ubuntu
2025-08-19T22:46:59.0342508Z 24.04.2
2025-08-19T22:46:59.0342999Z LTS
2025-08-19T22:46:59.0343466Z ##[endgroup]
2025-08-19T22:46:59.0343987Z ##[group]Runner Image
2025-08-19T22:46:59.0344519Z Image: ubuntu-24.04
2025-08-19T22:46:59.0345036Z Version: 20250810.1.0
2025-08-19T22:46:59.0345989Z Included Software: https://github.com/actions/runner-images/blob/ubuntu24/20250810.1/images/ubuntu/Ubuntu2404-Readme.md
2025-08-19T22:46:59.0347752Z Image Release: https://github.com/actions/runner-images/releases/tag/ubuntu24%2F20250810.1
2025-08-19T22:46:59.0348765Z ##[endgroup]
2025-08-19T22:46:59.0351142Z ##[group]GITHUB_TOKEN Permissions
2025-08-19T22:46:59.0353010Z Actions: write
2025-08-19T22:46:59.0353675Z Attestations: write
2025-08-19T22:46:59.0354216Z Checks: write
2025-08-19T22:46:59.0354702Z Contents: write
2025-08-19T22:46:59.0355250Z Deployments: write
2025-08-19T22:46:59.0355779Z Discussions: write
2025-08-19T22:46:59.0356256Z Issues: write
2025-08-19T22:46:59.0356795Z Metadata: read
2025-08-19T22:46:59.0357544Z Models: read
2025-08-19T22:46:59.0358075Z Packages: write
2025-08-19T22:46:59.0358652Z Pages: write
2025-08-19T22:46:59.0359125Z PullRequests: write
2025-08-19T22:46:59.0359687Z RepositoryProjects: write
2025-08-19T22:46:59.0360252Z SecurityEvents: write
2025-08-19T22:46:59.0360927Z Statuses: write
2025-08-19T22:46:59.0361399Z ##[endgroup]
2025-08-19T22:46:59.0363444Z Secret source: Actions
2025-08-19T22:46:59.0364154Z Prepare workflow directory
2025-08-19T22:46:59.0786154Z Prepare all required actions
2025-08-19T22:46:59.0824472Z Getting action download info
2025-08-19T22:46:59.5687084Z Download action repository 'actions/checkout@v4' (SHA:08eba0b27e820071cde6df949e0beb9ba4906955)
2025-08-19T22:47:00.1329808Z Download action repository 'actions/setup-python@v5' (SHA:a26af69be951a213d495a4c3e4e4022e16d87065)
2025-08-19T22:47:00.7495092Z Download action repository 'actions/cache@v4' (SHA:0400d5f644dc74513175e3cd8d07132dd4860809)
2025-08-19T22:47:01.3328417Z Download action repository 'actions/setup-node@v4' (SHA:49933ea5288caeca8642d1e84afbd3f7d6820020)
2025-08-19T22:47:01.4215931Z Download action repository 'codecov/codecov-action@v4' (SHA:b9fd7d16f6d7d1b5d2bec1a2887e65ceed900238)
2025-08-19T22:47:02.0441294Z Complete job name: test
2025-08-19T22:47:02.1011245Z ##[group]Checking docker version
2025-08-19T22:47:02.1024555Z ##[command]/usr/bin/docker version --format '{{.Server.APIVersion}}'
2025-08-19T22:47:02.1968214Z '1.48'
2025-08-19T22:47:02.1981392Z Docker daemon API version: '1.48'
2025-08-19T22:47:02.1982705Z ##[command]/usr/bin/docker version --format '{{.Client.APIVersion}}'
2025-08-19T22:47:02.2142000Z '1.48'
2025-08-19T22:47:02.2155393Z Docker client API version: '1.48'
2025-08-19T22:47:02.2161170Z ##[endgroup]
2025-08-19T22:47:02.2164283Z ##[group]Clean up resources from previous jobs
2025-08-19T22:47:02.2170547Z ##[command]/usr/bin/docker ps --all --quiet --no-trunc --filter "label=4c0aa0"
2025-08-19T22:47:02.2306035Z ##[command]/usr/bin/docker network prune --force --filter "label=4c0aa0"
2025-08-19T22:47:02.2429920Z ##[endgroup]
2025-08-19T22:47:02.2430678Z ##[group]Create local container network
2025-08-19T22:47:02.2441538Z ##[command]/usr/bin/docker network create --label 4c0aa0 github_network_591098f9407048c5b36fb587e38e5408
2025-08-19T22:47:02.2939351Z 963d738e1187da394e478695246601303683054e6b63d7c8b5ccdff124198ee9
2025-08-19T22:47:02.2958967Z ##[endgroup]
2025-08-19T22:47:02.2984020Z ##[group]Starting postgres service container
2025-08-19T22:47:02.3003692Z ##[command]/usr/bin/docker pull postgres:15
2025-08-19T22:47:03.3217921Z 15: Pulling from library/postgres
2025-08-19T22:47:03.5855728Z 396b1da7636e: Pulling fs layer
2025-08-19T22:47:03.5856214Z fca2566eba32: Pulling fs layer
2025-08-19T22:47:03.5856565Z 631fe8c6d606: Pulling fs layer
2025-08-19T22:47:03.5856956Z 77c7671c4414: Pulling fs layer
2025-08-19T22:47:03.5857501Z 2d9e29180a27: Pulling fs layer
2025-08-19T22:47:03.5857833Z c6bcc2c9a041: Pulling fs layer
2025-08-19T22:47:03.5858227Z ac4b721eb66f: Pulling fs layer
2025-08-19T22:47:03.5858474Z 606bd164980e: Pulling fs layer
2025-08-19T22:47:03.5858713Z f5dfd246bc6e: Pulling fs layer
2025-08-19T22:47:03.5858949Z ba7036bb0a60: Pulling fs layer
2025-08-19T22:47:03.5859184Z 799f859abbbd: Pulling fs layer
2025-08-19T22:47:03.5859515Z d903e777080c: Pulling fs layer
2025-08-19T22:47:03.5859888Z 04adcb462801: Pulling fs layer
2025-08-19T22:47:03.5860314Z 5c10925b29ff: Pulling fs layer
2025-08-19T22:47:03.5860647Z 77c7671c4414: Waiting
2025-08-19T22:47:03.5860913Z 2d9e29180a27: Waiting
2025-08-19T22:47:03.5861249Z ac4b721eb66f: Waiting
2025-08-19T22:47:03.5861605Z c6bcc2c9a041: Waiting
2025-08-19T22:47:03.5861936Z 606bd164980e: Waiting
2025-08-19T22:47:03.5862217Z f5dfd246bc6e: Waiting
2025-08-19T22:47:03.5862422Z ba7036bb0a60: Waiting
2025-08-19T22:47:03.5862613Z 799f859abbbd: Waiting
2025-08-19T22:47:03.5862807Z d903e777080c: Waiting
2025-08-19T22:47:03.5863103Z 04adcb462801: Waiting
2025-08-19T22:47:03.5863301Z 5c10925b29ff: Waiting
2025-08-19T22:47:03.8613042Z fca2566eba32: Verifying Checksum
2025-08-19T22:47:03.8613849Z fca2566eba32: Download complete
2025-08-19T22:47:03.9584544Z 631fe8c6d606: Verifying Checksum
2025-08-19T22:47:03.9585202Z 631fe8c6d606: Download complete
2025-08-19T22:47:04.1459548Z 77c7671c4414: Verifying Checksum
2025-08-19T22:47:04.4381760Z 2d9e29180a27: Verifying Checksum
2025-08-19T22:47:04.4382929Z 2d9e29180a27: Download complete
2025-08-19T22:47:04.4860460Z c6bcc2c9a041: Verifying Checksum
2025-08-19T22:47:04.4860947Z c6bcc2c9a041: Download complete
2025-08-19T22:47:04.7490932Z 606bd164980e: Verifying Checksum
2025-08-19T22:47:04.7491543Z 606bd164980e: Download complete
2025-08-19T22:47:04.8348922Z ac4b721eb66f: Verifying Checksum
2025-08-19T22:47:04.8349366Z ac4b721eb66f: Download complete
2025-08-19T22:47:04.9015373Z 396b1da7636e: Verifying Checksum
2025-08-19T22:47:04.9015864Z 396b1da7636e: Download complete
2025-08-19T22:47:05.1844040Z ba7036bb0a60: Verifying Checksum
2025-08-19T22:47:05.1846633Z ba7036bb0a60: Download complete
2025-08-19T22:47:05.1940374Z 799f859abbbd: Verifying Checksum
2025-08-19T22:47:05.1941981Z 799f859abbbd: Download complete
2025-08-19T22:47:05.4693636Z 04adcb462801: Verifying Checksum
2025-08-19T22:47:05.4694180Z 04adcb462801: Download complete
2025-08-19T22:47:05.4981070Z d903e777080c: Verifying Checksum
2025-08-19T22:47:05.4981461Z d903e777080c: Download complete
2025-08-19T22:47:05.7305961Z 5c10925b29ff: Verifying Checksum
2025-08-19T22:47:05.7306458Z 5c10925b29ff: Download complete
2025-08-19T22:47:05.8569216Z 396b1da7636e: Pull complete
2025-08-19T22:47:06.0705731Z fca2566eba32: Pull complete
2025-08-19T22:47:06.2532174Z 631fe8c6d606: Pull complete
2025-08-19T22:47:06.2990317Z 77c7671c4414: Pull complete
2025-08-19T22:47:06.6229832Z 2d9e29180a27: Pull complete
2025-08-19T22:47:06.7313460Z c6bcc2c9a041: Pull complete
2025-08-19T22:47:06.7428577Z ac4b721eb66f: Pull complete
2025-08-19T22:47:06.7508111Z f5dfd246bc6e: Verifying Checksum
2025-08-19T22:47:06.7509512Z f5dfd246bc6e: Download complete
2025-08-19T22:47:06.7582203Z 606bd164980e: Pull complete
2025-08-19T22:47:09.7256048Z f5dfd246bc6e: Pull complete
2025-08-19T22:47:09.7445161Z ba7036bb0a60: Pull complete
2025-08-19T22:47:09.7588976Z 799f859abbbd: Pull complete
2025-08-19T22:47:09.7719410Z d903e777080c: Pull complete
2025-08-19T22:47:09.7861248Z 04adcb462801: Pull complete
2025-08-19T22:47:09.7985071Z 5c10925b29ff: Pull complete
2025-08-19T22:47:09.8028234Z Digest: sha256:bc51cf4f1fe02cce7ed2370b20128a9b00b4eb804573a77d2a0d877aaa9c82b1
2025-08-19T22:47:09.8042168Z Status: Downloaded newer image for postgres:15
2025-08-19T22:47:09.8054995Z docker.io/library/postgres:15
2025-08-19T22:47:09.8118872Z ##[command]/usr/bin/docker create --name 04e002dec68047958631138e3abff960_postgres15_9e7a7f --label 4c0aa0 --network github_network_591098f9407048c5b36fb587e38e5408 --network-alias postgres -p 5432:5432 --health-cmd="pg_isready -U postgres -d awa" --health-interval=5s --health-timeout=5s --health-retries=10 -e "POSTGRES_USER=postgres" -e "POSTGRES_PASSWORD=pass" -e "POSTGRES_DB=awa" -e GITHUB_ACTIONS=true -e CI=true postgres:15
2025-08-19T22:47:09.8388220Z 552d1eca49eb66d222dbb4e338e0b693b6b15dbd425396a3e5b57b23f7e9ea9f
2025-08-19T22:47:09.8410218Z ##[command]/usr/bin/docker start 552d1eca49eb66d222dbb4e338e0b693b6b15dbd425396a3e5b57b23f7e9ea9f
2025-08-19T22:47:10.0670642Z 552d1eca49eb66d222dbb4e338e0b693b6b15dbd425396a3e5b57b23f7e9ea9f
2025-08-19T22:47:10.0693462Z ##[command]/usr/bin/docker ps --all --filter id=552d1eca49eb66d222dbb4e338e0b693b6b15dbd425396a3e5b57b23f7e9ea9f --filter status=running --no-trunc --format "{{.ID}} {{.Status}}"
2025-08-19T22:47:10.0827641Z 552d1eca49eb66d222dbb4e338e0b693b6b15dbd425396a3e5b57b23f7e9ea9f Up Less than a second (health: starting)
2025-08-19T22:47:10.0846938Z ##[command]/usr/bin/docker port 552d1eca49eb66d222dbb4e338e0b693b6b15dbd425396a3e5b57b23f7e9ea9f
2025-08-19T22:47:10.0977035Z 5432/tcp -> 0.0.0.0:5432
2025-08-19T22:47:10.0978581Z 5432/tcp -> [::]:5432
2025-08-19T22:47:10.1022941Z ##[endgroup]
2025-08-19T22:47:10.1023798Z ##[group]Starting redis service container
2025-08-19T22:47:10.1025076Z ##[command]/usr/bin/docker pull redis:7-alpine
2025-08-19T22:47:11.1286331Z 7-alpine: Pulling from library/redis
2025-08-19T22:47:11.3892802Z 0368fd46e3c6: Pulling fs layer
2025-08-19T22:47:11.3893360Z 4c55286bbede: Pulling fs layer
2025-08-19T22:47:11.3893795Z 5e28347af205: Pulling fs layer
2025-08-19T22:47:11.3894184Z 311eca34042e: Pulling fs layer
2025-08-19T22:47:11.3894561Z e6fe6f07e192: Pulling fs layer
2025-08-19T22:47:11.3894968Z a2cadbfeca72: Pulling fs layer
2025-08-19T22:47:11.3895377Z 4f4fb700ef54: Pulling fs layer
2025-08-19T22:47:11.3895796Z a976ed7e7808: Pulling fs layer
2025-08-19T22:47:11.3896147Z e6fe6f07e192: Waiting
2025-08-19T22:47:11.3896467Z a2cadbfeca72: Waiting
2025-08-19T22:47:11.3896782Z 4f4fb700ef54: Waiting
2025-08-19T22:47:11.3897077Z a976ed7e7808: Waiting
2025-08-19T22:47:11.6928594Z 4c55286bbede: Verifying Checksum
2025-08-19T22:47:11.6929180Z 4c55286bbede: Download complete
2025-08-19T22:47:11.7041325Z 5e28347af205: Verifying Checksum
2025-08-19T22:47:11.7041836Z 5e28347af205: Download complete
2025-08-19T22:47:11.7676231Z 0368fd46e3c6: Verifying Checksum
2025-08-19T22:47:11.7676913Z 0368fd46e3c6: Download complete
2025-08-19T22:47:11.8670721Z 0368fd46e3c6: Pull complete
2025-08-19T22:47:11.8949710Z 4c55286bbede: Pull complete
2025-08-19T22:47:12.0268968Z 5e28347af205: Pull complete
2025-08-19T22:47:12.0336262Z a2cadbfeca72: Verifying Checksum
2025-08-19T22:47:12.0336805Z a2cadbfeca72: Download complete
2025-08-19T22:47:12.0544760Z 311eca34042e: Verifying Checksum
2025-08-19T22:47:12.0545849Z 311eca34042e: Download complete
2025-08-19T22:47:12.0835857Z 311eca34042e: Pull complete
2025-08-19T22:47:12.2941921Z e6fe6f07e192: Verifying Checksum
2025-08-19T22:47:12.2942353Z e6fe6f07e192: Download complete
2025-08-19T22:47:12.3158289Z a976ed7e7808: Verifying Checksum
2025-08-19T22:47:12.3158703Z a976ed7e7808: Download complete
2025-08-19T22:47:12.3178350Z 4f4fb700ef54: Verifying Checksum
2025-08-19T22:47:12.3178750Z 4f4fb700ef54: Download complete
2025-08-19T22:47:12.4789585Z e6fe6f07e192: Pull complete
2025-08-19T22:47:12.4896272Z a2cadbfeca72: Pull complete
2025-08-19T22:47:12.4997655Z 4f4fb700ef54: Pull complete
2025-08-19T22:47:12.5144518Z a976ed7e7808: Pull complete
2025-08-19T22:47:12.5187565Z Digest: sha256:bb186d083732f669da90be8b0f975a37812b15e913465bb14d845db72a4e3e08
2025-08-19T22:47:12.5206096Z Status: Downloaded newer image for redis:7-alpine
2025-08-19T22:47:12.5213890Z docker.io/library/redis:7-alpine
2025-08-19T22:47:12.5231375Z ##[command]/usr/bin/docker create --name 30f0e8a9f0234f82b13b4a796cf702e1_redis7alpine_a2a23c --label 4c0aa0 --network github_network_591098f9407048c5b36fb587e38e5408 --network-alias redis -p 6379:6379  -e GITHUB_ACTIONS=true -e CI=true redis:7-alpine
2025-08-19T22:47:12.5528531Z a973d24dcee5d2462ff6e4137b3878694cbe47d6eb03353168cb4e499bc8cd0b
2025-08-19T22:47:12.5541002Z ##[command]/usr/bin/docker start a973d24dcee5d2462ff6e4137b3878694cbe47d6eb03353168cb4e499bc8cd0b
2025-08-19T22:47:12.6921060Z a973d24dcee5d2462ff6e4137b3878694cbe47d6eb03353168cb4e499bc8cd0b
2025-08-19T22:47:12.6939918Z ##[command]/usr/bin/docker ps --all --filter id=a973d24dcee5d2462ff6e4137b3878694cbe47d6eb03353168cb4e499bc8cd0b --filter status=running --no-trunc --format "{{.ID}} {{.Status}}"
2025-08-19T22:47:12.7066334Z a973d24dcee5d2462ff6e4137b3878694cbe47d6eb03353168cb4e499bc8cd0b Up Less than a second
2025-08-19T22:47:12.7079057Z ##[command]/usr/bin/docker port a973d24dcee5d2462ff6e4137b3878694cbe47d6eb03353168cb4e499bc8cd0b
2025-08-19T22:47:12.7193741Z 6379/tcp -> 0.0.0.0:6379
2025-08-19T22:47:12.7194125Z 6379/tcp -> [::]:6379
2025-08-19T22:47:12.7210579Z ##[endgroup]
2025-08-19T22:47:12.7220529Z ##[group]Waiting for all services to be ready
2025-08-19T22:47:12.7233696Z ##[command]/usr/bin/docker inspect --format="{{if .Config.Healthcheck}}{{print .State.Health.Status}}{{end}}" 552d1eca49eb66d222dbb4e338e0b693b6b15dbd425396a3e5b57b23f7e9ea9f
2025-08-19T22:47:12.7347817Z starting
2025-08-19T22:47:12.7368118Z postgres service is starting, waiting 2 seconds before checking again.
2025-08-19T22:47:14.7379743Z ##[command]/usr/bin/docker inspect --format="{{if .Config.Healthcheck}}{{print .State.Health.Status}}{{end}}" 552d1eca49eb66d222dbb4e338e0b693b6b15dbd425396a3e5b57b23f7e9ea9f
2025-08-19T22:47:14.7496355Z starting
2025-08-19T22:47:14.7510221Z postgres service is starting, waiting 4 seconds before checking again.
2025-08-19T22:47:19.0763298Z ##[command]/usr/bin/docker inspect --format="{{if .Config.Healthcheck}}{{print .State.Health.Status}}{{end}}" 552d1eca49eb66d222dbb4e338e0b693b6b15dbd425396a3e5b57b23f7e9ea9f
2025-08-19T22:47:19.0878692Z healthy
2025-08-19T22:47:19.0895713Z postgres service is healthy.
2025-08-19T22:47:19.0896475Z ##[command]/usr/bin/docker inspect --format="{{if .Config.Healthcheck}}{{print .State.Health.Status}}{{end}}" a973d24dcee5d2462ff6e4137b3878694cbe47d6eb03353168cb4e499bc8cd0b
2025-08-19T22:47:19.1019480Z redis service is healthy.
2025-08-19T22:47:19.1019846Z ##[endgroup]
2025-08-19T22:47:19.1256050Z ##[group]Run actions/checkout@v4
2025-08-19T22:47:19.1256569Z with:
2025-08-19T22:47:19.1256746Z   fetch-depth: 0
2025-08-19T22:47:19.1256952Z   repository: AlexBomber12/AWA-App
2025-08-19T22:47:19.1257638Z   token: ***
2025-08-19T22:47:19.1257834Z   ssh-strict: true
2025-08-19T22:47:19.1258013Z   ssh-user: git
2025-08-19T22:47:19.1258201Z   persist-credentials: true
2025-08-19T22:47:19.1258415Z   clean: true
2025-08-19T22:47:19.1258599Z   sparse-checkout-cone-mode: true
2025-08-19T22:47:19.1258827Z   fetch-tags: false
2025-08-19T22:47:19.1259007Z   show-progress: true
2025-08-19T22:47:19.1259218Z   lfs: false
2025-08-19T22:47:19.1259379Z   submodules: false
2025-08-19T22:47:19.1259563Z   set-safe-directory: true
2025-08-19T22:47:19.1260030Z env:
2025-08-19T22:47:19.1260251Z   REDIS_URL: redis://localhost:6379/0
2025-08-19T22:47:19.1260510Z   RATE_LIMIT_DEFAULT: 100/minute
2025-08-19T22:47:19.1260723Z   TRUST_X_FORWARDED: 1
2025-08-19T22:47:19.1260908Z ##[endgroup]
2025-08-19T22:47:19.2355352Z Syncing repository: AlexBomber12/AWA-App
2025-08-19T22:47:19.2356971Z ##[group]Getting Git version info
2025-08-19T22:47:19.2357609Z Working directory is '/home/runner/work/AWA-App/AWA-App'
2025-08-19T22:47:19.2358143Z [command]/usr/bin/git version
2025-08-19T22:47:19.2455510Z git version 2.50.1
2025-08-19T22:47:19.2481824Z ##[endgroup]
2025-08-19T22:47:19.2494514Z Temporarily overriding HOME='/home/runner/work/_temp/062c69d3-a33a-4656-8ddf-f07b71246f3f' before making global git config changes
2025-08-19T22:47:19.2495263Z Adding repository directory to the temporary git global config as a safe directory
2025-08-19T22:47:19.2499609Z [command]/usr/bin/git config --global --add safe.directory /home/runner/work/AWA-App/AWA-App
2025-08-19T22:47:19.2534886Z Deleting the contents of '/home/runner/work/AWA-App/AWA-App'
2025-08-19T22:47:19.2538385Z ##[group]Initializing the repository
2025-08-19T22:47:19.2542279Z [command]/usr/bin/git init /home/runner/work/AWA-App/AWA-App
2025-08-19T22:47:19.2650278Z hint: Using 'master' as the name for the initial branch. This default branch name
2025-08-19T22:47:19.2650840Z hint: is subject to change. To configure the initial branch name to use in all
2025-08-19T22:47:19.2651291Z hint: of your new repositories, which will suppress this warning, call:
2025-08-19T22:47:19.2651754Z hint:
2025-08-19T22:47:19.2652007Z hint: 	git config --global init.defaultBranch <name>
2025-08-19T22:47:19.2652290Z hint:
2025-08-19T22:47:19.2652563Z hint: Names commonly chosen instead of 'master' are 'main', 'trunk' and
2025-08-19T22:47:19.2653026Z hint: 'development'. The just-created branch can be renamed via this command:
2025-08-19T22:47:19.2653384Z hint:
2025-08-19T22:47:19.2653618Z hint: 	git branch -m <name>
2025-08-19T22:47:19.2653991Z hint:
2025-08-19T22:47:19.2654539Z hint: Disable this message with "git config set advice.defaultBranchName false"
2025-08-19T22:47:19.2655293Z Initialized empty Git repository in /home/runner/work/AWA-App/AWA-App/.git/
2025-08-19T22:47:19.2666436Z [command]/usr/bin/git remote add origin https://github.com/AlexBomber12/AWA-App
2025-08-19T22:47:19.2701520Z ##[endgroup]
2025-08-19T22:47:19.2702172Z ##[group]Disabling automatic garbage collection
2025-08-19T22:47:19.2706811Z [command]/usr/bin/git config --local gc.auto 0
2025-08-19T22:47:19.2738643Z ##[endgroup]
2025-08-19T22:47:19.2739240Z ##[group]Setting up auth
2025-08-19T22:47:19.2746178Z [command]/usr/bin/git config --local --name-only --get-regexp core\.sshCommand
2025-08-19T22:47:19.2776150Z [command]/usr/bin/git submodule foreach --recursive sh -c "git config --local --name-only --get-regexp 'core\.sshCommand' && git config --local --unset-all 'core.sshCommand' || :"
2025-08-19T22:47:19.3138254Z [command]/usr/bin/git config --local --name-only --get-regexp http\.https\:\/\/github\.com\/\.extraheader
2025-08-19T22:47:19.3167533Z [command]/usr/bin/git submodule foreach --recursive sh -c "git config --local --name-only --get-regexp 'http\.https\:\/\/github\.com\/\.extraheader' && git config --local --unset-all 'http.https://github.com/.extraheader' || :"
2025-08-19T22:47:19.3388882Z [command]/usr/bin/git config --local http.https://github.com/.extraheader AUTHORIZATION: basic ***
2025-08-19T22:47:19.3422339Z ##[endgroup]
2025-08-19T22:47:19.3422870Z ##[group]Fetching the repository
2025-08-19T22:47:19.3431188Z [command]/usr/bin/git -c protocol.version=2 fetch --prune --no-recurse-submodules origin +refs/heads/*:refs/remotes/origin/* +refs/tags/*:refs/tags/* +bc77bfd28da879407e35fc24644e0788dd1ee376:refs/remotes/pull/292/merge
2025-08-19T22:47:21.6566758Z From https://github.com/AlexBomber12/AWA-App
2025-08-19T22:47:21.6567884Z  * [new branch]        codex/fix-ci-workflows-until-passing     -> origin/codex/fix-ci-workflows-until-passing
2025-08-19T22:47:21.6569189Z  * [new branch]        codex/implement-llm-timeouts-and-fallback-logic -> origin/codex/implement-llm-timeouts-and-fallback-logic
2025-08-19T22:47:21.6570049Z  * [new branch]        codex/implement-minimal-fixes-for-ci-workflows -> origin/codex/implement-minimal-fixes-for-ci-workflows
2025-08-19T22:47:21.6572087Z  * [new branch]        codex/implement-pr#6-logistics-etl-and-sql-ready-/stats -> origin/codex/implement-pr#6-logistics-etl-and-sql-ready-/stats
2025-08-19T22:47:21.6574038Z  * [new branch]        codex/implement-targeted-fixes-for-ci-workflows -> origin/codex/implement-targeted-fixes-for-ci-workflows
2025-08-19T22:47:21.6576714Z  * [new branch]        gh-pages                                 -> origin/gh-pages
2025-08-19T22:47:21.6579236Z  * [new branch]        main                                     -> origin/main
2025-08-19T22:47:21.6580777Z  * [new tag]           0.3.0                                    -> 0.3.0
2025-08-19T22:47:21.6584591Z  * [new ref]           bc77bfd28da879407e35fc24644e0788dd1ee376 -> pull/292/merge
2025-08-19T22:47:21.6618950Z ##[endgroup]
2025-08-19T22:47:21.6620608Z ##[group]Determining the checkout info
2025-08-19T22:47:21.6621312Z ##[endgroup]
2025-08-19T22:47:21.6626820Z [command]/usr/bin/git sparse-checkout disable
2025-08-19T22:47:21.6668873Z [command]/usr/bin/git config --local --unset-all extensions.worktreeConfig
2025-08-19T22:47:21.6695889Z ##[group]Checking out the ref
2025-08-19T22:47:21.6701000Z [command]/usr/bin/git checkout --progress --force refs/remotes/pull/292/merge
2025-08-19T22:47:21.7086094Z Note: switching to 'refs/remotes/pull/292/merge'.
2025-08-19T22:47:21.7086519Z 
2025-08-19T22:47:21.7086842Z You are in 'detached HEAD' state. You can look around, make experimental
2025-08-19T22:47:21.7087895Z changes and commit them, and you can discard any commits you make in this
2025-08-19T22:47:21.7088669Z state without impacting any branches by switching back to a branch.
2025-08-19T22:47:21.7089106Z 
2025-08-19T22:47:21.7089484Z If you want to create a new branch to retain commits you create, you may
2025-08-19T22:47:21.7090162Z do so (now or later) by using -c with the switch command. Example:
2025-08-19T22:47:21.7090553Z 
2025-08-19T22:47:21.7090707Z   git switch -c <new-branch-name>
2025-08-19T22:47:21.7090996Z 
2025-08-19T22:47:21.7091141Z Or undo this operation with:
2025-08-19T22:47:21.7091384Z 
2025-08-19T22:47:21.7091508Z   git switch -
2025-08-19T22:47:21.7091684Z 
2025-08-19T22:47:21.7092009Z Turn off this advice by setting config variable advice.detachedHead to false
2025-08-19T22:47:21.7092556Z 
2025-08-19T22:47:21.7093143Z HEAD is now at bc77bfd2 Merge 1d2234c8abfe19dcb91d7e3231fa1e3d834dfd9f into 8fecdd32289fe39f3fa6487e94855d9f8ef50773
2025-08-19T22:47:21.7102231Z ##[endgroup]
2025-08-19T22:47:21.7140682Z [command]/usr/bin/git log -1 --format=%H
2025-08-19T22:47:21.7162646Z bc77bfd28da879407e35fc24644e0788dd1ee376
2025-08-19T22:47:21.7324188Z ##[group]Run cat .env.ci >> "$GITHUB_ENV"
2025-08-19T22:47:21.7324532Z [36;1mcat .env.ci >> "$GITHUB_ENV"[0m
2025-08-19T22:47:21.7325214Z [36;1mecho "DATABASE_URL=***localhost:5432/awa" >> "$GITHUB_ENV"[0m
2025-08-19T22:47:21.7325574Z [36;1mecho "PG_HOST=localhost" >> "$GITHUB_ENV"[0m
2025-08-19T22:47:21.7325866Z [36;1mecho "PG_PORT=5432" >> "$GITHUB_ENV"[0m
2025-08-19T22:47:21.7326143Z [36;1mecho "PG_USER=postgres" >> "$GITHUB_ENV"[0m
2025-08-19T22:47:21.7326432Z [36;1mecho "PG_PASSWORD=pass" >> "$GITHUB_ENV"[0m
2025-08-19T22:47:21.7326710Z [36;1mecho "PG_DATABASE=awa" >> "$GITHUB_ENV"[0m
2025-08-19T22:47:21.7326972Z [36;1mecho "TESTING=1" >> "$GITHUB_ENV"[0m
2025-08-19T22:47:21.7369577Z shell: /usr/bin/bash -e {0}
2025-08-19T22:47:21.7369808Z env:
2025-08-19T22:47:21.7370005Z   REDIS_URL: redis://localhost:6379/0
2025-08-19T22:47:21.7370258Z   RATE_LIMIT_DEFAULT: 100/minute
2025-08-19T22:47:21.7370479Z   TRUST_X_FORWARDED: 1
2025-08-19T22:47:21.7370717Z ##[endgroup]
2025-08-19T22:47:21.7534566Z ##[group]Run actions/setup-python@v5
2025-08-19T22:47:21.7534822Z with:
2025-08-19T22:47:21.7535005Z   python-version: 3.12
2025-08-19T22:47:21.7535200Z   cache: pip
2025-08-19T22:47:21.7535973Z   cache-dependency-path: requirements-dev.txt
services/etl/requirements.txt
services/api/requirements.txt
services/repricer/requirements.txt
services/fees_h10/requirements.txt
services/alert_bot/requirements.txt

2025-08-19T22:47:21.7536801Z   check-latest: false
2025-08-19T22:47:21.7537111Z   token: ***
2025-08-19T22:47:21.7537524Z   update-environment: true
2025-08-19T22:47:21.7537743Z   allow-prereleases: false
2025-08-19T22:47:21.7537942Z   freethreaded: false
2025-08-19T22:47:21.7538127Z env:
2025-08-19T22:47:21.7538313Z   REDIS_URL: redis://localhost:6379/0
2025-08-19T22:47:21.7538563Z   RATE_LIMIT_DEFAULT: 100/minute
2025-08-19T22:47:21.7538773Z   TRUST_X_FORWARDED: 1
2025-08-19T22:47:21.7538960Z   PG_USER: postgres
2025-08-19T22:47:21.7539322Z   PG_PASSWORD: pass
2025-08-19T22:47:21.7539546Z   PG_DATABASE: awa
2025-08-19T22:47:21.7539722Z   PG_HOST: localhost
2025-08-19T22:47:21.7539905Z   PG_PORT: 5432
2025-08-19T22:47:21.7540278Z   PG_SYNC_DSN: ***localhost:5432/awa
2025-08-19T22:47:21.7540682Z   PG_ASYNC_DSN: ***localhost:5432/awa
2025-08-19T22:47:21.7541053Z   DATABASE_URL: ***localhost:5432/awa
2025-08-19T22:47:21.7541281Z   DATA_DIR: /tmp/awa-data
2025-08-19T22:47:21.7541473Z   ENABLE_LIVE: 0
2025-08-19T22:47:21.7541641Z   TESTING: 1
2025-08-19T22:47:21.7541799Z ##[endgroup]
2025-08-19T22:47:21.9176516Z ##[group]Installed versions
2025-08-19T22:47:21.9284866Z Successfully set up CPython (3.12.11)
2025-08-19T22:47:21.9285646Z ##[endgroup]
2025-08-19T22:47:21.9701936Z [command]/opt/hostedtoolcache/Python/3.12.11/x64/bin/pip cache dir
2025-08-19T22:47:23.0609029Z /home/runner/.cache/pip
2025-08-19T22:47:23.3547857Z Cache hit for: setup-python-Linux-x64-24.04-Ubuntu-python-3.12.11-pip-edce5793189406e0b5b9cd9ea574e3bf8289359be80b5a6fe61ed71104e9dd3a
2025-08-19T22:47:24.6576443Z Received 0 of 337359228 (0.0%), 0.0 MBs/sec
2025-08-19T22:47:25.6621462Z Received 117440512 of 337359228 (34.8%), 56.0 MBs/sec
2025-08-19T22:47:26.6608027Z Received 230686720 of 337359228 (68.4%), 73.3 MBs/sec
2025-08-19T22:47:27.5751987Z Received 337359228 of 337359228 (100.0%), 82.1 MBs/sec
2025-08-19T22:47:27.5753326Z Cache Size: ~322 MB (337359228 B)
2025-08-19T22:47:27.5870114Z [command]/usr/bin/tar -xf /home/runner/work/_temp/89cf35f7-236d-4f18-9712-922b45b9c65a/cache.tzst -P -C /home/runner/work/AWA-App/AWA-App --use-compress-program unzstd
2025-08-19T22:47:28.1416042Z Cache restored successfully
2025-08-19T22:47:28.2072755Z Cache restored from key: setup-python-Linux-x64-24.04-Ubuntu-python-3.12.11-pip-edce5793189406e0b5b9cd9ea574e3bf8289359be80b5a6fe61ed71104e9dd3a
2025-08-19T22:47:28.2774263Z ##[group]Run actions/cache@v4
2025-08-19T22:47:28.2774528Z with:
2025-08-19T22:47:28.2774752Z   path: ~/.cache/pip
.pytest_cache
~/.ruff_cache

2025-08-19T22:47:28.2775207Z   key: Linux-test-29fc3204f837bce43d81586a404709764a9accd1f738d0c33a52a32bf7a0c312
2025-08-19T22:47:28.2775609Z   restore-keys: Linux-test-
2025-08-19T22:47:28.2775843Z   enableCrossOsArchive: false
2025-08-19T22:47:28.2776070Z   fail-on-cache-miss: false
2025-08-19T22:47:28.2776278Z   lookup-only: false
2025-08-19T22:47:28.2776471Z   save-always: false
2025-08-19T22:47:28.2776642Z env:
2025-08-19T22:47:28.2776845Z   REDIS_URL: redis://localhost:6379/0
2025-08-19T22:47:28.2777102Z   RATE_LIMIT_DEFAULT: 100/minute
2025-08-19T22:47:28.2777655Z   TRUST_X_FORWARDED: 1
2025-08-19T22:47:28.2777852Z   PG_USER: postgres
2025-08-19T22:47:28.2778047Z   PG_PASSWORD: pass
2025-08-19T22:47:28.2778235Z   PG_DATABASE: awa
2025-08-19T22:47:28.2778411Z   PG_HOST: localhost
2025-08-19T22:47:28.2778602Z   PG_PORT: 5432
2025-08-19T22:47:28.2779305Z   PG_SYNC_DSN: ***localhost:5432/awa
2025-08-19T22:47:28.2779783Z   PG_ASYNC_DSN: ***localhost:5432/awa
2025-08-19T22:47:28.2780169Z   DATABASE_URL: ***localhost:5432/awa
2025-08-19T22:47:28.2780413Z   DATA_DIR: /tmp/awa-data
2025-08-19T22:47:28.2780621Z   ENABLE_LIVE: 0
2025-08-19T22:47:28.2780796Z   TESTING: 1
2025-08-19T22:47:28.2781027Z   pythonLocation: /opt/hostedtoolcache/Python/3.12.11/x64
2025-08-19T22:47:28.2781423Z   PKG_CONFIG_PATH: /opt/hostedtoolcache/Python/3.12.11/x64/lib/pkgconfig
2025-08-19T22:47:28.2781809Z   Python_ROOT_DIR: /opt/hostedtoolcache/Python/3.12.11/x64
2025-08-19T22:47:28.2782158Z   Python2_ROOT_DIR: /opt/hostedtoolcache/Python/3.12.11/x64
2025-08-19T22:47:28.2782507Z   Python3_ROOT_DIR: /opt/hostedtoolcache/Python/3.12.11/x64
2025-08-19T22:47:28.2782853Z   LD_LIBRARY_PATH: /opt/hostedtoolcache/Python/3.12.11/x64/lib
2025-08-19T22:47:28.2783139Z ##[endgroup]
2025-08-19T22:47:28.6825541Z Cache hit for: Linux-test-29fc3204f837bce43d81586a404709764a9accd1f738d0c33a52a32bf7a0c312
2025-08-19T22:47:29.9882614Z Received 0 of 337364167 (0.0%), 0.0 MBs/sec
2025-08-19T22:47:30.9900829Z Received 100663296 of 337364167 (29.8%), 47.9 MBs/sec
2025-08-19T22:47:31.9901663Z Received 226492416 of 337364167 (67.1%), 71.9 MBs/sec
2025-08-19T22:47:32.9642632Z Received 337364167 of 337364167 (100.0%), 80.9 MBs/sec
2025-08-19T22:47:32.9645633Z Cache Size: ~322 MB (337364167 B)
2025-08-19T22:47:32.9685967Z [command]/usr/bin/tar -xf /home/runner/work/_temp/c682854f-1165-4ceb-ba0a-ef6aec4cc517/cache.tzst -P -C /home/runner/work/AWA-App/AWA-App --use-compress-program unzstd
2025-08-19T22:47:33.5770849Z Cache restored successfully
2025-08-19T22:47:33.6488363Z Cache restored from key: Linux-test-29fc3204f837bce43d81586a404709764a9accd1f738d0c33a52a32bf7a0c312
2025-08-19T22:47:33.6614620Z ##[group]Run pip install -r services/etl/requirements.txt
2025-08-19T22:47:33.6615140Z [36;1mpip install -r services/etl/requirements.txt[0m
2025-08-19T22:47:33.6615509Z [36;1mpip install -r services/api/requirements.txt[0m
2025-08-19T22:47:33.6615857Z [36;1mpip install -r services/repricer/requirements.txt[0m
2025-08-19T22:47:33.6616214Z [36;1mpip install -r services/fees_h10/requirements.txt[0m
2025-08-19T22:47:33.6616582Z [36;1mpip install -r services/alert_bot/requirements.txt[0m
2025-08-19T22:47:33.6616908Z [36;1mpip install -r requirements-dev.txt[0m
2025-08-19T22:47:33.6617395Z [36;1mpip install asyncpg[0m
2025-08-19T22:47:33.6617636Z [36;1mpip install pytest[0m
2025-08-19T22:47:33.6617885Z [36;1mpip install keepa==1.3.15 minio==7.1.15[0m
2025-08-19T22:47:33.6659771Z shell: /usr/bin/bash -e {0}
2025-08-19T22:47:33.6660013Z env:
2025-08-19T22:47:33.6660235Z   REDIS_URL: redis://localhost:6379/0
2025-08-19T22:47:33.6660506Z   RATE_LIMIT_DEFAULT: 100/minute
2025-08-19T22:47:33.6660772Z   TRUST_X_FORWARDED: 1
2025-08-19T22:47:33.6660987Z   PG_USER: postgres
2025-08-19T22:47:33.6661190Z   PG_PASSWORD: pass
2025-08-19T22:47:33.6661373Z   PG_DATABASE: awa
2025-08-19T22:47:33.6661576Z   PG_HOST: localhost
2025-08-19T22:47:33.6661773Z   PG_PORT: 5432
2025-08-19T22:47:33.6662219Z   PG_SYNC_DSN: ***localhost:5432/awa
2025-08-19T22:47:33.6662653Z   PG_ASYNC_DSN: ***localhost:5432/awa
2025-08-19T22:47:33.6663064Z   DATABASE_URL: ***localhost:5432/awa
2025-08-19T22:47:33.6663311Z   DATA_DIR: /tmp/awa-data
2025-08-19T22:47:33.6663524Z   ENABLE_LIVE: 0
2025-08-19T22:47:33.6663708Z   TESTING: 1
2025-08-19T22:47:33.6663952Z   pythonLocation: /opt/hostedtoolcache/Python/3.12.11/x64
2025-08-19T22:47:33.6664360Z   PKG_CONFIG_PATH: /opt/hostedtoolcache/Python/3.12.11/x64/lib/pkgconfig
2025-08-19T22:47:33.6664902Z   Python_ROOT_DIR: /opt/hostedtoolcache/Python/3.12.11/x64
2025-08-19T22:47:33.6665280Z   Python2_ROOT_DIR: /opt/hostedtoolcache/Python/3.12.11/x64
2025-08-19T22:47:33.6665648Z   Python3_ROOT_DIR: /opt/hostedtoolcache/Python/3.12.11/x64
2025-08-19T22:47:33.6666012Z   LD_LIBRARY_PATH: /opt/hostedtoolcache/Python/3.12.11/x64/lib
2025-08-19T22:47:33.6666316Z ##[endgroup]
2025-08-19T22:47:34.6641094Z Collecting keepa==1.3.14 (from -r services/etl/requirements.txt (line 1))
2025-08-19T22:47:34.6655200Z   Using cached keepa-1.3.14-py3-none-any.whl.metadata (10 kB)
2025-08-19T22:47:34.6932330Z Collecting minio==7.1.15 (from -r services/etl/requirements.txt (line 2))
2025-08-19T22:47:34.6943288Z   Using cached minio-7.1.15-py3-none-any.whl.metadata (4.2 kB)
2025-08-19T22:47:34.7290639Z Collecting celery==5.3.* (from -r services/etl/requirements.txt (line 3))
2025-08-19T22:47:34.7301648Z   Using cached celery-5.3.6-py3-none-any.whl.metadata (21 kB)
2025-08-19T22:47:34.7784014Z Collecting redis==5.* (from -r services/etl/requirements.txt (line 4))
2025-08-19T22:47:34.7795331Z   Using cached redis-5.3.1-py3-none-any.whl.metadata (9.2 kB)
2025-08-19T22:47:34.9213455Z Collecting python-amazon-sp-api==0.8.0 (from -r services/etl/requirements.txt (line 5))
2025-08-19T22:47:34.9224690Z   Using cached python_amazon_sp_api-0.8.0-py3-none-any.whl.metadata (3.2 kB)
2025-08-19T22:47:34.9878405Z Collecting pydantic-settings==2.2.1 (from -r services/etl/requirements.txt (line 6))
2025-08-19T22:47:34.9889897Z   Using cached pydantic_settings-2.2.1-py3-none-any.whl.metadata (3.1 kB)
2025-08-19T22:47:35.1551613Z Collecting numpy<2 (from -r services/etl/requirements.txt (line 7))
2025-08-19T22:47:35.1565735Z   Using cached numpy-1.26.4-cp312-cp312-manylinux_2_17_x86_64.manylinux2014_x86_64.whl.metadata (61 kB)
2025-08-19T22:47:35.2746366Z Collecting pandas==2.2.* (from -r services/etl/requirements.txt (line 8))
2025-08-19T22:47:35.2760125Z   Using cached pandas-2.2.3-cp312-cp312-manylinux_2_17_x86_64.manylinux2014_x86_64.whl.metadata (89 kB)
2025-08-19T22:47:35.3372146Z Collecting pandera==0.19.* (from -r services/etl/requirements.txt (line 9))
2025-08-19T22:47:35.3384560Z   Using cached pandera-0.19.3-py3-none-any.whl.metadata (15 kB)
2025-08-19T22:47:35.3623524Z Collecting openpyxl==3.1.* (from -r services/etl/requirements.txt (line 10))
2025-08-19T22:47:35.3638675Z   Using cached openpyxl-3.1.5-py2.py3-none-any.whl.metadata (2.5 kB)
2025-08-19T22:47:35.4258564Z Collecting psycopg2-binary==2.9.* (from -r services/etl/requirements.txt (line 11))
2025-08-19T22:47:35.4274208Z   Using cached psycopg2_binary-2.9.10-cp312-cp312-manylinux_2_17_x86_64.manylinux2014_x86_64.whl.metadata (4.9 kB)
2025-08-19T22:47:35.4650252Z Collecting requests>=2.2 (from keepa==1.3.14->-r services/etl/requirements.txt (line 1))
2025-08-19T22:47:35.4661505Z   Using cached requests-2.32.5-py3-none-any.whl.metadata (4.9 kB)
2025-08-19T22:47:35.4991484Z Collecting tqdm (from keepa==1.3.14->-r services/etl/requirements.txt (line 1))
2025-08-19T22:47:35.5002589Z   Using cached tqdm-4.67.1-py3-none-any.whl.metadata (57 kB)
2025-08-19T22:47:35.9897910Z Collecting aiohttp (from keepa==1.3.14->-r services/etl/requirements.txt (line 1))
2025-08-19T22:47:35.9911748Z   Using cached aiohttp-3.12.15-cp312-cp312-manylinux_2_17_x86_64.manylinux2014_x86_64.whl.metadata (7.7 kB)
2025-08-19T22:47:36.1081146Z Collecting pydantic (from keepa==1.3.14->-r services/etl/requirements.txt (line 1))
2025-08-19T22:47:36.1093622Z   Using cached pydantic-2.11.7-py3-none-any.whl.metadata (67 kB)
2025-08-19T22:47:36.1301398Z Collecting certifi (from minio==7.1.15->-r services/etl/requirements.txt (line 2))
2025-08-19T22:47:36.1313163Z   Using cached certifi-2025.8.3-py3-none-any.whl.metadata (2.4 kB)
2025-08-19T22:47:36.1542929Z Collecting urllib3 (from minio==7.1.15->-r services/etl/requirements.txt (line 2))
2025-08-19T22:47:36.1554406Z   Using cached urllib3-2.5.0-py3-none-any.whl.metadata (6.5 kB)
2025-08-19T22:47:36.1684900Z Collecting six<2,>=1.15 (from python-amazon-sp-api==0.8.0->-r services/etl/requirements.txt (line 5))
2025-08-19T22:47:36.1695989Z   Using cached six-1.17.0-py2.py3-none-any.whl.metadata (1.7 kB)
2025-08-19T22:47:36.5759729Z Collecting boto3<2,>=1.16.39 (from python-amazon-sp-api==0.8.0->-r services/etl/requirements.txt (line 5))
2025-08-19T22:47:36.6144523Z   Downloading boto3-1.40.13-py3-none-any.whl.metadata (6.7 kB)
2025-08-19T22:47:36.6346226Z Collecting cachetools~=4.2.0 (from python-amazon-sp-api==0.8.0->-r services/etl/requirements.txt (line 5))
2025-08-19T22:47:36.6357677Z   Using cached cachetools-4.2.4-py3-none-any.whl.metadata (4.8 kB)
2025-08-19T22:47:36.7150823Z Collecting pycryptodome (from python-amazon-sp-api==0.8.0->-r services/etl/requirements.txt (line 5))
2025-08-19T22:47:36.7163335Z   Using cached pycryptodome-3.23.0-cp37-abi3-manylinux_2_17_x86_64.manylinux2014_x86_64.whl.metadata (3.4 kB)
2025-08-19T22:47:36.7496319Z Collecting pytz (from python-amazon-sp-api==0.8.0->-r services/etl/requirements.txt (line 5))
2025-08-19T22:47:36.7507951Z   Using cached pytz-2025.2-py2.py3-none-any.whl.metadata (22 kB)
2025-08-19T22:47:36.8339939Z Collecting confuse~=1.4.0 (from python-amazon-sp-api==0.8.0->-r services/etl/requirements.txt (line 5))
2025-08-19T22:47:36.8351207Z   Using cached confuse-1.4.0-py2.py3-none-any.whl.metadata (3.8 kB)
2025-08-19T22:47:36.8615854Z Collecting python-dotenv>=0.21.0 (from pydantic-settings==2.2.1->-r services/etl/requirements.txt (line 6))
2025-08-19T22:47:36.8627042Z   Using cached python_dotenv-1.1.1-py3-none-any.whl.metadata (24 kB)
2025-08-19T22:47:36.9444303Z Collecting billiard<5.0,>=4.2.0 (from celery==5.3.*->-r services/etl/requirements.txt (line 3))
2025-08-19T22:47:36.9455284Z   Using cached billiard-4.2.1-py3-none-any.whl.metadata (4.4 kB)
2025-08-19T22:47:36.9550961Z Collecting click-didyoumean>=0.3.0 (from celery==5.3.*->-r services/etl/requirements.txt (line 3))
2025-08-19T22:47:36.9561856Z   Using cached click_didyoumean-0.3.1-py3-none-any.whl.metadata (3.9 kB)
2025-08-19T22:47:36.9656855Z Collecting click-plugins>=1.1.1 (from celery==5.3.*->-r services/etl/requirements.txt (line 3))
2025-08-19T22:47:36.9667876Z   Using cached click_plugins-1.1.1.2-py2.py3-none-any.whl.metadata (6.5 kB)
2025-08-19T22:47:36.9792572Z Collecting click-repl>=0.2.0 (from celery==5.3.*->-r services/etl/requirements.txt (line 3))
2025-08-19T22:47:36.9803382Z   Using cached click_repl-0.3.0-py3-none-any.whl.metadata (3.6 kB)
2025-08-19T22:47:36.9977596Z Collecting click<9.0,>=8.1.2 (from celery==5.3.*->-r services/etl/requirements.txt (line 3))
2025-08-19T22:47:36.9988825Z   Using cached click-8.2.1-py3-none-any.whl.metadata (2.5 kB)
2025-08-19T22:47:37.0268273Z Collecting kombu<6.0,>=5.3.4 (from celery==5.3.*->-r services/etl/requirements.txt (line 3))
2025-08-19T22:47:37.0279086Z   Using cached kombu-5.5.4-py3-none-any.whl.metadata (3.5 kB)
2025-08-19T22:47:37.0444911Z Collecting python-dateutil>=2.8.2 (from celery==5.3.*->-r services/etl/requirements.txt (line 3))
2025-08-19T22:47:37.0455841Z   Using cached python_dateutil-2.9.0.post0-py2.py3-none-any.whl.metadata (8.4 kB)
2025-08-19T22:47:37.0589553Z Collecting tzdata>=2022.7 (from celery==5.3.*->-r services/etl/requirements.txt (line 3))
2025-08-19T22:47:37.0600916Z   Using cached tzdata-2025.2-py2.py3-none-any.whl.metadata (1.4 kB)
2025-08-19T22:47:37.0704626Z Collecting vine<6.0,>=5.1.0 (from celery==5.3.*->-r services/etl/requirements.txt (line 3))
2025-08-19T22:47:37.0715513Z   Using cached vine-5.1.0-py3-none-any.whl.metadata (2.7 kB)
2025-08-19T22:47:37.0884258Z Collecting PyJWT>=2.9.0 (from redis==5.*->-r services/etl/requirements.txt (line 4))
2025-08-19T22:47:37.0895551Z   Using cached PyJWT-2.10.1-py3-none-any.whl.metadata (4.0 kB)
2025-08-19T22:47:37.1187095Z Collecting multimethod<=1.10.0 (from pandera==0.19.*->-r services/etl/requirements.txt (line 9))
2025-08-19T22:47:37.1198236Z   Using cached multimethod-1.10-py3-none-any.whl.metadata (8.2 kB)
2025-08-19T22:47:37.1404804Z Collecting packaging>=20.0 (from pandera==0.19.*->-r services/etl/requirements.txt (line 9))
2025-08-19T22:47:37.1416187Z   Using cached packaging-25.0-py3-none-any.whl.metadata (3.3 kB)
2025-08-19T22:47:37.1689011Z Collecting typeguard (from pandera==0.19.*->-r services/etl/requirements.txt (line 9))
2025-08-19T22:47:37.1700081Z   Using cached typeguard-4.4.4-py3-none-any.whl.metadata (3.3 kB)
2025-08-19T22:47:37.1807853Z Collecting typing-inspect>=0.6.0 (from pandera==0.19.*->-r services/etl/requirements.txt (line 9))
2025-08-19T22:47:37.1818507Z   Using cached typing_inspect-0.9.0-py3-none-any.whl.metadata (1.5 kB)
2025-08-19T22:47:37.2755535Z Collecting wrapt (from pandera==0.19.*->-r services/etl/requirements.txt (line 9))
2025-08-19T22:47:37.2767816Z   Using cached wrapt-1.17.3-cp312-cp312-manylinux1_x86_64.manylinux_2_28_x86_64.manylinux_2_5_x86_64.whl.metadata (6.4 kB)
2025-08-19T22:47:37.3022564Z Collecting et-xmlfile (from openpyxl==3.1.*->-r services/etl/requirements.txt (line 10))
2025-08-19T22:47:37.3033846Z   Using cached et_xmlfile-2.0.0-py3-none-any.whl.metadata (2.7 kB)
2025-08-19T22:47:37.7321202Z Collecting botocore<1.41.0,>=1.40.13 (from boto3<2,>=1.16.39->python-amazon-sp-api==0.8.0->-r services/etl/requirements.txt (line 5))
2025-08-19T22:47:37.7358981Z   Downloading botocore-1.40.13-py3-none-any.whl.metadata (5.7 kB)
2025-08-19T22:47:37.7508868Z Collecting jmespath<2.0.0,>=0.7.1 (from boto3<2,>=1.16.39->python-amazon-sp-api==0.8.0->-r services/etl/requirements.txt (line 5))
2025-08-19T22:47:37.7521018Z   Using cached jmespath-1.0.1-py3-none-any.whl.metadata (7.6 kB)
2025-08-19T22:47:37.7678030Z Collecting s3transfer<0.14.0,>=0.13.0 (from boto3<2,>=1.16.39->python-amazon-sp-api==0.8.0->-r services/etl/requirements.txt (line 5))
2025-08-19T22:47:37.7689740Z   Using cached s3transfer-0.13.1-py3-none-any.whl.metadata (1.7 kB)
2025-08-19T22:47:37.8194180Z Collecting pyyaml (from confuse~=1.4.0->python-amazon-sp-api==0.8.0->-r services/etl/requirements.txt (line 5))
2025-08-19T22:47:37.8206764Z   Using cached PyYAML-6.0.2-cp312-cp312-manylinux_2_17_x86_64.manylinux2014_x86_64.whl.metadata (2.1 kB)
2025-08-19T22:47:37.8404031Z Collecting amqp<6.0.0,>=5.1.1 (from kombu<6.0,>=5.3.4->celery==5.3.*->-r services/etl/requirements.txt (line 3))
2025-08-19T22:47:37.8416071Z   Using cached amqp-5.3.1-py3-none-any.whl.metadata (8.9 kB)
2025-08-19T22:47:38.0685058Z Collecting prompt-toolkit>=3.0.36 (from click-repl>=0.2.0->celery==5.3.*->-r services/etl/requirements.txt (line 3))
2025-08-19T22:47:38.0697429Z   Using cached prompt_toolkit-3.0.51-py3-none-any.whl.metadata (6.4 kB)
2025-08-19T22:47:38.0836654Z Collecting wcwidth (from prompt-toolkit>=3.0.36->click-repl>=0.2.0->celery==5.3.*->-r services/etl/requirements.txt (line 3))
2025-08-19T22:47:38.0848374Z   Using cached wcwidth-0.2.13-py2.py3-none-any.whl.metadata (14 kB)
2025-08-19T22:47:38.0960868Z Collecting annotated-types>=0.6.0 (from pydantic->keepa==1.3.14->-r services/etl/requirements.txt (line 1))
2025-08-19T22:47:38.0972590Z   Using cached annotated_types-0.7.0-py3-none-any.whl.metadata (15 kB)
2025-08-19T22:47:38.7512681Z Collecting pydantic-core==2.33.2 (from pydantic->keepa==1.3.14->-r services/etl/requirements.txt (line 1))
2025-08-19T22:47:38.7526965Z   Using cached pydantic_core-2.33.2-cp312-cp312-manylinux_2_17_x86_64.manylinux2014_x86_64.whl.metadata (6.8 kB)
2025-08-19T22:47:38.7686514Z Collecting typing-extensions>=4.12.2 (from pydantic->keepa==1.3.14->-r services/etl/requirements.txt (line 1))
2025-08-19T22:47:38.7698463Z   Using cached typing_extensions-4.14.1-py3-none-any.whl.metadata (3.0 kB)
2025-08-19T22:47:38.7778379Z Collecting typing-inspection>=0.4.0 (from pydantic->keepa==1.3.14->-r services/etl/requirements.txt (line 1))
2025-08-19T22:47:38.7790825Z   Using cached typing_inspection-0.4.1-py3-none-any.whl.metadata (2.6 kB)
2025-08-19T22:47:38.8656114Z Collecting charset_normalizer<4,>=2 (from requests>=2.2->keepa==1.3.14->-r services/etl/requirements.txt (line 1))
2025-08-19T22:47:38.8668877Z   Using cached charset_normalizer-3.4.3-cp312-cp312-manylinux2014_x86_64.manylinux_2_17_x86_64.manylinux_2_28_x86_64.whl.metadata (36 kB)
2025-08-19T22:47:38.8813481Z Collecting idna<4,>=2.5 (from requests>=2.2->keepa==1.3.14->-r services/etl/requirements.txt (line 1))
2025-08-19T22:47:38.8825428Z   Using cached idna-3.10-py3-none-any.whl.metadata (10 kB)
2025-08-19T22:47:38.9176536Z Collecting mypy-extensions>=0.3.0 (from typing-inspect>=0.6.0->pandera==0.19.*->-r services/etl/requirements.txt (line 9))
2025-08-19T22:47:38.9188252Z   Using cached mypy_extensions-1.1.0-py3-none-any.whl.metadata (1.1 kB)
2025-08-19T22:47:38.9468760Z Collecting aiohappyeyeballs>=2.5.0 (from aiohttp->keepa==1.3.14->-r services/etl/requirements.txt (line 1))
2025-08-19T22:47:38.9479736Z   Using cached aiohappyeyeballs-2.6.1-py3-none-any.whl.metadata (5.9 kB)
2025-08-19T22:47:38.9562674Z Collecting aiosignal>=1.4.0 (from aiohttp->keepa==1.3.14->-r services/etl/requirements.txt (line 1))
2025-08-19T22:47:38.9573502Z   Using cached aiosignal-1.4.0-py3-none-any.whl.metadata (3.7 kB)
2025-08-19T22:47:38.9709991Z Collecting attrs>=17.3.0 (from aiohttp->keepa==1.3.14->-r services/etl/requirements.txt (line 1))
2025-08-19T22:47:38.9721457Z   Using cached attrs-25.3.0-py3-none-any.whl.metadata (10 kB)
2025-08-19T22:47:39.0371014Z Collecting frozenlist>=1.1.1 (from aiohttp->keepa==1.3.14->-r services/etl/requirements.txt (line 1))
2025-08-19T22:47:39.0382736Z   Using cached frozenlist-1.7.0-cp312-cp312-manylinux_2_5_x86_64.manylinux1_x86_64.manylinux_2_17_x86_64.manylinux2014_x86_64.whl.metadata (18 kB)
2025-08-19T22:47:39.2532455Z Collecting multidict<7.0,>=4.5 (from aiohttp->keepa==1.3.14->-r services/etl/requirements.txt (line 1))
2025-08-19T22:47:39.2545642Z   Using cached multidict-6.6.4-cp312-cp312-manylinux2014_x86_64.manylinux_2_17_x86_64.manylinux_2_28_x86_64.whl.metadata (5.3 kB)
2025-08-19T22:47:39.2953413Z Collecting propcache>=0.2.0 (from aiohttp->keepa==1.3.14->-r services/etl/requirements.txt (line 1))
2025-08-19T22:47:39.2965349Z   Using cached propcache-0.3.2-cp312-cp312-manylinux_2_17_x86_64.manylinux2014_x86_64.whl.metadata (12 kB)
2025-08-19T22:47:39.6030350Z Collecting yarl<2.0,>=1.17.0 (from aiohttp->keepa==1.3.14->-r services/etl/requirements.txt (line 1))
2025-08-19T22:47:39.6043940Z   Using cached yarl-1.20.1-cp312-cp312-manylinux_2_17_x86_64.manylinux2014_x86_64.whl.metadata (73 kB)
2025-08-19T22:47:39.6636521Z Using cached keepa-1.3.14-py3-none-any.whl (33 kB)
2025-08-19T22:47:39.6647944Z Using cached minio-7.1.15-py3-none-any.whl (77 kB)
2025-08-19T22:47:39.6659880Z Using cached python_amazon_sp_api-0.8.0-py3-none-any.whl (93 kB)
2025-08-19T22:47:39.6671450Z Using cached pydantic_settings-2.2.1-py3-none-any.whl (13 kB)
2025-08-19T22:47:39.6682039Z Using cached celery-5.3.6-py3-none-any.whl (422 kB)
2025-08-19T22:47:39.6695449Z Using cached redis-5.3.1-py3-none-any.whl (272 kB)
2025-08-19T22:47:39.6708756Z Using cached numpy-1.26.4-cp312-cp312-manylinux_2_17_x86_64.manylinux2014_x86_64.whl (18.0 MB)
2025-08-19T22:47:39.6849935Z Using cached pandas-2.2.3-cp312-cp312-manylinux_2_17_x86_64.manylinux2014_x86_64.whl (12.7 MB)
2025-08-19T22:47:39.6952146Z Using cached pandera-0.19.3-py3-none-any.whl (251 kB)
2025-08-19T22:47:39.6964665Z Using cached openpyxl-3.1.5-py2.py3-none-any.whl (250 kB)
2025-08-19T22:47:39.6978445Z Using cached psycopg2_binary-2.9.10-cp312-cp312-manylinux_2_17_x86_64.manylinux2014_x86_64.whl (3.0 MB)
2025-08-19T22:47:39.7010693Z Using cached billiard-4.2.1-py3-none-any.whl (86 kB)
2025-08-19T22:47:39.7049820Z Downloading boto3-1.40.13-py3-none-any.whl (140 kB)
2025-08-19T22:47:39.7220210Z Downloading botocore-1.40.13-py3-none-any.whl (14.0 MB)
2025-08-19T22:47:39.7907706Z    ━━━━━━━━━━━━━━━━━━━━━━━━━━━━━━━━━━━━━━━━ 14.0/14.0 MB 212.3 MB/s  0:00:00
2025-08-19T22:47:39.7920055Z Using cached cachetools-4.2.4-py3-none-any.whl (10 kB)
2025-08-19T22:47:39.7931367Z Using cached click-8.2.1-py3-none-any.whl (102 kB)
2025-08-19T22:47:39.7942891Z Using cached confuse-1.4.0-py2.py3-none-any.whl (21 kB)
2025-08-19T22:47:39.7953755Z Using cached jmespath-1.0.1-py3-none-any.whl (20 kB)
2025-08-19T22:47:39.7964601Z Using cached kombu-5.5.4-py3-none-any.whl (210 kB)
2025-08-19T22:47:39.7976514Z Using cached vine-5.1.0-py3-none-any.whl (9.6 kB)
2025-08-19T22:47:39.7987071Z Using cached amqp-5.3.1-py3-none-any.whl (50 kB)
2025-08-19T22:47:39.7998196Z Using cached multimethod-1.10-py3-none-any.whl (9.9 kB)
2025-08-19T22:47:39.8008970Z Using cached python_dateutil-2.9.0.post0-py2.py3-none-any.whl (229 kB)
2025-08-19T22:47:39.8021404Z Using cached s3transfer-0.13.1-py3-none-any.whl (85 kB)
2025-08-19T22:47:39.8032709Z Using cached six-1.17.0-py2.py3-none-any.whl (11 kB)
2025-08-19T22:47:39.8043500Z Using cached urllib3-2.5.0-py3-none-any.whl (129 kB)
2025-08-19T22:47:39.8054905Z Using cached click_didyoumean-0.3.1-py3-none-any.whl (3.6 kB)
2025-08-19T22:47:39.8065407Z Using cached click_plugins-1.1.1.2-py2.py3-none-any.whl (11 kB)
2025-08-19T22:47:39.8075833Z Using cached click_repl-0.3.0-py3-none-any.whl (10 kB)
2025-08-19T22:47:39.8086441Z Using cached packaging-25.0-py3-none-any.whl (66 kB)
2025-08-19T22:47:39.8097678Z Using cached prompt_toolkit-3.0.51-py3-none-any.whl (387 kB)
2025-08-19T22:47:39.8111182Z Using cached pydantic-2.11.7-py3-none-any.whl (444 kB)
2025-08-19T22:47:39.8125326Z Using cached pydantic_core-2.33.2-cp312-cp312-manylinux_2_17_x86_64.manylinux2014_x86_64.whl (2.0 MB)
2025-08-19T22:47:39.8150910Z Using cached annotated_types-0.7.0-py3-none-any.whl (13 kB)
2025-08-19T22:47:39.8161521Z Using cached PyJWT-2.10.1-py3-none-any.whl (22 kB)
2025-08-19T22:47:39.8172435Z Using cached python_dotenv-1.1.1-py3-none-any.whl (20 kB)
2025-08-19T22:47:39.8183166Z Using cached pytz-2025.2-py2.py3-none-any.whl (509 kB)
2025-08-19T22:47:39.8198662Z Using cached requests-2.32.5-py3-none-any.whl (64 kB)
2025-08-19T22:47:39.8209644Z Using cached charset_normalizer-3.4.3-cp312-cp312-manylinux2014_x86_64.manylinux_2_17_x86_64.manylinux_2_28_x86_64.whl (151 kB)
2025-08-19T22:47:39.8220785Z Using cached idna-3.10-py3-none-any.whl (70 kB)
2025-08-19T22:47:39.8231848Z Using cached certifi-2025.8.3-py3-none-any.whl (161 kB)
2025-08-19T22:47:39.8243576Z Using cached typing_extensions-4.14.1-py3-none-any.whl (43 kB)
2025-08-19T22:47:39.8254225Z Using cached typing_inspect-0.9.0-py3-none-any.whl (8.8 kB)
2025-08-19T22:47:39.8265136Z Using cached mypy_extensions-1.1.0-py3-none-any.whl (5.0 kB)
2025-08-19T22:47:39.8275788Z Using cached typing_inspection-0.4.1-py3-none-any.whl (14 kB)
2025-08-19T22:47:39.8286478Z Using cached tzdata-2025.2-py2.py3-none-any.whl (347 kB)
2025-08-19T22:47:39.8300086Z Using cached aiohttp-3.12.15-cp312-cp312-manylinux_2_17_x86_64.manylinux2014_x86_64.whl (1.7 MB)
2025-08-19T22:47:39.8323862Z Using cached multidict-6.6.4-cp312-cp312-manylinux2014_x86_64.manylinux_2_17_x86_64.manylinux_2_28_x86_64.whl (256 kB)
2025-08-19T22:47:39.8335894Z Using cached yarl-1.20.1-cp312-cp312-manylinux_2_17_x86_64.manylinux2014_x86_64.whl (355 kB)
2025-08-19T22:47:39.8349240Z Using cached aiohappyeyeballs-2.6.1-py3-none-any.whl (15 kB)
2025-08-19T22:47:39.8359883Z Using cached aiosignal-1.4.0-py3-none-any.whl (7.5 kB)
2025-08-19T22:47:39.8370866Z Using cached attrs-25.3.0-py3-none-any.whl (63 kB)
2025-08-19T22:47:39.8382531Z Using cached frozenlist-1.7.0-cp312-cp312-manylinux_2_5_x86_64.manylinux1_x86_64.manylinux_2_17_x86_64.manylinux2014_x86_64.whl (241 kB)
2025-08-19T22:47:39.8394689Z Using cached propcache-0.3.2-cp312-cp312-manylinux_2_17_x86_64.manylinux2014_x86_64.whl (224 kB)
2025-08-19T22:47:39.8406440Z Using cached et_xmlfile-2.0.0-py3-none-any.whl (18 kB)
2025-08-19T22:47:39.8417645Z Using cached pycryptodome-3.23.0-cp37-abi3-manylinux_2_17_x86_64.manylinux2014_x86_64.whl (2.3 MB)
2025-08-19T22:47:39.8445484Z Using cached PyYAML-6.0.2-cp312-cp312-manylinux_2_17_x86_64.manylinux2014_x86_64.whl (767 kB)
2025-08-19T22:47:39.8461793Z Using cached tqdm-4.67.1-py3-none-any.whl (78 kB)
2025-08-19T22:47:39.8472895Z Using cached typeguard-4.4.4-py3-none-any.whl (34 kB)
2025-08-19T22:47:39.8483741Z Using cached wcwidth-0.2.13-py2.py3-none-any.whl (34 kB)
2025-08-19T22:47:39.8494978Z Using cached wrapt-1.17.3-cp312-cp312-manylinux1_x86_64.manylinux_2_28_x86_64.manylinux_2_5_x86_64.whl (88 kB)
2025-08-19T22:47:40.1043861Z Installing collected packages: wcwidth, pytz, wrapt, vine, urllib3, tzdata, typing-extensions, tqdm, six, pyyaml, python-dotenv, PyJWT, pycryptodome, psycopg2-binary, propcache, prompt-toolkit, packaging, numpy, mypy-extensions, multimethod, multidict, jmespath, idna, frozenlist, et-xmlfile, click, charset_normalizer, certifi, cachetools, billiard, attrs, annotated-types, aiohappyeyeballs, yarl, typing-inspection, typing-inspect, typeguard, requests, redis, python-dateutil, pydantic-core, openpyxl, minio, confuse, click-repl, click-plugins, click-didyoumean, amqp, aiosignal, pydantic, pandas, kombu, botocore, aiohttp, s3transfer, pydantic-settings, pandera, keepa, celery, boto3, python-amazon-sp-api
2025-08-19T22:47:50.8559365Z 
2025-08-19T22:47:50.8618649Z Successfully installed PyJWT-2.10.1 aiohappyeyeballs-2.6.1 aiohttp-3.12.15 aiosignal-1.4.0 amqp-5.3.1 annotated-types-0.7.0 attrs-25.3.0 billiard-4.2.1 boto3-1.40.13 botocore-1.40.13 cachetools-4.2.4 celery-5.3.6 certifi-2025.8.3 charset_normalizer-3.4.3 click-8.2.1 click-didyoumean-0.3.1 click-plugins-1.1.1.2 click-repl-0.3.0 confuse-1.4.0 et-xmlfile-2.0.0 frozenlist-1.7.0 idna-3.10 jmespath-1.0.1 keepa-1.3.14 kombu-5.5.4 minio-7.1.15 multidict-6.6.4 multimethod-1.10 mypy-extensions-1.1.0 numpy-1.26.4 openpyxl-3.1.5 packaging-25.0 pandas-2.2.3 pandera-0.19.3 prompt-toolkit-3.0.51 propcache-0.3.2 psycopg2-binary-2.9.10 pycryptodome-3.23.0 pydantic-2.11.7 pydantic-core-2.33.2 pydantic-settings-2.2.1 python-amazon-sp-api-0.8.0 python-dateutil-2.9.0.post0 python-dotenv-1.1.1 pytz-2025.2 pyyaml-6.0.2 redis-5.3.1 requests-2.32.5 s3transfer-0.13.1 six-1.17.0 tqdm-4.67.1 typeguard-4.4.4 typing-extensions-4.14.1 typing-inspect-0.9.0 typing-inspection-0.4.1 tzdata-2025.2 urllib3-2.5.0 vine-5.1.0 wcwidth-0.2.13 wrapt-1.17.3 yarl-1.20.1
2025-08-19T22:47:51.8030624Z Collecting uvicorn==0.29.0 (from -r services/api/requirements.txt (line 1))
2025-08-19T22:47:51.8043946Z   Using cached uvicorn-0.29.0-py3-none-any.whl.metadata (6.3 kB)
2025-08-19T22:47:51.8080472Z Requirement already satisfied: pydantic-settings==2.2.1 in /opt/hostedtoolcache/Python/3.12.11/x64/lib/python3.12/site-packages (from -r services/api/requirements.txt (line 2)) (2.2.1)
2025-08-19T22:47:51.8444688Z Collecting fastapi==0.111.0 (from -r services/api/requirements.txt (line 3))
2025-08-19T22:47:51.8456342Z   Using cached fastapi-0.111.0-py3-none-any.whl.metadata (25 kB)
2025-08-19T22:47:52.1113778Z Collecting sqlalchemy==2.0.29 (from -r services/api/requirements.txt (line 4))
2025-08-19T22:47:52.1127951Z   Using cached SQLAlchemy-2.0.29-cp312-cp312-manylinux_2_17_x86_64.manylinux2014_x86_64.whl.metadata (9.6 kB)
2025-08-19T22:47:52.1394096Z Collecting alembic==1.13.1 (from -r services/api/requirements.txt (line 5))
2025-08-19T22:47:52.1405697Z   Using cached alembic-1.13.1-py3-none-any.whl.metadata (7.4 kB)
2025-08-19T22:47:52.1548331Z Collecting psycopg==3.2.9 (from psycopg[binary]==3.2.9->-r services/api/requirements.txt (line 6))
2025-08-19T22:47:52.1559930Z   Using cached psycopg-3.2.9-py3-none-any.whl.metadata (4.5 kB)
2025-08-19T22:47:52.1775559Z Collecting httpx==0.27.2 (from -r services/api/requirements.txt (line 7))
2025-08-19T22:47:52.1787801Z   Using cached httpx-0.27.2-py3-none-any.whl.metadata (7.1 kB)
2025-08-19T22:47:52.2210423Z Collecting asyncpg==0.29.0 (from -r services/api/requirements.txt (line 8))
2025-08-19T22:47:52.2222275Z   Using cached asyncpg-0.29.0-cp312-cp312-manylinux_2_17_x86_64.manylinux2014_x86_64.whl.metadata (4.4 kB)
2025-08-19T22:47:52.4782902Z Collecting boto3==1.34.162 (from -r services/api/requirements.txt (line 9))
2025-08-19T22:47:52.4795843Z   Using cached boto3-1.34.162-py3-none-any.whl.metadata (6.6 kB)
2025-08-19T22:47:52.4954916Z Collecting Jinja2==3.1.5 (from -r services/api/requirements.txt (line 10))
2025-08-19T22:47:52.4966422Z   Using cached jinja2-3.1.5-py3-none-any.whl.metadata (2.6 kB)
2025-08-19T22:47:52.4984959Z Requirement already satisfied: celery==5.3.* in /opt/hostedtoolcache/Python/3.12.11/x64/lib/python3.12/site-packages (from -r services/api/requirements.txt (line 11)) (5.3.6)
2025-08-19T22:47:52.5098199Z Collecting structlog==24.1.0 (from -r services/api/requirements.txt (line 12))
2025-08-19T22:47:52.5109587Z   Using cached structlog-24.1.0-py3-none-any.whl.metadata (6.9 kB)
2025-08-19T22:47:52.5250236Z Collecting asgi-correlation-id==4.3.1 (from -r services/api/requirements.txt (line 13))
2025-08-19T22:47:52.5261786Z   Using cached asgi_correlation_id-4.3.1-py3-none-any.whl.metadata (28 kB)
2025-08-19T22:47:52.5369443Z Collecting fastapi-limiter==0.1.6 (from -r services/api/requirements.txt (line 14))
2025-08-19T22:47:52.5381182Z   Using cached fastapi_limiter-0.1.6-py3-none-any.whl.metadata (5.3 kB)
2025-08-19T22:47:52.5778237Z Collecting redis==5.0.8 (from -r services/api/requirements.txt (line 15))
2025-08-19T22:47:52.5790668Z   Using cached redis-5.0.8-py3-none-any.whl.metadata (9.2 kB)
2025-08-19T22:47:52.6277873Z Collecting sentry-sdk==2.9.0 (from sentry-sdk[celery,fastapi,sqlalchemy]==2.9.0->-r services/api/requirements.txt (line 16))
2025-08-19T22:47:52.6289506Z   Using cached sentry_sdk-2.9.0-py2.py3-none-any.whl.metadata (14 kB)
2025-08-19T22:47:52.6565123Z Requirement already satisfied: click>=7.0 in /opt/hostedtoolcache/Python/3.12.11/x64/lib/python3.12/site-packages (from uvicorn==0.29.0->-r services/api/requirements.txt (line 1)) (8.2.1)
2025-08-19T22:47:52.6643585Z Collecting h11>=0.8 (from uvicorn==0.29.0->-r services/api/requirements.txt (line 1))
2025-08-19T22:47:52.6655126Z   Using cached h11-0.16.0-py3-none-any.whl.metadata (8.3 kB)
2025-08-19T22:47:52.6683828Z Requirement already satisfied: pydantic>=2.3.0 in /opt/hostedtoolcache/Python/3.12.11/x64/lib/python3.12/site-packages (from pydantic-settings==2.2.1->-r services/api/requirements.txt (line 2)) (2.11.7)
2025-08-19T22:47:52.6690091Z Requirement already satisfied: python-dotenv>=0.21.0 in /opt/hostedtoolcache/Python/3.12.11/x64/lib/python3.12/site-packages (from pydantic-settings==2.2.1->-r services/api/requirements.txt (line 2)) (1.1.1)
2025-08-19T22:47:52.6937608Z Collecting starlette<0.38.0,>=0.37.2 (from fastapi==0.111.0->-r services/api/requirements.txt (line 3))
2025-08-19T22:47:52.6949418Z   Using cached starlette-0.37.2-py3-none-any.whl.metadata (5.9 kB)
2025-08-19T22:47:52.6980029Z Requirement already satisfied: typing-extensions>=4.8.0 in /opt/hostedtoolcache/Python/3.12.11/x64/lib/python3.12/site-packages (from fastapi==0.111.0->-r services/api/requirements.txt (line 3)) (4.14.1)
2025-08-19T22:47:52.7049153Z Collecting fastapi-cli>=0.0.2 (from fastapi==0.111.0->-r services/api/requirements.txt (line 3))
2025-08-19T22:47:52.7060742Z   Using cached fastapi_cli-0.0.8-py3-none-any.whl.metadata (6.3 kB)
2025-08-19T22:47:52.7230175Z Collecting python-multipart>=0.0.7 (from fastapi==0.111.0->-r services/api/requirements.txt (line 3))
2025-08-19T22:47:52.7241757Z   Using cached python_multipart-0.0.20-py3-none-any.whl.metadata (1.8 kB)
2025-08-19T22:47:52.7800794Z Collecting ujson!=4.0.2,!=4.1.0,!=4.2.0,!=4.3.0,!=5.0.0,!=5.1.0,>=4.0.1 (from fastapi==0.111.0->-r services/api/requirements.txt (line 3))
2025-08-19T22:47:52.7813044Z   Using cached ujson-5.10.0-cp312-cp312-manylinux_2_17_x86_64.manylinux2014_x86_64.whl.metadata (9.3 kB)
2025-08-19T22:47:53.0066973Z Collecting orjson>=3.2.1 (from fastapi==0.111.0->-r services/api/requirements.txt (line 3))
2025-08-19T22:47:53.0080518Z   Using cached orjson-3.11.2-cp312-cp312-manylinux_2_17_x86_64.manylinux2014_x86_64.whl.metadata (1.2 kB)
2025-08-19T22:47:53.0200564Z Collecting email_validator>=2.0.0 (from fastapi==0.111.0->-r services/api/requirements.txt (line 3))
2025-08-19T22:47:53.0212095Z   Using cached email_validator-2.2.0-py3-none-any.whl.metadata (25 kB)
2025-08-19T22:47:53.1441058Z Collecting greenlet!=0.4.17 (from sqlalchemy==2.0.29->-r services/api/requirements.txt (line 4))
2025-08-19T22:47:53.1454521Z   Using cached greenlet-3.2.4-cp312-cp312-manylinux_2_24_x86_64.manylinux_2_28_x86_64.whl.metadata (4.1 kB)
2025-08-19T22:47:53.1745835Z Collecting Mako (from alembic==1.13.1->-r services/api/requirements.txt (line 5))
2025-08-19T22:47:53.1757815Z   Using cached mako-1.3.10-py3-none-any.whl.metadata (2.9 kB)
2025-08-19T22:47:53.1942123Z Collecting anyio (from httpx==0.27.2->-r services/api/requirements.txt (line 7))
2025-08-19T22:47:53.1953743Z   Using cached anyio-4.10.0-py3-none-any.whl.metadata (4.0 kB)
2025-08-19T22:47:53.1977856Z Requirement already satisfied: certifi in /opt/hostedtoolcache/Python/3.12.11/x64/lib/python3.12/site-packages (from httpx==0.27.2->-r services/api/requirements.txt (line 7)) (2025.8.3)
2025-08-19T22:47:53.2133562Z Collecting httpcore==1.* (from httpx==0.27.2->-r services/api/requirements.txt (line 7))
2025-08-19T22:47:53.2144455Z   Using cached httpcore-1.0.9-py3-none-any.whl.metadata (21 kB)
2025-08-19T22:47:53.2177719Z Requirement already satisfied: idna in /opt/hostedtoolcache/Python/3.12.11/x64/lib/python3.12/site-packages (from httpx==0.27.2->-r services/api/requirements.txt (line 7)) (3.10)
2025-08-19T22:47:53.2235709Z Collecting sniffio (from httpx==0.27.2->-r services/api/requirements.txt (line 7))
2025-08-19T22:47:53.2246837Z   Using cached sniffio-1.3.1-py3-none-any.whl.metadata (3.9 kB)
2025-08-19T22:47:53.6106326Z Collecting botocore<1.35.0,>=1.34.162 (from boto3==1.34.162->-r services/api/requirements.txt (line 9))
2025-08-19T22:47:53.6119544Z   Using cached botocore-1.34.162-py3-none-any.whl.metadata (5.7 kB)
2025-08-19T22:47:53.6147392Z Requirement already satisfied: jmespath<2.0.0,>=0.7.1 in /opt/hostedtoolcache/Python/3.12.11/x64/lib/python3.12/site-packages (from boto3==1.34.162->-r services/api/requirements.txt (line 9)) (1.0.1)
2025-08-19T22:47:53.6284925Z Collecting s3transfer<0.11.0,>=0.10.0 (from boto3==1.34.162->-r services/api/requirements.txt (line 9))
2025-08-19T22:47:53.6296577Z   Using cached s3transfer-0.10.4-py3-none-any.whl.metadata (1.7 kB)
2025-08-19T22:47:53.6754041Z Collecting MarkupSafe>=2.0 (from Jinja2==3.1.5->-r services/api/requirements.txt (line 10))
2025-08-19T22:47:53.6766261Z   Using cached MarkupSafe-3.0.2-cp312-cp312-manylinux_2_17_x86_64.manylinux2014_x86_64.whl.metadata (4.0 kB)
2025-08-19T22:47:53.6999244Z Requirement already satisfied: urllib3>=1.26.11 in /opt/hostedtoolcache/Python/3.12.11/x64/lib/python3.12/site-packages (from sentry-sdk==2.9.0->sentry-sdk[celery,fastapi,sqlalchemy]==2.9.0->-r services/api/requirements.txt (line 16)) (2.5.0)
2025-08-19T22:47:53.8353541Z Collecting psycopg-binary==3.2.9 (from psycopg[binary]==3.2.9->-r services/api/requirements.txt (line 6))
2025-08-19T22:47:53.8366749Z   Using cached psycopg_binary-3.2.9-cp312-cp312-manylinux_2_17_x86_64.manylinux2014_x86_64.whl.metadata (2.9 kB)
2025-08-19T22:47:53.8719196Z Requirement already satisfied: billiard<5.0,>=4.2.0 in /opt/hostedtoolcache/Python/3.12.11/x64/lib/python3.12/site-packages (from celery==5.3.*->-r services/api/requirements.txt (line 11)) (4.2.1)
2025-08-19T22:47:53.8725053Z Requirement already satisfied: click-didyoumean>=0.3.0 in /opt/hostedtoolcache/Python/3.12.11/x64/lib/python3.12/site-packages (from celery==5.3.*->-r services/api/requirements.txt (line 11)) (0.3.1)
2025-08-19T22:47:53.8731132Z Requirement already satisfied: click-plugins>=1.1.1 in /opt/hostedtoolcache/Python/3.12.11/x64/lib/python3.12/site-packages (from celery==5.3.*->-r services/api/requirements.txt (line 11)) (1.1.1.2)
2025-08-19T22:47:53.8736821Z Requirement already satisfied: click-repl>=0.2.0 in /opt/hostedtoolcache/Python/3.12.11/x64/lib/python3.12/site-packages (from celery==5.3.*->-r services/api/requirements.txt (line 11)) (0.3.0)
2025-08-19T22:47:53.8746514Z Requirement already satisfied: kombu<6.0,>=5.3.4 in /opt/hostedtoolcache/Python/3.12.11/x64/lib/python3.12/site-packages (from celery==5.3.*->-r services/api/requirements.txt (line 11)) (5.5.4)
2025-08-19T22:47:53.8752188Z Requirement already satisfied: python-dateutil>=2.8.2 in /opt/hostedtoolcache/Python/3.12.11/x64/lib/python3.12/site-packages (from celery==5.3.*->-r services/api/requirements.txt (line 11)) (2.9.0.post0)
2025-08-19T22:47:53.8757893Z Requirement already satisfied: tzdata>=2022.7 in /opt/hostedtoolcache/Python/3.12.11/x64/lib/python3.12/site-packages (from celery==5.3.*->-r services/api/requirements.txt (line 11)) (2025.2)
2025-08-19T22:47:53.8764147Z Requirement already satisfied: vine<6.0,>=5.1.0 in /opt/hostedtoolcache/Python/3.12.11/x64/lib/python3.12/site-packages (from celery==5.3.*->-r services/api/requirements.txt (line 11)) (5.1.0)
2025-08-19T22:47:53.8895108Z Requirement already satisfied: amqp<6.0.0,>=5.1.1 in /opt/hostedtoolcache/Python/3.12.11/x64/lib/python3.12/site-packages (from kombu<6.0,>=5.3.4->celery==5.3.*->-r services/api/requirements.txt (line 11)) (5.3.1)
2025-08-19T22:47:53.8905591Z Requirement already satisfied: packaging in /opt/hostedtoolcache/Python/3.12.11/x64/lib/python3.12/site-packages (from kombu<6.0,>=5.3.4->celery==5.3.*->-r services/api/requirements.txt (line 11)) (25.0)
2025-08-19T22:47:53.8971062Z Requirement already satisfied: annotated-types>=0.6.0 in /opt/hostedtoolcache/Python/3.12.11/x64/lib/python3.12/site-packages (from pydantic>=2.3.0->pydantic-settings==2.2.1->-r services/api/requirements.txt (line 2)) (0.7.0)
2025-08-19T22:47:53.8976374Z Requirement already satisfied: pydantic-core==2.33.2 in /opt/hostedtoolcache/Python/3.12.11/x64/lib/python3.12/site-packages (from pydantic>=2.3.0->pydantic-settings==2.2.1->-r services/api/requirements.txt (line 2)) (2.33.2)
2025-08-19T22:47:53.8984685Z Requirement already satisfied: typing-inspection>=0.4.0 in /opt/hostedtoolcache/Python/3.12.11/x64/lib/python3.12/site-packages (from pydantic>=2.3.0->pydantic-settings==2.2.1->-r services/api/requirements.txt (line 2)) (0.4.1)
2025-08-19T22:47:53.9018340Z Requirement already satisfied: six>=1.5 in /opt/hostedtoolcache/Python/3.12.11/x64/lib/python3.12/site-packages (from python-dateutil>=2.8.2->celery==5.3.*->-r services/api/requirements.txt (line 11)) (1.17.0)
2025-08-19T22:47:54.0818307Z Requirement already satisfied: prompt-toolkit>=3.0.36 in /opt/hostedtoolcache/Python/3.12.11/x64/lib/python3.12/site-packages (from click-repl>=0.2.0->celery==5.3.*->-r services/api/requirements.txt (line 11)) (3.0.51)
2025-08-19T22:47:54.0930249Z Collecting dnspython>=2.0.0 (from email_validator>=2.0.0->fastapi==0.111.0->-r services/api/requirements.txt (line 3))
2025-08-19T22:47:54.0941862Z   Using cached dnspython-2.7.0-py3-none-any.whl.metadata (5.8 kB)
2025-08-19T22:47:54.1145388Z Collecting typer>=0.15.1 (from fastapi-cli>=0.0.2->fastapi==0.111.0->-r services/api/requirements.txt (line 3))
2025-08-19T22:47:54.1156987Z   Using cached typer-0.16.1-py3-none-any.whl.metadata (15 kB)
2025-08-19T22:47:54.1390416Z Collecting rich-toolkit>=0.14.8 (from fastapi-cli>=0.0.2->fastapi==0.111.0->-r services/api/requirements.txt (line 3))
2025-08-19T22:47:54.1401827Z   Using cached rich_toolkit-0.15.0-py3-none-any.whl.metadata (1.0 kB)
2025-08-19T22:47:54.1493849Z Requirement already satisfied: wcwidth in /opt/hostedtoolcache/Python/3.12.11/x64/lib/python3.12/site-packages (from prompt-toolkit>=3.0.36->click-repl>=0.2.0->celery==5.3.*->-r services/api/requirements.txt (line 11)) (0.2.13)
2025-08-19T22:47:54.1865459Z Collecting rich>=13.7.1 (from rich-toolkit>=0.14.8->fastapi-cli>=0.0.2->fastapi==0.111.0->-r services/api/requirements.txt (line 3))
2025-08-19T22:47:54.1877076Z   Using cached rich-14.1.0-py3-none-any.whl.metadata (18 kB)
2025-08-19T22:47:54.2030557Z Collecting markdown-it-py>=2.2.0 (from rich>=13.7.1->rich-toolkit>=0.14.8->fastapi-cli>=0.0.2->fastapi==0.111.0->-r services/api/requirements.txt (line 3))
2025-08-19T22:47:54.2041917Z   Using cached markdown_it_py-4.0.0-py3-none-any.whl.metadata (7.3 kB)
2025-08-19T22:47:54.2263075Z Collecting pygments<3.0.0,>=2.13.0 (from rich>=13.7.1->rich-toolkit>=0.14.8->fastapi-cli>=0.0.2->fastapi==0.111.0->-r services/api/requirements.txt (line 3))
2025-08-19T22:47:54.2274582Z   Using cached pygments-2.19.2-py3-none-any.whl.metadata (2.5 kB)
2025-08-19T22:47:54.2378952Z Collecting mdurl~=0.1 (from markdown-it-py>=2.2.0->rich>=13.7.1->rich-toolkit>=0.14.8->fastapi-cli>=0.0.2->fastapi==0.111.0->-r services/api/requirements.txt (line 3))
2025-08-19T22:47:54.2390168Z   Using cached mdurl-0.1.2-py3-none-any.whl.metadata (1.6 kB)
2025-08-19T22:47:54.2559245Z Collecting shellingham>=1.3.0 (from typer>=0.15.1->fastapi-cli>=0.0.2->fastapi==0.111.0->-r services/api/requirements.txt (line 3))
2025-08-19T22:47:54.2570786Z   Using cached shellingham-1.5.4-py2.py3-none-any.whl.metadata (3.5 kB)
2025-08-19T22:47:54.3004337Z Collecting httptools>=0.5.0 (from uvicorn[standard]>=0.12.0->fastapi==0.111.0->-r services/api/requirements.txt (line 3))
2025-08-19T22:47:54.3016635Z   Using cached httptools-0.6.4-cp312-cp312-manylinux_2_5_x86_64.manylinux1_x86_64.manylinux_2_17_x86_64.manylinux2014_x86_64.whl.metadata (3.6 kB)
2025-08-19T22:47:54.3046860Z Requirement already satisfied: pyyaml>=5.1 in /opt/hostedtoolcache/Python/3.12.11/x64/lib/python3.12/site-packages (from uvicorn[standard]>=0.12.0->fastapi==0.111.0->-r services/api/requirements.txt (line 3)) (6.0.2)
2025-08-19T22:47:54.3846604Z Collecting uvloop!=0.15.0,!=0.15.1,>=0.14.0 (from uvicorn[standard]>=0.12.0->fastapi==0.111.0->-r services/api/requirements.txt (line 3))
2025-08-19T22:47:54.3860180Z   Using cached uvloop-0.21.0-cp312-cp312-manylinux_2_17_x86_64.manylinux2014_x86_64.whl.metadata (4.9 kB)
2025-08-19T22:47:54.4579960Z Collecting watchfiles>=0.13 (from uvicorn[standard]>=0.12.0->fastapi==0.111.0->-r services/api/requirements.txt (line 3))
2025-08-19T22:47:54.4592459Z   Using cached watchfiles-1.1.0-cp312-cp312-manylinux_2_17_x86_64.manylinux2014_x86_64.whl.metadata (4.9 kB)
2025-08-19T22:47:54.5414393Z Collecting websockets>=10.4 (from uvicorn[standard]>=0.12.0->fastapi==0.111.0->-r services/api/requirements.txt (line 3))
2025-08-19T22:47:54.5427650Z   Using cached websockets-15.0.1-cp312-cp312-manylinux_2_5_x86_64.manylinux1_x86_64.manylinux_2_17_x86_64.manylinux2014_x86_64.whl.metadata (6.8 kB)
2025-08-19T22:47:54.5701241Z Using cached uvicorn-0.29.0-py3-none-any.whl (60 kB)
2025-08-19T22:47:54.5713066Z Using cached fastapi-0.111.0-py3-none-any.whl (91 kB)
2025-08-19T22:47:54.5725565Z Using cached SQLAlchemy-2.0.29-cp312-cp312-manylinux_2_17_x86_64.manylinux2014_x86_64.whl (3.2 MB)
2025-08-19T22:47:54.5760451Z Using cached alembic-1.13.1-py3-none-any.whl (233 kB)
2025-08-19T22:47:54.5773753Z Using cached psycopg-3.2.9-py3-none-any.whl (202 kB)
2025-08-19T22:47:54.5785688Z Using cached httpx-0.27.2-py3-none-any.whl (76 kB)
2025-08-19T22:47:54.5797770Z Using cached asyncpg-0.29.0-cp312-cp312-manylinux_2_17_x86_64.manylinux2014_x86_64.whl (3.3 MB)
2025-08-19T22:47:54.5833511Z Using cached boto3-1.34.162-py3-none-any.whl (139 kB)
2025-08-19T22:47:54.5845681Z Using cached jinja2-3.1.5-py3-none-any.whl (134 kB)
2025-08-19T22:47:54.5857731Z Using cached structlog-24.1.0-py3-none-any.whl (65 kB)
2025-08-19T22:47:54.5869877Z Using cached asgi_correlation_id-4.3.1-py3-none-any.whl (15 kB)
2025-08-19T22:47:54.5881122Z Using cached fastapi_limiter-0.1.6-py3-none-any.whl (15 kB)
2025-08-19T22:47:54.5892237Z Using cached redis-5.0.8-py3-none-any.whl (255 kB)
2025-08-19T22:47:54.5904962Z Using cached sentry_sdk-2.9.0-py2.py3-none-any.whl (301 kB)
2025-08-19T22:47:54.5918535Z Using cached psycopg_binary-3.2.9-cp312-cp312-manylinux_2_17_x86_64.manylinux2014_x86_64.whl (4.4 MB)
2025-08-19T22:47:54.5961929Z Using cached botocore-1.34.162-py3-none-any.whl (12.5 MB)
2025-08-19T22:47:54.6064473Z Using cached httpcore-1.0.9-py3-none-any.whl (78 kB)
2025-08-19T22:47:54.6078091Z Using cached s3transfer-0.10.4-py3-none-any.whl (83 kB)
2025-08-19T22:47:54.6090143Z Using cached starlette-0.37.2-py3-none-any.whl (71 kB)
2025-08-19T22:47:54.6101851Z Using cached anyio-4.10.0-py3-none-any.whl (107 kB)
2025-08-19T22:47:54.6113818Z Using cached email_validator-2.2.0-py3-none-any.whl (33 kB)
2025-08-19T22:47:54.6125275Z Using cached dnspython-2.7.0-py3-none-any.whl (313 kB)
2025-08-19T22:47:54.6138874Z Using cached fastapi_cli-0.0.8-py3-none-any.whl (10 kB)
2025-08-19T22:47:54.6150532Z Using cached greenlet-3.2.4-cp312-cp312-manylinux_2_24_x86_64.manylinux_2_28_x86_64.whl (607 kB)
2025-08-19T22:47:54.6165979Z Using cached h11-0.16.0-py3-none-any.whl (37 kB)
2025-08-19T22:47:54.6177933Z Using cached MarkupSafe-3.0.2-cp312-cp312-manylinux_2_17_x86_64.manylinux2014_x86_64.whl (23 kB)
2025-08-19T22:47:54.6189450Z Using cached orjson-3.11.2-cp312-cp312-manylinux_2_17_x86_64.manylinux2014_x86_64.whl (121 kB)
2025-08-19T22:47:54.6201440Z Using cached python_multipart-0.0.20-py3-none-any.whl (24 kB)
2025-08-19T22:47:54.6212565Z Using cached rich_toolkit-0.15.0-py3-none-any.whl (29 kB)
2025-08-19T22:47:54.6223881Z Using cached rich-14.1.0-py3-none-any.whl (243 kB)
2025-08-19T22:47:54.6236661Z Using cached pygments-2.19.2-py3-none-any.whl (1.2 MB)
2025-08-19T22:47:54.6256953Z Using cached markdown_it_py-4.0.0-py3-none-any.whl (87 kB)
2025-08-19T22:47:54.6268934Z Using cached mdurl-0.1.2-py3-none-any.whl (10.0 kB)
2025-08-19T22:47:54.6280229Z Using cached sniffio-1.3.1-py3-none-any.whl (10 kB)
2025-08-19T22:47:54.6291365Z Using cached typer-0.16.1-py3-none-any.whl (46 kB)
2025-08-19T22:47:54.6302726Z Using cached shellingham-1.5.4-py2.py3-none-any.whl (9.8 kB)
2025-08-19T22:47:54.6314464Z Using cached ujson-5.10.0-cp312-cp312-manylinux_2_17_x86_64.manylinux2014_x86_64.whl (53 kB)
2025-08-19T22:47:54.6326567Z Using cached httptools-0.6.4-cp312-cp312-manylinux_2_5_x86_64.manylinux1_x86_64.manylinux_2_17_x86_64.manylinux2014_x86_64.whl (510 kB)
2025-08-19T22:47:54.6341673Z Using cached uvloop-0.21.0-cp312-cp312-manylinux_2_17_x86_64.manylinux2014_x86_64.whl (4.7 MB)
2025-08-19T22:47:54.6387442Z Using cached watchfiles-1.1.0-cp312-cp312-manylinux_2_17_x86_64.manylinux2014_x86_64.whl (452 kB)
2025-08-19T22:47:54.6402587Z Using cached websockets-15.0.1-cp312-cp312-manylinux_2_5_x86_64.manylinux1_x86_64.manylinux_2_17_x86_64.manylinux2014_x86_64.whl (182 kB)
2025-08-19T22:47:54.6414735Z Using cached mako-1.3.10-py3-none-any.whl (78 kB)
2025-08-19T22:47:54.8480849Z Installing collected packages: websockets, uvloop, ujson, structlog, sniffio, shellingham, sentry-sdk, redis, python-multipart, pygments, psycopg-binary, psycopg, orjson, mdurl, MarkupSafe, httptools, h11, greenlet, dnspython, asyncpg, uvicorn, sqlalchemy, markdown-it-py, Mako, Jinja2, httpcore, email_validator, botocore, anyio, watchfiles, starlette, s3transfer, rich, httpx, alembic, typer, rich-toolkit, boto3, asgi-correlation-id, fastapi-cli, fastapi, fastapi-limiter
2025-08-19T22:47:55.2861223Z   Attempting uninstall: redis
2025-08-19T22:47:55.2892588Z     Found existing installation: redis 5.3.1
2025-08-19T22:47:55.2971732Z     Uninstalling redis-5.3.1:
2025-08-19T22:47:55.2988679Z       Successfully uninstalled redis-5.3.1
2025-08-19T22:47:58.2454946Z   Attempting uninstall: botocore
2025-08-19T22:47:58.2487895Z     Found existing installation: botocore 1.40.13
2025-08-19T22:47:58.3115163Z     Uninstalling botocore-1.40.13:
2025-08-19T22:47:58.3356693Z       Successfully uninstalled botocore-1.40.13
2025-08-19T22:47:59.0993077Z   Attempting uninstall: s3transfer
2025-08-19T22:47:59.1038282Z     Found existing installation: s3transfer 0.13.1
2025-08-19T22:47:59.1064489Z     Uninstalling s3transfer-0.13.1:
2025-08-19T22:47:59.1076486Z       Successfully uninstalled s3transfer-0.13.1
2025-08-19T22:47:59.6045539Z   Attempting uninstall: boto3
2025-08-19T22:47:59.6079291Z     Found existing installation: boto3 1.40.13
2025-08-19T22:47:59.6139303Z     Uninstalling boto3-1.40.13:
2025-08-19T22:47:59.6157535Z       Successfully uninstalled boto3-1.40.13
2025-08-19T22:47:59.7710451Z 
2025-08-19T22:47:59.7795987Z Successfully installed Jinja2-3.1.5 Mako-1.3.10 MarkupSafe-3.0.2 alembic-1.13.1 anyio-4.10.0 asgi-correlation-id-4.3.1 asyncpg-0.29.0 boto3-1.34.162 botocore-1.34.162 dnspython-2.7.0 email_validator-2.2.0 fastapi-0.111.0 fastapi-cli-0.0.8 fastapi-limiter-0.1.6 greenlet-3.2.4 h11-0.16.0 httpcore-1.0.9 httptools-0.6.4 httpx-0.27.2 markdown-it-py-4.0.0 mdurl-0.1.2 orjson-3.11.2 psycopg-3.2.9 psycopg-binary-3.2.9 pygments-2.19.2 python-multipart-0.0.20 redis-5.0.8 rich-14.1.0 rich-toolkit-0.15.0 s3transfer-0.10.4 sentry-sdk-2.9.0 shellingham-1.5.4 sniffio-1.3.1 sqlalchemy-2.0.29 starlette-0.37.2 structlog-24.1.0 typer-0.16.1 ujson-5.10.0 uvicorn-0.29.0 uvloop-0.21.0 watchfiles-1.1.0 websockets-15.0.1
2025-08-19T22:48:00.4138873Z Requirement already satisfied: uvicorn==0.29.0 in /opt/hostedtoolcache/Python/3.12.11/x64/lib/python3.12/site-packages (from -r services/repricer/requirements.txt (line 1)) (0.29.0)
2025-08-19T22:48:00.4143065Z Requirement already satisfied: pydantic-settings==2.2.1 in /opt/hostedtoolcache/Python/3.12.11/x64/lib/python3.12/site-packages (from -r services/repricer/requirements.txt (line 2)) (2.2.1)
2025-08-19T22:48:00.4146867Z Requirement already satisfied: python-amazon-sp-api==0.8.0 in /opt/hostedtoolcache/Python/3.12.11/x64/lib/python3.12/site-packages (from -r services/repricer/requirements.txt (line 3)) (0.8.0)
2025-08-19T22:48:00.4151086Z Requirement already satisfied: fastapi==0.111.0 in /opt/hostedtoolcache/Python/3.12.11/x64/lib/python3.12/site-packages (from -r services/repricer/requirements.txt (line 4)) (0.111.0)
2025-08-19T22:48:00.4154978Z Requirement already satisfied: sqlalchemy==2.0.29 in /opt/hostedtoolcache/Python/3.12.11/x64/lib/python3.12/site-packages (from -r services/repricer/requirements.txt (line 5)) (2.0.29)
2025-08-19T22:48:00.4166038Z Requirement already satisfied: click>=7.0 in /opt/hostedtoolcache/Python/3.12.11/x64/lib/python3.12/site-packages (from uvicorn==0.29.0->-r services/repricer/requirements.txt (line 1)) (8.2.1)
2025-08-19T22:48:00.4171866Z Requirement already satisfied: h11>=0.8 in /opt/hostedtoolcache/Python/3.12.11/x64/lib/python3.12/site-packages (from uvicorn==0.29.0->-r services/repricer/requirements.txt (line 1)) (0.16.0)
2025-08-19T22:48:00.4194653Z Requirement already satisfied: pydantic>=2.3.0 in /opt/hostedtoolcache/Python/3.12.11/x64/lib/python3.12/site-packages (from pydantic-settings==2.2.1->-r services/repricer/requirements.txt (line 2)) (2.11.7)
2025-08-19T22:48:00.4200082Z Requirement already satisfied: python-dotenv>=0.21.0 in /opt/hostedtoolcache/Python/3.12.11/x64/lib/python3.12/site-packages (from pydantic-settings==2.2.1->-r services/repricer/requirements.txt (line 2)) (1.1.1)
2025-08-19T22:48:00.4211109Z Requirement already satisfied: requests in /opt/hostedtoolcache/Python/3.12.11/x64/lib/python3.12/site-packages (from python-amazon-sp-api==0.8.0->-r services/repricer/requirements.txt (line 3)) (2.32.5)
2025-08-19T22:48:00.4217582Z Requirement already satisfied: six<2,>=1.15 in /opt/hostedtoolcache/Python/3.12.11/x64/lib/python3.12/site-packages (from python-amazon-sp-api==0.8.0->-r services/repricer/requirements.txt (line 3)) (1.17.0)
2025-08-19T22:48:00.4224835Z Requirement already satisfied: boto3<2,>=1.16.39 in /opt/hostedtoolcache/Python/3.12.11/x64/lib/python3.12/site-packages (from python-amazon-sp-api==0.8.0->-r services/repricer/requirements.txt (line 3)) (1.34.162)
2025-08-19T22:48:00.4231196Z Requirement already satisfied: cachetools~=4.2.0 in /opt/hostedtoolcache/Python/3.12.11/x64/lib/python3.12/site-packages (from python-amazon-sp-api==0.8.0->-r services/repricer/requirements.txt (line 3)) (4.2.4)
2025-08-19T22:48:00.4234929Z Requirement already satisfied: pycryptodome in /opt/hostedtoolcache/Python/3.12.11/x64/lib/python3.12/site-packages (from python-amazon-sp-api==0.8.0->-r services/repricer/requirements.txt (line 3)) (3.23.0)
2025-08-19T22:48:00.4238599Z Requirement already satisfied: pytz in /opt/hostedtoolcache/Python/3.12.11/x64/lib/python3.12/site-packages (from python-amazon-sp-api==0.8.0->-r services/repricer/requirements.txt (line 3)) (2025.2)
2025-08-19T22:48:00.4244554Z Requirement already satisfied: confuse~=1.4.0 in /opt/hostedtoolcache/Python/3.12.11/x64/lib/python3.12/site-packages (from python-amazon-sp-api==0.8.0->-r services/repricer/requirements.txt (line 3)) (1.4.0)
2025-08-19T22:48:00.4259896Z Requirement already satisfied: starlette<0.38.0,>=0.37.2 in /opt/hostedtoolcache/Python/3.12.11/x64/lib/python3.12/site-packages (from fastapi==0.111.0->-r services/repricer/requirements.txt (line 4)) (0.37.2)
2025-08-19T22:48:00.4269486Z Requirement already satisfied: typing-extensions>=4.8.0 in /opt/hostedtoolcache/Python/3.12.11/x64/lib/python3.12/site-packages (from fastapi==0.111.0->-r services/repricer/requirements.txt (line 4)) (4.14.1)
2025-08-19T22:48:00.4274171Z Requirement already satisfied: fastapi-cli>=0.0.2 in /opt/hostedtoolcache/Python/3.12.11/x64/lib/python3.12/site-packages (from fastapi==0.111.0->-r services/repricer/requirements.txt (line 4)) (0.0.8)
2025-08-19T22:48:00.4279008Z Requirement already satisfied: httpx>=0.23.0 in /opt/hostedtoolcache/Python/3.12.11/x64/lib/python3.12/site-packages (from fastapi==0.111.0->-r services/repricer/requirements.txt (line 4)) (0.27.2)
2025-08-19T22:48:00.4284208Z Requirement already satisfied: jinja2>=2.11.2 in /opt/hostedtoolcache/Python/3.12.11/x64/lib/python3.12/site-packages (from fastapi==0.111.0->-r services/repricer/requirements.txt (line 4)) (3.1.5)
2025-08-19T22:48:00.4289125Z Requirement already satisfied: python-multipart>=0.0.7 in /opt/hostedtoolcache/Python/3.12.11/x64/lib/python3.12/site-packages (from fastapi==0.111.0->-r services/repricer/requirements.txt (line 4)) (0.0.20)
2025-08-19T22:48:00.4296598Z Requirement already satisfied: ujson!=4.0.2,!=4.1.0,!=4.2.0,!=4.3.0,!=5.0.0,!=5.1.0,>=4.0.1 in /opt/hostedtoolcache/Python/3.12.11/x64/lib/python3.12/site-packages (from fastapi==0.111.0->-r services/repricer/requirements.txt (line 4)) (5.10.0)
2025-08-19T22:48:00.4301632Z Requirement already satisfied: orjson>=3.2.1 in /opt/hostedtoolcache/Python/3.12.11/x64/lib/python3.12/site-packages (from fastapi==0.111.0->-r services/repricer/requirements.txt (line 4)) (3.11.2)
2025-08-19T22:48:00.4306292Z Requirement already satisfied: email_validator>=2.0.0 in /opt/hostedtoolcache/Python/3.12.11/x64/lib/python3.12/site-packages (from fastapi==0.111.0->-r services/repricer/requirements.txt (line 4)) (2.2.0)
2025-08-19T22:48:00.4353344Z Requirement already satisfied: greenlet!=0.4.17 in /opt/hostedtoolcache/Python/3.12.11/x64/lib/python3.12/site-packages (from sqlalchemy==2.0.29->-r services/repricer/requirements.txt (line 5)) (3.2.4)
2025-08-19T22:48:00.4398674Z Requirement already satisfied: botocore<1.35.0,>=1.34.162 in /opt/hostedtoolcache/Python/3.12.11/x64/lib/python3.12/site-packages (from boto3<2,>=1.16.39->python-amazon-sp-api==0.8.0->-r services/repricer/requirements.txt (line 3)) (1.34.162)
2025-08-19T22:48:00.4404931Z Requirement already satisfied: jmespath<2.0.0,>=0.7.1 in /opt/hostedtoolcache/Python/3.12.11/x64/lib/python3.12/site-packages (from boto3<2,>=1.16.39->python-amazon-sp-api==0.8.0->-r services/repricer/requirements.txt (line 3)) (1.0.1)
2025-08-19T22:48:00.4411702Z Requirement already satisfied: s3transfer<0.11.0,>=0.10.0 in /opt/hostedtoolcache/Python/3.12.11/x64/lib/python3.12/site-packages (from boto3<2,>=1.16.39->python-amazon-sp-api==0.8.0->-r services/repricer/requirements.txt (line 3)) (0.10.4)
2025-08-19T22:48:00.4428799Z Requirement already satisfied: python-dateutil<3.0.0,>=2.1 in /opt/hostedtoolcache/Python/3.12.11/x64/lib/python3.12/site-packages (from botocore<1.35.0,>=1.34.162->boto3<2,>=1.16.39->python-amazon-sp-api==0.8.0->-r services/repricer/requirements.txt (line 3)) (2.9.0.post0)
2025-08-19T22:48:00.4441463Z Requirement already satisfied: urllib3!=2.2.0,<3,>=1.25.4 in /opt/hostedtoolcache/Python/3.12.11/x64/lib/python3.12/site-packages (from botocore<1.35.0,>=1.34.162->boto3<2,>=1.16.39->python-amazon-sp-api==0.8.0->-r services/repricer/requirements.txt (line 3)) (2.5.0)
2025-08-19T22:48:00.4460339Z Requirement already satisfied: pyyaml in /opt/hostedtoolcache/Python/3.12.11/x64/lib/python3.12/site-packages (from confuse~=1.4.0->python-amazon-sp-api==0.8.0->-r services/repricer/requirements.txt (line 3)) (6.0.2)
2025-08-19T22:48:00.4492670Z Requirement already satisfied: annotated-types>=0.6.0 in /opt/hostedtoolcache/Python/3.12.11/x64/lib/python3.12/site-packages (from pydantic>=2.3.0->pydantic-settings==2.2.1->-r services/repricer/requirements.txt (line 2)) (0.7.0)
2025-08-19T22:48:00.4497559Z Requirement already satisfied: pydantic-core==2.33.2 in /opt/hostedtoolcache/Python/3.12.11/x64/lib/python3.12/site-packages (from pydantic>=2.3.0->pydantic-settings==2.2.1->-r services/repricer/requirements.txt (line 2)) (2.33.2)
2025-08-19T22:48:00.4504559Z Requirement already satisfied: typing-inspection>=0.4.0 in /opt/hostedtoolcache/Python/3.12.11/x64/lib/python3.12/site-packages (from pydantic>=2.3.0->pydantic-settings==2.2.1->-r services/repricer/requirements.txt (line 2)) (0.4.1)
2025-08-19T22:48:00.4566049Z Requirement already satisfied: anyio<5,>=3.4.0 in /opt/hostedtoolcache/Python/3.12.11/x64/lib/python3.12/site-packages (from starlette<0.38.0,>=0.37.2->fastapi==0.111.0->-r services/repricer/requirements.txt (line 4)) (4.10.0)
2025-08-19T22:48:00.4586251Z Requirement already satisfied: idna>=2.8 in /opt/hostedtoolcache/Python/3.12.11/x64/lib/python3.12/site-packages (from anyio<5,>=3.4.0->starlette<0.38.0,>=0.37.2->fastapi==0.111.0->-r services/repricer/requirements.txt (line 4)) (3.10)
2025-08-19T22:48:00.4592107Z Requirement already satisfied: sniffio>=1.1 in /opt/hostedtoolcache/Python/3.12.11/x64/lib/python3.12/site-packages (from anyio<5,>=3.4.0->starlette<0.38.0,>=0.37.2->fastapi==0.111.0->-r services/repricer/requirements.txt (line 4)) (1.3.1)
2025-08-19T22:48:00.4648567Z Requirement already satisfied: dnspython>=2.0.0 in /opt/hostedtoolcache/Python/3.12.11/x64/lib/python3.12/site-packages (from email_validator>=2.0.0->fastapi==0.111.0->-r services/repricer/requirements.txt (line 4)) (2.7.0)
2025-08-19T22:48:00.4698223Z Requirement already satisfied: typer>=0.15.1 in /opt/hostedtoolcache/Python/3.12.11/x64/lib/python3.12/site-packages (from fastapi-cli>=0.0.2->fastapi==0.111.0->-r services/repricer/requirements.txt (line 4)) (0.16.1)
2025-08-19T22:48:00.4709182Z Requirement already satisfied: rich-toolkit>=0.14.8 in /opt/hostedtoolcache/Python/3.12.11/x64/lib/python3.12/site-packages (from fastapi-cli>=0.0.2->fastapi==0.111.0->-r services/repricer/requirements.txt (line 4)) (0.15.0)
2025-08-19T22:48:00.4750228Z Requirement already satisfied: certifi in /opt/hostedtoolcache/Python/3.12.11/x64/lib/python3.12/site-packages (from httpx>=0.23.0->fastapi==0.111.0->-r services/repricer/requirements.txt (line 4)) (2025.8.3)
2025-08-19T22:48:00.4755366Z Requirement already satisfied: httpcore==1.* in /opt/hostedtoolcache/Python/3.12.11/x64/lib/python3.12/site-packages (from httpx>=0.23.0->fastapi==0.111.0->-r services/repricer/requirements.txt (line 4)) (1.0.9)
2025-08-19T22:48:00.4811864Z Requirement already satisfied: MarkupSafe>=2.0 in /opt/hostedtoolcache/Python/3.12.11/x64/lib/python3.12/site-packages (from jinja2>=2.11.2->fastapi==0.111.0->-r services/repricer/requirements.txt (line 4)) (3.0.2)
2025-08-19T22:48:00.4869837Z Requirement already satisfied: rich>=13.7.1 in /opt/hostedtoolcache/Python/3.12.11/x64/lib/python3.12/site-packages (from rich-toolkit>=0.14.8->fastapi-cli>=0.0.2->fastapi==0.111.0->-r services/repricer/requirements.txt (line 4)) (14.1.0)
2025-08-19T22:48:00.4892394Z Requirement already satisfied: markdown-it-py>=2.2.0 in /opt/hostedtoolcache/Python/3.12.11/x64/lib/python3.12/site-packages (from rich>=13.7.1->rich-toolkit>=0.14.8->fastapi-cli>=0.0.2->fastapi==0.111.0->-r services/repricer/requirements.txt (line 4)) (4.0.0)
2025-08-19T22:48:00.4898708Z Requirement already satisfied: pygments<3.0.0,>=2.13.0 in /opt/hostedtoolcache/Python/3.12.11/x64/lib/python3.12/site-packages (from rich>=13.7.1->rich-toolkit>=0.14.8->fastapi-cli>=0.0.2->fastapi==0.111.0->-r services/repricer/requirements.txt (line 4)) (2.19.2)
2025-08-19T22:48:00.4925486Z Requirement already satisfied: mdurl~=0.1 in /opt/hostedtoolcache/Python/3.12.11/x64/lib/python3.12/site-packages (from markdown-it-py>=2.2.0->rich>=13.7.1->rich-toolkit>=0.14.8->fastapi-cli>=0.0.2->fastapi==0.111.0->-r services/repricer/requirements.txt (line 4)) (0.1.2)
2025-08-19T22:48:00.4990370Z Requirement already satisfied: shellingham>=1.3.0 in /opt/hostedtoolcache/Python/3.12.11/x64/lib/python3.12/site-packages (from typer>=0.15.1->fastapi-cli>=0.0.2->fastapi==0.111.0->-r services/repricer/requirements.txt (line 4)) (1.5.4)
2025-08-19T22:48:00.5061768Z Requirement already satisfied: httptools>=0.5.0 in /opt/hostedtoolcache/Python/3.12.11/x64/lib/python3.12/site-packages (from uvicorn[standard]>=0.12.0->fastapi==0.111.0->-r services/repricer/requirements.txt (line 4)) (0.6.4)
2025-08-19T22:48:00.5077569Z Requirement already satisfied: uvloop!=0.15.0,!=0.15.1,>=0.14.0 in /opt/hostedtoolcache/Python/3.12.11/x64/lib/python3.12/site-packages (from uvicorn[standard]>=0.12.0->fastapi==0.111.0->-r services/repricer/requirements.txt (line 4)) (0.21.0)
2025-08-19T22:48:00.5085963Z Requirement already satisfied: watchfiles>=0.13 in /opt/hostedtoolcache/Python/3.12.11/x64/lib/python3.12/site-packages (from uvicorn[standard]>=0.12.0->fastapi==0.111.0->-r services/repricer/requirements.txt (line 4)) (1.1.0)
2025-08-19T22:48:00.5093338Z Requirement already satisfied: websockets>=10.4 in /opt/hostedtoolcache/Python/3.12.11/x64/lib/python3.12/site-packages (from uvicorn[standard]>=0.12.0->fastapi==0.111.0->-r services/repricer/requirements.txt (line 4)) (15.0.1)
2025-08-19T22:48:00.5223258Z Requirement already satisfied: charset_normalizer<4,>=2 in /opt/hostedtoolcache/Python/3.12.11/x64/lib/python3.12/site-packages (from requests->python-amazon-sp-api==0.8.0->-r services/repricer/requirements.txt (line 3)) (3.4.3)
2025-08-19T22:48:01.1345001Z Collecting celery==5.4.* (from celery[redis]==5.4.*->-r services/fees_h10/requirements.txt (line 1))
2025-08-19T22:48:01.1358696Z   Using cached celery-5.4.0-py3-none-any.whl.metadata (21 kB)
2025-08-19T22:48:01.1569896Z Requirement already satisfied: asyncpg in /opt/hostedtoolcache/Python/3.12.11/x64/lib/python3.12/site-packages (from -r services/fees_h10/requirements.txt (line 2)) (0.29.0)
2025-08-19T22:48:01.1574329Z Requirement already satisfied: httpx in /opt/hostedtoolcache/Python/3.12.11/x64/lib/python3.12/site-packages (from -r services/fees_h10/requirements.txt (line 3)) (0.27.2)
2025-08-19T22:48:01.1578474Z Requirement already satisfied: sqlalchemy in /opt/hostedtoolcache/Python/3.12.11/x64/lib/python3.12/site-packages (from -r services/fees_h10/requirements.txt (line 4)) (2.0.29)
2025-08-19T22:48:01.1592168Z Requirement already satisfied: billiard<5.0,>=4.2.0 in /opt/hostedtoolcache/Python/3.12.11/x64/lib/python3.12/site-packages (from celery==5.4.*->celery[redis]==5.4.*->-r services/fees_h10/requirements.txt (line 1)) (4.2.1)
2025-08-19T22:48:01.1598712Z Requirement already satisfied: kombu<6.0,>=5.3.4 in /opt/hostedtoolcache/Python/3.12.11/x64/lib/python3.12/site-packages (from celery==5.4.*->celery[redis]==5.4.*->-r services/fees_h10/requirements.txt (line 1)) (5.5.4)
2025-08-19T22:48:01.1605053Z Requirement already satisfied: vine<6.0,>=5.1.0 in /opt/hostedtoolcache/Python/3.12.11/x64/lib/python3.12/site-packages (from celery==5.4.*->celery[redis]==5.4.*->-r services/fees_h10/requirements.txt (line 1)) (5.1.0)
2025-08-19T22:48:01.1611575Z Requirement already satisfied: click<9.0,>=8.1.2 in /opt/hostedtoolcache/Python/3.12.11/x64/lib/python3.12/site-packages (from celery==5.4.*->celery[redis]==5.4.*->-r services/fees_h10/requirements.txt (line 1)) (8.2.1)
2025-08-19T22:48:01.1617704Z Requirement already satisfied: click-didyoumean>=0.3.0 in /opt/hostedtoolcache/Python/3.12.11/x64/lib/python3.12/site-packages (from celery==5.4.*->celery[redis]==5.4.*->-r services/fees_h10/requirements.txt (line 1)) (0.3.1)
2025-08-19T22:48:01.1623787Z Requirement already satisfied: click-repl>=0.2.0 in /opt/hostedtoolcache/Python/3.12.11/x64/lib/python3.12/site-packages (from celery==5.4.*->celery[redis]==5.4.*->-r services/fees_h10/requirements.txt (line 1)) (0.3.0)
2025-08-19T22:48:01.1629818Z Requirement already satisfied: click-plugins>=1.1.1 in /opt/hostedtoolcache/Python/3.12.11/x64/lib/python3.12/site-packages (from celery==5.4.*->celery[redis]==5.4.*->-r services/fees_h10/requirements.txt (line 1)) (1.1.1.2)
2025-08-19T22:48:01.1635540Z Requirement already satisfied: tzdata>=2022.7 in /opt/hostedtoolcache/Python/3.12.11/x64/lib/python3.12/site-packages (from celery==5.4.*->celery[redis]==5.4.*->-r services/fees_h10/requirements.txt (line 1)) (2025.2)
2025-08-19T22:48:01.1641826Z Requirement already satisfied: python-dateutil>=2.8.2 in /opt/hostedtoolcache/Python/3.12.11/x64/lib/python3.12/site-packages (from celery==5.4.*->celery[redis]==5.4.*->-r services/fees_h10/requirements.txt (line 1)) (2.9.0.post0)
2025-08-19T22:48:01.1681879Z Requirement already satisfied: redis!=4.5.5,<6.0.0,>=4.5.2 in /opt/hostedtoolcache/Python/3.12.11/x64/lib/python3.12/site-packages (from celery[redis]==5.4.*->-r services/fees_h10/requirements.txt (line 1)) (5.0.8)
2025-08-19T22:48:01.1704017Z Requirement already satisfied: amqp<6.0.0,>=5.1.1 in /opt/hostedtoolcache/Python/3.12.11/x64/lib/python3.12/site-packages (from kombu<6.0,>=5.3.4->celery==5.4.*->celery[redis]==5.4.*->-r services/fees_h10/requirements.txt (line 1)) (5.3.1)
2025-08-19T22:48:01.1715915Z Requirement already satisfied: packaging in /opt/hostedtoolcache/Python/3.12.11/x64/lib/python3.12/site-packages (from kombu<6.0,>=5.3.4->celery==5.4.*->celery[redis]==5.4.*->-r services/fees_h10/requirements.txt (line 1)) (25.0)
2025-08-19T22:48:01.1801542Z Requirement already satisfied: anyio in /opt/hostedtoolcache/Python/3.12.11/x64/lib/python3.12/site-packages (from httpx->-r services/fees_h10/requirements.txt (line 3)) (4.10.0)
2025-08-19T22:48:01.1806176Z Requirement already satisfied: certifi in /opt/hostedtoolcache/Python/3.12.11/x64/lib/python3.12/site-packages (from httpx->-r services/fees_h10/requirements.txt (line 3)) (2025.8.3)
2025-08-19T22:48:01.1812290Z Requirement already satisfied: httpcore==1.* in /opt/hostedtoolcache/Python/3.12.11/x64/lib/python3.12/site-packages (from httpx->-r services/fees_h10/requirements.txt (line 3)) (1.0.9)
2025-08-19T22:48:01.1816920Z Requirement already satisfied: idna in /opt/hostedtoolcache/Python/3.12.11/x64/lib/python3.12/site-packages (from httpx->-r services/fees_h10/requirements.txt (line 3)) (3.10)
2025-08-19T22:48:01.1821717Z Requirement already satisfied: sniffio in /opt/hostedtoolcache/Python/3.12.11/x64/lib/python3.12/site-packages (from httpx->-r services/fees_h10/requirements.txt (line 3)) (1.3.1)
2025-08-19T22:48:01.1846631Z Requirement already satisfied: h11>=0.16 in /opt/hostedtoolcache/Python/3.12.11/x64/lib/python3.12/site-packages (from httpcore==1.*->httpx->-r services/fees_h10/requirements.txt (line 3)) (0.16.0)
2025-08-19T22:48:01.1866302Z Requirement already satisfied: typing-extensions>=4.6.0 in /opt/hostedtoolcache/Python/3.12.11/x64/lib/python3.12/site-packages (from sqlalchemy->-r services/fees_h10/requirements.txt (line 4)) (4.14.1)
2025-08-19T22:48:01.1880727Z Requirement already satisfied: greenlet!=0.4.17 in /opt/hostedtoolcache/Python/3.12.11/x64/lib/python3.12/site-packages (from sqlalchemy->-r services/fees_h10/requirements.txt (line 4)) (3.2.4)
2025-08-19T22:48:01.1951374Z Requirement already satisfied: prompt-toolkit>=3.0.36 in /opt/hostedtoolcache/Python/3.12.11/x64/lib/python3.12/site-packages (from click-repl>=0.2.0->celery==5.4.*->celery[redis]==5.4.*->-r services/fees_h10/requirements.txt (line 1)) (3.0.51)
2025-08-19T22:48:01.1987802Z Requirement already satisfied: wcwidth in /opt/hostedtoolcache/Python/3.12.11/x64/lib/python3.12/site-packages (from prompt-toolkit>=3.0.36->click-repl>=0.2.0->celery==5.4.*->celery[redis]==5.4.*->-r services/fees_h10/requirements.txt (line 1)) (0.2.13)
2025-08-19T22:48:01.2001634Z Requirement already satisfied: six>=1.5 in /opt/hostedtoolcache/Python/3.12.11/x64/lib/python3.12/site-packages (from python-dateutil>=2.8.2->celery==5.4.*->celery[redis]==5.4.*->-r services/fees_h10/requirements.txt (line 1)) (1.17.0)
2025-08-19T22:48:01.2117509Z Using cached celery-5.4.0-py3-none-any.whl (425 kB)
2025-08-19T22:48:01.3417428Z Installing collected packages: celery
2025-08-19T22:48:01.3418515Z   Attempting uninstall: celery
2025-08-19T22:48:01.3464187Z     Found existing installation: celery 5.3.6
2025-08-19T22:48:01.3610450Z     Uninstalling celery-5.3.6:
2025-08-19T22:48:01.3638508Z       Successfully uninstalled celery-5.3.6
2025-08-19T22:48:01.6819920Z Successfully installed celery-5.4.0
2025-08-19T22:48:02.1780204Z Collecting python-telegram-bot==20.8 (from -r services/alert_bot/requirements.txt (line 1))
2025-08-19T22:48:02.1793490Z   Using cached python_telegram_bot-20.8-py3-none-any.whl.metadata (15 kB)
2025-08-19T22:48:02.1980704Z Collecting APScheduler==3.10.4 (from -r services/alert_bot/requirements.txt (line 2))
2025-08-19T22:48:02.1992387Z   Using cached APScheduler-3.10.4-py3-none-any.whl.metadata (5.7 kB)
2025-08-19T22:48:02.2036226Z Requirement already satisfied: asyncpg in /opt/hostedtoolcache/Python/3.12.11/x64/lib/python3.12/site-packages (from -r services/alert_bot/requirements.txt (line 3)) (0.29.0)
2025-08-19T22:48:02.2203307Z Collecting httpx~=0.26.0 (from python-telegram-bot==20.8->-r services/alert_bot/requirements.txt (line 1))
2025-08-19T22:48:02.2215223Z   Using cached httpx-0.26.0-py3-none-any.whl.metadata (7.6 kB)
2025-08-19T22:48:02.2255147Z Requirement already satisfied: six>=1.4.0 in /opt/hostedtoolcache/Python/3.12.11/x64/lib/python3.12/site-packages (from APScheduler==3.10.4->-r services/alert_bot/requirements.txt (line 2)) (1.17.0)
2025-08-19T22:48:02.2259791Z Requirement already satisfied: pytz in /opt/hostedtoolcache/Python/3.12.11/x64/lib/python3.12/site-packages (from APScheduler==3.10.4->-r services/alert_bot/requirements.txt (line 2)) (2025.2)
2025-08-19T22:48:02.2392916Z Collecting tzlocal!=3.*,>=2.0 (from APScheduler==3.10.4->-r services/alert_bot/requirements.txt (line 2))
2025-08-19T22:48:02.2404360Z   Using cached tzlocal-5.3.1-py3-none-any.whl.metadata (7.6 kB)
2025-08-19T22:48:02.2435602Z Requirement already satisfied: anyio in /opt/hostedtoolcache/Python/3.12.11/x64/lib/python3.12/site-packages (from httpx~=0.26.0->python-telegram-bot==20.8->-r services/alert_bot/requirements.txt (line 1)) (4.10.0)
2025-08-19T22:48:02.2440423Z Requirement already satisfied: certifi in /opt/hostedtoolcache/Python/3.12.11/x64/lib/python3.12/site-packages (from httpx~=0.26.0->python-telegram-bot==20.8->-r services/alert_bot/requirements.txt (line 1)) (2025.8.3)
2025-08-19T22:48:02.2446124Z Requirement already satisfied: httpcore==1.* in /opt/hostedtoolcache/Python/3.12.11/x64/lib/python3.12/site-packages (from httpx~=0.26.0->python-telegram-bot==20.8->-r services/alert_bot/requirements.txt (line 1)) (1.0.9)
2025-08-19T22:48:02.2450640Z Requirement already satisfied: idna in /opt/hostedtoolcache/Python/3.12.11/x64/lib/python3.12/site-packages (from httpx~=0.26.0->python-telegram-bot==20.8->-r services/alert_bot/requirements.txt (line 1)) (3.10)
2025-08-19T22:48:02.2454959Z Requirement already satisfied: sniffio in /opt/hostedtoolcache/Python/3.12.11/x64/lib/python3.12/site-packages (from httpx~=0.26.0->python-telegram-bot==20.8->-r services/alert_bot/requirements.txt (line 1)) (1.3.1)
2025-08-19T22:48:02.2471055Z Requirement already satisfied: h11>=0.16 in /opt/hostedtoolcache/Python/3.12.11/x64/lib/python3.12/site-packages (from httpcore==1.*->httpx~=0.26.0->python-telegram-bot==20.8->-r services/alert_bot/requirements.txt (line 1)) (0.16.0)
2025-08-19T22:48:02.2521537Z Requirement already satisfied: typing_extensions>=4.5 in /opt/hostedtoolcache/Python/3.12.11/x64/lib/python3.12/site-packages (from anyio->httpx~=0.26.0->python-telegram-bot==20.8->-r services/alert_bot/requirements.txt (line 1)) (4.14.1)
2025-08-19T22:48:02.2572545Z Using cached python_telegram_bot-20.8-py3-none-any.whl (604 kB)
2025-08-19T22:48:02.2589591Z Using cached APScheduler-3.10.4-py3-none-any.whl (59 kB)
2025-08-19T22:48:02.2600856Z Using cached httpx-0.26.0-py3-none-any.whl (75 kB)
2025-08-19T22:48:02.2612174Z Using cached tzlocal-5.3.1-py3-none-any.whl (18 kB)
2025-08-19T22:48:02.4087041Z Installing collected packages: tzlocal, httpx, APScheduler, python-telegram-bot
2025-08-19T22:48:02.4217766Z   Attempting uninstall: httpx
2025-08-19T22:48:02.4249290Z     Found existing installation: httpx 0.27.2
2025-08-19T22:48:02.4287477Z     Uninstalling httpx-0.27.2:
2025-08-19T22:48:02.4300928Z       Successfully uninstalled httpx-0.27.2
2025-08-19T22:48:02.8402860Z 
2025-08-19T22:48:02.8485421Z Successfully installed APScheduler-3.10.4 httpx-0.26.0 python-telegram-bot-20.8 tzlocal-5.3.1
2025-08-19T22:48:03.3440024Z Collecting Jinja2==3.1.6 (from -r requirements-dev.txt (line 2))
2025-08-19T22:48:03.3455041Z   Using cached jinja2-3.1.6-py3-none-any.whl.metadata (2.9 kB)
2025-08-19T22:48:03.3478205Z Requirement already satisfied: alembic==1.13.1 in /opt/hostedtoolcache/Python/3.12.11/x64/lib/python3.12/site-packages (from -r requirements-dev.txt (line 3)) (1.13.1)
2025-08-19T22:48:03.3482916Z Requirement already satisfied: apscheduler==3.10.4 in /opt/hostedtoolcache/Python/3.12.11/x64/lib/python3.12/site-packages (from -r requirements-dev.txt (line 4)) (3.10.4)
2025-08-19T22:48:03.3487098Z Requirement already satisfied: asgi-correlation-id==4.3.1 in /opt/hostedtoolcache/Python/3.12.11/x64/lib/python3.12/site-packages (from -r requirements-dev.txt (line 5)) (4.3.1)
2025-08-19T22:48:03.3843791Z Collecting asyncpg==0.30.0 (from -r requirements-dev.txt (line 6))
2025-08-19T22:48:03.3855684Z   Using cached asyncpg-0.30.0-cp312-cp312-manylinux_2_17_x86_64.manylinux2014_x86_64.whl.metadata (5.0 kB)
2025-08-19T22:48:03.4281405Z Collecting black==25.1.0 (from -r requirements-dev.txt (line 7))
2025-08-19T22:48:03.4292877Z   Using cached black-25.1.0-cp312-cp312-manylinux_2_17_x86_64.manylinux2014_x86_64.manylinux_2_28_x86_64.whl.metadata (81 kB)
2025-08-19T22:48:03.4372256Z Requirement already satisfied: boto3 in /opt/hostedtoolcache/Python/3.12.11/x64/lib/python3.12/site-packages (from -r requirements-dev.txt (line 8)) (1.34.162)
2025-08-19T22:48:03.4773137Z Collecting redis==6.* (from -r requirements-dev.txt (line 9))
2025-08-19T22:48:03.4784159Z   Using cached redis-6.4.0-py3-none-any.whl.metadata (10 kB)
2025-08-19T22:48:03.4815052Z Requirement already satisfied: minio==7.* in /opt/hostedtoolcache/Python/3.12.11/x64/lib/python3.12/site-packages (from -r requirements-dev.txt (line 10)) (7.1.15)
2025-08-19T22:48:03.5077803Z Collecting celery==5.5.3 (from -r requirements-dev.txt (line 11))
2025-08-19T22:48:03.5089960Z   Using cached celery-5.5.3-py3-none-any.whl.metadata (22 kB)
2025-08-19T22:48:03.5651440Z Collecting fastapi==0.116.1 (from -r requirements-dev.txt (line 12))
2025-08-19T22:48:03.5663384Z   Using cached fastapi-0.116.1-py3-none-any.whl.metadata (28 kB)
2025-08-19T22:48:03.5732283Z Requirement already satisfied: fastapi-limiter==0.1.6 in /opt/hostedtoolcache/Python/3.12.11/x64/lib/python3.12/site-packages (from -r requirements-dev.txt (line 14)) (0.1.6)
2025-08-19T22:48:03.5884942Z Collecting httpx<0.29,>=0.27 (from -r requirements-dev.txt (line 15))
2025-08-19T22:48:03.5896710Z   Using cached httpx-0.28.1-py3-none-any.whl.metadata (7.1 kB)
2025-08-19T22:48:03.6014401Z Collecting imapclient==3.0.1 (from -r requirements-dev.txt (line 16))
2025-08-19T22:48:03.6025889Z   Using cached IMAPClient-3.0.1-py2.py3-none-any.whl.metadata (1.7 kB)
2025-08-19T22:48:03.6110051Z Collecting itsdangerous (from -r requirements-dev.txt (line 17))
2025-08-19T22:48:03.6121677Z   Using cached itsdangerous-2.2.0-py3-none-any.whl.metadata (1.9 kB)
2025-08-19T22:48:03.7078424Z Collecting mypy==1.* (from -r requirements-dev.txt (line 18))
2025-08-19T22:48:03.7090872Z   Using cached mypy-1.17.1-cp312-cp312-manylinux2014_x86_64.manylinux_2_17_x86_64.manylinux_2_28_x86_64.whl.metadata (2.2 kB)
2025-08-19T22:48:03.7120625Z Requirement already satisfied: mypy-extensions==1.1.0 in /opt/hostedtoolcache/Python/3.12.11/x64/lib/python3.12/site-packages (from -r requirements-dev.txt (line 19)) (1.1.0)
2025-08-19T22:48:03.7125357Z Requirement already satisfied: numpy<2 in /opt/hostedtoolcache/Python/3.12.11/x64/lib/python3.12/site-packages (from -r requirements-dev.txt (line 20)) (1.26.4)
2025-08-19T22:48:03.7130301Z Requirement already satisfied: openpyxl==3.1.5 in /opt/hostedtoolcache/Python/3.12.11/x64/lib/python3.12/site-packages (from -r requirements-dev.txt (line 21)) (3.1.5)
2025-08-19T22:48:03.7135137Z Requirement already satisfied: pandas==2.2.* in /opt/hostedtoolcache/Python/3.12.11/x64/lib/python3.12/site-packages (from -r requirements-dev.txt (line 22)) (2.2.3)
2025-08-19T22:48:03.7140207Z Requirement already satisfied: psycopg2-binary==2.9.10 in /opt/hostedtoolcache/Python/3.12.11/x64/lib/python3.12/site-packages (from -r requirements-dev.txt (line 23)) (2.9.10)
2025-08-19T22:48:03.7146391Z Requirement already satisfied: psycopg==3.2.9 in /opt/hostedtoolcache/Python/3.12.11/x64/lib/python3.12/site-packages (from psycopg[binary]==3.2.9->-r requirements-dev.txt (line 24)) (3.2.9)
2025-08-19T22:48:03.7151294Z Requirement already satisfied: pydantic==2.11.7 in /opt/hostedtoolcache/Python/3.12.11/x64/lib/python3.12/site-packages (from -r requirements-dev.txt (line 25)) (2.11.7)
2025-08-19T22:48:03.8308768Z Collecting setuptools (from -r requirements-dev.txt (line 26))
2025-08-19T22:48:03.8328823Z   Using cached setuptools-80.9.0-py3-none-any.whl.metadata (6.6 kB)
2025-08-19T22:48:04.0239004Z Collecting pytest-asyncio==0.23.6 (from -r requirements-dev.txt (line 27))
2025-08-19T22:48:04.0251785Z   Using cached pytest_asyncio-0.23.6-py3-none-any.whl.metadata (3.9 kB)
2025-08-19T22:48:04.4161850Z Collecting pytest-cov==6.2.1 (from -r requirements-dev.txt (line 28))
2025-08-19T22:48:04.4173992Z   Using cached pytest_cov-6.2.1-py3-none-any.whl.metadata (30 kB)
2025-08-19T22:48:04.4355475Z Collecting pytest-postgresql==7.0.2 (from -r requirements-dev.txt (line 29))
2025-08-19T22:48:04.4366809Z   Using cached pytest_postgresql-7.0.2-py3-none-any.whl.metadata (18 kB)
2025-08-19T22:48:04.4396658Z Requirement already satisfied: python-dotenv in /opt/hostedtoolcache/Python/3.12.11/x64/lib/python3.12/site-packages (from -r requirements-dev.txt (line 30)) (1.1.1)
2025-08-19T22:48:04.4401041Z Requirement already satisfied: python-multipart in /opt/hostedtoolcache/Python/3.12.11/x64/lib/python3.12/site-packages (from -r requirements-dev.txt (line 31)) (0.0.20)
2025-08-19T22:48:04.4649168Z Collecting python-telegram-bot==22.3 (from -r requirements-dev.txt (line 32))
2025-08-19T22:48:04.4660660Z   Using cached python_telegram_bot-22.3-py3-none-any.whl.metadata (17 kB)
2025-08-19T22:48:04.4926333Z Collecting requests==2.32.4 (from -r requirements-dev.txt (line 33))
2025-08-19T22:48:04.4937904Z   Using cached requests-2.32.4-py3-none-any.whl.metadata (4.9 kB)
2025-08-19T22:48:04.5085962Z Collecting respx==0.22.0 (from -r requirements-dev.txt (line 34))
2025-08-19T22:48:04.5097439Z   Using cached respx-0.22.0-py2.py3-none-any.whl.metadata (4.1 kB)
2025-08-19T22:48:04.8505829Z Collecting ruff==0.4.4 (from -r requirements-dev.txt (line 35))
2025-08-19T22:48:04.8519699Z   Using cached ruff-0.4.4-py3-none-manylinux_2_17_x86_64.manylinux2014_x86_64.whl.metadata (23 kB)
2025-08-19T22:48:05.1012769Z Collecting sqlalchemy==2.0.43 (from -r requirements-dev.txt (line 36))
2025-08-19T22:48:05.1026910Z   Using cached sqlalchemy-2.0.43-cp312-cp312-manylinux_2_17_x86_64.manylinux2014_x86_64.whl.metadata (9.6 kB)
2025-08-19T22:48:05.1125834Z Requirement already satisfied: structlog==24.1.0 in /opt/hostedtoolcache/Python/3.12.11/x64/lib/python3.12/site-packages (from -r requirements-dev.txt (line 37)) (24.1.0)
2025-08-19T22:48:05.1286389Z Collecting testcontainers==4.10.0 (from testcontainers[postgres]==4.10.0->-r requirements-dev.txt (line 38))
2025-08-19T22:48:05.1297968Z   Using cached testcontainers-4.10.0-py3-none-any.whl.metadata (7.8 kB)
2025-08-19T22:48:05.1634298Z Collecting types-requests==2.32.4.20250809 (from -r requirements-dev.txt (line 39))
2025-08-19T22:48:05.1646505Z   Using cached types_requests-2.32.4.20250809-py3-none-any.whl.metadata (2.0 kB)
2025-08-19T22:48:05.1765888Z Collecting docspec-python==2.2.2 (from -r requirements-dev.txt (line 40))
2025-08-19T22:48:05.1777513Z   Using cached docspec_python-2.2.2-py3-none-any.whl.metadata (1.0 kB)
2025-08-19T22:48:05.1925914Z Collecting pydoc-markdown==4.8.2 (from -r requirements-dev.txt (line 41))
2025-08-19T22:48:05.1937543Z   Using cached pydoc_markdown-4.8.2-py3-none-any.whl.metadata (5.9 kB)
2025-08-19T22:48:05.1969804Z Requirement already satisfied: pandera==0.19.* in /opt/hostedtoolcache/Python/3.12.11/x64/lib/python3.12/site-packages (from -r requirements-dev.txt (line 42)) (0.19.3)
2025-08-19T22:48:05.1987637Z Requirement already satisfied: MarkupSafe>=2.0 in /opt/hostedtoolcache/Python/3.12.11/x64/lib/python3.12/site-packages (from Jinja2==3.1.6->-r requirements-dev.txt (line 2)) (3.0.2)
2025-08-19T22:48:05.2135490Z Requirement already satisfied: Mako in /opt/hostedtoolcache/Python/3.12.11/x64/lib/python3.12/site-packages (from alembic==1.13.1->-r requirements-dev.txt (line 3)) (1.3.10)
2025-08-19T22:48:05.2142039Z Requirement already satisfied: typing-extensions>=4 in /opt/hostedtoolcache/Python/3.12.11/x64/lib/python3.12/site-packages (from alembic==1.13.1->-r requirements-dev.txt (line 3)) (4.14.1)
2025-08-19T22:48:05.2160210Z Requirement already satisfied: six>=1.4.0 in /opt/hostedtoolcache/Python/3.12.11/x64/lib/python3.12/site-packages (from apscheduler==3.10.4->-r requirements-dev.txt (line 4)) (1.17.0)
2025-08-19T22:48:05.2164732Z Requirement already satisfied: pytz in /opt/hostedtoolcache/Python/3.12.11/x64/lib/python3.12/site-packages (from apscheduler==3.10.4->-r requirements-dev.txt (line 4)) (2025.2)
2025-08-19T22:48:05.2172312Z Requirement already satisfied: tzlocal!=3.*,>=2.0 in /opt/hostedtoolcache/Python/3.12.11/x64/lib/python3.12/site-packages (from apscheduler==3.10.4->-r requirements-dev.txt (line 4)) (5.3.1)
2025-08-19T22:48:05.2204996Z Requirement already satisfied: starlette>=0.18 in /opt/hostedtoolcache/Python/3.12.11/x64/lib/python3.12/site-packages (from asgi-correlation-id==4.3.1->-r requirements-dev.txt (line 5)) (0.37.2)
2025-08-19T22:48:05.2226815Z Requirement already satisfied: click>=8.0.0 in /opt/hostedtoolcache/Python/3.12.11/x64/lib/python3.12/site-packages (from black==25.1.0->-r requirements-dev.txt (line 7)) (8.2.1)
2025-08-19T22:48:05.2233061Z Requirement already satisfied: packaging>=22.0 in /opt/hostedtoolcache/Python/3.12.11/x64/lib/python3.12/site-packages (from black==25.1.0->-r requirements-dev.txt (line 7)) (25.0)
2025-08-19T22:48:05.2330006Z Collecting pathspec>=0.9.0 (from black==25.1.0->-r requirements-dev.txt (line 7))
2025-08-19T22:48:05.2341488Z   Using cached pathspec-0.12.1-py3-none-any.whl.metadata (21 kB)
2025-08-19T22:48:05.2509204Z Collecting platformdirs>=2 (from black==25.1.0->-r requirements-dev.txt (line 7))
2025-08-19T22:48:05.2520657Z   Using cached platformdirs-4.3.8-py3-none-any.whl.metadata (12 kB)
2025-08-19T22:48:05.2565691Z Requirement already satisfied: billiard<5.0,>=4.2.1 in /opt/hostedtoolcache/Python/3.12.11/x64/lib/python3.12/site-packages (from celery==5.5.3->-r requirements-dev.txt (line 11)) (4.2.1)
2025-08-19T22:48:05.2571031Z Requirement already satisfied: kombu<5.6,>=5.5.2 in /opt/hostedtoolcache/Python/3.12.11/x64/lib/python3.12/site-packages (from celery==5.5.3->-r requirements-dev.txt (line 11)) (5.5.4)
2025-08-19T22:48:05.2576095Z Requirement already satisfied: vine<6.0,>=5.1.0 in /opt/hostedtoolcache/Python/3.12.11/x64/lib/python3.12/site-packages (from celery==5.5.3->-r requirements-dev.txt (line 11)) (5.1.0)
2025-08-19T22:48:05.2582656Z Requirement already satisfied: click-didyoumean>=0.3.0 in /opt/hostedtoolcache/Python/3.12.11/x64/lib/python3.12/site-packages (from celery==5.5.3->-r requirements-dev.txt (line 11)) (0.3.1)
2025-08-19T22:48:05.2587792Z Requirement already satisfied: click-repl>=0.2.0 in /opt/hostedtoolcache/Python/3.12.11/x64/lib/python3.12/site-packages (from celery==5.5.3->-r requirements-dev.txt (line 11)) (0.3.0)
2025-08-19T22:48:05.2592740Z Requirement already satisfied: click-plugins>=1.1.1 in /opt/hostedtoolcache/Python/3.12.11/x64/lib/python3.12/site-packages (from celery==5.5.3->-r requirements-dev.txt (line 11)) (1.1.1.2)
2025-08-19T22:48:05.2598318Z Requirement already satisfied: python-dateutil>=2.8.2 in /opt/hostedtoolcache/Python/3.12.11/x64/lib/python3.12/site-packages (from celery==5.5.3->-r requirements-dev.txt (line 11)) (2.9.0.post0)
2025-08-19T22:48:05.2875161Z Collecting starlette>=0.18 (from asgi-correlation-id==4.3.1->-r requirements-dev.txt (line 5))
2025-08-19T22:48:05.2886907Z   Using cached starlette-0.47.2-py3-none-any.whl.metadata (6.2 kB)
2025-08-19T22:48:05.2933273Z Requirement already satisfied: annotated-types>=0.6.0 in /opt/hostedtoolcache/Python/3.12.11/x64/lib/python3.12/site-packages (from pydantic==2.11.7->-r requirements-dev.txt (line 25)) (0.7.0)
2025-08-19T22:48:05.2939227Z Requirement already satisfied: pydantic-core==2.33.2 in /opt/hostedtoolcache/Python/3.12.11/x64/lib/python3.12/site-packages (from pydantic==2.11.7->-r requirements-dev.txt (line 25)) (2.33.2)
2025-08-19T22:48:05.2947103Z Requirement already satisfied: typing-inspection>=0.4.0 in /opt/hostedtoolcache/Python/3.12.11/x64/lib/python3.12/site-packages (from pydantic==2.11.7->-r requirements-dev.txt (line 25)) (0.4.1)
2025-08-19T22:48:05.3120215Z Requirement already satisfied: et-xmlfile in /opt/hostedtoolcache/Python/3.12.11/x64/lib/python3.12/site-packages (from openpyxl==3.1.5->-r requirements-dev.txt (line 21)) (2.0.0)
2025-08-19T22:48:05.3491180Z Collecting pytest<9,>=7.0.0 (from pytest-asyncio==0.23.6->-r requirements-dev.txt (line 27))
2025-08-19T22:48:05.3502972Z   Using cached pytest-8.4.1-py3-none-any.whl.metadata (7.7 kB)
2025-08-19T22:48:05.6894908Z Collecting coverage>=7.5 (from coverage[toml]>=7.5->pytest-cov==6.2.1->-r requirements-dev.txt (line 28))
2025-08-19T22:48:05.6908672Z   Using cached coverage-7.10.4-cp312-cp312-manylinux1_x86_64.manylinux_2_28_x86_64.manylinux_2_5_x86_64.whl.metadata (8.9 kB)
2025-08-19T22:48:05.7022263Z Collecting pluggy>=1.2 (from pytest-cov==6.2.1->-r requirements-dev.txt (line 28))
2025-08-19T22:48:05.7034229Z   Using cached pluggy-1.6.0-py3-none-any.whl.metadata (4.8 kB)
2025-08-19T22:48:05.7277102Z Collecting port-for>=0.7.3 (from pytest-postgresql==7.0.2->-r requirements-dev.txt (line 29))
2025-08-19T22:48:05.7288940Z   Using cached port_for-0.7.4-py3-none-any.whl.metadata (7.1 kB)
2025-08-19T22:48:05.7420460Z Collecting mirakuru>=2.6.0 (from pytest-postgresql==7.0.2->-r requirements-dev.txt (line 29))
2025-08-19T22:48:05.7432063Z   Using cached mirakuru-2.6.1-py3-none-any.whl.metadata (10 kB)
2025-08-19T22:48:05.7486799Z Requirement already satisfied: charset_normalizer<4,>=2 in /opt/hostedtoolcache/Python/3.12.11/x64/lib/python3.12/site-packages (from requests==2.32.4->-r requirements-dev.txt (line 33)) (3.4.3)
2025-08-19T22:48:05.7492019Z Requirement already satisfied: idna<4,>=2.5 in /opt/hostedtoolcache/Python/3.12.11/x64/lib/python3.12/site-packages (from requests==2.32.4->-r requirements-dev.txt (line 33)) (3.10)
2025-08-19T22:48:05.7496687Z Requirement already satisfied: urllib3<3,>=1.21.1 in /opt/hostedtoolcache/Python/3.12.11/x64/lib/python3.12/site-packages (from requests==2.32.4->-r requirements-dev.txt (line 33)) (2.5.0)
2025-08-19T22:48:05.7501457Z Requirement already satisfied: certifi>=2017.4.17 in /opt/hostedtoolcache/Python/3.12.11/x64/lib/python3.12/site-packages (from requests==2.32.4->-r requirements-dev.txt (line 33)) (2025.8.3)
2025-08-19T22:48:05.7584486Z Requirement already satisfied: greenlet>=1 in /opt/hostedtoolcache/Python/3.12.11/x64/lib/python3.12/site-packages (from sqlalchemy==2.0.43->-r requirements-dev.txt (line 36)) (3.2.4)
2025-08-19T22:48:05.7839059Z Collecting docker (from testcontainers==4.10.0->testcontainers[postgres]==4.10.0->-r requirements-dev.txt (line 38))
2025-08-19T22:48:05.7852572Z   Using cached docker-7.1.0-py3-none-any.whl.metadata (3.8 kB)
2025-08-19T22:48:05.7896160Z Requirement already satisfied: wrapt in /opt/hostedtoolcache/Python/3.12.11/x64/lib/python3.12/site-packages (from testcontainers==4.10.0->testcontainers[postgres]==4.10.0->-r requirements-dev.txt (line 38)) (1.17.3)
2025-08-19T22:48:05.8103448Z Collecting docspec==2.2.1 (from docspec-python==2.2.2->-r requirements-dev.txt (line 40))
2025-08-19T22:48:05.8115740Z   Using cached docspec-2.2.1-py3-none-any.whl.metadata (1.5 kB)
2025-08-19T22:48:05.8354683Z Collecting nr-util>=0.8.12 (from docspec-python==2.2.2->-r requirements-dev.txt (line 40))
2025-08-19T22:48:05.8365979Z   Using cached nr.util-0.8.12-py3-none-any.whl.metadata (813 bytes)
2025-08-19T22:48:05.8398145Z Requirement already satisfied: PyYAML<7.0,>=5.0 in /opt/hostedtoolcache/Python/3.12.11/x64/lib/python3.12/site-packages (from pydoc-markdown==4.8.2->-r requirements-dev.txt (line 41)) (6.0.2)
2025-08-19T22:48:05.8618037Z Collecting databind.core<5.0.0,>=4.4.0 (from pydoc-markdown==4.8.2->-r requirements-dev.txt (line 41))
2025-08-19T22:48:05.8629058Z   Using cached databind.core-4.5.2-py3-none-any.whl.metadata (1.1 kB)
2025-08-19T22:48:05.8831877Z Collecting databind.json<5.0.0,>=4.4.0 (from pydoc-markdown==4.8.2->-r requirements-dev.txt (line 41))
2025-08-19T22:48:05.8843360Z   Using cached databind.json-4.5.2-py3-none-any.whl.metadata (1.1 kB)
2025-08-19T22:48:05.8979116Z Collecting docstring-parser<0.12,>=0.11 (from pydoc-markdown==4.8.2->-r requirements-dev.txt (line 41))
2025-08-19T22:48:05.8980566Z   Using cached docstring_parser-0.11-py3-none-any.whl
2025-08-19T22:48:05.9281091Z Collecting tomli<3.0.0,>=2.0.0 (from pydoc-markdown==4.8.2->-r requirements-dev.txt (line 41))
2025-08-19T22:48:05.9292901Z   Using cached tomli-2.2.1-cp312-cp312-manylinux_2_17_x86_64.manylinux2014_x86_64.whl.metadata (11 kB)
2025-08-19T22:48:05.9394564Z Collecting tomli_w<2.0.0,>=1.0.0 (from pydoc-markdown==4.8.2->-r requirements-dev.txt (line 41))
2025-08-19T22:48:05.9405858Z   Using cached tomli_w-1.2.0-py3-none-any.whl.metadata (5.7 kB)
2025-08-19T22:48:05.9998969Z Collecting watchdog (from pydoc-markdown==4.8.2->-r requirements-dev.txt (line 41))
2025-08-19T22:48:06.0010776Z   Using cached watchdog-6.0.0-py3-none-manylinux2014_x86_64.whl.metadata (44 kB)
2025-08-19T22:48:06.0274695Z Collecting yapf>=0.30.0 (from pydoc-markdown==4.8.2->-r requirements-dev.txt (line 41))
2025-08-19T22:48:06.0288978Z   Using cached yapf-0.43.0-py3-none-any.whl.metadata (46 kB)
2025-08-19T22:48:06.0506482Z Collecting Deprecated<2.0.0,>=1.2.12 (from docspec==2.2.1->docspec-python==2.2.2->-r requirements-dev.txt (line 40))
2025-08-19T22:48:06.0518204Z   Using cached Deprecated-1.2.18-py2.py3-none-any.whl.metadata (5.7 kB)
2025-08-19T22:48:06.0695228Z Requirement already satisfied: psycopg-binary==3.2.9 in /opt/hostedtoolcache/Python/3.12.11/x64/lib/python3.12/site-packages (from psycopg[binary]==3.2.9->-r requirements-dev.txt (line 24)) (3.2.9)
2025-08-19T22:48:06.0792979Z Requirement already satisfied: anyio in /opt/hostedtoolcache/Python/3.12.11/x64/lib/python3.12/site-packages (from httpx<0.29,>=0.27->-r requirements-dev.txt (line 15)) (4.10.0)
2025-08-19T22:48:06.0799126Z Requirement already satisfied: httpcore==1.* in /opt/hostedtoolcache/Python/3.12.11/x64/lib/python3.12/site-packages (from httpx<0.29,>=0.27->-r requirements-dev.txt (line 15)) (1.0.9)
2025-08-19T22:48:06.0918551Z Requirement already satisfied: tzdata>=2022.7 in /opt/hostedtoolcache/Python/3.12.11/x64/lib/python3.12/site-packages (from pandas==2.2.*->-r requirements-dev.txt (line 22)) (2025.2)
2025-08-19T22:48:06.1024413Z Requirement already satisfied: multimethod<=1.10.0 in /opt/hostedtoolcache/Python/3.12.11/x64/lib/python3.12/site-packages (from pandera==0.19.*->-r requirements-dev.txt (line 42)) (1.10)
2025-08-19T22:48:06.1039142Z Requirement already satisfied: typeguard in /opt/hostedtoolcache/Python/3.12.11/x64/lib/python3.12/site-packages (from pandera==0.19.*->-r requirements-dev.txt (line 42)) (4.4.4)
2025-08-19T22:48:06.1045660Z Requirement already satisfied: typing-inspect>=0.6.0 in /opt/hostedtoolcache/Python/3.12.11/x64/lib/python3.12/site-packages (from pandera==0.19.*->-r requirements-dev.txt (line 42)) (0.9.0)
2025-08-19T22:48:06.1305116Z Collecting databind<5.0.0,>=4.5.2 (from databind.core<5.0.0,>=4.4.0->pydoc-markdown==4.8.2->-r requirements-dev.txt (line 41))
2025-08-19T22:48:06.1316872Z   Using cached databind-4.5.2-py3-none-any.whl.metadata (4.3 kB)
2025-08-19T22:48:06.1423464Z Collecting nr-date<3.0.0,>=2.0.0 (from databind<5.0.0,>=4.5.2->databind.core<5.0.0,>=4.4.0->pydoc-markdown==4.8.2->-r requirements-dev.txt (line 41))
2025-08-19T22:48:06.1434761Z   Using cached nr_date-2.1.0-py3-none-any.whl.metadata (746 bytes)
2025-08-19T22:48:06.1558843Z Collecting nr-stream<2.0.0,>=1.0.0 (from databind<5.0.0,>=4.5.2->databind.core<5.0.0,>=4.4.0->pydoc-markdown==4.8.2->-r requirements-dev.txt (line 41))
2025-08-19T22:48:06.1570286Z   Using cached nr_stream-1.1.5-py3-none-any.whl.metadata (3.6 kB)
2025-08-19T22:48:06.1733237Z Collecting typeapi<3,>=2.0.1 (from databind<5.0.0,>=4.5.2->databind.core<5.0.0,>=4.4.0->pydoc-markdown==4.8.2->-r requirements-dev.txt (line 41))
2025-08-19T22:48:06.1744804Z   Using cached typeapi-2.2.4-py3-none-any.whl.metadata (1.5 kB)
2025-08-19T22:48:06.1841129Z Requirement already satisfied: h11>=0.16 in /opt/hostedtoolcache/Python/3.12.11/x64/lib/python3.12/site-packages (from httpcore==1.*->httpx<0.29,>=0.27->-r requirements-dev.txt (line 15)) (0.16.0)
2025-08-19T22:48:06.1883256Z Requirement already satisfied: amqp<6.0.0,>=5.1.1 in /opt/hostedtoolcache/Python/3.12.11/x64/lib/python3.12/site-packages (from kombu<5.6,>=5.5.2->celery==5.5.3->-r requirements-dev.txt (line 11)) (5.3.1)
2025-08-19T22:48:06.2135260Z Collecting iniconfig>=1 (from pytest<9,>=7.0.0->pytest-asyncio==0.23.6->-r requirements-dev.txt (line 27))
2025-08-19T22:48:06.2146765Z   Using cached iniconfig-2.1.0-py3-none-any.whl.metadata (2.7 kB)
2025-08-19T22:48:06.2184443Z Requirement already satisfied: pygments>=2.7.2 in /opt/hostedtoolcache/Python/3.12.11/x64/lib/python3.12/site-packages (from pytest<9,>=7.0.0->pytest-asyncio==0.23.6->-r requirements-dev.txt (line 27)) (2.19.2)
2025-08-19T22:48:06.2268339Z Requirement already satisfied: sniffio>=1.1 in /opt/hostedtoolcache/Python/3.12.11/x64/lib/python3.12/site-packages (from anyio->httpx<0.29,>=0.27->-r requirements-dev.txt (line 15)) (1.3.1)
2025-08-19T22:48:06.2415799Z Requirement already satisfied: botocore<1.35.0,>=1.34.162 in /opt/hostedtoolcache/Python/3.12.11/x64/lib/python3.12/site-packages (from boto3->-r requirements-dev.txt (line 8)) (1.34.162)
2025-08-19T22:48:06.2423647Z Requirement already satisfied: jmespath<2.0.0,>=0.7.1 in /opt/hostedtoolcache/Python/3.12.11/x64/lib/python3.12/site-packages (from boto3->-r requirements-dev.txt (line 8)) (1.0.1)
2025-08-19T22:48:06.2431284Z Requirement already satisfied: s3transfer<0.11.0,>=0.10.0 in /opt/hostedtoolcache/Python/3.12.11/x64/lib/python3.12/site-packages (from boto3->-r requirements-dev.txt (line 8)) (0.10.4)
2025-08-19T22:48:06.2551362Z Requirement already satisfied: fastapi-cli>=0.0.8 in /opt/hostedtoolcache/Python/3.12.11/x64/lib/python3.12/site-packages (from fastapi-cli[standard]>=0.0.8; extra == "all"->fastapi[all]->-r requirements-dev.txt (line 13)) (0.0.8)
2025-08-19T22:48:06.2658226Z Requirement already satisfied: ujson!=4.0.2,!=4.1.0,!=4.2.0,!=4.3.0,!=5.0.0,!=5.1.0,>=4.0.1 in /opt/hostedtoolcache/Python/3.12.11/x64/lib/python3.12/site-packages (from fastapi[all]->-r requirements-dev.txt (line 13)) (5.10.0)
2025-08-19T22:48:06.2664896Z Requirement already satisfied: orjson>=3.2.1 in /opt/hostedtoolcache/Python/3.12.11/x64/lib/python3.12/site-packages (from fastapi[all]->-r requirements-dev.txt (line 13)) (3.11.2)
2025-08-19T22:48:06.2671932Z Requirement already satisfied: email-validator>=2.0.0 in /opt/hostedtoolcache/Python/3.12.11/x64/lib/python3.12/site-packages (from fastapi[all]->-r requirements-dev.txt (line 13)) (2.2.0)
2025-08-19T22:48:06.2680515Z Requirement already satisfied: uvicorn>=0.12.0 in /opt/hostedtoolcache/Python/3.12.11/x64/lib/python3.12/site-packages (from uvicorn[standard]>=0.12.0; extra == "all"->fastapi[all]->-r requirements-dev.txt (line 13)) (0.29.0)
2025-08-19T22:48:06.2689376Z Requirement already satisfied: pydantic-settings>=2.0.0 in /opt/hostedtoolcache/Python/3.12.11/x64/lib/python3.12/site-packages (from fastapi[all]->-r requirements-dev.txt (line 13)) (2.2.1)
2025-08-19T22:48:06.2803959Z Collecting pydantic-extra-types>=2.0.0 (from fastapi[all]->-r requirements-dev.txt (line 13))
2025-08-19T22:48:06.2815517Z   Using cached pydantic_extra_types-2.10.5-py3-none-any.whl.metadata (3.9 kB)
2025-08-19T22:48:06.3059244Z Requirement already satisfied: prompt-toolkit>=3.0.36 in /opt/hostedtoolcache/Python/3.12.11/x64/lib/python3.12/site-packages (from click-repl>=0.2.0->celery==5.5.3->-r requirements-dev.txt (line 11)) (3.0.51)
2025-08-19T22:48:06.3132226Z Requirement already satisfied: dnspython>=2.0.0 in /opt/hostedtoolcache/Python/3.12.11/x64/lib/python3.12/site-packages (from email-validator>=2.0.0->fastapi[all]->-r requirements-dev.txt (line 13)) (2.7.0)
2025-08-19T22:48:06.3206537Z Requirement already satisfied: typer>=0.15.1 in /opt/hostedtoolcache/Python/3.12.11/x64/lib/python3.12/site-packages (from fastapi-cli>=0.0.8->fastapi-cli[standard]>=0.0.8; extra == "all"->fastapi[all]->-r requirements-dev.txt (line 13)) (0.16.1)
2025-08-19T22:48:06.3218156Z Requirement already satisfied: rich-toolkit>=0.14.8 in /opt/hostedtoolcache/Python/3.12.11/x64/lib/python3.12/site-packages (from fastapi-cli>=0.0.8->fastapi-cli[standard]>=0.0.8; extra == "all"->fastapi[all]->-r requirements-dev.txt (line 13)) (0.15.0)
2025-08-19T22:48:06.3343820Z Collecting fastapi-cloud-cli>=0.1.1 (from fastapi-cli[standard]>=0.0.8; extra == "all"->fastapi[all]->-r requirements-dev.txt (line 13))
2025-08-19T22:48:06.3355325Z   Using cached fastapi_cloud_cli-0.1.5-py3-none-any.whl.metadata (3.2 kB)
2025-08-19T22:48:06.4062720Z Collecting rignore>=0.5.1 (from fastapi-cloud-cli>=0.1.1->fastapi-cli[standard]>=0.0.8; extra == "all"->fastapi[all]->-r requirements-dev.txt (line 13))
2025-08-19T22:48:06.4075192Z   Using cached rignore-0.6.4-cp312-cp312-manylinux_2_17_x86_64.manylinux2014_x86_64.whl.metadata (3.8 kB)
2025-08-19T22:48:06.4577912Z Collecting sentry-sdk>=2.20.0 (from fastapi-cloud-cli>=0.1.1->fastapi-cli[standard]>=0.0.8; extra == "all"->fastapi[all]->-r requirements-dev.txt (line 13))
2025-08-19T22:48:06.4593138Z   Using cached sentry_sdk-2.35.0-py2.py3-none-any.whl.metadata (10 kB)
2025-08-19T22:48:06.5937117Z Collecting psutil>=4.0.0 (from mirakuru>=2.6.0->pytest-postgresql==7.0.2->-r requirements-dev.txt (line 29))
2025-08-19T22:48:06.5950584Z   Using cached psutil-7.0.0-cp36-abi3-manylinux_2_12_x86_64.manylinux2010_x86_64.manylinux_2_17_x86_64.manylinux2014_x86_64.whl.metadata (22 kB)
2025-08-19T22:48:06.6141054Z Requirement already satisfied: wcwidth in /opt/hostedtoolcache/Python/3.12.11/x64/lib/python3.12/site-packages (from prompt-toolkit>=3.0.36->click-repl>=0.2.0->celery==5.5.3->-r requirements-dev.txt (line 11)) (0.2.13)
2025-08-19T22:48:06.6338473Z Requirement already satisfied: rich>=13.7.1 in /opt/hostedtoolcache/Python/3.12.11/x64/lib/python3.12/site-packages (from rich-toolkit>=0.14.8->fastapi-cli>=0.0.8->fastapi-cli[standard]>=0.0.8; extra == "all"->fastapi[all]->-r requirements-dev.txt (line 13)) (14.1.0)
2025-08-19T22:48:06.6375891Z Requirement already satisfied: markdown-it-py>=2.2.0 in /opt/hostedtoolcache/Python/3.12.11/x64/lib/python3.12/site-packages (from rich>=13.7.1->rich-toolkit>=0.14.8->fastapi-cli>=0.0.8->fastapi-cli[standard]>=0.0.8; extra == "all"->fastapi[all]->-r requirements-dev.txt (line 13)) (4.0.0)
2025-08-19T22:48:06.6408227Z Requirement already satisfied: mdurl~=0.1 in /opt/hostedtoolcache/Python/3.12.11/x64/lib/python3.12/site-packages (from markdown-it-py>=2.2.0->rich>=13.7.1->rich-toolkit>=0.14.8->fastapi-cli>=0.0.8->fastapi-cli[standard]>=0.0.8; extra == "all"->fastapi[all]->-r requirements-dev.txt (line 13)) (0.1.2)
2025-08-19T22:48:06.6594286Z Requirement already satisfied: shellingham>=1.3.0 in /opt/hostedtoolcache/Python/3.12.11/x64/lib/python3.12/site-packages (from typer>=0.15.1->fastapi-cli>=0.0.8->fastapi-cli[standard]>=0.0.8; extra == "all"->fastapi[all]->-r requirements-dev.txt (line 13)) (1.5.4)
2025-08-19T22:48:06.6830357Z Requirement already satisfied: httptools>=0.5.0 in /opt/hostedtoolcache/Python/3.12.11/x64/lib/python3.12/site-packages (from uvicorn[standard]>=0.12.0; extra == "all"->fastapi[all]->-r requirements-dev.txt (line 13)) (0.6.4)
2025-08-19T22:48:06.6847921Z Requirement already satisfied: uvloop!=0.15.0,!=0.15.1,>=0.14.0 in /opt/hostedtoolcache/Python/3.12.11/x64/lib/python3.12/site-packages (from uvicorn[standard]>=0.12.0; extra == "all"->fastapi[all]->-r requirements-dev.txt (line 13)) (0.21.0)
2025-08-19T22:48:06.6854212Z Requirement already satisfied: watchfiles>=0.13 in /opt/hostedtoolcache/Python/3.12.11/x64/lib/python3.12/site-packages (from uvicorn[standard]>=0.12.0; extra == "all"->fastapi[all]->-r requirements-dev.txt (line 13)) (1.1.0)
2025-08-19T22:48:06.6861489Z Requirement already satisfied: websockets>=10.4 in /opt/hostedtoolcache/Python/3.12.11/x64/lib/python3.12/site-packages (from uvicorn[standard]>=0.12.0; extra == "all"->fastapi[all]->-r requirements-dev.txt (line 13)) (15.0.1)
2025-08-19T22:48:06.7364263Z Using cached jinja2-3.1.6-py3-none-any.whl (134 kB)
2025-08-19T22:48:06.7376512Z Using cached asyncpg-0.30.0-cp312-cp312-manylinux_2_17_x86_64.manylinux2014_x86_64.whl (3.6 MB)
2025-08-19T22:48:06.7413717Z Using cached black-25.1.0-cp312-cp312-manylinux_2_17_x86_64.manylinux2014_x86_64.manylinux_2_28_x86_64.whl (1.8 MB)
2025-08-19T22:48:06.7436983Z Using cached celery-5.5.3-py3-none-any.whl (438 kB)
2025-08-19T22:48:06.7451112Z Using cached fastapi-0.116.1-py3-none-any.whl (95 kB)
2025-08-19T22:48:06.7462276Z Using cached IMAPClient-3.0.1-py2.py3-none-any.whl (182 kB)
2025-08-19T22:48:06.7474111Z Using cached pytest_asyncio-0.23.6-py3-none-any.whl (17 kB)
2025-08-19T22:48:06.7484830Z Using cached pytest_cov-6.2.1-py3-none-any.whl (24 kB)
2025-08-19T22:48:06.7495530Z Using cached pytest_postgresql-7.0.2-py3-none-any.whl (41 kB)
2025-08-19T22:48:06.7506239Z Using cached python_telegram_bot-22.3-py3-none-any.whl (717 kB)
2025-08-19T22:48:06.7522256Z Using cached requests-2.32.4-py3-none-any.whl (64 kB)
2025-08-19T22:48:06.7533385Z Using cached respx-0.22.0-py2.py3-none-any.whl (25 kB)
2025-08-19T22:48:06.7544281Z Using cached ruff-0.4.4-py3-none-manylinux_2_17_x86_64.manylinux2014_x86_64.whl (8.7 MB)
2025-08-19T22:48:06.7620320Z Using cached sqlalchemy-2.0.43-cp312-cp312-manylinux_2_17_x86_64.manylinux2014_x86_64.whl (3.3 MB)
2025-08-19T22:48:06.7655240Z Using cached testcontainers-4.10.0-py3-none-any.whl (107 kB)
2025-08-19T22:48:06.7666585Z Using cached types_requests-2.32.4.20250809-py3-none-any.whl (20 kB)
2025-08-19T22:48:06.7677641Z Using cached docspec_python-2.2.2-py3-none-any.whl (15 kB)
2025-08-19T22:48:06.7688461Z Using cached pydoc_markdown-4.8.2-py3-none-any.whl (67 kB)
2025-08-19T22:48:06.7699674Z Using cached docspec-2.2.1-py3-none-any.whl (9.8 kB)
2025-08-19T22:48:06.7710186Z Using cached redis-6.4.0-py3-none-any.whl (279 kB)
2025-08-19T22:48:06.7722999Z Using cached httpx-0.28.1-py3-none-any.whl (73 kB)
2025-08-19T22:48:06.7735136Z Using cached mypy-1.17.1-cp312-cp312-manylinux2014_x86_64.manylinux_2_17_x86_64.manylinux_2_28_x86_64.whl (12.7 MB)
2025-08-19T22:48:06.7837838Z Using cached databind.core-4.5.2-py3-none-any.whl (1.5 kB)
2025-08-19T22:48:06.7849017Z Using cached databind-4.5.2-py3-none-any.whl (49 kB)
2025-08-19T22:48:06.7860406Z Using cached databind.json-4.5.2-py3-none-any.whl (1.5 kB)
2025-08-19T22:48:06.7871558Z Using cached Deprecated-1.2.18-py2.py3-none-any.whl (10.0 kB)
2025-08-19T22:48:06.7882485Z Using cached nr_date-2.1.0-py3-none-any.whl (10 kB)
2025-08-19T22:48:06.7893703Z Using cached nr_stream-1.1.5-py3-none-any.whl (10 kB)
2025-08-19T22:48:06.7904754Z Using cached nr.util-0.8.12-py3-none-any.whl (90 kB)
2025-08-19T22:48:06.7916382Z Using cached pytest-8.4.1-py3-none-any.whl (365 kB)
2025-08-19T22:48:06.7930448Z Using cached pluggy-1.6.0-py3-none-any.whl (20 kB)
2025-08-19T22:48:06.7941684Z Using cached starlette-0.47.2-py3-none-any.whl (72 kB)
2025-08-19T22:48:06.7953493Z Using cached tomli-2.2.1-cp312-cp312-manylinux_2_17_x86_64.manylinux2014_x86_64.whl (242 kB)
2025-08-19T22:48:06.7966135Z Using cached tomli_w-1.2.0-py3-none-any.whl (6.7 kB)
2025-08-19T22:48:06.7977358Z Using cached typeapi-2.2.4-py3-none-any.whl (26 kB)
2025-08-19T22:48:06.7988661Z Using cached itsdangerous-2.2.0-py3-none-any.whl (16 kB)
2025-08-19T22:48:06.7999926Z Using cached setuptools-80.9.0-py3-none-any.whl (1.2 MB)
2025-08-19T22:48:06.8020046Z Using cached coverage-7.10.4-cp312-cp312-manylinux1_x86_64.manylinux_2_28_x86_64.manylinux_2_5_x86_64.whl (251 kB)
2025-08-19T22:48:06.8032493Z Using cached fastapi_cloud_cli-0.1.5-py3-none-any.whl (18 kB)
2025-08-19T22:48:06.8044779Z Using cached iniconfig-2.1.0-py3-none-any.whl (6.0 kB)
2025-08-19T22:48:06.8055913Z Using cached mirakuru-2.6.1-py3-none-any.whl (26 kB)
2025-08-19T22:48:06.8067354Z Using cached pathspec-0.12.1-py3-none-any.whl (31 kB)
2025-08-19T22:48:06.8078772Z Using cached platformdirs-4.3.8-py3-none-any.whl (18 kB)
2025-08-19T22:48:06.8089878Z Using cached port_for-0.7.4-py3-none-any.whl (21 kB)
2025-08-19T22:48:06.8102019Z Using cached psutil-7.0.0-cp36-abi3-manylinux_2_12_x86_64.manylinux2010_x86_64.manylinux_2_17_x86_64.manylinux2014_x86_64.whl (277 kB)
2025-08-19T22:48:06.8114892Z Using cached pydantic_extra_types-2.10.5-py3-none-any.whl (38 kB)
2025-08-19T22:48:06.8126448Z Using cached rignore-0.6.4-cp312-cp312-manylinux_2_17_x86_64.manylinux2014_x86_64.whl (949 kB)
2025-08-19T22:48:06.8144625Z Using cached sentry_sdk-2.35.0-py2.py3-none-any.whl (363 kB)
2025-08-19T22:48:06.8158288Z Using cached yapf-0.43.0-py3-none-any.whl (256 kB)
2025-08-19T22:48:06.8171218Z Using cached docker-7.1.0-py3-none-any.whl (147 kB)
2025-08-19T22:48:06.8183372Z Using cached watchdog-6.0.0-py3-none-manylinux2014_x86_64.whl (79 kB)
2025-08-19T22:48:07.0803304Z Installing collected packages: watchdog, types-requests, typeapi, tomli_w, tomli, sqlalchemy, setuptools, sentry-sdk, ruff, rignore, requests, redis, psutil, port-for, pluggy, platformdirs, pathspec, nr-stream, nr-date, Jinja2, itsdangerous, iniconfig, imapclient, docstring-parser, Deprecated, coverage, asyncpg, yapf, starlette, pytest, nr-util, mypy, mirakuru, httpx, docker, databind, black, testcontainers, respx, python-telegram-bot, pytest-postgresql, pytest-cov, pytest-asyncio, pydantic-extra-types, fastapi, databind.json, databind.core, celery, fastapi-cloud-cli, docspec, docspec-python, pydoc-markdown
2025-08-19T22:48:07.1820027Z   Attempting uninstall: sqlalchemy
2025-08-19T22:48:07.1851749Z     Found existing installation: SQLAlchemy 2.0.29
2025-08-19T22:48:07.2067962Z     Uninstalling SQLAlchemy-2.0.29:
2025-08-19T22:48:07.2100833Z       Successfully uninstalled SQLAlchemy-2.0.29
2025-08-19T22:48:09.0576838Z   Attempting uninstall: sentry-sdk
2025-08-19T22:48:09.0610247Z     Found existing installation: sentry-sdk 2.9.0
2025-08-19T22:48:09.0737149Z     Uninstalling sentry-sdk-2.9.0:
2025-08-19T22:48:09.0759173Z       Successfully uninstalled sentry-sdk-2.9.0
2025-08-19T22:48:09.4504302Z   Attempting uninstall: requests
2025-08-19T22:48:09.4548482Z     Found existing installation: requests 2.32.5
2025-08-19T22:48:09.4577759Z     Uninstalling requests-2.32.5:
2025-08-19T22:48:09.4586704Z       Successfully uninstalled requests-2.32.5
2025-08-19T22:48:09.4967483Z   Attempting uninstall: redis
2025-08-19T22:48:09.4998527Z     Found existing installation: redis 5.0.8
2025-08-19T22:48:09.5070651Z     Uninstalling redis-5.0.8:
2025-08-19T22:48:09.5086335Z       Successfully uninstalled redis-5.0.8
2025-08-19T22:48:09.9604090Z   Attempting uninstall: Jinja2
2025-08-19T22:48:09.9653045Z     Found existing installation: Jinja2 3.1.5
2025-08-19T22:48:09.9686468Z     Uninstalling Jinja2-3.1.5:
2025-08-19T22:48:09.9695830Z       Successfully uninstalled Jinja2-3.1.5
2025-08-19T22:48:10.3026856Z   Attempting uninstall: asyncpg
2025-08-19T22:48:10.3081148Z     Found existing installation: asyncpg 0.29.0
2025-08-19T22:48:10.3129250Z     Uninstalling asyncpg-0.29.0:
2025-08-19T22:48:10.3142863Z       Successfully uninstalled asyncpg-0.29.0
2025-08-19T22:48:10.5847781Z   Attempting uninstall: starlette
2025-08-19T22:48:10.5897700Z     Found existing installation: starlette 0.37.2
2025-08-19T22:48:10.5939411Z     Uninstalling starlette-0.37.2:
2025-08-19T22:48:10.5949976Z       Successfully uninstalled starlette-0.37.2
2025-08-19T22:48:12.3510461Z   Attempting uninstall: httpx
2025-08-19T22:48:12.3560830Z     Found existing installation: httpx 0.26.0
2025-08-19T22:48:12.3596344Z     Uninstalling httpx-0.26.0:
2025-08-19T22:48:12.3609423Z       Successfully uninstalled httpx-0.26.0
2025-08-19T22:48:12.7887057Z   Attempting uninstall: python-telegram-bot
2025-08-19T22:48:12.7934972Z     Found existing installation: python-telegram-bot 20.8
2025-08-19T22:48:12.8090837Z     Uninstalling python-telegram-bot-20.8:
2025-08-19T22:48:12.8114711Z       Successfully uninstalled python-telegram-bot-20.8
2025-08-19T22:48:13.2528201Z   Attempting uninstall: fastapi
2025-08-19T22:48:13.2572917Z     Found existing installation: fastapi 0.111.0
2025-08-19T22:48:13.2623834Z     Uninstalling fastapi-0.111.0:
2025-08-19T22:48:13.2635765Z       Successfully uninstalled fastapi-0.111.0
2025-08-19T22:48:13.3497082Z   Attempting uninstall: celery
2025-08-19T22:48:13.3543192Z     Found existing installation: celery 5.4.0
2025-08-19T22:48:13.3688206Z     Uninstalling celery-5.4.0:
2025-08-19T22:48:13.3715179Z       Successfully uninstalled celery-5.4.0
2025-08-19T22:48:13.7792103Z 
2025-08-19T22:48:13.7906495Z Successfully installed Deprecated-1.2.18 Jinja2-3.1.6 asyncpg-0.30.0 black-25.1.0 celery-5.5.3 coverage-7.10.4 databind-4.5.2 databind.core-4.5.2 databind.json-4.5.2 docker-7.1.0 docspec-2.2.1 docspec-python-2.2.2 docstring-parser-0.11 fastapi-0.116.1 fastapi-cloud-cli-0.1.5 httpx-0.28.1 imapclient-3.0.1 iniconfig-2.1.0 itsdangerous-2.2.0 mirakuru-2.6.1 mypy-1.17.1 nr-date-2.1.0 nr-stream-1.1.5 nr-util-0.8.12 pathspec-0.12.1 platformdirs-4.3.8 pluggy-1.6.0 port-for-0.7.4 psutil-7.0.0 pydantic-extra-types-2.10.5 pydoc-markdown-4.8.2 pytest-8.4.1 pytest-asyncio-0.23.6 pytest-cov-6.2.1 pytest-postgresql-7.0.2 python-telegram-bot-22.3 redis-6.4.0 requests-2.32.4 respx-0.22.0 rignore-0.6.4 ruff-0.4.4 sentry-sdk-2.35.0 setuptools-80.9.0 sqlalchemy-2.0.43 starlette-0.47.2 testcontainers-4.10.0 tomli-2.2.1 tomli_w-1.2.0 typeapi-2.2.4 types-requests-2.32.4.20250809 watchdog-6.0.0 yapf-0.43.0
2025-08-19T22:48:14.4473702Z Requirement already satisfied: asyncpg in /opt/hostedtoolcache/Python/3.12.11/x64/lib/python3.12/site-packages (0.30.0)
2025-08-19T22:48:15.0737598Z Requirement already satisfied: pytest in /opt/hostedtoolcache/Python/3.12.11/x64/lib/python3.12/site-packages (8.4.1)
2025-08-19T22:48:15.0751975Z Requirement already satisfied: iniconfig>=1 in /opt/hostedtoolcache/Python/3.12.11/x64/lib/python3.12/site-packages (from pytest) (2.1.0)
2025-08-19T22:48:15.0758166Z Requirement already satisfied: packaging>=20 in /opt/hostedtoolcache/Python/3.12.11/x64/lib/python3.12/site-packages (from pytest) (25.0)
2025-08-19T22:48:15.0763523Z Requirement already satisfied: pluggy<2,>=1.5 in /opt/hostedtoolcache/Python/3.12.11/x64/lib/python3.12/site-packages (from pytest) (1.6.0)
2025-08-19T22:48:15.0768473Z Requirement already satisfied: pygments>=2.7.2 in /opt/hostedtoolcache/Python/3.12.11/x64/lib/python3.12/site-packages (from pytest) (2.19.2)
2025-08-19T22:48:15.7385956Z Collecting keepa==1.3.15
2025-08-19T22:48:15.7399015Z   Using cached keepa-1.3.15-py3-none-any.whl.metadata (11 kB)
2025-08-19T22:48:15.7436823Z Requirement already satisfied: minio==7.1.15 in /opt/hostedtoolcache/Python/3.12.11/x64/lib/python3.12/site-packages (7.1.15)
2025-08-19T22:48:15.7445226Z Requirement already satisfied: numpy>=1.9.3 in /opt/hostedtoolcache/Python/3.12.11/x64/lib/python3.12/site-packages (from keepa==1.3.15) (1.26.4)
2025-08-19T22:48:15.7450771Z Requirement already satisfied: requests>=2.2 in /opt/hostedtoolcache/Python/3.12.11/x64/lib/python3.12/site-packages (from keepa==1.3.15) (2.32.4)
2025-08-19T22:48:15.7454225Z Requirement already satisfied: tqdm in /opt/hostedtoolcache/Python/3.12.11/x64/lib/python3.12/site-packages (from keepa==1.3.15) (4.67.1)
2025-08-19T22:48:15.7457748Z Requirement already satisfied: aiohttp in /opt/hostedtoolcache/Python/3.12.11/x64/lib/python3.12/site-packages (from keepa==1.3.15) (3.12.15)
2025-08-19T22:48:15.7462955Z Requirement already satisfied: pandas<=3.0 in /opt/hostedtoolcache/Python/3.12.11/x64/lib/python3.12/site-packages (from keepa==1.3.15) (2.2.3)
2025-08-19T22:48:15.7466210Z Requirement already satisfied: pydantic in /opt/hostedtoolcache/Python/3.12.11/x64/lib/python3.12/site-packages (from keepa==1.3.15) (2.11.7)
2025-08-19T22:48:15.7476208Z Requirement already satisfied: certifi in /opt/hostedtoolcache/Python/3.12.11/x64/lib/python3.12/site-packages (from minio==7.1.15) (2025.8.3)
2025-08-19T22:48:15.7480223Z Requirement already satisfied: urllib3 in /opt/hostedtoolcache/Python/3.12.11/x64/lib/python3.12/site-packages (from minio==7.1.15) (2.5.0)
2025-08-19T22:48:15.7536002Z Requirement already satisfied: python-dateutil>=2.8.2 in /opt/hostedtoolcache/Python/3.12.11/x64/lib/python3.12/site-packages (from pandas<=3.0->keepa==1.3.15) (2.9.0.post0)
2025-08-19T22:48:15.7541111Z Requirement already satisfied: pytz>=2020.1 in /opt/hostedtoolcache/Python/3.12.11/x64/lib/python3.12/site-packages (from pandas<=3.0->keepa==1.3.15) (2025.2)
2025-08-19T22:48:15.7545724Z Requirement already satisfied: tzdata>=2022.7 in /opt/hostedtoolcache/Python/3.12.11/x64/lib/python3.12/site-packages (from pandas<=3.0->keepa==1.3.15) (2025.2)
2025-08-19T22:48:15.7677391Z Requirement already satisfied: six>=1.5 in /opt/hostedtoolcache/Python/3.12.11/x64/lib/python3.12/site-packages (from python-dateutil>=2.8.2->pandas<=3.0->keepa==1.3.15) (1.17.0)
2025-08-19T22:48:15.7696218Z Requirement already satisfied: charset_normalizer<4,>=2 in /opt/hostedtoolcache/Python/3.12.11/x64/lib/python3.12/site-packages (from requests>=2.2->keepa==1.3.15) (3.4.3)
2025-08-19T22:48:15.7701796Z Requirement already satisfied: idna<4,>=2.5 in /opt/hostedtoolcache/Python/3.12.11/x64/lib/python3.12/site-packages (from requests>=2.2->keepa==1.3.15) (3.10)
2025-08-19T22:48:15.7771273Z Requirement already satisfied: aiohappyeyeballs>=2.5.0 in /opt/hostedtoolcache/Python/3.12.11/x64/lib/python3.12/site-packages (from aiohttp->keepa==1.3.15) (2.6.1)
2025-08-19T22:48:15.7776262Z Requirement already satisfied: aiosignal>=1.4.0 in /opt/hostedtoolcache/Python/3.12.11/x64/lib/python3.12/site-packages (from aiohttp->keepa==1.3.15) (1.4.0)
2025-08-19T22:48:15.7783108Z Requirement already satisfied: attrs>=17.3.0 in /opt/hostedtoolcache/Python/3.12.11/x64/lib/python3.12/site-packages (from aiohttp->keepa==1.3.15) (25.3.0)
2025-08-19T22:48:15.7788036Z Requirement already satisfied: frozenlist>=1.1.1 in /opt/hostedtoolcache/Python/3.12.11/x64/lib/python3.12/site-packages (from aiohttp->keepa==1.3.15) (1.7.0)
2025-08-19T22:48:15.7793552Z Requirement already satisfied: multidict<7.0,>=4.5 in /opt/hostedtoolcache/Python/3.12.11/x64/lib/python3.12/site-packages (from aiohttp->keepa==1.3.15) (6.6.4)
2025-08-19T22:48:15.7798972Z Requirement already satisfied: propcache>=0.2.0 in /opt/hostedtoolcache/Python/3.12.11/x64/lib/python3.12/site-packages (from aiohttp->keepa==1.3.15) (0.3.2)
2025-08-19T22:48:15.7804150Z Requirement already satisfied: yarl<2.0,>=1.17.0 in /opt/hostedtoolcache/Python/3.12.11/x64/lib/python3.12/site-packages (from aiohttp->keepa==1.3.15) (1.20.1)
2025-08-19T22:48:15.7863716Z Requirement already satisfied: typing-extensions>=4.2 in /opt/hostedtoolcache/Python/3.12.11/x64/lib/python3.12/site-packages (from aiosignal>=1.4.0->aiohttp->keepa==1.3.15) (4.14.1)
2025-08-19T22:48:15.7956833Z Requirement already satisfied: annotated-types>=0.6.0 in /opt/hostedtoolcache/Python/3.12.11/x64/lib/python3.12/site-packages (from pydantic->keepa==1.3.15) (0.7.0)
2025-08-19T22:48:15.7962119Z Requirement already satisfied: pydantic-core==2.33.2 in /opt/hostedtoolcache/Python/3.12.11/x64/lib/python3.12/site-packages (from pydantic->keepa==1.3.15) (2.33.2)
2025-08-19T22:48:15.7969662Z Requirement already satisfied: typing-inspection>=0.4.0 in /opt/hostedtoolcache/Python/3.12.11/x64/lib/python3.12/site-packages (from pydantic->keepa==1.3.15) (0.4.1)
2025-08-19T22:48:15.8049090Z Using cached keepa-1.3.15-py3-none-any.whl (38 kB)
2025-08-19T22:48:15.9929938Z Installing collected packages: keepa
2025-08-19T22:48:15.9931082Z   Attempting uninstall: keepa
2025-08-19T22:48:15.9966690Z     Found existing installation: keepa 1.3.14
2025-08-19T22:48:15.9990163Z     Uninstalling keepa-1.3.14:
2025-08-19T22:48:16.0004330Z       Successfully uninstalled keepa-1.3.14
2025-08-19T22:48:16.0450789Z Successfully installed keepa-1.3.15
2025-08-19T22:48:16.1057583Z ##[group]Run actions/setup-node@v4
2025-08-19T22:48:16.1057893Z with:
2025-08-19T22:48:16.1058081Z   node-version: 20.19.0
2025-08-19T22:48:16.1058302Z   always-auth: false
2025-08-19T22:48:16.1058511Z   check-latest: false
2025-08-19T22:48:16.1058832Z   token: ***
2025-08-19T22:48:16.1059015Z env:
2025-08-19T22:48:16.1059214Z   REDIS_URL: redis://localhost:6379/0
2025-08-19T22:48:16.1059483Z   RATE_LIMIT_DEFAULT: 100/minute
2025-08-19T22:48:16.1059713Z   TRUST_X_FORWARDED: 1
2025-08-19T22:48:16.1059915Z   PG_USER: postgres
2025-08-19T22:48:16.1060112Z   PG_PASSWORD: pass
2025-08-19T22:48:16.1060306Z   PG_DATABASE: awa
2025-08-19T22:48:16.1060516Z   PG_HOST: localhost
2025-08-19T22:48:16.1060711Z   PG_PORT: 5432
2025-08-19T22:48:16.1061092Z   PG_SYNC_DSN: ***localhost:5432/awa
2025-08-19T22:48:16.1061477Z   PG_ASYNC_DSN: ***localhost:5432/awa
2025-08-19T22:48:16.1061859Z   DATABASE_URL: ***localhost:5432/awa
2025-08-19T22:48:16.1062098Z   DATA_DIR: /tmp/awa-data
2025-08-19T22:48:16.1062326Z   ENABLE_LIVE: 0
2025-08-19T22:48:16.1062504Z   TESTING: 1
2025-08-19T22:48:16.1062748Z   pythonLocation: /opt/hostedtoolcache/Python/3.12.11/x64
2025-08-19T22:48:16.1063145Z   PKG_CONFIG_PATH: /opt/hostedtoolcache/Python/3.12.11/x64/lib/pkgconfig
2025-08-19T22:48:16.1063530Z   Python_ROOT_DIR: /opt/hostedtoolcache/Python/3.12.11/x64
2025-08-19T22:48:16.1063880Z   Python2_ROOT_DIR: /opt/hostedtoolcache/Python/3.12.11/x64
2025-08-19T22:48:16.1064225Z   Python3_ROOT_DIR: /opt/hostedtoolcache/Python/3.12.11/x64
2025-08-19T22:48:16.1064564Z   LD_LIBRARY_PATH: /opt/hostedtoolcache/Python/3.12.11/x64/lib
2025-08-19T22:48:16.1064853Z ##[endgroup]
2025-08-19T22:48:16.2766166Z Attempting to download 20.19.0...
2025-08-19T22:48:16.8492192Z Acquiring 20.19.0 - x64 from https://github.com/actions/node-versions/releases/download/20.19.0-13838090974/node-20.19.0-linux-x64.tar.gz
2025-08-19T22:48:17.3472142Z Extracting ...
2025-08-19T22:48:17.3582714Z [command]/usr/bin/tar xz --strip 1 --warning=no-unknown-keyword --overwrite -C /home/runner/work/_temp/a89ea9ae-98ef-4983-8669-6d3d661ad417 -f /home/runner/work/_temp/f6ba8158-00d0-4a50-bc0a-9f0327aa971b
2025-08-19T22:48:18.3438971Z Adding to the cache ...
2025-08-19T22:48:19.9245588Z ##[group]Environment details
2025-08-19T22:48:20.1418350Z node: v20.19.0
2025-08-19T22:48:20.1418750Z npm: 10.8.2
2025-08-19T22:48:20.1419042Z yarn: 1.22.22
2025-08-19T22:48:20.1419723Z ##[endgroup]
2025-08-19T22:48:20.1565317Z ##[group]Run npm ci
2025-08-19T22:48:20.1565555Z [36;1mnpm ci[0m
2025-08-19T22:48:20.1605802Z shell: /usr/bin/bash -e {0}
2025-08-19T22:48:20.1606040Z env:
2025-08-19T22:48:20.1606254Z   REDIS_URL: redis://localhost:6379/0
2025-08-19T22:48:20.1606571Z   RATE_LIMIT_DEFAULT: 100/minute
2025-08-19T22:48:20.1606806Z   TRUST_X_FORWARDED: 1
2025-08-19T22:48:20.1607009Z   PG_USER: postgres
2025-08-19T22:48:20.1607382Z   PG_PASSWORD: pass
2025-08-19T22:48:20.1607582Z   PG_DATABASE: awa
2025-08-19T22:48:20.1607769Z   PG_HOST: localhost
2025-08-19T22:48:20.1607958Z   PG_PORT: 5432
2025-08-19T22:48:20.1608380Z   PG_SYNC_DSN: ***localhost:5432/awa
2025-08-19T22:48:20.1608785Z   PG_ASYNC_DSN: ***localhost:5432/awa
2025-08-19T22:48:20.1609171Z   DATABASE_URL: ***localhost:5432/awa
2025-08-19T22:48:20.1609412Z   DATA_DIR: /tmp/awa-data
2025-08-19T22:48:20.1609619Z   ENABLE_LIVE: 0
2025-08-19T22:48:20.1609804Z   TESTING: 1
2025-08-19T22:48:20.1610090Z   pythonLocation: /opt/hostedtoolcache/Python/3.12.11/x64
2025-08-19T22:48:20.1610495Z   PKG_CONFIG_PATH: /opt/hostedtoolcache/Python/3.12.11/x64/lib/pkgconfig
2025-08-19T22:48:20.1610881Z   Python_ROOT_DIR: /opt/hostedtoolcache/Python/3.12.11/x64
2025-08-19T22:48:20.1611231Z   Python2_ROOT_DIR: /opt/hostedtoolcache/Python/3.12.11/x64
2025-08-19T22:48:20.1611589Z   Python3_ROOT_DIR: /opt/hostedtoolcache/Python/3.12.11/x64
2025-08-19T22:48:20.1611943Z   LD_LIBRARY_PATH: /opt/hostedtoolcache/Python/3.12.11/x64/lib
2025-08-19T22:48:20.1612240Z ##[endgroup]
2025-08-19T22:48:22.7900155Z npm warn deprecated node-domexception@1.0.0: Use your platform's native DOMException instead
2025-08-19T22:48:26.2481899Z 
2025-08-19T22:48:26.2483173Z added 432 packages, and audited 433 packages in 6s
2025-08-19T22:48:26.2483846Z 
2025-08-19T22:48:26.2494176Z 112 packages are looking for funding
2025-08-19T22:48:26.2494756Z   run `npm fund` for details
2025-08-19T22:48:26.2498945Z 
2025-08-19T22:48:26.2499343Z 2 vulnerabilities (1 low, 1 critical)
2025-08-19T22:48:26.2499731Z 
2025-08-19T22:48:26.2500078Z To address all issues, run:
2025-08-19T22:48:26.2500518Z   npm audit fix
2025-08-19T22:48:26.2500746Z 
2025-08-19T22:48:26.2500961Z Run `npm audit` for details.
2025-08-19T22:48:26.2869848Z ##[group]Run npm run build --if-present
2025-08-19T22:48:26.2870202Z [36;1mnpm run build --if-present[0m
2025-08-19T22:48:26.2915743Z shell: /usr/bin/bash -e {0}
2025-08-19T22:48:26.2915978Z env:
2025-08-19T22:48:26.2916183Z   REDIS_URL: redis://localhost:6379/0
2025-08-19T22:48:26.2916468Z   RATE_LIMIT_DEFAULT: 100/minute
2025-08-19T22:48:26.2916710Z   TRUST_X_FORWARDED: 1
2025-08-19T22:48:26.2916917Z   PG_USER: postgres
2025-08-19T22:48:26.2917113Z   PG_PASSWORD: pass
2025-08-19T22:48:26.2917522Z   PG_DATABASE: awa
2025-08-19T22:48:26.2917717Z   PG_HOST: localhost
2025-08-19T22:48:26.2917919Z   PG_PORT: 5432
2025-08-19T22:48:26.2918356Z   PG_SYNC_DSN: ***localhost:5432/awa
2025-08-19T22:48:26.2918781Z   PG_ASYNC_DSN: ***localhost:5432/awa
2025-08-19T22:48:26.2919175Z   DATABASE_URL: ***localhost:5432/awa
2025-08-19T22:48:26.2919417Z   DATA_DIR: /tmp/awa-data
2025-08-19T22:48:26.2919624Z   ENABLE_LIVE: 0
2025-08-19T22:48:26.2919803Z   TESTING: 1
2025-08-19T22:48:26.2920073Z   pythonLocation: /opt/hostedtoolcache/Python/3.12.11/x64
2025-08-19T22:48:26.2920675Z   PKG_CONFIG_PATH: /opt/hostedtoolcache/Python/3.12.11/x64/lib/pkgconfig
2025-08-19T22:48:26.2921065Z   Python_ROOT_DIR: /opt/hostedtoolcache/Python/3.12.11/x64
2025-08-19T22:48:26.2921404Z   Python2_ROOT_DIR: /opt/hostedtoolcache/Python/3.12.11/x64
2025-08-19T22:48:26.2921757Z   Python3_ROOT_DIR: /opt/hostedtoolcache/Python/3.12.11/x64
2025-08-19T22:48:26.2922114Z   LD_LIBRARY_PATH: /opt/hostedtoolcache/Python/3.12.11/x64/lib
2025-08-19T22:48:26.2922405Z ##[endgroup]
2025-08-19T22:48:26.4076816Z 
2025-08-19T22:48:26.4077294Z > web@0.0.0 build
2025-08-19T22:48:26.4077731Z > tsc -b && vite build
2025-08-19T22:48:26.4077964Z 
2025-08-19T22:48:28.8338785Z [36mvite v7.0.4 [32mbuilding for production...[36m[39m
2025-08-19T22:48:29.0038842Z transforming...
2025-08-19T22:48:32.0568660Z [32m✓[39m 687 modules transformed.
2025-08-19T22:48:32.4130854Z rendering chunks...
2025-08-19T22:48:32.4338326Z computing gzip size...
2025-08-19T22:48:32.4887370Z [2mdist/[22m[32mindex.html                 [39m[1m[2m  0.46 kB[22m[1m[22m[2m │ gzip:   0.30 kB[22m
2025-08-19T22:48:32.4889234Z [2mdist/[22m[2massets/[22m[35mindex-5IA1gRGW.css  [39m[1m[2m  0.84 kB[22m[1m[22m[2m │ gzip:   0.45 kB[22m
2025-08-19T22:48:32.4890933Z [2mdist/[22m[2massets/[22m[36mindex-CIqpArhq.js   [39m[1m[33m613.66 kB[39m[22m[2m │ gzip: 193.69 kB[22m
2025-08-19T22:48:32.4922799Z [32m✓ built in 3.64s[39m
2025-08-19T22:48:32.4937971Z [33m
2025-08-19T22:48:32.4938619Z (!) Some chunks are larger than 500 kB after minification. Consider:
2025-08-19T22:48:32.4939376Z - Using dynamic import() to code-split the application
2025-08-19T22:48:32.4940656Z - Use build.rollupOptions.output.manualChunks to improve chunking: https://rollupjs.org/configuration-options/#output-manualchunks
2025-08-19T22:48:32.4942079Z - Adjust chunk size limit for this warning via build.chunkSizeWarningLimit.[39m
2025-08-19T22:48:32.5684954Z ##[group]Run sudo apt-get update
2025-08-19T22:48:32.5685492Z [36;1msudo apt-get update[0m
2025-08-19T22:48:32.5686020Z [36;1msudo apt-get install -y postgresql[0m
2025-08-19T22:48:32.5686777Z [36;1mecho "/usr/lib/postgresql/$(pg_config --version | cut -d' ' -f2 | cut -d'.' -f1,2)/bin" >> $GITHUB_PATH[0m
2025-08-19T22:48:32.5731833Z shell: /usr/bin/bash -e {0}
2025-08-19T22:48:32.5732072Z env:
2025-08-19T22:48:32.5732292Z   REDIS_URL: redis://localhost:6379/0
2025-08-19T22:48:32.5732576Z   RATE_LIMIT_DEFAULT: 100/minute
2025-08-19T22:48:32.5732809Z   TRUST_X_FORWARDED: 1
2025-08-19T22:48:32.5733014Z   PG_USER: postgres
2025-08-19T22:48:32.5733208Z   PG_PASSWORD: pass
2025-08-19T22:48:32.5733388Z   PG_DATABASE: awa
2025-08-19T22:48:32.5733590Z   PG_HOST: localhost
2025-08-19T22:48:32.5733790Z   PG_PORT: 5432
2025-08-19T22:48:32.5734223Z   PG_SYNC_DSN: ***localhost:5432/awa
2025-08-19T22:48:32.5734733Z   PG_ASYNC_DSN: ***localhost:5432/awa
2025-08-19T22:48:32.5735535Z   DATABASE_URL: ***localhost:5432/awa
2025-08-19T22:48:32.5735983Z   DATA_DIR: /tmp/awa-data
2025-08-19T22:48:32.5736211Z   ENABLE_LIVE: 0
2025-08-19T22:48:32.5736399Z   TESTING: 1
2025-08-19T22:48:32.5736646Z   pythonLocation: /opt/hostedtoolcache/Python/3.12.11/x64
2025-08-19T22:48:32.5737067Z   PKG_CONFIG_PATH: /opt/hostedtoolcache/Python/3.12.11/x64/lib/pkgconfig
2025-08-19T22:48:32.5737703Z   Python_ROOT_DIR: /opt/hostedtoolcache/Python/3.12.11/x64
2025-08-19T22:48:32.5738064Z   Python2_ROOT_DIR: /opt/hostedtoolcache/Python/3.12.11/x64
2025-08-19T22:48:32.5738423Z   Python3_ROOT_DIR: /opt/hostedtoolcache/Python/3.12.11/x64
2025-08-19T22:48:32.5738774Z   LD_LIBRARY_PATH: /opt/hostedtoolcache/Python/3.12.11/x64/lib
2025-08-19T22:48:32.5739072Z ##[endgroup]
2025-08-19T22:48:32.6478028Z Get:1 file:/etc/apt/apt-mirrors.txt Mirrorlist [144 B]
2025-08-19T22:48:32.6819787Z Hit:2 http://azure.archive.ubuntu.com/ubuntu noble InRelease
2025-08-19T22:48:32.6833995Z Get:3 http://azure.archive.ubuntu.com/ubuntu noble-updates InRelease [126 kB]
2025-08-19T22:48:32.6924152Z Get:4 http://azure.archive.ubuntu.com/ubuntu noble-backports InRelease [126 kB]
2025-08-19T22:48:32.6934667Z Get:5 http://azure.archive.ubuntu.com/ubuntu noble-security InRelease [126 kB]
2025-08-19T22:48:32.6937412Z Hit:6 https://packages.microsoft.com/repos/azure-cli noble InRelease
2025-08-19T22:48:32.7031939Z Get:7 https://packages.microsoft.com/ubuntu/24.04/prod noble InRelease [3600 B]
2025-08-19T22:48:32.8093275Z Get:8 http://azure.archive.ubuntu.com/ubuntu noble-updates/main amd64 Packages [1337 kB]
2025-08-19T22:48:32.8269449Z Get:9 http://azure.archive.ubuntu.com/ubuntu noble-updates/main Translation-en [267 kB]
2025-08-19T22:48:32.8293356Z Get:10 http://azure.archive.ubuntu.com/ubuntu noble-updates/main amd64 Components [175 kB]
2025-08-19T22:48:32.8315833Z Get:11 http://azure.archive.ubuntu.com/ubuntu noble-updates/universe amd64 Packages [1122 kB]
2025-08-19T22:48:32.8392436Z Get:12 http://azure.archive.ubuntu.com/ubuntu noble-updates/universe Translation-en [288 kB]
2025-08-19T22:48:32.8422211Z Get:13 http://azure.archive.ubuntu.com/ubuntu noble-updates/universe amd64 Components [377 kB]
2025-08-19T22:48:32.8455848Z Get:14 http://azure.archive.ubuntu.com/ubuntu noble-updates/restricted amd64 Packages [1700 kB]
2025-08-19T22:48:32.8549356Z Get:15 http://azure.archive.ubuntu.com/ubuntu noble-updates/restricted Translation-en [375 kB]
2025-08-19T22:48:32.8576371Z Get:16 http://azure.archive.ubuntu.com/ubuntu noble-updates/restricted amd64 Components [212 B]
2025-08-19T22:48:32.8589776Z Get:17 http://azure.archive.ubuntu.com/ubuntu noble-updates/multiverse amd64 Components [940 B]
2025-08-19T22:48:32.9121725Z Get:18 http://azure.archive.ubuntu.com/ubuntu noble-backports/main amd64 Components [7076 B]
2025-08-19T22:48:32.9144137Z Get:19 http://azure.archive.ubuntu.com/ubuntu noble-backports/universe amd64 Packages [30.2 kB]
2025-08-19T22:48:32.9158371Z Get:20 http://azure.archive.ubuntu.com/ubuntu noble-backports/universe Translation-en [17.4 kB]
2025-08-19T22:48:32.9174055Z Get:21 http://azure.archive.ubuntu.com/ubuntu noble-backports/universe amd64 Components [19.2 kB]
2025-08-19T22:48:32.9188689Z Get:22 http://azure.archive.ubuntu.com/ubuntu noble-backports/restricted amd64 Components [216 B]
2025-08-19T22:48:32.9201706Z Get:23 http://azure.archive.ubuntu.com/ubuntu noble-backports/multiverse amd64 Components [212 B]
2025-08-19T22:48:32.9657622Z Get:24 http://azure.archive.ubuntu.com/ubuntu noble-security/main amd64 Packages [1075 kB]
2025-08-19T22:48:32.9724587Z Get:25 http://azure.archive.ubuntu.com/ubuntu noble-security/main Translation-en [186 kB]
2025-08-19T22:48:32.9744160Z Get:26 http://azure.archive.ubuntu.com/ubuntu noble-security/main amd64 Components [21.5 kB]
2025-08-19T22:48:32.9756345Z Get:27 http://azure.archive.ubuntu.com/ubuntu noble-security/universe amd64 Packages [879 kB]
2025-08-19T22:48:32.9811583Z Get:28 http://azure.archive.ubuntu.com/ubuntu noble-security/universe Translation-en [195 kB]
2025-08-19T22:48:32.9834592Z Get:29 http://azure.archive.ubuntu.com/ubuntu noble-security/universe amd64 Components [52.3 kB]
2025-08-19T22:48:32.9863494Z Get:30 http://azure.archive.ubuntu.com/ubuntu noble-security/restricted amd64 Packages [1610 kB]
2025-08-19T22:48:32.9992989Z Get:31 http://azure.archive.ubuntu.com/ubuntu noble-security/restricted Translation-en [357 kB]
2025-08-19T22:48:33.0240473Z Get:34 https://packages.microsoft.com/ubuntu/24.04/prod noble/main amd64 Packages [47.9 kB]
2025-08-19T22:48:33.0346653Z Get:35 https://packages.microsoft.com/ubuntu/24.04/prod noble/main arm64 Packages [33.1 kB]
2025-08-19T22:48:33.0437837Z Get:32 http://azure.archive.ubuntu.com/ubuntu noble-security/restricted amd64 Components [212 B]
2025-08-19T22:48:33.0449440Z Get:33 http://azure.archive.ubuntu.com/ubuntu noble-security/multiverse amd64 Components [212 B]
2025-08-19T22:48:39.6412864Z Fetched 10.6 MB in 1s (8574 kB/s)
2025-08-19T22:48:40.3265517Z Reading package lists...
2025-08-19T22:48:40.3590527Z Reading package lists...
2025-08-19T22:48:40.5057145Z Building dependency tree...
2025-08-19T22:48:40.5064214Z Reading state information...
2025-08-19T22:48:40.6535655Z Suggested packages:
2025-08-19T22:48:40.6536098Z   postgresql-doc
2025-08-19T22:48:40.6682732Z The following NEW packages will be installed:
2025-08-19T22:48:40.6683264Z   postgresql
2025-08-19T22:48:40.6848149Z 0 upgraded, 1 newly installed, 0 to remove and 39 not upgraded.
2025-08-19T22:48:40.6848766Z Need to get 11.6 kB of archives.
2025-08-19T22:48:40.6849185Z After this operation, 17.4 kB of additional disk space will be used.
2025-08-19T22:48:40.6849666Z Get:1 file:/etc/apt/apt-mirrors.txt Mirrorlist [144 B]
2025-08-19T22:48:40.9384076Z Get:2 http://azure.archive.ubuntu.com/ubuntu noble-updates/main amd64 postgresql all 16+257build1.1 [11.6 kB]
2025-08-19T22:48:41.1852279Z Fetched 11.6 kB in 0s (44.0 kB/s)
2025-08-19T22:48:41.2068957Z Selecting previously unselected package postgresql.
2025-08-19T22:48:41.2310662Z (Reading database ... 
2025-08-19T22:48:41.2311200Z (Reading database ... 5%
2025-08-19T22:48:41.2311487Z (Reading database ... 10%
2025-08-19T22:48:41.2311743Z (Reading database ... 15%
2025-08-19T22:48:41.2311993Z (Reading database ... 20%
2025-08-19T22:48:41.2312215Z (Reading database ... 25%
2025-08-19T22:48:41.2312444Z (Reading database ... 30%
2025-08-19T22:48:41.2312657Z (Reading database ... 35%
2025-08-19T22:48:41.2312872Z (Reading database ... 40%
2025-08-19T22:48:41.2313087Z (Reading database ... 45%
2025-08-19T22:48:41.2313303Z (Reading database ... 50%
2025-08-19T22:48:41.2523486Z (Reading database ... 55%
2025-08-19T22:48:41.2797906Z (Reading database ... 60%
2025-08-19T22:48:41.3215141Z (Reading database ... 65%
2025-08-19T22:48:41.3535886Z (Reading database ... 70%
2025-08-19T22:48:41.3750669Z (Reading database ... 75%
2025-08-19T22:48:41.4160697Z (Reading database ... 80%
2025-08-19T22:48:41.4773457Z (Reading database ... 85%
2025-08-19T22:48:41.5564927Z (Reading database ... 90%
2025-08-19T22:48:41.6042260Z (Reading database ... 95%
2025-08-19T22:48:41.6043003Z (Reading database ... 100%
2025-08-19T22:48:41.6043609Z (Reading database ... 219881 files and directories currently installed.)
2025-08-19T22:48:41.6086214Z Preparing to unpack .../postgresql_16+257build1.1_all.deb ...
2025-08-19T22:48:41.6110887Z Unpacking postgresql (16+257build1.1) ...
2025-08-19T22:48:41.6492061Z Setting up postgresql (16+257build1.1) ...
2025-08-19T22:48:42.2880338Z 
2025-08-19T22:48:42.2880883Z Running kernel seems to be up-to-date.
2025-08-19T22:48:42.2881136Z 
2025-08-19T22:48:42.2881257Z Restarting services...
2025-08-19T22:48:42.2949415Z 
2025-08-19T22:48:42.2949886Z Service restarts being deferred:
2025-08-19T22:48:42.2951034Z  systemctl restart hosted-compute-agent.service
2025-08-19T22:48:42.2951589Z 
2025-08-19T22:48:42.2951935Z No containers need to be restarted.
2025-08-19T22:48:42.2952280Z 
2025-08-19T22:48:42.2952587Z No user sessions are running outdated binaries.
2025-08-19T22:48:42.2952946Z 
2025-08-19T22:48:42.2953464Z No VM guests are running outdated hypervisor (qemu) binaries on this host.
2025-08-19T22:48:43.1001791Z ##[group]Run for i in {1..30}; do pg_isready -h localhost -p 5432 -U postgres -d awa && break; sleep 1; done
2025-08-19T22:48:43.1002453Z [36;1mfor i in {1..30}; do pg_isready -h localhost -p 5432 -U postgres -d awa && break; sleep 1; done[0m
2025-08-19T22:48:43.1043285Z shell: /usr/bin/bash -e {0}
2025-08-19T22:48:43.1043704Z env:
2025-08-19T22:48:43.1044071Z   REDIS_URL: redis://localhost:6379/0
2025-08-19T22:48:43.1044563Z   RATE_LIMIT_DEFAULT: 100/minute
2025-08-19T22:48:43.1044991Z   TRUST_X_FORWARDED: 1
2025-08-19T22:48:43.1045359Z   PG_USER: postgres
2025-08-19T22:48:43.1045695Z   PG_PASSWORD: pass
2025-08-19T22:48:43.1046039Z   PG_DATABASE: awa
2025-08-19T22:48:43.1046376Z   PG_HOST: localhost
2025-08-19T22:48:43.1046717Z   PG_PORT: 5432
2025-08-19T22:48:43.1047618Z   PG_SYNC_DSN: ***localhost:5432/awa
2025-08-19T22:48:43.1048335Z   PG_ASYNC_DSN: ***localhost:5432/awa
2025-08-19T22:48:43.1049058Z   DATABASE_URL: ***localhost:5432/awa
2025-08-19T22:48:43.1049550Z   DATA_DIR: /tmp/awa-data
2025-08-19T22:48:43.1049925Z   ENABLE_LIVE: 0
2025-08-19T22:48:43.1050255Z   TESTING: 1
2025-08-19T22:48:43.1050981Z   pythonLocation: /opt/hostedtoolcache/Python/3.12.11/x64
2025-08-19T22:48:43.1051730Z   PKG_CONFIG_PATH: /opt/hostedtoolcache/Python/3.12.11/x64/lib/pkgconfig
2025-08-19T22:48:43.1052440Z   Python_ROOT_DIR: /opt/hostedtoolcache/Python/3.12.11/x64
2025-08-19T22:48:43.1053092Z   Python2_ROOT_DIR: /opt/hostedtoolcache/Python/3.12.11/x64
2025-08-19T22:48:43.1053760Z   Python3_ROOT_DIR: /opt/hostedtoolcache/Python/3.12.11/x64
2025-08-19T22:48:43.1054419Z   LD_LIBRARY_PATH: /opt/hostedtoolcache/Python/3.12.11/x64/lib
2025-08-19T22:48:43.1054973Z ##[endgroup]
2025-08-19T22:48:43.1550996Z localhost:5432 - accepting connections
2025-08-19T22:48:43.1592711Z ##[group]Run alembic -c services/api/alembic.ini upgrade head
2025-08-19T22:48:43.1593166Z [36;1malembic -c services/api/alembic.ini upgrade head[0m
2025-08-19T22:48:43.1631534Z shell: /usr/bin/bash -e {0}
2025-08-19T22:48:43.1631767Z env:
2025-08-19T22:48:43.1631972Z   REDIS_URL: redis://localhost:6379/0
2025-08-19T22:48:43.1632262Z   RATE_LIMIT_DEFAULT: 100/minute
2025-08-19T22:48:43.1632490Z   TRUST_X_FORWARDED: 1
2025-08-19T22:48:43.1632686Z   PG_USER: postgres
2025-08-19T22:48:43.1632875Z   PG_PASSWORD: pass
2025-08-19T22:48:43.1633063Z   PG_DATABASE: awa
2025-08-19T22:48:43.1633256Z   PG_HOST: localhost
2025-08-19T22:48:43.1633446Z   PG_PORT: 5432
2025-08-19T22:48:43.1633846Z   PG_SYNC_DSN: ***localhost:5432/awa
2025-08-19T22:48:43.1634252Z   PG_ASYNC_DSN: ***localhost:5432/awa
2025-08-19T22:48:43.1634632Z   DATABASE_URL: ***localhost:5432/awa
2025-08-19T22:48:43.1634870Z   DATA_DIR: /tmp/awa-data
2025-08-19T22:48:43.1635079Z   ENABLE_LIVE: 0
2025-08-19T22:48:43.1635286Z   TESTING: 1
2025-08-19T22:48:43.1635538Z   pythonLocation: /opt/hostedtoolcache/Python/3.12.11/x64
2025-08-19T22:48:43.1635929Z   PKG_CONFIG_PATH: /opt/hostedtoolcache/Python/3.12.11/x64/lib/pkgconfig
2025-08-19T22:48:43.1636317Z   Python_ROOT_DIR: /opt/hostedtoolcache/Python/3.12.11/x64
2025-08-19T22:48:43.1636664Z   Python2_ROOT_DIR: /opt/hostedtoolcache/Python/3.12.11/x64
2025-08-19T22:48:43.1637030Z   Python3_ROOT_DIR: /opt/hostedtoolcache/Python/3.12.11/x64
2025-08-19T22:48:43.1637612Z   LD_LIBRARY_PATH: /opt/hostedtoolcache/Python/3.12.11/x64/lib
2025-08-19T22:48:43.1637925Z   POSTGRES_USER: postgres
2025-08-19T22:48:43.1638145Z   POSTGRES_PASSWORD: pass
2025-08-19T22:48:43.1638349Z   POSTGRES_DB: awa
2025-08-19T22:48:43.1638536Z ##[endgroup]
2025-08-19T22:48:43.9393187Z INFO  [alembic.runtime.migration] Context impl PostgresqlImpl.
2025-08-19T22:48:43.9394120Z INFO  [alembic.runtime.migration] Will assume transactional DDL.
2025-08-19T22:48:43.9578273Z INFO  [alembic.runtime.migration] Running upgrade  -> 0001_baseline
2025-08-19T22:48:43.9740109Z INFO  [alembic.runtime.migration] Running upgrade 0001_baseline -> 0002_create_roi_view
2025-08-19T22:48:43.9766987Z INFO  [alembic.runtime.migration] Running upgrade 0002_create_roi_view -> 3e9d5c5aff2c
2025-08-19T22:48:43.9934799Z INFO  [alembic.runtime.migration] Running upgrade 3e9d5c5aff2c -> 0003_vendor_prices
2025-08-19T22:48:44.0111426Z INFO  [alembic.runtime.migration] Running upgrade 0003_vendor_prices -> 0004_fee_cron
2025-08-19T22:48:44.0181818Z INFO  [alembic.runtime.migration] Running upgrade 0004_fee_cron -> 0006_fix_roi_views
2025-08-19T22:48:44.0215419Z INFO  [alembic.runtime.migration] Running upgrade 0006_fix_roi_views -> 0020_unified_schema
2025-08-19T22:48:44.0340933Z INFO  [alembic.runtime.migration] Running upgrade 0020_unified_schema -> 0022_fix_roi_view
2025-08-19T22:48:44.0431457Z INFO  [alembic.runtime.migration] Running upgrade 0022_fix_roi_view -> 0023_add_storage_fee
2025-08-19T22:48:44.0468812Z INFO  [alembic.runtime.migration] Running upgrade 0023_add_storage_fee -> 0024_create_buybox
2025-08-19T22:48:44.0491750Z INFO  [alembic.runtime.migration] Running upgrade 0024_create_buybox -> 0025_pr4_indexes_loadlog
2025-08-19T22:48:44.0810317Z INFO  [alembic.runtime.migration] Running upgrade 0025_pr4_indexes_loadlog -> 0026_amazon_new_reports
2025-08-19T22:48:44.1791229Z ##[group]Run pytest -q --cov=services
2025-08-19T22:48:44.1792129Z [36;1mpytest -q --cov=services[0m
2025-08-19T22:48:44.1840045Z shell: /usr/bin/bash -e {0}
2025-08-19T22:48:44.1840279Z env:
2025-08-19T22:48:44.1840491Z   REDIS_URL: redis://localhost:6379/0
2025-08-19T22:48:44.1840773Z   RATE_LIMIT_DEFAULT: 100/minute
2025-08-19T22:48:44.1841005Z   TRUST_X_FORWARDED: 1
2025-08-19T22:48:44.1841205Z   PG_USER: postgres
2025-08-19T22:48:44.1841404Z   PG_PASSWORD: pass
2025-08-19T22:48:44.1841593Z   PG_DATABASE: awa
2025-08-19T22:48:44.1841785Z   PG_HOST: localhost
2025-08-19T22:48:44.1841977Z   PG_PORT: 5432
2025-08-19T22:48:44.1842394Z   PG_SYNC_DSN: ***localhost:5432/awa
2025-08-19T22:48:44.1842800Z   PG_ASYNC_DSN: ***localhost:5432/awa
2025-08-19T22:48:44.1843340Z   DATABASE_URL: ***localhost:5432/awa
2025-08-19T22:48:44.1843814Z   DATA_DIR: /home/runner/work/_temp/awa-data
2025-08-19T22:48:44.1844268Z   ENABLE_LIVE: 0
2025-08-19T22:48:44.1844592Z   TESTING: 1
2025-08-19T22:48:44.1845079Z   pythonLocation: /opt/hostedtoolcache/Python/3.12.11/x64
2025-08-19T22:48:44.1845844Z   PKG_CONFIG_PATH: /opt/hostedtoolcache/Python/3.12.11/x64/lib/pkgconfig
2025-08-19T22:48:44.1846582Z   Python_ROOT_DIR: /opt/hostedtoolcache/Python/3.12.11/x64
2025-08-19T22:48:44.1847550Z   Python2_ROOT_DIR: /opt/hostedtoolcache/Python/3.12.11/x64
2025-08-19T22:48:44.1848211Z   Python3_ROOT_DIR: /opt/hostedtoolcache/Python/3.12.11/x64
2025-08-19T22:48:44.1848879Z   LD_LIBRARY_PATH: /opt/hostedtoolcache/Python/3.12.11/x64/lib
2025-08-19T22:48:44.1849449Z   POSTGRES_USER: postgres
2025-08-19T22:48:44.1849858Z   POSTGRES_PASSWORD: pass
2025-08-19T22:48:44.1850241Z   POSTGRES_DB: awa
2025-08-19T22:48:44.1850566Z   LLM_PROVIDER: lan
2025-08-19T22:48:44.1850957Z   LLM_BASE_URL: http://localhost:8000
2025-08-19T22:48:44.1851397Z ##[endgroup]
2025-08-19T22:49:14.1872252Z ........s.............................sssssss........................... [ 41%]
2025-08-19T22:49:46.0784164Z ........................................................................ [ 83%]
2025-08-19T22:49:46.8323715Z .............................
2025-08-19T22:49:46.8324516Z ERROR: Coverage failure: total of 65 is less than fail-under=75
2025-08-19T22:49:47.2596379Z                                                                          [100%]
2025-08-19T22:49:47.2596887Z =============================== warnings summary ===============================
2025-08-19T22:49:47.2597575Z services/alert_bot/tests/test_smoke.py:5
2025-08-19T22:49:47.2599238Z   /home/runner/work/AWA-App/AWA-App/services/alert_bot/tests/test_smoke.py:5: UserWarning: pkg_resources is deprecated as an API. See https://setuptools.pypa.io/en/latest/pkg_resources.html. The pkg_resources package is slated for removal as early as 2025-11-30. Refrain from using this package or pin to Setuptools<81.
2025-08-19T22:49:47.2600625Z     import pkg_resources  # noqa: F401
2025-08-19T22:49:47.2600870Z 
2025-08-19T22:49:47.2601149Z tests/api/test_ingest_endpoints.py: 12 warnings
2025-08-19T22:49:47.2601795Z tests/ingest/test_tasks_eager.py: 3 warnings
2025-08-19T22:49:47.2602355Z tests/test_api_fast.py: 1 warning
2025-08-19T22:49:47.2602822Z tests/test_health.py: 5 warnings
2025-08-19T22:49:47.2603134Z tests/test_smoke.py: 5 warnings
2025-08-19T22:49:47.2603462Z services/api/tests/test_cors.py: 1 warning
2025-08-19T22:49:47.2603858Z services/api/tests/test_errors_json.py: 2 warnings
2025-08-19T22:49:47.2604260Z services/api/tests/test_health.py: 1 warning
2025-08-19T22:49:47.2604658Z services/api/tests/test_rate_limit.py: 122 warnings
2025-08-19T22:49:47.2605103Z services/api/tests/test_roi_basic_auth.py: 4 warnings
2025-08-19T22:49:47.2605551Z services/api/tests/test_sentry_event.py: 1 warning
2025-08-19T22:49:47.2606004Z services/api/tests/test_stats_contracts.py: 3 warnings
2025-08-19T22:49:47.2606507Z services/api/tests/test_stats_future_contracts.py: 3 warnings
2025-08-19T22:49:47.2608834Z   /opt/hostedtoolcache/Python/3.12.11/x64/lib/python3.12/site-packages/asgi_correlation_id/extensions/sentry.py:27: DeprecationWarning: sentry_sdk.configure_scope is deprecated and will be removed in the next major version. Please consult our migration guide to learn how to migrate to the new API: https://docs.sentry.io/platforms/python/migration/1.x-to-2.x#scope-configuring
2025-08-19T22:49:47.2610357Z     with configure_scope() as scope:
2025-08-19T22:49:47.2610532Z 
2025-08-19T22:49:47.2610704Z tests/api/test_ingest_endpoints.py: 3 warnings
2025-08-19T22:49:47.2611031Z tests/test_api_fast.py: 1 warning
2025-08-19T22:49:47.2611317Z tests/test_health.py: 5 warnings
2025-08-19T22:49:47.2611589Z tests/test_smoke.py: 5 warnings
2025-08-19T22:49:47.2611883Z services/api/tests/test_cors.py: 3 warnings
2025-08-19T22:49:47.2612233Z services/api/tests/test_errors_json.py: 2 warnings
2025-08-19T22:49:47.2612583Z services/api/tests/test_health.py: 1 warning
2025-08-19T22:49:47.2612928Z services/api/tests/test_rate_limit.py: 2 warnings
2025-08-19T22:49:47.2613292Z services/api/tests/test_sentry_event.py: 1 warning
2025-08-19T22:49:47.2613682Z services/api/tests/test_stats_contracts.py: 3 warnings
2025-08-19T22:49:47.2614119Z services/api/tests/test_stats_future_contracts.py: 1 warning
2025-08-19T22:49:47.2617085Z   /opt/hostedtoolcache/Python/3.12.11/x64/lib/python3.12/site-packages/fastapi_limiter/__init__.py:89: DeprecationWarning: Call to deprecated close. (Use aclose() instead) -- Deprecated since version 5.0.1.
2025-08-19T22:49:47.2618866Z Sentry is attempting to send 0 pending events
2025-08-19T22:49:47.2619413Z Waiting up to True seconds
2025-08-19T22:49:47.2619872Z Press Ctrl-C to quit
2025-08-19T22:49:47.2620268Z     await cls.redis.close()
2025-08-19T22:49:47.2620551Z 
2025-08-19T22:49:47.2620907Z tests/test_api_fast.py::test_health_endpoint
2025-08-19T22:49:47.2622971Z   /home/runner/work/AWA-App/AWA-App/tests/test_api_fast.py:13: DeprecationWarning: datetime.datetime.utcnow() is deprecated and scheduled for removal in a future version. Use timezone-aware objects to represent datetimes in UTC: datetime.datetime.now(datetime.UTC).
2025-08-19T22:49:47.2624784Z     return datetime.datetime.utcnow()
2025-08-19T22:49:47.2625119Z 
2025-08-19T22:49:47.2625355Z tests/test_api_fast.py: 1 warning
2025-08-19T22:49:47.2625867Z tests/test_health.py: 5 warnings
2025-08-19T22:49:47.2626353Z tests/test_smoke.py: 5 warnings
2025-08-19T22:49:47.2626867Z services/api/tests/test_cors.py: 1 warning
2025-08-19T22:49:47.2627676Z services/api/tests/test_health.py: 1 warning
2025-08-19T22:49:47.2628300Z services/api/tests/test_rate_limit.py: 102 warnings
2025-08-19T22:49:47.2630572Z   /home/runner/work/AWA-App/AWA-App/services/api/routes/health.py:24: DeprecationWarning: datetime.datetime.utcnow() is deprecated and scheduled for removal in a future version. Use timezone-aware objects to represent datetimes in UTC: datetime.datetime.now(datetime.UTC).
2025-08-19T22:49:47.2632179Z     app_now = datetime.utcnow().replace(tzinfo=timezone.utc)
2025-08-19T22:49:47.2632425Z 
2025-08-19T22:49:47.2632584Z tests/test_health.py::test_health[0]
2025-08-19T22:49:47.2632904Z tests/test_health.py::test_health[1]
2025-08-19T22:49:47.2633215Z tests/test_health.py::test_health[2]
2025-08-19T22:49:47.2633502Z tests/test_health.py::test_health[3]
2025-08-19T22:49:47.2633782Z tests/test_health.py::test_health[4]
2025-08-19T22:49:47.2634916Z   /home/runner/work/AWA-App/AWA-App/tests/test_health.py:22: DeprecationWarning: datetime.datetime.utcnow() is deprecated and scheduled for removal in a future version. Use timezone-aware objects to represent datetimes in UTC: datetime.datetime.now(datetime.UTC).
2025-08-19T22:49:47.2635905Z     return datetime.datetime.utcnow()
2025-08-19T22:49:47.2636082Z 
2025-08-19T22:49:47.2636217Z tests/test_smoke.py::test_health[0]
2025-08-19T22:49:47.2636502Z tests/test_smoke.py::test_health[1]
2025-08-19T22:49:47.2636784Z tests/test_smoke.py::test_health[2]
2025-08-19T22:49:47.2637059Z tests/test_smoke.py::test_health[3]
2025-08-19T22:49:47.2637549Z tests/test_smoke.py::test_health[4]
2025-08-19T22:49:47.2638837Z   /home/runner/work/AWA-App/AWA-App/tests/test_smoke.py:32: DeprecationWarning: datetime.datetime.utcnow() is deprecated and scheduled for removal in a future version. Use timezone-aware objects to represent datetimes in UTC: datetime.datetime.now(datetime.UTC).
2025-08-19T22:49:47.2639951Z     return datetime.datetime.utcnow()
2025-08-19T22:49:47.2640135Z 
2025-08-19T22:49:47.2640370Z services/api/tests/test_cors.py::test_cors_simple_get_allowed
2025-08-19T22:49:47.2641598Z   /home/runner/work/AWA-App/AWA-App/services/api/tests/test_cors.py:27: DeprecationWarning: datetime.datetime.utcnow() is deprecated and scheduled for removal in a future version. Use timezone-aware objects to represent datetimes in UTC: datetime.datetime.now(datetime.UTC).
2025-08-19T22:49:47.2642627Z     return datetime.datetime.utcnow()
2025-08-19T22:49:47.2642809Z 
2025-08-19T22:49:47.2643001Z services/api/tests/test_health.py::test_health_route
2025-08-19T22:49:47.2644253Z   /home/runner/work/AWA-App/AWA-App/services/api/tests/test_health.py:14: DeprecationWarning: datetime.datetime.utcnow() is deprecated and scheduled for removal in a future version. Use timezone-aware objects to represent datetimes in UTC: datetime.datetime.now(datetime.UTC).
2025-08-19T22:49:47.2645335Z     return datetime.datetime.utcnow()
2025-08-19T22:49:47.2645513Z 
2025-08-19T22:49:47.2645690Z services/api/tests/test_rate_limit.py: 102 warnings
2025-08-19T22:49:47.2646874Z   /home/runner/work/AWA-App/AWA-App/services/api/tests/test_rate_limit.py:33: DeprecationWarning: datetime.datetime.utcnow() is deprecated and scheduled for removal in a future version. Use timezone-aware objects to represent datetimes in UTC: datetime.datetime.now(datetime.UTC).
2025-08-19T22:49:47.2648147Z     return datetime.datetime.utcnow()
2025-08-19T22:49:47.2648335Z 
2025-08-19T22:49:47.2648671Z services/api/tests/test_sentry_event.py::test_unhandled_exception_is_captured_and_tagged
2025-08-19T22:49:47.2650186Z   /home/runner/work/AWA-App/AWA-App/services/api/tests/test_sentry_event.py:47: SentryHubDeprecationWarning: `sentry_sdk.Hub` is deprecated and will be removed in a future major release. Please consult our 1.x to 2.x migration guide for details on how to migrate `Hub` usage to the new API: https://docs.sentry.io/platforms/python/migration/1.x-to-2.x
2025-08-19T22:49:47.2651399Z     hub = sentry_sdk.Hub.current
2025-08-19T22:49:47.2651562Z 
2025-08-19T22:49:47.2651835Z -- Docs: https://docs.pytest.org/en/stable/how-to/capture-warnings.html
2025-08-19T22:49:47.2652310Z ================================ tests coverage ================================
2025-08-19T22:49:47.2652772Z _______________ coverage: platform linux, python 3.12.11-final-0 _______________
2025-08-19T22:49:47.2653035Z 
2025-08-19T22:49:47.2653184Z Coverage XML written to file coverage.xml
2025-08-19T22:49:47.2653610Z FAIL Required test coverage of 75% not reached. Total coverage: 65.35%
2025-08-19T22:49:47.6951513Z ##[error]Process completed with exit code 1.
2025-08-19T22:49:47.7005457Z ##[group]Run echo "::group::postgres container logs"
2025-08-19T22:49:47.7005842Z [36;1mecho "::group::postgres container logs"[0m
2025-08-19T22:49:47.7006326Z [36;1mdocker logs 552d1eca49eb66d222dbb4e338e0b693b6b15dbd425396a3e5b57b23f7e9ea9f --tail 200[0m
2025-08-19T22:49:47.7006775Z [36;1mecho "::endgroup::"[0m
2025-08-19T22:49:47.7047407Z shell: /usr/bin/bash -e {0}
2025-08-19T22:49:47.7047641Z env:
2025-08-19T22:49:47.7047856Z   REDIS_URL: redis://localhost:6379/0
2025-08-19T22:49:47.7048128Z   RATE_LIMIT_DEFAULT: 100/minute
2025-08-19T22:49:47.7048353Z   TRUST_X_FORWARDED: 1
2025-08-19T22:49:47.7048551Z   PG_USER: postgres
2025-08-19T22:49:47.7048749Z   PG_PASSWORD: pass
2025-08-19T22:49:47.7048939Z   PG_DATABASE: awa
2025-08-19T22:49:47.7049130Z   PG_HOST: localhost
2025-08-19T22:49:47.7049312Z   PG_PORT: 5432
2025-08-19T22:49:47.7049709Z   PG_SYNC_DSN: ***localhost:5432/awa
2025-08-19T22:49:47.7050117Z   PG_ASYNC_DSN: ***localhost:5432/awa
2025-08-19T22:49:47.7050529Z   DATABASE_URL: ***localhost:5432/awa
2025-08-19T22:49:47.7050776Z   DATA_DIR: /tmp/awa-data
2025-08-19T22:49:47.7050989Z   ENABLE_LIVE: 0
2025-08-19T22:49:47.7051360Z   TESTING: 1
2025-08-19T22:49:47.7051608Z   pythonLocation: /opt/hostedtoolcache/Python/3.12.11/x64
2025-08-19T22:49:47.7052029Z   PKG_CONFIG_PATH: /opt/hostedtoolcache/Python/3.12.11/x64/lib/pkgconfig
2025-08-19T22:49:47.7052421Z   Python_ROOT_DIR: /opt/hostedtoolcache/Python/3.12.11/x64
2025-08-19T22:49:47.7052772Z   Python2_ROOT_DIR: /opt/hostedtoolcache/Python/3.12.11/x64
2025-08-19T22:49:47.7053130Z   Python3_ROOT_DIR: /opt/hostedtoolcache/Python/3.12.11/x64
2025-08-19T22:49:47.7053482Z   LD_LIBRARY_PATH: /opt/hostedtoolcache/Python/3.12.11/x64/lib
2025-08-19T22:49:47.7053779Z ##[endgroup]
2025-08-19T22:49:47.7111791Z ##[group]postgres container logs
2025-08-19T22:49:47.7232115Z The files belonging to this database system will be owned by user "postgres".
2025-08-19T22:49:47.7233695Z initdb: warning: enabling "trust" authentication for local connections
2025-08-19T22:49:47.7235207Z initdb: hint: You can change this by editing pg_hba.conf or using the option -A, or --auth-local and --auth-host, the next time you run initdb.
2025-08-19T22:49:47.7236324Z This user must also own the server process.
2025-08-19T22:49:47.7236660Z 
2025-08-19T22:49:47.7237107Z The database cluster will be initialized with locale "en_US.utf8".
2025-08-19T22:49:47.7238161Z The default database encoding has accordingly been set to "UTF8".
2025-08-19T22:49:47.7238975Z The default text search configuration will be set to "english".
2025-08-19T22:49:47.7239395Z 
2025-08-19T22:49:47.7239627Z Data page checksums are disabled.
2025-08-19T22:49:47.7239911Z 
2025-08-19T22:49:47.7240389Z fixing permissions on existing directory /var/lib/postgresql/data ... ok
2025-08-19T22:49:47.7241101Z creating subdirectories ... ok
2025-08-19T22:49:47.7241732Z selecting dynamic shared memory implementation ... posix
2025-08-19T22:49:47.7242378Z selecting default max_connections ... 100
2025-08-19T22:49:47.7242950Z selecting default shared_buffers ... 128MB
2025-08-19T22:49:47.7243508Z selecting default time zone ... Etc/UTC
2025-08-19T22:49:47.7244049Z creating configuration files ... ok
2025-08-19T22:49:47.7244561Z running bootstrap script ... ok
2025-08-19T22:49:47.7245130Z performing post-bootstrap initialization ... ok
2025-08-19T22:49:47.7245660Z syncing data to disk ... ok
2025-08-19T22:49:47.7245904Z 
2025-08-19T22:49:47.7245913Z 
2025-08-19T22:49:47.7246253Z Success. You can now start the database server using:
2025-08-19T22:49:47.7246632Z 
2025-08-19T22:49:47.7246923Z     pg_ctl -D /var/lib/postgresql/data -l logfile start
2025-08-19T22:49:47.7247423Z 
2025-08-19T22:49:47.7248686Z waiting for server to start....2025-08-19 22:47:10.695 UTC [48] LOG:  starting PostgreSQL 15.14 (Debian 15.14-1.pgdg13+1) on x86_64-pc-linux-gnu, compiled by gcc (Debian 14.2.0-19) 14.2.0, 64-bit
2025-08-19T22:49:47.7250572Z 2025-08-19 22:47:10.696 UTC [48] LOG:  listening on Unix socket "/var/run/postgresql/.s.PGSQL.5432"
2025-08-19T22:49:47.7251422Z 2025-08-19 22:47:10.701 UTC [51] LOG:  database system was shut down at 2025-08-19 22:47:10 UTC
2025-08-19T22:49:47.7252008Z 2025-08-19 22:47:10.704 UTC [48] LOG:  database system is ready to accept connections
2025-08-19T22:49:47.7252336Z  done
2025-08-19T22:49:47.7253073Z 2025-08-19 22:47:11.001 UTC [1] LOG:  starting PostgreSQL 15.14 (Debian 15.14-1.pgdg13+1) on x86_64-pc-linux-gnu, compiled by gcc (Debian 14.2.0-19) 14.2.0, 64-bit
2025-08-19T22:49:47.7254369Z 2025-08-19 22:47:11.001 UTC [1] LOG:  listening on IPv4 address "0.0.0.0", port 5432
2025-08-19T22:49:47.7255107Z 2025-08-19 22:47:11.001 UTC [1] LOG:  listening on IPv6 address "::", port 5432
2025-08-19T22:49:47.7255668Z 2025-08-19 22:47:11.002 UTC [1] LOG:  listening on Unix socket "/var/run/postgresql/.s.PGSQL.5432"
2025-08-19T22:49:47.7256283Z 2025-08-19 22:47:11.005 UTC [64] LOG:  database system was shut down at 2025-08-19 22:47:10 UTC
2025-08-19T22:49:47.7256830Z 2025-08-19 22:47:11.009 UTC [1] LOG:  database system is ready to accept connections
2025-08-19T22:49:47.7257326Z server started
2025-08-19T22:49:47.7257561Z CREATE DATABASE
2025-08-19T22:49:47.7257859Z 
2025-08-19T22:49:47.7257866Z 
2025-08-19T22:49:47.7258175Z /usr/local/bin/docker-entrypoint.sh: ignoring /docker-entrypoint-initdb.d/*
2025-08-19T22:49:47.7258494Z 
2025-08-19T22:49:47.7258724Z 2025-08-19 22:47:10.882 UTC [48] LOG:  received fast shutdown request
2025-08-19T22:49:47.7259300Z waiting for server to shut down....2025-08-19 22:47:10.883 UTC [48] LOG:  aborting any active transactions
2025-08-19T22:49:47.7260023Z 2025-08-19 22:47:10.885 UTC [48] LOG:  background worker "logical replication launcher" (PID 54) exited with exit code 1
2025-08-19T22:49:47.7260558Z 2025-08-19 22:47:10.885 UTC [49] LOG:  shutting down
2025-08-19T22:49:47.7260988Z 2025-08-19 22:47:10.886 UTC [49] LOG:  checkpoint starting: shutdown immediate
2025-08-19T22:49:47.7262065Z 2025-08-19 22:47:10.911 UTC [49] LOG:  checkpoint complete: wrote 922 buffers (5.6%); 0 WAL file(s) added, 0 removed, 0 recycled; write=0.014 s, sync=0.009 s, total=0.026 s; sync files=301, longest=0.005 s, average=0.001 s; distance=4239 kB, estimate=4239 kB
2025-08-19T22:49:47.7262943Z 2025-08-19 22:47:10.917 UTC [48] LOG:  database system is shut down
2025-08-19T22:49:47.7263235Z  done
2025-08-19T22:49:47.7263404Z server stopped
2025-08-19T22:49:47.7263512Z 
2025-08-19T22:49:47.7263709Z PostgreSQL init process complete; ready for start up.
2025-08-19T22:49:47.7263919Z 
2025-08-19T22:49:47.7264180Z ##[endgroup]
2025-08-19T22:49:47.7316565Z Post job cleanup.
2025-08-19T22:49:47.8253228Z [command]/usr/bin/git version
2025-08-19T22:49:47.8295782Z git version 2.50.1
2025-08-19T22:49:47.8338783Z Temporarily overriding HOME='/home/runner/work/_temp/b4f73efe-60b2-4211-9ae0-b28d048aeb28' before making global git config changes
2025-08-19T22:49:47.8340369Z Adding repository directory to the temporary git global config as a safe directory
2025-08-19T22:49:47.8345263Z [command]/usr/bin/git config --global --add safe.directory /home/runner/work/AWA-App/AWA-App
2025-08-19T22:49:47.8379225Z [command]/usr/bin/git config --local --name-only --get-regexp core\.sshCommand
2025-08-19T22:49:47.8411329Z [command]/usr/bin/git submodule foreach --recursive sh -c "git config --local --name-only --get-regexp 'core\.sshCommand' && git config --local --unset-all 'core.sshCommand' || :"
2025-08-19T22:49:47.8635328Z [command]/usr/bin/git config --local --name-only --get-regexp http\.https\:\/\/github\.com\/\.extraheader
2025-08-19T22:49:47.8655430Z http.https://github.com/.extraheader
2025-08-19T22:49:47.8669429Z [command]/usr/bin/git config --local --unset-all http.https://github.com/.extraheader
2025-08-19T22:49:47.8699843Z [command]/usr/bin/git submodule foreach --recursive sh -c "git config --local --name-only --get-regexp 'http\.https\:\/\/github\.com\/\.extraheader' && git config --local --unset-all 'http.https://github.com/.extraheader' || :"
2025-08-19T22:49:47.9018598Z Print service container logs: 04e002dec68047958631138e3abff960_postgres15_9e7a7f
2025-08-19T22:49:47.9024927Z ##[command]/usr/bin/docker logs --details 552d1eca49eb66d222dbb4e338e0b693b6b15dbd425396a3e5b57b23f7e9ea9f
2025-08-19T22:49:47.9142568Z  The files belonging to this database system will be owned by user "postgres".
2025-08-19T22:49:47.9144261Z  initdb: warning: enabling "trust" authentication for local connections
2025-08-19T22:49:47.9145450Z  initdb: hint: You can change this by editing pg_hba.conf or using the option -A, or --auth-local and --auth-host, the next time you run initdb.
2025-08-19T22:49:47.9146932Z  2025-08-19 22:47:11.001 UTC [1] LOG:  starting PostgreSQL 15.14 (Debian 15.14-1.pgdg13+1) on x86_64-pc-linux-gnu, compiled by gcc (Debian 14.2.0-19) 14.2.0, 64-bit
2025-08-19T22:49:47.9148222Z  2025-08-19 22:47:11.001 UTC [1] LOG:  listening on IPv4 address "0.0.0.0", port 5432
2025-08-19T22:49:47.9149020Z  2025-08-19 22:47:11.001 UTC [1] LOG:  listening on IPv6 address "::", port 5432
2025-08-19T22:49:47.9149815Z  2025-08-19 22:47:11.002 UTC [1] LOG:  listening on Unix socket "/var/run/postgresql/.s.PGSQL.5432"
2025-08-19T22:49:47.9150658Z  2025-08-19 22:47:11.005 UTC [64] LOG:  database system was shut down at 2025-08-19 22:47:10 UTC
2025-08-19T22:49:47.9151696Z  2025-08-19 22:47:11.009 UTC [1] LOG:  database system is ready to accept connections
2025-08-19T22:49:47.9152307Z  This user must also own the server process.
2025-08-19T22:49:47.9152714Z  
2025-08-19T22:49:47.9153129Z  The database cluster will be initialized with locale "en_US.utf8".
2025-08-19T22:49:47.9153816Z  The default database encoding has accordingly been set to "UTF8".
2025-08-19T22:49:47.9154499Z  The default text search configuration will be set to "english".
2025-08-19T22:49:47.9155012Z  
2025-08-19T22:49:47.9155303Z  Data page checksums are disabled.
2025-08-19T22:49:47.9155684Z  
2025-08-19T22:49:47.9156144Z  fixing permissions on existing directory /var/lib/postgresql/data ... ok
2025-08-19T22:49:47.9156772Z  creating subdirectories ... ok
2025-08-19T22:49:47.9157420Z  selecting dynamic shared memory implementation ... posix
2025-08-19T22:49:47.9157979Z  selecting default max_connections ... 100
2025-08-19T22:49:47.9158460Z  selecting default shared_buffers ... 128MB
2025-08-19T22:49:47.9158912Z  selecting default time zone ... Etc/UTC
2025-08-19T22:49:47.9159341Z  creating configuration files ... ok
2025-08-19T22:49:47.9159755Z  running bootstrap script ... ok
2025-08-19T22:49:47.9160202Z  performing post-bootstrap initialization ... ok
2025-08-19T22:49:47.9160690Z  syncing data to disk ... ok
2025-08-19T22:49:47.9161040Z  
2025-08-19T22:49:47.9161284Z  
2025-08-19T22:49:47.9161630Z  Success. You can now start the database server using:
2025-08-19T22:49:47.9162103Z  
2025-08-19T22:49:47.9162466Z      pg_ctl -D /var/lib/postgresql/data -l logfile start
2025-08-19T22:49:47.9163091Z  
2025-08-19T22:49:47.9164046Z  waiting for server to start....2025-08-19 22:47:10.695 UTC [48] LOG:  starting PostgreSQL 15.14 (Debian 15.14-1.pgdg13+1) on x86_64-pc-linux-gnu, compiled by gcc (Debian 14.2.0-19) 14.2.0, 64-bit
2025-08-19T22:49:47.9165089Z  2025-08-19 22:47:10.696 UTC [48] LOG:  listening on Unix socket "/var/run/postgresql/.s.PGSQL.5432"
2025-08-19T22:49:47.9165588Z  2025-08-19 22:47:10.701 UTC [51] LOG:  database system was shut down at 2025-08-19 22:47:10 UTC
2025-08-19T22:49:47.9166032Z  2025-08-19 22:47:10.704 UTC [48] LOG:  database system is ready to accept connections
2025-08-19T22:49:47.9166353Z   done
2025-08-19T22:49:47.9166520Z  server started
2025-08-19T22:49:47.9166696Z  CREATE DATABASE
2025-08-19T22:49:47.9166870Z  
2025-08-19T22:49:47.9167021Z  
2025-08-19T22:49:47.9167559Z  /usr/local/bin/docker-entrypoint.sh: ignoring /docker-entrypoint-initdb.d/*
2025-08-19T22:49:47.9167923Z  
2025-08-19T22:49:47.9168153Z  2025-08-19 22:47:10.882 UTC [48] LOG:  received fast shutdown request
2025-08-19T22:49:47.9168815Z  waiting for server to shut down....2025-08-19 22:47:10.883 UTC [48] LOG:  aborting any active transactions
2025-08-19T22:49:47.9169417Z  2025-08-19 22:47:10.885 UTC [48] LOG:  background worker "logical replication launcher" (PID 54) exited with exit code 1
2025-08-19T22:49:47.9169872Z  2025-08-19 22:47:10.885 UTC [49] LOG:  shutting down
2025-08-19T22:49:47.9170222Z  2025-08-19 22:47:10.886 UTC [49] LOG:  checkpoint starting: shutdown immediate
2025-08-19T22:49:47.9171018Z  2025-08-19 22:47:10.911 UTC [49] LOG:  checkpoint complete: wrote 922 buffers (5.6%); 0 WAL file(s) added, 0 removed, 0 recycled; write=0.014 s, sync=0.009 s, total=0.026 s; sync files=301, longest=0.005 s, average=0.001 s; distance=4239 kB, estimate=4239 kB
2025-08-19T22:49:47.9171794Z  2025-08-19 22:47:10.917 UTC [48] LOG:  database system is shut down
2025-08-19T22:49:47.9172069Z   done
2025-08-19T22:49:47.9172233Z  server stopped
2025-08-19T22:49:47.9172403Z  
2025-08-19T22:49:47.9172617Z  PostgreSQL init process complete; ready for start up.
2025-08-19T22:49:47.9172886Z  
2025-08-19T22:49:47.9178233Z Stop and remove container: 04e002dec68047958631138e3abff960_postgres15_9e7a7f
2025-08-19T22:49:47.9182516Z ##[command]/usr/bin/docker rm --force 552d1eca49eb66d222dbb4e338e0b693b6b15dbd425396a3e5b57b23f7e9ea9f
2025-08-19T22:49:48.0500191Z 552d1eca49eb66d222dbb4e338e0b693b6b15dbd425396a3e5b57b23f7e9ea9f
2025-08-19T22:49:48.0523854Z Print service container logs: 30f0e8a9f0234f82b13b4a796cf702e1_redis7alpine_a2a23c
2025-08-19T22:49:48.0525015Z ##[command]/usr/bin/docker logs --details a973d24dcee5d2462ff6e4137b3878694cbe47d6eb03353168cb4e499bc8cd0b
2025-08-19T22:49:48.0645052Z  1:C 19 Aug 2025 22:47:12.699 # WARNING Memory overcommit must be enabled! Without it, a background save or replication may fail under low memory condition. Being disabled, it can also cause failures without low memory condition, see https://github.com/jemalloc/jemalloc/issues/1328. To fix this issue add 'vm.overcommit_memory = 1' to /etc/sysctl.conf and then reboot or run the command 'sysctl vm.overcommit_memory=1' for this to take effect.
2025-08-19T22:49:48.0647968Z  1:C 19 Aug 2025 22:47:12.699 * oO0OoO0OoO0Oo Redis is starting oO0OoO0OoO0Oo
2025-08-19T22:49:48.0648787Z  1:C 19 Aug 2025 22:47:12.700 * Redis version=7.4.5, bits=64, commit=00000000, modified=0, pid=1, just started
2025-08-19T22:49:48.0650005Z  1:C 19 Aug 2025 22:47:12.700 # Warning: no config file specified, using the default config. In order to specify a config file use redis-server /path/to/redis.conf
2025-08-19T22:49:48.0651068Z  1:M 19 Aug 2025 22:47:12.700 * monotonic clock: POSIX clock_gettime
2025-08-19T22:49:48.0651675Z  1:M 19 Aug 2025 22:47:12.700 * Running mode=standalone, port=6379.
2025-08-19T22:49:48.0652199Z  1:M 19 Aug 2025 22:47:12.701 * Server initialized
2025-08-19T22:49:48.0652703Z  1:M 19 Aug 2025 22:47:12.701 * Ready to accept connections tcp
2025-08-19T22:49:48.0660587Z Stop and remove container: 30f0e8a9f0234f82b13b4a796cf702e1_redis7alpine_a2a23c
2025-08-19T22:49:48.0661335Z ##[command]/usr/bin/docker rm --force a973d24dcee5d2462ff6e4137b3878694cbe47d6eb03353168cb4e499bc8cd0b
2025-08-19T22:49:48.1735378Z a973d24dcee5d2462ff6e4137b3878694cbe47d6eb03353168cb4e499bc8cd0b
2025-08-19T22:49:48.1758127Z Remove container network: github_network_591098f9407048c5b36fb587e38e5408
2025-08-19T22:49:48.1763054Z ##[command]/usr/bin/docker network rm github_network_591098f9407048c5b36fb587e38e5408
2025-08-19T22:49:48.2914786Z github_network_591098f9407048c5b36fb587e38e5408
2025-08-19T22:49:48.2971314Z Cleaning up orphan processes
