2025-08-23T23:07:44.9118138Z Current runner version: '2.328.0'
2025-08-23T23:07:44.9143063Z ##[group]Runner Image Provisioner
2025-08-23T23:07:44.9144052Z Hosted Compute Agent
2025-08-23T23:07:44.9144722Z Version: 20250821.380
2025-08-23T23:07:44.9145313Z Commit: 438d12cb4fe092871db9867344e3bc0bc5319035
2025-08-23T23:07:44.9146066Z Build Date: 2025-08-21T20:49:43Z
2025-08-23T23:07:44.9146681Z ##[endgroup]
2025-08-23T23:07:44.9147318Z ##[group]Operating System
2025-08-23T23:07:44.9147894Z Ubuntu
2025-08-23T23:07:44.9148396Z 24.04.2
2025-08-23T23:07:44.9148900Z LTS
2025-08-23T23:07:44.9149384Z ##[endgroup]
2025-08-23T23:07:44.9149921Z ##[group]Runner Image
2025-08-23T23:07:44.9150477Z Image: ubuntu-24.04
2025-08-23T23:07:44.9151008Z Version: 20250818.1.0
2025-08-23T23:07:44.9152067Z Included Software: https://github.com/actions/runner-images/blob/ubuntu24/20250818.1/images/ubuntu/Ubuntu2404-Readme.md
2025-08-23T23:07:44.9153815Z Image Release: https://github.com/actions/runner-images/releases/tag/ubuntu24%2F20250818.1
2025-08-23T23:07:44.9154843Z ##[endgroup]
2025-08-23T23:07:44.9157254Z ##[group]GITHUB_TOKEN Permissions
2025-08-23T23:07:44.9159196Z Actions: write
2025-08-23T23:07:44.9159868Z Attestations: write
2025-08-23T23:07:44.9160406Z Checks: write
2025-08-23T23:07:44.9160896Z Contents: write
2025-08-23T23:07:44.9161448Z Deployments: write
2025-08-23T23:07:44.9161986Z Discussions: write
2025-08-23T23:07:44.9162486Z Issues: write
2025-08-23T23:07:44.9163025Z Metadata: read
2025-08-23T23:07:44.9163735Z Models: read
2025-08-23T23:07:44.9164211Z Packages: write
2025-08-23T23:07:44.9164801Z Pages: write
2025-08-23T23:07:44.9165377Z PullRequests: write
2025-08-23T23:07:44.9165932Z RepositoryProjects: write
2025-08-23T23:07:44.9166516Z SecurityEvents: write
2025-08-23T23:07:44.9167216Z Statuses: write
2025-08-23T23:07:44.9167738Z ##[endgroup]
2025-08-23T23:07:44.9169843Z Secret source: Actions
2025-08-23T23:07:44.9170688Z Prepare workflow directory
2025-08-23T23:07:44.9664212Z Prepare all required actions
2025-08-23T23:07:44.9702392Z Getting action download info
2025-08-23T23:07:45.4590784Z Download action repository 'actions/checkout@v5' (SHA:08c6903cd8c0fde910a37f88322edcfb5dd907a8)
2025-08-23T23:07:45.5684565Z Download action repository 'actions/setup-python@v5' (SHA:a26af69be951a213d495a4c3e4e4022e16d87065)
2025-08-23T23:07:45.6787181Z Download action repository 'actions/cache@v4' (SHA:0400d5f644dc74513175e3cd8d07132dd4860809)
2025-08-23T23:07:45.8239271Z Download action repository 'actions/setup-node@v4' (SHA:49933ea5288caeca8642d1e84afbd3f7d6820020)
2025-08-23T23:07:45.9431143Z Download action repository 'codecov/codecov-action@v5' (SHA:fdcc8476540edceab3de004e990f80d881c6cc00)
2025-08-23T23:07:46.4716152Z Getting action download info
2025-08-23T23:07:46.6207057Z Download action repository 'actions/github-script@60a0d83039c74a4aee543508d2ffcb1c3799cdea' (SHA:60a0d83039c74a4aee543508d2ffcb1c3799cdea)
2025-08-23T23:07:47.1815794Z Complete job name: test
2025-08-23T23:07:47.2321353Z ##[group]Checking docker version
2025-08-23T23:07:47.2334232Z ##[command]/usr/bin/docker version --format '{{.Server.APIVersion}}'
2025-08-23T23:07:47.3195225Z '1.48'
2025-08-23T23:07:47.3207632Z Docker daemon API version: '1.48'
2025-08-23T23:07:47.3208224Z ##[command]/usr/bin/docker version --format '{{.Client.APIVersion}}'
2025-08-23T23:07:47.3364983Z '1.48'
2025-08-23T23:07:47.3377914Z Docker client API version: '1.48'
2025-08-23T23:07:47.3384310Z ##[endgroup]
2025-08-23T23:07:47.3387369Z ##[group]Clean up resources from previous jobs
2025-08-23T23:07:47.3392821Z ##[command]/usr/bin/docker ps --all --quiet --no-trunc --filter "label=bbb7c9"
2025-08-23T23:07:47.3533836Z ##[command]/usr/bin/docker network prune --force --filter "label=bbb7c9"
2025-08-23T23:07:47.3660445Z ##[endgroup]
2025-08-23T23:07:47.3660864Z ##[group]Create local container network
2025-08-23T23:07:47.3670506Z ##[command]/usr/bin/docker network create --label bbb7c9 github_network_a3b4ddace530407c98f834d26751ea65
2025-08-23T23:07:47.4190067Z d7e3fb382bf804c357458ec75e2cc1639228054ca4b912d4f984f196f897a48f
2025-08-23T23:07:47.4209016Z ##[endgroup]
2025-08-23T23:07:47.4232772Z ##[group]Starting postgres service container
2025-08-23T23:07:47.4252315Z ##[command]/usr/bin/docker pull postgres:15
2025-08-23T23:07:48.4461088Z 15: Pulling from library/postgres
2025-08-23T23:07:48.7127900Z 396b1da7636e: Pulling fs layer
2025-08-23T23:07:48.7128741Z fca2566eba32: Pulling fs layer
2025-08-23T23:07:48.7129433Z 631fe8c6d606: Pulling fs layer
2025-08-23T23:07:48.7129956Z 77c7671c4414: Pulling fs layer
2025-08-23T23:07:48.7130438Z 2d9e29180a27: Pulling fs layer
2025-08-23T23:07:48.7130964Z c6bcc2c9a041: Pulling fs layer
2025-08-23T23:07:48.7131488Z ac4b721eb66f: Pulling fs layer
2025-08-23T23:07:48.7131952Z 606bd164980e: Pulling fs layer
2025-08-23T23:07:48.7132526Z f5dfd246bc6e: Pulling fs layer
2025-08-23T23:07:48.7133055Z ba7036bb0a60: Pulling fs layer
2025-08-23T23:07:48.7133734Z 799f859abbbd: Pulling fs layer
2025-08-23T23:07:48.7134106Z d903e777080c: Pulling fs layer
2025-08-23T23:07:48.7134428Z 04adcb462801: Pulling fs layer
2025-08-23T23:07:48.7134756Z 5c10925b29ff: Pulling fs layer
2025-08-23T23:07:48.7135052Z 606bd164980e: Waiting
2025-08-23T23:07:48.7135292Z f5dfd246bc6e: Waiting
2025-08-23T23:07:48.7135576Z 77c7671c4414: Waiting
2025-08-23T23:07:48.7135801Z 2d9e29180a27: Waiting
2025-08-23T23:07:48.7136022Z c6bcc2c9a041: Waiting
2025-08-23T23:07:48.7136251Z ac4b721eb66f: Waiting
2025-08-23T23:07:48.7136469Z ba7036bb0a60: Waiting
2025-08-23T23:07:48.7136692Z 799f859abbbd: Waiting
2025-08-23T23:07:48.7136905Z d903e777080c: Waiting
2025-08-23T23:07:48.7137127Z 04adcb462801: Waiting
2025-08-23T23:07:48.7137346Z 5c10925b29ff: Waiting
2025-08-23T23:07:49.0490946Z fca2566eba32: Verifying Checksum
2025-08-23T23:07:49.0491591Z fca2566eba32: Download complete
2025-08-23T23:07:49.0616240Z 631fe8c6d606: Verifying Checksum
2025-08-23T23:07:49.0618280Z 631fe8c6d606: Download complete
2025-08-23T23:07:49.1908819Z 396b1da7636e: Verifying Checksum
2025-08-23T23:07:49.1909433Z 396b1da7636e: Download complete
2025-08-23T23:07:49.3106257Z 77c7671c4414: Verifying Checksum
2025-08-23T23:07:49.3108876Z 77c7671c4414: Download complete
2025-08-23T23:07:49.4511017Z 2d9e29180a27: Download complete
2025-08-23T23:07:49.4625710Z c6bcc2c9a041: Download complete
2025-08-23T23:07:49.5861616Z ac4b721eb66f: Verifying Checksum
2025-08-23T23:07:49.5863881Z ac4b721eb66f: Download complete
2025-08-23T23:07:49.7251556Z 606bd164980e: Download complete
2025-08-23T23:07:49.8690153Z ba7036bb0a60: Verifying Checksum
2025-08-23T23:07:49.8690948Z ba7036bb0a60: Download complete
2025-08-23T23:07:49.9917951Z 799f859abbbd: Verifying Checksum
2025-08-23T23:07:49.9918473Z 799f859abbbd: Download complete
2025-08-23T23:07:50.1357278Z d903e777080c: Verifying Checksum
2025-08-23T23:07:50.1360426Z d903e777080c: Download complete
2025-08-23T23:07:50.2244522Z 396b1da7636e: Pull complete
2025-08-23T23:07:50.2995564Z 04adcb462801: Verifying Checksum
2025-08-23T23:07:50.2996479Z 04adcb462801: Download complete
2025-08-23T23:07:50.3888357Z fca2566eba32: Pull complete
2025-08-23T23:07:50.4271091Z 5c10925b29ff: Verifying Checksum
2025-08-23T23:07:50.5906646Z 5c10925b29ff: Download complete
2025-08-23T23:07:50.5907158Z 631fe8c6d606: Pull complete
2025-08-23T23:07:50.6373842Z 77c7671c4414: Pull complete
2025-08-23T23:07:50.8861695Z f5dfd246bc6e: Verifying Checksum
2025-08-23T23:07:50.8862234Z f5dfd246bc6e: Download complete
2025-08-23T23:07:50.9615934Z 2d9e29180a27: Pull complete
2025-08-23T23:07:51.0530199Z c6bcc2c9a041: Pull complete
2025-08-23T23:07:51.0636778Z ac4b721eb66f: Pull complete
2025-08-23T23:07:51.0763285Z 606bd164980e: Pull complete
2025-08-23T23:07:54.0390536Z f5dfd246bc6e: Pull complete
2025-08-23T23:07:54.0584724Z ba7036bb0a60: Pull complete
2025-08-23T23:07:54.0706147Z 799f859abbbd: Pull complete
2025-08-23T23:07:54.0837838Z d903e777080c: Pull complete
2025-08-23T23:07:54.0972012Z 04adcb462801: Pull complete
2025-08-23T23:07:54.1096073Z 5c10925b29ff: Pull complete
2025-08-23T23:07:54.1148380Z Digest: sha256:bc51cf4f1fe02cce7ed2370b20128a9b00b4eb804573a77d2a0d877aaa9c82b1
2025-08-23T23:07:54.1166141Z Status: Downloaded newer image for postgres:15
2025-08-23T23:07:54.1176491Z docker.io/library/postgres:15
2025-08-23T23:07:54.1240443Z ##[command]/usr/bin/docker create --name 50fa83f32ac74899878a975fccf44285_postgres15_4703bf --label bbb7c9 --network github_network_a3b4ddace530407c98f834d26751ea65 --network-alias postgres -p 5432:5432 --health-cmd="pg_isready -U postgres -d awa" --health-interval=5s --health-timeout=5s --health-retries=10 -e "POSTGRES_USER=postgres" -e "POSTGRES_PASSWORD=pass" -e "POSTGRES_DB=awa" -e GITHUB_ACTIONS=true -e CI=true postgres:15
2025-08-23T23:07:54.1524041Z 9555f8f4c1dc8c8c19ac1a87db93b5fcbbb63e944326434fe190a1d99d755658
2025-08-23T23:07:54.1548706Z ##[command]/usr/bin/docker start 9555f8f4c1dc8c8c19ac1a87db93b5fcbbb63e944326434fe190a1d99d755658
2025-08-23T23:07:54.4579488Z 9555f8f4c1dc8c8c19ac1a87db93b5fcbbb63e944326434fe190a1d99d755658
2025-08-23T23:07:54.4628122Z ##[command]/usr/bin/docker ps --all --filter id=9555f8f4c1dc8c8c19ac1a87db93b5fcbbb63e944326434fe190a1d99d755658 --filter status=running --no-trunc --format "{{.ID}} {{.Status}}"
2025-08-23T23:07:54.4771275Z 9555f8f4c1dc8c8c19ac1a87db93b5fcbbb63e944326434fe190a1d99d755658 Up Less than a second (health: starting)
2025-08-23T23:07:54.4792537Z ##[command]/usr/bin/docker port 9555f8f4c1dc8c8c19ac1a87db93b5fcbbb63e944326434fe190a1d99d755658
2025-08-23T23:07:54.4925250Z 5432/tcp -> 0.0.0.0:5432
2025-08-23T23:07:54.4926033Z 5432/tcp -> [::]:5432
2025-08-23T23:07:54.4976724Z ##[endgroup]
2025-08-23T23:07:54.4977584Z ##[group]Starting redis service container
2025-08-23T23:07:54.4978779Z ##[command]/usr/bin/docker pull redis:7-alpine
2025-08-23T23:07:55.5021084Z 7-alpine: Pulling from library/redis
2025-08-23T23:07:55.7558868Z 0368fd46e3c6: Pulling fs layer
2025-08-23T23:07:55.7559370Z 4c55286bbede: Pulling fs layer
2025-08-23T23:07:55.7559754Z 5e28347af205: Pulling fs layer
2025-08-23T23:07:55.7560172Z 311eca34042e: Pulling fs layer
2025-08-23T23:07:55.7560545Z e6fe6f07e192: Pulling fs layer
2025-08-23T23:07:55.7560946Z a2cadbfeca72: Pulling fs layer
2025-08-23T23:07:55.7561316Z 4f4fb700ef54: Pulling fs layer
2025-08-23T23:07:55.7561675Z a976ed7e7808: Pulling fs layer
2025-08-23T23:07:55.7562046Z a2cadbfeca72: Waiting
2025-08-23T23:07:55.7562375Z 4f4fb700ef54: Waiting
2025-08-23T23:07:55.7562700Z a976ed7e7808: Waiting
2025-08-23T23:07:55.7562985Z 311eca34042e: Waiting
2025-08-23T23:07:55.7563248Z e6fe6f07e192: Waiting
2025-08-23T23:07:56.0197971Z 4c55286bbede: Download complete
2025-08-23T23:07:56.0304582Z 5e28347af205: Verifying Checksum
2025-08-23T23:07:56.0305729Z 5e28347af205: Download complete
2025-08-23T23:07:56.0462245Z 0368fd46e3c6: Verifying Checksum
2025-08-23T23:07:56.0462659Z 0368fd46e3c6: Download complete
2025-08-23T23:07:56.1492705Z 0368fd46e3c6: Pull complete
2025-08-23T23:07:56.1716690Z 4c55286bbede: Pull complete
2025-08-23T23:07:56.3060898Z 311eca34042e: Verifying Checksum
2025-08-23T23:07:56.3061521Z 311eca34042e: Download complete
2025-08-23T23:07:56.3090288Z 5e28347af205: Pull complete
2025-08-23T23:07:56.3172939Z a2cadbfeca72: Verifying Checksum
2025-08-23T23:07:56.3173850Z a2cadbfeca72: Download complete
2025-08-23T23:07:56.3376150Z 311eca34042e: Pull complete
2025-08-23T23:07:56.6208738Z a976ed7e7808: Verifying Checksum
2025-08-23T23:07:56.6209104Z a976ed7e7808: Download complete
2025-08-23T23:07:56.6297258Z 4f4fb700ef54: Download complete
2025-08-23T23:07:57.3006106Z e6fe6f07e192: Verifying Checksum
2025-08-23T23:07:57.3006503Z e6fe6f07e192: Download complete
2025-08-23T23:07:57.4852991Z e6fe6f07e192: Pull complete
2025-08-23T23:07:57.4938717Z a2cadbfeca72: Pull complete
2025-08-23T23:07:57.5022239Z 4f4fb700ef54: Pull complete
2025-08-23T23:07:57.5138002Z a976ed7e7808: Pull complete
2025-08-23T23:07:57.5199463Z Digest: sha256:bb186d083732f669da90be8b0f975a37812b15e913465bb14d845db72a4e3e08
2025-08-23T23:07:57.5212717Z Status: Downloaded newer image for redis:7-alpine
2025-08-23T23:07:57.5220732Z docker.io/library/redis:7-alpine
2025-08-23T23:07:57.5238190Z ##[command]/usr/bin/docker create --name 836f6130aea44dfa8b74d7c6fca2a90e_redis7alpine_e6962b --label bbb7c9 --network github_network_a3b4ddace530407c98f834d26751ea65 --network-alias redis -p 6379:6379  -e GITHUB_ACTIONS=true -e CI=true redis:7-alpine
2025-08-23T23:07:57.5492168Z 0a9e2d6597544fe1d554c9b33aece2a244a811ce29718447c7e69ce1fcea8885
2025-08-23T23:07:57.5510758Z ##[command]/usr/bin/docker start 0a9e2d6597544fe1d554c9b33aece2a244a811ce29718447c7e69ce1fcea8885
2025-08-23T23:07:57.6885471Z 0a9e2d6597544fe1d554c9b33aece2a244a811ce29718447c7e69ce1fcea8885
2025-08-23T23:07:57.6904144Z ##[command]/usr/bin/docker ps --all --filter id=0a9e2d6597544fe1d554c9b33aece2a244a811ce29718447c7e69ce1fcea8885 --filter status=running --no-trunc --format "{{.ID}} {{.Status}}"
2025-08-23T23:07:57.7031746Z 0a9e2d6597544fe1d554c9b33aece2a244a811ce29718447c7e69ce1fcea8885 Up Less than a second
2025-08-23T23:07:57.7047516Z ##[command]/usr/bin/docker port 0a9e2d6597544fe1d554c9b33aece2a244a811ce29718447c7e69ce1fcea8885
2025-08-23T23:07:57.7165186Z 6379/tcp -> 0.0.0.0:6379
2025-08-23T23:07:57.7165589Z 6379/tcp -> [::]:6379
2025-08-23T23:07:57.7180253Z ##[endgroup]
2025-08-23T23:07:57.7192055Z ##[group]Waiting for all services to be ready
2025-08-23T23:07:57.7205765Z ##[command]/usr/bin/docker inspect --format="{{if .Config.Healthcheck}}{{print .State.Health.Status}}{{end}}" 9555f8f4c1dc8c8c19ac1a87db93b5fcbbb63e944326434fe190a1d99d755658
2025-08-23T23:07:57.7323084Z starting
2025-08-23T23:07:57.7345476Z postgres service is starting, waiting 2 seconds before checking again.
2025-08-23T23:07:59.7343029Z ##[command]/usr/bin/docker inspect --format="{{if .Config.Healthcheck}}{{print .State.Health.Status}}{{end}}" 9555f8f4c1dc8c8c19ac1a87db93b5fcbbb63e944326434fe190a1d99d755658
2025-08-23T23:07:59.7464029Z healthy
2025-08-23T23:07:59.7482914Z postgres service is healthy.
2025-08-23T23:07:59.7483966Z ##[command]/usr/bin/docker inspect --format="{{if .Config.Healthcheck}}{{print .State.Health.Status}}{{end}}" 0a9e2d6597544fe1d554c9b33aece2a244a811ce29718447c7e69ce1fcea8885
2025-08-23T23:07:59.7614434Z redis service is healthy.
2025-08-23T23:07:59.7614780Z ##[endgroup]
2025-08-23T23:07:59.7865870Z ##[group]Run actions/checkout@v5
2025-08-23T23:07:59.7866404Z with:
2025-08-23T23:07:59.7866577Z   fetch-depth: 0
2025-08-23T23:07:59.7866781Z   repository: AlexBomber12/AWA-App
2025-08-23T23:07:59.7867170Z   token: ***
2025-08-23T23:07:59.7867351Z   ssh-strict: true
2025-08-23T23:07:59.7867531Z   ssh-user: git
2025-08-23T23:07:59.7867717Z   persist-credentials: true
2025-08-23T23:07:59.7867926Z   clean: true
2025-08-23T23:07:59.7868103Z   sparse-checkout-cone-mode: true
2025-08-23T23:07:59.7868332Z   fetch-tags: false
2025-08-23T23:07:59.7868506Z   show-progress: true
2025-08-23T23:07:59.7868685Z   lfs: false
2025-08-23T23:07:59.7868837Z   submodules: false
2025-08-23T23:07:59.7869014Z   set-safe-directory: true
2025-08-23T23:07:59.7869380Z env:
2025-08-23T23:07:59.7869596Z   REDIS_URL: redis://localhost:6379/0
2025-08-23T23:07:59.7869854Z   RATE_LIMIT_DEFAULT: 100/minute
2025-08-23T23:07:59.7870078Z   TRUST_X_FORWARDED: 1
2025-08-23T23:07:59.7870260Z ##[endgroup]
2025-08-23T23:07:59.8811848Z Syncing repository: AlexBomber12/AWA-App
2025-08-23T23:07:59.8813258Z ##[group]Getting Git version info
2025-08-23T23:07:59.8813897Z Working directory is '/home/runner/work/AWA-App/AWA-App'
2025-08-23T23:07:59.8814406Z [command]/usr/bin/git version
2025-08-23T23:07:59.8888751Z git version 2.51.0
2025-08-23T23:07:59.8910243Z ##[endgroup]
2025-08-23T23:07:59.8924284Z Temporarily overriding HOME='/home/runner/work/_temp/3458250c-01c2-4108-b828-0eb376f0a723' before making global git config changes
2025-08-23T23:07:59.8925499Z Adding repository directory to the temporary git global config as a safe directory
2025-08-23T23:07:59.8929669Z [command]/usr/bin/git config --global --add safe.directory /home/runner/work/AWA-App/AWA-App
2025-08-23T23:07:59.8966655Z Deleting the contents of '/home/runner/work/AWA-App/AWA-App'
2025-08-23T23:07:59.8970210Z ##[group]Initializing the repository
2025-08-23T23:07:59.8975294Z [command]/usr/bin/git init /home/runner/work/AWA-App/AWA-App
2025-08-23T23:07:59.9066635Z hint: Using 'master' as the name for the initial branch. This default branch name
2025-08-23T23:07:59.9067520Z hint: is subject to change. To configure the initial branch name to use in all
2025-08-23T23:07:59.9068335Z hint: of your new repositories, which will suppress this warning, call:
2025-08-23T23:07:59.9068848Z hint:
2025-08-23T23:07:59.9069248Z hint: 	git config --global init.defaultBranch <name>
2025-08-23T23:07:59.9069533Z hint:
2025-08-23T23:07:59.9069990Z hint: Names commonly chosen instead of 'master' are 'main', 'trunk' and
2025-08-23T23:07:59.9070695Z hint: 'development'. The just-created branch can be renamed via this command:
2025-08-23T23:07:59.9071033Z hint:
2025-08-23T23:07:59.9071230Z hint: 	git branch -m <name>
2025-08-23T23:07:59.9071431Z hint:
2025-08-23T23:07:59.9071718Z hint: Disable this message with "git config set advice.defaultBranchName false"
2025-08-23T23:07:59.9073131Z Initialized empty Git repository in /home/runner/work/AWA-App/AWA-App/.git/
2025-08-23T23:07:59.9084439Z [command]/usr/bin/git remote add origin https://github.com/AlexBomber12/AWA-App
2025-08-23T23:07:59.9126142Z ##[endgroup]
2025-08-23T23:07:59.9126752Z ##[group]Disabling automatic garbage collection
2025-08-23T23:07:59.9130858Z [command]/usr/bin/git config --local gc.auto 0
2025-08-23T23:07:59.9160250Z ##[endgroup]
2025-08-23T23:07:59.9160818Z ##[group]Setting up auth
2025-08-23T23:07:59.9167621Z [command]/usr/bin/git config --local --name-only --get-regexp core\.sshCommand
2025-08-23T23:07:59.9198058Z [command]/usr/bin/git submodule foreach --recursive sh -c "git config --local --name-only --get-regexp 'core\.sshCommand' && git config --local --unset-all 'core.sshCommand' || :"
2025-08-23T23:07:59.9559935Z [command]/usr/bin/git config --local --name-only --get-regexp http\.https\:\/\/github\.com\/\.extraheader
2025-08-23T23:07:59.9591531Z [command]/usr/bin/git submodule foreach --recursive sh -c "git config --local --name-only --get-regexp 'http\.https\:\/\/github\.com\/\.extraheader' && git config --local --unset-all 'http.https://github.com/.extraheader' || :"
2025-08-23T23:07:59.9818898Z [command]/usr/bin/git config --local http.https://github.com/.extraheader AUTHORIZATION: basic ***
2025-08-23T23:07:59.9855280Z ##[endgroup]
2025-08-23T23:07:59.9855901Z ##[group]Fetching the repository
2025-08-23T23:07:59.9864432Z [command]/usr/bin/git -c protocol.version=2 fetch --prune --no-recurse-submodules origin +refs/heads/*:refs/remotes/origin/* +refs/tags/*:refs/tags/*
2025-08-23T23:08:03.5544789Z From https://github.com/AlexBomber12/AWA-App
2025-08-23T23:08:03.5545772Z  * [new branch]        codex/analyze-ci-logs-and-fix-failures -> origin/codex/analyze-ci-logs-and-fix-failures
2025-08-23T23:08:03.5547044Z  * [new branch]        codex/fix-ci-workflows-to-pass-all-tests -> origin/codex/fix-ci-workflows-to-pass-all-tests
2025-08-23T23:08:03.5548355Z  * [new branch]        codex/fix-ci-workflows-to-pass-tests -> origin/codex/fix-ci-workflows-to-pass-tests
2025-08-23T23:08:03.5549591Z  * [new branch]        codex/fix-ci-workflows-until-green -> origin/codex/fix-ci-workflows-until-green
2025-08-23T23:08:03.5550699Z  * [new branch]        codex/implement-targeted-ci-fixes -> origin/codex/implement-targeted-ci-fixes
2025-08-23T23:08:03.5552063Z  * [new branch]        codex/implement-targeted-ci-fixes-for-success -> origin/codex/implement-targeted-ci-fixes-for-success
2025-08-23T23:08:03.5553011Z  * [new branch]        main       -> origin/main
2025-08-23T23:08:03.5553707Z  * [new tag]           0.3.0      -> 0.3.0
2025-08-23T23:08:03.5598361Z [command]/usr/bin/git branch --list --remote origin/main
2025-08-23T23:08:03.5624083Z   origin/main
2025-08-23T23:08:03.5632259Z [command]/usr/bin/git rev-parse refs/remotes/origin/main
2025-08-23T23:08:03.5653040Z a31c5eff10cae36d3146470c91e89841840396b5
2025-08-23T23:08:03.5657375Z ##[endgroup]
2025-08-23T23:08:03.5657748Z ##[group]Determining the checkout info
2025-08-23T23:08:03.5658754Z ##[endgroup]
2025-08-23T23:08:03.5662843Z [command]/usr/bin/git sparse-checkout disable
2025-08-23T23:08:03.5702284Z [command]/usr/bin/git config --local --unset-all extensions.worktreeConfig
2025-08-23T23:08:03.5728977Z ##[group]Checking out the ref
2025-08-23T23:08:03.5733140Z [command]/usr/bin/git checkout --progress --force -B main refs/remotes/origin/main
2025-08-23T23:08:03.6098210Z Switched to a new branch 'main'
2025-08-23T23:08:03.6099627Z branch 'main' set up to track 'origin/main'.
2025-08-23T23:08:03.6109324Z ##[endgroup]
2025-08-23T23:08:03.6150779Z [command]/usr/bin/git log -1 --format=%H
2025-08-23T23:08:03.6181869Z a31c5eff10cae36d3146470c91e89841840396b5
2025-08-23T23:08:03.6348643Z ##[group]Run cat .env.ci >> "$GITHUB_ENV"
2025-08-23T23:08:03.6349026Z [36;1mcat .env.ci >> "$GITHUB_ENV"[0m
2025-08-23T23:08:03.6349739Z [36;1mecho "DATABASE_URL=***localhost:5432/awa" >> "$GITHUB_ENV"[0m
2025-08-23T23:08:03.6350091Z [36;1mecho "PG_HOST=localhost" >> "$GITHUB_ENV"[0m
2025-08-23T23:08:03.6350388Z [36;1mecho "PG_PORT=5432" >> "$GITHUB_ENV"[0m
2025-08-23T23:08:03.6350660Z [36;1mecho "PG_USER=postgres" >> "$GITHUB_ENV"[0m
2025-08-23T23:08:03.6350925Z [36;1mecho "PG_PASSWORD=pass" >> "$GITHUB_ENV"[0m
2025-08-23T23:08:03.6351195Z [36;1mecho "PG_DATABASE=awa" >> "$GITHUB_ENV"[0m
2025-08-23T23:08:03.6351460Z [36;1mecho "TESTING=1" >> "$GITHUB_ENV"[0m
2025-08-23T23:08:03.6394431Z shell: /usr/bin/bash -e {0}
2025-08-23T23:08:03.6394670Z env:
2025-08-23T23:08:03.6394865Z   REDIS_URL: redis://localhost:6379/0
2025-08-23T23:08:03.6395132Z   RATE_LIMIT_DEFAULT: 100/minute
2025-08-23T23:08:03.6395363Z   TRUST_X_FORWARDED: 1
2025-08-23T23:08:03.6395597Z ##[endgroup]
2025-08-23T23:08:03.6560178Z ##[group]Run actions/setup-python@v5
2025-08-23T23:08:03.6560477Z with:
2025-08-23T23:08:03.6585869Z   python-version: 3.12
2025-08-23T23:08:03.6586129Z   cache: pip
2025-08-23T23:08:03.6586923Z   cache-dependency-path: requirements-dev.txt
services/etl/requirements.txt
services/api/requirements.txt
services/repricer/requirements.txt
services/fees_h10/requirements.txt
services/alert_bot/requirements.txt

2025-08-23T23:08:03.6587787Z   check-latest: false
2025-08-23T23:08:03.6588200Z   token: ***
2025-08-23T23:08:03.6588392Z   update-environment: true
2025-08-23T23:08:03.6588607Z   allow-prereleases: false
2025-08-23T23:08:03.6588806Z   freethreaded: false
2025-08-23T23:08:03.6588986Z env:
2025-08-23T23:08:03.6589174Z   REDIS_URL: redis://localhost:6379/0
2025-08-23T23:08:03.6589428Z   RATE_LIMIT_DEFAULT: 100/minute
2025-08-23T23:08:03.6589639Z   TRUST_X_FORWARDED: 1
2025-08-23T23:08:03.6589820Z   PG_USER: postgres
2025-08-23T23:08:03.6590002Z   PG_PASSWORD: pass
2025-08-23T23:08:03.6590222Z   PG_DATABASE: awa
2025-08-23T23:08:03.6590388Z   PG_HOST: localhost
2025-08-23T23:08:03.6590568Z   PG_PORT: 5432
2025-08-23T23:08:03.6590954Z   PG_SYNC_DSN: ***localhost:5432/awa
2025-08-23T23:08:03.6591340Z   PG_ASYNC_DSN: ***localhost:5432/awa
2025-08-23T23:08:03.6591706Z   DATABASE_URL: ***localhost:5432/awa
2025-08-23T23:08:03.6591942Z   DATA_DIR: /tmp/awa-data
2025-08-23T23:08:03.6592130Z   ENABLE_LIVE: 0
2025-08-23T23:08:03.6592296Z   TESTING: 1
2025-08-23T23:08:03.6592531Z ##[endgroup]
2025-08-23T23:08:03.8279211Z ##[group]Installed versions
2025-08-23T23:08:03.8379333Z Successfully set up CPython (3.12.11)
2025-08-23T23:08:03.8379907Z ##[endgroup]
2025-08-23T23:08:03.8785489Z [command]/opt/hostedtoolcache/Python/3.12.11/x64/bin/pip cache dir
2025-08-23T23:08:05.3111304Z /home/runner/.cache/pip
2025-08-23T23:08:05.6186709Z Cache hit for: setup-python-Linux-x64-24.04-Ubuntu-python-3.12.11-pip-b5b6d1c49e5c2b3f48d0c0d757e5ca86260a9628cadb47cfb996cbe1a8fdf115
2025-08-23T23:08:06.9395728Z Received 0 of 389895199 (0.0%), 0.0 MBs/sec
2025-08-23T23:08:07.9404021Z Received 117440512 of 389895199 (30.1%), 55.9 MBs/sec
2025-08-23T23:08:08.9465195Z Received 205520896 of 389895199 (52.7%), 65.2 MBs/sec
2025-08-23T23:08:09.9440741Z Received 306184192 of 389895199 (78.5%), 72.9 MBs/sec
2025-08-23T23:08:10.8961730Z Received 389895199 of 389895199 (100.0%), 75.0 MBs/sec
2025-08-23T23:08:10.8963056Z Cache Size: ~372 MB (389895199 B)
2025-08-23T23:08:10.9085695Z [command]/usr/bin/tar -xf /home/runner/work/_temp/9aa1076e-ed13-4be0-9448-4c3ee12aaf61/cache.tzst -P -C /home/runner/work/AWA-App/AWA-App --use-compress-program unzstd
2025-08-23T23:08:11.5158041Z Cache restored successfully
2025-08-23T23:08:11.5893683Z Cache restored from key: setup-python-Linux-x64-24.04-Ubuntu-python-3.12.11-pip-b5b6d1c49e5c2b3f48d0c0d757e5ca86260a9628cadb47cfb996cbe1a8fdf115
2025-08-23T23:08:11.6603184Z ##[group]Run actions/cache@v4
2025-08-23T23:08:11.6603722Z with:
2025-08-23T23:08:11.6603956Z   path: ~/.cache/pip
.pytest_cache
~/.ruff_cache

2025-08-23T23:08:11.6604379Z   key: Linux-test-cc13ccef493b9f3a93ad5651164d9fb09282c1111f6f72ce20e0657de16de6b4
2025-08-23T23:08:11.6604771Z   restore-keys: Linux-test-
2025-08-23T23:08:11.6604996Z   enableCrossOsArchive: false
2025-08-23T23:08:11.6605230Z   fail-on-cache-miss: false
2025-08-23T23:08:11.6605433Z   lookup-only: false
2025-08-23T23:08:11.6605634Z   save-always: false
2025-08-23T23:08:11.6605809Z env:
2025-08-23T23:08:11.6606005Z   REDIS_URL: redis://localhost:6379/0
2025-08-23T23:08:11.6606247Z   RATE_LIMIT_DEFAULT: 100/minute
2025-08-23T23:08:11.6606464Z   TRUST_X_FORWARDED: 1
2025-08-23T23:08:11.6606658Z   PG_USER: postgres
2025-08-23T23:08:11.6606841Z   PG_PASSWORD: pass
2025-08-23T23:08:11.6607019Z   PG_DATABASE: awa
2025-08-23T23:08:11.6607196Z   PG_HOST: localhost
2025-08-23T23:08:11.6607371Z   PG_PORT: 5432
2025-08-23T23:08:11.6608108Z   PG_SYNC_DSN: ***localhost:5432/awa
2025-08-23T23:08:11.6608563Z   PG_ASYNC_DSN: ***localhost:5432/awa
2025-08-23T23:08:11.6608949Z   DATABASE_URL: ***localhost:5432/awa
2025-08-23T23:08:11.6609187Z   DATA_DIR: /tmp/awa-data
2025-08-23T23:08:11.6609384Z   ENABLE_LIVE: 0
2025-08-23T23:08:11.6609559Z   TESTING: 1
2025-08-23T23:08:11.6609790Z   pythonLocation: /opt/hostedtoolcache/Python/3.12.11/x64
2025-08-23T23:08:11.6610187Z   PKG_CONFIG_PATH: /opt/hostedtoolcache/Python/3.12.11/x64/lib/pkgconfig
2025-08-23T23:08:11.6610577Z   Python_ROOT_DIR: /opt/hostedtoolcache/Python/3.12.11/x64
2025-08-23T23:08:11.6610930Z   Python2_ROOT_DIR: /opt/hostedtoolcache/Python/3.12.11/x64
2025-08-23T23:08:11.6611277Z   Python3_ROOT_DIR: /opt/hostedtoolcache/Python/3.12.11/x64
2025-08-23T23:08:11.6611622Z   LD_LIBRARY_PATH: /opt/hostedtoolcache/Python/3.12.11/x64/lib
2025-08-23T23:08:11.6611914Z ##[endgroup]
2025-08-23T23:08:12.0663933Z Cache hit for: Linux-test-cc13ccef493b9f3a93ad5651164d9fb09282c1111f6f72ce20e0657de16de6b4
2025-08-23T23:08:13.3438818Z Received 4194304 of 376058925 (1.1%), 4.0 MBs/sec
2025-08-23T23:08:14.3448564Z Received 117440512 of 376058925 (31.2%), 56.0 MBs/sec
2025-08-23T23:08:15.3457560Z Received 239075328 of 376058925 (63.6%), 75.9 MBs/sec
2025-08-23T23:08:16.3514436Z Received 359281709 of 376058925 (95.5%), 85.6 MBs/sec
2025-08-23T23:08:16.4920211Z Received 376058925 of 376058925 (100.0%), 86.5 MBs/sec
2025-08-23T23:08:16.4922257Z Cache Size: ~359 MB (376058925 B)
2025-08-23T23:08:16.4962934Z [command]/usr/bin/tar -xf /home/runner/work/_temp/880db27c-ac10-4210-bd77-8fd006a87e9e/cache.tzst -P -C /home/runner/work/AWA-App/AWA-App --use-compress-program unzstd
2025-08-23T23:08:17.1674181Z Cache restored successfully
2025-08-23T23:08:17.2461569Z Cache restored from key: Linux-test-cc13ccef493b9f3a93ad5651164d9fb09282c1111f6f72ce20e0657de16de6b4
2025-08-23T23:08:17.2598092Z ##[group]Run pip install --break-system-packages -r services/etl/requirements.txt
2025-08-23T23:08:17.2599098Z [36;1mpip install --break-system-packages -r services/etl/requirements.txt[0m
2025-08-23T23:08:17.2599984Z [36;1mpip install --break-system-packages -r services/api/requirements.txt[0m
2025-08-23T23:08:17.2600901Z [36;1mpip install --break-system-packages -r services/repricer/requirements.txt[0m
2025-08-23T23:08:17.2601844Z [36;1mpip install --break-system-packages -r services/fees_h10/requirements.txt[0m
2025-08-23T23:08:17.2602751Z [36;1mpip install --break-system-packages -r services/alert_bot/requirements.txt[0m
2025-08-23T23:08:17.2604117Z [36;1mpip install --break-system-packages -r requirements-dev.txt[0m
2025-08-23T23:08:17.2604816Z [36;1mpip install --break-system-packages asyncpg[0m
2025-08-23T23:08:17.2605420Z [36;1mpip install --break-system-packages pytest[0m
2025-08-23T23:08:17.2606171Z [36;1mpip install --break-system-packages keepa==1.3.15 minio==7.1.15[0m
2025-08-23T23:08:17.2666531Z shell: /usr/bin/bash -e {0}
2025-08-23T23:08:17.2666924Z env:
2025-08-23T23:08:17.2667275Z   REDIS_URL: redis://localhost:6379/0
2025-08-23T23:08:17.2667808Z   RATE_LIMIT_DEFAULT: 100/minute
2025-08-23T23:08:17.2668220Z   TRUST_X_FORWARDED: 1
2025-08-23T23:08:17.2668564Z   PG_USER: postgres
2025-08-23T23:08:17.2668888Z   PG_PASSWORD: pass
2025-08-23T23:08:17.2669213Z   PG_DATABASE: awa
2025-08-23T23:08:17.2669531Z   PG_HOST: localhost
2025-08-23T23:08:17.2669861Z   PG_PORT: 5432
2025-08-23T23:08:17.2670573Z   PG_SYNC_DSN: ***localhost:5432/awa
2025-08-23T23:08:17.2671321Z   PG_ASYNC_DSN: ***localhost:5432/awa
2025-08-23T23:08:17.2672049Z   DATABASE_URL: ***localhost:5432/awa
2025-08-23T23:08:17.2672475Z   DATA_DIR: /tmp/awa-data
2025-08-23T23:08:17.2672819Z   ENABLE_LIVE: 0
2025-08-23T23:08:17.2673111Z   TESTING: 1
2025-08-23T23:08:17.2673718Z   pythonLocation: /opt/hostedtoolcache/Python/3.12.11/x64
2025-08-23T23:08:17.2674480Z   PKG_CONFIG_PATH: /opt/hostedtoolcache/Python/3.12.11/x64/lib/pkgconfig
2025-08-23T23:08:17.2675212Z   Python_ROOT_DIR: /opt/hostedtoolcache/Python/3.12.11/x64
2025-08-23T23:08:17.2675875Z   Python2_ROOT_DIR: /opt/hostedtoolcache/Python/3.12.11/x64
2025-08-23T23:08:17.2676536Z   Python3_ROOT_DIR: /opt/hostedtoolcache/Python/3.12.11/x64
2025-08-23T23:08:17.2677219Z   LD_LIBRARY_PATH: /opt/hostedtoolcache/Python/3.12.11/x64/lib
2025-08-23T23:08:17.2677765Z ##[endgroup]
2025-08-23T23:08:18.2976459Z Collecting keepa==1.3.14 (from -r services/etl/requirements.txt (line 1))
2025-08-23T23:08:18.2990498Z   Using cached keepa-1.3.14-py3-none-any.whl.metadata (10 kB)
2025-08-23T23:08:18.3271481Z Collecting minio==7.1.15 (from -r services/etl/requirements.txt (line 2))
2025-08-23T23:08:18.3285255Z   Using cached minio-7.1.15-py3-none-any.whl.metadata (4.2 kB)
2025-08-23T23:08:18.3642241Z Collecting celery==5.3.* (from -r services/etl/requirements.txt (line 3))
2025-08-23T23:08:18.3654889Z   Using cached celery-5.3.6-py3-none-any.whl.metadata (21 kB)
2025-08-23T23:08:18.4136187Z Collecting redis==5.* (from -r services/etl/requirements.txt (line 4))
2025-08-23T23:08:18.4149051Z   Using cached redis-5.3.1-py3-none-any.whl.metadata (9.2 kB)
2025-08-23T23:08:18.4734737Z Collecting python-amazon-sp-api==0.8.0 (from -r services/etl/requirements.txt (line 5))
2025-08-23T23:08:18.4747827Z   Using cached python_amazon_sp_api-0.8.0-py3-none-any.whl.metadata (3.2 kB)
2025-08-23T23:08:18.5002017Z Collecting pydantic-settings==2.2.1 (from -r services/etl/requirements.txt (line 6))
2025-08-23T23:08:18.5013994Z   Using cached pydantic_settings-2.2.1-py3-none-any.whl.metadata (3.1 kB)
2025-08-23T23:08:18.6698625Z Collecting numpy<2 (from -r services/etl/requirements.txt (line 7))
2025-08-23T23:08:18.6712217Z   Using cached numpy-1.26.4-cp312-cp312-manylinux_2_17_x86_64.manylinux2014_x86_64.whl.metadata (61 kB)
2025-08-23T23:08:18.8118137Z Collecting pandas==2.2.* (from -r services/etl/requirements.txt (line 8))
2025-08-23T23:08:18.8132408Z   Using cached pandas-2.2.3-cp312-cp312-manylinux_2_17_x86_64.manylinux2014_x86_64.whl.metadata (89 kB)
2025-08-23T23:08:18.8754944Z Collecting pandera==0.19.* (from -r services/etl/requirements.txt (line 9))
2025-08-23T23:08:18.8766979Z   Using cached pandera-0.19.3-py3-none-any.whl.metadata (15 kB)
2025-08-23T23:08:18.8992814Z Collecting openpyxl==3.1.* (from -r services/etl/requirements.txt (line 10))
2025-08-23T23:08:18.9004178Z   Using cached openpyxl-3.1.5-py2.py3-none-any.whl.metadata (2.5 kB)
2025-08-23T23:08:18.9158029Z Collecting psycopg==3.2.9 (from psycopg[binary]==3.2.9->-r services/etl/requirements.txt (line 11))
2025-08-23T23:08:18.9169068Z   Using cached psycopg-3.2.9-py3-none-any.whl.metadata (4.5 kB)
2025-08-23T23:08:18.9814931Z Collecting psycopg2-binary==2.9.* (from -r services/etl/requirements.txt (line 12))
2025-08-23T23:08:18.9828143Z   Using cached psycopg2_binary-2.9.10-cp312-cp312-manylinux_2_17_x86_64.manylinux2014_x86_64.whl.metadata (4.9 kB)
2025-08-23T23:08:19.0338846Z Collecting sentry-sdk==2.9.0 (from -r services/etl/requirements.txt (line 13))
2025-08-23T23:08:19.0351799Z   Using cached sentry_sdk-2.9.0-py2.py3-none-any.whl.metadata (14 kB)
2025-08-23T23:08:19.0963958Z Collecting requests>=2.2 (from keepa==1.3.14->-r services/etl/requirements.txt (line 1))
2025-08-23T23:08:19.0976333Z   Using cached requests-2.32.5-py3-none-any.whl.metadata (4.9 kB)
2025-08-23T23:08:19.1322174Z Collecting tqdm (from keepa==1.3.14->-r services/etl/requirements.txt (line 1))
2025-08-23T23:08:19.1334746Z   Using cached tqdm-4.67.1-py3-none-any.whl.metadata (57 kB)
2025-08-23T23:08:19.6416879Z Collecting aiohttp (from keepa==1.3.14->-r services/etl/requirements.txt (line 1))
2025-08-23T23:08:19.6430545Z   Using cached aiohttp-3.12.15-cp312-cp312-manylinux_2_17_x86_64.manylinux2014_x86_64.whl.metadata (7.7 kB)
2025-08-23T23:08:19.7663747Z Collecting pydantic (from keepa==1.3.14->-r services/etl/requirements.txt (line 1))
2025-08-23T23:08:19.7677075Z   Using cached pydantic-2.11.7-py3-none-any.whl.metadata (67 kB)
2025-08-23T23:08:19.7931501Z Collecting certifi (from minio==7.1.15->-r services/etl/requirements.txt (line 2))
2025-08-23T23:08:19.7944251Z   Using cached certifi-2025.8.3-py3-none-any.whl.metadata (2.4 kB)
2025-08-23T23:08:19.8176305Z Collecting urllib3 (from minio==7.1.15->-r services/etl/requirements.txt (line 2))
2025-08-23T23:08:19.8189867Z   Using cached urllib3-2.5.0-py3-none-any.whl.metadata (6.5 kB)
2025-08-23T23:08:19.8349073Z Collecting six<2,>=1.15 (from python-amazon-sp-api==0.8.0->-r services/etl/requirements.txt (line 5))
2025-08-23T23:08:19.8360808Z   Using cached six-1.17.0-py2.py3-none-any.whl.metadata (1.7 kB)
2025-08-23T23:08:20.2395656Z Collecting boto3<2,>=1.16.39 (from python-amazon-sp-api==0.8.0->-r services/etl/requirements.txt (line 5))
2025-08-23T23:08:20.2408611Z   Using cached boto3-1.40.16-py3-none-any.whl.metadata (6.7 kB)
2025-08-23T23:08:20.2592572Z Collecting cachetools~=4.2.0 (from python-amazon-sp-api==0.8.0->-r services/etl/requirements.txt (line 5))
2025-08-23T23:08:20.2604187Z   Using cached cachetools-4.2.4-py3-none-any.whl.metadata (4.8 kB)
2025-08-23T23:08:20.3410398Z Collecting pycryptodome (from python-amazon-sp-api==0.8.0->-r services/etl/requirements.txt (line 5))
2025-08-23T23:08:20.3424221Z   Using cached pycryptodome-3.23.0-cp37-abi3-manylinux_2_17_x86_64.manylinux2014_x86_64.whl.metadata (3.4 kB)
2025-08-23T23:08:20.3764047Z Collecting pytz (from python-amazon-sp-api==0.8.0->-r services/etl/requirements.txt (line 5))
2025-08-23T23:08:20.3776903Z   Using cached pytz-2025.2-py2.py3-none-any.whl.metadata (22 kB)
2025-08-23T23:08:20.3909224Z Collecting confuse~=1.4.0 (from python-amazon-sp-api==0.8.0->-r services/etl/requirements.txt (line 5))
2025-08-23T23:08:20.3920360Z   Using cached confuse-1.4.0-py2.py3-none-any.whl.metadata (3.8 kB)
2025-08-23T23:08:20.4189884Z Collecting python-dotenv>=0.21.0 (from pydantic-settings==2.2.1->-r services/etl/requirements.txt (line 6))
2025-08-23T23:08:20.4200802Z   Using cached python_dotenv-1.1.1-py3-none-any.whl.metadata (24 kB)
2025-08-23T23:08:20.4382737Z Collecting typing-extensions>=4.6 (from psycopg==3.2.9->psycopg[binary]==3.2.9->-r services/etl/requirements.txt (line 11))
2025-08-23T23:08:20.4394161Z   Using cached typing_extensions-4.14.1-py3-none-any.whl.metadata (3.0 kB)
2025-08-23T23:08:20.5904976Z Collecting psycopg-binary==3.2.9 (from psycopg[binary]==3.2.9->-r services/etl/requirements.txt (line 11))
2025-08-23T23:08:20.5919210Z   Using cached psycopg_binary-3.2.9-cp312-cp312-manylinux_2_17_x86_64.manylinux2014_x86_64.whl.metadata (2.9 kB)
2025-08-23T23:08:20.6094554Z Collecting billiard<5.0,>=4.2.0 (from celery==5.3.*->-r services/etl/requirements.txt (line 3))
2025-08-23T23:08:20.6106602Z   Using cached billiard-4.2.1-py3-none-any.whl.metadata (4.4 kB)
2025-08-23T23:08:20.6190169Z Collecting click-didyoumean>=0.3.0 (from celery==5.3.*->-r services/etl/requirements.txt (line 3))
2025-08-23T23:08:20.6201363Z   Using cached click_didyoumean-0.3.1-py3-none-any.whl.metadata (3.9 kB)
2025-08-23T23:08:20.6287492Z Collecting click-plugins>=1.1.1 (from celery==5.3.*->-r services/etl/requirements.txt (line 3))
2025-08-23T23:08:20.6305120Z   Using cached click_plugins-1.1.1.2-py2.py3-none-any.whl.metadata (6.5 kB)
2025-08-23T23:08:20.6394035Z Collecting click-repl>=0.2.0 (from celery==5.3.*->-r services/etl/requirements.txt (line 3))
2025-08-23T23:08:20.6405335Z   Using cached click_repl-0.3.0-py3-none-any.whl.metadata (3.6 kB)
2025-08-23T23:08:20.6585111Z Collecting click<9.0,>=8.1.2 (from celery==5.3.*->-r services/etl/requirements.txt (line 3))
2025-08-23T23:08:20.6596233Z   Using cached click-8.2.1-py3-none-any.whl.metadata (2.5 kB)
2025-08-23T23:08:20.6907939Z Collecting kombu<6.0,>=5.3.4 (from celery==5.3.*->-r services/etl/requirements.txt (line 3))
2025-08-23T23:08:20.6919939Z   Using cached kombu-5.5.4-py3-none-any.whl.metadata (3.5 kB)
2025-08-23T23:08:20.7100536Z Collecting python-dateutil>=2.8.2 (from celery==5.3.*->-r services/etl/requirements.txt (line 3))
2025-08-23T23:08:20.7111830Z   Using cached python_dateutil-2.9.0.post0-py2.py3-none-any.whl.metadata (8.4 kB)
2025-08-23T23:08:20.7292075Z Collecting tzdata>=2022.7 (from celery==5.3.*->-r services/etl/requirements.txt (line 3))
2025-08-23T23:08:20.7303899Z   Using cached tzdata-2025.2-py2.py3-none-any.whl.metadata (1.4 kB)
2025-08-23T23:08:20.7408132Z Collecting vine<6.0,>=5.1.0 (from celery==5.3.*->-r services/etl/requirements.txt (line 3))
2025-08-23T23:08:20.7419319Z   Using cached vine-5.1.0-py3-none-any.whl.metadata (2.7 kB)
2025-08-23T23:08:20.7575444Z Collecting PyJWT>=2.9.0 (from redis==5.*->-r services/etl/requirements.txt (line 4))
2025-08-23T23:08:20.7586943Z   Using cached PyJWT-2.10.1-py3-none-any.whl.metadata (4.0 kB)
2025-08-23T23:08:20.7905577Z Collecting multimethod<=1.10.0 (from pandera==0.19.*->-r services/etl/requirements.txt (line 9))
2025-08-23T23:08:20.7917195Z   Using cached multimethod-1.10-py3-none-any.whl.metadata (8.2 kB)
2025-08-23T23:08:20.8144463Z Collecting packaging>=20.0 (from pandera==0.19.*->-r services/etl/requirements.txt (line 9))
2025-08-23T23:08:20.8156361Z   Using cached packaging-25.0-py3-none-any.whl.metadata (3.3 kB)
2025-08-23T23:08:20.8454148Z Collecting typeguard (from pandera==0.19.*->-r services/etl/requirements.txt (line 9))
2025-08-23T23:08:20.8465796Z   Using cached typeguard-4.4.4-py3-none-any.whl.metadata (3.3 kB)
2025-08-23T23:08:20.8568233Z Collecting typing-inspect>=0.6.0 (from pandera==0.19.*->-r services/etl/requirements.txt (line 9))
2025-08-23T23:08:20.8579261Z   Using cached typing_inspect-0.9.0-py3-none-any.whl.metadata (1.5 kB)
2025-08-23T23:08:20.9552170Z Collecting wrapt (from pandera==0.19.*->-r services/etl/requirements.txt (line 9))
2025-08-23T23:08:20.9565734Z   Using cached wrapt-1.17.3-cp312-cp312-manylinux1_x86_64.manylinux_2_28_x86_64.manylinux_2_5_x86_64.whl.metadata (6.4 kB)
2025-08-23T23:08:20.9669322Z Collecting et-xmlfile (from openpyxl==3.1.*->-r services/etl/requirements.txt (line 10))
2025-08-23T23:08:20.9681200Z   Using cached et_xmlfile-2.0.0-py3-none-any.whl.metadata (2.7 kB)
2025-08-23T23:08:21.4110017Z Collecting botocore<1.41.0,>=1.40.16 (from boto3<2,>=1.16.39->python-amazon-sp-api==0.8.0->-r services/etl/requirements.txt (line 5))
2025-08-23T23:08:21.4123285Z   Using cached botocore-1.40.16-py3-none-any.whl.metadata (5.7 kB)
2025-08-23T23:08:21.4261018Z Collecting jmespath<2.0.0,>=0.7.1 (from boto3<2,>=1.16.39->python-amazon-sp-api==0.8.0->-r services/etl/requirements.txt (line 5))
2025-08-23T23:08:21.4273005Z   Using cached jmespath-1.0.1-py3-none-any.whl.metadata (7.6 kB)
2025-08-23T23:08:21.4457078Z Collecting s3transfer<0.14.0,>=0.13.0 (from boto3<2,>=1.16.39->python-amazon-sp-api==0.8.0->-r services/etl/requirements.txt (line 5))
2025-08-23T23:08:21.4470759Z   Using cached s3transfer-0.13.1-py3-none-any.whl.metadata (1.7 kB)
2025-08-23T23:08:21.4963173Z Collecting pyyaml (from confuse~=1.4.0->python-amazon-sp-api==0.8.0->-r services/etl/requirements.txt (line 5))
2025-08-23T23:08:21.4978130Z   Using cached PyYAML-6.0.2-cp312-cp312-manylinux_2_17_x86_64.manylinux2014_x86_64.whl.metadata (2.1 kB)
2025-08-23T23:08:21.5175474Z Collecting amqp<6.0.0,>=5.1.1 (from kombu<6.0,>=5.3.4->celery==5.3.*->-r services/etl/requirements.txt (line 3))
2025-08-23T23:08:21.5187741Z   Using cached amqp-5.3.1-py3-none-any.whl.metadata (8.9 kB)
2025-08-23T23:08:21.7382325Z Collecting prompt-toolkit>=3.0.36 (from click-repl>=0.2.0->celery==5.3.*->-r services/etl/requirements.txt (line 3))
2025-08-23T23:08:21.7395163Z   Using cached prompt_toolkit-3.0.51-py3-none-any.whl.metadata (6.4 kB)
2025-08-23T23:08:21.7531202Z Collecting wcwidth (from prompt-toolkit>=3.0.36->click-repl>=0.2.0->celery==5.3.*->-r services/etl/requirements.txt (line 3))
2025-08-23T23:08:21.7541992Z   Using cached wcwidth-0.2.13-py2.py3-none-any.whl.metadata (14 kB)
2025-08-23T23:08:21.7649920Z Collecting annotated-types>=0.6.0 (from pydantic->keepa==1.3.14->-r services/etl/requirements.txt (line 1))
2025-08-23T23:08:21.7661019Z   Using cached annotated_types-0.7.0-py3-none-any.whl.metadata (15 kB)
2025-08-23T23:08:22.4503260Z Collecting pydantic-core==2.33.2 (from pydantic->keepa==1.3.14->-r services/etl/requirements.txt (line 1))
2025-08-23T23:08:22.4517566Z   Using cached pydantic_core-2.33.2-cp312-cp312-manylinux_2_17_x86_64.manylinux2014_x86_64.whl.metadata (6.8 kB)
2025-08-23T23:08:22.4645366Z Collecting typing-inspection>=0.4.0 (from pydantic->keepa==1.3.14->-r services/etl/requirements.txt (line 1))
2025-08-23T23:08:22.4657258Z   Using cached typing_inspection-0.4.1-py3-none-any.whl.metadata (2.6 kB)
2025-08-23T23:08:22.5544312Z Collecting charset_normalizer<4,>=2 (from requests>=2.2->keepa==1.3.14->-r services/etl/requirements.txt (line 1))
2025-08-23T23:08:22.5558970Z   Using cached charset_normalizer-3.4.3-cp312-cp312-manylinux2014_x86_64.manylinux_2_17_x86_64.manylinux_2_28_x86_64.whl.metadata (36 kB)
2025-08-23T23:08:22.5714250Z Collecting idna<4,>=2.5 (from requests>=2.2->keepa==1.3.14->-r services/etl/requirements.txt (line 1))
2025-08-23T23:08:22.5726862Z   Using cached idna-3.10-py3-none-any.whl.metadata (10 kB)
2025-08-23T23:08:22.6055409Z Collecting mypy-extensions>=0.3.0 (from typing-inspect>=0.6.0->pandera==0.19.*->-r services/etl/requirements.txt (line 9))
2025-08-23T23:08:22.6067523Z   Using cached mypy_extensions-1.1.0-py3-none-any.whl.metadata (1.1 kB)
2025-08-23T23:08:22.6380463Z Collecting aiohappyeyeballs>=2.5.0 (from aiohttp->keepa==1.3.14->-r services/etl/requirements.txt (line 1))
2025-08-23T23:08:22.6393795Z   Using cached aiohappyeyeballs-2.6.1-py3-none-any.whl.metadata (5.9 kB)
2025-08-23T23:08:22.6483332Z Collecting aiosignal>=1.4.0 (from aiohttp->keepa==1.3.14->-r services/etl/requirements.txt (line 1))
2025-08-23T23:08:22.6495725Z   Using cached aiosignal-1.4.0-py3-none-any.whl.metadata (3.7 kB)
2025-08-23T23:08:22.6635949Z Collecting attrs>=17.3.0 (from aiohttp->keepa==1.3.14->-r services/etl/requirements.txt (line 1))
2025-08-23T23:08:22.6647867Z   Using cached attrs-25.3.0-py3-none-any.whl.metadata (10 kB)
2025-08-23T23:08:22.7317397Z Collecting frozenlist>=1.1.1 (from aiohttp->keepa==1.3.14->-r services/etl/requirements.txt (line 1))
2025-08-23T23:08:22.7331384Z   Using cached frozenlist-1.7.0-cp312-cp312-manylinux_2_5_x86_64.manylinux1_x86_64.manylinux_2_17_x86_64.manylinux2014_x86_64.whl.metadata (18 kB)
2025-08-23T23:08:23.0380309Z Collecting multidict<7.0,>=4.5 (from aiohttp->keepa==1.3.14->-r services/etl/requirements.txt (line 1))
2025-08-23T23:08:23.0394007Z   Using cached multidict-6.6.4-cp312-cp312-manylinux2014_x86_64.manylinux_2_17_x86_64.manylinux_2_28_x86_64.whl.metadata (5.3 kB)
2025-08-23T23:08:23.0828791Z Collecting propcache>=0.2.0 (from aiohttp->keepa==1.3.14->-r services/etl/requirements.txt (line 1))
2025-08-23T23:08:23.0842172Z   Using cached propcache-0.3.2-cp312-cp312-manylinux_2_17_x86_64.manylinux2014_x86_64.whl.metadata (12 kB)
2025-08-23T23:08:23.3239654Z Collecting yarl<2.0,>=1.17.0 (from aiohttp->keepa==1.3.14->-r services/etl/requirements.txt (line 1))
2025-08-23T23:08:23.3253675Z   Using cached yarl-1.20.1-cp312-cp312-manylinux_2_17_x86_64.manylinux2014_x86_64.whl.metadata (73 kB)
2025-08-23T23:08:23.3871812Z Using cached keepa-1.3.14-py3-none-any.whl (33 kB)
2025-08-23T23:08:23.3883029Z Using cached minio-7.1.15-py3-none-any.whl (77 kB)
2025-08-23T23:08:23.3895175Z Using cached python_amazon_sp_api-0.8.0-py3-none-any.whl (93 kB)
2025-08-23T23:08:23.3907565Z Using cached pydantic_settings-2.2.1-py3-none-any.whl (13 kB)
2025-08-23T23:08:23.3918831Z Using cached psycopg-3.2.9-py3-none-any.whl (202 kB)
2025-08-23T23:08:23.3931468Z Using cached sentry_sdk-2.9.0-py2.py3-none-any.whl (301 kB)
2025-08-23T23:08:23.3945406Z Using cached psycopg_binary-3.2.9-cp312-cp312-manylinux_2_17_x86_64.manylinux2014_x86_64.whl (4.4 MB)
2025-08-23T23:08:23.3989125Z Using cached celery-5.3.6-py3-none-any.whl (422 kB)
2025-08-23T23:08:23.4003623Z Using cached redis-5.3.1-py3-none-any.whl (272 kB)
2025-08-23T23:08:23.4017291Z Using cached numpy-1.26.4-cp312-cp312-manylinux_2_17_x86_64.manylinux2014_x86_64.whl (18.0 MB)
2025-08-23T23:08:23.4164865Z Using cached pandas-2.2.3-cp312-cp312-manylinux_2_17_x86_64.manylinux2014_x86_64.whl (12.7 MB)
2025-08-23T23:08:23.4270549Z Using cached pandera-0.19.3-py3-none-any.whl (251 kB)
2025-08-23T23:08:23.4283568Z Using cached openpyxl-3.1.5-py2.py3-none-any.whl (250 kB)
2025-08-23T23:08:23.4297153Z Using cached psycopg2_binary-2.9.10-cp312-cp312-manylinux_2_17_x86_64.manylinux2014_x86_64.whl (3.0 MB)
2025-08-23T23:08:23.4330853Z Using cached billiard-4.2.1-py3-none-any.whl (86 kB)
2025-08-23T23:08:23.4342551Z Using cached boto3-1.40.16-py3-none-any.whl (140 kB)
2025-08-23T23:08:23.4355132Z Using cached botocore-1.40.16-py3-none-any.whl (14.0 MB)
2025-08-23T23:08:23.4469233Z Using cached cachetools-4.2.4-py3-none-any.whl (10 kB)
2025-08-23T23:08:23.4480471Z Using cached click-8.2.1-py3-none-any.whl (102 kB)
2025-08-23T23:08:23.4492385Z Using cached confuse-1.4.0-py2.py3-none-any.whl (21 kB)
2025-08-23T23:08:23.4504102Z Using cached jmespath-1.0.1-py3-none-any.whl (20 kB)
2025-08-23T23:08:23.4515571Z Using cached kombu-5.5.4-py3-none-any.whl (210 kB)
2025-08-23T23:08:23.4528111Z Using cached vine-5.1.0-py3-none-any.whl (9.6 kB)
2025-08-23T23:08:23.4539417Z Using cached amqp-5.3.1-py3-none-any.whl (50 kB)
2025-08-23T23:08:23.4551564Z Using cached multimethod-1.10-py3-none-any.whl (9.9 kB)
2025-08-23T23:08:23.4563181Z Using cached python_dateutil-2.9.0.post0-py2.py3-none-any.whl (229 kB)
2025-08-23T23:08:23.4576330Z Using cached s3transfer-0.13.1-py3-none-any.whl (85 kB)
2025-08-23T23:08:23.4588036Z Using cached six-1.17.0-py2.py3-none-any.whl (11 kB)
2025-08-23T23:08:23.4599520Z Using cached urllib3-2.5.0-py3-none-any.whl (129 kB)
2025-08-23T23:08:23.4611598Z Using cached click_didyoumean-0.3.1-py3-none-any.whl (3.6 kB)
2025-08-23T23:08:23.4622721Z Using cached click_plugins-1.1.1.2-py2.py3-none-any.whl (11 kB)
2025-08-23T23:08:23.4633550Z Using cached click_repl-0.3.0-py3-none-any.whl (10 kB)
2025-08-23T23:08:23.4644576Z Using cached packaging-25.0-py3-none-any.whl (66 kB)
2025-08-23T23:08:23.4656068Z Using cached prompt_toolkit-3.0.51-py3-none-any.whl (387 kB)
2025-08-23T23:08:23.4670026Z Using cached pydantic-2.11.7-py3-none-any.whl (444 kB)
2025-08-23T23:08:23.4685093Z Using cached pydantic_core-2.33.2-cp312-cp312-manylinux_2_17_x86_64.manylinux2014_x86_64.whl (2.0 MB)
2025-08-23T23:08:23.4710449Z Using cached annotated_types-0.7.0-py3-none-any.whl (13 kB)
2025-08-23T23:08:23.4721402Z Using cached PyJWT-2.10.1-py3-none-any.whl (22 kB)
2025-08-23T23:08:23.4732452Z Using cached python_dotenv-1.1.1-py3-none-any.whl (20 kB)
2025-08-23T23:08:23.4743539Z Using cached pytz-2025.2-py2.py3-none-any.whl (509 kB)
2025-08-23T23:08:23.4758199Z Using cached requests-2.32.5-py3-none-any.whl (64 kB)
2025-08-23T23:08:23.4770212Z Using cached charset_normalizer-3.4.3-cp312-cp312-manylinux2014_x86_64.manylinux_2_17_x86_64.manylinux_2_28_x86_64.whl (151 kB)
2025-08-23T23:08:23.4782095Z Using cached idna-3.10-py3-none-any.whl (70 kB)
2025-08-23T23:08:23.4793679Z Using cached certifi-2025.8.3-py3-none-any.whl (161 kB)
2025-08-23T23:08:23.4805733Z Using cached typing_extensions-4.14.1-py3-none-any.whl (43 kB)
2025-08-23T23:08:23.4816928Z Using cached typing_inspect-0.9.0-py3-none-any.whl (8.8 kB)
2025-08-23T23:08:23.4827912Z Using cached mypy_extensions-1.1.0-py3-none-any.whl (5.0 kB)
2025-08-23T23:08:23.4838922Z Using cached typing_inspection-0.4.1-py3-none-any.whl (14 kB)
2025-08-23T23:08:23.4849929Z Using cached tzdata-2025.2-py2.py3-none-any.whl (347 kB)
2025-08-23T23:08:23.4863909Z Using cached aiohttp-3.12.15-cp312-cp312-manylinux_2_17_x86_64.manylinux2014_x86_64.whl (1.7 MB)
2025-08-23T23:08:23.4888017Z Using cached multidict-6.6.4-cp312-cp312-manylinux2014_x86_64.manylinux_2_17_x86_64.manylinux_2_28_x86_64.whl (256 kB)
2025-08-23T23:08:23.4900390Z Using cached yarl-1.20.1-cp312-cp312-manylinux_2_17_x86_64.manylinux2014_x86_64.whl (355 kB)
2025-08-23T23:08:23.4913920Z Using cached aiohappyeyeballs-2.6.1-py3-none-any.whl (15 kB)
2025-08-23T23:08:23.4924951Z Using cached aiosignal-1.4.0-py3-none-any.whl (7.5 kB)
2025-08-23T23:08:23.4935880Z Using cached attrs-25.3.0-py3-none-any.whl (63 kB)
2025-08-23T23:08:23.4947946Z Using cached frozenlist-1.7.0-cp312-cp312-manylinux_2_5_x86_64.manylinux1_x86_64.manylinux_2_17_x86_64.manylinux2014_x86_64.whl (241 kB)
2025-08-23T23:08:23.4960522Z Using cached propcache-0.3.2-cp312-cp312-manylinux_2_17_x86_64.manylinux2014_x86_64.whl (224 kB)
2025-08-23T23:08:23.4972750Z Using cached et_xmlfile-2.0.0-py3-none-any.whl (18 kB)
2025-08-23T23:08:23.4984535Z Using cached pycryptodome-3.23.0-cp37-abi3-manylinux_2_17_x86_64.manylinux2014_x86_64.whl (2.3 MB)
2025-08-23T23:08:23.5012139Z Using cached PyYAML-6.0.2-cp312-cp312-manylinux_2_17_x86_64.manylinux2014_x86_64.whl (767 kB)
2025-08-23T23:08:23.5028590Z Using cached tqdm-4.67.1-py3-none-any.whl (78 kB)
2025-08-23T23:08:23.5039923Z Using cached typeguard-4.4.4-py3-none-any.whl (34 kB)
2025-08-23T23:08:23.5051091Z Using cached wcwidth-0.2.13-py2.py3-none-any.whl (34 kB)
2025-08-23T23:08:23.5062623Z Using cached wrapt-1.17.3-cp312-cp312-manylinux1_x86_64.manylinux_2_28_x86_64.manylinux_2_5_x86_64.whl (88 kB)
2025-08-23T23:08:23.7832545Z Installing collected packages: wcwidth, pytz, wrapt, vine, urllib3, tzdata, typing-extensions, tqdm, six, pyyaml, python-dotenv, PyJWT, pycryptodome, psycopg2-binary, psycopg-binary, propcache, prompt-toolkit, packaging, numpy, mypy-extensions, multimethod, multidict, jmespath, idna, frozenlist, et-xmlfile, click, charset_normalizer, certifi, cachetools, billiard, attrs, annotated-types, aiohappyeyeballs, yarl, typing-inspection, typing-inspect, typeguard, sentry-sdk, requests, redis, python-dateutil, pydantic-core, psycopg, openpyxl, minio, confuse, click-repl, click-plugins, click-didyoumean, amqp, aiosignal, pydantic, pandas, kombu, botocore, aiohttp, s3transfer, pydantic-settings, pandera, keepa, celery, boto3, python-amazon-sp-api
2025-08-23T23:08:35.6436533Z 
2025-08-23T23:08:35.6501024Z Successfully installed PyJWT-2.10.1 aiohappyeyeballs-2.6.1 aiohttp-3.12.15 aiosignal-1.4.0 amqp-5.3.1 annotated-types-0.7.0 attrs-25.3.0 billiard-4.2.1 boto3-1.40.16 botocore-1.40.16 cachetools-4.2.4 celery-5.3.6 certifi-2025.8.3 charset_normalizer-3.4.3 click-8.2.1 click-didyoumean-0.3.1 click-plugins-1.1.1.2 click-repl-0.3.0 confuse-1.4.0 et-xmlfile-2.0.0 frozenlist-1.7.0 idna-3.10 jmespath-1.0.1 keepa-1.3.14 kombu-5.5.4 minio-7.1.15 multidict-6.6.4 multimethod-1.10 mypy-extensions-1.1.0 numpy-1.26.4 openpyxl-3.1.5 packaging-25.0 pandas-2.2.3 pandera-0.19.3 prompt-toolkit-3.0.51 propcache-0.3.2 psycopg-3.2.9 psycopg-binary-3.2.9 psycopg2-binary-2.9.10 pycryptodome-3.23.0 pydantic-2.11.7 pydantic-core-2.33.2 pydantic-settings-2.2.1 python-amazon-sp-api-0.8.0 python-dateutil-2.9.0.post0 python-dotenv-1.1.1 pytz-2025.2 pyyaml-6.0.2 redis-5.3.1 requests-2.32.5 s3transfer-0.13.1 sentry-sdk-2.9.0 six-1.17.0 tqdm-4.67.1 typeguard-4.4.4 typing-extensions-4.14.1 typing-inspect-0.9.0 typing-inspection-0.4.1 tzdata-2025.2 urllib3-2.5.0 vine-5.1.0 wcwidth-0.2.13 wrapt-1.17.3 yarl-1.20.1
2025-08-23T23:08:36.8253236Z Collecting uvicorn==0.29.0 (from -r services/api/requirements.txt (line 1))
2025-08-23T23:08:36.8267926Z   Using cached uvicorn-0.29.0-py3-none-any.whl.metadata (6.3 kB)
2025-08-23T23:08:36.8305817Z Requirement already satisfied: pydantic-settings==2.2.1 in /opt/hostedtoolcache/Python/3.12.11/x64/lib/python3.12/site-packages (from -r services/api/requirements.txt (line 2)) (2.2.1)
2025-08-23T23:08:36.8681860Z Collecting fastapi==0.111.0 (from -r services/api/requirements.txt (line 3))
2025-08-23T23:08:36.8694103Z   Using cached fastapi-0.111.0-py3-none-any.whl.metadata (25 kB)
2025-08-23T23:08:37.1391137Z Collecting sqlalchemy==2.0.29 (from -r services/api/requirements.txt (line 4))
2025-08-23T23:08:37.1404765Z   Using cached SQLAlchemy-2.0.29-cp312-cp312-manylinux_2_17_x86_64.manylinux2014_x86_64.whl.metadata (9.6 kB)
2025-08-23T23:08:37.1678611Z Collecting alembic==1.13.1 (from -r services/api/requirements.txt (line 5))
2025-08-23T23:08:37.1690577Z   Using cached alembic-1.13.1-py3-none-any.whl.metadata (7.4 kB)
2025-08-23T23:08:37.1716597Z Requirement already satisfied: psycopg==3.2.9 in /opt/hostedtoolcache/Python/3.12.11/x64/lib/python3.12/site-packages (from psycopg[binary]==3.2.9->-r services/api/requirements.txt (line 6)) (3.2.9)
2025-08-23T23:08:37.1867133Z Collecting httpx==0.27.2 (from -r services/api/requirements.txt (line 7))
2025-08-23T23:08:37.1879599Z   Using cached httpx-0.27.2-py3-none-any.whl.metadata (7.1 kB)
2025-08-23T23:08:37.2287065Z Collecting asyncpg==0.29.0 (from -r services/api/requirements.txt (line 8))
2025-08-23T23:08:37.2300429Z   Using cached asyncpg-0.29.0-cp312-cp312-manylinux_2_17_x86_64.manylinux2014_x86_64.whl.metadata (4.4 kB)
2025-08-23T23:08:37.4914389Z Collecting boto3==1.34.162 (from -r services/api/requirements.txt (line 9))
2025-08-23T23:08:37.4927438Z   Using cached boto3-1.34.162-py3-none-any.whl.metadata (6.6 kB)
2025-08-23T23:08:37.5071668Z Collecting Jinja2==3.1.5 (from -r services/api/requirements.txt (line 10))
2025-08-23T23:08:37.5083598Z   Using cached jinja2-3.1.5-py3-none-any.whl.metadata (2.6 kB)
2025-08-23T23:08:37.5103143Z Requirement already satisfied: celery==5.3.* in /opt/hostedtoolcache/Python/3.12.11/x64/lib/python3.12/site-packages (from -r services/api/requirements.txt (line 11)) (5.3.6)
2025-08-23T23:08:37.5227623Z Collecting structlog==24.1.0 (from -r services/api/requirements.txt (line 12))
2025-08-23T23:08:37.5238750Z   Using cached structlog-24.1.0-py3-none-any.whl.metadata (6.9 kB)
2025-08-23T23:08:37.5382033Z Collecting asgi-correlation-id==4.3.1 (from -r services/api/requirements.txt (line 13))
2025-08-23T23:08:37.5393108Z   Using cached asgi_correlation_id-4.3.1-py3-none-any.whl.metadata (28 kB)
2025-08-23T23:08:37.5505255Z Collecting fastapi-limiter==0.1.6 (from -r services/api/requirements.txt (line 14))
2025-08-23T23:08:37.5515979Z   Using cached fastapi_limiter-0.1.6-py3-none-any.whl.metadata (5.3 kB)
2025-08-23T23:08:37.5760658Z Collecting redis==5.0.8 (from -r services/api/requirements.txt (line 15))
2025-08-23T23:08:37.5773278Z   Using cached redis-5.0.8-py3-none-any.whl.metadata (9.2 kB)
2025-08-23T23:08:37.5806641Z Requirement already satisfied: sentry-sdk==2.9.0 in /opt/hostedtoolcache/Python/3.12.11/x64/lib/python3.12/site-packages (from sentry-sdk[celery,fastapi,sqlalchemy]==2.9.0->-r services/api/requirements.txt (line 16)) (2.9.0)
2025-08-23T23:08:37.5899283Z Collecting imapclient==3.0.1 (from -r services/api/requirements.txt (line 17))
2025-08-23T23:08:37.6129813Z   Using cached IMAPClient-3.0.1-py2.py3-none-any.whl.metadata (1.7 kB)
2025-08-23T23:08:37.6158474Z Requirement already satisfied: click>=7.0 in /opt/hostedtoolcache/Python/3.12.11/x64/lib/python3.12/site-packages (from uvicorn==0.29.0->-r services/api/requirements.txt (line 1)) (8.2.1)
2025-08-23T23:08:37.6241994Z Collecting h11>=0.8 (from uvicorn==0.29.0->-r services/api/requirements.txt (line 1))
2025-08-23T23:08:37.6253840Z   Using cached h11-0.16.0-py3-none-any.whl.metadata (8.3 kB)
2025-08-23T23:08:37.6283679Z Requirement already satisfied: pydantic>=2.3.0 in /opt/hostedtoolcache/Python/3.12.11/x64/lib/python3.12/site-packages (from pydantic-settings==2.2.1->-r services/api/requirements.txt (line 2)) (2.11.7)
2025-08-23T23:08:37.6289162Z Requirement already satisfied: python-dotenv>=0.21.0 in /opt/hostedtoolcache/Python/3.12.11/x64/lib/python3.12/site-packages (from pydantic-settings==2.2.1->-r services/api/requirements.txt (line 2)) (1.1.1)
2025-08-23T23:08:37.6539475Z Collecting starlette<0.38.0,>=0.37.2 (from fastapi==0.111.0->-r services/api/requirements.txt (line 3))
2025-08-23T23:08:37.6551453Z   Using cached starlette-0.37.2-py3-none-any.whl.metadata (5.9 kB)
2025-08-23T23:08:37.6582306Z Requirement already satisfied: typing-extensions>=4.8.0 in /opt/hostedtoolcache/Python/3.12.11/x64/lib/python3.12/site-packages (from fastapi==0.111.0->-r services/api/requirements.txt (line 3)) (4.14.1)
2025-08-23T23:08:37.6711725Z Collecting fastapi-cli>=0.0.2 (from fastapi==0.111.0->-r services/api/requirements.txt (line 3))
2025-08-23T23:08:37.6723168Z   Using cached fastapi_cli-0.0.8-py3-none-any.whl.metadata (6.3 kB)
2025-08-23T23:08:37.6910897Z Collecting python-multipart>=0.0.7 (from fastapi==0.111.0->-r services/api/requirements.txt (line 3))
2025-08-23T23:08:37.6922367Z   Using cached python_multipart-0.0.20-py3-none-any.whl.metadata (1.8 kB)
2025-08-23T23:08:37.7532372Z Collecting ujson!=4.0.2,!=4.1.0,!=4.2.0,!=4.3.0,!=5.0.0,!=5.1.0,>=4.0.1 (from fastapi==0.111.0->-r services/api/requirements.txt (line 3))
2025-08-23T23:08:37.7545822Z   Using cached ujson-5.11.0-cp312-cp312-manylinux_2_24_x86_64.manylinux_2_28_x86_64.whl.metadata (9.4 kB)
2025-08-23T23:08:37.9927779Z Collecting orjson>=3.2.1 (from fastapi==0.111.0->-r services/api/requirements.txt (line 3))
2025-08-23T23:08:37.9941538Z   Using cached orjson-3.11.2-cp312-cp312-manylinux_2_17_x86_64.manylinux2014_x86_64.whl.metadata (1.2 kB)
2025-08-23T23:08:38.0064292Z Collecting email_validator>=2.0.0 (from fastapi==0.111.0->-r services/api/requirements.txt (line 3))
2025-08-23T23:08:38.0075874Z   Using cached email_validator-2.2.0-py3-none-any.whl.metadata (25 kB)
2025-08-23T23:08:38.1359694Z Collecting greenlet!=0.4.17 (from sqlalchemy==2.0.29->-r services/api/requirements.txt (line 4))
2025-08-23T23:08:38.1372894Z   Using cached greenlet-3.2.4-cp312-cp312-manylinux_2_24_x86_64.manylinux_2_28_x86_64.whl.metadata (4.1 kB)
2025-08-23T23:08:38.1660979Z Collecting Mako (from alembic==1.13.1->-r services/api/requirements.txt (line 5))
2025-08-23T23:08:38.1672710Z   Using cached mako-1.3.10-py3-none-any.whl.metadata (2.9 kB)
2025-08-23T23:08:38.1904938Z Collecting anyio (from httpx==0.27.2->-r services/api/requirements.txt (line 7))
2025-08-23T23:08:38.1918245Z   Using cached anyio-4.10.0-py3-none-any.whl.metadata (4.0 kB)
2025-08-23T23:08:38.1942131Z Requirement already satisfied: certifi in /opt/hostedtoolcache/Python/3.12.11/x64/lib/python3.12/site-packages (from httpx==0.27.2->-r services/api/requirements.txt (line 7)) (2025.8.3)
2025-08-23T23:08:38.2114898Z Collecting httpcore==1.* (from httpx==0.27.2->-r services/api/requirements.txt (line 7))
2025-08-23T23:08:38.2127195Z   Using cached httpcore-1.0.9-py3-none-any.whl.metadata (21 kB)
2025-08-23T23:08:38.2162889Z Requirement already satisfied: idna in /opt/hostedtoolcache/Python/3.12.11/x64/lib/python3.12/site-packages (from httpx==0.27.2->-r services/api/requirements.txt (line 7)) (3.10)
2025-08-23T23:08:38.2230981Z Collecting sniffio (from httpx==0.27.2->-r services/api/requirements.txt (line 7))
2025-08-23T23:08:38.2243321Z   Using cached sniffio-1.3.1-py3-none-any.whl.metadata (3.9 kB)
2025-08-23T23:08:38.6192769Z Collecting botocore<1.35.0,>=1.34.162 (from boto3==1.34.162->-r services/api/requirements.txt (line 9))
2025-08-23T23:08:38.6205902Z   Using cached botocore-1.34.162-py3-none-any.whl.metadata (5.7 kB)
2025-08-23T23:08:38.6233279Z Requirement already satisfied: jmespath<2.0.0,>=0.7.1 in /opt/hostedtoolcache/Python/3.12.11/x64/lib/python3.12/site-packages (from boto3==1.34.162->-r services/api/requirements.txt (line 9)) (1.0.1)
2025-08-23T23:08:38.6398459Z Collecting s3transfer<0.11.0,>=0.10.0 (from boto3==1.34.162->-r services/api/requirements.txt (line 9))
2025-08-23T23:08:38.6409981Z   Using cached s3transfer-0.10.4-py3-none-any.whl.metadata (1.7 kB)
2025-08-23T23:08:38.6883908Z Collecting MarkupSafe>=2.0 (from Jinja2==3.1.5->-r services/api/requirements.txt (line 10))
2025-08-23T23:08:38.6897726Z   Using cached MarkupSafe-3.0.2-cp312-cp312-manylinux_2_17_x86_64.manylinux2014_x86_64.whl.metadata (4.0 kB)
2025-08-23T23:08:38.7108418Z Requirement already satisfied: urllib3>=1.26.11 in /opt/hostedtoolcache/Python/3.12.11/x64/lib/python3.12/site-packages (from sentry-sdk==2.9.0->sentry-sdk[celery,fastapi,sqlalchemy]==2.9.0->-r services/api/requirements.txt (line 16)) (2.5.0)
2025-08-23T23:08:38.7234807Z Requirement already satisfied: psycopg-binary==3.2.9 in /opt/hostedtoolcache/Python/3.12.11/x64/lib/python3.12/site-packages (from psycopg[binary]==3.2.9->-r services/api/requirements.txt (line 6)) (3.2.9)
2025-08-23T23:08:38.7638670Z Requirement already satisfied: billiard<5.0,>=4.2.0 in /opt/hostedtoolcache/Python/3.12.11/x64/lib/python3.12/site-packages (from celery==5.3.*->-r services/api/requirements.txt (line 11)) (4.2.1)
2025-08-23T23:08:38.7644203Z Requirement already satisfied: click-didyoumean>=0.3.0 in /opt/hostedtoolcache/Python/3.12.11/x64/lib/python3.12/site-packages (from celery==5.3.*->-r services/api/requirements.txt (line 11)) (0.3.1)
2025-08-23T23:08:38.7650794Z Requirement already satisfied: click-plugins>=1.1.1 in /opt/hostedtoolcache/Python/3.12.11/x64/lib/python3.12/site-packages (from celery==5.3.*->-r services/api/requirements.txt (line 11)) (1.1.1.2)
2025-08-23T23:08:38.7656410Z Requirement already satisfied: click-repl>=0.2.0 in /opt/hostedtoolcache/Python/3.12.11/x64/lib/python3.12/site-packages (from celery==5.3.*->-r services/api/requirements.txt (line 11)) (0.3.0)
2025-08-23T23:08:38.7665843Z Requirement already satisfied: kombu<6.0,>=5.3.4 in /opt/hostedtoolcache/Python/3.12.11/x64/lib/python3.12/site-packages (from celery==5.3.*->-r services/api/requirements.txt (line 11)) (5.5.4)
2025-08-23T23:08:38.7671496Z Requirement already satisfied: python-dateutil>=2.8.2 in /opt/hostedtoolcache/Python/3.12.11/x64/lib/python3.12/site-packages (from celery==5.3.*->-r services/api/requirements.txt (line 11)) (2.9.0.post0)
2025-08-23T23:08:38.7677215Z Requirement already satisfied: tzdata>=2022.7 in /opt/hostedtoolcache/Python/3.12.11/x64/lib/python3.12/site-packages (from celery==5.3.*->-r services/api/requirements.txt (line 11)) (2025.2)
2025-08-23T23:08:38.7683565Z Requirement already satisfied: vine<6.0,>=5.1.0 in /opt/hostedtoolcache/Python/3.12.11/x64/lib/python3.12/site-packages (from celery==5.3.*->-r services/api/requirements.txt (line 11)) (5.1.0)
2025-08-23T23:08:38.7836591Z Requirement already satisfied: amqp<6.0.0,>=5.1.1 in /opt/hostedtoolcache/Python/3.12.11/x64/lib/python3.12/site-packages (from kombu<6.0,>=5.3.4->celery==5.3.*->-r services/api/requirements.txt (line 11)) (5.3.1)
2025-08-23T23:08:38.7839100Z Requirement already satisfied: packaging in /opt/hostedtoolcache/Python/3.12.11/x64/lib/python3.12/site-packages (from kombu<6.0,>=5.3.4->celery==5.3.*->-r services/api/requirements.txt (line 11)) (25.0)
2025-08-23T23:08:38.7901413Z Requirement already satisfied: annotated-types>=0.6.0 in /opt/hostedtoolcache/Python/3.12.11/x64/lib/python3.12/site-packages (from pydantic>=2.3.0->pydantic-settings==2.2.1->-r services/api/requirements.txt (line 2)) (0.7.0)
2025-08-23T23:08:38.7907122Z Requirement already satisfied: pydantic-core==2.33.2 in /opt/hostedtoolcache/Python/3.12.11/x64/lib/python3.12/site-packages (from pydantic>=2.3.0->pydantic-settings==2.2.1->-r services/api/requirements.txt (line 2)) (2.33.2)
2025-08-23T23:08:38.7916489Z Requirement already satisfied: typing-inspection>=0.4.0 in /opt/hostedtoolcache/Python/3.12.11/x64/lib/python3.12/site-packages (from pydantic>=2.3.0->pydantic-settings==2.2.1->-r services/api/requirements.txt (line 2)) (0.4.1)
2025-08-23T23:08:38.7952751Z Requirement already satisfied: six>=1.5 in /opt/hostedtoolcache/Python/3.12.11/x64/lib/python3.12/site-packages (from python-dateutil>=2.8.2->celery==5.3.*->-r services/api/requirements.txt (line 11)) (1.17.0)
2025-08-23T23:08:39.0331328Z Requirement already satisfied: prompt-toolkit>=3.0.36 in /opt/hostedtoolcache/Python/3.12.11/x64/lib/python3.12/site-packages (from click-repl>=0.2.0->celery==5.3.*->-r services/api/requirements.txt (line 11)) (3.0.51)
2025-08-23T23:08:39.0444892Z Collecting dnspython>=2.0.0 (from email_validator>=2.0.0->fastapi==0.111.0->-r services/api/requirements.txt (line 3))
2025-08-23T23:08:39.0457071Z   Using cached dnspython-2.7.0-py3-none-any.whl.metadata (5.8 kB)
2025-08-23T23:08:39.0669058Z Collecting typer>=0.15.1 (from fastapi-cli>=0.0.2->fastapi==0.111.0->-r services/api/requirements.txt (line 3))
2025-08-23T23:08:39.0682234Z   Using cached typer-0.16.1-py3-none-any.whl.metadata (15 kB)
2025-08-23T23:08:39.0938440Z Collecting rich-toolkit>=0.14.8 (from fastapi-cli>=0.0.2->fastapi==0.111.0->-r services/api/requirements.txt (line 3))
2025-08-23T23:08:39.0949712Z   Using cached rich_toolkit-0.15.0-py3-none-any.whl.metadata (1.0 kB)
2025-08-23T23:08:39.1048614Z Requirement already satisfied: wcwidth in /opt/hostedtoolcache/Python/3.12.11/x64/lib/python3.12/site-packages (from prompt-toolkit>=3.0.36->click-repl>=0.2.0->celery==5.3.*->-r services/api/requirements.txt (line 11)) (0.2.13)
2025-08-23T23:08:39.1432462Z Collecting rich>=13.7.1 (from rich-toolkit>=0.14.8->fastapi-cli>=0.0.2->fastapi==0.111.0->-r services/api/requirements.txt (line 3))
2025-08-23T23:08:39.1445329Z   Using cached rich-14.1.0-py3-none-any.whl.metadata (18 kB)
2025-08-23T23:08:39.1611540Z Collecting markdown-it-py>=2.2.0 (from rich>=13.7.1->rich-toolkit>=0.14.8->fastapi-cli>=0.0.2->fastapi==0.111.0->-r services/api/requirements.txt (line 3))
2025-08-23T23:08:39.1624294Z   Using cached markdown_it_py-4.0.0-py3-none-any.whl.metadata (7.3 kB)
2025-08-23T23:08:39.1847829Z Collecting pygments<3.0.0,>=2.13.0 (from rich>=13.7.1->rich-toolkit>=0.14.8->fastapi-cli>=0.0.2->fastapi==0.111.0->-r services/api/requirements.txt (line 3))
2025-08-23T23:08:39.1859084Z   Using cached pygments-2.19.2-py3-none-any.whl.metadata (2.5 kB)
2025-08-23T23:08:39.1962188Z Collecting mdurl~=0.1 (from markdown-it-py>=2.2.0->rich>=13.7.1->rich-toolkit>=0.14.8->fastapi-cli>=0.0.2->fastapi==0.111.0->-r services/api/requirements.txt (line 3))
2025-08-23T23:08:39.1972944Z   Using cached mdurl-0.1.2-py3-none-any.whl.metadata (1.6 kB)
2025-08-23T23:08:39.2172841Z Collecting shellingham>=1.3.0 (from typer>=0.15.1->fastapi-cli>=0.0.2->fastapi==0.111.0->-r services/api/requirements.txt (line 3))
2025-08-23T23:08:39.2184834Z   Using cached shellingham-1.5.4-py2.py3-none-any.whl.metadata (3.5 kB)
2025-08-23T23:08:39.2651932Z Collecting httptools>=0.5.0 (from uvicorn[standard]>=0.12.0->fastapi==0.111.0->-r services/api/requirements.txt (line 3))
2025-08-23T23:08:39.2664573Z   Using cached httptools-0.6.4-cp312-cp312-manylinux_2_5_x86_64.manylinux1_x86_64.manylinux_2_17_x86_64.manylinux2014_x86_64.whl.metadata (3.6 kB)
2025-08-23T23:08:39.2690827Z Requirement already satisfied: pyyaml>=5.1 in /opt/hostedtoolcache/Python/3.12.11/x64/lib/python3.12/site-packages (from uvicorn[standard]>=0.12.0->fastapi==0.111.0->-r services/api/requirements.txt (line 3)) (6.0.2)
2025-08-23T23:08:39.3057756Z Collecting uvloop!=0.15.0,!=0.15.1,>=0.14.0 (from uvicorn[standard]>=0.12.0->fastapi==0.111.0->-r services/api/requirements.txt (line 3))
2025-08-23T23:08:39.3070711Z   Using cached uvloop-0.21.0-cp312-cp312-manylinux_2_17_x86_64.manylinux2014_x86_64.whl.metadata (4.9 kB)
2025-08-23T23:08:39.3758173Z Collecting watchfiles>=0.13 (from uvicorn[standard]>=0.12.0->fastapi==0.111.0->-r services/api/requirements.txt (line 3))
2025-08-23T23:08:39.3771316Z   Using cached watchfiles-1.1.0-cp312-cp312-manylinux_2_17_x86_64.manylinux2014_x86_64.whl.metadata (4.9 kB)
2025-08-23T23:08:39.5112688Z Collecting websockets>=10.4 (from uvicorn[standard]>=0.12.0->fastapi==0.111.0->-r services/api/requirements.txt (line 3))
2025-08-23T23:08:39.5127886Z   Using cached websockets-15.0.1-cp312-cp312-manylinux_2_5_x86_64.manylinux1_x86_64.manylinux_2_17_x86_64.manylinux2014_x86_64.whl.metadata (6.8 kB)
2025-08-23T23:08:39.5417470Z Using cached uvicorn-0.29.0-py3-none-any.whl (60 kB)
2025-08-23T23:08:39.5430396Z Using cached fastapi-0.111.0-py3-none-any.whl (91 kB)
2025-08-23T23:08:39.5443725Z Using cached SQLAlchemy-2.0.29-cp312-cp312-manylinux_2_17_x86_64.manylinux2014_x86_64.whl (3.2 MB)
2025-08-23T23:08:39.5479652Z Using cached alembic-1.13.1-py3-none-any.whl (233 kB)
2025-08-23T23:08:39.5492540Z Using cached httpx-0.27.2-py3-none-any.whl (76 kB)
2025-08-23T23:08:39.5504996Z Using cached asyncpg-0.29.0-cp312-cp312-manylinux_2_17_x86_64.manylinux2014_x86_64.whl (3.3 MB)
2025-08-23T23:08:39.5541491Z Using cached boto3-1.34.162-py3-none-any.whl (139 kB)
2025-08-23T23:08:39.5554059Z Using cached jinja2-3.1.5-py3-none-any.whl (134 kB)
2025-08-23T23:08:39.5566281Z Using cached structlog-24.1.0-py3-none-any.whl (65 kB)
2025-08-23T23:08:39.5578061Z Using cached asgi_correlation_id-4.3.1-py3-none-any.whl (15 kB)
2025-08-23T23:08:39.5588951Z Using cached fastapi_limiter-0.1.6-py3-none-any.whl (15 kB)
2025-08-23T23:08:39.5599758Z Using cached redis-5.0.8-py3-none-any.whl (255 kB)
2025-08-23T23:08:39.5612329Z Using cached IMAPClient-3.0.1-py2.py3-none-any.whl (182 kB)
2025-08-23T23:08:39.5624649Z Using cached botocore-1.34.162-py3-none-any.whl (12.5 MB)
2025-08-23T23:08:39.5726189Z Using cached httpcore-1.0.9-py3-none-any.whl (78 kB)
2025-08-23T23:08:39.5738014Z Using cached s3transfer-0.10.4-py3-none-any.whl (83 kB)
2025-08-23T23:08:39.5749480Z Using cached starlette-0.37.2-py3-none-any.whl (71 kB)
2025-08-23T23:08:39.5760827Z Using cached anyio-4.10.0-py3-none-any.whl (107 kB)
2025-08-23T23:08:39.5772637Z Using cached email_validator-2.2.0-py3-none-any.whl (33 kB)
2025-08-23T23:08:39.5783721Z Using cached dnspython-2.7.0-py3-none-any.whl (313 kB)
2025-08-23T23:08:39.5796900Z Using cached fastapi_cli-0.0.8-py3-none-any.whl (10 kB)
2025-08-23T23:08:39.5808091Z Using cached greenlet-3.2.4-cp312-cp312-manylinux_2_24_x86_64.manylinux_2_28_x86_64.whl (607 kB)
2025-08-23T23:08:39.5823210Z Using cached h11-0.16.0-py3-none-any.whl (37 kB)
2025-08-23T23:08:39.5835120Z Using cached MarkupSafe-3.0.2-cp312-cp312-manylinux_2_17_x86_64.manylinux2014_x86_64.whl (23 kB)
2025-08-23T23:08:39.5846269Z Using cached orjson-3.11.2-cp312-cp312-manylinux_2_17_x86_64.manylinux2014_x86_64.whl (121 kB)
2025-08-23T23:08:39.5857830Z Using cached python_multipart-0.0.20-py3-none-any.whl (24 kB)
2025-08-23T23:08:39.5868668Z Using cached rich_toolkit-0.15.0-py3-none-any.whl (29 kB)
2025-08-23T23:08:39.5879737Z Using cached rich-14.1.0-py3-none-any.whl (243 kB)
2025-08-23T23:08:39.5893965Z Using cached pygments-2.19.2-py3-none-any.whl (1.2 MB)
2025-08-23T23:08:39.5913958Z Using cached markdown_it_py-4.0.0-py3-none-any.whl (87 kB)
2025-08-23T23:08:39.5925847Z Using cached mdurl-0.1.2-py3-none-any.whl (10.0 kB)
2025-08-23T23:08:39.5937280Z Using cached sniffio-1.3.1-py3-none-any.whl (10 kB)
2025-08-23T23:08:39.5948389Z Using cached typer-0.16.1-py3-none-any.whl (46 kB)
2025-08-23T23:08:39.5960384Z Using cached shellingham-1.5.4-py2.py3-none-any.whl (9.8 kB)
2025-08-23T23:08:39.5972079Z Using cached ujson-5.11.0-cp312-cp312-manylinux_2_24_x86_64.manylinux_2_28_x86_64.whl (57 kB)
2025-08-23T23:08:39.5984313Z Using cached httptools-0.6.4-cp312-cp312-manylinux_2_5_x86_64.manylinux1_x86_64.manylinux_2_17_x86_64.manylinux2014_x86_64.whl (510 kB)
2025-08-23T23:08:39.6000042Z Using cached uvloop-0.21.0-cp312-cp312-manylinux_2_17_x86_64.manylinux2014_x86_64.whl (4.7 MB)
2025-08-23T23:08:39.6044832Z Using cached watchfiles-1.1.0-cp312-cp312-manylinux_2_17_x86_64.manylinux2014_x86_64.whl (452 kB)
2025-08-23T23:08:39.6059334Z Using cached websockets-15.0.1-cp312-cp312-manylinux_2_5_x86_64.manylinux1_x86_64.manylinux_2_17_x86_64.manylinux2014_x86_64.whl (182 kB)
2025-08-23T23:08:39.6071466Z Using cached mako-1.3.10-py3-none-any.whl (78 kB)
2025-08-23T23:08:39.8053251Z Installing collected packages: websockets, uvloop, ujson, structlog, sniffio, shellingham, redis, python-multipart, pygments, orjson, mdurl, MarkupSafe, imapclient, httptools, h11, greenlet, dnspython, asyncpg, uvicorn, sqlalchemy, markdown-it-py, Mako, Jinja2, httpcore, email_validator, botocore, anyio, watchfiles, starlette, s3transfer, rich, httpx, alembic, typer, rich-toolkit, boto3, asgi-correlation-id, fastapi-cli, fastapi, fastapi-limiter
2025-08-23T23:08:40.0491811Z   Attempting uninstall: redis
2025-08-23T23:08:40.0542247Z     Found existing installation: redis 5.3.1
2025-08-23T23:08:40.0629826Z     Uninstalling redis-5.3.1:
2025-08-23T23:08:40.0648266Z       Successfully uninstalled redis-5.3.1
2025-08-23T23:08:43.0481922Z   Attempting uninstall: botocore
2025-08-23T23:08:43.0514910Z     Found existing installation: botocore 1.40.16
2025-08-23T23:08:43.1148805Z     Uninstalling botocore-1.40.16:
2025-08-23T23:08:43.1394172Z       Successfully uninstalled botocore-1.40.16
2025-08-23T23:08:43.9276706Z   Attempting uninstall: s3transfer
2025-08-23T23:08:43.9323068Z     Found existing installation: s3transfer 0.13.1
2025-08-23T23:08:43.9350717Z     Uninstalling s3transfer-0.13.1:
2025-08-23T23:08:43.9359589Z       Successfully uninstalled s3transfer-0.13.1
2025-08-23T23:08:44.4645564Z   Attempting uninstall: boto3
2025-08-23T23:08:44.4677455Z     Found existing installation: boto3 1.40.16
2025-08-23T23:08:44.4738813Z     Uninstalling boto3-1.40.16:
2025-08-23T23:08:44.4757580Z       Successfully uninstalled boto3-1.40.16
2025-08-23T23:08:44.6413985Z 
2025-08-23T23:08:44.6500966Z Successfully installed Jinja2-3.1.5 Mako-1.3.10 MarkupSafe-3.0.2 alembic-1.13.1 anyio-4.10.0 asgi-correlation-id-4.3.1 asyncpg-0.29.0 boto3-1.34.162 botocore-1.34.162 dnspython-2.7.0 email_validator-2.2.0 fastapi-0.111.0 fastapi-cli-0.0.8 fastapi-limiter-0.1.6 greenlet-3.2.4 h11-0.16.0 httpcore-1.0.9 httptools-0.6.4 httpx-0.27.2 imapclient-3.0.1 markdown-it-py-4.0.0 mdurl-0.1.2 orjson-3.11.2 pygments-2.19.2 python-multipart-0.0.20 redis-5.0.8 rich-14.1.0 rich-toolkit-0.15.0 s3transfer-0.10.4 shellingham-1.5.4 sniffio-1.3.1 sqlalchemy-2.0.29 starlette-0.37.2 structlog-24.1.0 typer-0.16.1 ujson-5.11.0 uvicorn-0.29.0 uvloop-0.21.0 watchfiles-1.1.0 websockets-15.0.1
2025-08-23T23:08:45.3654116Z Requirement already satisfied: uvicorn==0.29.0 in /opt/hostedtoolcache/Python/3.12.11/x64/lib/python3.12/site-packages (from -r services/repricer/requirements.txt (line 1)) (0.29.0)
2025-08-23T23:08:45.3659505Z Requirement already satisfied: pydantic-settings==2.2.1 in /opt/hostedtoolcache/Python/3.12.11/x64/lib/python3.12/site-packages (from -r services/repricer/requirements.txt (line 2)) (2.2.1)
2025-08-23T23:08:45.3664777Z Requirement already satisfied: python-amazon-sp-api==0.8.0 in /opt/hostedtoolcache/Python/3.12.11/x64/lib/python3.12/site-packages (from -r services/repricer/requirements.txt (line 3)) (0.8.0)
2025-08-23T23:08:45.3669562Z Requirement already satisfied: fastapi==0.111.0 in /opt/hostedtoolcache/Python/3.12.11/x64/lib/python3.12/site-packages (from -r services/repricer/requirements.txt (line 4)) (0.111.0)
2025-08-23T23:08:45.3674998Z Requirement already satisfied: sqlalchemy==2.0.29 in /opt/hostedtoolcache/Python/3.12.11/x64/lib/python3.12/site-packages (from -r services/repricer/requirements.txt (line 5)) (2.0.29)
2025-08-23T23:08:45.3686784Z Requirement already satisfied: click>=7.0 in /opt/hostedtoolcache/Python/3.12.11/x64/lib/python3.12/site-packages (from uvicorn==0.29.0->-r services/repricer/requirements.txt (line 1)) (8.2.1)
2025-08-23T23:08:45.3693617Z Requirement already satisfied: h11>=0.8 in /opt/hostedtoolcache/Python/3.12.11/x64/lib/python3.12/site-packages (from uvicorn==0.29.0->-r services/repricer/requirements.txt (line 1)) (0.16.0)
2025-08-23T23:08:45.3717475Z Requirement already satisfied: pydantic>=2.3.0 in /opt/hostedtoolcache/Python/3.12.11/x64/lib/python3.12/site-packages (from pydantic-settings==2.2.1->-r services/repricer/requirements.txt (line 2)) (2.11.7)
2025-08-23T23:08:45.3723867Z Requirement already satisfied: python-dotenv>=0.21.0 in /opt/hostedtoolcache/Python/3.12.11/x64/lib/python3.12/site-packages (from pydantic-settings==2.2.1->-r services/repricer/requirements.txt (line 2)) (1.1.1)
2025-08-23T23:08:45.3736272Z Requirement already satisfied: requests in /opt/hostedtoolcache/Python/3.12.11/x64/lib/python3.12/site-packages (from python-amazon-sp-api==0.8.0->-r services/repricer/requirements.txt (line 3)) (2.32.5)
2025-08-23T23:08:45.3744072Z Requirement already satisfied: six<2,>=1.15 in /opt/hostedtoolcache/Python/3.12.11/x64/lib/python3.12/site-packages (from python-amazon-sp-api==0.8.0->-r services/repricer/requirements.txt (line 3)) (1.17.0)
2025-08-23T23:08:45.3752414Z Requirement already satisfied: boto3<2,>=1.16.39 in /opt/hostedtoolcache/Python/3.12.11/x64/lib/python3.12/site-packages (from python-amazon-sp-api==0.8.0->-r services/repricer/requirements.txt (line 3)) (1.34.162)
2025-08-23T23:08:45.3759844Z Requirement already satisfied: cachetools~=4.2.0 in /opt/hostedtoolcache/Python/3.12.11/x64/lib/python3.12/site-packages (from python-amazon-sp-api==0.8.0->-r services/repricer/requirements.txt (line 3)) (4.2.4)
2025-08-23T23:08:45.3764758Z Requirement already satisfied: pycryptodome in /opt/hostedtoolcache/Python/3.12.11/x64/lib/python3.12/site-packages (from python-amazon-sp-api==0.8.0->-r services/repricer/requirements.txt (line 3)) (3.23.0)
2025-08-23T23:08:45.3769330Z Requirement already satisfied: pytz in /opt/hostedtoolcache/Python/3.12.11/x64/lib/python3.12/site-packages (from python-amazon-sp-api==0.8.0->-r services/repricer/requirements.txt (line 3)) (2025.2)
2025-08-23T23:08:45.3776620Z Requirement already satisfied: confuse~=1.4.0 in /opt/hostedtoolcache/Python/3.12.11/x64/lib/python3.12/site-packages (from python-amazon-sp-api==0.8.0->-r services/repricer/requirements.txt (line 3)) (1.4.0)
2025-08-23T23:08:45.3793955Z Requirement already satisfied: starlette<0.38.0,>=0.37.2 in /opt/hostedtoolcache/Python/3.12.11/x64/lib/python3.12/site-packages (from fastapi==0.111.0->-r services/repricer/requirements.txt (line 4)) (0.37.2)
2025-08-23T23:08:45.3803579Z Requirement already satisfied: typing-extensions>=4.8.0 in /opt/hostedtoolcache/Python/3.12.11/x64/lib/python3.12/site-packages (from fastapi==0.111.0->-r services/repricer/requirements.txt (line 4)) (4.14.1)
2025-08-23T23:08:45.3808793Z Requirement already satisfied: fastapi-cli>=0.0.2 in /opt/hostedtoolcache/Python/3.12.11/x64/lib/python3.12/site-packages (from fastapi==0.111.0->-r services/repricer/requirements.txt (line 4)) (0.0.8)
2025-08-23T23:08:45.3813859Z Requirement already satisfied: httpx>=0.23.0 in /opt/hostedtoolcache/Python/3.12.11/x64/lib/python3.12/site-packages (from fastapi==0.111.0->-r services/repricer/requirements.txt (line 4)) (0.27.2)
2025-08-23T23:08:45.3819430Z Requirement already satisfied: jinja2>=2.11.2 in /opt/hostedtoolcache/Python/3.12.11/x64/lib/python3.12/site-packages (from fastapi==0.111.0->-r services/repricer/requirements.txt (line 4)) (3.1.5)
2025-08-23T23:08:45.3824448Z Requirement already satisfied: python-multipart>=0.0.7 in /opt/hostedtoolcache/Python/3.12.11/x64/lib/python3.12/site-packages (from fastapi==0.111.0->-r services/repricer/requirements.txt (line 4)) (0.0.20)
2025-08-23T23:08:45.3832788Z Requirement already satisfied: ujson!=4.0.2,!=4.1.0,!=4.2.0,!=4.3.0,!=5.0.0,!=5.1.0,>=4.0.1 in /opt/hostedtoolcache/Python/3.12.11/x64/lib/python3.12/site-packages (from fastapi==0.111.0->-r services/repricer/requirements.txt (line 4)) (5.11.0)
2025-08-23T23:08:45.3837833Z Requirement already satisfied: orjson>=3.2.1 in /opt/hostedtoolcache/Python/3.12.11/x64/lib/python3.12/site-packages (from fastapi==0.111.0->-r services/repricer/requirements.txt (line 4)) (3.11.2)
2025-08-23T23:08:45.3842695Z Requirement already satisfied: email_validator>=2.0.0 in /opt/hostedtoolcache/Python/3.12.11/x64/lib/python3.12/site-packages (from fastapi==0.111.0->-r services/repricer/requirements.txt (line 4)) (2.2.0)
2025-08-23T23:08:45.3891039Z Requirement already satisfied: greenlet!=0.4.17 in /opt/hostedtoolcache/Python/3.12.11/x64/lib/python3.12/site-packages (from sqlalchemy==2.0.29->-r services/repricer/requirements.txt (line 5)) (3.2.4)
2025-08-23T23:08:45.3936894Z Requirement already satisfied: botocore<1.35.0,>=1.34.162 in /opt/hostedtoolcache/Python/3.12.11/x64/lib/python3.12/site-packages (from boto3<2,>=1.16.39->python-amazon-sp-api==0.8.0->-r services/repricer/requirements.txt (line 3)) (1.34.162)
2025-08-23T23:08:45.3943894Z Requirement already satisfied: jmespath<2.0.0,>=0.7.1 in /opt/hostedtoolcache/Python/3.12.11/x64/lib/python3.12/site-packages (from boto3<2,>=1.16.39->python-amazon-sp-api==0.8.0->-r services/repricer/requirements.txt (line 3)) (1.0.1)
2025-08-23T23:08:45.3950319Z Requirement already satisfied: s3transfer<0.11.0,>=0.10.0 in /opt/hostedtoolcache/Python/3.12.11/x64/lib/python3.12/site-packages (from boto3<2,>=1.16.39->python-amazon-sp-api==0.8.0->-r services/repricer/requirements.txt (line 3)) (0.10.4)
2025-08-23T23:08:45.3967779Z Requirement already satisfied: python-dateutil<3.0.0,>=2.1 in /opt/hostedtoolcache/Python/3.12.11/x64/lib/python3.12/site-packages (from botocore<1.35.0,>=1.34.162->boto3<2,>=1.16.39->python-amazon-sp-api==0.8.0->-r services/repricer/requirements.txt (line 3)) (2.9.0.post0)
2025-08-23T23:08:45.3980625Z Requirement already satisfied: urllib3!=2.2.0,<3,>=1.25.4 in /opt/hostedtoolcache/Python/3.12.11/x64/lib/python3.12/site-packages (from botocore<1.35.0,>=1.34.162->boto3<2,>=1.16.39->python-amazon-sp-api==0.8.0->-r services/repricer/requirements.txt (line 3)) (2.5.0)
2025-08-23T23:08:45.4000072Z Requirement already satisfied: pyyaml in /opt/hostedtoolcache/Python/3.12.11/x64/lib/python3.12/site-packages (from confuse~=1.4.0->python-amazon-sp-api==0.8.0->-r services/repricer/requirements.txt (line 3)) (6.0.2)
2025-08-23T23:08:45.4034622Z Requirement already satisfied: annotated-types>=0.6.0 in /opt/hostedtoolcache/Python/3.12.11/x64/lib/python3.12/site-packages (from pydantic>=2.3.0->pydantic-settings==2.2.1->-r services/repricer/requirements.txt (line 2)) (0.7.0)
2025-08-23T23:08:45.4039930Z Requirement already satisfied: pydantic-core==2.33.2 in /opt/hostedtoolcache/Python/3.12.11/x64/lib/python3.12/site-packages (from pydantic>=2.3.0->pydantic-settings==2.2.1->-r services/repricer/requirements.txt (line 2)) (2.33.2)
2025-08-23T23:08:45.4048717Z Requirement already satisfied: typing-inspection>=0.4.0 in /opt/hostedtoolcache/Python/3.12.11/x64/lib/python3.12/site-packages (from pydantic>=2.3.0->pydantic-settings==2.2.1->-r services/repricer/requirements.txt (line 2)) (0.4.1)
2025-08-23T23:08:45.4111764Z Requirement already satisfied: anyio<5,>=3.4.0 in /opt/hostedtoolcache/Python/3.12.11/x64/lib/python3.12/site-packages (from starlette<0.38.0,>=0.37.2->fastapi==0.111.0->-r services/repricer/requirements.txt (line 4)) (4.10.0)
2025-08-23T23:08:45.4133681Z Requirement already satisfied: idna>=2.8 in /opt/hostedtoolcache/Python/3.12.11/x64/lib/python3.12/site-packages (from anyio<5,>=3.4.0->starlette<0.38.0,>=0.37.2->fastapi==0.111.0->-r services/repricer/requirements.txt (line 4)) (3.10)
2025-08-23T23:08:45.4140033Z Requirement already satisfied: sniffio>=1.1 in /opt/hostedtoolcache/Python/3.12.11/x64/lib/python3.12/site-packages (from anyio<5,>=3.4.0->starlette<0.38.0,>=0.37.2->fastapi==0.111.0->-r services/repricer/requirements.txt (line 4)) (1.3.1)
2025-08-23T23:08:45.4197892Z Requirement already satisfied: dnspython>=2.0.0 in /opt/hostedtoolcache/Python/3.12.11/x64/lib/python3.12/site-packages (from email_validator>=2.0.0->fastapi==0.111.0->-r services/repricer/requirements.txt (line 4)) (2.7.0)
2025-08-23T23:08:45.4248161Z Requirement already satisfied: typer>=0.15.1 in /opt/hostedtoolcache/Python/3.12.11/x64/lib/python3.12/site-packages (from fastapi-cli>=0.0.2->fastapi==0.111.0->-r services/repricer/requirements.txt (line 4)) (0.16.1)
2025-08-23T23:08:45.4260070Z Requirement already satisfied: rich-toolkit>=0.14.8 in /opt/hostedtoolcache/Python/3.12.11/x64/lib/python3.12/site-packages (from fastapi-cli>=0.0.2->fastapi==0.111.0->-r services/repricer/requirements.txt (line 4)) (0.15.0)
2025-08-23T23:08:45.4302641Z Requirement already satisfied: certifi in /opt/hostedtoolcache/Python/3.12.11/x64/lib/python3.12/site-packages (from httpx>=0.23.0->fastapi==0.111.0->-r services/repricer/requirements.txt (line 4)) (2025.8.3)
2025-08-23T23:08:45.4309020Z Requirement already satisfied: httpcore==1.* in /opt/hostedtoolcache/Python/3.12.11/x64/lib/python3.12/site-packages (from httpx>=0.23.0->fastapi==0.111.0->-r services/repricer/requirements.txt (line 4)) (1.0.9)
2025-08-23T23:08:45.4367764Z Requirement already satisfied: MarkupSafe>=2.0 in /opt/hostedtoolcache/Python/3.12.11/x64/lib/python3.12/site-packages (from jinja2>=2.11.2->fastapi==0.111.0->-r services/repricer/requirements.txt (line 4)) (3.0.2)
2025-08-23T23:08:45.4430183Z Requirement already satisfied: rich>=13.7.1 in /opt/hostedtoolcache/Python/3.12.11/x64/lib/python3.12/site-packages (from rich-toolkit>=0.14.8->fastapi-cli>=0.0.2->fastapi==0.111.0->-r services/repricer/requirements.txt (line 4)) (14.1.0)
2025-08-23T23:08:45.4454808Z Requirement already satisfied: markdown-it-py>=2.2.0 in /opt/hostedtoolcache/Python/3.12.11/x64/lib/python3.12/site-packages (from rich>=13.7.1->rich-toolkit>=0.14.8->fastapi-cli>=0.0.2->fastapi==0.111.0->-r services/repricer/requirements.txt (line 4)) (4.0.0)
2025-08-23T23:08:45.4462931Z Requirement already satisfied: pygments<3.0.0,>=2.13.0 in /opt/hostedtoolcache/Python/3.12.11/x64/lib/python3.12/site-packages (from rich>=13.7.1->rich-toolkit>=0.14.8->fastapi-cli>=0.0.2->fastapi==0.111.0->-r services/repricer/requirements.txt (line 4)) (2.19.2)
2025-08-23T23:08:45.4491620Z Requirement already satisfied: mdurl~=0.1 in /opt/hostedtoolcache/Python/3.12.11/x64/lib/python3.12/site-packages (from markdown-it-py>=2.2.0->rich>=13.7.1->rich-toolkit>=0.14.8->fastapi-cli>=0.0.2->fastapi==0.111.0->-r services/repricer/requirements.txt (line 4)) (0.1.2)
2025-08-23T23:08:45.4558566Z Requirement already satisfied: shellingham>=1.3.0 in /opt/hostedtoolcache/Python/3.12.11/x64/lib/python3.12/site-packages (from typer>=0.15.1->fastapi-cli>=0.0.2->fastapi==0.111.0->-r services/repricer/requirements.txt (line 4)) (1.5.4)
2025-08-23T23:08:45.4634947Z Requirement already satisfied: httptools>=0.5.0 in /opt/hostedtoolcache/Python/3.12.11/x64/lib/python3.12/site-packages (from uvicorn[standard]>=0.12.0->fastapi==0.111.0->-r services/repricer/requirements.txt (line 4)) (0.6.4)
2025-08-23T23:08:45.4651996Z Requirement already satisfied: uvloop!=0.15.0,!=0.15.1,>=0.14.0 in /opt/hostedtoolcache/Python/3.12.11/x64/lib/python3.12/site-packages (from uvicorn[standard]>=0.12.0->fastapi==0.111.0->-r services/repricer/requirements.txt (line 4)) (0.21.0)
2025-08-23T23:08:45.4661204Z Requirement already satisfied: watchfiles>=0.13 in /opt/hostedtoolcache/Python/3.12.11/x64/lib/python3.12/site-packages (from uvicorn[standard]>=0.12.0->fastapi==0.111.0->-r services/repricer/requirements.txt (line 4)) (1.1.0)
2025-08-23T23:08:45.4669804Z Requirement already satisfied: websockets>=10.4 in /opt/hostedtoolcache/Python/3.12.11/x64/lib/python3.12/site-packages (from uvicorn[standard]>=0.12.0->fastapi==0.111.0->-r services/repricer/requirements.txt (line 4)) (15.0.1)
2025-08-23T23:08:45.4804139Z Requirement already satisfied: charset_normalizer<4,>=2 in /opt/hostedtoolcache/Python/3.12.11/x64/lib/python3.12/site-packages (from requests->python-amazon-sp-api==0.8.0->-r services/repricer/requirements.txt (line 3)) (3.4.3)
2025-08-23T23:08:46.1098637Z Collecting celery==5.4.* (from celery[redis]==5.4.*->-r services/fees_h10/requirements.txt (line 1))
2025-08-23T23:08:46.1112976Z   Using cached celery-5.4.0-py3-none-any.whl.metadata (21 kB)
2025-08-23T23:08:46.1328320Z Requirement already satisfied: asyncpg in /opt/hostedtoolcache/Python/3.12.11/x64/lib/python3.12/site-packages (from -r services/fees_h10/requirements.txt (line 2)) (0.29.0)
2025-08-23T23:08:46.1331824Z Requirement already satisfied: httpx in /opt/hostedtoolcache/Python/3.12.11/x64/lib/python3.12/site-packages (from -r services/fees_h10/requirements.txt (line 3)) (0.27.2)
2025-08-23T23:08:46.1335128Z Requirement already satisfied: sqlalchemy in /opt/hostedtoolcache/Python/3.12.11/x64/lib/python3.12/site-packages (from -r services/fees_h10/requirements.txt (line 4)) (2.0.29)
2025-08-23T23:08:46.1348622Z Requirement already satisfied: billiard<5.0,>=4.2.0 in /opt/hostedtoolcache/Python/3.12.11/x64/lib/python3.12/site-packages (from celery==5.4.*->celery[redis]==5.4.*->-r services/fees_h10/requirements.txt (line 1)) (4.2.1)
2025-08-23T23:08:46.1354037Z Requirement already satisfied: kombu<6.0,>=5.3.4 in /opt/hostedtoolcache/Python/3.12.11/x64/lib/python3.12/site-packages (from celery==5.4.*->celery[redis]==5.4.*->-r services/fees_h10/requirements.txt (line 1)) (5.5.4)
2025-08-23T23:08:46.1359453Z Requirement already satisfied: vine<6.0,>=5.1.0 in /opt/hostedtoolcache/Python/3.12.11/x64/lib/python3.12/site-packages (from celery==5.4.*->celery[redis]==5.4.*->-r services/fees_h10/requirements.txt (line 1)) (5.1.0)
2025-08-23T23:08:46.1364932Z Requirement already satisfied: click<9.0,>=8.1.2 in /opt/hostedtoolcache/Python/3.12.11/x64/lib/python3.12/site-packages (from celery==5.4.*->celery[redis]==5.4.*->-r services/fees_h10/requirements.txt (line 1)) (8.2.1)
2025-08-23T23:08:46.1370254Z Requirement already satisfied: click-didyoumean>=0.3.0 in /opt/hostedtoolcache/Python/3.12.11/x64/lib/python3.12/site-packages (from celery==5.4.*->celery[redis]==5.4.*->-r services/fees_h10/requirements.txt (line 1)) (0.3.1)
2025-08-23T23:08:46.1375478Z Requirement already satisfied: click-repl>=0.2.0 in /opt/hostedtoolcache/Python/3.12.11/x64/lib/python3.12/site-packages (from celery==5.4.*->celery[redis]==5.4.*->-r services/fees_h10/requirements.txt (line 1)) (0.3.0)
2025-08-23T23:08:46.1380342Z Requirement already satisfied: click-plugins>=1.1.1 in /opt/hostedtoolcache/Python/3.12.11/x64/lib/python3.12/site-packages (from celery==5.4.*->celery[redis]==5.4.*->-r services/fees_h10/requirements.txt (line 1)) (1.1.1.2)
2025-08-23T23:08:46.1385257Z Requirement already satisfied: tzdata>=2022.7 in /opt/hostedtoolcache/Python/3.12.11/x64/lib/python3.12/site-packages (from celery==5.4.*->celery[redis]==5.4.*->-r services/fees_h10/requirements.txt (line 1)) (2025.2)
2025-08-23T23:08:46.1390297Z Requirement already satisfied: python-dateutil>=2.8.2 in /opt/hostedtoolcache/Python/3.12.11/x64/lib/python3.12/site-packages (from celery==5.4.*->celery[redis]==5.4.*->-r services/fees_h10/requirements.txt (line 1)) (2.9.0.post0)
2025-08-23T23:08:46.1430632Z Requirement already satisfied: redis!=4.5.5,<6.0.0,>=4.5.2 in /opt/hostedtoolcache/Python/3.12.11/x64/lib/python3.12/site-packages (from celery[redis]==5.4.*->-r services/fees_h10/requirements.txt (line 1)) (5.0.8)
2025-08-23T23:08:46.1452083Z Requirement already satisfied: amqp<6.0.0,>=5.1.1 in /opt/hostedtoolcache/Python/3.12.11/x64/lib/python3.12/site-packages (from kombu<6.0,>=5.3.4->celery==5.4.*->celery[redis]==5.4.*->-r services/fees_h10/requirements.txt (line 1)) (5.3.1)
2025-08-23T23:08:46.1463142Z Requirement already satisfied: packaging in /opt/hostedtoolcache/Python/3.12.11/x64/lib/python3.12/site-packages (from kombu<6.0,>=5.3.4->celery==5.4.*->celery[redis]==5.4.*->-r services/fees_h10/requirements.txt (line 1)) (25.0)
2025-08-23T23:08:46.1548874Z Requirement already satisfied: anyio in /opt/hostedtoolcache/Python/3.12.11/x64/lib/python3.12/site-packages (from httpx->-r services/fees_h10/requirements.txt (line 3)) (4.10.0)
2025-08-23T23:08:46.1552359Z Requirement already satisfied: certifi in /opt/hostedtoolcache/Python/3.12.11/x64/lib/python3.12/site-packages (from httpx->-r services/fees_h10/requirements.txt (line 3)) (2025.8.3)
2025-08-23T23:08:46.1557360Z Requirement already satisfied: httpcore==1.* in /opt/hostedtoolcache/Python/3.12.11/x64/lib/python3.12/site-packages (from httpx->-r services/fees_h10/requirements.txt (line 3)) (1.0.9)
2025-08-23T23:08:46.1561020Z Requirement already satisfied: idna in /opt/hostedtoolcache/Python/3.12.11/x64/lib/python3.12/site-packages (from httpx->-r services/fees_h10/requirements.txt (line 3)) (3.10)
2025-08-23T23:08:46.1564797Z Requirement already satisfied: sniffio in /opt/hostedtoolcache/Python/3.12.11/x64/lib/python3.12/site-packages (from httpx->-r services/fees_h10/requirements.txt (line 3)) (1.3.1)
2025-08-23T23:08:46.1589227Z Requirement already satisfied: h11>=0.16 in /opt/hostedtoolcache/Python/3.12.11/x64/lib/python3.12/site-packages (from httpcore==1.*->httpx->-r services/fees_h10/requirements.txt (line 3)) (0.16.0)
2025-08-23T23:08:46.1607690Z Requirement already satisfied: typing-extensions>=4.6.0 in /opt/hostedtoolcache/Python/3.12.11/x64/lib/python3.12/site-packages (from sqlalchemy->-r services/fees_h10/requirements.txt (line 4)) (4.14.1)
2025-08-23T23:08:46.1621501Z Requirement already satisfied: greenlet!=0.4.17 in /opt/hostedtoolcache/Python/3.12.11/x64/lib/python3.12/site-packages (from sqlalchemy->-r services/fees_h10/requirements.txt (line 4)) (3.2.4)
2025-08-23T23:08:46.1694300Z Requirement already satisfied: prompt-toolkit>=3.0.36 in /opt/hostedtoolcache/Python/3.12.11/x64/lib/python3.12/site-packages (from click-repl>=0.2.0->celery==5.4.*->celery[redis]==5.4.*->-r services/fees_h10/requirements.txt (line 1)) (3.0.51)
2025-08-23T23:08:46.1731877Z Requirement already satisfied: wcwidth in /opt/hostedtoolcache/Python/3.12.11/x64/lib/python3.12/site-packages (from prompt-toolkit>=3.0.36->click-repl>=0.2.0->celery==5.4.*->celery[redis]==5.4.*->-r services/fees_h10/requirements.txt (line 1)) (0.2.13)
2025-08-23T23:08:46.1746223Z Requirement already satisfied: six>=1.5 in /opt/hostedtoolcache/Python/3.12.11/x64/lib/python3.12/site-packages (from python-dateutil>=2.8.2->celery==5.4.*->celery[redis]==5.4.*->-r services/fees_h10/requirements.txt (line 1)) (1.17.0)
2025-08-23T23:08:46.1863952Z Using cached celery-5.4.0-py3-none-any.whl (425 kB)
2025-08-23T23:08:46.3227264Z Installing collected packages: celery
2025-08-23T23:08:46.3227974Z   Attempting uninstall: celery
2025-08-23T23:08:46.3274298Z     Found existing installation: celery 5.3.6
2025-08-23T23:08:46.3423052Z     Uninstalling celery-5.3.6:
2025-08-23T23:08:46.3451276Z       Successfully uninstalled celery-5.3.6
2025-08-23T23:08:46.6787138Z Successfully installed celery-5.4.0
2025-08-23T23:08:47.2034612Z Collecting python-telegram-bot==20.8 (from -r services/alert_bot/requirements.txt (line 1))
2025-08-23T23:08:47.2049603Z   Using cached python_telegram_bot-20.8-py3-none-any.whl.metadata (15 kB)
2025-08-23T23:08:47.2279938Z Collecting APScheduler==3.10.4 (from -r services/alert_bot/requirements.txt (line 2))
2025-08-23T23:08:47.2292035Z   Using cached APScheduler-3.10.4-py3-none-any.whl.metadata (5.7 kB)
2025-08-23T23:08:47.2337098Z Requirement already satisfied: asyncpg in /opt/hostedtoolcache/Python/3.12.11/x64/lib/python3.12/site-packages (from -r services/alert_bot/requirements.txt (line 3)) (0.29.0)
2025-08-23T23:08:47.2529329Z Collecting httpx~=0.26.0 (from python-telegram-bot==20.8->-r services/alert_bot/requirements.txt (line 1))
2025-08-23T23:08:47.2541880Z   Using cached httpx-0.26.0-py3-none-any.whl.metadata (7.6 kB)
2025-08-23T23:08:47.2584446Z Requirement already satisfied: six>=1.4.0 in /opt/hostedtoolcache/Python/3.12.11/x64/lib/python3.12/site-packages (from APScheduler==3.10.4->-r services/alert_bot/requirements.txt (line 2)) (1.17.0)
2025-08-23T23:08:47.2588527Z Requirement already satisfied: pytz in /opt/hostedtoolcache/Python/3.12.11/x64/lib/python3.12/site-packages (from APScheduler==3.10.4->-r services/alert_bot/requirements.txt (line 2)) (2025.2)
2025-08-23T23:08:47.2716981Z Collecting tzlocal!=3.*,>=2.0 (from APScheduler==3.10.4->-r services/alert_bot/requirements.txt (line 2))
2025-08-23T23:08:47.2729188Z   Using cached tzlocal-5.3.1-py3-none-any.whl.metadata (7.6 kB)
2025-08-23T23:08:47.2761942Z Requirement already satisfied: anyio in /opt/hostedtoolcache/Python/3.12.11/x64/lib/python3.12/site-packages (from httpx~=0.26.0->python-telegram-bot==20.8->-r services/alert_bot/requirements.txt (line 1)) (4.10.0)
2025-08-23T23:08:47.2766354Z Requirement already satisfied: certifi in /opt/hostedtoolcache/Python/3.12.11/x64/lib/python3.12/site-packages (from httpx~=0.26.0->python-telegram-bot==20.8->-r services/alert_bot/requirements.txt (line 1)) (2025.8.3)
2025-08-23T23:08:47.2771231Z Requirement already satisfied: httpcore==1.* in /opt/hostedtoolcache/Python/3.12.11/x64/lib/python3.12/site-packages (from httpx~=0.26.0->python-telegram-bot==20.8->-r services/alert_bot/requirements.txt (line 1)) (1.0.9)
2025-08-23T23:08:47.2775056Z Requirement already satisfied: idna in /opt/hostedtoolcache/Python/3.12.11/x64/lib/python3.12/site-packages (from httpx~=0.26.0->python-telegram-bot==20.8->-r services/alert_bot/requirements.txt (line 1)) (3.10)
2025-08-23T23:08:47.2778567Z Requirement already satisfied: sniffio in /opt/hostedtoolcache/Python/3.12.11/x64/lib/python3.12/site-packages (from httpx~=0.26.0->python-telegram-bot==20.8->-r services/alert_bot/requirements.txt (line 1)) (1.3.1)
2025-08-23T23:08:47.2793691Z Requirement already satisfied: h11>=0.16 in /opt/hostedtoolcache/Python/3.12.11/x64/lib/python3.12/site-packages (from httpcore==1.*->httpx~=0.26.0->python-telegram-bot==20.8->-r services/alert_bot/requirements.txt (line 1)) (0.16.0)
2025-08-23T23:08:47.2844483Z Requirement already satisfied: typing_extensions>=4.5 in /opt/hostedtoolcache/Python/3.12.11/x64/lib/python3.12/site-packages (from anyio->httpx~=0.26.0->python-telegram-bot==20.8->-r services/alert_bot/requirements.txt (line 1)) (4.14.1)
2025-08-23T23:08:47.2897447Z Using cached python_telegram_bot-20.8-py3-none-any.whl (604 kB)
2025-08-23T23:08:47.2914743Z Using cached APScheduler-3.10.4-py3-none-any.whl (59 kB)
2025-08-23T23:08:47.2925887Z Using cached httpx-0.26.0-py3-none-any.whl (75 kB)
2025-08-23T23:08:47.2937409Z Using cached tzlocal-5.3.1-py3-none-any.whl (18 kB)
2025-08-23T23:08:47.4480522Z Installing collected packages: tzlocal, httpx, APScheduler, python-telegram-bot
2025-08-23T23:08:47.4615186Z   Attempting uninstall: httpx
2025-08-23T23:08:47.4648879Z     Found existing installation: httpx 0.27.2
2025-08-23T23:08:47.4689283Z     Uninstalling httpx-0.27.2:
2025-08-23T23:08:47.4703658Z       Successfully uninstalled httpx-0.27.2
2025-08-23T23:08:47.9060685Z 
2025-08-23T23:08:47.9146123Z Successfully installed APScheduler-3.10.4 httpx-0.26.0 python-telegram-bot-20.8 tzlocal-5.3.1
2025-08-23T23:08:48.4473694Z Collecting Jinja2==3.1.6 (from -r requirements-dev.txt (line 2))
2025-08-23T23:08:48.4489357Z   Using cached jinja2-3.1.6-py3-none-any.whl.metadata (2.9 kB)
2025-08-23T23:08:48.4718780Z Collecting alembic==1.16.4 (from -r requirements-dev.txt (line 3))
2025-08-23T23:08:48.4732034Z   Using cached alembic-1.16.4-py3-none-any.whl.metadata (7.3 kB)
2025-08-23T23:08:48.4756258Z Requirement already satisfied: apscheduler==3.10.4 in /opt/hostedtoolcache/Python/3.12.11/x64/lib/python3.12/site-packages (from -r requirements-dev.txt (line 4)) (3.10.4)
2025-08-23T23:08:48.4761037Z Requirement already satisfied: asgi-correlation-id==4.3.1 in /opt/hostedtoolcache/Python/3.12.11/x64/lib/python3.12/site-packages (from -r requirements-dev.txt (line 5)) (4.3.1)
2025-08-23T23:08:48.5156836Z Collecting asyncpg==0.30.0 (from -r requirements-dev.txt (line 6))
2025-08-23T23:08:48.5170889Z   Using cached asyncpg-0.30.0-cp312-cp312-manylinux_2_17_x86_64.manylinux2014_x86_64.whl.metadata (5.0 kB)
2025-08-23T23:08:48.5604208Z Collecting black==25.1.0 (from -r requirements-dev.txt (line 7))
2025-08-23T23:08:48.5618634Z   Using cached black-25.1.0-cp312-cp312-manylinux_2_17_x86_64.manylinux2014_x86_64.manylinux_2_28_x86_64.whl.metadata (81 kB)
2025-08-23T23:08:48.5708521Z Requirement already satisfied: boto3 in /opt/hostedtoolcache/Python/3.12.11/x64/lib/python3.12/site-packages (from -r requirements-dev.txt (line 8)) (1.34.162)
2025-08-23T23:08:48.6124337Z Collecting redis==6.* (from -r requirements-dev.txt (line 9))
2025-08-23T23:08:48.6138790Z   Using cached redis-6.4.0-py3-none-any.whl.metadata (10 kB)
2025-08-23T23:08:48.6172889Z Requirement already satisfied: minio==7.* in /opt/hostedtoolcache/Python/3.12.11/x64/lib/python3.12/site-packages (from -r requirements-dev.txt (line 10)) (7.1.15)
2025-08-23T23:08:48.6916610Z Collecting vulture==2.10 (from -r requirements-dev.txt (line 11))
2025-08-23T23:08:48.6928947Z   Using cached vulture-2.10-py2.py3-none-any.whl.metadata (23 kB)
2025-08-23T23:08:48.7236939Z Collecting celery==5.5.3 (from -r requirements-dev.txt (line 12))
2025-08-23T23:08:48.7248816Z   Using cached celery-5.5.3-py3-none-any.whl.metadata (22 kB)
2025-08-23T23:08:48.7862663Z Collecting fastapi==0.116.1 (from -r requirements-dev.txt (line 13))
2025-08-23T23:08:48.7876282Z   Using cached fastapi-0.116.1-py3-none-any.whl.metadata (28 kB)
2025-08-23T23:08:48.7948145Z Requirement already satisfied: fastapi-limiter==0.1.6 in /opt/hostedtoolcache/Python/3.12.11/x64/lib/python3.12/site-packages (from -r requirements-dev.txt (line 15)) (0.1.6)
2025-08-23T23:08:48.8119132Z Collecting httpx<0.29,>=0.27 (from -r requirements-dev.txt (line 16))
2025-08-23T23:08:48.8132432Z   Using cached httpx-0.28.1-py3-none-any.whl.metadata (7.1 kB)
2025-08-23T23:08:48.8167516Z Requirement already satisfied: imapclient==3.0.1 in /opt/hostedtoolcache/Python/3.12.11/x64/lib/python3.12/site-packages (from -r requirements-dev.txt (line 17)) (3.0.1)
2025-08-23T23:08:48.8266437Z Collecting itsdangerous (from -r requirements-dev.txt (line 18))
2025-08-23T23:08:48.8278962Z   Using cached itsdangerous-2.2.0-py3-none-any.whl.metadata (1.9 kB)
2025-08-23T23:08:48.9272621Z Collecting mypy==1.* (from -r requirements-dev.txt (line 19))
2025-08-23T23:08:48.9286776Z   Using cached mypy-1.17.1-cp312-cp312-manylinux2014_x86_64.manylinux_2_17_x86_64.manylinux_2_28_x86_64.whl.metadata (2.2 kB)
2025-08-23T23:08:48.9316821Z Requirement already satisfied: mypy-extensions==1.1.0 in /opt/hostedtoolcache/Python/3.12.11/x64/lib/python3.12/site-packages (from -r requirements-dev.txt (line 20)) (1.1.0)
2025-08-23T23:08:48.9321440Z Requirement already satisfied: numpy<2 in /opt/hostedtoolcache/Python/3.12.11/x64/lib/python3.12/site-packages (from -r requirements-dev.txt (line 21)) (1.26.4)
2025-08-23T23:08:48.9326042Z Requirement already satisfied: openpyxl==3.1.5 in /opt/hostedtoolcache/Python/3.12.11/x64/lib/python3.12/site-packages (from -r requirements-dev.txt (line 22)) (3.1.5)
2025-08-23T23:08:48.9329993Z Requirement already satisfied: pandas==2.2.* in /opt/hostedtoolcache/Python/3.12.11/x64/lib/python3.12/site-packages (from -r requirements-dev.txt (line 23)) (2.2.3)
2025-08-23T23:08:48.9334345Z Requirement already satisfied: psycopg2-binary==2.9.10 in /opt/hostedtoolcache/Python/3.12.11/x64/lib/python3.12/site-packages (from -r requirements-dev.txt (line 24)) (2.9.10)
2025-08-23T23:08:48.9339301Z Requirement already satisfied: psycopg==3.2.9 in /opt/hostedtoolcache/Python/3.12.11/x64/lib/python3.12/site-packages (from psycopg[binary]==3.2.9->-r requirements-dev.txt (line 25)) (3.2.9)
2025-08-23T23:08:48.9343214Z Requirement already satisfied: pydantic==2.11.7 in /opt/hostedtoolcache/Python/3.12.11/x64/lib/python3.12/site-packages (from -r requirements-dev.txt (line 26)) (2.11.7)
2025-08-23T23:08:49.0655474Z Collecting setuptools (from -r requirements-dev.txt (line 27))
2025-08-23T23:08:49.0668367Z   Using cached setuptools-80.9.0-py3-none-any.whl.metadata (6.6 kB)
2025-08-23T23:08:49.2493668Z Collecting pytest-asyncio==1.1.0 (from -r requirements-dev.txt (line 28))
2025-08-23T23:08:49.2507872Z   Using cached pytest_asyncio-1.1.0-py3-none-any.whl.metadata (4.1 kB)
2025-08-23T23:08:49.5825615Z Collecting pytest-cov==6.2.1 (from -r requirements-dev.txt (line 29))
2025-08-23T23:08:49.5839318Z   Using cached pytest_cov-6.2.1-py3-none-any.whl.metadata (30 kB)
2025-08-23T23:08:49.6967800Z Collecting pytest-postgresql==7.0.2 (from -r requirements-dev.txt (line 30))
2025-08-23T23:08:49.6979453Z   Using cached pytest_postgresql-7.0.2-py3-none-any.whl.metadata (18 kB)
2025-08-23T23:08:49.7010204Z Requirement already satisfied: python-dotenv in /opt/hostedtoolcache/Python/3.12.11/x64/lib/python3.12/site-packages (from -r requirements-dev.txt (line 31)) (1.1.1)
2025-08-23T23:08:49.7014064Z Requirement already satisfied: python-multipart in /opt/hostedtoolcache/Python/3.12.11/x64/lib/python3.12/site-packages (from -r requirements-dev.txt (line 32)) (0.0.20)
2025-08-23T23:08:49.7293222Z Collecting python-telegram-bot==22.3 (from -r requirements-dev.txt (line 33))
2025-08-23T23:08:49.7304952Z   Using cached python_telegram_bot-22.3-py3-none-any.whl.metadata (17 kB)
2025-08-23T23:08:49.7580134Z Collecting requests==2.32.4 (from -r requirements-dev.txt (line 34))
2025-08-23T23:08:49.7592432Z   Using cached requests-2.32.4-py3-none-any.whl.metadata (4.9 kB)
2025-08-23T23:08:49.8552135Z Collecting respx==0.22.0 (from -r requirements-dev.txt (line 35))
2025-08-23T23:08:49.8563767Z   Using cached respx-0.22.0-py2.py3-none-any.whl.metadata (4.1 kB)
2025-08-23T23:08:50.2294522Z Collecting ruff==0.9.9 (from -r requirements-dev.txt (line 36))
2025-08-23T23:08:50.2308726Z   Using cached ruff-0.9.9-py3-none-manylinux_2_17_x86_64.manylinux2014_x86_64.whl.metadata (25 kB)
2025-08-23T23:08:50.4872002Z Collecting sqlalchemy==2.0.43 (from -r requirements-dev.txt (line 37))
2025-08-23T23:08:50.4887895Z   Using cached sqlalchemy-2.0.43-cp312-cp312-manylinux_2_17_x86_64.manylinux2014_x86_64.whl.metadata (9.6 kB)
2025-08-23T23:08:50.4987412Z Requirement already satisfied: structlog==24.1.0 in /opt/hostedtoolcache/Python/3.12.11/x64/lib/python3.12/site-packages (from -r requirements-dev.txt (line 38)) (24.1.0)
2025-08-23T23:08:50.5163932Z Collecting testcontainers==4.12.0 (from testcontainers[postgres]==4.12.0->-r requirements-dev.txt (line 39))
2025-08-23T23:08:50.5176277Z   Using cached testcontainers-4.12.0-py3-none-any.whl.metadata (8.3 kB)
2025-08-23T23:08:50.5549648Z Collecting types-requests==2.32.4.20250809 (from -r requirements-dev.txt (line 40))
2025-08-23T23:08:50.5562839Z   Using cached types_requests-2.32.4.20250809-py3-none-any.whl.metadata (2.0 kB)
2025-08-23T23:08:50.5684010Z Collecting docspec-python==2.2.2 (from -r requirements-dev.txt (line 41))
2025-08-23T23:08:50.5695917Z   Using cached docspec_python-2.2.2-py3-none-any.whl.metadata (1.0 kB)
2025-08-23T23:08:50.6469539Z Collecting pydoc-markdown==4.8.2 (from -r requirements-dev.txt (line 42))
2025-08-23T23:08:50.6482412Z   Using cached pydoc_markdown-4.8.2-py3-none-any.whl.metadata (5.9 kB)
2025-08-23T23:08:50.6516569Z Requirement already satisfied: pandera==0.19.* in /opt/hostedtoolcache/Python/3.12.11/x64/lib/python3.12/site-packages (from -r requirements-dev.txt (line 43)) (0.19.3)
2025-08-23T23:08:50.6535208Z Requirement already satisfied: MarkupSafe>=2.0 in /opt/hostedtoolcache/Python/3.12.11/x64/lib/python3.12/site-packages (from Jinja2==3.1.6->-r requirements-dev.txt (line 2)) (3.0.2)
2025-08-23T23:08:50.6642772Z Requirement already satisfied: Mako in /opt/hostedtoolcache/Python/3.12.11/x64/lib/python3.12/site-packages (from alembic==1.16.4->-r requirements-dev.txt (line 3)) (1.3.10)
2025-08-23T23:08:50.6647546Z Requirement already satisfied: typing-extensions>=4.12 in /opt/hostedtoolcache/Python/3.12.11/x64/lib/python3.12/site-packages (from alembic==1.16.4->-r requirements-dev.txt (line 3)) (4.14.1)
2025-08-23T23:08:50.6663333Z Requirement already satisfied: six>=1.4.0 in /opt/hostedtoolcache/Python/3.12.11/x64/lib/python3.12/site-packages (from apscheduler==3.10.4->-r requirements-dev.txt (line 4)) (1.17.0)
2025-08-23T23:08:50.6668526Z Requirement already satisfied: pytz in /opt/hostedtoolcache/Python/3.12.11/x64/lib/python3.12/site-packages (from apscheduler==3.10.4->-r requirements-dev.txt (line 4)) (2025.2)
2025-08-23T23:08:50.6676123Z Requirement already satisfied: tzlocal!=3.*,>=2.0 in /opt/hostedtoolcache/Python/3.12.11/x64/lib/python3.12/site-packages (from apscheduler==3.10.4->-r requirements-dev.txt (line 4)) (5.3.1)
2025-08-23T23:08:50.6710171Z Requirement already satisfied: starlette>=0.18 in /opt/hostedtoolcache/Python/3.12.11/x64/lib/python3.12/site-packages (from asgi-correlation-id==4.3.1->-r requirements-dev.txt (line 5)) (0.37.2)
2025-08-23T23:08:50.6732189Z Requirement already satisfied: click>=8.0.0 in /opt/hostedtoolcache/Python/3.12.11/x64/lib/python3.12/site-packages (from black==25.1.0->-r requirements-dev.txt (line 7)) (8.2.1)
2025-08-23T23:08:50.6738135Z Requirement already satisfied: packaging>=22.0 in /opt/hostedtoolcache/Python/3.12.11/x64/lib/python3.12/site-packages (from black==25.1.0->-r requirements-dev.txt (line 7)) (25.0)
2025-08-23T23:08:50.6880433Z Collecting pathspec>=0.9.0 (from black==25.1.0->-r requirements-dev.txt (line 7))
2025-08-23T23:08:50.6894649Z   Using cached pathspec-0.12.1-py3-none-any.whl.metadata (21 kB)
2025-08-23T23:08:50.7076434Z Collecting platformdirs>=2 (from black==25.1.0->-r requirements-dev.txt (line 7))
2025-08-23T23:08:50.7089077Z   Using cached platformdirs-4.3.8-py3-none-any.whl.metadata (12 kB)
2025-08-23T23:08:50.7207381Z Collecting toml (from vulture==2.10->-r requirements-dev.txt (line 11))
2025-08-23T23:08:50.7219511Z   Using cached toml-0.10.2-py2.py3-none-any.whl.metadata (7.1 kB)
2025-08-23T23:08:50.7250120Z Requirement already satisfied: billiard<5.0,>=4.2.1 in /opt/hostedtoolcache/Python/3.12.11/x64/lib/python3.12/site-packages (from celery==5.5.3->-r requirements-dev.txt (line 12)) (4.2.1)
2025-08-23T23:08:50.7255497Z Requirement already satisfied: kombu<5.6,>=5.5.2 in /opt/hostedtoolcache/Python/3.12.11/x64/lib/python3.12/site-packages (from celery==5.5.3->-r requirements-dev.txt (line 12)) (5.5.4)
2025-08-23T23:08:50.7260502Z Requirement already satisfied: vine<6.0,>=5.1.0 in /opt/hostedtoolcache/Python/3.12.11/x64/lib/python3.12/site-packages (from celery==5.5.3->-r requirements-dev.txt (line 12)) (5.1.0)
2025-08-23T23:08:50.7267028Z Requirement already satisfied: click-didyoumean>=0.3.0 in /opt/hostedtoolcache/Python/3.12.11/x64/lib/python3.12/site-packages (from celery==5.5.3->-r requirements-dev.txt (line 12)) (0.3.1)
2025-08-23T23:08:50.7272027Z Requirement already satisfied: click-repl>=0.2.0 in /opt/hostedtoolcache/Python/3.12.11/x64/lib/python3.12/site-packages (from celery==5.5.3->-r requirements-dev.txt (line 12)) (0.3.0)
2025-08-23T23:08:50.7277266Z Requirement already satisfied: click-plugins>=1.1.1 in /opt/hostedtoolcache/Python/3.12.11/x64/lib/python3.12/site-packages (from celery==5.5.3->-r requirements-dev.txt (line 12)) (1.1.1.2)
2025-08-23T23:08:50.7282760Z Requirement already satisfied: python-dateutil>=2.8.2 in /opt/hostedtoolcache/Python/3.12.11/x64/lib/python3.12/site-packages (from celery==5.5.3->-r requirements-dev.txt (line 12)) (2.9.0.post0)
2025-08-23T23:08:50.7572796Z Collecting starlette>=0.18 (from asgi-correlation-id==4.3.1->-r requirements-dev.txt (line 5))
2025-08-23T23:08:50.7585190Z   Using cached starlette-0.47.2-py3-none-any.whl.metadata (6.2 kB)
2025-08-23T23:08:50.7634637Z Requirement already satisfied: annotated-types>=0.6.0 in /opt/hostedtoolcache/Python/3.12.11/x64/lib/python3.12/site-packages (from pydantic==2.11.7->-r requirements-dev.txt (line 26)) (0.7.0)
2025-08-23T23:08:50.7640079Z Requirement already satisfied: pydantic-core==2.33.2 in /opt/hostedtoolcache/Python/3.12.11/x64/lib/python3.12/site-packages (from pydantic==2.11.7->-r requirements-dev.txt (line 26)) (2.33.2)
2025-08-23T23:08:50.7647330Z Requirement already satisfied: typing-inspection>=0.4.0 in /opt/hostedtoolcache/Python/3.12.11/x64/lib/python3.12/site-packages (from pydantic==2.11.7->-r requirements-dev.txt (line 26)) (0.4.1)
2025-08-23T23:08:50.7807461Z Requirement already satisfied: et-xmlfile in /opt/hostedtoolcache/Python/3.12.11/x64/lib/python3.12/site-packages (from openpyxl==3.1.5->-r requirements-dev.txt (line 22)) (2.0.0)
2025-08-23T23:08:50.8214906Z Collecting pytest<9,>=8.2 (from pytest-asyncio==1.1.0->-r requirements-dev.txt (line 28))
2025-08-23T23:08:50.8227403Z   Using cached pytest-8.4.1-py3-none-any.whl.metadata (7.7 kB)
2025-08-23T23:08:51.2037530Z Collecting coverage>=7.5 (from coverage[toml]>=7.5->pytest-cov==6.2.1->-r requirements-dev.txt (line 29))
2025-08-23T23:08:51.2051516Z   Using cached coverage-7.10.5-cp312-cp312-manylinux1_x86_64.manylinux_2_28_x86_64.manylinux_2_5_x86_64.whl.metadata (8.9 kB)
2025-08-23T23:08:51.2172218Z Collecting pluggy>=1.2 (from pytest-cov==6.2.1->-r requirements-dev.txt (line 29))
2025-08-23T23:08:51.2184461Z   Using cached pluggy-1.6.0-py3-none-any.whl.metadata (4.8 kB)
2025-08-23T23:08:51.3152216Z Collecting port-for>=0.7.3 (from pytest-postgresql==7.0.2->-r requirements-dev.txt (line 30))
2025-08-23T23:08:51.3165112Z   Using cached port_for-0.7.4-py3-none-any.whl.metadata (7.1 kB)
2025-08-23T23:08:51.4030115Z Collecting mirakuru>=2.6.0 (from pytest-postgresql==7.0.2->-r requirements-dev.txt (line 30))
2025-08-23T23:08:51.4042826Z   Using cached mirakuru-2.6.1-py3-none-any.whl.metadata (10 kB)
2025-08-23T23:08:51.4100049Z Requirement already satisfied: charset_normalizer<4,>=2 in /opt/hostedtoolcache/Python/3.12.11/x64/lib/python3.12/site-packages (from requests==2.32.4->-r requirements-dev.txt (line 34)) (3.4.3)
2025-08-23T23:08:51.4105067Z Requirement already satisfied: idna<4,>=2.5 in /opt/hostedtoolcache/Python/3.12.11/x64/lib/python3.12/site-packages (from requests==2.32.4->-r requirements-dev.txt (line 34)) (3.10)
2025-08-23T23:08:51.4109757Z Requirement already satisfied: urllib3<3,>=1.21.1 in /opt/hostedtoolcache/Python/3.12.11/x64/lib/python3.12/site-packages (from requests==2.32.4->-r requirements-dev.txt (line 34)) (2.5.0)
2025-08-23T23:08:51.4113182Z Requirement already satisfied: certifi>=2017.4.17 in /opt/hostedtoolcache/Python/3.12.11/x64/lib/python3.12/site-packages (from requests==2.32.4->-r requirements-dev.txt (line 34)) (2025.8.3)
2025-08-23T23:08:51.4198807Z Requirement already satisfied: greenlet>=1 in /opt/hostedtoolcache/Python/3.12.11/x64/lib/python3.12/site-packages (from sqlalchemy==2.0.43->-r requirements-dev.txt (line 37)) (3.2.4)
2025-08-23T23:08:51.4428470Z Collecting docker (from testcontainers==4.12.0->testcontainers[postgres]==4.12.0->-r requirements-dev.txt (line 39))
2025-08-23T23:08:51.4440932Z   Using cached docker-7.1.0-py3-none-any.whl.metadata (3.8 kB)
2025-08-23T23:08:51.4486155Z Requirement already satisfied: wrapt in /opt/hostedtoolcache/Python/3.12.11/x64/lib/python3.12/site-packages (from testcontainers==4.12.0->testcontainers[postgres]==4.12.0->-r requirements-dev.txt (line 39)) (1.17.3)
2025-08-23T23:08:51.5255308Z Collecting docspec==2.2.1 (from docspec-python==2.2.2->-r requirements-dev.txt (line 41))
2025-08-23T23:08:51.5276170Z   Using cached docspec-2.2.1-py3-none-any.whl.metadata (1.5 kB)
2025-08-23T23:08:51.6138265Z Collecting nr-util>=0.8.12 (from docspec-python==2.2.2->-r requirements-dev.txt (line 41))
2025-08-23T23:08:51.6151521Z   Using cached nr.util-0.8.12-py3-none-any.whl.metadata (813 bytes)
2025-08-23T23:08:51.6187078Z Requirement already satisfied: PyYAML<7.0,>=5.0 in /opt/hostedtoolcache/Python/3.12.11/x64/lib/python3.12/site-packages (from pydoc-markdown==4.8.2->-r requirements-dev.txt (line 42)) (6.0.2)
2025-08-23T23:08:51.7014394Z Collecting databind.core<5.0.0,>=4.4.0 (from pydoc-markdown==4.8.2->-r requirements-dev.txt (line 42))
2025-08-23T23:08:51.7027533Z   Using cached databind.core-4.5.2-py3-none-any.whl.metadata (1.1 kB)
2025-08-23T23:08:51.7951566Z Collecting databind.json<5.0.0,>=4.4.0 (from pydoc-markdown==4.8.2->-r requirements-dev.txt (line 42))
2025-08-23T23:08:51.7965632Z   Using cached databind.json-4.5.2-py3-none-any.whl.metadata (1.1 kB)
2025-08-23T23:08:51.8146190Z Collecting docstring-parser<0.12,>=0.11 (from pydoc-markdown==4.8.2->-r requirements-dev.txt (line 42))
2025-08-23T23:08:51.8147108Z   Using cached docstring_parser-0.11-py3-none-any.whl
2025-08-23T23:08:51.8448275Z Collecting tomli<3.0.0,>=2.0.0 (from pydoc-markdown==4.8.2->-r requirements-dev.txt (line 42))
2025-08-23T23:08:51.8460814Z   Using cached tomli-2.2.1-cp312-cp312-manylinux_2_17_x86_64.manylinux2014_x86_64.whl.metadata (11 kB)
2025-08-23T23:08:51.8566790Z Collecting tomli_w<2.0.0,>=1.0.0 (from pydoc-markdown==4.8.2->-r requirements-dev.txt (line 42))
2025-08-23T23:08:51.8578209Z   Using cached tomli_w-1.2.0-py3-none-any.whl.metadata (5.7 kB)
2025-08-23T23:08:51.9046473Z Collecting watchdog (from pydoc-markdown==4.8.2->-r requirements-dev.txt (line 42))
2025-08-23T23:08:51.9059473Z   Using cached watchdog-6.0.0-py3-none-manylinux2014_x86_64.whl.metadata (44 kB)
2025-08-23T23:08:51.9262647Z Collecting yapf>=0.30.0 (from pydoc-markdown==4.8.2->-r requirements-dev.txt (line 42))
2025-08-23T23:08:51.9274341Z   Using cached yapf-0.43.0-py3-none-any.whl.metadata (46 kB)
2025-08-23T23:08:51.9464464Z Collecting Deprecated<2.0.0,>=1.2.12 (from docspec==2.2.1->docspec-python==2.2.2->-r requirements-dev.txt (line 41))
2025-08-23T23:08:51.9476081Z   Using cached Deprecated-1.2.18-py2.py3-none-any.whl.metadata (5.7 kB)
2025-08-23T23:08:51.9615855Z Requirement already satisfied: psycopg-binary==3.2.9 in /opt/hostedtoolcache/Python/3.12.11/x64/lib/python3.12/site-packages (from psycopg[binary]==3.2.9->-r requirements-dev.txt (line 25)) (3.2.9)
2025-08-23T23:08:51.9717062Z Requirement already satisfied: anyio in /opt/hostedtoolcache/Python/3.12.11/x64/lib/python3.12/site-packages (from httpx<0.29,>=0.27->-r requirements-dev.txt (line 16)) (4.10.0)
2025-08-23T23:08:51.9722628Z Requirement already satisfied: httpcore==1.* in /opt/hostedtoolcache/Python/3.12.11/x64/lib/python3.12/site-packages (from httpx<0.29,>=0.27->-r requirements-dev.txt (line 16)) (1.0.9)
2025-08-23T23:08:51.9841628Z Requirement already satisfied: tzdata>=2022.7 in /opt/hostedtoolcache/Python/3.12.11/x64/lib/python3.12/site-packages (from pandas==2.2.*->-r requirements-dev.txt (line 23)) (2025.2)
2025-08-23T23:08:51.9956340Z Requirement already satisfied: multimethod<=1.10.0 in /opt/hostedtoolcache/Python/3.12.11/x64/lib/python3.12/site-packages (from pandera==0.19.*->-r requirements-dev.txt (line 43)) (1.10)
2025-08-23T23:08:51.9972541Z Requirement already satisfied: typeguard in /opt/hostedtoolcache/Python/3.12.11/x64/lib/python3.12/site-packages (from pandera==0.19.*->-r requirements-dev.txt (line 43)) (4.4.4)
2025-08-23T23:08:51.9979477Z Requirement already satisfied: typing-inspect>=0.6.0 in /opt/hostedtoolcache/Python/3.12.11/x64/lib/python3.12/site-packages (from pandera==0.19.*->-r requirements-dev.txt (line 43)) (0.9.0)
2025-08-23T23:08:52.0927475Z Collecting databind<5.0.0,>=4.5.2 (from databind.core<5.0.0,>=4.4.0->pydoc-markdown==4.8.2->-r requirements-dev.txt (line 42))
2025-08-23T23:08:52.0939547Z   Using cached databind-4.5.2-py3-none-any.whl.metadata (4.3 kB)
2025-08-23T23:08:52.1682490Z Collecting nr-date<3.0.0,>=2.0.0 (from databind<5.0.0,>=4.5.2->databind.core<5.0.0,>=4.4.0->pydoc-markdown==4.8.2->-r requirements-dev.txt (line 42))
2025-08-23T23:08:52.1695467Z   Using cached nr_date-2.1.0-py3-none-any.whl.metadata (746 bytes)
2025-08-23T23:08:52.2555081Z Collecting nr-stream<2.0.0,>=1.0.0 (from databind<5.0.0,>=4.5.2->databind.core<5.0.0,>=4.4.0->pydoc-markdown==4.8.2->-r requirements-dev.txt (line 42))
2025-08-23T23:08:52.2567680Z   Using cached nr_stream-1.1.5-py3-none-any.whl.metadata (3.6 kB)
2025-08-23T23:08:52.3408039Z Collecting typeapi<3,>=2.0.1 (from databind<5.0.0,>=4.5.2->databind.core<5.0.0,>=4.4.0->pydoc-markdown==4.8.2->-r requirements-dev.txt (line 42))
2025-08-23T23:08:52.3420678Z   Using cached typeapi-2.2.4-py3-none-any.whl.metadata (1.5 kB)
2025-08-23T23:08:52.3526903Z Requirement already satisfied: h11>=0.16 in /opt/hostedtoolcache/Python/3.12.11/x64/lib/python3.12/site-packages (from httpcore==1.*->httpx<0.29,>=0.27->-r requirements-dev.txt (line 16)) (0.16.0)
2025-08-23T23:08:52.3569704Z Requirement already satisfied: amqp<6.0.0,>=5.1.1 in /opt/hostedtoolcache/Python/3.12.11/x64/lib/python3.12/site-packages (from kombu<5.6,>=5.5.2->celery==5.5.3->-r requirements-dev.txt (line 12)) (5.3.1)
2025-08-23T23:08:52.3836508Z Collecting iniconfig>=1 (from pytest<9,>=8.2->pytest-asyncio==1.1.0->-r requirements-dev.txt (line 28))
2025-08-23T23:08:52.3848446Z   Using cached iniconfig-2.1.0-py3-none-any.whl.metadata (2.7 kB)
2025-08-23T23:08:52.3893279Z Requirement already satisfied: pygments>=2.7.2 in /opt/hostedtoolcache/Python/3.12.11/x64/lib/python3.12/site-packages (from pytest<9,>=8.2->pytest-asyncio==1.1.0->-r requirements-dev.txt (line 28)) (2.19.2)
2025-08-23T23:08:52.3992608Z Requirement already satisfied: sniffio>=1.1 in /opt/hostedtoolcache/Python/3.12.11/x64/lib/python3.12/site-packages (from anyio->httpx<0.29,>=0.27->-r requirements-dev.txt (line 16)) (1.3.1)
2025-08-23T23:08:52.4145348Z Requirement already satisfied: botocore<1.35.0,>=1.34.162 in /opt/hostedtoolcache/Python/3.12.11/x64/lib/python3.12/site-packages (from boto3->-r requirements-dev.txt (line 8)) (1.34.162)
2025-08-23T23:08:52.4151886Z Requirement already satisfied: jmespath<2.0.0,>=0.7.1 in /opt/hostedtoolcache/Python/3.12.11/x64/lib/python3.12/site-packages (from boto3->-r requirements-dev.txt (line 8)) (1.0.1)
2025-08-23T23:08:52.4159068Z Requirement already satisfied: s3transfer<0.11.0,>=0.10.0 in /opt/hostedtoolcache/Python/3.12.11/x64/lib/python3.12/site-packages (from boto3->-r requirements-dev.txt (line 8)) (0.10.4)
2025-08-23T23:08:52.4281781Z Requirement already satisfied: fastapi-cli>=0.0.8 in /opt/hostedtoolcache/Python/3.12.11/x64/lib/python3.12/site-packages (from fastapi-cli[standard]>=0.0.8; extra == "all"->fastapi[all]->-r requirements-dev.txt (line 14)) (0.0.8)
2025-08-23T23:08:52.4392261Z Requirement already satisfied: ujson!=4.0.2,!=4.1.0,!=4.2.0,!=4.3.0,!=5.0.0,!=5.1.0,>=4.0.1 in /opt/hostedtoolcache/Python/3.12.11/x64/lib/python3.12/site-packages (from fastapi[all]->-r requirements-dev.txt (line 14)) (5.11.0)
2025-08-23T23:08:52.4399138Z Requirement already satisfied: orjson>=3.2.1 in /opt/hostedtoolcache/Python/3.12.11/x64/lib/python3.12/site-packages (from fastapi[all]->-r requirements-dev.txt (line 14)) (3.11.2)
2025-08-23T23:08:52.4405928Z Requirement already satisfied: email-validator>=2.0.0 in /opt/hostedtoolcache/Python/3.12.11/x64/lib/python3.12/site-packages (from fastapi[all]->-r requirements-dev.txt (line 14)) (2.2.0)
2025-08-23T23:08:52.4413228Z Requirement already satisfied: uvicorn>=0.12.0 in /opt/hostedtoolcache/Python/3.12.11/x64/lib/python3.12/site-packages (from uvicorn[standard]>=0.12.0; extra == "all"->fastapi[all]->-r requirements-dev.txt (line 14)) (0.29.0)
2025-08-23T23:08:52.4421311Z Requirement already satisfied: pydantic-settings>=2.0.0 in /opt/hostedtoolcache/Python/3.12.11/x64/lib/python3.12/site-packages (from fastapi[all]->-r requirements-dev.txt (line 14)) (2.2.1)
2025-08-23T23:08:52.4536929Z Collecting pydantic-extra-types>=2.0.0 (from fastapi[all]->-r requirements-dev.txt (line 14))
2025-08-23T23:08:52.4548849Z   Using cached pydantic_extra_types-2.10.5-py3-none-any.whl.metadata (3.9 kB)
2025-08-23T23:08:52.4800746Z Requirement already satisfied: prompt-toolkit>=3.0.36 in /opt/hostedtoolcache/Python/3.12.11/x64/lib/python3.12/site-packages (from click-repl>=0.2.0->celery==5.5.3->-r requirements-dev.txt (line 12)) (3.0.51)
2025-08-23T23:08:52.4874590Z Requirement already satisfied: dnspython>=2.0.0 in /opt/hostedtoolcache/Python/3.12.11/x64/lib/python3.12/site-packages (from email-validator>=2.0.0->fastapi[all]->-r requirements-dev.txt (line 14)) (2.7.0)
2025-08-23T23:08:52.4943147Z Requirement already satisfied: typer>=0.15.1 in /opt/hostedtoolcache/Python/3.12.11/x64/lib/python3.12/site-packages (from fastapi-cli>=0.0.8->fastapi-cli[standard]>=0.0.8; extra == "all"->fastapi[all]->-r requirements-dev.txt (line 14)) (0.16.1)
2025-08-23T23:08:52.4954821Z Requirement already satisfied: rich-toolkit>=0.14.8 in /opt/hostedtoolcache/Python/3.12.11/x64/lib/python3.12/site-packages (from fastapi-cli>=0.0.8->fastapi-cli[standard]>=0.0.8; extra == "all"->fastapi[all]->-r requirements-dev.txt (line 14)) (0.15.0)
2025-08-23T23:08:52.5072721Z Collecting fastapi-cloud-cli>=0.1.1 (from fastapi-cli[standard]>=0.0.8; extra == "all"->fastapi[all]->-r requirements-dev.txt (line 14))
2025-08-23T23:08:52.5084978Z   Using cached fastapi_cloud_cli-0.1.5-py3-none-any.whl.metadata (3.2 kB)
2025-08-23T23:08:52.5804838Z Collecting rignore>=0.5.1 (from fastapi-cloud-cli>=0.1.1->fastapi-cli[standard]>=0.0.8; extra == "all"->fastapi[all]->-r requirements-dev.txt (line 14))
2025-08-23T23:08:52.5818658Z   Using cached rignore-0.6.4-cp312-cp312-manylinux_2_17_x86_64.manylinux2014_x86_64.whl.metadata (3.8 kB)
2025-08-23T23:08:52.6333039Z Collecting sentry-sdk>=2.20.0 (from fastapi-cloud-cli>=0.1.1->fastapi-cli[standard]>=0.0.8; extra == "all"->fastapi[all]->-r requirements-dev.txt (line 14))
2025-08-23T23:08:52.6346547Z   Using cached sentry_sdk-2.35.0-py2.py3-none-any.whl.metadata (10 kB)
2025-08-23T23:08:52.7853136Z Collecting psutil>=4.0.0 (from mirakuru>=2.6.0->pytest-postgresql==7.0.2->-r requirements-dev.txt (line 30))
2025-08-23T23:08:52.7867430Z   Using cached psutil-7.0.0-cp36-abi3-manylinux_2_12_x86_64.manylinux2010_x86_64.manylinux_2_17_x86_64.manylinux2014_x86_64.whl.metadata (22 kB)
2025-08-23T23:08:52.8064503Z Requirement already satisfied: wcwidth in /opt/hostedtoolcache/Python/3.12.11/x64/lib/python3.12/site-packages (from prompt-toolkit>=3.0.36->click-repl>=0.2.0->celery==5.5.3->-r requirements-dev.txt (line 12)) (0.2.13)
2025-08-23T23:08:52.8273626Z Requirement already satisfied: rich>=13.7.1 in /opt/hostedtoolcache/Python/3.12.11/x64/lib/python3.12/site-packages (from rich-toolkit>=0.14.8->fastapi-cli>=0.0.8->fastapi-cli[standard]>=0.0.8; extra == "all"->fastapi[all]->-r requirements-dev.txt (line 14)) (14.1.0)
2025-08-23T23:08:52.8310662Z Requirement already satisfied: markdown-it-py>=2.2.0 in /opt/hostedtoolcache/Python/3.12.11/x64/lib/python3.12/site-packages (from rich>=13.7.1->rich-toolkit>=0.14.8->fastapi-cli>=0.0.8->fastapi-cli[standard]>=0.0.8; extra == "all"->fastapi[all]->-r requirements-dev.txt (line 14)) (4.0.0)
2025-08-23T23:08:52.8343004Z Requirement already satisfied: mdurl~=0.1 in /opt/hostedtoolcache/Python/3.12.11/x64/lib/python3.12/site-packages (from markdown-it-py>=2.2.0->rich>=13.7.1->rich-toolkit>=0.14.8->fastapi-cli>=0.0.8->fastapi-cli[standard]>=0.0.8; extra == "all"->fastapi[all]->-r requirements-dev.txt (line 14)) (0.1.2)
2025-08-23T23:08:52.8538143Z Requirement already satisfied: shellingham>=1.3.0 in /opt/hostedtoolcache/Python/3.12.11/x64/lib/python3.12/site-packages (from typer>=0.15.1->fastapi-cli>=0.0.8->fastapi-cli[standard]>=0.0.8; extra == "all"->fastapi[all]->-r requirements-dev.txt (line 14)) (1.5.4)
2025-08-23T23:08:52.8780279Z Requirement already satisfied: httptools>=0.5.0 in /opt/hostedtoolcache/Python/3.12.11/x64/lib/python3.12/site-packages (from uvicorn[standard]>=0.12.0; extra == "all"->fastapi[all]->-r requirements-dev.txt (line 14)) (0.6.4)
2025-08-23T23:08:52.8797972Z Requirement already satisfied: uvloop!=0.15.0,!=0.15.1,>=0.14.0 in /opt/hostedtoolcache/Python/3.12.11/x64/lib/python3.12/site-packages (from uvicorn[standard]>=0.12.0; extra == "all"->fastapi[all]->-r requirements-dev.txt (line 14)) (0.21.0)
2025-08-23T23:08:52.8806261Z Requirement already satisfied: watchfiles>=0.13 in /opt/hostedtoolcache/Python/3.12.11/x64/lib/python3.12/site-packages (from uvicorn[standard]>=0.12.0; extra == "all"->fastapi[all]->-r requirements-dev.txt (line 14)) (1.1.0)
2025-08-23T23:08:52.8814886Z Requirement already satisfied: websockets>=10.4 in /opt/hostedtoolcache/Python/3.12.11/x64/lib/python3.12/site-packages (from uvicorn[standard]>=0.12.0; extra == "all"->fastapi[all]->-r requirements-dev.txt (line 14)) (15.0.1)
2025-08-23T23:08:52.9371551Z Using cached jinja2-3.1.6-py3-none-any.whl (134 kB)
2025-08-23T23:08:52.9385072Z Using cached alembic-1.16.4-py3-none-any.whl (247 kB)
2025-08-23T23:08:52.9399206Z Using cached asyncpg-0.30.0-cp312-cp312-manylinux_2_17_x86_64.manylinux2014_x86_64.whl (3.6 MB)
2025-08-23T23:08:52.9438395Z Using cached black-25.1.0-cp312-cp312-manylinux_2_17_x86_64.manylinux2014_x86_64.manylinux_2_28_x86_64.whl (1.8 MB)
2025-08-23T23:08:52.9464050Z Using cached vulture-2.10-py2.py3-none-any.whl (27 kB)
2025-08-23T23:08:52.9475118Z Using cached celery-5.5.3-py3-none-any.whl (438 kB)
2025-08-23T23:08:52.9489739Z Using cached fastapi-0.116.1-py3-none-any.whl (95 kB)
2025-08-23T23:08:52.9501824Z Using cached pytest_asyncio-1.1.0-py3-none-any.whl (15 kB)
2025-08-23T23:08:52.9513134Z Using cached pytest_cov-6.2.1-py3-none-any.whl (24 kB)
2025-08-23T23:08:52.9524574Z Using cached pytest_postgresql-7.0.2-py3-none-any.whl (41 kB)
2025-08-23T23:08:52.9536204Z Using cached python_telegram_bot-22.3-py3-none-any.whl (717 kB)
2025-08-23T23:08:52.9552805Z Using cached requests-2.32.4-py3-none-any.whl (64 kB)
2025-08-23T23:08:52.9564185Z Using cached respx-0.22.0-py2.py3-none-any.whl (25 kB)
2025-08-23T23:08:52.9576176Z Using cached ruff-0.9.9-py3-none-manylinux_2_17_x86_64.manylinux2014_x86_64.whl (11.2 MB)
2025-08-23T23:08:52.9670315Z Using cached sqlalchemy-2.0.43-cp312-cp312-manylinux_2_17_x86_64.manylinux2014_x86_64.whl (3.3 MB)
2025-08-23T23:08:52.9706085Z Using cached testcontainers-4.12.0-py3-none-any.whl (111 kB)
2025-08-23T23:08:52.9718570Z Using cached types_requests-2.32.4.20250809-py3-none-any.whl (20 kB)
2025-08-23T23:08:52.9730087Z Using cached docspec_python-2.2.2-py3-none-any.whl (15 kB)
2025-08-23T23:08:52.9741259Z Using cached pydoc_markdown-4.8.2-py3-none-any.whl (67 kB)
2025-08-23T23:08:52.9752698Z Using cached docspec-2.2.1-py3-none-any.whl (9.8 kB)
2025-08-23T23:08:52.9763998Z Using cached redis-6.4.0-py3-none-any.whl (279 kB)
2025-08-23T23:08:52.9777448Z Using cached httpx-0.28.1-py3-none-any.whl (73 kB)
2025-08-23T23:08:52.9789610Z Using cached mypy-1.17.1-cp312-cp312-manylinux2014_x86_64.manylinux_2_17_x86_64.manylinux_2_28_x86_64.whl (12.7 MB)
2025-08-23T23:08:52.9894135Z Using cached databind.core-4.5.2-py3-none-any.whl (1.5 kB)
2025-08-23T23:08:52.9905695Z Using cached databind-4.5.2-py3-none-any.whl (49 kB)
2025-08-23T23:08:52.9917357Z Using cached databind.json-4.5.2-py3-none-any.whl (1.5 kB)
2025-08-23T23:08:52.9928909Z Using cached Deprecated-1.2.18-py2.py3-none-any.whl (10.0 kB)
2025-08-23T23:08:52.9940098Z Using cached nr_date-2.1.0-py3-none-any.whl (10 kB)
2025-08-23T23:08:52.9951704Z Using cached nr_stream-1.1.5-py3-none-any.whl (10 kB)
2025-08-23T23:08:52.9962924Z Using cached nr.util-0.8.12-py3-none-any.whl (90 kB)
2025-08-23T23:08:52.9975366Z Using cached pytest-8.4.1-py3-none-any.whl (365 kB)
2025-08-23T23:08:52.9989270Z Using cached pluggy-1.6.0-py3-none-any.whl (20 kB)
2025-08-23T23:08:53.0000808Z Using cached starlette-0.47.2-py3-none-any.whl (72 kB)
2025-08-23T23:08:53.0012879Z Using cached tomli-2.2.1-cp312-cp312-manylinux_2_17_x86_64.manylinux2014_x86_64.whl (242 kB)
2025-08-23T23:08:53.0026370Z Using cached tomli_w-1.2.0-py3-none-any.whl (6.7 kB)
2025-08-23T23:08:53.0037640Z Using cached typeapi-2.2.4-py3-none-any.whl (26 kB)
2025-08-23T23:08:53.0049259Z Using cached itsdangerous-2.2.0-py3-none-any.whl (16 kB)
2025-08-23T23:08:53.0060606Z Using cached setuptools-80.9.0-py3-none-any.whl (1.2 MB)
2025-08-23T23:08:53.0081318Z Using cached coverage-7.10.5-cp312-cp312-manylinux1_x86_64.manylinux_2_28_x86_64.manylinux_2_5_x86_64.whl (251 kB)
2025-08-23T23:08:53.0094296Z Using cached fastapi_cloud_cli-0.1.5-py3-none-any.whl (18 kB)
2025-08-23T23:08:53.0105782Z Using cached iniconfig-2.1.0-py3-none-any.whl (6.0 kB)
2025-08-23T23:08:53.0117522Z Using cached mirakuru-2.6.1-py3-none-any.whl (26 kB)
2025-08-23T23:08:53.0128847Z Using cached pathspec-0.12.1-py3-none-any.whl (31 kB)
2025-08-23T23:08:53.0140520Z Using cached platformdirs-4.3.8-py3-none-any.whl (18 kB)
2025-08-23T23:08:53.0152031Z Using cached port_for-0.7.4-py3-none-any.whl (21 kB)
2025-08-23T23:08:53.0164201Z Using cached psutil-7.0.0-cp36-abi3-manylinux_2_12_x86_64.manylinux2010_x86_64.manylinux_2_17_x86_64.manylinux2014_x86_64.whl (277 kB)
2025-08-23T23:08:53.0178681Z Using cached pydantic_extra_types-2.10.5-py3-none-any.whl (38 kB)
2025-08-23T23:08:53.0190738Z Using cached rignore-0.6.4-cp312-cp312-manylinux_2_17_x86_64.manylinux2014_x86_64.whl (949 kB)
2025-08-23T23:08:53.0208864Z Using cached sentry_sdk-2.35.0-py2.py3-none-any.whl (363 kB)
2025-08-23T23:08:53.0222867Z Using cached yapf-0.43.0-py3-none-any.whl (256 kB)
2025-08-23T23:08:53.0235750Z Using cached docker-7.1.0-py3-none-any.whl (147 kB)
2025-08-23T23:08:53.0247770Z Using cached toml-0.10.2-py2.py3-none-any.whl (16 kB)
2025-08-23T23:08:53.0259094Z Using cached watchdog-6.0.0-py3-none-manylinux2014_x86_64.whl (79 kB)
2025-08-23T23:08:53.3015340Z Installing collected packages: watchdog, types-requests, typeapi, tomli_w, tomli, toml, sqlalchemy, setuptools, sentry-sdk, ruff, rignore, requests, redis, psutil, port-for, pluggy, platformdirs, pathspec, nr-stream, nr-date, Jinja2, itsdangerous, iniconfig, docstring-parser, Deprecated, coverage, asyncpg, yapf, vulture, starlette, pytest, nr-util, mypy, mirakuru, httpx, docker, databind, black, alembic, testcontainers, respx, python-telegram-bot, pytest-postgresql, pytest-cov, pytest-asyncio, pydantic-extra-types, fastapi, databind.json, databind.core, celery, fastapi-cloud-cli, docspec, docspec-python, pydoc-markdown
2025-08-23T23:08:53.4196285Z   Attempting uninstall: sqlalchemy
2025-08-23T23:08:53.4228721Z     Found existing installation: SQLAlchemy 2.0.29
2025-08-23T23:08:53.4451380Z     Uninstalling SQLAlchemy-2.0.29:
2025-08-23T23:08:53.4486425Z       Successfully uninstalled SQLAlchemy-2.0.29
2025-08-23T23:08:55.4258999Z   Attempting uninstall: sentry-sdk
2025-08-23T23:08:55.4291311Z     Found existing installation: sentry-sdk 2.9.0
2025-08-23T23:08:55.4421093Z     Uninstalling sentry-sdk-2.9.0:
2025-08-23T23:08:55.4442853Z       Successfully uninstalled sentry-sdk-2.9.0
2025-08-23T23:08:55.8611800Z   Attempting uninstall: requests
2025-08-23T23:08:55.8656793Z     Found existing installation: requests 2.32.5
2025-08-23T23:08:55.8686500Z     Uninstalling requests-2.32.5:
2025-08-23T23:08:55.8695828Z       Successfully uninstalled requests-2.32.5
2025-08-23T23:08:55.9081110Z   Attempting uninstall: redis
2025-08-23T23:08:55.9114177Z     Found existing installation: redis 5.0.8
2025-08-23T23:08:55.9189989Z     Uninstalling redis-5.0.8:
2025-08-23T23:08:55.9206151Z       Successfully uninstalled redis-5.0.8
2025-08-23T23:08:56.3952070Z   Attempting uninstall: Jinja2
2025-08-23T23:08:56.4003162Z     Found existing installation: Jinja2 3.1.5
2025-08-23T23:08:56.4038259Z     Uninstalling Jinja2-3.1.5:
2025-08-23T23:08:56.4047863Z       Successfully uninstalled Jinja2-3.1.5
2025-08-23T23:08:56.6799681Z   Attempting uninstall: asyncpg
2025-08-23T23:08:56.6856285Z     Found existing installation: asyncpg 0.29.0
2025-08-23T23:08:56.6909128Z     Uninstalling asyncpg-0.29.0:
2025-08-23T23:08:56.6923150Z       Successfully uninstalled asyncpg-0.29.0
2025-08-23T23:08:57.0027639Z   Attempting uninstall: starlette
2025-08-23T23:08:57.0080689Z     Found existing installation: starlette 0.37.2
2025-08-23T23:08:57.0123328Z     Uninstalling starlette-0.37.2:
2025-08-23T23:08:57.0134137Z       Successfully uninstalled starlette-0.37.2
2025-08-23T23:08:58.8763193Z   Attempting uninstall: httpx
2025-08-23T23:08:58.8816124Z     Found existing installation: httpx 0.26.0
2025-08-23T23:08:58.8852568Z     Uninstalling httpx-0.26.0:
2025-08-23T23:08:58.8866252Z       Successfully uninstalled httpx-0.26.0
2025-08-23T23:08:59.2342623Z   Attempting uninstall: alembic
2025-08-23T23:08:59.2379455Z     Found existing installation: alembic 1.13.1
2025-08-23T23:08:59.2458107Z     Uninstalling alembic-1.13.1:
2025-08-23T23:08:59.2479150Z       Successfully uninstalled alembic-1.13.1
2025-08-23T23:08:59.5316978Z   Attempting uninstall: python-telegram-bot
2025-08-23T23:08:59.5368187Z     Found existing installation: python-telegram-bot 20.8
2025-08-23T23:08:59.5528515Z     Uninstalling python-telegram-bot-20.8:
2025-08-23T23:08:59.5552472Z       Successfully uninstalled python-telegram-bot-20.8
2025-08-23T23:09:00.0448898Z   Attempting uninstall: fastapi
2025-08-23T23:09:00.0496436Z     Found existing installation: fastapi 0.111.0
2025-08-23T23:09:00.0550877Z     Uninstalling fastapi-0.111.0:
2025-08-23T23:09:00.0563807Z       Successfully uninstalled fastapi-0.111.0
2025-08-23T23:09:00.1482115Z   Attempting uninstall: celery
2025-08-23T23:09:00.1525809Z     Found existing installation: celery 5.4.0
2025-08-23T23:09:00.1673561Z     Uninstalling celery-5.4.0:
2025-08-23T23:09:00.1703655Z       Successfully uninstalled celery-5.4.0
2025-08-23T23:09:00.6080931Z 
2025-08-23T23:09:00.6204715Z Successfully installed Deprecated-1.2.18 Jinja2-3.1.6 alembic-1.16.4 asyncpg-0.30.0 black-25.1.0 celery-5.5.3 coverage-7.10.5 databind-4.5.2 databind.core-4.5.2 databind.json-4.5.2 docker-7.1.0 docspec-2.2.1 docspec-python-2.2.2 docstring-parser-0.11 fastapi-0.116.1 fastapi-cloud-cli-0.1.5 httpx-0.28.1 iniconfig-2.1.0 itsdangerous-2.2.0 mirakuru-2.6.1 mypy-1.17.1 nr-date-2.1.0 nr-stream-1.1.5 nr-util-0.8.12 pathspec-0.12.1 platformdirs-4.3.8 pluggy-1.6.0 port-for-0.7.4 psutil-7.0.0 pydantic-extra-types-2.10.5 pydoc-markdown-4.8.2 pytest-8.4.1 pytest-asyncio-1.1.0 pytest-cov-6.2.1 pytest-postgresql-7.0.2 python-telegram-bot-22.3 redis-6.4.0 requests-2.32.4 respx-0.22.0 rignore-0.6.4 ruff-0.9.9 sentry-sdk-2.35.0 setuptools-80.9.0 sqlalchemy-2.0.43 starlette-0.47.2 testcontainers-4.12.0 toml-0.10.2 tomli-2.2.1 tomli_w-1.2.0 typeapi-2.2.4 types-requests-2.32.4.20250809 vulture-2.10 watchdog-6.0.0 yapf-0.43.0
2025-08-23T23:09:01.3804749Z Requirement already satisfied: asyncpg in /opt/hostedtoolcache/Python/3.12.11/x64/lib/python3.12/site-packages (0.30.0)
2025-08-23T23:09:02.0245831Z Requirement already satisfied: pytest in /opt/hostedtoolcache/Python/3.12.11/x64/lib/python3.12/site-packages (8.4.1)
2025-08-23T23:09:02.0260218Z Requirement already satisfied: iniconfig>=1 in /opt/hostedtoolcache/Python/3.12.11/x64/lib/python3.12/site-packages (from pytest) (2.1.0)
2025-08-23T23:09:02.0266390Z Requirement already satisfied: packaging>=20 in /opt/hostedtoolcache/Python/3.12.11/x64/lib/python3.12/site-packages (from pytest) (25.0)
2025-08-23T23:09:02.0272011Z Requirement already satisfied: pluggy<2,>=1.5 in /opt/hostedtoolcache/Python/3.12.11/x64/lib/python3.12/site-packages (from pytest) (1.6.0)
2025-08-23T23:09:02.0277256Z Requirement already satisfied: pygments>=2.7.2 in /opt/hostedtoolcache/Python/3.12.11/x64/lib/python3.12/site-packages (from pytest) (2.19.2)
2025-08-23T23:09:02.7213277Z Collecting keepa==1.3.15
2025-08-23T23:09:02.7227422Z   Using cached keepa-1.3.15-py3-none-any.whl.metadata (11 kB)
2025-08-23T23:09:02.7267146Z Requirement already satisfied: minio==7.1.15 in /opt/hostedtoolcache/Python/3.12.11/x64/lib/python3.12/site-packages (7.1.15)
2025-08-23T23:09:02.7276697Z Requirement already satisfied: numpy>=1.9.3 in /opt/hostedtoolcache/Python/3.12.11/x64/lib/python3.12/site-packages (from keepa==1.3.15) (1.26.4)
2025-08-23T23:09:02.7282095Z Requirement already satisfied: requests>=2.2 in /opt/hostedtoolcache/Python/3.12.11/x64/lib/python3.12/site-packages (from keepa==1.3.15) (2.32.4)
2025-08-23T23:09:02.7286224Z Requirement already satisfied: tqdm in /opt/hostedtoolcache/Python/3.12.11/x64/lib/python3.12/site-packages (from keepa==1.3.15) (4.67.1)
2025-08-23T23:09:02.7289792Z Requirement already satisfied: aiohttp in /opt/hostedtoolcache/Python/3.12.11/x64/lib/python3.12/site-packages (from keepa==1.3.15) (3.12.15)
2025-08-23T23:09:02.7295331Z Requirement already satisfied: pandas<=3.0 in /opt/hostedtoolcache/Python/3.12.11/x64/lib/python3.12/site-packages (from keepa==1.3.15) (2.2.3)
2025-08-23T23:09:02.7298895Z Requirement already satisfied: pydantic in /opt/hostedtoolcache/Python/3.12.11/x64/lib/python3.12/site-packages (from keepa==1.3.15) (2.11.7)
2025-08-23T23:09:02.7309503Z Requirement already satisfied: certifi in /opt/hostedtoolcache/Python/3.12.11/x64/lib/python3.12/site-packages (from minio==7.1.15) (2025.8.3)
2025-08-23T23:09:02.7314026Z Requirement already satisfied: urllib3 in /opt/hostedtoolcache/Python/3.12.11/x64/lib/python3.12/site-packages (from minio==7.1.15) (2.5.0)
2025-08-23T23:09:02.7370946Z Requirement already satisfied: python-dateutil>=2.8.2 in /opt/hostedtoolcache/Python/3.12.11/x64/lib/python3.12/site-packages (from pandas<=3.0->keepa==1.3.15) (2.9.0.post0)
2025-08-23T23:09:02.7376308Z Requirement already satisfied: pytz>=2020.1 in /opt/hostedtoolcache/Python/3.12.11/x64/lib/python3.12/site-packages (from pandas<=3.0->keepa==1.3.15) (2025.2)
2025-08-23T23:09:02.7381670Z Requirement already satisfied: tzdata>=2022.7 in /opt/hostedtoolcache/Python/3.12.11/x64/lib/python3.12/site-packages (from pandas<=3.0->keepa==1.3.15) (2025.2)
2025-08-23T23:09:02.7517029Z Requirement already satisfied: six>=1.5 in /opt/hostedtoolcache/Python/3.12.11/x64/lib/python3.12/site-packages (from python-dateutil>=2.8.2->pandas<=3.0->keepa==1.3.15) (1.17.0)
2025-08-23T23:09:02.7536920Z Requirement already satisfied: charset_normalizer<4,>=2 in /opt/hostedtoolcache/Python/3.12.11/x64/lib/python3.12/site-packages (from requests>=2.2->keepa==1.3.15) (3.4.3)
2025-08-23T23:09:02.7543181Z Requirement already satisfied: idna<4,>=2.5 in /opt/hostedtoolcache/Python/3.12.11/x64/lib/python3.12/site-packages (from requests>=2.2->keepa==1.3.15) (3.10)
2025-08-23T23:09:02.7614133Z Requirement already satisfied: aiohappyeyeballs>=2.5.0 in /opt/hostedtoolcache/Python/3.12.11/x64/lib/python3.12/site-packages (from aiohttp->keepa==1.3.15) (2.6.1)
2025-08-23T23:09:02.7619951Z Requirement already satisfied: aiosignal>=1.4.0 in /opt/hostedtoolcache/Python/3.12.11/x64/lib/python3.12/site-packages (from aiohttp->keepa==1.3.15) (1.4.0)
2025-08-23T23:09:02.7627944Z Requirement already satisfied: attrs>=17.3.0 in /opt/hostedtoolcache/Python/3.12.11/x64/lib/python3.12/site-packages (from aiohttp->keepa==1.3.15) (25.3.0)
2025-08-23T23:09:02.7633863Z Requirement already satisfied: frozenlist>=1.1.1 in /opt/hostedtoolcache/Python/3.12.11/x64/lib/python3.12/site-packages (from aiohttp->keepa==1.3.15) (1.7.0)
2025-08-23T23:09:02.7640059Z Requirement already satisfied: multidict<7.0,>=4.5 in /opt/hostedtoolcache/Python/3.12.11/x64/lib/python3.12/site-packages (from aiohttp->keepa==1.3.15) (6.6.4)
2025-08-23T23:09:02.7646717Z Requirement already satisfied: propcache>=0.2.0 in /opt/hostedtoolcache/Python/3.12.11/x64/lib/python3.12/site-packages (from aiohttp->keepa==1.3.15) (0.3.2)
2025-08-23T23:09:02.7653137Z Requirement already satisfied: yarl<2.0,>=1.17.0 in /opt/hostedtoolcache/Python/3.12.11/x64/lib/python3.12/site-packages (from aiohttp->keepa==1.3.15) (1.20.1)
2025-08-23T23:09:02.7714963Z Requirement already satisfied: typing-extensions>=4.2 in /opt/hostedtoolcache/Python/3.12.11/x64/lib/python3.12/site-packages (from aiosignal>=1.4.0->aiohttp->keepa==1.3.15) (4.14.1)
2025-08-23T23:09:02.7810006Z Requirement already satisfied: annotated-types>=0.6.0 in /opt/hostedtoolcache/Python/3.12.11/x64/lib/python3.12/site-packages (from pydantic->keepa==1.3.15) (0.7.0)
2025-08-23T23:09:02.7816183Z Requirement already satisfied: pydantic-core==2.33.2 in /opt/hostedtoolcache/Python/3.12.11/x64/lib/python3.12/site-packages (from pydantic->keepa==1.3.15) (2.33.2)
2025-08-23T23:09:02.7824633Z Requirement already satisfied: typing-inspection>=0.4.0 in /opt/hostedtoolcache/Python/3.12.11/x64/lib/python3.12/site-packages (from pydantic->keepa==1.3.15) (0.4.1)
2025-08-23T23:09:02.7906785Z Using cached keepa-1.3.15-py3-none-any.whl (38 kB)
2025-08-23T23:09:02.9622663Z Installing collected packages: keepa
2025-08-23T23:09:02.9623779Z   Attempting uninstall: keepa
2025-08-23T23:09:02.9656905Z     Found existing installation: keepa 1.3.14
2025-08-23T23:09:02.9680034Z     Uninstalling keepa-1.3.14:
2025-08-23T23:09:02.9688885Z       Successfully uninstalled keepa-1.3.14
2025-08-23T23:09:03.0117914Z Successfully installed keepa-1.3.15
2025-08-23T23:09:03.0808150Z ##[group]Run actions/setup-node@v4
2025-08-23T23:09:03.0808465Z with:
2025-08-23T23:09:03.0808649Z   node-version: 20.19.0
2025-08-23T23:09:03.0808853Z   always-auth: false
2025-08-23T23:09:03.0809049Z   check-latest: false
2025-08-23T23:09:03.0809364Z   token: ***
2025-08-23T23:09:03.0809543Z env:
2025-08-23T23:09:03.0809738Z   REDIS_URL: redis://localhost:6379/0
2025-08-23T23:09:03.0810037Z   RATE_LIMIT_DEFAULT: 100/minute
2025-08-23T23:09:03.0810264Z   TRUST_X_FORWARDED: 1
2025-08-23T23:09:03.0810465Z   PG_USER: postgres
2025-08-23T23:09:03.0810661Z   PG_PASSWORD: pass
2025-08-23T23:09:03.0810850Z   PG_DATABASE: awa
2025-08-23T23:09:03.0811033Z   PG_HOST: localhost
2025-08-23T23:09:03.0811217Z   PG_PORT: 5432
2025-08-23T23:09:03.0811587Z   PG_SYNC_DSN: ***localhost:5432/awa
2025-08-23T23:09:03.0811995Z   PG_ASYNC_DSN: ***localhost:5432/awa
2025-08-23T23:09:03.0812386Z   DATABASE_URL: ***localhost:5432/awa
2025-08-23T23:09:03.0812835Z   DATA_DIR: /tmp/awa-data
2025-08-23T23:09:03.0813067Z   ENABLE_LIVE: 0
2025-08-23T23:09:03.0813244Z   TESTING: 1
2025-08-23T23:09:03.0813771Z   pythonLocation: /opt/hostedtoolcache/Python/3.12.11/x64
2025-08-23T23:09:03.0814548Z   PKG_CONFIG_PATH: /opt/hostedtoolcache/Python/3.12.11/x64/lib/pkgconfig
2025-08-23T23:09:03.0815401Z   Python_ROOT_DIR: /opt/hostedtoolcache/Python/3.12.11/x64
2025-08-23T23:09:03.0816073Z   Python2_ROOT_DIR: /opt/hostedtoolcache/Python/3.12.11/x64
2025-08-23T23:09:03.0816524Z   Python3_ROOT_DIR: /opt/hostedtoolcache/Python/3.12.11/x64
2025-08-23T23:09:03.0817065Z   LD_LIBRARY_PATH: /opt/hostedtoolcache/Python/3.12.11/x64/lib
2025-08-23T23:09:03.0817415Z ##[endgroup]
2025-08-23T23:09:03.2755134Z Attempting to download 20.19.0...
2025-08-23T23:09:03.8294360Z Acquiring 20.19.0 - x64 from https://github.com/actions/node-versions/releases/download/20.19.0-13838090974/node-20.19.0-linux-x64.tar.gz
2025-08-23T23:09:04.2752659Z Extracting ...
2025-08-23T23:09:04.2862042Z [command]/usr/bin/tar xz --strip 1 --warning=no-unknown-keyword --overwrite -C /home/runner/work/_temp/ba0a319a-2195-4390-8031-78cd48a39ecf -f /home/runner/work/_temp/5b26a44b-f1d2-4eb6-ae15-79e98871b502
2025-08-23T23:09:05.2800378Z Adding to the cache ...
2025-08-23T23:09:06.9226104Z ##[group]Environment details
2025-08-23T23:09:07.1469607Z node: v20.19.0
2025-08-23T23:09:07.1470028Z npm: 10.8.2
2025-08-23T23:09:07.1470343Z yarn: 1.22.22
2025-08-23T23:09:07.1470993Z ##[endgroup]
2025-08-23T23:09:07.1610634Z ##[group]Run npm ci
2025-08-23T23:09:07.1610873Z [36;1mnpm ci[0m
2025-08-23T23:09:07.1651738Z shell: /usr/bin/bash -e {0}
2025-08-23T23:09:07.1651973Z env:
2025-08-23T23:09:07.1652190Z   REDIS_URL: redis://localhost:6379/0
2025-08-23T23:09:07.1652456Z   RATE_LIMIT_DEFAULT: 100/minute
2025-08-23T23:09:07.1652692Z   TRUST_X_FORWARDED: 1
2025-08-23T23:09:07.1652894Z   PG_USER: postgres
2025-08-23T23:09:07.1653097Z   PG_PASSWORD: pass
2025-08-23T23:09:07.1653286Z   PG_DATABASE: awa
2025-08-23T23:09:07.1653748Z   PG_HOST: localhost
2025-08-23T23:09:07.1653945Z   PG_PORT: 5432
2025-08-23T23:09:07.1654374Z   PG_SYNC_DSN: ***localhost:5432/awa
2025-08-23T23:09:07.1654771Z   PG_ASYNC_DSN: ***localhost:5432/awa
2025-08-23T23:09:07.1655151Z   DATABASE_URL: ***localhost:5432/awa
2025-08-23T23:09:07.1655407Z   DATA_DIR: /tmp/awa-data
2025-08-23T23:09:07.1655607Z   ENABLE_LIVE: 0
2025-08-23T23:09:07.1655784Z   TESTING: 1
2025-08-23T23:09:07.1656065Z   pythonLocation: /opt/hostedtoolcache/Python/3.12.11/x64
2025-08-23T23:09:07.1656466Z   PKG_CONFIG_PATH: /opt/hostedtoolcache/Python/3.12.11/x64/lib/pkgconfig
2025-08-23T23:09:07.1656848Z   Python_ROOT_DIR: /opt/hostedtoolcache/Python/3.12.11/x64
2025-08-23T23:09:07.1657200Z   Python2_ROOT_DIR: /opt/hostedtoolcache/Python/3.12.11/x64
2025-08-23T23:09:07.1657559Z   Python3_ROOT_DIR: /opt/hostedtoolcache/Python/3.12.11/x64
2025-08-23T23:09:07.1657914Z   LD_LIBRARY_PATH: /opt/hostedtoolcache/Python/3.12.11/x64/lib
2025-08-23T23:09:07.1658210Z ##[endgroup]
2025-08-23T23:09:09.9495409Z npm warn deprecated node-domexception@1.0.0: Use your platform's native DOMException instead
2025-08-23T23:09:13.5089494Z 
2025-08-23T23:09:13.5090489Z added 432 packages, and audited 433 packages in 6s
2025-08-23T23:09:13.5091713Z 
2025-08-23T23:09:13.5092237Z 112 packages are looking for funding
2025-08-23T23:09:13.5093061Z   run `npm fund` for details
2025-08-23T23:09:13.5112726Z 
2025-08-23T23:09:13.5113305Z 2 vulnerabilities (1 low, 1 critical)
2025-08-23T23:09:13.5114080Z 
2025-08-23T23:09:13.5114514Z To address all issues, run:
2025-08-23T23:09:13.5115155Z   npm audit fix
2025-08-23T23:09:13.5115512Z 
2025-08-23T23:09:13.5115845Z Run `npm audit` for details.
2025-08-23T23:09:13.5377322Z ##[group]Run npm run build --if-present
2025-08-23T23:09:13.5377671Z [36;1mnpm run build --if-present[0m
2025-08-23T23:09:13.5418431Z shell: /usr/bin/bash -e {0}
2025-08-23T23:09:13.5418663Z env:
2025-08-23T23:09:13.5418875Z   REDIS_URL: redis://localhost:6379/0
2025-08-23T23:09:13.5419330Z   RATE_LIMIT_DEFAULT: 100/minute
2025-08-23T23:09:13.5419571Z   TRUST_X_FORWARDED: 1
2025-08-23T23:09:13.5419771Z   PG_USER: postgres
2025-08-23T23:09:13.5419975Z   PG_PASSWORD: pass
2025-08-23T23:09:13.5420159Z   PG_DATABASE: awa
2025-08-23T23:09:13.5420341Z   PG_HOST: localhost
2025-08-23T23:09:13.5420528Z   PG_PORT: 5432
2025-08-23T23:09:13.5420959Z   PG_SYNC_DSN: ***localhost:5432/awa
2025-08-23T23:09:13.5421358Z   PG_ASYNC_DSN: ***localhost:5432/awa
2025-08-23T23:09:13.5421734Z   DATABASE_URL: ***localhost:5432/awa
2025-08-23T23:09:13.5421968Z   DATA_DIR: /tmp/awa-data
2025-08-23T23:09:13.5422174Z   ENABLE_LIVE: 0
2025-08-23T23:09:13.5422346Z   TESTING: 1
2025-08-23T23:09:13.5422611Z   pythonLocation: /opt/hostedtoolcache/Python/3.12.11/x64
2025-08-23T23:09:13.5423010Z   PKG_CONFIG_PATH: /opt/hostedtoolcache/Python/3.12.11/x64/lib/pkgconfig
2025-08-23T23:09:13.5423629Z   Python_ROOT_DIR: /opt/hostedtoolcache/Python/3.12.11/x64
2025-08-23T23:09:13.5423995Z   Python2_ROOT_DIR: /opt/hostedtoolcache/Python/3.12.11/x64
2025-08-23T23:09:13.5424363Z   Python3_ROOT_DIR: /opt/hostedtoolcache/Python/3.12.11/x64
2025-08-23T23:09:13.5424715Z   LD_LIBRARY_PATH: /opt/hostedtoolcache/Python/3.12.11/x64/lib
2025-08-23T23:09:13.5425008Z ##[endgroup]
2025-08-23T23:09:13.6563913Z 
2025-08-23T23:09:13.6564415Z > web@0.0.0 build
2025-08-23T23:09:13.6564795Z > tsc -b && vite build
2025-08-23T23:09:13.6564998Z 
2025-08-23T23:09:16.1389244Z [36mvite v7.0.4 [32mbuilding for production...[36m[39m
2025-08-23T23:09:16.3181634Z transforming...
2025-08-23T23:09:19.5215639Z [32m✓[39m 687 modules transformed.
2025-08-23T23:09:19.9918240Z rendering chunks...
2025-08-23T23:09:20.0005835Z computing gzip size...
2025-08-23T23:09:20.0191729Z [2mdist/[22m[32mindex.html                 [39m[1m[2m  0.46 kB[22m[1m[22m[2m │ gzip:   0.30 kB[22m
2025-08-23T23:09:20.0193165Z [2mdist/[22m[2massets/[22m[35mindex-5IA1gRGW.css  [39m[1m[2m  0.84 kB[22m[1m[22m[2m │ gzip:   0.45 kB[22m
2025-08-23T23:09:20.0194774Z [2mdist/[22m[2massets/[22m[36mindex-CIqpArhq.js   [39m[1m[33m613.66 kB[39m[22m[2m │ gzip: 193.69 kB[22m
2025-08-23T23:09:20.0195627Z [33m
2025-08-23T23:09:20.0196256Z (!) Some chunks are larger than 500 kB after minification. Consider:
2025-08-23T23:09:20.0197010Z - Using dynamic import() to code-split the application
2025-08-23T23:09:20.0197976Z - Use build.rollupOptions.output.manualChunks to improve chunking: https://rollupjs.org/configuration-options/#output-manualchunks
2025-08-23T23:09:20.0198989Z - Adjust chunk size limit for this warning via build.chunkSizeWarningLimit.[39m
2025-08-23T23:09:20.0199737Z [32m✓ built in 3.86s[39m
2025-08-23T23:09:20.0704574Z ##[group]Run sudo apt-get update
2025-08-23T23:09:20.0704924Z [36;1msudo apt-get update[0m
2025-08-23T23:09:20.0705187Z [36;1msudo apt-get install -y postgresql[0m
2025-08-23T23:09:20.0705681Z [36;1mecho "/usr/lib/postgresql/$(pg_config --version | cut -d' ' -f2 | cut -d'.' -f1,2)/bin" >> $GITHUB_PATH[0m
2025-08-23T23:09:20.0747833Z shell: /usr/bin/bash -e {0}
2025-08-23T23:09:20.0748095Z env:
2025-08-23T23:09:20.0748313Z   REDIS_URL: redis://localhost:6379/0
2025-08-23T23:09:20.0748588Z   RATE_LIMIT_DEFAULT: 100/minute
2025-08-23T23:09:20.0748822Z   TRUST_X_FORWARDED: 1
2025-08-23T23:09:20.0749029Z   PG_USER: postgres
2025-08-23T23:09:20.0749228Z   PG_PASSWORD: pass
2025-08-23T23:09:20.0749418Z   PG_DATABASE: awa
2025-08-23T23:09:20.0749609Z   PG_HOST: localhost
2025-08-23T23:09:20.0749804Z   PG_PORT: 5432
2025-08-23T23:09:20.0750269Z   PG_SYNC_DSN: ***localhost:5432/awa
2025-08-23T23:09:20.0750710Z   PG_ASYNC_DSN: ***localhost:5432/awa
2025-08-23T23:09:20.0751139Z   DATABASE_URL: ***localhost:5432/awa
2025-08-23T23:09:20.0751388Z   DATA_DIR: /tmp/awa-data
2025-08-23T23:09:20.0751601Z   ENABLE_LIVE: 0
2025-08-23T23:09:20.0751783Z   TESTING: 1
2025-08-23T23:09:20.0752032Z   pythonLocation: /opt/hostedtoolcache/Python/3.12.11/x64
2025-08-23T23:09:20.0752446Z   PKG_CONFIG_PATH: /opt/hostedtoolcache/Python/3.12.11/x64/lib/pkgconfig
2025-08-23T23:09:20.0753067Z   Python_ROOT_DIR: /opt/hostedtoolcache/Python/3.12.11/x64
2025-08-23T23:09:20.0753679Z   Python2_ROOT_DIR: /opt/hostedtoolcache/Python/3.12.11/x64
2025-08-23T23:09:20.0754056Z   Python3_ROOT_DIR: /opt/hostedtoolcache/Python/3.12.11/x64
2025-08-23T23:09:20.0754449Z   LD_LIBRARY_PATH: /opt/hostedtoolcache/Python/3.12.11/x64/lib
2025-08-23T23:09:20.0754772Z ##[endgroup]
2025-08-23T23:09:20.1830022Z Get:1 file:/etc/apt/apt-mirrors.txt Mirrorlist [144 B]
2025-08-23T23:09:20.2250176Z Hit:2 http://azure.archive.ubuntu.com/ubuntu noble InRelease
2025-08-23T23:09:20.2255419Z Hit:6 https://packages.microsoft.com/repos/azure-cli noble InRelease
2025-08-23T23:09:20.2280058Z Get:3 http://azure.archive.ubuntu.com/ubuntu noble-updates InRelease [126 kB]
2025-08-23T23:09:20.2459337Z Get:4 http://azure.archive.ubuntu.com/ubuntu noble-backports InRelease [126 kB]
2025-08-23T23:09:20.2512590Z Get:5 http://azure.archive.ubuntu.com/ubuntu noble-security InRelease [126 kB]
2025-08-23T23:09:20.2564339Z Get:7 https://packages.microsoft.com/ubuntu/24.04/prod noble InRelease [3600 B]
2025-08-23T23:09:20.4461841Z Get:8 http://azure.archive.ubuntu.com/ubuntu noble-updates/main amd64 Packages [1352 kB]
2025-08-23T23:09:20.4629538Z Get:9 http://azure.archive.ubuntu.com/ubuntu noble-updates/main Translation-en [269 kB]
2025-08-23T23:09:20.4644404Z Get:10 http://azure.archive.ubuntu.com/ubuntu noble-updates/main amd64 Components [175 kB]
2025-08-23T23:09:20.4664878Z Get:11 http://azure.archive.ubuntu.com/ubuntu noble-updates/universe amd64 Packages [1123 kB]
2025-08-23T23:09:20.4730222Z Get:12 http://azure.archive.ubuntu.com/ubuntu noble-updates/universe Translation-en [288 kB]
2025-08-23T23:09:20.4761517Z Get:13 http://azure.archive.ubuntu.com/ubuntu noble-updates/universe amd64 Components [377 kB]
2025-08-23T23:09:20.4789497Z Get:14 http://azure.archive.ubuntu.com/ubuntu noble-updates/restricted amd64 Packages [1731 kB]
2025-08-23T23:09:20.4881067Z Get:15 http://azure.archive.ubuntu.com/ubuntu noble-updates/restricted Translation-en [384 kB]
2025-08-23T23:09:20.4912408Z Get:16 http://azure.archive.ubuntu.com/ubuntu noble-updates/restricted amd64 Components [212 B]
2025-08-23T23:09:20.4925434Z Get:17 http://azure.archive.ubuntu.com/ubuntu noble-updates/multiverse amd64 Components [940 B]
2025-08-23T23:09:20.5484589Z Get:18 http://azure.archive.ubuntu.com/ubuntu noble-backports/main amd64 Components [7068 B]
2025-08-23T23:09:20.5501956Z Get:19 http://azure.archive.ubuntu.com/ubuntu noble-backports/universe amd64 Components [19.2 kB]
2025-08-23T23:09:20.5510185Z Get:20 http://azure.archive.ubuntu.com/ubuntu noble-backports/restricted amd64 Components [216 B]
2025-08-23T23:09:20.5518653Z Get:21 http://azure.archive.ubuntu.com/ubuntu noble-backports/multiverse amd64 Components [212 B]
2025-08-23T23:09:20.5625609Z Get:22 http://azure.archive.ubuntu.com/ubuntu noble-security/main amd64 Packages [1083 kB]
2025-08-23T23:09:20.5667217Z Get:23 http://azure.archive.ubuntu.com/ubuntu noble-security/main Translation-en [187 kB]
2025-08-23T23:09:20.5687303Z Get:24 http://azure.archive.ubuntu.com/ubuntu noble-security/main amd64 Components [21.6 kB]
2025-08-23T23:09:20.5717464Z Get:25 http://azure.archive.ubuntu.com/ubuntu noble-security/universe amd64 Packages [881 kB]
2025-08-23T23:09:20.5772234Z Get:26 http://azure.archive.ubuntu.com/ubuntu noble-security/universe Translation-en [195 kB]
2025-08-23T23:09:20.5795385Z Get:27 http://azure.archive.ubuntu.com/ubuntu noble-security/universe amd64 Components [52.3 kB]
2025-08-23T23:09:20.5810416Z Get:28 http://azure.archive.ubuntu.com/ubuntu noble-security/restricted amd64 Packages [1631 kB]
2025-08-23T23:09:20.5899930Z Get:29 http://azure.archive.ubuntu.com/ubuntu noble-security/restricted Translation-en [361 kB]
2025-08-23T23:09:20.5927711Z Get:30 http://azure.archive.ubuntu.com/ubuntu noble-security/restricted amd64 Components [212 B]
2025-08-23T23:09:20.5939046Z Get:31 http://azure.archive.ubuntu.com/ubuntu noble-security/multiverse amd64 Components [212 B]
2025-08-23T23:09:20.6208480Z Get:32 https://packages.microsoft.com/ubuntu/24.04/prod noble/main amd64 Packages [49.2 kB]
2025-08-23T23:09:20.6265368Z Get:33 https://packages.microsoft.com/ubuntu/24.04/prod noble/main arm64 Packages [33.3 kB]
2025-08-23T23:09:20.6314505Z Get:34 https://packages.microsoft.com/ubuntu/24.04/prod noble/main armhf Packages [9870 B]
2025-08-23T23:09:26.7316436Z Fetched 10.6 MB in 1s (7803 kB/s)
2025-08-23T23:09:27.4690695Z Reading package lists...
2025-08-23T23:09:27.5022335Z Reading package lists...
2025-08-23T23:09:27.6922506Z Building dependency tree...
2025-08-23T23:09:27.6930615Z Reading state information...
2025-08-23T23:09:27.8631111Z Suggested packages:
2025-08-23T23:09:27.8631510Z   postgresql-doc
2025-08-23T23:09:27.8916295Z The following NEW packages will be installed:
2025-08-23T23:09:27.8916841Z   postgresql
2025-08-23T23:09:27.9096021Z 0 upgraded, 1 newly installed, 0 to remove and 25 not upgraded.
2025-08-23T23:09:27.9096487Z Need to get 11.6 kB of archives.
2025-08-23T23:09:27.9096969Z After this operation, 17.4 kB of additional disk space will be used.
2025-08-23T23:09:27.9097813Z Get:1 file:/etc/apt/apt-mirrors.txt Mirrorlist [144 B]
2025-08-23T23:09:28.0066991Z Get:2 http://azure.archive.ubuntu.com/ubuntu noble-updates/main amd64 postgresql all 16+257build1.1 [11.6 kB]
2025-08-23T23:09:28.2832366Z Fetched 11.6 kB in 0s (98.6 kB/s)
2025-08-23T23:09:28.3122705Z Selecting previously unselected package postgresql.
2025-08-23T23:09:28.3670295Z (Reading database ... 
2025-08-23T23:09:28.3670797Z (Reading database ... 5%
2025-08-23T23:09:28.3671143Z (Reading database ... 10%
2025-08-23T23:09:28.3671445Z (Reading database ... 15%
2025-08-23T23:09:28.3671766Z (Reading database ... 20%
2025-08-23T23:09:28.3672052Z (Reading database ... 25%
2025-08-23T23:09:28.3672338Z (Reading database ... 30%
2025-08-23T23:09:28.3672623Z (Reading database ... 35%
2025-08-23T23:09:28.3672908Z (Reading database ... 40%
2025-08-23T23:09:28.3673190Z (Reading database ... 45%
2025-08-23T23:09:28.3673768Z (Reading database ... 50%
2025-08-23T23:09:28.4440931Z (Reading database ... 55%
2025-08-23T23:09:28.5569726Z (Reading database ... 60%
2025-08-23T23:09:28.8134097Z (Reading database ... 65%
2025-08-23T23:09:29.0324688Z (Reading database ... 70%
2025-08-23T23:09:29.1323953Z (Reading database ... 75%
2025-08-23T23:09:29.4270019Z (Reading database ... 80%
2025-08-23T23:09:30.0083228Z (Reading database ... 85%
2025-08-23T23:09:30.5498102Z (Reading database ... 90%
2025-08-23T23:09:31.0245344Z (Reading database ... 95%
2025-08-23T23:09:31.0245936Z (Reading database ... 100%
2025-08-23T23:09:31.0246615Z (Reading database ... 219830 files and directories currently installed.)
2025-08-23T23:09:31.0294364Z Preparing to unpack .../postgresql_16+257build1.1_all.deb ...
2025-08-23T23:09:31.0335644Z Unpacking postgresql (16+257build1.1) ...
2025-08-23T23:09:31.0727150Z Setting up postgresql (16+257build1.1) ...
2025-08-23T23:09:32.0449867Z 
2025-08-23T23:09:32.0450580Z Running kernel seems to be up-to-date.
2025-08-23T23:09:32.0450955Z 
2025-08-23T23:09:32.0451119Z Restarting services...
2025-08-23T23:09:32.0523138Z 
2025-08-23T23:09:32.0523930Z Service restarts being deferred:
2025-08-23T23:09:32.0525983Z  systemctl restart hosted-compute-agent.service
2025-08-23T23:09:32.0526351Z 
2025-08-23T23:09:32.0526687Z No containers need to be restarted.
2025-08-23T23:09:32.0527112Z 
2025-08-23T23:09:32.0527413Z No user sessions are running outdated binaries.
2025-08-23T23:09:32.0527635Z 
2025-08-23T23:09:32.0527909Z No VM guests are running outdated hypervisor (qemu) binaries on this host.
2025-08-23T23:09:33.0359384Z ##[group]Run for i in {1..30}; do pg_isready -h localhost -p 5432 -U postgres -d awa && break; sleep 1; done
2025-08-23T23:09:33.0360012Z [36;1mfor i in {1..30}; do pg_isready -h localhost -p 5432 -U postgres -d awa && break; sleep 1; done[0m
2025-08-23T23:09:33.0401277Z shell: /usr/bin/bash -e {0}
2025-08-23T23:09:33.0401514Z env:
2025-08-23T23:09:33.0401722Z   REDIS_URL: redis://localhost:6379/0
2025-08-23T23:09:33.0401997Z   RATE_LIMIT_DEFAULT: 100/minute
2025-08-23T23:09:33.0402452Z   TRUST_X_FORWARDED: 1
2025-08-23T23:09:33.0402656Z   PG_USER: postgres
2025-08-23T23:09:33.0402844Z   PG_PASSWORD: pass
2025-08-23T23:09:33.0403029Z   PG_DATABASE: awa
2025-08-23T23:09:33.0403205Z   PG_HOST: localhost
2025-08-23T23:09:33.0403586Z   PG_PORT: 5432
2025-08-23T23:09:33.0404030Z   PG_SYNC_DSN: ***localhost:5432/awa
2025-08-23T23:09:33.0404513Z   PG_ASYNC_DSN: ***localhost:5432/awa
2025-08-23T23:09:33.0404902Z   DATABASE_URL: ***localhost:5432/awa
2025-08-23T23:09:33.0405174Z   DATA_DIR: /tmp/awa-data
2025-08-23T23:09:33.0405380Z   ENABLE_LIVE: 0
2025-08-23T23:09:33.0405553Z   TESTING: 1
2025-08-23T23:09:33.0405796Z   pythonLocation: /opt/hostedtoolcache/Python/3.12.11/x64
2025-08-23T23:09:33.0406199Z   PKG_CONFIG_PATH: /opt/hostedtoolcache/Python/3.12.11/x64/lib/pkgconfig
2025-08-23T23:09:33.0406602Z   Python_ROOT_DIR: /opt/hostedtoolcache/Python/3.12.11/x64
2025-08-23T23:09:33.0406956Z   Python2_ROOT_DIR: /opt/hostedtoolcache/Python/3.12.11/x64
2025-08-23T23:09:33.0407320Z   Python3_ROOT_DIR: /opt/hostedtoolcache/Python/3.12.11/x64
2025-08-23T23:09:33.0407674Z   LD_LIBRARY_PATH: /opt/hostedtoolcache/Python/3.12.11/x64/lib
2025-08-23T23:09:33.0407965Z ##[endgroup]
2025-08-23T23:09:33.1104177Z localhost:5432 - accepting connections
2025-08-23T23:09:33.1137278Z ##[group]Run alembic -c services/api/alembic.ini upgrade head
2025-08-23T23:09:33.1137719Z [36;1malembic -c services/api/alembic.ini upgrade head[0m
2025-08-23T23:09:33.1178949Z shell: /usr/bin/bash -e {0}
2025-08-23T23:09:33.1179183Z env:
2025-08-23T23:09:33.1179387Z   REDIS_URL: redis://localhost:6379/0
2025-08-23T23:09:33.1179654Z   RATE_LIMIT_DEFAULT: 100/minute
2025-08-23T23:09:33.1179883Z   TRUST_X_FORWARDED: 1
2025-08-23T23:09:33.1180075Z   PG_USER: postgres
2025-08-23T23:09:33.1180265Z   PG_PASSWORD: pass
2025-08-23T23:09:33.1180451Z   PG_DATABASE: awa
2025-08-23T23:09:33.1180632Z   PG_HOST: localhost
2025-08-23T23:09:33.1180817Z   PG_PORT: 5432
2025-08-23T23:09:33.1181235Z   PG_SYNC_DSN: ***localhost:5432/awa
2025-08-23T23:09:33.1181658Z   PG_ASYNC_DSN: ***localhost:5432/awa
2025-08-23T23:09:33.1182050Z   DATABASE_URL: ***localhost:5432/awa
2025-08-23T23:09:33.1182286Z   DATA_DIR: /tmp/awa-data
2025-08-23T23:09:33.1182490Z   ENABLE_LIVE: 0
2025-08-23T23:09:33.1182688Z   TESTING: 1
2025-08-23T23:09:33.1182931Z   pythonLocation: /opt/hostedtoolcache/Python/3.12.11/x64
2025-08-23T23:09:33.1183320Z   PKG_CONFIG_PATH: /opt/hostedtoolcache/Python/3.12.11/x64/lib/pkgconfig
2025-08-23T23:09:33.1183939Z   Python_ROOT_DIR: /opt/hostedtoolcache/Python/3.12.11/x64
2025-08-23T23:09:33.1184289Z   Python2_ROOT_DIR: /opt/hostedtoolcache/Python/3.12.11/x64
2025-08-23T23:09:33.1184641Z   Python3_ROOT_DIR: /opt/hostedtoolcache/Python/3.12.11/x64
2025-08-23T23:09:33.1184988Z   LD_LIBRARY_PATH: /opt/hostedtoolcache/Python/3.12.11/x64/lib
2025-08-23T23:09:33.1185292Z   POSTGRES_USER: postgres
2025-08-23T23:09:33.1185515Z   POSTGRES_PASSWORD: pass
2025-08-23T23:09:33.1185717Z   POSTGRES_DB: awa
2025-08-23T23:09:33.1185905Z ##[endgroup]
2025-08-23T23:09:33.9198526Z INFO  [alembic.runtime.migration] Context impl PostgresqlImpl.
2025-08-23T23:09:33.9199422Z INFO  [alembic.runtime.migration] Will assume transactional DDL.
2025-08-23T23:09:33.9416519Z INFO  [alembic.runtime.migration] Running upgrade  -> 0001_baseline
2025-08-23T23:09:33.9573115Z INFO  [alembic.runtime.migration] Running upgrade 0001_baseline -> 0002_create_roi_view
2025-08-23T23:09:33.9601303Z INFO  [alembic.runtime.migration] Running upgrade 0002_create_roi_view -> 3e9d5c5aff2c
2025-08-23T23:09:33.9778683Z INFO  [alembic.runtime.migration] Running upgrade 3e9d5c5aff2c -> 0003_vendor_prices
2025-08-23T23:09:33.9932874Z INFO  [alembic.runtime.migration] Running upgrade 0003_vendor_prices -> 0004_fee_cron
2025-08-23T23:09:34.0010060Z INFO  [alembic.runtime.migration] Running upgrade 0004_fee_cron -> 0006_fix_roi_views
2025-08-23T23:09:34.0044593Z INFO  [alembic.runtime.migration] Running upgrade 0006_fix_roi_views -> 0020_unified_schema
2025-08-23T23:09:34.0189351Z INFO  [alembic.runtime.migration] Running upgrade 0020_unified_schema -> 0022_fix_roi_view
2025-08-23T23:09:34.0266151Z INFO  [alembic.runtime.migration] Running upgrade 0022_fix_roi_view -> 0023_add_storage_fee
2025-08-23T23:09:34.0306006Z INFO  [alembic.runtime.migration] Running upgrade 0023_add_storage_fee -> 0024_create_buybox
2025-08-23T23:09:34.0334789Z INFO  [alembic.runtime.migration] Running upgrade 0024_create_buybox -> 0025_pr4_indexes_loadlog
2025-08-23T23:09:34.0558935Z INFO  [alembic.runtime.migration] Running upgrade 0025_pr4_indexes_loadlog -> 0026_fix_refund_views
2025-08-23T23:09:34.0621162Z INFO  [alembic.runtime.migration] Running upgrade 0025_pr4_indexes_loadlog -> 0026_amazon_new_reports
2025-08-23T23:09:34.0841098Z INFO  [alembic.runtime.migration] Running upgrade 0026_amazon_new_reports, 0026_fix_refund_views -> 0027_merge_reports_refund_heads
2025-08-23T23:09:34.1807110Z ##[group]Run pytest -q --cov=services --cov-report=xml
2025-08-23T23:09:34.1807516Z [36;1mpytest -q --cov=services --cov-report=xml[0m
2025-08-23T23:09:34.1848354Z shell: /usr/bin/bash -e {0}
2025-08-23T23:09:34.1848592Z env:
2025-08-23T23:09:34.1848805Z   REDIS_URL: redis://localhost:6379/0
2025-08-23T23:09:34.1849066Z   RATE_LIMIT_DEFAULT: 100/minute
2025-08-23T23:09:34.1849294Z   TRUST_X_FORWARDED: 1
2025-08-23T23:09:34.1849488Z   PG_USER: postgres
2025-08-23T23:09:34.1849677Z   PG_PASSWORD: pass
2025-08-23T23:09:34.1849864Z   PG_DATABASE: awa
2025-08-23T23:09:34.1850060Z   PG_HOST: localhost
2025-08-23T23:09:34.1850250Z   PG_PORT: 5432
2025-08-23T23:09:34.1850668Z   PG_SYNC_DSN: ***localhost:5432/awa
2025-08-23T23:09:34.1851064Z   PG_ASYNC_DSN: ***localhost:5432/awa
2025-08-23T23:09:34.1851575Z   DATABASE_URL: ***localhost:5432/awa
2025-08-23T23:09:34.1851837Z   DATA_DIR: /home/runner/work/_temp/awa-data
2025-08-23T23:09:34.1852084Z   ENABLE_LIVE: 0
2025-08-23T23:09:34.1852286Z   TESTING: 1
2025-08-23T23:09:34.1852527Z   pythonLocation: /opt/hostedtoolcache/Python/3.12.11/x64
2025-08-23T23:09:34.1852922Z   PKG_CONFIG_PATH: /opt/hostedtoolcache/Python/3.12.11/x64/lib/pkgconfig
2025-08-23T23:09:34.1853308Z   Python_ROOT_DIR: /opt/hostedtoolcache/Python/3.12.11/x64
2025-08-23T23:09:34.1853879Z   Python2_ROOT_DIR: /opt/hostedtoolcache/Python/3.12.11/x64
2025-08-23T23:09:34.1854234Z   Python3_ROOT_DIR: /opt/hostedtoolcache/Python/3.12.11/x64
2025-08-23T23:09:34.1854584Z   LD_LIBRARY_PATH: /opt/hostedtoolcache/Python/3.12.11/x64/lib
2025-08-23T23:09:34.1854891Z   POSTGRES_USER: postgres
2025-08-23T23:09:34.1855111Z   POSTGRES_PASSWORD: pass
2025-08-23T23:09:34.1855310Z   POSTGRES_DB: awa
2025-08-23T23:09:34.1855489Z   LLM_PROVIDER: lan
2025-08-23T23:09:34.1855699Z   LLM_BASE_URL: http://localhost:8000
2025-08-23T23:09:34.1855939Z ##[endgroup]
2025-08-23T23:10:06.3621007Z ........s.............................sssssss........................... [ 41%]
2025-08-23T23:10:38.3508178Z ........................................................................ [ 83%]
2025-08-23T23:10:39.7656381Z .............................                                            [100%]
2025-08-23T23:10:39.7657490Z =============================== warnings summary ===============================
2025-08-23T23:10:39.7659357Z ../../../../../opt/hostedtoolcache/Python/3.12.11/x64/lib/python3.12/site-packages/pydantic/fields.py:1093
2025-08-23T23:10:39.7664418Z   /opt/hostedtoolcache/Python/3.12.11/x64/lib/python3.12/site-packages/pydantic/fields.py:1093: PydanticDeprecatedSince20: Using extra keyword arguments on `Field` is deprecated and will be removed. Use `json_schema_extra` instead. (Extra keys: 'strip_whitespace'). Deprecated in Pydantic V2.0 to be removed in V3.0. See Pydantic V2 Migration Guide at https://errors.pydantic.dev/2.11/migration/
2025-08-23T23:10:39.7666619Z     warn(
2025-08-23T23:10:39.7666760Z 
2025-08-23T23:10:39.7667132Z services/alert_bot/tests/test_smoke.py:5
2025-08-23T23:10:39.7668896Z   /home/runner/work/AWA-App/AWA-App/services/alert_bot/tests/test_smoke.py:5: UserWarning: pkg_resources is deprecated as an API. See https://setuptools.pypa.io/en/latest/pkg_resources.html. The pkg_resources package is slated for removal as early as 2025-11-30. Refrain from using this package or pin to Setuptools<81.
2025-08-23T23:10:39.7670694Z     import pkg_resources  # noqa: F401
2025-08-23T23:10:39.7670991Z 
2025-08-23T23:10:39.7671275Z tests/api/test_ingest_endpoints.py: 12 warnings
2025-08-23T23:10:39.7671795Z tests/ingest/test_tasks_eager.py: 3 warnings
2025-08-23T23:10:39.7672301Z tests/test_api_fast.py: 1 warning
2025-08-23T23:10:39.7672719Z tests/test_health.py: 5 warnings
2025-08-23T23:10:39.7673267Z tests/test_smoke.py: 5 warnings
2025-08-23T23:10:39.7674033Z services/api/tests/test_cors.py: 1 warning
2025-08-23T23:10:39.7674576Z services/api/tests/test_errors_json.py: 2 warnings
2025-08-23T23:10:39.7675099Z services/api/tests/test_health.py: 1 warning
2025-08-23T23:10:39.7675913Z services/api/tests/test_rate_limit.py: 122 warnings
2025-08-23T23:10:39.7676489Z services/api/tests/test_roi_basic_auth.py: 4 warnings
2025-08-23T23:10:39.7677040Z services/api/tests/test_sentry_event.py: 1 warning
2025-08-23T23:10:39.7677662Z services/api/tests/test_stats_contracts.py: 3 warnings
2025-08-23T23:10:39.7678187Z services/api/tests/test_stats_future_contracts.py: 3 warnings
2025-08-23T23:10:39.7679861Z   /opt/hostedtoolcache/Python/3.12.11/x64/lib/python3.12/site-packages/asgi_correlation_id/extensions/sentry.py:27: DeprecationWarning: sentry_sdk.configure_scope is deprecated and will be removed in the next major version. Please consult our migration guide to learn how to migrate to the new API: https://docs.sentry.io/platforms/python/migration/1.x-to-2.x#scope-configuring
2025-08-23T23:10:39.7681450Z     with configure_scope() as scope:
2025-08-23T23:10:39.7681651Z 
2025-08-23T23:10:39.7681883Z tests/api/test_ingest_endpoints.py: 3 warnings
2025-08-23T23:10:39.7682343Z tests/test_api_fast.py: 1 warning
2025-08-23T23:10:39.7682725Z tests/test_health.py: 5 warnings
2025-08-23T23:10:39.7683075Z tests/test_smoke.py: 5 warnings
2025-08-23T23:10:39.7683857Z services/api/tests/test_cors.py: 3 warnings
2025-08-23T23:10:39.7684341Z services/api/tests/test_errors_json.py: 2 warnings
2025-08-23T23:10:39.7684738Z services/api/tests/test_health.py: 1 warning
2025-08-23T23:10:39.7685262Z services/api/tests/test_rate_limit.py: 2 warnings
2025-08-23T23:10:39.7685719Z services/api/tests/test_sentry_event.py: 1 warning
2025-08-23T23:10:39.7686256Z services/api/tests/test_stats_contracts.py: 3 warnings
2025-08-23T23:10:39.7686795Z services/api/tests/test_stats_future_contracts.py: 1 warning
2025-08-23T23:10:39.7687829Z   /opt/hostedtoolcache/Python/3.12.11/x64/lib/python3.12/site-packages/fastapi_limiter/__init__.py:89: DeprecationWarning: Call to deprecated close. (Use aclose() instead) -- Deprecated since version 5.0.1.
2025-08-23T23:10:39.7688724Z     await cls.redis.close()
2025-08-23T23:10:39.7688934Z 
2025-08-23T23:10:39.7689168Z tests/test_api_fast.py::test_health_endpoint
2025-08-23T23:10:39.7690344Z   /home/runner/work/AWA-App/AWA-App/tests/test_api_fast.py:13: DeprecationWarning: datetime.datetime.utcnow() is deprecated and scheduled for removal in a future version. Use timezone-aware objects to represent datetimes in UTC: datetime.datetime.now(datetime.UTC).
2025-08-23T23:10:39.7691526Z     return datetime.datetime.utcnow()
2025-08-23T23:10:39.7691764Z 
2025-08-23T23:10:39.7691923Z tests/test_api_fast.py: 1 warning
2025-08-23T23:10:39.7692324Z tests/test_health.py: 5 warnings
2025-08-23T23:10:39.7692702Z tests/test_smoke.py: 5 warnings
2025-08-23T23:10:39.7693090Z services/api/tests/test_cors.py: 1 warning
2025-08-23T23:10:39.7694138Z Sentry is attempting to send 0 pending events
2025-08-23T23:10:39.7694554Z Waiting up to True seconds
2025-08-23T23:10:39.7694919Z Press Ctrl-C to quit
2025-08-23T23:10:39.7695313Z services/api/tests/test_health.py: 1 warning
2025-08-23T23:10:39.7695800Z services/api/tests/test_rate_limit.py: 102 warnings
2025-08-23T23:10:39.7697105Z   /home/runner/work/AWA-App/AWA-App/services/api/routes/health.py:24: DeprecationWarning: datetime.datetime.utcnow() is deprecated and scheduled for removal in a future version. Use timezone-aware objects to represent datetimes in UTC: datetime.datetime.now(datetime.UTC).
2025-08-23T23:10:39.7698486Z     app_now = datetime.utcnow().replace(tzinfo=timezone.utc)
2025-08-23T23:10:39.7698743Z 
2025-08-23T23:10:39.7698950Z tests/test_health.py::test_health[0]
2025-08-23T23:10:39.7699429Z tests/test_health.py::test_health[1]
2025-08-23T23:10:39.7699841Z tests/test_health.py::test_health[2]
2025-08-23T23:10:39.7700249Z tests/test_health.py::test_health[3]
2025-08-23T23:10:39.7700608Z tests/test_health.py::test_health[4]
2025-08-23T23:10:39.7701887Z   /home/runner/work/AWA-App/AWA-App/tests/test_health.py:22: DeprecationWarning: datetime.datetime.utcnow() is deprecated and scheduled for removal in a future version. Use timezone-aware objects to represent datetimes in UTC: datetime.datetime.now(datetime.UTC).
2025-08-23T23:10:39.7703000Z     return datetime.datetime.utcnow()
2025-08-23T23:10:39.7703256Z 
2025-08-23T23:10:39.7703778Z tests/test_smoke.py::test_health[0]
2025-08-23T23:10:39.7704200Z tests/test_smoke.py::test_health[1]
2025-08-23T23:10:39.7704643Z tests/test_smoke.py::test_health[2]
2025-08-23T23:10:39.7705017Z tests/test_smoke.py::test_health[3]
2025-08-23T23:10:39.7705375Z tests/test_smoke.py::test_health[4]
2025-08-23T23:10:39.7706607Z   /home/runner/work/AWA-App/AWA-App/tests/test_smoke.py:32: DeprecationWarning: datetime.datetime.utcnow() is deprecated and scheduled for removal in a future version. Use timezone-aware objects to represent datetimes in UTC: datetime.datetime.now(datetime.UTC).
2025-08-23T23:10:39.7707703Z     return datetime.datetime.utcnow()
2025-08-23T23:10:39.7707956Z 
2025-08-23T23:10:39.7708282Z services/api/tests/test_cors.py::test_cors_simple_get_allowed
2025-08-23T23:10:39.7709590Z   /home/runner/work/AWA-App/AWA-App/services/api/tests/test_cors.py:27: DeprecationWarning: datetime.datetime.utcnow() is deprecated and scheduled for removal in a future version. Use timezone-aware objects to represent datetimes in UTC: datetime.datetime.now(datetime.UTC).
2025-08-23T23:10:39.7710689Z     return datetime.datetime.utcnow()
2025-08-23T23:10:39.7710951Z 
2025-08-23T23:10:39.7711184Z services/api/tests/test_health.py::test_health_route
2025-08-23T23:10:39.7712463Z   /home/runner/work/AWA-App/AWA-App/services/api/tests/test_health.py:14: DeprecationWarning: datetime.datetime.utcnow() is deprecated and scheduled for removal in a future version. Use timezone-aware objects to represent datetimes in UTC: datetime.datetime.now(datetime.UTC).
2025-08-23T23:10:39.7713680Z     return datetime.datetime.utcnow()
2025-08-23T23:10:39.7713981Z 
2025-08-23T23:10:39.7714189Z services/api/tests/test_rate_limit.py: 102 warnings
2025-08-23T23:10:39.7715459Z   /home/runner/work/AWA-App/AWA-App/services/api/tests/test_rate_limit.py:33: DeprecationWarning: datetime.datetime.utcnow() is deprecated and scheduled for removal in a future version. Use timezone-aware objects to represent datetimes in UTC: datetime.datetime.now(datetime.UTC).
2025-08-23T23:10:39.7716611Z     return datetime.datetime.utcnow()
2025-08-23T23:10:39.7716903Z 
2025-08-23T23:10:39.7717265Z services/api/tests/test_sentry_event.py::test_unhandled_exception_is_captured_and_tagged
2025-08-23T23:10:39.7718839Z   /home/runner/work/AWA-App/AWA-App/services/api/tests/test_sentry_event.py:47: SentryHubDeprecationWarning: `sentry_sdk.Hub` is deprecated and will be removed in a future major release. Please consult our 1.x to 2.x migration guide for details on how to migrate `Hub` usage to the new API: https://docs.sentry.io/platforms/python/migration/1.x-to-2.x
2025-08-23T23:10:39.7720196Z     hub = sentry_sdk.Hub.current
2025-08-23T23:10:39.7720381Z 
2025-08-23T23:10:39.7720714Z -- Docs: https://docs.pytest.org/en/stable/how-to/capture-warnings.html
2025-08-23T23:10:39.7721232Z ================================ tests coverage ================================
2025-08-23T23:10:39.7721883Z _______________ coverage: platform linux, python 3.12.11-final-0 _______________
2025-08-23T23:10:39.7722418Z 
2025-08-23T23:10:39.7722601Z Coverage XML written to file coverage.xml
2025-08-23T23:10:40.3145184Z ##[group]Run echo "::group::postgres container logs"
2025-08-23T23:10:40.3145710Z [36;1mecho "::group::postgres container logs"[0m
2025-08-23T23:10:40.3146339Z [36;1mdocker logs 9555f8f4c1dc8c8c19ac1a87db93b5fcbbb63e944326434fe190a1d99d755658 --tail 200[0m
2025-08-23T23:10:40.3146887Z [36;1mecho "::endgroup::"[0m
2025-08-23T23:10:40.3188982Z shell: /usr/bin/bash -e {0}
2025-08-23T23:10:40.3189272Z env:
2025-08-23T23:10:40.3189640Z   REDIS_URL: redis://localhost:6379/0
2025-08-23T23:10:40.3190021Z   RATE_LIMIT_DEFAULT: 100/minute
2025-08-23T23:10:40.3190349Z   TRUST_X_FORWARDED: 1
2025-08-23T23:10:40.3190730Z   PG_USER: postgres
2025-08-23T23:10:40.3191031Z   PG_PASSWORD: pass
2025-08-23T23:10:40.3191279Z   PG_DATABASE: awa
2025-08-23T23:10:40.3191609Z   PG_HOST: localhost
2025-08-23T23:10:40.3191893Z   PG_PORT: 5432
2025-08-23T23:10:40.3192480Z   PG_SYNC_DSN: ***localhost:5432/awa
2025-08-23T23:10:40.3193052Z   PG_ASYNC_DSN: ***localhost:5432/awa
2025-08-23T23:10:40.3194009Z   DATABASE_URL: ***localhost:5432/awa
2025-08-23T23:10:40.3194359Z   DATA_DIR: /tmp/awa-data
2025-08-23T23:10:40.3194658Z   ENABLE_LIVE: 0
2025-08-23T23:10:40.3194847Z   TESTING: 1
2025-08-23T23:10:40.3195085Z   pythonLocation: /opt/hostedtoolcache/Python/3.12.11/x64
2025-08-23T23:10:40.3195476Z   PKG_CONFIG_PATH: /opt/hostedtoolcache/Python/3.12.11/x64/lib/pkgconfig
2025-08-23T23:10:40.3195855Z   Python_ROOT_DIR: /opt/hostedtoolcache/Python/3.12.11/x64
2025-08-23T23:10:40.3196200Z   Python2_ROOT_DIR: /opt/hostedtoolcache/Python/3.12.11/x64
2025-08-23T23:10:40.3196540Z   Python3_ROOT_DIR: /opt/hostedtoolcache/Python/3.12.11/x64
2025-08-23T23:10:40.3196888Z   LD_LIBRARY_PATH: /opt/hostedtoolcache/Python/3.12.11/x64/lib
2025-08-23T23:10:40.3197173Z ##[endgroup]
2025-08-23T23:10:40.3258074Z ##[group]postgres container logs
2025-08-23T23:10:40.3381254Z initdb: warning: enabling "trust" authentication for local connections
2025-08-23T23:10:40.3382345Z The files belonging to this database system will be owned by user "postgres".
2025-08-23T23:10:40.3383928Z initdb: hint: You can change this by editing pg_hba.conf or using the option -A, or --auth-local and --auth-host, the next time you run initdb.
2025-08-23T23:10:40.3385691Z 2025-08-23 23:07:55.386 UTC [1] LOG:  starting PostgreSQL 15.14 (Debian 15.14-1.pgdg13+1) on x86_64-pc-linux-gnu, compiled by gcc (Debian 14.2.0-19) 14.2.0, 64-bit
2025-08-23T23:10:40.3386471Z 2025-08-23 23:07:55.386 UTC [1] LOG:  listening on IPv4 address "0.0.0.0", port 5432
2025-08-23T23:10:40.3387025Z 2025-08-23 23:07:55.386 UTC [1] LOG:  listening on IPv6 address "::", port 5432
2025-08-23T23:10:40.3387591Z 2025-08-23 23:07:55.387 UTC [1] LOG:  listening on Unix socket "/var/run/postgresql/.s.PGSQL.5432"
2025-08-23T23:10:40.3388198Z 2025-08-23 23:07:55.390 UTC [64] LOG:  database system was shut down at 2025-08-23 23:07:55 UTC
2025-08-23T23:10:40.3388732Z 2025-08-23 23:07:55.394 UTC [1] LOG:  database system is ready to accept connections
2025-08-23T23:10:40.3389188Z This user must also own the server process.
2025-08-23T23:10:40.3389373Z 
2025-08-23T23:10:40.3389625Z The database cluster will be initialized with locale "en_US.utf8".
2025-08-23T23:10:40.3390111Z The default database encoding has accordingly been set to "UTF8".
2025-08-23T23:10:40.3390560Z The default text search configuration will be set to "english".
2025-08-23T23:10:40.3390798Z 
2025-08-23T23:10:40.3390937Z Data page checksums are disabled.
2025-08-23T23:10:40.3391100Z 
2025-08-23T23:10:40.3391364Z fixing permissions on existing directory /var/lib/postgresql/data ... ok
2025-08-23T23:10:40.3391759Z creating subdirectories ... ok
2025-08-23T23:10:40.3392108Z selecting dynamic shared memory implementation ... posix
2025-08-23T23:10:40.3392600Z selecting default max_connections ... 100
2025-08-23T23:10:40.3393059Z selecting default shared_buffers ... 128MB
2025-08-23T23:10:40.3393570Z selecting default time zone ... Etc/UTC
2025-08-23T23:10:40.3394502Z creating configuration files ... ok
2025-08-23T23:10:40.3395131Z running bootstrap script ... ok
2025-08-23T23:10:40.3395492Z performing post-bootstrap initialization ... ok
2025-08-23T23:10:40.3395901Z syncing data to disk ... ok
2025-08-23T23:10:40.3396349Z 
2025-08-23T23:10:40.3396359Z 
2025-08-23T23:10:40.3396712Z Success. You can now start the database server using:
2025-08-23T23:10:40.3397075Z 
2025-08-23T23:10:40.3397345Z     pg_ctl -D /var/lib/postgresql/data -l logfile start
2025-08-23T23:10:40.3397696Z 
2025-08-23T23:10:40.3398396Z waiting for server to start....2025-08-23 23:07:55.076 UTC [48] LOG:  starting PostgreSQL 15.14 (Debian 15.14-1.pgdg13+1) on x86_64-pc-linux-gnu, compiled by gcc (Debian 14.2.0-19) 14.2.0, 64-bit
2025-08-23T23:10:40.3399261Z 2025-08-23 23:07:55.076 UTC [48] LOG:  listening on Unix socket "/var/run/postgresql/.s.PGSQL.5432"
2025-08-23T23:10:40.3399864Z 2025-08-23 23:07:55.080 UTC [51] LOG:  database system was shut down at 2025-08-23 23:07:54 UTC
2025-08-23T23:10:40.3400417Z 2025-08-23 23:07:55.083 UTC [48] LOG:  database system is ready to accept connections
2025-08-23T23:10:40.3400741Z  done
2025-08-23T23:10:40.3400908Z server started
2025-08-23T23:10:40.3401088Z CREATE DATABASE
2025-08-23T23:10:40.3401200Z 
2025-08-23T23:10:40.3401207Z 
2025-08-23T23:10:40.3401504Z /usr/local/bin/docker-entrypoint.sh: ignoring /docker-entrypoint-initdb.d/*
2025-08-23T23:10:40.3401804Z 
2025-08-23T23:10:40.3402029Z 2025-08-23 23:07:55.265 UTC [48] LOG:  received fast shutdown request
2025-08-23T23:10:40.3402600Z waiting for server to shut down....2025-08-23 23:07:55.266 UTC [48] LOG:  aborting any active transactions
2025-08-23T23:10:40.3403313Z 2025-08-23 23:07:55.268 UTC [48] LOG:  background worker "logical replication launcher" (PID 54) exited with exit code 1
2025-08-23T23:10:40.3404140Z 2025-08-23 23:07:55.268 UTC [49] LOG:  shutting down
2025-08-23T23:10:40.3404583Z 2025-08-23 23:07:55.270 UTC [49] LOG:  checkpoint starting: shutdown immediate
2025-08-23T23:10:40.3405682Z 2025-08-23 23:07:55.289 UTC [49] LOG:  checkpoint complete: wrote 922 buffers (5.6%); 0 WAL file(s) added, 0 removed, 0 recycled; write=0.015 s, sync=0.003 s, total=0.021 s; sync files=301, longest=0.001 s, average=0.001 s; distance=4239 kB, estimate=4239 kB
2025-08-23T23:10:40.3406565Z 2025-08-23 23:07:55.295 UTC [48] LOG:  database system is shut down
2025-08-23T23:10:40.3406857Z  done
2025-08-23T23:10:40.3407027Z server stopped
2025-08-23T23:10:40.3407137Z 
2025-08-23T23:10:40.3407332Z PostgreSQL init process complete; ready for start up.
2025-08-23T23:10:40.3407543Z 
2025-08-23T23:10:40.3407858Z ##[endgroup]
2025-08-23T23:10:40.3447060Z Post job cleanup.
2025-08-23T23:10:40.5624799Z Post job cleanup.
2025-08-23T23:10:40.6926223Z Cache hit occurred on the primary key Linux-test-cc13ccef493b9f3a93ad5651164d9fb09282c1111f6f72ce20e0657de16de6b4, not saving cache.
2025-08-23T23:10:40.7011640Z Post job cleanup.
2025-08-23T23:10:40.8538338Z Cache hit occurred on the primary key setup-python-Linux-x64-24.04-Ubuntu-python-3.12.11-pip-b5b6d1c49e5c2b3f48d0c0d757e5ca86260a9628cadb47cfb996cbe1a8fdf115, not saving cache.
2025-08-23T23:10:40.8657612Z Post job cleanup.
2025-08-23T23:10:40.9450748Z [command]/usr/bin/git version
2025-08-23T23:10:40.9489731Z git version 2.51.0
2025-08-23T23:10:40.9526726Z Temporarily overriding HOME='/home/runner/work/_temp/c42dfbd9-9542-4145-810e-048b4f97eec8' before making global git config changes
2025-08-23T23:10:40.9528715Z Adding repository directory to the temporary git global config as a safe directory
2025-08-23T23:10:40.9532215Z [command]/usr/bin/git config --global --add safe.directory /home/runner/work/AWA-App/AWA-App
2025-08-23T23:10:40.9568790Z [command]/usr/bin/git config --local --name-only --get-regexp core\.sshCommand
2025-08-23T23:10:40.9603888Z [command]/usr/bin/git submodule foreach --recursive sh -c "git config --local --name-only --get-regexp 'core\.sshCommand' && git config --local --unset-all 'core.sshCommand' || :"
2025-08-23T23:10:40.9839893Z [command]/usr/bin/git config --local --name-only --get-regexp http\.https\:\/\/github\.com\/\.extraheader
2025-08-23T23:10:40.9864593Z http.https://github.com/.extraheader
2025-08-23T23:10:40.9875384Z [command]/usr/bin/git config --local --unset-all http.https://github.com/.extraheader
2025-08-23T23:10:40.9909606Z [command]/usr/bin/git submodule foreach --recursive sh -c "git config --local --name-only --get-regexp 'http\.https\:\/\/github\.com\/\.extraheader' && git config --local --unset-all 'http.https://github.com/.extraheader' || :"
2025-08-23T23:10:41.0235738Z Print service container logs: 50fa83f32ac74899878a975fccf44285_postgres15_4703bf
2025-08-23T23:10:41.0240349Z ##[command]/usr/bin/docker logs --details 9555f8f4c1dc8c8c19ac1a87db93b5fcbbb63e944326434fe190a1d99d755658
2025-08-23T23:10:41.0417541Z  The files belonging to this database system will be owned by user "postgres".
2025-08-23T23:10:41.0420200Z  initdb: warning: enabling "trust" authentication for local connections
2025-08-23T23:10:41.0421343Z  initdb: hint: You can change this by editing pg_hba.conf or using the option -A, or --auth-local and --auth-host, the next time you run initdb.
2025-08-23T23:10:41.0422328Z  This user must also own the server process.
2025-08-23T23:10:41.0422777Z  
2025-08-23T23:10:41.0423218Z  The database cluster will be initialized with locale "en_US.utf8".
2025-08-23T23:10:41.0424214Z  The default database encoding has accordingly been set to "UTF8".
2025-08-23T23:10:41.0424912Z  The default text search configuration will be set to "english".
2025-08-23T23:10:41.0425502Z  
2025-08-23T23:10:41.0425802Z  Data page checksums are disabled.
2025-08-23T23:10:41.0426205Z  
2025-08-23T23:10:41.0426662Z  fixing permissions on existing directory /var/lib/postgresql/data ... ok
2025-08-23T23:10:41.0427185Z  creating subdirectories ... ok
2025-08-23T23:10:41.0427510Z  selecting dynamic shared memory implementation ... posix
2025-08-23T23:10:41.0427868Z  selecting default max_connections ... 100
2025-08-23T23:10:41.0428165Z  selecting default shared_buffers ... 128MB
2025-08-23T23:10:41.0428473Z  selecting default time zone ... Etc/UTC
2025-08-23T23:10:41.0428763Z  creating configuration files ... ok
2025-08-23T23:10:41.0429039Z  running bootstrap script ... ok
2025-08-23T23:10:41.0429337Z  performing post-bootstrap initialization ... ok
2025-08-23T23:10:41.0429645Z  syncing data to disk ... ok
2025-08-23T23:10:41.0429871Z  
2025-08-23T23:10:41.0430033Z  
2025-08-23T23:10:41.0430259Z  Success. You can now start the database server using:
2025-08-23T23:10:41.0430562Z  
2025-08-23T23:10:41.0430785Z      pg_ctl -D /var/lib/postgresql/data -l logfile start
2025-08-23T23:10:41.0431068Z  
2025-08-23T23:10:41.0431623Z  waiting for server to start....2025-08-23 23:07:55.076 UTC [48] LOG:  starting PostgreSQL 15.14 (Debian 15.14-1.pgdg13+1) on x86_64-pc-linux-gnu, compiled by gcc (Debian 14.2.0-19) 14.2.0, 64-bit
2025-08-23T23:10:41.0432372Z  2025-08-23 23:07:55.076 UTC [48] LOG:  listening on Unix socket "/var/run/postgresql/.s.PGSQL.5432"
2025-08-23T23:10:41.0432862Z  2025-08-23 23:07:55.080 UTC [51] LOG:  database system was shut down at 2025-08-23 23:07:54 UTC
2025-08-23T23:10:41.0433303Z  2025-08-23 23:07:55.083 UTC [48] LOG:  database system is ready to accept connections
2025-08-23T23:10:41.0433881Z   done
2025-08-23T23:10:41.0434043Z  server started
2025-08-23T23:10:41.0434223Z  CREATE DATABASE
2025-08-23T23:10:41.0434391Z  
2025-08-23T23:10:41.0434528Z  
2025-08-23T23:10:41.0434818Z  /usr/local/bin/docker-entrypoint.sh: ignoring /docker-entrypoint-initdb.d/*
2025-08-23T23:10:41.0435187Z  
2025-08-23T23:10:41.0435408Z  2025-08-23 23:07:55.265 UTC [48] LOG:  received fast shutdown request
2025-08-23T23:10:41.0435862Z  waiting for server to shut down....2025-08-23 23:07:55.266 UTC [48] LOG:  aborting any active transactions
2025-08-23T23:10:41.0436454Z  2025-08-23 23:07:55.268 UTC [48] LOG:  background worker "logical replication launcher" (PID 54) exited with exit code 1
2025-08-23T23:10:41.0436915Z  2025-08-23 23:07:55.268 UTC [49] LOG:  shutting down
2025-08-23T23:10:41.0437568Z  2025-08-23 23:07:55.270 UTC [49] LOG:  checkpoint starting: shutdown immediate
2025-08-23T23:10:41.0438814Z  2025-08-23 23:07:55.289 UTC [49] LOG:  checkpoint complete: wrote 922 buffers (5.6%); 0 WAL file(s) added, 0 removed, 0 recycled; write=0.015 s, sync=0.003 s, total=0.021 s; sync files=301, longest=0.001 s, average=0.001 s; distance=4239 kB, estimate=4239 kB
2025-08-23T23:10:41.0440176Z  2025-08-23 23:07:55.295 UTC [48] LOG:  database system is shut down
2025-08-23T23:10:41.0440768Z   done
2025-08-23T23:10:41.0440943Z  server stopped
2025-08-23T23:10:41.0441109Z  
2025-08-23T23:10:41.0441323Z  PostgreSQL init process complete; ready for start up.
2025-08-23T23:10:41.0441591Z  
2025-08-23T23:10:41.0442053Z  2025-08-23 23:07:55.386 UTC [1] LOG:  starting PostgreSQL 15.14 (Debian 15.14-1.pgdg13+1) on x86_64-pc-linux-gnu, compiled by gcc (Debian 14.2.0-19) 14.2.0, 64-bit
2025-08-23T23:10:41.0442655Z  2025-08-23 23:07:55.386 UTC [1] LOG:  listening on IPv4 address "0.0.0.0", port 5432
2025-08-23T23:10:41.0443073Z  2025-08-23 23:07:55.386 UTC [1] LOG:  listening on IPv6 address "::", port 5432
2025-08-23T23:10:41.0443805Z  2025-08-23 23:07:55.387 UTC [1] LOG:  listening on Unix socket "/var/run/postgresql/.s.PGSQL.5432"
2025-08-23T23:10:41.0444310Z  2025-08-23 23:07:55.390 UTC [64] LOG:  database system was shut down at 2025-08-23 23:07:55 UTC
2025-08-23T23:10:41.0444755Z  2025-08-23 23:07:55.394 UTC [1] LOG:  database system is ready to accept connections
2025-08-23T23:10:41.0450663Z Stop and remove container: 50fa83f32ac74899878a975fccf44285_postgres15_4703bf
2025-08-23T23:10:41.0455855Z ##[command]/usr/bin/docker rm --force 9555f8f4c1dc8c8c19ac1a87db93b5fcbbb63e944326434fe190a1d99d755658
2025-08-23T23:10:41.1708067Z 9555f8f4c1dc8c8c19ac1a87db93b5fcbbb63e944326434fe190a1d99d755658
2025-08-23T23:10:41.1734494Z Print service container logs: 836f6130aea44dfa8b74d7c6fca2a90e_redis7alpine_e6962b
2025-08-23T23:10:41.1735632Z ##[command]/usr/bin/docker logs --details 0a9e2d6597544fe1d554c9b33aece2a244a811ce29718447c7e69ce1fcea8885
2025-08-23T23:10:41.1855980Z  1:C 23 Aug 2025 23:07:57.696 # WARNING Memory overcommit must be enabled! Without it, a background save or replication may fail under low memory condition. Being disabled, it can also cause failures without low memory condition, see https://github.com/jemalloc/jemalloc/issues/1328. To fix this issue add 'vm.overcommit_memory = 1' to /etc/sysctl.conf and then reboot or run the command 'sysctl vm.overcommit_memory=1' for this to take effect.
2025-08-23T23:10:41.1858138Z  1:C 23 Aug 2025 23:07:57.696 * oO0OoO0OoO0Oo Redis is starting oO0OoO0OoO0Oo
2025-08-23T23:10:41.1858661Z  1:C 23 Aug 2025 23:07:57.696 * Redis version=7.4.5, bits=64, commit=00000000, modified=0, pid=1, just started
2025-08-23T23:10:41.1859373Z  1:C 23 Aug 2025 23:07:57.696 # Warning: no config file specified, using the default config. In order to specify a config file use redis-server /path/to/redis.conf
2025-08-23T23:10:41.1859986Z  1:M 23 Aug 2025 23:07:57.696 * monotonic clock: POSIX clock_gettime
2025-08-23T23:10:41.1860356Z  1:M 23 Aug 2025 23:07:57.697 * Running mode=standalone, port=6379.
2025-08-23T23:10:41.1860673Z  1:M 23 Aug 2025 23:07:57.697 * Server initialized
2025-08-23T23:10:41.1860977Z  1:M 23 Aug 2025 23:07:57.697 * Ready to accept connections tcp
2025-08-23T23:10:41.1869154Z Stop and remove container: 836f6130aea44dfa8b74d7c6fca2a90e_redis7alpine_e6962b
2025-08-23T23:10:41.1869924Z ##[command]/usr/bin/docker rm --force 0a9e2d6597544fe1d554c9b33aece2a244a811ce29718447c7e69ce1fcea8885
2025-08-23T23:10:41.2967776Z 0a9e2d6597544fe1d554c9b33aece2a244a811ce29718447c7e69ce1fcea8885
2025-08-23T23:10:41.2990616Z Remove container network: github_network_a3b4ddace530407c98f834d26751ea65
2025-08-23T23:10:41.2995704Z ##[command]/usr/bin/docker network rm github_network_a3b4ddace530407c98f834d26751ea65
2025-08-23T23:10:41.4372155Z github_network_a3b4ddace530407c98f834d26751ea65
2025-08-23T23:10:41.4432803Z Cleaning up orphan processes
